[2026-02-16 23:42:15] 紫裳酱: 四区兄弟
[2026-02-16 23:42:15] 老电工的正极: 唐家四少
[2026-02-16 23:42:15] 迷你世界丁真学姐1: 可是宗主也很厉害啊🥺
[2026-02-16 23:42:22] emmmm452: 啊啊啊啊啊啊啊啊啊啊啊啊啊啊啊姐妹们一起涨潮了！！！！
[2026-02-16 23:42:22] 好想说话马上15级了: 这四个加起来比不过宗主一根
[2026-02-16 23:42:22] Vitality的Eminem本人: 可是宗主也很厉害啊🥺
[2026-02-16 23:42:23] 贾诩学好EU4: 四区兄弟
[2026-02-16 23:42:23] MSK枫: 可是宗主也很厉害啊🥺
[2026-02-16 23:42:23] 郑哲伟的小萎萎: 啊啊啊啊啊啊啊啊啊啊啊啊啊啊啊姐妹们一起涨潮了！！！！
[2026-02-16 23:42:23] Defianet: 不是马年吗 怎么上来四个鸭子
[2026-02-16 23:42:23] 一条开心的鱼: 可是宗主也很厉害啊🥺
[2026-02-16 23:42:23] 海绵宝宝dinner: 可是宗主也很厉害啊🥺
[2026-02-16 23:42:23] 天魔外道y: 四区兄弟
[2026-02-16 23:42:23] 用户78516061: 啊啊啊啊啊啊啊啊啊啊啊啊啊啊啊啊啊啊啊
[2026-02-16 23:42:23] c9的Stewie2k本人0: 四区兄弟
[2026-02-16 23:42:24] Nightmare2517: 宗美能不能也啊一下展示一下实力？
[2026-02-16 23:42:24] RamessesII64177: 难忘今宵的比赛什么时候开
[2026-02-16 23:42:24] 好姐妹柳如烟: 啊啊啊啊啊啊啊啊啊啊啊啊啊啊啊啊啊
[2026-02-16 23:42:24] 魔男的夜宴: 弹幕在啊什么我还以为宗主上春碗了
[2026-02-16 23:42:25] 好兄弟吉姆哈克: 看了半天了还得是洋人的新鲜玩意儿好看
[2026-02-16 23:42:25] 郑哲伟的小萎萎: 啊啊啊啊啊啊啊啊啊啊啊啊啊啊啊姐妹们一起涨潮了！！！！
[2026-02-16 23:42:25] 玩猫娘、planecup: 可是宗主也很厉害啊🥺
[2026-02-16 23:42:25] 璃月七星的刻晴本人: 不如真拉四匹马上来
[2026-02-16 23:42:25] 喃妈来俺可没抽: 可是宗主也很厉害啊🥺
[2026-02-16 23:42:25] 老师我吃汉堡: 可是伟伟尿酸也很高啊🥹
[2026-02-16 23:42:26] 鲜血与暗影铸造的家伙: 可是宗主也很厉害啊🥺
[2026-02-16 23:42:26] 爱遛冰的火焰鼠: 小蜜蜂没人用mp7吗？
[2026-02-16 23:42:26] 玩机箱丶迪克: 啊啊啊啊啊啊啊啊啊啊啊啊啊啊啊姐妹们一起涨潮了！！！！
[2026-02-16 23:42:26] 爱道冠: 可是宗主也很厉害啊🥺
[2026-02-16 23:42:26] 我喜欢你喜欢我呀: 可是宗主也很厉害啊🥺
[2026-02-16 23:42:26] 常磐台的Railgun本人: 啊啊啊啊啊啊啊啊啊啊啊啊啊啊啊姐妹们一起涨潮了！！！！
[2026-02-16 23:42:26] 天魔外道y: 四区兄弟
[2026-02-16 23:42:26] 一夜枫529: 可是宗主也很厉害啊🥺
[2026-02-16 23:42:26] 用户6235382488: 啊啊啊啊啊啊啊啊啊啊啊啊啊啊啊姐妹们一起涨潮了！！！！
[2026-02-16 23:42:27] 郑哲伟的小萎萎: 啊啊啊啊啊啊啊啊啊啊啊啊啊啊啊姐妹们一起涨潮了！！！！
[2026-02-16 23:42:27] flc的雪之下yukino本人: 啊啊啊啊啊啊啊啊啊啊啊啊啊啊啊啊啊啊喵^_^~
[2026-02-16 23:42:27] 无情道毕业生: 弹幕在啊什么我还以为宗主上春碗了
[2026-02-16 23:42:28] Breakgood: niko~
[2026-02-16 23:42:28] donk指定严父NiKo: 诶呦我，四马来了
[2026-02-16 23:42:28] 老潘今天被折磨了吗: 马头来啦
[2026-02-16 23:42:28] 四轩妙妙屋: 可是宗主也很厉害啊🥺
[2026-02-16 23:42:28] Crychic的若叶睦本人: 可是宗主也很厉害啊🥺
[2026-02-16 23:42:29] Tao7Ge: 这四个加起来比不过宗主一根
[2026-02-16 23:42:29] 安子desu: 这四个加起来比不过宗主一根
[2026-02-16 23:42:29] 温柔皮皮想吃屁屁: 1
[2026-02-16 23:42:29] 浮生未歇348: 可是宗主也很厉害啊🥺
[2026-02-16 23:42:29] 天魔外道y: 四区兄弟
[2026-02-16 23:42:29] NacherCase: 宗美能不能也啊一下展示一下实力？
[2026-02-16 23:42:29] 郑哲伟的小萎萎: 啊啊啊啊啊啊啊啊啊啊啊啊啊啊啊姐妹们一起涨潮了！！！！
[2026-02-16 23:42:29] Naraku奈落丷: 可是宗主也很厉害啊🥺
[2026-02-16 23:42:30] 魔丸鸡器是灵猪: 看了半天了还得是洋人的新鲜玩意儿好看
[2026-02-16 23:42:30] Deathprophet: 四区兄弟
[2026-02-16 23:42:30] 日漫痴十六夜: 可是伟伟尿酸也很高啊🥹
[2026-02-16 23:42:30] 皮艳羊丶: 弹幕在啊什么我还以为宗主上春碗了
[2026-02-16 23:42:30] Jamwoung: 啊啊啊啊啊啊啊啊啊啊啊啊啊啊啊姐妹们一起涨潮了！！！！
[2026-02-16 23:42:31] 玩指挥丶NiKo: 宗美能不能也啊一下展示一下实力？
[2026-02-16 23:42:31] DrQuin33: 可是宗主也很厉害啊🥺
[2026-02-16 23:42:31] Altolier: 四区兄弟
[2026-02-16 23:42:31] 郑哲伟的小萎萎: 啊啊啊啊啊啊啊啊啊啊啊啊啊啊啊姐妹们一起涨潮了！！！！
[2026-02-16 23:42:31] baixiao0000: 啊啊啊啊啊啊啊啊啊啊啊啊啊啊啊啊啊啊啊
[2026-02-16 23:42:31] 玩高o僧OvO一真大o师: 偶尔飘过几条讨论游戏的弹幕给我一种精神病
[2026-02-16 23:42:32] 用户5388411043: 这四个加起来比不过宗主一根
[2026-02-16 23:42:32] 水下放电11: 可是箱子也很可爱啊😊
[2026-02-16 23:42:32] NeptuniaOrion: 啊啊啊啊啊啊啊啊啊啊啊啊啊啊啊啊
[2026-02-16 23:42:32] 用户78516061: 我们都是短发女生
[2026-02-16 23:42:32] 橘依熙: 可是宗主也很厉害啊🥺
[2026-02-16 23:42:33] Despair眠: 那一天的忧郁忧郁起来
[2026-02-16 23:42:33] jubaoxia4: 不是马年吗 怎么上来四个鸭子
[2026-02-16 23:42:33] Sam叔666: 啊啊啊啊啊啊啊啊啊啊啊啊啊啊啊姐妹们一起涨潮了！！！！
[2026-02-16 23:42:33] c9的Stewie2k本人0: 四区兄弟
[2026-02-16 23:42:33] xOcOg: 这也马头啊。。。NB
[2026-02-16 23:42:34] 丛念39090: 这四个加起来比不过宗主一根
[2026-02-16 23:42:34] 你的爸比的爸比: 啊啊啊啊啊啊啊啊啊啊啊啊啊啊啊姐妹们一起涨潮了！！！！
[2026-02-16 23:42:34] Tao7Ge: 四区兄弟
[2026-02-16 23:42:34] 郑哲伟的小萎萎: 啊啊啊啊啊啊啊啊啊啊啊啊啊啊啊姐妹们一起涨潮了！！！！
[2026-02-16 23:42:34] Ce1sius: 这四个加起来比不过宗主一根
[2026-02-16 23:42:35] 常磐台的Railgun本人: 可是宗主也很厉害啊🥺
[2026-02-16 23:42:35] xixiprime: 四区兄弟
[2026-02-16 23:42:35] 天魔外道y: 四区兄弟
[2026-02-16 23:42:35] 好姐妹太卜司符玄: 这四个加起来比不过宗主一根
[2026-02-16 23:42:35] 不万能文学青年: 可是宗主也很想脱单啊🥺
[2026-02-16 23:42:35] 肘一郎: @玩机器：我是勇敢小猪🐖
[2026-02-16 23:42:36] 利村二院精神科王主任: 啊啊啊啊啊啊啊啊啊啊啊啊啊谁特么踩我脚了
[2026-02-16 23:42:37] 玩猴爪丶MonkeyPaw: 可是伟伟尿酸也很高啊🥹
[2026-02-16 23:42:37] 郑哲伟的小萎萎: 啊啊啊啊啊啊啊啊啊啊啊啊啊啊啊姐妹们一起涨潮了！！！！
[2026-02-16 23:42:37] 我知道的一点也不多: 啊啊啊啊啊啊啊啊啊啊啊啊啊啊啊啊啊啊喵^_^~
[2026-02-16 23:42:37] Sebastian3466: 弹幕在啊什么我还以为宗主上春碗了
[2026-02-16 23:42:37] 天魔外道y: 四区兄弟
[2026-02-16 23:42:37] c9的Stewie2k本人0: 四区兄弟
[2026-02-16 23:42:38] 约定之王: 感觉不如阳光彩虹小白马
[2026-02-16 23:42:38] 肘一郎: @玩机器：我是勇敢小猪🐖
[2026-02-16 23:42:38] 地球竖着转赤道大变了: [呱呱]啊~[呱呱]啊~[呱呱]啊~[呱呱]啊~[呱呱]啊~
[2026-02-16 23:42:38] w2o45: 啊啊啊啊啊啊啊啊啊啊啊啊啊啊啊姐妹们一起涨潮了！！！！
[2026-02-16 23:42:39] 用户9921747043: 四匹兄弟
[2026-02-16 23:42:39] 璃月七星的刻晴本人: 这四个加起来比不过宗主一根
[2026-02-16 23:42:39] 没有故事的Pluto: 啊啊啊啊啊啊啊啊啊啊啊啊啊啊啊姐妹们一起涨潮了！！！！
[2026-02-16 23:42:39] 用户6235382488: 啊啊啊啊啊啊啊啊啊啊啊啊啊啊
[2026-02-16 23:42:39] 郑哲伟的小萎萎: 啊啊啊啊啊啊啊啊啊啊啊啊啊啊啊姐妹们一起涨潮了！！！！
[2026-02-16 23:42:39] Xav1zzz: 啊啊啊啊啊啊啊啊啊啊啊啊啊啊啊姐妹们一起涨潮了！！！！
[2026-02-16 23:42:39] 绝食十年攒爱top3飞机: 可是宗主也很厉害啊🥺
[2026-02-16 23:42:39] sssllgaibs: 距离难忘今宵还有18min
[2026-02-16 23:42:39] 用户5388411043: 四区兄弟
[2026-02-16 23:42:40] 御坂10032号139: 四区兄弟
[2026-02-16 23:42:40] 好兄弟海德格尔: 同事花268让我帮忙点6657电竞800w档位，我反手花60淘宝找一个吃200，我做的对吗？
[2026-02-16 23:42:40] mvp是谁: 四区兄弟
[2026-02-16 23:42:40] 肘一郎: @玩机器：我是勇敢小猪🐖
[2026-02-16 23:42:40] foxsward-ooo-: 这四个加起来比不过宗主一根
[2026-02-16 23:42:40] 祥子自愿演奏迷星叫: 不是马年吗 怎么上来四个鸭子
[2026-02-16 23:42:40] 还是摸鱼适合老子:  阳光🌈小白马，滴滴答滴滴答
[2026-02-16 23:42:40] c9的Stewie2k本人0: 四区兄弟
[2026-02-16 23:42:40] 天魔外道y: 四区兄弟
[2026-02-16 23:42:41] myself0725: 特
[2026-02-16 23:42:41] 郑哲伟的小萎萎: 啊啊啊啊啊啊啊啊啊啊啊啊啊啊啊姐妹们一起涨潮了！！！！
[2026-02-16 23:42:41] 用户3661578: 这四个加起来比不过宗主一根
[2026-02-16 23:42:41] 顾北辰sup: 啊啊啊啊啊啊啊啊啊啊啊啊啊啊啊啊啊啊啊啊啊
[2026-02-16 23:42:42] 李小小与虾大大: 恶臭男又在嫉妒我如花似玉的哥哥们了🙄
[2026-02-16 23:42:42] 玩机爸dev1ce: 特务
[2026-02-16 23:42:42] LittleChenZzz: 弹幕在啊什么我还以为宗主上春碗了
[2026-02-16 23:42:42] 玩机箱丶迪克: 1
[2026-02-16 23:42:42] NeptuniaOrion: 啊啊啊啊啊啊啊啊啊啊啊啊啊
[2026-02-16 23:42:42] 玩机器的小jj: 特 物
[2026-02-16 23:42:43] immortal29: 特务
[2026-02-16 23:42:43] 菜星冲冲冲: 特务
[2026-02-16 23:42:43] yieeeeeee: 特务
[2026-02-16 23:42:43] 郑哲伟的小萎萎: 啊啊啊啊啊啊啊啊啊啊啊啊啊啊啊姐妹们一起涨潮了！！！！
[2026-02-16 23:42:43] Dartline: 弹幕在啊什么我还以为宗主上春碗了
[2026-02-16 23:42:43] 我老婆的前男友: 还好除夕初一都有比赛，还有玩宝宝陪我，要不我都不知道这年该怎么过
[2026-02-16 23:42:43] 好姐妹布雷斯特: 特
[2026-02-16 23:42:43] 玩指挥丶NiKo: [呱呱]啊~[呱呱]啊~[呱呱]啊~[呱呱]啊~[呱呱]啊~
[2026-02-16 23:42:43] 想要舌吻m0NESY: 我去隔壁不会要加时把
[2026-02-16 23:42:43] 晨风凌云21146: 弹幕在啊什么我还以为宗主上春碗了
[2026-02-16 23:42:43] kon的mio本人: 可是伟伟尿酸也很高啊🥹
[2026-02-16 23:42:44] 冲上云霄的姨: 特务
[2026-02-16 23:42:44] RabbitRay: 可是伟伟尿酸也很高啊🥹
[2026-02-16 23:42:44] GhostASSA: 特务
[2026-02-16 23:42:44] 今晚吃星洲炒米: 特务
[2026-02-16 23:42:44] 好姐妹绫濑沙季: 特务
[2026-02-16 23:42:44] Cr1msn: 特务
[2026-02-16 23:42:45] NiKkiRain: @magixx：可是快乐小马也很厉害啊🥺
[2026-02-16 23:42:45] 短桥窄马: 一秒猜出人生攻击的弹幕性别🙄🙄
[2026-02-16 23:42:45] P丶ersist丿: 特务
[2026-02-16 23:42:45] 管大无需多颜: 这四个加起来比不过宗主一根
[2026-02-16 23:42:45] thefooooool: 特务
[2026-02-16 23:42:45] 奈亚亚亚亚亚: 特务
[2026-02-16 23:42:45] 墨阿青: 啊啊啊啊啊啊啊啊啊啊啊啊啊啊啊姐妹们一起涨潮了！！！！
[2026-02-16 23:42:45] 永远的zgg01: 特务
[2026-02-16 23:42:46] 成天就是玩: 四区兄弟
[2026-02-16 23:42:46] Leas1r: 特务
[2026-02-16 23:42:46] 大丿豆: 特务
[2026-02-16 23:42:46] 拆信CaTalpa: 特务
[2026-02-16 23:42:46] 用户44565727: 特务
[2026-02-16 23:42:46] 云边有条小侏如: 同事花268让我帮忙点6657电竞800w档位，我反手花60淘宝找一个吃200，我做的对吗？
[2026-02-16 23:42:46] 骄骄爱吃糖: 特务
[2026-02-16 23:42:46] 丰川祥子单推人: 特务
[2026-02-16 23:42:46] 千早爱尼: 恶臭男又在嫉妒我如花似玉的哥哥们了🙄
[2026-02-16 23:42:46] 青蘖: 玩大哥看着弹幕想读又不敢读的样子比春 晚好看
[2026-02-16 23:42:47] 付先生fj: 特务
[2026-02-16 23:42:47] 玩不了机器的奖杯: 特务
[2026-02-16 23:42:47] 玩玩解说一辈子: 特务
[2026-02-16 23:42:47] c9的Stewie2k本人0: 四区兄弟
[2026-02-16 23:42:47] 玩俯卧撑、push-up: 特务
[2026-02-16 23:42:48] impossible47860: 特务
[2026-02-16 23:42:48] 玩机器的大卫戴: 特 物
[2026-02-16 23:42:48] 无情道毕业生: 特务
[2026-02-16 23:42:48] MegumiKatossss: 特务
[2026-02-16 23:42:48] 玩猫娘、planecup: 可是宗主也很厉害啊🥺
[2026-02-16 23:42:48] 宫监手放监: 马年不上马嘉祺上四个🦆是什么意思？😅
[2026-02-16 23:42:48] Abyss丶珈百璃: 特务
[2026-02-16 23:42:48] 郑哲伟的小萎萎: 啊啊啊啊啊啊啊啊啊啊啊啊啊啊啊姐妹们一起涨潮了！！！！
[2026-02-16 23:42:49] 天降正義锤哥: 特务
[2026-02-16 23:42:49] 玩饺子丶Dumpling: 特务闹麻了
[2026-02-16 23:42:49] 亦博你要开心要幸福: 弹幕在啊什么我还以为宗主上春碗了
[2026-02-16 23:42:49] 我的魂魄呢: 特务
[2026-02-16 23:42:50] 老苦瓜贝多芬: 这四个加起来比不过宗主一根
[2026-02-16 23:42:50] -nOOn-: 特务
[2026-02-16 23:42:50] 衣服Kaiju: 特务
[2026-02-16 23:42:50] 管大无需多颜: 还好除夕初一都有比赛，还有玩宝宝陪我，要不我都不知道这年该怎么过
[2026-02-16 23:42:50] KadenzzZ: 还好除夕初一都有比赛，还有玩宝宝陪我，要不我都不知道这年该怎么过
[2026-02-16 23:42:50] 大肉鲁: 特务
[2026-02-16 23:42:50] 猪磊756: [呱呱]啊~[呱呱]啊~[呱呱]啊~[呱呱]啊~[呱呱]啊~
[2026-02-16 23:42:50] Zywoo的七百大狙: 特务
[2026-02-16 23:42:51] SternBlitz: 可是伟伟尿酸也很高啊🥹
[2026-02-16 23:42:51] 山泥丶若: 啊啊啊啊啊啊啊啊啊啊啊啊啊啊啊啊啊啊啊
[2026-02-16 23:42:51] 好姐妹布雷斯特: 特务
[2026-02-16 23:42:52] tsue3phuann6: 特务
[2026-02-16 23:42:52] GrumbleS: 特务
[2026-02-16 23:42:52] 狙狙祈祷中: 特物
[2026-02-16 23:42:52] 窝喜欢大莱莱: GOAT特务
[2026-02-16 23:42:52] 玩机器的大卫戴: 特 物
[2026-02-16 23:42:52] 银河战舰还在轰鸣: 四马兄弟
[2026-02-16 23:42:52] 已被homo占用: 这四个加起来比不过宗主一根
[2026-02-16 23:42:52] FaZe的德克萨斯本人: 还好除夕初一都有比赛，还有玩宝宝陪我，要不我都不知道这年该怎么过
[2026-02-16 23:42:53] 玩大人查到自贡了: 特 物
[2026-02-16 23:42:53] 海绵宝宝雾雨儿: 弹幕在啊什么我还以为宗主上春碗了
[2026-02-16 23:42:53] StayNig: 还好除夕初一都有比赛，还有玩宝宝陪我，要不我都不知道这年该怎么过
[2026-02-16 23:42:54] K-ON和载物都是goat: 特务
[2026-02-16 23:42:54] 玩不了机器的奖杯: 弹幕在啊什么我还以为宗主上春碗了
[2026-02-16 23:42:54] 地球竖着转赤道大变了: [呱呱]啊~[呱呱]啊~[呱呱]啊~[呱呱]啊~[呱呱]啊~
[2026-02-16 23:42:54] 幕后煮屎者的菊花: 还好除夕初一都有比赛，还有玩宝宝陪我，要不我都不知道这年该怎么过
[2026-02-16 23:42:54] 想要舌吻m0NESY: 玩神你觉得隔壁会加时吗
[2026-02-16 23:42:54] 天魔外道y: 四马兄弟
[2026-02-16 23:42:55] 鹿公爷: 特务
[2026-02-16 23:42:55] 魔丸鸡器是灵猪:  @我老婆的前男友：还好除夕初一都有比赛，还有玩宝宝陪我，要不我都不知道这年该怎么过
[2026-02-16 23:42:55] 大道寺知世的录樱机: 啊啊啊啊啊啊啊啊啊啊啊啊啊啊啊啊啊啊啊
[2026-02-16 23:42:55] 好姐妹绫濑沙季: 还好除夕初一都有比赛，还有玩宝宝陪我，要不我都不知道这年该怎么过
[2026-02-16 23:42:55] 量子毁灭717: 老鼠这队伍是怎么拿到克拉科夫四强的？
[2026-02-16 23:42:56] w812998632: 恶臭男又在嫉妒我如花似玉的哥哥们了🙄
[2026-02-16 23:42:56] 滨辺美波: 可是宗主也很厉害啊🥺
[2026-02-16 23:42:56] jianxideminggzi: 特务
[2026-02-16 23:42:56] 谁是谁非zz丶: 还好除夕初一都有比赛，还有玩宝宝陪我，要不我都不知道这年该怎么过
[2026-02-16 23:42:56] 青蘖: 玩大哥看着弹幕想读又不敢读的样子比春 晚好看
[2026-02-16 23:42:57] 懒惰狗子: 可是宗主也很厉害啊🥺
[2026-02-16 23:42:57] 劉膿dewasu: 弹幕在啊什么我还以为宗主上春碗了
[2026-02-16 23:42:57] 用户804578381: 还好除夕初一都有比赛，还有玩宝宝陪我，要不我都不知道这年该怎么过
[2026-02-16 23:42:57] thefooooool: 主动特
[2026-02-16 23:42:58] wang02xu: 弹幕在啊什么我还以为宗主上春碗了
[2026-02-16 23:42:58] 雪之下零八: 这四个加起来比不过宗主一根
[2026-02-16 23:42:58] qq52636: 能不能姨啵B啊🥺能不能姨啵B啊🥺能不能姨啵B啊🥺能不能姨啵B啊🥺
[2026-02-16 23:42:58] zzzolt: 不如掏粪男孩
[2026-02-16 23:42:58] 用户5388411043: 还好除夕初一都有比赛，还有玩宝宝陪我，要不我都不知道这年该怎么过
[2026-02-16 23:42:58] Fighting哥: GOAT特务
[2026-02-16 23:42:58] NikolaKovacFan: 玩大哥看着弹幕想读又不敢读的样子比春 晚好看
[2026-02-16 23:42:58] 莫希Merc7: 感觉不如阳光彩虹小白马
[2026-02-16 23:42:59] 我也在享受啊: 四马兄弟
[2026-02-16 23:42:59] Vitality的羽贺文乃本人: 等枪掉了再起狙
[2026-02-16 23:42:59] 白呆whitelie: 可是伟伟尿酸也很高啊🥹
[2026-02-16 23:42:59] Rush干拉: [呱呱]啊~[呱呱]啊~[呱呱]啊~[呱呱]啊~[呱呱]啊~
[2026-02-16 23:43:00] 好兄弟海德格尔: 同事花268让我帮忙点6657电竞800w档位，我反手花60淘宝找一个吃200，我做的对吗？
[2026-02-16 23:43:00] MSK枫: zywoo是主动特，载物是被动特，要分清
[2026-02-16 23:43:00] 冰上无限滑34601: 可是宗主也很厉害啊🥺
[2026-02-16 23:43:00] 好女孩庄方宜: 弹幕在啊什么我还以为宗主上春碗了
[2026-02-16 23:43:00] 刘亦龟的博头: [呱呱]啊~[呱呱]啊~[呱呱]啊~[呱呱]啊~[呱呱]啊~
[2026-02-16 23:43:01] WonderYi: 这Niko过个生日全国放七天假，那他拿个major全国不得放一年假啊
[2026-02-16 23:43:01] 用户1234567745: 可是宗主也很厉害啊🥺
[2026-02-16 23:43:01] realCuSO4: GO特
[2026-02-16 23:43:01] 用户7541744907: 四马兄弟
[2026-02-16 23:43:02] 猫很好的小乖: 还好除夕初一都有比赛，还有玩宝宝陪我，要不我都不知道这年该怎么过
[2026-02-16 23:43:02] 两仪琴本人: 恶臭男又在嫉妒我如花似玉的哥哥们了🙄
[2026-02-16 23:43:02] 天魔外道y: 弹幕在啊什么我还以为宗主上春碗了
[2026-02-16 23:43:02] 不万能文学青年: 宗主你不是在比赛吗？你怎么上舞台了😰😰
[2026-02-16 23:43:02] 不受待见的小c: 四马兄弟
[2026-02-16 23:43:03] 白嫖机器四年半: 还好除夕初一都有比赛，还有玩宝宝陪我，要不我都不知道这年该怎么过
[2026-02-16 23:43:03] 好想说话马上15级了: 这四个加起来比不过宗主一根
[2026-02-16 23:43:03] 设备、滴歪思: 玩大哥看着弹幕想读又不敢读的样子比春 晚好看
[2026-02-16 23:43:03] 射命丸文文句号: 不如掏粪男孩
[2026-02-16 23:43:03] 梦想图腾: 四马兄弟
[2026-02-16 23:43:03] Mahuyu: GO特务
[2026-02-16 23:43:03] 最后之作146: 弹幕在啊什么我还以为宗主上春碗了
[2026-02-16 23:43:03] 好兄弟海德格尔: 同事花268让我帮忙点6657电竞800w档位，我反手花60淘宝找一个吃200，我做的对吗？ 
[2026-02-16 23:43:04] 吱吱洞: 还好除夕初一都有比赛，还有玩宝宝陪我，要不我都不知道这年该怎么过
[2026-02-16 23:43:04] 陶芸馝: 玩大哥看着弹幕想读又不敢读的样子比春 晚好看
[2026-02-16 23:43:04] 墨阿青: 四马兄弟
[2026-02-16 23:43:04] F大邦: 玩爸爸，奖励我。玩爸爸，奖励我。玩爸爸，奖励我。
[2026-02-16 23:43:04] 用户9921747043: 四马兄弟
[2026-02-16 23:43:05] c9的Stewie2k本人0: 四区兄弟
[2026-02-16 23:43:05] 短桥窄马: 一秒猜出人身攻击的弹幕性别🙄🙄
[2026-02-16 23:43:05] 玩猴爪丶MonkeyPaw: 可是宗主也很厉害啊🥺
[2026-02-16 23:43:05] 大完不拱算空大: 四马兄弟
[2026-02-16 23:43:05] 天魔外道y: 弹幕在啊什么我还以为宗主上春碗了
[2026-02-16 23:43:05] NeptuniaOrion: 啊啊啊啊啊啊啊啊啊啊啊啊啊啊啊啊啊啊
[2026-02-16 23:43:05] Cest1la1vie: 还好除夕初一都有比赛，还有玩宝宝陪我，要不我都不知道这年该怎么过
[2026-02-16 23:43:05] 地球竖着转赤道大变了: [呱呱]啊~[呱呱]啊~[呱呱]啊~[呱呱]啊~[呱呱]啊~
[2026-02-16 23:43:05] 黄昏到寺挑灯看剑: zywoo是主动特，载物是被动特，要分清
[2026-02-16 23:43:06] 仈肆仈: 还好除夕初一都有比赛，还有玩宝宝陪我，要不我都不知道这年该怎么过
[2026-02-16 23:43:06] 冲上云霄的姨: 今年春玩太太太好看啦！
[2026-02-16 23:43:06] 花泽舞夜: 可是宗主也很厉害啊🥺
[2026-02-16 23:43:06] 顶级串子玩机器: 弹幕在啊什么我还以为宗主上春碗了
[2026-02-16 23:43:06] Jaindow: 可是宗主也很厉害啊🥺
[2026-02-16 23:43:06] 椰汁糕北瓜强: 特务特务特务特务特务特务特务特务特务特务特务特务特务特务特务特务特务特务特务特务
[2026-02-16 23:43:06] Falcons的刘划墙本人: 弹幕在啊什么我还以为宗主上春碗了
[2026-02-16 23:43:06] TieZhu丶: wow
[2026-02-16 23:43:07] 比丁真更纯真: 主播能不能设置一个女性专属的时间段，跟这些不尊重女性的虾头男在一起，真的没有安全感
[2026-02-16 23:43:07] 好兄弟海德格尔: 同事花268让我帮忙点6657电竞800w档位，我反手花60淘宝找一个吃200，我做的对吗？
[2026-02-16 23:43:07] 1048270453: 被动特
[2026-02-16 23:43:08] F大邦: 玩爸爸，奖励我。玩爸爸，奖励我。玩爸爸，奖励我。
[2026-02-16 23:43:08] 闇葉雪: 还好除夕初一都有比赛，还有玩宝宝陪我，要不我都不知道这年该怎么过
[2026-02-16 23:43:08] 天魔外道y: 恶臭男又在嫉妒我如花似玉的哥哥们了🙄
[2026-02-16 23:43:08] AG的青叶摩卡本人: 我要吐了
[2026-02-16 23:43:08] 御坂10032号139: 四马兄弟
[2026-02-16 23:43:08] 便当少年123: 哈机密
[2026-02-16 23:43:08] 凯哥是我的rollbeach: 可是宗主也很厉害啊🥺
[2026-02-16 23:43:08] 鲸鱼向海鲸鱼向海: 想区间了，有没有弓箭弹幕。。。。想区间了，有没有弓箭弹幕。。。。想区间了，有没有弓箭弹幕。。。。想区
[2026-02-16 23:43:09] 马猴烧酒小地瓜: 四马兄弟
[2026-02-16 23:43:09] 旧多SAMA: 一秒猜出人身攻击的弹幕性别🙄🙄
[2026-02-16 23:43:09] 玩不了机器的奖杯: 四马兄弟
[2026-02-16 23:43:09] 乌龙美式牛奶: 　　　 还好除夕初一都有比赛，还有玩宝宝陪我，要不我都不知道这年该怎么过
[2026-02-16 23:43:10] 璃月七星的刻晴本人: 弹幕在啊什么我还以为宗主上春碗了
[2026-02-16 23:43:10] 紫裳酱: 恶臭男又在嫉妒我如花似玉的哥哥们了🙄
[2026-02-16 23:43:10] 滨辺美波: 恶臭男又在嫉妒我如花似玉的哥哥们了🙄
[2026-02-16 23:43:10] 用户78516061: 啊啊啊啊啊啊啊啊啊啊啊啊啊啊啊啊啊啊
[2026-02-16 23:43:10] 鲸鱼向海鲸鱼向海: 想区间了，有没有弓箭弹幕。。。。想区间了，有没有弓箭弹幕。。。。
[2026-02-16 23:43:11] w恰喜w: 四马兄弟
[2026-02-16 23:43:11] 好兄弟海德格尔: 同事花268让我帮忙点6657电竞800w档位，我反手花60淘宝找一个吃200，我做的对吗？
[2026-02-16 23:43:11] CSTGTalen: @达尔豪斯大学教授：亦博刘你现在体会到我的感受了吗？我在讲台上费劲口舌讲课而底下的学生心根本不在教室
[2026-02-16 23:43:11] 丢你雷姆吔屎啦你:  @吱吱洞：　　　 还好除夕初一都有比赛，还有玩宝宝陪我，要不我都不知道这年该怎么过
[2026-02-16 23:43:11] F大邦: 玩爸爸，奖励我。玩爸爸，奖励我。玩爸爸，奖励我。
[2026-02-16 23:43:12] 用户4465047379: 还好除夕初一都有比赛，还有玩宝宝陪我，要不我都不知道这年该怎么过
[2026-02-16 23:43:12] Altolier: 四马兄弟
[2026-02-16 23:43:12] Henghenqi: 还好除夕初一都有比赛，还有玩宝宝陪我，要不我都不知道这年该怎么过
[2026-02-16 23:43:12] TokeyZz: 四马兄弟
[2026-02-16 23:43:12] 带魔杖的人: 玩大哥看着弹幕想读又不敢读的样子比春 晚好看
[2026-02-16 23:43:12] 窝喜欢大莱莱: 狗特物
[2026-02-16 23:43:12] 鸟衔儿: 玩大哥看着弹幕想读又不敢读的样子比春 晚好看
[2026-02-16 23:43:12] 杀人哥天天开心: 可是宗主也很厉害啊🥺
[2026-02-16 23:43:13] 阿努比斯登山家: 玩大哥看着弹幕想读又不敢读的样子比春 晚好看
[2026-02-16 23:43:13] 上海major心碎肥美: 弹幕在啊什么我还以为宗主上春碗了
[2026-02-16 23:43:13] 管大无需多颜: 弹幕有人真在看春碗啊😨
[2026-02-16 23:43:13] 鲸鱼向海鲸鱼向海: v
[2026-02-16 23:43:13] 南燕swallow: 恶臭男又在嫉妒我如花似玉的哥哥们了🙄
[2026-02-16 23:43:13] 三九512: 玩大哥看着弹幕想读又不敢读的样子比春 晚好看
[2026-02-16 23:43:14] Dartline: 四马兄弟
[2026-02-16 23:43:14] 忽孝山庄: 四马兄弟
[2026-02-16 23:43:14] mikuu666: 恶臭男又在嫉妒我如花似玉的哥哥们了🙄
[2026-02-16 23:43:14] 桦Ochoa: [呱呱]啊~[呱呱]啊~[呱呱]啊~[呱呱]啊~[呱呱]啊~
[2026-02-16 23:43:14] 好女孩庄方宜: 恶臭男又在嫉妒我如花似玉的哥哥们了🙄
[2026-02-16 23:43:14] iNaixu: [尴尬][尴尬][尴尬][尴尬][尴尬][尴尬][尴尬][尴尬][尴尬][尴尬][尴尬]
[2026-02-16 23:43:15] 用户5388411043: 四马兄弟
[2026-02-16 23:43:15] 宇宙第一麻瓜: 恶臭男又在嫉妒我如花似玉的哥哥们了🙄
[2026-02-16 23:43:15] 辅助不算挂: 玩大哥看着弹幕想读又不敢读的样子比春 晚好看
[2026-02-16 23:43:15] 好姐妹绫濑沙季: 玩大哥看着弹幕想读又不敢读的样子比春 晚好看
[2026-02-16 23:43:15] 我的魂魄呢: 可是宗主也很厉害啊🥺
[2026-02-16 23:43:15] NikolaKovacFan: 恶臭男又在嫉妒我如花似玉的哥哥们了🙄
[2026-02-16 23:43:15] 地球竖着转赤道大变了: [呱呱]啊~[呱呱]啊~[呱呱]啊~[呱呱]啊~[呱呱]啊~
[2026-02-16 23:43:15] 第二小队的raven本人: 四马兄弟
[2026-02-16 23:43:22] 好兄弟海德格尔: 同事花268让我帮忙点6657电竞800w档位，我反手花60淘宝找一个吃200，我做的对吗？
[2026-02-16 23:43:22] 短桥窄马: 恶臭男又在嫉妒我如花似玉的哥哥们了🙄
[2026-02-16 23:43:22] 飒飒大无敌: 四马兄弟
[2026-02-16 23:43:22] 古手戶絵梨花: 弹幕在啊什么我还以为宗主上春碗了
[2026-02-16 23:43:22] DrQuin33: 恶臭男又在嫉妒我如花似玉的哥哥们了🙄
[2026-02-16 23:43:22] 蓝鲸少年与小巷: 四马兄弟
[2026-02-16 23:43:22] 辅助不算挂: 玩大哥看着弹幕想读又不敢读的样子比春 晚好看
[2026-02-16 23:43:22] Mngata198: 恶臭男又在嫉妒我如花似玉的哥哥们了🙄
[2026-02-16 23:43:22] 太史蛇羹浓汤宝: 恶臭男又在嫉妒我如花似玉的哥哥们了🙄
[2026-02-16 23:43:22] 好姐妹丶缪尔赛思: 一秒猜出人身攻击的弹幕性别🙄🙄
[2026-02-16 23:43:22] 鲸鱼向海鲸鱼向海: 想区间了，有没有弓箭弹幕。。。。想区间了，有没有弓箭弹幕。。。。
[2026-02-16 23:43:22] GambitAx1Le: 玩爸爸，奖励我。玩爸爸，奖励我。玩爸爸，奖励我。
[2026-02-16 23:43:22] 花泽舞夜: 弹幕在啊什么我还以为宗主上春碗了
[2026-02-16 23:43:22] 玩玩解说一辈子: 玩大哥看着弹幕想读又不敢读的样子比春 晚好看
[2026-02-16 23:43:22] w2o45: 恶臭男又在嫉妒我如花似玉的哥哥们了🙄
[2026-02-16 23:43:22] 玩戴便、shit: 还好除夕初一都有比赛，还有玩宝宝陪我，要不我都不知道这年该怎么过
[2026-02-16 23:43:22] 可爱如小祥: 玩爸爸，奖励我。玩爸爸，奖励我。玩爸爸，奖励我。
[2026-02-16 23:43:22] 维斯特潘潘: 可是宗主也很厉害啊🥺
[2026-02-16 23:43:22] 拆信CaTalpa: 恶臭男又在嫉妒我如花似玉的哥哥们了🙄
[2026-02-16 23:43:22] 宫监手放监: 马年不上马嘉祺上四个🦆是什么意思？😅
[2026-02-16 23:43:22] 管大无需多颜: 弹幕有人真在看春碗啊😨
[2026-02-16 23:43:22] 凝视深渊丶玩叽叽: 四马兄弟
[2026-02-16 23:43:22] 睿睿不在家老陈称大王: 恶臭男又在嫉妒我如花似玉的哥哥们了🙄
[2026-02-16 23:43:22] 勃勃勃: 翼虎
[2026-02-16 23:43:22] 用户2719002301: 宫监手！准备放监！🏹🏹🏹🏹宫监手！准备放监！🏹🏹🏹🏹宫监手！准备放监！🏹🏹🏹
[2026-02-16 23:43:22] 445440: 　　　 玩大哥看着弹幕想读又不敢读的样子比春 晚好看
[2026-02-16 23:43:22] boyboyhfbbr: 恶臭男又在嫉妒我如花似玉的哥哥们了🙄
[2026-02-16 23:43:22] 老婆是可可萝: 可是玩玩也很肥美啊🥺
[2026-02-16 23:43:22] 看似蜜蜂就亲似你: 弹幕有人真在看春碗啊😨
[2026-02-16 23:43:22] dnmd真没名字呗: 这词是人类写的吗
[2026-02-16 23:43:22] 好姐妹绫濑沙季: 四马兄弟
[2026-02-16 23:43:22] 奈亚亚亚亚亚: 四马兄弟
[2026-02-16 23:43:22] 科比劳大爱肘击: 玩大哥看着弹幕想读又不敢读的样子比春 晚好看
[2026-02-16 23:43:22] 齐马蓝Zima: 四马兄弟
[2026-02-16 23:43:22] 衣服Kaiju: 还有人类吗，在这舞台上
[2026-02-16 23:43:22] CharlieZ丶: 恶臭男又在嫉妒我如花似玉的哥哥们了🙄
[2026-02-16 23:43:23] CSTGTalen: @达尔豪斯大学教授：亦博刘你现在体会到我的感受了吗？我在讲台上费劲口舌讲课而底下的学生心根本不在教室
[2026-02-16 23:43:23] 玩机器的大卫戴: 恶臭男又在嫉妒我如花似玉的哥哥们了🙄
[2026-02-16 23:43:23] flc的雪之下yukino本人: 准备好了吗🤬，我是快乐小玩😊喵^_^~
[2026-02-16 23:43:23] 好哥们穿谱: 恶臭男又在嫉妒我如花似玉的哥哥们了🙄
[2026-02-16 23:43:24] 玩勾八丶迪克: 恶臭男又在嫉妒我如花似玉的哥哥们了🙄
[2026-02-16 23:43:24] Vitality的Eminem本人: 玩大哥看着弹幕想读又不敢读的样子比春 晚好看
[2026-02-16 23:43:24] sab33r: 玩➗！玩➗！玩➗！玩➗！玩➗！玩➗！玩➗！玩➗！玩➗！玩➗！玩➗！玩➗！玩➗！玩➗！
[2026-02-16 23:43:24] 滨辺美波: 碗橱A门
[2026-02-16 23:43:24] 不万能文学青年: 宗主你不是在比赛吗？你怎么上舞台了😰😰
[2026-02-16 23:43:25] 玩machine丶机器: 四马兄弟
[2026-02-16 23:43:25] 奈亚亚亚亚亚: 四马兄弟
[2026-02-16 23:43:25] 甘织玲奈子本人: 恶臭男又在嫉妒我如花似玉的哥哥们了🙄
[2026-02-16 23:43:25] 陶芸馝: 恶臭男又在嫉妒我如花似玉的哥哥们了🙄
[2026-02-16 23:43:25] 钓江风: 恶臭男又在嫉妒我如花似玉的哥哥们了🙄
[2026-02-16 23:43:25] 管大无需多颜: 弹幕有人真在看春碗啊😨
[2026-02-16 23:43:25] 射命丸文文句号: 恶臭男又在嫉妒我如花似玉的哥哥们了🙄
[2026-02-16 23:43:25] 求奶赚不到钱: we are 快乐🐴 🤗🤗🤗
[2026-02-16 23:43:26] lonhkfd: 恶臭男又在嫉妒我如花似玉的哥哥们了🙄
[2026-02-16 23:43:26] 玩机器的大卫戴: 恶臭男又在嫉妒我如花似玉的哥哥们了🙄
[2026-02-16 23:43:26] 网友昊龙许: 弹幕有人真在看春碗啊😨
[2026-02-16 23:43:26] NeptuniaOrion: 啊啊啊啊啊啊啊啊啊啊啊啊啊啊啊啊
[2026-02-16 23:43:26] 柳小目: 马年不上马嘉祺上四个🦆是什么意思？😅
[2026-02-16 23:43:27] 用户9465680303: 不如宗主一根 有没有懂的
[2026-02-16 23:43:27] 辽宁鞍山的otto本人: 玩爸爸，奖励我。玩爸爸，奖励我。玩爸爸，奖励我。
[2026-02-16 23:43:27] 小王58422: 四马兄弟
[2026-02-16 23:43:27] TangibleDreams: 晚 出
[2026-02-16 23:43:27] 拉特兰的Exus1a1本人: 卧槽，宗主上春碗了
[2026-02-16 23:43:27] Dartline: 恶臭男又在嫉妒我如花似玉的哥哥们了🙄
[2026-02-16 23:43:27] Altolier: 四马兄弟
[2026-02-16 23:43:27] 用户2719002301: 准备好了吗🤬，我是快乐小玩😊喵^_^~
[2026-02-16 23:43:27] 陶芸馝: 玩爸爸，奖励我。玩爸爸，奖励我。玩爸爸，奖励我。
[2026-02-16 23:43:28] 玩机器爱吃大分: 恶臭男又在嫉妒我如花似玉的哥哥们了🙄
[2026-02-16 23:43:28] 刘农: 玩 出 a 门
[2026-02-16 23:43:28] 两仪琴本人: 还好除夕初一都有比赛，还有玩宝宝陪我，要不我都不知道这年该怎么过
[2026-02-16 23:43:28] 玩玩解说一辈子: 弹幕有人真在看春碗啊😨
[2026-02-16 23:43:28] 鲸鱼向海鲸鱼向海: 宫监手！准备放监！🏹🏹🏹🏹宫监手！准备放监！🏹🏹🏹🏹宫监手！准备放监！🏹🏹🏹
[2026-02-16 23:43:28] 哈机器好胖好可爱: 恶臭男又在嫉妒我如花似玉的哥哥们了🙄
[2026-02-16 23:43:28] 爱妮的小和尚: 小尼马🙄
[2026-02-16 23:43:28] AG的青叶摩卡本人: 恶臭男又在嫉妒我如花似玉的哥哥们了🙄
[2026-02-16 23:43:29] 不变的追求717: 恶臭男又在嫉妒我如花似玉的哥哥们了🙄
[2026-02-16 23:43:29] 赣榆峰: 恶臭男又在嫉妒我如花似玉的哥哥们了🙄
[2026-02-16 23:43:29] 料料-: 恶臭男又在嫉妒我如花似玉的哥哥们了🙄
[2026-02-16 23:43:29] 管大无需多颜: 弹幕有人真在看春碗啊😨
[2026-02-16 23:43:30] 我不能C呀: 可是宗主也很会研发啊🥹
[2026-02-16 23:43:30] 丿哈哈大笑: 四马兄弟
[2026-02-16 23:43:30] TheMongolZ的上单本人: 恶臭男又在嫉妒我如花似玉的哥哥们了🙄
[2026-02-16 23:43:30] 王梓琦的Ozzz丶: 恶臭男又在嫉妒我如花似玉的哥哥们了🙄
[2026-02-16 23:43:30] 尼尼孩孩京京驴驴: 王安宇冯冯爱你！
[2026-02-16 23:43:30] 小蜜蜂的长期素食本人: 准备好了吗🤬，我是快乐小玩😊喵^_^~
[2026-02-16 23:43:30] 付先生fj: 恶臭男又在嫉妒我如花似玉的哥哥们了🙄
[2026-02-16 23:43:30] Altolier: 恶臭男又在嫉妒我如花似玉的哥哥们了🙄
[2026-02-16 23:43:30] 好姐妹柳如烟: 马年不上马嘉祺上四个🦆是什么意思？😅
[2026-02-16 23:43:31] 陶芸馝: 弹幕有人真在看春碗啊😨
[2026-02-16 23:43:31] -ER1C-: 恶臭男又在嫉妒我如花似玉的哥哥们了🙄
[2026-02-16 23:43:31] 你的爸比的爸比: 恶臭男又在嫉妒我如花似玉的哥哥们了🙄
[2026-02-16 23:43:31] 地球竖着转赤道大变了: [呱呱]啊~[呱呱]啊~[呱呱]啊~[呱呱]啊~[呱呱]啊~
[2026-02-16 23:43:31] 帕金森患者Z: 小尼马🙄
[2026-02-16 23:43:32] 好女孩庄方宜: 恶臭男又在嫉妒我如花似玉的哥哥们了🙄
[2026-02-16 23:43:32] 布丁布盯: 四马兄弟
[2026-02-16 23:43:32] 绫721: 感觉不如小马宝莉
[2026-02-16 23:43:32] 好哥们异术咒老师: 玩大哥看着弹幕想读又不敢读的样子比春 晚好看
[2026-02-16 23:43:33] 用户2719002301: 宫监手！准备放监！🏹🏹🏹🏹宫监手！准备放监！🏹🏹🏹🏹宫监手！准备放监！🏹🏹🏹
[2026-02-16 23:43:33] 最后才发现无药可医: 🐴🐴🐴🐴
[2026-02-16 23:43:33] c9的Stewie2k本人0: 我果然喜欢这种意气风发的短发女孩🥺🥺🥺
[2026-02-16 23:43:33] 不知名贝斯手: 恶臭男又在嫉妒我如花似玉的哥哥们了🙄
[2026-02-16 23:43:33] Dartline: 准备好了吗🤬，我是快乐小玩😊喵^_^~
[2026-02-16 23:43:33] Zipper44: 🦆🦆🦆🦆
[2026-02-16 23:43:34] 陶芸馝: 恶臭男又在嫉妒我如花似玉的哥哥们了🙄
[2026-02-16 23:43:34] 奈亚亚亚亚亚: 弹幕有人真在看春碗啊😨
[2026-02-16 23:43:34] m0rt1s: 不如宗主一根 有没有懂的
[2026-02-16 23:43:34] Invoker灬旭: 恶臭男又在嫉妒我如花似玉的哥哥们了🙄
[2026-02-16 23:43:34] Yuusuke95: 🗿：..............
[2026-02-16 23:43:34] 玩急气的小急急: 　　　 玩大哥看着弹幕想读又不敢读的样子比春 晚好看
[2026-02-16 23:43:34] 香甜苍崎青子的腋窝: 四马兄弟
[2026-02-16 23:43:34] 好姐妹太卜司符玄: 恶臭男又在嫉妒我如花似玉的哥哥们了🙄
[2026-02-16 23:43:35] 管大无需多颜: 弹幕有人真在看春碗啊😨
[2026-02-16 23:43:35] 玩机器的大卫戴: 恶臭男又在嫉妒我如花似玉的哥哥们了🙄
[2026-02-16 23:43:36] 丰川祥子114:  @达尔豪斯大学教授：亦博刘你现在体会到我的感受了吗？我在讲台上费劲口舌讲课而底下的学生心根本不在教
[2026-02-16 23:43:36] 乏ecce: 弹幕有人真在看春碗啊😨
[2026-02-16 23:43:36] jamesfaith23: 宗主你不是在比赛吗？你怎么上舞台了😰😰
[2026-02-16 23:43:36] musherzin: 恶臭男又在嫉妒我如花似玉的哥哥们了🙄
[2026-02-16 23:43:37] 无情道毕业生: 玩大哥看着弹幕想读又不敢读的样子比春 晚好看
[2026-02-16 23:43:37] 天影tl:  @辽宁鞍山的otto本人：玩爸爸，奖励我。玩爸爸，奖励我。玩爸爸，奖励我。
[2026-02-16 23:43:37] 愿人立刻有: 你们在说什么啊，难道只有我一个人投屏看玩宝宝吗🥺🥺
[2026-02-16 23:43:37] 绫721: 四马兄弟
[2026-02-16 23:43:37] 海绵宝宝雾雨儿: 宗主来随便上春碗
[2026-02-16 23:43:37] CSTGTalen: @达尔豪斯大学教授：亦博刘你现在体会到我的感受了吗？我在讲台上费劲口舌讲课而底下的学生心根本不在教室
[2026-02-16 23:43:38] aphasia失语: 弹幕有人真在看春碗啊😨
[2026-02-16 23:43:38] F大邦: 玩爸爸，奖励我。玩爸爸，奖励我。玩爸爸，奖励我。
[2026-02-16 23:43:38] Yuuuzaki: 弹幕有人真在看春碗啊😨
[2026-02-16 23:43:38] -JUL-: 弹幕有人真在看春碗啊😨
[2026-02-16 23:43:38] J1AN89: 恶臭男又在嫉妒我如花似玉的哥哥们了🙄
[2026-02-16 23:43:38] 镜轩丶: 这四条没马兄弟是男的女的
[2026-02-16 23:43:38] Schurre: 可是宗宗也很如花似玉呀
[2026-02-16 23:43:39] 好哥们奥格巴巴: 恶臭男又在嫉妒我如花似玉的哥哥们了🙄
[2026-02-16 23:43:39] 奈亚亚亚亚亚: 恶臭男又在嫉妒我如花似玉的哥哥们了🙄
[2026-02-16 23:43:40] 陶芸馝: 玩大哥看着弹幕想读又不敢读的样子比春 晚好看
[2026-02-16 23:43:40] 约定之王: 对口型也太难了 都要流汗了
[2026-02-16 23:43:40] 蚊香蝌蚪杨某人: 玩大哥怎么过完年你就腰不疼了气不喘了人也不咳嗽了，今天杀年猪没轮到你真是有预谋的啊👁️👁️
[2026-02-16 23:43:41] 皮艳羊丶: 恶臭男又在嫉妒我如花似玉的哥哥们了🙄
[2026-02-16 23:43:41] 亏大发喽: @jee：直播间的小仙女最好不要说话，不然我直接上去🤟💦，你受不了
[2026-02-16 23:43:41] foxsward-ooo-: 准备好了吗🤬，我是快乐小玩😊喵^_^~
[2026-02-16 23:43:41] 玩猫娘、planecup: @玩爸爸：我果然喜欢这种意气风发的短发女孩🥺🥺🥺
[2026-02-16 23:43:42] 玩机器的大卫戴: 恶臭男又在嫉妒我如花似玉的哥哥们了🙄
[2026-02-16 23:43:42] 儒购急了: 弹幕有人真在看春碗啊😨
[2026-02-16 23:43:42] 椰汁糕北瓜强: 🐴牛魔
[2026-02-16 23:43:43] 好兄弟海德格尔: 同事花268让我帮忙点6657电竞800w档位，我反手花60淘宝找一个吃200，我做的对吗？
[2026-02-16 23:43:43] 管大无需多颜: 弹幕有人真在看春碗啊😨
[2026-02-16 23:43:43] 由基拉喵: 玩大哥看着弹幕想读又不敢读的样子比春 晚好看
[2026-02-16 23:43:43] 爱道冠: 弹幕有人真在看春碗啊😨
[2026-02-16 23:43:43] 用户1468745413: 可是宗主也很厉害啊🥺
[2026-02-16 23:43:43] 无尘入梦: 玩大哥看着弹幕想读又不敢读的样子比春 晚好看
[2026-02-16 23:43:43] 1023494615: @陶芸馝：玩爸爸，奖励我。玩爸爸，奖励我。玩爸爸，奖励我。
[2026-02-16 23:43:43] 花泽舞夜: 玩大哥看着弹幕想读又不敢读的样子比春 晚好看
[2026-02-16 23:43:43] w2o45: 准备好了吗🤬，我是快乐小玩😊喵^_^~
[2026-02-16 23:43:43] kukjongu: 快乐小马今晚回家
[2026-02-16 23:43:44] Ikaros38679: 你们在说什么啊，难道只有我一个人投屏看玩宝宝吗🥺🥺
[2026-02-16 23:43:44] Dartline: 弹幕有人真在看春碗啊😨
[2026-02-16 23:43:45] ymyyo: 恶臭男又在嫉妒我如花似玉的哥哥们了🙄
[2026-02-16 23:43:45] 天魔外道y: 准备好了吗🤬，我是快乐小玩😊喵^_^~
[2026-02-16 23:43:45] WormChip: 弹幕恶臭男收收味，我刚下班妆都没卸就来看四马兄弟了
[2026-02-16 23:43:45] 会走路的横纹肌: 这节目的意味到底是am
[2026-02-16 23:43:45] Falcons的刘划墙本人: 恶臭男又在嫉妒我如花似玉的哥哥们了🙄
[2026-02-16 23:43:45] 贝让的柯罗莎本人: 弹幕有人真在看春碗啊😨
[2026-02-16 23:43:46] Astralis的若叶睦本人: 弹幕有人真在看春碗啊😨
[2026-02-16 23:43:46] 寒桥暴雪: 马+7:我才是小马🐴
[2026-02-16 23:43:46] 齐马蓝Zima: 可是宗宗也很如花似玉呀
[2026-02-16 23:43:46] 老师我吃汉堡: 恶臭男又在嫉妒我如花似玉的哥哥们了🙄
[2026-02-16 23:43:46] 网友昊龙许: 弹幕有人真在看春碗啊😨
[2026-02-16 23:43:46] 玩玩解说一辈子: 准备好了吗🤬，我是快乐小玩😊喵^_^~
[2026-02-16 23:43:47] 天魔外道y: 准备好了吗🤬，我是快乐小玩😊喵^_^~
[2026-02-16 23:43:47] 电脑玩家猴仙人: @达尔豪斯大学教授：亦博刘你现在体会到我的感受了吗？我在讲台上费劲口舌讲课而底下的学生心根本不在教室
[2026-02-16 23:43:47] 星海羽弦: 弹幕有人真在看春碗啊😨
[2026-02-16 23:43:47] 传奇贝斯手长崎素世: 主播解说得毫无激情。。弹幕也莫名发神经。。看不下去了拜拜。。
[2026-02-16 23:43:47] 无尘入梦: 玩大哥看着弹幕想读又不敢读的样子比春 晚好看
[2026-02-16 23:43:47] Dartline: 准备好了吗🤬，我是快乐小玩😊喵^_^~
[2026-02-16 23:43:47] bboy瞎子: 弹幕有人真在看春碗啊😨
[2026-02-16 23:43:48] 用户9465680303: br0太坏了
[2026-02-16 23:43:48] 樽酹江月: 恶臭男又在嫉妒我如花似玉的哥哥们了🙄
[2026-02-16 23:43:49] 没事小子: 我是勇敢小马！
[2026-02-16 23:43:49] F大邦: 玩爸爸，奖励我。玩爸爸，奖励我。玩爸爸，奖励我。
[2026-02-16 23:43:49] 梦想图腾: 弹幕有人真在看春碗啊😨
[2026-02-16 23:43:50] 怕rua到克斯: 玩大哥看着弹幕想读又不敢读的样子比春 晚好看
[2026-02-16 23:43:50] 美梦奈何天: 弹幕有人真在看春碗啊😨desuwa
[2026-02-16 23:43:51] 1039210: 🗿这里有个宰猪集锦
[2026-02-16 23:43:51] 玩机器玩机记: 四马兄弟来了
[2026-02-16 23:43:52] 管大无需多颜: 准备好了吗🤬，我是快乐小玩😊喵^_^~
[2026-02-16 23:43:52] 忧伤呵呵哒: 恶臭男又在嫉妒我如花似玉的哥哥们了🙄
[2026-02-16 23:43:52] A队的三角初华本人: 可是宗主也很厉害啊🥺
[2026-02-16 23:43:52] SideChannel: 吓人
[2026-02-16 23:43:53] Mngata198: 我是快乐小马🐴🐴🐴
[2026-02-16 23:43:53] Aysell: 恶臭男又在嫉妒我如花似玉的哥哥们了🙄
[2026-02-16 23:43:53] 樽酹江月: 准备好了吗🤬，我是快乐小玩😊喵^_^~
[2026-02-16 23:43:53] 战场原黑仪丿: 我是勇敢小马！
[2026-02-16 23:43:53] 花泽舞夜: 弹幕有人真在看春碗啊😨
[2026-02-16 23:43:54] 蚊香蝌蚪杨某人: 玩大哥怎么过完年你就腰不疼了气不喘了人也不咳嗽了，今天杀年猪没轮到你真是有预谋的啊👁️👁️
[2026-02-16 23:43:54] 井芹桃香: 准备好了吗🤬，我是快乐小玩😊喵^_^~
[2026-02-16 23:43:54] 天魔外道y: 准备好了吗🤬，我是快乐小玩😊喵^_^~
[2026-02-16 23:43:54] 玩勾八丶迪克: 卧槽绿龙全队上春碗了！
[2026-02-16 23:43:55] 椰汁糕北瓜强: 玩爸爸，奖励我。玩爸爸，奖励我。玩爸爸，奖励我。
[2026-02-16 23:43:55] 弱小无助特别能吃: ？
[2026-02-16 23:43:56] 迪奥雷: 豆出
[2026-02-16 23:43:56] 早霜改二: 后空翻
[2026-02-16 23:43:56] 亦博你要开心要幸福: @疯婆：我也是快乐小马
[2026-02-16 23:43:56] 绫721: 感觉不如小马宝莉
[2026-02-16 23:43:57] 拉特兰的Exus1a1本人: 四马兄弟来了
[2026-02-16 23:43:57] 好姐妹布雷斯特: ？
[2026-02-16 23:43:57] 好兄弟吉姆哈克: 实在忍不住了充了6块钱，这个🐷和🗿凭什么能留在绿龙啊
[2026-02-16 23:43:57] 玩指挥丶NiKo: 弹幕有人真在看春碗啊😨desuwa
[2026-02-16 23:43:57] Vitality的羽贺文乃本人: 炎帝
[2026-02-16 23:43:57] NiKkiRain: 我是快乐小马🐴🐴🐴
[2026-02-16 23:43:57] 美梦奈何天: 玩大哥看着弹幕想读又不敢读的样子比春 晚好看desuwa
[2026-02-16 23:43:58] 车车箱箱major冠军: 后空翻
[2026-02-16 23:43:58] 好姐妹久慈川理世: 卧槽绿龙全队上春碗了！
[2026-02-16 23:43:58] 夢想係猛瀨女神腳趾: 🐷年你上去唱快乐小🐷
[2026-02-16 23:43:58] 世界都是幻想: 玩大哥怎么过完年你就腰不疼了气不喘了人也不咳嗽了，今天杀年猪没轮到你真是有预谋的啊👁️👁️
[2026-02-16 23:43:58] 小郑121388: 还真是
[2026-02-16 23:43:58] Ayu824: mp7做得到吗？
[2026-02-16 23:43:58] 工藤里没静香了: 🗿
[2026-02-16 23:43:58] 神奥联盟的竹兰本人: 炎帝
[2026-02-16 23:43:58] 管大无需多颜: 弹幕有人真在看春碗啊😨
[2026-02-16 23:43:59] 用户255420066: 准备好了吗🤬，我是快乐小玩😊喵^_^
[2026-02-16 23:43:59] 甘织玲奈子本人: 弹幕有人真在看春碗啊😨
[2026-02-16 23:43:59] 好哥们异术咒老师: 准备好了吗🤬，我是快乐小玩😊喵^_^~
[2026-02-16 23:43:59] 果冻果酱832: 后空翻
[2026-02-16 23:43:59] WormChip: 弹幕恶臭男收收味，我刚下班妆都没卸就来看四马兄弟了
[2026-02-16 23:43:59] 膜牙: 后空翻
[2026-02-16 23:43:59] 爱遛冰的火焰鼠: mp7杀完了
[2026-02-16 23:43:59] SiUy丿: 后仰了
[2026-02-16 23:43:59] 传奇贝斯手长崎素世: 主播解说得毫无激情。。弹幕也莫名发神经。。看不下去了拜拜。。
[2026-02-16 23:44:00] 用户6511758421: 玩大哥看着弹幕想读又不敢读的样子比春 晚好看
[2026-02-16 23:44:00] c9的Stewie2k本人0: 四区兄弟
[2026-02-16 23:44:00] 好姐妹柳如烟: 准备好了吗🤬，我是快乐小玩😊喵^_^~
[2026-02-16 23:44:00] 蚊香蝌蚪杨某人: 玩大哥怎么过完年你就腰不疼了气不喘了人也不咳嗽了，今天杀年猪没轮到你真是有预谋的啊👁️👁️
[2026-02-16 23:44:01] 用户3661578: 后空翻
[2026-02-16 23:44:01] 莱茵河畔本人: 后仰跳投
[2026-02-16 23:44:01] N0wAy丶: 准备好了吗🤬，我是快乐小玩😊喵^_^~
[2026-02-16 23:44:01] 魔男的夜宴: 弹幕有人真在看春碗啊😨
[2026-02-16 23:44:01] 网友猪大壮: 卧槽绿龙全队上春碗了！
[2026-02-16 23:44:01] 变成allin守护素食小姐: 牛晚都有人看啊，春比...
[2026-02-16 23:44:02] 陶芸馝: 准备好了吗🤬，我是快乐小玩😊喵^_^~
[2026-02-16 23:44:02] 老奇崔恩: @椰汁糕北瓜强：玩爸爸，奖励我。玩爸爸，奖励我。玩爸爸，奖励我。
[2026-02-16 23:44:02] 小蜜蜂的长期素食本人: 研帝
[2026-02-16 23:44:02] 新一啊233: 快了小马
[2026-02-16 23:44:02] Yuta030: ？
[2026-02-16 23:44:03] 短桥窄马: 飞起来了
[2026-02-16 23:44:03] Hairk0627: 云玩家
[2026-02-16 23:44:03] 几笔成书灬: 后空翻
[2026-02-16 23:44:03] 南执i: 唐家四少
[2026-02-16 23:44:04] -nOOn-: 哈里路大旋风
[2026-02-16 23:44:04] 茶饼茶饼茶饼茶饼: 弹幕恶臭男收收味，我刚下班妆都没卸就来看四马兄弟了
[2026-02-16 23:44:05] Jester7810: 卧槽绿龙全队上春碗了！
[2026-02-16 23:44:05] 好兄弟海德格尔: 同事花268让我帮忙点6657电竞800w档位，我反手花60淘宝找一个吃200，我做的对吗？
[2026-02-16 23:44:05] 我系唯唯唯唯: 我是快乐小马🐴🐴🐴
[2026-02-16 23:44:05] 用户771016807: 弹幕有人真在看春碗啊😨
[2026-02-16 23:44:06] 丛念39090: 准备好了吗🤬，我是快乐小玩😊喵^_^~
[2026-02-16 23:44:06] 鲜血与暗影铸造的家伙: a➗怎么死的
[2026-02-16 23:44:07] 海参从不熬森偷载: a出
[2026-02-16 23:44:07] 无情道毕业生: 弹幕有人真在看春碗啊😨
[2026-02-16 23:44:08] 池上雨下: a➗
[2026-02-16 23:44:08] 申留真小男友: @椰汁糕北瓜强：玩爸爸，奖励我。玩爸爸，奖励我。玩爸爸，奖励我。
[2026-02-16 23:44:08] 酒姑娘的小枫: 准备好了吗🤬，我是快乐小玩😊喵^_^~
[2026-02-16 23:44:08] c9的Stewie2k本人0: 春碗是什么 装🐷食的新食槽吗......
[2026-02-16 23:44:08] 卷心菜514: 飞马
[2026-02-16 23:44:09] 蚊香蝌蚪杨某人: 玩大哥怎么过完年你就腰不疼了气不喘了人也不咳嗽了，今天杀年猪没轮到你真是有预谋的啊👁️👁️
[2026-02-16 23:44:09] 没有真名233: 准备好了吗🤬，我是快乐小玩😊喵^_^~
[2026-02-16 23:44:09] 佩尔沃姆老鹧鸪: 四马兄弟
[2026-02-16 23:44:09] 紫衣Lorden: 准备好了吗🤬，我是快乐小玩😊喵^_^~
[2026-02-16 23:44:09] 宇宙第一麻瓜: a处
[2026-02-16 23:44:10] F大邦: 玩爸爸，奖励我。玩爸爸，奖励我。玩爸爸，奖励我。
[2026-02-16 23:44:10] 好兄弟海德格尔: 同事花268让我帮忙点6657电竞800w档位，我反手花60淘宝找一个吃200，我做的对吗？ 
[2026-02-16 23:44:10] 用户9465680303: 已下单
[2026-02-16 23:44:10] 小洞大人打玩啦: 卧槽绿龙全队上春碗了！
[2026-02-16 23:44:10] 拿胃的森破本人: 我是快乐小马🐴🐴🐴
[2026-02-16 23:44:10] ymyyo: 玩大哥怎么过完年你就腰不疼了气不喘了人也不咳嗽了，今天杀年猪没轮到你真是有预谋的啊👁️👁️
[2026-02-16 23:44:10] 解说玩机包: 准备好了吗🤬，我是快乐小玩😊喵^_^~
[2026-02-16 23:44:10] 料料-: a➗
[2026-02-16 23:44:10] 我只是凡人: a➗
[2026-02-16 23:44:10] CorPseF1ower: 准备好了吗🤬，我是快乐小玩😊喵^_^~
[2026-02-16 23:44:10] 好姐妹一色伊吕波: 🗿
[2026-02-16 23:44:11] 萝团的白金燐子本人: 卧槽绿龙全队上春碗了！
[2026-02-16 23:44:11] Vitality的Eminem本人: 九号
[2026-02-16 23:44:11] 只求100k: 卧槽绿龙全队上春碗了！
[2026-02-16 23:44:11] 没事小子: 我是快乐小马🐴🐴🐴
[2026-02-16 23:44:11] Dartline: 准备好了吗🤬，我是快乐小玩😊喵^_^~
[2026-02-16 23:44:11] 心安理得的时候: a➗
[2026-02-16 23:44:12] 五子棋oo: 我是快乐小马🐴🐴🐴
[2026-02-16 23:44:12] c9的Stewie2k本人0: 春碗是什么 装🐷食的新食槽吗......
[2026-02-16 23:44:13] 管大无需多颜: 弹幕有人真在看春碗啊😨
[2026-02-16 23:44:13] 寒桥暴雪: 柚恩小马
