[2026-02-18 19:36:16] Wyy0907651: 🤖玩🤖大🤖哥🤖我🤖来🤖上🤖班🤖了🤖🤖玩🤖大🤖哥🤖我🤖来🤖上🤖班🤖了
[2026-02-18 19:36:16] 教老子做饭:  @Wyy0907651：🤖玩🤖大🤖哥🤖我🤖来🤖上🤖班🤖了🤖🤖玩🤖大🤖哥🤖
[2026-02-18 19:36:16] 工藤里没静香了: 😮哦😮哦😮哦😮哦😮哦😮哦😮哦😮哦😮哦😮哦😮哦😮哦😮哦😮哦😮哦😮哦😮
[2026-02-18 19:36:16] markantonio: 无需拉踩，曲总的解说就是这么朴实无华却沁人心脾，比某些人那种故作高端的摆拍更有效果
[2026-02-18 19:36:16] 伊万太郎: 千万别关加一啊😭我没文化脑子笨😭每天就加一然后傻乐😭你关加一不如把我鲨了😭
[2026-02-18 19:36:16] 江财第一肥美:  @伊万太郎：千万别关加一啊😭我没文化脑子笨😭每天就加一然后傻乐😭你关加一不如把我鲨了😭
[2026-02-18 19:36:16] 工藤里没静香了: 唉 生活真的好累 只有看你直播能开心一会了 现在要睡觉了 希望明天一切都好
[2026-02-18 19:36:24] 勇气小猪i: 第一个发明+1的是天才，第一个发明+1过快的是傻呗
[2026-02-18 19:36:25] 米豆腐怪蜀黍丶: 这局换我来也能赢
[2026-02-18 19:36:25] 洛水三桥: ？？？？？？
[2026-02-18 19:36:27] 好兄弟贝黑莱特: 0号动啊
[2026-02-18 19:36:30] Awakening206: 1
[2026-02-18 19:36:32] 算了累了吧: 甩狙没那么流畅吧
[2026-02-18 19:36:32] 可口的蛆: 还搁这直播呢？圣主突破封印，布莱克警长正组织反击，其他生肖都到了，就差你这头猪了
[2026-02-18 19:36:33] 絕對灬榊話ing: ZywOo play
[2026-02-18 19:36:37] 洛水三桥: 玩不玩
[2026-02-18 19:36:38] 358858134: 惨啊
[2026-02-18 19:36:38] z1x18: 维卡迪亚成神了
[2026-02-18 19:36:39] 螋凌: 这么打真没意义啊 这练的啥啊
[2026-02-18 19:36:39] 明双: 保了吧...
[2026-02-18 19:36:39] 用户S1116: 右边那个b 你不想张嘴解说可以学手语服务特殊人群
[2026-02-18 19:36:40] 射命丸文文句号: 还一个一穿二
[2026-02-18 19:36:41] 转眼即逝i: 烟不给切刀去中路？
[2026-02-18 19:36:42] 拒绝打游戏ss: 僵尸战术
[2026-02-18 19:36:44] 我一直都在线: 不如饱了
[2026-02-18 19:36:44] 热心的Wang友: 谁是主狙
[2026-02-18 19:36:45] 用户4433429405: 犯病了中路这样走？
[2026-02-18 19:36:47] 贫道佛像: 现在都这么厉害了呀
[2026-02-18 19:36:48] 可口的蛆: 右边那个b 你不想张嘴解说可以学手语服务特殊人群
[2026-02-18 19:36:49] 洛水三桥: 右边那个b 你不想张嘴解说可以学手语服务特殊人群
[2026-02-18 19:36:50] 当你队友真难受: 中啥也没有切刀跑说是
[2026-02-18 19:36:52] 散落漫天的回忆581: 好家伙，果然要打生死轮
[2026-02-18 19:36:52] 蕾丝心痛: 主狙是谁
[2026-02-18 19:36:59] 丗吴童术: 这人二打一往烟里钻  装残局带师
[2026-02-18 19:37:01] 教老子做饭: ⚠️陈千语测试：此弹幕为陈千语🐉专属，非陈千语不要+1
[2026-02-18 19:37:03] 洛水三桥: 右边那个b 你不想张嘴解说可以学手语服务特殊人群
[2026-02-18 19:37:05] 豆余的machine本人: 　　　 不✋要✋停✋止✋这✋场✋盛✋宴✋不✋要✋停✋止✋这✋场✋盛✋宴✋
[2026-02-18 19:37:07] 钩钩Yooo: ？？？
[2026-02-18 19:37:08] 散落漫天的回忆581: 3场拉满
[2026-02-18 19:37:08] 驴酱丶阿南: 右边那个b 你不想张嘴解说可以学手语服务特殊人群
[2026-02-18 19:37:10] 玖忆惜梦朝朝暮暮:  @豆余的machine本人：　　　 不✋要✋停✋止✋这✋场✋盛✋宴✋不✋要✋停✋止✋这✋场✋盛✋宴
[2026-02-18 19:37:11] markantonio: 这土耳其连残阵a队都要打不过了？？？
[2026-02-18 19:37:11] 磡嗁寰: .
[2026-02-18 19:37:12] 我爱玩希尔斯:  @洛水三桥：右边那个b 你不想张嘴解说可以学手语服务特殊人群
[2026-02-18 19:37:13] 迪巴拉小可爱: 这 b 还不摸啊
[2026-02-18 19:37:14] 曙宸宸:  @驴酱丶阿南：右边那个b 你不想张嘴解说可以学手语服务特殊人群
[2026-02-18 19:37:14] CevrR: 从6657来到这里就像刚上完厕所重新换上燕尾服一样🍷
[2026-02-18 19:37:15] 好兄弟贝黑莱特: 感觉13:11了啊
[2026-02-18 19:37:15] 给林欢爸比中次奖吧: @驴酱丶阿南：右边那个b 你不想张嘴解说可以学手语服务特殊人群
[2026-02-18 19:37:16] 石家庄的刘亦博本人: 怎么比老汤还菜啊
[2026-02-18 19:37:18] Monet99370: 汤味渐浓
[2026-02-18 19:37:18] 满目星辰皆似你a: 右边那个b 你不想张嘴解说可以学手语服务特殊人群
[2026-02-18 19:37:20] 用户4433429405: 右边那个b 你不想张嘴解说可以学手语服务特殊人群
[2026-02-18 19:37:20] 絕對灬榊話ing: ZywOo play
[2026-02-18 19:37:22] TheMongolZ的上单本人: device play
[2026-02-18 19:37:24] 无疾而终: 右边那个b 你不想张嘴解说可以学手语服务特殊人群
[2026-02-18 19:37:25] 今天财酱也是猛男:  @洛水三桥：右边那个b 你不想张嘴解说可以学手语服务特殊人群
[2026-02-18 19:37:26] 骑电瓶加油努力:  @用户4433429405：右边那个b 你不想张嘴解说可以学手语服务特殊人群
[2026-02-18 19:37:26] 筱桀sky45738: 铁树开花？
[2026-02-18 19:37:27] ZC1ay: phzy好菜
[2026-02-18 19:37:28] 简简单单98196: 这phzy的狙是人吗
[2026-02-18 19:37:29] 明双: 这图狙手不发挥，太难
[2026-02-18 19:37:29] 洛水三桥: 右边那个b 你不想张嘴解说可以学手语服务特殊人群
[2026-02-18 19:37:31] 多多小姐:  @满目星辰皆似你a：右边那个b 你不想张嘴解说可以学手语服务特殊人群
[2026-02-18 19:37:31] vujia: 感觉要翻
[2026-02-18 19:37:33] 豆余的machine本人: 鲍！运！大！九！裹！暗！鲍！运！大！九！裹！暗！鲍！运！大！九！裹！暗！鲍
[2026-02-18 19:37:34] 当你队友真难受: 没有人类了已经
[2026-02-18 19:37:34] 花芫西子: 图三吧 想多看会
[2026-02-18 19:37:35] 默罕默德先知: 右边那个b 你不想张嘴解说可以学手语服务特殊人群
[2026-02-18 19:37:38] 绿龙的西若本人: 右边那个b 你不想张嘴解说可以学手语服务特殊人群
[2026-02-18 19:37:38] 永夜123: QUQU摘了个蛋给WJQ做了蛋炒饭，WJQ说了句干，QUQU又默默的从厨房里面端出一碗蛋花汤
[2026-02-18 19:37:39] 粉胸碎奶拳42052: 冲锋狙
[2026-02-18 19:37:40] 猪叫团的新成员: 老登可以退役了，让布丁自己来就好了
[2026-02-18 19:37:41] 用户71626271: 野圣24k了外援玩不玩
[2026-02-18 19:37:41] 风华u: 图三吧 想多看会
[2026-02-18 19:37:42] 用户86531737: 右边那个b 你不想张嘴解说可以学手语服务特殊人群
[2026-02-18 19:37:45] z1x18: 骚福瑞太软了
[2026-02-18 19:37:45] 7号飞行员: 狙真不是人啊
[2026-02-18 19:37:45] 简君1996: 1500有什么刀还行的没
[2026-02-18 19:37:47] 伊万太郎: @默罕默德先知：右边那个b 你不想张嘴解说可以学手语服务特殊人群
[2026-02-18 19:37:47] 骑电瓶加油努力:  @绿龙的西若本人：右边那个b 你不想张嘴解说可以学手语服务特殊人群
[2026-02-18 19:37:48] 转眼即逝i: 不给烟切刀去中门太触了
[2026-02-18 19:37:49] 极夜之辰: 老汤回来吧 至少老汤长得帅
[2026-02-18 19:37:51] 笑到奶疼:  @多多小姐： 好的👌
[2026-02-18 19:37:53] 简简单单98196: 还起狙吗
[2026-02-18 19:37:55] Ats的Device本人: 兄弟们，机器呢
[2026-02-18 19:37:57] 想吃千早爱音的金金: 翻了
[2026-02-18 19:38:00] 基拉夕阳西下: 你听听你说的这是熊话？
[2026-02-18 19:38:00] hee丶贺: 6
[2026-02-18 19:38:01] 洛水三桥: 你一直在吃黑黑的长长的是什么
[2026-02-18 19:38:05] 羽程江湖: 10年地图一直是一个样吗？
[2026-02-18 19:38:05] 昇六哥: 区区那是在给什么口啊？
[2026-02-18 19:38:07] YYYKING丶: 打B破双狙简单得很一B
[2026-02-18 19:38:07] 骑电瓶加油努力:  @洛水三桥：你一直在吃黑黑的长长的是什么
[2026-02-18 19:38:11] 等待梦醒的时刻12277: 这个准星认真的？
[2026-02-18 19:38:11] 用户9413689: @玩机器machine：感觉这狙不如dev1ce啊
[2026-02-18 19:38:14] asyouwish2000: @洛水三桥：你一直在吃黑黑的长长的是什么
[2026-02-18 19:38:15] 用户71626271: 亦博毙
[2026-02-18 19:38:16] 加仓红宝石刺刀dewasu:  @洛水三桥：你一直在吃黑黑的长长的是什么
[2026-02-18 19:38:19] 冷痕sw: 亦博毙
[2026-02-18 19:38:19] feSHt3: 玩机器登山了！抓住机会曲总，同事就是仇人
[2026-02-18 19:38:23] 筱惠丶狠殇心94285: 1局被刀2次
[2026-02-18 19:38:24] 今天财酱也是猛男:  @洛水三桥：你一直在吃黑黑的长长的是什么
[2026-02-18 19:38:24] qin776655: 要不是过年，老子要磕瓜子，我不骂死你
[2026-02-18 19:38:25] 豆余的machine本人:  @feSHt3：玩机器登山了！抓住机会曲总，同事就是仇人
[2026-02-18 19:38:29] 等待路过的你573810: 36岁天才狙击手没有狙用
[2026-02-18 19:38:29] 用户7682495146: @洛水三桥：你一直在吃黑黑的长长的是什么
[2026-02-18 19:38:29] markantonio: @洛水三桥：你一直在吃黑黑的长长的是什么
[2026-02-18 19:38:30] 石家庄的刘亦博本人: 区
[2026-02-18 19:38:33] 加仓红宝石刺刀dewasu:  @feSHt3：玩机器登山了！抓住机会曲总，同事就是仇人
[2026-02-18 19:38:33] 明双: 亚比不是人啊
[2026-02-18 19:38:35] 简单爱V水柠檬: 三亿鼠标の梦想
[2026-02-18 19:38:37] mpdel: 🧹清理玩小将🧹清理玩小将🧹清理玩小将🧹清理玩小将🧹清理玩小将🧹清理玩小将🧹
[2026-02-18 19:38:37] 清风TRE: 就打中一枪
[2026-02-18 19:38:39] 头酱的右护法: 哈哈哈
[2026-02-18 19:38:41] 絕對灬榊話ing: 鼠出
[2026-02-18 19:38:41] 刘氏嘉园有豪宅: 出
[2026-02-18 19:38:41] 篮诺颜44521: 1700想狙击 怎么办
[2026-02-18 19:38:43] 豆余的machine本人: ？
[2026-02-18 19:38:43] 助理ququ别凶流星: 这架不住
[2026-02-18 19:38:44] 天隐星河ya: 鼠出
[2026-02-18 19:38:44] 用户8328412967: 羞死了
[2026-02-18 19:38:45] 教老子做饭:  @mpdel：🧹清理玩小将🧹清理玩小将🧹清理玩小将🧹清理玩小将🧹清理玩小将🧹清理玩小将
[2026-02-18 19:38:46] 血染64574: 哈哈哈哈哈哈
[2026-02-18 19:38:46] 雨中running: 哈哈哈哈哈
[2026-02-18 19:38:47] 盛夏梨雨禾: 他能卖一百万刀？？？
[2026-02-18 19:38:47] 热心的Wang友: 贵了
[2026-02-18 19:38:49] Decoyyy: 🧹清理玩小将🧹清理玩小将🧹清理玩小将🧹清理玩小将🧹清理玩小将🧹清理玩小将🧹
[2026-02-18 19:38:49] 肉骨头618: 主播 嗦喽什么呢
[2026-02-18 19:38:50] Antidotevo: 发配去100T
[2026-02-18 19:38:51] 嫖老师在外包养的小三: 爆了
[2026-02-18 19:38:51] 冰冰箱箱major冠军: 打不过老头
[2026-02-18 19:38:52] 天隐星河ya:  @教老子做饭： 
[2026-02-18 19:38:52] 用户7682495146: @mpdel：🧹清理玩小将🧹清理玩小将🧹清理玩小将🧹清理玩小将🧹清理玩小将🧹清理玩小将
[2026-02-18 19:38:52] 头酱的右护法: qu总听解说听爽了
[2026-02-18 19:38:53] FateFly: 哈哈哈哈
[2026-02-18 19:38:53] 用户71626271: 🐭处架不住老头
[2026-02-18 19:38:53] 樱弥勒: 哥们 你这黄瓜吃就吃呗 你搁哪干啥呢？
[2026-02-18 19:38:54] 濄剑玉: 报名的话队伍是随机分的？
[2026-02-18 19:38:55] 丨路子野乀: 话说蛇去哪里了
[2026-02-18 19:38:56] 无瑕的爱莉希雅: 主播 嗦喽什么呢
[2026-02-18 19:38:56] monkeyy: 哈吉鼠
[2026-02-18 19:38:57] 老bai啊: 路边一条罢了，无人在意
[2026-02-18 19:38:57] 不能实名上网957: 蛇最近在哪里发财呢
[2026-02-18 19:38:57] 霓永孝: 一起去玩蛇
[2026-02-18 19:38:57] 既生亮何生俞: 无人在意…
[2026-02-18 19:39:00] Anson丨Chen: 哈哈哈哈
[2026-02-18 19:39:01] 你在教我做事620: 蛇鼠不是加起来180w吗
[2026-02-18 19:39:03] 豆余的machine本人: 爆了
[2026-02-18 19:39:04] TaKuMi丶G: jabbi路边，无人在意
[2026-02-18 19:39:04] 清风TRE: 本质彩笔
[2026-02-18 19:39:04] z1x18: 善意引导
[2026-02-18 19:39:05] 7号飞行员: 蛇鼠
[2026-02-18 19:39:05] 用户0746484958: 玩机器登山了！抓住机会曲总，同事就是仇人
[2026-02-18 19:39:05] 雨中running: 哈哈哈哈哈
[2026-02-18 19:39:05] 盛夏梨雨禾: 鼠鼠能卖一百万？？？
[2026-02-18 19:39:06] smh981008: 主播 嗦喽什么呢
[2026-02-18 19:39:06] wwh8196585: 哈哈哈
[2026-02-18 19:39:06] 转眼即逝i: 无人在意无能鼠辈
[2026-02-18 19:39:07] 悟道茶y: 吃爽了
[2026-02-18 19:39:07] 只操不卖: 玩机器在哪直播？
[2026-02-18 19:39:08] 陈狗帝君: 1800的局也在这叫？
[2026-02-18 19:39:09] 主播你后面那个人是谁: 带niko节奏呢呗
[2026-02-18 19:39:10] hoi丶月: 布丁中肯
[2026-02-18 19:39:10] 用户5453717661: 确实
[2026-02-18 19:39:15] 醋溜便当萃香: 善意引导
[2026-02-18 19:39:16] 极夜之辰: niko：什么叫major打不过就是菜逼
[2026-02-18 19:39:16] 改了名字能中奖666: 有个队还被maj3r 1V3呢
