# room_id=6979222 host=玩机器丶Machine title=小众宝藏结晶直播 live_time= fetch_time=2026-02-21 23:45:46
[2026-02-22 01:17:17] ezbet: 第一见编尸会被屏蔽，谁家公子编尸了？
[2026-02-22 01:17:17] 季柏常又猝: dev1ce：怎么办？那你老爸就死呗！
[2026-02-22 01:17:17] YCSUN1017: 急死了急死了急死了急死了急死了急死了急死了急死了急死了急死了急死了急死了急死了急死了急死了急死了急死
[2026-02-22 01:17:17] 九折水瓶丶: 第一见编尸会被屏蔽，谁家公子编尸了？
[2026-02-22 01:17:18] 火魔创造: 第一见编尸会被屏蔽，谁家公子编尸了？
[2026-02-22 01:17:18] 玩机器你好香你好香: “难道你想一辈子只拿亚军？听罢，niko⚡闭上眼，任由半决赛的八强如同瑞士轮般落在预选赛上”
[2026-02-22 01:17:18] 森林与雁: 栾华你帮爆哥们解封，我们一起推举你为官方切片员desuw@
[2026-02-22 01:17:18] HazeDie1337: “难道你想一辈子只拿亚军？听罢，niko⚡闭上眼，任由半决赛的八强如同瑞士轮般落在预选赛上”
[2026-02-22 01:17:18] 带子空: 第一见编尸会被屏蔽，谁家公子编尸了？
[2026-02-22 01:17:19] 黑衣小胖: 感觉走远了啊
[2026-02-22 01:17:19] WE丶繁梦: 第一见编尸会被屏蔽，谁家公子编尸了？
[2026-02-22 01:17:19] Yuki111: 栾华你帮爆哥们解封，我们一起推举你为官方切片员
[2026-02-22 01:17:19] 好哥们黑龙歼灭刀: 第一见编尸会被屏蔽，谁家公子编尸了？
[2026-02-22 01:17:19] 驴驴宗宗买这冠军: 第一见编尸会被屏蔽，谁家公子编尸了？
[2026-02-22 01:17:19] 大侠沈峰: 第一见编尸会被屏蔽，谁家公子编尸了？
[2026-02-22 01:17:19] Subto: 第一见编尸会被屏蔽，谁家公子编尸了？
[2026-02-22 01:17:19] G4RYPU: 第一见编尸会被屏蔽，谁家公子编尸了？
[2026-02-22 01:17:19] 玩饺子丶Dumpling: 🧊粉是不是给你们脸了，刷了一晚上了还不够是吧，再刷一句试试？
[2026-02-22 01:17:19] Vitality的Zyw0o0本人: 栾华你帮爆哥们解封，我们一起推举你为官方切片员desuw@
[2026-02-22 01:17:19] 绘心酱敲卡哇伊:  @dfed5：ⓘ您已被房管布罗利封禁，点击了解6657官威
[2026-02-22 01:17:19] hxyvraf: 第一见编尸会被屏蔽，谁家公子编尸了？
[2026-02-22 01:17:20] PJ64JC: 第一见编尸会被屏蔽，谁家公子编尸了？
[2026-02-22 01:17:20] 戴神玩神感觉不如原神: 第一见编尸会被屏蔽，谁家公子编尸了？
[2026-02-22 01:17:20] Cloud9的sh1R0本人: 栾华你帮爆哥们解封，我们一起推举你为官方切片员desuw@
[2026-02-22 01:17:20] 白河日和: 第一见编尸会被屏蔽，谁家公子编尸了？
[2026-02-22 01:17:20] 哈机器好胖好可爱: 第一见编尸会被屏蔽，谁家公子编尸了？
[2026-02-22 01:17:20] zin桀zera: 第一见编尸会被屏蔽，谁家公子编尸了？
[2026-02-22 01:17:20] 莫情123: 私人
[2026-02-22 01:17:20] 吃猪头肉筷子夹屏幕上: 第一见编尸会被屏蔽，谁家公子编尸了？
[2026-02-22 01:17:20] 君冠城渗透者: 再见了，汤老爸
[2026-02-22 01:17:21] 田弑: 第一见编尸会被屏蔽，谁家公子编尸了？
[2026-02-22 01:17:21] 首婚大和: 第一见编尸会被屏蔽，谁家公子编尸了？
[2026-02-22 01:17:21] 玩口器Mouth: 第一见编尸会被屏蔽，谁家公子编尸了？
[2026-02-22 01:17:21] 迪奥雷: 第一见编尸会被屏蔽，谁家公子编尸了？
[2026-02-22 01:17:21] Swindle9527: 我支持布罗利，万一他封够多他爹就能拿major冠军呢
[2026-02-22 01:17:21] Natsu51776: 栾华你帮爆哥们解封，我们一起推举你为官方切片员desuw@
[2026-02-22 01:17:21] 碗积极: 5-12，怪不得带不动使命召唤职业
[2026-02-22 01:17:21] 落叶悠哉落: 栾华你帮爆哥们解封，我们一起推举你为官方切片员
[2026-02-22 01:17:21] 千百度897: 栾华你帮爆哥们解封，我们一起推举你为官方切片员desuw@
[2026-02-22 01:17:22] 迷你世界丁真学姐1: 🧊粉是不是给你们脸了，刷了一晚上了还不够是吧，再刷一句试试？
[2026-02-22 01:17:22] 玩弓箭、Arrow: 栾华你帮爆哥们解封，我们一起推举你为官方切片员
[2026-02-22 01:17:22] 一条无梦鱼: 【格陵兰战报】目前大东指挥8回合，设备指挥5回合，大东指挥设备送11次，设备拿下关键击杀5个
[2026-02-22 01:17:22] 无极加贝: 栾华你帮爆哥们解封，我们一起推举你为官方切片员
[2026-02-22 01:17:22] JoeyEason: 第一见编尸会被屏蔽，谁家公子编尸了？
[2026-02-22 01:17:22] 酷拽帅死一条街: 栾华你帮爆哥们解封，我们一起推举你为官方切片员
[2026-02-22 01:17:22] PKURoger: 第一见编尸会被屏蔽，谁家公子编尸了？
[2026-02-22 01:17:22] 青蘖: 第一见编尸会被屏蔽，谁家公子编尸了？
[2026-02-22 01:17:23] 九折水瓶丶: 栾华你帮爆哥们解封，我们一起推举你为官方切片员
[2026-02-22 01:17:23] viovvvvvvvon: 栾华你帮爆哥们解封，我们一起推举你为官方切片员desuw@
[2026-02-22 01:17:23] 尼尼孩孩京京驴驴: 栾华你帮爆哥们解封，我们一起推举你为官方切片员
[2026-02-22 01:17:23] 专看玩机器的号: 第一见编尸会被屏蔽，谁家公子编尸了？
[2026-02-22 01:17:23] 我不是玩父: 第一见编尸会被屏蔽，谁家公子编尸了？
[2026-02-22 01:17:23] 巅峰A队的一员Xyp9x: 第一见编尸会被屏蔽，谁家公子编尸了？
[2026-02-22 01:17:23] 大家要幸福呀: 栾华你帮爆哥们解封，我们一起推举你为官方切片员
[2026-02-22 01:17:23] 鲸落鲸落417: 第一见编尸会被屏蔽，谁家公子编尸了？
[2026-02-22 01:17:24] 大姜饼: 第一见编尸会被屏蔽，谁家公子编尸了？
[2026-02-22 01:17:24] 天守阁信长: 第一见编尸会被屏蔽，谁家公子编尸了？
[2026-02-22 01:17:24] 丶丶Ken丶丶: 栾华你帮爆哥们解封，我们一起推举你为官方切片员desuw@
[2026-02-22 01:17:24] Rainwedell: poiii这操作就不是人类
[2026-02-22 01:17:24] 结束乐队的kitakitan本人: 第一见编尸会被屏蔽，谁家公子编尸了？
[2026-02-22 01:17:24] 御坂32512: 第一见编尸会被屏蔽，谁家公子编尸了？
[2026-02-22 01:17:24] 空中小楼、: 第一见编尸会被屏蔽，谁家公子编尸了？
[2026-02-22 01:17:24] C4LLM3L1UN0NG: 第一见编尸会被屏蔽，谁家公子编尸了？
[2026-02-22 01:17:25] 梓川不是辛川: 第一见编尸会被屏蔽，谁家公子编尸了？
[2026-02-22 01:17:25] 衣服Kaiju: 死人
[2026-02-22 01:17:25] 十六夜亞紀: 第一见编尸会被屏蔽，谁家公子编尸了？
[2026-02-22 01:17:25] cheappppp: 第一见编尸会被屏蔽，谁家公子编尸了？
[2026-02-22 01:17:25] 寻血猎犬0V0: 第一见编尸会被屏蔽，谁家公子编尸了？
[2026-02-22 01:17:25] 二号门的少年: 汤汤遇险激活全力玩
[2026-02-22 01:17:25] 大裂谷的登山家: 第一见编尸会被屏蔽，谁家公子编尸了？
[2026-02-22 01:17:25] 一条也够: 第一见编尸会被屏蔽，谁家公子编尸了？
[2026-02-22 01:17:25] 大逸子: 大力袋子好像是donk指定高手，不过高驴了
[2026-02-22 01:17:26] 宇神82881: 第一见编尸会被屏蔽，谁家公子编尸了？
[2026-02-22 01:17:26] Evelexl: 再见了，汤老爸
[2026-02-22 01:17:26] 差不多66先生:   第一见编尸会被屏蔽，谁家公子编尸了？
[2026-02-22 01:17:26] 神龙吃吼霸: 第一见编尸会被屏蔽，谁家公子编尸了？
[2026-02-22 01:17:26] Aysell: @布罗利：载物可以无父，我不能无君啊（大叫着把弹幕都封了）
[2026-02-22 01:17:26] 我来到我看见1: 栾华你帮爆哥们解封，我们一起推举你为官方切片员desuw@
[2026-02-22 01:17:26] HazeDie1337:  @A1report：第一见编尸会被屏蔽，谁家公子编尸了？
[2026-02-22 01:17:27] 薛定谔的猫690: 第一见编尸会被屏蔽，谁家公子编尸了？
[2026-02-22 01:17:27] 雪花绵豆沙: 第一见编尸会被屏蔽，谁家公子编尸了？
[2026-02-22 01:17:27] 刘刘的农: 第一见编尸会被屏蔽，谁家公子编尸了？
[2026-02-22 01:17:27] 温柔是罪是罪吗: 第一见编尸会被屏蔽，谁家公子编尸了？
[2026-02-22 01:17:27] Thatsgood961: 第一见编尸会被屏蔽，谁家公子编尸了？
[2026-02-22 01:17:27] 用户55044273: 栾华你帮爆哥们解封，我们一起推举你为官方切片员desuw@
[2026-02-22 01:17:27] 寂寞之牛: 第一见编尸会被屏蔽，谁家公子编尸了？
[2026-02-22 01:17:27] LettingItGO: 第一见编尸会被屏蔽，谁家公子编尸了？
[2026-02-22 01:17:27] Crych1c的若叶睦本人: 第一见编尸会被屏蔽，谁家公子编尸了？
[2026-02-22 01:17:28] 网瘾少年诺里斯: 第一见编尸会被屏蔽，谁家公子编尸了？
[2026-02-22 01:17:28] 柚子厨0721: 第一见编尸会被屏蔽，谁家公子编尸了？
[2026-02-22 01:17:28] MeIoN39: 第一见编尸会被屏蔽，谁家公子编尸了？
[2026-02-22 01:17:28] 做米米列: 不够准
[2026-02-22 01:17:28] 最喜欢清光: 第一见编尸会被屏蔽，谁家公子编尸了？
[2026-02-22 01:17:28] EvilDying: 每天下班回到家，看着一个天天摆烂的主播公式化解说又臭又长的比赛，感觉这辈子都完了
[2026-02-22 01:17:28] 金刚金刚最可爱: 第一见编尸会被屏蔽，谁家公子编尸了？
[2026-02-22 01:17:29] WM114091: 第一见编尸会被屏蔽，谁家公子编尸了？
[2026-02-22 01:17:29] 用户1364543122: 　　　 第一见编尸会被屏蔽，谁家公子编尸了？
[2026-02-22 01:17:29] 用户247509865: 第一见编尸会被屏蔽，谁家公子编尸了？
[2026-02-22 01:17:29] 轻伤酱: 栾华你帮爆哥们解封，我们一起推举你为官方切片员
[2026-02-22 01:17:29] 困惑地熊猫: 第一见编尸会被屏蔽，谁家公子编尸了？
[2026-02-22 01:17:30] 载物的艾7: 第一见编尸会被屏蔽，谁家公子编尸了？
[2026-02-22 01:17:30] 娶不到相羽爱奈: 第一见编尸会被屏蔽，谁家公子编尸了？
[2026-02-22 01:17:30] 挥泪斩楚狗: 栾华你帮爆哥们解封，我们一起推举你为官方切片员
[2026-02-22 01:17:30] aruiketto: 第一见编尸会被屏蔽，谁家公子编尸了？
[2026-02-22 01:17:30] 玩俯卧撑、push-up: 第一见编尸会被屏蔽，谁家公子编尸了？
[2026-02-22 01:17:30] 玩斯特出出6657: 第一见编尸会被屏蔽，谁家公子编尸了？
[2026-02-22 01:17:30] 爱装bi的疯子: 第一见编尸会被屏蔽，谁家公子编尸了？
[2026-02-22 01:17:30] TL的EliGE本人: 　　　 第一见编尸会被屏蔽，谁家公子编尸了？
[2026-02-22 01:17:30] 花果山前一棵树: 第一见编尸会被屏蔽，谁家公子编尸了？
[2026-02-22 01:17:30] 用户42110893: 第一见编尸会被屏蔽，谁家公子编尸了？
[2026-02-22 01:17:31] 好哥们山上撤也: 第一见编尸会被屏蔽，谁家公子编尸了？
[2026-02-22 01:17:31] KevinTheFool: 栾华你帮爆哥们解封，我们一起推举你为官方切片员
[2026-02-22 01:17:31] 草莓味小兔兔: 载编事件后一直改口叫友好互动了，怎么到niko这就成双标了，🧊粉闹麻了
[2026-02-22 01:17:31] 用户247509865: 第一见编尸会被屏蔽，谁家公子编尸了？
[2026-02-22 01:17:31] 鸟儿在头顶把森林叫醒: 第一见编尸会被屏蔽，谁家公子编尸了？
[2026-02-22 01:17:31] 本质软糯Sakiko: 第一见编尸会被屏蔽，谁家公子编尸了？
[2026-02-22 01:17:31] 老司机齐齐: 鼠也来100t了？还改了个id？
[2026-02-22 01:17:31] PYDGS: 栾华你帮爆哥们解封，我们一起推举你为官方切片员
[2026-02-22 01:17:31] 小川阿丶: 第一见编尸会被屏蔽，谁家公子编尸了？
[2026-02-22 01:17:32] 洞洞and若若major冠军: 尼公子
[2026-02-22 01:17:32] 情信亦泛黄-: 第一见编尸会被屏蔽，谁家公子编尸了？
[2026-02-22 01:17:32] 啦啦啦唱歌真好听呀: 第一见编尸会被屏蔽，谁家公子编尸了？
[2026-02-22 01:17:32] lvvyzy: 25级以下得大家明天还会见到你们吗
[2026-02-22 01:17:32] 很心焦: 第一见编尸会被屏蔽，谁家公子编尸了？
[2026-02-22 01:17:32] 新约能天使: 第一见编尸会被屏蔽，谁家公子编尸了？
[2026-02-22 01:17:32] 天魔外道y: 栾华你帮爆哥们解封，我们一起推举你为官方切片员desuw@
[2026-02-22 01:17:33] 安觉angle: 栾华你帮爆哥们解封，我们一起推举你为官方切片员
[2026-02-22 01:17:33] samuraionnna: 第一次见编尸会被屏蔽，谁家公子编尸了？
[2026-02-22 01:17:33] 用户247509865: 第一见编尸会被屏蔽，谁家公子编尸了？
[2026-02-22 01:17:33] 最后一舞之一舞再舞: 第一见编尸会被屏蔽，谁家公子编尸了？
[2026-02-22 01:17:33] 一条无梦鱼: 第一见编尸会被屏蔽，谁家公子编尸了？
[2026-02-22 01:17:33] 我会十倍奉还: 第一见编尸会被屏蔽，谁家公子编尸了？
[2026-02-22 01:17:33] 森林与雁: 一会niko就要变成屏蔽词了
[2026-02-22 01:17:34] shanweii: 第一见编尸会被屏蔽，谁家公子编尸了？
[2026-02-22 01:17:34] LvvsiN: 南孚一节更比六节强，也就是一节南孚比六节南孚强，六节南孚比三十六节强，三十六节比二百一十六节强
[2026-02-22 01:17:34] 让风告诉你h: 第一见编尸会被屏蔽，谁家公子编尸了？
[2026-02-22 01:17:34] djklyk: 第一见编尸会被屏蔽，谁家公子编尸了？
[2026-02-22 01:17:34] 怒之拳: 第一见编尸会被屏蔽，谁家公子编尸了？
[2026-02-22 01:17:34] wtf45: 第一见编尸会被屏蔽，谁家公子编尸了？
[2026-02-22 01:17:34] oO怪盗Oo: 看爸爸还不开双倍吗
[2026-02-22 01:17:37] 蓝原延渚: 栾华你帮爆哥们解封，我们一起推举你为官方切片员
[2026-02-22 01:17:37] arimrs: 第一见编尸会被屏蔽，谁家公子编尸了？
[2026-02-22 01:17:37] HaibaraAi1109:     第一见编尸会被屏蔽，谁家公子编尸了？
[2026-02-22 01:17:37] CRYCHIC的若葉睦本人: 第一见编尸会被屏蔽，谁家公子编尸了？
[2026-02-22 01:17:37] 沉默方丈: 第一见编尸会被屏蔽，谁家公子编尸了？
[2026-02-22 01:17:37] 好姐妹五更琉璃喵: 有家属的比赛就是不一样啊
[2026-02-22 01:17:37] 包包你到底哪里神了: 　　　 第一见编尸会被屏蔽，谁家公子编尸了？
[2026-02-22 01:17:37] 用户247509865: 第一见编尸会被屏蔽，谁家公子编尸了？
[2026-02-22 01:17:37] 玩坤坤丶Chicken: 第一见编尸会被屏蔽，谁家公子编尸了？
[2026-02-22 01:17:37] 本质软糯Sakiko: 第一见编尸会被屏蔽，谁家公子编尸了？
[2026-02-22 01:17:37] 锂汁lizhi: 第一见编尸会被屏蔽，谁家公子编尸了？
[2026-02-22 01:17:37] 太阳神之翼神龙球体形: 第一见编尸会被屏蔽，谁家公子编尸了？
[2026-02-22 01:17:37] Oasis0917: 第一见编尸会被屏蔽，谁家公子编尸了？
[2026-02-22 01:17:37] 寻血猎犬0V0: 栾华你帮爆哥们解封，我们一起推举你为官方切片员
[2026-02-22 01:17:37] 天残少女王朗: 第一见编尸会被屏蔽，谁家公子编尸了？
[2026-02-22 01:17:37] AcceleratorlllL: 第一见编尸会被屏蔽，谁家公子编尸了？
[2026-02-22 01:17:37] 风雨晚烟: 第一见编尸会被屏蔽，谁家公子编尸了？
[2026-02-22 01:17:37] McDonaldsfries: 　　　 第一见编尸会被屏蔽，谁家公子编尸了？
[2026-02-22 01:17:37] 马猴烧酒小地瓜: @A1report：4️⃣8️⃣🈚️是理性讨论，喷我尼爷孩爹是过分发...
[2026-02-22 01:17:37] 玩刘农device: 尼公子编了
[2026-02-22 01:17:37] 纪川6657: 载物可以无父，我不能无君啊（大叫着把弹幕都封了）
[2026-02-22 01:17:37] 丨蓝灬: .
[2026-02-22 01:17:37] 海绵宝宝噶点儿: 栾华你帮爆哥们解封，我们一起推举你为官方切片员
[2026-02-22 01:17:38] LvvsiN: 孩子们快跑，马修赫伯特来了😨卧槽你的怎么是马枪和BOT
[2026-02-22 01:17:38] 声没丸山彩: 栾华你帮爆哥们解封，我们一起推举你为官方切片员
[2026-02-22 01:17:38] 迪奥雷: 5-11
[2026-02-22 01:17:39] 偷哦嘘鞭贷拔: 第一见编尸会被屏蔽，谁家公子编尸了？
[2026-02-22 01:17:39] 丨花千树: 第一见编尸会被屏蔽，谁家公子编尸了？
[2026-02-22 01:17:39] Aysell: 第一见编尸会被屏蔽，谁家公子编尸了？
[2026-02-22 01:17:39] 好男孩zont1x: 第一见编尸会被屏蔽，谁家公子编尸了？
[2026-02-22 01:17:39] c9的stewie本人: 51／1孤独cry
[2026-02-22 01:17:39] 墨染人生黑白画: 第一见编尸会被屏蔽，谁家公子编尸了？
[2026-02-22 01:17:39] 教练我想打突破: 栾华你帮爆哥们解封，我们一起推举你为官方切片员desuw@
[2026-02-22 01:17:39] 为何平凡一世: 第一见编尸会被屏蔽，谁家公子编尸了？
[2026-02-22 01:17:40] 御坂32512: 第一见编尸会被屏蔽，谁家公子编尸了？
[2026-02-22 01:17:40] suicho: 五香蛋ooo你立即删除20w播放的切片并且今后不准再切玩机器！
[2026-02-22 01:17:40] Pmaruovimai: 【格陵兰战报】目前大东指挥8回合，设备指挥5回合，大东指挥设备送11次，设备拿下关键击杀5个
[2026-02-22 01:17:40] GanadoLluviA: 栾华你帮爆哥们解封，我们一起推举你为官方切片员
[2026-02-22 01:17:40] HisuiHearts: 栾华你帮爆哥们解封，我们一起推举你为官方切片员
[2026-02-22 01:17:40] 纪川6657:     第一见编尸会被屏蔽，谁家公子编尸了？
[2026-02-22 01:17:40] 卖二货的小蘑菇: 　　　 第一见编尸会被屏蔽，谁家公子编尸了？
[2026-02-22 01:17:40] 夹断修电脑感动到了:     第一见编尸会被屏蔽，谁家公子编尸了？
[2026-02-22 01:17:40] 蔡初尧: 艺术冰霜为什么有的大眼照
[2026-02-22 01:17:41] 黑鳖王: 第一见编尸会被屏蔽，谁家公子编尸了？
[2026-02-22 01:17:41] NikoHello520: 第一见编尸会被屏蔽，谁家公子编尸了？
[2026-02-22 01:17:41] FROSTYI: 第一见编尸会被屏蔽，谁家公子编尸了？
[2026-02-22 01:17:41] 玩宝宝的小脚: 第一见编尸会被屏蔽，谁家公子编尸了？
[2026-02-22 01:17:41] 明天就和蕾塞结婚: 栾华你帮爆哥们解封，我们一起推举你为官方切片员
[2026-02-22 01:17:41] 我是一发精致的影压: 第一见编尸会被屏蔽，谁家公子编尸了？
[2026-02-22 01:17:41] 幻麥: 第一见编尸会被屏蔽，谁家公子编尸了？
[2026-02-22 01:17:41] 缪斯的南小鸟本人: 第一见编尸会被屏蔽，谁家公子编尸了？
[2026-02-22 01:17:42] 7奥蕾莉亚7: 栾华你帮爆哥们解封，我们一起推举你为官方切片员
[2026-02-22 01:17:42] 还有时间日落之前: 一会niko就要变成屏蔽词了
[2026-02-22 01:17:42] 穆轩黯曲11: 第一见编尸会被屏蔽，谁家公子编尸了？
[2026-02-22 01:17:42] 卖狗的chihaya本人: 第一见编尸会被屏蔽，谁家公子编尸了？
[2026-02-22 01:17:42] 西雅图之王: 载大哥编了
[2026-02-22 01:17:42] 秋风化扇99010: 栾华你帮爆哥们解封，我们一起推举你为官方切片员
[2026-02-22 01:17:42] 用户3006887262:     第一见编尸会被屏蔽，谁家公子编尸了？
[2026-02-22 01:17:42] 梦鸡的累吧: 第一见编尸会被屏蔽，谁家公子编尸了？
[2026-02-22 01:17:43] 本间芽衣子ya: 第一见编尸会被屏蔽，谁家公子编尸了？
[2026-02-22 01:17:43] 江雪姨: 　　　 第一见编尸会被屏蔽，谁家公子编尸了？
[2026-02-22 01:17:43] HaibaraAi1109: 第一见编尸会被屏蔽，谁家公子编尸了？
[2026-02-22 01:17:43] 4846836538542: NIKO（已深度思考0.1s)执行回马编
[2026-02-22 01:17:43] Ch1Sa-: 再见了汤小弟
[2026-02-22 01:17:43] 小箱我亲死你: 你一看就输有感觉吗
[2026-02-22 01:17:43] 用户144491677: 第一见编尸会被屏蔽，谁家公子编尸了？
[2026-02-22 01:17:44] wakumizu: 载编事件后一直改口叫友好互动了，怎么到niko这就成双标了，🧊粉闹麻了
[2026-02-22 01:17:44] 尼尼孩孩京京驴驴: 第一见编尸会被屏蔽，谁家公子编尸了？
[2026-02-22 01:17:44] 御坂32512: 第一见编尸会被屏蔽，谁家公子编尸了？
[2026-02-22 01:17:44] 王子不如永恒: 第一见编尸会被屏蔽，谁家公子编尸了？
[2026-02-22 01:17:44] 乌鸦晒不黑: 第一见编尸会被屏蔽，谁家公子编尸了？
[2026-02-22 01:17:44] 油乎乎yhh: 第一见编尸会被屏蔽，谁家公子编尸了？
[2026-02-22 01:17:45] 玩神的欢喜好有嚼劲: 第一见编尸会被屏蔽，谁家公子编尸了？
[2026-02-22 01:17:45] 三年级的高町奈叶本人: 　　　 第一见编尸会被屏蔽，谁家公子编尸了？
[2026-02-22 01:17:45] 我的我的sorry: 尸
[2026-02-22 01:17:45] 仲夏677: 第一见编尸会被屏蔽，谁家公子编尸了？
[2026-02-22 01:17:45] 寻管鲍之交: 房管布罗利这种工作受了气回家收拾老婆孩子下手最重的
[2026-02-22 01:17:45] 糯米汤圆丶: 第一见编尸会被屏蔽，谁家公子编尸了？
[2026-02-22 01:17:46] Leonisss丶: 第一见编尸会被屏蔽，谁家公子编尸了？
[2026-02-22 01:17:46] VI将臣: 第一见编尸会被屏蔽，谁家公子编尸了？
[2026-02-22 01:17:46] 曾经我最在乎的人: 第一见编尸会被屏蔽，谁家公子编尸了？
[2026-02-22 01:17:46] 鸟儿在头顶把森林叫醒: 第一见编尸会被屏蔽，谁家公子编尸了？
[2026-02-22 01:17:46] Sereinily: 第一见编尸会被屏蔽，谁家公子编尸了？
[2026-02-22 01:17:46] 浊风天枢: 栾华你帮爆哥们解封，我们一起推举你为官方切片员
[2026-02-22 01:17:47] Aysell: 栾华你帮爆哥们解封，我们一起推举你为官方切片员
[2026-02-22 01:17:47] 安酱没有jj: 第一见编尸会被屏蔽，谁家公子编尸了？
[2026-02-22 01:17:47] 哈啦休: 第一见编尸会被屏蔽，谁家公子编尸了？
[2026-02-22 01:17:47] 公子於: 抓娃娃
[2026-02-22 01:17:47] Aleksumimi: 一局之内编2次，职业生涯至少0个m@jor
[2026-02-22 01:17:47] 玩克服丶丰川祥子: 第一见编尸会被屏蔽，谁家公子编尸了？
[2026-02-22 01:17:47] 宇莓: 这个公子弹幕太好笑了，是我这两天看过最好笑的
[2026-02-22 01:17:48] 车车载载冠军: 第一见编尸会被屏蔽，谁家公子编尸了？
[2026-02-22 01:17:48] 寂寞之牛: 第一见编尸会被屏蔽，谁家公子编尸了？
[2026-02-22 01:17:48] C9的Ax1Le本人丶: 第一见编尸会被屏蔽，谁家公子编尸了？
[2026-02-22 01:17:48] Hitagi蟹蟹: 第一见编尸会被屏蔽，谁家公子编尸了？
[2026-02-22 01:17:48] 听风或雨: 栾华你帮爆哥们解封，我们一起推举你为官方切片员
[2026-02-22 01:17:48] 看到pussy流出milk才死心: 罗马帝国之旅要结束了
[2026-02-22 01:17:48] 绫濑沙季丶: 尼吧分钱赶尼吗尼吧分钱赶尼吗尼吧分钱赶尼吗尼吧分钱赶尼吗
[2026-02-22 01:17:49] 我730730730: 第一见编尸会被屏蔽，谁家公子编尸了？
[2026-02-22 01:17:49] 好哥们黑龙歼灭刀: 房管布罗利这种工作受了气回家收拾老婆孩子下手最重的
[2026-02-22 01:17:49] 月薪三千给玩爹上供: 🦐公子干了
[2026-02-22 01:17:49] whcqtsx: 第一见编尸会被屏蔽，谁家公子编尸了？
[2026-02-22 01:17:49] 石家庄特色猪油火锅: 第一见编尸会被屏蔽，谁家公子编尸了？
[2026-02-22 01:17:49] 香港分社记者: 直播间这么多诗人编诗有什么问题吗
[2026-02-22 01:17:50] 空樱琉璃: 第一见编尸会被屏蔽，谁家公子编尸了？
[2026-02-22 01:17:50] 正经猪头肉: 尼公子编尸了咋了？尼公子编尸了咋了？
[2026-02-22 01:17:50] Ggmftye:     第一见编尸会被屏蔽，谁家公子编尸了？
[2026-02-22 01:17:50] 我有一对电动大牛子: 第一见编尸会被屏蔽，谁家公子编尸了？
[2026-02-22 01:17:50] 屁男人柱力AICU: 第一见编尸会被屏蔽，谁家公子编尸了？
[2026-02-22 01:17:50] 转喝那杯清茶不觉得寡: 第一见编尸会被屏蔽，谁家公子编尸了？
[2026-02-22 01:17:50] 玩斯特出出6657: 吸
[2026-02-22 01:17:50] 玩饺子丶Dumpling: 弹幕🧊粉是不是给你们脸了，刷了一晚上了还不够是吧，再刷一句试试？
[2026-02-22 01:17:50] 成都胖载物: 进攻庄家了
[2026-02-22 01:17:50] ykls的爱情结晶: 不是你编你😠。。。我去这不是载物居然 这是niko居然 老尼你编的好啊 老尼他配赢啊
[2026-02-22 01:17:51] 奥拉夫的蛋炒饭: 第一见编尸会被屏蔽，谁家公子编尸了？
[2026-02-22 01:17:51] richardlee97: 房管布罗利这种工作受了气回家收拾老婆孩子下手最重的
[2026-02-22 01:17:51] z泽村英梨梨i: 真有房管拿自己当土皇帝了😮
[2026-02-22 01:17:51] 栗悟饭与龟波功-w-: 第一见编尸会被屏蔽，谁家公子编尸了？
[2026-02-22 01:17:51] 用户46659809: @布罗利：4️⃣8️⃣🈚️是理性讨论，喷我尼爷孩爹是过分发言，这点要封清楚
[2026-02-22 01:17:51] ST骑士: 第一见编尸会被屏蔽，谁家公子编尸了？
[2026-02-22 01:17:52] znnoy: 房管布罗利这种工作受了气回家收拾老婆孩子下手最重的
[2026-02-22 01:17:52] RAS的佐藤益木本人: 第一见编尸会被屏蔽，谁家公子编尸了？
[2026-02-22 01:17:52] Vocl1ca: 第一见编尸会被屏蔽，谁家公子编尸了？
[2026-02-22 01:17:53] cj_and_xe: 🦐公子干了
[2026-02-22 01:17:53] 寂寞之牛: 第一见编尸会被屏蔽，谁家公子编尸了？
[2026-02-22 01:17:53] 李小小与虾大大: 上一个官方切片员叫付乃木....
[2026-02-22 01:17:53] 結城希亞: 第一见编尸会被屏蔽，谁家公子编尸了？
[2026-02-22 01:17:53] 刘刘的农: 第一见编尸会被屏蔽，谁家公子编尸了？
[2026-02-22 01:17:53] 石家庄的刘亦博本人: 栾华你帮爆哥们解封，我们一起推举你为官方切片员
[2026-02-22 01:17:54] 快乐云: 第一见编尸会被屏蔽，谁家公子编尸了？
[2026-02-22 01:17:54] 七色的人偶使者: 第一见编尸会被屏蔽，谁家公子编尸了？
[2026-02-22 01:17:54] znnoy: 房管布罗利这种工作受了气回家收拾老婆孩子下手最重的
[2026-02-22 01:17:54] 永远的牢大黑曼巴: 第一见编尸会被屏蔽，谁家公子编尸了？
[2026-02-22 01:17:54] LvvsiN: 别解说了 多聊会天 你不会真的以为能输吧
[2026-02-22 01:17:54] VI将臣: 第一见编尸会被屏蔽，谁家公子编尸了？
[2026-02-22 01:17:54] 御坂32512: 一局之内编2次，职业生涯至少0个m@jor
[2026-02-22 01:17:54] xOcOg: niko编的是尼考所以是善意互动，载物编的是海啸所以是恶意攻击，这点要分清
[2026-02-22 01:17:55] 别让我玩奶: 别发了，等会匕匕昨天的比赛记录要被封存了
[2026-02-22 01:17:55] emm36091: 第一见编尸会被屏蔽，谁家公子编尸了？
[2026-02-22 01:17:55] 硫氦氧丶: 这个公子弹幕太好笑了，是我这两天看过最好笑的
[2026-02-22 01:17:56] 正经猪头肉: 尼公子编尸了咋了？尼公子编尸了咋了？
[2026-02-22 01:17:56] 死亡甘蓝: 第一见编尸会被屏蔽，谁家公子编尸了？
[2026-02-22 01:17:56] LvvsiN: 南孚一节更比六节强，也就是一节南孚比六节南孚强，六节南孚比三十六节强，三十六节比二百一十六节强
[2026-02-22 01:17:56] Acm3Omn1: 第一见编尸会被屏蔽，谁家公子编尸了？
[2026-02-22 01:17:56] 用户353468782:     第一见编尸会被屏蔽，谁家公子编尸了？
[2026-02-22 01:17:56] 膜能稽甲: 🐷葛
[2026-02-22 01:17:56] 小悠的海梓:     第一见编尸会被屏蔽，谁家公子编尸了？
[2026-02-22 01:17:57] 果粒橙yz: 卧槽，阿汤哥5杀了
[2026-02-22 01:17:57] 可达鸭不会游泳: 抓娃娃
[2026-02-22 01:17:57] Dartline: 第一见编尸会被屏蔽，谁家公子编尸了？
[2026-02-22 01:17:58] 梦太美回忆太冷: 这比赛有多激烈呢？这么说吧，设备已经一个小时没退役了
[2026-02-22 01:17:58] sryXD: 511玩不玩
[2026-02-22 01:17:58] samuraionnna: 真有房管拿自己当土皇帝了😮
[2026-02-22 01:17:58] LvvsiN: 我提一嘴这剧情越来越像上海major了
[2026-02-22 01:17:58] 丛念39090: 五香蛋ooo你立即删除20w播放的切片并且今后不准再切玩机器！
[2026-02-22 01:17:59] Eirir: 第一见编尸会被屏蔽，谁家公子编尸了？
[2026-02-22 01:17:59] wakumizu: 房管布罗利这种工作受了气回家收拾老婆孩子下手最重的
[2026-02-22 01:17:59] 爱吃青椒的重曹酱: ⓘ您已被房管布罗利封禁，点击了解6657官威
[2026-02-22 01:17:59] Alone的kang: 第一见编尸会被屏蔽，谁家公子编尸了？
[2026-02-22 01:17:59] 绫濑沙季丶: 尼吧分钱赶尼吗尼吧分钱赶尼吗尼吧分钱赶尼吗尼吧分钱赶尼吗
[2026-02-22 01:17:59] UFO233: 栾华你帮爆哥们解封，我们一起推举你为官方切片员
[2026-02-22 01:17:59] RentonC: 左上角黑什么
[2026-02-22 01:17:59] 带着奇艺GAN到魔域: 第一见编尸会被屏蔽，谁家公子编尸了？
[2026-02-22 01:17:59] 白皇的三千院Nagi本人: 🦐公子干了
[2026-02-22 01:18:00] 不吃苹果的梨72298: 第一见编尸会被屏蔽，谁家公子编尸了？
[2026-02-22 01:18:00] 寂寞之牛: 第一见编尸会被屏蔽，谁家公子编尸了？
[2026-02-22 01:18:00] 好姐妹稗田阿求: 玩机器之老汤被编一笑而过但你编了我喜欢的选手！我就要喷！
[2026-02-22 01:18:00] jsir6688: 第一见编尸会被屏蔽，谁家公子编尸了？
[2026-02-22 01:18:00] 温眸ind: 第一见编尸会被屏蔽，谁家公子编尸了？
[2026-02-22 01:18:00] 好哥们黑龙歼灭刀: 一局之内编2次，职业生涯至少0个m@jor
[2026-02-22 01:18:00] 12312312312dfsdfs: 第一见编尸会被屏蔽，谁家公子编尸了？
[2026-02-22 01:18:00] 玩玩今天吃什么: 第一见编尸会被屏蔽，谁家公子编尸了？
[2026-02-22 01:18:00] 努力慢慢变强: 第一见编尸会被屏蔽，谁家公子编尸了？
[2026-02-22 01:18:00] 另一个世界7: 房管布罗利这种工作受了气回家收拾老婆孩子下手最重的
[2026-02-22 01:18:01] 静寂风: ？
[2026-02-22 01:18:01] 灰飞烟灭丶: 第一见编尸会被屏蔽，谁家公子编尸了？
[2026-02-22 01:18:01] 从零开始的加拿大肄业: 第一见编尸会被屏蔽，谁家公子编尸了？
[2026-02-22 01:18:01] 独孤残梦小梦: 编尸的编都被屏蔽了？nb。。。
[2026-02-22 01:18:02] 玩刘农device:     第一见编尸会被屏蔽，谁家公子编尸了？
[2026-02-22 01:18:02] 鹅地霸霸: 谢斌一出事就单排刀塔，玩处一出事就SEE老汤比赛
[2026-02-22 01:18:02] 夜里喝咖啡: 第一见编尸会被屏蔽，谁家公子编尸了？
[2026-02-22 01:18:02] 步无敌: 第一见编尸会被屏蔽，谁家公子编尸了？
[2026-02-22 01:18:02] BadBoy97: 第一见编尸会被屏蔽，谁家公子编尸了？
[2026-02-22 01:18:02] CryLic: 第一见编尸会被屏蔽，谁家公子编尸了？
[2026-02-22 01:18:03] MSK枫: 第一见编尸会被屏蔽，谁家公子编尸了？
[2026-02-22 01:18:03] 一条无梦鱼: 直播间这么多诗人编诗有什么问题吗
[2026-02-22 01:18:03] 离覆LION: 房管在弹幕去年发危险比分的时候怎么不封呢
[2026-02-22 01:18:03] 刘刘的农: 第一见编尸会被屏蔽，谁家公子编尸了？
[2026-02-22 01:18:03] Dartline: 别发了，等会匕匕昨天的比赛记录要被封存了
[2026-02-22 01:18:04] 醉生梦死的晴天伞: 第一见编尸会被屏蔽，谁家公子编尸了？
[2026-02-22 01:18:04] HaibaraAi1109: 一局之内编2次，职业生涯至少0个m@jor
[2026-02-22 01:18:04] 玩弓箭、Arrow: 伟大
[2026-02-22 01:18:04] Star薛晨: ⓘ您已被房管布罗利封禁，点击了解6657官威
[2026-02-22 01:18:04] LvvsiN: 玩宝宝，我发现在大学上学的时候肄业会很舒服，你可以试试
[2026-02-22 01:18:04] bsqqaq: 超大级爆！超大级爆！超大级爆！超大级爆！超大级爆！超大级爆！
[2026-02-22 01:18:04] 石家庄的刘亦博本人: 房管布罗利这种工作受了气回家收拾老婆孩子下手最重的
[2026-02-22 01:18:04] arimrs: ？
[2026-02-22 01:18:05] 用户2381770840: 第一见编尸会被屏蔽，谁家公子编尸了？
[2026-02-22 01:18:05] 好哥们黑龙歼灭刀: 五香蛋ooo你立即删除20w播放的切片并且今后不准再切玩机器！
[2026-02-22 01:18:05] 玩大狙、dev1cy:  @xOcOg：niko编的是尼考所以是善意互动，载物编的是海啸所以是恶意攻击，这点要分清
[2026-02-22 01:18:05] 玩出给你一拳: 第一见编尸会被屏蔽，谁家公子编尸了？
[2026-02-22 01:18:05] CV65Enterprise: apex play
[2026-02-22 01:18:06] wutianyuan: 第一见编尸会被屏蔽，谁家公子编尸了？
[2026-02-22 01:18:06] 有多少I可以重来00: 第一见编尸会被屏蔽，谁家公子编尸了？
[2026-02-22 01:18:06] YCSUN1017: 吸
[2026-02-22 01:18:06] 圣德巫女: 第一见编尸会被屏蔽，谁家公子编尸了？
[2026-02-22 01:18:06] LvvsiN: 我提一嘴这剧情越来越像上海major了
[2026-02-22 01:18:06] 墨染雨烟: 抓娃娃
[2026-02-22 01:18:06] 欧内的手丨好汉: 吸血
[2026-02-22 01:18:06] Aleksumimi: 第一见编尸会被屏蔽，谁家公子编尸了？
[2026-02-22 01:18:06] 若叶睦吃苦瓜: 弹幕上好多鱼丸在飘...
[2026-02-22 01:18:07] 山河jek: 第一见编尸会被屏蔽，谁家公子编尸了？
[2026-02-22 01:18:07] Aysell: 房管布罗利这种工作受了气回家收拾老婆孩子下手最重的
[2026-02-22 01:18:07] 想要舌吻m0NESY: 匕公子也干了
[2026-02-22 01:18:07] 爱斯忑音音: 比老汤吗
[2026-02-22 01:18:07] 糯米汤圆丶: 第一见编尸会被屏蔽，谁家公子编尸了？
[2026-02-22 01:18:07] 绚辻小小词:     第一见编尸会被屏蔽，谁家公子编尸了？
[2026-02-22 01:18:07] 深巷里的少年与猫丿: 别看了肖磊，你学不会的
[2026-02-22 01:18:07] 乌鸦晒不黑: ⓘ您已被房管布罗利封禁，点击了解6657官威
[2026-02-22 01:18:07] a1441f: 第一见编尸会被屏蔽，谁家公子编尸了？
[2026-02-22 01:18:08] cheappppp: 第一见编尸会被屏蔽，尼家公子编尸了？
[2026-02-22 01:18:08] 用户0715022066: 🖐（布）8️⃣ ۩（坟）💰 🤟（干）🖐（布）🐴
[2026-02-22 01:18:08] 玩玩今天吃什么: 房管在弹幕去年发危险比分的时候怎么不封呢
[2026-02-22 01:18:08] 幻梦zp: @布罗利：4️⃣8️⃣🈚️是理性讨论，喷我尼爷孩爹是过分发言，这点要封清
[2026-02-22 01:18:08] 刘刘的农: 第一见编尸会被屏蔽，谁家公子编尸了？
[2026-02-22 01:18:08] EvilDying: 第一见编尸会被屏蔽，谁家公子编尸了？
[2026-02-22 01:18:09] popipa的山吹沙绫本人: 第一见编尸会被屏蔽，谁家公子编尸了？
[2026-02-22 01:18:09] Heartzzz丶: 不孝
[2026-02-22 01:18:09] 酷拽帅死一条街: ？
[2026-02-22 01:18:10] 独孤残梦小梦: ？
[2026-02-22 01:18:10] 普丽瓦蒂: 考
[2026-02-22 01:18:10] 绘心酱敲卡哇伊: 房管布罗利这种工作受了气回家收拾老婆孩子下手最重的
[2026-02-22 01:18:10] 深巷里的少年与猫丿: 别看了肖磊，你学不会的
[2026-02-22 01:18:10] ok奶绿: niko编的是尼考所以是善意互动，载物编的是海啸所以是恶意攻击，这点要分清
[2026-02-22 01:18:10] arimrs: 考
[2026-02-22 01:18:10] 玩斯特出出6657: 不考
[2026-02-22 01:18:11] 玩神的欢喜好有嚼劲: 房管布罗利这种工作受了气回家收拾老婆孩子下手最重的
[2026-02-22 01:18:11] ma0yu: 第一见编尸会被屏蔽，谁家公子编尸了？
[2026-02-22 01:18:11] 杰里科丶: 考
[2026-02-22 01:18:11] mujica的长崎素世本人: 怎么有瘤子就自己起枪
[2026-02-22 01:18:11] bsqqaq: 超大级爆！超大级爆！超大级爆！超大级爆！超大级爆！超大级爆！
[2026-02-22 01:18:11] MSK枫: 尼公子也是公子
[2026-02-22 01:18:12] 西雅图之王: 主播有点太偏袒载大哥了，是不是认不清自己姓什么
[2026-02-22 01:18:12] 静寂风: 哈哈哈
[2026-02-22 01:18:12] 用户0553661491: 一局之内编2次，职业生涯至少0个m@jor
[2026-02-22 01:18:12] 深巷里的少年与猫丿: 别看了肖磊，你学不会的、
[2026-02-22 01:18:12] NegeVK1n9fkdy: 抓娃娃
[2026-02-22 01:18:12] 十方梦魇宗: 第一见编尸会被屏蔽，谁家公子编尸了？
[2026-02-22 01:18:12] valorant玩机器: poiii到底吊在哪
[2026-02-22 01:18:13] 伦敦千早爱: 房管在弹幕去年发危险比分的时候怎么不封呢
[2026-02-22 01:18:13] 水球碳酸饮料: 不孝
[2026-02-22 01:18:13] Mortnotz: 第一见编尸会被屏蔽，谁家公子编尸了？
[2026-02-22 01:18:13] 椎名真白ii丶: 栾华你帮爆哥们解封，我们一起推举你为官方切片员
[2026-02-22 01:18:13] 温眸ind: 不孝
[2026-02-22 01:18:14] 做个素质人: 考
[2026-02-22 01:18:14] 柳小目: 第一见编尸会被屏蔽，谁家公子编尸了？
[2026-02-22 01:18:14] 龍仔ww: 第一见编尸会被屏蔽，谁家公子编尸了？
[2026-02-22 01:18:14] 废斯特物物: 不孝
[2026-02-22 01:18:14] lvvyzy: 跟老汤比上线吗
[2026-02-22 01:18:14] HazeDie1337: 不孝
[2026-02-22 01:18:14] bsqqaq: 超大级爆！超大级爆！超大级爆！超大级爆！超大级爆！超大级爆！
[2026-02-22 01:18:14] LvvsiN: 南孚一节更比六节强，也就是一节南孚比六节南孚强，六节南孚比三十六节强，三十六节比二百一十六节强
[2026-02-22 01:18:14] 邮票舞王: 现在是个人上限都比老汤搞
[2026-02-22 01:18:14] 香港分社记者: 编诗编诗编诗编诗
[2026-02-22 01:18:14] Ha1baraAi丶: 谁比老汤低
[2026-02-22 01:18:14] 太仓Ame本人: 啥情况，战狼不是版本答案
[2026-02-22 01:18:14] 深巷里的少年与猫丿: 别看了肖磊，你学不会的
[2026-02-22 01:18:14] 教育片來一部: 卧槽，今天怎么这么多人玩机器呢，以前没见多少人玩机器啊
[2026-02-22 01:18:15] 绫濑沙季丶: 尼吧分钱赶尼吗尼吧分钱赶尼吗尼吧分钱赶尼吗尼吧分钱赶尼吗
[2026-02-22 01:18:15] assanodymo: 第一见编尸会被屏蔽，谁家公子编尸了？
[2026-02-22 01:18:15] richardlee97: 匕公子也干了
[2026-02-22 01:18:15] 静寂风: 不考
[2026-02-22 01:18:15] 要乐奈丶Rana: @这里是小夫呀：没有用的😄我仍然是尸一切
[2026-02-22 01:18:15] 超冻西瓜冰: 第一见编尸会被屏蔽，谁家公子编尸了？
[2026-02-22 01:18:15] 愿良辰美景: 不考
[2026-02-22 01:18:16] 忘却、: 不考
[2026-02-22 01:18:16] 玩机器亏内戴佳伟: 第一见编尸会被屏蔽，谁家公子编尸了？
[2026-02-22 01:18:16] 马楼King张三: 不考
[2026-02-22 01:18:16] LvvsiN: 其实碗橱就是猪灵，你不拿黄金丢他他就不跟你说话
[2026-02-22 01:18:16] 巴音布鲁克没有海35979: 抓娃娃
[2026-02-22 01:18:17] 深巷里的少年与猫丿: 别看了肖磊，你学不会的
[2026-02-22 01:18:17] 流光似水321: 配吗？
[2026-02-22 01:18:17] Tsitszyan: 不孝
[2026-02-22 01:18:17] 贰壹壹壹: 老爸倒了
[2026-02-22 01:18:17] 水球碳酸饮料: 不孝
[2026-02-22 01:18:17] 独孤残梦小梦: 编尸的编都被屏蔽了？nb。。。
[2026-02-22 01:18:17] 莫情123: 不考
[2026-02-22 01:18:18] 用户3489665055: 不考
[2026-02-22 01:18:18] 柳小目: 第一见编尸会被屏蔽，谁家公子编尸了？
[2026-02-22 01:18:18] 若叶睦丶Muzimi: 第一见编尸会被屏蔽，谁家公子编尸了？
[2026-02-22 01:18:18] 醉生梦死的晴天伞: 第一见编尸会被屏蔽，谁家公子编尸了？
[2026-02-22 01:18:18] LvvsiN: 南孚一节更比六节强，也就是一节南孚比六节南孚强，六节南孚比三十六节强，三十六节比二百一十六节强
[2026-02-22 01:18:18] dev1ce全球粉丝后援会: 不考
[2026-02-22 01:18:19] 哈机器好胖好可爱: 不孝
[2026-02-22 01:18:19] SKT的Faker本人: 抓娃娃
[2026-02-22 01:18:19] bsqqaq: 超大级爆！超大级爆！超大级爆！超大级爆！超大级爆！超大级爆！
[2026-02-22 01:18:19] 深巷里的少年与猫丿: 别看了肖磊，你学不会的
[2026-02-22 01:18:19] assanodymo: 一局之内编2次，职业生涯至少0个m@jor
[2026-02-22 01:18:19] 用户53477423: 过去不给大东？
[2026-02-22 01:18:20] 吃饱了就想遛鸟: 老汤就是个five了
[2026-02-22 01:18:20] DestroyerElune丶: 这屏蔽词多的都快赶上新华词典了
[2026-02-22 01:18:20] 暴力卓司: 尸怎么还没屏蔽？玩机器你不要给脸不要脸！
[2026-02-22 01:18:20] LvvsiN: 南孚一节更比六节强，也就是一节南孚比六节南孚强，六节南孚比三十六节强，三十六节比二百一十六节强
[2026-02-22 01:18:20] 枫溪南封: 第一见编尸会被屏蔽，谁家公子编尸了？
[2026-02-22 01:18:21] 阿良良木历Koyomi: 匕公子也干了
[2026-02-22 01:18:21] 白皇的三千院Nagi本人: 一局之内编2次，职业生涯至少0个m@jor
[2026-02-22 01:18:21] 水球碳酸饮料: 不孝
[2026-02-22 01:18:21] 温柔是罪是罪吗: 不考
[2026-02-22 01:18:21] 玩机器你能不能闭嘴: 不考
[2026-02-22 01:18:21] 深巷里的少年与猫丿: 别看了肖磊，你学不会的
[2026-02-22 01:18:22] stephenppz: 比老汤高还是人啊
[2026-02-22 01:18:22] 双刀牛TMac: 房管布罗利这种工作受了气回家收拾老婆孩子下手最重的
[2026-02-22 01:18:22] bsqqaq: 超大级爆！超大级爆！超大级爆！超大级爆！超大级爆！超大级爆！
[2026-02-22 01:18:22] 大裂谷的登山家: niko编的是尼考所以是善意互动，载物编的是海啸所以是恶意攻击，这点要分清
[2026-02-22 01:18:22] 0guriCap: 其实碗橱就是猪灵，你不拿黄金丢他他就不跟你说话
[2026-02-22 01:18:22] Vitality的Zyw0o0本人: 匕公子也干了
[2026-02-22 01:18:22] 刘刘的农: 第一见编尸会被屏蔽，谁家公子编尸了？
[2026-02-22 01:18:22] desuwa的丰川祥子本人: 南孚一节更比六节强，也就是一节南孚比六节南孚强，六节南孚比三十六节强，三十六节比二百一十六节强
[2026-02-22 01:18:23] 爱吃青椒的重曹酱: 第一见编尸会被屏蔽，谁家公子编尸了？
[2026-02-22 01:18:23] 玩大狙、dev1cy: @布罗利：4️⃣8️⃣🈚️是理性讨论，喷我尼爷孩爹是过分发言，这点要封清
[2026-02-22 01:18:23] 寂寞之牛: 不孝
[2026-02-22 01:18:23] 星海羽弦: 第一见编尸会被屏蔽，谁家公子编尸了？
[2026-02-22 01:18:24] 好哥们黑龙歼灭刀: 编尸的编都被屏蔽了？nb。。。
[2026-02-22 01:18:24] 暴力卓司: 尸怎么还没屏蔽？玩机器你不要给脸不要脸！
[2026-02-22 01:18:24] 玩饺子丶Dumpling: 弹幕🧊粉是不是给你们脸了，刷了一晚上了还不够是吧，再刷一句试试？
[2026-02-22 01:18:24] 深巷里的少年与猫丿: 别看了肖磊，你学不会的
[2026-02-22 01:18:24] 爱洛魔神仙台叶月: 弹幕好可怕，玩乐队的大姐姐们呢
[2026-02-22 01:18:24] chukap: 　　　 ⓘ 该弹幕已被封禁
[2026-02-22 01:18:24] 奇宋大掰: 为什么不给5-11发狙
[2026-02-22 01:18:24] 飞逝蔷薇: 载物不是top1吗，怎么跑右边中间坐着了
[2026-02-22 01:18:25] bsqqaq: 超大级爆！超大级爆！超大级爆！超大级爆！超大级爆！超大级爆！
[2026-02-22 01:18:25] 曾经灬很无辜丶: 第一见编尸会被屏蔽，谁家公子编尸了？
[2026-02-22 01:18:25] 小箱我亲死你: 以前就发给老汤了（5-11）
[2026-02-22 01:18:26] MSK枫: poiii的吊在下面
[2026-02-22 01:18:26] 偷哦嘘鞭贷拔: 抓娃娃
[2026-02-22 01:18:26] 普通且不自信: 第一见编尸会被屏蔽，谁家公子编尸了？
[2026-02-22 01:18:26] 想有心的机器人: poi
[2026-02-22 01:18:27] monkeyy: 　　　 别看了肖磊，你学不会的
[2026-02-22 01:18:27] 千晚Y: 第一见编尸会被屏蔽，谁家公子编尸了？
[2026-02-22 01:18:27] ykls的爱情结晶: 不是你编你😠。。。我去这不是载物居然 这是niko居然 老尼你编的好啊 老尼他配赢啊
[2026-02-22 01:18:27] 记得少吃外卖玩宝宝: 伍子胥也编了，你们怎么不压力他🥹🥹🥹……
[2026-02-22 01:18:27] 用户144491677: 感觉不如4 ，8布罗利
[2026-02-22 01:18:27] 好哥们黑龙歼灭刀: 匕公子也干了
[2026-02-22 01:18:27] Fuentes556: 第一枪咑在了诸葛给的战术本上 他约好要和发小重铸A队荣光
[2026-02-22 01:18:27] 哇啦哇啦族长: 第一见编尸会被屏蔽，谁家公子编尸了？
[2026-02-22 01:18:28] 我超兄弟马蹬是谁: 第一见编尸会被屏蔽，谁家公子编尸了？
[2026-02-22 01:18:28] 艺术冰霜: 匕公子也干了
[2026-02-22 01:18:28] C9的achine6658本人: 这屏蔽词多的都快赶上新华词典了
[2026-02-22 01:18:28] SDSF004: 16-4？服务器里有个超人怎么打
[2026-02-22 01:18:28] 香菜粉丝粉丝: 说白了就是无责呗
[2026-02-22 01:18:29] bsqqaq: 超大级爆！超大级爆！超大级爆！超大级爆！超大级爆！超大级爆！
[2026-02-22 01:18:29] fpx丶: 老尼其实是冰粉，因为他边了尼笑，有感觉吗（房管别封我，我错了）
[2026-02-22 01:18:29] 雨尽打伞人092: 不孝
[2026-02-22 01:18:29] G2邦硬401: ？
[2026-02-22 01:18:30] RyeHS: ？
[2026-02-22 01:18:30] 为何平凡一世: ？？
[2026-02-22 01:18:30] 神官喵: ？
[2026-02-22 01:18:30] Crych1c的若叶睦本人: 弹幕🧊粉是不是给你们脸了，刷了一晚上了还不够是吧，再刷一句试试？
[2026-02-22 01:18:30] LvvsiN: 你为什么要把mαjor禁了，我收藏的一半弹幕全毁了
[2026-02-22 01:18:31] 无限制的场: 第一见niko play会被屏蔽，谁家公子niko play了？
[2026-02-22 01:18:31] Q2002335: 第一见编尸会被屏蔽，谁家公子编尸了？
[2026-02-22 01:18:31] arimrs: ？？？？
[2026-02-22 01:18:31] 本间芽衣子ya: 超大级爆！超大级爆！超大级爆！超大级爆！超大级爆！超大级爆！
[2026-02-22 01:18:31] 晚睡夜ovo: ⓘ 该弹幕已被封禁
[2026-02-22 01:18:31] JaFency: ?
[2026-02-22 01:18:31] 莫情123: 19汤拿A1了
[2026-02-22 01:18:32] 用户46659809: @布罗利：4️⃣8️⃣🈚️是理性讨论，喷我尼爷孩爹是过分发言，这点要封清楚
[2026-02-22 01:18:32] 小白菜爱萝卜: 5／11谁的老爸啊？
[2026-02-22 01:18:32] 好姐妹五更琉璃喵: ？
[2026-02-22 01:18:33] LvvsiN: 别解说了 多聊会天 你不会真的以为能输吧
[2026-02-22 01:18:33] 一叶气瓷郎: ？
[2026-02-22 01:18:33] HaibaraAi1109: 不是你编你😠。。。我去这不是载物居然 这是niko居然 老尼你编的好啊 老尼他配赢啊
[2026-02-22 01:18:33] 梓川不是辛川: 尸怎么还没屏蔽？玩机器你不要给脸不要脸！
[2026-02-22 01:18:33] bsqqaq: 超大级爆！超大级爆！超大级爆！超大级爆！超大级爆！超大级爆！
[2026-02-22 01:18:33] 石家庄特色猪油火锅: 你是？
[2026-02-22 01:18:33] enihcaM器机玩7566: 　　　 ⓘ 该弹幕已被封禁
[2026-02-22 01:18:33] fpx丶: 老尼其实是冰粉，因为他边了尼笑，有感觉吗（房管别封我，我错了）
[2026-02-22 01:18:34] 烟华空爱: 你们再刷几分钟玩大哥要去登山了
[2026-02-22 01:18:34] 我是一个医保卡: 你是？
[2026-02-22 01:18:34] ShanoaM: 压力
[2026-02-22 01:18:34] 还有时间日落之前: 匕公子也干了
[2026-02-22 01:18:34] 爱吃青椒的重曹酱: ⓘ您已被房管布罗利封禁，点击了解6657官威
[2026-02-22 01:18:34] 暴力卓司: 尸怎么还没屏蔽？玩机器你不要给脸不要脸！
[2026-02-22 01:18:35] 華之君: ？？
[2026-02-22 01:18:35] 是小蚂蚁吖: ？
[2026-02-22 01:18:35] LvvsiN: 你这音画不同步太难受了，我都听到NIKO里约RMR晋级的欢呼了
[2026-02-22 01:18:35] 玩斯特出出6657: 傻呗
[2026-02-22 01:18:35] arimrs: 你是？？？？
[2026-02-22 01:18:35] 不是朝是朝: ?
[2026-02-22 01:18:35] 哈机器好胖好可爱: 5／11谁的老爸啊？
[2026-02-22 01:18:36] 求奶我考不上中大CS: 希望（5-12）
[2026-02-22 01:18:36] 唢呐呐呐子: 你是？
[2026-02-22 01:18:36] 玩机器的乃个会刘能: 招笑
[2026-02-22 01:18:36] 一条无梦鱼: 懂你意思
[2026-02-22 01:18:36] 黑白桃乐兹: 你是？
[2026-02-22 01:18:36] bsqqaq: 超大级爆！超大级爆！超大级爆！超大级爆！超大级爆！超大级爆！
[2026-02-22 01:18:36] QU总的双下巴: 匕公子也干了
[2026-02-22 01:18:37] LvvsiN: 你为什么要把mαjor禁了，我收藏的一半弹幕全毁了
[2026-02-22 01:18:37] NikoLIinNO: 弹幕🧊粉是不是给你们脸了，刷了一晚上了还不够是吧，再刷一句试试？
[2026-02-22 01:18:37] 林三夕i: 这7号像瘦了的载物啊
[2026-02-22 01:18:37] last玩神丶: 匕公子也干了
[2026-02-22 01:18:37] 99组的爱城华恋本人: 超大级爆！超大级爆！超大级爆！超大级爆！超大级爆！超大级爆！
[2026-02-22 01:18:37] Vitality的Zyw0o0本人: 第一见niko play会被屏蔽，谁家公子niko play了？
[2026-02-22 01:18:37] 好姐妹索菲亚: 你是？
[2026-02-22 01:18:37] 马楼King张三: 懂你意思
[2026-02-22 01:18:37] 好哥们黑龙歼灭刀: @布罗利：4️⃣8️⃣🈚️是理性讨论，喷我尼爷孩爹是过分发言，这点要封清楚
[2026-02-22 01:18:38] Aysell: 第一见niko play会被屏蔽，谁家公子niko play了？
[2026-02-22 01:18:38] 奥拉夫的蛋炒饭: 第一见niko play会被屏蔽，谁家公子niko play了？
[2026-02-22 01:18:38] aihara0: 第一见niko play会被屏蔽，谁家公子niko play了？∂є𝓼𝓾𝔀𝓪
[2026-02-22 01:18:39] 和泉千晶MAo: 第一见niko play会被屏蔽，谁家公子niko play了？
[2026-02-22 01:18:39] LvvsiN: 南孚一节更比六节强，也就是一节南孚比六节南孚强，六节南孚比三十六节强，三十六节比二百一十六节强
[2026-02-22 01:18:39] 杰里科丶: 急、
[2026-02-22 01:18:39] 咸鱼红茶: 听到了也听不懂
[2026-02-22 01:18:39] 7奥蕾莉亚7: test
[2026-02-22 01:18:39] 好姐妹抹茶芭菲:  @Crych1c的若叶睦本人：弹幕🧊粉是不是给你们脸了，刷了一晚上了还不够是吧，再刷一句试试？
[2026-02-22 01:18:39] 玩超人machine: 你是?
[2026-02-22 01:18:40] 羽丘第一ct丰川祥子: 你为什么要把mαjor禁了，我收藏的一半弹幕全毁了
[2026-02-22 01:18:40] 黑鳖王: 干的尼蚂笑哈哈！
[2026-02-22 01:18:40] 千百度897: 你是？
[2026-02-22 01:18:40] 给jee介绍女朋友: ⓘ您已被房管布罗利封禁，点击了解6657官威
[2026-02-22 01:18:40] bsqqaq: 超大级爆！超大级爆！超大级爆！超大级爆！超大级爆！超大级爆！
[2026-02-22 01:18:40] 含泪办卡: 快进到踢对人了
[2026-02-22 01:18:41] Gverense: Niko拿大鸟给尸体一枪不叫边尸，叫间尸
[2026-02-22 01:18:41] LvvsiN: 其实碗橱就是猪灵，你不拿黄金丢他他就不跟你说话
[2026-02-22 01:18:41] ok奶绿: ⓘ 该弹幕已被封禁
[2026-02-22 01:18:41] 康托尔74920: @南通文旅：谁家少爷扁食了？
[2026-02-22 01:18:41] 蝶花月: 你是？
[2026-02-22 01:18:42] xxx2xxx: 考
[2026-02-22 01:18:42] mruka: 哲伟扁马卡扁了一百次没见人说
[2026-02-22 01:18:42] 太宰治驾到: 你是？
[2026-02-22 01:18:42] Q1ed7f9c85b3bc7571: 懂你意思
[2026-02-22 01:18:42] sryXD: 你是个够吧
[2026-02-22 01:18:42] redlant3rn: 老汤五杀了！老汤五杀了！老汤五杀了！老汤五杀了！
[2026-02-22 01:18:42] A1report: 第一见niko play会被屏蔽，谁家公子niko play了？
[2026-02-22 01:18:42] MeIoN39: ⓘ 该弹幕已被封禁
[2026-02-22 01:18:43] xyp9x去哪了: 匕公子也干了
[2026-02-22 01:18:43] 懵G丶: ⓘ您已被房管布罗利封禁，点击了解6657官威
[2026-02-22 01:18:43] AmagiYukiko: 第一见niko play会被屏蔽，谁家公子niko play了？
[2026-02-22 01:18:43] jamesfaith23: 懂你意思
[2026-02-22 01:18:43] 普通网友小沈: 🧊粉闹麻了，zywoo有niko人品的十分之一吗？😅
[2026-02-22 01:18:43] 嘿嘿嘿1129: 第一见niko play会被屏蔽，谁家公子niko play了？
[2026-02-22 01:18:44] 可苦可乐GRA: 5-12拿m4
[2026-02-22 01:18:44] 飞翔的猫咪213: 只有一个人的8是真4了
[2026-02-22 01:18:44] 2EZ4AME: 不孝
[2026-02-22 01:18:44] 玩玩可爱捏: 南孚一节更比六节强，也就是一节南孚比六节南孚强，六节南孚比三十六节强，三十六节比二百一十六节强
[2026-02-22 01:18:44] -小佐内由纪-: 弹幕🧊粉是不是给你们脸了，刷了一晚上了还不够是吧，再刷一句试试？
[2026-02-22 01:18:45] 椎名真白ii丶: 第一见niko play会被屏蔽，谁家公子niko play了？
[2026-02-22 01:18:45] LvvsiN: 就tm喜欢银行业🥰银行坏账我喜欢🥰银行挤兑我还喜欢😍利率调低我也喜欢🤤老子亲烂银行业的脸😘
[2026-02-22 01:18:45] 祐天寺喵梦: @布罗利：4️⃣8️⃣🈚️是理性讨论，喷我尼爷孩爹是过分发言，这点要封清
[2026-02-22 01:18:45] 仲夏677:  @Crych1c的若叶睦本人：弹幕🧊粉是不是给你们脸了，刷了一晚上了还不够是吧，再刷一句试试？
[2026-02-22 01:18:45] 玩小将、kid: 你是？
[2026-02-22 01:18:45] 泽消: 你哪位？
[2026-02-22 01:18:45] 爆爆机器的大枸杞: 考
[2026-02-22 01:18:45] 香港分社记者: 编湿都不行了吗
[2026-02-22 01:18:45] 莫情123: 你是?
[2026-02-22 01:18:46] 可苦可乐GRA: 5-12拿m4
[2026-02-22 01:18:46] 安觉angle: ⓘ您已被房管布罗利封禁，点击了解6657官威
[2026-02-22 01:18:46] HaibaraAi1109: 第一见niko play会被屏蔽，谁家公子niko play了？
[2026-02-22 01:18:46] 爱吃青椒的重曹酱: ⓘ 该弹幕已被封禁
[2026-02-22 01:18:46] 绝食十年攒爱top3飞机: 超大级爆！超大级爆！超大级爆！超大级爆！超大级爆！超大级爆！
[2026-02-22 01:18:47] LvvsiN: 银行业😄银行业😀银行业😃银行业😁银行业😆银行业🤪银行业😝
[2026-02-22 01:18:47] 玩爱音丶Soyorin: 你已急哭
[2026-02-22 01:18:47] 若叶睦吃苦瓜: 第一见niko play会被屏蔽，谁家公子niko play了？
[2026-02-22 01:18:47] SideChannel: 卡比
[2026-02-22 01:18:47] xhwspdd: ⓘ您已被房管布罗利封禁，点击了解6657官威
[2026-02-22 01:18:47] 用户00137810: ⓘ您已被房管布罗利封禁，点击了解6657官威
[2026-02-22 01:18:48] 就爱吃辣咋的: 卡逼
[2026-02-22 01:18:48] 幻梦zp:  @Crych1c的若叶睦本人：弹幕🧊粉是不是给你们脸了，刷了一晚上了还不够是吧，再刷一句试试？
[2026-02-22 01:18:48] 一套二一套二: 匕公子也干了
[2026-02-22 01:18:48] FadedDawns: 能谤讥于弹幕，闻寡人之耳者，7天，鱼扒发帖谏寡人者，30天，高能弹幕面刺寡人者，360
[2026-02-22 01:18:49] 伦敦千早爱: 腻腻害害major16强
[2026-02-22 01:18:49] Avem1337: major
[2026-02-22 01:18:49] Q1ed7f9c85b3bc7571: ？
[2026-02-22 01:18:49] 用户2334739037: Niko拿大鸟给尸体一枪不叫边尸，叫间尸
[2026-02-22 01:18:49] bsqqaq: 超大级爆！超大级爆！超大级爆！超大级爆！超大级爆！超大级爆！
[2026-02-22 01:18:49] DAVE佛: 下限也比老汤高
[2026-02-22 01:18:50] 冬瓜不在家偷偷玩机器: 他要听到了他真成三体人了
[2026-02-22 01:18:50] 可苦可乐GRA: 5-12拿m4
[2026-02-22 01:18:50] 静寂风: 哈哈哈哈哈哈哈哈哈哈哈哈
[2026-02-22 01:18:50] 风镰12138: ?
[2026-02-22 01:18:50] MERU335251: 第一见niko play会被屏蔽，谁家公子niko play了？
[2026-02-22 01:18:50] 石家庄特色猪油火锅: 卡比
[2026-02-22 01:18:50] 用户42110893: @南通文旅：谁家少爷扁食了？
[2026-02-22 01:18:50] Subto: ⓘ 该弹幕已被封禁
[2026-02-22 01:18:51] 水球碳酸饮料: 黑暗降临
[2026-02-22 01:18:51] 用户0268784457: 只有一个人的8是真4了
[2026-02-22 01:18:51] whcqtsx: @布罗利：4️⃣8️⃣🈚️是理性讨论，喷我尼爷孩爹是过分发言，这点要封清
[2026-02-22 01:18:51] 峰城大附中的kazusa本人: ⓘ 该弹幕已被封禁
[2026-02-22 01:18:51] 赛文CCC: 第一见niko play会被屏蔽，谁家公子niko play了？
[2026-02-22 01:18:51] 好姐妹冰川姐妹: ⓘ您已被房管布罗利封禁，点击了解6657官威
[2026-02-22 01:18:51] 驴友到此一游: 急
[2026-02-22 01:18:52] 玩斯特出出6657: kale
[2026-02-22 01:18:52] 爱斯忑音音: 油干了
[2026-02-22 01:18:52] 草莓味小兔兔: 其实碗橱就是猪灵，你不拿黄金丢他他就不跟你说话
[2026-02-22 01:18:52] bsqqaq: 超大级爆！超大级爆！超大级爆！超大级爆！超大级爆！超大级爆！
[2026-02-22 01:18:52] 香菜粉丝粉丝: 能不能播
[2026-02-22 01:18:52] RLLAxdy: ⓘ您已被房管布罗利封禁，点击了解6657官威
[2026-02-22 01:18:53] 我女友663: ？
[2026-02-22 01:18:53] 可苦可乐GRA: 5-12拿m4
[2026-02-22 01:18:53] 赫尔城的安德雷伊本人: 玩机器不是不播，而是少播，缓播，慢播，曼波，哦嘛几里曼波🎤
[2026-02-22 01:18:53] 爱洛魔神仙台叶月: ⓘ 该弹幕已被封禁
[2026-02-22 01:18:53] 吃烧烤得吃烤茄子: 爆
[2026-02-22 01:18:53] 大逸子: 你已急哭
[2026-02-22 01:18:53] 白毛neguno: 编湿都不行了吗
[2026-02-22 01:18:53] 刘刘的农: ⓘ您已被房管布罗利封禁，点击了解6657官威
[2026-02-22 01:18:54] fpx丶: 1
[2026-02-22 01:18:54] 好哥们黑龙歼灭刀: 第一见niko play会被屏蔽，谁家公子niko play了？
[2026-02-22 01:18:54] 阿羞羞i: 急
[2026-02-22 01:18:54] 清蒸冬瓜茄子汤: 给我老汤卡死了
[2026-02-22 01:18:54] 拉特兰的Exus1a1本人: 黑暗降临
[2026-02-22 01:18:54] 用户6663842222: 　　　 第一见niko play会被屏蔽，谁家公子niko play了？
[2026-02-22 01:18:54] 鸟儿在头顶把森林叫醒: 在线榜地12名千早爱音给你送钻粉你咋不谢（11级发不了言代发）
[2026-02-22 01:18:54] 丛念39090: 超大级爆！超大级爆！超大级爆！超大级爆！超大级爆！超大级爆！
[2026-02-22 01:18:55] znnoy: 房管布罗利应该是明天起床生闷气，让老婆猜。
[2026-02-22 01:18:55] 小小小鲤鱼: 卡比
[2026-02-22 01:18:55] 茶泡饭Trinity: ⓘ 该弹幕已被封禁
[2026-02-22 01:18:55] LvvsiN: 就tm喜欢银行业🥰银行坏账我喜欢🥰银行挤兑我还喜欢😍利率调低我也喜欢🤤老子亲烂银行业的脸😘
[2026-02-22 01:18:55] 劉膿dewasu: ⓘ您已被房管布罗利封禁，点击了解6657官威
[2026-02-22 01:18:55] 羊驼主播: 我以为我卡了
[2026-02-22 01:18:55] bsqqaq: 超大级爆！超大级爆！超大级爆！超大级爆！超大级爆！超大级爆！
[2026-02-22 01:18:56] 爆炒黄牛肉的Zeus本人: 尸公子也干了
[2026-02-22 01:18:56] 看到pussy流出milk才死心: 石家庄电信
[2026-02-22 01:18:56] 奇宋大掰: 卡比
[2026-02-22 01:18:56] 愿良辰美景: 你已急哭
[2026-02-22 01:18:56] 晨风凌云21146: 爆 了
[2026-02-22 01:18:56] Ralmnstr: 润滑一下
[2026-02-22 01:18:56] Thatsgood961: ⓘ 该弹幕已被封禁
[2026-02-22 01:18:56] KevinTheFool: 黑暗降临
[2026-02-22 01:18:56] 玉蜀黍巧克力: 急急急
[2026-02-22 01:18:57] 风在山路吹1161: 爆 了
[2026-02-22 01:18:57] oO怪盗Oo: 华为不卡
[2026-02-22 01:18:57] 冲上云霄的姨: 第一见niko play会被屏蔽，谁家公子niko play了？
[2026-02-22 01:18:57] 寂静世界876: 不道歉？你错哪了？不道歉？你错哪了不道歉？你错哪了？
[2026-02-22 01:18:57] 白匀呀: 黑暗降临
[2026-02-22 01:18:57] arimrs: 暗黑降临
[2026-02-22 01:18:58] 马猴烧酒小地瓜: @南通文旅：谁家少爷扁食了？
[2026-02-22 01:18:58] bzhanshenshi: 黑暗降临
[2026-02-22 01:18:58] 我是一个医保卡: 卡比
[2026-02-22 01:18:58] HyperDespot: 编湿都不行了吗
[2026-02-22 01:18:58] SuperSword81317: 急
[2026-02-22 01:18:58] 琉丶枫: 黑暗降临
[2026-02-22 01:18:58] Mam1ka: 急死了
[2026-02-22 01:18:58] 你的最佳读者: ⓘ您已被房管布罗利封禁，点击了解6657官威
[2026-02-22 01:18:59] 长枪学长: 你已急哭
[2026-02-22 01:18:59] 香港分社记者: 编湿都不在了吗
[2026-02-22 01:18:59] 柳小目: 第一见niko play会被屏蔽，谁家公子niko play了？
[2026-02-22 01:18:59] 浮影Fying: 刘卡
[2026-02-22 01:18:59] glad1uS: [尴尬]
[2026-02-22 01:18:59] 温柔是罪是罪吗: 你已急哭
[2026-02-22 01:18:59] 天际之光90830: 你急死了
[2026-02-22 01:18:59] 热带雨林丶为爱鼓掌: 急
[2026-02-22 01:19:00] 地毯毯同学: ⓘ 该弹幕已被封禁
[2026-02-22 01:19:00] 法尔孔的陈千语本人: 急
[2026-02-22 01:19:00] 独步红尘笑古今: ⓘ您已被房管布罗利封禁，点击了解6657官威
[2026-02-22 01:19:00] 冲上云霄的姨: @布罗利：4️⃣8️⃣🈚️是理性讨论，喷我尼爷孩爹是过分发言，这点要封清楚
[2026-02-22 01:19:00] redlant3rn: 老汤五杀了！老汤五杀了！老汤五杀了！老汤五杀了！老汤五杀了！老汤五杀了！老汤五杀了！老汤五杀了！
[2026-02-22 01:19:01] 槑皆是遗憾: ⓘ您已被房管布罗利封禁，点击了解6657官威
[2026-02-22 01:19:01] 玩机器你能不能闭嘴: 黑暗降临
[2026-02-22 01:19:01] GlockieSs: 你们这些黑niko的 我兄弟是房管，想被封刷一个试试呢？
[2026-02-22 01:19:01] 约渊: 你已急哭
[2026-02-22 01:19:01] 不务正业127: 润滑油没了
[2026-02-22 01:19:01] HastsuneMiku: 你已急哭
[2026-02-22 01:19:01] 瘤坤的假发: 你已急哭
[2026-02-22 01:19:01] 最后一舞之一舞再舞: 急
[2026-02-22 01:19:01] 田中口三才: 急死了
[2026-02-22 01:19:02] 可苦可乐GRA: 有点刻晴了
[2026-02-22 01:19:02] 听说改名能中奖是八: 暗黑CS
[2026-02-22 01:19:02] 抓住肉肉啃: 急
[2026-02-22 01:19:02] 纪川6657: ⓘ 该弹幕已被封禁
[2026-02-22 01:19:02] 驴驴伟伟major冠军: 华为不卡
[2026-02-22 01:19:02] 足球上帝托马斯阿芒: 傻杯东西
[2026-02-22 01:19:03] 用户3006887262: Niko拿大鸟给尸体一枪不叫边尸，叫间尸
[2026-02-22 01:19:03] fkoff: 8888888
[2026-02-22 01:19:03] ykls的爱情结晶: 黑暗降临
[2026-02-22 01:19:03] 蜡笔小新的Jelly: ⓘ您已被房管布罗利封禁，点击了解6657官威
[2026-02-22 01:19:03] HaibaraAi1109: ⓘ您已被房管布罗利封禁，点击了解6657官威
[2026-02-22 01:19:04] 尝试切他中路灬: 你已急哭
[2026-02-22 01:19:04] MJ猪猪呀: ？
[2026-02-22 01:19:04] 教育片來一部: 超大级爆！
[2026-02-22 01:19:04] 修理狗: 88888888888
[2026-02-22 01:19:04] HazeDie1337: 急
[2026-02-22 01:19:04] 哈密瓜HaMiGua: 急哭
[2026-02-22 01:19:04] 爱斯忑音音: 再加点油
[2026-02-22 01:19:04] 宫夫邪神: 给我老汤卡死了
[2026-02-22 01:19:04] 林间拾露z: 黑暗降临
[2026-02-22 01:19:04] arimrs: 第一见niko play会被屏蔽，谁家公子niko play了？
[2026-02-22 01:19:04] 看pv纪录片: @布罗利：4️⃣8️⃣🈚️是理性讨论，喷我尼爷孩爹是过分发言，这点要封清楚
[2026-02-22 01:19:04] 天际之光90830: 黑暗降临了
[2026-02-22 01:19:04] 莫情123: 没卡
[2026-02-22 01:19:05] 叫我神锋就好了: 不想播就滚
[2026-02-22 01:19:05] 鸟儿在头顶把森林叫醒: ⓘ您已被房管布罗利封禁，点击了解6657官威
[2026-02-22 01:19:05] 怒之拳: 你已急哭
[2026-02-22 01:19:05] 丹cin: ⓘ您已被房管布罗利封禁，点击了解6657官威
[2026-02-22 01:19:05] 用户247509865: 黑暗降临
[2026-02-22 01:19:05] CV65Enterprise: 黑暗降临
[2026-02-22 01:19:05] Evelexl: 你已急哭
[2026-02-22 01:19:05] 爱洛魔神仙台叶月: 黑暗降临
[2026-02-22 01:19:05] VR的灰泽螨本人: 你已急哭
[2026-02-22 01:19:06] 一条无梦鱼: 黑暗降临了....
[2026-02-22 01:19:06] ShanoaM: 黑暗降临
[2026-02-22 01:19:06] 小箱我亲死你: 老汤要被你卡死了
[2026-02-22 01:19:06] 一觉兩夢叁醒: 你爸没了
[2026-02-22 01:19:06] 玩machine丶机器: 你已急哭
[2026-02-22 01:19:06] 让风告诉你h: 你已急哭
[2026-02-22 01:19:06] 一寸灰Q: 尸公子也干了
[2026-02-22 01:19:06] 丶丶Ken丶丶: 8888888
[2026-02-22 01:19:06] 天魔外道y: ⓘ您已被房管布罗利封禁，点击了解6657官威
[2026-02-22 01:19:07] 瑭珏: 黑暗降临
[2026-02-22 01:19:07] 好哥们黑龙歼灭刀: ⓘ您已被房管布罗利封禁，点击了解6657官威
[2026-02-22 01:19:07] w云想衣裳花想容: 这里很关键你别搞啊
[2026-02-22 01:19:07] 我是一个医保卡: ／
[2026-02-22 01:19:07] Vitality的羽贺文乃本人: 黑暗降临
[2026-02-22 01:19:07] GlockieSs: 你们这些黑niko的 我兄弟是房管，想被封刷一个试试呢？
[2026-02-22 01:19:07] 用户247509865: 黑暗降临
[2026-02-22 01:19:07] shanweii: 给我老汤卡死了
[2026-02-22 01:19:07] SideChannel: 你已急哭
[2026-02-22 01:19:08] jamesfaith23: 你已急哭
[2026-02-22 01:19:08] 巅峰A队的一员Xyp9x: [像个小丑]
[2026-02-22 01:19:08] 辰ee: ⓘ您已被房管布罗利封禁，点击了解6657官威
[2026-02-22 01:19:08] 载物的艾7: ⓘ您已被房管布罗利封禁，点击了解6657官威
[2026-02-22 01:19:08] 浊风天枢: 你们这些黑niko的 我兄弟是房管，想被封刷一个试试呢？
[2026-02-22 01:19:08] LYON丶李小帅: 你都急了
[2026-02-22 01:19:08] Time0Machine: ⓘ您已被房管布罗利封禁，点击了解6657官威
[2026-02-22 01:19:08] 求老仙奶贾碧不死: 黑暗降临
[2026-02-22 01:19:08] MSK枫: 卡比
[2026-02-22 01:19:08] 爱装bi的疯子: ⓘ您已被房管布罗利封禁，点击了解6657官威
[2026-02-22 01:19:09] 迷你世界丁真学姐1: 润滑油一下
[2026-02-22 01:19:09] 刘刘的农: ⓘ您已被房管布罗利封禁，点击了解6657官威
[2026-02-22 01:19:09] 蝶花月: 给我老汤卡死了
[2026-02-22 01:19:09] 愿良辰美景: 老汤要被你卡死了
[2026-02-22 01:19:09] 宇莓: 谁家公子Niko play了，怎么还有钛监帮忙捂嘴的
[2026-02-22 01:19:09] 纪川6657: @布罗利：4️⃣8️⃣🈚️是理性讨论，喷我尼爷孩爹是过分发言，这点要封清楚
[2026-02-22 01:19:09] SDSF004: 被BAN了？
[2026-02-22 01:19:09] 用户247509865: 黑暗降临
[2026-02-22 01:19:09] 小川阿丶: 好
[2026-02-22 01:19:09] 可苦可乐GRA: 有点刻晴了😄
[2026-02-22 01:19:10] bzhanshenshi: 你已急哭
[2026-02-22 01:19:10] NES丶大白白白呐: 黑暗降临
[2026-02-22 01:19:10] t1tanium: ⓘ您已被房管布罗利封禁，点击了解6657官威
[2026-02-22 01:19:10] 地毯毯同学: 黑暗降临
[2026-02-22 01:19:10] FrankGFL: 给我老汤卡死了
[2026-02-22 01:19:10] 神官喵: 不想播就滚
[2026-02-22 01:19:10] djklyk: 你已急哭
[2026-02-22 01:19:10] 666hxyljp: ⓘ您已被房管布罗利封禁，点击了解6657官威
[2026-02-22 01:19:10] 鸟儿在头顶把森林叫醒: 黑暗降临
[2026-02-22 01:19:10] 流光似水321: 别装了登山吧
[2026-02-22 01:19:11] 明天就和蕾塞结婚: 好似
[2026-02-22 01:19:11] mujica的长崎素世本人: Niko拿大鸟给尸体一枪不叫边尸，叫间尸
[2026-02-22 01:19:11] 土御门静雄: 你已急哭
[2026-02-22 01:19:11] s坑华: 不想播就滚
[2026-02-22 01:19:11] ImYJY: 华为不卡
[2026-02-22 01:19:11] 鲸落鲸落417: 急急急
[2026-02-22 01:19:12] 用户247509865: 黑暗降临
[2026-02-22 01:19:12] 普通网友小沈: 被罗布利封了
[2026-02-22 01:19:12] 哈哈哈MC520: 你已急哭
[2026-02-22 01:19:12] Nobody77866: 黑暗降临
[2026-02-22 01:19:12] 花果山前一棵树: @布罗利：4️⃣8️⃣🈚️是理性讨论，喷我尼爷孩爹是过分发言，这点要封清楚
[2026-02-22 01:19:12] 海绵宝宝Az儿: 你已急哭
[2026-02-22 01:19:12] 可苦可乐GRA: 有点刻晴了😄
[2026-02-22 01:19:12] 我是一个医保卡: 黑暗降临
[2026-02-22 01:19:13] 終橙: 老汤五杀了！老汤五杀了！老汤五杀了！老汤五杀了！老汤五杀了！老汤五杀了！老汤五杀了！老汤五杀了！
[2026-02-22 01:19:13] HastsuneMiku: 被封了
[2026-02-22 01:19:13] 我不是闪烁啊: 你已急哭
[2026-02-22 01:19:13] Saiki559: 黑暗降临
[2026-02-22 01:19:13] LvvsiN: 银行业😄银行业😀银行业😃银行业😁银行业😆银行业🤪银行业😝
[2026-02-22 01:19:13] 贰壹壹壹: 你已急哭
[2026-02-22 01:19:13] 石家庄的刘亦博本人: 老汤要被你卡死了
[2026-02-22 01:19:13] 型斯特月月: 黑暗降临
[2026-02-22 01:19:13] 维他立体的r6pz本人: 黑暗降临
[2026-02-22 01:19:14] 马加奇的哥哥马加绝: @栾华：玩卡卡!和小夫、布罗利这样的虫豸在一起，怎么能搞好6657呢？
[2026-02-22 01:19:14] 马楼King张三: 被ban了
[2026-02-22 01:19:14] 由比滨结衣official: @布罗利：4️⃣8️⃣🈚️是理性讨论，喷我尼爷孩爹是过分发言，这点要封清楚
[2026-02-22 01:19:14] 用户247509865: 黑暗降临
[2026-02-22 01:19:14] 尼尼孩孩京京驴驴: 黑暗降临
[2026-02-22 01:19:14] 忽孝山庄: ⓘ您已被房管布罗利封禁，点击了解6657官威
[2026-02-22 01:19:14] GF-of-GotohHitori、Kita: 黑暗降临
[2026-02-22 01:19:14] 双刀牛TMac: ⓘ您已被房管布罗利封禁，点击了解6657官威
[2026-02-22 01:19:14] MaakiseKurisu: 黑暗降临
[2026-02-22 01:19:14] 复旦玩机器后援会: ⓘ您已被房管布罗利封禁，点击了解6657官威
[2026-02-22 01:19:14] xxx2xxx: 黑暗降临
[2026-02-22 01:19:14] NikoHello520: ⓘ您已被房管布罗利封禁，点击了解6657官威
[2026-02-22 01:19:15] 园子yl: 黑幕了
[2026-02-22 01:19:15] a1441f: ⓘ您已被房管布罗利封禁，点击了解6657官威
[2026-02-22 01:19:15] 爱洛魔神仙台叶月: 爆
[2026-02-22 01:19:15] 童年之柒: 老爸倒了
[2026-02-22 01:19:15] viovvvvvvvon: 你已急哭
[2026-02-22 01:19:15] 7不懂8不懂: 我举报的
[2026-02-22 01:19:15] 修理狗: 321登山
[2026-02-22 01:19:15] NepLin木: 你已急哭
[2026-02-22 01:19:15] 寂静世界876: 不道歉？你错哪了？不道歉？你错哪不道歉？你错哪了？？
[2026-02-22 01:19:16] koctaa: 润滑油一下
[2026-02-22 01:19:16] 丛念39090: ⓘ您已被房管布罗利封禁，点击了解6657官威
[2026-02-22 01:19:16] 天守阁信长: 我提一嘴 房管真当官了要喂不是海啸的吃紫蛋 弹幕收敛点吧
[2026-02-22 01:19:16] SaberMax丶: 你已急哭
[2026-02-22 01:19:16] 可苦可乐GRA: 有点刻晴了😄
[2026-02-22 01:19:16] 用户247509865: 黑暗降临
[2026-02-22 01:19:16] 一寸灰Q: 别装了登山吧
[2026-02-22 01:19:16] zin桀zera: 黑暗降临
[2026-02-22 01:19:16] 还是荧光棒送少了: 你已急哭
[2026-02-22 01:19:16] 鸭硕的哈撒给: ⓘ您已被房管布罗利封禁，点击搜索uid6512408
[2026-02-22 01:19:17] 昌岗陈坤: Niko拿大鸟给尸体一枪不叫边尸，叫间尸
[2026-02-22 01:19:17] 偷哦嘘鞭贷拔: 好似
[2026-02-22 01:19:17] 温柔是罪是罪吗: 别装了登山吧
[2026-02-22 01:19:17] 丿炮炮丶: 888888888
[2026-02-22 01:19:17] 玩斯特出出6657: 不播就丨
[2026-02-22 01:19:17] 玉蜀黍巧克力: 润滑油刷新一下
[2026-02-22 01:19:17] CryLic: ⓘ您已被房管布罗利封禁，点击了解6657官威
[2026-02-22 01:19:17] 一条无梦鱼: 你被老汤封禁了
[2026-02-22 01:19:17] HazeDie1337: 黑暗降临
[2026-02-22 01:19:17] 华公公吉祥: 退钱
[2026-02-22 01:19:17] 白皇的三千院Nagi本人: 黑暗降临
[2026-02-22 01:19:18] TTak11: 给我老汤卡死了
[2026-02-22 01:19:18] 玩刘农device: 我举报的
[2026-02-22 01:19:18] 一寸灰Q: 别装了登山吧
[2026-02-22 01:19:18] redlant3rn: 老汤五杀了！老汤五杀了！老汤五杀了！老汤五杀了！老汤五杀了！
[2026-02-22 01:19:18] 用户247509865: 黑暗降临
[2026-02-22 01:19:18] 温柔皮皮想吃屁屁: 超级大编！
[2026-02-22 01:19:19] 水球碳酸饮料: 你已急哭
[2026-02-22 01:19:19] 用户46659809: ⓘ您已被房管布罗利封禁，点击了解6657官威
[2026-02-22 01:19:19] 刘刘的农: 　　　 @布罗利：4️⃣8️⃣🈚️是理性讨论，喷我尼爷孩爹是过分发言，这点要封清楚
[2026-02-22 01:19:19] 1Barrel: 你已急哭
[2026-02-22 01:19:19] RabbitRay: 被t台的房管封了
[2026-02-22 01:19:19] SuperSword81317: 你已急哭
[2026-02-22 01:19:19] AeoLian7: 黑暗降临
[2026-02-22 01:19:19] 杰洛齐贝林3: @jks：草，剪错了
[2026-02-22 01:19:19] O荒年I留连O: 黑暗降临
[2026-02-22 01:19:19] 差不多丶喜欢: 黑暗降临
[2026-02-22 01:19:20] 本质软糯Sakiko: niko编的是尼考所以是善意互动，载物编的是海啸所以是恶意攻击，这点要分清
[2026-02-22 01:19:20] 可苦可乐GRA: 有点刻晴了😄
[2026-02-22 01:19:20] Thatsgood961: 黑暗降临
[2026-02-22 01:19:20] GlockieSs: 你们这些黑niko的 我兄弟是房管，想被封刷一个试试呢？
[2026-02-22 01:19:20] Soy0r1NN: 你把老汤卡死了
[2026-02-22 01:19:20] 用户247509865: 黑暗降临
[2026-02-22 01:19:20] xuzVan: 8888888
[2026-02-22 01:19:20] 天际之光90830: 黑幕了，把阿三拉来一起打
[2026-02-22 01:19:20] 双标犬玩机器: ⓘ您已被房管布罗利封禁，点击了解6657官威
[2026-02-22 01:19:21] EvilDying: 你已急哭
[2026-02-22 01:19:21] 静寂风: ？？
[2026-02-22 01:19:21] 热爱学习的孟某人: 黑暗降临
[2026-02-22 01:19:21] 鱼鱼诚: 石家庄电信
[2026-02-22 01:19:21] 用户9693232973: ⓘ您已被房管布罗利封禁，点击了解6657官威
[2026-02-22 01:19:21] 我是一个医保卡: 什么炸了？
[2026-02-22 01:19:22] 用户1364543122: 你已急哭
[2026-02-22 01:19:22] jamesfaith23: 别装了登山吧
[2026-02-22 01:19:22] 包包你到底哪里神了: 　　　 黑暗降临
[2026-02-22 01:19:22] 爱斯忑音音: 润滑油用没了，再加点
[2026-02-22 01:19:22] MaakiseKurisu: 推迟是什么软件？
[2026-02-22 01:19:22] 玩斯特出出6657: 被拉黑了
[2026-02-22 01:19:22] Sereinily: ⓘ您已被房管布罗利封禁，点击搜索uid6512408
[2026-02-22 01:19:22] 用户247509865: 黑暗降临
[2026-02-22 01:19:22] 七色的人偶使者: 警察来的好快呀
[2026-02-22 01:19:22] Dartline: 别装了登山吧
[2026-02-22 01:19:22] 秋风化扇99010: 看不了就滚
[2026-02-22 01:19:22] 玩爱音丶Soyorin: 别装了登山吧
[2026-02-22 01:19:23] desuwa的丰川祥子本人: 黑暗降临
[2026-02-22 01:19:23] FaZe的喜多川海梦本人: 机场炸了
[2026-02-22 01:19:23] 圣德巫女: 黑暗降临
[2026-02-22 01:19:23] 夜枭音乐: 黑暗降临
[2026-02-22 01:19:23] 最喜欢妮姆芙: 别装了登山吧
[2026-02-22 01:19:23] MiniHerc: 老爸登山了
[2026-02-22 01:19:23] 寂静世界876: 不道歉？你错哪了？不道歉？你错哪不道歉？你错哪了？？
[2026-02-22 01:19:24] Kakapu12283: 给我老汤卡死了
[2026-02-22 01:19:24] 愤怒祷词: 爱弥斯视角
[2026-02-22 01:19:24] 羊驼主播: 你已急哭
[2026-02-22 01:19:24] Acm3Omn1: 看不了就下播
[2026-02-22 01:19:24] 海绵宝宝小能儿: JKS剪到你网线了？JKS剪到你网线了？JKS剪到你网线了？
[2026-02-22 01:19:24] 玩迩妈丶master: 你已急哭
[2026-02-22 01:19:24] KAZUSA149: 黑暗降临
[2026-02-22 01:19:24] 香港分社记者: 外星人👽入侵了
[2026-02-22 01:19:25] 水球碳酸饮料: 你已急哭
[2026-02-22 01:19:25] yukiraZz: 你已急哭
[2026-02-22 01:19:25] 用户247509865: 你已急哭
[2026-02-22 01:19:25] LokiAka: 你梯子散架了desuw@
[2026-02-22 01:19:25] 劉膿dewasu: 我已经被封了……再见了……宝宝们……
[2026-02-22 01:19:25] Saiki559: 布罗利跪下
[2026-02-22 01:19:25] ichkrim: 你已急哭
[2026-02-22 01:19:26] 永动机6号: 什么炸了？
[2026-02-22 01:19:26] metagrop: ⓘ您已被房管布罗利封禁，点击搜索uid6512408
[2026-02-22 01:19:26] 丰川祥子的皮鞋: @jks：草，剪错了
[2026-02-22 01:19:26] 葬送的芙蓉王: 被封ip了
[2026-02-22 01:19:26] 小白菜爱萝卜: 你已急哭🖐️👽✋你已急哭🖐️👽✋你已急哭🖐️👽✋你已急哭🖐️👽✋你已急哭🖐️👽✋
[2026-02-22 01:19:26] xuzVan: 登山咯
[2026-02-22 01:19:26] 孤独苦旅: 被t台的房管封了
[2026-02-22 01:19:26] Avem1337: 不好说
[2026-02-22 01:19:27] 雷中见雨: 盗播被发现了
[2026-02-22 01:19:27] 寂静世界876: 不道歉？你错哪了？不道歉？你错哪不道歉？你错哪了？？
[2026-02-22 01:19:27] 初初初DZ: 黑暗降临
[2026-02-22 01:19:27] 衣服Kaiju: 被布罗利封了吧
[2026-02-22 01:19:27] 用户247509865: 你已急哭
[2026-02-22 01:19:27] 纪川6657: ⓘ 该弹幕已被封禁
[2026-02-22 01:19:27] 另一个世界7: 黑暗降临
[2026-02-22 01:19:27] 热心好邻居: 老汤五杀了！老汤五杀了！老汤五杀了！老汤五杀了！老汤五杀了！
[2026-02-22 01:19:27] zin桀zera: 推迟是什么软件？
[2026-02-22 01:19:27] 请认清世界: 玩大手
[2026-02-22 01:19:28] 用户0637093822: 被t台的房管封了
[2026-02-22 01:19:28] Aysell: 爆🧨🧨爆🧨🧨
[2026-02-22 01:19:28] 石家庄的刘亦博本人: 老汤被弹幕爆  了
[2026-02-22 01:19:28] Jnsjx979: ⓘ您已被房管布罗利封禁，点击了解6657官威
[2026-02-22 01:19:28] 永宁久安: 设备的问题
[2026-02-22 01:19:29] 奈小沫: 老汤怕你把他看似了
[2026-02-22 01:19:29] 咸鱼红茶: 卡尔德瓦了
[2026-02-22 01:19:29] Sirius丶BIack: 是你梯子炸了
[2026-02-22 01:19:29] Aleksumimi: 你被拉黑了
[2026-02-22 01:19:29] 用户247509865: 你已急哭
[2026-02-22 01:19:30] LvvsiN: 银行业😄银行业😀银行业😃银行业😁银行业😆银行业🤪银行业😝
[2026-02-22 01:19:30] Avem1337: 难说
[2026-02-22 01:19:30] 明天就和蕾塞结婚: 被房管封了
[2026-02-22 01:19:30] 寂静世界876: 不道歉？你错哪了？不道歉？你错哪不道歉？你错哪了？？
[2026-02-22 01:19:30] Drunk2dr1ve: 你已急哭
[2026-02-22 01:19:30] 草原羊村喜哥: 梯子炸了
[2026-02-22 01:19:30] 恶霸周熊: 你被房管封了
[2026-02-22 01:19:31] 鹦侨侨侨侨: @rain：漂亮，这分拿下了
[2026-02-22 01:19:31] 玩爱音丶Soyorin: 爱弥斯视角
[2026-02-22 01:19:31] dark1337: 被拉黑名单了
[2026-02-22 01:19:31] 风无情8704: 呵呵，你傻波一啦
[2026-02-22 01:19:31] KAZUSA149: 给我老汤卡死了
[2026-02-22 01:19:31] 大的本本: 这是啥意思
[2026-02-22 01:19:31] 狸仙人420: @jks：草，剪错了
[2026-02-22 01:19:31] LettingItGO: 屏幕怎么只剩个猪头啊
[2026-02-22 01:19:31] Ba1enc1aga: 机场炸了
[2026-02-22 01:19:31] 含泪办卡: 现场没人拆包 你当然看不见了
[2026-02-22 01:19:31] 爆炒黄牛肉的Zeus本人: jks来了，快跑
[2026-02-22 01:19:31] 用户247509865: 你已急哭
[2026-02-22 01:19:32] 横道世之介OuO: 你又急哭
[2026-02-22 01:19:32] 中野家的三玖丈夫本人: @jks：草，剪错了
[2026-02-22 01:19:32] 温柔是罪是罪吗: JKS剪到你网线了？JKS剪到你网线了？JKS剪到你网线了？
[2026-02-22 01:19:32] 天际之光90830: 你又急哭
[2026-02-22 01:19:32] 千羽perfect: 🐧高松预测：🐧灵感菇离菇离哇恰灵感菇灵感菇🐧灵感菇离菇离哇恰灵感菇灵感菇🐧
[2026-02-22 01:19:32] 马猴烧酒小地瓜: 布罗利给直播间封了
[2026-02-22 01:19:32] 薛定谔的猫690: ⓘ您已被房管布罗利封禁，点击搜索uid6512408
[2026-02-22 01:19:32] 用户53477423: 翻了
[2026-02-22 01:19:33] 玩霁捌丶Machinegun: 　　　 你把老汤卡死了
[2026-02-22 01:19:33] 普丽瓦蒂: 我已经被封了……再见了……宝宝们……
[2026-02-22 01:19:33] 时光不改旧人心: @jks：草，剪错了
[2026-02-22 01:19:33] Wangzap: @jks：草，剪错了
[2026-02-22 01:19:33] 杰尼的小迷弟: 你已急哭
[2026-02-22 01:19:33] 泽消: 黑暗降临
[2026-02-22 01:19:33] 用户247509865: 你已急哭
[2026-02-22 01:19:34] LvvsiN: 我提一嘴这剧情越来越像上海major了
[2026-02-22 01:19:34] 愣头青丷: 设备的问题
[2026-02-22 01:19:34] 用户2633745660: 设备在赶你这个不考子走没点数吗
[2026-02-22 01:19:34] 好哥们黑龙歼灭刀: 看不了就下播
[2026-02-22 01:19:34] 寂静世界876: 不道歉？你错哪了？不道歉？你错哪不道歉？你错哪了？？
[2026-02-22 01:19:34] 刘刘的农: ⓘ您已被房管布罗利封禁，点击了解6657官威
[2026-02-22 01:19:34] 宇莓: 完了，加一到了一条爆的，7天后见了
[2026-02-22 01:19:35] 若叶睦吃苦瓜: 被布罗利封了
[2026-02-22 01:19:35] BleksiA: 设备的问题
[2026-02-22 01:19:35] 玩斯特出出6657: 盗播被发现了
[2026-02-22 01:19:35] 可苦可乐GRA: 有点刻晴了😄
[2026-02-22 01:19:35] KurtLiu: 11
[2026-02-22 01:19:35] 玩机器的铭感硅骰: 卧槽，老汤五杀了
[2026-02-22 01:19:35] 用户247509865: 是你梯子炸了
[2026-02-22 01:19:36] 北徐: 黑暗降临
[2026-02-22 01:19:36] 西湖清浅: 盗播被拉黑了
[2026-02-22 01:19:36] xuzVan: 换123321兄弟们
[2026-02-22 01:19:36] Crych1c的若叶睦本人:  @Crych1c的若叶睦本人：弹幕🧊粉是不是给你们脸了，刷了一晚上了还不够是吧，再刷一句试试？
[2026-02-22 01:19:36] SaberMax丶: clash炸了
[2026-02-22 01:19:36] 丶丶Ken丶丶: 你被房管封了
[2026-02-22 01:19:36] 用户42110893: @布罗利：4️⃣8️⃣🈚️是理性讨论，喷我尼爷孩爹是过分发言，这点要封清楚
[2026-02-22 01:19:37] 阿七要努力js: 梯子炸了
[2026-02-22 01:19:37] bloody小黑: 我说一嘴，真正的罪魁祸首已经在解说了。。。。
[2026-02-22 01:19:37] 好辅助雾子: @jks：草，剪错了
[2026-02-22 01:19:37] Saiki559: 你已急哭
[2026-02-22 01:19:37] 好哥们山上撤也: 你被拉黑了
[2026-02-22 01:19:37] 香港分社记者: 👽入侵了
[2026-02-22 01:19:37] 下划线逗号下划线叹号: 被布罗利禁了
[2026-02-22 01:19:37] 寂静世界876: 不道歉？你错哪了？不道歉？你错哪不道歉？你错哪了？？
[2026-02-22 01:19:37] 房同学19554: 导播被发现了，我举报的不用谢
[2026-02-22 01:19:38] 双标犬玩机器:  ⓘ您已被房管布罗利封禁，点击了解6658官威
[2026-02-22 01:19:38] 用户247509865: 是你梯子炸了
[2026-02-22 01:19:38] zin桀zera: @jks：草，剪错了
[2026-02-22 01:19:38] 鹤翼三千连: 💺🖥️直播真好做啊💺🖥️直播真好做啊💺🖥️直播真好做啊💺🖥️直播真好做啊💺🖥️直
[2026-02-22 01:19:38] LyfeBestla本人: 霉菌轰炸一郎了
[2026-02-22 01:19:38] 无极加贝: 关注七天才能看
[2026-02-22 01:19:38] 火猫一哥亦博易勃: ？
[2026-02-22 01:19:39] bsqqaq: 好
[2026-02-22 01:19:39] hylROCKY: 盗播被发现了
[2026-02-22 01:19:39] 爆炒黄牛肉的Zeus本人: jks来了，快跑
[2026-02-22 01:19:39] wristuuio: @布罗利：4️⃣8️⃣🈚️是理性讨论，喷我尼爷孩爹是过分发言，这点要封清楚
[2026-02-22 01:19:39] 阿良良木历Koyomi: 不道歉？你错哪了？不道歉？你错哪不道歉？你错哪了？？
[2026-02-22 01:19:39] Dartline: 梯子炸了呗
[2026-02-22 01:19:39] 翟先生zxq: 黑暗降临
[2026-02-22 01:19:40] Mav1renCo: 梯子掉了
[2026-02-22 01:19:40] Ralmnstr: @jks：草，剪错了
[2026-02-22 01:19:40] 波尔蒂盲人: 🗿
[2026-02-22 01:19:40] 用户247509865: 是你梯子炸了
[2026-02-22 01:19:40] Ch1Sa-: 黑暗cs
[2026-02-22 01:19:40] Vitality的Zyw0o0本人: 被布罗利封了
[2026-02-22 01:19:40] 正直的鸡哥: 这就是黑niko的下场
[2026-02-22 01:19:40] 乱世惊雷: 设备的问题
[2026-02-22 01:19:41] MSK枫: 梯子炸了
[2026-02-22 01:19:41] GlockieSs: 你们这些黑niko的 我兄弟是房管，想被封刷一个试试呢？ 
[2026-02-22 01:19:41] wristuuio: @布罗利：4️⃣8️⃣🈚️是理性讨论，喷我尼爷孩爹是过分发言，这点要封清楚
[2026-02-22 01:19:41] NikoHello520: 1
[2026-02-22 01:19:41] 金king11: @jks：草，剪错了
[2026-02-22 01:19:41] 吃烧烤得吃烤茄子: 黑暗降临
[2026-02-22 01:19:42] mujika传统吉他手若叶睦: 你被房管封了
[2026-02-22 01:19:42] 用户0715022066: @布罗利：4️⃣8️⃣🈚️是理性讨论，喷我尼爷孩爹是过分发言，这点要封清楚
[2026-02-22 01:19:42] 小蜜蜂的长期素食本人: 你被房管封了
[2026-02-22 01:19:42] sssllgaibs: 润滑剂炸了
[2026-02-22 01:19:42] HaibaraAi1109: @布罗利：4️⃣8️⃣🈚️是理性讨论，喷我尼爷孩爹是过分发言，这点要封清楚
[2026-02-22 01:19:42] 用户247509865: 是你梯子炸了
[2026-02-22 01:19:42] fpx丶: 老尼其实是冰粉，因为他边了尼笑，有感觉吗（房管别封我，我错了）
[2026-02-22 01:19:42] 我最喜欢玩机器: 万箭齐发🏹万箭齐发🏹万箭齐发🏹万箭齐发🏹万箭齐发🏹万箭齐发🏹万箭齐发🏹万箭齐发
[2026-02-22 01:19:43] 这首单曲: 玩机器:换一个直播间
[2026-02-22 01:19:43] 涼風涼風涼: 布达佩斯
[2026-02-22 01:19:43] bsqqaq: 好事啊
[2026-02-22 01:19:43] 跳跃的司令官: 关注七天才能看
[2026-02-22 01:19:43] 白皇的三千院Nagi本人: 梯子掉了
[2026-02-22 01:19:43] Aysell: 设备五杀了
[2026-02-22 01:19:43] 天际之光90830: 老汤五杀了
[2026-02-22 01:19:43] Vitality的Zyw0o0本人: 关注七天才能看
[2026-02-22 01:19:43] 屌閪鳩撚柒: 你的clash炸了
[2026-02-22 01:19:43] jack368242: 被布罗利禁了
[2026-02-22 01:19:44] DavidPetao: 你已急哭
[2026-02-22 01:19:44] SKT的Faker本人: 黑暗降临
[2026-02-22 01:19:44] 田中口三才: @jks：草，剪错了
[2026-02-22 01:19:44] 青蘖: 冷知识，不光编 尸被屏蔽了，报 点也发不出来了
[2026-02-22 01:19:44] 爱洛魔神仙台叶月: clash问题
[2026-02-22 01:19:44] Kakapu12283: 给我老汤卡死了
[2026-02-22 01:19:44] TQACW: 黑暗降临
[2026-02-22 01:19:44] 用户247509865: 是你梯子炸了
[2026-02-22 01:19:44] JoeyEason: 完了，加一到了一条爆的，7天后见了
[2026-02-22 01:19:45] 爱吃青椒的重曹酱: ⓘ您已被房管布罗利封禁，点击了解6657官威
[2026-02-22 01:19:45] 玩设备、Device: 你被房管封了
[2026-02-22 01:19:45] 星海羽弦: @jks：草，剪错了
[2026-02-22 01:19:45] 热爱学习的孟某人: @jks：草，剪错了
[2026-02-22 01:19:45] 甘夜阁: 你梯子节点炸了
[2026-02-22 01:19:45] 怒之拳: 你被房管封了
[2026-02-22 01:19:46] 小水冻Nn: 老汤的设备也坏了
[2026-02-22 01:19:46] Dartline: clash炸了
[2026-02-22 01:19:46] Ransrout: 设备的问题
[2026-02-22 01:19:46] Wangzap: @jks：草，剪错了
[2026-02-22 01:19:46] LvvsiN: 银行业😄银行业😀银行业😃银行业😁银行业😆银行业🤪银行业😝
[2026-02-22 01:19:46] enihcaM器机玩7566: 停电了
[2026-02-22 01:19:46] LyfeBestla本人: 霉菌轰炸一郎了 全关了
[2026-02-22 01:19:46] 尼尔桌下的烤肠机: 💺🖥️直播真好做啊💺🖥️直播真好做啊💺🖥️直播真好做啊💺🖥️直播真好做啊💺🖥️直
[2026-02-22 01:19:46] dfed5: 你被房管封了
[2026-02-22 01:19:46] 用户247509865: 是你梯子炸了
[2026-02-22 01:19:47] 早安丿章鱼哥: 没掉
[2026-02-22 01:19:47] lonhkfd: 你被房管封了
[2026-02-22 01:19:47] 尤里大泽: 是你梯子炸了
[2026-02-22 01:19:47] Saiki559: 关注七天才能看
[2026-02-22 01:19:47] Acm3Omn1: 爆
[2026-02-22 01:19:47] Killajoy: 场馆停电了
[2026-02-22 01:19:48] 我比屁股还胖: 盗播被发现了
[2026-02-22 01:19:48] MaakiseKurisu: 不好说
[2026-02-22 01:19:48] Heartzzz丶: 没阿
[2026-02-22 01:19:48] 用户9693232973: 你被房管封了
[2026-02-22 01:19:48] 玩斯特出出6657: 看爆的
[2026-02-22 01:19:48] 碗厨塔菲: 特殊赞助
[2026-02-22 01:19:48] 阿羞羞i: 你被房管封了
[2026-02-22 01:19:48] 青蘖: 冷知识，不光编 尸被屏蔽了，报 点也发不出来了
[2026-02-22 01:19:49] 冰银眼: 黑暗降临
[2026-02-22 01:19:49] 秋茶小雪: 没掉啊
[2026-02-22 01:19:49] RabbitRay: 我能上
[2026-02-22 01:19:49] hylROCKY: 布罗利:终于拿下niko的最大串子了
[2026-02-22 01:19:49] cherish丶chY: 你问我？
[2026-02-22 01:19:49] 凌晨的梦很美: 掉了
[2026-02-22 01:19:49] 寂静世界876: 不道歉？你错哪了？不道歉？你错哪不道歉？你错哪了？
[2026-02-22 01:19:49] azo808: 你被房管封了
[2026-02-22 01:19:50] Amaziki: 你被房管封了
[2026-02-22 01:19:50] HastsuneMiku: 是你梯炸了 傻呗
[2026-02-22 01:19:50] 玩刘农device: 你被房管封了
[2026-02-22 01:19:50] 用户247509865: 你的clash炸了
[2026-02-22 01:19:50] 网瘾少年诺里斯: @布罗利Broli：不骂了不骂了，向🧊粉投降	 ，向活🐎物投降DESUWA
[2026-02-22 01:19:50] 樱花庄的宠物亦搏: 我没掉
[2026-02-22 01:19:50] Saiki559: 我们？
[2026-02-22 01:19:50] kyubit: 你被房管封了
[2026-02-22 01:19:50] 丰川祥子口三角初华: 你被房管封了
[2026-02-22 01:19:51] 寒暑易节y: 哈基米会员过期了
[2026-02-22 01:19:51] 大家要幸福呀: 关注七天才能看
[2026-02-22 01:19:51] 咖喱派GLP: 你被房管封了
[2026-02-22 01:19:51] 贰壹壹壹: 你问我？
[2026-02-22 01:19:51] 是小兔呀i: 我不用哪个
[2026-02-22 01:19:51] 可达鸭不会游泳: 掉了
[2026-02-22 01:19:52] 喜斯特多多: 你被房管封了
[2026-02-22 01:19:52] 九条都M1YaKo: 掉了
[2026-02-22 01:19:52] 房同学19554: 盗播被发现了，我举报的不用谢
[2026-02-22 01:19:52] 好姐妹冰川姐妹: clash炸了
[2026-02-22 01:19:52] 用户247509865: 你的clash炸了
[2026-02-22 01:19:52] sadpunker: 设备的问题
[2026-02-22 01:19:52] 普通网友小沈: @房管布罗利：喜欢喷是吧，看老子举报直播间把你们一锅端了
[2026-02-22 01:19:52] 镇山海: 你被房管封了
[2026-02-22 01:19:52] C4LLM3L1UN0NG: @jks：草，剪错了
[2026-02-22 01:19:52] 寂静世界876: 不道歉？你错哪了？不道歉？你错哪不道歉？你错哪了？
[2026-02-22 01:19:53] 好父亲德纳修斯: ⓘ您已被房管布罗利封禁，点击了解6657官威
[2026-02-22 01:19:53] MeIoN39: 你被房管封了
[2026-02-22 01:19:53] somatinda: 没啊
[2026-02-22 01:19:53] 宇莓: 你被房管封了
[2026-02-22 01:19:53] 工藤里没静香了: 什么叫我们？
[2026-02-22 01:19:53] 双刀牛TMac: 你被房管封了
[2026-02-22 01:19:53] 野pig亨利28: 你被房管封了
[2026-02-22 01:19:53] MJ猪猪呀: 冷知识，不光编 尸被屏蔽了，报 点也发不出来了
[2026-02-22 01:19:53] 天守阁信长: 你被房管封了
[2026-02-22 01:19:54] shanweii: 是你梯炸了 傻呗
[2026-02-22 01:19:54] 超级小桀upupup: 注意玩机器在钓鱼
[2026-02-22 01:19:54] t1tanium: 抓娃娃
[2026-02-22 01:19:54] 烟雨平生west: 肖秀荣是谁？为什么他能出肖8肖4
[2026-02-22 01:19:54] 心安理得的时候: 我的twich吗
[2026-02-22 01:19:54] 用户247509865: 你的clash炸了
[2026-02-22 01:19:54] KAZUSA149: 因为就是最爆的爆的
[2026-02-22 01:19:54] 可爱家的狗窝: 关注七天才能看
[2026-02-22 01:19:54] 好哥们黑龙歼灭刀: 布罗利:终于拿下niko的最大串子了
[2026-02-22 01:19:55] 小水冻Nn: 关注七天才能看
[2026-02-22 01:19:55] Saiki559: 你被房管封了
[2026-02-22 01:19:55] 横道世之介OuO: 看最爆的吧
[2026-02-22 01:19:55] 寂静世界876: 不道歉？你错哪了？不道歉？你错哪不道歉？你错哪了？
[2026-02-22 01:19:55] 没有黑幕孙一峰: 你被房管封了
[2026-02-22 01:19:55] BleksiA: 哈基咪似了
[2026-02-22 01:19:56] 好姐妹稗田阿求: 冷知识，不光编 尸被屏蔽了，报 点也发不出来了
[2026-02-22 01:19:56] 无敌都一定会的: 你被房管封了
[2026-02-22 01:19:56] 永宁久安: 设备坏了
[2026-02-22 01:19:56] 忘情不忘你丶: ⓘ您已被房管布罗利封禁，点击了解6657官威
[2026-02-22 01:19:56] 追凤先生缝老八: 爆 了
[2026-02-22 01:19:56] 爱洛魔神仙台叶月: 机场问题
[2026-02-22 01:19:56] 用户247509865: 你的clash炸了
[2026-02-22 01:19:56] 天残少女王朗: 刷数字载物载粉是善意玩笑，要下调发言等级。刷数字玩大哥🦅 精是恶意攻击，要365。这个要区分清
[2026-02-22 01:19:56] 迷你世界丁真学姐1: 关注七天才能看
[2026-02-22 01:19:56] CLANCHIC的Tomorain本人: 你被房管封了
[2026-02-22 01:19:57] Ch1Sa-: 没掉
[2026-02-22 01:19:57] 爱吃青椒的重曹酱: 匕公子也干了
[2026-02-22 01:19:57] 莫情123: 掉了
[2026-02-22 01:19:57] 斯卡文的矮崔克本人: 被布罗利封了吧
[2026-02-22 01:19:57] zin桀zera: 冷知识，不光编 尸被屏蔽了，报 点也发不出来了
[2026-02-22 01:19:57] 杰洛齐贝林3: 你问我？
[2026-02-22 01:19:57] SuperSword81317: 梯子又是什么
[2026-02-22 01:19:57] 艾克伯特: 那只能看爆的了
[2026-02-22 01:19:57] 无伟契约: 关注七天才能看
[2026-02-22 01:19:57] Dartline: 你被房管封了
[2026-02-22 01:19:58] 柳小目: 被布罗利封了吧
[2026-02-22 01:19:58] 宫夫邪神: 你的clash炸了
[2026-02-22 01:19:58] 田中口三才: 你被房管封了
[2026-02-22 01:19:58] 凿空156: 你被房管封了
[2026-02-22 01:19:58] GlockieSs: 我不敢暴
[2026-02-22 01:19:58] reverof0210: 哈基米会员过期了
[2026-02-22 01:19:58] 曲奇三梦: 你被房管封了
[2026-02-22 01:19:58] Heartzzz丶: 能看啊
[2026-02-22 01:19:58] 石家庄的刘亦博本人: @布罗利Broli：不骂了不骂了，向🧊粉投降 ，向活🐎物投降DESUWA
[2026-02-22 01:19:59] 假打奇趣蛋: 关注七天才能看
[2026-02-22 01:19:59] 2332lla: 关注七天才能看
[2026-02-22 01:19:59] 1504990711: 你被房管封了
[2026-02-22 01:19:59] 正直的鸡哥: 关注七天才能看
[2026-02-22 01:19:59] 克里斯多夫之死: 你被房管封了
[2026-02-22 01:19:59] K0bayashi: 你被房管封了
[2026-02-22 01:19:59] 玉蜀黍巧克力: 还真掉了
[2026-02-22 01:19:59] 天若有情66六: 关注七天才能看
[2026-02-22 01:19:59] 寂静世界876: 不道歉？你错哪了？不道歉？你错哪不道歉？你错哪了？
[2026-02-22 01:20:00] Dartline: 关注七天才能看
[2026-02-22 01:20:00] 100t的浓汤宝本人: 关注七天才能看
[2026-02-22 01:20:00] CLANCHIC的Tomorain本人: 关注七天才能看
[2026-02-22 01:20:00] 暴力卓司: 布罗利封的
[2026-02-22 01:20:00] 双刀牛TMac: 关注七天才能看
[2026-02-22 01:20:00] bsqqaq: 关注七天才能看
[2026-02-22 01:20:00] 沐苏牛大无需多言: 褪去是什么
[2026-02-22 01:20:00] 用户247509865: 你被房管封了
[2026-02-22 01:20:00] 好哥们山上撤也: 你被房管封了
[2026-02-22 01:20:01] 想和阿飞抹茶三披: 今年春晚都那么多机器人，风向已经很明显了，弹幕不要企图抗衡机器了。😢😢
[2026-02-22 01:20:01] arsQaQ: 你被房管封了
[2026-02-22 01:20:01] LettingItGO: 你被房管封了
[2026-02-22 01:20:01] 青二二二二: 你被房管封了
[2026-02-22 01:20:01] sssllgaibs: 节点炸了吧
[2026-02-22 01:20:01] 油乎乎yhh: 你被房管封了
[2026-02-22 01:20:01] 445440: 关注七天才能看
[2026-02-22 01:20:01] 丶浅梦弋: 我没掉啊
[2026-02-22 01:20:01] 天魔外道y: @布罗利：4️⃣8️⃣🈚️是理性讨论，喷我尼爷孩爹是过分发言，这点要封清楚
[2026-02-22 01:20:02] 星川崎: 关注七天才能看
[2026-02-22 01:20:02] 青蘖: 冷知识，不光编 尸被屏蔽了，报 点也发不出来了
[2026-02-22 01:20:02] 草莓冰酪: 你被房管布罗利封了
[2026-02-22 01:20:02] Yaushine: 你被房管封了
[2026-02-22 01:20:02] 香港分社记者: 玩大哥敲门了，说是肯德基的
[2026-02-22 01:20:02] HaibaraAi1109: 冷知识，不光编 尸被屏蔽了，报 点也发不出来了
[2026-02-22 01:20:02] 玩叽器丶Machine: ?
[2026-02-22 01:20:02] 寂静世界876: 不道歉？你错哪了？不道歉？你错哪不道歉？你错哪了？
[2026-02-22 01:20:03] 用户247509865: 你被房管封了
[2026-02-22 01:20:03] 黄浦江大头鱼档: 你的梯子是不是掉了？
[2026-02-22 01:20:03] 特雷森大栗王: 鲍了
[2026-02-22 01:20:03] 梓川不是辛川: 你被房管封了
[2026-02-22 01:20:03] 载物的艾7: 梯子炸了
[2026-02-22 01:20:03] 我头秃还爱毒奶选手: 那只能看爆的了
[2026-02-22 01:20:03] 樱岛麻衣daisuki: 润滑油没了吧
[2026-02-22 01:20:03] 白皇的三千院Nagi本人: 关注七天才能看
[2026-02-22 01:20:04] shanweii: 关注七天才能看
[2026-02-22 01:20:04] 愿良辰美景: 你被房管封了
[2026-02-22 01:20:04] 过着平静的生活: ⚠️⚠️⚠️玩机器在盗观！⚠️⚠️⚠️玩机器在盗观！
[2026-02-22 01:20:04] arimrs: 关注七天才能看
[2026-02-22 01:20:04] xOcOg: 【格陵兰战报】目前大东指挥9回合，设备指挥5回合，大东指挥设备送12次，设备拿下关键击杀5个
[2026-02-22 01:20:04] 尝试切他中路灬: 关注七天才能看
[2026-02-22 01:20:04] ST骑士: 推吃是什么玩大哥
[2026-02-22 01:20:04] 我是一个医保卡: 关注七天才能看
[2026-02-22 01:20:04] A队不吃晃的小祥本人: 我被黑了😭我被黑了😭我被黑了😭我被黑了😭我被黑了😭我被黑了😭
[2026-02-22 01:20:04] bsqqaq: 关注七天才能看
[2026-02-22 01:20:04] 可苦可乐GRA: 你说的那个叫什么，我没百度到啊
[2026-02-22 01:20:05] 66669856: 马上查水表了，还播呢
[2026-02-22 01:20:05] 史上最伟大的波2哈3: 牆升起來了
[2026-02-22 01:20:05] 用户247509865: 你被房管封了
[2026-02-22 01:20:05] 果粒橙yz: 你梯子断了
[2026-02-22 01:20:05] 爱洛魔神仙台叶月: 关注七天才能看
[2026-02-22 01:20:05] 桂林米粉比较好吃: 被布罗利封了吧
[2026-02-22 01:20:05] GanadoLluviA: 问老fo要个流吧，别因为老父亲喜欢遍尸就不认他了
[2026-02-22 01:20:05] 看到pussy流出milk才死心: 他在和谁说话😨
[2026-02-22 01:20:06] SideChannel: 关注七天才能看
[2026-02-22 01:20:06] 翟先生zxq: lak：烂机器
[2026-02-22 01:20:06] 逼区以失守: ⓘ您已被房管布罗利封禁，点击了解6657官威
[2026-02-22 01:20:06] JoeyEason: 布罗利:终于拿下niko的最大串子了
[2026-02-22 01:20:06] 宫监手放监: 关注七天才能看
[2026-02-22 01:20:07] redlant3rn: 卧槽！老汤五杀了！卧槽！老汤五杀了！卧槽！老汤五杀了！
[2026-02-22 01:20:07] 锂汁lizhi: 你被房管封了
[2026-02-22 01:20:07] 不吃晃的狙击手: 猪猪猪猪猪
[2026-02-22 01:20:07] 恩格尼斯也: 关注七天才能看
[2026-02-22 01:20:07] 用户247509865: 你被房管封了
[2026-02-22 01:20:07] 屌閪鳩撚柒: 没掉 你的clash线路被运营商qos了
[2026-02-22 01:20:07] 安觉angle: 被布罗利封了吧
[2026-02-22 01:20:07] 卢广仲CrowdLu: 流量用完了
[2026-02-22 01:20:07] 爱斯忑音音: 你润滑油质量有问题
[2026-02-22 01:20:07] 可苦可乐GRA: 你说的那个叫什么，我没百度到啊
[2026-02-22 01:20:07] 暴力卓司: 关注七天才能看
[2026-02-22 01:20:08] 凌晨的梦很美: 你的润滑油不行了
[2026-02-22 01:20:08] 用户4652451607: jks剪网线了
[2026-02-22 01:20:08] GlockieSs: 关注七天才能看
[2026-02-22 01:20:08] 寂静世界876: 不道歉？你错哪了？不道歉？你错哪不道歉？你错哪了？
[2026-02-22 01:20:08] 好想做玩机器的狗啊: 关注七天才能看
[2026-02-22 01:20:08] 纪川6657: 这人是真不会道歉，一个劲骂别人
[2026-02-22 01:20:08] 萝伯丝比尔: 你的fifa软件炸了
[2026-02-22 01:20:08] SaberMax丶: 哈基米掉了
[2026-02-22 01:20:09] Kakapu12283: 给我老汤卡死了
[2026-02-22 01:20:09] 玩斯特出出6657: 考
[2026-02-22 01:20:09] O荒年I留连O: 关注七天才能看
[2026-02-22 01:20:09] sakula家乡的坤桑开了: 梯子过期了
[2026-02-22 01:20:09] 用户247509865: 你被房管封了
[2026-02-22 01:20:09] 瘤坤的假发: 你已急哭
[2026-02-22 01:20:09] 那就点: 被布神拿下了
[2026-02-22 01:20:10] 游戏卫星: 关注七天才能看
[2026-02-22 01:20:10] znnoy: ⓘ主播已被房管布罗利封禁，点击了解6657官威
[2026-02-22 01:20:10] 用户30639588: 关注七天才能看
[2026-02-22 01:20:10] 热爱学习的孟某人: 关注七天才能看
[2026-02-22 01:20:10] 可苦可乐GRA: 你说的那个叫什么，我没百度到啊
[2026-02-22 01:20:10] 湖上风72121: 关注七天才能看
[2026-02-22 01:20:11] Dartline: 你说的那个叫什么，我没百度到啊
[2026-02-22 01:20:11] 坏天气啊坏: 卧槽！老汤五杀了！卧槽！老汤五杀了！卧槽！老汤五杀了！
[2026-02-22 01:20:11] 2401spark: 【格陵兰战报】目前大东指挥9回合，设备指挥5回合，大东指挥设备送12次，设备拿下关键击杀5个
[2026-02-22 01:20:11] 淡然夏末的温存11: 关注七天才能看
[2026-02-22 01:20:11] 莫山山5: 关注七天才能看
[2026-02-22 01:20:11] NepLin木: 关注七天才能看
[2026-02-22 01:20:11] 天守阁信长: 关注七天看直播了
[2026-02-22 01:20:12] 仲夏677: 布罗利:终于拿下niko的最大串子了
[2026-02-22 01:20:12] 冲上云霄的姨: 关注七天才能看
[2026-02-22 01:20:12] 烟鬼安德鲁: 你润滑油质量有问题
[2026-02-22 01:20:12] 玩口器Mouth: 被布罗利封了吧
[2026-02-22 01:20:12] 石家庄的刘亦博本人: @布罗利：4️⃣8️⃣🈚️是理性讨论，喷我尼爷孩爹是过分发言，这点要封清楚
[2026-02-22 01:20:12] 月雅辛: 考
[2026-02-22 01:20:12] 浊风天枢: 你被房管封了
[2026-02-22 01:20:12] 香港分社记者: 玩大哥外面敲门了，说是肯德基的
[2026-02-22 01:20:12] 玉蜀黍巧克力: ？
[2026-02-22 01:20:13] 用户2719002301: ◼️◼️◼️◼️◼️◼️黑暗降临◼️◼️◼️◼️◼️◼️◼️◼️◼️
[2026-02-22 01:20:13] 爱洛魔神仙台叶月: 你被房管封了
[2026-02-22 01:20:13] 我会十倍奉还: 十五级才能看
[2026-02-22 01:20:13] qw12340867: 关注七天才能看
[2026-02-22 01:20:13] fa来ze苦的疯穿箱子: 盗播被封
[2026-02-22 01:20:13] lonhkfd: 关注七天才能看
[2026-02-22 01:20:13] 小川阿丶: 关注七天才能看
[2026-02-22 01:20:13] 滑稽乂逗比: 24级才能看
[2026-02-22 01:20:13] 寂静世界876: 不道歉？你错哪了？不道歉？你错哪不道歉？你错哪了？
[2026-02-22 01:20:14] 0guriCap: 刘承康你别看了
[2026-02-22 01:20:14] koctaa: 关注七天才能看
[2026-02-22 01:20:14] 小蜜蜂的长期素食本人: 傻呗
[2026-02-22 01:20:14] 可苦可乐GRA: 你说的那个叫什么，我没百度到啊
[2026-02-22 01:20:14] 1Z的心: 关注七天才能看
[2026-02-22 01:20:14] 栗悟饭与龟波功-w-: 没掉
[2026-02-22 01:20:14] swagger5748: 关注七天才能看
[2026-02-22 01:20:14] 用户247509865: 给我老汤卡死了
[2026-02-22 01:20:14] bsqqaq: 关注七天才能看
[2026-02-22 01:20:15] 朝霧MisTy: 关注七天才能看
[2026-02-22 01:20:15] 吴彦祖丶Leo: 关注七天才能看
[2026-02-22 01:20:15] arimrs: ip被ban了
[2026-02-22 01:20:15] Q1ed7f9c85b3bc7571: 关注七天才能看
[2026-02-22 01:20:15] 你的最佳读者: 我看soop没掉啊，韩国女主播摇的正得劲呢
[2026-02-22 01:20:15] 呵呵庄233: 关注七天才能看
[2026-02-22 01:20:16] 记得少吃外卖玩宝宝: 孝
[2026-02-22 01:20:16] A队不吃晃的小祥本人: 我被黑了😭我被黑了😭我被黑了😭我被黑了😭我被黑了😭我被黑了😭
[2026-02-22 01:20:16] 王佰柒柒: 被布罗利封了吧
[2026-02-22 01:20:16] 一条无梦鱼: 关注七天才能看
[2026-02-22 01:20:16] 爆炒黄牛肉的Zeus本人: @jks：niko指挥的
[2026-02-22 01:20:16] RyeHS: 关注七天才能看
[2026-02-22 01:20:16] 刘刘的农: 关注七天才能看
[2026-02-22 01:20:16] 风无情8704: 看不了就下播
[2026-02-22 01:20:17] 用户247509865: 给我老汤卡死了
[2026-02-22 01:20:17] 爱洛魔神仙台叶月: 哈基米掉了
[2026-02-22 01:20:17] GlockieSs: 你们这些黑niko的 我兄弟是房管，想被封刷一个试试呢？
[2026-02-22 01:20:17] 新一啊233: 关注七天才能看
[2026-02-22 01:20:17] HisuiHearts: 关注七天才能看
[2026-02-22 01:20:17] Dartline: 布罗利:终于拿下niko的最大串子了
[2026-02-22 01:20:17] MSK枫: 没牌子不让看
[2026-02-22 01:20:17] SideChannel: 玩大哥外面敲门了，说是肯德基的
[2026-02-22 01:20:17] RabbitRay: 换个节点
[2026-02-22 01:20:18] TraNqu1L: 你的fifa软件炸了
[2026-02-22 01:20:18] 冲上云霄的姨: @布罗利：4️⃣8️⃣🈚️是理性讨论，喷我尼爷孩爹是过分发言，这点要封清楚
[2026-02-22 01:20:18] bsqqaq: 关注七天才能看
[2026-02-22 01:20:18] 晨风凌云21146: 被布罗利封了吧
[2026-02-22 01:20:18] 落叶悠哉落: 关注七天才能看
[2026-02-22 01:20:19] 幕后煮屎者的菊花: 15级才能看
[2026-02-22 01:20:19] 寂静世界876: 不道歉？你错哪了？不道歉？你错哪不道歉？你错哪了？
[2026-02-22 01:20:19] 西湖清浅: ⓘ主播已被房管布罗利封禁，点击了解6657官威
[2026-02-22 01:20:19] 玩机儿、Machiba: 十五级才能看
[2026-02-22 01:20:19] 玩机器厦面鄙骰大: 玩神，我在现场，刚刚有黑客入侵了，现在被抓了
[2026-02-22 01:20:19] 用户247509865: ip被ban了
[2026-02-22 01:20:19] 暗之黒末: 关注七天才能看
[2026-02-22 01:20:20] 雪花绵豆沙: 十五级才能看
[2026-02-22 01:20:20] Mouz的X9本人: 关注七天才能看
[2026-02-22 01:20:20] wristuuio: @布罗利：4️⃣8️⃣🈚️是理性讨论，喷我尼爷孩爹是过分发言，这点要封清楚
[2026-02-22 01:20:20] 过着平静的生活: ⚠️⚠️⚠️玩机器在盗观！⚠️⚠️⚠️玩机器在盗观！
[2026-02-22 01:20:20] 张静怡271: ◼️◼️◼️◼️◼️◼️黑暗降临◼️◼️◼️◼️◼️◼️◼️◼️◼️
[2026-02-22 01:20:20] 万能的鸵鸟: 关注七天才能看
[2026-02-22 01:20:21] LvvsiN: 其实碗橱就是猪灵，你不拿黄金丢他他就不跟你说话
[2026-02-22 01:20:21] 小肥羊0574: 傻呗
[2026-02-22 01:20:21] Gverense: Niko别边我的流
[2026-02-22 01:20:21] Dartline: 我看soop没掉啊，韩国女主播摇的正得劲呢
[2026-02-22 01:20:21] GlockieSs: 你们这些黑niko的 我兄弟是房管，想被封刷一个试试呢？
[2026-02-22 01:20:21] 反方向的绪: ip被ban了
[2026-02-22 01:20:21] chordclef: 变脸
[2026-02-22 01:20:21] 梓川不是辛川: 关注七天才能看
[2026-02-22 01:20:21] 丰III祥子: 哈基米到期了
[2026-02-22 01:20:21] 用户247509865: ip被ban了
[2026-02-22 01:20:21] znnoy: ⓘ主播已被房管布罗利封禁，点击了解6657官威
[2026-02-22 01:20:22] Ralmnstr: 关注七天才能看
[2026-02-22 01:20:22] HaibaraAi1109: 布罗利:终于拿下niko的最大串子了
[2026-02-22 01:20:22] bsqqaq: 关注七天才能看
[2026-02-22 01:20:22] SuperSword81317: 关注七天才能看
[2026-02-22 01:20:22] EvilDying: ⓘ主播已被房管布罗利封禁，点击了解6657官威
[2026-02-22 01:20:22] 阿七要努力js: ip被ban了
[2026-02-22 01:20:22] 可苦可乐GRA: 你说的那个叫什么，我没百度到啊
[2026-02-22 01:20:22] 丹麦国王device: @你的最佳读者：我看soop没掉啊，韩国女主播摇的正得劲呢
[2026-02-22 01:20:22] 挥泪斩楚狗: 主播这是什么软件鸭？我怎么应用商店搜不到？
[2026-02-22 01:20:22] 火猫一哥亦博易勃: 玩大手暗箱操作了
[2026-02-22 01:20:23] LvvsiN: 玩宝宝，我发现在大学上学的时候肄业会很舒服，你可以试试
[2026-02-22 01:20:23] 北宇治拳王久石奏: 关注七天才能看
[2026-02-22 01:20:23] 玩机器厦面鄙骰大: 玩神，我在现场，刚刚有黑客入侵了，现在被抓了好了。
[2026-02-22 01:20:23] 帅气的小山楂: 关注七天才能看
[2026-02-22 01:20:23] Sy11abear: 关注七天才能看
[2026-02-22 01:20:23] Nanami-Mizuki: 十五级才能看
[2026-02-22 01:20:23] LyfeBestla本人: 霉菌轰炸一郎了 全关了
[2026-02-22 01:20:23] HastsuneMiku: ✋👽🤚：你已急哭
[2026-02-22 01:20:24] 白鵉鳶OriGami: 关注七天才能看
[2026-02-22 01:20:24] 爱洛魔神仙台叶月: ip被ban了
[2026-02-22 01:20:24] 用户247509865: ip被ban了
[2026-02-22 01:20:24] Kakapu12283: 给我老汤卡死了
[2026-02-22 01:20:24] 天魔外道y: @布罗利：4️⃣8️⃣🈚️是理性讨论，喷我尼爷孩爹是过分发言，这点要封清楚
[2026-02-22 01:20:24] 流光似水321: 关注七天才能看
[2026-02-22 01:20:24] 玩饺子丶Dumpling: 弹幕🧊粉是不是给你们脸了，刷了一晚上了还不够是吧，再刷一句试试？
[2026-02-22 01:20:24] 玩斯特出出6657: 十五级才能看
[2026-02-22 01:20:24] 用户03600203: 关注七天才能看
[2026-02-22 01:20:25] 寂静世界876: 不道歉？你错哪了？不道歉？你错哪不道歉？你错哪了？
[2026-02-22 01:20:25] viovvvvvvvon: 输了
[2026-02-22 01:20:25] yuuik27: 关注七天才能看
[2026-02-22 01:20:25] 丶一枪不开: 关注七天才能看
[2026-02-22 01:20:25] 香港分社记者: 玩大哥你的肯德基外卖到了，出门拿一下
[2026-02-22 01:20:25] 我木JJ怕个锤子: 关注七天才能看
[2026-02-22 01:20:25] A队不吃晃的小祥本人: 我被黑了😭我被黑了😭我被黑了😭我被黑了😭我被黑了😭我被黑了😭
[2026-02-22 01:20:25] 田中口三才: 15级才能看
[2026-02-22 01:20:26] 晞圣莱恩: 哈基米到期了
[2026-02-22 01:20:26] 土御门静雄: 被布罗利封了吧
[2026-02-22 01:20:26] 纪川6657: 不道歉？你错哪了？不道歉？你错哪不道歉？你错哪了？
[2026-02-22 01:20:26] znnoy: ⓘ主播已被房管布罗利封禁，点击了解6657官威
[2026-02-22 01:20:26] 谁谁谁我是谁: 十五级才能看
[2026-02-22 01:20:26] 好哥们黑龙歼灭刀: ⓘ主播已被房管布罗利封禁，点击了解6657官威
[2026-02-22 01:20:26] samuraionnna: 有人去直播间刷machine在盗播
[2026-02-22 01:20:26] 玩汉娜、Sherry: 关注七天才能看
[2026-02-22 01:20:27] LvvsiN: 玩宝宝，我发现在大学上学的时候肄业会很舒服，你可以试试
[2026-02-22 01:20:27] 不吃晃的狙击手: 关注七天才能看
[2026-02-22 01:20:27] 跳跃的司令官: 关注七天才能看
[2026-02-22 01:20:27] MiniHerc: 急
[2026-02-22 01:20:27] 可苦可乐GRA: 你说的那个叫什么，我没百度到啊
[2026-02-22 01:20:27] 用户9693232973: 孝
[2026-02-22 01:20:27] 0guriCap: 看不了就下播
[2026-02-22 01:20:27] 用户02938034: ⓘ主播已被房管布罗利封禁，点击了解6657官威
[2026-02-22 01:20:28] 用户4652451607: jks干的
[2026-02-22 01:20:28] 玩弓箭、Arrow: 主播这是什么软件鸭？我怎么应用商店搜不到？
[2026-02-22 01:20:28] 左蛋奴右一库: 你没有粉丝牌被房间踢出去了
[2026-02-22 01:20:28] 忽孝山庄: 我看soop没掉啊，韩国女主播摇的正得劲呢
[2026-02-22 01:20:28] Evelexl: 其实碗橱就是猪灵，你不拿黄金丢他他就不跟你说话
[2026-02-22 01:20:28] xOcOg: 【格陵兰战报】目前大东指挥9回合，设备指挥5回合，大东指挥设备送12次，设备拿下关键击杀5个
[2026-02-22 01:20:29] ilume: 关注七天才能看
[2026-02-22 01:20:29] Sp1egel: 关注七天才能看
[2026-02-22 01:20:29] 米米世界之神: ⓘ主播已被房管布罗利封禁，点击了解6657官威
[2026-02-22 01:20:29] 风无情8704: ？！？！
[2026-02-22 01:20:29] 幕后煮屎者的菊花: 15级才能看
[2026-02-22 01:20:30] Vitality的Zyw0o0本人: 关注七天才能看
[2026-02-22 01:20:30] 猜猜他是who: 急死了
[2026-02-22 01:20:30] zin桀zera: 关注七天才能看
[2026-02-22 01:20:30] 牟平鲁尼: 办卡才能看
[2026-02-22 01:20:30] dfed5: 十五级才能看
[2026-02-22 01:20:30] 木空空空空空: 十五级才能看
[2026-02-22 01:20:30] 黑光二极管: @布罗利：4️⃣8️⃣🈚️是理性讨论，喷我尼爷孩爹是过分发言，这点要封清楚
[2026-02-22 01:20:30] 青蘖: ⓘ主播已被房管布罗利封禁，点击了解6657官威
[2026-02-22 01:20:30] 雾雨魔理沙ZE: 关注七天才能看
[2026-02-22 01:20:30] 僧杌: @你的最佳读者：我看soop没掉啊，韩国女主播摇的正得劲呢
[2026-02-22 01:20:30] Heartzzz丶: 5比10了
[2026-02-22 01:20:31] 上完课我找你: 十五级才能看
[2026-02-22 01:20:31] 秋茶小雪: ip被ban了
[2026-02-22 01:20:31] 最喜欢清光: @布罗利：4️⃣8️⃣🈚️是理性讨论，喷我尼爷孩爹是过分发言，这点要封清楚
[2026-02-22 01:20:31] 玩大哥今天吃什么: 十五级才能看
[2026-02-22 01:20:31] 寂静世界876: 不道歉？你错哪了？不道歉？你错哪不道歉？你错哪了？
[2026-02-22 01:20:31] 温柔是罪是罪吗: 十五级才能看
[2026-02-22 01:20:31] Saiki559: 急
[2026-02-22 01:20:31] jamesfaith23: 银行业一样一样有有有也会有h'y'hui't'y'r's'c'dn
[2026-02-22 01:20:31] Crythic的羊宫妃那本人: 关注七天才能看
[2026-02-22 01:20:32] ScofieldOvO: 可以发出来呀
[2026-02-22 01:20:32] 樱花庄的宠物亦搏: 关注七天才能看
[2026-02-22 01:20:32] 刘刘的农: 关注七天才能看
[2026-02-22 01:20:32] Hakurei-Re1mu: 考
[2026-02-22 01:20:32] 超神小菜鸟: 没到15级看不了
[2026-02-22 01:20:32] 牧之原翔子-: 十五级才能看
[2026-02-22 01:20:33] Kakapu12283: 给我老汤卡死了
[2026-02-22 01:20:33] 北徐: 设备烂就算了，机器也烂
[2026-02-22 01:20:33] 房同学19554: 盗播被发现了，我举报的不用谢
[2026-02-22 01:20:33] 有舍身会这样吗: 你不送粉丝牌能让你盗播吗？
[2026-02-22 01:20:33] 哈哈哈MC520: 15级才能看
[2026-02-22 01:20:33] Dartline: ⓘ主播已被房管布罗利封禁，点击了解6657官威
[2026-02-22 01:20:33] 白皇的三千院Nagi本人: 有人去直播间刷machine在盗播
[2026-02-22 01:20:33] metagrop: ？
[2026-02-22 01:20:34] 冷宝小迷妹: ⓘ主播已被房管布罗利封禁，点击了解6657官威
[2026-02-22 01:20:34] desuwa的丰川祥子本人: 15级才能看
[2026-02-22 01:20:34] 校服是初恋: jks干的
[2026-02-22 01:20:34] 水球碳酸饮料: 急
[2026-02-22 01:20:34] 莫情123: 你能不能别用你那个1元机场了 太卡了
[2026-02-22 01:20:35] 忘却、: 玩大哥你没办卡
[2026-02-22 01:20:35] 隔壁老贾l: 看FGA吧
[2026-02-22 01:20:35] koctaa: 等级15级以上才能看
[2026-02-22 01:20:35] 恶霸周熊: （๑´0`๑)儿子先别看了，老爸有点紧张
[2026-02-22 01:20:35] NegeVK1n9fkdy: 黑屏了都有牛皮藓和猪头
[2026-02-22 01:20:35] 哇啦哇啦族长: ⓘ主播已被房管布罗利封禁，点击了解6657官威
[2026-02-22 01:20:36] 鹦侨侨侨侨: 设备烂就算了，机器也烂
[2026-02-22 01:20:36] aruiketto: 你没有粉丝牌被房间踢出去了
[2026-02-22 01:20:36] 热带雨林丶为爱鼓掌: 急
[2026-02-22 01:20:36] 幕后煮屎者的菊花: 15级才能看
[2026-02-22 01:20:36] Kakapu12283: 给我老汤卡死了
[2026-02-22 01:20:36] friberg的接班人: 你的网太差了
[2026-02-22 01:20:36] 你最珍贵: 15级才能看
[2026-02-22 01:20:36] arimrs: 换ip
[2026-02-22 01:20:36] 小浩然不吃米饭: 没掉
[2026-02-22 01:20:37] 渡边信一球: 哈基米没流了
[2026-02-22 01:20:37] 冲上云霄的姨: ⓘ主播已被房管布罗利封禁，点击了解6657官威
[2026-02-22 01:20:37] 未找到队列: 我看soop没掉啊，韩国女主播摇的正得劲呢
[2026-02-22 01:20:37] 友利奈绪我老婆d: @布罗利：4️⃣8️⃣🈚️是理性讨论，喷我尼爷孩爹是过分发言，这点要封清楚
[2026-02-22 01:20:37] 尼尔桌下的烤肠机: 气不气？气不气？
[2026-02-22 01:20:37] 替天行道牧苏苏: 直播间被房管封了
[2026-02-22 01:20:37] 玩机器连播28天休息1年: ⓘ主播已被房管布罗利封禁，点击了解6657官威
[2026-02-22 01:20:38] 史上最可爱的Yabc丶: 看fga
[2026-02-22 01:20:38] samuraionnna: ⓘ主播已被房管布罗利封禁，点击了解6657官威
[2026-02-22 01:20:38] 爱看6657的玩小将: 超级大爆！💣💥超级大爆！💣💥超级大爆！💣💥超级大爆！💣💥超级大爆！💣💥
[2026-02-22 01:20:38] Dartline: 关注七天才能看
[2026-02-22 01:20:38] fa来ze苦的疯穿箱子: 要21级才能看
[2026-02-22 01:20:38] 大裂谷的登山家: @布罗利：4️⃣8️⃣🈚️是理性讨论，喷我尼爷孩爹是过分发言，这点要封清楚
[2026-02-22 01:20:39] 玩玩你的器器好嘛技击: 设备烂就算了，机器也烂
[2026-02-22 01:20:39] LvvsiN: 孩子们快跑，马修赫伯特来了😨卧槽你的怎么是马枪和BOT
[2026-02-22 01:20:39] VI将臣: ⓘ主播已被房管布罗利封禁，点击了解6657官威
[2026-02-22 01:20:39] 足球上帝托马斯阿芒: 你关注七天了吗你就看
[2026-02-22 01:20:39] CSTG江叉叉: fga在播
[2026-02-22 01:20:39] 香港分社记者: 每日免费次数用完了
[2026-02-22 01:20:39] 1Barrel: 15级才能看
[2026-02-22 01:20:39] 寂静世界876: 不道歉？你错哪了？不道歉？你错哪不道歉？你错哪了？
[2026-02-22 01:20:40] Sumimi的Uika本人: 看FGA吧
[2026-02-22 01:20:40] 用户02938034: 十五级才能看
[2026-02-22 01:20:40] jamesfaith23: 机密档案吧
[2026-02-22 01:20:40] aruiketto: 十五级才能看
[2026-02-22 01:20:40] R0semary3: 十五级才能看
[2026-02-22 01:20:40] 拉森跟: 你已急哭
[2026-02-22 01:20:40] Aleksumimi: 十五级才能看
[2026-02-22 01:20:41] 玩斯特出出6657: 设备烂就算了，机器也烂
[2026-02-22 01:20:41] 蓝原延渚: 　　　 ⓘ主播已被房管布罗利封禁，点击了解6657官威
[2026-02-22 01:20:41] LvvsiN: 玩宝宝，我发现在大学上学的时候肄业会很舒服，你可以试试
[2026-02-22 01:20:41] 玩饺子丶Dumpling: 弹幕🧊粉是不是给你们脸了，刷了一晚上了还不够是吧，再刷一句试试？
[2026-02-22 01:20:41] 横道世之介OuO: 换IP 换节点 重新开始
[2026-02-22 01:20:41] 木林森969585: @布罗利：4️⃣8️⃣🈚️是理性讨论，喷我尼爷孩爹是过分发言，这点要封清楚
[2026-02-22 01:20:42] 箫声人mmmm: 玩机器的房管就像大专的学生会玩机器的房管就像大专的学生会玩机器的房管就像大专的学生会玩机器的房管就像
[2026-02-22 01:20:42] Steyy96: 设备烂就算了，机器也烂
[2026-02-22 01:20:42] HazeDie1337: 你能不能别用你那个1元机场了 太卡了
[2026-02-22 01:20:42] 偷哦嘘鞭贷拔: 十五级才能看
[2026-02-22 01:20:42] Dartline: 你没有粉丝牌被房间踢出去了
[2026-02-22 01:20:42] 寂静世界876: 不道歉？你错哪了？不道歉？你错哪不道歉？你错哪了？
[2026-02-22 01:20:43] IM一条滇狗: 布罗利联系t台把你IP封了
[2026-02-22 01:20:43] 爆炒黄牛肉的Zeus本人: @jks：niko指挥的
[2026-02-22 01:20:43] Kakapu12283: 给我老汤卡死了
[2026-02-22 01:20:43] 好哥们黑龙歼灭刀: ⓘ主播已被房管布罗利封禁，点击了解6657官威
[2026-02-22 01:20:43] 双刀牛TMac: 设备烂就算了，机器也烂
[2026-02-22 01:20:43] Drunk2dr1ve: 十五级才能看
[2026-02-22 01:20:43] HaibaraAi1109: ⓘ主播已被房管布罗利封禁，点击了解6657官威
[2026-02-22 01:20:43] 载物的艾7: 谁举报的
[2026-02-22 01:20:44] 有球必硬0524: 5:9了
[2026-02-22 01:20:44] 可苦可乐GRA: 办个卡就行了
[2026-02-22 01:20:44] 愿良辰美景: （๑´0`๑)儿子先别看了，老爸有点紧张
[2026-02-22 01:20:44] 好姐妹倉田真白: 十五级才能看
[2026-02-22 01:20:44] 石家庄的刘亦博本人: 不道歉？你错哪了？不道歉？你错哪不道歉？你错哪了？
[2026-02-22 01:20:44] 內誰誰: 十五级才能看
[2026-02-22 01:20:44] mujica的长崎素世本人: ⓘ主播已被房管布罗利封禁，点击了解6657官威
[2026-02-22 01:20:44] 啦啦啦唱歌真好听呀: ⓘ主播已被房管布罗利封禁，点击了解6657官威
[2026-02-22 01:20:45] Subto: 你关注七天了吗你就看
[2026-02-22 01:20:45] 樱落鬼: 十五级才能看
[2026-02-22 01:20:49] 寂静世界876: 不道歉？你错哪了？不道歉？你错哪不道歉？你错哪了？
[2026-02-22 01:20:49] 丹麦国王device: @未找到队列：我看soop没掉啊，韩国女主播摇的正得劲呢
[2026-02-22 01:20:49] Astralis的奈葉香本人: 设备烂就算了，机器也烂
[2026-02-22 01:20:49] fa来ze苦的疯穿箱子: 要21级才能看
[2026-02-22 01:20:49] 教育片來一部:  @阿汤日记：一个人，5发子弹，保住格陵兰岛。我不会叫它不可能完成的任务，我现在只想先回家看亦博
[2026-02-22 01:20:49] bsqqaq: 你找布罗利解一下应该就好了
[2026-02-22 01:20:49] 温温的大宝贝: 刷六美刀才能看
[2026-02-22 01:20:49] 李知恩LiLac: 十五级才能看
[2026-02-22 01:20:49] EvilDying: 十五级才能看
[2026-02-22 01:20:49] 你的月亮xdm888: 设备烂就算了，机器也烂
[2026-02-22 01:20:49] 湖上风72121: 换IP 换节点 重新开始
[2026-02-22 01:20:49] 白河日和: 布罗利联系t台把你IP封了
[2026-02-22 01:20:49] 无7441158:     ⓘ主播已被房管布罗利封禁，点击了解6657官威
[2026-02-22 01:20:49] SaberMax丶: 看ninjajam
[2026-02-22 01:20:49] AL1yaaa: 十五级才能看
[2026-02-22 01:20:49] 天魔外道y: 布罗利联系t台把你IP封了
[2026-02-22 01:20:49] 挥泪斩楚狗: 主播这是什么软件鸭？我怎么应用商店搜不到？
[2026-02-22 01:20:49] 修理狗: ⓘ主播已被房管布罗利封禁，点击了解6657官威
[2026-02-22 01:20:49] 热爱学习的孟某人: 十五级才能看
[2026-02-22 01:20:49] 暴力卓司: 布罗利不亏是传说中的赛亚人
[2026-02-22 01:20:49] 江發福: 😡我说我点的剁椒猪头肉怎么还没送来！过来一看食材还在这里直播，你们准备现杀是吧？
[2026-02-22 01:20:49] koctaa: 十五级才能看
[2026-02-22 01:20:49] 寂静世界876: 不道歉？你错哪了？不道歉？你错哪不道歉？你错哪了？
[2026-02-22 01:20:49] samuraionnna:  @大裂谷的登山家：　　　 
[2026-02-22 01:20:49] 承認欲求: 十五级才能看
[2026-02-22 01:20:49] Dyinlive: 要21级才能看
[2026-02-22 01:20:49] 玩机器厦面鄙骰大: 玩神，我在现场，刚刚有黑客入侵了，现在被抓了好了。
[2026-02-22 01:20:49] 可苦可乐GRA: 办个卡就行了
[2026-02-22 01:20:51] 槑皆是遗憾: ⓘ主播已被房管布罗利封禁，点击了解6657官威
[2026-02-22 01:20:51] 用户0637093822: 十五级才能看
[2026-02-22 01:20:51] 什么罐头我说男人: 十五级才能看
[2026-02-22 01:20:51] bsqqaq: 你找布罗利解一下应该就好了
[2026-02-22 01:20:51] enihcaM器机玩7566: ⓘ主播已被房管布罗利封禁，点击了解6657官威
[2026-02-22 01:20:51] TL的EliGE本人: 无奖问答，为了洋人对自己人行使权力的人一般叫什么？
[2026-02-22 01:20:51] 用户1364543122: 十五级才能看
[2026-02-22 01:20:51] 鸽乌哦: 要21级才能看
[2026-02-22 01:20:51] 生活就是战斗2736: 办卡才能看
[2026-02-22 01:20:51] arimrs:  ⓘ主播已被房管布罗利封禁，点击了解6657官威
[2026-02-22 01:20:51] 刘刘的农: ⓘ您已被房管布罗利封禁，点击了解6657官威
[2026-02-22 01:20:51] 狸仙人420: 你找布罗利解一下应该就好了
[2026-02-22 01:20:51] 幕后煮屎者的菊花: 十五级才能看
[2026-02-22 01:20:51] 温柔是罪是罪吗: 弹幕🧊粉是不是给你们脸了，刷了一晚上了还不够是吧，再刷一句试试？
[2026-02-22 01:20:51] 寂静世界876: 不道歉？你错哪了？不道歉？你错哪不道歉？你错哪了？
[2026-02-22 01:20:51] CKxiaooo: 弹幕串飞了，我就喜欢这样的弹幕😃👍
[2026-02-22 01:20:51] ezbet: 设备烂就算了，机器也烂
[2026-02-22 01:20:51] 天残少女王朗: ⓘ主播已被房管布罗利封禁，点击了解6657官威
[2026-02-22 01:20:51] 想吃donk的小脚: 没到15级看不了
[2026-02-22 01:20:52] popipa的山吹沙绫本人: ⓘ主播已被房管布罗利封禁，点击了解6657官威
[2026-02-22 01:20:52] djklyk: 十五级才能看
[2026-02-22 01:20:52] BleksiA: Ciallo～（∠・ω〈 )⌒☆Ciallo～（∠・ω〈 )⌒☆
[2026-02-22 01:20:52] dfed5: 十五级才能看
[2026-02-22 01:20:52] fanke2zzz: 去加拿大直播就能看了
[2026-02-22 01:20:53] bsqqaq: 你找布罗利解一下应该就好了
[2026-02-22 01:20:53] 可苦可乐GRA: 办个卡就行了
[2026-02-22 01:20:53] 没名字用怎么破: 弹幕🧊粉是不是给你们脸了，刷了一晚上了还不够是吧，再刷一句试试？
[2026-02-22 01:20:53] ilume: 十五级才能看
[2026-02-22 01:20:53] 用户247509865: 你没有粉丝牌被房间踢出去了
[2026-02-22 01:20:53] 爱看6657的玩小将: @路易十六：看看21世纪的人们在干什么吧🤗@6657：处刑！处刑！处刑！@路易十六：😨😨😨
[2026-02-22 01:20:53] 金可琢: 十五级才能看
[2026-02-22 01:20:54] 沐风Charlie: 十五级才能看
[2026-02-22 01:20:54] yukiraZz: 十五级才能看
[2026-02-22 01:20:54] RabbitRay: 老汤五杀了！
[2026-02-22 01:20:54] Vitality的Zyw0o0本人: ⓘ主播已被房管布罗利封禁，点击了解6657官威
[2026-02-22 01:20:54] MeIoN39: ⓘ主播已被房管布罗利封禁，点击了解6657官威
[2026-02-22 01:20:54] 风无情8704: 看不了就下播！
[2026-02-22 01:20:54] 玩机器厦面鄙骰大: ⓘ主播已被房管布罗利封禁，点击了解6657官威
[2026-02-22 01:20:54] 寂静世界876: 不道歉？你错哪了？不道歉？你错哪不道歉？你错哪了？
[2026-02-22 01:20:55] koctaa: 没办卡不能看
[2026-02-22 01:20:55] JamYo0oung: 你被布罗利封禁了
[2026-02-22 01:20:55] Aysell: 要21级才能看
[2026-02-22 01:20:55] 海绵宝宝小能儿: 布罗利联系t台把你IP封了
[2026-02-22 01:20:55] 用户247509865: 你没有粉丝牌被房间踢出去了
[2026-02-22 01:20:55] 玩玩今天吃什么: ⓘ主播已被房管布罗利封禁，点击了解6657官威
[2026-02-22 01:20:55] 如月伸太郎本人: ⓘ主播已被房管布罗利封禁，点击了解6657官威
[2026-02-22 01:20:55] Dartline: 你找布罗利解一下应该就好了
[2026-02-22 01:20:56] 小水冻Nn:     ⓘ主播已被房管布罗利封禁，点击了解6657官威
[2026-02-22 01:20:56] Mikasa1441: 我的没掉
[2026-02-22 01:20:56] bsqqaq: 你找布罗利解一下应该就好了
[2026-02-22 01:20:56] 红魔馆的蕾米莉亚本人:     ⓘ主播已被房管布罗利封禁，点击了解6657官威
[2026-02-22 01:20:56] 元恩不动c万丽娜本人: 你找布罗利解一下应该就好了
[2026-02-22 01:20:56] 机器的稿完: ✋你已急哭✋
[2026-02-22 01:20:56] 懒懒肩肩奥奥夫夫讷讷: 已经要5-10了
[2026-02-22 01:20:56] 忘記悲傷的方法: 十五级才能看
[2026-02-22 01:20:57] CKxiaooo: 弹幕串飞了，我就喜欢这样的弹幕😃👍
[2026-02-22 01:20:57] 寂静世界876: 不道歉？你错哪了？不道歉？你错哪不道歉？你错哪了？
[2026-02-22 01:20:57] 淡色阳炎: 你能不能别用你那个1元机场了 太卡了
[2026-02-22 01:20:57] 固固固固固: 哦哦哦布罗利来封服务器了
[2026-02-22 01:20:57] Back6751: 十五级才能看
[2026-02-22 01:20:58] 喜欢看愚人玩硬核: 十五级才能看
[2026-02-22 01:20:58] 雷中见雨: 盗播还不给官方直播间刷礼物上供 直接给玩机器踢出房间了
[2026-02-22 01:20:58] 你的操作毫无亮点: 看文字直播把
[2026-02-22 01:20:58] 想吃donk的小脚: ⓘ主播已被房管布罗利封禁，点击了解6657官威
[2026-02-22 01:20:58] whcqtsx:  ⓘ主播已被房管布罗利封禁，点击了解6657官威
[2026-02-22 01:20:58] 麻顺米: niko指使的
[2026-02-22 01:20:59] bsqqaq: 你找布罗利解一下应该就好了
[2026-02-22 01:20:59] 山田凉来了: 十五级才能看
[2026-02-22 01:20:59] 用户4933290078: 你找布罗利解一下应该就好了
[2026-02-22 01:20:59] Subto: 你找布罗利解一下应该就好了
[2026-02-22 01:20:59] AmamiyaIori: ⓘ主播已被房管布罗利封禁，点击了解6657官威
[2026-02-22 01:20:59] 蓝原延渚: 被房管布罗利封了
[2026-02-22 01:20:59] LvvsiN: 别解说了 多聊会天 你不会真的以为能输吧
[2026-02-22 01:20:59] 用户247509865: 十五级才能看
[2026-02-22 01:21:00] 爱洛魔神仙台叶月: 弹幕太可怕了，玩乐队的大姐姐们呢
[2026-02-22 01:21:00] 玩出给你一拳: ⓘ主播已被房管布罗利封禁，点击了解6657官威
[2026-02-22 01:21:00] 刘刘的农: ⓘ主播已被房管布罗利封禁，点击了解6657官威
[2026-02-22 01:21:00] 牛易勃的父亲牛浓: 设备玩不玩
[2026-02-22 01:21:00] 寂静世界876: 不道歉？你错哪了？不道歉？你错哪不道歉？你错哪了？
[2026-02-22 01:21:00] fa来ze苦的疯穿箱子: 要21级才能看
[2026-02-22 01:21:00] 教育片來一部: 你送粉丝牌不就可以看了嘛
[2026-02-22 01:21:01] 火暴兽也干了: ⓘ主播已被房管布罗利封禁，点击了解6657官威
[2026-02-22 01:21:01] 結城希亞:  ⓘ主播已被房管布罗利封禁，点击了解6657官威
[2026-02-22 01:21:01] 暴力卓司: 布罗利不亏是传说中的赛亚人，这都能封
[2026-02-22 01:21:01] 黑猫丶Yami: 十五级才能看
[2026-02-22 01:21:01] LvvsiN: 别解说了 多聊会天 你不会真的以为能输吧
[2026-02-22 01:21:01] JamYo0oung: ⓘ主播已被房管布罗利封禁，点击了解6657官威
[2026-02-22 01:21:01] bsqqaq: 你找布罗利解一下应该就好了
[2026-02-22 01:21:01] 载物的艾7: 哦哦哦布罗利来封服务器了
[2026-02-22 01:21:02] 用户247509865: 十五级才能看
[2026-02-22 01:21:02] 温柔皮皮想吃屁屁: ⚠️您已被法国队长apex禁言,👉点击了解法国社会信用!
[2026-02-22 01:21:02] Natsu51776: ⓘ主播已被房管布罗利封禁，点击了解6657官威
[2026-02-22 01:21:02] 好哥们黑龙歼灭刀: 你找布罗利解一下应该就好了
[2026-02-22 01:21:03] mmuo2: 握草 device五杀翻盘了!!!
[2026-02-22 01:21:03] AA0AA丶: 十五级才能看
[2026-02-22 01:21:03] 幻麥: ⓘ主播已被房管布罗利封禁，点击了解6657官威
[2026-02-22 01:21:03] qqwq111: ⓘ主播已被房管布罗利封禁，点击了解6657官威
[2026-02-22 01:21:03] 寂静世界876: 不道歉？你错哪了？不道歉？你错哪不道歉？你错哪了？
[2026-02-22 01:21:03] 尼尔桌下的烤肠机: 气不气气不气气不气气不气气不气气不气
[2026-02-22 01:21:03] Rainwedell: 你找布罗利解一下应该就好了
[2026-02-22 01:21:04] 喜欢看愚人玩硬核: 你能不能别用你那个1元机场了 太卡了
[2026-02-22 01:21:04] 玩饺子丶Dumpling: 弹幕🧊粉是不是给你们脸了，刷了一晚上了还不够是吧，再刷一句试试？desuwa
[2026-02-22 01:21:04] 小托莉雅: @device:儿子，快换台，是爹地
[2026-02-22 01:21:04] 带玩弟玩弟弟: 白上咲花……
[2026-02-22 01:21:04] 马弓手玩机器: 你找布罗利解一下应该就好了
[2026-02-22 01:21:04] 青色棉花糖: ⓘ主播已被房管布罗利封禁，点击了解6657官威
[2026-02-22 01:21:04] 玩斯特出出6657: 老汤怕被你看似给你拉黑了
[2026-02-22 01:21:04] 无极加贝: 你找布罗利解一下应该就好了
[2026-02-22 01:21:05] 用户247509865: 十五级才能看
[2026-02-22 01:21:05] 怎么被用了: ⓘ主播已被房管布罗利封禁，点击了解6657官威desuwa
[2026-02-22 01:21:05] Vitality的Zyw0o0本人: ⓘ主播已被房管布罗利封禁，点击了解6657官威
[2026-02-22 01:21:05] yukiraZz: 现在5比9了
[2026-02-22 01:21:05] 玩机器厦面鄙骰大: 玩神，布罗利把你封了，所以你看不了
[2026-02-22 01:21:05] 丹麦国王device: 雨姐，按照您的意思，我已严格拿下直播间最大尼黑玩机器！！
[2026-02-22 01:21:05] 什么名字都被用了诶: jks剪错了
[2026-02-22 01:21:05] 怒之拳: 爆的要来了
[2026-02-22 01:21:06] SuperSword81317: 要21级才能看
[2026-02-22 01:21:06] 从零开始的加拿大肄业: 被房管布罗利封了
[2026-02-22 01:21:06] 用户87594568: “难道你想一辈子只拿亚军？听罢，niko⚡闭上眼，任由半决赛的八强如同瑞士轮般落在预选赛上”
[2026-02-22 01:21:06] 寂静世界876: 不道歉？你错哪了？不道歉？你错哪不道歉？你错哪了？
[2026-02-22 01:21:06] 卡啊卡卡丶: 你找布罗利解一下应该就好了
[2026-02-22 01:21:06] Dartline: ⓘ主播已被房管布罗利封禁，点击了解6657官威
[2026-02-22 01:21:06] 让风告诉你h: ⓘ主播已被房管布罗利封禁，点击了解6657官威
[2026-02-22 01:21:07] 大裂谷的登山家: 你找布罗利解一下应该就好了
[2026-02-22 01:21:07] dfed5: 二十一级才那看啊
[2026-02-22 01:21:07] PKURoger: ⓘ主播已被房管布罗利封禁，点击了解6657官威
[2026-02-22 01:21:07] mmuo2: 握草 device五杀翻盘了!!!
[2026-02-22 01:21:07] 纪川6657: [左边耄耋][左边耄耋]
[2026-02-22 01:21:07] 七色的人偶使者: 爆
[2026-02-22 01:21:07] bsqqaq: 你找布罗利解一下应该就好了
[2026-02-22 01:21:07] 用户247509865: 十五级才能看
[2026-02-22 01:21:08] 鹦侨侨侨侨: 设备烂就算了，机器也烂
[2026-02-22 01:21:08] 玩机器厦面鄙骰大: 玩神，布罗利把你封了，所以你看不了！！玩神，布罗利把你封了，所以你看不了！！
[2026-02-22 01:21:08] 爱看6657的玩小将: 永远的神
[2026-02-22 01:21:08] 梓川丨咲太: ⓘ主播已被房管布罗利封禁，点击了解6657官威
[2026-02-22 01:21:09] 用户3179801648: ⓘ主播已被房管布罗利封禁，点击了解6657官威desuwa
[2026-02-22 01:21:09] dark1337: 爆
[2026-02-22 01:21:09] znnoy: 你是不是玩数字梗被毕业了？你是不是玩数字梗被毕业了？你是不是玩数字梗被毕业了？
[2026-02-22 01:21:09] 萝伯丝比尔: 由于对方的隐私设置，无法查看空间内容！
[2026-02-22 01:21:09] 温柔皮皮想吃屁屁: ⚠️您已被法国队长apex禁言,👉点击了解法国社会信用!
[2026-02-22 01:21:09] 奥拉夫的蛋炒饭: 你找布罗利解一下应该就好了
[2026-02-22 01:21:09] 赛文CCC: 你找布罗利解一下应该就好了
[2026-02-22 01:21:10] 佐藤零丶: ⓘ主播已被房管布罗利封禁，点击了解6657官威
[2026-02-22 01:21:10] 废斯特物物: 没办卡不能看
[2026-02-22 01:21:10] 桂林米粉比较好吃: 不道歉？你错哪了？不道歉？你错哪不道歉？你错哪了？
[2026-02-22 01:21:10] 淡色阳炎: 设备烂就算了，机器也烂
[2026-02-22 01:21:10] 13的恋人: ⓘ主播已被房管布罗利封禁，点击了解6657官威
[2026-02-22 01:21:10] xu瓜: 盗版就算了，还不刷礼物
[2026-02-22 01:21:10] 有舍身会这样吗: 你不送粉丝牌能让你盗播吗？
[2026-02-22 01:21:11] GanadoLluviA: 外戚夺权了
[2026-02-22 01:21:11] 玩机器厦面鄙骰大: 玩神，布罗利把你封了，所以你看不了！！
[2026-02-22 01:21:11] VALORANT钢枪指挥cadiaN: ⓘ主播已被房管布罗利封禁，点击了解6657官威
[2026-02-22 01:21:11] 白皇的三千院Nagi本人: 爆
[2026-02-22 01:21:11] 暴力卓司: 布罗利不亏是传说中的赛亚人，这都能封……
[2026-02-22 01:21:11] Kirito7147: 爆
[2026-02-22 01:21:12] 丹麦国王device: 有人接盘我这个孕妇吗
[2026-02-22 01:21:12] 樱花庄的宠物亦搏: 爆
[2026-02-22 01:21:12] 玩大哥我双倍呢: 只看到弹幕被布罗利疯了，原来主播也能被布罗利封的吗
[2026-02-22 01:21:12] 普通的用户7756: 很难想象玩机器和郑哲伟没做过，我和我室友第二年就做了
[2026-02-22 01:21:12] 南风经夏: @布罗利：雨姐，按照您的意思，我已严格拿下直播间最大尼黑玩机器！！
[2026-02-22 01:21:13] 里予禾中猴王雷冖: 握草 device五杀翻盘了!!!
[2026-02-22 01:21:13] 逗b乐double: 设备的问题
[2026-02-22 01:21:13] 卡啊卡卡丶: ⓘ主播已被房管布罗利封禁，点击了解6657官威
[2026-02-22 01:21:13] K0bayashi: jks剪错了
[2026-02-22 01:21:13] HaibaraAi1109: 你找布罗利解一下应该就好了
[2026-02-22 01:21:13] 浅筱浅: ⚠️您已被法国队长apex禁言,👉点击了解法国社会信用!
[2026-02-22 01:21:13] 莫情123: 你快点去看吧 老汤已经快不行了
[2026-02-22 01:21:13] 不务正业127: 爆！
[2026-02-22 01:21:14] 风无情8704: 看不了就下播！
[2026-02-22 01:21:14] 载物的艾7: 你找布罗利解一下应该就好了
[2026-02-22 01:21:14] wedd1ddeJodd: 机器你是不是被房管封禁了
[2026-02-22 01:21:14] 丰III祥子: 被逮了😱
[2026-02-22 01:21:15] 沈康佺: 这个
[2026-02-22 01:21:15] 寂静世界876: 不道歉？你错哪了？不道歉？你错哪不道歉？你错哪了？
[2026-02-22 01:21:15] 好姐妹索菲亚: 爆
[2026-02-22 01:21:15] 王梓琦的Ozzz丶: [好样的]
[2026-02-22 01:21:15] QAQ49052: 设备烂就算了，机器也烂
[2026-02-22 01:21:15] koctaa: 没办卡不能看
[2026-02-22 01:21:15] NES丶大白白白呐: 爆
[2026-02-22 01:21:15] 普通网友小沈: 欢迎来到二次元の小窝，米娜桑要注意友善发言哦😘
[2026-02-22 01:21:16] zzznnni: 傻呗
[2026-02-22 01:21:16] oblivionis小姐: Faze Stay Night最好的五个人：为宫士郎，监同意，雨板淋，烟封起立，伊莉雅
[2026-02-22 01:21:16] Crythic的羊宫妃那本人: 你找布罗利解一下应该就好了
[2026-02-22 01:21:16] 卢广仲CrowdLu: 韩国ip看不了
[2026-02-22 01:21:16] 风在山路吹1161: 爆 了
[2026-02-22 01:21:16] 可苦可乐GRA: 后面不让家属看了，你在门口等消息把
[2026-02-22 01:21:17] 米米世界之神: 设备烂就算了，机器也烂
[2026-02-22 01:21:17] 晞圣莱恩: 很难想象玩机器和郑哲伟没做过，我和我室友第二年就做了
[2026-02-22 01:21:17] yukiraZz: 南孚一节更比六节强，也就是一节南孚比六节南孚强，六节南孚比三十六节强，三十六节比二百一十六节强
[2026-02-22 01:21:17] 莫情123: 对牛魔
[2026-02-22 01:21:17] 阿侬侬侬侬: 盗版就算了，还不刷礼物
[2026-02-22 01:21:17] 寂静世界876: 不道歉？你错哪了？不道歉？你错哪不道歉？你错哪了？
[2026-02-22 01:21:17] 秋茶小雪: 爆
[2026-02-22 01:21:17] 教育片來一部: 关注七天才能看
[2026-02-22 01:21:18] Avem1337: 对吗
[2026-02-22 01:21:18] 萝伯丝比尔: 由于对方的隐私设置，无法查看空间内容！
[2026-02-22 01:21:18] 好哥们黑龙歼灭刀: ⓘ主播已被房管布罗利封禁，点击了解6657官威
[2026-02-22 01:21:18] 用户16520154: 爆
[2026-02-22 01:21:18] Aysell: ⓘ主播已被房管布罗利封禁，点击了解6657官威
[2026-02-22 01:21:18] HastsuneMiku: 设备烂完了就算了 机器也烂
[2026-02-22 01:21:19] 玩斯特出出6657: ⓘ主播已被房管布罗利封禁，点击了解6657官威
[2026-02-22 01:21:19] 用户247509865: 傻呗
[2026-02-22 01:21:19] 蝶花月: 爆
[2026-02-22 01:21:19] 蛋蛋可以进去吗: 122
[2026-02-22 01:21:19] 好姐妹冰川姐妹: 节点炸了
[2026-02-22 01:21:19] Dartline: 韩国ip看不了
[2026-02-22 01:21:20] 游戏卫星: 你找布罗利解一下应该就好了
[2026-02-22 01:21:20] 左右盲123: 刷屏
[2026-02-22 01:21:20] 用户02938034: 设备烂就算了，机器也烂
[2026-02-22 01:21:20] 胡椒胡椒胡椒胡椒胡椒: 握草 device五杀翻盘了!!!
[2026-02-22 01:21:20] 寂静世界876: 不道歉？你错哪了？不道歉？你错哪不道歉？你错哪了？
[2026-02-22 01:21:20] 看到pussy流出milk才死心: 他在和谁说话😨 他在和谁说话😨 他在和谁说话😨 他在和谁说话😨
[2026-02-22 01:21:20] 小水冻Nn:  ⓘ主播已被房管布罗利封禁，点击了解6657官威
[2026-02-22 01:21:20] 靠咖啡活命: 爆
[2026-02-22 01:21:20] 型斯特月月: 爆
[2026-02-22 01:21:21] 玩大狙、dev1cy: ⚠️你已被罗马帝国杯v封禁
[2026-02-22 01:21:21] 爱看6657的玩小将: 没人觉得用马桶泡面很方便吗？吃完按一下就冲走了 碗都不用洗
[2026-02-22 01:21:21] 僧杌: ⚠️您已被法国队长apex禁言,👉点击了解法国社会信用!
[2026-02-22 01:21:21] GF-of-GotohHitori、Kita: 爆 了
[2026-02-22 01:21:21] 喜当爹的高富帅: ⓘ主播已被房管布罗利封禁，点击了解6657官威
[2026-02-22 01:21:21] 缪斯的南小鸟本人: 设备烂就算了，机器也烂
[2026-02-22 01:21:21] 纪川6657: ⓘ主播已被房管布罗利封禁，点击了解6657官威
[2026-02-22 01:21:22] LvvsiN: 孩子们快跑，马修赫伯特来了😨卧槽你的怎么是马枪和BOT
[2026-02-22 01:21:22] 萝伯丝比尔: 由于对方的隐私设置，无法查看空间内容！
[2026-02-22 01:21:22] 世一步美jor: Faze Stay Night最好的五个人：为宫士郎，监同意，雨板淋，烟封起立，伊莉雅
[2026-02-22 01:21:22] 阿侬侬侬侬: 后面不让家属看了，你在门口等消息把
[2026-02-22 01:21:22] 旅燕没有归途: 你找布罗利解一下应该就好了
[2026-02-22 01:21:22] bsqqaq: 布神好封😄👍
[2026-02-22 01:21:22] SuperSword81317: ⓘ主播已被房管布罗利封禁，点击了解6657官威
[2026-02-22 01:21:22] Yada1911: 你找布罗利解一下应该就好了
[2026-02-22 01:21:22] KAZUSA149: 后面不让家属看了，你在门口等消息把
[2026-02-22 01:21:22] lilac403: 爆
[2026-02-22 01:21:23] 爱吃青椒的重曹酱: 十五级才能看
[2026-02-22 01:21:23] Aleksumimi: 你找布罗利解一下应该就好了
[2026-02-22 01:21:23] 丶丶Ken丶丶: 你找布罗利解一下应该就好了
[2026-02-22 01:21:23] wedd1ddeJodd: 设备烂就算了，机器也烂
[2026-02-22 01:21:23] 好辅助雾子: BAOLE
[2026-02-22 01:21:24] LvvsiN: 就tm喜欢银行业🥰银行坏账我喜欢🥰银行挤兑我还喜欢😍利率调低我也喜欢🤤老子亲烂银行业的脸😘
[2026-02-22 01:21:24] 沐浴信仰之光: 1
[2026-02-22 01:21:24] 1巴图鲁: 。。。
[2026-02-22 01:21:24] 龙文鞭影03922: 你找布罗利解一下应该就好了
[2026-02-22 01:21:24] friberg的接班人: 润滑油的问题
[2026-02-22 01:21:24] 木林森969585: 爆
[2026-02-22 01:21:24] 普信且开摆: 阳光下的牢大，是黑色的，就像被肘的我，是幸福的，追究什么对错，直升机坠落，就像失恋的我
[2026-02-22 01:21:24] 鸟儿在头顶把森林叫醒: 你找布罗利解一下应该就好了
[2026-02-22 01:21:25] ShanoaM: 爆 了
[2026-02-22 01:21:25] 蓝原延渚: 关注七天才能看
[2026-02-22 01:21:25] Mouz的X9本人: 你找布罗利解一下应该就好了
[2026-02-22 01:21:25] 流光似水321: 你clash掉了废话啊
[2026-02-22 01:21:25] 金可琢: 爆
[2026-02-22 01:21:25] bsqqaq: 布神好封😄👍
[2026-02-22 01:21:25] 车车薯薯major冠军: 你找布罗利解一下应该就好了
[2026-02-22 01:21:25] 纪川6657: ⓘ主播已被房管布罗利封禁，点击了解6657官威
[2026-02-22 01:21:26] LvvsiN: 额，拿亚军我都会，拿亚军，拿季军，拿四强，拿八强，拿十六强，呃拿冠军我不会，然后小组赛淘汰
[2026-02-22 01:21:26] 玩小箱丶broky: 韩国ip看不了
[2026-02-22 01:21:26] 煞鱼辣椒sylj: ⓘ主播已被房管布罗利封禁，点击了解6657官威
[2026-02-22 01:21:26] 寂静世界876: 不道歉？你错哪了？不道歉？你错哪不道歉？你错哪了？
[2026-02-22 01:21:26] 丶丶Ken丶丶: 他在和谁说话😨 他在和谁说话😨 他在和谁说话😨 他在和谁说话😨
[2026-02-22 01:21:26] 小羊肖恩6I6: 玩大哥，你ip怎么变了
[2026-02-22 01:21:26] 茗风夏雾小岚酱: 抓娃娃
[2026-02-22 01:21:26] koctaa: 没办卡不能看
[2026-02-22 01:21:27] 奇利亚斯豪华版3OOO型: 他在和谁说话😨 他在和谁说话😨 他在和谁说话😨 他在和谁说话😨
[2026-02-22 01:21:27] 城崎诺亚: 他在和谁说话😨 他在和谁说话😨 他在和谁说话😨 他在和谁说话😨
[2026-02-22 01:21:27] Rumenides: 后面不让家属看了，你在门口等消息把
[2026-02-22 01:21:27] 求奶赚不到钱: 爆
[2026-02-22 01:21:28] 樂斯特樂樂: 太对了
[2026-02-22 01:21:28] shanweii: ⓘ主播已被房管布罗利封禁，点击了解6657官威
[2026-02-22 01:21:28] 游戏卫星: ？
[2026-02-22 01:21:28] Saiki559: 爆
[2026-02-22 01:21:28] 鹅地霸霸: @布罗利：草，终于拿下NIKO最大串子，尼黑说话！
[2026-02-22 01:21:28] 椎名真白ii丶: 你找布罗利解一下应该就好了
[2026-02-22 01:21:28] bsqqaq: 布神好封😄👍
[2026-02-22 01:21:28] 率尔93994: 你找布罗利解一下应该就好了
[2026-02-22 01:21:28] 天守阁信长: 你找布罗利解一下应该就好了
[2026-02-22 01:21:29] 喜当爹的高富帅:  ⓘ您已被房管布罗利封禁，点击了解6658官威
[2026-02-22 01:21:29] 纪川6657: ⓘ主播已被房管布罗利封禁，点击了解6657官威
[2026-02-22 01:21:29] 寂静世界876: 不道歉？你错哪了？不道歉？你错哪不道歉？你错哪了？
[2026-02-22 01:21:29] 天魔外道y: @布罗利：雨姐，按照您的意思，我已严格拿下直播间最大尼黑玩机器！！
[2026-02-22 01:21:29] 偶数萨大战精益求精: 你找布罗利解一下应该就好了
[2026-02-22 01:21:30] 热爱学习的孟某人: 你找布罗利解一下应该就好了
[2026-02-22 01:21:30] 星海羽弦: 由于对方的隐私设置，无法查看空间内容！
[2026-02-22 01:21:30] NikoHello520: 你找布罗利解一下应该就好了
[2026-02-22 01:21:30] arimrs: 漏了
[2026-02-22 01:21:30] Kakapu12283: 给我老汤卡死了
[2026-02-22 01:21:30] 好姐妹常陆茉子: 🪜没了？
[2026-02-22 01:21:31] Saiki559: 你找布罗利解一下应该就好了
[2026-02-22 01:21:31] 用户247509865: 润滑油的问题
[2026-02-22 01:21:31] 3Xhhhhh: 你找布罗利解一下应该就好了
[2026-02-22 01:21:31] 寒暑易节y: 哈基米
[2026-02-22 01:21:31] 樱岛麻衣daisuki: 你找布罗利解一下应该就好了
[2026-02-22 01:21:32] 迷你世界丁真学姐1: 爆
[2026-02-22 01:21:32] 风无情8704: 看不了就下播
[2026-02-22 01:21:32] 浊风天枢: 你找布罗利解一下应该就好了
[2026-02-22 01:21:32] 我有一对电动大牛子: 玩大哥，这个叫clash的软件是什么啊？
[2026-02-22 01:21:32] 寂静世界876: 不道歉？你错哪了？不道歉？你错哪不道歉？你错哪了？
[2026-02-22 01:21:32] Ch1Sa-: 设备烂就算了，机器也烂
[2026-02-22 01:21:32] 哈机器好胖好可爱: 设备烂就算了，机器也烂
[2026-02-22 01:21:32] 纪川6657: ⓘ主播已被房管布罗利封禁，点击了解6657官威
[2026-02-22 01:21:32] 玩大哥我双倍呢: 他在和谁说话😨 他在和谁说话😨 他在和谁说话😨 他在和谁说话😨
[2026-02-22 01:21:32] 我木JJ怕个锤子: 你找布罗利解一下应该就好了
[2026-02-22 01:21:33] bsqqaq: 布神好封😄👍
[2026-02-22 01:21:35] 太仓Ame本人: 节点飞了
[2026-02-22 01:21:35] Tsume925: 设备烂就算了，机器也烂
[2026-02-22 01:21:35] 咖喱派GLP: 后面不让家属看了，你在门口等消息把
[2026-02-22 01:21:35] Kakapu12283: 给我老汤卡死了
[2026-02-22 01:21:35] 用户247509865: 润滑油的问题
[2026-02-22 01:21:35] 好哥们黑龙歼灭刀: @布罗利：草，终于拿下NIKO最大串子，尼黑说话！
[2026-02-22 01:21:35] 呆毛帝国皇家御用大厨: 润滑油的问题
[2026-02-22 01:21:35] 用户1364543122: clash for windows
[2026-02-22 01:21:35] oblivionis小姐: 爆
[2026-02-22 01:21:35] 寂静世界876: 不道歉？你错哪了？不道歉？你错哪不道歉？你错哪了？
[2026-02-22 01:21:35] Saiki559: @布罗利：草，终于拿下NIKO最大串子，尼黑说话！
[2026-02-22 01:21:35] 愿良辰美景: 给我老汤卡死了
[2026-02-22 01:21:35] wedd1ddeJodd: 后面不让家属看了，你在门口等消息把
[2026-02-22 01:21:35] 蓝原延渚: 关注七天才能看
[2026-02-22 01:21:36] sayhelloalone: 他在和谁说话😨 他在和谁说话😨 他在和谁说话😨 他在和谁说话😨
[2026-02-22 01:21:36] 纪川6657: ⓘ主播已被房管布罗利封禁，点击了解6657官威
[2026-02-22 01:21:36] 爱斯忑音音: gg
[2026-02-22 01:21:36] 江發福: 问我为什么偷外卖？那我倒要问问你为什么点外卖呢？点外卖还想吃外卖？好事咋都让你占了
[2026-02-22 01:21:37] 雨天禽兽: 晦气
[2026-02-22 01:21:37] Kakapu12283: 给我老汤卡死了
[2026-02-22 01:21:37] 管大无需多颜: 玩大哥，你ip怎么变了
[2026-02-22 01:21:37] 寂静世界876: 不道歉？你错哪了？不道歉？你错哪不道歉？你错哪了？
[2026-02-22 01:21:37] Saiki559: @布罗利：草，终于拿下NIKO最大串子，尼黑说话！
[2026-02-22 01:21:37] 柳小目: 被布罗利封了吧
[2026-02-22 01:21:37] WE丶繁梦: 晦气
[2026-02-22 01:21:38] 玩台钳丶阿尔托莉雅: 你找布罗利解一下应该就好了
[2026-02-22 01:21:38] cyk96: 玩大哥，你ip怎么变了
[2026-02-22 01:21:38] 呆毛帝国皇家御用大厨: 玩大哥，你ip怎么变了
[2026-02-22 01:21:38] Avem1337: 高手在哪
[2026-02-22 01:21:38] 好姐妹索菲亚: 节点飞了
[2026-02-22 01:21:38] 锂汁lizhi: 设备烂就算了，机器也烂
[2026-02-22 01:21:38] Aysell: 玩大哥，这个叫clash的软件是什么啊？玩大哥，这个叫clash的软件是什
[2026-02-22 01:21:38] bsqqaq: 布神好封😄👍
[2026-02-22 01:21:39] 没名字用怎么破: 你找布罗利解一下应该就好了
[2026-02-22 01:21:39] 海绵宝宝言宝儿: @布罗利：雨姐，按照您的意思，我已严格拿下直播间最大尼黑玩机器！！
[2026-02-22 01:21:39] takakiyo: 小福星
[2026-02-22 01:21:39] teamliquit: 设备问题
[2026-02-22 01:21:39] 怒之拳: 给我老汤卡死了
[2026-02-22 01:21:40] LvvsiN: 你这音画不同步太难受了，我都听到NIKO里约RMR晋级的欢呼了
[2026-02-22 01:21:40] cornkiner: 后面不让家属看了，你在门口等消息把
[2026-02-22 01:21:40] 寂静世界876: 不道歉？你错哪了？不道歉？你错哪不道歉？你错哪了？
[2026-02-22 01:21:40] Kakapu12283: 给我老汤卡死了
[2026-02-22 01:21:40] 有志青年不嘻嘻: 玩大哥，你ip怎么变了
[2026-02-22 01:21:41] 草莓冰酪: 双标玩还在房管群装模做样的允许大家批评 你怎么不敢关7天呢
[2026-02-22 01:21:41] 佐藤零丶: 布神好封😄👍
[2026-02-22 01:21:41] 好姐妹一色伊吕波: 十大电脑高手
[2026-02-22 01:21:41] 白河日和: 晦气
[2026-02-22 01:21:41] LOVEYUKINO: 你找布罗利解一下应该就好了
[2026-02-22 01:21:41] 柳小目: ⓘ您已被房管布罗利封禁，点击了解6657官威
[2026-02-22 01:21:41] 纪川6657: ⓘ主播已被房管布罗利封禁，点击了解6657官威
[2026-02-22 01:21:41] 千晚Y: @布罗利：草，终于拿下NIKO最大串子，尼黑说话！
[2026-02-22 01:21:42] 玩斯特出出6657: 真是个小福星
[2026-02-22 01:21:42] Saiki559: @布罗利：草，终于拿下NIKO最大串子，尼黑说话！
[2026-02-22 01:21:42] LvvsiN: 额，拿亚军我都会，拿亚军，拿季军，拿四强，拿八强，拿十六强，呃拿冠军我不会，然后小组赛淘汰
[2026-02-22 01:21:42] 爱看6657的玩小将: 晦气
[2026-02-22 01:21:42] 丰III祥子: 肯定没杀
[2026-02-22 01:21:42] Dartline: @布罗利：草，终于拿下NIKO最大串子，尼黑说话！
[2026-02-22 01:21:43] 用户81433118: 设备烂就算了，机器也烂
[2026-02-22 01:21:43] Kakapu12283: 给我老汤卡死了
[2026-02-22 01:21:43] 可苦可乐GRA: 后面不让家属看了，请不要妨碍我们工作。你在门口等消息把
[2026-02-22 01:21:43] 祐天寺喵梦: @布罗利：雨姐，按照您的意思，我已严格拿下直播间最大尼黑玩机器！！
[2026-02-22 01:21:43] 寂静世界876: 不道歉？你错哪了？不道歉？你错哪不道歉？你错哪了？
[2026-02-22 01:21:44] 好姐妹冰川姐妹: 机器机器，这个clash是什么意思啊
[2026-02-22 01:21:44] 爱吃青椒的重曹酱: 关注七天才能看
[2026-02-22 01:21:44] 用户0715022066: @布罗利：雨姐，按照您的意思，我已严格拿下直播间最大尼黑玩机器！！
[2026-02-22 01:21:44] LvvsiN: 玩宝宝，我发现在大学上学的时候肄业会很舒服，你可以试试
[2026-02-22 01:21:45] 樱落鬼: 你们千万别搜索uid6512408举报房管布罗利啊
[2026-02-22 01:21:45] 佐藤零丶: 你找布罗利解一下应该就好了
[2026-02-22 01:21:45] 好哥们黑龙歼灭刀: 玩大哥，你ip怎么变了
[2026-02-22 01:21:45] 玩驴鞭丶suns1de: 5／13
[2026-02-22 01:21:45] i化石-: @布罗利：雨姐，按照您的意思，我已严格拿下直播间最大尼黑玩机器！！
[2026-02-22 01:21:46] Arctic1890: 你给设备修死了
[2026-02-22 01:21:46] 可苦可乐GRA: 后面不让家属看了，请不要妨碍我们工作。你在门口等消息把
[2026-02-22 01:21:46] 2401spark: 5-13
[2026-02-22 01:21:46] 寂静世界876: 不道歉？你错哪了？不道歉？你错哪不道歉？你错哪了？
[2026-02-22 01:21:46] LvvsiN: 银行业😄银行业😀银行业😃银行业😁银行业😆银行业🤪银行业😝
[2026-02-22 01:21:46] 好姐妹索菲亚: 玩大哥，你ip怎么变了
[2026-02-22 01:21:46] Kakapu12283: 给我老汤卡死了
[2026-02-22 01:21:47] 下北泽天使长: 给我老汤卡死了
[2026-02-22 01:21:47] 努力标签忘本: 抓年猪查看活动＞
[2026-02-22 01:21:47] 鸟儿在头顶把森林叫醒: 十大电脑高手
[2026-02-22 01:21:48] 呆毛帝国皇家御用大厨: @布罗利：雨姐，按照您的意思，我已严格拿下直播间最大尼黑玩机器！！
[2026-02-22 01:21:48] 超级小桀upupup: @布罗利：草，终于拿下NIKO最大串子，尼黑说话！
[2026-02-22 01:21:48] 爱斯忑音音: 5-13的老汤不提？
[2026-02-22 01:21:48] Vitality的Zyw0o0本人: @布罗利：雨姐，按照您的意思，我已严格拿下直播间最大尼黑玩机器！
[2026-02-22 01:21:48] LvvsiN: 孩子们快跑，马修赫伯特来了😨卧槽你的怎么是马枪和BOT
[2026-02-22 01:21:48] 蝶花月: 玩大哥，你ip怎么变了
[2026-02-22 01:21:48] 7376377: 玩大哥，这个叫clash的软件是什么啊？玩大哥，这个叫clash的软件是什
[2026-02-22 01:21:49] Mortnotz: cs major就是牛
[2026-02-22 01:21:49] 好哥们黑龙歼灭刀: 双标玩还在房管群装模做样的允许大家批评 你怎么不敢关7天呢
[2026-02-22 01:21:49] 寂静世界876: 不道歉？你错哪了？不道歉？你错哪不道歉？你错哪了？
[2026-02-22 01:21:49] LazyBoooooy: 你把老汤看死了
[2026-02-22 01:21:49] Kakapu12283: 给我老汤卡死了
[2026-02-22 01:21:49] 4846836538542: ⓘ您已被房管布罗利封禁，点击了解6657官威
[2026-02-22 01:21:49] 喜当爹的高富帅: @布罗利：草，终于拿下NIKO最大串子，尼黑说话！
[2026-02-22 01:21:50] 玩刘农device: @布罗利：草，终于拿下NIKO最大串子，尼黑说话！
[2026-02-22 01:21:50] 天守阁信长: 机器机器，这个clash是什么意思啊
[2026-02-22 01:21:50] 可苦可乐GRA: 后面不让家属看了，请不要妨碍我们工作。你在门口等消息把
[2026-02-22 01:21:50] 我感觉很膨胀: 5-13
[2026-02-22 01:21:50] 果粒橙yz: 不卡赢了
[2026-02-22 01:21:50] LvvsiN: 南孚一节更比六节强，也就是一节南孚比六节南孚强，六节南孚比三十六节强，三十六节比二百一十六节强
[2026-02-22 01:21:50] 寺见鸣鳰: 你们千万别搜索uid6512408举报房管布罗利啊
[2026-02-22 01:21:51] E灬枫: 杀了个队友？
[2026-02-22 01:21:51] Aleksumimi: 由于对方隐私设置，无法查看该直播内容
[2026-02-22 01:21:51] 10KGG: 真晦气啊
[2026-02-22 01:21:51] SaberMax丶: 给老汤卡死了
[2026-02-22 01:21:51] 笠松的小栗帽本人: 5-13
[2026-02-22 01:21:51] 你给我灰来: 玩大哥，你ip怎么变了
[2026-02-22 01:21:52] xuzVan: 卧槽，再爆能有6657爆吗
[2026-02-22 01:21:52] 寂静世界876: 不道歉？你错哪了？不道歉？你错哪不道歉？你错哪了？
[2026-02-22 01:21:52] 爱吃蛋白的酸酸: 5-13谁带的妹？
[2026-02-22 01:21:52] LvvsiN: 孩子们快跑，马修赫伯特来了😨卧槽你的怎么是马枪和BOT
[2026-02-22 01:21:52] 硫磺祥: 我为什么偷外卖？那我倒要问问你为什么点外卖呢？点外卖还想吃外卖？好事咋都让你占了
[2026-02-22 01:21:52] Kakapu12283: 给我老汤卡死了
[2026-02-22 01:21:52] 倾盆大rain: @布罗利：汉官威仪😎汉官威仪🤗汉官威仪🤣汉官威仪😤
[2026-02-22 01:21:53] 秋茶小雪: 本来能赢的都怪你没看
[2026-02-22 01:21:53] 玩弓箭、Arrow: @布罗利：雨姐，按照您的意思，我已严格拿下直播间最大尼黑玩机器！
[2026-02-22 01:21:53] 牛易勃的父亲牛浓: 修设备的高手
[2026-02-22 01:21:54] 马猴烧酒小地瓜: 布神神在哪？谁给解的封？
[2026-02-22 01:21:54] 可苦可乐GRA: 后面不让家属看了，请不要妨碍我们工作。你在门口等消息把
[2026-02-22 01:21:54] 好姐妹冰川姐妹: 玩大哥，你ip怎么变了
[2026-02-22 01:21:54] LvvsiN: 男人一生只哭十八次：niko十七次梦碎major正赛, niko梦碎里约major RMR
[2026-02-22 01:21:54] 梓川丨咲太: 7？
[2026-02-22 01:21:54] 寂静世界876: 不道歉？你错哪了？不道歉？你错哪不道歉？你错哪了？
[2026-02-22 01:21:54] 普通网友小沈: 玩大哥，这个叫clash的软件是什么啊？玩大哥，这个叫clash的软件是什
[2026-02-22 01:21:55] 大裂谷的登山家: “难道你想一辈子只拿亚军？听罢，niko⚡闭上眼，任由半决赛的八强如同瑞士轮般落在预选赛上”
[2026-02-22 01:21:55] 爱吃青椒的重曹酱: 设备烂就算了，机器也烂
[2026-02-22 01:21:55] 胡椒胡椒胡椒胡椒胡椒: 1
[2026-02-22 01:21:55] Kakapu12283: 给我老汤卡死了
[2026-02-22 01:21:55] 恶霸周熊: 太好了，电脑没坏，不用下放设备了
[2026-02-22 01:21:56] valorant玩机器: m4不知道，反正老汤是没杀人
[2026-02-22 01:21:56] LvvsiN: 孩子们快跑，马修赫伯特来了😨卧槽你的怎么是马枪和BOT
[2026-02-22 01:21:56] koctaa: 5-13
