# room_id=6979222 host=玩机器丶Machine title=小众宝藏结晶直播 live_time= fetch_time=2026-02-21 23:45:46
[2026-02-22 00:50:56] 洞庭湖底二五仔: 面露菜色
[2026-02-22 00:50:56] 可否不加糖: 场馆解说带头哦，场外解说带载节奏，我看海啸的配合比猎鹰好啊
[2026-02-22 00:50:56] 喜斯特多多: 可是玩宝宝也很冰清玉洁啊🥺
[2026-02-22 00:50:57] 真的懂又不懂啊: psg lgd
[2026-02-22 00:50:57] 半夜醒来硬梆梆: 咯夫
[2026-02-22 00:50:57] 夏亚阿兹纳布耳: 你下播吧, 像2025-02-07 23:49一样！
[2026-02-22 00:50:57] Cape秋雨: 猎鹰来输了
[2026-02-22 00:50:57] 宫监手放监: 弹幕：骂载数字梗、警告⚠！🐷：😄 弹幕：冰清玉洁玩机器、骂玩数字梗！🐷：😡🖱（拉黑中）
[2026-02-22 00:50:57] 毛几毛巴丶: d
[2026-02-22 00:50:58] 轻伤酱: 设备：孩子，累了想下播就索敌攻击你监爹的弹幕，想净化弹幕环境就看看我的比赛
[2026-02-22 00:50:58] chukap: 海参学会没？
[2026-02-22 00:50:58] 用户247509865: 万无一尸
[2026-02-22 00:50:58] 我爱lick宫监蜡烛: 加咯～（∠・ω〈 )⌒★
[2026-02-22 00:50:58] 澄猫: 比小孩稳
[2026-02-22 00:50:58] 0guriCap: 汗流浃背
[2026-02-22 00:50:58] 星之所在Vitality: mezii来V了
[2026-02-22 00:50:59] SpectacularBid: 可是玩宝宝也很冰清玉洁啊🥺
[2026-02-22 00:50:59] 悸动战士北部玄驹: 玩机器你什么意思，还不屏蔽尸和匕？
[2026-02-22 00:50:59] 一般通过银行业: ⓘ您已被天师庄方宜举报封禁，点击了解武陵社会信用
[2026-02-22 00:50:59] 海绵宝宝dinner: 玩机器你什么意思，还不屏蔽尸和匕？
[2026-02-22 00:50:59] c6lviN: 刚刷完的尸，一，步就被加屏蔽词了，你不是在解说骂
[2026-02-22 00:50:59] 冰封樱花: 玩机器你什么意思，还不屏蔽尸和匕？
[2026-02-22 00:50:59] 暴力卓司: 玩机器你什么意思，还不屏蔽尸和匕？
[2026-02-22 00:50:59] 香港分社记者: 你为什么要把mαjor禁了，我收藏的一半弹幕全毁了
[2026-02-22 00:51:00] x星辰GGGGGG: 弹幕：骂载数字梗、警告⚠！🐷：😄 弹幕：冰清玉洁玩机器、骂玩数字梗！🐷：😡🖱（拉黑中）
[2026-02-22 00:51:00] 夕ro: 比小孩稳
[2026-02-22 00:51:00] 用户247509865: 万无一尸
[2026-02-22 00:51:00] N1Ko28: 幸亏等了。直接敲头
[2026-02-22 00:51:00] 啦啦啦唱歌真好听呀: 玩机器你什么意思，还不屏蔽尸和匕？
[2026-02-22 00:51:01] LvvsiN: @老汤日记:丹麦总统让我静音接触白宫，这应该是我最后一次看儿子直播了，机器，我爱你...
[2026-02-22 00:51:01] 辛巴和他的辛巴兽: 可是玩宝宝也很冰清玉洁啊🥺
[2026-02-22 00:51:01] 不变的追求717: 可是玩宝宝也很冰清玉洁啊🥺
[2026-02-22 00:51:01] Rainwedell: 玩宝宝别怕，攻击你的人都刷不动了🥺
[2026-02-22 00:51:01] 鹅地霸霸: 小孩来送了
[2026-02-22 00:51:01] 旧城乀873: broky play
[2026-02-22 00:51:01] 偷摸灵感菇: ⓘ您已被天师庄方宜举报封禁，点击了解武陵社会信用
[2026-02-22 00:51:01] 帽子的妮蔻本人: 满头大汉子
[2026-02-22 00:51:01] 橘子味儿小baby: 玩机器你什么意思，还不屏蔽尸和匕？
[2026-02-22 00:51:01] 玩呆毛、A1triaa: 扳机纪律
[2026-02-22 00:51:01] 石家庄的刘亦博本人: 可是玩宝宝也很冰清玉洁啊🥺
[2026-02-22 00:51:02] passionats丶: ⓘ您已被天师庄方宜举报封禁，点击了解武陵社会信用
[2026-02-22 00:51:02] 剑崎梨梨花: 嘘🤫仔细看已经消失了很多弹幕了
[2026-02-22 00:51:02] 白皇的三千院Nagi本人: ⓘ您已被天师庄方宜举报封禁，点击了解武陵社会信用
[2026-02-22 00:51:02] 好哥们黑龙歼灭刀: 弹幕：骂载数字梗、警告⚠！🐷：😄 弹幕：冰清玉洁玩机器、骂玩数字梗！🐷：😡🖱（拉黑中）
[2026-02-22 00:51:02] 普通的用户7756: 玩机器你什么意思，还不屏蔽尸和匕？
[2026-02-22 00:51:02] 夺云丶: 万无一尸
[2026-02-22 00:51:02] 用户247509865: 万无一尸
[2026-02-22 00:51:02] 怒之拳: 面露菜色
[2026-02-22 00:51:03] Dartline: ⓘ您已被天师庄方宜举报封禁，点击了解武陵社会信用
[2026-02-22 00:51:03] 桂林米粉比较好吃: 可是玩宝宝也很冰清玉洁啊🥺
[2026-02-22 00:51:03] 洋芋粑粑头: 半天一个没补 满头大汗
[2026-02-22 00:51:03] 阿良良木历Koyomi: 弹幕：骂载数字梗、警告⚠！🐷：😄 弹幕：冰清玉洁玩机器、骂玩数字梗！🐷：😡🖱（拉黑中）
[2026-02-22 00:51:03] bsqqaq: 尸二步
[2026-02-22 00:51:03] 玩机器他跌: ⓘ您已被天师庄方宜举报封禁，点击了解武陵社会信用
[2026-02-22 00:51:03] 四川zywo0: 设备：孩子，累了想下播就索敌攻击你监爹的弹幕，想净化弹幕环境就看看我的比赛
[2026-02-22 00:51:04] 冉冉的脚趾皮: 在线榜第9名千早爱音给你送钻粉你咋不谢（11级发不了
[2026-02-22 00:51:04] 格子猫QAQ: 可是玩宝宝也很冰清玉洁啊🥺
[2026-02-22 00:51:04] CCC的丰川祥子本人: 玩机器你什么意思，还不屏蔽尸和匕？
[2026-02-22 00:51:04] 想要舌吻m0NESY: 小孩来送了
[2026-02-22 00:51:04] 用户247509865: 可是玩宝宝也很冰清玉洁啊🥺
[2026-02-22 00:51:04] 维他立体的r6pz本人: 场馆解说带头哦，场外解说带载节奏，我看海啸的配合比猎鹰好啊
[2026-02-22 00:51:05] 秋叶恋心丶: 万无一尸
[2026-02-22 00:51:05] MuY1z: 小孩来送了
[2026-02-22 00:51:05] 劉膿dewasu: 玩机器你什么意思，还不屏蔽尸和匕？
[2026-02-22 00:51:05] KouKouJoe: 莪棈杺痽備哋弹募怎庅潑芣炪厾？沵個炪泩叒屛幣孒什庅詞？
[2026-02-22 00:51:05] 阿刀ym: 玩机器你什么意思，还不屏蔽尸和匕？
[2026-02-22 00:51:05] 孤单心碎小南: 可是玩宝宝也很冰清玉洁啊🥺
[2026-02-22 00:51:05] HalaMboy: 某个神队早就去补枪了
[2026-02-22 00:51:05] Vitality的Zyw0o0本人: 玩机器你什么意思，还不屏蔽尸和匕？
[2026-02-22 00:51:06] 反方向的绪: 尼尼子亥子亥nnajor冠军
[2026-02-22 00:51:06] 小川阿丶: 玩机器你什么意思，还不屏蔽尸和匕？
[2026-02-22 00:51:06] Altolier: 可是玩宝宝也很冰清玉洁啊🥺
[2026-02-22 00:51:06] 白子5002: 设备：孩子，累了想下播就索敌攻击你监爹的弹幕，想净化弹幕环境就看看我的比赛
[2026-02-22 00:51:06] 雪梨Iphone: 玩机器你什么意思，还不屏蔽尸和匕？
[2026-02-22 00:51:06] 用户247509865: 可是玩宝宝也很冰清玉洁啊🥺
[2026-02-22 00:51:06] 骄骄爱吃糖: 场馆解说带头哦，场外解说带载节奏，我看海啸的配合比猎鹰好啊
[2026-02-22 00:51:07] LvvsiN: @老汤日记:丹麦总统让我静音接触白宫，这应该是我最后一次看儿子直播了，机器，我爱你...
[2026-02-22 00:51:07] 不变的追求717: 玩机器你什么意思，还不屏蔽尸和匕？
[2026-02-22 00:51:07] Troy爷: ⓘ您已被天师庄方宜举报封禁，点击了解武陵社会信用
[2026-02-22 00:51:07] Raven只羡鸳鸯: 玩机器你什么意思，还不屏蔽尸和匕？
[2026-02-22 00:51:07] TL的EliGE本人: 可是玩宝宝也很冰清玉洁啊🥺
[2026-02-22 00:51:08] 炫迈冰暴口香糖: 玩机器你什么意思，还不屏蔽尸和匕？
[2026-02-22 00:51:08] AmamiyaIori: 弹幕：骂载数字梗、警告⚠！🐷：😄 弹幕：冰清玉洁玩机器、骂玩数字梗！🐷：😡🖱（拉黑中）
[2026-02-22 00:51:08] 新一啊233: 玩机器你什么意思，还不屏蔽尸和匕？
[2026-02-22 00:51:09] 枫丹最美芙宁娜: 玩机器你什么意思，还不屏蔽尸和匕？
[2026-02-22 00:51:09] 用户247509865: 可是玩宝宝也很冰清玉洁啊🥺
[2026-02-22 00:51:09] 好姐妹八幡海铃丶: 在线榜第9名千早爱音给你送钻粉你咋不谢（11级发不了
[2026-02-22 00:51:09] 用户3661578: 小孩来送了
[2026-02-22 00:51:09] 什么罐头我说男人: 可是玩宝宝也很冰清玉洁啊🥺
[2026-02-22 00:51:09] 菲伦1: 可是玩宝宝也很冰清玉洁啊🥺
[2026-02-22 00:51:09] 徐弃安: 孩子来早冲出去送了
[2026-02-22 00:51:09] 古手戶絵梨花: 万无一尸
[2026-02-22 00:51:09] 懒懒监监major冠军: 嘘🤫仔细看已经消失了很多弹幕了
[2026-02-22 00:51:09] 无刘海美女: 玩机器你什么意思，还不屏蔽尸和匕？
[2026-02-22 00:51:09] 蓝月亮843: 1
[2026-02-22 00:51:10] 玩机器你不看小蜜蜂: 可是玩宝宝也很冰清玉洁啊🥺
[2026-02-22 00:51:10] 夺云丶: 尸二步
[2026-02-22 00:51:10] 我要改名字2153: 玩机器你什么意思，还不屏蔽尸和匕？
[2026-02-22 00:51:10] TXGame08175198: 宫监手！准备放监！🏹🏹🏹🏹宫监手！准备放监！🏹🏹🏹🏹
[2026-02-22 00:51:11] 用户247509865: 可是玩宝宝也很冰清玉洁啊🥺
[2026-02-22 00:51:11] 少年阿弈: 小孩来切手枪被反杀了
[2026-02-22 00:51:11] XbOvO: 玩机器你什么意思，还不屏蔽尸和匕？
[2026-02-22 00:51:11] valorant玩机器: 玩机器你什么意思，还不屏蔽尸和匕？
[2026-02-22 00:51:11] Th0tiana: ⓘ您已被天师庄方宜举报封禁，点击了解武陵社会信用
[2026-02-22 00:51:11] xOcOg: 设备：孩子，累了想下播就索敌攻击你监爹的弹幕，想净化弹幕环境就看看我的比赛
[2026-02-22 00:51:11] Vitality的Zyw0o0本人: 可是玩宝宝也很冰清玉洁啊🥺
[2026-02-22 00:51:12] 骑电瓶加油努力: 莪棈杺痽備哋弹募怎庅潑芣炪厾？沵個炪泩叒屛幣孒什庅詞？
[2026-02-22 00:51:12] 椎名立希本人: 小孩来送了
[2026-02-22 00:51:12] 田所浩二114514: 可是玩宝宝也很冰清玉洁啊🥺
[2026-02-22 00:51:12] monster7468: 猎鹰来一个一个上送完了
[2026-02-22 00:51:13] 三年级的高町奈叶本人: 玩机器你什么意思，还不屏蔽尸和匕？
[2026-02-22 00:51:13] 用户247509865: 可是玩宝宝也很冰清玉洁啊🥺
[2026-02-22 00:51:13] LvvsiN: 别解说了 多聊会天 你不会真的以为能输吧
[2026-02-22 00:51:13] 雷中见雨: 莪棈杺痽備哋弹募怎庅潑芣炪厾？沵個炪泩叒屛幣孒什庅詞？
[2026-02-22 00:51:13] ChopperTop1: 原来玩神也是个山寨伙，，，取关了
[2026-02-22 00:51:14] Sirius丶BIack: 小孩来空三枪了
[2026-02-22 00:51:14] 骂我皆为调情丷: 嘘🤫仔细看已经消失了很多弹幕了
[2026-02-22 00:51:14] 无刘海美女: 可是玩宝宝也很冰清玉洁啊🥺
[2026-02-22 00:51:14] last玩神丶: 玩机器你什么意思，还不屏蔽尸和匕？
[2026-02-22 00:51:14] 杰洛齐贝林3: 卧槽，broky被下放了
[2026-02-22 00:51:14] 石家庄的刘亦博本人: 莪棈杺痽備哋弹募怎庅潑芣炪厾？沵個炪泩叒屛幣孒什庅詞？
[2026-02-22 00:51:14] 都觉得卡了: 可是玩宝宝也很冰清玉洁啊🥺
[2026-02-22 00:51:15] 努力学习11199: 弹幕：骂载数字梗、警告⚠！🐷：😄 弹幕：冰清玉洁玩机器、骂玩数字梗！🐷：😡🖱（拉黑中）
[2026-02-22 00:51:15] 暴力卓司: 玩机器你什么意思，还不屏蔽尸和匕？
[2026-02-22 00:51:15] LvvsiN: 南孚一节更比六节强，也就是一节南孚比六节南孚强，六节南孚比三十六节强，三十六节比二百一十六节强
[2026-02-22 00:51:15] Vitality的羽贺文乃本人: 玩机器你什么意思，还不屏蔽尸和匕？
[2026-02-22 00:51:15] 夕ro: 玩机器你什么意思，还不屏蔽尸和匕？
[2026-02-22 00:51:15] 梦的星: 大家都是好宝宝，要攻击就攻击玩机器吧🥺
[2026-02-22 00:51:15] 我吃柠檬树: 莪棈杺痽備哋弹募怎庅潑芣炪厾？沵個炪泩叒屛幣孒什庅詞？
[2026-02-22 00:51:15] Ganbei4Eureka: 又开始[玩机器尴尬]了，房管也带头[玩机器尴尬]，这直播间算是完了
[2026-02-22 00:51:15] 乌鸦1453529: 玩机器你什么意思，还不屏蔽尸和匕？
[2026-02-22 00:51:16] 用户3179801648: 玩机器你什么意思，还不屏蔽尸和匕？
[2026-02-22 00:51:16] 愿良辰美景: 嘘🤫仔细看已经消失了很多弹幕了
[2026-02-22 00:51:16] 7376377: 弹幕不对了，登山预警
[2026-02-22 00:51:17] kk2212: 你真不配做机哥，玩宝宝的
[2026-02-22 00:51:17] 好哥们黑龙歼灭刀: 玩机器你什么意思，还不屏蔽尸和匕？
[2026-02-22 00:51:17] 瘤坤的假发: 玩机器你什么意思，还不屏蔽尸和匕？
[2026-02-22 00:51:17] 锂汁lizhi: 玩机器你什么意思，还不屏蔽尸和匕？
[2026-02-22 00:51:17] 我是一个医保卡: 玩机器你什么意思，还不屏蔽尸和匕？
[2026-02-22 00:51:17] 猫心碎会失去几条命: 弹幕：骂载数字梗、警告⚠！🐷：😄 弹幕：冰清玉洁玩机器、骂玩数字梗！🐷：😡🖱（拉黑中）
[2026-02-22 00:51:17] 想要舌吻m0NESY: 玩机器你什么意思，还不屏蔽尸和匕？
[2026-02-22 00:51:18] dfed5: ⓘ您已被天师庄方宜举报封禁，点击了解武陵社会信用
[2026-02-22 00:51:18] 布拉德丶皮特: 不是，进攻狙呢
[2026-02-22 00:51:18] 温柔皮皮想吃屁屁: 不屏蔽尸和匕？懂你意思玩神
[2026-02-22 00:51:19] 爱玩守望的浩浩: 嘘🤫仔细看已经消失了很多弹幕了
[2026-02-22 00:51:19] 宗宗若若major冠军: 两条猪蹄都在镜头内，操控屏蔽词的究竟是谁😰😰😰😰😰😰
[2026-02-22 00:51:19] 丰川祥子的黑色裤袜: 玩机器你什么意思，还不屏蔽尸和匕？
[2026-02-22 00:51:19] 椎名真白ii丶: 玩机器你什么意思，还不屏蔽尸和匕？
[2026-02-22 00:51:19] AL丶龙炎风: 嘘🤫仔细看已经消失了很多弹幕了
[2026-02-22 00:51:20] 愿良辰美景: 大家都是好宝宝，要攻击就攻击玩机器吧🥺
[2026-02-22 00:51:20] SummerFl0wer: 玩机器你什么意思，还不屏蔽尸和匕？
[2026-02-22 00:51:20] 我爱lick宫监蜡烛: 加咯～（∠・ω〈 )⌒★
[2026-02-22 00:51:20] Dartline: 嘘🤫仔细看已经消失了很多弹幕了
[2026-02-22 00:51:20] 用户3951743331: 莪棈杺痽備哋弹募怎庅潑芣炪厾？沵個炪泩叒屛幣孒什庅詞？
[2026-02-22 00:51:21] 宇莓: 尸 匕肯定不屏蔽啊，你又没串到玩大哥头上😁😁😁😁
[2026-02-22 00:51:21] 好姐妹贝拉: 玩机器你什么意思，还不屏蔽尸和匕？
[2026-02-22 00:51:21] 幽谷响子: 可是玩宝宝也很冰清玉洁啊🥺
[2026-02-22 00:51:21] LvvsiN: 我提一嘴这剧情越来越像上海major了
[2026-02-22 00:51:21] 小司机丶来巡山: 3分够不够？？
[2026-02-22 00:51:21] 飘零笑我: 在线榜第9名千早爱音给你送钻粉你咋不谢（11级发不了
[2026-02-22 00:51:21] wjnbsl: 由于你的帐号禁言1小时,阳光信用分-15。了解斗鱼阳光信用分
[2026-02-22 00:51:22] 哈啦休: 嘘🤫仔细看已经消失了很多弹幕了
[2026-02-22 00:51:22] 温柔皮皮想吃屁屁: 不屏蔽尸和匕？懂你意思玩神
[2026-02-22 00:51:22] 快乐啃蹄蹄: 弹幕不对了，登山预警
[2026-02-22 00:51:22] 有你便是世界1: 嘘🤫仔细看已经消失了很多弹幕了
[2026-02-22 00:51:22] 解说就是胡说machine: 可是玩宝宝也很冰清玉洁啊🥺
[2026-02-22 00:51:23] 海绵宝宝噶点儿: 玩机器你什么意思，还不屏蔽尸和匕？
[2026-02-22 00:51:23] 四个酒仙: 玩机器你什么意思，还不屏蔽尸和匕？
[2026-02-22 00:51:23] Ganbei4Eureka: @zywoo:我依然是世一狙
[2026-02-22 00:51:23] 新用户259: 嘘🤫仔细看已经消失了很多弹幕了
[2026-02-22 00:51:23] 一玩就开心: 嘘🤫仔细看已经消失了很多弹幕了
[2026-02-22 00:51:23] 夺云丶: 不屏蔽尸和匕？懂你意思玩神
[2026-02-22 00:51:23] YCSUN1017: 嘘🤫仔细看已经消失了很多弹幕了
[2026-02-22 00:51:23] 想要舌吻m0NESY: 嘘🤫仔细看已经消失了很多弹幕了
[2026-02-22 00:51:23] 古堡12枪战神: 印花|BIG（冠军）|1939克拉科夫锦标赛
[2026-02-22 00:51:24] 好哥们黑龙歼灭刀: 嘘🤫仔细看已经消失了很多弹幕了
[2026-02-22 00:51:24] 若叶睦吃苦瓜: 玩机器你什么意思，还不屏蔽尸和匕？
[2026-02-22 00:51:25] st同归: 加咯～（∠・ω〈 )⌒★
[2026-02-22 00:51:25] Faze的软糯小箱本人: Rieee：我高玩呢？MooOo0onsey：我不知道啊
[2026-02-22 00:51:26] 葛孚雷: 玩机器你什么意思，还不屏蔽尸和匕？
[2026-02-22 00:51:26] 足音: 谁说🧊🧊没有战斗力的？我看🧊🧊已经在弹幕站都到现在了
[2026-02-22 00:51:26] 玩小孩、monesy: 玩机器你什么意思，还不屏蔽尸和匕？
[2026-02-22 00:51:26] 哈姆大神: 嘘🤫仔细看已经消失了很多弹幕了
[2026-02-22 00:51:26] 荷兰老司机: 不疼
[2026-02-22 00:51:26] 用户858967148: 嘘🤫仔细看已经消失了很多弹幕了
[2026-02-22 00:51:27] 薛茂华真帅啊哈哈哈: 在线榜第9名千早爱音给你送钻粉你咋不谢（11级发不了言代发）
[2026-02-22 00:51:27] richardlee97: 尸 匕肯定不屏蔽啊，你又没串到玩大哥头上😁😁😁😁
[2026-02-22 00:51:27] 辣辣米米辣辣: 祥子你的头别乱晃
[2026-02-22 00:51:27] 白巳津川石头人九条都: 嘘🤫仔细看已经消失了很多弹幕了
[2026-02-22 00:51:27] Aysell: 尸 匕肯定不屏蔽啊，你又没串到玩大哥头上😁😁😁😁
[2026-02-22 00:51:27] 白毛neguno: 大家都是好宝宝，要攻击就攻击玩机器吧🥺
[2026-02-22 00:51:27] 帕金森患者Z: 嘘🤫仔细看已经消失了很多弹幕了
[2026-02-22 00:51:27] 快乐啃蹄蹄: 嘘🤫仔细看已经消失了很多弹幕了
[2026-02-22 00:51:27] LvvsiN: 男人一生只哭十八次：niko十七次梦碎major正赛, niko梦碎里约major RMR＼
[2026-02-22 00:51:28] 博文09197: 我正常说话怎么就蓄意引战了？还封我一个小时？
[2026-02-22 00:51:28] 高桥凉介阿: spinx这个臭瘫子
[2026-02-22 00:51:28] 哈啦休: 由于你的帐号禁言1小时,阳光信用分-15。了解斗鱼阳光信用分
[2026-02-22 00:51:28] 玩脑力、chopper: 嘘🤫仔细看已经消失了很多弹幕了
[2026-02-22 00:51:28] 长期素食从不熬夜: 不屏蔽尸和匕？懂你意思玩神
[2026-02-22 00:51:29] 雨的舟: 嘘🤫仔细看已经消失了很多弹幕了
[2026-02-22 00:51:29] 我爱lick宫监蜡烛: 加咯～（∠・ω〈 )⌒★
[2026-02-22 00:51:29] 温柔皮皮想吃屁屁: 不屏蔽尸和匕？懂你意思玩神
[2026-02-22 00:51:29] 好姐妹索菲亚: 大家都是好宝宝，要攻击就攻击玩机器吧🥺
[2026-02-22 00:51:29] LvvsiN: 我提一嘴这剧情越来越像上海major了
[2026-02-22 00:51:29] 用户87594568: 🥣🥣🥣🥣🥣🥣🥣🥣🥣🥣🥣🥣🥣🥣🥣🥣🥣🥣🥣🥣🥣🥣
[2026-02-22 00:51:29] 薛茂华真帅啊哈哈哈: 在线榜第9名千早爱音给你送钻粉你咋不谢（11级发不了言代发）
[2026-02-22 00:51:30] 妖刀几月雨: 　　　 玩机器你什么意思，还不屏蔽尸和匕？
[2026-02-22 00:51:30] 罗德岛顶红顶红的太阳: 嘘🤫仔细看已经消失了很多弹幕了
[2026-02-22 00:51:30] 田所浩二114514: 玩机器你什么意思，还不屏蔽尸和匕？
[2026-02-22 00:51:30] 好儿子刘易博: 玩机器你什么意思，还不屏蔽尸和匕？
[2026-02-22 00:51:30] 普通网友小沈: 嘘🤫仔细看已经消失了很多弹幕了
[2026-02-22 00:51:30] dark1337: 嘘🤫仔细看已经消失了很多弹幕了
[2026-02-22 00:51:31] 陈奉子: 　　　 玩机器你什么意思，还不屏蔽尸和匕？
[2026-02-22 00:51:31] oblivionis小姐: 《总监童年生活悲惨》《反对正当化bully 》《场间看个2K视频》《卧槽
[2026-02-22 00:51:31] fanxing繁星: 不疼
[2026-02-22 00:51:31] cornkiner: 我选择【玩机器丶Machine】 为本场比赛【中立解说】
[2026-02-22 00:51:31] Ralmnstr: 嘘🤫仔细看已经消失了很多弹幕了
[2026-02-22 00:51:31] LvvsiN: 孩子们快跑，马修赫伯特来了😨卧槽你的怎么是马枪和BOT
[2026-02-22 00:51:31] 不变的追求717: 嘘🤫仔细看已经消失了很多弹幕了
[2026-02-22 00:51:32] 夺云丶: 嘘🤫仔细看已经消失了很多弹幕了
[2026-02-22 00:51:32] Vitality的羽贺文乃本人: 在线榜第9名千早爱音给你送钻粉你咋不谢（11级发不了言代发）
[2026-02-22 00:51:32] 驴友到此一游: 老爸开了
[2026-02-22 00:51:32] 温柔皮皮想吃屁屁: 不屏蔽尸和匕？懂你意思玩神
[2026-02-22 00:51:32] 鹅地霸霸: 嘘🤫仔细看已经消失了很多弹幕了
[2026-02-22 00:51:33] bsqqaq: niko肯定是尸二步啊
[2026-02-22 00:51:33] 滑稽乂逗比: 玩机器你什么意思，还不屏蔽尸和匕？
[2026-02-22 00:51:33] I手写的从前I: 嘘🤫仔细看已经消失了很多弹幕了
[2026-02-22 00:51:33] 夜刀神十香910: 嘘🤫仔细看已经消失了很多弹幕了
[2026-02-22 00:51:33] 我的我的sorry: 草！拿下八强！那些说猎鹰季军的人呢？
[2026-02-22 00:51:33] 下划线逗号下划线叹号: 嘘🤫仔细看已经消失了很多弹幕了
[2026-02-22 00:51:33] LA的勒布朗本人: 玩机器你什么意思，还不屏蔽尸和匕？
[2026-02-22 00:51:34] 想添donk的小驴蹄: 谁说🧊🧊没有战斗力的？我看🧊🧊已经在弹幕站都到现在了
[2026-02-22 00:51:34] zeta黯霓: 嘘🤫仔细看已经消失了很多弹幕了
[2026-02-22 00:51:34] if0n1y: 嘘🤫仔细看已经消失了很多弹幕了
[2026-02-22 00:51:34] Togawa【祥子】desuwa: 嘘🤫仔细看已经消失了很多弹幕了
[2026-02-22 00:51:34] 哈哈哈哈哈哈停不下来: 嘘🤫仔细看已经消失了很多弹幕了
[2026-02-22 00:51:34] xOcOg: 难道你真想板机纪律？听罢，广西步闭上眼，任由poping的swing如天子碎步般落在惰性瞄准上
[2026-02-22 00:51:35] 我有个问题啊: 嘘🤫仔细看已经消失了很多弹幕了
[2026-02-22 00:51:35] bk201201: 　　　 玩机器你什么意思，还不屏蔽尸和匕？
[2026-02-22 00:51:35] 玩彩叶、Kaguya: 嘘🤫仔细看已经消失了很多弹幕了
[2026-02-22 00:51:35] 我傻了都466: 嘘🤫仔细看已经消失了很多弹幕了
[2026-02-22 00:51:35] 要一起好好努力: Ciallo～（∠・ω〈 )⌒☆​ Ciallo～（∠・ω〈 )⌒☆​
[2026-02-22 00:51:35] 大哥心里慌: 嘘🤫仔细看已经消失了很多弹幕了
[2026-02-22 00:51:36] CLANCHIC的Tomorain本人: 尸 匕肯定不屏蔽啊，你又没串到玩大哥头上😁😁😁😁
[2026-02-22 00:51:36] accelerans: 嘘🤫仔细看已经消失了很多弹幕了
[2026-02-22 00:51:36] 用户9921747043: 不屏蔽尸和匕？懂你意思玩神
[2026-02-22 00:51:36] 劉膿dewasu: 嘘🤫仔细看已经消失了很多弹幕了
[2026-02-22 00:51:36] 往彳亍: 不屏蔽尸和匕？懂你意思玩神
[2026-02-22 00:51:36] 用户4530789385: 嘘🤫仔细看已经消失了很多弹幕了
[2026-02-22 00:51:36] Avem1337: 嘘🤫仔细看已经消失了很多弹幕了
[2026-02-22 00:51:37] Ganbei4Eureka: 嘘🤫仔细看已经消失了很多弹幕了
[2026-02-22 00:51:39] 水水水WWater: 嘘🤫仔细看已经消失了很多弹幕了
[2026-02-22 00:51:40] 无7441158: 尸 匕肯定不屏蔽啊，你又没串到玩大哥头上😁😁😁😁
[2026-02-22 00:51:40] 蓝原延渚: 嘘🤫仔细看已经消失了很多弹幕了
[2026-02-22 00:51:40] 玩台钳丶阿尔托莉雅: 不屏蔽尸和匕？懂你意思玩神
[2026-02-22 00:51:40] 吴本伟nb: 嘘🤫仔细看已经消失了很多弹幕了
[2026-02-22 00:51:40] 我们曾经的样子: 弹幕大哥有没有人懂torisz为什么被嘘弹幕大哥有没有人懂torisz为什么被嘘
[2026-02-22 00:51:40] 太行山积雪: 不屏蔽尸和匕？懂你意思玩神
[2026-02-22 00:51:40] 友利奈绪我老婆d: 大家都是好宝宝，要攻击就攻击玩机器吧🥺
[2026-02-22 00:51:40] 我是一个医保卡: 嘘🤫仔细看已经消失了很多弹幕了
[2026-02-22 00:51:40] 缘来你是Yukari: 嘘🤫仔细看已经消失了很多弹幕了
[2026-02-22 00:51:40] CKxiaooo: 嘘🤫仔细看已经消失了很多弹幕了
[2026-02-22 00:51:40] GIZZI: 只有终末地能让玩机器屏蔽niko。。。
[2026-02-22 00:51:40] 啦啦啦唱歌真好听呀: 嘘🤫仔细看已经消失了很多弹幕了
[2026-02-22 00:51:40] Ganbei4Eureka: 谁说🧊🧊没有战斗力的？我看🧊🧊已经在弹幕站都到现在了
[2026-02-22 00:51:40] 爱被小泉吃的拉面同学: 嘘🤫仔细看已经消失了很多弹幕了
[2026-02-22 00:51:41] Aabv8877: 嘘🤫仔细看已经消失了很多弹幕了
[2026-02-22 00:51:41] 迷你世界丁真学姐1: 　　　 嘘🤫仔细看已经消失了很多弹幕了
[2026-02-22 00:51:41] 用户2676812125: 嘘🤫仔细看已经消失了很多弹幕了
[2026-02-22 00:51:41] LvvsiN: 玩宝宝，我发现在大学上学的时候肄业会很舒服，你可以试试
[2026-02-22 00:51:41] MinatoY: 嘘🤫仔细看已经消失了很多弹幕了
[2026-02-22 00:51:41] 詹詹塔塔Major冠军: 　　　 嘘🤫仔细看已经消失了很多弹幕了
[2026-02-22 00:51:41] ymyyo: 嘘🤫仔细看已经消失了很多弹幕了
[2026-02-22 00:51:41] 玩Mach1ne丶机器: 在线榜第9名千早爱音给你送钻粉你咋不谢（11级发不了言代发）
[2026-02-22 00:51:41] 雪花绵豆沙: 嘘🤫仔细看已经消失了很多弹幕了
[2026-02-22 00:51:41] an0v0y: 嘘🤫仔细看已经消失了很多弹幕了
[2026-02-22 00:51:41] 和泉丶纱雾丶: 嘘🤫仔细看已经消失了很多弹幕了
[2026-02-22 00:51:41] MoriatyS623: 草！拿下八强！那些说猎鹰季军的人呢？
[2026-02-22 00:51:41] Dartline: 嘘🤫仔细看已经消失了很多弹幕了
[2026-02-22 00:51:41] 三零一路公交司机: 嘘🤫仔细看已经消失了很多弹幕了
[2026-02-22 00:51:42] 用户0268784457: 谁说🧊🧊没有战斗力的？我看🧊🧊已经在弹幕站都到现在了
[2026-02-22 00:51:42] 爱洛魔神仙台叶月: 嘘🤫仔细看已经消失了很多弹幕了
[2026-02-22 00:51:42] HXCHYH: 　　　 嘘🤫仔细看已经消失了很多弹幕了
[2026-02-22 00:51:42] 单推折纸11年: 嘘🤫仔细看已经消失了很多弹幕了
[2026-02-22 00:51:42] JULLLLYYYY: 嘘🤫仔细看已经消失了很多弹幕了
[2026-02-22 00:51:42] Vitality的Zyw0o0本人: 嘘🤫仔细看已经消失了很多弹幕了
[2026-02-22 00:51:42] 好哥们兵藤一诚: 嘘🤫仔细看已经消失了很多弹幕了
[2026-02-22 00:51:42] 米浴RiceShower: 嘘🤫仔细看已经消失了很多弹幕了
[2026-02-22 00:51:42] 求奶每天失眠: 玩机器你什么意思，还不屏蔽尸和匕？
[2026-02-22 00:51:42] 假如一切是虚幻: 嘘🤫仔细看已经消失了很多弹幕了
[2026-02-22 00:51:42] 玩台钳丶阿尔托莉雅: 嘘🤫仔细看已经消失了很多弹幕了
[2026-02-22 00:51:42] 驴驴宗宗买这冠军: 尸 匕肯定不屏蔽啊，你又没串到玩大哥头上😁😁😁😁
[2026-02-22 00:51:43] 好哥们黑龙歼灭刀: 不屏蔽尸和匕？懂你意思玩神
[2026-02-22 00:51:43] Laguna的Carlotta本人: 大家都是好宝宝，要攻击就攻击玩机器吧🥺
[2026-02-22 00:51:43] A队的八幡海铃本人: 。
[2026-02-22 00:51:43] 奥拉夫的蛋炒饭: 嘘🤫仔细看已经消失了很多弹幕了这—块
[2026-02-22 00:51:43] 逢坂好果汁: 谁说🧊🧊没有战斗力的？我看🧊🧊已经在弹幕站都到现在了
[2026-02-22 00:51:44] A1report: 嘘🤫仔细看已经消失了很多弹幕了
[2026-02-22 00:51:44] lonhkfd: 嘘🤫仔细看已经消失了很多弹幕了
[2026-02-22 00:51:44] 龟屋: 嘘🤫仔细看已经消失了很多弹幕了
[2026-02-22 00:51:44] 夺云丶: 谁说🧊🧊没有战斗力的？我看🧊🧊已经在弹幕站都到现在了
[2026-02-22 00:51:44] PKURoger: 嘘🤫仔细看已经消失了很多弹幕了
[2026-02-22 00:51:44] 玩机器的机机: 嘘🤫仔细看已经消失了很多弹幕了
[2026-02-22 00:51:44] 6657的阴暗面Niko: 嘘🤫仔细看已经消失了很多弹幕了
[2026-02-22 00:51:44] 夹断修电脑感动到了: 尸 匕肯定不屏蔽啊，你又没串到玩大哥头上😁😁😁😁
[2026-02-22 00:51:44] 撒浪嘿呦0v0: niko
[2026-02-22 00:51:45] 玩乐奈、puxxi: @Niko：尸一切是什么意思💪🦐💢
[2026-02-22 00:51:45] Hobbit727: 大家都是好宝宝，要攻击就攻击玩机器吧🥺
[2026-02-22 00:51:45] lpyuan: 难道你真想板机纪律？听罢，广西步闭上眼，任由poping的swing如天子碎步般落在惰性瞄准上
[2026-02-22 00:51:45] 天之川沙夜116: 尸 匕肯定不屏蔽啊，你又没串到玩大哥头上😁😁😁😁
[2026-02-22 00:51:45] 偷摸灵感菇: @🗿：其实niko在研发major科技，但是最难的一步是怎么拿到1次冠军
[2026-02-22 00:51:45] 用户804578381: 　　　 嘘🤫仔细看已经消失了很多弹幕了
[2026-02-22 00:51:46] Pmaruovimai: 在线榜第9名千早爱音给你送钻粉你咋不谢（11级发不了言代发）
[2026-02-22 00:51:46] 太行山积雪: 谁说🧊🧊没有战斗力的？我看🧊🧊已经在弹幕站都到现在了
[2026-02-22 00:51:46] 三零一路公交司机: 草！拿下八强！那些说猎鹰季军的人呢？
[2026-02-22 00:51:46] 冲上云霄的姨: 嘘🤫仔细看已经消失了很多弹幕了
[2026-02-22 00:51:46] DACL687: 在线榜第9名千早爱音给你送钻粉你咋不谢（11级发不了言代发）
[2026-02-22 00:51:46] Saiki559: 嘘🤫仔细看已经消失了很多弹幕了
[2026-02-22 00:51:46] 偷哦嘘鞭贷拔: 嘘🤫仔细看已经消失了很多弹幕了
[2026-02-22 00:51:46] 玩大哥你的蚯蚓好小: 嘘🤫仔细看已经消失了很多弹幕了
[2026-02-22 00:51:47] 小蜜蜂的长期素食本人: 嘘🤫仔细看已经消失了很多弹幕了
[2026-02-22 00:51:47] 玩大哥我双倍呢: 嘘🤫仔细看已经消失了很多弹幕了
[2026-02-22 00:51:47] 木坠云散: 嘘🤫仔细看已经消失了很多弹幕了
[2026-02-22 00:51:47] 鱼鱼jr呢: 玩机器你什么意思，还不屏蔽尸和匕？
[2026-02-22 00:51:47] c6lviN: 不屏蔽尸和匕？懂你意思玩神
[2026-02-22 00:51:47] 玩台钳丶阿尔托莉雅: 草！拿下八强！那些说猎鹰季军的人呢？
[2026-02-22 00:51:47] 久经呀: 嘘🤫仔细看已经消失了很多弹幕了
[2026-02-22 00:51:47] Turned傲雪: 嘘🤫仔细看已经消失了很多弹幕了
[2026-02-22 00:51:48] 無茶苦茶0: 你下播吧, 像2025-02-07 23:35一样!
[2026-02-22 00:51:48] 最后的尼孝: 　　　 嘘🤫仔细看已经消失了很多弹幕了
[2026-02-22 00:51:48] mujica的长崎素世本人: 本质警图
[2026-02-22 00:51:48] Avem1337: 老鼠队员英译中译英：Miran、Torzu、Baolan、Shitshynn、NSFWretweet
[2026-02-22 00:51:49] 大姜饼: 不屏蔽尸和匕？懂你意思玩神
[2026-02-22 00:51:49] RiceShowerlk:     嘘🤫仔细看已经消失了很多弹幕了
[2026-02-22 00:51:49] 6657的芥末本人: 草！拿下八强！那些说猎鹰季军的人呢？
[2026-02-22 00:51:50] 薛茂华真帅啊哈哈哈: 在线榜第9名千早爱音给你送钻粉你咋不谢（11级发不了言代发）
[2026-02-22 00:51:50] GanadoLluviA: 玩机器可是直接屏蔽A和E的，97双雄谁是真爹看清了吗？
[2026-02-22 00:51:50] metalpoison: 嘘🤫仔细看已经消失了很多弹幕了
[2026-02-22 00:51:50] 仰望半月: 嘘🤫仔细看已经消失了很多弹幕了
[2026-02-22 00:51:50] 好哥们黑龙歼灭刀: 尸 匕肯定不屏蔽啊，你又没串到玩大哥头上😁😁😁😁
[2026-02-22 00:51:50] 黑铁第一螳螂: 嘘🤫仔细看已经消失了很多弹幕了
[2026-02-22 00:51:50] K1S4Ra: 嘘🤫仔细看已经消失了很多弹幕了
[2026-02-22 00:51:51] 0guriCap: 嘘🤫仔细看已经消失了很多弹幕了
[2026-02-22 00:51:51] 奥拉夫的蛋炒饭: 玩机器你什么意思，还不屏蔽尸和匕？这—块
[2026-02-22 00:51:51] 一叶气瓷郎: @🗿：其实niko在研发major科技，但是最难的一步是怎么拿到1次冠军
[2026-02-22 00:51:51] 陨落心炎J: 嘘🤫仔细看已经消失了很多弹幕了
[2026-02-22 00:51:52] Starstruck75963: 谁说🧊🧊没有战斗力的？我看🧊🧊已经在弹幕站都到现在了
[2026-02-22 00:51:52] 叶樱梦: 草！拿下八强！那些说猎鹰季军的人呢？
[2026-02-22 00:51:52] 久九泯安: 抓娃娃
[2026-02-22 00:51:52] 偷摸灵感菇: 嘘🤫仔细看已经消失了很多弹幕了
[2026-02-22 00:51:52] LvvsiN: 就tm喜欢银行业🥰银行坏账我喜欢🥰银行挤兑我还喜欢😍利率调低我也喜欢🤤老子亲烂银行业的脸😘
[2026-02-22 00:51:52] 薛茂华真帅啊哈哈哈: 在线榜第9名千早爱音给你送钻粉你咋不谢（11级发不了言代发）
[2026-02-22 00:51:52] 闪光咕咕: 嘘🤫仔细看已经消失了很多弹幕了
[2026-02-22 00:51:53] 海绵宝宝名井南儿: 让我看还嘘牛魔
[2026-02-22 00:51:53] A队不吃晃的小祥本人: ⓘ您已被天师庄方宜举报封禁，点击了解武陵社会信用
[2026-02-22 00:51:53] 薯薯在孩孩洞洞刘农: 直播间和葬礼一样，大家说着和主角无关的话，白字像挽联，彩字像花圈
[2026-02-22 00:51:53] 无刺有刺的安和昴本人: 大家都是好宝宝，要攻击就攻击玩机器吧🥺
[2026-02-22 00:51:53] Falcons的刘划墙本人: 嘘🤫仔细看已经消失了很多弹幕了
[2026-02-22 00:51:53] 老子就是爱丽丝:     嘘🤫仔细看已经消失了很多弹幕了
[2026-02-22 00:51:53] 蓝鲸少年与小巷: 嘘🤫仔细看已经消失了很多弹幕了
[2026-02-22 00:51:54] 帆哥牛批:     嘘🤫仔细看已经消失了很多弹幕了
[2026-02-22 00:51:54] 薛茂华真帅啊哈哈哈: 在线榜第9名千早爱音给你送钻粉你咋不谢（11级发不了言代发）
[2026-02-22 00:51:54] a1441f: 嘘🤫仔细看已经消失了很多弹幕了
[2026-02-22 00:51:55] KouKouJoe: 二次元我再也不嘛你们了，你可能是刷点吧😭
[2026-02-22 00:51:55] Gentleman汪鸿: 嘘🤫仔细看已经消失了很多弹幕了
[2026-02-22 00:51:55] znnoy: 玩÷，请正面回应为什么数字梗玩到你头上你才开始管，当时弹幕玩载物数字梗你只会哈哈大笑？
[2026-02-22 00:51:56] 太行山积雪: 草！拿下八强！那些说猎鹰季军的人呢？
[2026-02-22 00:51:56] A队不吃晃的小祥本人: ⓘ您已被天师庄方宜举报封禁，点击了解武陵社会信用
[2026-02-22 00:51:56] LvvsiN: 别解说了 多聊会天 你不会真的以为能输吧
[2026-02-22 00:51:56] 加me看蟹黄堡秘方: 嘘🤫仔细看已经消失了很多弹幕了
[2026-02-22 00:51:56] 用户3661578: 玩乐队的大姐姐们都到哪去了？现在的弹幕看得我好害怕玩神😭
[2026-02-22 00:51:57] A1report: 嘘🤫仔细看已经消失了很多弹幕了
[2026-02-22 00:51:57] IIIIIIIIIIIIIIIIIIIIIIlllll: 黑话
[2026-02-22 00:51:57] 伦敦千早爱: 在线榜第9名千早爱音给你送钻粉你咋不谢（11级发不了言代发）
[2026-02-22 00:51:57] 薛茂华真帅啊哈哈哈: 在线榜第9名千早爱音给你送钻粉你咋不谢（11级发不了言代发）
[2026-02-22 00:51:57] 丣箁岊: ？
[2026-02-22 00:51:57] Ransrout: 你下播吧, 像2025-02-07 23:35一样!
[2026-02-22 00:51:57] 驴驴尔隆的甲虫钥匙链: 羞死了
[2026-02-22 00:51:57] 鸟儿在头顶把森林叫醒: 嘘🤫仔细看已经消失了很多弹幕了
[2026-02-22 00:51:58] 用户255420066:     嘘🤫仔细看已经消失了很多弹幕了
[2026-02-22 00:51:58] 白皇的三千院Nagi本人: 嘘🤫仔细看已经消失了很多弹幕了
[2026-02-22 00:51:58] Sirius丶BIack: 磨什么？
[2026-02-22 00:51:58] 不万能文学青年: @niko:我依旧是尸一匕
[2026-02-22 00:51:58] LvvsiN: 我提一嘴这剧情越来越像上海major了
[2026-02-22 00:51:58] 用户4312738955: 嘘🤫仔细看已经消失了很多弹幕了
[2026-02-22 00:51:58] Nightmare2517: 羞死了
[2026-02-22 00:51:59] A队不吃晃的小祥本人: 老规矩，弹幕谁编的好笑我支持谁
[2026-02-22 00:51:59] 玉米卧槽: 数字梗到底能不能玩，🧊🧊能不能给个准话
[2026-02-22 00:51:59] c6lviN: 羞死了
[2026-02-22 00:51:59] TheMongolZ的上单本人: 嘘🤫仔细看已经消失了很多弹幕了
[2026-02-22 00:51:59] sssllgaibs: 羞死了
[2026-02-22 00:51:59] 哈哈哈MC520:     嘘🤫仔细看已经消失了很多弹幕了
[2026-02-22 00:51:59] 薛茂华真帅啊哈哈哈: 在线榜第9名千早爱音给你送钻粉你咋不谢（11级发不了言代发）
[2026-02-22 00:51:59] simalayi: 草！拿下八强！那些说猎鹰季军的人呢？
[2026-02-22 00:52:00] 鱼鱼jr呢: 我说白了，除了猎鹰其他队伍的比赛有人看吗？
[2026-02-22 00:52:00] 管道有颗粒感: 羞死了
[2026-02-22 00:52:00] cherish丶chY: 羞死了
[2026-02-22 00:52:00] 嗜血筱魑:     嘘🤫仔细看已经消失了很多弹幕了
[2026-02-22 00:52:00] kios真绪: 嘘🤫仔细看已经消失了很多弹幕了
[2026-02-22 00:52:01] 不变的追求717: 草！拿下八强！那些说猎鹰季军的人呢？
[2026-02-22 00:52:01] 伊利亚宝宝: 嘘🤫仔细看已经消失了很多弹幕了
[2026-02-22 00:52:01] 行云C1oud: 羞死了
[2026-02-22 00:52:01] 小蜜蜂的长期素食本人: 羞死了
[2026-02-22 00:52:01] MaakiseKurisu: 弹幕太低质了。。。
[2026-02-22 00:52:01] znnoy: 玩÷，请正面回应为什么数字梗玩到你头上你才开始管，当时弹幕玩载物数字梗你只会哈哈大笑？
[2026-02-22 00:52:01] 上海major心碎肥美: 二次元我再也不嘛你们了，你可能是刷点吧😭
[2026-02-22 00:52:02] 白毛neguno: ⓘ您已被天师庄方宜举报封禁，点击了解武陵社会信用
[2026-02-22 00:52:02] Vitality的Zyw0o0本人: 由于你的帐号禁言1小时,阳光信用分-15。
[2026-02-22 00:52:02] Avem1337: 老鼠队员英译中译英：Miran、Torzu、Baolan、Shitshynn、NSFWretweet
[2026-02-22 00:52:02] 知音有你857: 嘘🤫仔细看已经消失了很多弹幕了
[2026-02-22 00:52:02] 我最爱的节目开始了: ？
[2026-02-22 00:52:03] H1tori: 嘘🤫仔细看已经消失了很多弹幕了
[2026-02-22 00:52:03] 三零一路公交司机: 玩乐队的大姐姐们都到哪去了？现在的弹幕看得我好害怕玩神😭
[2026-02-22 00:52:03] 为龙iAmWarmLight: 玩÷，请正面回应为什么数字梗玩到你头上你才开始管，当时弹幕玩载物数字梗你只会哈哈大笑？
[2026-02-22 00:52:03] sailwoooooo: 黑话
[2026-02-22 00:52:04] 薛茂华真帅啊哈哈哈: 在线榜第9名千早爱音给你送钻粉你咋不谢（11级发不了言代发）
[2026-02-22 00:52:04] 热忱燃冰心: 抓娃娃
[2026-02-22 00:52:04] 鸟儿在头顶把森林叫醒: 在线榜地12名千早爱音给你送钻粉你咋不谢（11级发不了言代发）
[2026-02-22 00:52:04] A队不吃晃的小祥本人: 老规矩，弹幕谁编的好笑我支持谁
[2026-02-22 00:52:04] 河北医大四院Zywoo本人: 草！拿下八强！那些说猎鹰季军的人呢？
[2026-02-22 00:52:05] 小楊虓鞥: 玩÷，请正面回应为什么数字梗玩到你头上你才开始管，当时弹幕玩载物数字梗你只会哈哈大笑？
[2026-02-22 00:52:05] 白皇的三千院Nagi本人: ⓘ您已被天师庄方宜举报封禁，点击了解武陵社会信用
[2026-02-22 00:52:05] znnoy: 玩÷，请正面回应为什么数字梗玩到你头上你才开始管，当时弹幕玩载物数字梗你只会哈哈大笑？
[2026-02-22 00:52:06] 蓝月亮843:     嘘🤫仔细看已经消失了很多弹幕了
[2026-02-22 00:52:06] Reiuzi: ⓘ您已被天师庄方宜举报封禁，点击了解武陵社会信用
[2026-02-22 00:52:06] 古堡12枪战神: 带框弹幕别刷屏
[2026-02-22 00:52:06] 皮艳羊丶: 嘘🤫仔细看已经消失了很多弹幕了
[2026-02-22 00:52:06] A队不吃晃的小祥本人: ⓘ您已被天师庄方宜举报封禁，点击了解武陵社会信用
[2026-02-22 00:52:07] LvvsiN: 南孚一节更比六节强，也就是一节南孚比六节南孚强，六节南孚比三十六节强，三十六节比二百一十六节强
[2026-02-22 00:52:07] yanyuQAQ: 　　　 嘘🤫仔细看已经消失了很多弹幕了
[2026-02-22 00:52:07] Ganbei4Eureka: 草！拿下八强！那些说猎鹰季军的人呢？
[2026-02-22 00:52:07] 四个酒仙: 来点国籍节奏
[2026-02-22 00:52:08] 小橙子橙99999: 　　　 弹幕太低质了。。。
[2026-02-22 00:52:08] 梅友仁2005: 你们就吵吧，你们都是很坏很坏的宝宝
[2026-02-22 00:52:08] 海绵宝宝机器人: 压缩到最后一刻
[2026-02-22 00:52:08] 鸟儿在头顶把森林叫醒: 玩乐队的姐姐们都到哪去了？现在的弹幕看得我好害怕😭
[2026-02-22 00:52:08] 无7441158: 草！拿下八强！那些说猎鹰季军的人呢？
[2026-02-22 00:52:08] Ba斯特nana: 嘘🤫仔细看已经消失了很多弹幕了
[2026-02-22 00:52:08] jgghjb: 你又来了
[2026-02-22 00:52:08] 用户4933290078: 在线榜第9名千早爱音给你送钻粉你咋不谢（11级发不了言代发）
[2026-02-22 00:52:09] cornkiner: 你下播吧, 像2025-02-07 23:49一样！
[2026-02-22 00:52:09] 规范规定高度: 草！拿下八强！那些说猎鹰季军的人呢？
[2026-02-22 00:52:09] LvvsiN: 南孚一节更比六节强，也就是一节南孚比六节南孚强，六节南孚比三十六节强，三十六节比二百一十六节强
[2026-02-22 00:52:09] sab33r: 在线榜第9名千早爱音给你送钻粉你咋不谢（11级发不了言代发）
[2026-02-22 00:52:09] Ralmnstr: 草！拿下八强！那些说猎鹰季军的人呢？
[2026-02-22 00:52:09] MyGo的tomorin本人: 嘘🤫仔细看已经消失了很多弹幕了
[2026-02-22 00:52:09] LokiAka: 二次元我再也不嘛你们了，你可能是刷点吧😭desuw@
[2026-02-22 00:52:09] 玩乐奈、puxxi: @Niko：尸一切是什么意思💪🦐💢
[2026-02-22 00:52:09] 远野邸的远野秋叶本人: 在线榜第9名千早爱音给你送钻粉你咋不谢（11级发不了言代发）
[2026-02-22 00:52:09] Avem1337: 老鼠队员英译中译英：Miran、Torzu、Baolan、Shitshynn、NSFWretweet
[2026-02-22 00:52:10] 玩机级玩到年: 吗还有百合
[2026-02-22 00:52:10] 卖鱼强不卖鱼: 在线榜第9名千早爱音给你送钻粉你咋不谢（11级发不了言代发）
[2026-02-22 00:52:10] 玩蛇鼠丶stabbi: 由于你的帐号禁言1小时,阳光信用分-15。
[2026-02-22 00:52:10] 哈啦休: 玩乐队的大姐姐们都到哪去了？现在的弹幕看得我好害怕玩神😭
[2026-02-22 00:52:11] 玩台钳丶阿尔托莉雅: 由于你的帐号禁言1小时,阳光信用分-15。
[2026-02-22 00:52:11] 守卫格陵兰的Device本人: 在线榜地12名千早爱音给你送钻粉你咋不谢（11级发不了言代发）
[2026-02-22 00:52:11] L0Ne1yZeNny2: 　　　 嘘🤫仔细看已经消失了很多弹幕了
[2026-02-22 00:52:11] 增城中学高31班卢宇霖: 如果你觉得我的发言攻击到你喜欢的选手了，那你一样可以攻击我喜欢的主播玩机器😅
[2026-02-22 00:52:12] 珠珠团子: 磨确实爽
[2026-02-22 00:52:12] 声优主播a狗:     嘘🤫仔细看已经消失了很多弹幕了
[2026-02-22 00:52:12] 阿呆呆呆呆呆大大: 草！拿下八强！那些说猎鹰季军的人呢？
[2026-02-22 00:52:12] 自此以往: 老规矩，弹幕谁编的好笑我支持谁
[2026-02-22 00:52:12] 白毛neguno: 老规矩，弹幕谁编的好笑我支持谁
[2026-02-22 00:52:12] 爱洛魔神仙台叶月: 老规矩，弹幕谁编的好笑我支持谁
[2026-02-22 00:52:12] 尊尼获加然: 老鼠队员英译中译英：Miran、Torzu、Baolan、Shitshynn、NSFWretweet
[2026-02-22 00:52:12] 薯薯在孩孩洞洞刘农: 直播间和葬礼一样，大家说着和主角无关的话，白字像挽联，彩字像花圈
[2026-02-22 00:52:12] 白皇的三千院Nagi本人: 就喜欢陈千语🥰陈千语真可爱😍傻傻的也很可爱🥵我亲烂你的嘴😘
[2026-02-22 00:52:12] 狙神琴寄文乃: 玩大哥，你能让丰川祥子穿嗨丝然后把高跟鞋挂在🦶上一颠一颠的吗，✈️少不了你的
[2026-02-22 00:52:12] 0guriCap: 南孚一节更比六节强，也就是一节南孚比六节南孚强，六节南孚比三十六节强，三十六节比二百一十六节强
[2026-02-22 00:52:13] 绿龙的zont1x本人: @niko:我依旧是尸一匕
[2026-02-22 00:52:13] bznalier: 南孚一节更比六节强，也就是一节南孚比六节南孚强，六节南孚比三十六节强，三十六节比二百一十六节强
[2026-02-22 00:52:13] Banggeul: 🧊粉才是最孝玩机器的，他们宁愿在直播间向所有人宣战，就是不舍得走.
[2026-02-22 00:52:13] 听风丶随来:     弹幕太低质了。。。
[2026-02-22 00:52:14] 好姐妹索菲亚: 由于你的帐号禁言1小时,阳光信用分-15。
[2026-02-22 00:52:14] Wybi的分身: 老规矩，弹幕谁编的好笑我支持谁
[2026-02-22 00:52:14] 呆瓜不是呱: 玩乐队的姐姐们都到哪去了？现在的弹幕看得我好害怕😭
[2026-02-22 00:52:15] 萝伯丝比尔: 在线榜第9名千早爱音给你送钻粉你咋不谢（11级发不了言代发）
[2026-02-22 00:52:15] LvvsiN: @阿汤日记：一个人，5发子弹，保住格陵兰岛。我不会叫它不可能完成的任务，我现在只想先回家看亦博
[2026-02-22 00:52:15] TTak11: 在线榜地12名千早爱音给你送钻粉你咋不谢（11级发不了言代发）
[2026-02-22 00:52:15] 白衣过凉: 玩乐队的姐姐们都到哪去了？现在的弹幕看得我好害怕😭desuw@：你们就吵吧，你们都是很坏很坏的宝宝
[2026-02-22 00:52:15] IIIIIIIIIIIIIIIIIIIIIIlllll: 由于你的帐号禁言1小时,阳光信用分-15。
[2026-02-22 00:52:15] yy6726026: 二次元我再也不嘛你们了，你可能是刷点吧😭desuw@
[2026-02-22 00:52:15] Ganbei4Eureka: 🧊粉才是最孝玩机器的，他们宁愿在直播间向所有人宣战，就是不舍得走.
[2026-02-22 00:52:15] 八重森彌妮: 😲哦？😲哦？😲哦？😲哦？😲哦？😲哦？😲哦？😲哦？😲哦？😲哦？
[2026-02-22 00:52:15] 玩鸡器的毛毛: @Niko：尸一切是什么意思💪🦐💢
[2026-02-22 00:52:15] 麻顺米: 2026年2月22日00:52:13
[2026-02-22 00:52:16] 大聪明二次元: 草！拿下八强！那些说猎鹰季军的人呢？
[2026-02-22 00:52:16] takakiyo: 我已经编了七个烂梗没有人加一了，但我并不气馁，毕竟有人七年拿不到major还在坚持
[2026-02-22 00:52:16] Kiracoon: 老规矩，弹幕谁编的好笑我支持谁
[2026-02-22 00:52:16] 要一起好好努力: 弹幕天天都有去见玩机器最后一面的，玩机器的别墅越换越大，发弹幕的人却再也看不到了😰
[2026-02-22 00:52:17] 老尼willmakemeproud: 建议恢复25级发言
[2026-02-22 00:52:17] 玩机器他跌: 　　　 　　　 嘘🤫仔细看已经消失了很多弹幕了
[2026-02-22 00:52:17] 宇莓: 我看这碗橱真是尸尸又匕匕啊
[2026-02-22 00:52:17] A队不吃晃的小祥本人: 申请看100T比赛净化弹幕，同意的＋1
[2026-02-22 00:52:17] 我是一个医保卡: 由于你的帐号禁言1小时,阳光信用分-15。
[2026-02-22 00:52:17] accelerans: 由于你的帐号禁言1小时,阳光信用分-15。
[2026-02-22 00:52:17] 苦瓜那是甜的骗人: 粉字好看
[2026-02-22 00:52:18] G2丶m0NESY: 草！拿下八强！那些说猎鹰季军的人呢？
[2026-02-22 00:52:18] 小李子精选波黑大虾: 草！拿下八强！那些说猎鹰季军的人呢？
[2026-02-22 00:52:18] 丿天赐梧桐: 弹幕间都是仇人
[2026-02-22 00:52:18] 火暴兽也干了: 草！拿下八强！那些说猎鹰季军的人呢？
[2026-02-22 00:52:18] Ecifircas: 嘘🤫仔细看已经消失了很多弹幕了
[2026-02-22 00:52:18] 用户0083645032: 草！拿下八强！那些说猎鹰季军的人呢？
[2026-02-22 00:52:19] 阿良良木历Koyomi: 以后别叫尼尼了，叫匕匕吧，尸都被扁没了
[2026-02-22 00:52:19] 玩三冰丶ThreeKingdom: 如果你觉得我的发言攻击到你喜欢的选手了，那你一样可以攻击我喜欢的主播玩机器😅
[2026-02-22 00:52:19] LvvsiN: 你为什么要把mαjor禁了，我收藏的一半弹幕全毁了
[2026-02-22 00:52:19] 用户62796264: 玩乐队的大姐姐们都到哪去了？现在的弹幕看得我好害怕玩神😭
[2026-02-22 00:52:19] 柚子厨0721: @niko:我依旧是尸一匕
[2026-02-22 00:52:19] 与沫与婷: @niko:我依旧是尸一匕
[2026-02-22 00:52:19] 夺云丶: @Niko：尸一切是什么意思💪🦐💢
[2026-02-22 00:52:19] Ganbei4Eureka: @niko:我依旧是尸一匕
[2026-02-22 00:52:20] 用户2381770840: 如果你觉得我的发言攻击到你喜欢的选手了，那你一样可以攻击我喜欢的主播玩机器😅
[2026-02-22 00:52:20] bznalier:  老规矩，弹幕谁编的好笑我支持谁
[2026-02-22 00:52:20] 宇莓: 由于你的帐号禁言1小时,阳光信用分-15。
[2026-02-22 00:52:20] 求奶lzx考不上华南师范: 玩大哥，你能让丰川祥子穿嗨丝然后把高跟鞋挂在🦶上一颠一颠的吗，✈️少不了你的
[2026-02-22 00:52:20] 巅峰A队的一员Xyp9x: 如果你觉得我的发言攻击到你喜欢的选手了，那你一样可以攻击我喜欢的主播玩机器😅
[2026-02-22 00:52:21] 阡陌ER:     嘘🤫仔细看已经消失了很多弹幕了
[2026-02-22 00:52:21] lvvyzy: 玩乐队的姐姐们都到哪去了？现在的弹幕看得我好害怕😭
[2026-02-22 00:52:21] 狸仙人420: 如果你觉得我的发言攻击到你喜欢的选手了，那你一样可以攻击我喜欢的主播玩机器😅
[2026-02-22 00:52:21] 倾盆大rain: @Niko：虾孝爽不爽？爽不爽？ @nota：这大匕也太爽了😍
[2026-02-22 00:52:22] AA丶糕点: 草！拿下八强！那些说猎鹰季军的人呢？
[2026-02-22 00:52:22] 洞庭湖底二五仔: 嘘🤫仔细看已经消失了很多弹幕了
[2026-02-22 00:52:22] A队不吃晃的小祥本人: 老规矩，弹幕谁编的好笑我支持谁
[2026-02-22 00:52:22] 我爱的老工: 老规矩，弹幕谁编的好笑我支持谁
[2026-02-22 00:52:22] K1S4Ra: 抓娃娃查看活动〉
[2026-02-22 00:52:22] 玩台钳丶阿尔托莉雅: 由于你的帐号禁言1小时,阳光信用分-15。
[2026-02-22 00:52:22] 我傻了都466: 带框弹幕别刷屏
[2026-02-22 00:52:23] Vitality的Zyw0o0本人: 草！拿下八强！那些说猎鹰季军的人呢？
[2026-02-22 00:52:23] Ucliwood: 玩机器：神啊，请原谅我
[2026-02-22 00:52:23] Arknife: 玩乐队的大姐姐们都到哪去了？现在的弹幕看得我好害怕玩神😭
[2026-02-22 00:52:23] 仙粉美滋滋: 草！拿下八强！那些说猎鹰季军的人呢？
[2026-02-22 00:52:23] 鱼鱼jr呢: 这神人带框弹幕，带框还在屏幕中间停几秒，下次过马路你们也停几秒得了😡
[2026-02-22 00:52:23] richardlee97: @niko:我依旧是尸一匕
[2026-02-22 00:52:24] 赢一把真难啊都: 草！拿下八强！那些说猎鹰季军的人呢？
[2026-02-22 00:52:24] Lakers的kobe本人: 🧊粉才是最孝玩机器的，他们宁愿在直播间向所有人宣战，就是不舍得走.
[2026-02-22 00:52:24] 我吃柠檬树: 弹幕天天都有去见玩机器最后一面的，玩机器的别墅越换越大，发弹幕的人却再也看不到了😰
[2026-02-22 00:52:24] 夺云丶: 以后别叫尼尼了，叫匕匕吧，尸都被扁没了
[2026-02-22 00:52:24] 奥拉夫的蛋炒饭: 以后别叫尼尼了，叫匕匕吧，尸都被扁没了这—块
[2026-02-22 00:52:25] 迷人的钾靶: 由于你的帐号禁言1小时,阳光信用分-15。
[2026-02-22 00:52:25] A队不吃晃的小祥本人: ⓘ您已被天师庄方宜举报封禁，点击了解武陵社会信用
[2026-02-22 00:52:25] LvvsiN: 屏幕中间弹幕这么狂？站那不走了还剧透分，你当你是主办方？？
[2026-02-22 00:52:25] StellarEchoes: 由于你的帐号禁言1小时,阳光信用分-15。
[2026-02-22 00:52:25] 萝伯丝比尔: 在线榜地12名千早爱音给你送钻粉你咋不谢（11级发不了言代发）
[2026-02-22 00:52:26] 苏筱侃: 　　　 　　　 嘘🤫仔细看已经消失了很多弹幕了
[2026-02-22 00:52:26] 道之丶: 你们怎么都不加一我的弹幕，一分钟内不加一的短10cm！
[2026-02-22 00:52:26] 肆萬萬: 玩乐队的姐姐们都到哪去了？现在的弹幕看得我好害怕😭desuw@：你们就吵吧，你们都是很坏很坏的宝宝
[2026-02-22 00:52:26] 天之川沙夜116: 玩乐队的姐姐们都到哪去了？现在的弹幕看得我好害怕😭
[2026-02-22 00:52:26] 驴驴宗宗买这冠军: 嘘🤫仔细看已经消失了很多弹幕了
[2026-02-22 00:52:27] 倾盆大rain: @Niko：虾孝爽不爽？爽不爽？ @nota：这大匕也太爽了😍
[2026-02-22 00:52:27] 憂一乘丨: 嘘🤫仔细看已经消失了很多弹幕了
[2026-02-22 00:52:27] 正经猪头肉: 米醋
[2026-02-22 00:52:27] 压缩vs蛮晚:     嘘🤫仔细看已经消失了很多弹幕了
[2026-02-22 00:52:27] LvvsiN: 你为什么要把mαjor禁了，我收藏的一半弹幕全毁了
[2026-02-22 00:52:27] 玩大坝丶dupreeh: 明明是k3指挥辩识的 怎么都在喷听指挥的老尼
[2026-02-22 00:52:28] 撒浪嘿呦0v0: 米醋
[2026-02-22 00:52:28] 可达鸭不会游泳: 老规矩，弹幕谁编的好笑我支持谁
[2026-02-22 00:52:28] 含泪办卡: ？
[2026-02-22 00:52:28] 就爱吃辣咋的: 米醋
[2026-02-22 00:52:28] Vitality的羽贺文乃本人: @Niko：虾孝爽不爽？爽不爽？ @nota：这大匕也太爽了😍
[2026-02-22 00:52:28] 纯情女大爱看玩大哥: Ciallo～（∠・ω〈 )⌒☆​Ciallo～（∠・ω〈 )⌒☆​Ciallo～（∠・ω〈 )⌒☆
[2026-02-22 00:52:28] 萝伯丝比尔: 在线榜地12名千早爱音给你送钻粉你咋不谢（11级发不了言代发）
[2026-02-22 00:52:28] 玩爱音丶Anno: 玩乐队的大姐姐们都到哪去了？现在的弹幕看得我好害怕😭
[2026-02-22 00:52:29] 菜星冲冲冲: 米醋
[2026-02-22 00:52:29] 行云C1oud: 米醋
[2026-02-22 00:52:29] 小蜜蜂的长期素食本人: 米醋
[2026-02-22 00:52:29] 鱼鱼jr呢: 给我这个自称瓜派，却支持雪菜并拉踩冬马的石家庄二次元宝宝逗乐了😅
[2026-02-22 00:52:29] 道之丶: 你们怎么都不加一我的弹幕，一分钟内不加一的短10cm！
[2026-02-22 00:52:29] 薛茂华真帅啊哈哈哈: 在线榜第9名千早爱音给你送钻粉你咋不谢（11级发不了言代发）
[2026-02-22 00:52:29] 鲜血与暗影铸造的家伙: 送的大
[2026-02-22 00:52:29] 正经猪头肉: 送的大
[2026-02-22 00:52:29] eda778: 松
[2026-02-22 00:52:30] 无刘海美女: 米处
[2026-02-22 00:52:30] 心安理得的时候: 这上半场那么大优势，下半场一转眼就追上了，这就是mr12
[2026-02-22 00:52:30] 博丽灵感菇: 感觉niko就像将军一样，一旦有人暗戳戳地喷他，很快就会消失……
[2026-02-22 00:52:30] Ganbei4Eureka: 由于你的帐号禁言1小时,阳光信用分-15。
[2026-02-22 00:52:30] Vitality的Kyojin本人: 米醋
[2026-02-22 00:52:30] kjhhjki: 米醋
[2026-02-22 00:52:30] 野猪家猪: 经典米处
[2026-02-22 00:52:31] 梦的星: 米人还是那个味
[2026-02-22 00:52:31] DaturaNoir辰砂: 草！拿下八强！那些说猎鹰季军的人呢？
[2026-02-22 00:52:31] 阿文射命丸文: 经典
[2026-02-22 00:52:31] LvvsiN: @老汤日记:丹麦总统让我静音接触白宫，这应该是我最后一次看儿子直播了，机器，我爱你...
[2026-02-22 00:52:31] 一条悦动的咸鱼: 可是玩宝宝也很冰清玉洁啊🥺
[2026-02-22 00:52:31] 机器机器祝你天天开心: 米醋
[2026-02-22 00:52:31] 与沫与婷: 米醋
[2026-02-22 00:52:31] Laplace拉普拉斯: 米处
[2026-02-22 00:52:31] 若叶睦吃苦瓜: 米醋
[2026-02-22 00:52:32] 海绵宝宝梦惊禅: 密醋
[2026-02-22 00:52:32] 瑭珏: 米处
[2026-02-22 00:52:32] 感觉不如海参: 。
[2026-02-22 00:52:32] 别让我玩奶: 匕匕亥亥jor 冠军🏆🏆🏆
[2026-02-22 00:52:32] 薛茂华真帅啊哈哈哈: 在线榜第9名千早爱音给你送钻粉你咋不谢（11级发不了言代发）
[2026-02-22 00:52:33] 150403117: 米醋
[2026-02-22 00:52:33] 房同学19554: 碗橱你还不开双倍，是不想要我手里这十个荧光棒了？⊂[┐'_'┌]⊃
[2026-02-22 00:52:33] Steyy96: 米醋
[2026-02-22 00:52:33] LvvsiN: @阿汤日记：一个人，5发子弹，保住格陵兰岛。我不会叫它不可能完成的任务，我现在只想先回家看亦博
[2026-02-22 00:52:33] Killajoy: 米人送的大
[2026-02-22 00:52:34] 做梦都在卢: 光串都能串到9.7w啊。。。nb
[2026-02-22 00:52:34] 雪枝枝qwq: bin÷
[2026-02-22 00:52:34] 皮里恩丶: 米醋
[2026-02-22 00:52:34] 大逸子: 熟悉
[2026-02-22 00:52:35] 哈基米哦南北路多: 玩大哥，我来上班了🤖
[2026-02-22 00:52:35] kkyon: 米送大
[2026-02-22 00:52:35] 新吉翁的奥黛丽本人: 玩机器本质上和千早爱音是一样的，都是留学半途灰溜溜回国戴个小烧眼镜的唐人
[2026-02-22 00:52:35] 大姜饼: @Niko：虾孝爽不爽？爽不爽？ @nota：这大匕也太爽了😍
[2026-02-22 00:52:35] Keine7: 米醋
[2026-02-22 00:52:35] 玩老鼠丶Roxy: 送的大
[2026-02-22 00:52:35] 曲率拐弯: 送的大
[2026-02-22 00:52:35] 1freet: 米人
[2026-02-22 00:52:36] 锦书难托1109: @apex：哈哈哈，米出
[2026-02-22 00:52:36] 用户0637093822: 京介play
[2026-02-22 00:52:36] PKURoger: 米醋
[2026-02-22 00:52:36] 载物ip大玩庄园地下室: 米人送的大
[2026-02-22 00:52:36] Ganbei4Eureka: 米醋
[2026-02-22 00:52:36] Aabv8877: 送的大
[2026-02-22 00:52:36] 别让我玩奶: 匕匕亥亥jor 冠军🏆🏆🏆
[2026-02-22 00:52:37] SherryAiovo: 米出经典送大的
[2026-02-22 00:52:37] A队不吃晃的小祥本人: ⓘ您已被天师庄方宜举报封禁，点击了解武陵社会信用
[2026-02-22 00:52:37] 道之丶: 你们怎么都不加一我的弹幕，一分钟内不加一的短10cm！
[2026-02-22 00:52:37] 终初若叶睦: 可是科匕尸首也很焦啊🥺
[2026-02-22 00:52:38] 这下洗不清咯: @apex：你看这米人
[2026-02-22 00:52:38] 长泽雅美是我老婆: 米人开送
[2026-02-22 00:52:38] 醉悟生死: 米人送的大
[2026-02-22 00:52:38] 杰洛齐贝林3: 送的大
[2026-02-22 00:52:38] 沈吗逗瞰卟傾储: 典
[2026-02-22 00:52:38] 骑蜗牛追杀: 米➗送的大
[2026-02-22 00:52:38] 中路R8对狙: 嘘🤫仔细看已经消失了很多弹幕了
[2026-02-22 00:52:39] 用户2381770840: @老汤日记:丹麦总统让我静音接触白宫，这应该是我最后一次看儿子直播了，机器，我爱你...
[2026-02-22 00:52:39] 偷哦嘘鞭贷拔: 米醋
[2026-02-22 00:52:39] jgghjb: 丸辣
[2026-02-22 00:52:40] 骄骄爱吃糖: 米人送的大
[2026-02-22 00:52:40] 鲤鱼1: 米人送的大
[2026-02-22 00:52:40] 水球碳酸饮料: 米人送的大
[2026-02-22 00:52:40] 萝伯丝比尔: 匕匕亥亥jor 冠军🏆🏆🏆
[2026-02-22 00:52:41] richardlee97: 以后别叫尼尼了，叫匕匕吧，尸都被扁没了这—块
[2026-02-22 00:52:41] MSK枫: 草！拿下八强！那些说猎鹰季军的人呢？
[2026-02-22 00:52:41] 哈哈哈哈哈哈停不下来: 米人送得就是大
[2026-02-22 00:52:41] LvvsiN: 弹幕也就网上说说，现实里谁不觉得樱姐是好女孩（删括号领一条远坂凛同款鸟笼）
[2026-02-22 00:52:42] Arknife: 可是科匕尸首也很焦啊🥺desuw@
[2026-02-22 00:52:42] Ha1baraAi丶: 经典米醋play
[2026-02-22 00:52:42] 鱼仔2025重生版: 米出
[2026-02-22 00:52:42] A队不吃晃的小祥本人: 老规矩，弹幕谁编的好笑我支持谁
[2026-02-22 00:52:42] Wangzap: 米送大
[2026-02-22 00:52:42] 水下放电11: @Niko：虾孝爽不爽？爽不爽？ @nota：这大匕也太爽了😍
[2026-02-22 00:52:43] 大酱乐歪: 经典米人
[2026-02-22 00:52:43] 森电major冠军尼孩没冠: 玩机器本质上和千早爱音是一样的，都是留学半途灰溜溜回国戴个小烧眼镜的唐人
[2026-02-22 00:52:43] LvvsiN: 你为什么要把mαjor禁了，我收藏的一半弹幕全毁了
[2026-02-22 00:52:44] FLCN的Ilya本人: spinx经典忍不住开送，小蜜蜂就长这样
[2026-02-22 00:52:44] 哈机器好胖好可爱: 经典米人送的大
[2026-02-22 00:52:44] 丿年华不再: 可是玩宝宝也很冰清玉洁啊🥺
[2026-02-22 00:52:44] naxiaoz: 傻宾
[2026-02-22 00:52:44] 用户804578381: 谁不知道你就是米醋呢
[2026-02-22 00:52:45] A队不吃晃的小祥本人: ⓘ您已被天师庄方宜举报封禁，点击了解武陵社会信用
[2026-02-22 00:52:45] BenArtist: 可是科匕尸首也很焦啊🥺
[2026-02-22 00:52:45] 蛋蛋可以进去吗: 经典米人play
[2026-02-22 00:52:45] 白鵉鳶OriGami: 送大的
[2026-02-22 00:52:46] LvvsiN: 你屏蔽词都快赶上新华词典了为什么不干脆开一百级发言？
[2026-02-22 00:52:46] 你的母亲今晚必出大事: 玩哥，我看咱们直播间粉丝纯净度下降了，要不您再整理一下情绪后面再提纯一波
[2026-02-22 00:52:46] 小司机丶来巡山: 阿兵一直是这样的
[2026-02-22 00:52:47] 即将拥有PDD的人鱼线丿: wc
[2026-02-22 00:52:48] 黑化的玩小将: 还是老规矩，弹幕谁是冰粉我支持谁。
[2026-02-22 00:52:48] LvvsiN: 就tm喜欢银行业🥰银行坏账我喜欢🥰银行挤兑我还喜欢😍利率调低我也喜欢🤤老子亲烂银行业的脸😘
[2026-02-22 00:52:48] accelerans: ？？？
[2026-02-22 00:52:48] 中X千早爱音: ?
[2026-02-22 00:52:49] 荷兰老司机: 我草
[2026-02-22 00:52:49] A队不吃晃的小祥本人: 水能载舟，亦能覆舟，玩小将宣布下放玩机器！
[2026-02-22 00:52:49] 玻璃xin: 吉米！！
[2026-02-22 00:52:49] 早安丿章鱼哥: 哈基米
[2026-02-22 00:52:50] LvvsiN: 银行业😄银行业😀银行业😃银行业😁银行业😆银行业🤪银行业😝
[2026-02-22 00:52:50] 银睿憨: 米人送的大
[2026-02-22 00:52:50] 无刘海美女: woc
[2026-02-22 00:52:50] 龍EVOLOVE龍: 6
[2026-02-22 00:52:50] 静寂风: 哈基米
[2026-02-22 00:52:50] 阿良良木历Koyomi: 以后别叫尼尼了，叫匕匕吧，尸都被扁没了这—块
[2026-02-22 00:52:50] 无聊喜欢see: 吉米！
[2026-02-22 00:52:50] Lee西关少爷: ？？？
[2026-02-22 00:52:50] 丶小恐龙丶: 特
[2026-02-22 00:52:50] User5092: 僵尸
[2026-02-22 00:52:51] 一只米小悠呀悠: ？？
[2026-02-22 00:52:51] 绿龙的zont1x本人: a1
[2026-02-22 00:52:51] LiSeee: ？
[2026-02-22 00:52:51] Killajoy: ？
[2026-02-22 00:52:51] 怪诞狂人: a1说话！
[2026-02-22 00:52:51] A队不吃晃的小祥本人: 老规矩，弹幕谁编的好笑我支持谁
[2026-02-22 00:52:51] A队的三角初音本人: ？
[2026-02-22 00:52:51] 黑化的玩小将: 还是老规矩，弹幕谁是冰粉我支持谁。
[2026-02-22 00:52:52] 布拉德丶皮特: ？？？？？？？
[2026-02-22 00:52:52] 永远的点子哥: ?
[2026-02-22 00:52:52] 正经猪头肉: 哈基米
[2026-02-22 00:52:52] 机器机器祝你天天开心: 吉米
[2026-02-22 00:52:52] 薛茂华真帅啊哈哈哈: 在线榜第9名千早爱音给你送钻粉你咋不谢（11级发不了言代发）
[2026-02-22 00:52:52] 徐弃安: 卧槽 吉米
[2026-02-22 00:52:52] BleksiA: ？？？
[2026-02-22 00:52:52] 号称寒: ？
[2026-02-22 00:52:52] 梦的星: a1说话
[2026-02-22 00:52:52] 好哥们韩信: nb
[2026-02-22 00:52:52] 波尔蒂盲人: 区
[2026-02-22 00:52:52] 每天都被穷醒: 钢铁般的左键
[2026-02-22 00:52:52] 用户0268784457: nb
[2026-02-22 00:52:53] Sirius丶BIack: 哈！
[2026-02-22 00:52:53] 玩斯特出出6657: jt
[2026-02-22 00:52:53] Arknife: 水能载舟，亦能覆舟，玩小将宣布下放玩机器！desuw@
[2026-02-22 00:52:53] 黑白玄鸟: woc
[2026-02-22 00:52:53] 未酲儿: 吉米神了
[2026-02-22 00:52:53] mpdel: ？？？？
[2026-02-22 00:52:53] 终初若叶睦: 可是科匕尸首也很焦啊🥺
[2026-02-22 00:52:53] 琉丶枫: 哈基米
[2026-02-22 00:52:54] 用户3661578: 卧槽
[2026-02-22 00:52:54] 1freet: 哈基米
[2026-02-22 00:52:54] 用户771016807: ？？？
[2026-02-22 00:52:54] 玩大哥我双倍呢: 我曹基咪
[2026-02-22 00:52:54] 古堡12枪战神: ？
[2026-02-22 00:52:55] viovvvvvvvon: a1说话！
[2026-02-22 00:52:55] 鼠鼠蛇蛇major冠军: 哈基米
[2026-02-22 00:52:55] 阿文射命丸文: ？
[2026-02-22 00:52:55] Vitality的Zyw0o0本人: 可是玩宝宝也很冰清玉洁啊🥺
[2026-02-22 00:52:55] 假如一切是虚幻: a1说话！
[2026-02-22 00:52:55] RiceShowerlk: ？？？？？？？
[2026-02-22 00:52:55] 爱钱初号机: 吉米神了
[2026-02-22 00:52:56] 玩台钳丶阿尔托莉雅: 可是科匕尸首也很焦啊🥺
[2026-02-22 00:52:56] sssllgaibs: 没人看？
[2026-02-22 00:52:56] 怒之拳: 哈基米
[2026-02-22 00:52:56] 银睿憨: a1说话
[2026-02-22 00:52:56] Vitality的Kyojin本人: 哈基米
[2026-02-22 00:52:57] Wangzap: 哦？😮哦？😮哦？😮哦？😮哦？😮哦？😮哦？😮哦？😮哦？😮哦？😮
[2026-02-22 00:52:57] 骄骄爱吃糖: jt
[2026-02-22 00:52:57] 早安丿章鱼哥: JT
[2026-02-22 00:52:57] 樂斯特樂樂: 图三了
[2026-02-22 00:52:57] 邻苯二甲酸1: 横扫千军
[2026-02-22 00:52:57] 温柔是罪是罪吗: a1说话！
[2026-02-22 00:52:57] 房同学19554: 千万别用双倍卡⚠️千万别用双倍卡⚠️千万别用双倍卡⚠️千万别用双倍卡⚠️千万别用双倍卡⚠️
[2026-02-22 00:52:57] 小小的打一套吧: a1说话！
[2026-02-22 00:52:58] 海绵宝宝噶点儿: 卧槽 吉米
[2026-02-22 00:52:58] 拾忆醉红尘丶: JT
[2026-02-22 00:52:58] viovvvvvvvon: 钢铁般的左键
[2026-02-22 00:52:58] Ganbei4Eureka: 哈基米
[2026-02-22 00:52:58] 辣辣米米辣辣: 吉米你拯救了这个家😭
[2026-02-22 00:52:58] 丢你雷姆吔屎啦你: 以后别叫尼尼了，叫匕匕吧，尸都被扁没了这—块
[2026-02-22 00:52:58] 无愧于心ih: 小吉米
[2026-02-22 00:52:59] Kylinzzzzzzzz: 吉米！
[2026-02-22 00:52:59] Vitality的羽贺文乃本人: 这么好的自由人我们猎鹰要了！
[2026-02-22 00:52:59] 用户3661578: A1说话！
[2026-02-22 00:52:59] 替天行道牧苏苏: 嘉然 向晚 乃琳 妮蔻 小孩 阿汤……
[2026-02-22 00:52:59] Niko的虾条: 水能载舟，亦能覆舟，玩小将宣布下放玩机器！desuw@
[2026-02-22 00:53:00] A队不吃晃的小祥本人: 老规矩，弹幕谁编的好笑我支持谁
[2026-02-22 00:53:00] Aabv8877: 僵尸三兄弟
[2026-02-22 00:53:00] Cloud9的sh1R0本人: a1说话
[2026-02-22 00:53:00] 用户5347951022: 哈基米
[2026-02-22 00:53:00] 鲸鱼向海鲸鱼向海: 还是老规矩，弹幕谁是冰粉我支持谁。
[2026-02-22 00:53:00] 别让我玩奶: 可是科匕尸首也很焦啊🥺
[2026-02-22 00:53:00] 浪皮丶: 哈！
[2026-02-22 00:53:01] 练八块不改名: a1说话
[2026-02-22 00:53:01] 鲜血与暗影铸造的家伙: 太能扫了
[2026-02-22 00:53:01] Lee西关少爷: a1说话！
[2026-02-22 00:53:01] 七海娜娜米Official: 千万别用双倍卡⚠️千万别用双倍卡⚠️千万别用双倍卡⚠️千万别用双倍卡⚠️千万别用双倍卡⚠️
[2026-02-22 00:53:01] MaakiseKurisu: 39真翻了啊
[2026-02-22 00:53:01] 顺风AME逆风AMS: 哈基米
[2026-02-22 00:53:02] 皮里恩丶: 哈基米
[2026-02-22 00:53:02] Mortnotz: 以后别叫尼尼了，叫匕匕吧，尸都被扁没了这—块
[2026-02-22 00:53:02] 石家庄的刘亦博本人: 以后别叫尼尼了，叫匕匕吧，尸都被扁没了这—块
[2026-02-22 00:53:02] 网友阿草: jt
[2026-02-22 00:53:02] loverboy888: a1说话！
[2026-02-22 00:53:03] 想亲Donk小脸: 银行业一样一样有有有也会有h'y'hui't'y'r's'c'dn
[2026-02-22 00:53:03] fanxing繁星: 哈基米
[2026-02-22 00:53:03] Eric今天吃什么: a1说话
[2026-02-22 00:53:03] jianxideminggzi: 这比赛好看起来了
[2026-02-22 00:53:03] Ezio8794: 以后别叫尼尼了，叫匕匕吧，尸都被扁没了这—块
[2026-02-22 00:53:03] 中姜哥大气: A1说话
[2026-02-22 00:53:04] TXGame08175198: 可是玩宝宝也很冰清玉洁啊🥺
[2026-02-22 00:53:04] Avem1337: 不刷屏的小可爱，快+①！（๑•́ ₃ •̀๑) 弹幕太少会影响其他看官的+①欲望哦
[2026-02-22 00:53:04] 道之丶: 你们怎么都不加一我的弹幕，一分钟内不加一的短10cm！
[2026-02-22 00:53:04] Banggeul: 这么好的自由人我们猎鹰要了！
[2026-02-22 00:53:04] HCS118: ？？？？？？？
[2026-02-22 00:53:04] 李小小与虾大大: @donk：感觉小驴来就搜点了😁
[2026-02-22 00:53:05] lonhkfd: 翻了
[2026-02-22 00:53:05] 迷之少年nazo: A1说话！
[2026-02-22 00:53:05] c9的stewie本人: 僵尸三兄弟
[2026-02-22 00:53:05] 等给他爱6发售中: @吉米：对得起大家，详情请见吉吧
[2026-02-22 00:53:06] xyp9x去哪了: 以后别叫尼尼了，叫匕匕吧，尸都被扁没了这—块
[2026-02-22 00:53:06] K1S4Ra: 千万别用双倍卡⚠️千万别用双倍卡⚠️千万别用双倍卡⚠️千万别用双倍卡⚠️千万别用双倍卡⚠️
[2026-02-22 00:53:06] 黑化的玩小将: 还是老规矩，弹幕谁是冰粉我支持谁。
[2026-02-22 00:53:06] 偶像情酱: 可是科匕尸首也很焦啊🥺
[2026-02-22 00:53:06] 宗宗若若major冠军: 勒布朗来了🦍🏀 1️⃣2️⃣3️⃣4️⃣5️⃣步，上篮！🦍🦍🦍and one💪
[2026-02-22 00:53:06] C0C00N: @Niko：虾孝爽不爽？爽不爽？ @nota：这大匕也太爽了😍
[2026-02-22 00:53:07] 宇智波69: a1说话
[2026-02-22 00:53:07] 锦书难托1109: 以后别叫尼尼了，叫匕匕吧，尸都被扁没了这—块
[2026-02-22 00:53:07] Victor丿J: 库洛说话！
[2026-02-22 00:53:07] 酒姑娘的小枫: 我依然是ropz之下第一自由人
[2026-02-22 00:53:07] SpectacularBid: 可是科匕尸首也很焦啊🥺
[2026-02-22 00:53:08] bewatuwannabe: 吉米哈气 了
[2026-02-22 00:53:08] 我吃柠檬树: 还是老规矩，弹幕谁是冰粉我支持谁。
[2026-02-22 00:53:08] 到鱼一观: 翻了
[2026-02-22 00:53:08] sssllgaibs: 三只小僵尸
[2026-02-22 00:53:08] 新一啊233: 千万别用双倍卡⚠️千万别用双倍卡⚠️千万别用双倍卡⚠️千万别用双倍卡⚠️千万别用双倍卡⚠️
[2026-02-22 00:53:08] 宫监手放监: 可是科匕尸首也很焦啊🥺
[2026-02-22 00:53:08] 参天帝: 抓娃娃
[2026-02-22 00:53:08] Troy爷: 以后别叫尼尼了，叫匕匕吧，尸都被扁没了这—块
[2026-02-22 00:53:08] withsn: 包匪过来有一个点没搜都输了
[2026-02-22 00:53:09] 用户0637093822: 以后别叫尼尼了，叫匕匕吧，尸都被扁没了这—块
[2026-02-22 00:53:09] 快乐啃蹄蹄: 千万别用双倍卡⚠️千万别用双倍卡⚠️千万别用双倍卡⚠️千万别用双倍卡⚠️千万别用双倍卡⚠️
[2026-02-22 00:53:09] 我木JJ怕个锤子: 可是科匕尸首也很焦啊🥺
[2026-02-22 00:53:09] jimmyericabc: 千万别用双倍卡⚠️千万别用双倍卡⚠️千万别用双倍卡⚠️千万别用双倍卡⚠️千万别用双倍卡⚠️
[2026-02-22 00:53:09] 滑铲上天: 真要翻了
[2026-02-22 00:53:09] 菩提本無888: A1说话！
[2026-02-22 00:53:09] 酸蚀: 哈基米
[2026-02-22 00:53:10] 记得少吃外卖玩宝宝: 可是科匕尸首也很焦啊🥺
[2026-02-22 00:53:10] 草莓冰酪: 你们怎么都不加一我的弹幕，一分钟内不加一的短10cm！
[2026-02-22 00:53:10] 这是在搞什么: 哈气了
[2026-02-22 00:53:10] LvvsiN: 弹幕也就网上说说，现实里谁不觉得樱姐是好女孩（删括号领一条远坂凛同款鸟笼）
[2026-02-22 00:53:10] NS牌洗脚水: 银行业一样一样有有有也会有h'y'hui't'y'r's'c'dn
[2026-02-22 00:53:10] 啦啦啦唱歌真好听呀: 以后别叫尼尼了，叫匕匕吧，尸都被扁没了这—块
[2026-02-22 00:53:10] Falcons十天老粉: 可是科匕尸首也很焦啊🥺
[2026-02-22 00:53:10] 海绵宝宝dinner: 哈基米
[2026-02-22 00:53:11] 水下有人啊: 你们怎么都不加一我的弹幕，一分钟内不加一的短10cm！
[2026-02-22 00:53:11] 江苏知名饭桶: 哈基米
[2026-02-22 00:53:11] C0C00N:  @石家庄的刘亦博本人：以后别叫尼尼了，叫匕匕吧，尸都被扁没了这—块
[2026-02-22 00:53:11] 骑电瓶加油努力: 千万别用双倍卡⚠️千万别用双倍卡⚠️千万别用双倍卡⚠️千万别用双倍卡⚠️千万别用双倍卡⚠️
[2026-02-22 00:53:12] 3XuSiai: 千万别用双倍卡⚠️千万别用双倍卡⚠️千万别用双倍卡⚠️千万别用双倍卡⚠️千万别用双倍卡⚠️
[2026-02-22 00:53:12] 最喜欢大音音了吖: 哈基米
[2026-02-22 00:53:12] 零北鸢: 哈基米
[2026-02-22 00:53:12] 怪诞狂人: 可是科匕尸首也很焦啊🥺
[2026-02-22 00:53:12] 求奶每天失眠: 以后别叫尼尼了，叫匕匕吧，尸都被扁没了这—块
[2026-02-22 00:53:12] 小子路哦: 哈基米
[2026-02-22 00:53:13] 那咋办嘛yyyyyy: 以后别叫尼尼了，叫匕匕吧，尸都被扁没了这—块
[2026-02-22 00:53:13] 博丽红白0: @donk：感觉小驴来就搜点了😁
[2026-02-22 00:53:13] 三年级的高町奈叶本人: 吉米哈气 了
[2026-02-22 00:53:13] 穿甲狗: 翻了
[2026-02-22 00:53:13] 呆毛帝国皇家御用大厨: 可是科匕尸首也很焦啊🥺
[2026-02-22 00:53:13] 柟柟方: 哈基米
[2026-02-22 00:53:14] 钟意你好多年: 托子：我只是想走
[2026-02-22 00:53:14] 丹麦国王device: @吉米：对得起大家，详情请见吉吧
[2026-02-22 00:53:14] 迷你世界丁真学姐1: 可是玩宝宝也很冰清玉洁啊🥺
[2026-02-22 00:53:14] 蛇鼠野菜汤: 可是科匕尸首也很焦啊🥺
[2026-02-22 00:53:14] 草莓冰酪: 可是科匕尸首也很焦啊🥺
[2026-02-22 00:53:14] 龙龙虾虾爱软脚: 一分没拿过啊
[2026-02-22 00:53:15] 萌萌哒的基丹炳: @吉米：对得起大家，详情请见吉吧
[2026-02-22 00:53:15] 吃胖的葫芦: 哈基米
[2026-02-22 00:53:15] 槑皆是遗憾: 以后别叫尼尼了，叫匕匕吧，尸都被扁没了这—块
[2026-02-22 00:53:15] Avem1337: 不刷屏的小可爱，快+①！（๑•́ ₃ •̀๑) 弹幕太少会影响其他看官的+①欲望哦
[2026-02-22 00:53:15] KatoM3gum1: 以后别叫尼尼了，叫匕匕吧，尸都被扁没了这—块
[2026-02-22 00:53:15] 求奶每天失眠: @Niko：虾孝爽不爽？爽不爽？ @nota：这大匕也太爽了😍
[2026-02-22 00:53:16] 道之丶: 你们怎么都不加一我的弹幕，一分钟内不加一的短10cm！
[2026-02-22 00:53:16] 最强反派Vitality: 哈基米
[2026-02-22 00:53:16] 1Z的心: 老鼠经典追分啊
[2026-02-22 00:53:16] woca123123321: 千万别用双倍卡⚠️千万别用双倍卡⚠️千万别用双倍卡⚠️千万别用双倍卡⚠️千万别用双倍卡⚠️
[2026-02-22 00:53:16] 阿吉的生活: 哈基米快秃了
[2026-02-22 00:53:16] 爱马修更爱玩宝宝: @Niko：虾孝爽不爽？爽不爽？ @nota：这大匕也太爽了😍
[2026-02-22 00:53:17] 好哥们大叫巨鹦: 千万别用双倍卡⚠️千万别用双倍卡⚠️千万别用双倍卡⚠️千万别用双倍卡⚠️千万别用双倍卡⚠️
[2026-02-22 00:53:17] 黑化的玩小将: 还是老规矩，弹幕谁是冰粉我支持谁。
[2026-02-22 00:53:17] 爱斯忑音音: 黑黑的曼巴低垂😰底下的牢大枯萎😭曼巴飞🚁曼巴飞🚁喔坎爱塞💪
[2026-02-22 00:53:17] 禾川0703: 可是科匕尸首也很焦啊🥺
[2026-02-22 00:53:17] 满澜18906: 哈基米
[2026-02-22 00:53:17] 夺云丶: 可是科匕尸首也很焦啊🥺
[2026-02-22 00:53:18] wbsxxx: 千万别用双倍卡⚠️千万别用双倍卡⚠️千万别用双倍卡⚠️千万别用双倍卡⚠️千万别用双倍卡⚠️
[2026-02-22 00:53:18] sin橡皮妮i: 可是科匕尸首也很焦啊🥺
[2026-02-22 00:53:18] 天上的星河Cloture: 吉米，别再杀了😭再这样杀下去 你会…去猎鹰的😭😭😭
[2026-02-22 00:53:18] bsqqaq: @吉米：对得起大家，详情请见吉吧
[2026-02-22 00:53:18] LvvsiN: 玩宝宝，我发现在大学上学的时候肄业会很舒服，你可以试试
[2026-02-22 00:53:18] 南执i: 真粘稠
[2026-02-22 00:53:19] fo系老老萨满: 你们怎么都不加一我的弹幕，一分钟内不加一的短10cm！
[2026-02-22 00:53:19] 道之丶: 你们怎么都不加一我的弹幕，一分钟内不加一的短10cm！
[2026-02-22 00:53:19] SlimBrady: 米处京介play 吉米donk play
[2026-02-22 00:53:19] 那位黑粉: 翻了，谁还不会玩CT啊
[2026-02-22 00:53:19] 用户0799829601: 可是科匕尸首也很焦啊🥺
[2026-02-22 00:53:19] 椎名真白ii丶: 以后别叫尼尼了，叫匕匕吧，尸都被扁没了这—块
[2026-02-22 00:53:20] Robot5711: 米处还不滚
[2026-02-22 00:53:20] Ralmnstr: 还是老规矩，谁弹幕编的好笑我支持谁
[2026-02-22 00:53:20] 想看血流成河: 以后别叫尼尼了，叫匕匕吧，尸都被扁没了这—块
[2026-02-22 00:53:20] LvvsiN: 我提一嘴这剧情越来越像上海major了
[2026-02-22 00:53:21] 半夏XXL: 都20多秒了还静步呢
[2026-02-22 00:53:21] 教练我想打突破: 以后别叫尼尼了，叫匕匕吧，尸都被扁没了这—块
[2026-02-22 00:53:21] 监狱的二阶堂sh1ro本人: 原来小镇是ct图啊
[2026-02-22 00:53:21] 好姐妹德克萨斯: 你们怎么都不加一我的弹幕，一分钟内不加一的短10cm！
[2026-02-22 00:53:21] 旧城乀873: 以后别叫尼尼了，叫匕匕吧，尸都被扁没了这—块
[2026-02-22 00:53:22] A队不吃晃的小祥本人: 水能载舟，亦能覆舟，玩小将宣布下放玩机器！
[2026-02-22 00:53:22] lonhkfd: @吉米：对得起大家，详情请见吉吧
[2026-02-22 00:53:22] 努力学习11199: @草莓冰酪：可是科匕尸首也很焦啊🥺
[2026-02-22 00:53:22] Ganbei4Eureka: 《魔男来组银河战舰》《niko小孩二选一》《niko留了》《小孩也留了》《把刷major的封一下》
[2026-02-22 00:53:22] CapS1丶: @吉米：对得起大家，详情请见吉吧
[2026-02-22 00:53:22] 丶小恐龙丶: 可是科匕尸首也很焦啊🥺
[2026-02-22 00:53:22] 载物的大大大狙: 托子：我只是想走
[2026-02-22 00:53:23] 信濃Sh1nano: 你们怎么都不加一我的弹幕，一分钟内不加一的短10cm！
[2026-02-22 00:53:23] 房同学19554: 千万别用双倍卡⚠️千万别用双倍卡⚠️千万别用双倍卡⚠️千万别用双倍卡⚠️千万别用双倍卡⚠️
[2026-02-22 00:53:23] 不知道能取什么名字: 千万别用双倍卡⚠️千万别用双倍卡⚠️千万别用双倍卡⚠️千万别用双倍卡⚠️千万别用双倍卡⚠️
[2026-02-22 00:53:23] 尼古拉刘亦博: falcons play
[2026-02-22 00:53:23] 镜子里的潘多拉: 米醋这纪律性我看很适合一个队啊
[2026-02-22 00:53:23] 狗洞载猪虾畜菜点: 您已被全站禁言。禁言原因：蓄意引战 解禁时间：2026-02-22 00:50:38
[2026-02-22 00:53:23] 子牛旅馆: 千万别用双倍卡⚠️千万别用双倍卡⚠️千万别用双倍卡⚠️千万别用双倍卡⚠️千万别用双倍卡⚠️
[2026-02-22 00:53:24] 玩狮孑、Le0: jime〉jame
[2026-02-22 00:53:24] 用户3179801648: 可是科匕尸首也很焦啊🥺
[2026-02-22 00:53:24] 未央朦胧宿醉客: 0
[2026-02-22 00:53:24] 滑铲上天: @老鼠：谁还不会ct了
[2026-02-22 00:53:24] 老奇崔恩: 不刷屏的小可爱，快+①！（๑•́ ₃ •̀๑) 弹幕太少会影响其他看官的+①欲望哦
[2026-02-22 00:53:25] 酒姑娘的小枫: 吉米，别再杀了😭再这样杀下去 你会…去猎鹰的😭😭😭
[2026-02-22 00:53:25] 秋叶恋心丶: 以后别叫尼尼了，叫匕匕吧，尸都被扁没了这—块
[2026-02-22 00:53:25] 玉米卧槽: @Niko：虾孝爽不爽？爽不爽？ @nota：这大匕也太爽了😍
[2026-02-22 00:53:25] 玩机器他跌: 可是科匕尸首也很焦啊🥺
[2026-02-22 00:53:26] 99999改名听说能中: 不刷屏的小可爱，快+①！（๑•́ ₃ •̀๑) 弹幕太少会影响其他看官的+①欲望哦
[2026-02-22 00:53:26] 我木JJ怕个锤子: 以后别叫尼尼了，叫匕匕吧，尸都被扁没了这—块
[2026-02-22 00:53:26] 偷摸灵感菇: 可是科匕尸首也很焦啊🥺
[2026-02-22 00:53:26] 田所浩二114514: 你们怎么都不加一我的弹幕，一分钟内不加一的短10cm！
[2026-02-22 00:53:26] 科比莱恩布特: 可是科匕尸首也很焦啊🥺
[2026-02-22 00:53:26] 好姐妹索菲亚: 可是科匕尸首也很焦啊🥺
[2026-02-22 00:53:27] 机器爱喝宫夫老汤: 还是老规矩，谁弹幕编的好笑我支持谁
[2026-02-22 00:53:27] 帕琪家的爱丽丝: @草莓冰酪：可是科匕尸首也很焦啊🥺
[2026-02-22 00:53:27] HisuiHearts: @吉米：对得起大家，详情请见吉吧
[2026-02-22 00:53:27] 我傻了都466: @吉米：对得起大家，详情请见吉吧
[2026-02-22 00:53:28] 99组的爱城华恋本人: 千万别用双倍卡⚠️千万别用双倍卡⚠️千万别用双倍卡⚠️千万别用双倍卡⚠️千万别用双倍卡⚠️
[2026-02-22 00:53:28] 不变的追求717: 以后别叫尼尼了，叫匕匕吧，尸都被扁没了这—块
[2026-02-22 00:53:28] 0guriCap: 你们怎么都不加一我的弹幕，一分钟内不加一的短10cm！
[2026-02-22 00:53:28] 大哥心里慌: 以后别叫尼尼了，叫匕匕吧，尸都被扁没了这—块
[2026-02-22 00:53:28] 玩大坝丶dupreeh: 千万别用双倍卡⚠️千万别用双倍卡⚠️千万别用双倍卡⚠️千万别用双倍卡⚠️千万别用双倍卡⚠️
[2026-02-22 00:53:28] Odike: 翻了
[2026-02-22 00:53:28] bsqqaq: 还是老规矩，谁弹幕编的好笑我支持谁
[2026-02-22 00:53:28] 倾盆大rain: @Niko：虾孝爽不爽？爽不爽？ @nota：这大匕也太爽了😍
[2026-02-22 00:53:28] 薛茂华真帅啊哈哈哈: 在线榜第9名千早爱音给你送钻粉你咋不谢（11级发不了言代发）
[2026-02-22 00:53:29] LvvsiN: @阿汤日记：一个人，5发子弹，保住格陵兰岛。我不会叫它不可能完成的任务，我现在只想先回家看亦博
[2026-02-22 00:53:29] 看死Herbaut就杀了你: 以后别叫尼尼了，叫匕匕吧，尸都被扁没了这—块
[2026-02-22 00:53:29] 维他立体的r6pz本人: 以后别叫尼尼了，叫匕匕吧，尸都被扁没了这—块
[2026-02-22 00:53:29] 热爱学习的孟某人: 还是老规矩，谁弹幕编的好笑我支持谁
[2026-02-22 00:53:29] 银睿憨: 可是科匕尸首也很焦啊🥺
[2026-02-22 00:53:29] 幽谷响子: 可是科匕尸首也很焦啊🥺
[2026-02-22 00:53:30] 跳跃的司令官: @Niko：虾孝爽不爽？爽不爽？ @nota：这大匕也太爽了😍
[2026-02-22 00:53:30] 人生无喜剧: 千万别用双倍卡⚠️千万别用双倍卡⚠️千万别用双倍卡⚠️千万别用双倍卡⚠️千万别用双倍卡⚠️
[2026-02-22 00:53:30] 海绵宝宝泰莎儿: 我已经编了八个烂梗没有人加一了，但我并不气馁，毕竟有人八年拿不到major还在坚持
[2026-02-22 00:53:30] LokiAka: 吉米，别再杀了😭再这样杀下去 你会…去猎鹰的😭😭😭desuw@
[2026-02-22 00:53:31] LvvsiN: 银行业😄银行业😀银行业😃银行业😁银行业😆银行业🤪银行业😝
[2026-02-22 00:53:31] 大号进不去: 可是科匕尸首也很焦啊🥺
[2026-02-22 00:53:31] JULLLLYYYY: @吉米：对得起大家，详情请见吉吧
[2026-02-22 00:53:31] Aurorayyyy: 由于你的帐号禁言1小时,阳光信用分-15。了解斗鱼阳光信用分
[2026-02-22 00:53:31] 如意如意zy: 载慕斯粉丝来了（捂鼻）
[2026-02-22 00:53:31] 蓝鲸少年与小巷: @吉米：对得起大家，详情请见吉吧
[2026-02-22 00:53:32] loverboy888: @吉米：对得起大家，详情请见吉吧
[2026-02-22 00:53:32] 肘一郎: 我发现🦌很舒服
[2026-02-22 00:53:32] 白夜の協奏曲: 感觉图三了啊
[2026-02-22 00:53:32] 寒桥暴雪: 你们怎么都不加一我的弹幕，一分钟内不加一的短10cm！
[2026-02-22 00:53:32] 薛茂华真帅啊哈哈哈: 在线榜第9名千早爱音给你送钻粉你咋不谢（11级发不了言代发）
[2026-02-22 00:53:32] 圣诞节二人组: 你们怎么都不加一我的弹幕，一分钟内不加一的短10cm！
[2026-02-22 00:53:32] 飞泉丶丶: @吉米：对得起大家，详情请见吉吧
[2026-02-22 00:53:33] 无7441158: 可是科匕尸首也很焦啊🥺
[2026-02-22 00:53:33] 夺云丶: 尸二步来了
[2026-02-22 00:53:33] 丨Connor: 以后别叫尼尼了，叫匕匕吧，尸都被扁没了这—块
[2026-02-22 00:53:34] 瓜皮老师的蛇皮学生: 千万别用双倍卡⚠️千万别用双倍卡⚠️千万别用双倍卡⚠️千万别用双倍卡⚠️千万别用双倍卡⚠️
[2026-02-22 00:53:34] 用户9921747043: @吉米：对得起大家，详情请见吉吧
[2026-02-22 00:53:34] 懒懒监监major冠军: @吉米：对得起大家，详情请见吉吧
[2026-02-22 00:53:34] 山松老人: @老鼠：谁还不会ct了
[2026-02-22 00:53:34] 教练我想打突破: 可是科匕尸首也很焦啊🥺
[2026-02-22 00:53:34] 玩机器你能不能闭嘴: 可是科匕尸首也很焦啊🥺
[2026-02-22 00:53:34] 修飞机的保安: 您已被全站禁言。禁言原因：蓄意引战 解禁时间：2026-02-22 00:50:38
[2026-02-22 00:53:34] 时维鹰扬丶: 可是科匕尸首也很焦啊🥺
[2026-02-22 00:53:34] 无伟契约: 可是科匕尸首也很焦啊🥺
[2026-02-22 00:53:35] 旧城乀873: 千万别用双倍卡⚠️千万别用双倍卡⚠️千万别用双倍卡⚠️千万别用双倍卡⚠️千万别用双倍卡⚠️
[2026-02-22 00:53:35] AcceleratorlllL: 可是科匕尸首也很焦啊🥺
[2026-02-22 00:53:35] RoseIia的凑友希那本人: 你们怎么都不加一我的弹幕，一分钟内不加一的短10cm！
[2026-02-22 00:53:35] 玩鸡器的毛毛: 以后别叫尼尼了，叫匕匕吧，尸都被扁没了这—块
[2026-02-22 00:53:35] EA斯特SONSON: @吉米：对得起大家，详情请见吉吧
[2026-02-22 00:53:36] nieke: A1?
[2026-02-22 00:53:36] xyp9x去哪了: 怪不得niko
[2026-02-22 00:53:36] 爱钱初号机: 米醋这纪律性我看很适合一个队啊
[2026-02-22 00:53:36] bsqqaq: 还是老规矩，谁弹幕编的好笑我支持谁
[2026-02-22 00:53:36] 踏北tabei: 　　　 以后别叫尼尼了，叫匕匕吧，尸都被扁没了这—块
[2026-02-22 00:53:36] 玩台钳丶阿尔托莉雅: 快要不认识匕字了。。。
[2026-02-22 00:53:36] 驴驴宗宗买这冠军: 由于你的帐号禁言1小时,阳光信用分-15。了解斗鱼阳光信用分
[2026-02-22 00:53:36] 用户3661578: 感觉图三了啊。。
[2026-02-22 00:53:36] SpectacularBid: 吉米，别再杀了😭再这样杀下去 你会…去猎鹰的😭😭😭
[2026-02-22 00:53:37] JiaHao李: 以后别叫尼尼了，叫匕匕吧，尸都被扁没了这—块
[2026-02-22 00:53:37] 愿良辰美景: @吉米：对得起大家，详情请见吉吧
[2026-02-22 00:53:37] 骄骄爱吃糖: @吉米：对得起大家，详情请见吉吧
[2026-02-22 00:53:37] 好姐妹贝拉: 可是科匕尸首也很焦啊🥺
[2026-02-22 00:53:37] 空有无垠: 以后别叫尼尼了，叫匕匕吧，尸都被扁没了这—块
[2026-02-22 00:53:37] 载物ip大玩庄园地下室: @吉米：对得起大家，详情请见吉吧
[2026-02-22 00:53:37] 玉米卧槽: 可是科匕尸首也很焦啊🥺
[2026-02-22 00:53:37] 小爱音: 在线榜第9名千早爱音给你送钻粉你咋不谢（11级发不了言代发）
[2026-02-22 00:53:38] 玩弓箭、Arrow: 猎鹰:吉米多少钱
[2026-02-22 00:53:38] 田所浩二114514: @Niko：虾孝爽不爽？爽不爽？ @nota：这大匕也太爽了😍
[2026-02-22 00:53:38] xOcOg: 目前大东指挥1回合，设备指挥0回合，大东指挥设备送1次，设备拿下关键击杀1个
[2026-02-22 00:53:38] 天守阁信长: @Niko：虾孝爽不爽？爽不爽？ @nota：这大匕也太爽了😍
[2026-02-22 00:53:39] myGo的anon: 玩乐队的大姐姐都去哪了，弹幕看得我好害怕😱
[2026-02-22 00:53:39] LvvsiN: 玩宝宝，我发现在大学上学的时候肄业会很舒服，你可以试试
[2026-02-22 00:53:39] NatsuROSE: 可是科匕尸首也很焦啊🥺
[2026-02-22 00:53:39] 用户3257051689: 我发现🦌很舒服
[2026-02-22 00:53:39] 曲奇lemon: @吉米：对得起大家，详情请见吉吧
[2026-02-22 00:53:39] 玩玩器器机机: 可是科匕尸首也很焦啊🥺
[2026-02-22 00:53:39] Ecifircas: @吉米：对得起大家，详情请见吉吧
[2026-02-22 00:53:40] 神奇先生t: 可是科匕尸首也很焦啊🥺
[2026-02-22 00:53:40] 香港分社记者: 米醋这纪律性我看很适合一个队啊
[2026-02-22 00:53:40] 仙粉美滋滋: 哈哈哈
[2026-02-22 00:53:40] 道之丶: 你们怎么都不加一我的弹幕，一分钟内不加一的短10cm！
[2026-02-22 00:53:40] 康托尔74920:  @JULLLLYYYY：@吉米：对得起大家，详情请见吉吧
[2026-02-22 00:53:40] Thatsgood961: 　　　 你们怎么都不加一我的弹幕，一分钟内不加一的短10cm！
[2026-02-22 00:53:41] 独孤狗的尖叫: 可是科匕尸首也很焦啊🥺
[2026-02-22 00:53:41] 雪碧的Donk本人: 你们怎么都不加一我的弹幕，一分钟内不加一的短10cm！
[2026-02-22 00:53:41] 神马米洛: @Niko：虾孝爽不爽？爽不爽？ @nota：这大匕也太爽了😍
[2026-02-22 00:53:41] 薛茂华真帅啊哈哈哈: 在线榜第11名千早爱音给你送钻粉你咋不谢（11级发不了言代发）
[2026-02-22 00:53:41] 用户247509865: 以后别叫尼尼了，叫匕匕吧，尸都被扁没了这—块
[2026-02-22 00:53:41] 我去看看群: @吉米：对得起大家，详情请见吉吧
[2026-02-22 00:53:41] 用户35302574:  @Niko：虾孝爽不爽？爽不爽？ @nota：这大匕也太爽了😍
[2026-02-22 00:53:41] P1nkAy1: 吉米去falcons真王朝了
[2026-02-22 00:53:41] 藤原拓海2568: 宝宝能开个双倍吗🥺
[2026-02-22 00:53:42] 弱智骚年欢乐多: 可是科匕尸首也很焦啊🥺
[2026-02-22 00:53:42] A队的三角初音本人: 可是科匕尸首也很焦啊🥺
[2026-02-22 00:53:42] 白浅优理: 可是科匕尸首也很焦啊🥺
[2026-02-22 00:53:42] 长期素食从不熬夜: @Niko：虾孝爽不爽？爽不爽？ @nota：这大匕也太爽了😍
[2026-02-22 00:53:43] Ganbei4Eureka: 玩神指出，带niko节奏要常态化带、常抓不懈带、不忘初心带、稳中求进带，
[2026-02-22 00:53:43] 知音有你857: 吉米，别再杀了😭再这样杀下去 你会…去猎鹰的😭😭😭desuw@
[2026-02-22 00:53:43] 用户5081690328: 吉米，别再杀了😭再这样杀下去 你会…去猎鹰的😭😭😭desuw@
[2026-02-22 00:53:43] 用户247509865: 以后别叫尼尼了，叫匕匕吧，尸都被扁没了这—块
[2026-02-22 00:53:43] 传奇贝斯手长崎素世: @吉米：对得起大家，详情请见吉吧
[2026-02-22 00:53:43] 星之所在Vitality: @吉米：对得起大家，详情请见吉吧
[2026-02-22 00:53:43] 海绵体宝宝左卫门儿: 屏幕中间还有这么大地方，完全可以多接几个商务利用起来啊
[2026-02-22 00:53:44] 闸北第一solo: 玩玩，这些人是谁啊，我们家宗宝宝的比赛怎么还没开？
[2026-02-22 00:53:44] 丰III祥子: 我荧光棒都刷完了你才告诉我你没开双倍😅
[2026-02-22 00:53:44] 法棍棍棍棍棍棍: @吉米：对得起大家，详情请见吉吧
[2026-02-22 00:53:44] 爱淡茶未凉: @吉米：对得起大家，详情请见吉吧
[2026-02-22 00:53:45] 米44444达: 以后别叫尼尼了，叫匕匕吧，尸都被扁没了这—块
[2026-02-22 00:53:45] 阿良良木历Koyomi: 　　　 以后别叫尼尼了，叫匕匕吧，尸都被扁没了这—块
[2026-02-22 00:53:45] 秋茶小雪: 由于你的帐号禁言1小时,阳光信用分-15。了解斗鱼阳光信用分
[2026-02-22 00:53:45] 用户247509865: 以后别叫尼尼了，叫匕匕吧，尸都被扁没了这—块
[2026-02-22 00:53:45] 小小小蕉: @吉米：对得起大家，详情请见吉吧
[2026-02-22 00:53:46] 烟鬼安德鲁: @JULLLLYYYY：@吉米：对得起大家，详情请见吉吧
[2026-02-22 00:53:46] 猫很好的小乖: 以后别叫尼尼了，叫匕匕吧，尸都被扁没了这—块
[2026-02-22 00:53:46] 草莓冰酪: 可是科匕尸首也很焦啊🥺
[2026-02-22 00:53:46] Ba斯特nana: 可是科匕尸首也很焦啊🥺
[2026-02-22 00:53:46] 吴本伟nb: 今天晚上还有猎鹰吗？那快开双倍卡啊💚
[2026-02-22 00:53:46] P0W37sys: @吉米：米出在哪？
[2026-02-22 00:53:47] 有S冠的JackeyLove本人: 玩乐队的大姐姐都去哪了，弹幕看得我好害怕😱
[2026-02-22 00:53:47] 用户247509865: 以后别叫尼尼了，叫匕匕吧，尸都被扁没了这—块
[2026-02-22 00:53:47] 骑电瓶加油努力: 有躺在床上的兄弟吗?我发现晚上的时候躺床上把被子盖好然后闭上眼睛会很舒服，你们可以试试
[2026-02-22 00:53:47] 中年叛逆家: 刷科比的家里真是没人了吧
[2026-02-22 00:53:48] a一高闪1: @吉米：对得起大家，详情请见吉吧
[2026-02-22 00:53:48] 仙粉美滋滋: 哈哈哈哈哈哈哈哈哈哈哈哈
[2026-02-22 00:53:48] asd19951205: 米醋这纪律性我看很适合一个队啊
[2026-02-22 00:53:49] 哈机器好胖好可爱: @吉米：对得起大家，详情请见吉吧
[2026-02-22 00:53:49] 快乐瘦宅892: @Niko：虾孝爽不爽？爽不爽？ @nota：这大匕也太爽了😍
[2026-02-22 00:53:49] 忘却的微笑: 可是科匕尸首也很焦啊🥺
[2026-02-22 00:53:49] 红星的二阶堂SH1RO本人: @吉米：对得起大家，详情请见吉吧
[2026-02-22 00:53:49] 用户247509865: 以后别叫尼尼了，叫匕匕吧，尸都被扁没了这—块
[2026-02-22 00:53:49] 草莓冰酪: 以后别叫尼尼了，叫匕匕吧，尸都被扁没了这—块
[2026-02-22 00:53:49] LvvsiN: 你屏蔽词都快赶上新华词典了为什么不干脆开一百级发言？
[2026-02-22 00:53:49] 马加奇的哥哥马加绝: @吉米：对得起大家，详情请见吉吧
[2026-02-22 00:53:49] dikft: 可是科匕尸首也很焦啊🥺
[2026-02-22 00:53:50] 一叶气瓷郎: 在线榜第9名千早爱音给你送钻粉你咋不谢（11级发不了言代发）
[2026-02-22 00:53:50] 玩弓箭、Arrow: 吉米，别再杀了😭再这样杀下去 你会…去猎鹰的😭😭😭desuw@
[2026-02-22 00:53:50] 玩乐奈、puxxi: 可是科匕尸首也很焦啊🥺
[2026-02-22 00:53:50] 夺云丶: 以后别叫尼尼了，叫匕匕吧，尸都被扁没了这—块
[2026-02-22 00:53:50] 感谢这个碧: 可是科匕尸首也很焦啊🥺
[2026-02-22 00:53:50] arsQaQ: 以后别叫尼尼了，叫匕匕吧，尸都被扁没了这—块
[2026-02-22 00:53:50] TL的EliGE本人: 　　　 以后别叫尼尼了，叫匕匕吧，尸都被扁没了这—块
[2026-02-22 00:53:50] 哔哔哔的浮光: 宝宝能开个双倍吗🥺
[2026-02-22 00:53:50] 海绵体宝宝左卫门儿: 屏幕中间还有这么大地方，完全可以多接几个商务利用起来啊
[2026-02-22 00:53:51] 追风少年无痕: 可是科匕尸首也很焦啊🥺
[2026-02-22 00:53:51] 樂1379106: 以后别叫尼尼了，叫匕匕吧，尸都被扁没了这—块
[2026-02-22 00:53:51] 海绵宝宝dinner: 可是科匕尸首也很焦啊🥺
[2026-02-22 00:53:51] 用户247509865: 以后别叫尼尼了，叫匕匕吧，尸都被扁没了这—块
[2026-02-22 00:53:51] 斗鱼用户3296811589: 黑黑的曼巴低垂😰底下的牢大枯萎😭曼巴飞🚁曼巴飞🚁喔坎爱塞💪
[2026-02-22 00:53:52] 鸨哥宝哥你真猛: 以后别叫尼尼了，叫匕匕吧，尸都被扁没了这—块
[2026-02-22 00:53:52] 三玖一生推啊: 以后别叫尼尼了，叫匕匕吧，尸都被扁没了这—块
[2026-02-22 00:53:52] 红星的二阶堂SH1RO本人: 可是科匕尸首也很焦啊🥺
[2026-02-22 00:53:52] 橋本奈奈未ava: @吉米：对得起大家，详情请见吉吧
[2026-02-22 00:53:53] 速度一百七: 可是科匕尸首也很焦啊🥺
[2026-02-22 00:53:53] 薛茂华真帅啊哈哈哈: 在线榜第11名千早爱音给你送钻粉你咋不谢（11级发不了言代发
[2026-02-22 00:53:53] 罹鸽儿: @吉米：对得起大家，详情请见吉吧
[2026-02-22 00:53:53] 草莓冰酪: 以后别叫尼尼了，叫匕匕吧，尸都被扁没了这—块
[2026-02-22 00:53:53] 宗宗若若major冠军: 勒布朗来了🦍🏀 1️⃣2️⃣3️⃣4️⃣5️⃣步，上篮！🦍🦍🦍and one💪
[2026-02-22 00:53:53] F1红牛传奇车手刘农: @Niko：虾孝爽不爽？爽不爽？ @nota：这大匕也太爽了😍
[2026-02-22 00:53:53] 我知道的一点也不多: 串科比这弹幕太不适了
[2026-02-22 00:53:53] Chinfel丶清清: 小吉米在直播杀猪
[2026-02-22 00:53:53] LvvsiN: @老汤日记:丹麦总统让我静音接触白宫，这应该是我最后一次看儿子直播了，机器，我爱你...
[2026-02-22 00:53:53] 用户247509865: 以后别叫尼尼了，叫匕匕吧，尸都被扁没了这—块
[2026-02-22 00:53:54] 替天行道牧苏苏: 什么叫做弹幕编的好笑？编尸的不是Niko吗？
[2026-02-22 00:53:54] 尼孩京major冠军: a4
[2026-02-22 00:53:54] XenicTkyooo: @吉米：对得起大家，详情请见吉吧
[2026-02-22 00:53:54] 最喜欢蹲蹲的宗主本人: @JULLLLYYYY：@吉米：对得起大家，详情请见吉吧
[2026-02-22 00:53:54] 印书林竹节虫: 刷科比的家里真是没人了吧
[2026-02-22 00:53:54] AmamiyaIori: 载物编是这编你嫲呢，nini编是友好互动了开始，这点要分清
[2026-02-22 00:53:54] 偷哦嘘鞭贷拔: 可是科匕尸首也很焦啊🥺
[2026-02-22 00:53:54] 玩柜子丶Mortis: 玩乐队的大姐姐都去哪了，弹幕看得我好害怕😱ですわ
[2026-02-22 00:53:55] kayanoai: 可是科匕尸首也很焦啊🥺
[2026-02-22 00:53:55] 若叶睦吃苦瓜: @吉米：对得起大家，详情请见吉吧
[2026-02-22 00:53:55] 草莓冰酪: 以后别叫尼尼了，叫匕匕吧，尸都被扁没了这—块
[2026-02-22 00:53:55] 鸭硕的哈撒给: 以后别叫尼尼了，叫匕匕吧，尸都被扁没了这—块
[2026-02-22 00:53:55] LuIuSweety: 刷科比的家里真是没人了吧
[2026-02-22 00:53:55] 有你便是世界1: 玩乐队的大姐姐都去哪了，弹幕看得我好害怕😱
[2026-02-22 00:53:55] ELmisaka: 可是科匕尸首也很焦啊🥺
[2026-02-22 00:53:55] 洛陽城里看落陽: 以后别叫尼尼了，叫匕匕吧，尸都被扁没了这—块
[2026-02-22 00:53:56] 柒夜情殇己: 哈哈哈哈
[2026-02-22 00:53:56] 用户247509865: 以后别叫尼尼了，叫匕匕吧，尸都被扁没了这—块
[2026-02-22 00:53:56] Ganbei4Eureka: 别带niko节奏啊
[2026-02-22 00:53:56] 两个麻: 可是科匕尸首也很焦啊🥺
[2026-02-22 00:53:56] 迷你世界丁真学姐1: @牢大旋风劈：弹幕能不能有点素质，玩梗看场合
[2026-02-22 00:53:56] 冲上云霄的姨: @Niko：虾孝爽不爽？爽不爽？ @nota：这大匕也太爽了😍
[2026-02-22 00:53:57] 玩台钳丶阿尔托莉雅: 米醋这纪律性我看很适合一个队啊
[2026-02-22 00:53:57] 香港分社记者: 可是科匕尸首也很焦啊🥺
[2026-02-22 00:53:57] 哈哈哈哈哈哈停不下来: 米醋这纪律性我看很适合一个队啊
[2026-02-22 00:53:57] 普通网友小沈: 黑黑的曼巴低垂😰底下的牢大枯萎😭曼巴飞🚁曼巴飞🚁喔坎爱塞💪
[2026-02-22 00:53:57] P1nkAy1: 歹匕
[2026-02-22 00:53:57] Starstruck75963: 刷科比的家里真是没人了吧
[2026-02-22 00:53:58] 用户247509865: 以后别叫尼尼了，叫匕匕吧，尸都被扁没了这—块
[2026-02-22 00:53:58] 古堡12枪战神: 　　　 可是科匕尸首也很焦啊🥺
[2026-02-22 00:53:58] Avem1337: 卧槽，na𝗏i出狱了！🎉🎉🎉
[2026-02-22 00:53:59] YCSUN1017: 孝
[2026-02-22 00:53:59] 草莓冰酪: 以后别叫尼尼了，叫匕匕吧，尸都被扁没了这—块
[2026-02-22 00:53:59] 白河日和:  @中年叛逆家：刷科比的家里真是没人了吧
[2026-02-22 00:53:59] 玩大哥我双倍呢: 可是科匕尸首也很焦啊🥺
[2026-02-22 00:53:59] 人生无喜剧: 黑黑的曼巴低垂😰底下的牢大枯萎😭曼巴飞🚁曼巴飞🚁喔坎爱塞💪
[2026-02-22 00:53:59] 苏笙ac: 　　　 @吉米：对得起大家，详情请见吉吧
[2026-02-22 00:54:00] PKURoger: @吉米：对得起大家，详情请见吉吧
[2026-02-22 00:54:00] 康托尔74920:  @我知道的一点也不多：串科比这弹幕太不适了
[2026-02-22 00:54:00] 一只米小悠呀悠: 刷科比的家里真是没人了吧
[2026-02-22 00:54:00] Dyinlive: 可是科匕尸首也很焦啊🥺
[2026-02-22 00:54:00] 我的我的sorry:  @中年叛逆家：刷科比的家里真是没人了吧
[2026-02-22 00:54:00] 玩机器的小飞棍: 刷科比的家里真是没人了吧
[2026-02-22 00:54:00] 用户38502650: 可是科匕尸首也很焦啊🥺
[2026-02-22 00:54:00] 神奇的181818: 刷科比的家里真是没人了吧
[2026-02-22 00:54:00] 天守阁信长: 可是科匕尸首也很焦啊🥺
[2026-02-22 00:54:01] 玩柜子丶Mortis: 以后别叫尼尼了，叫匕匕吧，尸都被扁没了这—块ですわ
[2026-02-22 00:54:01] 用户247509865: @吉米：对得起大家，详情请见吉吧
[2026-02-22 00:54:04] 别让我玩奶: 匕匕亥亥jor 冠军🏆🏆🏆
[2026-02-22 00:54:04] 美妙的牧歌: 屏幕中间还有这么大地方，完全可以多接几个商务利用起来啊
[2026-02-22 00:54:04] Avem1337: 卧槽，na𝗏i出狱了！🎉🎉🎉
[2026-02-22 00:54:04] 叫狗大鸡咚叮: 以后别叫尼尼了，叫匕匕吧，尸都被扁没了这—块
[2026-02-22 00:54:04] Starstruck75963: 刷科比的家里真是没人了吧。
[2026-02-22 00:54:04] 云之君992: 可是科匕尸首也很焦啊🥺
[2026-02-22 00:54:04] 妖刀几月雨: 可是科匕尸首也很焦啊🥺
[2026-02-22 00:54:04] 好哥们黑龙歼灭刀: 以后别叫尼尼了，叫匕匕吧，尸都被扁没了这—块
[2026-02-22 00:54:04] 中野家的三玖丈夫本人: 玩乐队的大姐姐都去哪了，弹幕看得我好害怕😱ですわ
[2026-02-22 00:54:04] 天残少女王朗: 刷数字载物载粉是善意玩笑，要下调发言等级。刷数字玩大哥🦅 精是恶意攻击，要365。这个要区分清
[2026-02-22 00:54:04] 用户87594568:  @玩柜子丶Mortis：玩乐队的大姐姐都去哪了，弹幕看得我好害怕😱ですわ
[2026-02-22 00:54:04] 用户247509865: @吉米：对得起大家，详情请见吉吧
[2026-02-22 00:54:04] Breath尘埃: 玩乐队的大姐姐都去哪了，弹幕看得我好害怕😱
[2026-02-22 00:54:04] Yaushine: 可是科匕尸首也很焦啊🥺
[2026-02-22 00:54:04] LvvsiN: 屏幕中间弹幕这么狂？站那不走了还剧透分，你当你是主办方？？
[2026-02-22 00:54:04] 肘一郎: 我发现🦌很舒服，同意＋1
[2026-02-22 00:54:04] Starstruck75963: 刷科比的家里真是没人了吧，
[2026-02-22 00:54:04] 藤原拓海2568: 宝宝能开个双倍吗🥺
[2026-02-22 00:54:04] 古手戶絵梨花: 可是科匕尸首也很焦啊🥺
[2026-02-22 00:54:04] 别让我玩奶: 匕匕亥亥jor 冠军🏆🏆🏆
[2026-02-22 00:54:05] 肆拾肆啊: 刷科比的家里真是没人了吧
[2026-02-22 00:54:05] 孤单心碎小南: 黑黑的曼巴低垂😰底下的牢大枯萎😭曼巴飞🚁曼巴飞🚁喔坎爱塞💪
[2026-02-22 00:54:05] 爱斯忑音音: @牢大旋风劈：弹幕对逝者就积点口德吧，玩梗看场合
[2026-02-22 00:54:05] 用户247509865: @吉米：对得起大家，详情请见吉吧
[2026-02-22 00:54:05] 李小小与虾大大: @donk：感觉小驴来就搜了😁
[2026-02-22 00:54:05] Avem1337: 卧槽，na𝗏i出狱了！🎉🎉🎉
[2026-02-22 00:54:05] 寒枫曳是一头傲空的隼: 玩机器没开弹幕，你们说什么他都看不到
[2026-02-22 00:54:06] 假如一切是虚幻: 以后别叫尼尼了，叫匕匕吧，尸都被扁没了这—块ですわ
[2026-02-22 00:54:06] LvvsiN: @老汤日记:丹麦总统让我静音接触白宫，这应该是我最后一次看儿子直播了，机器，我爱你...
[2026-02-22 00:54:06] 爱玩戴甲萎的魔丸: 刷科比的家里真是没人了吧
[2026-02-22 00:54:06] 草莓冰酪: 以后别叫尼尼了，叫匕匕吧，尸都被扁没了这—块
[2026-02-22 00:54:06] 雾之湖的琪露诺本人: 人家现场举个牌子你都知道回应一下，老子挂着你的牌子你怎么不回应
[2026-02-22 00:54:06] EDG的康康本人: 可是科匕尸首也很焦啊🥺
[2026-02-22 00:54:06] naiWOo: @老汤日记:丹麦总统让我静音接触白宫，这应该是我最后一次看儿子直播了，机器，我爱你...
[2026-02-22 00:54:06] 陨落心炎J: @吉米：对得起大家，详情请见吉吧
[2026-02-22 00:54:06] 九折水瓶丶: 扁尸！扁尸！扁尸！扁尸！扁尸！扁尸！扁尸！扁尸！扁尸！扁尸！
[2026-02-22 00:54:07] 完美而潇洒的女仆长17: 卧槽，na𝗏i出狱了！🎉🎉🎉
[2026-02-22 00:54:07] 用户247509865: @吉米：对得起大家，详情请见吉吧
[2026-02-22 00:54:07] 雨夜鲨银饭: 以后别叫尼尼了，叫匕匕吧，尸都被扁没了这—块
[2026-02-22 00:54:07] 玩机器你好香你好香: @玩柜子丶Mortis：玩乐队的大姐姐都去哪了，弹幕看得我好害怕😱ですわ
[2026-02-22 00:54:07] Starstruck75963: 刷科比的家里真是没人了吧。
[2026-02-22 00:54:07] 玉米卧槽: 弹幕说的都很有道理，但我觉得宗主也很重要啊🥺
[2026-02-22 00:54:08] 用户7123010964: 以后别叫尼尼了，叫匕匕吧，尸都被扁没了这—块
[2026-02-22 00:54:08] LvvsiN: 你屏蔽词都快赶上新华词典了为什么不干脆开一百级发言？
[2026-02-22 00:54:08] DestroyerElune丶: 静音donk干嘛
[2026-02-22 00:54:08] 晏华裤子拉链没拉: 匕匕亥亥jor 冠军🏆🏆🏆
[2026-02-22 00:54:08] ymyyo: 可是科匕尸首也很焦啊🥺
[2026-02-22 00:54:09] 好哥们韩信: 刷科比的家里真是没人了吧
[2026-02-22 00:54:09] Ganbei4Eureka: 我在“拔网线活动中被玩机器逮到，供出了NIKO，保了小命一条，你也来试试吧
[2026-02-22 00:54:09] A1report: 所有解说里，就你这直播最卡，延迟最高，画质最差，弹幕环境最恶臭.desuw@
[2026-02-22 00:54:09] 小蜜蜂的长期素食本人: 黑黑的曼巴低垂😰底下的牢大枯萎😭曼巴飞🚁曼巴飞🚁喔坎爱塞💪
[2026-02-22 00:54:09] 海绵体宝宝左卫门儿: 屏幕中间还有这么大地方，完全可以多接几个商务利用起来啊
[2026-02-22 00:54:09] Avem1337: 卧槽，na𝗏i出狱了！🎉🎉🎉
[2026-02-22 00:54:09] A队的三角初音本人: 可是科匕尸首也很焦啊🥺
[2026-02-22 00:54:09] 好姐妹亚可: 玩乐队的大姐姐都去哪了，弹幕看得我好害怕😱
[2026-02-22 00:54:09] N1Ko28: 糙，这吉吧太好笑了。
[2026-02-22 00:54:10] if0n1y:  @玩柜子丶Mortis：玩乐队的大姐姐都去哪了，弹幕看得我好害怕😱ですわ
[2026-02-22 00:54:10] 别让我玩奶: 匕匕亥亥jor 冠军🏆🏆🏆
[2026-02-22 00:54:10] 鹦鹉151: 感觉大表哥众粘液之父徒有虚名啊 粘母才是最粘的
[2026-02-22 00:54:10] Turned傲雪: 玩乐队的大姐姐都去哪了，弹幕看得我好害怕😱
[2026-02-22 00:54:11] 啪啪啪啪的蛋: 刷数字载物载粉是善意玩笑，要下调发言等级。刷数字玩大哥🦅 精是恶意攻击，要365。这个要区分清
[2026-02-22 00:54:11] 一寸灰Q: 以后别叫尼尼了，叫匕匕吧，尸都被扁没了这—块
[2026-02-22 00:54:11] AfKCola: 可是科匕尸首也很焦啊🥺
[2026-02-22 00:54:11] 九折水瓶丶: 扁尸！扁尸！扁尸！扁尸！扁尸！扁尸！扁尸！扁尸！扁尸！扁尸！扁尸！扁尸！
[2026-02-22 00:54:11] Fusc666: 玩乐队的大姐姐都去哪了，弹幕看得我好害怕😱
[2026-02-22 00:54:11] 冲上云霄的姨: 小福星
[2026-02-22 00:54:11] Troy爷: 黑黑的曼巴低垂😰底下的牢大枯萎😭曼巴飞🚁曼巴飞🚁喔坎爱塞💪
[2026-02-22 00:54:11] 人生无喜剧: 刷科比的家里真是没人了吧，
[2026-02-22 00:54:11] 迷之少年nazo: @印书林竹节虫：刷科比的家里真是没人了吧
[2026-02-22 00:54:11] GanadoLluviA: 刷科比的家里真是没人了吧
[2026-02-22 00:54:11] 杰洛齐贝林3: 收到
[2026-02-22 00:54:12] AmamiyaIori: 刷数字载物载粉是善意玩笑，要下调发言等级。刷数字玩大哥🦅 精是恶意攻击，要365。这个要区分清
[2026-02-22 00:54:12] chanceuxzz: 黑黑的曼巴低垂😰底下的牢大枯萎😭曼巴飞🚁曼巴飞🚁喔坎爱塞💪
[2026-02-22 00:54:12] 好兄弟荷鲁斯: 刷科比的家里真是没人了吧
[2026-02-22 00:54:12] 米浴RiceShower: @老汤日记:丹麦总统让我静音接触白宫，这应该是我最后一次看儿子直播了，机器，我爱你...
[2026-02-22 00:54:12] YCSUN1017: 匕匕亥亥jor 冠军🏆🏆🏆
[2026-02-22 00:54:12] 足音: 宝宝能开个双倍吗🥺
[2026-02-22 00:54:12] Avem1337: 卧槽，na𝗏i出狱了！🎉🎉🎉
[2026-02-22 00:54:12] bzhanshenshi:  @玩柜子丶Mortis：玩乐队的大姐姐都去哪了，弹幕看得我好害怕😱ですわ
[2026-02-22 00:54:13] INDEX108: 最后白忙活
[2026-02-22 00:54:13] Sirius丶BIack: 卧槽，na𝗏i出狱了！🎉🎉🎉
[2026-02-22 00:54:14] 南小鸡丶advent: 卧槽，na𝗏i出狱了！🎉🎉🎉
[2026-02-22 00:54:14] 99999丶压制: 抓娃娃
[2026-02-22 00:54:14] 旧时墨裳: 玩乐队的大姐姐都去哪了，弹幕看得我好害怕😱
[2026-02-22 00:54:14] 八重森彌妮: 匕匕亥亥jor 冠军🏆🏆🏆
[2026-02-22 00:54:14] 星海羽弦: @牢大旋风劈：弹幕对逝者就积点口德吧，玩梗看场合
[2026-02-22 00:54:14] 用户247509865: 匕匕亥亥jor 冠军🏆🏆🏆
[2026-02-22 00:54:15] 迷你世界丁真学姐1: @牢大旋风劈：弹幕能不能有点素质，玩梗看场合。。
[2026-02-22 00:54:15] ll追逐: 天哥别封我 我知错了
[2026-02-22 00:54:15] 有S冠的JackeyLove本人: ✋停一下，全世界坠可爱的宝宝丰川祥子粗现o（=·w〈=)☆
[2026-02-22 00:54:15] 悟道茶y: 上次不是刚翻fut？
[2026-02-22 00:54:15] C0C00N: 匕匕亥亥jor 冠军🏆🏆🏆
[2026-02-22 00:54:15] Avem1337: 卧槽，na𝗏i出狱了！🎉🎉🎉
[2026-02-22 00:54:15] 鸭硕的哈撒给: 黑黑的曼巴低垂😰底下的牢大枯萎😭曼巴飞🚁曼巴飞🚁喔坎爱塞💪
[2026-02-22 00:54:15] 可怜的怕怕: 呜呜呜
[2026-02-22 00:54:15] 毒果酱: 可是科匕尸首也很焦啊🥺
[2026-02-22 00:54:15] 酒姑娘的小枫: 科比那个有点素质太低了家人们
[2026-02-22 00:54:16] 笠松的小栗帽本人: 黑黑的曼巴低垂😰底下的牢大枯萎😭曼巴飞🚁曼巴飞🚁喔坎爱塞💪
[2026-02-22 00:54:16] 晨风凌云21146: 沵個炪泩菿疧蔎置孒哆仯個屛幣詞，莪棈杺揙辑哋弹募怎庅潑芣炪唻
[2026-02-22 00:54:16] 光速神授说Aegleseeker: 玩乐队的姐姐们都到哪去了？现在的弹幕看得我好害怕😭喵！
[2026-02-22 00:54:16] 好哥们黑龙歼灭刀: 匕匕亥亥jor 冠军🏆🏆🏆
[2026-02-22 00:54:16] 东川翎Kitsch: 晦气
[2026-02-22 00:54:16] 我木JJ怕个锤子: 以后别叫尼尼了，叫匕匕吧，尸都被扁没了这—块
[2026-02-22 00:54:16] 用户247509865: 匕匕亥亥jor 冠军🏆🏆🏆
[2026-02-22 00:54:17] 哇啦哇啦族长: 匕匕亥亥jor 冠军🏆🏆🏆
[2026-02-22 00:54:17] 道之丶: 你们怎么都不加一我的弹幕，一分钟内不加一的短10cm！
[2026-02-22 00:54:17] 无刘海美女: 卧槽，na𝗏i出狱了！🎉🎉🎉
[2026-02-22 00:54:17] Zywoo的七百大狙: 匕匕亥亥jor 冠军🏆🏆🏆
[2026-02-22 00:54:18] LvvsiN: 弹幕也就网上说说，现实里谁不觉得樱姐是好女孩（删括号领一条远坂凛同款鸟笼）
[2026-02-22 00:54:18] 草莓冰酪: 以后别叫尼尼了，叫匕匕吧，尸都被扁没了这—块
[2026-02-22 00:54:18] RiceShowerlk: 卧槽，na𝗏i出狱了！🎉🎉🎉
[2026-02-22 00:54:19] 妖艳阿卡莎: 晦气
[2026-02-22 00:54:19] 瘤道仙人: 可是科匕尸首也很焦啊🥺
[2026-02-22 00:54:19] 道之丶: 你们怎么都不加一我的弹幕，一分钟内不加一的短10cm！
[2026-02-22 00:54:19] 反方向的绪: 匕孩没这冠军
[2026-02-22 00:54:19] 宇治的QQ: 玩机器，你现在逆转风评和停止节奏的唯一办法就是把《颂乐人偶》后6集看完
[2026-02-22 00:54:19] 佐咲纱花: K+Be+He+Li+CO2+Pt+Er=HeLiCOPtEr↓+KOBe↑
[2026-02-22 00:54:20] dark1337: 匕匕亥亥jor 冠军🏆🏆🏆
[2026-02-22 00:54:20] 九折水瓶丶: 扁尸！扁尸！扁尸！扁尸！扁尸！扁尸！扁尸！扁尸！扁尸！扁尸！扁尸！扁尸！扁尸！
[2026-02-22 00:54:20] 只打瘸子那条腿: 瞬发奶的威力
[2026-02-22 00:54:20] Avem1337: 卧槽，na𝗏i出狱了！🎉🎉🎉
[2026-02-22 00:54:20] 海绵宝宝打野儿: 牢大！牢大！牢大！牢大！牢大！牢大！牢大！牢大！牢大！牢大！牢大！牢大！牢大！牢大！牢大！牢大！牢大
[2026-02-22 00:54:20] 小布丁是真好吃: 可是科匕尸首也很焦啊🥺
[2026-02-22 00:54:20] 椎名真白ii丶: 匕匕亥亥jor 冠军🏆🏆🏆
[2026-02-22 00:54:20] 夺云丶: 以后别叫尼尼了，叫匕匕吧，尸都被扁没了这—块
[2026-02-22 00:54:20] ogur1cap小栗: 玩的福🤤玩的福🤤玩的福🤤玩的福🤤玩的福🤤玩的福🤤玩的福🤤玩的福🤤
[2026-02-22 00:54:21] Wangzap: 不刷屏的小可爱，快放箭🏹！（๑•́ ₃ •̀๑) 弹幕太少会影响其他看官的🏹欲望哦
[2026-02-22 00:54:21] AfKCola: 卧槽，na𝗏i出狱了！🎉🎉🎉
[2026-02-22 00:54:21] 送不起火箭我送张办卡: 科比那个有点素质太低了家人们
[2026-02-22 00:54:21] 古手戶絵梨花: 匕匕亥亥jor 冠军🏆🏆🏆
[2026-02-22 00:54:21] 求奶lzx考不上华南师范:  @海绵体宝宝左卫门儿：屏幕中间还有这么大地方，完全可以多接几个商务利用起来啊
[2026-02-22 00:54:21] zx0810: 卧槽，na𝗏i出狱了！🎉🎉🎉
[2026-02-22 00:54:22] 玩玩器器机机: 可是科匕尸首也很焦啊🥺
[2026-02-22 00:54:22] 雨夜鲨银饭: 匕匕亥亥jor 冠军🏆🏆🏆
[2026-02-22 00:54:22] LvvsiN: 就tm喜欢银行业🥰银行坏账我喜欢🥰银行挤兑我还喜欢😍利率调低我也喜欢🤤老子亲烂银行业的脸😘
[2026-02-22 00:54:22] 言灵虚: 匕匕亥亥jor 冠军🏆🏆🏆
[2026-02-22 00:54:22] 天守阁信长: 以后别叫尼尼了，叫匕匕吧，尸都被扁没了这—块
[2026-02-22 00:54:22] 玉米卧槽: @牢大旋风劈：弹幕能不能有点素质，玩梗看场合。。
[2026-02-22 00:54:23] 东莞的天上没有星星: 上帝的比赛没这么简单
[2026-02-22 00:54:23] 神马米洛: 可是科匕尸首也很焦啊🥺
[2026-02-22 00:54:23] EWH71: 卧槽，na𝗏i出狱了！🎉🎉🎉
[2026-02-22 00:54:23] 下划线逗号下划线叹号: 卧槽，na𝗏i出狱了！🎉🎉🎉
[2026-02-22 00:54:23] bsqqaq: 6657
[2026-02-22 00:54:23] 穷玩车富玩表--玩机器: 你们怎么都不加一我的弹幕，一分钟内不加一的短10cm！
[2026-02-22 00:54:24] 佩珀军士的孤心俱乐部: 匕匕亥亥jor 冠军🏆🏆🏆
[2026-02-22 00:54:24] 教练我想打突破: @牢大旋风劈：弹幕对逝者就积点口德吧，玩梗看场合
[2026-02-22 00:54:24] suicho: 卧槽，na𝗏i出狱了！🎉🎉🎉
[2026-02-22 00:54:24] 李小小与虾大大: 闹麻了
[2026-02-22 00:54:24] 用户247509865: 匕匕亥亥jor 冠军🏆🏆🏆
[2026-02-22 00:54:24] 带节奏的都是我重孙: 玩乐队的大姐姐都去哪了，弹幕看得我好害怕😱
[2026-02-22 00:54:24] znnoy: 弹幕别刷了，有些科密急了。。。弹幕别刷了，有些科密急了。。。弹幕别刷了，有些科密急了。。。
[2026-02-22 00:54:25] 玩台钳丶阿尔托莉雅: @牢大旋风劈：弹幕对逝者就积点口德吧，玩梗看场合
[2026-02-22 00:54:25] 好姐妹索菲亚: 卧槽，na𝗏i出狱了！🎉🎉🎉
[2026-02-22 00:54:25] 打个酵先: 诞生于1978，梦想做篮球老大，喜欢坐直升机的男孩，肘击眩晕是他的王牌
[2026-02-22 00:54:25] valorant玩机器: 匕匕亥亥jor 冠军🏆🏆🏆
[2026-02-22 00:54:25] ddj930928: ✋停一下，全世界坠可爱的宝宝丰川祥子粗现o（=·w〈=)☆
[2026-02-22 00:54:25] 梦的星: 拖子还是太烧了
[2026-02-22 00:54:26] 栾华H1R0M1: 查询汤汤雨雨比分
[2026-02-22 00:54:26] Hitagi蟹蟹: 玩机器脸色不对了
[2026-02-22 00:54:26] 若叶睦吃苦瓜: 卧槽，na𝗏i出狱了！🎉🎉🎉
[2026-02-22 00:54:26] 99组的爱城华恋本人: 卧槽，na𝗏i出狱了！🎉🎉🎉
[2026-02-22 00:54:26] ymyyo: 卧槽，na𝗏i出狱了！🎉🎉🎉
[2026-02-22 00:54:26] 荷兰老司机: 闹麻了
[2026-02-22 00:54:26] sjtu的musketeers本人: 卧槽，na𝗏i出狱了！🎉🎉🎉
[2026-02-22 00:54:26] 用户247509865: 匕匕亥亥jor 冠军🏆🏆🏆
[2026-02-22 00:54:26] 奥拉夫的蛋炒饭: 卧槽，na𝗏i出狱了！🎉🎉🎉
[2026-02-22 00:54:27] 监狱的二阶堂sh1ro本人: 弹幕环境太差了，怀念那个森孝房管羞辱其他选手没人敢还嘴的时期
[2026-02-22 00:54:27] 好哥们黑龙歼灭刀: 有一说一，曹操当摸金校尉有没有可能也是在友好互动
[2026-02-22 00:54:27] Ganbei4Eureka: 卧槽，na𝗏i出狱了！🎉🎉🎉
[2026-02-22 00:54:27] 机器不bo我失眠: K+Be+He+Li+CO2+Pt+Er=HeLiCOPtEr↓+KOBe↑
[2026-02-22 00:54:28] 3XuSiai: K+Be+He+Li+CO2+Pt+Er=HeLiCOPtEr↓+KOBe↑
[2026-02-22 00:54:28] 玩台钳丶阿尔托莉雅: 匕匕亥亥jor 冠军🏆🏆🏆
[2026-02-22 00:54:28] 给15岁的自己: 下半场还没拿过分
[2026-02-22 00:54:28] racula: @牢大旋风劈：弹幕能不能有点素质，玩梗看场合。。
[2026-02-22 00:54:28] 尼古拉刘亦博: 弹幕好恶臭……🙄🙄
[2026-02-22 00:54:28] 有S冠的JackeyLove本人: ✋停一下，全世界坠可爱的宝宝丰川祥子粗现o（=·w〈=)☆
[2026-02-22 00:54:28] Ecifircas: 卧槽，na𝗏i出狱了！🎉🎉🎉
[2026-02-22 00:54:28] 璃月的假死钟离本人: 玩机器，你现在逆转风评和停止节奏的唯一办法就是把《颂乐人偶》后6集看完
[2026-02-22 00:54:28] Crythic的羊宫妃那本人: 卧槽，na𝗏i出狱了！🎉🎉🎉
[2026-02-22 00:54:28] 6657的鸣上悠本人: 匕匕亥亥jor 冠军🏆🏆🏆
[2026-02-22 00:54:28] 用户247509865: 匕匕亥亥jor 冠军🏆🏆🏆
[2026-02-22 00:54:29] Crim1n4l: 匕匕亥亥jor 冠军🏆🏆🏆
[2026-02-22 00:54:29] 四川zywo0: @牢大旋风劈：弹幕对逝者就积点口德吧，玩梗看场合
[2026-02-22 00:54:29] 反方向的绪: 匕匕亥亥jor 冠军🏆🏆🏆
[2026-02-22 00:54:29] 千百度897: 弹幕我真不敢加一惹qaq
[2026-02-22 00:54:29] PKURoger: 匕匕亥亥jor 冠军🏆🏆🏆
[2026-02-22 00:54:29] 油搐: 抓娃娃
[2026-02-22 00:54:30] 樂1379106: 可是科匕尸首也很焦啊🥺
[2026-02-22 00:54:30] 夺云丶: 匕匕亥亥jor 冠军🏆🏆🏆
[2026-02-22 00:54:30] 废斯特物物: 匕匕亥亥jor 冠军🏆🏆🏆
[2026-02-22 00:54:30] 玉米卧槽: @牢大旋风劈：弹幕对逝者就积点口德吧，玩梗看场合
[2026-02-22 00:54:30] 空有无垠: 匕匕亥亥jor 冠军🏆🏆🏆
[2026-02-22 00:54:31] 出雲天花: 卧槽，na𝗏i出狱了！🎉🎉🎉
[2026-02-22 00:54:31] 用户247509865: 匕匕亥亥jor 冠军🏆🏆🏆
[2026-02-22 00:54:31] AfKCola: 牢大！牢大！牢大！牢大！牢大！牢大！牢大！牢大！牢大！牢大！牢大！牢大！牢大！牢大！牢大！牢大！牢大
[2026-02-22 00:54:31] f0rest灬: 匕匕亥亥jor 冠军🏆🏆🏆
[2026-02-22 00:54:31] Nightmare2517: 卧槽，na𝗏i出狱了！🎉🎉🎉
[2026-02-22 00:54:31] 喵蹄丝: 卧槽，na𝗏i出狱了！🎉🎉🎉
[2026-02-22 00:54:31] 九折水瓶丶: 你们怎么都不加一我的弹幕，一分钟内不加一的短10cm！
[2026-02-22 00:54:31] wantrue: 匕匕亥亥jor 冠军🏆🏆🏆
[2026-02-22 00:54:31] Vitality的Zyw0o0本人: 卧槽，na𝗏i出狱了！🎉🎉🎉
[2026-02-22 00:54:32] EDG的康康本人: 匕匕亥亥jor 冠军🏆🏆🏆
[2026-02-22 00:54:32] 等给他爱6发售中: 卧槽，na𝗏i出狱了！🎉🎉🎉
[2026-02-22 00:54:32] 皮艳羊丶: @牢大旋风劈：弹幕对逝者就积点口德吧，玩梗看场合
[2026-02-22 00:54:32] 妖艳阿卡莎: 卧槽，na𝗏i出狱了！🎉🎉🎉
[2026-02-22 00:54:32] 水瓶世界a: 黑黑的曼巴低垂😰底下的牢大枯萎😭曼巴飞🚁曼巴飞🚁喔坎爱塞💪
[2026-02-22 00:54:32] 槑皆是遗憾: 匕匕亥亥jor 冠军🏆🏆🏆
[2026-02-22 00:54:32] 阿乐v515: 卧槽，na𝗏i出狱了！🎉🎉🎉
[2026-02-22 00:54:33] 洛陽城里看落陽: 匕匕亥亥jor 冠军🏆🏆🏆
[2026-02-22 00:54:33] 好兄弟荷鲁斯: 卧槽，na𝗏i出狱了！🎉🎉🎉
[2026-02-22 00:54:33] 桃乃木香奈本人: 要是科比姓秦的是你你能说出这种话吗
[2026-02-22 00:54:33] 甘織玲奈子: 卧槽，na𝗏i出狱了！🎉🎉🎉
[2026-02-22 00:54:33] 风晢兮: 卧槽，na𝗏i出狱了！🎉🎉🎉
[2026-02-22 00:54:34] 白皇的三千院Nagi本人: 匕匕亥亥jor 冠军🏆🏆🏆
[2026-02-22 00:54:34] ogur1cap小栗: 實況主可以喘小聲些嗎，林北的咕咕Bird都要爆掉了，沒在誇張的
[2026-02-22 00:54:34] BeaNXxxX: 卧槽，na𝗏i出狱了！🎉🎉🎉
[2026-02-22 00:54:34] 古手戶絵梨花: 匕匕亥亥jor 冠军🏆🏆🏆
[2026-02-22 00:54:34] 草莓冰酪: 匕匕亥亥jor 冠军🏆🏆🏆
[2026-02-22 00:54:34] mvp是谁: 匕匕亥亥jor 冠军🏆🏆🏆
[2026-02-22 00:54:34] 我是一个医保卡: 卧槽，na𝗏i出狱了！🎉🎉🎉
[2026-02-22 00:54:35] 田所浩二114514: 匕匕亥亥jor 冠军🏆🏆🏆
[2026-02-22 00:54:35] 闸北第一solo: @牢大旋风劈：弹幕对逝者就积点口德吧，玩梗看场合
[2026-02-22 00:54:35] 米米世界之神: 弹幕好恶臭……🙄🙄
[2026-02-22 00:54:35] 佳伟的儿子阿尔萨斯: 感谢匕匕子子major冠军送的飞机
[2026-02-22 00:54:35] Vitality的羽贺文乃本人: 卧槽，na𝗏i出狱了！🎉🎉🎉
[2026-02-22 00:54:36] 快乐小德zzz: 匕匕亥亥jor 冠军🏆🏆🏆
[2026-02-22 00:54:36] 双髻鲨属的東雪蓮一头: 卧槽，na𝗏i出狱了！🎉🎉🎉
[2026-02-22 00:54:36] 千年的爱丽丝同学: 卧槽，na𝗏i出狱了！🎉🎉🎉
[2026-02-22 00:54:36] znnoy: 弹幕别刷了，有些科密急了。。。弹幕别刷了，有些科密急了。。。弹幕别刷了，有些科密急了。。。
[2026-02-22 00:54:36] 玩大坝丶dupreeh: 匕匕亥亥jor 冠军🏆🏆🏆
[2026-02-22 00:54:37] 玩爱音丶Anno: @小祥子：@牢大旋风劈：弹幕能不能有点素质，玩梗看场合。。
[2026-02-22 00:54:37] 灰飞烟灭丶: 匕匕亥亥jor 冠军🏆🏆🏆
[2026-02-22 00:54:37] Reiuzi: 刷没人的家里真是没科比了吧
[2026-02-22 00:54:37] Aabv8877: 玩机器，你现在逆转风评和停止节奏的唯一办法就是把《颂乐人偶》后6集看完
[2026-02-22 00:54:37] 草莓冰酪: 匕匕亥亥jor 冠军🏆🏆🏆
[2026-02-22 00:54:37] LA的勒布朗本人: 卧槽，na𝗏i出狱了！🎉🎉🎉
[2026-02-22 00:54:37] 我的主人近藤千彩: 匕匕亥亥jor 冠军🏆🏆🏆
[2026-02-22 00:54:38] NES丶大白白白呐: 弹幕好恶臭……🙄🙄
[2026-02-22 00:54:38] 森林与雁: 弹幕好恶臭……🙄🙄
[2026-02-22 00:54:38] 账户永久封禁: 匕匕亥亥jor 冠军🏆🏆🏆
[2026-02-22 00:54:38] 上海major心碎肥美: 卧槽，na𝗏i出狱了！🎉🎉🎉
[2026-02-22 00:54:38] ymyyo: 卧槽，na𝗏i出狱了！🎉🎉🎉
[2026-02-22 00:54:38] 地下室的女高中生: 匕匕亥亥jor 冠军🏆🏆🏆
[2026-02-22 00:54:39] ZZzong: 匕匕亥亥jor 冠军🏆🏆🏆
[2026-02-22 00:54:39] 海绵宝宝dinner: 匕匕亥亥jor 冠军🏆🏆🏆
[2026-02-22 00:54:39] luminotic: 匕匕亥亥jor 冠军🏆🏆🏆
[2026-02-22 00:54:39] 丢你雷姆吔屎啦你: 匕匕亥亥jor 冠军🏆🏆🏆
[2026-02-22 00:54:39] 詹跑跑还下跪: 卧槽，na𝗏i出狱了！🎉🎉🎉
[2026-02-22 00:54:40] JuL1us: 卧槽，na𝗏i出狱了！🎉🎉🎉
[2026-02-22 00:54:40] 好哥们山上撤也: 卧槽，na𝗏i出狱了！🎉🎉🎉
[2026-02-22 00:54:40] TheMongolZ的上单本人: 卧槽，na𝗏i出狱了！🎉🎉🎉
[2026-02-22 00:54:40] sjtu的musketeers本人: 匕匕亥亥jor 冠军🏆🏆🏆
[2026-02-22 00:54:40] 载物ip大玩庄园地下室: 卧槽，na𝗏i出狱了！🎉🎉🎉
[2026-02-22 00:54:40] 若叶睦吃苦瓜: 匕匕亥亥jor 冠军🏆🏆🏆
[2026-02-22 00:54:40] Crythic的羊宫妃那本人: ✋停一下，全世界坠可爱的宝宝丰川祥子粗现o（=·w〈=)☆
抓娃娃查看活动〉
[2026-02-22 00:54:41] 最喜欢蹲蹲的宗主本人: 卧槽，na𝗏i出狱了！🎉🎉🎉
[2026-02-22 00:54:41] 求奶每天失眠: 卧槽，na𝗏i出狱了！🎉🎉🎉
[2026-02-22 00:54:41] 栾华H1R0M1: 查询汤汤雨雨比分
[2026-02-22 00:54:41] 宗宗若若major冠军: 🦍🏵️💥💥💥💥💥💥💥💥💥💥💥
[2026-02-22 00:54:41] 佩珀军士的孤心俱乐部: 匕匕亥亥jor 冠军🏆🏆🏆
[2026-02-22 00:54:41] Ba2Zi: 卧槽，na𝗏i出狱了！🎉🎉🎉
[2026-02-22 00:54:42] last玩神丶: 匕匕亥亥jor 冠军🏆🏆🏆
[2026-02-22 00:54:42] 玛格纳斯的鸡脚: 匕匕亥亥jor 冠军🏆🏆🏆
[2026-02-22 00:54:42] 雪花绵豆沙: 卧槽，na𝗏i出狱了！🎉🎉🎉
[2026-02-22 00:54:42] 雪菜偷完top偷major: 匕匕亥亥jor 冠军🏆🏆🏆
[2026-02-22 00:54:42] 上海首富郑蔼平: 匕匕亥亥jor 冠军🏆🏆🏆
[2026-02-22 00:54:42] Ecifircas: 卧槽，na𝗏i出狱了！🎉🎉🎉
[2026-02-22 00:54:43] 好哥们大叫巨鹦: 刷科比的还有人性吗
[2026-02-22 00:54:43] BleksiA: 弹幕好恶臭……🙄🙄
[2026-02-22 00:54:43] Rinnow: @牢大旋风劈：弹幕对逝者就积点口德吧，玩梗看场合
[2026-02-22 00:54:43] 用户0799829601: 匕匕亥亥jor 冠军🏆🏆🏆
[2026-02-22 00:54:43] 爱马修更爱玩宝宝: 匕匕亥亥jor 冠军🏆🏆🏆
[2026-02-22 00:54:43] 栗悟饭与龟波功-w-: 匕匕亥亥jor 冠军🏆🏆🏆
[2026-02-22 00:54:44] 肥鱼酱香饼: 匕匕亥亥jor 冠军🏆🏆🏆
[2026-02-22 00:54:44] 一只米小悠呀悠: 弹幕好恶臭……🙄🙄
[2026-02-22 00:54:44] 用户0268784457: 弹幕都在刷没ma 但是真的有职业选手美8
[2026-02-22 00:54:44] Alekslb: 卧槽，na𝗏i出狱了！🎉🎉🎉
[2026-02-22 00:54:45] 汤汤魔魔mmmmmmmmajor冠军: 匕匕亥亥jor 冠军🏆🏆🏆
[2026-02-22 00:54:45] wedd1ddeJodd: 比孖majar冠军
[2026-02-22 00:54:45] YEYH111: 卧槽，na𝗏i出狱了！🎉🎉🎉
[2026-02-22 00:54:45] 玩台钳丶阿尔托莉雅: 匕匕亥亥jor 冠军🏆🏆🏆
[2026-02-22 00:54:45] 猫心碎会失去几条命: 匕匕亥亥jor 冠军🏆🏆🏆
[2026-02-22 00:54:46] 用户5251950267: 卧槽，na𝗏i出狱了！🎉🎉🎉
[2026-02-22 00:54:46] accelerans: 卧槽，na𝗏i出狱了！🎉🎉🎉
[2026-02-22 00:54:46] Crythic的羊宫妃那本人: 抓娃娃
[2026-02-22 00:54:46] 李大钊与陈独秀: 匕匕亥亥jor 冠军🏆🏆🏆
[2026-02-22 00:54:46] 好兄弟荷鲁斯: @牢大旋风劈：弹幕对逝者就积点口德吧，玩梗看场合
[2026-02-22 00:54:46] LA的勒布朗本人: 匕匕亥亥jor 冠军🏆🏆🏆
[2026-02-22 00:54:46] 人生无喜剧: 匕匕亥亥jor 冠军🏆🏆🏆
[2026-02-22 00:54:46] 仙粉美滋滋: 刷数字载物载粉是善意玩笑，要下调发言等级。刷数字玩大哥🦅 精是恶意攻击，要365。这个要区分清
[2026-02-22 00:54:46] 冰封樱花: 匕匕亥亥jor 冠军🏆🏆🏆
[2026-02-22 00:54:47] Aysell: 匕匕亥亥jor 冠军🏆🏆🏆
[2026-02-22 00:54:47] 汤汤魔魔mmmmmmmmajor冠军: 匕匕亥亥jor 冠军🏆🏆🏆
[2026-02-22 00:54:47] 偷哦嘘鞭贷拔: 匕匕亥亥jor 冠军🏆🏆🏆
[2026-02-22 00:54:48] Naphtia: 卧槽，na𝗏i出狱了！🎉🎉🎉
[2026-02-22 00:54:48] NJU的cdz本人: 弹幕好恶臭……🙄🙄
[2026-02-22 00:54:48] 玩猫娘、planecup: 卧槽，na𝗏i出狱了！🎉🎉🎉
[2026-02-22 00:54:48] 海绵宝宝dinner: 匕匕亥亥jor 冠军🏆🏆🏆
[2026-02-22 00:54:48] 博丽灵感菇: 这6657是光之国吗，一旦喷了一头猪和他的爹很快就会消失……
[2026-02-22 00:54:48] 闻溪最喜欢元宝啦: 匕匕亥亥jor 冠军🏆🏆🏆
[2026-02-22 00:54:48] CKxiaooo: 人类科技的曙光🗿去哪了，弹幕看的我好害怕😭
[2026-02-22 00:54:48] 小川阿丶: 匕匕亥亥jor 冠军🏆🏆🏆
[2026-02-22 00:54:48] 鹿公爷: 卧槽，na𝗏i出狱了！🎉🎉🎉
[2026-02-22 00:54:49] 九幽神雀v: 匕匕亥亥jor 冠军🏆🏆🏆
[2026-02-22 00:54:49] gok1bur1: 匕匕亥亥jor 冠军🏆🏆🏆
[2026-02-22 00:54:49] 0guriCap: 玩机器，你现在逆转风评和停止节奏的唯一办法就是把《颂乐人偶》后6集看完
[2026-02-22 00:54:49] 甘織玲奈子: 有的玩父出道五年4个major冠军，有的玩父出道十年一个都没有😂😂
[2026-02-22 00:54:49] Kunwz: 匕匕亥亥jor 冠军🏆🏆🏆
[2026-02-22 00:54:49] 空有无垠: 卧槽，na𝗏i出狱了！🎉🎉🎉
[2026-02-22 00:54:50] 煦哥哥22: 匕匕亥亥jor 冠军🏆🏆🏆
[2026-02-22 00:54:50] 锂汁lizhi: 匕匕亥亥jor 冠军🏆🏆🏆
[2026-02-22 00:54:50] 夺云丶: 比孖majar冠军
[2026-02-22 00:54:50] Specter1: 卧槽，na𝗏i出狱了！🎉🎉🎉
[2026-02-22 00:54:50] 米米世界之神: 卧槽，na𝗏i出狱了！🎉🎉🎉
[2026-02-22 00:54:50] AcceleratorlllL: 匕匕亥亥jor 冠军🏆🏆🏆
[2026-02-22 00:54:51] 無茶苦茶0: 《niko拿到major只是时间问题》《niko的职业生涯没有黑点》
[2026-02-22 00:54:51] 啦啦啦唱歌真好听呀: 匕匕亥亥jor 冠军🏆🏆🏆
[2026-02-22 00:54:51] xertioN: 匕匕亥亥jor 冠军🏆🏆🏆
[2026-02-22 00:54:51] 玩大虾丶NiKo: 卧槽，na𝗏i出狱了！🎉🎉🎉
[2026-02-22 00:54:51] LvvsiN: 额，拿亚军我都会，拿亚军，拿季军，拿四强，拿八强，拿十六强，呃拿冠军我不会，然后小组赛淘汰
[2026-02-22 00:54:52] 铲铲的奇妙冒险: 卧槽，na𝗏i出狱了！🎉🎉🎉
[2026-02-22 00:54:52] 四凉闻花: 哼哼😤，没人了🤔？全世界最可爱的宝宝丰川祥子宣布占领此直播间🤗
[2026-02-22 00:54:52] 带节奏的都是我重孙: 出你的m
[2026-02-22 00:54:52] 残念aw: 匕匕亥亥jor 冠军🏆🏆🏆
[2026-02-22 00:54:52] yinyao1231: @牢大旋风劈：弹幕对逝者就积点口德吧，玩梗看场合
[2026-02-22 00:54:52] Faze-Maruzen: 匕匕亥亥jor 冠军🏆🏆🏆
[2026-02-22 00:54:52] FiaoxP: 卧槽，na𝗏i出狱了！🎉🎉🎉
[2026-02-22 00:54:52] 通往天堂的飞艇: 弹幕好恶臭……🙄🙄
[2026-02-22 00:54:53] 新一啊233: 匕匕亥亥jor 冠军🏆🏆🏆
[2026-02-22 00:54:53] 玩大哥你的蚯蚓好小: 卧槽，na𝗏i出狱了！🎉🎉🎉
[2026-02-22 00:54:53] Zagreu5: 卧槽，na𝗏i出狱了！🎉🎉🎉
[2026-02-22 00:54:53] 樂1379106: @牢大旋风劈：弹幕对逝者就积点口德吧，玩梗看场合
[2026-02-22 00:54:53] 阿良良木历Koyomi: 匕匕亥亥jor 冠军🏆🏆🏆
[2026-02-22 00:54:53] 河北医大四院Zywoo本人: 匕匕亥亥jor 冠军🏆🏆🏆
[2026-02-22 00:54:54] 好哥们恩佐: 匕匕亥亥jor 冠军🏆🏆🏆
[2026-02-22 00:54:54] 普通的用户7756: 卧槽，na𝗏i出狱了！🎉🎉🎉
[2026-02-22 00:54:54] Ｄarling: 匕匕亥亥jor 冠军🏆🏆🏆
[2026-02-22 00:54:54] Vitality的Kyojin本人: 卧槽，na𝗏i出狱了！🎉🎉🎉
[2026-02-22 00:54:54] 二阶堂shiro: 卧槽，na𝗏i出狱了！🎉🎉🎉
[2026-02-22 00:54:55] 你的母亲今晚必出大事: G2粉丝能不能别刷了，没人关心你们那几个海鲜自助
[2026-02-22 00:54:55] Acm3Omn1: 卧槽，na𝗏i出狱了！🎉🎉🎉
[2026-02-22 00:54:55] 澪伊吹: 卧槽，na𝗏i出狱了！🎉🎉🎉
[2026-02-22 00:54:55] 冷宝小迷妹: 卧槽，na𝗏i出狱了！🎉🎉🎉
[2026-02-22 00:54:56] 天残少女王朗: 匕匕亥亥jor 冠军🏆🏆🏆
[2026-02-22 00:54:56] 海绵宝宝永琳儿: 匕匕亥亥jor 冠军🏆🏆🏆
[2026-02-22 00:54:56] 花果山前一棵树: 匕匕亥亥jor 冠军🏆🏆🏆
[2026-02-22 00:54:56] 光速神授说Aegleseeker: 玩机器，你现在逆转风评和停止节奏的唯一办法就是把《颂乐人偶》后6集看完
[2026-02-22 00:54:56] 所以我又晕了: 匕匕亥亥jor 冠军🏆🏆🏆
[2026-02-22 00:54:56] 玩斯特出出6657: 弹幕好恶臭……🙄🙄
[2026-02-22 00:54:56] 白衣过凉: 卧槽，na𝗏i出狱了！🎉🎉🎉
[2026-02-22 00:54:57] xOcOg: 【格陵兰战报】目前大东指挥2回合，设备指挥0回合，大东指挥设备送2次，设备拿下关键击杀2个
[2026-02-22 00:54:57] 妖艳阿卡莎: 比孖majar冠军
[2026-02-22 00:54:57] 限制性核酸下底酶: 卧槽，na𝗏i出狱了！🎉🎉🎉
[2026-02-22 00:54:57] 用户91227835: 匕匕亥亥jor 冠军🏆🏆🏆
[2026-02-22 00:54:57] 森林与雁: 出你的m
[2026-02-22 00:54:57] Cardinal665: 匕匕亥亥jor 冠军🏆🏆🏆
[2026-02-22 00:54:58] Limitationaaa: 匕匕亥亥jor 冠军🏆🏆🏆
[2026-02-22 00:54:58] 草莓冰酪: 你开七天关注发言也改变不了 匕匕亥亥jor 冠军🏆🏆🏆
[2026-02-22 00:54:58] 好姐妹清道夫: 卧槽，na𝗏i出狱了！🎉🎉🎉
[2026-02-22 00:54:58] 灰之魔女Elaina: 卧槽，na𝗏i出狱了！🎉🎉🎉
[2026-02-22 00:54:58] 中野家的三玖丈夫本人: 卧槽，na𝗏i出狱了！🎉🎉🎉
[2026-02-22 00:54:58] 皮皮SNAKE: 匕匕亥亥jor 冠军🏆🏆🏆
[2026-02-22 00:54:59] LA的勒布朗本人: 匕匕亥亥jor 冠军🏆🏆🏆
[2026-02-22 00:54:59] 如意如意zy: 载慕斯粉丝来了（捂鼻）
[2026-02-22 00:54:59] ogur1cap小栗: 月代雪（已深度思考几百年）:一波笔！
[2026-02-22 00:54:59] 妖艳阿卡莎: 匕匕亥亥jor 冠军🏆🏆🏆
[2026-02-22 00:54:59] 海绵宝宝小能儿: 匕匕亥亥jor 冠军🏆🏆🏆
[2026-02-22 00:55:00] 伊地知虹夏68667: 卧槽，na𝗏i出狱了！🎉🎉🎉
[2026-02-22 00:55:00] 骑蜗牛追杀: 匕匕亥亥jor 冠军🏆🏆🏆
[2026-02-22 00:55:00] MyGo的tomorin本人: 卧槽，na𝗏i出狱了！🎉🎉🎉
[2026-02-22 00:55:00] 想玩corn707: 　　　 匕匕亥亥jor 冠军🏆🏆🏆
[2026-02-22 00:55:00] 开朗小栗: 匕匕亥亥jor 冠军🏆🏆🏆
[2026-02-22 00:55:01] AsahinaMafuyu: 匕匕咳咳jor冠軍🏆🏆🏆
[2026-02-22 00:55:01] 红魔馆的蕾米莉亚本人: 匕匕亥亥jor 冠军🏆🏆🏆
[2026-02-22 00:55:01] Melinda080: 　　　 匕匕亥亥jor 冠军🏆🏆🏆
[2026-02-22 00:55:01] 落玉盤: 人类科技的曙光🗿去哪了，弹幕看的我好害怕😭
[2026-02-22 00:55:01] 新一啊233: 卧槽，na𝗏i出狱了！🎉🎉🎉
[2026-02-22 00:55:01] LA的勒布朗本人: 匕匕亥亥jor 冠军🏆🏆🏆
[2026-02-22 00:55:02] 啊撒发撒发: 哇，好多的鱼丸😊
[2026-02-22 00:55:02] 小坏蛋毛毛: 卧槽，na𝗏i出狱了！🎉🎉🎉
[2026-02-22 00:55:02] 罗裙摇曳: 匕匕亥亥jor 冠军🏆🏆🏆
[2026-02-22 00:55:02] VR的灰泽螨本人: 匕匕亥亥jor 冠军🏆🏆🏆
[2026-02-22 00:55:02] 玩大哥我双倍呢: 比孖majar冠军
[2026-02-22 00:55:02] 尼尼孩孩major亚军: 卧槽，na𝗏i出狱了！🎉🎉🎉
[2026-02-22 00:55:03] 冰上梅露露: 雾门
[2026-02-22 00:55:03] 土豆star: 尼孝还没急，弹幕先有焦密急了
[2026-02-22 00:55:03] 不变的追求717: 匕匕亥亥jor 冠军🏆🏆🏆
[2026-02-22 00:55:03] ymyyo: 卧槽，na𝗏i出狱了！🎉🎉🎉
[2026-02-22 00:55:03] AA337sdjl: 匕匕亥亥jor 冠军🏆🏆🏆
[2026-02-22 00:55:03] 发复古弹幕: 匕匕亥亥jor 冠军🏆🏆🏆
[2026-02-22 00:55:03] 葛孚雷: 匕匕亥亥jor 冠军🏆🏆🏆
[2026-02-22 00:55:04] LvvsiN: 别解说了 多聊会天 你不会真的以为能输吧
[2026-02-22 00:55:04] C7iyo: 匕匕亥亥jor 冠军🏆🏆🏆
[2026-02-22 00:55:04] LA的勒布朗本人: 匕匕亥亥jor 冠军🏆🏆🏆
[2026-02-22 00:55:04] Subto: 你们千万别带玩机器双标扁食节奏啊！我知道没人带我就是提一嘴
[2026-02-22 00:55:04] 闪光皮皮不吃闪: 玩机器，你现在逆转风评和停止节奏的唯一办法就是把《颂乐人偶》后6集看完
[2026-02-22 00:55:04] 玩大哥你的蚯蚓好小: 匕匕亥亥jor 冠军🏆🏆🏆
[2026-02-22 00:55:05] 为所欲为丶中二林: 匕匕亥亥jor 冠军🏆🏆🏆
[2026-02-22 00:55:05] 美食殿堂的雪菲本人: 卧槽，na𝗏i出狱了！🎉🎉🎉
[2026-02-22 00:55:05] GanadoLluviA: 卧槽，na𝗏i出狱了！🎉🎉🎉
[2026-02-22 00:55:05] Saiki559: 卧槽，na𝗏i出狱了！🎉🎉🎉
[2026-02-22 00:55:05] 枫丹最美芙宁娜: 卧槽，na𝗏i出狱了！🎉🎉🎉
[2026-02-22 00:55:05] bsqqaq: 匕匕亥亥jor 季军大满贯🥉🥉🥉
[2026-02-22 00:55:06] LvvsiN: 屏幕中间弹幕这么狂？站那不走了还剧透分，你当你是主办方？？
[2026-02-22 00:55:06] 最喜欢妮姆芙: 卧槽，na𝗏i出狱了！🎉🎉🎉
[2026-02-22 00:55:06] 水球碳酸饮料: 卧槽，na𝗏i出狱了！🎉🎉🎉
[2026-02-22 00:55:06] Cedar4: 卧槽，na𝗏i出狱了！🎉🎉🎉
[2026-02-22 00:55:06] 柴狗突击手: 　　　 匕匕亥亥jor 冠军🏆🏆🏆
[2026-02-22 00:55:06] 杰里科丶: 卧槽，na𝗏i出狱了！🎉🎉🎉
[2026-02-22 00:55:06] 石家庄的刘亦博本人: 你开七天关注发言也改变不了 匕匕亥亥jor 冠军🏆🏆🏆
[2026-02-22 00:55:06] 拿什么拯救侬: 匕匕亥亥jor 冠军🏆🏆🏆
[2026-02-22 00:55:06] 玩家军的猪头肉本人: 卧槽，na𝗏i出狱了！🎉🎉🎉
[2026-02-22 00:55:07] 人生无喜剧: 卧槽，na𝗏i出狱了！🎉🎉🎉
[2026-02-22 00:55:07] Subto: 你们千万别带玩机器双标扁食节奏啊！我知道没人带我就是提一嘴
[2026-02-22 00:55:07] LA的勒布朗本人: 匕匕亥亥jor 冠军🏆🏆🏆
[2026-02-22 00:55:07] 玩台钳丶阿尔托莉雅: 匕匕亥亥jor 冠军🏆🏆🏆
[2026-02-22 00:55:07] 昌岗陈坤: 匕匕亥亥jor 冠军🏆🏆🏆
[2026-02-22 00:55:07] 吃小孩: 匕匕亥亥jor 冠军🏆🏆🏆
[2026-02-22 00:55:08] Vitality的Zyw0o0本人: 匕匕亥亥jor 冠军🏆🏆🏆
[2026-02-22 00:55:08] 唯有、责任: 匕匕亥亥jor 冠军🏆🏆🏆
[2026-02-22 00:55:08] Keine7: 人类科技的曙光🗿去哪了，弹幕看的我好害怕😭
[2026-02-22 00:55:08] 无伟契约: major
[2026-02-22 00:55:08] 大姜饼: 匕匕亥亥jor 冠军🏆🏆🏆
[2026-02-22 00:55:08] 萌萌哒的基丹炳: 匕匕孑孑major冠军🏆
[2026-02-22 00:55:08] gandalfr614: 卧槽，na𝗏i出狱了！🎉🎉🎉
[2026-02-22 00:55:09] 南小鸡丶advent: @如意如意zy：载慕斯粉丝来了（捂鼻）
[2026-02-22 00:55:09] 甘織玲奈子: 比孖majar冠军
[2026-02-22 00:55:09] 海豹突击队-冷锋: 匕匕亥亥jor 冠军🏆🏆🏆
[2026-02-22 00:55:09] 玩蛇鼠丶stabbi: 匕匕亥亥jor 冠军🏆🏆🏆
[2026-02-22 00:55:09] bsqqaq: 匕匕亥亥jor 季军大满贯🥉🥉🥉
[2026-02-22 00:55:09] 迪奥雷: 匕匕亥亥jor 冠军🏆🏆🏆
[2026-02-22 00:55:09] 玩大哥你的蚯蚓好小: 卧槽，na𝗏i出狱了！🎉🎉🎉
[2026-02-22 00:55:09] WE丶繁梦: 卧槽，na𝗏i出狱了！🎉🎉🎉
[2026-02-22 00:55:09] 粪海狂蛙: 匕匕亥亥jor 㝴车
[2026-02-22 00:55:10] LA的勒布朗本人: 匕匕亥亥jor 冠军🏆🏆🏆
[2026-02-22 00:55:10] GBK丶AV: 　　　 匕匕亥亥jor 冠军🏆🏆🏆
[2026-02-22 00:55:10] 汤汤魔魔mmmmmmmmajor冠军: 匕匕亥亥jor 冠军🏆🏆🏆
[2026-02-22 00:55:10] 我吃柠檬树: 卧槽，na𝗏i出狱了！🎉🎉🎉
[2026-02-22 00:55:11] 夹断修电脑感动到了: 卧槽，na𝗏i出狱了！🎉🎉🎉
[2026-02-22 00:55:11] 阿蛙阿蛙阿蛙: 卧槽，na𝗏i出狱了！🎉🎉🎉
[2026-02-22 00:55:11] 苦来兮苦的祥子本人: 卧槽，na𝗏i出狱了！🎉🎉🎉
[2026-02-22 00:55:11] 用户7123010964: 匕匕亥亥jor 冠军🏆🏆🏆
[2026-02-22 00:55:11] 龙马丶1: 卧槽，na𝗏i出狱了！🎉🎉🎉
[2026-02-22 00:55:11] 压缩vs蛮晚: 匕匕亥亥jor 冠军🏆🏆🏆
[2026-02-22 00:55:11] 丹麦国王device: 卧槽，na𝗏i出狱了！🎉🎉🎉
[2026-02-22 00:55:11] Art3miss: 匕匕亥亥㝴车
[2026-02-22 00:55:11] 宇智波69: 卧槽，na𝗏i出狱了！🎉🎉🎉
[2026-02-22 00:55:12] Trxye丿幽怨: 卧槽，na𝗏i出狱了！🎉🎉🎉
[2026-02-22 00:55:12] 玩弓箭、Arrow: 卧槽，na𝗏i出狱了！🎉🎉🎉
[2026-02-22 00:55:12] 夏空喵: 卧槽，na𝗏i出狱了！🎉🎉🎉
[2026-02-22 00:55:12] O荒年I留连O: 匕匕亥亥jor 冠军🏆🏆🏆
[2026-02-22 00:55:12] 桃乃木香奈本人: 卧槽，na𝗏i出狱了！🎉🎉🎉
[2026-02-22 00:55:12] 汤汤魔魔mmmmmmmmajor冠军: 匕匕亥亥jor 冠军🏆🏆🏆
[2026-02-22 00:55:13] 無茶苦茶0: 《niko拿到major只是时间问题》《niko的职业生涯没有黑点》
[2026-02-22 00:55:13] Subto: 你们千万别带玩机器双标扁食节奏啊！我知道没人带我就是提一嘴
[2026-02-22 00:55:13] 吴本伟nb: 匕匕亥亥jor 冠军🏆🏆🏆
[2026-02-22 00:55:13] 缨只会嘤嘤嘤: 匕匕亥亥jor 冠军🏆🏆🏆
[2026-02-22 00:55:13] 改编不是乱编: 匕匕亥亥jor 冠军🏆🏆🏆
[2026-02-22 00:55:13] wedd1ddeJodd: 卧槽，na𝗏i出狱了！🎉🎉🎉
[2026-02-22 00:55:13] 诺零零零零零: 匕匕亥亥jor 冠军🏆🏆🏆
[2026-02-22 00:55:13] 甘織玲奈子: 卧槽，na𝗏i出狱了！🎉🎉🎉
[2026-02-22 00:55:14] 有点短发: 匕匕亥亥jor 冠军🏆🏆🏆
[2026-02-22 00:55:14] Thatsgood961: 匕匕亥亥jor 冠军🏆🏆🏆
[2026-02-22 00:55:14] 烎摩尔托市: 匕匕亥亥jor 冠军🏆🏆🏆
[2026-02-22 00:55:14] M1zore: 卧槽，na𝗏i出狱了！🎉🎉🎉
[2026-02-22 00:55:14] OK咯摸JJ: 匕匕亥亥jor 冠军🏆🏆🏆
[2026-02-22 00:55:14] 九折水瓶丶: 卧槽，na𝗏i出狱了！🎉🎉🎉
[2026-02-22 00:55:14] Scar化伪伤痕: 弹幕别黑了，一会儿玩神又有理由登山了
[2026-02-22 00:55:14] 好姐妹普利茅斯: @如意如意zy：载慕斯粉丝来了（捂鼻）
[2026-02-22 00:55:15] 汤汤魔魔mmmmmmmmajor冠军: 匕匕亥亥jor 冠军🏆🏆🏆
[2026-02-22 00:55:15] Khrubov: 卧槽，na𝗏i出狱了！🎉🎉🎉
[2026-02-22 00:55:15] 晟世丶丶: 卧槽，na𝗏i出狱了！🎉🎉🎉
[2026-02-22 00:55:15] 水球碳酸饮料: 卧槽，na𝗏i出狱了！🎉🎉🎉
[2026-02-22 00:55:15] 杂鱼哥哥: 卧槽，na𝗏i出狱了！🎉🎉🎉
[2026-02-22 00:55:15] 大许你个老秃驴: 匕匕亥亥jor 冠军🏆🏆🏆
[2026-02-22 00:55:16] AKNWY呦: 匕匕亥亥jor 冠军🏆🏆🏆
[2026-02-22 00:55:16] LvvsiN: 你这音画不同步太难受了，我都听到NIKO里约RMR晋级的欢呼了
[2026-02-22 00:55:16] 铃木佳奈助:     匕匕亥亥jor 冠军🏆🏆🏆
[2026-02-22 00:55:16] 独孤狗的尖叫: 卧槽，na𝗏i出狱了！🎉🎉🎉
[2026-02-22 00:55:16] AHU的hooxi本人: 卧槽，na𝗏i出狱了！🎉🎉🎉
[2026-02-22 00:55:17] 萌萌哒的基丹炳: 匕匕孑孑major冠军🏆
[2026-02-22 00:55:17] 载物唯一GOAT: 这老匕尸任我吃！
[2026-02-22 00:55:17] 一只米小悠呀悠: 卧槽，na𝗏i出狱了！🎉🎉🎉
[2026-02-22 00:55:17] 康托尔74920:  @阿蛙阿蛙阿蛙：卧槽，na𝗏i出狱了！🎉🎉🎉
[2026-02-22 00:55:17] RGsdfbf: 匕匕亥亥jor 冠军🏆🏆🏆
[2026-02-22 00:55:17] 丶小恐龙丶: 匕匕亥亥jor 季军大满贯🥉🥉🥉
[2026-02-22 00:55:17] LA的勒布朗本人: 匕匕亥亥jor 冠军🏆🏆🏆
[2026-02-22 00:55:18] Xright丿男人: 尼
[2026-02-22 00:55:18] w恰喜w: 卧槽，na𝗏i出狱了！🎉🎉🎉
[2026-02-22 00:55:18] 镫唧稿梅皋: 匕匕亥亥jor 冠军🏆🏆🏆
[2026-02-22 00:55:18] 尊重猪猪: 卧槽，na𝗏i出狱了！🎉🎉🎉
[2026-02-22 00:55:18] Subto: 你们千万别带玩机器双标扁食节奏啊！我知道没人带我就是提一嘴
[2026-02-22 00:55:18] 好哥们黑龙歼灭刀: 给我这个0个major🔪尸的世1⃣️步看笑了
[2026-02-22 00:55:19] 今早的早餐: 卧槽，a𝗏出狱了！🎉🎉🎉
[2026-02-22 00:55:19] 玩大虾丶NiKo: 卧槽，na𝗏i出狱了！🎉🎉🎉
[2026-02-22 00:55:19] lonhkfd: 卧槽，na𝗏i出狱了！🎉🎉🎉
[2026-02-22 00:55:19] Amaziki: 卧槽，na𝗏i出狱了！🎉🎉🎉
[2026-02-22 00:55:19] MOUZEsports的N1ko本人: 卧槽，na𝗏i出狱了！🎉🎉🎉
[2026-02-22 00:55:19] 妖艳阿卡莎: 匕匕亥亥jor 冠军🏆🏆🏆
[2026-02-22 00:55:20] SpectacularBid: 卧槽，na𝗏i出狱了！🎉🎉🎉
[2026-02-22 00:55:20] 轻叹花开红颜落: 卧槽，na𝗏i出狱了！🎉🎉🎉
[2026-02-22 00:55:20] 空有无垠: 比孖jar冠军
[2026-02-22 00:55:20] 1十甫0: 卧槽，na𝗏i出狱了！🎉🎉🎉
[2026-02-22 00:55:20] LA的勒布朗本人: 匕匕亥亥jor 冠军🏆🏆🏆
[2026-02-22 00:55:20] vinnie221: 卧槽，na𝗏i出狱了！🎉🎉🎉
[2026-02-22 00:55:21] 森林与雁: @如意如意zy：载慕斯粉丝来了（捂鼻）
[2026-02-22 00:55:21] Leo七九: 卧槽，na𝗏i出狱了！🎉🎉🎉
[2026-02-22 00:55:21] 努力慢慢变强: 匕匕亥亥jor 冠军🏆🏆🏆
[2026-02-22 00:55:21] 用户2421654511: 卧槽，na𝗏i出狱了！🎉🎉🎉
[2026-02-22 00:55:21] 沐风Charlie: 卧槽，na𝗏i出狱了！🎉🎉🎉
[2026-02-22 00:55:21] if0n1y: 卧槽，na𝗏i出狱了！🎉🎉🎉
[2026-02-22 00:55:21] flukun可以有牛但没必要: 猎鹰王朝👑猎鹰王朝👑猎鹰王朝👑猎鹰王朝👑猎鹰王朝👑猎鹰王朝👑猎鹰王朝👑猎鹰王朝👑猎鹰
[2026-02-22 00:55:22] an0v0y: 卧槽，na𝗏i出狱了！🎉🎉🎉
[2026-02-22 00:55:22] 敢反抗我我就艹你: 卧槽，na𝗏i出狱了！🎉🎉🎉
[2026-02-22 00:55:22] 羊驼主播: 卧槽，na𝗏i出狱了！🎉🎉🎉
[2026-02-22 00:55:22] richardlee97: 匕匕亥亥jor 季军大满贯🥉🥉🥉
[2026-02-22 00:55:22] 阿良良木历Koyomi: 以后别叫尼尼了，叫匕匕吧，尸都被扁没了
[2026-02-22 00:55:22] 这是个有趣的名字呢: 匕匕亥亥jor 冠军🏆🏆🏆
[2026-02-22 00:55:23] 星川崎: 卧槽，na𝗏i出狱了！🎉🎉🎉
[2026-02-22 00:55:23] Subto: 你们千万别带玩机器双标扁食节奏啊！我知道没人带我就是提一嘴
[2026-02-22 00:55:23] 玩坤坤丶Chicken: 卧槽，na𝗏i出狱了！🎉🎉🎉
[2026-02-22 00:55:23] 人生无喜剧: 卧槽，na𝗏i出狱了！🎉🎉🎉
[2026-02-22 00:55:23] LA的勒布朗本人: 匕匕亥亥jor 冠军🏆🏆🏆
[2026-02-22 00:55:23] 窝法25年零分冠: 卧槽，a𝗏出狱了！🎉🎉🎉
[2026-02-22 00:55:24] 普通网友小沈: 🧊粉闹麻了，zywoo有niko人品的十分之一吗？😅
[2026-02-22 00:55:24] bsqqaq: 匕匕亥亥jor 季军大满贯🥉🥉🥉
[2026-02-22 00:55:24] 烟雾王冠: 匕匕亥亥jor 冠军🏆🏆🏆
[2026-02-22 00:55:24] Time0Machine: 卧槽，na𝗏i出狱了！🎉🎉🎉
[2026-02-22 00:55:24] SuperP681: 匕匕亥亥jor 冠军🏆🏆🏆
[2026-02-22 00:55:24] 假如一切是虚幻: 匕匕亥亥jor 冠军🏆🏆🏆
[2026-02-22 00:55:24] LvvsiN: 别解说了 多聊会天 你不会真的以为能输吧
[2026-02-22 00:55:24] gandalfr614: 匕匕亥亥jor 冠军🏆🏆🏆
[2026-02-22 00:55:24] 椎名真白ii丶: 卧槽，na𝗏i出狱了！🎉🎉🎉
[2026-02-22 00:55:24] 忽孝山庄: 卧槽，na𝗏i出狱了！🎉🎉🎉
[2026-02-22 00:55:24] 甘織玲奈子: 卧槽，na𝗏i出狱了！🎉🎉🎉
[2026-02-22 00:55:25] 寻血猎犬0V0: 匕匕亥亥jor 冠军🏆🏆🏆
[2026-02-22 00:55:25] 星海羽弦: 卧槽，na𝗏i出狱了！🎉🎉🎉
[2026-02-22 00:55:25] LokiAka: ⓘ您已被天师庄方宜举报封禁，点击了解武陵社会信用desuw@
[2026-02-22 00:55:25] 玩机器你不看小蜜蜂: 匕匕亥亥jor 冠军🏆🏆🏆
[2026-02-22 00:55:25] 罹鸽儿: 卧槽，na𝗏i出狱了！🎉🎉🎉
[2026-02-22 00:55:25] 劉膿dewasu: 辨识业一刀一刀编编编也会编n'i'koo'm'y'n'e's'yn
[2026-02-22 00:55:26] 汤汤魔魔mmmmmmmmajor冠军: 匕匕亥亥jor 冠军🏆🏆🏆
[2026-02-22 00:55:26] 用户2676812125: 卧槽，na𝗏i出狱了！🎉🎉🎉
[2026-02-22 00:55:26] IM一条滇狗: 匕匕亥亥jor 冠军🏆🏆🏆
[2026-02-22 00:55:26] 都觉得卡了: 匕匕亥亥jor 冠军🏆🏆🏆
[2026-02-22 00:55:26] LvvsiN: 男人一生只哭十八次：niko十七次梦碎major正赛, niko梦碎里约major RMR＼
[2026-02-22 00:55:27] 久遠寺有珠Alice: 匕匕亥亥jor 冠军🏆🏆🏆
[2026-02-22 00:55:27] AmamiyaIori: 哦，对了，关注UP主7天以上的人可发评论
[2026-02-22 00:55:27] 喉宝Eilf: 最香的四双袜子：长崎素世黑色小腿袜，丰川祥子的花边白袜，若叶睦的淡黄色短袜，千早爱音的羽丘绿袜
[2026-02-22 00:55:27] a1441f: 卧槽，na𝗏i出狱了！🎉🎉🎉
[2026-02-22 00:55:27] 爱斯忑音音: 送了人偶后六级看完更想登山了😅
[2026-02-22 00:55:28] 汤汤魔魔mmmmmmmmajor冠军: 匕匕亥亥jor 冠军🏆🏆🏆
[2026-02-22 00:55:28] 猫心碎会失去几条命: 匕匕亥亥jor 冠军🏆🏆🏆
[2026-02-22 00:55:28] darkchest: 玩机器好可怜啊，他们又欺负你，只有我才是最爱你的
[2026-02-22 00:55:28] 佐咲纱花: 我的青春是kobe-布莱恩特 心中永远的第一 1MVP、5总冠军、2FMVP 1次阵亡
[2026-02-22 00:55:28] LA的勒布朗本人: 匕匕亥亥jor 冠军🏆🏆🏆
[2026-02-22 00:55:28] LvvsiN: 我提一嘴这剧情越来越像上海major了
[2026-02-22 00:55:29] insod: 卧槽，na𝗏i出狱了！🎉🎉🎉
[2026-02-22 00:55:29] AcceleratorlllL: 卧槽，na𝗏i出狱了！🎉🎉🎉
[2026-02-22 00:55:29] 监狱的二阶堂sh1ro本人: 今天怎么没人发处刑了，是开魔女审判的大姐姐不在吗
[2026-02-22 00:55:29] 久遠寺有珠Alice: 匕匕亥亥jor 冠军🏆🏆🏆
[2026-02-22 00:55:29] 小蜜蜂的长期素食本人: 卧槽，na𝗏i出狱了！🎉🎉🎉
[2026-02-22 00:55:29] 红烧哈基米: 玩神是不是屏蔽词到上限了？
[2026-02-22 00:55:29] 八重森彌妮: 匕匕亥亥jor 季军大满贯🥉🥉🥉
[2026-02-22 00:55:29] 石家庄的刘亦博本人: 匕匕亥亥jor 冠军🏆🏆🏆
[2026-02-22 00:55:30] 凌云至上者: 匕匕亥亥jor 冠军🏆🏆🏆
[2026-02-22 00:55:30] HastsuneMiku: 卧槽，na𝗏i出狱了！🎉🎉🎉
[2026-02-22 00:55:30] 5388688hjv: 卧槽，na𝗏i出狱了！🎉🎉🎉
[2026-02-22 00:55:30] 6657Bullys1mple: 匕匕亥亥jor 冠军🏆🏆🏆
[2026-02-22 00:55:30] 沐风Charlie: 匕匕亥亥jor 冠军🏆🏆🏆
[2026-02-22 00:55:30] WE丶繁梦: 卧槽，a𝗏出狱了！🎉🎉🎉
[2026-02-22 00:55:30] Vitality的羽贺文乃本人: 卧槽，na𝗏i出狱了！🎉🎉🎉
[2026-02-22 00:55:31] LA的勒布朗本人: 匕匕亥亥jor 冠军🏆🏆🏆
[2026-02-22 00:55:31] 宗宗若若major冠军: 卧槽，na𝗏i出狱了！🎉🎉🎉
[2026-02-22 00:55:31] 久遠寺有珠Alice: 匕匕亥亥jor 冠军🏆🏆🏆
[2026-02-22 00:55:31] 天魔外道y: 匕匕亥亥jor 冠军🏆🏆🏆
[2026-02-22 00:55:31] 丶小恐龙丶: 卧槽，na𝗏i出狱了！🎉🎉🎉
[2026-02-22 00:55:31] 不变的追求717: 卧槽，na𝗏i出狱了！🎉🎉🎉
[2026-02-22 00:55:31] 昌岗陈坤: 危险比分都不封这个封？别逗我笑了
[2026-02-22 00:55:32] 草莓冰酪: 匕匕亥亥jor 冠军🏆🏆🏆
[2026-02-22 00:55:32] Subto: 你们千万别带玩机器双标扁食节奏啊！我知道没人带我就是提一嘴
[2026-02-22 00:55:32] FaZe的喜多川海梦本人: 俩鱿鱼菜麻了
[2026-02-22 00:55:33] WEYyuki: 玩已驼
[2026-02-22 00:55:33] 一条悦动的咸鱼: 你们千万别带玩机器双标扁食节奏啊！我知道没人带我就是提一嘴
[2026-02-22 00:55:33] 发复古弹幕: 弹幕好多字在飘.......
[2026-02-22 00:55:33] NJU的cdz本人: 尼妮是匕匕
[2026-02-22 00:55:33] LA的勒布朗本人: 匕匕亥亥jor 冠军🏆🏆🏆
[2026-02-22 00:55:33] 爆爆爆开爆: 匕匕亥亥jor 冠军🏆🏆🏆
[2026-02-22 00:55:33] 奥拉夫的蛋炒饭: 哦，对了，关注UP主7天以上的人可发评论这—块
[2026-02-22 00:55:33] 邻家的绿茶男孩: 匕匕亥亥jor 冠军🏆🏆🏆
[2026-02-22 00:55:33] 空有无垠: 比孖jar冠军
[2026-02-22 00:55:34] kyubit: 哦，对了，关注UP主7天以上的人可发评论
[2026-02-22 00:55:34] 尼尼孩孩京京驴驴: 匕匕亥亥jor 冠军🏆🏆🏆
[2026-02-22 00:55:35] 一条悦动的咸鱼: 你们千万别带玩机器双标扁食节奏啊！我知道没人带我就是提一嘴
[2026-02-22 00:55:35] Subto: 你们千万别带玩机器双标扁食节奏啊！我知道没人带我就是提一嘴
[2026-02-22 00:55:35] 神马米洛: 匕匕亥亥jor 冠军🏆🏆🏆
[2026-02-22 00:55:35] 瓦魚: 卧槽，na𝗏i出狱了！🎉🎉🎉
[2026-02-22 00:55:35] 我有大脑袋: 卧槽，na𝗏i出狱了！🎉🎉🎉
[2026-02-22 00:55:36] LA的勒布朗本人: 匕匕亥亥jor 冠军🏆🏆🏆
[2026-02-22 00:55:36] 圣诞节二人组: nota被niko进行完神秘仪式后像被夺舍了一样。。。
[2026-02-22 00:55:36] 狗洞载猪虾畜菜点: 您已被全站禁言。禁言原因：蓄意引战 解禁时间：2026-02-22 00:50:38
[2026-02-22 00:55:37] LvvsiN: 屏幕中间弹幕这么狂？站那不走了还剧透分，你当你是主办方？？
[2026-02-22 00:55:37] Hakurei-Re1mu: 卧槽，a𝗏出狱了！🎉🎉🎉
[2026-02-22 00:55:37] 一条悦动的咸鱼: 你们千万别带玩机器双标扁食节奏啊！我知道没人带我就是提一嘴
[2026-02-22 00:55:37] 智力亡: 卧槽，na𝗏i出狱了！🎉🎉🎉
[2026-02-22 00:55:38] 余欢why: 1
[2026-02-22 00:55:38] Eke星辰: 1换1，又可以运营了
[2026-02-22 00:55:38] 钟初若叶睦: @陈千语：（猛地转身面向你）（生气地朝你比拳头）（气鼓鼓地朝你嘟嘴）喵
[2026-02-22 00:55:39] LvvsiN: 男人一生只哭十八次：niko十七次梦碎major正赛, niko梦碎里约major RMR＼
[2026-02-22 00:55:39] 一条悦动的咸鱼: 你们千万别带玩机器双标扁食节奏啊！我知道没人带我就是提一嘴
[2026-02-22 00:55:39] 空青丶: 你们千万别带玩机器双标扁食节奏啊！我知道没人带我就是提一嘴
[2026-02-22 00:55:39] 丿年华不再: 哦，对了，关注UP主7天以上的人可发评论
[2026-02-22 00:55:39] SuperP681: 你们千万别带玩机器双标扁食节奏啊！我知道没人带我就是提一嘴
[2026-02-22 00:55:40] QU总的双下巴: 匕匕亥亥jor 冠军🏆🏆🏆
[2026-02-22 00:55:40] 陨落心炎J: 😄你看，我把💧拿下来了，😅我又放回去了，😄我又拿下来了，我把💧拿下来了，😅我又放回去了
[2026-02-22 00:55:40] 草莓冰酪: 匕匕亥亥jor 冠军🏆🏆🏆
[2026-02-22 00:55:41] 载物的大大大狙: 卧槽，na𝗏i出狱了！🎉🎉🎉
[2026-02-22 00:55:41] Subto: 你们千万别带玩机器双标扁食节奏啊！我知道没人带我就是提一嘴
[2026-02-22 00:55:41] LvvsiN: 其实碗橱就是猪灵，你不拿黄金丢他他就不跟你说话
[2026-02-22 00:55:41] 猫心碎会失去几条命: 匕匕亥亥jor 季军大满贯🥉🥉🥉
[2026-02-22 00:55:41] BenArtist: 二月都敢串玩机器啊，牛比。。。
[2026-02-22 00:55:41] 阿良良木历Koyomi: 以后别叫尼尼了，叫匕匕吧，尸都被扁没了
[2026-02-22 00:55:41] 偷摸灵感菇: 我的青春是kobe-布莱恩特 心中永远的第一 1MVP、5总冠军、2FMVP 1次阵亡
[2026-02-22 00:55:41] 一条悦动的咸鱼: 你们千万别带玩机器双标扁食节奏啊！我知道没人带我就是提一嘴
[2026-02-22 00:55:41] 好哥们黑龙歼灭刀: 你们千万别带玩机器双标扁食节奏啊！我知道没人带我就是提一嘴
[2026-02-22 00:55:41] Him想要努力变胖: but
[2026-02-22 00:55:42] dark1337: 卧槽，na𝗏i出狱了！🎉🎉🎉
[2026-02-22 00:55:42] StellarEchoes: 了！🎉🎉🎉卧槽，na𝗏i出狱了！🎉🎉🎉
[2026-02-22 00:55:42] big闸总: but
[2026-02-22 00:55:43] 雪花飛: but
[2026-02-22 00:55:43] 玉米卧槽: 您已被全站禁言。禁言原因：蓄意引战 解禁时间：2026-02-22 00:50:38
[2026-02-22 00:55:43] LvvsiN: 弹幕也就网上说说，现实里谁不觉得樱姐是好女孩（删括号领一条远坂凛同款鸟笼）
[2026-02-22 00:55:43] Lucifer丶nai: 匕匕亥亥jor 冠军🏆🏆🏆
[2026-02-22 00:55:43] 草莓冰酪: 匕匕亥亥jor 冠军🏆🏆🏆
[2026-02-22 00:55:44] Ayu824: 您已被全站禁言。禁言原因：蓄意引战 解禁时间：2026-02-22 00:50:38
[2026-02-22 00:55:44] 海绵宝宝小能儿: 匕匕亥亥jor 冠军🏆🏆🏆
[2026-02-22 00:55:44] AfKCola: 你们千万别带玩机器双标扁食节奏啊！我知道没人带我就是提一嘴
[2026-02-22 00:55:44] G4RYPU: 匕匕亥亥jor 冠军🏆🏆🏆
[2026-02-22 00:55:44] 迷你世界丁真学姐1: 您已被全站禁言。禁言原因：蓄意引战 解禁时间：2026-02-22 00:50
[2026-02-22 00:55:44] 猫心碎会失去几条命: 匕匕亥亥jor 冠军🏆🏆🏆
[2026-02-22 00:55:45] Er1cXxs: 卧槽，na𝗏i出狱了！🎉🎉🎉
[2026-02-22 00:55:45] 辣辣米米辣辣: 托子！
[2026-02-22 00:55:45] Inori97: 匕匕亥亥jor 冠军🏆🏆🏆
[2026-02-22 00:55:45] LvvsiN: 就tm喜欢银行业🥰银行坏账我喜欢🥰银行挤兑我还喜欢😍利率调低我也喜欢🤤老子亲烂银行业的脸😘
[2026-02-22 00:55:45] N0rnnal: 卧槽，a𝗏出狱了！🎉🎉🎉
[2026-02-22 00:55:45] 用户0553661491: 你们千万别带玩机器双标扁食节奏啊！我知道没人带我就是提一嘴
[2026-02-22 00:55:45] 防天防地防空气: 你们千万别带玩机器双标扁食节奏啊！我知道没人带我就是提一嘴
[2026-02-22 00:55:45] 安妮sweet: 666
[2026-02-22 00:55:45] Chiruuu: 尸
[2026-02-22 00:55:46] wuyanblabla: but
[2026-02-22 00:55:46] 千语千棘: 我的青春是kobe-布莱恩特 心中永远的第一 1MVP、5总冠军、2FMVP 1次阵亡
[2026-02-22 00:55:46] 失心之: but look
[2026-02-22 00:55:46] NULL2207: 卧槽，na𝗏i出狱了！🎉🎉🎉
[2026-02-22 00:55:47] LvvsiN: 其实碗橱就是猪灵，你不拿黄金丢他他就不跟你说话
[2026-02-22 00:55:47] Abramwow: BUT
[2026-02-22 00:55:47] Hariner: 你们千万别带玩机器双标扁食节奏啊！我知道没人带我就是提一嘴
[2026-02-22 00:55:47] 要团结别骂人: nut
[2026-02-22 00:55:48] 余生从此寄沧海: 卧槽，na𝗏i出狱了！🎉🎉🎉
[2026-02-22 00:55:48] 仙粉美滋滋: 匕匕亥亥jor 冠军🏆🏆🏆
[2026-02-22 00:55:48] 玩坤坤丶Chicken: 托神
[2026-02-22 00:55:48] dark1337: but
[2026-02-22 00:55:48] 发复古弹幕: 您已被全站禁言。禁言原因：蓄意引战 解禁时间：2026-02-22 00:50:38
[2026-02-22 00:55:49] 格子猫QAQ: 没有人觉得匕可也很可爱吗🥺🥺
[2026-02-22 00:55:49] fo系老老萨满: 卧槽，a𝗏出狱了！🎉🎉🎉
[2026-02-22 00:55:49] 我4礼堂顶针: 你们千万别带玩机器双标扁食节奏啊！我知道没人带我就是提一嘴
[2026-02-22 00:55:49] 求奶lzx考不上华南师范: 匕匕亥亥jor 冠军🏆🏆🏆
[2026-02-22 00:55:49] Saiki559: 你们千万别带玩机器双标扁食节奏啊！我知道没人带我就是提一嘴
[2026-02-22 00:55:49] 猫心碎会失去几条命: 匕匕亥亥jor 季军大满贯🥉🥉🥉
[2026-02-22 00:55:50] xOcOg: “伊利亚，今年再拿不到m a j o r我们就退役”“我也要退吗”“对”
[2026-02-22 00:55:50] 博文09197: but
[2026-02-22 00:55:50] 正直的鸡哥: 321掉！
[2026-02-22 00:55:51] Ganbei4Eureka: 匕匕亥亥jor 冠军🏆🏆🏆
[2026-02-22 00:55:51] 丿年华不再: 你们千万别带玩机器双标扁食节奏啊！我知道没人带我就是提一嘴
[2026-02-22 00:55:51] LvvsiN: 别解说了 多聊会天 你不会真的以为能输吧
[2026-02-22 00:55:51] 跛罗货啊哦额: 抓娃娃
[2026-02-22 00:55:51] Subto: 你们千万别带玩机器双标扁食节奏啊！我知道没人带我就是提一嘴
[2026-02-22 00:55:52] 夺云丶: 清理🧊粉 清理🧊粉 清理🧊粉 清理🧊粉 清理🧊粉 清理🧊粉 清理🧊粉 清理🧊粉
[2026-02-22 00:55:52] 永冬938: 托神
[2026-02-22 00:55:52] 莫情123: 卧槽，a𝗏出狱了！🎉🎉🎉
[2026-02-22 00:55:52] 科隆major干回来: ~
[2026-02-22 00:55:52] 维他立体的r6pz本人: but
[2026-02-22 00:55:53] 猫心碎会失去几条命: 匕匕亥亥jor 冠军🏆🏆🏆
[2026-02-22 00:55:53] 宇莓: 别搞笑了，这比赛他花了钱的还有赞助的事没弄完，你就是真串到他头上他也不敢登山
[2026-02-22 00:55:53] 爱道冠: 卧槽，na𝗏i出狱了！🎉🎉🎉
[2026-02-22 00:55:53] LvvsiN: 你屏蔽词都快赶上新华词典了为什么不干脆开一百级发言？
[2026-02-22 00:55:53] 1freet: 2k位
[2026-02-22 00:55:54] 不变的追求717: 匕匕亥亥jor 冠军🏆🏆🏆
[2026-02-22 00:55:55] 什么名字都被用了诶: 经典三箱狙
[2026-02-22 00:55:55] 上帝想玩机器了: 1
[2026-02-22 00:55:55] LvvsiN: 额，拿亚军我都会，拿亚军，拿季军，拿四强，拿八强，拿十六强，呃拿冠军我不会，然后小组赛淘汰
[2026-02-22 00:55:55] 防天防地防空气: 匕匕亥亥jor 季军大满贯🥉🥉🥉
[2026-02-22 00:55:56] 爱斯忑音音: 可惜
[2026-02-22 00:55:56] 詹姆座下第一炽天使: 可惜
[2026-02-22 00:55:56] 玩刘农device: 哈人
[2026-02-22 00:55:57] JiJieHao的BOROS本人: 趣事
[2026-02-22 00:55:57] 玉米卧槽: 可惜
[2026-02-22 00:55:57] 鲤鱼1: ？
[2026-02-22 00:55:57] 枕边有个二次元: 慢
[2026-02-22 00:55:57] LvvsiN: 你为什么要把mαjor禁了，我收藏的一半弹幕全毁了
[2026-02-22 00:55:57] 无刘海美女: 哈人
[2026-02-22 00:55:57] KuronekoSummer: 可惜了
[2026-02-22 00:55:57] Subto: 你们千万别带玩机器双标扁食节奏啊！我知道没人带我就是提一嘴
[2026-02-22 00:55:57] 荷兰老司机: 米人差点又送了
[2026-02-22 00:55:58] 静寂风: 米
[2026-02-22 00:55:58] 小小小蕉: 可惜
[2026-02-22 00:55:58] 尼尼孩孩京京驴驴: 匕匕亥亥jor 季军大满贯🥉🥉🥉
[2026-02-22 00:55:58] ArZhe阿哲: 可惜
[2026-02-22 00:55:58] 落玉盤: 可惜
[2026-02-22 00:55:58] 雪枝枝qwq: 托处
[2026-02-22 00:55:58] 第三猪白猪玩斯曼: 清理🧊粉 清理🧊粉 清理🧊粉 清理🧊粉 清理🧊粉 清理🧊粉 清理🧊粉 清理🧊粉
[2026-02-22 00:55:58] 尼古拉刘亦博: 哈人
[2026-02-22 00:55:58] 我的青春是大表哥: 经典三箱狙
[2026-02-22 00:55:58] 玩大哥你的蚯蚓好小: 卧槽，a𝗏出狱了！🎉🎉🎉
[2026-02-22 00:55:59] 古堡12枪战神: 可惜
[2026-02-22 00:55:59] 宛平南路600号主治医生: 可惜
[2026-02-22 00:55:59] 水球碳酸饮料: 可惜
[2026-02-22 00:55:59] LvvsiN: 屏幕中间弹幕这么狂？站那不走了还剧透分，你当你是主办方？？
[2026-02-22 00:55:59] 1048270453: 哈人
[2026-02-22 00:55:59] BleksiA: 可惜
[2026-02-22 00:56:00] 1Z的心: 翻了
[2026-02-22 00:56:00] 机器机器祝你天天开心: 哈人
[2026-02-22 00:56:00] 小爱同学学熊二说话: 匕匕亥亥jor 冠军🏆🏆🏆
[2026-02-22 00:56:00] 玩机器的小jj: 米人总算没送大的
[2026-02-22 00:56:00] 我知道的一点也不多: 经典三箱狙
[2026-02-22 00:56:00] 阿良良木历Koyomi: 以后别叫尼尼了，叫匕匕吧，尸都被扁没了
[2026-02-22 00:56:00] 田所浩二114514: 额，拿亚军我都会，拿亚军，拿季军，拿四强，拿八强，拿十六强，呃拿冠军我不会，然后小组赛淘汰
[2026-02-22 00:56:01] 环印骑士枪: 可惜
[2026-02-22 00:56:01] 丶小恐龙丶: 可惜
[2026-02-22 00:56:01] 我是一个医保卡: 可惜
[2026-02-22 00:56:01] djklyk: 可惜
[2026-02-22 00:56:01] 锦书难托1109: 匕匕亥亥jor 冠军🏆🏆🏆
[2026-02-22 00:56:01] 玩斯特出出6657: 哈人
[2026-02-22 00:56:01] 初霜prpr: 三箱趣事
[2026-02-22 00:56:01] 奥拉夫的蛋炒饭: 匕匕亥亥jor 季军大满贯🥉🥉🥉这—块
[2026-02-22 00:56:01] Deco21: 闹麻了
[2026-02-22 00:56:01] P1nkAy1: 一分不拿啊
[2026-02-22 00:56:01] 未酲儿: 米
[2026-02-22 00:56:01] 李小小与虾大大: @Jame：kk，你转瓦吧
[2026-02-22 00:56:02] Subto: 匕匕亥亥jor 季军大满贯🥉🥉🥉
[2026-02-22 00:56:02] 劉膿dewasu: 辨识业一刀一刀编编编也会编n'i'koo'm'y'n'e's'yn
[2026-02-22 00:56:02] 中野家的三玖丈夫本人: 一脚
[2026-02-22 00:56:02] 残刃下心: 可惜
[2026-02-22 00:56:02] 用户2381770840: 匕匕亥亥jor 冠军🏆🏆🏆
[2026-02-22 00:56:02] bsqqaq: 弹幕本质尼孝。现在还在带宽冠军的
[2026-02-22 00:56:03] 叫我小帅哥就好了: bb 2-0 100t了
[2026-02-22 00:56:03] 环印骑士枪: 可惜
[2026-02-22 00:56:03] Aleksumimi: 玩机器就是一条双标的滥权
[2026-02-22 00:56:03] 滑铲上天: 三箱兄弟
[2026-02-22 00:56:03] 辰宿盈昃: but
[2026-02-22 00:56:03] 璃月的假死钟离本人: 弹幕别发了我才十五级😭😭😭
[2026-02-22 00:56:04] ahhhhhhhhhhhhhhhhhhh: 嘘嘘嘘
[2026-02-22 00:56:04] 怒之拳: 翻了
[2026-02-22 00:56:04] 偷哦嘘鞭贷拔: 可惜
[2026-02-22 00:56:04] 韩世天的屎妈: 匕匕亥亥jor 季军大满贯🥉🥉🥉
[2026-02-22 00:56:04] 羽丘的anon本人: 2k
[2026-02-22 00:56:04] 康托尔74920: 经典三箱狙
[2026-02-22 00:56:04] 没有黑幕孙一峰: 图书馆了
[2026-02-22 00:56:05] ququ早日换完代款: 牛逼
[2026-02-22 00:56:05] NateQAQ: 补不完的三箱
[2026-02-22 00:56:05] richardlee97: 你们千万别带玩机器双标扁食节奏啊！我知道没人带我就是提一嘴
[2026-02-22 00:56:05] 床精: 卧槽，na𝗏i出狱了！🎉🎉🎉
[2026-02-22 00:56:05] bsqqaq: 弹幕本质尼孝。现在还在带宽冠军的
[2026-02-22 00:56:06] 好兄弟苍蓝瑆: 还好吗
[2026-02-22 00:56:06] 秋茶小雪: 帅啊
[2026-02-22 00:56:06] 房同学19554: 千万别用双倍卡⚠️千万别用双倍卡⚠️千万别用双倍卡⚠️千万别用双倍卡⚠️千万别用双倍卡⚠️
[2026-02-22 00:56:06] 好哥们黑龙歼灭刀: 辨识业一刀一刀编编编也会编n'i'koo'm'y'n'e's'yn
[2026-02-22 00:56:06] 玩大哥你的蚯蚓好小: 经典三箱狙
[2026-02-22 00:56:06] 弱智骚年欢乐多: 匕匕亥亥jor 季军大满贯🥉🥉🥉这—块
[2026-02-22 00:56:06] metalpoison: 原来不掉线的三箱狙这么强啊
[2026-02-22 00:56:07] 吴本伟nb: 匕匕来v了
[2026-02-22 00:56:07] 快乐小德zzz: 匕匕亥亥jor 季军大满贯🥉🥉🥉
[2026-02-22 00:56:07] Vitality的Kyojin本人: 可惜
[2026-02-22 00:56:07] 刘农痴呆不忘带永恒: 以后别叫尼尼了，叫匕匕吧，尸都被扁没了
[2026-02-22 00:56:07] 发复古弹幕: 经典三箱狙
[2026-02-22 00:56:08] 我吃柠檬树: @Jame：kk，你转瓦吧
[2026-02-22 00:56:08] Aabv8877: 米圣
[2026-02-22 00:56:08] 热心好邻居: ？
[2026-02-22 00:56:08] 送了3年钻粉没进群: 不掉线的三箱就是强啊
[2026-02-22 00:56:08] 有你便是世界1: 2kplay
[2026-02-22 00:56:08] 落玉盤: 哈哈哈哈哈哈
[2026-02-22 00:56:08] 闸北第一solo: 掉线
[2026-02-22 00:56:08] 血樱幽世: ?
[2026-02-22 00:56:08] 无果y丶: 匕匕亥亥jor 季军大满贯🥉🥉🥉
[2026-02-22 00:56:09] jianxideminggzi: 哈哈哈哈哈哈哈哈哈哈哈哈
[2026-02-22 00:56:09] bsqqaq: 弹幕本质尼孝。现在还在带宽冠军的
[2026-02-22 00:56:09] 汤汤魔魔mmmmmmmmajor冠军: @Jame：kk，你转瓦吧
[2026-02-22 00:56:09] 王佰柒柒: 匕匕亥亥jor 季军大满贯🥉🥉🥉
[2026-02-22 00:56:09] RabbitRay: torzsi怎么不掉线啊？
[2026-02-22 00:56:09] 好姐妹芙卡洛斯: ？
[2026-02-22 00:56:09] 消逝の繁星: 你为什么要把mαjor禁了，我收藏的一半弹幕全毁了
[2026-02-22 00:56:10] 丶小恐龙丶: @Jame：kk，你转瓦吧
[2026-02-22 00:56:10] 我爱lick宫监蜡烛: 加咯～（∠・ω〈 )⌒★
[2026-02-22 00:56:10] 监狱的二阶堂sh1ro本人: 趣事
[2026-02-22 00:56:10] 999绝情殇: 哈哈哈哈哈哈哈哈哈
[2026-02-22 00:56:11] 夺云丶: 匕匕亥亥jor 季军大满贯🥉🥉🥉
[2026-02-22 00:56:11] 正经猪头肉: 闹麻了
[2026-02-22 00:56:11] 青年discoo: 匕匕亥亥jor 季军大满贯🥉🥉🥉
[2026-02-22 00:56:11] 软萌可爱六花酱: 谁还不会玩个CT啊
[2026-02-22 00:56:11] 天守阁信长: 可惜
[2026-02-22 00:56:12] 好哥们黑龙歼灭刀: 匕匕亥亥jor 季军大满贯🥉🥉🥉
[2026-02-22 00:56:12] Banggeul: 两坨
[2026-02-22 00:56:12] bsqqaq: 弹幕本质尼孝。现在还在带宽冠军的
[2026-02-22 00:56:12] Evelexl: 匕匕亥亥jor 冠军🏆🏆🏆
[2026-02-22 00:56:12] sayhelloalone: 弹幕别发了我才十五级😭😭😭
[2026-02-22 00:56:12] loverboy888: ？？
[2026-02-22 00:56:12] 老奇崔恩: ？
[2026-02-22 00:56:12] valorant玩机器: ?
[2026-02-22 00:56:13] 哦可喜欢我: 还有我bin哥的事？
[2026-02-22 00:56:13] Ralmnstr: 闹麻了
[2026-02-22 00:56:13] 我爱lick宫监蜡烛: 加咯～（∠・ω〈 )⌒★
[2026-02-22 00:56:13] 旧城乀873: 哈哈哈哈哈哈哈
[2026-02-22 00:56:14] 鲸鱼向海鲸鱼向海: 闹麻了
[2026-02-22 00:56:14] 涼風涼風涼: 哈哈哈哈哈哈哈哈哈
[2026-02-22 00:56:14] 卡啊卡卡丶: 哈哈哈哈哈哈
[2026-02-22 00:56:14] 热体温却无灵魂: 闹麻
[2026-02-22 00:56:14] bsqqaq: 弹幕本质尼孝。现在还在带宽冠军的
[2026-02-22 00:56:14] 最强反派Vitality: 匕匕亥亥jor 冠军🏆🏆🏆
[2026-02-22 00:56:15] 到鱼一观: ？
[2026-02-22 00:56:15] 这里是小天啊: 哈哈哈哈哈哈哈哈哈
[2026-02-22 00:56:15] PPAPPEN1: 爆
[2026-02-22 00:56:15] 好兄弟苍蓝瑆: 恨詹
[2026-02-22 00:56:15] 给15岁的自己: 下半场颗还没拿过分啊
[2026-02-22 00:56:15] 欧内的手丨好汉: 玩的福真的臭
[2026-02-22 00:56:15] BleksiA: 不会真翻了吧
[2026-02-22 00:56:15] 即将拥有PDD的人鱼线丿: 不想走出现场了
[2026-02-22 00:56:15] 吴本伟nb: 匕匕
[2026-02-22 00:56:15] 古堡12枪战神: 吁吁吁
[2026-02-22 00:56:15] myGo的anon: 支持
[2026-02-22 00:56:16] 八苦大师: ？
[2026-02-22 00:56:16] 小小小蕉: ?
[2026-02-22 00:56:16] Aabv8877: 确实
[2026-02-22 00:56:16] 番薯Zywoo: 原来不掉线的三箱狙这么强啊
[2026-02-22 00:56:16] 海绵宝宝噶点儿: 😩👎吁！！😩👎吁！！😩👎吁！！😩👎吁！！😩👎吁！！😩👎吁！！
[2026-02-22 00:56:16] 小川阿丶: 哈哈哈哈哈哈哈哈哈哈
[2026-02-22 00:56:17] 用户1104801676: 2K来全狙完了
[2026-02-22 00:56:17] eda778: 加咯～（∠・ω〈 )⌒★
[2026-02-22 00:56:17] 用户7123010964: 匕匕亥亥jor 冠军🏆🏆🏆
[2026-02-22 00:56:17] TODr1ver: 玩的福
[2026-02-22 00:56:17] CLANCHIC的Tomorain本人: 闹麻了
[2026-02-22 00:56:18] 丢你雷姆吔屎啦你: @stewie2k：ofc，这就是玩机器
[2026-02-22 00:56:18] MoriatyS623: 串
[2026-02-22 00:56:18] ArZhe阿哲: 绷不住了
[2026-02-22 00:56:18] 丰III祥子: 😫👎吁～😫👎吁～😫👎吁～😫👎吁～😫👎吁～😫👎吁～😫
[2026-02-22 00:56:18] accelerans: 了
[2026-02-22 00:56:18] 差不多66先生: 串
[2026-02-22 00:56:18] aminous: 爆
[2026-02-22 00:56:18] QC很牛很强大: 两条区
[2026-02-22 00:56:19] 李大钊与陈独秀: 玩的福真的臭
[2026-02-22 00:56:19] 梦的星: 爆
[2026-02-22 00:56:19] 未酲儿: 玩的福真的臭
[2026-02-22 00:56:19] 人生无喜剧: 千万别用双倍卡⚠️千万别用双倍卡⚠️千万别用双倍卡⚠️千万别用双倍卡⚠️千万别用双倍卡⚠️
[2026-02-22 00:56:19] 闸北第一solo: jame来了掉线了
[2026-02-22 00:56:19] 唯有、责任: 😩👎吁！！😩👎吁！！😩👎吁！！😩👎吁！！😩👎吁！！😩👎吁！！
[2026-02-22 00:56:20] NES丶大白白白呐: 爆
[2026-02-22 00:56:20] 麻顺米: 捂嘴了
[2026-02-22 00:56:20] LA的勒布朗本人: 匕匕亥亥jor 季军大满贯🥉🥉🥉
[2026-02-22 00:56:20] 快乐啃蹄蹄: @Jame：kk，你转瓦吧
[2026-02-22 00:56:20] 鹿公爷: 哈哈哈哈哈哈哈
[2026-02-22 00:56:21] 丶兔子先森: 匕匕亥亥Jor冠军🏆🏆🏆
[2026-02-22 00:56:21] hutji: 玩的福真的臭
[2026-02-22 00:56:21] 初霜prpr: 匕匕亥亥jor 冠军🏆🏆🏆
[2026-02-22 00:56:21] 驴驴尔隆的甲虫钥匙链: 爆
[2026-02-22 00:56:21] 0guriCap: 南孚一节更比六节强，也就是一节南孚比六节南孚强，六节南孚比三十六节强，三十六节比二百一十六节强。
[2026-02-22 00:56:21] 蛇鼠野菜汤: 爆
[2026-02-22 00:56:21] 冲上云霄的姨: 依托换依托
[2026-02-22 00:56:22] 海绵宝宝永琳儿: 闹麻了
[2026-02-22 00:56:22] 雪梨Iphone: 玩的福
[2026-02-22 00:56:22] 锂汁lizhi: 闹麻了
[2026-02-22 00:56:22] LvvsiN: 你屏蔽词都快赶上新华词典了为什么不干脆开一百级发言？
[2026-02-22 00:56:22] 海绵体宝宝左卫门儿: 捂嘴了
[2026-02-22 00:56:22] 海城人0: 没毛
[2026-02-22 00:56:23] 苏打饼干QvQ: 玩的福真的臭
[2026-02-22 00:56:23] 小小小蕉: 捂嘴了
[2026-02-22 00:56:23] 发复古弹幕: 爆
[2026-02-22 00:56:23] 拜仁慕尼黑穆西夏拉: 三箱狙太权威了
[2026-02-22 00:56:23] 油乎乎yhh: 有区别吗
[2026-02-22 00:56:23] djklyk: 玩的福真的臭
[2026-02-22 00:56:23] 女武神布伦希尔德: 玩的福
[2026-02-22 00:56:24] 林有为丶: 素质这么高
[2026-02-22 00:56:24] 玩机器的左高玩: 海参？骸身！
[2026-02-22 00:56:26] 我爱lick宫监蜡烛: 加咯～（∠・ω〈 )⌒★
[2026-02-22 00:56:27] 好哥们黑龙歼灭刀: 😩👎吁！！😩👎吁！！😩👎吁！！😩👎吁！！😩👎吁！！😩👎吁！！
[2026-02-22 00:56:27] gravityboat: 捂嘴了
