# room_id=6979222 host=玩机器丶Machine title=小众宝藏结晶直播 晚上八点来 live_time= fetch_time=2026-02-18 20:05:24
[2026-02-18 20:06:27] 用户1181920443: 直播间和殡仪馆越来越像了，主角明明已经不在了，大家依然围在旁边聊些不相干的东西，然后热度还很高
[2026-02-18 20:06:28] 几笔成书灬: phzy：易博快开门 是继爸😎😎😎
[2026-02-18 20:06:29] 菜星冲冲冲: 声音太大了😅
[2026-02-18 20:06:29] accelerans: 原来老汤是你这个不开播的跌啊，我看qu总全力解说A队以为是他的呢😅
[2026-02-18 20:06:29] 永远亭的辉夜本人: 千咲🥰珂莱塔🥰菲比🥰爱弥斯🥰莫宁🥰卡提希娅🥰玩机器🤮
[2026-02-18 20:06:29] 黄河流年: 黄焖鸡米饭居然是由定冻鸡、大狗椒、哈基米和灵感菇这种全明星阵容构成的吗
[2026-02-18 20:06:29] 柑橘树的柑橘树本人: 请主播回答于2018年2月29日于主播【米娜】直播间发送的弹幕“晃的我心慌”是什么意思
[2026-02-18 20:06:29] 尼古拉刘亦博: 声音太大了
[2026-02-18 20:06:29] 若叶睦吃苦瓜: phzy：易博快开门 是继爸😎😎😎
[2026-02-18 20:06:30] ikaros522: phzy：易博快开门 是继爸😎😎😎
[2026-02-18 20:06:30] 珠湿落幕: phzy：易博快开门 是继爸😎😎😎
[2026-02-18 20:06:31] 玩机器还我健康作息: faze的复活赛几点开
[2026-02-18 20:06:31] Arknife: 声音太大了😅
[2026-02-18 20:06:32] dinghaochen666: 原来老汤是你这个不开播的跌啊，我看qu总全力解说A队以为是他的呢😅
[2026-02-18 20:06:33] 明日方舟夕宝: 声音太大了😅
[2026-02-18 20:06:33] 99组的爱城华恋本人: 我🐉了？我🐉了？我🐉了？我🐉了？我🐉了？我🐉了？我🐉了？我🐉了？我🐉了？我🐉了？
[2026-02-18 20:06:34] 青青空空的青空: 你的直播为什么一直是游戏，你不能看会书吗？
[2026-02-18 20:06:34] 永远亭的辉夜本人: 凑友希那☺️今井莉莎😚冰川纱夜🤤宇田川亚子🥰白金燐子😍玩机器🤮
[2026-02-18 20:06:34] 玩机器是我霸: 高僧预测玩机器第一句话：宝宝们有人理理我吗
[2026-02-18 20:06:35] i化石-: 原来老汤是你这个不开播的跌啊，我看qu总全力解说A队以为是他的呢😅
[2026-02-18 20:06:35] 二等饼干ovo: 请主播回答于2018年2月29日于主播【米娜】直播间发送的弹幕“晃的我心慌”是什么意思
[2026-02-18 20:06:37] 千草的爱音本人: 尼尼💚孩孩💚尼尼💚孩孩💚尼尼💚孩孩💚尼尼💚孩孩💚
[2026-02-18 20:06:37] 永远爱玩宝宝: faze的复活赛几点开
[2026-02-18 20:06:38] Arknife: phzy：易博快开门 是继爸😎😎😎desuw@
[2026-02-18 20:06:39] G2丶m0NESY: 机器，下场比赛顶天2w贵宾了，别委屈了自己，睡觉去吧
[2026-02-18 20:06:40] 疯狂欧那尼: 听得见
[2026-02-18 20:06:42] 永远亭的辉夜本人: 樱羽艾玛☺️二阶堂希罗😚城崎诺亚🤤夏目安安🥰橘雪莉😍玩机器🤮
[2026-02-18 20:06:43] 黄河流年: 扫墓🧹扫墓🧹扫墓🧹扫墓🧹扫墓🧹扫墓🧹扫墓🧹扫墓🧹扫墓🧹扫墓🧹扫墓🧹扫墓🧹扫墓
[2026-02-18 20:06:43] 梦境之国的爱丽丝本人: 登山最速伝説と健步行の肥豚! 设备玩一郎です
[2026-02-18 20:06:44] pig头三两肉: 你的直播为什么一直是游戏，你不能看会书吗？
[2026-02-18 20:06:47] 永远亭的辉夜本人: 陈千语🥰佩丽卡🥰庄方宜🥰莱万汀🥰艾尔黛拉🥰玩机器🤮
[2026-02-18 20:06:49] 派斯特星星: 有宝宝吗
[2026-02-18 20:06:49] 我们也再难相遇: 扫墓🧹扫墓🧹扫墓🧹扫墓🧹扫墓🧹扫墓🧹扫墓🧹扫墓🧹扫墓🧹扫墓🧹扫墓🧹扫墓🧹扫墓
[2026-02-18 20:06:49] 樂斯特樂樂: 抓娃娃
[2026-02-18 20:06:50] 黄河流年: 有点刻晴了⚡给哥们都整甘雨了💧你脑子是不是不太凝光😅？真想给你一可莉💣
[2026-02-18 20:06:50] 缪尹阾: 你吧唧的声带被根状物堵住了？😓
[2026-02-18 20:06:51] 豆余的machine本人: 你的直播为什么一直是游戏，你不能看会书吗？
[2026-02-18 20:06:52] 直男不走弯路: ？
[2026-02-18 20:06:52] 这是在搞什么: 扫墓🧹扫墓🧹扫墓🧹扫墓🧹扫墓🧹扫墓🧹扫墓🧹扫墓🧹扫墓🧹扫墓🧹扫墓🧹扫墓🧹扫墓
[2026-02-18 20:06:53] 刘几博: 扫墓🧹扫墓🧹扫墓🧹扫墓🧹扫墓🧹扫墓🧹扫墓🧹扫墓🧹扫墓🧹扫墓🧹扫墓🧹扫墓🧹扫墓
[2026-02-18 20:06:53] 6657登斯特山山: ？
[2026-02-18 20:06:54] WA2的冬斯特马马本人: 扫墓🧹扫墓🧹扫墓🧹扫墓🧹扫墓🧹扫墓🧹扫墓🧹扫墓🧹扫墓🧹扫墓🧹扫墓🧹扫墓🧹扫墓
[2026-02-18 20:06:55] 黄河流年: 吁~😅👎吁~😅👎吁~😅👎吁~😅👎吁~😅👎吁~😅👎吁~😅👎吁~
[2026-02-18 20:06:56] 我知道的一点也不多: 有声音
[2026-02-18 20:06:56] Ranze丶: 你的直播为什么一直是游戏，你不能看会书吗？
[2026-02-18 20:06:57] 晰笙frank: 你的直播为什么一直是游戏，你不能看会书吗？
[2026-02-18 20:06:57] 赶ddl: 工号6657，上厕所超时一分钟，请立刻回到你的工位并且显示猪头
[2026-02-18 20:06:57] 直男不走弯路: 有人吗
[2026-02-18 20:06:57] 丶龙酱丶: 扫墓🧹扫墓🧹扫墓🧹扫墓🧹扫墓🧹扫墓🧹扫墓🧹扫墓🧹扫墓🧹扫墓🧹扫墓🧹扫墓🧹扫墓
[2026-02-18 20:06:57] 神想的事情你不知道: 我的小猪🐷在哪里🧐？
[2026-02-18 20:06:58] 风中去追风12138: 扫墓🧹扫墓🧹扫墓🧹扫墓🧹扫墓🧹扫墓🧹扫墓🧹扫墓🧹扫墓🧹扫墓🧹扫墓🧹扫墓🧹扫墓
[2026-02-18 20:06:59] Roselia的友希那本人: 樱羽艾玛☺️二阶堂希罗😚城崎诺亚🤤夏目安安🥰橘雪莉😍玩机器🤮
[2026-02-18 20:07:00] 丿笙歌寒: 扫墓🧹扫墓🧹扫墓🧹扫墓🧹扫墓🧹扫墓🧹扫墓🧹扫墓🧹扫墓🧹扫墓🧹扫墓🧹扫墓🧹扫墓
[2026-02-18 20:07:00] 永远亭的辉夜本人: 花海咲季🥰月村手毬🥰藤田琴音🥰葛城莉莉娅🥰筱泽广🥰秦谷美铃🥰玩机器🤮
[2026-02-18 20:07:00] HastsuneMiku: 你的直播为什么一直是游戏，你不能看会书吗？
[2026-02-18 20:07:01] 缪尹阾: 你吧唧的声带被根状物堵住了？😓
[2026-02-18 20:07:04] 黄河流年: 鱼越大，鱼刺越大，鱼刺越大，肉越少，肉越少，鱼越小，所以鱼越大，鱼越小
[2026-02-18 20:07:04] 玩小詹Jamyoung: 扫墓🧹扫墓🧹扫墓🧹扫墓🧹扫墓🧹扫墓🧹扫墓🧹扫墓🧹扫墓🧹扫墓🧹扫墓🧹扫
[2026-02-18 20:07:04] 杯雪藏月: 扫墓🧹扫墓🧹扫墓🧹扫墓🧹扫墓🧹扫墓🧹扫墓🧹扫墓🧹扫墓🧹扫墓🧹扫墓🧹扫墓🧹扫墓
[2026-02-18 20:07:05] 陈千语6657: 陈千语🥰佩丽卡🥰庄方宜🥰莱万汀🥰艾尔黛拉🥰玩机器🤮
[2026-02-18 20:07:05] RickyyyCheng: 请主播回答于2018年2月29日于主播【米娜】直播间发送的弹幕“晃的我心慌”是什么意思
[2026-02-18 20:07:06] 梦想图腾: 你的直播为什么一直是游戏，你不能看会书吗？
[2026-02-18 20:07:06] Kiok0: 你的直播为什么一直是游戏，你不能看会书吗？
[2026-02-18 20:07:06] 用户0351358440: 沵個炪泩菿疧蔎置孒哆仯個屛幣詞，莪棈杺揙辑哋弹募怎庅潑芣炪唻
[2026-02-18 20:07:06] insod: 听得见
[2026-02-18 20:07:06] 青青空空的青空: 扫墓🧹扫墓🧹扫墓🧹扫墓🧹扫墓🧹扫墓🧹扫墓🧹扫墓🧹扫墓🧹扫墓🧹扫墓🧹扫墓🧹扫墓
[2026-02-18 20:07:06] C4H10O5: 你的直播为什么一直是游戏，你不能看会书吗？
[2026-02-18 20:07:07] 玩父亲device: 你吧唧的声带被根状物堵住了？😓
[2026-02-18 20:07:07] Ranze丶: 扫墓🧹扫墓🧹扫墓🧹扫墓🧹扫墓🧹扫墓🧹扫墓🧹扫墓🧹扫墓🧹扫墓🧹扫墓🧹扫墓🧹扫墓
[2026-02-18 20:07:09] RickyyyCheng: 请主播回答于2018年2月29日于主播【米娜】直播间发送的弹幕“晃的我心慌”是什么意思
[2026-02-18 20:07:10] 今天好像没有拉臭臭: 听得见
[2026-02-18 20:07:10] 木林森969585: 扫墓🧹扫墓🧹扫墓🧹扫墓🧹扫墓🧹扫墓🧹扫墓🧹扫墓🧹扫墓🧹扫墓🧹扫墓🧹扫
[2026-02-18 20:07:10] Chieri22: 扫墓🧹扫墓🧹扫墓🧹扫墓🧹扫墓🧹扫墓🧹扫墓🧹扫墓🧹扫墓🧹扫墓🧹扫墓🧹扫
[2026-02-18 20:07:10] 疯狂欧那尼: 嘘……好像在凿，仔细听能听见……
[2026-02-18 20:07:10] SeT1c: 请主播回答于2018年2月29日于主播【米娜】直播间发送的弹幕“晃的我心慌”是什么意思
[2026-02-18 20:07:11] 53dawns亚鼓兽: 扫墓🧹扫墓🧹扫墓🧹扫墓🧹扫墓🧹扫墓🧹扫墓🧹扫墓🧹扫墓🧹扫墓🧹扫墓🧹扫墓🧹扫墓
[2026-02-18 20:07:11] 永远亭的辉夜本人: 晓山瑞希❤东云绘名❤朝比奈真冬❤宵崎奏❤玩机器🤮
[2026-02-18 20:07:11] 马猴烧酒伊莉雅本人: 扫墓🧹扫墓🧹扫墓🧹扫墓🧹扫墓🧹扫墓🧹扫墓🧹扫墓🧹扫墓🧹扫墓🧹扫墓🧹扫
[2026-02-18 20:07:12] myGo的anon: 声音太大了
[2026-02-18 20:07:12] 能不能来点阳间的: 沵個炪泩菿疧蔎置孒哆仯個屛幣詞，莪棈杺揙辑哋弹募怎庅潑芣炪唻
[2026-02-18 20:07:12] 带魔杖的人: 扫墓🧹扫墓🧹扫墓🧹扫墓🧹扫墓🧹扫墓🧹扫墓🧹扫墓🧹扫墓🧹扫墓🧹扫墓🧹扫墓🧹扫墓
[2026-02-18 20:07:12] 忒斯特賊賊的披肩: 你脓了，你脓了
[2026-02-18 20:07:13] 青青空空的青空: 请主播回答于2018年2月29日于主播【米娜】直播间发送的弹幕“晃的我心慌”是什么意思
[2026-02-18 20:07:13] 陈千语6657: 扫墓🧹扫墓🧹扫墓🧹扫墓🧹扫墓🧹扫墓🧹扫墓🧹扫墓🧹扫墓🧹扫
[2026-02-18 20:07:13] FaZe的伊地知虹夏本人: 听得见
[2026-02-18 20:07:13] 若叶睦吃苦瓜: 你的直播为什么一直是游戏，你不能看会书吗？
[2026-02-18 20:07:14] 刘亦博之孙: 发南通弹幕的，祝你被虾钳夹蜡烛，海参钻后门👍
[2026-02-18 20:07:14] 用户0553661491: 扫墓🧹扫墓🧹扫墓🧹扫墓🧹扫墓🧹扫墓🧹扫墓🧹扫墓🧹扫墓🧹扫墓🧹扫墓🧹扫
[2026-02-18 20:07:14] 猛嗦祥子小脚丫: 扫墓🧹扫墓🧹扫墓🧹扫墓🧹扫墓🧹扫墓🧹扫墓🧹扫墓🧹扫墓🧹扫墓🧹扫墓🧹扫墓🧹扫墓
[2026-02-18 20:07:15] 缪尹阾: 你吧唧的声带被根状物堵住了？😓
[2026-02-18 20:07:15] 工藤里没静香了: 扫墓🧹扫墓🧹扫墓🧹扫墓🧹扫墓🧹扫墓🧹扫墓🧹扫墓🧹扫墓🧹扫墓🧹扫墓🧹扫墓🧹扫墓
[2026-02-18 20:07:16] 豆余的machine本人: 陈千语🥰佩丽卡🥰庄方宜🥰莱万汀🥰艾尔黛拉🥰玩机器🤮
[2026-02-18 20:07:16] 空城旧梦954: 扫墓🧹扫墓🧹扫墓🧹扫墓🧹扫墓🧹扫墓🧹扫墓🧹扫墓🧹扫墓🧹扫墓🧹扫墓🧹扫
[2026-02-18 20:07:19] 玩琴音丶Kotone: 扫墓🧹扫墓🧹扫墓🧹扫墓🧹扫墓🧹扫墓🧹扫墓🧹扫墓🧹扫墓🧹扫墓🧹扫墓🧹扫
[2026-02-18 20:07:19] T1nko: 扫墓🧹扫墓🧹扫墓🧹扫墓🧹扫墓🧹扫墓🧹扫墓🧹扫墓🧹扫墓🧹扫墓🧹扫墓🧹扫
[2026-02-18 20:07:19] 不羁の黄毛: 扫墓🧹扫墓🧹扫墓🧹扫墓🧹扫墓🧹扫墓🧹扫墓🧹扫墓🧹扫墓🧹扫墓🧹扫墓🧹扫墓🧹扫墓
[2026-02-18 20:07:19] 好哥们索耳古德曼: 请主播回答于2018年2月29日于主播【米娜】直播间发送的弹幕“晃的我心慌”是什么意思
[2026-02-18 20:07:19] 落第骑士张辣鸡: 扫墓🧹扫墓🧹扫墓🧹扫墓🧹扫墓🧹扫墓🧹扫墓🧹扫墓🧹扫墓🧹扫
[2026-02-18 20:07:19] 凯瑟琳123: 听得见
[2026-02-18 20:07:20] 梦想图腾: 扫墓🧹扫墓🧹扫墓🧹扫墓🧹扫墓🧹扫墓🧹扫墓🧹扫墓🧹扫墓🧹扫墓🧹扫墓🧹扫
