# room_id=6979222 host=玩机器丶Machine title=小众宝藏结晶直播 晚上八点来 live_time= fetch_time=2026-02-18 20:05:24
[2026-02-18 20:05:29] 轻枫细雨: 4点比赛你6点来，6点比赛你8点来，major决赛你也晚两个小时吧，等Niko捧杯了你再来
[2026-02-18 20:05:29] AveMujica键盘手Oblivionis: 4点比赛你6点来，6点比赛你8点来，major决赛你也晚两个小时吧，等Niko捧杯了你再来
[2026-02-18 20:05:29] rcrbqv5: 4点比赛你6点来，6点比赛你8点来，major决赛你也晚两个小时吧，等Niko捧杯了你再来
[2026-02-18 20:05:29] 锦木干束: 4点比赛你6点来，6点比赛你8点来，major决赛你也晚两个小时吧，等Niko捧杯了你再来
[2026-02-18 20:05:29] 陈千语6657: 玩大哥，你能不能别急着来，看我解说吧
[2026-02-18 20:05:29] 青二二二二: 4点比赛你6点来，6点比赛你8点来，major决赛你也晚两个小时吧，等Niko捧杯了你再来
[2026-02-18 20:05:33] 赶ddl: 登山最速伝説と健步行の肥豚! 设备玩一郎です
[2026-02-18 20:05:33] myGo的anon: 4点比赛你6点来，6点比赛你8点来，major决赛你也晚两个小时吧，等Niko捧杯了你再来
[2026-02-18 20:05:33] 几笔成书灬: 原来老汤是你这个不开播的跌啊，我看qu总全力解说A队以为是他的呢😅
[2026-02-18 20:05:34] 用户2720831019: 4点比赛你6点来，6点比赛你8点来，major决赛你也晚两个小时吧，等Niko捧杯了你再来
[2026-02-18 20:05:34] SKTT1AVO: 听得见
[2026-02-18 20:05:35] 玩小詹Jamyoung: 看见还有不够15级就有玩机器牌子的兄弟，真想替他们说一句“玩机器你做人真的可以”
[2026-02-18 20:05:35] 永远爱玩宝宝: 听不见，声音不清晰
[2026-02-18 20:05:36] 玩指挥丶NiKo: 你吧唧的声带被根状物堵住了？😓
[2026-02-18 20:05:36] Giao照: 4点比赛你6点来，6点比赛你8点来，major决赛你也晚两个小时吧，等Niko捧杯了你再来
[2026-02-18 20:05:36] 丹麦国王device: 仔细看，乃上面有汝钉
[2026-02-18 20:05:36] 7黑夜不再来: 4点比赛你6点来，6点比赛你8点来，major决赛你也晚两个小时吧，等Niko捧杯了你再来
[2026-02-18 20:05:36] BodyDog绿龙zont1x本人: 4点比赛你6点来，6点比赛你8点来，major决赛你也晚两个小时吧，等Niko捧杯了你再来
[2026-02-18 20:05:37] Kiok0: 4点比赛你6点来，6点比赛你8点来，major决赛你也晚两个小时吧，等Niko捧杯了你再来
[2026-02-18 20:05:38] 寻28385: 4点比赛你6点来，6点比赛你8点来，major决赛你也晚两个小时吧，等Niko捧杯了你再来
[2026-02-18 20:05:38] 地球竖着转赤道大变了: 4点比赛你6点来，6点比赛你8点来，major决赛你也晚两个小时吧，等Niko捧杯了你再来
[2026-02-18 20:05:39] wbsxxx: 4点比赛你6点来，6点比赛你8点来，major决赛你也晚两个小时吧，等Niko捧杯了你再来
[2026-02-18 20:05:39] 几笔成书灬: 原来老汤是你这个不开播的跌啊，我看qu总全力解说A队以为是他的呢😅
[2026-02-18 20:05:40] 25时的晓山瑞希本人: 原来老汤是你这个不开播的跌啊，我看qu总全力解说A队以为是他的呢😅
[2026-02-18 20:05:40] 缪尹阾: 你吧唧的声带被根状物堵住了？😓
[2026-02-18 20:05:43] Mako37: 4点比赛你6点来，6点比赛你8点来，major决赛你也晚两个小时吧，等Niko捧杯了你再来
[2026-02-18 20:05:43] 25时的晓山瑞希本人: 4点比赛你6点来，6点比赛你8点来，major决赛你也晚两个小时吧，等Niko捧杯了你再来
[2026-02-18 20:05:44] 爷直接青回: 玩大哥你终于来了
[2026-02-18 20:05:44] 陈千语6657: 4点比赛你6点来，6点比赛你8点来，major决赛你也晚两个小时吧，等Niko捧杯了你再来
[2026-02-18 20:05:44] 夏空喵: 4点比赛你6点来，6点比赛你8点来，major决赛你也晚两个小时吧，等Niko捧杯了你再来
[2026-02-18 20:05:45] 邪邪蝶殇: [喷子]
[2026-02-18 20:05:45] 赶ddl: 登山最速伝説と健步行の肥豚! 设备玩一郎です
[2026-02-18 20:05:45] 千年最强突破手爱丽丝: 4点比赛你6点来，6点比赛你8点来，major决赛你也晚两个小时吧，等Niko捧杯了你再来
[2026-02-18 20:05:46] wbsxxx: 原来老汤是你这个不开播的跌啊，我看qu总全力解说A队以为是他的呢😅
[2026-02-18 20:05:46] WA2的冬斯特马马本人: 原来老汤是你这个不开播的跌啊，我看qu总全力解说A队以为是他的呢😅
[2026-02-18 20:05:46] 丢你雷姆吔屎啦你: 原来老汤是你这个不开播的跌啊，我看qu总全力解说A队以为是他的呢😅
[2026-02-18 20:05:47] 玩大哥我手术恢复中: 玩机器你做人真的可以 比赛都不播
[2026-02-18 20:05:47] 喜欢吃生菜: 4点比赛你6点来，6点比赛你8点来，major决赛你也晚两个小时吧，等Niko捧杯了你再来
[2026-02-18 20:05:47] 若叶睦吃苦瓜: 4点比赛你6点来，6点比赛你8点来，major决赛你也晚两个小时吧，等Niko捧杯了你再来
[2026-02-18 20:05:47] AAA黄瓜种植若叶睦: 4点比赛你6点来，6点比赛你8点来，major决赛你也晚两个小时吧，等Niko捧杯了你再来
[2026-02-18 20:05:48] 几笔成书灬: 原来老汤是你这个不开播的跌啊，我看qu总全力解说A队以为是他的呢😅
[2026-02-18 20:05:48] 一颗超级大的小柚子: 你吧唧的声带被根状物堵住了？😓
[2026-02-18 20:05:48] 霖磷: 你吧唧的声带被根状物堵住了？😓
[2026-02-18 20:05:49] D0r1tos: 4点比赛你6点来，6点比赛你8点来，major决赛你也晚两个小时吧，等Niko捧杯了你再来
[2026-02-18 20:05:50] 永远亭的辉夜本人: 扫墓🪦🧹扫墓🪦🧹扫墓🪦🧹扫墓🪦🧹扫墓🪦🧹扫墓🪦🧹扫墓🪦🧹扫墓🪦🧹
[2026-02-18 20:05:50] 里约钻石币拥有者: 原来老汤是你这个不开播的跌啊，我看qu总全力解说A队以为是他的呢😅
[2026-02-18 20:05:51] myGo的anon: 你下播吧, 像2025-02-07 23:49一样！
[2026-02-18 20:05:51] 青二二二二: 原来老汤是你这个不开播的跌啊，我看qu总全力解说A队以为是他的呢😅
[2026-02-18 20:05:53] FurudeTMT: 4点比赛你6点来，6点比赛你8点来，major决赛你也晚两个小时吧，等Niko捧杯了你再来
[2026-02-18 20:05:53] 栗悟饭和嘟嘟噜: 4点比赛你6点来，6点比赛你8点来，major决赛你也晚两个小时吧，等Niko捧杯了你再来
[2026-02-18 20:05:53] 几笔成书灬: 原来老汤是你这个不开播的跌啊，我看qu总全力解说A队以为是他的呢😅
[2026-02-18 20:05:54] 千草的爱音本人: 我寻思玩鸡器不就是杯子吗，能叫这种名字的也是神人了
[2026-02-18 20:05:54] 水下有人啊: 原来老汤是你这个不开播的跌啊，我看qu总全力解说A队以为是他的呢😅
[2026-02-18 20:05:55] 玩小雪、snow: 4点比赛你6点来，6点比赛你8点来，major决赛你也晚两个小时吧，等Niko捧杯了你再来
[2026-02-18 20:05:55] 丹麦国王device: 登山最速伝説と健步行の肥豚! 设备玩一郎です
[2026-02-18 20:05:56] 杏爱企鹅: 玩哥还是喂弹幕吃的太饱了，以后搞个b限舰长直播你们就老实了😅
[2026-02-18 20:05:58] 咬人猪丶machine: 刘亦博我焯里冯
[2026-02-18 20:05:59] G2的MengLei本人: 原来老汤是你这个不开播的跌啊，我看qu总全力解说A队以为是他的呢😅
[2026-02-18 20:06:00] 天川千夏丶: 4点比赛你6点来，6点比赛你8点来，major决赛你也晚两个小时吧，等Niko捧杯了你再来
[2026-02-18 20:06:01] 永远亭的辉夜本人: 玩哥还是喂弹幕吃的太饱了，以后搞个b限舰长直播你们就老实了😅
[2026-02-18 20:06:01] wbsxxx: 扫墓🪦🧹扫墓🪦🧹扫墓🪦🧹
[2026-02-18 20:06:01] 中岛由贵家的猫: 4点比赛你6点来，6点比赛你8点来，major决赛你也晚两个小时吧，等Niko捧杯了你再来
[2026-02-18 20:06:01] Rush干拉: 登山最速伝説と健步行の肥豚! 设备玩一郎です
[2026-02-18 20:06:01] 最后一次: 12
[2026-02-18 20:06:01] 几笔成书灬: 原来老汤是你这个不开播的跌啊，我看qu总全力解说A队以为是他的呢😅
[2026-02-18 20:06:02] 轻伤酱: 4点比赛你6点来，6点比赛你8点来，major决赛你也晚两个小时吧，等Niko捧杯了你再来
[2026-02-18 20:06:02] 式微Sama: 🤫仔细听…好像能听到回锅的声音…
[2026-02-18 20:06:04] 青青空空的青空: 我到璃月了！哈哈哈哈哈！真的到璃月了！感觉太不真实了，过一会儿就反应过来，我TM到璃月了，我TM到璃
[2026-02-18 20:06:05] 帅气的小山楂: 原来老汤是你这个不开播的跌啊，我看qu总全力解说A队以为是他的呢😅
[2026-02-18 20:06:05] 赶ddl: 登山最速伝説と健步行の肥豚! 设备玩一郎です
[2026-02-18 20:06:06] 陈千语6657: 山地最速传说
[2026-02-18 20:06:06] ABSTRACTOR-拾壹: 4点比赛你6点来，6点比赛你8点来，major决赛你也晚两个小时吧，等Niko捧杯了你再来
[2026-02-18 20:06:07] 几笔成书灬: 原来老汤是你这个不开播的跌啊，我看qu总全力解说A队以为是他的呢😅
[2026-02-18 20:06:09] 房同学19554: 登山最速伝説と健步行の肥豚! 设备玩一郎です
[2026-02-18 20:06:09] 玩机器是我霸: 高僧预测玩机器第一句话：宝宝们有人理理我吗
[2026-02-18 20:06:10] 霖磷: 原来老汤是你这个不开播的跌啊，我看qu总全力解说A队以为是他的呢😅
[2026-02-18 20:06:10] 若叶睦吃苦瓜: 玩哥还是喂弹幕吃的太饱了，以后搞个b限舰长直播你们就老实了😅
[2026-02-18 20:06:10] 今天爆了吗: 4点比赛你6点来，6点比赛你8点来，major决赛你也晚两个小时吧，等Niko捧杯了你再来
[2026-02-18 20:06:11] Ranze丶: 原来老汤是你这个不开播的跌啊，我看qu总全力解说A队以为是他的呢😅
[2026-02-18 20:06:12] 用户3489665055: 登山最速伝説と健步行の肥豚! 设备玩一郎です
[2026-02-18 20:06:13] 陈千语6657: 登山最速伝説と健步行の肥豚! 设备玩一郎です
[2026-02-18 20:06:14] 几笔成书灬: 原来老汤是你这个不开播的跌啊，我看qu总全力解说A队以为是他的呢😅
[2026-02-18 20:06:14] 玩机器是我霸: 高僧预测玩机器第一句话：宝宝们有人理理我吗
[2026-02-18 20:06:15] 玩斯特姬姬: phzy：易博快开门 是继爸😎😎😎
[2026-02-18 20:06:16] 加仓红宝石刺刀dewasu: 登山最速伝説と健步行の肥豚! 设备玩一郎です
[2026-02-18 20:06:16] 一情意一: 原来老汤是你这个不开播的跌啊，我看qu总全力解说A队以为是他的呢😅
[2026-02-18 20:06:18] 为所欲为丶中二林: 登山最速伝説と健步行の肥豚! 设备玩一郎です
[2026-02-18 20:06:20] CarlDeNeon: 苏翊鸣厉害
[2026-02-18 20:06:20] 永远爱玩宝宝: 直播间的哥们可以退出了，玩大哥在给我舔蜡烛来不及解说了
[2026-02-18 20:06:20] 用户0351358440: 同意弃疗😭 同意拔管😭 同意捐献😭同意宰杀😭同意腌制😭同意烧烤😭别抢我猪腿😡
[2026-02-18 20:06:21] 青青空空的青空: phzy：易博快开门 是继爸😎😎😎
[2026-02-18 20:06:22] 尼古拉刘亦博: 听得见
[2026-02-18 20:06:22] 几笔成书灬: 原来老汤是你这个不开播的跌啊，我看qu总全力解说A队以为是他的呢😅
[2026-02-18 20:06:23] 安酱没有jj: 登山最速伝説と健步行の肥豚! 设备玩一郎です
[2026-02-18 20:06:24] AveMujica键盘手Oblivionis: phzy：易博快开门 是继爸😎😎😎
[2026-02-18 20:06:24] 赶ddl: 登山最速伝説と健步行の肥豚! 设备玩一郎です
[2026-02-18 20:06:25] Viciss: phzy：易博快开门 是继爸😎😎😎
[2026-02-18 20:06:25] 今天爆了吗: 声音太大了😅
[2026-02-18 20:06:26] Invoker灬旭: 同意弃疗😭 同意拔管😭 同意捐献😭同意宰杀😭同意腌制😭同意烧烤😭别抢我猪腿😡
[2026-02-18 20:06:27] 千草的爱音本人: @独爱桌角l：带地域节奏的不封？
