# room_id=6979222 host=玩机器丶Machine title=小众宝藏结晶直播 live_time= fetch_time=2026-02-21 23:45:46
[2026-02-22 00:28:22] 浸润、: @ZywOo：老詹这款参数还可以，我用过确实不错 稳定不被封
[2026-02-22 00:28:23] 草野masamune: @🗿：科学的尽头是神学
[2026-02-22 00:28:23] 岛田王师傅: @🗿：科研，智慧赢战
[2026-02-22 00:28:23] 古堡12枪战神: @载物：这人透视还敢告诉队友的？
[2026-02-22 00:28:23] 一月八百永远支持机器: @载物：这人透视还敢告诉队友的？
[2026-02-22 00:28:23] syzsea33: @🗿：牛逼，用比分研发我还是第一次见
[2026-02-22 00:28:23] 艾坤123: 老爸要赢了
[2026-02-22 00:28:23] 玩机器的小飞棍: 上帝视角
[2026-02-22 00:28:23] 格子猫QAQ: @ZywOo：老詹这款参数还可以，我用过确实不错 稳定不被封
[2026-02-22 00:28:24] 好哥们山上撤也: @ZywOo：老詹这款参数还可以，我用过确实不错 稳定不被封
[2026-02-22 00:28:24] Cloud9的咬人猫本人: @载物：这人透视还敢告诉队友的？
[2026-02-22 00:28:24] MasanQwQ: @载物：这人透视还敢告诉队友的？
[2026-02-22 00:28:24] 一语谶谶: 哲伟换队爽了
[2026-02-22 00:28:24] 划小船的户山香澄本人: @🗿：科研，智慧赢战
[2026-02-22 00:28:24] 终初若叶睦: @ZywOo：老詹这款参数还可以，我用过确实不错 稳定不被封
[2026-02-22 00:28:25] 刘农痴呆不忘带永恒: @载物：这人透视还敢告诉队友的？
[2026-02-22 00:28:25] 洛陽城里看落陽: @🗿：科研，智慧赢战
[2026-02-22 00:28:25] JULLLLYYYY: @ZywOo：老詹这款参数还可以，我用过确实不错 稳定不被封
[2026-02-22 00:28:25] Starstruck75963: 重新定义猎鹰强度
[2026-02-22 00:28:25] 葬爱K少: @ZywOo：老詹这款参数还可以，我用过确实不错 稳定不被封
[2026-02-22 00:28:25] 柚子厨0721: @🗿：牛逼，用比分研发我还是第一次见
[2026-02-22 00:28:25] 我觉得你是我的: @载物：这人透视还敢告诉队友的？
[2026-02-22 00:28:26] 小芒果: @载物：这人透视还敢告诉队友的？
[2026-02-22 00:28:26] 歌谷爱墨迹: 哈人
[2026-02-22 00:28:26] C7iyo: @载物：这人透视还敢告诉队友的？
[2026-02-22 00:28:26] 好姐妹云雀丘由贵: 暗黑cs
[2026-02-22 00:28:26] 偷鸡蛋的玩机器本人o: 老鼠去年拿过冠军吗 鼠美说一下
[2026-02-22 00:28:26] 邻苯二甲酸1: @nexa：狗屁一线指挥，不就是50%50%？真给你们闹麻了
[2026-02-22 00:28:26] Mirrow丶: 万物起源
[2026-02-22 00:28:27] 中X千早爱音: @载物：这人透视还敢告诉队友的？
[2026-02-22 00:28:27] 到鱼一观: 上帝视角
[2026-02-22 00:28:27] 凝视深渊丶玩叽叽: 上帝视角
[2026-02-22 00:28:27] 今夜夏天结束: @🗿：牛逼，用比分研发我还是第一次见
[2026-02-22 00:28:27] 好姐妹安达利尔: 又想起来pv和猎鹰沙2无信息重b了
[2026-02-22 00:28:28] 落夜会: 反e局jame觉得赌不中也随便回吧
[2026-02-22 00:28:28] 单推折纸11年: @🗿：科研，智慧赢战
[2026-02-22 00:28:28] 稳稳稳: 我们猎鹰怎么总是输给这种开透的队伍
[2026-02-22 00:28:28] 撅银龙: 你懂全知全能吗
[2026-02-22 00:28:28] GodLiuzz: @载物：这人透视还敢告诉队友的？
[2026-02-22 00:28:28] 大于小于号: @载物：这人透视还敢告诉队友的？
[2026-02-22 00:28:28] liangmao91: @载物：这人透视还敢告诉队友的？
[2026-02-22 00:28:29] 耀西吃板栗QAQ: 突然喜欢看 pv 的比赛了
[2026-02-22 00:28:29] 坏天气啊坏: @载物：这人透视还敢告诉队友的？
[2026-02-22 00:28:29] 尋久遠: 全知全能的上帝
[2026-02-22 00:28:29] 新月似当年1: 真开透视了？
[2026-02-22 00:28:29] 李欢要早睡i: @🗿：牛逼，用比分研发我还是第一次见
[2026-02-22 00:28:30] 酒姑娘的小枫: @ZywOo：老詹这款参数还可以，我用过
[2026-02-22 00:28:30] 同桌说她同桌可萌可萌:  @载物：这人透视还敢告诉队友的？
[2026-02-22 00:28:30] 猫很好的小乖: @载物：这人透视还敢告诉队友的？
[2026-02-22 00:28:30] OneLastKiss丶: 完全解读
[2026-02-22 00:28:30] B1sh0p丶: @🗿：牛逼，用比分研发我还是第一次见
[2026-02-22 00:28:30] 小小小炘: 全知全能
[2026-02-22 00:28:30] 古堡12枪战神: @🗿：科学的尽头是神学
[2026-02-22 00:28:31] 汤还是老的浓: @载物：这人透视还敢告诉队友的？
[2026-02-22 00:28:31] 我在天台卖跳伞: @载物：这人透视还敢告诉队友的？
[2026-02-22 00:28:31] 福咪: 那咋玩啊
[2026-02-22 00:28:31] 无聊的小琛子0: @NIKO：还是指挥换少了
[2026-02-22 00:28:31] PJ64JC: @ZywOo：老詹这款参数还可以，我用过确实不错 稳定不被封
[2026-02-22 00:28:31] Gentleman汪鸿: @载物：这人透视还敢告诉队友的？
[2026-02-22 00:28:31] 晚睡夜ovo: @ZywOo：老詹这款参数还可以，我用过确实不错 稳定不被封
[2026-02-22 00:28:31] xxx2xxx: 透视
[2026-02-22 00:28:32] 彩虹直至黑夜丶: @载物：这人透视还敢告诉队友的？
[2026-02-22 00:28:32] 玩机器的左高玩: @载物：这人透视还敢告诉队友的？
[2026-02-22 00:28:32] 想要舌吻m0NESY: 这是当年里约major的战术，点子哥就是这样昏头的
[2026-02-22 00:28:32] 用户哥歌: @载物：这人透视还敢告诉队友的？
[2026-02-22 00:28:32] 超动力小子: @载物：这人透视还敢告诉队友的？
[2026-02-22 00:28:32] 小坏蛋毛毛: @载物：这人透视还敢告诉队友的？
[2026-02-22 00:28:32] 时团的马嘉祺本人: @载物：这人透视还敢告诉队友的？
[2026-02-22 00:28:32] 上九龙有悔: 老鼠闷了啊
[2026-02-22 00:28:33] 假小子是对的: @载物：这人透视还敢告诉队友的？
[2026-02-22 00:28:33] 犭火夕卜其斤: @nexa：5050有感觉吗兄弟们
[2026-02-22 00:28:33] 奶油亦博啵啵: 卧槽真没图三了
[2026-02-22 00:28:33] 我是焯人强: @jame：导播把观众x光安我电脑上是几个意思？
[2026-02-22 00:28:33] MoriatyS623: @载物：这人透视还敢告诉队友的？
[2026-02-22 00:28:34] zx0810: @🗿：科研，智慧赢战
[2026-02-22 00:28:34] 玩跳丹jampegg: 《反对正当化bully》《场间看个2k视频》《卧槽干出残影了》
[2026-02-22 00:28:34] xyxxyzbbdzq: 全知全能
[2026-02-22 00:28:34] 玩老鼠丶Roxy: @载物：这人透视还敢告诉队友的？
[2026-02-22 00:28:34] 琦玉33的冷漠脸: 老鼠经典场馆图一粘不住然后一泻千里被踢死
[2026-02-22 00:28:34] 用户3257051689:  @载物：这人透视还敢告诉队友的？
[2026-02-22 00:28:35] 今天只做1件事: @载物：这人透视还敢告诉队友的？
[2026-02-22 00:28:35] 我知道的一点也不多: 上帝被哦开窍了
[2026-02-22 00:28:35] 快乐啃蹄蹄: @🗿：科研，智研赢战
[2026-02-22 00:28:35] 偷摸灵感菇: 玩机器，你现在逆转风评和停止节奏的唯一办法就是把《颂乐人偶》后6集看完
[2026-02-22 00:28:35] 三年级的高町奈叶本人: @🗿：科研，智慧赢战
[2026-02-22 00:28:35] 皮艳羊丶: 我们猎鹰怎么总是输给这种开透的队伍
[2026-02-22 00:28:36] 呵呵哒丶银魂断更: @NIKO：还是指挥换少了
[2026-02-22 00:28:36] 玩弓箭、Arrow: @载物：这人透视开的这么奔放还敢告诉队友的？
[2026-02-22 00:28:36] 李欢要早睡i: @载物：这人透视还敢告诉队友的？
[2026-02-22 00:28:36] 不是不想打只是爱解说: @ZywOo：老詹这款参数还可以，我用过确实不错 稳定不被封
[2026-02-22 00:28:36] 京京孩孩majo冠军: 申请检查上帝的头发里面可能藏了U盘
[2026-02-22 00:28:36] 玩机器你能不能闭嘴: @🗿：牛逼，用比分研发我还是第一次见
[2026-02-22 00:28:36] 都是设备的问题: @载物：这人透视还敢告诉队友的？
[2026-02-22 00:28:37] 愿良辰美景: @🗿：牛逼，用比分研发我还是第一次见
[2026-02-22 00:28:37] y叶上初阳h: @🗿：牛逼，用比分研发我还是第一次见
[2026-02-22 00:28:37] 游荡恶鬼灬: @🗿：牛逼，用比分研发我还是第一次见
[2026-02-22 00:28:37] uyygkhil: @载物：这人透视还敢告诉队友的？
[2026-02-22 00:28:37] 解说玩机包: @载物：这人透视还敢告诉队友的？
[2026-02-22 00:28:37] 注册2872天不能发弹幕: @载物：这人透视还敢告诉队友的？
[2026-02-22 00:28:37] 蓝裙子蓝书包: @载物：这人透视还敢告诉队友的？
[2026-02-22 00:28:38] 我是焯人强: @jame：导播把观众x光安我电脑上是几个意思？
[2026-02-22 00:28:38] 喜欢玩机器被骂恋猪癖: @载物：这人透视还敢告诉队友的？
[2026-02-22 00:28:38] 油乎乎yhh: nexa：闹麻了  不就5050？
[2026-02-22 00:28:38] 是桃子阿阿: B都没摸就放B了 这怎么玩？
[2026-02-22 00:28:38] PKURoger: @ZywOo：老詹这款参数还可以，我用过
[2026-02-22 00:28:39] 缝穿箱子: 上帝指挥的老鼠
[2026-02-22 00:28:39] 好哥们黑龙歼灭刀: 我尼要是有詹士这种指挥，早夺冠了
[2026-02-22 00:28:39] MiniHerc: 假装放个单b演一下
[2026-02-22 00:28:39] DaVid一BeCkHam: 载物：开了还能当指挥，早知道我也指挥
[2026-02-22 00:28:39] 人活着就是为了玩乐队: @载物：这人透视还敢告诉队友的？
[2026-02-22 00:28:39] 星海难寻: 太优美了
[2026-02-22 00:28:40] 劉膿dewasu: @载物：这人透视还敢告诉队友的？
[2026-02-22 00:28:40] 好哥们奥格巴巴: @ZywOo：老詹这款参数还可以，我用过确实不错 稳定不被封
[2026-02-22 00:28:40] 原神高手东雪莲: @载物：这人透视还敢告诉队友的？
[2026-02-22 00:28:40] 啪啪啪啪的蛋: @ZywOo：老詹这款参数还可以，我用过确实不错 稳定不被封
[2026-02-22 00:28:40] 为宫士郎: @载物：这人透视还敢告诉队友的？
[2026-02-22 00:28:40] Cardinal665: @载物：这人透视还敢告诉队友的？
[2026-02-22 00:28:40] 7911丶不宜暴露姓名: @载物：这人透视还敢告诉队友的？
[2026-02-22 00:28:41] 京京孩孩majo冠军: 申请检查上帝的头发里面可能藏了U盘
[2026-02-22 00:28:41] 时团的马嘉祺本人: @🗿：牛逼，用比分研发我还是第一次见
[2026-02-22 00:28:41] 空气力学的先驱: donk：哦牛批，还有这种独联体指挥哒
[2026-02-22 00:28:41] ta是信仰: @🗿：牛逼，用比分研发我还是第一次见
[2026-02-22 00:28:41] N1Ko28: 这么一看，猎鹰也不是那么差阿。。。。
[2026-02-22 00:28:42] 石家庄的刘亦博本人: 《反对正当化bully》《场间看个2k视频》《卧槽干出残影了》
[2026-02-22 00:28:42] 玩机器的内部托们: @🗿：科研，智慧赢战
[2026-02-22 00:28:42] 狂三Yud丶Bet: 刷数字载物是善意玩笑，刷数字玩神是恶意引导，这点要分清楚
[2026-02-22 00:28:43] 夜刀神十香910: @载物：这人透视还敢告诉队友的？
[2026-02-22 00:28:43] 我是一个医保卡: @载物：这人透视还敢告诉队友的？
[2026-02-22 00:28:43] 子非鱼乐77042: @载物：这人透视还敢告诉队友的？
[2026-02-22 00:28:43] 用户9835739616: @载物：这人透视还敢告诉队友的？
[2026-02-22 00:28:43] 君尧丶丶: @载物：这人透视还敢告诉队友的？
[2026-02-22 00:28:43] 提瓦特第一突破: @🗿：牛逼，用比分研发我还是第一次见
[2026-02-22 00:28:43] suo不粗话: @🗿：牛逼，用比分研发我还是第一次见
[2026-02-22 00:28:43] mexed: @载物：这人透视还敢告诉队友的？
[2026-02-22 00:28:44] 秋茶小雪: 懂你意思
[2026-02-22 00:28:44] JULLLLYYYY: nexa：闹麻了  不就5050？
[2026-02-22 00:28:44] 老年鱼鱼鱼: @载物：这人透视还敢告诉队友的？
[2026-02-22 00:28:44] A队不吃晃的小祥本人: 老规矩，弹幕谁编的好笑我支持谁
[2026-02-22 00:28:44] 月光下魔術師30281: @🗿：牛逼，用比分研发我还是第一次见
[2026-02-22 00:28:44] 哈啦休: 《反对正当化bully》《场间看个2k视频》《卧槽干出残影了》
[2026-02-22 00:28:45] 笠松的小栗帽本人: @🗿：牛逼，用比分研发我还是第一次见
[2026-02-22 00:28:45] TritiumOxide: 老鼠去年踩猎鹰拿的PGL克鲁日
[2026-02-22 00:28:45] 零北鸢: @载物：这人透视还敢告诉队友的？
[2026-02-22 00:28:45] 玩帝皇丶Teio: 发挥好的选手可以获得进入猎鹰的资格，不比夺冠含金量高？
[2026-02-22 00:28:45] viovvvvvvvon: 【前线速报】隔壁拿下了
[2026-02-22 00:28:45] MyGO的长期素食本人: @载物：这人透视还敢告诉队友的？
[2026-02-22 00:28:45] ValleyVVV: 这把真不怪猎鹰
[2026-02-22 00:28:45] 锦书难托1109: @zywoo：这指挥透视也不封啊。。。nb
[2026-02-22 00:28:46] 逃离灰色地带: @载物：这人透视还敢告诉队友的？
[2026-02-22 00:28:46] 好哥们儿神棍: 破案了，昨天Niko是在给PV输送内力
[2026-02-22 00:28:46] 今夜夏天结束: @载物：这人透视还敢告诉队友的？
[2026-02-22 00:28:46] 人间的我丶: @载物：这人透视还敢告诉队友的？
[2026-02-22 00:28:46] 湛湛0731: 老鼠去年拿过一次冠军
[2026-02-22 00:28:46] 用户22285535: 载物：开了还能当指挥，早知道我也指挥
[2026-02-22 00:28:46] 灯火灬阑珊处2: @载物：这人透视还敢告诉队友的？
[2026-02-22 00:28:46] 番薯Zywoo: 康神
[2026-02-22 00:28:46] KouKouJoe: 我真舍不得黑玩哥，我好歹也是看玩哥解说袋鼠杯，cct邀请赛，必威邀请赛，中东区rmr长大的
[2026-02-22 00:28:47] 额滴神呀: 没有哦老鼠怎么赢啊
[2026-02-22 00:28:47] 李欢要早睡i: 我们猎鹰怎么总是输给这种开透的队伍
[2026-02-22 00:28:47] 中二病也想: 13比0有没有
[2026-02-22 00:28:47] yinyao1231: 刷数字载物是善意玩笑，刷数字玩神是恶意引导，这点要分清楚
[2026-02-22 00:28:48] 苦来兮苦的祥子本人: 老鼠拿了被niko偷mvp的冠军
[2026-02-22 00:28:48] wedd1ddeJodd: 老鼠经典场馆图一粘不住然后一泻千里被踢死
[2026-02-22 00:28:48] 绝食十年攒爱top3飞机: @载物：这人透视还敢告诉队友的？
[2026-02-22 00:28:48] 晨风凌云21146: 赌点执行到底
[2026-02-22 00:28:48] AA337sdjl: @ZywOo：老詹这款参数还可以，我用过确实不错 稳定不被封
[2026-02-22 00:28:48] Resol98446: donk：哦牛批，还有这种独联体指挥哒
[2026-02-22 00:28:48] 汤汤杜杜major冠军: @载物：这人透视还敢告诉队友的？
[2026-02-22 00:28:48] 用户3661578: nexa：闹麻了  不就5050？
[2026-02-22 00:28:48] 子午年华s: @🗿：牛逼，用比分研发我还是第一次见
[2026-02-22 00:28:48] 刘农痴呆不忘带永恒: @🗿：牛逼，用比分研发我还是第一次见
[2026-02-22 00:28:49] 锂汁lizhi: @载物：这人透视还敢告诉队友的？
[2026-02-22 00:28:49] zeta黯霓: @载物：这人透视还敢告诉队友的？
[2026-02-22 00:28:49] 好姐妹安达利尔: 上帝被海参刀开窍了
[2026-02-22 00:28:49] 尼古拉刘亦博: @🗿:詹哥，给我一个面子，让我的学生多科研一会
[2026-02-22 00:28:49] 玩帝皇丶Teio: 发挥好的选手可以获得进入猎鹰的资格，不比夺冠含金量高？
[2026-02-22 00:28:50] 怒之拳: @载物：这人透视还敢告诉队友的？
[2026-02-22 00:28:50] 熊本小孩井芹仁菜本人: donk：哦牛批，还有这种独联体指挥哒
[2026-02-22 00:28:50] 用户42110893: @载物：这人透视还敢告诉队友的？
[2026-02-22 00:28:50] 用户144491677: @载物：这人透视还敢告诉队友的？
[2026-02-22 00:28:50] 大许你个老秃驴: @载物：这人透视还敢告诉队友的？
[2026-02-22 00:28:50] 啦啦啦啦啦2186: @nexa：什么狗屁一线指挥，不就是50%50%？真给你们闹麻了
[2026-02-22 00:28:51] 地中海舵手米兰倒吊人: 100%和100%
[2026-02-22 00:28:51] 喜多郁代最可爱: @载物：这人透视还敢告诉队友的？
[2026-02-22 00:28:51] 这下洗不清咯: 赌对一次是蒙的，赌对两次就是蒙对两次
[2026-02-22 00:28:51] 山田凉来了: @载物：这人透视还敢告诉队友的？
[2026-02-22 00:28:52] 悔若叹樱: fw闹麻了，看看什么叫透视。
[2026-02-22 00:28:52] StellarEchoes: 这Jame真踏马牛笔啊，这队伍也能带的这么强啊！
[2026-02-22 00:28:52] xxx2xxx: 混沌PLAY
[2026-02-22 00:28:52] 歌谷爱墨迹: 　　　 nexa：闹麻了  不就5050？
[2026-02-22 00:28:52] 用户42110893: @🗿：牛逼，用比分研发我还是第一次见
[2026-02-22 00:28:52] 用户5608006019: @载物：这人透视还敢告诉队友的？
[2026-02-22 00:28:53] 小小的打一套吧: @🗿：科研，智慧赢战
[2026-02-22 00:28:53] LkCatQwQ: @载物：这人透视还敢告诉队友的？
[2026-02-22 00:28:53] 大力别顶苟哥号: @🗿:詹哥，给我一个面子，让我的学生多科研一会
[2026-02-22 00:28:53] A队不吃晃的小祥本人: 玩机器，你现在逆转风评和停止节奏的唯一办法就是把《颂乐人偶》后6集看完
[2026-02-22 00:28:54] insod: @载物：这人透视还敢告诉队友的？
[2026-02-22 00:28:54] 玩帝皇丶Teio: 发挥好的选手可以获得进入猎鹰的资格，不比夺冠含金量高？
[2026-02-22 00:28:54] 穿甲狗: @ZywOo：老詹这款参数还可以，我用过确实不错 稳定不被封
[2026-02-22 00:28:54] 用户91227835: @🗿：牛逼，用比分研发我还是第一次见
[2026-02-22 00:28:54] 取MinG: 刷数字载物是善意玩笑，刷数字玩神是恶意引导，这点要分清楚
[2026-02-22 00:28:54] 快乐啃蹄蹄: donk：哦牛批，还有这种独联体指挥哒
[2026-02-22 00:28:55] AA337sdjl: 刷数字载物是善意玩笑，刷数字玩神是恶意引导，这点要分清楚
[2026-02-22 00:28:55] A队不吃晃的小祥本人: 玩机器，你现在逆转风评和停止节奏的唯一办法就是把《颂乐人偶》后6集看完
[2026-02-22 00:28:55] 爱音铁板双架冒充素世: @载物：这人透视还敢告诉队友的？
[2026-02-22 00:28:56] GrennIvy: @载物：这人透视还敢告诉队友的？
[2026-02-22 00:28:56] 独步天涯OS: 4A级景区
[2026-02-22 00:28:56] 好哥们汉阳造: 🗿又来挽救弹幕环境了。。。
[2026-02-22 00:28:56] 白河日和: 老爸赢了
[2026-02-22 00:28:56] Aix川: 对面指挥是透视啊
[2026-02-22 00:28:56] monkeyy: @🗿：吉米多送点，老鼠黏住
[2026-02-22 00:28:57] 鼠鼠蛇蛇major冠军: @nexa：什么狗屁一线指挥，不就是50%50%？真给你们闹麻了
[2026-02-22 00:28:57] 压缩vs蛮晚: @🗿：牛逼，用比分研发我还是第一次见
[2026-02-22 00:28:57] 修飞机的保安: donk：哦牛批，还有这种独联体指挥哒
[2026-02-22 00:28:57] 卿湑: ❤
[2026-02-22 00:28:57] 长舟z: donk：哦牛批，还有这种独联体指挥哒
[2026-02-22 00:28:57] 宇莓: 刷数字载物是善意玩笑，刷数字玩神是恶意引导，这点要分清楚
[2026-02-22 00:28:58] ccxrgt: @载物：这人透视还敢告诉队友的？
[2026-02-22 00:28:58] 楓鈴饱饱: 换猎鹰没了
[2026-02-22 00:28:58] c9的stewie本人: @载物：这人透视还敢告诉队友的？
[2026-02-22 00:28:58] 夏空喵: donk：哦牛批，还有这种独联体指挥哒
[2026-02-22 00:28:58] 小蜜蜂的长期素食本人: @载物：这人透视还敢告诉队友的？
[2026-02-22 00:28:58] 风筝滑行: 上帝之眼
[2026-02-22 00:28:59] 用户2719002301: 不是这个🗿到底是谁啊
[2026-02-22 00:28:59] m王司徒m: donk：哦牛批，还有这种独联体指挥哒
[2026-02-22 00:28:59] 挪威退休老头寻求返聘: 老爸加时4：0带走对面了
[2026-02-22 00:28:59] iNaixu: nexa：闹麻了 不就5050？desuw@
[2026-02-22 00:28:59] 我知道的一点也不多: @🗿：牛逼，用比分研发我还是第一次见
[2026-02-22 00:28:59] 用户945026108: @ZywOo：老詹这款参数还可以，我用过确实不错 稳定不被封
[2026-02-22 00:28:59] 足音: @载物：这人透视还敢告诉队友的？
[2026-02-22 00:28:59] Heartzzz丶: 老霸拿下了😅😅😅
[2026-02-22 00:28:59] 神魂5385: 重新定义天禄强度
[2026-02-22 00:29:00] 玩机器你好香你好香: 申请看丰川億百萬 懂得➕1
[2026-02-22 00:29:00] Altolier: donk：哦牛批，还有这种独联体指挥哒
[2026-02-22 00:29:00] zx0810: 赌对一次是蒙的，赌对两次就是蒙对两次
[2026-02-22 00:29:01] 星海难寻: @载物：这人透视还敢告诉队友的？
[2026-02-22 00:29:01] xOcOg: 目前大东指挥12回合，设备指挥16回合，大东指挥设备送14次，设备拿下关键击杀16个
[2026-02-22 00:29:01] A队不吃晃的小祥本人: ⓘ您已被天师庄方宜举报封禁，点击了解武陵社会信用
[2026-02-22 00:29:01] 妖艳阿卡莎: 不是这个🗿到底是谁啊
[2026-02-22 00:29:01] MiniHerc: @载物：这人透视还敢告诉队友的？
[2026-02-22 00:29:01] 我是一个医保卡: donk：哦牛批，还有这种独联体指挥哒
[2026-02-22 00:29:01] BleksiA: @🗿：牛逼，用比分研发我还是第一次见
[2026-02-22 00:29:01] Crychiccc的若叶睦本人: 莱圣，我们已经拿下玩机器了，下一个是谁
[2026-02-22 00:29:01] 超级安和昴66: ❤
[2026-02-22 00:29:01] 水球碳酸饮料: @谢逊：我已经厌倦了一次又一次输给蜜蜂。说完老鼠就送给pv了
[2026-02-22 00:29:02] 假小子是对的: donk：哦牛批，还有这种独联体指挥哒
[2026-02-22 00:29:02] 大头老鼠叫我鼠头老大: ❤
[2026-02-22 00:29:02] jamesfaith23: @载物：这人透视还敢告诉队友的？
[2026-02-22 00:29:02] viovvvvvvvon: 【前线速报】16：12老爸拿下了
[2026-02-22 00:29:03] 玩虾器shrimp: donk：哦牛批，还有这种独联体指挥哒
[2026-02-22 00:29:03] 杏爱企鹅: 这波真不怪falcons
[2026-02-22 00:29:03] 奶油亦博啵啵: 一想到隔壁也没图三我就想笑
[2026-02-22 00:29:03] NEINHEX: @🗿：牛逼，用比分研发我还是第一次见
[2026-02-22 00:29:03] 偷猫的鱼丶丶: @载物：这人透视还敢告诉队友的？
[2026-02-22 00:29:03] 羊驼主播: donk：哦牛批，还有这种独联体指挥哒
[2026-02-22 00:29:04] s1koxy: @nexa：什么狗屁科研智慧，不就是50 50？
[2026-02-22 00:29:04] 愁尔一朝还到地丶: donk：哦牛批，还有这种独联体指挥哒
[2026-02-22 00:29:04] 好哥们黑龙歼灭刀: 刷数字载物是善意玩笑，刷数字玩神是恶意引导，这点要分清楚
[2026-02-22 00:29:04] Gentleman汪鸿: donk：哦牛批，还有这种独联体指挥哒
[2026-02-22 00:29:04] 奥伊aoi: donk：哦牛批，还有这种独联体指挥哒
[2026-02-22 00:29:04] DerryYan: donk：哦牛批，还有这种独联体指挥哒
[2026-02-22 00:29:05] 猫头全球第二粉丝: 不是这个🗿到底是谁啊
[2026-02-22 00:29:05] yangcl101ck: 3个一万 哇你吗
[2026-02-22 00:29:05] 用户5608006019: donk：哦牛批，还有这种独联体指挥哒
[2026-02-22 00:29:05] Vitality的Kyojin本人: @nexa：狗屁全知全能，不就是50%50%？真给你们闹麻了
[2026-02-22 00:29:05] 四眼呆猫xx: @nexa：什么狗屁一线指挥，不就是50%50%？真给你们闹麻了
[2026-02-22 00:29:06] 尾巴17: @载物：这人透视还敢告诉队友的？
[2026-02-22 00:29:06] 用户539660762760511: @载物：这人透视还敢告诉队友的？
[2026-02-22 00:29:06] mujica的长崎素世本人: @🗿：吉米多送点，老鼠黏住
[2026-02-22 00:29:06] 用户0398630695: pv这状态...总决赛猎鹰危险了啊
[2026-02-22 00:29:06] 审查账号: 上帝不掷色子
[2026-02-22 00:29:06] 休水村武状元房石阳明: device赢了
[2026-02-22 00:29:07] 江财第一肥美: @ZywOo：老詹这款参数还可以，我用过确实不错 稳定不被封
[2026-02-22 00:29:07] 专看玩机器的号: 这波真不怪falcons
[2026-02-22 00:29:07] 硫氦氧丶: 申请看丰川億百萬 懂得➕1
[2026-02-22 00:29:07] FROSTYI: donk：哦牛批，还有这种独联体指挥哒
[2026-02-22 00:29:07] 马弓手玩机器: donk：哦牛批，还有这种独联体指挥哒
[2026-02-22 00:29:07] 叶思涵258: 机器你屏蔽等级再调高点吧，看到低等级哥们偷别人的烂梗还少几个字，太尴尬了
[2026-02-22 00:29:07] Ceeee丶: donk：哦牛批，还有这种独联体指挥哒
[2026-02-22 00:29:07] 文西67: 反观
[2026-02-22 00:29:07] 最喜欢妮姆芙: @载物：这人透视还敢告诉队友的？
[2026-02-22 00:29:07] Thatsgood961: donk：哦牛批，还有这种独联体指挥哒
[2026-02-22 00:29:07] A队不吃晃的小祥本人: ⓘ您已被天师庄方宜举报封禁，点击了解武陵社会信用
[2026-02-22 00:29:08] 听说改名能中奖是八: donk：哦牛批，还有这种独联体指挥哒
[2026-02-22 00:29:08] 玩帝皇丶Teio: 发挥好的选手可以获得进入猎鹰的资格，不比夺冠含金量高？
[2026-02-22 00:29:08] 小昊的yimon阿爱发烧: 懂你意思
[2026-02-22 00:29:08] 忒斯特賊賊的披肩: 反向I8
[2026-02-22 00:29:08] 这歌Zzz: 来了
[2026-02-22 00:29:08] 玩南梁丶阿斯托尔福: @🗿：牛逼，用比分研发我还是第一次见
[2026-02-22 00:29:08] 99组的爱城华恋本人: 老汤赢了！老汤赢了！老汤赢了！老汤赢了！老汤赢了！老汤赢了！老汤赢了！
[2026-02-22 00:29:08] ParaE1la: 有个解说说过不要过渡神话詹姆的指挥你懂吗
[2026-02-22 00:29:08] 小蜜蜂的长期素食本人: donk：哦牛批，还有这种独联体指挥哒
[2026-02-22 00:29:08] 血樱幽世: 7-0你说毛呢
[2026-02-22 00:29:09] 好姐妹芙卡洛斯: 谁给机会
[2026-02-22 00:29:09] 小坏蛋毛毛: donk：哦牛批，还有这种独联体指挥哒
[2026-02-22 00:29:09] 挪威退休老头寻求返聘: donk：哦牛批，还有这种独联体指挥哒
[2026-02-22 00:29:09] 鸟儿在头顶把森林叫醒: 申请看丰川億百萬 懂得➕1
[2026-02-22 00:29:09] 从零开始的加拿大肄业: donk：哦牛批，还有这种独联体指挥哒
[2026-02-22 00:29:09] MyGo的tomorin本人: donk：哦牛批，还有这种独联体指挥哒
[2026-02-22 00:29:09] Amaziki: donk：哦牛批，还有这种独联体指挥哒
[2026-02-22 00:29:09] 与沫与婷: donk：哦牛批，还有这种独联体指挥哒
[2026-02-22 00:29:10] 老师像洗脚城城主Java: 【前线速报】16：12老爸拿下了
[2026-02-22 00:29:10] AA337sdjl: donk：哦牛批，还有这种独联体指挥哒
[2026-02-22 00:29:10] 用户771016807: @🗿：牛逼，用比分研发我还是第一次见
[2026-02-22 00:29:10] DestroyerElune丶: 谁老给机会呢
[2026-02-22 00:29:10] 听说改名能中奖是八: donk：哦牛批，还有这种独联体指挥哒 donk：哦牛批，还有这种独联体指挥哒
[2026-02-22 00:29:11] GODAyeon: 【前线速报】16：12老爸拿下了
[2026-02-22 00:29:11] 皮皮皮皮拉: @🗿：对，就这么开发
[2026-02-22 00:29:11] 萝伯丝比尔: donk：哦牛批，还有这种独联体指挥哒
[2026-02-22 00:29:11] 蓝原延渚: 不是这个🗿到底是谁啊
[2026-02-22 00:29:11] 划算小划: donk：哦牛批，还有这种独联体指挥哒
[2026-02-22 00:29:11] mashrimp牛异啵: @nexa：什么狗屁一线指挥，不就是50%50%？真给你们闹麻了
[2026-02-22 00:29:11] wedd1ddeJodd: 赌对一次是蒙的，赌对两次就是蒙对两次
[2026-02-22 00:29:11] 木林森969585: @🗿：牛逼，用比分研发我还是第一次见
[2026-02-22 00:29:12] Vitality的羽贺文乃本人: donk：哦牛批，还有这种独联体指挥哒
[2026-02-22 00:29:12] 我的ad不是混子: 四个科研新星啊
[2026-02-22 00:29:12] 小小小蕉: @载物：这人透视还敢告诉队友的？
[2026-02-22 00:29:12] 湛湛0731: 弹幕终于好起来了，没人吵了
[2026-02-22 00:29:12] 我的主人近藤千彩: @🗿：牛逼，用比分研发我还是第一次见
[2026-02-22 00:29:13] monster7468: 懂你意思
[2026-02-22 00:29:13] Tim1cc: 懂你意思
[2026-02-22 00:29:13] pqe10: donk：哦牛批，还有这种独联体指挥哒
[2026-02-22 00:29:13] 河北雨姐: @载物：这人透视还敢告诉队友的？
[2026-02-22 00:29:13] 可爱女初中生: @nexa：什么狗屁科研智慧，不就是50 50？
[2026-02-22 00:29:13] 记得少吃外卖玩宝宝: 不是这个🗿到底是谁啊
[2026-02-22 00:29:13] SKT的Faker本人: 懂你意思
[2026-02-22 00:29:14] 撕破伤口丶316: 申请看丰川億百萬 懂得➕1
[2026-02-22 00:29:14] dark1337: donk：哦牛批，还有这种独联体指挥哒
[2026-02-22 00:29:14] 马克也太难学了吧: 那是谁给机会呢
[2026-02-22 00:29:14] 黑眸萧炎: 反观
[2026-02-22 00:29:14] MrAndenson: 抓娃娃
[2026-02-22 00:29:14] 玉米卧槽: @🗿:不是这个🗿到底是谁啊
[2026-02-22 00:29:14] 火莱姆的洗澡盆: 引导
[2026-02-22 00:29:15] woollyf: @nexa：闹麻了什么一线指挥，不就5050
[2026-02-22 00:29:15] 比比暗暗: donk：哦牛批，还有这种独联体指挥哒
[2026-02-22 00:29:15] A队不吃晃的小祥本人: 玩机器，你现在逆转风评和停止节奏的唯一办法就是把《颂乐人偶》后6集看完
[2026-02-22 00:29:15] CHMike: 　　　 donk：哦牛批，还有这种独联体指挥哒
[2026-02-22 00:29:15] 一日暮言叶: 谁老给机会呢
[2026-02-22 00:29:16] VR的灰泽螨本人: 老詹：我有500个封号名额
[2026-02-22 00:29:16] 绫哩真宵: 美德吗
[2026-02-22 00:29:16] 用户026505389: donk：哦牛批，还有这种独联体指挥哒
[2026-02-22 00:29:16] 太阳神之翼神龙球体形: 【前线速报】16：12老爸拿下了
[2026-02-22 00:29:16] 2635174919: donk：哦牛批，还有这种独联体指挥哒
[2026-02-22 00:29:16] J4ckaLove: @🗿：牛逼，用比分研发我还是第一次见
[2026-02-22 00:29:17] sjtu的musketeers本人: 有个解说说过不要过渡神话詹姆的指挥你懂吗
[2026-02-22 00:29:17] y叶上初阳h: donk：哦牛批，还有这种独联体指挥哒
[2026-02-22 00:29:17] YEKINDAR: 🗿：我的比赛就快开了
[2026-02-22 00:29:17] 阳光男神尧: #查询vp神度
[2026-02-22 00:29:17] 足音: 【前线速报】16：12老爸拿下了
[2026-02-22 00:29:18] YCSUN1017: 玩大哥，隔壁1-1了
[2026-02-22 00:29:18] p1不玩自己滚去小蜜蜂: @🗿：现在谁给FW送头我弄谁😡
[2026-02-22 00:29:18] 我有个问题啊: donk：哦牛批，还有这种独联体指挥哒
[2026-02-22 00:29:18] NiK0major123: 查询发言等级
[2026-02-22 00:29:18] 爱健身的然然然然然: 又在暗示绿色战队
[2026-02-22 00:29:18] -DJANGO-: donk：哦牛批，还有这种独联体指挥哒
[2026-02-22 00:29:18] 玩设备丶dev1ce: @🗿：！
[2026-02-22 00:29:18] 谁会想要左后卫球衣呢: 那么谁在给机会啊
[2026-02-22 00:29:18] 网瘾少年诺里斯: 老爸到了
[2026-02-22 00:29:18] Abc丶Ss: donk：哦牛批，还有这种独联体指挥哒
[2026-02-22 00:29:19] 我吃柠檬树: 【前线速报】16：12老爸拿下了
[2026-02-22 00:29:19] aprayll: @🗿:不是这个🗿到底是谁啊
[2026-02-22 00:29:19] 浮世清欢wd: donk：哦牛批，还有这种独联体指挥哒
[2026-02-22 00:29:19] loverboy888: @🗿:不是这个🗿到底是谁啊
[2026-02-22 00:29:20] 冰封樱花: donk：哦牛批，还有这种独联体指挥哒
[2026-02-22 00:29:20] 结束的意思是完了: donk：哦牛批，还有这种独联体指挥哒
[2026-02-22 00:29:20] viovvvvvvvon: donk：哦牛批，还有这种独联体指挥哒
[2026-02-22 00:29:20] 机器机器祝你天天开心: 这pv猎鹰能da成这样感觉不赖了
[2026-02-22 00:29:20] 血樱幽世: donk：哦牛批，还有这种独联体指挥哒
[2026-02-22 00:29:21] Dev1ce退役就登山: 【前线速报】16：12老爸拿下了
[2026-02-22 00:29:21] 闪光皮皮不吃闪: @🗿：牛逼，用比分研发我还是第一次见
[2026-02-22 00:29:21] 巅峰A队魔男: donk：哦牛批，还有这种独联体指挥哒
[2026-02-22 00:29:21] 小蜜蜂的长期素食本人: 🗿：我的比赛就快开了
[2026-02-22 00:29:21] 心安理得的时候: @Brollan：谁的房主，怎么开成休闲模式了，对面5A5B怎么玩
[2026-02-22 00:29:21] 东城会的真岛吾朗本人: donk：哦牛批，还有这种独联体指挥哒
[2026-02-22 00:29:21] 小昊的yimon阿爱发烧: 善意引导
[2026-02-22 00:29:21] valorant玩机器: 【前线速报】16：12老爸拿下了
[2026-02-22 00:29:21] xyxxyzbbdzq: donk：哦牛批，还有这种独联体指挥哒
[2026-02-22 00:29:21] Hakurei-Re1mu: donk：哦牛批，还有这种独联体指挥的啊
[2026-02-22 00:29:22] 492555411: @AA337sdjl：donk：哦牛批，还有这种独联体指挥哒
[2026-02-22 00:29:22] lonhkfd: 不是这个🗿到底是谁啊
[2026-02-22 00:29:22] 玄月子梦: @🗿：牛逼，用比分研发我还是第一次见
[2026-02-22 00:29:22] 地狱由此开始: 　　　 玩大哥，隔壁1-1了
[2026-02-22 00:29:23] 不务正业127: 【前线速报】16：12老爸拿下了
[2026-02-22 00:29:23] 用户53477423: tyloo：重守a为什么还能拿分
[2026-02-22 00:29:23] 1emon5prite: @🗿：牛逼，用比分研发我还是第一次见
[2026-02-22 00:29:24] 悲惨凄凉233: donk：哦牛批，还有这种独联体指挥哒
[2026-02-22 00:29:24] 用户39757969: donk：哦牛批，还有这种独联体指挥哒
[2026-02-22 00:29:24] 小小小蕉: @🗿：牛逼，用比分研发我还是第一次见
[2026-02-22 00:29:24] 今夜夏天结束: donk：哦牛批，还有这种独联体指挥哒
[2026-02-22 00:29:24] 小兽神官: donk：哦牛批，还有这种独联体指挥哒
[2026-02-22 00:29:24] 最喜欢妮姆芙: 【前线速报】16：12老爸拿下了
[2026-02-22 00:29:24] 求奶我霉运缠身一生: @🗿：牛逼，用比分研发我还是第一次见
[2026-02-22 00:29:25] 舞小风: @🗿:不是这个🗿到底是谁啊
[2026-02-22 00:29:25] 射命丸文文句号: 老爸图三了
[2026-02-22 00:29:25] 真的身份不过送运17: @nexa：闹麻了什么一线指挥，不就5050
[2026-02-22 00:29:25] 尼古拉刘亦博: 🗿:我就是🗿
[2026-02-22 00:29:25] 千早爱音Dcup: donk：哦牛批，还有这种独联体指挥哒
[2026-02-22 00:29:25] 可爱女初中生: 【前线速报】16：12老爸拿下了
[2026-02-22 00:29:25] 驕傲的少年丶: donk：哦牛批，还有这种独联体指挥哒
[2026-02-22 00:29:25] 玩两仪式丶shiki: donk：哦牛批，还有这种独联体指挥哒
[2026-02-22 00:29:26] 喜欢您来咧: 老爸才刚刚赢 可以看第三把咯
[2026-02-22 00:29:26] 啦啦啦啦啦2186: 想看100t的加一展示凝聚力
[2026-02-22 00:29:26] 千蜃欺语: 感觉PV状态有点回来了
[2026-02-22 00:29:26] 碗积极: 玩机器，你现在逆转风评和停止节奏的唯一办法就是把《颂乐人偶》后6集看完
[2026-02-22 00:29:26] 足音: 弹幕终于好起来了，没人吵了
[2026-02-22 00:29:26] 小蜜蜂的长期素食本人: 【前线速报】16：12老爸拿下了
[2026-02-22 00:29:26] everch0sen: 错介，我们京了
[2026-02-22 00:29:26] 我真是透了两个老比啊: donk：哦牛批，还有这种独联体指挥哒
[2026-02-22 00:29:27] 文西67: donk：哦牛批，还有这种独联体指挥哒
[2026-02-22 00:29:27] 猫头全球第二粉丝: 【前线速报】16：12老爸拿下了
[2026-02-22 00:29:27] 怕孤厌闹d: donk：哦牛批，还有这种独联体指挥哒
[2026-02-22 00:29:27] Svetlana5: 　　　 donk：哦牛批，还有这种独联体指挥哒
[2026-02-22 00:29:27] 无刺有刺的安和昴本人: 这pv猎鹰能da成这样感觉不赖了
[2026-02-22 00:29:27] Rain289416: donk：哦牛批，还有这种独联体指挥哒
[2026-02-22 00:29:28] 丛念39090: 我家小孩作业一个字没动！拿着他手机就看到你们这种游戏直播！国家迟早会制裁你们的！
[2026-02-22 00:29:28] 绿龙的zont1x本人: 【前线速报】16：12老爸拿下了
[2026-02-22 00:29:28] PKURoger: donk：哦牛批，还有这种独联体指挥哒
[2026-02-22 00:29:28] 路过的伊蕾娜酱: 【前线速报】16：12老爸拿下了
[2026-02-22 00:29:29] xOcOg: 图二大东指挥12回合，设备指挥16回合，大东指挥设备送14次，设备拿下关键击杀16个
[2026-02-22 00:29:29] 狂野皮几儿很哒: @🗿:不是这个🗿到底是谁啊
[2026-02-22 00:29:29] 是桃子阿阿: 那有支队伍确实太没有美德了
[2026-02-22 00:29:29] 爱纲焦的小女孩: ？
[2026-02-22 00:29:29] 玉米卧槽: @🗿:不是这个🗿到底是谁啊
[2026-02-22 00:29:29] a19991526: 4b了
[2026-02-22 00:29:29] erickobe: 【前线速报】16：12老爸拿下了
[2026-02-22 00:29:29] 中X千早爱音: 🗿：我的比赛就快开了
[2026-02-22 00:29:30] Roswald: @🗿：牛逼，用比分研发我还是第一次见
[2026-02-22 00:29:30] 石家庄的刘亦博本人: 玩机器：感谢玩神亲手拿下 载 跌的飞机
[2026-02-22 00:29:30] 蝼蛄在鸣悲: ？？？
[2026-02-22 00:29:30] 玩跳丹jampegg: 《反对正当化bully》《场间看个2k视频》《卧槽干出残影了》
[2026-02-22 00:29:30] 仰望半月: 【前线速报】16：12老爸拿下了
[2026-02-22 00:29:30] 博丽灵感菇: 编越多，编越显眼；编越显眼，编越被封；编越被封，编越少；所以编越多编越少
[2026-02-22 00:29:31] woollyf: @nexa：闹麻了什么一线指挥，不就5050
[2026-02-22 00:29:31] 最喜欢妮姆芙: @🗿：牛逼，用比分研发我还是第一次见
[2026-02-22 00:29:31] 沉默喵: donk：哦牛批，还有这种独联体指挥
[2026-02-22 00:29:31] sssllgaibs: 4B
[2026-02-22 00:29:31] ikikry: donk：哦牛批，还有这种独联体指挥哒
[2026-02-22 00:29:31] 怒之拳: donk：哦牛批，还有这种独联体指挥的啊
[2026-02-22 00:29:32] 蒂花之秀洗发水u: 有透
[2026-02-22 00:29:32] SummerFl0wer: 想看100t的加一展示凝聚力
[2026-02-22 00:29:32] 伊利亚宝宝: 【前线速报】16：12老爸拿下了
[2026-02-22 00:29:32] 好哥们山上撤也: @a队的老爸本人：用比分研发我在nuke早就干过了
[2026-02-22 00:29:32] Go1Daaa: @🗿：牛逼，用比分研发我还是第一次见
[2026-02-22 00:29:33] 海绵宝宝有希儿: 玩犬解读
[2026-02-22 00:29:33] 米兰后卫Tomori: 老汤图三了
[2026-02-22 00:29:33] 大力别顶苟哥号: donk：哦牛批，还有这种独联体指挥哒
[2026-02-22 00:29:34] 波士顿major冠军FaZeClan: donk：哦牛批，还有这种独联体指挥哒
[2026-02-22 00:29:34] xyxxyzbbdzq: donk：哦牛批，还有这种独联体指挥哒
[2026-02-22 00:29:34] zzznnni: 无信息赌B啊？
[2026-02-22 00:29:34] 玩老鼠丶Roxy: ？
[2026-02-22 00:29:34] 椎名立希的泪痣: donk：哦牛批，还有这种独联体指挥哒
[2026-02-22 00:29:34] 用户771016807: ??
[2026-02-22 00:29:34] 射命丸文文句号: 【前线速报】16：12老爸拿下了
[2026-02-22 00:29:34] 2442861055: 弹幕都忍着呢 一会小蜜蜂比赛要爆弹了
[2026-02-22 00:29:35] 杰里科丶: 【前线速报】16：12老爸拿下了
[2026-02-22 00:29:35] 我知道的一点也不多: 两款z两款i，太全面了老鼠
[2026-02-22 00:29:35] 玩大哥我双倍呢: 【前线速报】16：12老爸拿下了
[2026-02-22 00:29:35] 梦的星: 【前线速报】16：12老爸拿下了
[2026-02-22 00:29:35] 一夜枫529: donk：哦牛批，还有这种独联体指挥的啊
[2026-02-22 00:29:35] 玩斯特出出6657: 透视
[2026-02-22 00:29:35] HCS118: 又来了
[2026-02-22 00:29:35] ichkrim: 号外，号外，老汤16:12大胜BB
[2026-02-22 00:29:35] loverboy888: 【前线速报】16：12老爸拿下了
[2026-02-22 00:29:36] 原斯特神神: 【前线速报】16：12老爸拿下了
[2026-02-22 00:29:36] 千百度897: 玩大哥，隔壁1-1了
[2026-02-22 00:29:36] 强尼银手VVV: 【前线速报】16：12老爸拿下了
[2026-02-22 00:29:36] Hairk0627: 无信息重b
[2026-02-22 00:29:36] Ganbei4Eureka: ☝️🗿☝️🗿☝️🗿☝️🗿☝️🗿☝️🗿☝️🗿☝️🗿☝️🗿☝️🗿☝️🗿☝️🗿
[2026-02-22 00:29:36] 琦玉33的冷漠脸: 速通了还能看老汤
[2026-02-22 00:29:37] 玩机器的弟弟玩弟科: 【前线速报】16：12老爸拿下了
[2026-02-22 00:29:37] A队不吃晃的小祥本人: 玩机器，你现在逆转风评和停止节奏的唯一办法就是把《颂乐人偶》后6集看完
[2026-02-22 00:29:37] 博丽灵感菇: 编越多，编越显眼；编越显眼，编越被封；编越被封，编越少；所以编越多编越少
[2026-02-22 00:29:37] 我头秃还爱毒奶选手: donk：哦牛批，还有这种独联体指挥哒
[2026-02-22 00:29:38] Rainwedell: 【前线速报】16：12老爸拿下了
[2026-02-22 00:29:38] 狂野皮几儿很哒: 🗿：我的比赛就快开了
[2026-02-22 00:29:38] 夜刀神十香910: ദ്ദി˶ｰ̀֊ｰ́ )✧
[2026-02-22 00:29:39] 好姐妹一之濑素世: jame这指挥有多夸张呢，这么说吧，夸张到弹幕都不骂玩机器了。
[2026-02-22 00:29:39] 米米世界之神: 【前线速报】16：12老爸拿下了
[2026-02-22 00:29:39] FALCON的NIKO本人: ？
[2026-02-22 00:29:39] 无甲Glock的sanji: 【前线速报】16：12老爸拿下了
[2026-02-22 00:29:39] 哦斯特哦哦: 无信息重b
[2026-02-22 00:29:39] 可爱女初中生: 想看100t的加一展示凝聚力
[2026-02-22 00:29:39] 好姐妹安达利尔: 完全解读了
[2026-02-22 00:29:39] 玉米卧槽: 【前线速报】16：12老爸拿下了
[2026-02-22 00:29:40] 上完课我找你: @🗿：牛逼，用比分研发我还是第一次见
[2026-02-22 00:29:40] 杰里科丶: 【前线速报】16：12老爸拿下了
[2026-02-22 00:29:40] 感谢这个碧: donk：哦牛批，还有这种独联体指挥哒
[2026-02-22 00:29:40] 尤里大泽: 号外，号外，老汤16:12大胜BB
[2026-02-22 00:29:40] 沈雨读: @🗿：牛逼，用比分研发我还是第一次见
[2026-02-22 00:29:41] dark1337: ？？
[2026-02-22 00:29:41] LvvsiN: @阿汤日记：一个人，5发子弹，保住格陵兰岛。我不会叫它不可能完成的任务，我现在只想先回家看亦博
[2026-02-22 00:29:41] 吉吉国王丶腾杨天下: 想看100t的加一展示凝聚力
[2026-02-22 00:29:41] 改了名字能中奖666: 赌点的神
[2026-02-22 00:29:42] 玩指挥丶NiKo: 【前线速报】16：12老爸拿下了
[2026-02-22 00:29:42] 落夜会: 喜气玩意，老爸差点被你看似
[2026-02-22 00:29:42] 小众宝藏玩小将: donk：哦牛批，还有这种独联体指挥哒
[2026-02-22 00:29:42] 卡子哥今天吃汉堡了吗: 导盲犬说是
[2026-02-22 00:29:43] 星海难寻: donk：哦牛批，还有这种独联体指挥哒
[2026-02-22 00:29:43] A队不吃晃的小祥本人: ⓘ您已被天师庄方宜举报封禁，点击了解武陵社会信用
[2026-02-22 00:29:43] 比奇堡的派大星本人: 能把不给机会就是强队的美德剪给CN队输的时候吗
[2026-02-22 00:29:43] LvvsiN: 你为什么要把mαjor禁了，我收藏的一半弹幕全毁了
[2026-02-22 00:29:43] theFrozenThrone: 老爸被收放自如了
[2026-02-22 00:29:44] 老苦瓜贝多芬: nexa：不发5050弹幕，认真学✍️
[2026-02-22 00:29:44] 强尼银手VVV: @🗿：牛逼，用比分研发我还是第一次见
[2026-02-22 00:29:45] 492555411: 【前线速报】16：12老爸拿下了
[2026-02-22 00:29:45] 参隼: 抓娃娃
[2026-02-22 00:29:45] A队不吃晃的小祥本人: ⓘ您已被天师庄方宜举报封禁，点击了解武陵社会信用
[2026-02-22 00:29:45] LvvsiN: 其实碗橱就是猪灵，你不拿黄金丢他他就不跟你说话
[2026-02-22 00:29:46] 海绵宝宝dinner: donk：哦牛批，还有这种独联体指挥哒
[2026-02-22 00:29:46] 凯瑟琳123: 【前线速报】16：12老爸拿下了
[2026-02-22 00:29:46] 不关恩恩的事嗷: 想看100t的加一展示凝聚力
[2026-02-22 00:29:46] 企业级穷哥们: 0.21
[2026-02-22 00:29:46] zin桀zera: 【前线速报】16：12老爸拿下了
[2026-02-22 00:29:46] 玩玩的丸丸软又弹: @🗿：我是谁？
[2026-02-22 00:29:47] myGo的anon: 【前线速报】16：12老爸拿下了
[2026-02-22 00:29:47] LvvsiN: 我提一嘴这剧情越来越像上海major了
[2026-02-22 00:29:47] 神牛拯救世界: 喜气玩意，老爸差点被你看似
[2026-02-22 00:29:48] 香港分社记者: @mo***y：mo 导 事键盘是什么意思
[2026-02-22 00:29:48] 用户1181920443: 想看100t的加一展示凝聚力
[2026-02-22 00:29:48] 椒盐土豆83425: 【前线速报】16：12老爸拿下了
[2026-02-22 00:29:48] xyxxyzbbdzq: 【前线速报】16：12老爸拿下了
[2026-02-22 00:29:49] 鸟儿在头顶把森林叫醒: 【前线速报】16：12老爸拿下了
[2026-02-22 00:29:49] 逃离灰色地带: 【前线速报】16：12老爸拿下了
[2026-02-22 00:29:49] 小小的打一套吧: 申请重新订阅猎鹰哦度
[2026-02-22 00:29:49] 上完课我找你: 【前线速报】16：12老爸拿下了
[2026-02-22 00:29:49] LvvsiN: 男人一生只哭十八次：niko十七次梦碎major正赛, niko梦碎里约major RMR＼
[2026-02-22 00:29:49] 哈啦休: 【前线速报】16：12老爸拿下了
[2026-02-22 00:29:49] 海绵宝宝dinner: 【前线速报】16：12老爸拿下了
[2026-02-22 00:29:49] 北崎直树: 想看100t的加一展示凝聚力
[2026-02-22 00:29:50] 芙兰达丶塞维伦: 【前线速报】16：12老爸拿下了
[2026-02-22 00:29:50] 若叶睦吃苦瓜: 　　　 donk：哦牛批，还有这种独联体指挥哒
[2026-02-22 00:29:50] 陈怡宝i: 【前线速报】16：12老爸拿下了
[2026-02-22 00:29:50] Wangzap: 狂野
[2026-02-22 00:29:50] 石家庄的刘亦博本人: 玩机器：感谢玩神亲手拿下 载 跌的飞机
[2026-02-22 00:29:50] 野猪家猪: ？
[2026-02-22 00:29:50] A队不吃晃的小祥本人: 申请看100T比赛净化弹幕，同意的＋1
[2026-02-22 00:29:50] Kakakallen: 【前线速报】16：12老爸拿下了
[2026-02-22 00:29:50] Fuentes556: nexa：不发5050弹幕，认真学✍️
[2026-02-22 00:29:51] 品客贝比: 感觉不如niko……CT方指挥、
[2026-02-22 00:29:52] 马不到: 【前线速报】16：12老爸拿下了
[2026-02-22 00:29:52] WS的草薙宁宁本人: 【前线速报】16：12老爸拿下了
[2026-02-22 00:29:52] 刘农痴呆不忘带永恒: 想看100t的加一展示凝聚力
[2026-02-22 00:29:52] 雾氧ovo: 想看100t的加一展示凝聚力
[2026-02-22 00:29:52] 用户39757969: 有哦都赢不了，没哦怎么赢
[2026-02-22 00:29:52] 大裂谷的登山家: @xertion：我已经受够了这种决赛输给vitality的剧情。@Jame:收到！
[2026-02-22 00:29:53] 偷鸡蛋的玩机器本人o: 【前线速报】16：12老爸拿下了
[2026-02-22 00:29:53] 没事小子: 来点snax弹幕
[2026-02-22 00:29:53] 中二病也想: 4b
[2026-02-22 00:29:53] 假打奇趣蛋: 【前线速报】16：12老爸拿下了
[2026-02-22 00:29:53] 北徐: 【前线速报】16：12老爸拿下了
[2026-02-22 00:29:53] 好基米哈基祥子: 【前线速报】16：12老爸拿下了
[2026-02-22 00:29:53] 是桃子阿阿: 按你这么说的话 猎鹰岂不是太缺德了
[2026-02-22 00:29:54] LvvsiN: @老汤日记:丹麦总统让我静音接触白宫，这应该是我最后一次看儿子直播了，机器，我爱你...
[2026-02-22 00:29:54] 冰封樱花: 【前线速报】16：12老爸拿下了
[2026-02-22 00:29:54] 狂野皮几儿很哒: donk：哦牛批，还有这种独联体指挥哒
[2026-02-22 00:29:54] 无7441158: @🗿：牛逼，用比分研发我还是第一次见
[2026-02-22 00:29:54] MyGo的tomorin本人: 詹姆也想看老汤了
[2026-02-22 00:29:55] Tim135: 【前线速报】16：12老爸拿下了
[2026-02-22 00:29:55] A队不吃晃的小祥本人: 申请看100T比赛净化弹幕，同意的＋1
[2026-02-22 00:29:55] ikikry: 【前线速报】16：12老爸拿下了
[2026-02-22 00:29:55] Pmaruovimai: 想看100t的加一展示凝聚力
[2026-02-22 00:29:55] eda778: HLTV：老骥伏枥 志在千里 恭喜100Thieves夺得科隆Major冠军 dev1c拿下MVP！
[2026-02-22 00:29:56] 撒浪嘿呦0v0: 【前线速报】16：12老爸拿下了
[2026-02-22 00:29:56] LvvsiN: 玩宝宝，我发现在大学上学的时候肄业会很舒服，你可以试试
[2026-02-22 00:29:56] 第一美食烤肉: cadian play
[2026-02-22 00:29:56] 万物养生: 【前线速报】16：12老爸拿下了
[2026-02-22 00:29:57] 玩跳丹jampegg: 玩机器：感谢玩神亲手拿下 载 跌的飞机
[2026-02-22 00:29:57] 冷静认真专注的三文鱼: 哎，要是jame是niko的指挥就好了
[2026-02-22 00:29:57] 足音: 想看100t的加一展示凝聚力
[2026-02-22 00:29:57] 与沫与婷: donk：我不想要回什么京介哲伟了，我要这个指挥，能让对面往我枪口上撞
[2026-02-22 00:29:58] 好哥们大叫巨鹦: 想看100t的加一展示凝聚力
[2026-02-22 00:29:58] A队不吃晃的小祥本人: 申请看100T比赛净化弹幕，同意的＋1
[2026-02-22 00:29:58] 杰里科丶: 【前线速报】16：12老爸拿下了
[2026-02-22 00:29:58] LvvsiN: 额，拿亚军我都会，拿亚军，拿季军，拿四强，拿八强，拿十六强，呃拿冠军我不会，然后小组赛淘汰
[2026-02-22 00:29:58] chordclef: huai
[2026-02-22 00:29:58] 明月照星河: 【前线速报】16：12老爸拿下了
[2026-02-22 00:29:59] 小洞大人打玩啦: 小枪寄腚是什么意思
[2026-02-22 00:30:00] 鸟儿在头顶把森林叫醒: 【前线速报】16：12老爸拿下了
[2026-02-22 00:30:00] 海绵宝宝dinner: 【前线速报】16：12老爸拿下了
[2026-02-22 00:30:00] xyxxyzbbdzq: 【前线速报】16：12老爸拿下了
[2026-02-22 00:30:00] LvvsiN: 别解说了 多聊会天 你不会真的以为能输吧
[2026-02-22 00:30:00] 无7441158: 【前线速报】16：12老爸拿下了
[2026-02-22 00:30:00] 早安丿章鱼哥: 这也清了
[2026-02-22 00:30:00] Wangzap: @donk：哦牛批，还有这种独联体指挥哒
[2026-02-22 00:30:01] A队不吃晃的小祥本人: ⓘ您已被天师庄方宜举报封禁，点击了解武陵社会信用
[2026-02-22 00:30:01] 玉米卧槽: 哎，要是jame是niko的指挥就好了
[2026-02-22 00:30:01] fmljz: B先送你2个 你就不知道里面还有2个了
[2026-02-22 00:30:02] 岛田王师傅: 万物起源了
[2026-02-22 00:30:02] angry嗷呜: 【前线速报】16：12老爸拿下了
[2026-02-22 00:30:02] 好姐妹太卜司符玄: donk：我不想要回什么京介哲伟了，我要这个指挥，能让对面往我枪口上撞
[2026-02-22 00:30:02] LvvsiN: 玩宝宝，我发现在大学上学的时候肄业会很舒服，你可以试试
[2026-02-22 00:30:02] 瑭珏: 想看100t的加一展示凝聚力
[2026-02-22 00:30:03] 时团的马嘉祺本人: 申请看100T比赛净化弹幕，同意的＋1
[2026-02-22 00:30:03] 何须再急: 【前线速报】16：12老爸拿下了
[2026-02-22 00:30:03] SideChannel: 【前线速报】16：12老爸拿下了
[2026-02-22 00:30:04] 罪石牢狱的小驴本人: 【前线速报】16：12老爸拿下了
[2026-02-22 00:30:04] 逃离灰色地带: 玩宝宝，我发现在大学上学的时候肄业会很舒服，你可以试试
[2026-02-22 00:30:04] 小哆啦的大雄: 【前线速报】16：12老爸拿下了
[2026-02-22 00:30:04] Hakurei-Re1mu: 【前线速报】16：12老爸拿下了
[2026-02-22 00:30:04] LvvsiN: @老汤日记:丹麦总统让我静音接触白宫，这应该是我最后一次看儿子直播了，机器，我爱你...
[2026-02-22 00:30:04] 太行山枪男: 万物起源
[2026-02-22 00:30:04] 羞死了的小萌妹: 想看100t的加一展示凝聚力
[2026-02-22 00:30:05] Rainwedell: 全知全能
[2026-02-22 00:30:05] 从零开始的加拿大肄业: @donk：哦牛批，还有这种独联体指挥哒
[2026-02-22 00:30:05] 机器机器祝你天天开心: 研发失败
[2026-02-22 00:30:05] 焦香荷包蛋: 想看100t的加一展示凝聚力
[2026-02-22 00:30:05] 香辛料嗷嗷嗷嗷嗷嗷嗷: 　　　 【前线速报】16：12老爸拿下了
[2026-02-22 00:30:06] 沉默喵: 驴要是在上帝手下真不敢想是什么样子
[2026-02-22 00:30:06] eda778: 【前线速报】16：12老爸拿下了
[2026-02-22 00:30:06] 四眼呆猫xx: 万物起源
[2026-02-22 00:30:06] A队不吃晃的小祥本人: 玩机器，你现在逆转风评和停止节奏的唯一办法就是把《颂乐人偶》后6集看完
[2026-02-22 00:30:06] jamesfaith23: 【前线速报】16：12老爸拿下了
[2026-02-22 00:30:06] LvvsiN: 男人一生只哭十八次：niko十七次梦碎major正赛, niko梦碎里约major RMR＼
[2026-02-22 00:30:06] GIZZI: 【前线速报】16：12老爸拿下了
[2026-02-22 00:30:07] 战术白给青年: 【前线速报】16：12老爸拿下了
[2026-02-22 00:30:07] 雾满楼丶春雨添瓦绿: 【前线速报】：龙哥被下放了
[2026-02-22 00:30:07] 宫原雪岳: 🗿：
[2026-02-22 00:30:08] xOcOg: 🗿：毁了
[2026-02-22 00:30:08] 熊本小孩井芹仁菜本人: @🗿：没意思不看了
[2026-02-22 00:30:08] 诸神释然: 【前线速报】16：12老爸拿下了
[2026-02-22 00:30:08] A队不吃晃的小祥本人: 申请看100T比赛净化弹幕，同意的＋1
[2026-02-22 00:30:08] LvvsiN: 银行业😄银行业😀银行业😃银行业😁银行业😆银行业🤪银行业😝
[2026-02-22 00:30:08] 骄骄爱吃糖: 全球首分
[2026-02-22 00:30:08] 就爱吃辣咋的: 康出
[2026-02-22 00:30:09] 煮雪望河山: 【前线速报】16：12老爸拿下了
[2026-02-22 00:30:09] 黑桃卆子: 地球只有一个科学家了
[2026-02-22 00:30:09] 高举major奖杯的Niko: 【前线速报】16：12老爸拿下了
[2026-02-22 00:30:09] 众黏液之父desu特wawa: 【前线速报】16：12老爸拿下了
[2026-02-22 00:30:09] 双马尾的双马尾: 驴要是在上帝手下真不敢想是什么样子
[2026-02-22 00:30:09] 哦丁Oading: 玩宝宝，我发现在大学上学的时候肄业会很舒服，你可以试试
[2026-02-22 00:30:10] ArZhe阿哲: 这4b啊？
[2026-02-22 00:30:10] 玉米卧槽: 吃力
[2026-02-22 00:30:10] p梅狸猫q: 【前线速报】16：12老爸拿下了
[2026-02-22 00:30:10] 妖精骑士梅柳齐娜: ？
[2026-02-22 00:30:10] LvvsiN: @阿汤日记：一个人，5发子弹，保住格陵兰岛。我不会叫它不可能完成的任务，我现在只想先回家看亦博
[2026-02-22 00:30:11] A队不吃晃的小祥本人: ⓘ您已被天师庄方宜举报封禁，点击了解武陵社会信用
[2026-02-22 00:30:11] 宇宙第一麻瓜: 吃力
[2026-02-22 00:30:11] 赢一把真难啊都: @🗿：没意思不看了
[2026-02-22 00:30:12] 水人波糕猛犸颠勺: 万物起源
[2026-02-22 00:30:12] 尼尼hihimajor冠军: 伟出毁了一个科学家
[2026-02-22 00:30:12] 我就是喜欢对着干: 想看100t的加一展示凝聚力
[2026-02-22 00:30:12] 蓝星的floppy本人: 这是人类啊
[2026-02-22 00:30:12] LvvsiN: 别解说了 多聊会天 你不会真的以为能输吧
[2026-02-22 00:30:13] 11tEo: 🗿：毁了
[2026-02-22 00:30:13] ozvhn: 人不行啊
[2026-02-22 00:30:13] 秋Fc: @🗿：已经损失一名科学家。。。
[2026-02-22 00:30:13] A队不吃晃的小祥本人: 老规矩，弹幕谁编的好笑我支持谁
[2026-02-22 00:30:13] ApologyAll: 🗿：我去年也用这个比分研发过
[2026-02-22 00:30:13] 玩机器厦面鄙骰大: 康出
[2026-02-22 00:30:14] jianxideminggzi: 【前线速报】16：12老爸拿下了
[2026-02-22 00:30:14] poemars: 【前线速报】16：12老爸拿下了
[2026-02-22 00:30:14] 假小子是对的: @🗿：没意思不看了
[2026-02-22 00:30:14] LvvsiN: 男人一生只哭十八次：niko十七次梦碎major正赛, niko梦碎里约major RMR＼
[2026-02-22 00:30:14] LOVEYUKINO: 🗿：毁了
[2026-02-22 00:30:14] 好姐妹安达利尔: nexa：狗屁一线指挥，不就是5050？Jame：我是100%的哦
[2026-02-22 00:30:15] 玩机器你能不能闭嘴: @🗿：没意思不看了
[2026-02-22 00:30:15] 渡亡神雅睿欧斯: 康出
[2026-02-22 00:30:15] greexeen: 万物起源
[2026-02-22 00:30:16] 改了名字能中奖666: 白给三个
[2026-02-22 00:30:16] 玩机器厦面鄙骰大: 康出康出康出康出康出
[2026-02-22 00:30:16] 99组的爱城华恋本人: 万物起源
[2026-02-22 00:30:16] Vitality的Kyojin本人: pame
[2026-02-22 00:30:16] A队不吃晃的小祥本人: 老规矩，弹幕谁编的好笑我支持谁
[2026-02-22 00:30:16] 太有技术了玩神: 全球首胜来了吗
[2026-02-22 00:30:16] 用户2719002301: @dev1ce:儿子，爸爸赢了😎😎😎😎
[2026-02-22 00:30:16] 好哥们山上撤也: 🗿：毁了
[2026-02-22 00:30:16] LvvsiN: 男人一生只哭十八次：niko十七次梦碎major正赛, niko梦碎里约major RMR＼
[2026-02-22 00:30:16] 宛平南路600号主治医生: gggggggggggggggg
[2026-02-22 00:30:16] 梦的星: 原来哲伟的强图是小镇
[2026-02-22 00:30:17] 好哥们摩尔加纳: @🗿：❓❗
[2026-02-22 00:30:17] 用戶6657: 神队
[2026-02-22 00:30:17] 玩姬气的隆更: @🗿：没意思不看了
[2026-02-22 00:30:17] 零点一七狗来都行: @🗿：区
[2026-02-22 00:30:17] 玩指挥丶NiKo: 🗿：毁了
[2026-02-22 00:30:18] 安菲尔德的铁棍本人: 万物起源
[2026-02-22 00:30:18] loverboy888: 万物起源
[2026-02-22 00:30:18] 愿良辰美景: @🗿：没意思不看了
[2026-02-22 00:30:18] 马猴烧酒小地瓜: 老骥伏枥 志在千里 恭喜100Thieves夺得科隆Major冠军 dev1c拿下MVP！
[2026-02-22 00:30:18] dark1337: @🗿：没意思不看了
[2026-02-22 00:30:18] 迷路的kazi: 人不行啊
[2026-02-22 00:30:18] ALONG494: 【前线速报】16：12老爸拿下了
[2026-02-22 00:30:19] 喊咕噜麻辣毛蛋: 【前线速报】16：12老爸拿下了
[2026-02-22 00:30:19] 石家庄的刘亦博本人: 玩机器：感谢玩神亲手拿下 载 跌的飞机
[2026-02-22 00:30:19] 挪威退休老头寻求返聘: 想看100t的加一展示凝聚力
[2026-02-22 00:30:19] 子午年华s: @🗿：没意思不看了
[2026-02-22 00:30:19] 杰氏子: 又是4b
[2026-02-22 00:30:19] 清酒啵啵: 好的指令坏的人
[2026-02-22 00:30:19] 香港分社记者: 🗿：毁了
[2026-02-22 00:30:19] 晨风凌云21146: 人不行啊
[2026-02-22 00:30:19] tooless: 🗿：毁了
[2026-02-22 00:30:19] 皮艳羊丶: @🗿：没意思不看了
[2026-02-22 00:30:19] AA337sdjl: @🗿：没意思不看了
[2026-02-22 00:30:19] 李欢要早睡i: 人不行啊
[2026-02-22 00:30:19] 文西67: @🗿：没意思不看了
[2026-02-22 00:30:20] 一张木头: 【前线速报】16：12老爸拿下了
[2026-02-22 00:30:20] 小蜜蜂的长期素食本人: 🗿：毁了
[2026-02-22 00:30:20] 无刘海美女: 白给
[2026-02-22 00:30:20] 快乐啃蹄蹄: @🗿：没意思不看了
[2026-02-22 00:30:20] 这下洗不清咯: 枪法
[2026-02-22 00:30:20] 冬原春希: 草！加时拿下边边！那些说老爸倒了的人呢！
[2026-02-22 00:30:20] 用户2676812125: @🗿：没意思不看了
[2026-02-22 00:30:20] 柚柚子Yuyuko: @🗿：没意思不看了
[2026-02-22 00:30:20] 田中口三才: 康出康出康出康出康出
[2026-02-22 00:30:21] 玉米卧槽: @🗿：❓❗
[2026-02-22 00:30:21] 突厥的adc: @🗿：没意思
[2026-02-22 00:30:21] al9527: 伟伟
[2026-02-22 00:30:21] suo不粗话: 🗿：毁了
[2026-02-22 00:30:21] B穿女装怎么变强: 【前线速报】16：12老爸拿下了
[2026-02-22 00:30:21] 火星情报员工: 🗿：毁了
[2026-02-22 00:30:21] 光芒的天空: jame：四条蛆
[2026-02-22 00:30:21] 驕傲的少年丶: 人头换少了
[2026-02-22 00:30:22] 冲泉冲泉: 全球首胜
[2026-02-22 00:30:22] CLANCHIC的Tomorain本人: 万物起源
[2026-02-22 00:30:22] 秋茶小雪: 全球首分
[2026-02-22 00:30:22] 轰国小阿旭丶: @🗿：没意思不看了
[2026-02-22 00:30:22] 不务正业127: 万物起源
[2026-02-22 00:30:23] littlelovee: 人不行
[2026-02-22 00:30:23] byakurenii: @🗿：没意思不看了
[2026-02-22 00:30:23] 得闲饮茶gg: 　　　 🗿：毁了
[2026-02-22 00:30:23] 杰里科丶: 【前线速报】16：12老爸拿下了
[2026-02-22 00:30:23] Altolier: @🗿：没意思不看了
[2026-02-22 00:30:23] 幽谷响子: 抗畜
[2026-02-22 00:30:24] 中野家的三玖丈夫本人: 　　　 @🗿：没意思不看了
[2026-02-22 00:30:24] 玩机器厦面鄙骰大: 康出
[2026-02-22 00:30:24] 冷静认真专注的三文鱼: 老规矩，弹幕谁编的好笑我支持谁
[2026-02-22 00:30:24] Vurtne: 【前线速报】16：12老爸拿下了
[2026-02-22 00:30:24] 用户36844654: 枪法马了
[2026-02-22 00:30:24] 丶小恐龙丶: 康出
[2026-02-22 00:30:24] 用户317507827: 想看100t的加一展示凝聚力
[2026-02-22 00:30:25] 木空空空空空: @🗿：没意思
[2026-02-22 00:30:25] F1红牛传奇车手刘农: 马
[2026-02-22 00:30:25] 海绵宝宝名井南儿: @🗿：我依然是世一研
[2026-02-22 00:30:25] 尼古拉刘亦博: 全球首胜
[2026-02-22 00:30:25] 丶冷疯: 人不行啊
[2026-02-22 00:30:25] 我是一个医保卡: @🗿：❓❗
[2026-02-22 00:30:25] Error404UMP45: 🗿：毁了
[2026-02-22 00:30:25] Fee53: 没意思
[2026-02-22 00:30:26] 你成功通过了我的考验: @dev1ce:儿子，爸爸赢了😎😎😎😎
[2026-02-22 00:30:26] 暗之黒末: 🗿：毁了
[2026-02-22 00:30:26] SDSF004: 思路没错，队友菜了
[2026-02-22 00:30:26] 初霜prpr: 🗿：毁了
[2026-02-22 00:30:26] 用户2633745660: 扫兴
[2026-02-22 00:30:26] 迪奥雷: 万物起源
[2026-02-22 00:30:26] 时团的马嘉祺本人: @🗿：没意思不看了
[2026-02-22 00:30:26] Lee西关少爷: jame：四条蛆
[2026-02-22 00:30:27] 小小小蕉: 指挥是好指挥，人不是好人啊
[2026-02-22 00:30:27] 千百度897: @🗿：没意思不看了
[2026-02-22 00:30:27] 玩南梁丶阿斯托尔福: @🗿：没意思不看了
[2026-02-22 00:30:27] 玩勾八d1ck: 抖成张顺飞了
[2026-02-22 00:30:27] Rhapsodyt: @🗿：没意思不看了
[2026-02-22 00:30:27] 秋Fc: @🗿：PV出
[2026-02-22 00:30:27] supperpigi: 🗿：毁了
[2026-02-22 00:30:28] 感谢这个碧: @🗿：没意思不看了
[2026-02-22 00:30:28] 看到pussy流出milk才死心: 硬实力不行
[2026-02-22 00:30:28] 诸葛庞麦郎: @🗿：pame你玩不玩
[2026-02-22 00:30:28] 瓜皮老师的蛇皮学生: 🗿：毁了
[2026-02-22 00:30:28] 玩跳丹jampegg: 卧槽机器，原来你会正常解说啊，之前只看你解说猎鹰比赛还以为你只会硬舔呢
[2026-02-22 00:30:28] Roswald: @🗿：没意思不看了
[2026-02-22 00:30:29] 玩机器厦面鄙骰大: 康出一个都不杀
[2026-02-22 00:30:29] 战地记者zpy: 万物起源
[2026-02-22 00:30:29] c1oudyyyy: 数值差距
[2026-02-22 00:30:29] 用户771016807: @🗿：没意思不看了
[2026-02-22 00:30:30] 怒之拳: 🗿：毁了
[2026-02-22 00:30:30] 玩登山丶嘟嘟嘟嘟嘟嘟: @🗿：没意思
[2026-02-22 00:30:30] znnoy: @🗿：🗿@🗿：🗿@🗿：🗿@🗿：🗿@🗿：🗿@🗿：🗿@🗿：🗿@🗿：🗿
[2026-02-22 00:30:30] 到鱼一观: 🗿：毁了
[2026-02-22 00:30:30] Ceeee丶: @Donk：我觉得donk来詹皇这波战术赢了
[2026-02-22 00:30:31] LvvsiN: @老汤日记:丹麦总统让我静音接触白宫，这应该是我最后一次看儿子直播了，机器，我爱你...
[2026-02-22 00:30:31] 突厥的adc: @🗿：没意思
[2026-02-22 00:30:31] ccxrgt: 🗿：毁了
[2026-02-22 00:30:31] 梅友仁2005: ⓘ 你已被主播那个
[2026-02-22 00:30:31] 限制性核酸下底酶: @🗿：没意思不看了
[2026-02-22 00:30:31] 冷静认真专注的三文鱼: 哎，要是jame是niko的指挥就好了
[2026-02-22 00:30:32] 稗田牢求: 开透没开锁
[2026-02-22 00:30:32] 玩机器大战阿雨: @dev1ce:儿子，爸爸赢了😎😎😎😎
[2026-02-22 00:30:32] aphasia失语: @🗿：我依然是世一研
[2026-02-22 00:30:32] NJU的cdz本人: jame：四条蛆
[2026-02-22 00:30:32] wedd1ddeJodd: 🗿：毁了
[2026-02-22 00:30:32] mujica的长崎素世本人: @🗿：没意思不看了
[2026-02-22 00:30:32] Yeb1234: 油边化了
[2026-02-22 00:30:32] 老苦瓜贝多芬: @🗿：没意思不看了
[2026-02-22 00:30:32] 超动力小子: 思路没错，队友菜了
[2026-02-22 00:30:33] miku12138丶: @🗿：没意思不看了
[2026-02-22 00:30:33] 仰望半月:     🗿：毁了
[2026-02-22 00:30:33] MarSeth: 6
[2026-02-22 00:30:33] 玩脑子、Brain: 抓娃娃
[2026-02-22 00:30:33] 猎鹰的Gild本人: @🗿：没意思
[2026-02-22 00:30:33] 上完课我找你: @🗿：没意思
[2026-02-22 00:30:33] 爱钱初号机: @🗿：我依然是世一研
[2026-02-22 00:30:34] 你是个铁憨憨: 4b都能输
[2026-02-22 00:30:34] ichkrim: 【前线速报】16：12老爸拿下了
[2026-02-22 00:30:34] EWH71: jame：四条蛆
[2026-02-22 00:30:35] DDD是就我: 卧槽机器，原来你会正常解说啊，之前只看你解说猎鹰比赛还以为你只会硬舔呢
[2026-02-22 00:30:35] 都是设备的问题: 🗿：毁了
[2026-02-22 00:30:35] RocketTheRaccoon: @🗿：没意思不看了
[2026-02-22 00:30:35] SKT的Faker本人: @dev1ce:儿子，爸爸赢了😎😎😎😎
[2026-02-22 00:30:35] 河北雨姐: @🗿：没意思不看了
[2026-02-22 00:30:35] breeze丶凛: @🗿：没意思不看了
[2026-02-22 00:30:36] 蜉蝣XwX: 🗿：毁了
[2026-02-22 00:30:36] 三年级的高町奈叶本人: @🗿：我依然是世一研
[2026-02-22 00:30:36] 玩机器的铭感硅骰: 【前线速报】16：12老爸拿下了
[2026-02-22 00:30:36] 李欢要早睡i: @🗿：pame你玩不玩
[2026-02-22 00:30:36] 君尧丶丶: @🗿：没意思不看了
[2026-02-22 00:30:36] c9的stewie本人: 🗿：毁了
[2026-02-22 00:30:36] 老年鱼鱼鱼: @🗿：没意思
[2026-02-22 00:30:36] Vitality的羽贺文乃本人: @🗿：没意思不看了
[2026-02-22 00:30:36] zeta黯霓: 🗿：毁了
[2026-02-22 00:30:36] 半肥扣: ？？？
[2026-02-22 00:30:37] 好儿子刘易博: jame：四条蛆
[2026-02-22 00:30:37] 小小小蕉: 开透没开锁
[2026-02-22 00:30:37] LvvsiN: @阿汤日记：一个人，5发子弹，保住格陵兰岛。我不会叫它不可能完成的任务，我现在只想先回家看亦博
[2026-02-22 00:30:37] 七色的人偶使者: 🗿：毁了
[2026-02-22 00:30:37] 康托尔74920: @🗿：没意思不看了
[2026-02-22 00:30:37] Atme9: 油边化了
[2026-02-22 00:30:37] 尾巴17: 🗿：毁了
[2026-02-22 00:30:38] 爱尔奎特特特: jame：四条蛆
[2026-02-22 00:30:38] 玩玩QUQUMajor冠军: @🗿：🗿@🗿：🗿@🗿：🗿@🗿：🗿@🗿：🗿@🗿：🗿@🗿：🗿@🗿：🗿
[2026-02-22 00:30:38] 野猪家猪: 哈哈哈哈
[2026-02-22 00:30:38] 492555411: @🗿：没意思不看了
[2026-02-22 00:30:38] iNaixu: @🗿：我依然是世一研
[2026-02-22 00:30:38] 糖醋排骨咕咕咕: @dev1ce:儿子，爸爸赢了😎😎😎😎
[2026-02-22 00:30:39] AriselAlagadda: @🗿：没意思
[2026-02-22 00:30:39] 岸边的丘陵82558: @dev1ce:儿子，爸爸赢了😎😎😎😎
[2026-02-22 00:30:39] LvvsiN: 南孚一节更比六节强，也就是一节南孚比六节南孚强，六节南孚比三十六节强，三十六节比二百一十六节强
[2026-02-22 00:30:39] Adrian林讲: jame：四条蛆
[2026-02-22 00:30:39] 潜水鱼丶: jame：四条蛆
[2026-02-22 00:30:39] 微笑代替一切: jame：四条蛆
[2026-02-22 00:30:39] 原神高手东雪莲: h
[2026-02-22 00:30:39] MunChlax丶: @🗿：没意思不看了
[2026-02-22 00:30:40] 赢一把真难啊都: @🗿：🗿@🗿：🗿@🗿：🗿@🗿：🗿@🗿：🗿@🗿：🗿@🗿：🗿@🗿：🗿
[2026-02-22 00:30:40] 石家庄的刘亦博本人: 卧槽机器，原来你会正常解说啊，之前只看你解说猎鹰比赛还以为你只会硬舔呢
[2026-02-22 00:30:40] 橙子牌闹钟: @Donk：我觉得donk来詹皇这波战术赢了
[2026-02-22 00:30:40] 宇智波69: @🗿：没意思不看了
[2026-02-22 00:30:40] 涼風涼風涼: jame：四条蛆
[2026-02-22 00:30:40] 忽孝山庄: @🗿：我依然是世一研
[2026-02-22 00:30:40] 奥伊aoi: donk:感觉这把少了个donk
[2026-02-22 00:30:40] 没事小子: 卧槽机器，原来你会正常解说啊，之前只看你解说猎鹰比赛还以为你只会硬舔呢
[2026-02-22 00:30:40] 假如一切是虚幻: @🗿：没意思不看了
[2026-02-22 00:30:41] 这下洗不清咯: 两个沙袋，啥也没干
[2026-02-22 00:30:41] 徐弃安: 玩处是犹大
[2026-02-22 00:30:41] 学习是唯一快乐源泉啊: 哎，要是jame是niko的指挥就好了
[2026-02-22 00:30:41] 无甲Glock的sanji: @dev1ce:儿子，爸爸赢了😎😎😎😎
[2026-02-22 00:30:41] 8utter: @dev1ce:儿子，爸爸赢了😎😎😎😎
[2026-02-22 00:30:42] 足音: 吁
[2026-02-22 00:30:42] GlockieSs: 你伟神？
[2026-02-22 00:30:42] 我没P眼123: jame：四条蛆
[2026-02-22 00:30:42] 花海咲季的老公本人: 🗿：毁了
[2026-02-22 00:30:42] 老奇崔恩: 伟神
[2026-02-22 00:30:42] 刃涯: jame：四条蛆
[2026-02-22 00:30:42] Falcons的Kobe本人: @🗿：我依然是世一研
[2026-02-22 00:30:43] 狂野皮几儿很哒: @🗿：没意思不看了
[2026-02-22 00:30:43] 木林森969585: @🗿：我依然是世一研
[2026-02-22 00:30:43] Er1cXxs: @dev1ce:儿子，爸爸赢了😎😎😎😎
[2026-02-22 00:30:43] 猫头全球第二粉丝: jame：四条蛆
[2026-02-22 00:30:43] 差不多66先生: jame：四条蛆
[2026-02-22 00:30:43] 今天只做1件事: 🗿：毁了
[2026-02-22 00:30:44] 丰川祥子单推人: 万物起源
[2026-02-22 00:30:44] 283的铃木羽那本人: jame：四条蛆
[2026-02-22 00:30:44] 天陨星玄: jame：四条蛆
[2026-02-22 00:30:44] 李小小与虾大大: @解说伟伟：他是伟神我是什么？
[2026-02-22 00:30:44] 心安理得的时候: 伟神神在哪
[2026-02-22 00:30:44] GrennIvy: @🗿：没意思不看了
[2026-02-22 00:30:44] 博丽灵感菇: 🗿：我已急哭
[2026-02-22 00:30:45] 尼德霍格9: jame：四条蛆
[2026-02-22 00:30:45] 夏夜的夏本人: 　　　 jame：四条蛆
[2026-02-22 00:30:45] Device的叠Twistzz: @🗿：没意思不看了
[2026-02-22 00:30:45] Vitality的Kyojin本人: 全球首胜
[2026-02-22 00:30:45] 洛陽城里看落陽: jame：四条蛆
[2026-02-22 00:30:45] 用户53477423: donk:感觉这把少了个donk
[2026-02-22 00:30:45] 远野邸的远野秋叶本人: @dev1ce:儿子，爸爸赢了😎😎😎😎
[2026-02-22 00:30:45] 三千世界鸦杀尽彡: 7-0还是有说法的
[2026-02-22 00:30:46] 穿甲狗: @Donk：我觉得donk来詹皇这波战术赢了
[2026-02-22 00:30:46] Yamada、: 全球首赢
[2026-02-22 00:30:46] 用户080868441: jame：四条蛆
[2026-02-22 00:30:46] SebastianWang: ⓘ 你已被主播那个
[2026-02-22 00:30:46] znnoy: @🗿：🗿@🗿：🗿@🗿：🗿@🗿：🗿@🗿：🗿@🗿：🗿@🗿：🗿@🗿：🗿
[2026-02-22 00:30:46] 乐奈她奶奶: @Donk：我觉得donk来詹皇这波战术赢了
[2026-02-22 00:30:47] GodLiuzz: jame：四条蛆
[2026-02-22 00:30:47] 喜欢独自悠哉自在: @🗿：我依然是世一研
[2026-02-22 00:30:47] 世界倒数第一r99使用者: @Donk：我觉得donk来詹皇这波战术赢了
[2026-02-22 00:30:47] 千早唐阿诺: jame：四条蛆
[2026-02-22 00:30:47] 库帕丶: @dev1ce:儿子，爸爸赢了😎😎😎😎
[2026-02-22 00:30:47] 李欢要早睡i: 两个沙袋，啥也没干
[2026-02-22 00:30:47] 蛋是: @🗿：我依然是世一研
[2026-02-22 00:30:48] 快上痒气瓶: jame：四条蛆
[2026-02-22 00:30:48] 汤还是老的浓: @🗿：我依然是世一研
[2026-02-22 00:30:48] G2、niko: 导播太善意了
[2026-02-22 00:30:48] 星海羽弦: @🗿：我依然是世一研
[2026-02-22 00:30:48] valorant玩机器: 别嘘我托神😭
[2026-02-22 00:30:48] MiniHerc: jame就差给兄弟们来个锁了
[2026-02-22 00:30:49] LCNeptune: jame：四条蛆
[2026-02-22 00:30:49] Falcons十天老粉: @🗿：研发失败，锟斤拷烫烫烫
[2026-02-22 00:30:49] 千蜃欺语: B点4条蛆没辙
[2026-02-22 00:30:49] akatsuki64347: 😩👎吁！！😩👎吁！！😩👎吁！！😩👎吁！！😩👎吁！！😩👎吁！！😩👎吁！！
[2026-02-22 00:30:49] xyxxyzbbdzq: jame：四条蛆
[2026-02-22 00:30:49] 秋茶小雪: 😩👎吁！！😩👎吁！！😩👎吁！！😩👎吁！！😩👎吁！！😩👎吁！！
[2026-02-22 00:30:50] 我是焯人强: @🗿：这波真不怪粘母
[2026-02-22 00:30:50] 鸟儿在头顶把森林叫醒: jame：四条蛆
[2026-02-22 00:30:50] 3分糖加椰果: jame：四条蛆
[2026-02-22 00:30:50] zzznnni: donk：换我来守
[2026-02-22 00:30:50] 一位不知名的粤Y水友: 老鼠把把进警局
[2026-02-22 00:30:50] 绝食十年攒爱top3飞机: jame：四条蛆
[2026-02-22 00:30:50] 原神高手东雪莲: 🗿：坏杀
[2026-02-22 00:30:51] Nightmare2517: 万物起源7：1
[2026-02-22 00:30:51] 终初若叶睦: 🗿：b里三条区
[2026-02-22 00:30:51] JULLLLYYYY: ⓘ 你已被主播那个
[2026-02-22 00:30:51] LvvsiN: 你为什么要把mαjor禁了，我收藏的一半弹幕全毁了
[2026-02-22 00:30:51] 刘毅博的父亲刘农: jame：四条蛆
[2026-02-22 00:30:51] 澄猫: jame：四条蛆
[2026-02-22 00:30:52] xiaozongo: donk:感觉这把少了个donk
[2026-02-22 00:30:52] 玩弓箭、Arrow: @Donk：我觉得donk来詹皇这波战术赢了
[2026-02-22 00:30:52] 用户91227835: @🗿：我依然是世一研
[2026-02-22 00:30:52] c6lviN: 😩👎吁！！😩👎吁！！😩👎吁！！😩👎吁！！😩👎吁！！😩👎吁！！
[2026-02-22 00:30:53] 凯瑟琳123: @donk：感觉我在沙袋能换三个
[2026-02-22 00:30:53] 队内潜在明星哥: 万物起源
[2026-02-22 00:30:53] Mortnotz: @Donk：我觉得donk来詹皇这波战术赢了
[2026-02-22 00:30:53] 旧城不暖少年梦丶: jame：四条蛆
[2026-02-22 00:30:53] 玩机器你好香你好香: 😩👎吁！！😩👎吁！！😩👎吁！！😩👎吁！！😩👎吁！！😩👎吁！！
[2026-02-22 00:30:53] 千古恨轮回尝061: 🗿：只是为了冠军，我就放弃了科研吗……这样的我，根本不配当尖端科学家……
[2026-02-22 00:30:53] 夺云丶: 来点四85弹幕节奏
[2026-02-22 00:30:53] 番薯Zywoo: 又赌对了 枪法没拼过
[2026-02-22 00:30:54] Falcons十天老粉: @🗿：研发失败，锟斤拷烫烫烫
[2026-02-22 00:30:54] 锦书难托1109: @zywoo：这指挥透视也不封啊。。。nb
[2026-02-22 00:30:54] 玩登山丶嘟嘟嘟嘟嘟嘟: jame：四条蛆
[2026-02-22 00:30:54] 人活着就是为了玩乐队: 　　　 jame：四条蛆
[2026-02-22 00:30:54] 好哥们黑龙歼灭刀: 6657版本更新公告：【zywoo play】将被替换为【niko play】
[2026-02-22 00:30:54] VR的灰泽螨本人: jame：四条蛆
[2026-02-22 00:30:55] 细菌P: 老鼠这状态，感觉季军赛猎鹰还不好说啊！
[2026-02-22 00:30:55] 好姐妹清道夫: jame：四条蛆
[2026-02-22 00:30:55] 那位黑粉:     jame：四条蛆
[2026-02-22 00:30:55] 年华弹指一挥间: 。。。
[2026-02-22 00:30:55] mexed: @dev1ce:儿子，爸爸赢了😎😎😎😎
[2026-02-22 00:30:55] LvvsiN: 孩子们快跑，马修赫伯特来了😨卧槽你的怎么是马枪和BOT
[2026-02-22 00:30:55] 快乐啃蹄蹄: @🗿：康出
[2026-02-22 00:30:56] 用户30639588: 😩👎吁！！😩👎吁！！😩👎吁！！😩👎吁！！😩👎吁！！😩👎吁！！
[2026-02-22 00:30:56] 骄骄爱吃糖: 😩👎吁！！😩👎吁！！😩👎吁！！😩👎吁！！😩👎吁！！😩👎吁！！
[2026-02-22 00:30:56] 好哥们野原新之助: @Donk：我觉得donk来詹皇这波战术赢了
[2026-02-22 00:30:56] 鲤鱼1: 万物起源
[2026-02-22 00:30:56] 浮世清欢wd: jame就差给兄弟们来个锁了
[2026-02-22 00:30:56] 感觉不如海参: 力挺伟伟了
[2026-02-22 00:30:57] 从零开始的加拿大肄业: 玩机器的一天：引导网报呼吸，引导网报载物，舔niko舔到力竭
[2026-02-22 00:30:57] 玩跳丹jampegg: @玩机器：我仍然是世一标
[2026-02-22 00:30:57] 多大杀神: 🗿：b里三条区
[2026-02-22 00:30:57] 多次网恋露牛被录屏: jame：四条蛆
[2026-02-22 00:30:57] Svetlana5: 万物起源7：1
[2026-02-22 00:30:57] doublestoneYu: 卧槽 device又拉肚子了
[2026-02-22 00:30:58] Jigsaw7: 上帝遥控爽了
[2026-02-22 00:30:58] 不知名贝斯手: jame：四条蛆
[2026-02-22 00:30:58] Kakapu12283: @🗿：比分还有希望
[2026-02-22 00:30:58] MyGO的长期素食本人: @Donk：我觉得donk来詹皇这波战术赢了
[2026-02-22 00:30:59] oldhen吃苹果: @Donk：我觉得donk来詹皇这波战术赢了
[2026-02-22 00:30:59] supperpigi: @donk：感觉我在沙袋能换三个
[2026-02-22 00:30:59] 涼風涼風涼: @donk：感觉我在沙袋能换三个
[2026-02-22 00:30:59] 欧内的手丨好汉: jame：四条蛆
[2026-02-22 00:30:59] 看六年黑豹没送过飞机: @zywoo：这指挥透视也不封啊。。。nb
[2026-02-22 00:30:59] 玩指挥丶NiKo: @donk：感觉我在沙袋能换三个
[2026-02-22 00:30:59] 鸟儿在头顶把森林叫醒: jame：四条蛆
[2026-02-22 00:30:59] 赶海的Aleksib本人: @nexa：闹麻了不就是50%50%
[2026-02-22 00:30:59] 偷鸡蛋的玩机器本人o: 托子现在估计在怀念成都被众星捧月的时光
[2026-02-22 00:31:00] 一群小彭: 也就是说他们套路了2次？！
[2026-02-22 00:31:00] 玩初音丶MIKU: 🗿:人类的科技被质子锁死了
[2026-02-22 00:31:00] 假小子是对的: jame：四条蛆
[2026-02-22 00:31:00] Falcons十天老粉: @🗿：研发失败，锟斤拷烫烫烫
[2026-02-22 00:31:00] VR的灰泽螨本人: jame：四条蛆
[2026-02-22 00:31:00] 3分糖加椰果: jame：四条蛆
[2026-02-22 00:31:00] Happy金老师: 你们不要再欺负坨子了，他也很可爱好吗🥺🥺
[2026-02-22 00:31:01] Kakapu12283: @🗿：比分还有希望
[2026-02-22 00:31:01] 鲤鱼1: jame：四条蛆
[2026-02-22 00:31:01] 李水利64: 111
[2026-02-22 00:31:01] 44ss4: jame：四条蛆
[2026-02-22 00:31:01] 成果果家的菜包子: jame：四条蛆
[2026-02-22 00:31:01] D1NGZz1: @dev1ce:儿子，爸爸赢了😎😎😎😎
[2026-02-22 00:31:02] 学习是唯一快乐源泉啊: jame：四条蛆
[2026-02-22 00:31:02] 玩登山丶嘟嘟嘟嘟嘟嘟: 🗿：或许比分也能研发
[2026-02-22 00:31:02] syzsea33: 6657版本更新公告：【zywoo play】将被替换为【niko play】
[2026-02-22 00:31:03] 求老仙祝我考研失败: @dev1ce:儿子，爸爸赢了😎😎😎😎
[2026-02-22 00:31:03] 魔都鸭王:     jame：四条蛆
[2026-02-22 00:31:03] J4ckaLove: @donk：感觉我在沙袋能换三个
[2026-02-22 00:31:03] 尼古拉刘亦博: jame：四条蛆
[2026-02-22 00:31:03] 枫溪南封:  @夺云丶：来点四85弹幕节奏
[2026-02-22 00:31:03] 有舍身会这样吗: @🗿：还能看一会 比分还能科研
[2026-02-22 00:31:04] LvvsiN: 屏幕中间弹幕这么狂？站那不走了还剧透分，你当你是主办方？？
[2026-02-22 00:31:04] 芬妮戈尔登本人: @Donk：我觉得donk来詹皇这波战术赢了
[2026-02-22 00:31:04] 67373的黄色闪光: @donk：感觉不用学英语了啊
[2026-02-22 00:31:04] B1sh0p丶: jame：四条蛆
[2026-02-22 00:31:04] 萨格拉斯好恩人麦迪文: @donk：感觉我在沙袋能换三个
[2026-02-22 00:31:05] ShayPatrick670: jame：四条蛆
[2026-02-22 00:31:05] eda778: jame：四条蛆
[2026-02-22 00:31:06] LvvsiN: 屏幕中间弹幕这么狂？站那不走了还剧透分，你当你是主办方？？
[2026-02-22 00:31:06] 有舍身会这样吗: @🗿：还能看一会 比分还能科研
[2026-02-22 00:31:06] 空气力学的先驱: @donk：感觉去年top2来赢了
[2026-02-22 00:31:06] 跳舞的兔子子: jame：四条蛆
[2026-02-22 00:31:06] NiP的Dev1Ce本人: 卧槽 device又拉肚子了
[2026-02-22 00:31:06] 二着先生尼古拉: @dev1ce:儿子，爸爸赢了😎😎😎😎
[2026-02-22 00:31:06] 好鸡儿哈人哦: 玩机器的一天：引导网报呼吸，引导网报载物，舔niko舔到力竭
[2026-02-22 00:31:06] 旧城不暖少年梦丶: jame：四条蛆
[2026-02-22 00:31:07] Kakapu12283: @🗿：比分还有希望
[2026-02-22 00:31:07] Rainwedell: 玩机器的一天：引导网报呼吸，引导网报载物，舔niko舔到力竭
[2026-02-22 00:31:07] 宇神82881: @dev1ce:儿子，爸爸赢了😎😎😎😎
[2026-02-22 00:31:07] 长舟z: @Donk：我觉得donk来詹皇这波战术赢了
[2026-02-22 00:31:07] 好哥们摩尔加纳: @🗿个人科研虽然毁了，团队科研还有机会，加油研发
[2026-02-22 00:31:07] xyxxyzbbdzq: jame：四条蛆
[2026-02-22 00:31:07] 东海龙宫黄丞相: @🗿:不是这个🗿到底是谁啊
[2026-02-22 00:31:08] 鲜血与暗影铸造的家伙: 重置经济了
[2026-02-22 00:31:08] 有舍身会这样吗: @🗿：还能看一会 比分还能科研
[2026-02-22 00:31:08] 有机9菜: @dev1ce:儿子，爸爸赢了😎😎😎😎
[2026-02-22 00:31:08] 零北鸢: jame：四条蛆
[2026-02-22 00:31:08] 梅友仁2005: 报！隔壁16：12拿下
[2026-02-22 00:31:09] 声优主播a狗: 🗿：或许比分也能研发
[2026-02-22 00:31:09] 没有同意的耄耋: 🗿：没意思，你们多熬夜准备好的研发状态吧，我先睡了
[2026-02-22 00:31:09] 草莓味小兔兔: @🗿：没事，比分也能研发
[2026-02-22 00:31:10] zeta黯霓: 托子现在估计在怀念成都被众星捧月的时光
[2026-02-22 00:31:10] 李水利64: 111
[2026-02-22 00:31:10] LvvsiN: 我提一嘴这剧情越来越像上海major了
[2026-02-22 00:31:10] Vitality的Zyw0o0本人: @dev1ce:儿子，爸爸赢了😎😎😎😎
[2026-02-22 00:31:10] 宫原雪岳: 🗿:比分给我稳住研发
[2026-02-22 00:31:10] 快乐啃蹄蹄: 🗿：或许比分也能研发
[2026-02-22 00:31:10] 玩机器的弟弟玩弟科: @dev1ce:儿子，爸爸赢了😎😎😎😎
[2026-02-22 00:31:10] 用戶6657: 6657版本更新公告：【zywoo play】将被替换为【niko play】
[2026-02-22 00:31:10] 玩斯特出出6657: 玩机器的一天：引导网报呼吸，引导网报载物，舔niko舔到力竭
[2026-02-22 00:31:10] Wangzap: 【HLTV】老骥伏枥 志在千里！100Thieves夺得科隆Major冠军 dev1ce拿下MVP
[2026-02-22 00:31:11] 言灵虚: @donk：感觉我在沙袋能换三个
[2026-02-22 00:31:11] DSirius小天狼星: @dev1ce:儿子，爸爸赢了😎😎😎😎
[2026-02-22 00:31:11] FaZe的喜多川海梦本人: 注意，pv的吁善意的吁
[2026-02-22 00:31:11] 樱岛麻衣daisuki: @donk：感觉不用学英语了啊
[2026-02-22 00:31:12] LvvsiN: 男人一生只哭十八次：niko十七次梦碎major正赛, niko梦碎里约major RMR＼
[2026-02-22 00:31:12] 吴本伟nb: @donk：感觉我在沙袋能换三个
[2026-02-22 00:31:12] 玩跳丹jampegg: 玩机器的一天：引导网报呼吸，引导网报载物，舔niko舔到力竭
[2026-02-22 00:31:12] 只打瘸子那条腿: 实验下小巧思逗逗你呀
[2026-02-22 00:31:12] 好哥们黑龙歼灭刀: 玩机器的一天：引导网报呼吸，引导网报载物，舔niko舔到力竭
[2026-02-22 00:31:12] 丢丢的夜精灵: 不是成都IP你哭鸡毛啊
[2026-02-22 00:31:12] 小蜜蜂的长期素食本人: 🗿：或许比分也能研发
[2026-02-22 00:31:13] 罹鸽儿: @dev1ce:儿子，爸爸赢了😎😎😎😎
[2026-02-22 00:31:13] 杀鱼杀主宰: 　　　 卧槽 device又拉肚子了
[2026-02-22 00:31:13] 尼尼尼尼扣扣扣扣: @donk：你知道的，詹姆这家伙强的不可思议，我和哲伟很早就认识了，我要把天赋带到PV
[2026-02-22 00:31:13] Kakapu12283: @🗿：比分还有希望
[2026-02-22 00:31:13] Shamiko56562: @Donk：我觉得donk来詹皇这波战术赢了
[2026-02-22 00:31:13] 6657带学生十块: @🗿：没事，比分也能研发
[2026-02-22 00:31:13] wuyanblabla: 卧槽 device又拉肚子了
[2026-02-22 00:31:14] Ayaya丿KE: @Donk：我觉得donk来詹皇这波战术赢了
[2026-02-22 00:31:14] 疯狂的蓝月亮i: jame：四条蛆
[2026-02-22 00:31:14] 好兄弟玩机器machine: 6657版本更新公告：【zywoo play】将被替换为【niko play】
[2026-02-22 00:31:14] ccxrgt: @donk：感觉我在沙袋能换三个
[2026-02-22 00:31:14] znnoy: @间桐樱：b里有区啊。。。
[2026-02-22 00:31:14] Vitality的Kyojin本人: @donk：小洞来v了
[2026-02-22 00:31:14] 爆炒黄牛肉的Zeus本人: @Donk：我觉得donk来詹皇这波战术赢了
[2026-02-22 00:31:14] 天上的星河Cloture: 你伟神，这个哲伟虐了尼尼那么多次都是你指使的？？？
[2026-02-22 00:31:14] 斗鱼用户4901183769: 6657版本更新公告：【zywoo play】将被替换为【niko play】
[2026-02-22 00:31:14] Ceeee丶: 🗿：或许比分也能研发
[2026-02-22 00:31:15] Vitality的羽贺文乃本人: @dev1ce:儿子，爸爸赢了😎😎😎😎
[2026-02-22 00:31:15] 好哥们摩尔加纳: @🗿个人科研虽然毁了，团队科研还有机会，加油研发
[2026-02-22 00:31:15] SideChannel: @dev1ce:儿子，爸爸赢了😎😎😎😎
[2026-02-22 00:31:16] WS的草薙宁宁本人: @dev1ce:儿子，爸爸赢了😎😎😎😎
[2026-02-22 00:31:16] 怒之拳: @🗿：没事，比分也能研发
[2026-02-22 00:31:16] 轰国小阿旭丶:  🗿：或许比分也能研发
[2026-02-22 00:31:16] 马弓手玩机器: 卧槽 device又拉肚子了
[2026-02-22 00:31:16] 黑衣小胖: 不是成都IP你哭鸡毛啊
[2026-02-22 00:31:17] Etinmal: @dev1ce:儿子，爸爸赢了😎😎😎😎
[2026-02-22 00:31:17] 公哒哒哒: 托子现在估计在怀念成都被众星捧月的时光
[2026-02-22 00:31:17] Dyh0417: @donk：感觉我在沙袋能换三个
[2026-02-22 00:31:17] 暗之黒末: 🗿：或许比分也能研发
[2026-02-22 00:31:17] 叫我虚伪就好了: 伟伟：队友好像全是玩机器
[2026-02-22 00:31:17] 超级安和昴66: 🗿：或许比分也能研发
[2026-02-22 00:31:17] 锤爆魔丸一百次: @donk：感觉我在沙袋能换三个
[2026-02-22 00:31:17] Sp1egel: 玩机器的一天：引导网报呼吸，引导网报载物，舔niko舔到力竭
[2026-02-22 00:31:18] 来碗豆腐啊新一: 🗿：或许比分也能研发
[2026-02-22 00:31:18] LvvsiN: 你屏蔽词都快赶上新华词典了为什么不干脆开一百级发言？
[2026-02-22 00:31:18] Rain289416: @Donk：我觉得donk来詹皇这波战术赢了
[2026-02-22 00:31:18] 载物的大大大狙: @niko:这都不革便一下提提士气？
[2026-02-22 00:31:18] 鹦侨侨侨侨: @Rain：披汤，叫你儿子别来看了
[2026-02-22 00:31:18] CLANCHIC的Tomorain本人: 卧槽，雨神把老汤内个了
[2026-02-22 00:31:18] 宫监手: @donk：感觉我在沙袋能换三个
[2026-02-22 00:31:19] 保科明里: @donk:感觉这把少了个top1枪男
[2026-02-22 00:31:19] znnoy: @间桐樱：b里有区啊。。。@间桐樱：b里有区啊。。。@间桐樱：b里有区啊。。。
[2026-02-22 00:31:19] 艺术冰霜: 玩机器的一天：引导网报呼吸，引导网报载物，舔niko舔到力竭
[2026-02-22 00:31:19] YEKINDAR: @donk：感觉不用学英语了啊
[2026-02-22 00:31:19] 用户0268784457: -13
[2026-02-22 00:31:20] 王师傅我能摸狗狗吗: 🗿：或许比分也能研发
[2026-02-22 00:31:20] 冷淡ld: @dev1ce:儿子，爸爸赢了😎😎😎😎
[2026-02-22 00:31:20] NicolaiReedtz666: @dev1ce:儿子，爸爸赢了😎😎😎😎
[2026-02-22 00:31:20] angry嗷呜: @Donk：我觉得donk来詹皇这波战术赢了
[2026-02-22 00:31:20] FxSimon2: @🗿个人科研虽然毁了，团队科研还有机会，加油研发
[2026-02-22 00:31:20] 小叶月痕: 这也能黑脱处……NB
[2026-02-22 00:31:20] 梓川不是辛川: 🗿：或许比分也能研发
[2026-02-22 00:31:20] 水球碳酸饮料: @dev1ce:儿子，爸爸赢了😎😎😎😎
[2026-02-22 00:31:21] 玩玩的丸丸软又弹: @🗿：我是谁？
[2026-02-22 00:31:21] 不想改名字了205: @dev1ce:儿子，爸爸赢了😎😎😎😎
[2026-02-22 00:31:22] Kakapu12283: @🗿：比分还有希望
[2026-02-22 00:31:22] FellOmen: 4b算什么，我还知道有一个队伍5b也守不住的
[2026-02-22 00:31:22] 超级大爆爆爆爆爆: 抓娃娃
[2026-02-22 00:31:22] LvvsiN: 南孚一节更比六节强，也就是一节南孚比六节南孚强，六节南孚比三十六节强，三十六节比二百一十六节强
[2026-02-22 00:31:22] 萝伯丝比尔: @donk：感觉我在沙袋能换三个
[2026-02-22 00:31:22] supperpigi: @🗿：没事，比分也能研发
[2026-02-22 00:31:22] 载物的大大大狙: @niko:这都不革便一下提提士气？
[2026-02-22 00:31:22] 小叶月痕: 这也能黑脱处……NB.
[2026-02-22 00:31:23] 老苦瓜贝多芬: @Donk：我觉得donk来詹皇这波战术赢了
[2026-02-22 00:31:23] 瓜瓦鲁多:  @donk：感觉我在沙袋能换三个
[2026-02-22 00:31:23] 队内潜在明星哥: 现在都没人刷万物起源了吗 ☁️观众还是太多了
[2026-02-22 00:31:23] z泽村英梨梨i: 玩机器的一天：引导网报呼吸，引导网报载物，舔niko舔到力竭
[2026-02-22 00:31:24] 仰望半月: 玩机器刚说4个人赌点都守住了，马上pv就送一把，玩大手
[2026-02-22 00:31:24] 用户2719002301: @dev1ce:儿子，爸爸赢了😎😎😎😎
[2026-02-22 00:31:24] 海鲜业大虾大虾Niko: @dev1ce:儿子，爸爸赢了😎😎😎😎
[2026-02-22 00:31:24] 冬木美波: ？？？
[2026-02-22 00:31:24] 用户5608006019: @donk：感觉我在沙袋能换三个
[2026-02-22 00:31:24] 珠湿落幕: 实时比分：16：12进入图三
[2026-02-22 00:31:24] 挪威退休老头寻求返聘: @donk：感觉不用学英语了啊
[2026-02-22 00:31:24] 我变扁了: @间桐樱:b里4条区
[2026-02-22 00:31:24] Jigsaw7: @donk：感觉我在沙袋能换三个
[2026-02-22 00:31:24] 玩指挥丶NiKo: 卧槽 device又拉肚子了
[2026-02-22 00:31:24] deferingDefer: 注意，pv的吁善意的吁
[2026-02-22 00:31:25] 詹詹塔塔Major冠军: @niko:这都不革便一下提提士气？
[2026-02-22 00:31:25] 你吼那么大声干什么啊: 抓娃娃
[2026-02-22 00:31:25] 大裂谷的登山家: 玩机器的一天：引导网报呼吸，引导网报载物，舔niko舔到力竭
[2026-02-22 00:31:25] 草莓味小兔兔: …
[2026-02-22 00:31:26] 椒盐土豆83425: @间桐樱：b里有区啊。。。@间桐樱：b里有区啊。。。@间桐樱：b里有区啊。。。
[2026-02-22 00:31:26] 丛念39090: 樱羽艾玛☺️二阶堂希罗😚城崎诺亚🤤夏目安安🥰橘雪莉😍玩机器🤮
[2026-02-22 00:31:26] LvvsiN: 孩子们快跑，马修赫伯特来了😨卧槽你的怎么是马枪和BOT
[2026-02-22 00:31:26] 骑蜗牛追杀: 直播间🧊🧊学着点，玩哥这波🧊处理是🧊🧊们的一辈子
[2026-02-22 00:31:26] Turned傲雪: @🗿个人科研虽然毁了，团队科研还有机会，加油研发
[2026-02-22 00:31:27] X丶小凯: 猎鹰输给这种强队真不冤 释然了😌
[2026-02-22 00:31:27] 杰斌候入长峪城: 比赛已经精彩到没人喷玩机器了吗
[2026-02-22 00:31:27] 划算小划: @donk:感觉这把少了个top1枪男
[2026-02-22 00:31:27] BenArtist: 托子现在估计在怀念成都被众星捧月的时光
[2026-02-22 00:31:27] 香辛料嗷嗷嗷嗷嗷嗷嗷: @Donk：我觉得donk来詹皇这波战术赢了
[2026-02-22 00:31:27] PKURoger: @donk：感觉不用学英语了啊
[2026-02-22 00:31:27] 用户3661578: @dev1ce:儿子，爸爸赢了😎😎😎😎
[2026-02-22 00:31:27] 落夜会: @🗿：没事，比分也能研发
[2026-02-22 00:31:28] 楓鈴饱饱: 卧槽，大东一拳给老汤眼镜干飞了！
[2026-02-22 00:31:28] 尼古拉刘亦博: @间桐樱:对不起詹哥，我没夹住……
[2026-02-22 00:31:28] c6lviN: @Donk：我觉得donk来詹皇这波战术赢了
[2026-02-22 00:31:28] LvvsiN: 你为什么要把mαjor禁了，我收藏的一半弹幕全毁了
[2026-02-22 00:31:28] 假小子是对的: @donk：感觉不用学英语了啊
[2026-02-22 00:31:28] 哦丁Oading: @dev1ce:儿子，爸爸赢了😎😎😎😎
[2026-02-22 00:31:29] 注册2872天不能发弹幕: 真不敢想给Jame一个ZywOo他会怎么用，单A推中路？
[2026-02-22 00:31:29] 杰里科丶: @dev1ce:儿子，爸爸赢了😎😎😎😎
[2026-02-22 00:31:30] 快乐啃蹄蹄: @dev1ce:儿子，爸爸赢了😎😎😎😎
[2026-02-22 00:31:30] 用户0047597799: @donk：感觉不用学英语了啊
[2026-02-22 00:31:30] 大姜饼: @niko:这都不革便一下提提士气？
[2026-02-22 00:31:30] 好哥们摩尔加纳: @🗿个人科研虽然毁了，团队科研还有机会，加油研发
[2026-02-22 00:31:31] 鹦侨侨侨侨: @rain：披汤，以后叫你儿子别来看了
[2026-02-22 00:31:31] wedd1ddeJodd: 4b算什么，我还知道有一个队伍5b也守不住的
[2026-02-22 00:31:31] 有痕68836: 猎鹰输给这种强队真不冤 释然了😌
[2026-02-22 00:31:31] 爱音铁板双架冒充素世: @Donk：我觉得donk来詹皇这波战术赢了
[2026-02-22 00:31:31] 桃夭偶尔的神: @🗿：比分还有希望
[2026-02-22 00:31:31] 纨绔浪荡: @dev1ce:儿子，爸爸赢了😎😎😎😎
[2026-02-22 00:31:31] 中X千早爱音: @间桐樱:b里4条区
[2026-02-22 00:31:31] 哈姆大神: @dev1ce:儿子，爸爸赢了😎😎😎😎
[2026-02-22 00:31:32] 从零开始的加拿大肄业: 玩机器的一天：引导网报呼吸，引导网报载物，舔niko舔到力竭
[2026-02-22 00:31:32] 离婚就看玩机器: 7-1吗？
[2026-02-22 00:31:32] 夺云丶: @间桐樱:b里4条区
[2026-02-22 00:31:32] ok奶绿: 比赛已经精彩到没人喷玩机器了吗
[2026-02-22 00:31:32] LvvsiN: 南孚一节更比六节强，也就是一节南孚比六节南孚强，六节南孚比三十六节强，三十六节比二百一十六节强
[2026-02-22 00:31:33] Ceeee丶: @donk：感觉不用学英语了啊
[2026-02-22 00:31:33] A队不吃晃的小祥本人: @dev1ce:儿子，爸爸赢了😎😎😎😎
[2026-02-22 00:31:33] astralis的jabbi本人: @间桐樱:对不起詹哥，我没夹住……
[2026-02-22 00:31:33] 楓鈴饱饱: 卧槽，大东一拳给老汤眼镜干飞了！
[2026-02-22 00:31:33] 用户1424229214: @🗿：比分还有希望
[2026-02-22 00:31:33] Kakapu12283: @🗿：比分还有希望
[2026-02-22 00:31:33] 尘尘尘海: @donk：感觉不用学英语了啊
[2026-02-22 00:31:34] 小小小蕉: @🗿：詹姆我命令你接下来一分不输
[2026-02-22 00:31:34] 用户0268784457: @间桐樱:b里4条区
[2026-02-22 00:31:34] 李大钊与陈独秀: 　　　 @dev1ce:儿子，爸爸赢了😎😎😎😎
[2026-02-22 00:31:34] 鸡你真的是太美: 玩机器的一天：引导网报呼吸，引导网报载物，舔niko舔到力竭
[2026-02-22 00:31:34] LvvsiN: @老汤日记:丹麦总统让我静音接触白宫，这应该是我最后一次看儿子直播了，机器，我爱你...
[2026-02-22 00:31:34] 不知名贝斯手: @Donk：我觉得donk来詹皇这波战术赢了
[2026-02-22 00:31:35] 成年甘蔗精: @dev1ce:儿子，爸爸赢了😎😎😎😎
[2026-02-22 00:31:35] 用户53477423: donk要是真来了还会玩小镇吗
[2026-02-22 00:31:35] A队不吃晃的小祥本人: @dev1ce:儿子，爸爸赢了😎😎😎😎
[2026-02-22 00:31:35] 汤汤杜杜major冠军: @dev1ce:儿子，爸爸赢了😎😎😎😎
[2026-02-22 00:31:35] zx0810: @Donk：我觉得donk来詹皇这波战术赢了
[2026-02-22 00:31:36] 电脑玩家猴仙人: @dev1ce:儿子，爸爸赢了😎😎😎😎
[2026-02-22 00:31:36] 微泯: donk：zweih，上帝的电话给我一下，很急！
[2026-02-22 00:31:36] User5092: 慢
[2026-02-22 00:31:36] PeiceEzio: @dev1ce:儿子，爸爸赢了😎😎😎😎
[2026-02-22 00:31:36] LvvsiN: 屏幕中间弹幕这么狂？站那不走了还剧透分，你当你是主办方？？
[2026-02-22 00:31:37] 空气力学的先驱: @donk：感觉不用学英语了啊
[2026-02-22 00:31:37] 柚子厨0721: @donk：感觉不用学英语了啊
[2026-02-22 00:31:37] Vitality的羽贺文乃本人: 猎鹰输给这种强队真不冤 释然了😌
[2026-02-22 00:31:37] everch0sen: @donk：感觉不用学英语了啊
[2026-02-22 00:31:37] 鹦侨侨侨侨: @rain：披汤，以后叫你儿子别来看了
[2026-02-22 00:31:38] 得闲饮茶gg: @🗿：比分还有希望
[2026-02-22 00:31:38] 艺术冰霜: @niko:这都不革便一下提提士气？
[2026-02-22 00:31:38] 感觉不如海参: fw
[2026-02-22 00:31:38] 柳小目: 玩机器的一天：引导网报呼吸，引导网报载物，舔niko舔到力竭
[2026-02-22 00:31:38] ImCereal: @🗿个人科研虽然毁了，团队科研还有机会，加油研发
[2026-02-22 00:31:38] 假小子是对的: @🗿个人科研虽然毁了，团队科研还有机会，加油研发
[2026-02-22 00:31:39] LvvsiN: 就tm喜欢银行业🥰银行坏账我喜欢🥰银行挤兑我还喜欢😍利率调低我也喜欢🤤老子亲烂银行业的脸😘
[2026-02-22 00:31:39] Wangzap: @dev1ce:儿子，爸爸赢了😎😎😎😎
[2026-02-22 00:31:39] 愿良辰美景: @donk：感觉不用学英语了啊
[2026-02-22 00:31:39] 亦博的二弟亦伟: 大东不拿分的话，基本没啥赢面
[2026-02-22 00:31:39] BleksiA: @rain：披汤，以后叫你儿子别来看了
[2026-02-22 00:31:39] 辣辣米米辣辣: jame:call of duty ok?
[2026-02-22 00:31:40] 304東東1995: @Donk：我觉得donk来詹皇这波战术赢了
[2026-02-22 00:31:40] B1sh0p丶: 卧槽，大东一拳给老汤眼镜干飞了！
[2026-02-22 00:31:40] 比阿雨更爱玩机器: @dev1ce:儿子，爸爸赢了😎😎😎😎
[2026-02-22 00:31:40] 马弓手玩机器: @donk：感觉不用学英语了啊
[2026-02-22 00:31:40] 子午年华s: @🗿：詹姆我命令你接下来一分不输
[2026-02-22 00:31:40] 心态困: @间桐樱:b里4条区
[2026-02-22 00:31:40] 单推折纸11年: @donk：感觉不用学英语了啊
[2026-02-22 00:31:40] MunChlax丶: @dev1ce:儿子，爸爸赢了😎😎😎😎你真是个小福星，走了就赢了
[2026-02-22 00:31:41] 楓鈴饱饱: 卧槽，大东一拳给老汤眼镜干飞了！
[2026-02-22 00:31:41] LvvsiN: 你这音画不同步太难受了，我都听到NIKO里约RMR晋级的欢呼了
[2026-02-22 00:31:41] 玩大狙、dev1cy: donk：感觉donk来了就赢了
[2026-02-22 00:31:41] 石家庄的宠物男孩: @dev1ce:儿子，爸爸赢了😎😎😎😎
[2026-02-22 00:31:41] 黄左张顺飞: donk：这把kk换donk接完了
[2026-02-22 00:31:41] 小坏蛋毛毛: @donk：感觉不用学英语了啊
[2026-02-22 00:31:41] 我不是玩父: @dev1ce:儿子，爸爸赢了😎😎😎😎
[2026-02-22 00:31:41] 旧城不暖少年梦丶: @donk：感觉不用学英语了啊
[2026-02-22 00:31:41] N1Ko28: 这把测试下忠诚度
[2026-02-22 00:31:41] znnoy: @刘亦博（钻粉群）：如果碰到那种玩数字梗，谐音梗直接攻击我家人的，麻烦各位帮我封一下吧🤝
[2026-02-22 00:31:42] 猫心碎会失去几条命: 主播面对满屏的嘲讽和挖苦。他总是默默看着。从来不回应和解释因为他明白弹幕说的都是真的
[2026-02-22 00:31:42] 用户5608006019: @🗿：詹姆我命令你接下来一分不输
[2026-02-22 00:31:42] 独孤残梦小梦: @哲伟：donk谁家小孩？别来沾边！
[2026-02-22 00:31:42] 3分糖加椰果: 猎鹰输给这种强队真不冤 释然了😌
[2026-02-22 00:31:43] 人间失格773: 感觉哲伟不如58玩5m玩57玩...感觉哲伟不如58玩5m玩57玩...
[2026-02-22 00:31:43] 辰宿盈昃: @dev1ce:儿子，爸爸赢了😎😎😎😎
[2026-02-22 00:31:43] 河北雨姐: @dev1ce:儿子，爸爸赢了😎😎😎😎
[2026-02-22 00:31:43] 都是设备的问题: @dev1ce:儿子，爸爸赢了😎😎😎😎
[2026-02-22 00:31:43] 小朋友Lyc: @donk：感觉不用学英语了啊
[2026-02-22 00:31:43] 黑桃卆子: 滑溜
[2026-02-22 00:31:44] 沐川椰子: @dev1ce:儿子，爸爸赢了😎😎😎😎
[2026-02-22 00:31:44] iNaixu: @donk：感觉不用学英语了啊
[2026-02-22 00:31:44] insod: @donk：感觉不用学英语了啊
[2026-02-22 00:31:44] 假如一切是虚幻: @dev1ce:儿子，爸爸赢了😎😎😎😎
[2026-02-22 00:31:44] 用户0083645032: @donk：感觉不用学英语了啊
[2026-02-22 00:31:44] Evelexl: @dev1ce:儿子，爸爸赢了😎😎😎😎
[2026-02-22 00:31:44] wedd1ddeJodd: @Donk：我觉得donk来詹皇这波战术赢了
[2026-02-22 00:31:44] 伏拉夫在柏林: @dev1ce:儿子，爸爸赢了😎😎😎😎
[2026-02-22 00:31:44] 好哥们黑龙歼灭刀: @niko:这都不革便一下提提士气？
[2026-02-22 00:31:45] 宇宙第一麻瓜: @donk：感觉不用学英语了啊
[2026-02-22 00:31:45] Gentleman汪鸿: 卧槽，大东一拳给老汤眼镜干飞了！
[2026-02-22 00:31:45] LvvsiN: 男人一生只哭十八次：niko十七次梦碎major正赛, niko梦碎里约major RMR＼
[2026-02-22 00:31:45] 半个盛唐c: @rain：披汤，以后叫你儿子别来看了
[2026-02-22 00:31:45] Go1Daaa: @dev1ce:儿子，爸爸赢了😎😎😎😎
[2026-02-22 00:31:46] 涼風涼風涼: @donk：感觉不用学英语了啊
[2026-02-22 00:31:46] 祐天寺喵梦: @Donk：我觉得donk来詹皇这波战术赢了
[2026-02-22 00:31:46] 愿良辰美景: 猎鹰输给这种强队真不冤 释然了😌
[2026-02-22 00:31:46] cwy人品真的不行: @donk：感觉不用学英语了啊
[2026-02-22 00:31:46] 中X千早爱音: @donk：感觉不用学英语了啊
[2026-02-22 00:31:46] Mortnotz: @donk：宇宙第一伟友来咯
[2026-02-22 00:31:46] 小蜜蜂的长期素食本人: @donk：感觉不用学英语了啊
[2026-02-22 00:31:46] 夹断修电脑感动到了: donk：zweih，上帝的电话给我一下，很急！
[2026-02-22 00:31:46] 冬木美波: 抓娃娃
[2026-02-22 00:31:46] 玩南梁丶阿斯托尔福: 卧槽，大东一拳给老汤眼镜干飞了！
[2026-02-22 00:31:47] 小小小蕉: @🗿：詹姆我命令你接下来一分不输
[2026-02-22 00:31:47] Faze、疯穿箱子: @donk：感觉不用学英语了啊
[2026-02-22 00:31:47] 佐力淚: @dev1ce:儿子，爸爸赢了😎😎���
[2026-02-22 00:31:47] MesS1ve: @dev1ce:儿子，爸爸赢了😎😎😎😎
[2026-02-22 00:31:47] 落叶悠哉落: @Donk：我觉得donk来詹皇这波战术赢了
[2026-02-22 00:31:47] PKURoger: @Donk：我觉得donk来詹皇这波战术赢了
[2026-02-22 00:31:47] 皮皮嘉777: @donk：感觉不用学英语了啊
[2026-02-22 00:31:48] LokiAka: @Donk：我觉得donk来詹皇这波战术赢了desuw@
[2026-02-22 00:31:48] 好哥们汉阳造: @dev1ce:儿子，爸爸赢了😎😎😎😎
[2026-02-22 00:31:48] 假小子是对的: @🗿：詹姆我命令你接下来一分不输
[2026-02-22 00:31:48] 用户42110893: donk：感觉donk来了就赢了
[2026-02-22 00:31:49] 你可真是个匝总: @donk：感觉不用学英语了啊
[2026-02-22 00:31:49] 木林森969585: @🗿个人科研虽然毁了，团队科研还有机会，加油研发
[2026-02-22 00:31:49] 苏清淼: @dev1ce:儿子，爸爸赢了😎😎😎😎
[2026-02-22 00:31:49] myGo的anon: 万物起源了
[2026-02-22 00:31:49] 壹伍壹别離: 猎鹰输给这种强队真不冤 释然了😌
[2026-02-22 00:31:49] 法则的Twistzz本人: 卧槽，大东一拳给老汤眼镜干飞了！
[2026-02-22 00:31:49] 好姐妹筑紫: @donk：感觉不用学英语了啊
[2026-02-22 00:31:50] 芬妮戈尔登本人: @donk：感觉不用学英语了啊
[2026-02-22 00:31:50] 玩大哥我双倍呢: 猎鹰输给这种强队真不冤 释然了😌
[2026-02-22 00:31:50] 开始不一样: @rain：披汤，以后叫你儿子别来看了
[2026-02-22 00:31:50] 玩机器的左高玩: 包
[2026-02-22 00:31:50] Altolier: @donk：感觉不用学英语了啊
[2026-02-22 00:31:50] 帽子的妮蔻本人: @donk：刚刚那波沙袋小洞来v了
[2026-02-22 00:31:50] 用户0268784457: 这都狙不中
[2026-02-22 00:31:50] supperpigi: @dev1ce:儿子，爸爸赢了😎😎😎😎
[2026-02-22 00:31:51] Anderw: @刘亦博（钻粉群）：如果碰到那种玩数字梗，谐音梗直接攻击我家人的，麻烦各位帮我封一下吧🤝
[2026-02-22 00:31:51] LvvsiN: 额，拿亚军我都会，拿亚军，拿季军，拿四强，拿八强，拿十六强，呃拿冠军我不会，然后小组赛淘汰
[2026-02-22 00:31:51] 哦斯特哦哦: @Donk：我觉得donk来詹皇这波战术赢了
[2026-02-22 00:31:52] 星空玉: @donk：感觉不用学英语了啊
[2026-02-22 00:31:52] 夹断修电脑感动到了: @Donk：我觉得donk来詹皇这波战术赢了
[2026-02-22 00:31:52] mujica的长崎素世本人: donk：这把kk换donk接完了
[2026-02-22 00:31:52] aphasia失语: @donk：感觉不用学英语了啊
[2026-02-22 00:31:52] 我是一个医保卡: @🗿：詹姆我命令你接下来一分不输
[2026-02-22 00:31:53] Shinyev: @donk：感觉不用学英语了啊
[2026-02-22 00:31:53] 梦的星: @donk：感觉不用学英语了啊
[2026-02-22 00:31:53] 竹咕咕: @donk：感觉不用学英语了啊
[2026-02-22 00:31:53] 水球碳酸饮料: @donk：感觉不用学英语了啊
[2026-02-22 00:31:53] 血樱幽世: @donk：感觉不用学英语了啊
[2026-02-22 00:31:53] Falcons的Kobe本人: 卧槽，大东一拳给老汤眼镜干飞了！
[2026-02-22 00:31:53] GlockieSs: @donk：感觉不用学英语了啊
[2026-02-22 00:31:53] RocketTheRaccoon: @donk：感觉不用学英语了啊
[2026-02-22 00:31:53] Limitationaaa: @ZywOo：老詹这款参数还可以，我用过确实不错 稳定不被封
[2026-02-22 00:31:54] 小心超人、: @刘亦博（钻粉群）：如果碰到那种玩数字梗，谐音梗直接攻击我家人的，麻烦各位帮我封一下吧🤝
[2026-02-22 00:31:54] 夜刀神十香910: @🗿个人科研虽然毁了，团队科研还有机会，加油研发
[2026-02-22 00:31:55] 玩老鼠丶Roxy: @donk：感觉不用学英语了啊
[2026-02-22 00:31:55] LvvsiN: 我提一嘴这剧情越来越像上海major了
[2026-02-22 00:31:55] mygo的椎名立希: @donk：感觉不用学英语了啊
[2026-02-22 00:31:55] 什井蛋: @donk：感觉不用学英语了啊
[2026-02-22 00:31:55] 寒枫曳是一头傲空的隼: @donk：感觉不用学英语了啊
[2026-02-22 00:31:56] 猫心碎会失去几条命: 主播面对满屏的嘲讽和挖苦。他总是默默看着。从来不回应和解释因为他明白弹幕说的都是真的。
[2026-02-22 00:31:56] 你看我又活一天: 怎么老鼠也要被一脚了
[2026-02-22 00:31:56] 帽子的妮蔻本人: @donk：刚刚那波沙袋小洞来v了
[2026-02-22 00:31:56] LkCatQwQ: @donk：感觉不用学英语了啊
[2026-02-22 00:31:57] Kakapu12283: @dev1ce:儿子，爸爸赢了😎😎😎😎
[2026-02-22 00:31:57] LvvsiN: 弹幕也就网上说说，现实里谁不觉得樱姐是好女孩（删括号领一条远坂凛同款鸟笼）
[2026-02-22 00:31:57] xxx2xxx: @donk：感觉不用学英语了啊
[2026-02-22 00:31:58] 红烧玩机器: @donk:欸老詹，你要top1不要
[2026-02-22 00:31:59] Arknife: @donk：感觉不用学英语了啊desuw@
[2026-02-22 00:31:59] 博丽灵感菇: 为什么你总是对torzsi这样一位烧的不行的选手抱有一丝若有若无的恶意？
[2026-02-22 00:31:59] 好哥们兵藤一诚: @donk：感觉不用学英语了啊
[2026-02-22 00:31:59] 独立游戏Etnia: 🗿：是不是跟你学的，科研一半不研了
[2026-02-22 00:31:59] LvvsiN: 银行业😄银行业😀银行业😃银行业😁银行业😆银行业🤪银行业😝
[2026-02-22 00:31:59] 落泪改名含泪: @Donk：我觉得donk来詹皇这波战术赢了
[2026-02-22 00:31:59] 帽子的妮蔻本人: @donk：刚刚那波沙袋小洞来v了
[2026-02-22 00:32:01] 玩弓箭、Arrow: @donk：感觉不用学英语了啊
[2026-02-22 00:32:01] 鹦侨侨侨侨: @rain：披汤，以后叫你儿子别来看了
[2026-02-22 00:32:01] 天魔外道y: @donk：刚刚那波沙袋小洞来v了
[2026-02-22 00:32:01] LvvsiN: 男人一生只哭十八次：niko十七次梦碎major正赛, niko梦碎里约major RMR＼
[2026-02-22 00:32:01] 晨风凌云21146: @donk：刚刚那波沙袋小洞来v了
[2026-02-22 00:32:02] 汤汤魔魔mmmmmmmmajor冠军: @donk：感觉不用学英语了啊desuw@
[2026-02-22 00:32:02] 油乎乎yhh: 猎鹰输给这种强队真不冤 释然了😌
[2026-02-22 00:32:02] 菜星冲冲冲: 翻了
[2026-02-22 00:32:02] 晏华裤子拉链没拉: @donk：你知道的，哲伟一直是我的好兄弟
[2026-02-22 00:32:03] 玩斯特出出6657: 软
[2026-02-22 00:32:03] Ceeee丶: 区
[2026-02-22 00:32:03] 木空空空空空: @donk：感觉不用学英语了啊
[2026-02-22 00:32:03] 失去了才会珍惜649: @Donk：我觉得donk来詹皇这波战术赢了
[2026-02-22 00:32:03] LvvsiN: 玩宝宝，我发现在大学上学的时候肄业会很舒服，你可以试试
[2026-02-22 00:32:03] 玩机器厦面鄙骰大: 康出一个都不杀
[2026-02-22 00:32:04] 呆头呆脑平泽唯: @donk：刚刚那波沙袋小洞来v了
[2026-02-22 00:32:04] 博丽灵感菇: 为什么你总是对torzsi这样一位烧的不行的选手抱有一丝若有若无的恶意？
[2026-02-22 00:32:04] fmljz: 删除中期了
[2026-02-22 00:32:05] 冲泉冲泉: jt
[2026-02-22 00:32:05] hansanboi: 区
[2026-02-22 00:32:05] 1039210: 感觉7：5了阿
[2026-02-22 00:32:05] 驴友到此一游: 翻了
[2026-02-22 00:32:05] LvvsiN: 就tm喜欢银行业🥰银行坏账我喜欢🥰银行挤兑我还喜欢😍利率调低我也喜欢🤤老子亲烂银行业的脸😘
[2026-02-22 00:32:06] BleksiA: 太极
[2026-02-22 00:32:06] kHRYSTAL77: @donk：刚刚那波沙袋小洞来v了
[2026-02-22 00:32:06] 小蜜蜂的长期素食本人: 翻了
[2026-02-22 00:32:06] 愿良辰美景: @donk：刚刚那波沙袋小洞来v了
[2026-02-22 00:32:06] 若叶睦吃苦瓜: 翻了
[2026-02-22 00:32:07] 艺术冰霜: 猎鹰输给这种强队真不冤 释然了😌
[2026-02-22 00:32:07] 地狱骑士杉浦绫乃本人: 这也菲比啊，牛拖
[2026-02-22 00:32:07] ArZhe阿哲: 这b点来就有啊？、
[2026-02-22 00:32:07] 轰国小阿旭丶: @donk：感觉不用学英语了啊desuw@
[2026-02-22 00:32:07] 无7441158: 🗿：是不是跟你学的，科研一半不研了
[2026-02-22 00:32:07] LvvsiN: 我提一嘴这剧情越来越像上海major了
[2026-02-22 00:32:08] 银睿憨: @Donk：我觉得donk来詹皇这波战术赢了
[2026-02-22 00:32:08] YeMinister: 为什么你总是对torzsi这样一位烧的不行的选手抱有一丝若有若无的恶意？
[2026-02-22 00:32:08] 路过的小脑斧: @donk：刚刚那波沙袋小洞来v了
[2026-02-22 00:32:08] 木野子一号迷弟: @donk：感觉不用学英语了啊
[2026-02-22 00:32:08] Roswald: @🗿：没意思不看了
[2026-02-22 00:32:08] ccxrgt: @donk：刚刚那波沙袋小洞来v了
[2026-02-22 00:32:08] 用户1181920443: @donk：刚刚那波沙袋小洞来v了
[2026-02-22 00:32:09] xyxxyzbbdzq: 区
[2026-02-22 00:32:09] 用户3661578: 这B纯厕所啊
[2026-02-22 00:32:09] 机器机器祝你天天开心: 翻了
[2026-02-22 00:32:09] 枕边有个二次元: 兵败如山倒
[2026-02-22 00:32:09] 穿甲狗: 送
[2026-02-22 00:32:09] 我是一个医保卡: @donk：刚刚那波沙袋小洞来v了
[2026-02-22 00:32:09] 戈登Gordon: @donk：刚刚那波沙袋小洞来v了
[2026-02-22 00:32:09] MrAndenson: 一定不要开双倍啊
[2026-02-22 00:32:10] supperpigi: 删除中期了
[2026-02-22 00:32:10] 玩跳丹jampegg: @zywoo:玩家军里我最恨那个猪头人，他是我被网报的罪魁祸首
[2026-02-22 00:32:10] 7号晚安: 玩肌肉了
[2026-02-22 00:32:10] 法式卡神: 区
[2026-02-22 00:32:10] 康托尔74920: @donk：刚刚那波沙袋小洞来v了
[2026-02-22 00:32:10] 用戶6657: @rain：披汤，以后叫你儿子别来看了
[2026-02-22 00:32:11] 桁98774: jt
[2026-02-22 00:32:11] wuyanblabla: 翻了
[2026-02-22 00:32:11] 天心罚: 保了
[2026-02-22 00:32:11] 冷静认真专注的三文鱼: 猎鹰输给这种强队真不冤 释然了😌
[2026-02-22 00:32:11] Wangzap: @rain：披汤，以后叫你儿子别来看了
[2026-02-22 00:32:11] 我知道的一点也不多: @donk：刚刚那波沙袋小洞来v了
[2026-02-22 00:32:11] fx战士久留美: @donk：刚刚那波沙袋小洞来v了
[2026-02-22 00:32:11] Hakurei-Re1mu: @rain：披汤，以后叫你儿子别来看了
[2026-02-22 00:32:12] 人间失格773: 感觉哲伟不如58玩5m玩57玩...感觉哲伟不如58玩5m玩57玩...
[2026-02-22 00:32:12] 子午年华s: @🗿：没意思不看了
[2026-02-22 00:32:12] 锂汁lizhi: @donk：感觉不用学英语了啊
[2026-02-22 00:32:12] 黄左张顺飞: 詹姆：别让忠诚害了你
[2026-02-22 00:32:12] YEYH111: 猎鹰输给这种强队真不冤 释然了😌
[2026-02-22 00:32:12] 不务正业127: jt
[2026-02-22 00:32:13] 11tEo: @🗿：没意思不看了
[2026-02-22 00:32:13] Moe1e: @donk：感觉不用学英语了啊desuwa~
[2026-02-22 00:32:13] 江财第一肥美: jt
[2026-02-22 00:32:13] sjtu的musketeers本人: 翻了
[2026-02-22 00:32:13] 天上的星河Cloture: @donk:没意思 背会单词。cyka blayt
[2026-02-22 00:32:13] 梦的星: @donk：刚刚那波沙袋小洞来v了
[2026-02-22 00:32:14] KipKK: @donk：感觉不用学英语了啊
[2026-02-22 00:32:14] 68四十八: 区
[2026-02-22 00:32:14] 什么罐头我说男人: 为什么你总是对torzsi这样一位烧的不行的选手抱有一丝若有若无的恶意？
[2026-02-22 00:32:14] 玩78Machine: 我提一嘴这剧情越来越像上海major了
[2026-02-22 00:32:14] cwcw6969: @donk：刚刚那波沙袋小洞来v了
[2026-02-22 00:32:14] lonhkfd: @donk：感觉不用学英语了啊
[2026-02-22 00:32:14] Vitality的羽贺文乃本人: 玩宝宝，我发现在大学上学的时候肄业会很舒服，你可以试试
[2026-02-22 00:32:15] 葉色灬Stono: @🗿：没意思不看了
[2026-02-22 00:32:15] 湖上风72121: @donk：刚刚那波沙袋小洞来v了
[2026-02-22 00:32:15] 足音: 为什么你总是对torzsi这样一位烧的不行的选手抱有一丝若有若无的恶意？
[2026-02-22 00:32:15] astralis的jabbi本人: jt
[2026-02-22 00:32:15] LvvsiN: 屏幕中间弹幕这么狂？站那不走了还剧透分，你当你是主办方？？
[2026-02-22 00:32:16] 热心好邻居: jt
[2026-02-22 00:32:16] 用户771016807: @🗿：没意思不看了
[2026-02-22 00:32:16] Ceeee丶: 不重守就守不住说是
[2026-02-22 00:32:16] 无7441158: @donk：刚刚那波沙袋小洞来v了
[2026-02-22 00:32:16] ccxrgt: @🗿：没意思不看了
[2026-02-22 00:32:16] HSJ-J: jt
[2026-02-22 00:32:17] 独孤残梦小梦: @紫薇：donk是谁家小孩？
[2026-02-22 00:32:17] F5季叉暂: 太学院了 直接静音接触了
[2026-02-22 00:32:17] 三双手: 保了
[2026-02-22 00:32:17] 玩指挥丶NiKo: @rain：披汤，以后叫你儿子别来看了
[2026-02-22 00:32:17] Nightmare2517: pv还是赌吧，4条蛆不赌赢不了
[2026-02-22 00:32:17] HCS118: jt
[2026-02-22 00:32:18] LvvsiN: 南孚一节更比六节强，也就是一节南孚比六节南孚强，六节南孚比三十六节强，三十六节比二百一十六节强
[2026-02-22 00:32:18] Svetlana5: @donk：刚刚那波沙袋小洞来v了
[2026-02-22 00:32:18] 白匀呀: @rain：披汤，以后叫你儿子别来看了
[2026-02-22 00:32:18] Kakapu12283: @🗿：没意思不看了
[2026-02-22 00:32:19] 灰烬炉石S40: @donk：感觉上帝手下还缺一个大天使长
[2026-02-22 00:32:19] Rhapsodyt: @donk：感觉不用学英语了啊
[2026-02-22 00:32:19] 这牙缝可以: 为什么你总是对torzsi这样一位烧的不行的选手抱有一丝若有若无的恶意？
[2026-02-22 00:32:19] 快乐啃蹄蹄: @🗿：没意思不看了
[2026-02-22 00:32:19] Kakakallen: @rain：披汤，以后叫你儿子别来看了
[2026-02-22 00:32:19] 靈夢的塞钱箱: @donk：刚刚那波沙袋小洞来v了
[2026-02-22 00:32:20] 声优主播a狗: @donk：感觉不用学英语了啊
[2026-02-22 00:32:20] LvvsiN: 孩子们快跑，马修赫伯特来了😨卧槽你的怎么是马枪和BOT
[2026-02-22 00:32:20] 绿龙的zont1x本人: @donk:哲伟你报恩的机会来了
[2026-02-22 00:32:20] 空气力学的先驱: jt
[2026-02-22 00:32:20] 移动的钞票: 　　　 @donk：刚刚那波沙袋小洞来v了
[2026-02-22 00:32:20] cwcw6969: @donk：感觉不用学英语了啊desuw@
[2026-02-22 00:32:20] 我想玩小蜜蜂: @donk：刚刚那波沙袋小洞来v了
[2026-02-22 00:32:20] GF-of-GotohHitori、Kita: jt
[2026-02-22 00:32:21] 叫我虚伪就好了: 万物起源？
[2026-02-22 00:32:21] 神牛拯救世界: @rain：披汤，以后叫你儿子别来看了
[2026-02-22 00:32:21] 爱淡茶未凉: @donk：刚刚那波沙袋小洞来v了
[2026-02-22 00:32:21] 鹦鹉151: jt了
[2026-02-22 00:32:21] 含泪办卡: @donk：刚刚那波沙袋小洞来v了
[2026-02-22 00:32:22] Ayaya丿KE: @🗿：没意思不看了
[2026-02-22 00:32:22] LvvsiN: 别解说了 多聊会天 你不会真的以为能输吧
[2026-02-22 00:32:22] 瓜皮老师的蛇皮学生: @🗿：没意思不看了
[2026-02-22 00:32:22] Hairk0627: 不玩脑子了 直接干
[2026-02-22 00:32:22] 玩公式丶Formula: 感觉b点点菜7:5了
[2026-02-22 00:32:23] angry嗷呜: @rain：披汤，以后叫你儿子别来看了
[2026-02-22 00:32:23] 忽孝山庄: @rain：披汤，以后叫你儿子别来看了
[2026-02-22 00:32:23] Miyezd: jl
[2026-02-22 00:32:23] zxcsavage: 万物起源了
[2026-02-22 00:32:23] 我没P眼123: 　　　 @donk：刚刚那波沙袋小洞来v了
[2026-02-22 00:32:23] 独孤残梦小梦: @紫薇：donk是谁家小孩 ？
[2026-02-22 00:32:23] 暗之黒末: @🗿：没意思不看了
[2026-02-22 00:32:23] supperpigi: @rain：披汤，以后叫你儿子别来看了
[2026-02-22 00:32:24] 快乐啃蹄蹄: @donk：感觉不用学英语了啊
[2026-02-22 00:32:24] 白皇的三千院Nagi本人: @🗿：没意思不看了
[2026-02-22 00:32:24] 无7441158: @donk：感觉不用学英语了啊
[2026-02-22 00:32:24] 圣诞节二人组: 　　　 @rain：披汤，以后叫你儿子别来看了
[2026-02-22 00:32:24] 玩姬气的隆更: @🗿：没意思不看了
[2026-02-22 00:32:25] 湖上风72121: @rain：披汤，以后叫你儿子别来看了
[2026-02-22 00:32:25] tooless: @donk：感觉不用学英语了啊
[2026-02-22 00:32:25] 铲铲的奇妙冒险: 万物起源
[2026-02-22 00:32:25] astralis的devirus本人: @🗿：没意思不看了
[2026-02-22 00:32:25] 巅峰A队魔男: @donk：感觉不用学英语了啊
[2026-02-22 00:32:26] 尾巴17: @donk：感觉不用学英语了啊desuw@
[2026-02-22 00:32:26] jamesfaith23: @🗿：没意思不看了
[2026-02-22 00:32:26] 空17369: @donk：感觉不用学英语了啊
[2026-02-22 00:32:26] 古堡12枪战神: @🗿：没意思不看了
[2026-02-22 00:32:26] 我感觉很膨胀: @donk:哲伟你报恩的机会来了
[2026-02-22 00:32:26] LvvsiN: 你为什么要把mαjor禁了，我收藏的一半弹幕全毁了
[2026-02-22 00:32:26] 宛平南路600号主治医生: jt
[2026-02-22 00:32:26] CLANCHIC的Tomorain本人: @rain：披汤，以后叫你儿子别来看了
[2026-02-22 00:32:26] Vitality的羽贺文乃本人: @donk：感觉上帝手下还缺一个大天使长
[2026-02-22 00:32:26] xOcOg: donk：donk来v了
[2026-02-22 00:32:26] 江财第一肥美: @donk：感觉不用学英语了啊
[2026-02-22 00:32:27] 上完课我找你: @🗿：没意思不看了
[2026-02-22 00:32:27] 蓝二乗: 🗿离开了直播间
[2026-02-22 00:32:27] 那位黑粉: 来了，万物起源7-1
[2026-02-22 00:32:27] 龍EVOLOVE龍: @rain：披汤，以后叫你儿子别来看了
[2026-02-22 00:32:27] 戈登Gordon: @rain：披汤，以后叫你儿子别来看了
[2026-02-22 00:32:27] 蓝原延渚: @donk：感觉不用学英语了啊
[2026-02-22 00:32:27] D0r1tos: ？
[2026-02-22 00:32:27] 宫原雪岳: @🗿：没意思不看了
[2026-02-22 00:32:27] GlasgowJSzhang:  @雨神在笑：披汤，以后叫你儿子别来看了
[2026-02-22 00:32:28] LvvsiN: @阿汤日记：一个人，5发子弹，保住格陵兰岛。我不会叫它不可能完成的任务，我现在只想先回家看亦博
[2026-02-22 00:32:28] 人活着就是为了玩乐队: 不玩脑子了 直接干
[2026-02-22 00:32:28] 我愿横刀立马: 1
[2026-02-22 00:32:28] 疯狂的飞机: ？
[2026-02-22 00:32:29] 好姐妹清道夫: 为什么你总是对torzsi这样一位烧的不行的选手抱有一丝若有若无的恶意？
[2026-02-22 00:32:29] c6lviN: @donk：感觉不用学英语了啊
[2026-02-22 00:32:29] 晨风凌云21146: @🗿：没意思不看了
[2026-02-22 00:32:29] 鲜血与暗影铸造的家伙: 不非常规赢不了
[2026-02-22 00:32:29] TritiumOxide: @rain：披汤，以后叫你儿子别来看了
[2026-02-22 00:32:29] 水球碳酸饮料: ？
[2026-02-22 00:32:29] a19991526: ？
[2026-02-22 00:32:30] 枫落不是枫ruo: ？
[2026-02-22 00:32:30] 正经猪头肉: ？
[2026-02-22 00:32:30] 283的铃木羽那本人: @🗿：没意思不看了
[2026-02-22 00:32:30] 魔教中人谌: @🗿：没意思不看了
[2026-02-22 00:32:30] KujoJolyne: ？
[2026-02-22 00:32:30] 980974268: @donk：刚刚那波沙袋小洞来v了
[2026-02-22 00:32:31] 丰III祥子: @donk:我将把天赋带到pv
[2026-02-22 00:32:31] glad1uS: ？
[2026-02-22 00:32:31] 灯火灬阑珊处2: @donk：感觉不用学英语了啊
[2026-02-22 00:32:31] 羽川翼的恋爱物语: 羞死了
[2026-02-22 00:32:31] THU头号玩小将: ？
[2026-02-22 00:32:31] predator2020: 🚽
[2026-02-22 00:32:31] 白夜の協奏曲: ？？
[2026-02-22 00:32:31] RabbitRay: 你说的最好是马桶
[2026-02-22 00:32:31] xyxxyzbbdzq: ？
[2026-02-22 00:32:31] gandalfr614: ？
[2026-02-22 00:32:31] 注册2872天不能发弹幕: @donk@shiro：师傅我们准备好了
[2026-02-22 00:32:32] 羞死了的小萌妹: ？
[2026-02-22 00:32:32] LokiAka: ？desuw@
[2026-02-22 00:32:32] 好姐妹云雀丘由贵: 马桶黄瑶
[2026-02-22 00:32:32] 吊人日子不过了: 本能CS
[2026-02-22 00:32:32] 今夜夏天结束: ？
[2026-02-22 00:32:33] XbOvO: donk：donk来v了
[2026-02-22 00:32:33] 用户3661578: 黑话
[2026-02-22 00:32:33] c6lviN: 羞死了
[2026-02-22 00:32:33] EWH71: ?
[2026-02-22 00:32:33] 古堡12枪战神: 羞死了
[2026-02-22 00:32:34] 用户1424229214: ？
[2026-02-22 00:32:34] 机器机器祝你天天开心: ？
[2026-02-22 00:32:34] 玉米卧槽: 玩机器的一天：赚🧊粉米 赚🦅粉米 赚🍵粉米
[2026-02-22 00:32:34] smfiys: ？
[2026-02-22 00:32:34] 980974268: @donk：刚刚那波沙袋小洞来v了
[2026-02-22 00:32:34] sssllgaibs: ？
[2026-02-22 00:32:34] 琦玉33的冷漠脸: 傻呗
[2026-02-22 00:32:34] 老王会女装: @donk：感觉不用学英语了啊
[2026-02-22 00:32:35] znnoy: 🚽：🗿
[2026-02-22 00:32:35] 开趴不带玩机器: ?
[2026-02-22 00:32:35] 斩斩斩斩斩吧: 羞死了
[2026-02-22 00:32:35] 一只米小悠呀悠: ？
[2026-02-22 00:32:35] 鹭泽有理咲: @rain：披汤，以后叫你儿子别来看了
[2026-02-22 00:32:36] JULLLLYYYY: 黑话
[2026-02-22 00:32:36] 愿良辰美景: 黑话
[2026-02-22 00:32:36] 鹦侨侨侨侨: @rain：披汤，以后叫你儿子别来看了
[2026-02-22 00:32:36] mygo的千早爱爱尼本人: ？
[2026-02-22 00:32:36] 万物养生: ？
[2026-02-22 00:32:36] 晨风凌云21146: 羞死了
[2026-02-22 00:32:37] 你最珍贵: 羞死了
[2026-02-22 00:32:37] xxx2xxx: donk: 可以 这和与詹
[2026-02-22 00:32:37] 用户3661578: 🚽
[2026-02-22 00:32:37] 喜欢吃生菜: 　　　 羞死了
[2026-02-22 00:32:37] 龍语者: @🗿：没意思不看了
[2026-02-22 00:32:37] 我是一个医保卡: 🚽：🗿
[2026-02-22 00:32:38] Crim1n4l: 羞死了
[2026-02-22 00:32:38] LvvsiN: 额，拿亚军我都会，拿亚军，拿季军，拿四强，拿八强，拿十六强，呃拿冠军我不会，然后小组赛淘汰
[2026-02-22 00:32:38] MSK枫: 主播带头造马桶黄姚。。。
[2026-02-22 00:32:38] 七色的人偶使者: @donk：感觉上帝手下还缺一个大天使长
[2026-02-22 00:32:39] 用户2719002301: 康神开播啦🤩真的假的❓我靠💥真开播了🤭没胖😣我真比以前瘦了啊
[2026-02-22 00:32:39] glad1uS: 🚽：🗿
[2026-02-22 00:32:39] WS的草薙宁宁本人: 🚽：🗿
[2026-02-22 00:32:39] 新月似当年1: 羞死了
[2026-02-22 00:32:39] 跳舞的兔子子: ？？？你被捅开过
[2026-02-22 00:32:39] 好姐妹芙卡洛斯: 懂你意思
[2026-02-22 00:32:39] XyIiiiiiiiii: 臭死了
[2026-02-22 00:32:39] 林鹿之犬: 之前玩机器不还是串虾的吗，怎么又变成虾孝了
[2026-02-22 00:32:40] 朱炮超似丁真萌宠瑞克: 给我这个鼻炎⑩虫下看笑了
[2026-02-22 00:32:40] 龙龙虾虾爱软脚: 来嘛拉嘛
[2026-02-22 00:32:40] AA337sdjl: @donk：感觉不用学英语了啊
[2026-02-22 00:32:40] LvvsiN: 你屏蔽词都快赶上新华词典了为什么不干脆开一百级发言？
[2026-02-22 00:32:40] 最后一舞之一舞再舞: 🚽：🗿
[2026-02-22 00:32:40] 熊熊勇闯基物实验: 利物浦
[2026-02-22 00:32:40] 小蜜蜂的长期素食本人: 臭死了
[2026-02-22 00:32:41] 千古恨轮回尝061: 卧槽，rain被做成老汤了
[2026-02-22 00:32:41] 秋天季节的雨: ？？
[2026-02-22 00:32:41] 用户7717188970: @🚽：羞活了
[2026-02-22 00:32:42] 超级小桀upupup: @🗿：没意思不看了
[2026-02-22 00:32:42] angry嗷呜: 🚽：🗿
[2026-02-22 00:32:42] 北宇治拳王久石奏: 茅厕顿开
[2026-02-22 00:32:42] 星海羽弦: 玩机器的一天：赚🧊粉米 赚🦅粉米 赚🍵粉米
[2026-02-22 00:32:42] 倾盆大rain: 小冰猪真可爱😍我亲死你😘小冰猪真可爱😍我亲死你😘小冰猪真可爱😍我亲死你😘小冰猪真可爱😍
[2026-02-22 00:32:42] 980974268: @donk：刚刚那波沙袋小洞来v了
[2026-02-22 00:32:42] znnoy: 🚽：🗿
[2026-02-22 00:32:43] YukkiaBaby: 🚽：🗿
[2026-02-22 00:32:43] Cardinal665: donk: 可以 这和与詹
[2026-02-22 00:32:43] 好姐妹安达利尔: 被老尼编开了
[2026-02-22 00:32:43] 奖励自己一把卡尔: 为啥这波 捡了道具 不站警家
[2026-02-22 00:32:43] FxSimon2: @🗿：没意思不看了
[2026-02-22 00:32:43] Liquid的YEKINDAR本人: 大师
[2026-02-22 00:32:44] Nightmare2517: 这个直播间不是黄姚就是屎尿屁🙄
[2026-02-22 00:32:44] 水人波糕猛犸颠勺: donk: 可以 这和与詹
[2026-02-22 00:32:44] xuzVan: @🗿：说了多少次了i9以下不要叫我
[2026-02-22 00:32:44] 最后一舞之一舞再舞: 🚽：🗿
[2026-02-22 00:32:44] VDVCI的迪米特里本人: 之前玩机器不还是串虾的吗，怎么又变成虾孝了
[2026-02-22 00:32:44] ArZhe阿哲: 马桶通开你爽快什么？
[2026-02-22 00:32:45] 烟鬼安德鲁: 康神开播啦🤩真的假的❓我靠💥真开播了🤭没胖😣我真比以前瘦了啊
[2026-02-22 00:32:45] 醉悟生死: @donk：感觉不用学英语了啊
[2026-02-22 00:32:45] 狂野皮几儿很哒: 🚽：🗿
[2026-02-22 00:32:45] 尼永孝: donk：你知道的哲伟一直是我的兄弟
[2026-02-22 00:32:45] 奥拉夫的蛋炒饭: 利物浦这—块
[2026-02-22 00:32:45] 哈啦休: 玩机器的一天：赚🧊粉米 赚🦅粉米 赚🍵粉米
[2026-02-22 00:32:45] Vitality的Kyojin本人: @🚽：来嘛，拉嘛！
[2026-02-22 00:32:45] 尊尼获加然: 主播带头造马桶黄姚。。。dewasu
[2026-02-22 00:32:45] van12138: @donk：感觉不用学英语了啊
[2026-02-22 00:32:46] CLANCHIC的Tomorain本人: 🚽：🗿
[2026-02-22 00:32:46] 丢丢的夜精灵: 上帝:支持率太低了，谁还有梦想！
[2026-02-22 00:32:46] 机器的稿完: 🚽：🗿
[2026-02-22 00:32:46] 绀海恋歌丶: 🚽：🗿
[2026-02-22 00:32:47] 好基米哈基祥子: 🚽：🗿
[2026-02-22 00:32:47] 快乐啃蹄蹄: 🚽：🗿
[2026-02-22 00:32:47] 石家庄的刘亦博本人: 玩机器的一天：赚🧊粉米 赚🦅粉米 赚🍵粉米
[2026-02-22 00:32:47] supperpigi: 🚽：🗿
[2026-02-22 00:32:47] YEKINDAR: 🚽：🗿
[2026-02-22 00:32:47] 天文学家玩机器: 马桶
[2026-02-22 00:32:47] 你别信玄学了: @哲伟：老詹，我们真的要装傻吗？@Jame：对，这也是心理战术
[2026-02-22 00:32:48] 最后一舞之一舞再舞: 🚽：🗿
[2026-02-22 00:32:48] 千古恨轮回尝061: 卧槽，rain被做成老汤了
[2026-02-22 00:32:48] 秋茶小雪: 臭死了
[2026-02-22 00:32:48] Miyezd: @🚽：玩神剥开了
[2026-02-22 00:32:48] 忒斯特賊賊的披肩: 采菊东南下
[2026-02-22 00:32:49] 地狱骑士杉浦绫乃本人: 🚽：来嘛…拉嘛…🚽：来嘛…拉嘛…🚽：来嘛…拉嘛…🚽：来嘛…拉嘛…
[2026-02-22 00:32:49] FriEreN: 茅厕顿开
[2026-02-22 00:32:49] Wangzap: @🚽：来嘛，拉嘛！@🚽：来嘛，拉嘛！
[2026-02-22 00:32:50] ABSTRACTOR-拾壹: 🚽：🗿
[2026-02-22 00:32:50] 好哥们诸星弹: 🚽：🗿
[2026-02-22 00:32:50] 栾华H1R0M1: @🚽：玩机器又吹我了，椅子气不气
[2026-02-22 00:32:50] 我们曾经的样子: b点都是软脚蟹 现在把把b
[2026-02-22 00:32:50] 圣诞节二人组: @🗿:.quit
[2026-02-22 00:32:50] N1Ko28: 老詹：这把让驴子看看
[2026-02-22 00:32:50] 奶油亦博啵啵: 🚽：🗿
[2026-02-22 00:32:51] LvvsiN: @老汤日记:丹麦总统让我静音接触白宫，这应该是我最后一次看儿子直播了，机器，我爱你...
[2026-02-22 00:32:51] 好姐妹三司绫濑: 🚽：来嘛拉嘛
[2026-02-22 00:32:51] 玩跳丹jampegg: 　　　 一位谦虚的选手被人身攻击你不管，一条区被骂两句你知道屏蔽了？
[2026-02-22 00:32:51] 玩鸡器的小鸟111: 🚽
[2026-02-22 00:32:51] 小蜜蜂的ropz: 剥开什么》
[2026-02-22 00:32:51] 湖上风72121: 🚽：🗿
[2026-02-22 00:32:51] 水球碳酸饮料: 赶紧比赛才刚刚开始啊
[2026-02-22 00:32:52] 丛念39090: 主播带头造马桶黄姚。。。
[2026-02-22 00:32:52] 锤爆魔丸一百次: 🚽：🗿
[2026-02-22 00:32:52] 法式卡神: 我说为什么把把重防，原来正常守有区啊
[2026-02-22 00:32:52] 子午年华s: 🚽：🗿
[2026-02-22 00:32:52] zbq93: 🚽：🗿
[2026-02-22 00:32:52] 载物ip大玩庄园地下室: 🚽：🗿
[2026-02-22 00:32:53] 萝伯丝比尔: 比喻的好 恶 心。。。
[2026-02-22 00:32:53] a19991526: 🚽：🗿
[2026-02-22 00:32:53] 博丽灵感菇: 🚽：来嘛…拉嘛…🚽：来嘛…拉嘛…🚽：来嘛…拉嘛…🚽：来嘛…拉嘛…
[2026-02-22 00:32:53] 用户026505389: 🚽：🗿
[2026-02-22 00:32:53] 审查账号: @🚽：来嘛，拉嘛！
[2026-02-22 00:32:53] 岸边的丘陵82558: 　　　 @🚽：玩机器又吹我了，椅子气不气
[2026-02-22 00:32:54] PKURoger: 🚽：🗿
[2026-02-22 00:32:54] 太有技术了玩神: 拨云见日，茅厕顿开
[2026-02-22 00:32:54] 早安丿章鱼哥: 刷屏的小可爱，快停下！（๑•́ ₃ •̀๑) 弹幕太多会挡住其他看官的脸哦
[2026-02-22 00:32:54] 马什么莓啊Amo: 好话赖话都让你说了
[2026-02-22 00:32:54] Evelexl: 🚽：🗿
[2026-02-22 00:32:55] 用户3661578: 肉 便吗。。
[2026-02-22 00:32:55] 魑鬽不见了: @🗿：当场上最后一位科学家阵亡时，我就会从弹幕上消失
[2026-02-22 00:32:55] woollyf: @nexa：感觉刚才nexa来赌对了
[2026-02-22 00:32:55] wedd1ddeJodd: 小冰猪真可爱😍我亲死你😘小冰猪真可爱😍我亲死你😘小冰猪真可爱😍我亲死你😘小冰猪真可爱😍
[2026-02-22 00:32:55] 斗鱼用户3296811589: @🚽：来嘛，拉嘛！
[2026-02-22 00:32:55] MSK枫: @玩机器：我要捅马桶
[2026-02-22 00:32:56] GF-of-GotohHitori、Kita: 　　　 @🚽：玩机器又吹我了，椅子气不气
[2026-02-22 00:32:56] 安菲尔德的铁棍本人: @🚽：来嘛，拉嘛！@🚽：来嘛，拉嘛！
[2026-02-22 00:32:56] 神马米洛: donk：你知道的哲伟一直是我的兄弟
[2026-02-22 00:32:56] zx0810: 🚽：来嘛…拉嘛…🚽：来嘛…拉嘛…🚽：来嘛…拉嘛…🚽：来嘛…拉嘛…
[2026-02-22 00:32:56] 皮里恩丶: 马桶吗
[2026-02-22 00:32:56] 我愿横刀立马: 抓娃娃
[2026-02-22 00:32:56] 劉膿dewasu: 弹幕怎么不继续攻击玩机器了？真给你们拉完了
[2026-02-22 00:32:56] 玉米卧槽: 玩机器的一天：赚🧊粉米 赚🦅粉米 赚🍵粉米
[2026-02-22 00:32:56] 小众宝藏玩小将: @🚽：来嘛，拉嘛！@🚽：来嘛，拉嘛！
[2026-02-22 00:32:56] 祐天寺喵梦: @🚽：来嘛，拉嘛！@🚽：来嘛，拉嘛！
[2026-02-22 00:32:57] 利茲與青鸟: 🚽：我不是你的PY，别乱说
[2026-02-22 00:32:57] 小小小蕉: 🚽：🗿
[2026-02-22 00:32:57] 用户7717188970: @🚽：玩机器又吹我了，椅子气不气
[2026-02-22 00:32:57] 随便你叫什么: @🚽：来嘛，拉嘛！
[2026-02-22 00:32:57] Yuta030: 你下播吧, 像2025-02-07 23:49一样！
[2026-02-22 00:32:57] c6lviN: @🚽：来嘛，拉嘛！
[2026-02-22 00:32:58] liwored: 🚽：🗿
[2026-02-22 00:33:00] Jigsaw7: 🚽：来嘛…拉嘛…🚽：来嘛…拉嘛…🚽：来嘛…拉嘛…🚽：来嘛…拉嘛…
[2026-02-22 00:33:00] 蓝二乗: 🗿：没有研发了。🗿离开了直播间
[2026-02-22 00:33:00] SummerFl0wer: 🚽：来嘛…拉嘛…🚽：来嘛…拉嘛…🚽：来嘛…拉嘛…🚽：来嘛…拉嘛…
[2026-02-22 00:33:00] 好哥们伊莉雅: @异灵术老师：没人觉得用马桶吃泡面很方便吗
[2026-02-22 00:33:00] 捕飞机: 来嘛拉嘛
[2026-02-22 00:33:00] 假如一切是虚幻: 🚽：来嘛…拉嘛…🚽：来嘛…拉嘛…🚽：来嘛…拉嘛…🚽：来嘛…拉嘛…
[2026-02-22 00:33:00] 持续四季更替: 🚽：🗿
[2026-02-22 00:33:00] 狸仙人420: 比喻的好 恶 心。。。
[2026-02-22 00:33:00] 木野子一号迷弟: 傻呗克高手
[2026-02-22 00:33:00] SekaiKamiki: 🚽：🗿
[2026-02-22 00:33:00] 攒劲小鱼干川菜: @🚽：来嘛，拉嘛！
[2026-02-22 00:33:00] 一曲长歌几多情i: 大道至简
[2026-02-22 00:33:00] 纸质海苔: 🚽：来嘛…拉嘛…🚽：来嘛…拉嘛…🚽：来嘛…拉嘛…🚽：来嘛…拉嘛…
[2026-02-22 00:33:01] byakurenii: 开赢，詹皇要赚
[2026-02-22 00:33:01] 从零开始的加拿大肄业:     一位谦虚的选手被人身攻击你不管，一条区被骂两句你知道屏蔽了？
[2026-02-22 00:33:01] 冷静认真专注的三文鱼: @m0NESY：I MISS PV
[2026-02-22 00:33:01] 到饭点了没: @🚽：来嘛，拉嘛！@🚽：来嘛，拉嘛！
[2026-02-22 00:33:01] 三咲町的折纸: @🚽：来嘛，拉嘛！
[2026-02-22 00:33:01] 奶油亦博啵啵: @🚽：玩机器又吹我了，椅子气不气
[2026-02-22 00:33:02] 阵地左移5米: 马桶：🗿
[2026-02-22 00:33:02] 67373叶凛月: @🚽：来嘛，拉嘛！
[2026-02-22 00:33:02] 龟屋: @🚽：来嘛，拉嘛！@🚽：来嘛，拉嘛！
[2026-02-22 00:33:02] woollyf: @nexa：感觉刚才nexa来赌对了
[2026-02-22 00:33:02] 狂野皮几儿很哒: @🚽：来嘛，拉嘛！
[2026-02-22 00:33:02] 阿巴巴82579:     @🚽：玩机器又吹我了，椅子气不气
[2026-02-22 00:33:02] kjhhjki: @🚽：玩机器又吹我了，椅子气不气
[2026-02-22 00:33:02] 萝伯丝比尔: 比喻的好恶 心。。。
[2026-02-22 00:33:03] 河北雨姐:     @🚽：玩机器又吹我了，椅子气不气
[2026-02-22 00:33:03] xOcOg: 你们不要一元办卡，都是删牌子的人不要的劣质牌子，只有六元才是全新的😭
[2026-02-22 00:33:03] Fusc666: @🚽：来嘛，拉嘛！@🚽：来嘛，拉嘛！
[2026-02-22 00:33:03] LvvsiN: 男人一生只哭十八次：niko十七次梦碎major正赛, niko梦碎里约major RMR＼
[2026-02-22 00:33:03] 巴音布鲁克没有海35979: @🚽：玩机器又吹我了，椅子气不气
[2026-02-22 00:33:04] 世界冠军草原雄鹰: 🚽：来嘛…拉嘛…🚽：来嘛…拉嘛…🚽：来嘛…拉嘛…🚽：来嘛…拉嘛…
[2026-02-22 00:33:04] 在下商学友: 弄巧成拙了
[2026-02-22 00:33:04] HankFann:  🚽：来嘛拉嘛 🚽：来嘛拉嘛 🚽：来嘛拉嘛 🚽：来嘛拉嘛
[2026-02-22 00:33:04] 胡椒胡椒胡椒胡椒胡椒: 🚽：来嘛…拉嘛…🚽：来嘛…拉嘛…🚽：来嘛…拉嘛…🚽：来嘛…拉嘛…
[2026-02-22 00:33:04] 石家庄特色猪油火锅: @🚽：来嘛，拉嘛！@🚽：来嘛，拉嘛！
[2026-02-22 00:33:04] 寒枫曳是一头傲空的隼: 🚽：🗿
[2026-02-22 00:33:05] 67373的黄色闪光: 怎么弹幕还在和玩处对话啊 继续战斗啊
[2026-02-22 00:33:05] 都是设备的问题: 🚽：🗿
[2026-02-22 00:33:05] supperpigi: @🚽：来嘛，拉嘛！
[2026-02-22 00:33:05] JULLLLYYYY: @🚽：来嘛，拉嘛！@🚽：来嘛，拉嘛！
[2026-02-22 00:33:05] 天文学家玩机器: @异灵术老师：没人觉得用马桶吃泡面很方便吗
[2026-02-22 00:33:05] 王守曦13香: @🚽：来嘛，拉嘛！
[2026-02-22 00:33:05] Kirito7147: @异灵术老师：没人觉得用马桶吃泡面很方便吗
[2026-02-22 00:33:05] 中野家的三玖丈夫本人: 第一次见造马桶黄姚的直播间。。。。。。
[2026-02-22 00:33:06] 蓝星的floppy本人: @🚽：来嘛，拉嘛！
[2026-02-22 00:33:06] 小坏蛋毛毛: @🚽：来嘛，拉嘛！@🚽：来嘛，拉嘛！
[2026-02-22 00:33:06] 玩机器的弟弟玩弟科: 🚽：来嘛…拉嘛…🚽：来嘛…拉嘛…🚽：来嘛…拉嘛…🚽：来嘛…拉嘛…
[2026-02-22 00:33:06] 锤爆魔丸一百次: 比喻的好恶 心。。。
[2026-02-22 00:33:06] 落泪改名含泪: @🚽：来嘛，拉嘛！@🚽：来嘛，拉嘛！
[2026-02-22 00:33:06] 监狱的二阶堂sh1ro本人: 　　　 🚽：来嘛…拉嘛…🚽：来嘛…拉嘛…🚽：来嘛…拉嘛…🚽：来嘛…拉嘛…
[2026-02-22 00:33:06] zeta黯霓: 比喻的好 恶 心。。。
[2026-02-22 00:33:07] 用户4652451607: 　　　 @🚽：玩机器又吹我了，椅子气不气
[2026-02-22 00:33:07] 硫磺祥: 🚽：来嘛…拉嘛…🚽：来嘛…拉嘛…🚽：来嘛…拉嘛…🚽：来嘛…拉嘛…
[2026-02-22 00:33:07] Peko-: 0人提到donk
[2026-02-22 00:33:07] 好哥们黑龙歼灭刀: 一位谦虚的选手被人身攻击你不管，一条区被骂两句你知道屏蔽了？
[2026-02-22 00:33:07] hunk0074: 🚽：来嘛…拉嘛…🚽：来嘛…拉嘛…🚽：来嘛…拉嘛…🚽：来嘛…拉嘛…
[2026-02-22 00:33:07] 鸟儿在头顶把森林叫醒: 🚽：来嘛…拉嘛…🚽：来嘛…拉嘛…🚽：来嘛…拉嘛…🚽：来嘛…拉嘛…
[2026-02-22 00:33:07] djklyk: 比喻的好恶 心。。。
[2026-02-22 00:33:08] Moe1e: @异灵术老师：没人觉得用马桶吃泡面很方便吗
[2026-02-22 00:33:08] Amor永恒: 比喻的好恶 心。。。
[2026-02-22 00:33:08] 我就喜欢丰川祥子: @🚽：来嘛，拉嘛！@🚽：来嘛，拉嘛！
[2026-02-22 00:33:08] xyxxyzbbdzq: @🚽：来嘛，拉嘛！
[2026-02-22 00:33:08] FriEreN: @🚽：来嘛，拉嘛！@🚽：来嘛，拉嘛！
[2026-02-22 00:33:09] 阿狗阿狗ii:     一位谦虚的选手被人身攻击你不管，一条区被骂两句你知道屏蔽了？
[2026-02-22 00:33:09] 玩圣才是圣: @🚽：来嘛，拉嘛！@🚽：来嘛，拉嘛！
[2026-02-22 00:33:09] 感觉不如海参: 你每天上厕所到底在对马桶干什么
[2026-02-22 00:33:09] 游戏卫星: @🚽：来嘛，拉嘛！
[2026-02-22 00:33:09] 0utrider: 1
[2026-02-22 00:33:09] Wangzap: @🚽：来嘛，拉嘛！@🚽：来嘛，拉嘛！@🚽：来嘛，拉嘛！
[2026-02-22 00:33:09] 秋茶小雪: 比喻的好恶 心。。。
[2026-02-22 00:33:09] 用户5081690328: 🚽：来嘛…拉嘛…🚽：来嘛…拉嘛…🚽：来嘛…拉嘛…🚽：来嘛…拉嘛…
[2026-02-22 00:33:10] AveMujica键盘手Oblivionis: @🚽：来嘛，拉嘛！
[2026-02-22 00:33:10] 人活着就是为了玩乐队: 🚽：来嘛…拉嘛…🚽：来嘛…拉嘛…🚽：来嘛…拉嘛…🚽：来嘛…拉嘛
[2026-02-22 00:33:10] 想要舌吻m0NESY: 怪不得昨天猎鹰那么焦灼
[2026-02-22 00:33:10] 胡椒胡椒胡椒胡椒胡椒: @🚽：来嘛，拉嘛！
[2026-02-22 00:33:10] Speherm: 第一次见造马桶黄姚的直播间。。。。。。
[2026-02-22 00:33:10] 丸山彩Machine: @异灵术老师：没人觉得用马桶吃泡面很方便吗
[2026-02-22 00:33:10] we9022: 怎么弹幕还在和玩处对话啊 继续战斗啊
[2026-02-22 00:33:11] 用户2719002301: 终于15级了，开串开串😁
[2026-02-22 00:33:11] La漠: @🚽：来嘛，拉嘛！
[2026-02-22 00:33:11] 夏露若璃: 　　　 　　　 🚽：来嘛…拉嘛…🚽：来嘛…拉嘛…🚽：来嘛…拉嘛…🚽：来嘛…拉嘛…
[2026-02-22 00:33:11] LyfeBestla本人: 冷知识：donk的明日之星是哲伟 不是京介
[2026-02-22 00:33:11] VDVCI的迪米特里本人: 怎么弹幕还在和玩处对话啊 继续战斗啊
[2026-02-22 00:33:11] Iuuuuuuuuuuz:  @🚽：玩机器又吹我了，椅子气不气
[2026-02-22 00:33:12] 2steppppppp: @🗿：没意思不看了
[2026-02-22 00:33:12] NatsumeQ: @🚽：来嘛，拉嘛！@🚽：来嘛，拉嘛！
[2026-02-22 00:33:12] 海绵宝宝言宝儿: @donk：伟伟哥，凭我们这么多年FPL和在绿龙的交情，你看跟詹大哥引荐驴小弟这件事。。。
[2026-02-22 00:33:12] kHRYSTAL77: @🚽：来嘛，拉嘛！
[2026-02-22 00:33:12] HankFann: 🚽：来嘛…拉嘛…🚽：来嘛…拉嘛…🚽：来嘛…拉嘛…🚽：来嘛…拉嘛…
[2026-02-22 00:33:13] 来杯浓硫酸压压惊: @异灵术老师：没人觉得用马桶吃泡面很方便吗
[2026-02-22 00:33:13] notheft: @🚽：来嘛，拉嘛！
[2026-02-22 00:33:13] 鸟儿在头顶把森林叫醒: 玩机器，你现在逆转风评和停止节奏的唯一办法就是把《颂乐人偶》后6集看完
[2026-02-22 00:33:13] wedd1ddeJodd: @🚽：来嘛，拉嘛！
[2026-02-22 00:33:13] 詹詹塔塔Major冠军: 压缩到最后！♿涌出去！♿压缩到最后！♿涌出去！♿压缩到最后！♿涌出去！♿压缩到最后
[2026-02-22 00:33:13] 不曾活过的人: @donk：绿龙一直为我遮风挡雨，出去一看发现外面没有风雨
[2026-02-22 00:33:13] 好哥们摩尔加纳: @异灵术老师：提到🚽，没人觉得用马桶吃泡面很方便吗？吃完了直接冲下去，碗都不用洗
[2026-02-22 00:33:13] 丹cin: 🚽：来嘛…拉嘛…🚽：来嘛…拉嘛…🚽：来嘛…拉嘛…🚽：来嘛…拉嘛…
[2026-02-22 00:33:13] 汤还是老的浓: @🚽：玩机器又吹我了，椅子气不气
[2026-02-22 00:33:13] 好哥们兵藤一诚: 🚽：来嘛…拉嘛…🚽：来嘛…拉嘛…🚽：来嘛…拉嘛…🚽：来嘛…拉嘛…
[2026-02-22 00:33:14] 水瓶世界a: @🚽：来嘛，拉嘛！
[2026-02-22 00:33:14] 黄瓜就黄瓜_acfun: @🚽：来嘛，拉嘛！
[2026-02-22 00:33:14] 玩迩妈丶master: @🚽：来嘛，拉嘛！@🚽：来嘛，拉嘛！
[2026-02-22 00:33:14] 千早唐阿诺: 比喻的好恶 心。。。
[2026-02-22 00:33:14] 艾萨克卡文迪许: @donk：感觉我在水池接完了。
[2026-02-22 00:33:15] 用户255420066: @donk：哲伟，我想你了，来绿龙看看我，顺便带个大点的行李箱
[2026-02-22 00:33:15] B1sh0p丶: @异灵术老师：没人觉得用马桶吃泡面很方便吗
[2026-02-22 00:33:15] 胡椒胡椒胡椒胡椒胡椒: @🚽：来嘛，拉嘛！@🚽：来嘛，拉嘛！
[2026-02-22 00:33:15] 你最珍贵: 🚽：来嘛…拉嘛…🚽：来嘛…拉嘛…🚽：来嘛…拉嘛…🚽：来嘛…拉嘛…
[2026-02-22 00:33:15] xxx2xxx: 🚽：来嘛…拉嘛…🚽：来嘛…拉嘛…🚽：来嘛…拉嘛…🚽：来嘛…拉嘛…
[2026-02-22 00:33:15] 夜雨撩声烦: 比喻的好恶 心。。。
[2026-02-22 00:33:15] 江财第一肥美: 你们不要一元办卡，都是删牌子的人不要的劣质牌子，只有六元才是全新的😭
[2026-02-22 00:33:16] 人生不是游戏iii: 冷知识：donk的明日之星是哲伟 不是京介
[2026-02-22 00:33:16] chordclef: @🚽：来嘛，拉嘛！@🚽：来嘛，拉嘛！
[2026-02-22 00:33:16] 虹薼: 怎么弹幕还在和玩处对话啊 继续战斗啊
[2026-02-22 00:33:16] 流言BloodyGeo: 抓娃娃
[2026-02-22 00:33:16] Y北大桥南: 🚽：来嘛…拉嘛…🚽：来嘛…拉嘛…🚽：来嘛…拉嘛…🚽：来嘛…拉嘛…
[2026-02-22 00:33:16] xOcOg: “伊利亚，今年再拿不到major我们就退役”“我也要退吗”“对”
[2026-02-22 00:33:17] 吊人日子不过了: VP影业 敬请期待
[2026-02-22 00:33:17] 浅筱浅: @🚽：来嘛，拉嘛！@🚽：来嘛，拉嘛！
[2026-02-22 00:33:17] 你是握不住的风儿: .
[2026-02-22 00:33:17] 诺克萨斯智力: @🚽：来嘛，拉嘛！@🚽：来嘛，拉嘛！
[2026-02-22 00:33:17] 蒙恬machine蜡烛: @🚽：玩机器又吹我了，椅子气不气
[2026-02-22 00:33:17] Kirito7147: @🚽：来嘛，拉嘛！
[2026-02-22 00:33:17] 胡椒胡椒胡椒胡椒胡椒: @🚽：来嘛，拉嘛！@🚽：来嘛，拉嘛！
[2026-02-22 00:33:18] 没人惦记的B三狼: 　　　 　　　 🚽：来嘛…拉嘛…🚽：来嘛…拉嘛…🚽：来嘛…拉嘛…🚽：来嘛…拉嘛…
[2026-02-22 00:33:18] p1不玩自己滚去小蜜蜂: @donk：伟伟哥，凭我们这么多年FPL和在绿龙的交情，你看跟詹大哥引荐驴小弟这件事。。。
[2026-02-22 00:33:18] 疯狂的蓝月亮i:  @异灵术老师：提到🚽，没人觉得用马桶吃泡面很方便吗？吃完了直接冲下去，碗都不用洗
[2026-02-22 00:33:18] 沐木丶丶丶丶: 拨开皮包见光明
[2026-02-22 00:33:18] 好兄弟鲁迪乌斯: @异灵术老师：没人觉得用马桶吃泡面很方便吗
[2026-02-22 00:33:19] 爱生活爱倒塔: 　　　 　　　 🚽：来嘛…拉嘛…🚽：来嘛…拉嘛…🚽：来嘛…拉嘛…🚽：来嘛…拉嘛…
[2026-02-22 00:33:19] 不曾活过的人: @donk：绿龙一直为我遮风挡雨，出去一看发现外面没有风雨
[2026-02-22 00:33:19] 听风丶随来: @donk：哲伟，我想你了，来绿龙看看我，顺便带个大点的行李箱
[2026-02-22 00:33:19] 三箱稳定输出者: 茅塞顿开
[2026-02-22 00:33:19] 喜欢紫头发的妹妹: 0人提到donk
[2026-02-22 00:33:19] Wangzap: @🚽：来嘛，拉嘛！@🚽：来嘛，拉嘛！
[2026-02-22 00:33:19] 张夏奇的老父亲: @🚽：来嘛，拉嘛！@🚽：来嘛，拉嘛！
[2026-02-22 00:33:19] 好哥们李某峰: @🚽：来嘛，拉嘛！@🚽：来嘛，拉嘛！
[2026-02-22 00:33:20] 火暴兽也干了: 冷知识：donk的明日之星是哲伟 不是京介
[2026-02-22 00:33:20] 雾月零一: @🚽：来嘛，拉嘛！
[2026-02-22 00:33:20] 好姐妹三司绫濑: @异灵术老师：提到🚽，没人觉得用马桶吃泡面很方便吗？吃完了直接冲下去，碗都不用洗
[2026-02-22 00:33:20] BleksiA: @donk：伟伟哥，凭我们这么多年FPL和在绿龙的交情，你看跟詹大哥引荐驴小弟这件事。。。
[2026-02-22 00:33:20] 汤还是老的浓: @🚽：来嘛，拉嘛！@🚽：来嘛，拉嘛！
[2026-02-22 00:33:20] Razzii: 🚽：来嘛…拉嘛…🚽：来嘛…拉嘛…🚽：来嘛…拉嘛…🚽：来嘛…拉嘛…
[2026-02-22 00:33:20] 一大只愚犬: @异灵术老师：没人觉得用马桶吃泡面很方便吗
[2026-02-22 00:33:20] 用户4530789385: @donk：伟伟哥，凭我们这么多年FPL和在绿龙的交情，你看跟詹大哥引荐驴小弟这件事。。。
[2026-02-22 00:33:21] faze的ro叶睦本人: 🚽：来嘛…拉嘛…🚽：来嘛…拉嘛…🚽：来嘛…拉嘛…🚽：来嘛…拉嘛…
[2026-02-22 00:33:21] Evelexl: @🚽：来嘛…拉嘛…🚽：来嘛…拉嘛…🚽：来嘛…拉嘛…
[2026-02-22 00:33:21] 马猴烧酒小地瓜: 玩机器你不是说要看后6集吗？现在看呢
[2026-02-22 00:33:21] 茶泡饭Trinity: 冷知识：donk的明日之星是哲伟 不是京介
[2026-02-22 00:33:21] RyeHS: 比喻的好恶 心。。。
[2026-02-22 00:33:21] 玩机器的左高玩: 卧槽!donk真去插座了
[2026-02-22 00:33:22] 黄升亮的老公: 怎么弹幕还在和玩处对话啊 继续战斗啊
[2026-02-22 00:33:22] 巅峰A队魔男: 已经两天了我编的烂梗没有都没有人加一。。。
[2026-02-22 00:33:22] Dk的ShowMaker本人: 有人能看见我说话吗😭
[2026-02-22 00:33:23] 天残少女王朗: 刷数字载物载粉是善意玩笑，要下调发言等级。刷数字玩大哥🦅 精是恶意攻击，要365。这个要区分清
[2026-02-22 00:33:23] 落天华: 冷知识：donk的明日之星是哲伟 不是京介
[2026-02-22 00:33:23] 用户5084373421: @🚽：来嘛，拉嘛！@🚽：来嘛，拉嘛！
[2026-02-22 00:33:23] 愿良辰美景: 拨开皮包见光明
[2026-02-22 00:33:24] Ralmnstr: @🚽：来嘛，拉嘛！@🚽：来嘛，拉嘛！
[2026-02-22 00:33:24] 浅筱浅: @🚽：玩机器又吹我了，椅子气不气
[2026-02-22 00:33:24] 布拉德丶皮特: 说白了，一波B被
[2026-02-22 00:33:24] 小心超人、: 玩机器，你现在逆转风评和停止节奏的唯一办法就是把《颂乐人偶》后6集看完
[2026-02-22 00:33:25] 苏晋安诶: @donk：伟伟哥，凭我们这么多年FPL和在绿龙的交情，你看跟詹大哥引荐驴小弟这件事。。。
[2026-02-22 00:33:25] 消逝の繁星:         🚽：来嘛…拉嘛…🚽：来嘛…拉嘛…🚽：来嘛…拉嘛…🚽：来嘛…拉嘛…
[2026-02-22 00:33:25] 1La7yi: donk去PV联手紫薇是不是王朝了
[2026-02-22 00:33:25] 用户3661578: 拨开皮包见光明
[2026-02-22 00:33:25] 玉米卧槽: 🚽：来嘛…拉嘛…🚽：来嘛…拉嘛…🚽：来嘛…拉嘛…🚽：来嘛…拉嘛…
[2026-02-22 00:33:25] 杭州高手: 鑤了（繁體版）
[2026-02-22 00:33:25] 偷摸灵感菇: 玩机器，你现在逆转风评和停止节奏的唯一办法就是把《颂乐人偶》后6集看完
[2026-02-22 00:33:25] 好姐妹八幡海铃丶: @🚽：来嘛，拉嘛！@🚽：来嘛，拉嘛！
[2026-02-22 00:33:25] 零北鸢: @donk：伟伟哥，凭我们这么多年FPL和在绿龙的交情，你看跟詹大哥引荐驴小弟这件事。。。
[2026-02-22 00:33:26] LvvsiN: 其实碗橱就是猪灵，你不拿黄金丢他他就不跟你说话
[2026-02-22 00:33:26] NEINHEX: 冷知识：donk的明日之星是哲伟 不是京介
[2026-02-22 00:33:26] 分开的花裤头: 拨开皮包见光明
[2026-02-22 00:33:26] lpyuan: 冷知识：donk的明日之星是哲伟 不是京介
[2026-02-22 00:33:26] LyfeBestla本人: 冷知识：donk的明日之星是哲伟 不是京介
[2026-02-22 00:33:26] 玩弓箭、Arrow: @donk：绿龙一直为我遮风挡雨，出去一看发现外面没有风雨
[2026-02-22 00:33:26] 愿良辰美景: 比喻的好恶 心。。。
[2026-02-22 00:33:27] 一大只愚犬:         🚽：来嘛…拉嘛…🚽：来嘛…拉嘛…🚽：来嘛…拉嘛…🚽：来嘛…拉嘛…
[2026-02-22 00:33:31] 用户5608006019: @🚽：来嘛，拉嘛！@🚽：来嘛，拉嘛！
[2026-02-22 00:33:31] 博丽灵感菇: 弹幕又开始造马桶黄瑶了，有时候我怀疑我是不是真得活过了那一年。。。
[2026-02-22 00:33:31] 深渊使者: 🚽：来嘛…拉嘛…🚽：来嘛…拉嘛…🚽：来嘛…拉嘛…🚽：来嘛…拉嘛…
[2026-02-22 00:33:31] 瓜皮老师的蛇皮学生: @🚽：来嘛，拉嘛！
[2026-02-22 00:33:31] LvvsiN: 你这音画不同步太难受了，我都听到NIKO里约RMR晋级的欢呼了
[2026-02-22 00:33:31] 玉米卧槽: 有人能看见我说话吗😭
[2026-02-22 00:33:31] 晨风凌云21146: 怎么弹幕还在和玩处对话啊 继续战斗啊
[2026-02-22 00:33:31] 快乐啃蹄蹄: @🚽：玩机器又吹我了，椅子气不气
[2026-02-22 00:33:31] 管大无需多颜: @🚽：来嘛，拉嘛！@🚽：来嘛，拉嘛！
[2026-02-22 00:33:31] Haksalccc: 我的刀盾我的刀盾我的刀盾我的刀盾我的刀盾我的刀盾我的刀盾我的刀盾
[2026-02-22 00:33:31] 宇神82881: niko
[2026-02-22 00:33:31] 用户4997270173: 詹姆开演
[2026-02-22 00:33:31] 不曾活过的人: @donk：绿龙一直为我遮风挡雨，出去一看发现外面没有风雨
[2026-02-22 00:33:31] 宫夫邪神: @🚽：来嘛，拉嘛！@🚽：来嘛，拉嘛！
[2026-02-22 00:33:31] 好哥们黑龙歼灭刀: 刷数字载物载粉是善意玩笑，要下调发言等级。刷数字玩大哥🦅 精是恶意攻击，要365。这个要区分清
[2026-02-22 00:33:31] LvvsiN: 男人一生只哭十八次：niko十七次梦碎major正赛, niko梦碎里约major RMR＼
[2026-02-22 00:33:31] 玩指挥丶NiKo: @🚽：玩机器又吹我了，椅子气不气
[2026-02-22 00:33:31] xieri: 刷数字载物载粉是善意玩笑，要下调发言等级。刷数字玩大哥🦅 精是恶意攻击，要365。这个要区分清
[2026-02-22 00:33:31] 旷野大明星: ，旼炡
[2026-02-22 00:33:31] 网友魔理沙、: 弹幕素质太低了，感觉是那种躺一天就能把床熏黄的人，臭臭的，我这种香香的小蛋糕真看不下去...
[2026-02-22 00:33:31] 何嘉凯666: 1
[2026-02-22 00:33:31] 我想玩小蜜蜂: 拉出各种花样 不如直接拉一坨又粗又大又硬的
[2026-02-22 00:33:31] 冷寒li: 玩机器，你现在逆转风评和停止节奏的唯一办法就是把《颂乐人偶》后6集看完
[2026-02-22 00:33:31] 法则的Twistzz本人: 　　　 冷知识：donk的明日之星是哲伟 不是京介
[2026-02-22 00:33:31] 玩公式丶Formula: 刷数字载物载粉是善意玩笑，要下调发言等级。刷数字玩大哥🦅 精是恶意攻击，要365。这个要区分清
[2026-02-22 00:33:31] 愿良辰美景: 冷知识：donk的明日之星是哲伟 不是京介
[2026-02-22 00:33:31] 晓232111: 🚽：来嘛…拉嘛…🚽：来嘛…拉嘛…🚽：来嘛…拉嘛…🚽：来嘛…拉嘛…
[2026-02-22 00:33:32] 我是一个医保卡: 冷知识：donk的明日之星是哲伟 不是京介
[2026-02-22 00:33:32] 为宫士郎: @🚽：来嘛，拉嘛！@🚽：来嘛，拉嘛！
[2026-02-22 00:33:32] 宫原雪岳: @donk：伟伟哥，凭我们这么多年FPL和在绿龙的交情，你看跟詹大哥引荐驴小弟这件事。。。
[2026-02-22 00:33:32] 哈啦休: 🚽：来嘛…拉嘛…🚽：来嘛…拉嘛…🚽：来嘛…拉嘛…🚽：来嘛…拉嘛…
[2026-02-22 00:33:32] 火暴兽也干了: @🚽：玩机器又吹我了，椅子气不气
[2026-02-22 00:33:33] RocketTheRaccoon: @donk：伟伟哥，凭我们这么多年FPL和在绿龙的交情，你看跟詹大哥引荐驴小弟这件事。。。
[2026-02-22 00:33:33] LyfeBestla本人: 冷知识：donk的明日之星是哲伟 不是京介
[2026-02-22 00:33:33] Crych1c的若叶睦本人: 弹幕又开始造马桶黄瑶了，有时候我怀疑我是不是真得活过了那一年。。。
[2026-02-22 00:33:34] 何嘉凯666: 1
[2026-02-22 00:33:34] Eternalmoment921: 刷数字载物载粉是善意玩笑，要下调发言等级。刷数字玩大哥🦅 精是恶意攻击，要365。这个要区分清
[2026-02-22 00:33:34] 白皇的三千院Nagi本人: 有人能看见我说话吗😭
[2026-02-22 00:33:34] 智哥夹手机: 宝蓝说大师兄说得对啊
[2026-02-22 00:33:34] 好鸡儿哈人哦: @donk：伟伟哥，凭我们这么多年FPL和在绿龙的交情，你看跟詹大哥引荐驴小弟这件事。。。
[2026-02-22 00:33:34] GBK丶AV: @🚽：玩机器又吹我了，椅子气不气
[2026-02-22 00:33:34] LuvSico: @🚽：来嘛，拉嘛！
[2026-02-22 00:33:34] 我是焯人强: @异灵术老师：马桶吃泡面，越吃越方便
[2026-02-22 00:33:35] 得闲饮茶gg: @🚽：来嘛，拉嘛！@🚽：来嘛，拉嘛！
[2026-02-22 00:33:35] 有你便是世界1: @黄升亮的老公：怎么弹幕还在和玩处对话啊 继续战斗啊
[2026-02-22 00:33:35] MSK枫: niko
[2026-02-22 00:33:35] 劉膿dewasu: @🗿：研发都失败了，你们还不攻击玩机器在干什么？
[2026-02-22 00:33:35] KujoJolyne: 怎么又有新的贴图广，你干脆把屏幕铺满得了
[2026-02-22 00:33:35] 监狱的二阶堂sh1ro本人: 感觉没有神力了啊。。
[2026-02-22 00:33:36] 曲奇lemon: niko
[2026-02-22 00:33:36] insod: donk去PV联手紫薇是不是王朝了
[2026-02-22 00:33:36] LvvsiN: 你为什么要把mαjor禁了，我收藏的一半弹幕全毁了
[2026-02-22 00:33:36] 乐EE: @🚽：来嘛…拉嘛…🚽：来嘛…拉嘛…🚽：来嘛…拉嘛…
[2026-02-22 00:33:36] LYON丶李小帅: 比device表现更搞笑的是，玩机器在赛前估计还以为他卸下指挥后能大杀四方呢
[2026-02-22 00:33:36] 丛念39090: 實況主，你不是主播特戰英豪的嗎，為什麼在轉播絕對武力全球攻勢的比賽喔
[2026-02-22 00:33:36] 博丽灵感菇: 弹幕又开始造马桶黄瑶了，有时候我怀疑我是不是真得活过了那一年。。。
[2026-02-22 00:33:36] 秋茶小雪: 真有吗
[2026-02-22 00:33:36] 丰III祥子: @donk:这队伍就差一个想狂哥一样的突破手，恰巧我知道一个比狂哥更厉害的
[2026-02-22 00:33:37] 梦得三千:         🚽：来嘛…拉嘛…🚽：来嘛…拉嘛…🚽：来嘛…拉嘛…🚽：来嘛…拉嘛…
[2026-02-22 00:33:37] 萝伯丝比尔: ，旼炡
[2026-02-22 00:33:37] 林小鸟的皮皮鳝: 六乘以eight尼有感觉吗
[2026-02-22 00:33:38] LvvsiN: 孩子们快跑，马修赫伯特来了😨卧槽你的怎么是马枪和BOT
[2026-02-22 00:33:38] angry嗷呜: @🚽：玩机器又吹我了，椅子气不气
[2026-02-22 00:33:38] 稻香小弟想66: @玉米卧槽：有人能看见我说话吗😭
[2026-02-22 00:33:38] 甘织玲奈子本人: 有人能看见我说话吗😭
[2026-02-22 00:33:39] 空气力学的先驱: @donk：伟伟哥，凭我们这么多年FPL和在绿龙的交情，你看跟詹大哥引荐驴小弟这件事。。。
[2026-02-22 00:33:39] 好姐妹一之濑素世: 玩机器，你现在逆转风评和停止节奏的唯一办法就是把《颂乐人偶》后6集看完
[2026-02-22 00:33:39] 初心在吗: 抓娃娃
[2026-02-22 00:33:39] KaT1n: 有人能看见我说话吗😭
[2026-02-22 00:33:39] 呆头呆脑平泽唯: @donk：伟伟哥，凭我们这么多年FPL和在绿龙的交情，你看跟詹大哥引荐驴小弟这件事。。。
[2026-02-22 00:33:39] 我爱走后门: 玩机器强碱马桶
[2026-02-22 00:33:39] 人间失格773: 4️⃣8️⃣玩 4️⃣M玩 4️⃣7️⃣玩4️⃣8️⃣玩 4️⃣M玩 4️⃣7️⃣玩
[2026-02-22 00:33:39] 晚睡夜ovo: @donk：伟伟哥，凭我们这么多年FPL和在绿龙的交情，你看跟詹大哥引荐驴小弟这件事。。。
[2026-02-22 00:33:40] mujica的长崎素世本人: 玩机器，你现在逆转风评和停止节奏的唯一办法就是把《颂乐人偶》后6集看完
[2026-02-22 00:33:40] LyfeBestla本人: 冷知识：donk的明日之星是哲伟 不是京介
[2026-02-22 00:33:40] 丛念39090: 實況主，你不是主播特戰英豪的嗎，為什麼在轉播絕對武力全球攻勢的比賽喔
[2026-02-22 00:33:40] LvvsiN: 你为什么要把mαjor禁了，我收藏的一半弹幕全毁了
[2026-02-22 00:33:40] 碗积极: 弹幕又开始造马桶黄瑶了，有时候我怀疑我是不是真得活过了那一年。。。
[2026-02-22 00:33:40] 乐EE: @🚽：来嘛…拉嘛…🚽：来嘛…拉嘛…🚽：来嘛…拉嘛…
[2026-02-22 00:33:41] 湖上风72121: niko
[2026-02-22 00:33:41] cutewqx: 丰川祥子脱鞋了👠🧦🦶🦶🏻🦶🏼🦶🏽🦶🏾🦶🏿
[2026-02-22 00:33:41] ddj的djj: 有东西（2:7）
[2026-02-22 00:33:41] Ecifircas: 冷知识：donk的明日之星是哲伟 不是京介
[2026-02-22 00:33:42] 没有同意的耄耋: @👽：有意思，继续拖延研发进度
[2026-02-22 00:33:42] 人间失格773: 4️⃣8️⃣玩 4️⃣M玩 4️⃣7️⃣玩4️⃣8️⃣玩 4️⃣M玩 4️⃣7️⃣玩
[2026-02-22 00:33:42] LvvsiN: 你为什么要把mαjor禁了，我收藏的一半弹幕全毁了
[2026-02-22 00:33:43] 黑衣小胖: 怎么又有新的贴图广，你干脆把屏幕铺满得了
[2026-02-22 00:33:43] Vitality的羽贺文乃本人: @donk：伟伟哥，凭我们这么多年FPL和在绿龙的交情，你看跟詹大哥引荐驴小弟这件事。。。
[2026-02-22 00:33:43] 惧37743: ，旼炡
[2026-02-22 00:33:44] 丛念39090: 實況主，你不是主播特戰英豪的嗎，為什麼在轉播絕對武力全球攻勢的比賽喔
[2026-02-22 00:33:44] 劉膿dewasu: @🗿：研发都失败了，你们还不攻击玩机器在干什么？
[2026-02-22 00:33:44] Mirennnnn: 實況主，你不是主播特戰英豪的嗎，為什麼在轉播絕對武力全球攻勢的比賽喔
[2026-02-22 00:33:44] MunChlax丶: 第一次见造马桶黄摇的直播间😅
[2026-02-22 00:33:44] Wangzap: @异灵术老师，噗呲噗呲噗呲噗呲噗呲噗呲嗷～
[2026-02-22 00:33:44] 我最喜欢玩机器: @🗿：人类...真的没有未来了...
[2026-02-22 00:33:44] 1略1略1略1: 冷知识：donk的明日之星是哲伟 不是京介
[2026-02-22 00:33:44] LvvsiN: 额，拿亚军我都会，拿亚军，拿季军，拿四强，拿八强，拿十六强，呃拿冠军我不会，然后小组赛淘汰
[2026-02-22 00:33:44] hanser小天才: 有人能看见我说话吗😭
[2026-02-22 00:33:45] 奶油亦博啵啵: 无人在意老汤五杀
[2026-02-22 00:33:45] 乐EE: @🚽：来嘛…拉嘛…🚽：来嘛…拉嘛…🚽：来嘛…拉嘛…
[2026-02-22 00:33:46] 圣诞节二人组: 有人能看见我说话吗😭
[2026-02-22 00:33:46] LvvsiN: 你这音画不同步太难受了，我都听到NIKO里约RMR晋级的欢呼了
[2026-02-22 00:33:46] Ayu824: 丰川祥子脱鞋了👠🧦🦶🦶🏻🦶🏼🦶🏽🦶🏾🦶🏿
[2026-02-22 00:33:46] 注册2872天不能发弹幕: Jame一波4杀后没杀过人
[2026-02-22 00:33:46] 向日葵Samurai: 冷知识：donk的明日之星是哲伟 不是京介
[2026-02-22 00:33:46] 好哥们摩尔加纳: @异灵术老师：提到🚽，没人觉得用马桶吃泡面很方便吗？吃完了直接冲下去，碗都不用洗
[2026-02-22 00:33:46] Wangzap: @异灵术老师，噗呲噗呲噗呲噗呲噗呲噗呲嗷～
[2026-02-22 00:33:47] douxxxxx: 要是老鼠输了，torzsi会哭吗，我想看这个
[2026-02-22 00:33:47] 冰封樱花: 开双倍
[2026-02-22 00:33:47] 人间失格773: 4️⃣8️⃣玩 4️⃣M玩 4️⃣7️⃣玩4️⃣8️⃣玩 4️⃣M玩 4️⃣7️⃣玩
[2026-02-22 00:33:48] 喜欢一个人shen: 　　　 冷知识：donk的明日之星是哲伟 不是京介
[2026-02-22 00:33:48] LvvsiN: 别解说了 多聊会天 你不会真的以为能输吧
[2026-02-22 00:33:48] 丛念39090: 實況主，你不是主播特戰英豪的嗎，為什麼在轉播絕對武力全球攻勢的比賽喔
[2026-02-22 00:33:49] 稻香小弟想66: @玉米卧槽：我心里有你
[2026-02-22 00:33:49] 晨风凌云21146: @KaT1n ： 有人能看见我说话吗😭
[2026-02-22 00:33:49] 独孤残梦小梦: @哲伟：donk谁家小孩
[2026-02-22 00:33:49] 甘夜阁: 6️⃣6️⃣5️⃣7️⃣
[2026-02-22 00:33:50] 黑巫2333: donk去pv到底发ak还是发狙
[2026-02-22 00:33:50] Wangzap: @异灵术老师，噗呲噗呲噗呲噗呲噗呲噗呲嗷～
[2026-02-22 00:33:50] LvvsiN: 南孚一节更比六节强，也就是一节南孚比六节南孚强，六节南孚比三十六节强，三十六节比二百一十六节强
[2026-02-22 00:33:51] 神龙吃吼霸: 冷知识：donk的明日之星是哲伟 不是京介
[2026-02-22 00:33:51] 着着着着糕: @🚽:玩机器拉史巨臭……
[2026-02-22 00:33:51] angry嗷呜:     冷知识：donk的明日之星是哲伟 不是京介
[2026-02-22 00:33:51] 绿龙的zont1x本人: 有东西（2-7)
[2026-02-22 00:33:51] crychic的tomori本人: 玩机器，你现在逆转风评和停止节奏的唯一办法就是把《颂乐人偶》后6集看完
[2026-02-22 00:33:52] 冬木美波: ？？
[2026-02-22 00:33:52] 1emon5prite: 實況主，你不是主播特戰英豪的嗎，為什麼在轉播絕對武力全球攻勢的比賽喔
[2026-02-22 00:33:52] 浅色的调色板: 哦哦哦哦哦哦
[2026-02-22 00:33:52] ddj930928: 丰川祥子脱鞋了👠🧦🦶🦶🏻🦶🏼🦶🏽🦶🏾🦶🏿
[2026-02-22 00:33:52] LvvsiN: 南孚一节更比六节强，也就是一节南孚比六节南孚强，六节南孚比三十六节强，三十六节比二百一十六节强
[2026-02-22 00:33:52] 李小小与虾大大: @donk：还给我😭
[2026-02-22 00:33:53] xOcOg: “伊利亚，今年再拿不到major我们就退役”“我也要退吗”“对”
[2026-02-22 00:33:53] 萝伯丝比尔: ，旼炡
[2026-02-22 00:33:53] richardlee97: 6️⃣6️⃣5️⃣7️⃣
[2026-02-22 00:33:53] 烎摩尔托市: @异灵术老师，噗呲噗呲噗呲噗呲噗呲噗呲嗷～
[2026-02-22 00:33:54] 楼梯间的烟花: 猎鹰能和这种有透视一般的队伍战斗到最后一刻，已经很强了！（不是串）
[2026-02-22 00:33:54] 绀海恋歌丶: donk去pv到底发ak还是发狙
[2026-02-22 00:33:54] Wangzap: @异灵术老师，噗呲噗呲噗呲噗呲噗呲噗呲嗷～
[2026-02-22 00:33:54] 修飞机的保安: 實況主，你不是主播特戰英豪的嗎，為什麼在轉播絕對武力全球攻勢的比賽喔
[2026-02-22 00:33:54] 穿甲狗: 丰矿
[2026-02-22 00:33:54] LvvsiN: 你屏蔽词都快赶上新华词典了为什么不干脆开一百级发言？
[2026-02-22 00:33:54] 丛念39090: 實況主，你不是主播特戰英豪的嗎，為什麼在轉播絕對武力全球攻勢的比賽喔
[2026-02-22 00:33:56] 摆斯特机机: 冷知识：donk的明日之星是哲伟 不是京介
[2026-02-22 00:33:56] Sashazzz: 寸止
[2026-02-22 00:33:56] 好哥们黑龙歼灭刀: 4️⃣8️⃣玩 4️⃣M玩 4️⃣7️⃣玩4️⃣8️⃣玩 4️⃣M玩 4️⃣7️⃣玩
[2026-02-22 00:33:56] 第一美食烤肉: 寸止
[2026-02-22 00:33:56] 黄升亮的老公: 怎么又有新的贴图广，你干脆把屏幕铺满得了
[2026-02-22 00:33:56] LvvsiN: @阿汤日记：一个人，5发子弹，保住格陵兰岛。我不会叫它不可能完成的任务，我现在只想先回家看亦博
[2026-02-22 00:33:56] 宫城县的仙台本人: 冷知识：donk的明日之星是哲伟 不是京介
[2026-02-22 00:33:56] 雾雨魔理沙ZE: 6️⃣6️⃣5️⃣7️⃣
[2026-02-22 00:33:57] jamesfaith23: 怎么又有新的贴图广，你干脆把屏幕铺满得了
[2026-02-22 00:33:57] KaT1n:  @douxxxxx：要是老鼠输了，torzsi会哭吗，我想看这个
[2026-02-22 00:33:57] 想吃丰川祥子的狱卒: 4️⃣8️⃣玩 4️⃣M玩 4️⃣7️⃣玩4️⃣8️⃣玩 4️⃣M玩 4️⃣7️⃣玩
[2026-02-22 00:33:57] Miyezd: 卧槽，我被禁言了😭
[2026-02-22 00:33:58] Vitality的羽贺文乃本人: 實況主，你不是主播特戰英豪的嗎，為什麼在轉播絕對武力全球攻勢的比賽喔
[2026-02-22 00:33:58] LvvsiN: 银行业😄银行业😀银行业😃银行业😁银行业😆银行业🤪银行业😝
[2026-02-22 00:33:59] 宇莓: 碗橱，我看你这么想钱进也别装模作样了，直接洗Niko得了，尼孝会给你刷礼物的
[2026-02-22 00:33:59] zin桀zera: 實況主，你不是主播特戰英豪的嗎，為什麼在轉播絕對武力全球攻勢的比賽喔
[2026-02-22 00:33:59] 玉米卧槽: ？
