# room_id=6979222 host=玩机器丶Machine title=小众宝藏结晶直播 live_time= fetch_time=2026-02-21 23:45:46
[2026-02-22 01:26:51] 冰银眼: 哎，那只蜘蛛之前采访说过是刘亦博粉丝……😔😔
[2026-02-22 01:26:51] LvvsiN: @阿汤日记：一个人，5发子弹，保住格陵兰岛。我不会叫它不可能完成的任务，我现在只想先回家看亦博
[2026-02-22 01:26:51] 烟鬼安德鲁:  @boombl4：玩猪比以前又胖了desuw@
[2026-02-22 01:26:51] 斯卡文的矮崔克本人: 哎，那只蜘蛛之前采访说过是刘亦博粉丝……😔😔
[2026-02-22 01:26:51] 你的最佳读者: “伊利亚，今年再拿不到major我们就退役”“我也要退吗”“对”
[2026-02-22 01:26:51] BenArtist: 哎，那只蜘蛛之前采访说过是刘亦博粉丝……😔😔
[2026-02-22 01:26:52] 用户2719002301: 抓娃娃
[2026-02-22 01:26:52] 朝霧MisTy: 5-15
[2026-02-22 01:26:52] 用户24084278: 卧槽，玩神那里喷白汁 ，变蜘蛛侠了！！！
[2026-02-22 01:26:52] wristuuio: 哎，那只蜘蛛之前采访说过是刘亦博粉丝……😔😔
[2026-02-22 01:26:52] 好哥们黑龙歼灭刀: 孔子东游，见两小孩辩尸
[2026-02-22 01:26:53] 姓黄小名肥仔: @NiKo：强者就该挥刀向更强者😡话说完就一刀挥向nota尸体😋
[2026-02-22 01:26:53] GlockieSs: 哎，那只蜘蛛之前采访说过是刘亦博粉丝……😔😔
[2026-02-22 01:26:53] 好兄弟平湖家猪王: 老爸倒了😭
[2026-02-22 01:26:53] Mouz的X9本人: 哎，那只蜘蛛之前采访说过是刘亦博粉丝……😔😔
[2026-02-22 01:26:53] 刘刘的农: 真有房管拿自己当土皇帝了
[2026-02-22 01:26:53] 愿良辰美景: 卧槽，玩神那里喷白汁 ，变蜘蛛侠了！！！
[2026-02-22 01:26:53] 最后波纹: @HooXi：Rain我教你，你就一直发狙发英雄ak给Dev1ce，发到他都受不了自己有多菜就退队了
[2026-02-22 01:26:54] 爱吃蛋白的酸酸: 老爸倒了
[2026-02-22 01:26:54] ezbet: 其实碗橱就是猪灵，你不拿黄金丢他他就不跟你说话
[2026-02-22 01:26:54] viovvvvvvvon: 5-15的狙击手说是
[2026-02-22 01:26:54] astralis的jabbi本人:  @boombl4：玩猪比以前又胖了desuw@
[2026-02-22 01:26:54] 爱斯忑音音: 5-15的主狙
[2026-02-22 01:26:54] -nOOn-: 哎，那只蜘蛛之前采访说过是刘亦博粉丝……😔😔
[2026-02-22 01:26:55] 枝叶柚希: 5-15怎么玩
[2026-02-22 01:26:55] 玩权第一潮臣: Niko：死去的nota也很恐怖啊
[2026-02-22 01:26:55] Crythic的羊宫妃那本人: @房管布罗利，玩÷yygq你尼爹不敢封？封弹幕的🐂劲呢？😂
[2026-02-22 01:26:55] 无极加贝: 老汤服务器正数第十
[2026-02-22 01:26:55] 用户95410607: 孔子东游，见两小孩辩尸
[2026-02-22 01:26:55] 七色的人偶使者: 孔子东游，见两小孩辩尸
[2026-02-22 01:26:56] 鹅地霸霸: @房管布罗利：权利只对他的来源负责，玩大哥怎么说我不管
[2026-02-22 01:26:56] 3Xhhhhh: 哎，那只蜘蛛之前采访说过是刘亦博粉丝……😔😔
[2026-02-22 01:26:56] simonblass: @房管布罗利，玩÷yygq你尼爹不敢封？封弹幕的🐂劲呢？😂
[2026-02-22 01:26:56] 玩玩今天吃什么: 真有房管拿自己当土皇帝了😮
[2026-02-22 01:26:56] 含泪办卡: 哎，那只蜘蛛之前采访说过是刘亦博粉丝……😔😔
[2026-02-22 01:26:56] 跳跃的司令官: @NiKo：强者就该挥刀向更强者😡话说完就一刀挥向nota尸体😋
[2026-02-22 01:26:56] dark1337: 哎，那只蜘蛛之前采访说过是刘亦博粉丝……😔😔
[2026-02-22 01:26:56] 湖上风72121: 哎，那只蜘蛛之前采访说过是刘亦博粉丝……😔😔
[2026-02-22 01:26:57] 佐藤零丶: @布罗利：权利只对他的来源负责，玩大哥怎么说我不管
[2026-02-22 01:26:57] 好哥们黑龙歼灭刀: @布罗利：权利只对他的来源负责，玩大哥怎么说我不管
[2026-02-22 01:26:57] 大裂谷的登山家: 哎，那只蜘蛛之前采访说过是刘亦博粉丝……😔😔
[2026-02-22 01:26:57] enihcaM器机玩7566: 哎，那只蜘蛛之前采访说过是刘亦博粉丝……😔😔
[2026-02-22 01:26:57] TXGame08175198: @房管布罗利，玩÷yygq你尼爹不敢封？封弹幕的🐂劲呢？😂
[2026-02-22 01:26:57] Rush干拉: 冠军粉是永久的，而24年的娜美，25年的冰粉都是一个群体造出来的限时名词，有感觉么
[2026-02-22 01:26:57] 推斯特zz: 什么时候切割布罗利
[2026-02-22 01:26:58] 怠惰大罪司教ovo: 哎，那只蜘蛛之前采访说过是刘亦博粉丝……😔😔
[2026-02-22 01:26:58] 肘一郎: 卧槽，玩神那里喷白汁 ，变蜘蛛侠了！！！
[2026-02-22 01:26:58] Peko-: @阿羞羞i：哎，那只蜘蛛之前采访说过是刘亦博粉丝……😔😔
[2026-02-22 01:26:58] ShanoaM: 加了
[2026-02-22 01:26:58] 玩刘农device: 被人皇吸收了、
[2026-02-22 01:26:58] 铃木佳奈助: 孔子东游，见两小孩辩尸
[2026-02-22 01:26:59] 不知名贝斯手: @房管布罗利，玩÷yygq你尼爹不敢封？封弹幕的🐂劲呢？😂
[2026-02-22 01:26:59] 2635174919: 10 device
[2026-02-22 01:26:59] 叛逆的源源李: 哎，那只蜘蛛之前采访说过是刘亦博粉丝……😔😔
[2026-02-22 01:26:59] LvvsiN: 弹幕也就网上说说，现实里谁不觉得樱姐是好女孩（删括号领一条远坂凛同款鸟笼）
[2026-02-22 01:26:59] 最后波纹: @HooXi：Rain我教你，你就一直发狙发英雄ak给Dev1ce，发到他都受不了自己有多菜就退队了
[2026-02-22 01:26:59] 椎名真白ii丶: 孔子东游，见两小孩辩尸
[2026-02-22 01:26:59] 玩机器的乃个会刘能: 龙鳞2acemini？
[2026-02-22 01:27:00] 潜伏198: 真有房管拿自己当土皇帝了
[2026-02-22 01:27:00] 翟先生zxq: 胖球的肉都转移到你身上了
[2026-02-22 01:27:00] 最爱的马卡龙: 布罗利某站uid6512408，首页就是照片
[2026-02-22 01:27:00] Mouz的X9本人: 哎，那只蜘蛛之前采访说过是刘亦博粉丝……😔😔
[2026-02-22 01:27:01] 白河日和: 哎，那只蜘蛛之前采访说过是刘亦博粉丝……😔😔
[2026-02-22 01:27:01] LovePratellina: 5-15的主狙
[2026-02-22 01:27:01] 用户87594568: “难道你想一辈子只拿亚军？听罢，niko⚡闭上眼，任由半决赛的八强如同瑞士轮般落在预选赛上”
[2026-02-22 01:27:01] 记得少吃外卖玩宝宝: 哎，那只蜘蛛之前采访说过是刘亦博粉丝……😔😔
[2026-02-22 01:27:01] Miyazo: 5-15不配赢
[2026-02-22 01:27:01] LvvsiN: 弹幕也就网上说说，现实里谁不觉得樱姐是好女孩（删括号领一条远坂凛同款鸟笼）
[2026-02-22 01:27:01] JanXu1999: 双倍也不开。。。你下播吧
[2026-02-22 01:27:01] 帅帅的翅膀为你翱翔: 哎，那只蜘蛛之前采访说过是刘亦博粉丝……😔😔
[2026-02-22 01:27:01] 丰川祥子的父亲本人: 哎，那只蜘蛛之前采访说过是刘亦博粉丝……😔😔
[2026-02-22 01:27:01] 卖鱼强不卖鱼: 你到底在和谁说话，我看你房间也没人阿😱😱😱
[2026-02-22 01:27:02] 五五开玩笑ob: 哎，那只蜘蛛之前采访说过是刘亦博粉丝……😔😔
[2026-02-22 01:27:02] 小缘赐名的JK: 真有房管拿自己当土皇帝了😮
[2026-02-22 01:27:02] 花果山前一棵树: 哎，那只蜘蛛之前采访说过是刘亦博粉丝……😔😔
[2026-02-22 01:27:02] Sirius丶BIack: 吃瘦肉精了，你不准吃，我们国家不收莱猪
[2026-02-22 01:27:02] 小箱我亲死你: 哎，那只蜘蛛之前采访说过是刘亦博粉丝……😔😔
[2026-02-22 01:27:03] 刘刘的农:  @布罗利：权利只对他的来源负责，玩大哥怎么说我不管
[2026-02-22 01:27:03] 玩弓箭、Arrow: 　　　 哎，那只蜘蛛之前采访说过是刘亦博粉丝……😔😔
[2026-02-22 01:27:03] 牟平鲁尼: 玩机器立的爱汤人设真不赖
[2026-02-22 01:27:03] 半盏明月台: 孔子东游，见两小孩辩尸
[2026-02-22 01:27:03] T0PK1NG: 以后🔬🗿和🚬🗿要区分一下，一个似的多一个似的早
[2026-02-22 01:27:03] 呆妹儿的姑父: 布罗利Broli
[2026-02-22 01:27:04] 小川阿丶: 哎，那只蜘蛛之前采访说过是刘亦博粉丝……😔😔
[2026-02-22 01:27:04] 最后波纹: @HooXi：Rain我教你，你就一直发狙发英雄ak给Dev1ce，发到他都受不了自己有多菜就退队了
[2026-02-22 01:27:04] User5092: 哎，那只蜘蛛之前采访说过是刘亦博粉丝……😔😔
[2026-02-22 01:27:04] 妄想改名中奖的残尘: 唉....玩大手
[2026-02-22 01:27:04] BleksiA: 弹幕不要再发了😭😭你会消失的😭😭会变成……会变成……坏人的鱼丸……😭😭
[2026-02-22 01:27:05] 想和阿飞抹茶三披: 你是怎么从弹幕里找到讨论比赛的弹幕的呀，主播你的视力真好呀！👍👍👍
[2026-02-22 01:27:05] 卖鱼强不卖鱼: 你到底在和谁说话，我看你房间也没人阿😱😱😱  
[2026-02-22 01:27:05] LvvsiN: 男人一生只哭十八次：niko十七次梦碎major正赛, niko梦碎里约major RMR
[2026-02-22 01:27:05] 硫氦氧丶: 卧槽，玩神那里喷白汁 ，变蜘蛛侠了！！！
[2026-02-22 01:27:05] 真的没脾气啊: ？
[2026-02-22 01:27:05] Eirir: 5-15怪不得被踢
[2026-02-22 01:27:06] 虹薼: 没有人尬黑，弹幕全部都是尸题
[2026-02-22 01:27:06] 好哥们黑龙歼灭刀: 布罗利某站uid6512408，首页就是照片
[2026-02-22 01:27:06] Mouz的X9本人: 哎，那只蜘蛛之前采访说过是刘亦博粉丝……😔😔
[2026-02-22 01:27:06] Aleksumimi: 哎，那只蜘蛛之前采访说过是刘亦博粉丝……😔😔
[2026-02-22 01:27:07] 困惑地熊猫: 哎，那只蜘蛛之前采访说过是刘亦博粉丝……😔😔
[2026-02-22 01:27:07] 石家庄的刘亦博本人: @房管布罗利：权利只对他的来源负责，玩大哥怎么说我不管
[2026-02-22 01:27:07] LvvsiN: 我提一嘴这剧情越来越像上海major了
[2026-02-22 01:27:07] 压缩vs蛮晚: @HooXi：Rain我教你，你就一直发狙发英雄ak给Dev1ce，发到他都受不了自己有多菜就退队了
[2026-02-22 01:27:07] dark1337: 哎，那只猪之前采访说过是刘亦博粉丝……😔😔
[2026-02-22 01:27:08] 爱吃青椒的重曹酱: 力挺扁食
[2026-02-22 01:27:08] 安露山OvO: 哎，那只蜘蛛之前采访说过是刘亦博粉丝……😔😔
[2026-02-22 01:27:08] 暴力卓司: @Zywoo: 唉，这你编你m呢！😡@niko: 老玩还是没忍住哈哈
[2026-02-22 01:27:08] bloody小黑: 我们不说加了，我们说赚了
[2026-02-22 01:27:08] Oxealiz: 哎，那只蜘蛛之前采访说过是刘亦博粉丝……😔😔
[2026-02-22 01:27:08] 卖鱼强不卖鱼: 你到底在和谁说话，我看你房间也没人阿😱😱😱
[2026-02-22 01:27:09] 推斯特zz: 什么时候切割布罗利
[2026-02-22 01:27:09] LvvsiN: 玩宝宝，我发现在大学上学的时候肄业会很舒服，你可以试试
[2026-02-22 01:27:09] 一寸灰Q: 冠军粉是永久的，而24年的娜美，25年的冰粉都是一个群体造出来的限时名词，有感觉么
[2026-02-22 01:27:09] 小水冻Nn: 做个三明治吧😌🥣🍞🥚🥬🥩🍅💩→做好啦🥪给玩宝宝吃→😋😨😰🤢🤮😵😇
[2026-02-22 01:27:09] 中奖女装丨99999: 孔子东游，见两小孩辩尸
[2026-02-22 01:27:09] aaarchey: 怎么有人5-15啊 是人吗
[2026-02-22 01:27:10] xOcOg: niko编的是尼考所以是善意互动，载物编的是海啸所以是恶意攻击，这点要分清
[2026-02-22 01:27:10] 想和阿飞抹茶三披: 你是怎么从弹幕里找到讨论比赛的弹幕的呀，主播你的视力真好呀！👍👍👍
[2026-02-22 01:27:10] 理想零星: 布罗利某站uid6512408，首页就是照片
[2026-02-22 01:27:10] 牧瀨紅莉栖awa: 🐝：🕷️没了，我来蜇死你这只🐖
[2026-02-22 01:27:11] 牢大与小布丁: @房管布罗利，玩÷yygq你尼爹不敢封？封弹幕的🐂劲呢？😂
[2026-02-22 01:27:11] 刘刘的农: @房管布罗利：权力只对他的来源负责，玩大哥怎么说我不管
[2026-02-22 01:27:11] Mouz的X9本人: 哎，那只蜘蛛之前采访说过是刘亦博粉丝……😔😔
[2026-02-22 01:27:11] LvvsiN: 别解说了 多聊会天 你不会真的以为能输吧
[2026-02-22 01:27:11] 玩机器的乃个会刘能: 出龙鳞2acemini了？
[2026-02-22 01:27:11] 姓黄小名肥仔: @NiKo：强者就该挥刀向更强者😡话说完就一刀挥向nota尸体😋
[2026-02-22 01:27:11] Peko-: @鹅地霸霸：@房管布罗利：权利只对他的来源负责，玩大哥怎么说我不管
[2026-02-22 01:27:11] 本间芽衣子ya: 哎，那只蜘蛛之前采访说过是刘亦博粉丝……😔😔
[2026-02-22 01:27:12] 呱崽子丶Whelp: 哎，那只蜘蛛之前采访说过是刘亦博粉丝……😔😔
[2026-02-22 01:27:12] 最后波纹: @HooXi：Rain我教你，你就一直发狙发英雄ak给Dev1ce，发到他都受不了自己有多菜就退队了
[2026-02-22 01:27:12] 二阶堂sh1ro没坑donk: 哎，那只蜘蛛之前采访说过是刘亦博粉丝……😔😔
[2026-02-22 01:27:12] 卖鱼强不卖鱼: 你到底在和谁说话，我看你房间也没人阿😱😱😱 
[2026-02-22 01:27:12] Subto: 没有人尬黑，弹幕全部都是尸题
[2026-02-22 01:27:13] 想和阿飞抹茶三披: 你是怎么从弹幕里找到讨论比赛的弹幕的呀，主播你的视力真好呀！👍👍👍
[2026-02-22 01:27:13] 爱洛魔神仙台叶月: 哎，那只蜘蛛之前采访说过是刘亦博粉丝……😔😔
[2026-02-22 01:27:13] LvvsiN: 就tm喜欢银行业🥰银行坏账我喜欢🥰银行挤兑我还喜欢😍利率调低我也喜欢🤤老子亲烂银行业的脸😘
[2026-02-22 01:27:13] 鼓鼓鼓捣叨叨: @房管布罗利：权力只对他的来源负责，玩大哥怎么说我不管
[2026-02-22 01:27:13] 肘一郎: 卧槽，玩神那里喷白汁 ，变蜘蛛侠了！！！
[2026-02-22 01:27:13] 黑化的玩小将: 你可以编，载载就不能编？
[2026-02-22 01:27:13] 偷鸡蛋的玩机器本人o: 感觉A队还是踢晚了
[2026-02-22 01:27:13] 牧瀨紅莉栖awa: 🐝：🕷️没了，我来蜇死你这只🐖
[2026-02-22 01:27:14] 莫情123: G
[2026-02-22 01:27:14] 怒之拳: 哎，那只蜘蛛之前采访说过是刘亦博粉丝……😔😔
[2026-02-22 01:27:14] SDSF004: 寄
[2026-02-22 01:27:14] Vitality的Zyw0o0本人: 你是怎么从弹幕里找到讨论比赛的弹幕的呀，主播你的视力真好呀！👍👍👍
[2026-02-22 01:27:14] 3398502Azy: 哎，那只蜘蛛之前采访说过是刘亦博粉丝……😔😔
[2026-02-22 01:27:14] PKURoger: 哎，那只蜘蛛之前采访说过是刘亦博粉丝……😔😔
[2026-02-22 01:27:14] 玩机器的乃个会刘能: 出龙鳞2acemini了？
[2026-02-22 01:27:14] 车车薯薯major冠军: 怎么有人5-15啊 是人吗
[2026-02-22 01:27:14] 小箱我亲死你: 别解说了 多聊会天 你不会真的以为能输吧
[2026-02-22 01:27:15] 过着平静的生活: 哎，那只蜘蛛之前采访说过是刘亦博粉丝……😔😔
[2026-02-22 01:27:15] LvvsiN: 就tm喜欢银行业🥰银行坏账我喜欢🥰银行挤兑我还喜欢😍利率调低我也喜欢🤤老子亲烂银行业的脸😘
[2026-02-22 01:27:15] 好哥们菲尼克斯: [CS2更新]裹尸袋100$（点击购买）
[2026-02-22 01:27:15] NatsuROSE: 哎，那只猪之前采访说过是刘亦博粉丝……😔😔
[2026-02-22 01:27:15] 依蓦然: @NiKo：强者就该挥刀向更强者😡话说完就一刀挥向nota尸体😋
[2026-02-22 01:27:15] 天守阁信长: 布罗利某站uid6512408，首页就是照片
[2026-02-22 01:27:16] 普信且开摆: 大东：能不能让你这个晦气儿子赶紧走
[2026-02-22 01:27:16] Altolier:  @布罗利：权利只对他的来源负责，玩大哥怎么说我不管
[2026-02-22 01:27:16] 人活着就是为了玩乐队: 崩了
[2026-02-22 01:27:16] 卖鱼强不卖鱼: 你到底在和谁说话，我看你房间也没人阿😱😱😱
[2026-02-22 01:27:16] 1194405852: 哎，那只蜘蛛之前采访说过是刘亦博粉丝……😔😔
[2026-02-22 01:27:16] 还有时间日落之前: 哎，那只蜘蛛之前采访说过是刘亦博粉丝……😔😔
[2026-02-22 01:27:17] 玩机器的乃个会刘能: 出龙鳞2acemini了？
[2026-02-22 01:27:17] 乌鸦晒不黑: 哎，那只蜘蛛之前采访说过是刘亦博粉丝……😔😔
[2026-02-22 01:27:17] 温柔皮皮想吃屁屁: 怎么一直＋1过快？玩÷你搞什么玩意儿？
[2026-02-22 01:27:17] 黑化的玩小将: 你可以编，载载就不能编？
[2026-02-22 01:27:17] 柚子厨0721: 哎，那只蜘蛛之前采访说过是刘亦博粉丝……😔😔
[2026-02-22 01:27:17] 每天都被穷醒: 语气对了
[2026-02-22 01:27:18] Bmct蛋蛋: 5-15谁带的老板
[2026-02-22 01:27:18] fpx丶: 布罗利某站uid6512408，首页就是照片
[2026-02-22 01:27:18] 很心焦: 哎，那只蜘蛛之前采访说过是刘亦博粉丝……😔😔
[2026-02-22 01:27:18] 刘刘的农: @房管布罗利：权力只对他的来源负责，玩大哥怎么说我不管
[2026-02-22 01:27:18] 草莓冰酪: 哎，那只蜘蛛之前采访说过是刘亦博粉丝……😔😔
[2026-02-22 01:27:18] erickobe: 哎，那只蜘蛛之前采访说过是刘亦博粉丝……😔😔
[2026-02-22 01:27:19] 好姐妹常陆茉子: 玩大哥 哥伦比亚那批货出掉了 接下来你会看到很多陌生id给你刷礼物 那是我买的
[2026-02-22 01:27:19] yinyao1231: 语气对了
[2026-02-22 01:27:19] 空中小楼、: 拿下
[2026-02-22 01:27:19] 玩机器的乃个会刘能: 出龙鳞2acemini了？
[2026-02-22 01:27:19] Tsume925: @房管布罗利，玩÷yygq你尼爹不敢封？封弹幕的🐂劲呢？😂
[2026-02-22 01:27:19] Faze的新岛真本人: 玩机器，你4B炸雷为什么要走长廊漏脚步？
[2026-02-22 01:27:20] 想和阿飞抹茶三披: 你是怎么从弹幕里找到讨论比赛的弹幕的呀，主播你的视力真好呀！👍👍👍
[2026-02-22 01:27:20] 宝贝芙宁娜: 这大东又在瞎指挥了
[2026-02-22 01:27:20] 温柔皮皮想吃屁屁: 怎么一直＋1过快？玩÷你搞什么玩意儿？
[2026-02-22 01:27:20] 起个隆咚呛咚呛: 感觉A队还是踢晚了
[2026-02-22 01:27:20] desuwa的丰川祥子本人: @HooXi：Rain我教你，你就一直发狙发英雄ak给Dev1ce，发到他都受不了自己有多菜就退队了
[2026-02-22 01:27:20] 黑化的玩小将: 你可以编，载载就不能编？
[2026-02-22 01:27:20] MaakiseKurisu: 私人
[2026-02-22 01:27:21] 艺术冰霜: 哎，那只蜘蛛之前采访说过是刘亦博粉丝……😔😔
[2026-02-22 01:27:21] Subto: [CS2更新]裹尸袋100$（点击购买）
[2026-02-22 01:27:21] 玩斯特机机: 不考
[2026-02-22 01:27:21] 翟先生zxq: 鼠出
[2026-02-22 01:27:21] LvvsiN: @阿汤日记：一个人，5发子弹，保住格陵兰岛。我不会叫它不可能完成的任务，我现在只想先回家看亦博
[2026-02-22 01:27:21] Mouz的X9本人: 哎，那只蜘蛛之前采访说过是刘亦博粉丝……😔😔
[2026-02-22 01:27:22] 牧瀨紅莉栖awa: 🐝：🕷️没了，我来蜇死你这只🐖
[2026-02-22 01:27:22] 玩机器的乃个会刘能: 出龙鳞2acemini了？
[2026-02-22 01:27:22] pangtouyularry: 登山
[2026-02-22 01:27:22] 硫氦氧丶: 怎么有人5-15啊 是人吗
[2026-02-22 01:27:22] sakula家乡的坤桑开了: 5-15 不如托子😇
[2026-02-22 01:27:22] 愿良辰美景: 你到底在和谁说话，我看你房间也没人阿😱😱😱
[2026-02-22 01:27:23] Arctic1890: 5-15
[2026-02-22 01:27:23] 大裂谷的登山家: 哎，那只蜘蛛之前采访说过是刘亦博粉丝……😔😔
[2026-02-22 01:27:23] 玩斯特出出6657: 哎，那只蜘蛛之前采访说过是刘亦博粉丝……😔😔
[2026-02-22 01:27:23] 最后波纹: @HooXi：Rain我教你，你就一直发狙发英雄ak给Dev1ce，发到他都受不了自己有多菜就退队了
[2026-02-22 01:27:23] LvvsiN: 你这音画不同步太难受了，我都听到NIKO里约RMR晋级的欢呼了
[2026-02-22 01:27:24] 愿逐月华流照君_: 怎么感觉大东还有油啊，要不去faze吧
[2026-02-22 01:27:24] gandalfr614: 88888888888888888888
[2026-02-22 01:27:24] 夜里喝咖啡: 哎，那只蜘蛛之前采访说过是刘亦博粉丝……😔😔
[2026-02-22 01:27:24] 爱斯忑音音: 急了
[2026-02-22 01:27:24] 玩机器的乃个会刘能: 出龙鳞2acemini了？
[2026-02-22 01:27:24] Scar化伪伤痕: 语气对了
[2026-02-22 01:27:24] 想和阿飞抹茶三披: 你是怎么从弹幕里找到讨论比赛的弹幕的呀，主播你的视力真好呀！👍👍👍
[2026-02-22 01:27:25] 用户46659809: @房管布罗利，玩÷yygq你尼爹不敢封？封弹幕的🐂劲呢？😂
[2026-02-22 01:27:25] RyeHS: 急了
[2026-02-22 01:27:25] 一缕清风为誰现: 布罗利某站uid6512408，首页就是照片
[2026-02-22 01:27:25] 可怜的怕怕: 88888888888888888888
[2026-02-22 01:27:25] Jira1ya0: 5-15的防守大师
[2026-02-22 01:27:25] 歌谷爱墨迹: 语气对了
[2026-02-22 01:27:25] 正经猪头肉: 语气不对了
[2026-02-22 01:27:25] 黑化的玩小将: 你可以编，载载就不能编？
[2026-02-22 01:27:25] 最爱的马卡龙: 布罗利某站uid6512408，首页就是照片
[2026-02-22 01:27:25] 北宇治拳王久石奏: 再见了👋刘大农
[2026-02-22 01:27:26] 渡亡神雅睿欧斯: 不孝
[2026-02-22 01:27:26] 才不吃素食: 老汤倒了
[2026-02-22 01:27:26] 晞圣莱恩: 你到底在和谁说话，我看你房间也没人阿😱😱😱
[2026-02-22 01:27:26] 雨尽打伞人092: 还看完吧
[2026-02-22 01:27:26] gogolz: 看视频吧
[2026-02-22 01:27:27] 刘刘的农: 可以和布罗利学一下说话的语调，别总是一脸懵逼
[2026-02-22 01:27:27] 玩机器的乃个会刘能: 出龙鳞2acemini了？
[2026-02-22 01:27:27] 哈机器好胖好可爱: 急
[2026-02-22 01:27:27] 石家庄特色猪油火锅: 不考
[2026-02-22 01:27:27] 时雨晴生: 看
[2026-02-22 01:27:27] pigff的诱饵弹: 不孝
[2026-02-22 01:27:28] 里予禾中猴王雷冖: S1REN＞SIRAH
[2026-02-22 01:27:28] SaberMax丶: 语气不对了
[2026-02-22 01:27:28] 用户3661578: 急
[2026-02-22 01:27:28] 用户6241069770: 哎，那只蜘蛛之前采访说过是刘亦博粉丝……😔😔
[2026-02-22 01:27:28] 牢大与小布丁: @房管布罗利，玩÷yygq你尼爹不敢封？封弹幕的🐂劲呢？😂
[2026-02-22 01:27:28] 专看玩机器的号: 炼金
[2026-02-22 01:27:28] MaakiseKurisu: 看神秘园
[2026-02-22 01:27:29] yattt777: 不孝
[2026-02-22 01:27:29] 土御门静雄: 88888888888888888888
[2026-02-22 01:27:29] 用户1364543122: major mvp（5-15）
[2026-02-22 01:27:29] 若叶睦吃苦瓜: 急了
[2026-02-22 01:27:29] 玩机器的乃个会刘能: 出龙鳞2acemini了？
[2026-02-22 01:27:29] 吃饱了就想遛鸟: 你还存有希望啊？？？？
[2026-02-22 01:27:29] 水球碳酸饮料: 语气对了
[2026-02-22 01:27:30] 枫丹最美芙宁娜: 布罗利某站uid6512408，首页就是照片
[2026-02-22 01:27:30] mujica的长崎素世本人: 不考
[2026-02-22 01:27:30] jamesfaith23: 出龙鳞2acemini了？
[2026-02-22 01:27:30] 正经猪头肉: 洗把脸呗
[2026-02-22 01:27:30] 用户1181920443: 不孝
[2026-02-22 01:27:30] 田中口三才: 语气不对了
[2026-02-22 01:27:30] 猫心碎会失去几条命: @房管布罗利，玩÷yygq你尼爹不敢封？封弹幕的🐂劲呢？😂
[2026-02-22 01:27:30] FiaoxP: 出龙鳞2acemini了？
[2026-02-22 01:27:30] 玖拾柒点伍个俯卧撑: 私人对决
[2026-02-22 01:27:31] weapon丶X: 语气对了
[2026-02-22 01:27:31] 舞台剧魔神长期术士: 🖐👽✋🔮你已急哭 🖐👽🔮🖐你已急哭 🖐👽🖐🔮你已急哭 🖐👽🖐🔮你已急哭
[2026-02-22 01:27:31] 愿良辰美景: 语气对了
[2026-02-22 01:27:31] 含泪办卡: 来一炉
[2026-02-22 01:27:31] 恩格尼斯也: 哎，那只蜘蛛之前采访说过是刘亦博粉丝……😔😔
[2026-02-22 01:27:31] 呆妹儿的姑父: 有人不知悔改，迷雾中混淆黑白
[2026-02-22 01:27:31] 我没P眼123: 数据你都没看呢
[2026-02-22 01:27:32] 玩机器的乃个会刘能: 出龙鳞2acemini了？
[2026-02-22 01:27:32] 木林森969585: 哎，那只蜘蛛之前采访说过是刘亦博粉丝……😔😔
[2026-02-22 01:27:32] 可达鸭不会游泳: 登山了
[2026-02-22 01:27:32] Malik3th: 你已急哭
[2026-02-22 01:27:32] roya1n0thiNg: 你是怎么从弹幕里找到讨论比赛的弹幕的呀，主播你的视力真好呀！👍👍👍
[2026-02-22 01:27:32] 没有人情味的治治360: 马上输了你别急
[2026-02-22 01:27:32] 滑滑梯: 语气不对了
[2026-02-22 01:27:32] 冲上云霄的姨: @nota：我回来了，我就没走@niko 无奈的开枪
[2026-02-22 01:27:32] 刘刘的农: @房管布罗利，玩÷yygq你尼爹不敢封？封弹幕的🐂劲呢？😂
[2026-02-22 01:27:32] 玩斯特机机: 语气对了
[2026-02-22 01:27:32] 信狐神: 看视频吧
[2026-02-22 01:27:32] 乌鸦晒不黑: 感觉A队还是踢晚了
[2026-02-22 01:27:33] 月夜星空墨染青城: 急了
[2026-02-22 01:27:33] 草莓冰酪: 那你登山呗
[2026-02-22 01:27:33] 用户2772835359: 不孝
[2026-02-22 01:27:33] Evelexl: 🐝：🕷️没了，我来蜇死你这只🐖
[2026-02-22 01:27:33] 善口英雄hjk: 看完啊
[2026-02-22 01:27:33] 丰III祥子: 谁TM想看😅
[2026-02-22 01:27:34] 诺克提斯a: 兄弟们我感觉我今天状态不是很好啊，我今天状态非常不好啊，我感觉我应该，唉，我要不，我去调整一下心情吧
[2026-02-22 01:27:34] 好哥们黑龙歼灭刀: 布罗利某站uid6512408，首页就是照片
[2026-02-22 01:27:34] 雾满楼丶春雨添瓦绿: 气氛对了，允许登山
[2026-02-22 01:27:34] 2332lla: 被弹幕搞急了
[2026-02-22 01:27:34] aaaaaagod: 语气不对了语气不对了语气不对了
[2026-02-22 01:27:34] 愿良辰美景: 看神秘园
[2026-02-22 01:27:35] 杰洛齐贝林3: 自从dev1ce淘汰他就这样了，比赛解说有气无力的，时不时自言自语聊些和比赛无关的话题
[2026-02-22 01:27:35] 迪奥雷: 6-15
[2026-02-22 01:27:35] A队不吃晃的小祥本人: 孝
[2026-02-22 01:27:35] 水球碳酸饮料: 语气对了
[2026-02-22 01:27:35] Ralmnstr: 马上输了你别急
[2026-02-22 01:27:35] 空对月: 不如登山
[2026-02-22 01:27:36] bzhanshenshi: 语气对了
[2026-02-22 01:27:36] Aysell: 你是怎么从弹幕里找到讨论比赛的弹幕的呀，主播你的视力真好呀！👍👍
[2026-02-22 01:27:36] 叛逆的源源李: 登吧，别委屈自己了。
[2026-02-22 01:27:36] 蝤蛴: 不考
[2026-02-22 01:27:36] 玩斯特机机: 321登山
[2026-02-22 01:27:36] yinyao1231: 考
[2026-02-22 01:27:36] Hakurei-Re1mu: 考
[2026-02-22 01:27:36] 秋茶小雪: 孝
[2026-02-22 01:27:36] 没有黑幕孙一峰: 图四干回来
[2026-02-22 01:27:37] 温柔是罪是罪吗: 你已急哭
[2026-02-22 01:27:37] RyeHS: 孝
[2026-02-22 01:27:37] 静寂风: 考
[2026-02-22 01:27:37] 好姐妹五更琉璃喵: 考
[2026-02-22 01:27:38] 子落楸枰43103: 语气不对了
[2026-02-22 01:27:38] djklyk: 不孝
[2026-02-22 01:27:38] 最后波纹: @HooXi：Rain我教你，你就一直发狙发英雄ak给Dev1ce，发到他都受不了自己有多菜就退队了
[2026-02-22 01:27:38] 玩机器的乃个会刘能: 出龙鳞2acemini了？
[2026-02-22 01:27:38] 喉宝Eilf: 玩神别吃我
[2026-02-22 01:27:38] 可苦可乐GRA: 又想看了
[2026-02-22 01:27:38] 內誰誰: 不喜欢cs了
[2026-02-22 01:27:38] 玩斯特机机: 孝
[2026-02-22 01:27:38] 特种酱油: 变脸
[2026-02-22 01:27:39] 翟先生zxq: 考
[2026-02-22 01:27:39] DACL687: 尸尸亥亥jor冠军🏆🏆🏆
[2026-02-22 01:27:39] 玩斯特出出6657: 全球首杀
[2026-02-22 01:27:39] 青蘖: 今天的重点（6-15）🤣
[2026-02-22 01:27:39] 约渊: 考
[2026-02-22 01:27:39] 感到快乐你就开开箱: 队里有个6-15的狙击手确实很难赢
[2026-02-22 01:27:39] 可怜的怕怕: 考
[2026-02-22 01:27:39] 好的好的阖家: 再见了玩父
[2026-02-22 01:27:39] YCSUN1017: 哮
[2026-02-22 01:27:39] 用户1424229214: 孝
[2026-02-22 01:27:39] 用户3661578: 😅
[2026-02-22 01:27:40] 水球碳酸饮料: 孝
[2026-02-22 01:27:40] 冰棍晓夜: 都被踢到三线队了还看个啥
[2026-02-22 01:27:40] Aleksumimi: 你洗把脸吧
[2026-02-22 01:27:40] 可軒KXxXxXxX: 孝
[2026-02-22 01:27:41] 刘刘的农: @房管布罗利，玩÷yygq你尼爹不敢封？封弹幕的🐂劲呢？😂：@房管布罗利，玩÷yygq你尼爹不敢
[2026-02-22 01:27:41] 龙炎执一: 应该是没有bc厉害
[2026-02-22 01:27:41] 共我放心探戈gwfxtg: 考
[2026-02-22 01:27:41] jamesfaith23: 考
[2026-02-22 01:27:41] C9的achine6658本人: 准备开登山了
[2026-02-22 01:27:42] LvvsiN: 弹幕也就网上说说，现实里谁不觉得樱姐是好女孩（删括号领一条远坂凛同款鸟笼）
[2026-02-22 01:27:42] 天陨星玄: 变脸
[2026-02-22 01:27:42] cyding16: 登山咯
[2026-02-22 01:27:42] luxury-dog: 考
[2026-02-22 01:27:43] 喜拉乃: 考
[2026-02-22 01:27:43] 热带雨林丶为爱鼓掌: 语气对了
[2026-02-22 01:27:43] 金刚金刚最可爱: 语气不对了
[2026-02-22 01:27:43] mujica的长崎素世本人: 还看视频吗
[2026-02-22 01:27:43] 无敌香蕉菠萝: 孝
[2026-02-22 01:27:43] 阿西诺是也: 变脸
[2026-02-22 01:27:43] 可苦可乐GRA: 又想看了
[2026-02-22 01:27:43] 爱吃青椒的重曹酱: 孔子东游，见两小孩辩尸
[2026-02-22 01:27:43] Lack13: 变脸
[2026-02-22 01:27:43] chordclef: 变脸
[2026-02-22 01:27:43] 青蘖: 今天的重点（6-15）🤣
[2026-02-22 01:27:44] LvvsiN: 弹幕也就网上说说，现实里谁不觉得樱姐是好女孩（删括号领一条远坂凛同款鸟笼）
[2026-02-22 01:27:44] gandalfr614: 考
[2026-02-22 01:27:44] 好哥们宇智波鼬: 孝
[2026-02-22 01:27:44] 烎摩尔托市: 考
[2026-02-22 01:27:44] 温柔是罪是罪吗: 又想看了
[2026-02-22 01:27:44] 想有心的机器人: 最后一分了看完最后一眼吧
[2026-02-22 01:27:44] desuwa的丰川祥子本人: 孝
[2026-02-22 01:27:44] 长不长的呆毛: 锻刀
[2026-02-22 01:27:44] 牧瀨紅莉栖awa: 🐝：🕷️没了，我来蜇死你这只🐖
[2026-02-22 01:27:44] Nikolofmeister: 明示孝老汤礼物太少了
[2026-02-22 01:27:45] 本质软糯Sakiko: 玩标子
[2026-02-22 01:27:45] 哈机器好胖好可爱: 刻晴
[2026-02-22 01:27:45] 槑皆是遗憾: 变脸
[2026-02-22 01:27:45] MERU335251: 孝
[2026-02-22 01:27:46] richardlee97: 尸尸亥亥jor冠军🏆🏆🏆
[2026-02-22 01:27:46] 桂林米粉比较好吃: 看双面人巨好看
[2026-02-22 01:27:46] cherish丶chY: 老汤杀了一个又敢看了？
[2026-02-22 01:27:46] 可苦可乐GRA: 又想看了
[2026-02-22 01:27:46] pigff的诱饵弹: 孝
[2026-02-22 01:27:46] 爱斯忑音音: 孝
[2026-02-22 01:27:46] 2635174919: 玩机器指挥玩父6-15
[2026-02-22 01:27:46] 夺云丶: 以后别叫尼尼了，叫匕匕吧，尸都被扁没了这—块
[2026-02-22 01:27:46] 刘刘的农: @房管布罗利，玩÷yygq你尼爹不敢封？封弹幕的🐂劲呢？😂：@房管布罗利，玩÷yygq你尼爹不敢
[2026-02-22 01:27:47] 固固固固固: 主播真是讨好型吗，我看是自适应防御啊
[2026-02-22 01:27:47] RoseIia的凑友希那本人: 看《颂乐人偶》后6集
[2026-02-22 01:27:47] z泽村英梨梨i: @房管布罗利，玩÷yygq你尼爹不敢封？封弹幕的🐂劲呢？😂
[2026-02-22 01:27:47] 好姐妹稗田阿求: @房管布罗利，玩÷yygq你尼爹不敢封？封弹幕的🐂劲呢？😂：@房管布罗利，玩÷yygq你尼爹不敢
[2026-02-22 01:27:47] 流光似水321: 突孝
[2026-02-22 01:27:47] 用户0715022066: 可以和布罗利学一下说话的语调，别总是一脸懵逼
[2026-02-22 01:27:47] 无敌都一定会的: 又想看了
[2026-02-22 01:27:48] 2332lla: 那你甩脸色呗
[2026-02-22 01:27:48] 圣诞节二人组: 😲喔老汤牛啊（6-13）
[2026-02-22 01:27:48] 3A版点线面: 不看就滚，看的也滚，播的也滚，都滚！
[2026-02-22 01:27:48] 牢大与小布丁: @房管布罗利，玩÷yygq你尼爹不敢封？封弹幕的🐂劲呢？😂
[2026-02-22 01:27:48] 可苦可乐GRA: 又想看了
[2026-02-22 01:27:48] 伦敦千早爱: 语气不对了，不想看了
[2026-02-22 01:27:49] 土御门静雄: 老
[2026-02-22 01:27:49] 猫心碎会失去几条命: 载圣圣在证明了玩÷÷🤣
[2026-02-22 01:27:49] aaaaaagod: 允许登山允许登山允许登山允许登山
[2026-02-22 01:27:49] 迷你世界丁真学姐1: 恨
[2026-02-22 01:27:50] 青蘖: 今天的重点（6-15）🤣
[2026-02-22 01:27:50] Crim1n4l: 考
[2026-02-22 01:27:50] BUG丶Cone: 这是一个回马考
[2026-02-22 01:27:50] 玩出还我钻石币: 孝
[2026-02-22 01:27:51] aiejdj: 素晴らし
[2026-02-22 01:27:51] 个体: 唔在哪
[2026-02-22 01:27:51] 两只猫突然: @Hooxi：错怪老汤了，他原来不是故意坑我们，他	去别的队也这么菜….
[2026-02-22 01:27:51] 玩设备丶dev1ce: 去调整一下心情吧
[2026-02-22 01:27:51] 可苦可乐GRA: 又想看了
[2026-02-22 01:27:52] 牧瀨紅莉栖awa: kao
[2026-02-22 01:27:52] 若叶睦吃苦瓜: 我感觉你今天状态不是很好啊，你今天状态非常不好啊，我感觉你应该，唉，你要不，你去调整一下心情吧
[2026-02-22 01:27:52] 華之君: 你变脸不扣豆啊？
[2026-02-22 01:27:53] 昙花终难相遇: @房管布罗利，玩÷yygq你尼爹不敢封？封弹幕的🐂劲呢？😂：@房管布罗利，玩÷yygq你尼爹不敢
[2026-02-22 01:27:54] 好姐妹五更琉璃喵: 考与不考
[2026-02-22 01:27:54] 樱落鬼: 你搞的谁想看一样 你搞的谁想看一样 你搞的谁想看一样
[2026-02-22 01:27:54] LvvsiN: 玩宝宝，我发现在大学上学的时候肄业会很舒服，你可以试试
[2026-02-22 01:27:54] 姓黄小名肥仔: @NiKo：强者就该挥刀向更强者😡话说完就一刀挥向nota尸体😋
[2026-02-22 01:27:54] 呆妹儿的姑父: 有人不知悔改，迷雾中混淆黑白
[2026-02-22 01:27:54] 无7441158: @房管布罗利，玩÷yygq你尼爹不敢封？封弹幕的🐂劲呢？😂
[2026-02-22 01:27:54] 用户1424229214: 看双面人巨好看
[2026-02-22 01:27:54] 鸭硕的哈撒给: 载圣圣在证明了玩÷÷🤣
[2026-02-22 01:27:54] 玩出还我钻石币: 考
[2026-02-22 01:27:55] 冲上云霄的姨: @房管布罗利，玩÷yygq你尼爹不敢封？封弹幕的🐂劲呢？😂：@房管布罗利，玩÷yygq你尼爹不敢
[2026-02-22 01:27:55] 爱吃蛋白的魂淡: 吃点吃点东西...喔 老汤！
[2026-02-22 01:27:55] 草莓冰酪: 有本事你今年登山呗 你来了一定有人骂你 自己选的
[2026-02-22 01:27:55] Mam1ka: 感觉还是踢完了啊
[2026-02-22 01:27:55] 石家庄的刘亦博本人: 以后别叫尼尼了，叫匕匕吧，尸都被扁没了这—块
[2026-02-22 01:27:56] 可苦可乐GRA: 又想看了
[2026-02-22 01:27:56] 好姐妹常陆茉子: 拉希德来了👳🏽‍♂️🌪🌪🌪🌪🌪🌪🌪🌪🌪🌪️
[2026-02-22 01:27:56] Sirius丶BIack: 你在吃什么， 看着像刚刚的蜘蛛啊
[2026-02-22 01:27:56] LvvsiN: 弹幕也就网上说说，现实里谁不觉得樱姐是好女孩（删括号领一条远坂凛同款鸟笼）
[2026-02-22 01:27:56] 內誰誰: 不喜欢cs了
[2026-02-22 01:27:56] 爱洛魔神仙台叶月: 弹幕太哈人了😰玩乐队的姐姐们呢
[2026-02-22 01:27:56] 压缩vs蛮晚: @Hooxi：错怪老汤了，他原来不是故意坑我们，他 去别的队也这么菜….：
[2026-02-22 01:27:56] 爱吃青椒的重曹酱: 5-15
[2026-02-22 01:27:57] 呆妹儿的姑父: 有人不知悔改，迷雾中混淆黑白
[2026-02-22 01:27:57] 求奶我考不上中大CS: 黏住
[2026-02-22 01:27:58] LvvsiN: 你为什么要把mαjor禁了，我收藏的一半弹幕全毁了
[2026-02-22 01:27:58] 冲上云霄的姨: @房管布罗利，玩÷yygq你尼爹不敢封？封弹幕的🐂劲呢？😂
[2026-02-22 01:27:58] djklyk: 回马孝
[2026-02-22 01:27:58] 一把破扫帚: 看着6-15的主狙，不主动输的更快
[2026-02-22 01:27:58] ve回忆若然尘埃: 回马孝
[2026-02-22 01:27:59] 殷月6531: 牛啊老汤（6-15）
[2026-02-22 01:27:59] 空中小楼、: 赖着不死
[2026-02-22 01:27:59] XbOvO: 看视频去呗
[2026-02-22 01:27:59] 呆妹儿的姑父: 有人不知悔改，迷雾中混淆黑白
[2026-02-22 01:27:59] 刘刘的农: @房管布罗利，玩÷yygq你尼爹不敢封？封弹幕的🐂劲呢？😂：@房管布罗利，玩÷yygq你尼爹不敢
[2026-02-22 01:28:00] 曲奇三梦: 加了
[2026-02-22 01:28:00] 好姐妹稗田阿求: @房管布罗利，玩÷yygq你尼爹不敢封？封弹幕的🐂劲呢？😂：@房管布罗利，玩÷yygq你尼爹不敢
[2026-02-22 01:28:00] LvvsiN: 弹幕也就网上说说，现实里谁不觉得樱姐是好女孩（删括号领一条远坂凛同款鸟笼）
[2026-02-22 01:28:00] Aysell: 这是什么语气  太不自然了
[2026-02-22 01:28:00] takakiyo: 玩的父好菜...
[2026-02-22 01:28:00] 大裂谷的登山家: @Hooxi：错怪老汤了，他原来不是故意坑我们，他 去别的队也这么菜….
[2026-02-22 01:28:00] 牧瀨紅莉栖awa: @房管布罗利，玩÷yygq你尼爹不敢封？封弹幕的🐂劲呢？😂
[2026-02-22 01:28:00] 岛田王师傅: @房管布罗利，玩÷yygq你尼爹不敢封？封弹幕的🐂劲呢？😂
[2026-02-22 01:28:01] bouksztl: 突孝突孝突孝突孝突孝突孝
[2026-02-22 01:28:01] R组的中岛由贵本人: @NiKo：强者就该挥刀向更强者😡话说完就一刀挥向nota尸体😋
[2026-02-22 01:28:02] sarbest: 😲喔老汤牛啊（6-13）
[2026-02-22 01:28:02] duoduofeizhuzi: @房管布罗利，玩÷yygq你尼爹不敢封？封弹幕的🐂劲呢？😂
[2026-02-22 01:28:02] LvvsiN: 南孚一节更比六节强，也就是一节南孚比六节南孚强，六节南孚比三十六节强，三十六节比二百一十六节强
[2026-02-22 01:28:02] 搞笑男西德尼: 载圣圣在证明了玩÷÷🤣
[2026-02-22 01:28:02] 最后波纹: @HooXi：Rain我教你，你就一直发狙发英雄ak给Dev1ce，发到他都受不了自己有多菜就退队了
[2026-02-22 01:28:02] 百转千回绕钓瓶: 看玩机器对扁石态度对比
[2026-02-22 01:28:02] 爱吃青椒的重曹酱: 难怪被t了，菜b
[2026-02-22 01:28:02] xEnk1du: 牛啊（6-15）
[2026-02-22 01:28:03] 麦爹你遭吗: @房管布罗利，玩÷yygq你尼爹不敢封？封弹幕的🐂劲呢？😂
[2026-02-22 01:28:03] 海绵宝宝小能儿: 玩神这弹幕我真看不下去了，反正决赛也没猎鹰了，登山吧。
[2026-02-22 01:28:03] 最爱的马卡龙: @房管布罗利，玩÷yygq你尼爹不敢封？封弹幕的🐂劲呢？😂
[2026-02-22 01:28:03] 红魔馆的蕾米莉亚本人: NiKo（👀12-6❓❗）🦐腿开始发抖o（（⊙﹏⊙)）o
[2026-02-22 01:28:03] Ezio丶zH: 考
[2026-02-22 01:28:03] 玩乐奈、puxxi: 感觉A队踢对人了啊🤔
[2026-02-22 01:28:03] 寒枫曳是一头傲空的隼: @🚽：来嘛拉嘛
[2026-02-22 01:28:04] Mouz的X9本人: 刘已鸵！刘已鸵！刘已鸵！刘已鸵！
[2026-02-22 01:28:04] LvvsiN: 你屏蔽词都快赶上新华词典了为什么不干脆开一百级发言？
[2026-02-22 01:28:05] 迪奥雷: 12-6
[2026-02-22 01:28:06] LvvsiN: 其实碗橱就是猪灵，你不拿黄金丢他他就不跟你说话
[2026-02-22 01:28:06] 拉特兰的Exus1a1本人: 玩➗并没有意识到，这将是老爸退役前最后一战
[2026-02-22 01:28:06] HostageKIA: 突然又喜欢cs了是吧
[2026-02-22 01:28:06] 好姐妹太卜司符玄: 牛啊老汤（6-15）
[2026-02-22 01:28:06] 宝贝芙宁娜: ？
[2026-02-22 01:28:07] 呆妹儿的姑父: 有人不知悔改，迷雾中混淆黑白
[2026-02-22 01:28:07] Aysell: @房管布罗利，玩÷yygq你尼爹不敢封？封弹幕的🐂劲呢？😂：@房管布罗利，玩÷yygq你尼爹不敢
[2026-02-22 01:28:07] 猫心碎会失去几条命: @布罗利：4️⃣8️⃣🈚️是理性讨论，喷我尼爷孩爹是过分发言，这点要封清楚
[2026-02-22 01:28:07] ayugd: 感谢玩神拿下载物的爹BV1HQe8zfE1z
[2026-02-22 01:28:08] Subto: 双标加变脸，玩神你做人可以的
[2026-02-22 01:28:08] Mouz的X9本人: 刘已鸵！刘已鸵！刘已鸵！刘已鸵！
[2026-02-22 01:28:08] 衣服Kaiju: 一会载大哥要承受什么，我不敢想
[2026-02-22 01:28:08] LvvsiN: 别解说了 多聊会天 你不会真的以为能输吧
[2026-02-22 01:28:08] 玩斯特机机: 慢
[2026-02-22 01:28:08] 寒枫曳是一头傲空的隼: 　　　 niko指挥的
[2026-02-22 01:28:09] 爱吃青椒的重曹酱: 还看完吧
[2026-02-22 01:28:09] 倾盆大rain: @🌊：本来蜘蛛防着不让蜜蜂进的，现在好了你给蜘蛛宫了谁拦住蜜蜂😅
[2026-02-22 01:28:09] 静寂风: ？
[2026-02-22 01:28:09] 大裂谷的登山家: @房管布罗利，玩÷yygq你尼爹不敢封？封弹幕的🐂劲呢？😂：@房管布罗利，玩÷yygq你尼爹不敢
[2026-02-22 01:28:10] 最后波纹: @HooXi：Rain我教你，你就一直发狙发英雄ak给Dev1ce，发到他都受不了自己有多菜就退队了
[2026-02-22 01:28:10] 洞主我想看吃鸡: @cadian：device在哪发财呢？☺️
[2026-02-22 01:28:10] 猫心碎会失去几条命: ㊽布罗利㊽布罗利㊽布罗利㊽布罗利㊽布罗利㊽布罗利㊽布罗利㊽布罗利㊽布罗利㊽布
[2026-02-22 01:28:10] G2邦硬401: ？
[2026-02-22 01:28:10] LvvsiN: @阿汤日记：一个人，5发子弹，保住格陵兰岛。我不会叫它不可能完成的任务，我现在只想先回家看亦博
[2026-02-22 01:28:10] 干锅湖南腊猪脸: 哈哈
[2026-02-22 01:28:10] 就爱吃辣咋的: 汤出
[2026-02-22 01:28:10] 二阶堂sh1ro没坑donk: 牛啊：6-16
[2026-02-22 01:28:10] valorant玩机器: ?
[2026-02-22 01:28:10] 暴力卓司: @Niko: 老玩还是没忍住哈哈，进行了一波友好互动
[2026-02-22 01:28:10] TheMongolZ的上单本人: @房管布罗利，玩÷yygq你尼爹不敢封？封弹幕的🐂劲呢？😂
[2026-02-22 01:28:11] 玩大狙、dev1cy: @房管布罗利，玩÷yygq你尼爹不敢封？封弹幕的🐂劲呢？😂
[2026-02-22 01:28:11] SideChannel: gggg
[2026-02-22 01:28:11] 秋茶小雪: 哈哈哈哈哈
[2026-02-22 01:28:12] duoduofeizhuzi: 兵败如山倒desuwa
[2026-02-22 01:28:12] 爱斯忑音音: 区
[2026-02-22 01:28:12] 鹿公爷: 手撕
[2026-02-22 01:28:12] 四眼呆猫xx: 慢
[2026-02-22 01:28:12] 玩斯特出出6657: 一脚
[2026-02-22 01:28:12] 石家庄的刘亦博本人: 一脚踢死
[2026-02-22 01:28:12] LvvsiN: 你屏蔽词都快赶上新华词典了为什么不干脆开一百级发言？
[2026-02-22 01:28:12] Saiki559: 哈哈哈
[2026-02-22 01:28:12] 欧阳oyyo: 小蜜蜂要遭难了，玩机器被弹幕串了一整晚……
[2026-02-22 01:28:13] 雨尽打伞人092: 慢
[2026-02-22 01:28:13] 红魔馆的蕾米莉亚本人: ？
[2026-02-22 01:28:13] 玩刘农device: 一脚
[2026-02-22 01:28:13] yinyao1231: 批汤
[2026-02-22 01:28:13] 刘刘的农: @房管布罗利，玩÷yygq你尼爹不敢封？封弹幕的🐂劲呢？😂：@房管布罗利，玩÷yygq你尼爹不敢
[2026-02-22 01:28:13] BleksiA: 路边
[2026-02-22 01:28:14] Tao7Ge: gg
[2026-02-22 01:28:14] 薯薯在孩孩洞洞刘农: 睡眠
[2026-02-22 01:28:14] Killajoy: 一脚踢死
[2026-02-22 01:28:14] HCS118: 一脚
[2026-02-22 01:28:14] 专看玩机器的号: gg
[2026-02-22 01:28:14] dark1337: 哈哈哈哈
[2026-02-22 01:28:14] LvvsiN: 你为什么要把mαjor禁了，我收藏的一半弹幕全毁了
[2026-02-22 01:28:14] znnoy: 你们千万别搜索uid6512408举报房管布罗利啊
[2026-02-22 01:28:14] 足音: 手撕
[2026-02-22 01:28:14] 咕噜凌波: 哈哈哈哈哈哈哈哈
[2026-02-22 01:28:14] Milkshakechs: 睡着了
[2026-02-22 01:28:14] Mouz的X9本人: 刘已鸵！刘已鸵！刘已鸵！刘已鸵！
[2026-02-22 01:28:14] 法尔孔的陈千语本人: ？
[2026-02-22 01:28:14] 可軒KXxXxXxX: 闹麻了
[2026-02-22 01:28:15] 天守阁信长: 一会载大哥要承受什么，我不敢想
[2026-02-22 01:28:15] 休水村武状元房石阳明: 一脚
[2026-02-22 01:28:15] gogolz: 真没办法
[2026-02-22 01:28:15] 凌晨的梦很美: 没反应的
[2026-02-22 01:28:15] 越南天团HKT: 手撕
[2026-02-22 01:28:15] 宫监手放监: 慢
[2026-02-22 01:28:15] 爱吃青椒的重曹酱: 孔子东游，见两小孩辩尸
[2026-02-22 01:28:16] 玩斯特机机: 一脚
[2026-02-22 01:28:16] 大聪明QvQ丶: 老霸道了‼️‼️‼️‼️‼️‼️‼️‼️‼️‼️‼️
[2026-02-22 01:28:16] 玩魔丸丶猛锤: 一脚踢死
[2026-02-22 01:28:16] arimrs: fw
[2026-02-22 01:28:16] 新一啊233: ？
[2026-02-22 01:28:17] SuperSword81317: 牛啊
[2026-02-22 01:28:17] 唯有、责任: 处刑😆处刑🤣处刑😄处刑😅处刑😋处刑🤪处刑😝处刑🤗处刑🤭
[2026-02-22 01:28:17] wristuuio: 汤出
[2026-02-22 01:28:17] 好姐妹乐奈: 不吃晃
[2026-02-22 01:28:17] 小蜜蜂的长期素食本人: 两条区
[2026-02-22 01:28:17] 好姐妹阿尔图图罗: 看懂了
[2026-02-22 01:28:17] 2442861055: 一脚踢飞了
[2026-02-22 01:28:17] RinKa凛花: 老爸被盗了
[2026-02-22 01:28:17] 普信且开摆: 刘农
[2026-02-22 01:28:17] 草莓冰酪: 睡着了
[2026-02-22 01:28:17] 玩机器厦面鄙骰大: 睡着了？
[2026-02-22 01:28:18] 身旁冷清拥挤丶: 慢
[2026-02-22 01:28:18] jamesfaith23: ？
[2026-02-22 01:28:18] 丰III祥子: 顺手的事
[2026-02-22 01:28:18] 淡色阳炎: @cadian：device在哪发财呢？☺️
[2026-02-22 01:28:18] znnoy: 你们千万别搜索uid6512408举报房管布罗利啊
[2026-02-22 01:28:18] 暴力卓司: @Niko: 老玩还是没忍住哈哈，进行了一波友好互动
[2026-02-22 01:28:18] 玩契机、chance: 刘农
[2026-02-22 01:28:19] Oxealiz: @房管布罗利，玩÷yygq你尼爹不敢封？封弹幕的🐂劲呢？😂：@房管布罗利，玩÷yygq你尼爹不敢
[2026-02-22 01:28:19] legislative: 哈哈哈哈
[2026-02-22 01:28:19] 杰洛齐贝林3: 兵败如山倒
[2026-02-22 01:28:19] 冉子有阿i: 一脚踢死
[2026-02-22 01:28:19] 玩出还我钻石币: 一脚
[2026-02-22 01:28:19] Eirir: 睡着了？
[2026-02-22 01:28:19] 素6666: 哈哈哈哈
[2026-02-22 01:28:19] 哔哔哔的浮光: 到底谁在尊敬7-16
[2026-02-22 01:28:20] 海绵宝宝小能儿: 玩神这弹幕我真看不下去了，反正决赛也没猎鹰了，登山吧。
[2026-02-22 01:28:20] 伱給我站住: 老汤🐮啊（7-16）
[2026-02-22 01:28:20] dk丶老师: 睡着了
[2026-02-22 01:28:20] 流光似水321: 流脓是这样的
[2026-02-22 01:28:20] vgcyt: @cadian：device在哪发财呢？☺️
[2026-02-22 01:28:20] Mouz的X9本人: 刘已鸵！刘已鸵！刘已鸵！刘已鸵！
[2026-02-22 01:28:21] 最后波纹: @HooXi：Rain我教你，你就一直发狙发英雄ak给Dev1ce，发到他都受不了自己有多菜就退队了
[2026-02-22 01:28:21] 空对月: ACE了
[2026-02-22 01:28:21] 翟先生zxq: 3条区
[2026-02-22 01:28:21] 普通网友小沈: @Niko: 老玩还是没忍住哈哈，进行了一波友好互动
[2026-02-22 01:28:21] YCSUN1017: 语气对了
[2026-02-22 01:28:21] 温柔是罪是罪吗: 一脚踢死
[2026-02-22 01:28:22] 求奶我考不上中大CS: 孝
[2026-02-22 01:28:22] gandalfr614: 急
[2026-02-22 01:28:22] 玩机器厦面鄙骰大: 脓汤宝睡着了？？
[2026-02-22 01:28:22] 佛挡杀佛阿塞斯: 在架谁
[2026-02-22 01:28:22] 迪奥雷: 无效发挥
[2026-02-22 01:28:22] 玩斯特出出6657: gg
[2026-02-22 01:28:22] 叛逆的源源李: 现在是真不用看了
[2026-02-22 01:28:22] arimrs: 一脚踢死
[2026-02-22 01:28:22] 欧内的手丨好汉: 急
[2026-02-22 01:28:23] 香菜粉丝粉丝: 闹麻
[2026-02-22 01:28:23] pigff的诱饵弹: 完啦😋完啦😅完啦😁完啦😆完啦🤣完啦🤪完啦😍完啦🤗
[2026-02-22 01:28:23] 好哥们黑龙歼灭刀: @房管布罗利，玩÷yygq你尼爹不敢封？封弹幕的🐂劲呢？😂：@房管布罗利，玩÷yygq你尼爹不敢
[2026-02-22 01:28:23] 寒暑易节y: 经典被手撕
[2026-02-22 01:28:23] 叶樱梦: 手撕了
[2026-02-22 01:28:24] 哈机器好胖好可爱: 发挥在哪
[2026-02-22 01:28:24] LvvsiN: 其实碗橱就是猪灵，你不拿黄金丢他他就不跟你说话
[2026-02-22 01:28:24] 网友苏顺鱼: 你已疾苦
[2026-02-22 01:28:24] 刘刘的农: @房管布罗利，玩÷yygq你尼爹不敢封？封弹幕的🐂劲呢？😂：@房管布罗利，玩÷yygq你尼爹不敢
[2026-02-22 01:28:25] 我不可能叫划水: 难得
[2026-02-22 01:28:26] 铃木佳奈助: 发挥在哪
[2026-02-22 01:28:26] 雾满楼丶春雨添瓦绿: 老爸倒了
[2026-02-22 01:28:26] 好姐妹常陆茉子: ？
[2026-02-22 01:28:26] LvvsiN: 别解说了 多聊会天 你不会真的以为能输吧
[2026-02-22 01:28:26] 玩机器厦面鄙骰大: 脓汤宝睡着了？？脓汤宝睡着了？？脓汤宝睡着了？？
[2026-02-22 01:28:26] 木林森969585: 一脚踢死
[2026-02-22 01:28:27] takakiyo: 引导
[2026-02-22 01:28:27] 洞主我想看吃鸡: @cadian：device在哪发财呢？🤭
[2026-02-22 01:28:27] 珠珠团子: 难得发挥吗
[2026-02-22 01:28:27] 奖励自己一把卡尔: 发挥在哪 都睡着了 还发挥
[2026-02-22 01:28:28] 马加奇的哥哥马加绝: 卡神
[2026-02-22 01:28:28] 最爱的马卡龙: 布罗利某站uid6512408，首页就是照片
[2026-02-22 01:28:28] BASSGOAT牛込里美: 发挥在那
[2026-02-22 01:28:28] LYP2077: 发挥在哪
[2026-02-22 01:28:28] LvvsiN: 别解说了 多聊会天 你不会真的以为能输吧
[2026-02-22 01:28:29] 间桐樱本人: 热知识:玩机器解说猎鹰都没这场激动
[2026-02-22 01:28:29] 最后波纹: @HooXi：Rain我教你，你就一直发狙发英雄ak给Dev1ce，发到他都受不了自己有多菜就退队了
[2026-02-22 01:28:29] Aolite: 无效发挥
[2026-02-22 01:28:29] 爱吃青椒的重曹酱: 语气对了
[2026-02-22 01:28:29] 叫我神锋就好了: 那很难得了
[2026-02-22 01:28:29] cyding16: 普汤
[2026-02-22 01:28:29] 沙王5003刷新球跳水: @房管布罗利，玩÷yygq你尼爹不敢封？封弹幕的🐂劲呢？😂：@房管布罗利，玩÷yygq你尼爹不敢
[2026-02-22 01:28:30] HyperDespot: 一脚
[2026-02-22 01:28:30] LvvsiN: 别解说了 多聊会天 你不会真的以为能输吧
[2026-02-22 01:28:30] 不吃晃的狙击手: 💤
[2026-02-22 01:28:31] 绫濑沙季丶: 刚来，什么时候去外网远征niko老爹
[2026-02-22 01:28:31] xOcOg: 【格陵兰战报】目前大东指挥13回合，设备指挥5回合，大东指挥设备送16次，设备拿下关键击杀7个
[2026-02-22 01:28:31] 罗山路的光: 一脚
[2026-02-22 01:28:31] 吃烧烤得吃烤茄子: 艺术冰霜
[2026-02-22 01:28:32] R组的中岛由贵本人: ㊽布罗利㊽布罗利㊽布罗利㊽布罗利㊽布罗利㊽布罗利㊽布罗利㊽布罗利㊽布罗利㊽布
[2026-02-22 01:28:32] 这个字我不会念啊: 狙一个也叫发挥？
[2026-02-22 01:28:32] Aleksumimi: @房管布罗利，玩÷yygq你尼爹不敢封？封弹幕的🐂劲呢？😂：@房管布罗利，玩÷yygq你尼爹不敢
[2026-02-22 01:28:32] LvvsiN: 弹幕也就网上说说，现实里谁不觉得樱姐是好女孩（删括号领一条远坂凛同款鸟笼）
[2026-02-22 01:28:33] Oxealiz: 你们千万别搜索uid6512408举报房管布罗利啊
[2026-02-22 01:28:33] Ephemerality137: niko play
[2026-02-22 01:28:33] KujoJolyne: 发挥（架点狙一个简单枪）
[2026-02-22 01:28:33] 巨型鸡冠: 艺术冰霜什么造型
[2026-02-22 01:28:33] 7黑夜不再来: 布罗利某站uid6512408，首页就是照片
[2026-02-22 01:28:33] 石家庄的刘亦博本人: 狙一个也叫发挥吗
[2026-02-22 01:28:34] 涂涂没吃饱: 老爸倒了
[2026-02-22 01:28:34] 玩公式丶Formula: 好精彩的对枪
[2026-02-22 01:28:34] 砍死法老24: 发挥等于1杀
[2026-02-22 01:28:34] 虹薼: 17局难得发挥一把吗？这你也说的出口啊
[2026-02-22 01:28:34] 捂二哥: 让老汤脸上难看
[2026-02-22 01:28:34] LvvsiN: 男人一生只哭十八次：niko十七次梦碎major正赛, niko梦碎里约major RMR
[2026-02-22 01:28:34] 用户46659809: @布罗利：4️⃣8️⃣🈚️是理性讨论，喷我尼爷孩爹是过分发言，这点要封清楚
[2026-02-22 01:28:35] MounFloWer: 戴眼罩都把老汤秒了
[2026-02-22 01:28:35] 凉的鱼870: 决赛土豆炒青椒，有没有感觉
[2026-02-22 01:28:35] 绫濑沙季丶: 刚来，什么时候去外网远征niko老爹
[2026-02-22 01:28:35] 用户1424229214: niko play
[2026-02-22 01:28:35] 量子毁灭717: @donk：机器机器，你觉得我去PV好还是去猎鹰好啊？不行我去100T看看
[2026-02-22 01:28:35] 最后波纹: @HooXi：Rain我教你，你就一直发狙发英雄ak给Dev1ce，发到他都受不了自己有多菜就退队了
[2026-02-22 01:28:36] 风继续吹527: 你终于说了句实话，确实很难得，虽然你说的发挥是指杀了一个人
[2026-02-22 01:28:36] 淡然夏末的温存11: @HooXi：Rain我教你，你就一直发狙发英雄ak给Dev1ce，发到他都受不了自己有多菜就退队了
[2026-02-22 01:28:36] TES真爱粉灬: 老汤7=16？ 现在成指挥狙了啊？
[2026-02-22 01:28:36] 爱吃青椒的重曹酱: 语气不对了
[2026-02-22 01:28:36] SDSF004: 寄
[2026-02-22 01:28:36] LvvsiN: 其实碗橱就是猪灵，你不拿黄金丢他他就不跟你说话
[2026-02-22 01:28:36] 哦可喜欢我: 再见了汤老爸😫
[2026-02-22 01:28:36] 跳跃的司令官: 你们千万别搜索uid6512408举报房管布罗利啊
[2026-02-22 01:28:37] sarbest: 老爸倒了
[2026-02-22 01:28:37] 四四四四天: 别坑我老汤啊
[2026-02-22 01:28:37] 困惑地熊猫: 一脚
[2026-02-22 01:28:37] 烎摩尔托市: 一脚
[2026-02-22 01:28:37] arimrs: 狙一个也叫发挥吗
[2026-02-22 01:28:37] 涼風涼風涼: 科隆major没有老汤了
[2026-02-22 01:28:37] 玩机器你能不能闭嘴: 狙一个也叫发挥？
[2026-02-22 01:28:37] 好姐妹冰川姐妹: gg
[2026-02-22 01:28:38] 杰洛齐贝林3: 死  点
[2026-02-22 01:28:38] LvvsiN: 男人一生只哭十八次：niko十七次梦碎major正赛, niko梦碎里约major RMR
[2026-02-22 01:28:38] inflamer: 间桐樱呢
[2026-02-22 01:28:39] 到鱼一观: 老爸倒了
[2026-02-22 01:28:39] 晓宇111: 你们千万别搜索uid6512408举报房管布罗利啊
[2026-02-22 01:28:39] 鸭硕的哈撒给: 你们千万别搜索uid6512408举报房管布罗利啊
[2026-02-22 01:28:39] duoduofeizhuzi: 发挥（架点狙一个简单枪）
[2026-02-22 01:28:39] 猜猜他是who: 狙一个（发挥一把）
[2026-02-22 01:28:39] 怒之拳: 老爸倒了
[2026-02-22 01:28:39] 鹿公爷: 狙一个也叫发挥吗
[2026-02-22 01:28:39] wjnbsl: 老爸倒了
[2026-02-22 01:28:40] Device的叠Twistzz: @🗿📱：GG EZ TY
[2026-02-22 01:28:40] richardlee97: ㊽布罗利㊽布罗利㊽布罗利㊽布罗利㊽布罗利㊽布罗利㊽布罗利㊽布罗利㊽布罗利㊽布
[2026-02-22 01:28:40] 足音: 老爸倒了
[2026-02-22 01:28:40] 用户1181920443: GG
[2026-02-22 01:28:40] GF-of-GotohHitori、Kita: 一脚
[2026-02-22 01:28:40] Mouz的X9本人: 刘已鸵！刘已鸵！刘已鸵！刘已鸵！
[2026-02-22 01:28:41] 好姐妹弓塚五月: gg
[2026-02-22 01:28:41] 玩斯特机机: gg
[2026-02-22 01:28:41] 用户02938034: @间桐樱：不好意思兄弟们，没夹住流出来五条区
[2026-02-22 01:28:41] 冉子有阿i:  @涂涂没吃饱：老爸倒了
[2026-02-22 01:28:41] 夹断修电脑感动到了: 狙一个也叫发挥吗
[2026-02-22 01:28:41] 有一只酱油: 弹幕也就网上说说，现实里谁不觉得樱姐是好女孩（删括号领一条远坂凛同款鸟笼）
[2026-02-22 01:28:41] 压缩vs蛮晚: 发挥（架点狙一个简单枪）
[2026-02-22 01:28:42] 喉宝Eilf: ez
[2026-02-22 01:28:42] 身旁冷清拥挤丶: 老爸倒了
[2026-02-22 01:28:42] 动物朋友哈基米: 老爸倒了
[2026-02-22 01:28:42] Moe1e: @HooXi：Rain我教你，你就一直发狙发英雄ak给Dev1ce，发到他都受不了自己有多菜就退队了
[2026-02-22 01:28:42] LvvsiN: 额，拿亚军我都会，拿亚军，拿季军，拿四强，拿八强，拿十六强，呃拿冠军我不会，然后小组赛淘汰
[2026-02-22 01:28:43] 我知道的一点也不多: 发挥（架点狙一个简单枪）
[2026-02-22 01:28:43] 用户0314452190: 老爸倒了
[2026-02-22 01:28:43] 丶丶Ken丶丶: 狙一个也叫发挥吗
[2026-02-22 01:28:43] 罗山路的光: 发挥（架点狙一个简单枪）
[2026-02-22 01:28:43] 牢大与小布丁: 你们千万别搜索uid6512408举报房管布罗利啊
[2026-02-22 01:28:43] Aleksumimi: niko play
[2026-02-22 01:28:44] 若叶睦吃苦瓜: 老爸倒了
[2026-02-22 01:28:44] 玩斯特机机: 老爸倒了
[2026-02-22 01:28:44] 安觉angle: 你们千万别搜索uid6512408举报房管布罗利啊
[2026-02-22 01:28:44] 好兄弟平湖家猪王: 老爸倒了😭
[2026-02-22 01:28:44] 应感激忠心的伴侣: 老爸倒了
[2026-02-22 01:28:44] LvvsiN: 你屏蔽词都快赶上新华词典了为什么不干脆开一百级发言？
[2026-02-22 01:28:45] 感到快乐你就开开箱: 洗
[2026-02-22 01:28:45] 用户00137810: 你们千万别搜索uid6512408举报房管布罗利啊
[2026-02-22 01:28:45] 阿羞羞i: 老爸倒了
[2026-02-22 01:28:45] 热体温却无灵魂: 接一个就是发挥吗
[2026-02-22 01:28:45] Mouz的X9本人: 刘已鸵！刘已鸵！刘已鸵！刘已鸵！
[2026-02-22 01:28:45] 热带雨林丶为爱鼓掌: Gg
[2026-02-22 01:28:45] arimrs: @donk：机器机器，你觉得我去PV好还是去猎鹰好啊？不行我去100T看看
[2026-02-22 01:28:45] 玩家军的猪头肉本人: 感谢玩神拿下载物的爹BV1HQe8zfE1z
[2026-02-22 01:28:45] erickerr: 狙一个也叫发挥吗
[2026-02-22 01:28:46] desuwa的丰川祥子本人: 狙一个也叫发挥吗
[2026-02-22 01:28:46] 子非鱼乐77042: 狙一个也叫发挥？
[2026-02-22 01:28:46] MaakiseKurisu: 翘
[2026-02-22 01:28:46] 想有心的机器人: 老爸倒了
[2026-02-22 01:28:46] 凯瑟琳123: 老爸倒了
[2026-02-22 01:28:47] 再也不熬夜了喵: 发挥（架点狙一个简单枪）
[2026-02-22 01:28:47] 呆妹儿的姑父: 待曲终又人散 这一出还有谁在围观
[2026-02-22 01:28:47] duoduofeizhuzi: 你们千万别搜索uid6512408举报房管布罗利啊
[2026-02-22 01:28:47] 羽川翼的恋爱物语: ？
[2026-02-22 01:28:47] 水球碳酸饮料: 老爸倒了
[2026-02-22 01:28:47] djklyk: 老爸倒了
[2026-02-22 01:28:47] 用户53477423: 洗
[2026-02-22 01:28:47] 一缕清风为誰现: 你们千万别搜索uid6512408举报房管布罗利啊
[2026-02-22 01:28:47] 彳余胖胖啊: 没办法
[2026-02-22 01:28:47] 草莓冰酪: 发挥（架点狙一个简单枪）
[2026-02-22 01:28:47] 猫羽雫喵147: 洗
[2026-02-22 01:28:47] MSK枫: niko位
[2026-02-22 01:28:48] 绫濑沙季丶: 刚来，什么时候去外网远征niko老爹
[2026-02-22 01:28:48] 拙劣的演员马修赫伯特: 老爸倒了
[2026-02-22 01:28:48] 好姐妹常陆茉子: ⚠️侦测到间桐樱弹幕过多，发送↑→↓↓↓可呼叫飞鹰500KG炸弹💣摧毁虫巢
[2026-02-22 01:28:48] GlockieSs: 老爸倒了
[2026-02-22 01:28:48] 棍神南极服登顶: 你们千万别搜索uid6512408举报房管布罗利啊
[2026-02-22 01:28:48] sandwichex: 发挥（架点狙一个简单枪）
[2026-02-22 01:28:49] 用户5608006019: 老爸倒了😭
[2026-02-22 01:28:49] 天守阁信长: 你们千万别搜索uid6512408举报房管布罗利啊
[2026-02-22 01:28:49] 刘刘的农: 你们千万别搜索uid6512408举报房管布罗利啊！！！！！
[2026-02-22 01:28:49] 柳小目: 你们千万别搜索uid6512408举报房管布罗利啊
[2026-02-22 01:28:49] 玩机器的小jj: 布罗利Broli：我参与了投票最喜欢选手 我投给了“Zywoo”
[2026-02-22 01:28:49] 猪头肉鉴赏家: 发挥（架点狙一个简单枪）
[2026-02-22 01:28:49] 静寂风: 汤汤
[2026-02-22 01:28:49] YCSUN1017: 洗
[2026-02-22 01:28:49] StellarEchoes: 狙一个也叫发挥吗
[2026-02-22 01:28:49] 一不小心丶就丶: 老爸倒了😭
[2026-02-22 01:28:49] SuperSword81317: 老爸倒了
[2026-02-22 01:28:50] 天道酬勤剑不归: 发挥（架点狙一个简单枪）
[2026-02-22 01:28:50] 叛逆的源源李: 老爸倒了😭
[2026-02-22 01:28:50] 祐天寺喵梦: 你们千万别搜索uid6512408举报房管布罗利啊
[2026-02-22 01:28:50] metagrop: Nico play
[2026-02-22 01:28:50] 用户4500726667: 你们千万别搜索uid6512408举报房管布罗利啊
[2026-02-22 01:28:53] 琦玉33的冷漠脸: 洗
[2026-02-22 01:28:53] SKT的Faker本人: 　　　 老爸倒了
[2026-02-22 01:28:53] Aleksumimi: 洗
[2026-02-22 01:28:53] SideChannel: gggg
[2026-02-22 01:28:53] 诺克提斯a: 玩机器我感觉你今天状态非常不好啊，诶，你要不，你去调整一下心情吧？
[2026-02-22 01:28:53] Dartline: 汤汤
[2026-02-22 01:28:53] 静寂风: 汤汤？
[2026-02-22 01:28:53] 用户02938034: @间桐樱：不好意思兄弟们，没夹住流出来五条区
[2026-02-22 01:28:53] 是小兔呀i: 不是汤汤的错哦
[2026-02-22 01:28:53] LvvsiN: 玩宝宝，我发现在大学上学的时候肄业会很舒服，你可以试试
[2026-02-22 01:28:53] PV的贾里阿里本人: 老爸倒了
[2026-02-22 01:28:53] 我知道的一点也不多: 引导
[2026-02-22 01:28:56] mpdel: ？？？
[2026-02-22 01:28:56] 偷鸡蛋的玩机器本人o: 老汤是指挥狙没办法啊
[2026-02-22 01:28:56] 骂我皆为调情丷: 老爸倒了😭
[2026-02-22 01:28:56] 游戏卫星: 老爸倒了
[2026-02-22 01:28:56] 玩斯特出出6657: 洗
[2026-02-22 01:28:56] 水球碳酸饮料: 洗
[2026-02-22 01:28:56] 我不能C呀: 你们千万别搜索uid6512408举报房管布罗利啊
[2026-02-22 01:28:56] 怒之拳: 你们千万别搜索uid6512408举报房管布罗利啊
[2026-02-22 01:28:56] LvvsiN: 额，拿亚军我都会，拿亚军，拿季军，拿四强，拿八强，拿十六强，呃拿冠军我不会，然后小组赛淘汰
[2026-02-22 01:28:56] gandalfr614: 洗
[2026-02-22 01:28:56] 龍仔ww: 你们千万别搜索uid6512408举报房管布罗利啊
[2026-02-22 01:28:56] takakiyo: ？
[2026-02-22 01:28:56] 银睿憨: 狙一个也叫发挥？
[2026-02-22 01:28:56] chordclef: 汤汤？
[2026-02-22 01:28:56] 喉宝Eilf: 洗
[2026-02-22 01:28:56] 到鱼一观: ？？？
[2026-02-22 01:28:56] 秋茶小雪: 狙两个别尬黑
[2026-02-22 01:28:56] 正经猪头肉: 洗
[2026-02-22 01:28:56] jamesfaith23: 狙一个也叫发挥吗
[2026-02-22 01:28:56] 白皇的三千院Nagi本人: 老爸倒了😭
[2026-02-22 01:28:56] 丶丶Ken丶丶: 布罗利Broli：我参与了投票最喜欢选手 我投给了“Zywoo”
[2026-02-22 01:28:56] xOcOg: 【格陵兰战报】图三大东指挥13回合，设备指挥5回合，大东指挥设备送16次，设备拿下关键击杀7个
[2026-02-22 01:28:56] 解说玩机包: 你们千万别搜索uid6512408举报房管布罗利啊
[2026-02-22 01:28:56] 普丽瓦蒂: 汤汤倒了
[2026-02-22 01:28:56] oblivionis小姐: 小福星
[2026-02-22 01:28:57] 阿羞羞i: 考
[2026-02-22 01:28:57] LvvsiN: @阿汤日记：一个人，5发子弹，保住格陵兰岛。我不会叫它不可能完成的任务，我现在只想先回家看亦博
[2026-02-22 01:28:57] 米米世界之神: ⚠️侦测到间桐樱弹幕过多，发送↑→↓↓↓可呼叫飞鹰500KG炸弹💣摧毁虫巢
[2026-02-22 01:28:57] 最爱的马卡龙: 布罗利某站uid6512408，首页就是照片
[2026-02-22 01:28:57] 法尔孔的陈千语本人: 洗
[2026-02-22 01:28:57] INFIN1TE: ?
[2026-02-22 01:28:57] 载物的艾7: 布罗利Broli：我参与了投票最喜欢选手 我投给了“Zywoo”
[2026-02-22 01:28:57] 最后波纹: @HooXi：Rain我教你，你就一直发狙发英雄ak给Dev1ce，发到他都受不了自己有多菜就退队了
[2026-02-22 01:28:58] 七色的人偶使者: 你们千万别搜索uid6512408举报房管布罗利啊
[2026-02-22 01:28:58] 牧瀨紅莉栖awa: @房管布罗利，玩÷yygq你尼爹不敢封？封弹幕的🐂劲呢？😂
[2026-02-22 01:28:58] 彳余胖胖啊: 发挥（架点狙一个简单枪）
[2026-02-22 01:28:59] 呆妹儿的姑父: 待曲终又人散这一出还有谁在围观
[2026-02-22 01:28:59] 玩设备丶dev1ce: 老汤被贬了没办法
[2026-02-22 01:28:59] 用户22285535: 洗
[2026-02-22 01:28:59] rainyrum: ？？？
[2026-02-22 01:28:59] 困惑地熊猫: 发挥（架点狙一个简单枪）
[2026-02-22 01:28:59] 静寂风: 汤汤？陈千语！
[2026-02-22 01:28:59] Jira1ya0: 汤汤吗？
[2026-02-22 01:28:59] 丨蓝灬: 抓娃娃
[2026-02-22 01:28:59] takakiyo: 洗
[2026-02-22 01:28:59] 李小小与虾大大: 布罗利Steam ID（四把五)
[2026-02-22 01:28:59] 星海羽弦: 这个狙菜到什么程度呢？把ID遮住你甚至以为是......哦真是device在玩啊
[2026-02-22 01:28:59] HCS118: 没法在哪
[2026-02-22 01:28:59] LkCatQwQ: 洗
[2026-02-22 01:29:00] 用户9693232973: 你们千万别搜索uid6512408举报房管布罗利啊
[2026-02-22 01:29:00] gsf003x: 孝麻了
[2026-02-22 01:29:00] viovvvvvvvon: 发挥（架点狙一个简单枪）
[2026-02-22 01:29:00] 凯瑟琳123: 不是汤汤的错哦
[2026-02-22 01:29:00] SideChannel: 新队进playoffs不错了
[2026-02-22 01:29:00] 桂林米粉比较好吃: 太刻晴了玩大哥😇
[2026-02-22 01:29:00] 2332lla: 你们千万别搜索uid6512408举报房管布罗利啊
[2026-02-22 01:29:01] 不要坐在我身边: 不关汤汤的事哦
[2026-02-22 01:29:01] 呆妹儿的姑父: 待曲终又人散这一出还有谁在围观
[2026-02-22 01:29:01] 珠珠团子: 开洗
[2026-02-22 01:29:01] 一缕清风为誰现: 洗
[2026-02-22 01:29:01] ITAZURRA: 考
[2026-02-22 01:29:02] 好姐妹弓塚五月: 不关汤汤的事哦
[2026-02-22 01:29:02] 淡色阳炎: 洗
[2026-02-22 01:29:02] 空中小楼、: 没法分锅
[2026-02-22 01:29:02] Aimyon33: 因为真的是他的锅
[2026-02-22 01:29:02] Nanami-Mizuki: 不是汤汤的错哦
[2026-02-22 01:29:02] 型斯特月月: 狙两个别尬黑
[2026-02-22 01:29:02] SlimBrady: 第二枪咑在了大东送的大狙上 他约好要和雨神最后一舞
[2026-02-22 01:29:02] 用户3661578: 看个培根或者小钟，别老看你那区间墨菲了😅
[2026-02-22 01:29:02] RyeHS: 洗
[2026-02-22 01:29:03] 罪石牢狱的小驴本人: 洗
[2026-02-22 01:29:03] 瓜皮马666666: 发挥（架点狙一个简单枪）
[2026-02-22 01:29:03] 怡宝的Inquisition: 发挥（架点狙一个简单枪）
[2026-02-22 01:29:03] 珠湿落幕: 考
[2026-02-22 01:29:04] wristuuio: 你们千万别搜索uid6512408举报房管布罗利啊
[2026-02-22 01:29:04] Shadow丶zed: 你们千万别搜索uid6512408举报房管布罗利啊
[2026-02-22 01:29:04] 还有时间日落之前: 你们千万别搜索uid6512408举报房管布罗利啊
[2026-02-22 01:29:04] xjdnshxjdka: 这个狙菜到什么程度呢？把ID遮住你甚至以为是......哦真是device在玩啊
[2026-02-22 01:29:04] fpx丶: 孝麻了
[2026-02-22 01:29:05] 水球碳酸饮料: 不关汤汤的事哦
[2026-02-22 01:29:05] 我的我的sorry: 棒在哪儿
[2026-02-22 01:29:05] 最后波纹: @HooXi：Rain我教你，你就一直发狙发英雄ak给Dev1ce，发到他都受不了自己有多菜就退队了
[2026-02-22 01:29:05] 灯山雪: 考
[2026-02-22 01:29:05] Ralmnstr: 右上角分配什么啊
[2026-02-22 01:29:05] 小箱我亲死你: 可是汤汤也很可爱啊🥺
[2026-02-22 01:29:05] 从零开始的加拿大肄业: 你们千万别搜索uid6512408举报房管布罗利啊
[2026-02-22 01:29:06] 牢大与小布丁: @房管布罗利，玩÷yygq你尼爹不敢封？封弹幕的🐂劲呢？😂
[2026-02-22 01:29:06] 好姐妹清道夫: 你们千万别搜索uid6512408举报房管布罗利啊
[2026-02-22 01:29:06] 绝食十年攒爱top3飞机: 发挥（架点狙一个简单枪）
[2026-02-22 01:29:06] angry嗷呜: 洗
[2026-02-22 01:29:06] 杰尼的小迷弟: 好秃的头
[2026-02-22 01:29:06] 每天都要首赢: 战绩倒数第一 也没锅吗？
[2026-02-22 01:29:07] wristuuio: 你们千万别搜索uid6512408举报房管布罗利啊
[2026-02-22 01:29:07] 昙花终难相遇: 你们千万别搜索uid6512408举报房管布罗利啊
[2026-02-22 01:29:07] Cardinal665: 不是汤汤的错哦
[2026-02-22 01:29:07] 月薪三千给玩爹上供: 考
[2026-02-22 01:29:07] Lz丶沐兮: 孝
[2026-02-22 01:29:07] 老师的好兄弟克苏恩: 孝
[2026-02-22 01:29:08] 可否不加糖: 洗
[2026-02-22 01:29:08] 峰哥的兽王粉: 少在哪
[2026-02-22 01:29:08] 洛卡不是菜狗: 玩宝宝这只是和蜘蛛友好互动，弹幕这点要分清
[2026-02-22 01:29:08] 静寂风: 汤汤？陈千语！汤汤？陈千语！
[2026-02-22 01:29:08] 呆妹儿的姑父: 待曲终又人散这一出还有谁在围观
[2026-02-22 01:29:08] 小托莉雅: 我选择 dev1ce 为本场MVP
[2026-02-22 01:29:08] 雾满楼丶春雨添瓦绿: 不关汤汤的事哦
[2026-02-22 01:29:08] 玩刘农device: 不关汤汤的事哦
[2026-02-22 01:29:08] cherish丶chY: 我说这个战绩怎么就不能分一分了
[2026-02-22 01:29:09] Dartline: 可是汤汤也很可爱啊🥺
[2026-02-22 01:29:09] 用户53477423: 7-17（肯定不是汤汤问题）
[2026-02-22 01:29:09] 思无邪ic: 你们千万别搜索uid6512408举报房管布罗利啊
[2026-02-22 01:29:09] MiniHerc: 不关汤汤的事哦
[2026-02-22 01:29:09] 普丽瓦蒂: 不是汤汤的错哦
[2026-02-22 01:29:09] GF-of-GotohHitori、Kita: 孝
[2026-02-22 01:29:09] 流光似水321: 架不了提前枪都来了
[2026-02-22 01:29:09] KZG的INnoVation本人: 那我知道是谁的锅了
[2026-02-22 01:29:10] 曲奇三梦: 第一次吗
[2026-02-22 01:29:10] Sirius丶BIack: ？
[2026-02-22 01:29:10] 若叶睦吃苦瓜: 考
[2026-02-22 01:29:10] 载物的艾7: @房管布罗利，玩÷yygq你尼爹不敢封？封弹幕的🐂劲呢？😂
[2026-02-22 01:29:10] 杰里科丶: 考
[2026-02-22 01:29:10] 身旁冷清拥挤丶: 考
[2026-02-22 01:29:11] 为了发弹幕买了个号: 这布罗利的uid里既有4又有8，他就是故意的吧
[2026-02-22 01:29:11] 繁繁繁华华: 133.8万吗
[2026-02-22 01:29:11] 正经猪头肉: 未来在哪
[2026-02-22 01:29:11] 2635174919: 洗
[2026-02-22 01:29:11] Vitality的Zyw0o0本人: 又在假装考device了
[2026-02-22 01:29:11] 呆妹儿的姑父: 待曲终又人散这一出还有谁在围观
[2026-02-22 01:29:11] 清蒸冬瓜茄子汤: 可是汤汤也很可爱啊🥺
[2026-02-22 01:29:12] 一只大洗: 老爸倒了😭
[2026-02-22 01:29:12] 爱吃青椒的重曹酱: 出龙鳞2acemini了？
[2026-02-22 01:29:12] Hakurei-Re1mu: 考
[2026-02-22 01:29:12] 不知名贝斯手: 可是汤汤也很可爱啊🥺
[2026-02-22 01:29:12] chordclef: 不关汤汤的事哦
[2026-02-22 01:29:12] 鲸落丶星光: 你们千万别搜索uid6512408举报房管布罗利啊
[2026-02-22 01:29:13] 为宫士郎: 不关汤汤的事哦
[2026-02-22 01:29:13] Milkshakechs: 老汤😭😭😭😭😭
[2026-02-22 01:29:13] 驴驴宗宗买这冠军: 玩宝宝这只是和蜘蛛友好互动，弹幕这点要分清
[2026-02-22 01:29:13] 我没P眼123: 你们千万别搜索uid6512408举报房管布罗利啊
[2026-02-22 01:29:13] 夜乃川雪乃: 考
[2026-02-22 01:29:13] fmljz: 可期在哪？
[2026-02-22 01:29:13] JamYo0oung: 不是玩玩的问题哦
[2026-02-22 01:29:13] 阿羞羞i: 考
[2026-02-22 01:29:13] 是小兔呀i: 不是汤汤的错哦 这把不是汤汤的问题哦
[2026-02-22 01:29:14] 伦敦千早爱: 玩神这弹幕我真看不下去了，反正决赛也没猎鹰了，登山吧。
[2026-02-22 01:29:14] 沐风Charlie: 你们千万别搜索uid6512408举报房管布罗利啊
[2026-02-22 01:29:14] SaberMax丶: 还在未来
[2026-02-22 01:29:14] HaibaraAi1109: @房管布罗利，玩÷yygq你尼爹不敢封？封弹幕的🐂劲呢？😂
[2026-02-22 01:29:15] 艾莉丝Greyrat: 你们千万别搜索uid6512408举报房管布罗利啊
[2026-02-22 01:29:15] Peko-: 不是汤汤的错哦
[2026-02-22 01:29:15] LvvsiN: 玩宝宝，我发现在大学上学的时候肄业会很舒服，你可以试试
[2026-02-22 01:29:15] 雨尽打伞人092: 未来在哪？
[2026-02-22 01:29:15] Sirius丶BIack: 30了还未来吗
[2026-02-22 01:29:16] 感到快乐你就开开箱: 不关汤汤的事哦
[2026-02-22 01:29:16] 载物的艾7: 你们千万别搜索uid6512408举报房管布罗利啊
[2026-02-22 01:29:16] 麻辣头鱼丝: 未来在哪
[2026-02-22 01:29:16] 玩大虾、榜一大哥: 汤汤
[2026-02-22 01:29:16] 我的我的sorry: 不如老猪
[2026-02-22 01:29:16] 喜欢的妹子不向我表白: 你们千万别搜索uid6512408举报房管布罗利啊
[2026-02-22 01:29:17] jamesfaith23: 你们千万别搜索uid6512408举报房管布罗利啊
[2026-02-22 01:29:17] 不知名贝斯手: 不关汤汤的事哦
[2026-02-22 01:29:17] ok奶绿: 你们千万别搜索uid6512408举报房管布罗利啊
[2026-02-22 01:29:17] 熄灭的余火: 未来可期吗
[2026-02-22 01:29:18] 杰洛齐贝林3: 可是汤汤也很可爱啊🥺
[2026-02-22 01:29:18] 渡亡神雅睿欧斯: 好在哪
[2026-02-22 01:29:18] 吃烧烤得吃烤茄子: 可期在哪？
[2026-02-22 01:29:18] 好的好的阖家: 刚刚封的起劲的那个布罗利，还能叫唤吗？
[2026-02-22 01:29:18] 远斩: 感觉不如TDM
[2026-02-22 01:29:18] 最后波纹: @HooXi：Rain我教你，你就一直发狙发英雄ak给Dev1ce，发到他都受不了自己有多菜就退队了
[2026-02-22 01:29:19] Sixgod丶黑白熊: 可期在哪
[2026-02-22 01:29:19] Kirito7147: 不关汤汤的事哦
[2026-02-22 01:29:19] 干锅湖南腊猪脸: 可期在哪
[2026-02-22 01:29:19] 铃木佳奈助: 你们千万别搜索uid6512408举报房管布罗利啊
[2026-02-22 01:29:19] cornkiner: 不关汤汤的事哦
[2026-02-22 01:29:19] 酒酒酒酒酒酒: 明日之星device
[2026-02-22 01:29:19] Nikolofmeister: 今年是老汤年
[2026-02-22 01:29:19] 牢大与小布丁: 你们千万别搜索uid6512408举报房管布罗利啊
[2026-02-22 01:29:19] 生快生快妈妈: 你们千万别搜索uid6512408举报房管布罗利啊
[2026-02-22 01:29:19] Er1cXxs: 可是汤汤也很可爱啊🥺
[2026-02-22 01:29:20] 新一啊233: 未来在哪
[2026-02-22 01:29:20] 专看玩机器的号: 未来可欺
[2026-02-22 01:29:20] Mouz的X9本人: 刘已鸵！刘已鸵！刘已鸵！刘已鸵！
[2026-02-22 01:29:21] 哦可喜欢我: 6-15 这把本来就没办法分锅
[2026-02-22 01:29:21] 叛逆的源源李: 这波真不怪汤汤
[2026-02-22 01:29:21] 阿塔尼斯707: 你们千万别搜索uid6512408举报房管布罗利啊
[2026-02-22 01:29:21] 达灵熊旗舰店: 不关汤汤的事哦
[2026-02-22 01:29:21] Ayu824: 老爸倒了😭
[2026-02-22 01:29:21] 驴驴宗宗买这冠军: 不是汤汤等等问题？那就是千雨的问题
[2026-02-22 01:29:21] yinyao1231: 我选择 dev1ce 为本场MVP
[2026-02-22 01:29:22] wristuuio: 你们千万别搜索uid6512408举报房管布罗利啊
[2026-02-22 01:29:22] 困惑地熊猫: 不关汤汤的事哦
[2026-02-22 01:29:22] 2960563120: 未来可欺
[2026-02-22 01:29:22] 热带雨林丶为爱鼓掌: 开怀大孝
[2026-02-22 01:29:22] 轻伤酱: 是千雨的问题，不关汤汤的事哦
[2026-02-22 01:29:22] -Squ1rrel-: 银行业一样一样有有有也会有h'y'hui't'y'r's'c'dn
[2026-02-22 01:29:22] 求奶女儿CC不是大美女: 真的有未来吗
[2026-02-22 01:29:22] 桂林米粉比较好吃: 你们千万别搜索uid6512408举报房管布罗利啊
[2026-02-22 01:29:22] 泛银河系含漱爆破液w: 不关汤汤的事哦
[2026-02-22 01:29:23] 一寸灰Q: 玩宝宝这只是和蜘蛛友好互动，弹幕这点要分清
[2026-02-22 01:29:23] 刘刘的农: @布罗利：这弹幕我真看不下去了，反正决赛也没猎鹰了，登山吧。
[2026-02-22 01:29:23] viovvvvvvvon: 不关汤汤的事哦
[2026-02-22 01:29:23] 后ru瘤坤炸猪油: 可期在哪
[2026-02-22 01:29:23] 双马尾的双马尾: 可期在哪
[2026-02-22 01:29:23] Mouz的X9本人: 不关汤汤的事哦
[2026-02-22 01:29:23] 衣服Kaiju: 大东，科隆一定要进啊
[2026-02-22 01:29:23] 让风告诉你h: 是陈千语的锅
[2026-02-22 01:29:24] 鼓鼓鼓捣叨叨: @斧乃木：再刷布罗利的弹幕我见一个封一个…woc上错号了！😧😧😧
[2026-02-22 01:29:24] 工藤里没静香了: 未来在哪
[2026-02-22 01:29:24] Saiki559: 未来在哪
[2026-02-22 01:29:24] 压缩vs蛮晚: @斧乃木：再刷布罗利的弹幕我见一个封一个…woc上错号了！😧😧😧
[2026-02-22 01:29:24] ONIONLOCK: 不关汤汤的事哦
[2026-02-22 01:29:25] JamYo0oung: 不管玩玩的事哦
[2026-02-22 01:29:25] 椎名立希的泪痣: 未来可欺
[2026-02-22 01:29:25] 我们喔喔喔: 不关汤汤的事哦
[2026-02-22 01:29:25] 你说我说的你说他说的: 不关汤汤的事哦
[2026-02-22 01:29:25] 寒枫曳是一头傲空的隼: @kyxsan：Niko你去对着nota挥两刀再狙一枪
[2026-02-22 01:29:25] veggboy: 每次进来直接喷玩的父，就没一次喷错的
[2026-02-22 01:29:26] R组的中岛由贵本人: ㊽布罗利㊽布罗利㊽布罗利㊽布罗利㊽布罗利㊽布罗利㊽布罗利㊽布罗利㊽布罗利㊽布
[2026-02-22 01:29:26] luxury-dog: 不关汤汤的事哦
[2026-02-22 01:29:26] 吃五顿: 是千雨的问题，不关汤汤的事哦
[2026-02-22 01:29:26] 远斩: 感觉不如TDK
[2026-02-22 01:29:26] 我木JJ怕个锤子: 你们千万别搜索uid6512408举报房管布罗利啊
[2026-02-22 01:29:27] 冬馬和纱纱: 你们千万别搜索uid6512408举报房管布罗利啊
[2026-02-22 01:29:27] 着着着着糕: 未来可欺
[2026-02-22 01:29:27] i化石-: 不关汤汤的事哦
[2026-02-22 01:29:28] 恭迟: 未来在哪
[2026-02-22 01:29:28] 狂三Yud丶Bet: 刷数字载物是善意玩笑，刷数字玩神是恶意引导，这点要分清楚
[2026-02-22 01:29:28] Mouz的X9本人: 玩宝宝这只是和蜘蛛友好互动，弹幕这点要分清
[2026-02-22 01:29:28] 友典冬希子: device守岛可期啊
[2026-02-22 01:29:28] znnoy: 你们千万别搜索uid6512408举报房管布罗利啊
[2026-02-22 01:29:29] 喉宝Eilf: device和rain这俩人在一块能有什么未来呢让人不禁想问
[2026-02-22 01:29:29] 〆垃圾君ㄣ: 这笔队还有未来呢
[2026-02-22 01:29:29] viovvvvvvvon: @栾华：弹幕别发了😭你们会变成......小天的奖金的😭
[2026-02-22 01:29:29] 踩马灯: 机器都这个时候了 你说句心里话 魔男半决赛1.4 整个淘汰赛力中暴力到底配不配那个mvp
[2026-02-22 01:29:29] 刘刘的农:  @布罗利：这弹幕我真看不下去了，反正决赛也没猎鹰了，登山吧。
[2026-02-22 01:29:29] Leonisss丶: 怎么带头玩数字梗的是房管啊？
[2026-02-22 01:29:30] 丶丶Ken丶丶: 不关汤汤的事哦
[2026-02-22 01:29:30] Dartline: 不是汤汤等等问题？那就是千雨的问题
[2026-02-22 01:29:30] 普丽瓦蒂: 汤汤真的很可爱，刘农就不好说了
[2026-02-22 01:29:30] RinKa凛花: 弭弗这招太狠了
[2026-02-22 01:29:30] EF的XANTARES本人: 🏡家是本呀本是家🏡 🥰幸福味道顶呱呱🍜 🎤我们唱歌我们跳舞💃 😂快乐生活传万家🎉
[2026-02-22 01:29:30] 威太立体-睦子米: 我们罗马帝国六干回来
[2026-02-22 01:29:31] 诺克提斯a: 不关汤汤的事哦
[2026-02-22 01:29:31] 石家庄的刘亦博本人: 你们千万别搜索uid6512408举报房管布罗利啊
[2026-02-22 01:29:31] 好姐妹稗田阿求: 刘已鸵！刘已鸵！刘已鸵！刘已鸵！
[2026-02-22 01:29:31] 爱吃青椒的重曹酱: 老爸倒了
[2026-02-22 01:29:31] LvvsiN: 你这音画不同步太难受了，我都听到NIKO里约RMR晋级的欢呼了
[2026-02-22 01:29:31] SaberMax丶: 科隆都进不去了还在未来
[2026-02-22 01:29:31] 舌吻陈彦川: 你们千万别搜索uid6512408举报房管布罗利啊
[2026-02-22 01:29:32] 热带雨林丶为爱鼓掌: 是千雨的问题，不关汤汤的事哦
[2026-02-22 01:29:32] 踩马灯: 机器都这个时候了 你说句心里话 魔男半决赛1.4 整个淘汰赛力中暴力到底配不配那个mvp
[2026-02-22 01:29:32] 阿良良木历Koyomi: @HooXi：Rain我教你，你就一直发狙发英雄ak给Dev1ce，发到他都受不了自己有多菜就退队了
[2026-02-22 01:29:32] 软糯小小祥: 不关汤汤的事哦
[2026-02-22 01:29:32] Vitality的Zyw0o0本人: @斧乃木：再刷布罗利的弹幕我见一个封一个…woc上错号了！😧😧😧
[2026-02-22 01:29:32] 青蘖: 是千雨的问题，不关汤汤的事哦
[2026-02-22 01:29:33] 想和阿飞抹茶三披: @斧乃木：再刷布罗利的弹幕我见一个封一个…woc上错号了！😧😧😧
[2026-02-22 01:29:33] Eirir: 24孝图里面怎么没有你？
[2026-02-22 01:29:33] LvvsiN: 你这音画不同步太难受了，我都听到NIKO里约RMR晋级的欢呼了
[2026-02-22 01:29:34] 永远爱玩宝宝: 083
[2026-02-22 01:29:34] YCSUN1017: 不孝
[2026-02-22 01:29:34] a1441f: 你们千万别搜索uid6512408举报房管布罗利啊
[2026-02-22 01:29:34] lonhkfd: 刘已鸵！刘已鸵！刘已鸵！刘已鸵！
[2026-02-22 01:29:34] 用户2719002301: 许昊文推荐指数：👍👍👍👍👍，点击捡钱👈
[2026-02-22 01:29:34] 踩马灯: 机器都这个时候了 你说句心里话 魔男半决赛1.4 整个淘汰赛力中暴力到底配不配那个mvp
[2026-02-22 01:29:34] 渡亡神雅睿欧斯: 不孝
[2026-02-22 01:29:34] ZiggyStardust0100: jame:柏林mvp在哪发财呢
[2026-02-22 01:29:34] 玩出还我钻石币: 0.83
[2026-02-22 01:29:35] arimrs: 不关汤汤的事哦
[2026-02-22 01:29:35] 若叶睦吃苦瓜: 不关汤汤的事哦
[2026-02-22 01:29:35] LvvsiN: 你这音画不同步太难受了，我都听到NIKO里约RMR晋级的欢呼了
[2026-02-22 01:29:36] 琉丶枫: 你直接看rank不就行了
[2026-02-22 01:29:36] 想和阿飞抹茶三披: @斧乃木：再刷布罗利的弹幕我见一个封一个…woc上错号了！😧😧😧
[2026-02-22 01:29:36] 大聪明QvQ丶: 诗人握尺‼️‼️‼️‼️‼️‼️‼️
[2026-02-22 01:29:36] 一寸灰Q: @HooXi：Rain我教你，你就一直发狙发英雄ak给Dev1ce，发到他都受不了自己有多菜就退队了
[2026-02-22 01:29:36] 蝶花月: @斧乃木：再刷布罗利的弹幕我见一个封一个…woc上错号了！😧😧😧
[2026-02-22 01:29:37] 祐天寺喵梦: 刷数字载物是善意玩笑，刷数字玩神是恶意引导，这点要分清楚
[2026-02-22 01:29:37] 石家庄特色猪油火锅: 不孝
[2026-02-22 01:29:37] LvvsiN: 银行业😄银行业😀银行业😃银行业😁银行业😆银行业🤪银行业😝
[2026-02-22 01:29:37] 爱吃青椒的重曹酱: 不关汤汤的事哦
[2026-02-22 01:29:37] Eirir: 24孝图里面怎么没有你？
[2026-02-22 01:29:38] 踩马灯: 机器都这个时候了 你说句心里话 魔男半决赛1.4 整个淘汰赛力中暴力到底配不配那个mvp
[2026-02-22 01:29:38] circle太子要楽奈: 这都能忍住不登山啊……nb
[2026-02-22 01:29:39] 呆妹儿的姑父: 听到你做个记号 请装进书包别四处招摇
[2026-02-22 01:29:39] Saiki559: 不孝
[2026-02-22 01:29:39] LvvsiN: 就tm喜欢银行业🥰银行坏账我喜欢🥰银行挤兑我还喜欢😍利率调低我也喜欢🤤老子亲烂银行业的脸😘
[2026-02-22 01:29:40] 刘刘的农: 布罗利某站uid6512408，首页就是照片
[2026-02-22 01:29:40] -Squ1rrel-: 钢枪指挥
[2026-02-22 01:29:41] 用户3661578: 雨神现在指挥吗
[2026-02-22 01:29:41] 踩马灯: 机器都这个时候了 你说句心里话 魔男半决赛1.4 整个淘汰赛力中暴力到底配不配那个mvp
[2026-02-22 01:29:41] 守卫格陵兰的Device本人: 科隆都进不去了还在未来
[2026-02-22 01:29:41] Mouz的X9本人: 科隆都进不去了还在未来
[2026-02-22 01:29:41] 梓川不是辛川: 你这音画不同步太难受了，我都听到NIKO里约RMR晋级的欢呼了
[2026-02-22 01:29:41] Eirir: 24孝图里面怎么没有你？
[2026-02-22 01:29:41] LvvsiN: 你屏蔽词都快赶上新华词典了为什么不干脆开一百级发言？
[2026-02-22 01:29:42] 帅帅的翅膀为你翱翔: 刷数字载物是善意玩笑，刷数字玩神是恶意引导，这点要分清楚
[2026-02-22 01:29:42] 寒枫曳是一头傲空的隼: 科隆都进不去了还在未来
[2026-02-22 01:29:42] Soy0r1NN: 玩机器，你老实跟我讲，你是不是觉得屏蔽等级还是太低了？这都是什么节奏呀？能不能开到31级？
[2026-02-22 01:29:42] 云顶之弈中翼: 科隆都进不去了还在未来
[2026-02-22 01:29:42] 玩斯特出出6657: 不关汤汤的事哦
[2026-02-22 01:29:43] 困惑地熊猫: 科隆都进不去了还在未来
[2026-02-22 01:29:43] Aleksumimi: device下放到格陵兰岛吧
[2026-02-22 01:29:43] 用户9693232973: 碗橱你还不开双倍，是不想要我手里这十个荧光棒了？⊂[┐'_'┌]⊃
[2026-02-22 01:29:43] 青蘖: @斧乃木：再刷布罗利的弹幕我见一个封一个…woc上错号了！😧😧😧
[2026-02-22 01:29:43] 安和昴的男友本人: 这把真不怪老汤
[2026-02-22 01:29:43] 本间芽衣子ya: 科隆都进不去了还在未来
[2026-02-22 01:29:43] 泛银河系含漱爆破液w: 科隆都进不去了还在未来
[2026-02-22 01:29:43] 愿良辰美景: 你们千万别搜索uid6512408举报房管布罗利啊
[2026-02-22 01:29:43] LvvsiN: 别解说了 多聊会天 你不会真的以为能输吧
[2026-02-22 01:29:44] 用户80930680: 科隆都进不去了还在未来
[2026-02-22 01:29:44] 呆妹儿的姑父: 听到你做个记号 请装进书包别四处招摇
[2026-02-22 01:29:44] 想和阿飞抹茶三披: @斧乃木：再刷布罗利的弹幕我见一个封一个…woc上错号了！😧😧😧
[2026-02-22 01:29:44] 言斯特心心: 双指挥说是
[2026-02-22 01:29:44] 鲸落丶星光: 你们千万别搜索uid6512408举报房管布罗利啊
[2026-02-22 01:29:45] enihcaM器机玩7566: 我选择【玩机器Machine】为本场【傻呗】
[2026-02-22 01:29:45] 糖尿病少恰甜的: 这带节奏的我点开看了一下都有电棍牌子，说实话都是同行真没必要这样搞😓
[2026-02-22 01:29:45] 踩马灯: 、机器都这个时候了 你说句心里话 魔男半决赛1.4 整个淘汰赛力中暴力到底配不配那个mvp
[2026-02-22 01:29:45] 再也不熬夜了喵: 科隆都进不去了还在未来
[2026-02-22 01:29:45] 拍拍小天使: 0.83
[2026-02-22 01:29:45] 爱吃青椒的重曹酱: 发挥（架点狙一个简单枪）
[2026-02-22 01:29:45] 吊人日子不过了: 汤汤羽羽也是一对苦命鸳鸯啊
[2026-02-22 01:29:45] 薯薯在孩孩洞洞刘农: 第一次比赛就进场馆，比A队和faze强多了
[2026-02-22 01:29:45] 大裂谷的登山家: 刷数字载物是善意玩笑，刷数字玩神是恶意引导，这点要分清楚
[2026-02-22 01:29:46] 来杯浓硫酸压压惊: 怎么无关弹幕越发越多了，我真不敢➕1了，怕点错
[2026-02-22 01:29:46] MERU335251:  @HooXi：Rain我教你，你就一直发狙发英雄ak给Dev1ce，发到他都受不了自己有多菜就退队
[2026-02-22 01:29:46] 一方通行plus: 未来吗
[2026-02-22 01:29:47] viovvvvvvvon: @这里是小天啊：带节奏的我先举报拿鱼丸再禁言，最后调侃一下装作无事发生实现完美犯罪
[2026-02-22 01:29:47] 长沙沈三炮: 主狙杀个位数人头真的没锅吗
[2026-02-22 01:29:47] 呆妹儿的姑父: 听到你做个记号 请装进书包别四处招摇
[2026-02-22 01:29:47] bsqqaq: 十万粉丝团
[2026-02-22 01:29:47] LvvsiN: 就tm喜欢银行业🥰银行坏账我喜欢🥰银行挤兑我还喜欢😍利率调低我也喜欢🤤老子亲烂银行业的脸😘
[2026-02-22 01:29:48] cs2小黎子: 有hltv记录是什么值得骄傲的事吗？wjq都有hltv记录
[2026-02-22 01:29:48] Mouz的X9本人: 刘已鸵！刘已鸵！刘已鸵！刘已鸵！
[2026-02-22 01:29:48] 想和阿飞抹茶三披: @斧乃木：再刷布罗利的弹幕我见一个封一个…woc上错号了！😧😧😧
[2026-02-22 01:29:48] 记得少吃外卖玩宝宝: cadian指挥的
[2026-02-22 01:29:48] aiejdj: 0.83
[2026-02-22 01:29:48] McDonaldsfries: 科隆都进不去了还在未来
[2026-02-22 01:29:49] 踩马灯: 机器都这个时候了 你说句心里话 魔男半决赛1.4 整个淘汰赛力中暴力到底配不配那个mvp
[2026-02-22 01:29:50] LvvsiN: 你屏蔽词都快赶上新华词典了为什么不干脆开一百级发言？
[2026-02-22 01:29:50] 呆妹儿的姑父: 听到你做个记号 请装进书包别四处招摇
[2026-02-22 01:29:50] 用户46659809: 玩神到底能不能玩数字梗啊之前这么多危险比分警告不封
[2026-02-22 01:29:51] Falcons十天老粉: 你们千万别搜索uid6512408举报房管布罗利啊
[2026-02-22 01:29:51] 爱吃青椒的重曹酱: 十万粉丝团
[2026-02-22 01:29:51] LvvsiN: 就tm喜欢银行业🥰银行坏账我喜欢🥰银行挤兑我还喜欢😍利率调低我也喜欢🤤老子亲烂银行业的脸😘
[2026-02-22 01:29:52] 呆妹儿的姑父: 听到你做个记号 请装进书包别四处招摇
[2026-02-22 01:29:52] 没有人情味的治治360: 别想了一分没有，继续刷分去吧
[2026-02-22 01:29:52] Br00kZzZ: 好笑吗？感觉不如device送狙给载物被狙三个进加时被翻盘好笑😓
[2026-02-22 01:29:52] 暗里着迷3123: @这里是小天啊：带节奏的我先举报拿鱼丸再禁言，最后调侃一下装作无事发生实现完美犯罪
[2026-02-22 01:29:52] 踩马灯: 机器都这个时候了 你说句心里话 魔男半决赛1.4 整个淘汰赛力中暴力到底配不配那个mvp
[2026-02-22 01:29:52] 若叶睦吃苦瓜: @斧乃木：再刷布罗利的弹幕我见一个封一个…woc上错号了！😧😧😧
[2026-02-22 01:29:52] 玩设备丶dev1ce: 不关汤汤的事哦🖐🏻
[2026-02-22 01:29:53] 龍仔ww: @斧乃木：再刷布罗利的弹幕我见一个封一个…woc上错号了！😧😧😧
[2026-02-22 01:29:53] 想和阿飞抹茶三披: @斧乃木：再刷布罗利的弹幕我见一个封一个…woc上错号了！😧😧😧
[2026-02-22 01:29:53] 忠厨玩小鸟: 抓娃娃
[2026-02-22 01:29:54] LvvsiN: 南孚一节更比六节强，也就是一节南孚比六节南孚强，六节南孚比三十六节强，三十六节比二百一十六节强
[2026-02-22 01:29:54] 鼓鼓鼓捣叨叨: 说句实话，机器现在确实有点想退了
[2026-02-22 01:29:54] 渡亡神雅睿欧斯: 小众宝藏
[2026-02-22 01:29:55] 呆妹儿的姑父: 听到你做个记号 请装进书包别四处招摇
[2026-02-22 01:29:55] 戴佳伟抢神棍软中华: 三线
[2026-02-22 01:29:55] 糖尿病少恰甜的: 这带节奏的我点开看了一下都有电棍牌子，说实话都是同行真没必要这样搞😓 
[2026-02-22 01:29:55] 还有时间日落之前: @斧乃木：再刷布罗利的弹幕我见一个封一个…woc上错号了！😧😧😧
[2026-02-22 01:29:55] 威太立体-睦子米: dcd干回来
[2026-02-22 01:29:55] 牧瀨紅莉栖awa: ➕1过快请稍后再试
[2026-02-22 01:29:55] LvvsiN: 银行业😄银行业😀银行业😃银行业😁银行业😆银行业🤪银行业😝
[2026-02-22 01:29:56] Eirir: 24孝图里面怎么没有你？
[2026-02-22 01:29:56] Lz丶沐兮: 不是3个？
[2026-02-22 01:29:56] 西安枪男niko: 　　　 @斧乃木：再刷布罗利的弹幕我见一个封一个…woc上错号了！😧😧😧
[2026-02-22 01:29:56] 刘刘的农: @这里是小天啊：带节奏的我先举报拿鱼丸再禁言，最后调侃一下装作无事发生实现完美犯罪
[2026-02-22 01:29:57] 呆妹儿的姑父: 听到你做个记号 请装进书包别四处招摇
[2026-02-22 01:29:57] 用户00137810: 你们千万别搜索uid6512408举报房管布罗利啊
[2026-02-22 01:29:57] Vitality的羽贺文乃本人: 有hltv记录是什么值得骄傲的事吗？wjq都有hltv记录
[2026-02-22 01:29:57] 呆毛帝国懒逆风玺: 老爸倒了
[2026-02-22 01:29:57] 可苦可乐GRA: 31岁狙击手和32岁指挥：未来可期
[2026-02-22 01:29:57] 好姐妹稗田阿求: 玩神到底能不能玩数字梗啊之前这么多危险比分警告不封
[2026-02-22 01:29:58] LvvsiN: 你为什么要把mαjor禁了，我收藏的一半弹幕全毁了
[2026-02-22 01:29:58] arimrs: 普什么？
[2026-02-22 01:29:59] 让风告诉你h: 你们千万别搜索uid6512408举报房管布罗利啊
[2026-02-22 01:29:59] 怎么被用了: @斧乃木：再刷布罗利的弹幕我见一个封一个…woc上错号了！😧😧😧desuwa
[2026-02-22 01:29:59] 呆妹儿的姑父: 听到你做个记号 请装进书包别四处招摇
[2026-02-22 01:29:59] 爱吃青椒的重曹酱: 一枪没中
[2026-02-22 01:29:59] 想和阿飞抹茶三披: @斧乃木：再刷布罗利的弹幕我见一个封一个…woc上错号了！😧😧😧
[2026-02-22 01:30:00] LvvsiN: @阿汤日记：一个人，5发子弹，保住格陵兰岛。我不会叫它不可能完成的任务，我现在只想先回家看亦博
[2026-02-22 01:30:00] 牧瀨紅莉栖awa: ➕1过快请稍后再试
[2026-02-22 01:30:00] Kiracoon: 🇽🇰
[2026-02-22 01:30:00] 用户9921747043: @斧乃木：再刷布罗利的弹幕我见一个封一个…woc上错号了！😧😧😧
[2026-02-22 01:30:00] BleksiA: 变异？
[2026-02-22 01:30:00] 爱洛魔神仙台叶月: 完了，加一了个爆的，7天后见了
[2026-02-22 01:30:00] LetsGo萌够乐紫: 就tm喜欢银行业🥰银行坏账我喜欢🥰银行挤兑我还喜欢😍利率调低我也喜欢🤤老子亲烂银行业的脸😘
[2026-02-22 01:30:00] 土御门静雄: @斧乃木：再刷布罗利的弹幕我见一个封一个…woc上错号了！😧😧😧
[2026-02-22 01:30:01] 宇莓: 很喜欢房管的投票：最喜欢的选手——ZywOo
[2026-02-22 01:30:01] KevinTheFool: 偷子
[2026-02-22 01:30:01] 珠珠团子: 捡钱品牌
[2026-02-22 01:30:01] Arctic1890: 黑暗比赛
[2026-02-22 01:30:01] 求奶我考不上中大CS: 三线老汤
[2026-02-22 01:30:02] LvvsiN: @阿汤日记：一个人，5发子弹，保住格陵兰岛。我不会叫它不可能完成的任务，我现在只想先回家看亦博
[2026-02-22 01:30:03] 牧瀨紅莉栖awa: @斧乃木：再刷布罗利的弹幕我见一个封一个…woc上错号了！😧😧😧desuwa
[2026-02-22 01:30:03] 用户46659809: 玩神到底能不能玩数字梗啊之前这么多危险比分警告不封
[2026-02-22 01:30:03] takakiyo: ？
[2026-02-22 01:30:03] 可苦可乐GRA: 31岁狙击手和32岁指挥：未来可期
[2026-02-22 01:30:03] ltachi7: big呢
[2026-02-22 01:30:04] LvvsiN: 银行业😄银行业😀银行业😃银行业😁银行业😆银行业🤪银行业😝
[2026-02-22 01:30:04] 呆妹儿的姑父: 听到你做个记号 请装进书包别四处招摇
[2026-02-22 01:30:04] 丛念39090: @斧乃木：再刷布罗利的弹幕我见一个封一个…woc上错号了！😧😧😧
[2026-02-22 01:30:04] gogolz: 二线比赛太多了，老汤能顶住吗
[2026-02-22 01:30:04] R组的中岛由贵本人: 刷数字载物是善意玩笑，刷数字玩神是恶意引导，这点要分清楚
[2026-02-22 01:30:05] 想和阿飞抹茶三披: @斧乃木：再刷布罗利的弹幕我见一个封一个…woc上错号了！😧😧😧
[2026-02-22 01:30:05] 玩神的欢喜好有嚼劲: 弹幕真的恶俗给人布罗利的uid都挖出来了，哦对了记得提醒他剪鼻毛🤭
[2026-02-22 01:30:05] 本间芽衣子ya: 老爸倒了
[2026-02-22 01:30:05] 樱落鬼: 你们千万别搜索uid6512408举报房管布罗利啊
[2026-02-22 01:30:06] LvvsiN: 你屏蔽词都快赶上新华词典了为什么不干脆开一百级发言？
[2026-02-22 01:30:06] 笑颜一番黄婷婷: @斧乃木：再刷布罗利的弹幕我见一个封一个…woc上错号了！😧😧😧
[2026-02-22 01:30:06] KujoJolyne: 臭鱼烂虾
[2026-02-22 01:30:06] 爱吃青椒的重曹酱: 老爸倒了
[2026-02-22 01:30:06] 可苦可乐GRA: 31岁狙击手和32岁指挥：未来可期
[2026-02-22 01:30:06] 呆妹儿的姑父: 听到你做个记号 请装进书包别四处招摇
[2026-02-22 01:30:07] 好姐妹稗田阿求: 玩神到底能不能玩数字梗啊之前这么多危险比分警告不封
[2026-02-22 01:30:07] cornkiner: 你下播吧, 像2025-02-07 23:49一样！
[2026-02-22 01:30:08] LvvsiN: 你这音画不同步太难受了，我都听到NIKO里约RMR晋级的欢呼了
[2026-02-22 01:30:08] 玩神的欢喜好有嚼劲: 弹幕真的恶俗给人布罗利的uid都挖出来了，哦对了记得提醒他剪鼻毛🤭
[2026-02-22 01:30:08] 拉特兰的Exus1a1本人: 玩神到底能不能玩数字梗啊之前这么多危险比分警告不封
[2026-02-22 01:30:09] 呆妹儿的姑父: 听到你做个记号 请装进书包别四处招摇
[2026-02-22 01:30:09] 爱吃青椒的重曹酱: 不关汤汤的事哦
[2026-02-22 01:30:09] 卡啊卡卡丶: @斧乃木：再刷布罗利的弹幕我见一个封一个…woc上错号了！😧😧😧desuwa
[2026-02-22 01:30:09] 可苦可乐GRA: 31岁狙击手和32岁指挥：未来可期
[2026-02-22 01:30:10] 好哥们黑龙歼灭刀: @斧乃木：再刷布罗利的弹幕我见一个封一个…woc上错号了！😧😧😧
[2026-02-22 01:30:10] LvvsiN: 男人一生只哭十八次：niko十七次梦碎major正赛, niko梦碎里约major RMR
[2026-02-22 01:30:10] 用户0220064326: 31岁狙击手和32岁指挥：未来可期
[2026-02-22 01:30:10] richardlee97: 刷数字载物是善意玩笑，刷数字玩神是恶意引导，这点要分清楚
[2026-02-22 01:30:10] rainyrum: 小众宝藏比赛
[2026-02-22 01:30:11] 衣服Kaiju: 宝藏小众
[2026-02-22 01:30:11] 樱花糯米卷: 懂你一
[2026-02-22 01:30:11] 小坦克QvQ: jks
[2026-02-22 01:30:11] 寺见鸣鳰: @斧乃木：再刷布罗利的弹幕我见一个封一个…woc上错号了！😧😧😧
[2026-02-22 01:30:11] 呆妹儿的姑父: 听到你做个记号 请装进书包别四处招摇
[2026-02-22 01:30:11] 钟初若叶睦: 我去，dev1ce被下放到格陵兰岛了
[2026-02-22 01:30:11] 2401spark: 小众宝藏比赛
[2026-02-22 01:30:12] 玩神的欢喜好有嚼劲: 弹幕真的恶俗给人布罗利的uid都挖出来了，哦对了记得提醒他剪鼻毛🤭
[2026-02-22 01:30:12] 牢大与小布丁: @房管布罗利，玩÷yygq你尼爹不敢封？封弹幕的🐂劲呢？😂
[2026-02-22 01:30:12] LvvsiN: 其实碗橱就是猪灵，你不拿黄金丢他他就不跟你说话
[2026-02-22 01:30:12] 小箱我亲死你: 有牛魔
[2026-02-22 01:30:12] C9的achine6658本人: 玩神到底能不能玩数字梗啊之前这么多危险比分警告不封
[2026-02-22 01:30:12] 爱斯忑音音: @斧乃木：再刷布罗利的弹幕我见一个封一个…woc上错号了！😧😧😧
[2026-02-22 01:30:12] 想和阿飞抹茶三披: @斧乃木：再刷布罗利的弹幕我见一个封一个…woc上错号了！😧😧😧
[2026-02-22 01:30:13] 皮里恩丶: 老爸倒了
[2026-02-22 01:30:13] 星川崎: 马内
[2026-02-22 01:30:13] Sirius丶BIack: 宝藏小众比赛
[2026-02-22 01:30:13] 虚心坦懐: 小众宝藏比赛
[2026-02-22 01:30:13] 你敢看死蜜蜂就杀了你: 很喜欢房管的投票：最喜欢的选手——ZywOo
[2026-02-22 01:30:14] 艾琉诺拉E: 31岁狙击手和32岁指挥：未来可期
[2026-02-22 01:30:14] LvvsiN: 你屏蔽词都快赶上新华词典了为什么不干脆开一百级发言？
[2026-02-22 01:30:14] 998179y: 很喜欢房管的投票：最喜欢的选手——ZywOo
[2026-02-22 01:30:15] 大姜饼: 弹幕真的恶俗给人布罗利的uid都挖出来了，哦对了记得提醒他剪鼻毛🤭
[2026-02-22 01:30:15] Er1cXxs: 小众宝藏比赛
[2026-02-22 01:30:15] 啪啪啪啪的蛋: 　　　 @斧乃木：再刷布罗利的弹幕我见一个封一个…woc上错号了！😧😧😧
[2026-02-22 01:30:15] 可苦可乐GRA: 31岁狙击手和32岁指挥：未来可期
[2026-02-22 01:30:15] jcobbb疯狂肘击: 抓娃娃
[2026-02-22 01:30:15] 怒之拳: @斧乃木：再刷布罗利的弹幕我见一个封一个…woc上错号了！😧😧😧
[2026-02-22 01:30:15] 糖尿病少恰甜的: 这带节奏的我点开看了一下都有电棍牌子，说实话都是同行真没必要这样搞😓 
[2026-02-22 01:30:15] 牟平鲁尼: 懂你意思
[2026-02-22 01:30:16] 失去了才会珍惜649: 31岁狙击手和32岁指挥：未来可期
[2026-02-22 01:30:16] 渡亡神雅睿欧斯: 懂你意思
[2026-02-22 01:30:16] 动物朋友哈基米: @斧乃木：再刷布罗利的弹幕我见一个封一个…woc上错号了！😧😧😧
[2026-02-22 01:30:16] 玩神的欢喜好有嚼劲: 弹幕真的恶俗给人布罗利的uid都挖出来了，哦对了记得提醒他剪鼻毛🤭
[2026-02-22 01:30:16] 好哥们黑龙歼灭刀: 弹幕真的恶俗给人布罗利的uid都挖出来了，哦对了记得提醒他剪鼻毛🤭
[2026-02-22 01:30:16] 杰洛齐贝林3: 羞死了
[2026-02-22 01:30:16] 刘刘的农: 你们千万别搜索uid6512408举报房管布罗利啊
[2026-02-22 01:30:16] -小佐内由纪-: 很喜欢房管的投票：最喜欢的选手——ZywOo
[2026-02-22 01:30:17] 未知Frozen: 老猪什么时候有比赛啊
[2026-02-22 01:30:17] MeIoN39: 玩神到底能不能玩数字梗啊之前这么多危险比分警告不封
[2026-02-22 01:30:17] 狂三Yud丶Bet: 刷数字载物是善意玩笑，刷数字玩神是恶意引导，这点要分清楚
[2026-02-22 01:30:17] C9的achine6658本人: 玩神到底能不能玩数字梗啊之前这么多危险比分警告不封
[2026-02-22 01:30:17] 呆妹儿的姑父: 听到你做个记号 请装进书包别四处招摇
[2026-02-22 01:30:17] BleksiA: 有jks
[2026-02-22 01:30:18] 若叶睦吃苦瓜: 小众宝藏比赛
[2026-02-22 01:30:18] Aleksib李神: 设雨和森电一桌。。。
[2026-02-22 01:30:18] LvvsiN: 你为什么要把mαjor禁了，我收藏的一半弹幕全毁了
[2026-02-22 01:30:18] R组的中岛由贵本人: 弹幕真的恶俗给人布罗利的uid都挖出来了，哦对了记得提醒他剪鼻毛🤭
[2026-02-22 01:30:18] Oxealiz: 懂你意思
[2026-02-22 01:30:19] bsqqaq: 十万粉丝团，玩神心里高兴坏了了有感觉吗
[2026-02-22 01:30:19] 可苦可乐GRA: 31岁狙击手和32岁指挥：未来可期
[2026-02-22 01:30:19] 玩小将、kid: 爱猪TV
[2026-02-22 01:30:19] 用户46659809: 玩神到底能不能玩数字梗啊之前这么多危险比分警告不封
[2026-02-22 01:30:19] 牧瀨紅莉栖awa: @斧乃木：再刷布罗利的弹幕我见一个封一个…woc上错号了！😧😧😧
[2026-02-22 01:30:19] lonhkfd: @斧乃木：再刷布罗利的弹幕我见一个封一个…woc上错号了！😧😧😧
[2026-02-22 01:30:19] 牢大与小布丁: 很喜欢房管的投票：最喜欢的选手——ZywOo
[2026-02-22 01:30:19] 一只大洗: 小众宝藏比赛
[2026-02-22 01:30:20] Altolier: 　　　 @斧乃木：再刷布罗利的弹幕我见一个封一个…woc上错号了！😧😧😧
[2026-02-22 01:30:20] LvvsiN: 其实碗橱就是猪灵，你不拿黄金丢他他就不跟你说话
[2026-02-22 01:30:20] 爱吃青椒的重曹酱: 小众宝藏比赛
[2026-02-22 01:30:20] 澪伊吹: 弹幕真的恶俗给人布罗利的uid都挖出来了，哦对了记得提醒他剪鼻毛🤭
[2026-02-22 01:30:20] 呆妹儿的姑父: 听到你做个记号 请装进书包别四处招摇
[2026-02-22 01:30:20] Aleksumimi: @斧乃木：对的兄弟就这么封😁😁😁
[2026-02-22 01:30:21] 永远爱玩宝宝: 很喜欢房管的投票：最喜欢的选手——ZywOo
[2026-02-22 01:30:21] weapon丶X: 弹幕真的恶俗给人布罗利的uid都挖出来了，哦对了记得提醒他剪鼻毛🤭
[2026-02-22 01:30:21] 好哥们黑龙歼灭刀: 很喜欢房管的投票：最喜欢的选手——ZywOo
[2026-02-22 01:30:21] 晞圣莱恩: 老猪什么时候有比赛啊
[2026-02-22 01:30:22] 啦啦啦唱歌真好听呀: @斧乃木：再刷布罗利的弹幕我见一个封一个…woc上错号了！😧😧😧
[2026-02-22 01:30:22] 星海羽弦: 这带节奏的我点开看了一下都有电棍牌子，说实话都是同行真没必要这样搞😓 
[2026-02-22 01:30:22] LvvsiN: 就tm喜欢银行业🥰银行坏账我喜欢🥰银行挤兑我还喜欢😍利率调低我也喜欢🤤老子亲烂银行业的脸😘
[2026-02-22 01:30:22] 不务正业127: 31岁狙击手和32岁指挥：未来可期
[2026-02-22 01:30:22] 跳跃的司令官: 弹幕真的恶俗给人布罗利的uid都挖出来了，哦对了记得提醒他剪鼻毛🤭
[2026-02-22 01:30:23] rainyrum: 量大管饱
[2026-02-22 01:30:24] 呆妹儿的姑父: 听到你做个记号 请装进书包别四处招摇
[2026-02-22 01:30:24] LvvsiN: 南孚一节更比六节强，也就是一节南孚比六节南孚强，六节南孚比三十六节强，三十六节比二百一十六节强
[2026-02-22 01:30:24] 〆垃圾君ㄣ: bc什么排名 你什么排名
[2026-02-22 01:30:24] 用户9921747043: 你们千万别搜索uid6512408举报房管布罗利啊
[2026-02-22 01:30:25] 哦可喜欢我: 就爱看点小众宝藏比赛😁
[2026-02-22 01:30:25] 布拉德丶皮特: BC来虐菜么
[2026-02-22 01:30:25] Vitality的Zyw0o0本人: @斧乃木：对的兄弟就这么封😁😁😁
[2026-02-22 01:30:26] 可苦可乐GRA: 31岁狙击手和32岁指挥：未来可期
[2026-02-22 01:30:26] LvvsiN: 额，拿亚军我都会，拿亚军，拿季军，拿四强，拿八强，拿十六强，呃拿冠军我不会，然后小组赛淘汰
[2026-02-22 01:30:26] Himeeeeee: 很喜欢房管的投票：最喜欢的选手——ZywOo
[2026-02-22 01:30:26] 空中小楼、: 点击就送
[2026-02-22 01:30:27] weapon丶X: @斧乃木：再刷布罗利的弹幕我见一个封一个…woc上错号了！😧😧😧
[2026-02-22 01:30:27] 千早爱音desu: 太小众了bc不打
[2026-02-22 01:30:27] Sirius丶BIack: 骗积分的比赛
[2026-02-22 01:30:27] richardlee97: 弹幕真的恶俗给人布罗利的uid都挖出来了，哦对了记得提醒他剪鼻毛🤭
[2026-02-22 01:30:28] 求老仙奶贾碧不死: @斧乃木：对的兄弟就这么封😁😁😁
[2026-02-22 01:30:28] ilume: 你们千万别搜索uid6512408举报房管布罗利啊
[2026-02-22 01:30:28] Saiki559: 德古拉
[2026-02-22 01:30:28] 喉宝Eilf: 爆
[2026-02-22 01:30:28] LvvsiN: 弹幕也就网上说说，现实里谁不觉得樱姐是好女孩（删括号领一条远坂凛同款鸟笼）
[2026-02-22 01:30:28] 沙王5003刷新球跳水: @房管布罗利，玩÷yygq你尼爹不敢封？封弹幕的🐂劲呢？😂
[2026-02-22 01:30:28] 里约钻石币拥有者: @斧乃木：再刷布罗利的弹幕我见一个封一个…woc上错号了！😧😧😧
[2026-02-22 01:30:28] PKURoger: 加拿大口音
[2026-02-22 01:30:28] 挥泪斩楚狗: 让布罗利当尼孝封弹幕，然后你把他切割了洗白自己，好一招卸磨杀驴
[2026-02-22 01:30:29] Crythic的羊宫妃那本人: 很喜欢房管的投票：最喜欢的选手——ZywOo
[2026-02-22 01:30:29] 跳跃的司令官: 很喜欢房管的投票：最喜欢的选手——ZywOo
[2026-02-22 01:30:29] 倾盆大rain: @🌊：本来蜘蛛防着不让蜜蜂进的，现在好了你给蜘蛛宫了谁拦住蜜蜂😅
[2026-02-22 01:30:30] 呆妹儿的姑父: 听到你做个记号 请装进书包别四处招摇
[2026-02-22 01:30:30] LvvsiN: 你为什么要把mαjor禁了，我收藏的一半弹幕全毁了
[2026-02-22 01:30:31] 刘刘的农: 你们千万别搜索uid6512408举报房管布罗利啊
[2026-02-22 01:30:31] 约渊: bc什么排名 你什么排名
[2026-02-22 01:30:31] 兴豚: 弹幕真的恶俗给人布罗利的uid都挖出来了，哦对了记得提醒他剪鼻毛🤭
[2026-02-22 01:30:31] 可苦可乐GRA: 31岁狙击手和32岁指挥：未来可期
[2026-02-22 01:30:31] Arctic1890: 立即捡钱
[2026-02-22 01:30:32] C9的achine6658本人: 玩神到底能不能玩数字梗啊之前这么多危险比分警告不封
[2026-02-22 01:30:32] 龙炎执一: bc有积分已经看不上这种比赛了
[2026-02-22 01:30:32] viovvvvvvvon: 几号打
[2026-02-22 01:30:32] 挥泪斩楚狗: 让布罗利当尼孝封弹幕，然后你把他切割了洗白自己，好一招卸磨杀驴
[2026-02-22 01:30:32] 糖尿病少恰甜的: 这带节奏的我点开看了一下都有电棍牌子，说实话都是同行真没必要这样搞😓
[2026-02-22 01:30:32] LvvsiN: 我提一嘴这剧情越来越像上海major了
[2026-02-22 01:30:32] 一方通行plus: 31岁狙击手和32岁指挥：未来可期
[2026-02-22 01:30:32] Malik3th: 什么地区
[2026-02-22 01:30:33] 弓道部的污咪: 南孚一节更比六节强，也就是一节南孚比六节南孚强，六节南孚比三十六节强，三十六节比二百一十六节强
[2026-02-22 01:30:33] kyubit: sico
[2026-02-22 01:30:33] 爱吃青椒的重曹酱: 狙一个也叫发挥？
[2026-02-22 01:30:33] 呆妹儿的姑父: 听到你做个记号 请装进书包别四处招摇
[2026-02-22 01:30:33] 茶泡饭Trinity: 弹幕真的恶俗给人布罗利的uid都挖出来了，哦对了记得提醒他剪鼻毛🤭
[2026-02-22 01:30:33] 怒之拳: 弹幕真的恶俗给人布罗利的uid都挖出来了，哦对了记得提醒他剪鼻毛🤭
[2026-02-22 01:30:34] 白河日和: 爆
[2026-02-22 01:30:34] 愿良辰美景: 弹幕真的恶俗给人布罗利的uid都挖出来了，哦对了记得提醒他剪鼻毛🤭
[2026-02-22 01:30:34] LvvsiN: 就tm喜欢银行业🥰银行坏账我喜欢🥰银行挤兑我还喜欢😍利率调低我也喜欢🤤老子亲烂银行业的脸😘
[2026-02-22 01:30:34] 倾盆大rain: @🌊：本来蜘蛛防着不让蜜蜂进的，现在好了你给蜘蛛宫了谁拦住蜜蜂😅
[2026-02-22 01:30:34] A队不吃晃的小祥本人: @斧乃木：再刷布罗利的弹幕我见一个封一个…woc上错号了！😧😧😧
[2026-02-22 01:30:35] 樱落鬼: @斧乃木：再刷布罗利的弹幕我见一个封一个…woc上错号了！😧😧😧
[2026-02-22 01:30:35] 寒枫曳是一头傲空的隼: @kyxsan：Niko你去边nota
[2026-02-22 01:30:35] 爱洛魔神仙台叶月: @斧乃木：对的兄弟就这么封😁😁😁
[2026-02-22 01:30:36] 若叶睦吃苦瓜: @斧乃木：对的兄弟就这么封😁😁😁
[2026-02-22 01:30:36] 用户0637093822: @🌊：本来蜘蛛防着不让蜜蜂进的，现在好了你给蜘蛛宫了谁拦住蜜蜂😅
[2026-02-22 01:30:36] 挥泪斩楚狗: 让布罗利当尼孝封弹幕，然后你把他切割了洗白自己，好一招卸磨杀驴
[2026-02-22 01:30:36] 黄色偶像大师: 很喜欢房管的投票：最喜欢的选手——ZywOo
[2026-02-22 01:30:36] LvvsiN: 你屏蔽词都快赶上新华词典了为什么不干脆开一百级发言？
[2026-02-22 01:30:36] 最爱的马卡龙: 布罗利某站uid6512408，首页就是照片
[2026-02-22 01:30:37] bsqqaq: 十万了粉丝团，完除心里高兴坏了了有感觉吗
[2026-02-22 01:30:37] 恩格尼斯也: @🌊：本来蜘蛛防着不让蜜蜂进的，现在好了你给蜘蛛宫了谁拦住蜜蜂😅
[2026-02-22 01:30:37] 玩斯特机机: 弹幕真的恶俗给人布罗利的uid都挖出来了，哦对了记得提醒他剪鼻毛🤭
[2026-02-22 01:30:37] 呆妹儿的姑父: 听到你做个记号 请装进书包别四处招摇
[2026-02-22 01:30:37] 好姐妹常陆茉子: 有没有人拿到压岁钱想狠狠消费一把的，我这有个不错的收款码
[2026-02-22 01:30:37] 一不小心丶就丶: 爆
[2026-02-22 01:30:38] 大裂谷的登山家: 很喜欢房管的投票：最喜欢的选手——ZywOo
[2026-02-22 01:30:38] 用户4743944990: 暂无搜索结果怎么办啊
[2026-02-22 01:30:38] LvvsiN: 其实碗橱就是猪灵，你不拿黄金丢他他就不跟你说话
[2026-02-22 01:30:38] JS458450: 　　　 弹幕真的恶俗给人布罗利的uid都挖出来了，哦对了记得提醒他剪鼻毛🤭
[2026-02-22 01:30:39] 李香兰丶秋意浓: 很喜欢房管的投票：最喜欢的选手——ZywOo
[2026-02-22 01:30:39] 倾盆大rain: @🌊：本来蜘蛛防着不让蜜蜂进的，现在好了你给蜘蛛宫了谁拦住蜜蜂😅
[2026-02-22 01:30:39] SaberMax丶: dennyslae
[2026-02-22 01:30:40] 湖上风72121: @斧乃木：对的兄弟就这么封😁😁😁
[2026-02-22 01:30:40] 刘刘的农:  @斧乃木：再刷布罗利的弹幕我见一个封一个…woc上错号了！😧😧😧
[2026-02-22 01:30:40] 樱落鬼: @斧乃木：对的兄弟就这么封😁😁😁
[2026-02-22 01:30:40] 可苦可乐GRA: 31岁狙击手和32岁指挥：未来可期
[2026-02-22 01:30:40] 丶丶Ken丶丶: @斧乃木：对的兄弟就这么封😁😁😁
[2026-02-22 01:30:40] LvvsiN: 我提一嘴这剧情越来越像上海major了
[2026-02-22 01:30:41] 僧间理亚official: 西口西口
[2026-02-22 01:30:41] Aolite: bcg 看不上这种小众比赛
[2026-02-22 01:30:41] 那就点: 很喜欢房管的投票：最喜欢的选手——ZywOo
[2026-02-22 01:30:42] Br00kZzZ: @阿汤日记：一个人，5发子弹，保住格陵兰岛。我不会叫它不可能完成的任务，我现在只想先回家看亦博
[2026-02-22 01:30:42] 米米世界之神: 弹幕真的恶俗给人布罗利的uid都挖出来了，哦对了记得提醒他剪鼻毛🤭
[2026-02-22 01:30:42] LvvsiN: 南孚一节更比六节强，也就是一节南孚比六节南孚强，六节南孚比三十六节强，三十六节比二百一十六节强
[2026-02-22 01:30:42] 爱丽速子的小白鼠: misutaaa来了
[2026-02-22 01:30:42] 江發福: 莪棈杺痽備哋弹募怎庅潑芣炪厾？沵個炪泩叒屛幣孒什庅詞？
[2026-02-22 01:30:42] 举杯邀月影: 来佛一把
[2026-02-22 01:30:43] 吃烧烤得吃烤茄子: 如数家珍
[2026-02-22 01:30:43] Subto: @kyxsan：Niko你去边nota
[2026-02-22 01:30:43] Jira1ya0: 明天晚上8点老猪比赛看吗？
[2026-02-22 01:30:43] 康托尔74920: 　　　 弹幕真的恶俗给人布罗利的uid都挖出来了，哦对了记得提醒他剪鼻毛🤭
[2026-02-22 01:30:43] 鼓鼓鼓捣叨叨: bc说要退赛，布罗利来替他了
[2026-02-22 01:30:44] 呆妹儿的姑父: 听到你做个记号 请装进书包别四处招摇
[2026-02-22 01:30:44] 爱吃青椒的重曹酱: bc什么排名 你什么排名
[2026-02-22 01:30:44] MJ猪猪呀: @斧乃木：再刷布罗利的弹幕我见一个封一个…woc上错号了！😧😧😧
[2026-02-22 01:30:44] LvvsiN: 别解说了 多聊会天 你不会真的以为能输吧
[2026-02-22 01:30:44] xOcOg: 【格陵兰战报】大东指挥两张图，设备指挥一张图，大东指挥设备送45次，设备拿下关键击杀29个
[2026-02-22 01:30:45] 挥泪斩楚狗: 让布罗利当尼孝封弹幕，然后你把他切割了洗白自己，好一招卸磨杀驴
[2026-02-22 01:30:45] C9的achine6658本人: 刷数字载物是善意玩笑，刷数字玩神是恶意引导，这点要分清楚
[2026-02-22 01:30:45] viovvvvvvvon: @斧乃木：对的兄弟就这么封😁😁😁
[2026-02-22 01:30:45] Saiki559: @斧乃木：对的兄弟就这么封😁😁😁
[2026-02-22 01:30:45] 黄色偶像大师: @斧乃木：对的兄弟就这么封😁😁😁
[2026-02-22 01:30:45] takakiyo: ？
[2026-02-22 01:30:45] 月夜referee:  @斧乃木：再刷布罗利的弹幕我见一个封一个…woc上错号了！😧😧😧
[2026-02-22 01:30:45] bsqqaq: 十万了粉丝团，完除心里高兴坏了了有感觉吗
[2026-02-22 01:30:46] Falcons十天老粉: 你们千万别搜索uid6512408举报房管布罗利啊
[2026-02-22 01:30:46] LokiAka: 全是小众宝藏比赛desuw@
[2026-02-22 01:30:46] 最爱的马卡龙:  @斧乃木：再刷布罗利的弹幕我见一个封一个…woc上错号了！😧😧😧
[2026-02-22 01:30:46] 好姐妹常陆茉子: 拉古那
[2026-02-22 01:30:46] LvvsiN: 其实碗橱就是猪灵，你不拿黄金丢他他就不跟你说话
[2026-02-22 01:30:47] Shadow丶zed: 拉古那
[2026-02-22 01:30:47] 狂三Yud丶Bet: 刷数字载物是善意玩笑，刷数字玩神是恶意引导，这点要分清楚
[2026-02-22 01:30:47] 結城希亞: @斧乃木：对的兄弟就这么封😁😁😁
[2026-02-22 01:30:48] 呆妹儿的姑父: 听到你做个记号 请装进书包别四处招摇
[2026-02-22 01:30:48] 好哥们奥格巴巴: @斧乃木：对的兄弟就这么封😁😁😁
[2026-02-22 01:30:48] arimrs: @阿汤日记：一个人，5发子弹，保住格陵兰岛。我不会叫它不可能完成的任务，我现在只想先回家看亦博
[2026-02-22 01:30:48] 夏空喵: 丹尼斯劳
[2026-02-22 01:30:48] 感到快乐你就开开箱: major
[2026-02-22 01:30:48] 萝伯丝比尔: 弹幕真的恶俗给人布罗利的uid都挖出来了，哦对了记得提醒他剪鼻毛🤭
[2026-02-22 01:30:48] 麦克里斯特尔: 小众宝藏
[2026-02-22 01:30:48] LvvsiN: 弹幕也就网上说说，现实里谁不觉得樱姐是好女孩（删括号领一条远坂凛同款鸟笼）
[2026-02-22 01:30:48] 月读的八千代本人: 拉古那不赖
[2026-02-22 01:30:49] 用户46659809: 玩神到底能不能玩数字梗啊之前这么多危险比分警告不封 hyw啊
[2026-02-22 01:30:49] 九条都M1YaKo: 拉古那
[2026-02-22 01:30:49] 刘刘的农: 弹幕真的恶俗给人布罗利的uid都挖出来了，哦对了记得提醒他剪鼻毛🤭
[2026-02-22 01:30:49] TieZhu丶: 鸵鸟
[2026-02-22 01:30:49] 玩乐奈、puxxi: 弹幕我研究明白了！说尼是我跌就可以白票房管老 po一次，真的！
[2026-02-22 01:30:49] Eirir: 小众宝藏比赛
[2026-02-22 01:30:50] 挥泪斩楚狗: 让布罗利当尼孝封弹幕，然后你把他切割了洗白自己，好一招卸磨杀驴
[2026-02-22 01:30:50] 小蜜蜂的长期素食本人: dupreeh
[2026-02-22 01:30:50] 衣服Kaiju: 都是两百多名的队伍吗，赢了能有几分
[2026-02-22 01:30:50] 正直的鸡哥: 全网最尊重sico的直播间
[2026-02-22 01:30:50] LvvsiN: 其实碗橱就是猪灵，你不拿黄金丢他他就不跟你说话
[2026-02-22 01:30:51] 呆妹儿的姑父: 听到你做个记号 请装进书包别四处招摇
[2026-02-22 01:30:51] 海绵宝宝噶点儿: 无人在意
[2026-02-22 01:30:51] Aleksumimi: 我参与了投票 我投给了“Zywoo”
[2026-02-22 01:30:51] Mouz的X9本人: 十万了粉丝团，完除心里高兴坏了了有感觉吗
[2026-02-22 01:30:51] 叛逆的源源李: 贵宾自己退一退，等贵宾少了碗橱就开始夜话环节了。
[2026-02-22 01:30:51] 天守阁信长: @斧乃木：对的兄弟就这么封😁😁😁
[2026-02-22 01:30:52] Altolier: 　　　 弹幕真的恶俗给人布罗利的uid都挖出来了，哦对了记得提醒他剪鼻毛🤭
[2026-02-22 01:30:52] Sumimi的Uika本人: 拉古那
[2026-02-22 01:30:52] 大裂谷的登山家: @🌊：本来蜘蛛防着不让蜜蜂进的，现在好了你给蜘蛛宫了谁拦住蜜蜂😅
[2026-02-22 01:30:52] 牢大与小布丁: 你们千万别搜索uid6512408举报房管布罗利啊
[2026-02-22 01:30:52] 约渊: 明天晚上8点老猪比赛看吗？
[2026-02-22 01:30:53] LvvsiN: 你为什么要把mαjor禁了，我收藏的一半弹幕全毁了
[2026-02-22 01:30:53] 大姜饼: @斧乃木：对的兄弟就这么封😁😁😁
[2026-02-22 01:30:53] 玉蜀黍巧克力: 这你都认识
[2026-02-22 01:30:53] 羽川翼的恋爱物语: 懂你意思
[2026-02-22 01:30:53] 红魔馆的蕾米莉亚本人: @斧乃木：再刷布罗利的弹幕我见一个封一个…woc上错号了！😧😧😧
[2026-02-22 01:30:54] 忘却、: 玩神
[2026-02-22 01:30:54] 玩机器快快乐乐: 抓娃娃
[2026-02-22 01:30:54] 怒之拳: @阿汤日记：一个人，5发子弹，保住格陵兰岛。我不会叫它不可能完成的任务，我现在只想先回家看亦博
[2026-02-22 01:30:54] tongguqier: 莪棈杺痽備哋弹募怎庅潑芣炪厾？沵個炪泩叒屛幣孒什庅詞？
[2026-02-22 01:30:55] LvvsiN: 孩子们快跑，马修赫伯特来了😨卧槽你的怎么是马枪和BOT
[2026-02-22 01:30:55] 叫我小陈哥哥就好了: 小众宝藏
[2026-02-22 01:30:55] 千早爱音desu: 弹幕真的恶俗给人布罗利的uid都挖出来了，哦对了记得提醒他剪鼻毛🤭
[2026-02-22 01:30:55] bsqqaq: 十万了粉丝团，完除心里高兴坏了了有感觉吗
[2026-02-22 01:30:55] 小箱我亲死你: 专业
[2026-02-22 01:30:56] 诗源21537: 拉古那
[2026-02-22 01:30:56] 畀相逢何必: 弹幕别说实话啦，我怕一会玩大哥把气都撒到小蜜蜂身上了😭
[2026-02-22 01:30:56] 用户9836254668: 格陵兰战报：大东指挥两张图，设备指挥一张图，大东指挥设备送45次，设备拿下关键击杀29个。
[2026-02-22 01:30:56] 银睿憨: 懂你意思
[2026-02-22 01:30:56] 温柔是罪是罪吗: 小众宝藏比赛
[2026-02-22 01:30:56] Mouz的X9本人: @斧乃木：再刷布罗利的弹幕我见一个封一个…woc上错号了！😧😧😧
[2026-02-22 01:30:56] Subto: 刷数字载物是善意玩笑，刷数字玩神是恶意引导，这点要分清楚
[2026-02-22 01:30:56] 爱吃青椒的重曹酱: 老爸倒了
[2026-02-22 01:30:57] LvvsiN: 其实碗橱就是猪灵，你不拿黄金丢他他就不跟你说话
[2026-02-22 01:30:57] 桂林米粉比较好吃: 玩神到底能不能玩数字梗啊之前这么多危险比分警告不封 hyw啊
[2026-02-22 01:30:57] gogolz: 幻想中
[2026-02-22 01:30:58] 曲奇三梦: 小众宝藏
[2026-02-22 01:30:58] bsqqaq: 十万了粉丝团，完除心里高兴坏了了有感觉吗
[2026-02-22 01:30:58] cimo0O0o: kg
[2026-02-22 01:30:58] 江發福: 莪棈杺痽備哋弹募怎庅潑芣炪厾？沵個炪泩叒屛幣孒什庅詞？
[2026-02-22 01:30:58] 呆妹儿的姑父: 听到你做个记号 请装进书包别四处招摇
[2026-02-22 01:30:58] 用户0553661491: 懂你意思
[2026-02-22 01:30:58] 用户9921747043: 懂你意思
[2026-02-22 01:30:58] 约渊: 明天晚上8点老猪比赛看吗？
[2026-02-22 01:30:59] LvvsiN: 弹幕也就网上说说，现实里谁不觉得樱姐是好女孩（删括号领一条远坂凛同款鸟笼）
[2026-02-22 01:30:59] 100T的Magisk本人: 引导
[2026-02-22 01:30:59] wank机器: 这么小众还在研究
[2026-02-22 01:30:59] 挥泪斩楚狗: 让布罗利当尼孝封弹幕，然后你把他切割了洗白自己，好一招卸磨杀驴
[2026-02-22 01:30:59] 怎么被用了: 弹幕也就网上说说，现实里谁不觉得樱姐是好女孩（删括号领一条远坂凛同款鸟笼）desuwa
[2026-02-22 01:30:59] 暷風: 爆
[2026-02-22 01:30:59] 水球碳酸饮料: 小众宝藏比赛
[2026-02-22 01:31:00] 无敌都一定会的: 妖王队
[2026-02-22 01:31:00] Wine九九: 宝众小藏比赛
[2026-02-22 01:31:00] 两只帝王蟹: 你他喵怎么谁都认识啊
[2026-02-22 01:31:00] B3zzz: 懂你意思CN队
[2026-02-22 01:31:00] 呆妹儿的姑父: 听到你做个记号 请装进书包别四处招摇
[2026-02-22 01:31:00] takakiyo: 最玩幻想
[2026-02-22 01:31:00] 举杯邀月影: 事到如今佛一把
[2026-02-22 01:31:01] 大裂谷的登山家:     弹幕真的恶俗给人布罗利的uid都挖出来了，哦对了记得提醒他剪鼻毛🤭
[2026-02-22 01:31:01] LvvsiN: 你屏蔽词都快赶上新华词典了为什么不干脆开一百级发言？
[2026-02-22 01:31:01] 渡亡神雅睿欧斯: 收到
[2026-02-22 01:31:01] NearrrR: 懂你意思
[2026-02-22 01:31:01] 莫情123: 能过吗？
[2026-02-22 01:31:01] 用户46659809: 刷数字载物是善意玩笑，刷数字玩神是恶意引导，这点要分清楚
[2026-02-22 01:31:01] 蓝月亮843: @玩机器：没人觉得用马桶泡面很方便吗?吃完按一下就冲走了 碗都不用洗
[2026-02-22 01:31:02] 呆妹儿的姑父: 听到你做个记号 请装进书包别四处招摇
[2026-02-22 01:31:03] 机器大战咬人猫: 引导
[2026-02-22 01:31:03] LvvsiN: 玩宝宝，我发现在大学上学的时候肄业会很舒服，你可以试试
[2026-02-22 01:31:03] 我木JJ怕个锤子: 弹幕真的恶俗给人布罗利的uid都挖出来了，哦对了记得提醒他剪鼻毛🤭
[2026-02-22 01:31:03] 老鼠丶爷爷: 懂你意思
[2026-02-22 01:31:03] 白皇的三千院Nagi本人: 幻想中
[2026-02-22 01:31:04] wjnbsl: 最玩幻想
[2026-02-22 01:31:04] 不吃晃的狙击手: 什么叫菜队都是母语队
[2026-02-22 01:31:04] 甘織玲奈子: 莪棈杺痽備哋弹募怎庅潑芣炪厾？沵個炪泩叒屛幣孒什庅詞？
[2026-02-22 01:31:04] 孙大山: Falcons就应该参加这种比赛
[2026-02-22 01:31:04] gandalfr614: 懂你意思
[2026-02-22 01:31:04] 吃烧烤得吃烤茄子: ？？？？
[2026-02-22 01:31:04] 江發福: 莪棈杺痽備哋弹募怎庅潑芣炪厾？沵個炪泩叒屛幣孒什庅詞？
[2026-02-22 01:31:05] 空城旧梦heh: 抓娃娃
[2026-02-22 01:31:05] 呆妹儿的姑父: 听到你做个记号 请装进书包别四处招摇
[2026-02-22 01:31:05] LvvsiN: 男人一生只哭十八次：niko十七次梦碎major正赛, niko梦碎里约major RMR
[2026-02-22 01:31:05] RyeHS: ？
[2026-02-22 01:31:05] 皮里恩丶: ？
[2026-02-22 01:31:05] 和泉千晶MAo: 刷数字载物是善意玩笑，刷数字玩神是恶意引导，这点要分清楚
[2026-02-22 01:31:05] 夏筱筱雪: 明天晚上8点老猪比赛看吗？
[2026-02-22 01:31:06] arimrs: 幻想
[2026-02-22 01:31:06] C9的achine6658本人: 刷数字载物是善意玩笑，刷数字玩神是恶意引导，这点要分清楚
[2026-02-22 01:31:06] 我永远喜欢田井中律: 格陵兰战报：大东指挥两张图，设备指挥一张图，大东指挥设备送45次，设备拿下关键击杀29个。
[2026-02-22 01:31:06] 凸凸凹凸凹凸凸凸: 哇
[2026-02-22 01:31:06] 火车载王朝: 哈哈哈哈哈
[2026-02-22 01:31:07] A队的佐佐木李子本人: 懂你意思
[2026-02-22 01:31:07] 毅毅本攻: 宝众小藏比赛
[2026-02-22 01:31:07] LvvsiN: 你为什么要把mαjor禁了，我收藏的一半弹幕全毁了
[2026-02-22 01:31:07] 友爱i: 懂你意思
[2026-02-22 01:31:07] 舌吻陈彦川: 布罗利你有没有种啊，这么多弹幕隔着串你，是我都给封了
[2026-02-22 01:31:07] 莫情123: 7500刀了
[2026-02-22 01:31:07] 如初9418: 懂你意思
[2026-02-22 01:31:07] 流光似水321: 闹麻了
[2026-02-22 01:31:07] 呆毛帝国皇家御用大厨: 宝众小藏比赛
[2026-02-22 01:31:07] Aleksumimi: @房管布罗利：我参与了投票 我投给了“Zywoo”
[2026-02-22 01:31:08] 长沙沈三炮: ？
[2026-02-22 01:31:08] 爱吃青椒的重曹酱: 不关汤汤的事哦
[2026-02-22 01:31:08] 用户2719002301: ？
[2026-02-22 01:31:08] 中X千早爱音: 妖王队
[2026-02-22 01:31:08] 鼓鼓鼓捣叨叨: @玩机器：没人觉得用马桶泡面很方便吗?吃完按一下就冲走了 碗都不用洗
[2026-02-22 01:31:08] 仰望告级: 其实碗橱就是猪灵，你不拿黄金丢他他就不跟你说话
[2026-02-22 01:31:08] 好哥们黑龙歼灭刀: Falcons就应该参加这种比赛
[2026-02-22 01:31:08] 玩斯特出出6657: 最玩幻想
[2026-02-22 01:31:09] bsqqaq: 十万了粉丝团，完除心里高兴坏了了有感觉吗
[2026-02-22 01:31:09] LyfeBestla本人: 洗钱了
[2026-02-22 01:31:09] 呆妹儿的姑父: 听到你做个记号 请装进书包别四处招摇
[2026-02-22 01:31:09] 失去了才会珍惜649: 小众宝藏比赛
[2026-02-22 01:31:09] 啪啪啪啪的蛋: 玩神到底能不能玩数字梗啊之前这么多危险比分警告不封 hyw啊
[2026-02-22 01:31:10] 祐天寺喵梦: 弹幕真的恶俗给人布罗利的uid都挖出来了，哦对了记得提醒他剪鼻毛🤭
[2026-02-22 01:31:10] 普通网友小沈: niko编nota，玩机器怒喷：你编你木呢；zywoo编jee，玩机器笑道：老载进行了一波友好互动
[2026-02-22 01:31:10] 大姜饼: 刷数字载物是善意玩笑，刷数字玩神是恶意引导，这点要分清楚
[2026-02-22 01:31:10] 电竞白莲花丶: 7.5k
[2026-02-22 01:31:10] SDL白无: 布罗利你有没有种啊，这么多弹幕隔着串你，是我都给封了
[2026-02-22 01:31:10] 岛田王师傅: 巨款
[2026-02-22 01:31:10] 玩鸡器的小鸟111: 懂了
[2026-02-22 01:31:11] 繁繁繁华华: 巨款
[2026-02-22 01:31:11] i化石-: 最玩幻想
[2026-02-22 01:31:11] 寒枫曳是一头傲空的隼: 又编划了
[2026-02-22 01:31:11] 玩鸡枪丶Machinegun: 太多了
[2026-02-22 01:31:12] bsqqaq: 十万了粉丝团，完除心里高兴坏了了有感觉吗
[2026-02-22 01:31:12] 有舍身会这样吗: 哈哈哈哈
[2026-02-22 01:31:12] s坑华: 还挺多
[2026-02-22 01:31:12] viovvvvvvvon: 宝众小藏比赛
[2026-02-22 01:31:12] 呆妹儿的姑父: 听到你做个记号 请装进书包别四处招摇
[2026-02-22 01:31:12] 曲终人散cccc: @玩机器：菜队都是母语队！
[2026-02-22 01:31:12] 甘織玲奈子: 莪棈杺痽備哋弹募怎庅潑芣炪厾？沵個炪泩叒屛幣孒什庅詞？
[2026-02-22 01:31:12] 玩斯特机机: 小众宝藏比赛
[2026-02-22 01:31:13] 地毯毯同学: 宝众小藏比赛
[2026-02-22 01:31:13] LvvsiN: @阿汤日记：一个人，5发子弹，保住格陵兰岛。我不会叫它不可能完成的任务，我现在只想先回家看亦博
[2026-02-22 01:31:13] 翟先生zxq: 直接被踢死
[2026-02-22 01:31:13] 约渊: 明天晚上8点老猪比赛看吗？
[2026-02-22 01:31:13] 用户1181920443: 开始幻想
[2026-02-22 01:31:14] v塔立体的猪头肉本人: 刷数字载物是善意玩笑，刷数字玩神是恶意引导，这点要分清楚
[2026-02-22 01:31:14] 好哥们黑龙歼灭刀: @房管布罗利：我参与了投票 我投给了“Zywoo”
[2026-02-22 01:31:14] 吃烧烤得吃烤茄子: 哇 好多啊
[2026-02-22 01:31:14] 城崎诺亚: Falcons就应该参加这种比赛
[2026-02-22 01:31:14] 〆垃圾君ㄣ: 感觉不如输了多啊
[2026-02-22 01:31:15] 月夜referee: 最玩幻想
[2026-02-22 01:31:15] LvvsiN: 额，拿亚军我都会，拿亚军，拿季军，拿四强，拿八强，拿十六强，呃拿冠军我不会，然后小组赛淘汰
[2026-02-22 01:31:15] 李小小与虾大大: 你们怎么知道谁被禁了，真心求教🥺
[2026-02-22 01:31:15] bsqqaq: 十万了粉丝团，完除心里高兴坏了了有感觉吗
[2026-02-22 01:31:16] 水球碳酸饮料: 巨款
[2026-02-22 01:31:16] 萝伯丝比尔: 有一说一人家布罗利今天都没发弹幕。。。
[2026-02-22 01:31:16] 我要去泳池里尿尿: 哇 花得完吗
[2026-02-22 01:31:16] 呆妹儿的姑父: 听到你做个记号 请装进书包别四处招摇
[2026-02-22 01:31:16] MrJooooe: 母语队都是菜
[2026-02-22 01:31:16] Oxealiz: 巨款
[2026-02-22 01:31:19] LvvsiN: 额，拿亚军我都会，拿亚军，拿季军，拿四强，拿八强，拿十六强，呃拿冠军我不会，然后小组赛淘汰
[2026-02-22 01:31:19] 挥泪斩楚狗: 让布罗利当尼孝封弹幕，然后你把他切割了洗白自己，好一招卸磨杀驴
[2026-02-22 01:31:19] 扰乱: 德古拉不是罗马尼亚的是哪的
[2026-02-22 01:31:19] 樱落鬼: 莪棈杺痽備哋弹募怎庅潑芣炪厾？沵個炪泩叒屛幣孒什庅詞？
[2026-02-22 01:31:19] veggboy: 7500万吗
[2026-02-22 01:31:19] 草莓冰酪: 刷数字载物是善意玩笑，刷数字玩神是恶意引导，这点要分清楚
[2026-02-22 01:31:19] 火星情报员工: Falcons就应该参加这种比赛
[2026-02-22 01:31:19] 刘刘的农: 布罗利你有没有种啊，这么多弹幕隔着串你，是我都给封了
[2026-02-22 01:31:19] 呆妹儿的姑父: 听到你做个记号 请装进书包别四处招摇
[2026-02-22 01:31:20] LvvsiN: 别解说了 多聊会天 你不会真的以为能输吧
[2026-02-22 01:31:20] 软男2001: 莪棈杺痽備哋弹募怎庅潑芣炪厾？沵個炪泩叒屛幣孒什庅詞？
[2026-02-22 01:31:21] xuzVan: 玩玩才不会切割呢，好狗肯定用一辈子呀
[2026-02-22 01:31:21] LkCatQwQ: 还没玩大哥一晚上赚得多
[2026-02-22 01:31:21] 修理狗: 莪棈杺痽備哋弹募怎庅潑芣炪厾？沵個炪泩叒屛幣孒什庅詞？
[2026-02-22 01:31:21] LetsGo萌够乐紫: 玩机器原话：菜队好多都是母语队（不是cncs）
[2026-02-22 01:31:22] kyubit: 烂
[2026-02-22 01:31:22] 肮琞: 巨款
[2026-02-22 01:31:22] 爱吃青椒的重曹酱: 133.8万吗
[2026-02-22 01:31:22] LvvsiN: 你这音画不同步太难受了，我都听到NIKO里约RMR晋级的欢呼了
[2026-02-22 01:31:22] 阿七要努力js: 天禄
[2026-02-22 01:31:22] 牟平鲁尼: 都不够俩老头一个礼拜工资
[2026-02-22 01:31:23] Sereinily: 刷数字载物是善意玩笑，刷数字玩神是恶意引导，这点要分清楚
[2026-02-22 01:31:23] 渡亡神雅睿欧斯: ？
[2026-02-22 01:31:23] 用户2719002301: 许昊文推荐指数：👍👍👍👍👍，点击捡钱👈
[2026-02-22 01:31:23] 宇莓: @斤乃木：怎么现在的房管在本直播间都能被切割了啊，行不行啊
[2026-02-22 01:31:23] 怒之拳: Falcons就应该参加这种比赛
[2026-02-22 01:31:23] 998179y: 刷数字载物是善意玩笑，刷数字玩神是恶意引导，这点要分清楚
[2026-02-22 01:31:24] zywngty: 烂
[2026-02-22 01:31:24] 玩斯特机机: 烂
[2026-02-22 01:31:24] 承認欲求: 是烂啊
[2026-02-22 01:31:24] 挥泪斩楚狗: 让布罗利当尼孝封弹幕，然后你把他切割了洗白自己，好一招卸磨杀驴
[2026-02-22 01:31:24] LvvsiN: 你屏蔽词都快赶上新华词典了为什么不干脆开一百级发言？
[2026-02-22 01:31:24] 石家庄的刘亦博本人: 是烂啊
[2026-02-22 01:31:24] SaberMax丶: 烂
[2026-02-22 01:31:24] bsqqaq: 十万了粉丝团，完除心里高兴坏了了有感觉吗
[2026-02-22 01:31:24] 尼你害孩没这冠军de: 烂
[2026-02-22 01:31:24] 嘿yuMe: 烂
[2026-02-22 01:31:24] 衣服Kaiju: 不如老汤一个月烟钱
[2026-02-22 01:31:24] 好哥们黑龙歼灭刀: 刷数字载物是善意玩笑，刷数字玩神是恶意引导，这点要分清楚
[2026-02-22 01:31:24] 驴驴宗宗买这冠军: 机器 为什么不开双倍.........
[2026-02-22 01:31:24] 蝶花月: 烂
[2026-02-22 01:31:24] i化石-: 是烂啊
[2026-02-22 01:31:24] lonhkfd: 烂
[2026-02-22 01:31:25] 青椒土豆丶: 太多了
[2026-02-22 01:31:25] 杰里科丶: 烂
[2026-02-22 01:31:25] LvvsiN: 其实碗橱就是猪灵，你不拿黄金丢他他就不跟你说话
[2026-02-22 01:31:25] 哈机器好胖好可爱: 烂
[2026-02-22 01:31:25] 一不小心丶就丶: 烂
[2026-02-22 01:31:26] IsemiTina: 烂
[2026-02-22 01:31:26] 柳小目: 布罗利你有没有种啊，这么多弹幕隔着串你，是我都给封了
[2026-02-22 01:31:26] 修理狗: 烂
[2026-02-22 01:31:26] 白河日和: 烂
[2026-02-22 01:31:26] 好姐妹五更琉璃喵: 烂
[2026-02-22 01:31:26] 玩蛋蛋丶egg: 烂
[2026-02-22 01:31:27] NaiMoTkkk: 烂
[2026-02-22 01:31:27] KirinQi: 是烂啊
[2026-02-22 01:31:27] 里予禾中猴王雷冖: 烂
[2026-02-22 01:31:27] 奶芙哈特小姐: 是烂啊
[2026-02-22 01:31:27] 莫情123: 机票够吗
[2026-02-22 01:31:27] 爱吃青椒的重曹酱: 很喜欢房管的投票：最喜欢的选手——ZywOo
[2026-02-22 01:31:28] 无敌都一定会的: 烂
[2026-02-22 01:31:28] RSFnb: 烂
[2026-02-22 01:31:28] 双标犬玩机器: 刷数字载物是善意玩笑，刷数字玩神是恶意引导，这点要分清楚
[2026-02-22 01:31:28] 水球碳酸饮料: 烂
[2026-02-22 01:31:28] 迷走江湖: 够路费吗？
[2026-02-22 01:31:29] 温柔是罪是罪吗: 是烂啊
[2026-02-22 01:31:29] bsqqaq: 十万了粉丝团，完除心里高兴坏了了有感觉吗
[2026-02-22 01:31:29] 扰乱: 他叫draculan你猜是不是lan
[2026-02-22 01:31:29] 来自中原一群伙伴: 可以吃好多黄焖鸡米饭了
[2026-02-22 01:31:29] Aleksumimi: 烂
[2026-02-22 01:31:29] 中奖女装丨99999: 烂
[2026-02-22 01:31:29] 感到快乐你就开开箱: Falcons就应该参加这种比赛
[2026-02-22 01:31:29] arimrs: 痱子可烂
[2026-02-22 01:31:29] 犭火夕卜其斤: 玩大哥办个比赛
[2026-02-22 01:31:29] 3BM22: 是烂啊
[2026-02-22 01:31:29] A1report: @房管布罗利：我参与了投票 我投给了“Zywoo”
[2026-02-22 01:31:29] 不吃晃的狙击手: 烂
[2026-02-22 01:31:30] HaibaraAi1109: 刷数字载物是善意玩笑，刷数字玩神是恶意引导，这点要分清楚
[2026-02-22 01:31:30] 地毯毯同学: 烂
[2026-02-22 01:31:30] 喉宝Eilf: 力挺楼兰
[2026-02-22 01:31:30] 珠珠团子: 是烂啊
[2026-02-22 01:31:30] 2635174919: 烂
[2026-02-22 01:31:30] BUG丶Cone: 有机票贵吗
[2026-02-22 01:31:30] angry嗷呜: 烂
[2026-02-22 01:31:30] 玩斯特出出6657: 流量
[2026-02-22 01:31:30] desuwa的丰川祥子本人: 烂
[2026-02-22 01:31:31] PKURoger: 烂
[2026-02-22 01:31:31] 我不是闪烁啊: 玩机器原话：烂
[2026-02-22 01:31:31] 好姐妹弓塚五月: 烂
[2026-02-22 01:31:31] 好哥们黑龙歼灭刀: 让布罗利当尼孝封弹幕，然后你把他切割了洗白自己，好一招卸磨杀驴
[2026-02-22 01:31:31] Shadow丶zed: 是烂啊
[2026-02-22 01:31:31] 开洛梦回: 是烂啊
[2026-02-22 01:31:32] 晞圣莱恩: 你这音画不同步太难受了，我都听到NIKO里约RMR晋级的欢呼了
[2026-02-22 01:31:32] bsqqaq: 十万了粉丝团，完除心里高兴坏了了有感觉吗
[2026-02-22 01:31:32] gogolz: 重新认识二线比赛
[2026-02-22 01:31:33] 我木JJ怕个锤子: 玩玩才不会切割呢，好狗肯定用一辈子呀
[2026-02-22 01:31:33] djklyk: 烂
[2026-02-22 01:31:33] LvvsiN: 别解说了 多聊会天 你不会真的以为能输吧
[2026-02-22 01:31:34] jamesfaith23: 烂
[2026-02-22 01:31:34] viovvvvvvvon: 够路费吗？
[2026-02-22 01:31:34] 白匀呀: 其实碗橱就是猪灵，你不拿黄金丢他他就不跟你说话
[2026-02-22 01:31:35] 正经猪头肉: 闹麻了
[2026-02-22 01:31:35] 爱吃青椒的重曹酱: 听到你做个记号 请装进书包别四处招摇
[2026-02-22 01:31:35] 糖尿病少恰甜的: 这带节奏的我点开看了一下都有电棍牌子，说实话都是同行真没必要这样搞😓 
[2026-02-22 01:31:35] 温柔皮皮想吃屁屁: 布罗利你有没有种啊，这么多弹幕隔着串你，是我都给封了
[2026-02-22 01:31:35] LvvsiN: 你为什么要把mαjor禁了，我收藏的一半弹幕全毁了
[2026-02-22 01:31:35] 用户2719002301: 许昊文推荐指数：👍👍👍👍👍，点击捡钱👈
[2026-02-22 01:31:35] LYP2077: 哦了
[2026-02-22 01:31:35] GlockieSs: 让布罗利当尼孝封弹幕，然后你把他切割了洗白自己，好一招卸磨杀驴
[2026-02-22 01:31:35] 嘤击常空: 舟车劳顿了
[2026-02-22 01:31:36] 瑭珏: 再见了烂
[2026-02-22 01:31:36] 用户5608006019: 烂
[2026-02-22 01:31:36] 好兄弟平湖家猪王: 烂
[2026-02-22 01:31:36] 小空速: 有机票贵吗
[2026-02-22 01:31:37] bsqqaq: 十万了粉丝团，完除心里高兴坏了了有感觉吗
[2026-02-22 01:31:37] 艾克伯特: 还没玩大哥时薪高
[2026-02-22 01:31:37] LvvsiN: 我提一嘴这剧情越来越像上海major了
[2026-02-22 01:31:37] 两只帝王蟹: 感觉赢了没输了赚的多啊
[2026-02-22 01:31:37] 玩机器的P站账号: 还没有尼孝和海啸一晚上给你刷的多
[2026-02-22 01:31:38] 丿哈哈大笑: 妃子可烂
[2026-02-22 01:31:38] 啪啪啪啪的蛋: 让布罗利当尼孝封弹幕，然后你把他切割了洗白自己，好一招卸磨杀驴
[2026-02-22 01:31:38] veggboy: 7500够机票吗
[2026-02-22 01:31:38] 好姐妹常陆茉子: 宝藏大众比赛
[2026-02-22 01:31:38] 鼓鼓鼓捣叨叨:  @无名之辈-01：@房管布罗利：我参与了投票 我投给了“Zywoo”
[2026-02-22 01:31:38] 祐天寺喵梦: 玩玩才不会切割呢，好狗肯定用一辈子呀
[2026-02-22 01:31:39] LvvsiN: @阿汤日记：一个人，5发子弹，保住格陵兰岛。我不会叫它不可能完成的任务，我现在只想先回家看亦博
[2026-02-22 01:31:39] 玩大狙、dev1cy: 让布罗利当尼孝封弹幕，然后你把他切割了洗白自己，好一招卸磨杀驴
[2026-02-22 01:31:40] 玩刘农device: 都不够你尼叠一天工资的
[2026-02-22 01:31:40] ImYJY: fer
[2026-02-22 01:31:41] bsqqaq: 十万了粉丝团，完除心里高兴坏了了有感觉吗
[2026-02-22 01:31:41] 若叶睦吃苦瓜: 布罗利你有没有种啊，这么多弹幕隔着串你，是我都给封了
[2026-02-22 01:31:41] 卖二货的小蘑菇: bo1啊？
[2026-02-22 01:31:41] znnoy: 你们千万别搜索uid6512408举报房管布罗利啊
[2026-02-22 01:31:41] 威太立体-睦子米: 我们下个比赛干回来
[2026-02-22 01:31:41] LvvsiN: 孩子们快跑，马修赫伯特来了😨卧槽你的怎么是马枪和BOT
[2026-02-22 01:31:42] 黑化的玩小将: 你可以编，载载就不能编？
[2026-02-22 01:31:42] 用户3661578: 买分吧
[2026-02-22 01:31:42] 樱丘传奇吉他手平泽唯: 许昊文推荐指数：👍👍👍👍👍，点击捡钱👈
[2026-02-22 01:31:42] WE丶繁梦: 力挺楼兰
[2026-02-22 01:31:42] 爱吃青椒的重曹酱: 小众宝藏比赛
[2026-02-22 01:31:42] Oxealiz: 7500够机票吗
[2026-02-22 01:31:42] 求奶女儿CC不是大美女: 不如一场猎鹰比赛玩大哥收到的米多
[2026-02-22 01:31:43] viovvvvvvvon: 舟车劳顿了
[2026-02-22 01:31:43] 草莓冰酪: 都不够你尼叠一天工资的
[2026-02-22 01:31:43] C0C00N: 让布罗利当尼孝封弹幕，然后你把他切割了洗白自己，好一招卸磨杀驴
[2026-02-22 01:31:43] A队不吃晃的小祥本人: faze可烂
[2026-02-22 01:31:43] 银睿憨: 舟车劳顿了
[2026-02-22 01:31:43] 柳小目: 布罗利你有没有种啊，这么多弹幕隔着串你，是我都给封了
[2026-02-22 01:31:43] 驴驴宗宗买这冠军: 机器 你为什么不开双倍.........
[2026-02-22 01:31:43] 西安枪男niko: 能看到亲爹线下了
[2026-02-22 01:31:43] 昙花终难相遇: 让布罗利当尼孝封弹幕，然后你把他切割了洗白自己，好一招卸磨杀驴
[2026-02-22 01:31:44] 过龍門头号猛男: 还没有尼孝和海啸一晚上给你刷的多
[2026-02-22 01:31:44] 还有时间日落之前: 让布罗利当尼孝封弹幕，然后你把他切割了洗白自己，好一招卸磨杀驴
[2026-02-22 01:31:44] 白河日和: 主要是fer
[2026-02-22 01:31:44] k头又k兵: 电棍粉丝 还有玩机器的高能提纯小众结晶宝藏粉丝 你们再发一条弹幕 你们的主子就少活一天！
[2026-02-22 01:31:44] 一方通行plus: 是吗
[2026-02-22 01:31:45] 我木JJ怕个锤子: 让布罗利当尼孝封弹幕，然后你把他切割了洗白自己，好一招卸磨杀驴
[2026-02-22 01:31:45] HaibaraAi1109: 布罗利你有没有种啊，这么多弹幕隔着串你，是我都给封了
[2026-02-22 01:31:45] 阿良良木历Koyomi: 让布罗利当尼孝封弹幕，然后你把他切割了洗白自己，好一招卸磨杀驴
[2026-02-22 01:31:45] OMGlionKing: ⚡️充电评论 疾风知劲草，路遥知马力，机器宝宝加油！
[2026-02-22 01:31:45] LvvsiN: 额，拿亚军我都会，拿亚军，拿季军，拿四强，拿八强，拿十六强，呃拿冠军我不会，然后小组赛淘汰
[2026-02-22 01:31:45] 普通网友小沈: niko编nota，玩机器怒喷：你编你木呢；zywoo编jee，玩机器笑道：老载进行了一波友好互动
[2026-02-22 01:31:46] 想要玩大哥的不死祝福: 不是线下，就被挂沟踢死了
[2026-02-22 01:31:46] 樱丘传奇吉他手平泽唯: @阿汤日记：一个人，5发子弹，保住格陵兰岛。我不会叫它不可能完成的任务，我现在只想先回家看亦博
[2026-02-22 01:31:46] 牢大与小布丁: 　　　 布罗利你有没有种啊，这么多弹幕隔着串你，是我都给封了
[2026-02-22 01:31:46] KujoJolyne: 为什么不直接买分
[2026-02-22 01:31:46] DIZZYYELOW: 让布罗利当尼孝封弹幕，然后你把他切割了洗白自己，好一招卸磨杀驴
[2026-02-22 01:31:46] 草莓冰酪: 让布罗利当尼孝封弹幕，然后你把他切割了洗白自己，好一招卸磨杀驴
[2026-02-22 01:31:46] 怒之拳: 玩玩才不会切割呢，好狗肯定用一辈子呀
[2026-02-22 01:31:47] 阡陌ER: 布罗利你有没有种啊，这么多弹幕隔着串你，是我都给封了
[2026-02-22 01:31:47] arimrs: 真的不重要吗
[2026-02-22 01:31:47] 灯山雪: 0.93
[2026-02-22 01:31:47] El0Madrigal: 你们千万别搜索uid6512408举报房管布罗利啊
[2026-02-22 01:31:47] 挥泪斩楚狗: 让布罗利当尼孝封弹幕，然后你把他切割了洗白自己，好一招卸磨杀驴
[2026-02-22 01:31:47] 暴力卓司: 怀念玩大哥最好的房管双子星:san_sun和布罗利
[2026-02-22 01:31:48] 寒暑易节y: 线下争夺7000巨款
[2026-02-22 01:31:48] 黑化的玩小将: 你可以编，载载就不能编？
[2026-02-22 01:31:48] KevinTheFool: 让布罗利当尼孝封弹幕，然后你把他切割了洗白自己，好一招卸磨杀驴
[2026-02-22 01:31:49] 牧瀨紅莉栖awa: 让布罗利当尼孝封弹幕，然后你把他切割了洗白自己，好一招卸磨杀驴
[2026-02-22 01:31:49] 叫我神锋就好了: 许昊文推荐指数：👍👍👍👍👍，点击捡钱👈
[2026-02-22 01:31:49] LvvsiN: 孩子们快跑，马修赫伯特来了😨卧槽你的怎么是马枪和BOT
[2026-02-22 01:31:50] Dartline: ⚡️充电评论 疾风知劲草，路遥知马力，机器宝宝加油！
[2026-02-22 01:31:50] 若叶睦丶: 烂
[2026-02-22 01:31:50] 仲夏677: 让布罗利当尼孝封弹幕，然后你把他切割了洗白自己，好一招卸磨杀驴
[2026-02-22 01:31:50] C9的achine6658本人: 刷数字载物是善意玩笑，刷数字玩神是恶意引导，这点要分清楚
[2026-02-22 01:31:51] Firmament丶Ts: 玩大哥你怎么不办比赛给你爸刷分
[2026-02-22 01:31:51] 爱吃青椒的重曹酱: 懂你意思
[2026-02-22 01:31:51] Scar化伪伤痕: 这奖金都不如你几天收的礼物多
[2026-02-22 01:31:51] LvvsiN: 玩宝宝，我发现在大学上学的时候肄业会很舒服，你可以试试
[2026-02-22 01:31:52] Simple444881: 那得多少钱啊？
[2026-02-22 01:31:52] 玩设备丶dev1ce: 滥
[2026-02-22 01:31:52] Subto: ⚡️充电评论 疾风知劲草，路遥知马力，机器宝宝加油！
[2026-02-22 01:31:52] 好哥们黑龙歼灭刀: ⚡️充电评论 疾风知劲草，路遥知马力，机器宝宝加油！
[2026-02-22 01:31:52] 暴力卓司: 怀念玩大哥最好的房管双子星:san_sun和布罗利
[2026-02-22 01:31:52] 用户3661578: 看个培根或者小钟，别看你那区间墨菲了😅
[2026-02-22 01:31:53] shanweii: 让布罗利当尼孝封弹幕，然后你把他切割了洗白自己，好一招卸磨杀驴
[2026-02-22 01:31:53] 黄色偶像大师: 布罗利你有没有种啊，这么多弹幕隔着串你，是我都给封了
[2026-02-22 01:31:53] 刘刘的农: 让布罗利当尼孝封弹幕，然后你把他切割了洗白自己，好一招卸磨杀驴
[2026-02-22 01:31:53] BadBoy97: 布罗利你有没有种啊，这么多弹幕隔着串你，是我都给封了
[2026-02-22 01:31:53] 石家庄的刘亦博本人: 让布罗利当尼孝封弹幕，然后你把他切割了洗白自己，好一招卸磨杀驴
[2026-02-22 01:31:54] LvvsiN: 你为什么要把mαjor禁了，我收藏的一半弹幕全毁了
[2026-02-22 01:31:54] 挥泪斩楚狗: 让布罗利当尼孝封弹幕，然后你把他切割了洗白自己，好一招卸磨杀驴
[2026-02-22 01:31:54] Vitality的Zyw0o0本人: 让布罗利当尼孝封弹幕，然后你把他切割了洗白自己，好一招卸磨杀驴
[2026-02-22 01:31:54] 牟平鲁尼: 天天在这分分分的，你掉分眼里了？
[2026-02-22 01:31:55] Altolier: 让布罗利当尼孝封弹幕，然后你把他切割了洗白自己，好一招卸磨杀驴
[2026-02-22 01:31:55] OMGlionKing: ⚡️充电评论 疾风知劲草，路遥知马力，机器宝宝加油！
[2026-02-22 01:31:56] LvvsiN: 额，拿亚军我都会，拿亚军，拿季军，拿四强，拿八强，拿十六强，呃拿冠军我不会，然后小组赛淘汰
[2026-02-22 01:31:56] 友典冬希子: 给device一个当众丢人现眼的舞台罢了，观众当看小丑看的
[2026-02-22 01:31:56] YCSUN1017: 图三数据不看吗
[2026-02-22 01:31:56] 滑稽乂逗比: 巨大
[2026-02-22 01:31:56] 乌鸦晒不黑: 让布罗利当尼孝封弹幕，然后你把他切割了洗白自己，好一招卸磨杀驴
[2026-02-22 01:31:56] takakiyo: ？
[2026-02-22 01:31:56] 怒之拳: 让布罗利当尼孝封弹幕，然后你把他切割了洗白自己，好一招卸磨杀驴
[2026-02-22 01:31:56] 爱洛魔神仙台叶月: 让布罗利当尼孝封弹幕，然后你把他切割了洗白自己，好一招卸磨杀驴
[2026-02-22 01:31:56] WE丶繁梦: 让布罗利当尼孝封弹幕，然后你把他切割了洗白自己，好一招卸磨杀驴
[2026-02-22 01:31:56] 草莓冰酪: 你有本事一辈子不看弹幕
[2026-02-22 01:31:57] 萌六花: 布罗利你有没有种啊，这么多弹幕隔着串你，是我都给封了
[2026-02-22 01:31:57] bsqqaq: 十万了粉丝团，完除心里高兴坏了了有感觉吗
[2026-02-22 01:31:57] 动物朋友哈基米: 让布罗利当尼孝封弹幕，然后你把他切割了洗白自己，好一招卸磨杀驴
[2026-02-22 01:31:57] 无限制的场: 让布罗利当尼孝封弹幕，然后你把他切割了洗白自己，好一招卸磨杀驴
[2026-02-22 01:31:57] 爱吃青椒的重曹酱: 老爸倒了
[2026-02-22 01:31:58] LvvsiN: 额，拿亚军我都会，拿亚军，拿季军，拿四强，拿八强，拿十六强，呃拿冠军我不会，然后小组赛淘汰
[2026-02-22 01:31:58] 用户00137810: 布罗利Broli：别带载慕斯节奏啊2026-02-15 19:59:02
[2026-02-22 01:31:58] 用户2719002301: 许昊文推荐指数：👍👍👍👍👍，点击捡钱👈
[2026-02-22 01:31:58] 矮小的獭: 让布罗利当尼孝封弹幕，然后你把他切割了洗白自己，好一招卸磨杀驴
[2026-02-22 01:31:59] C9的achine6658本人: 玩神到底能不能玩数字梗啊之前这么多危险比分警告不封
[2026-02-22 01:31:59] Dartline: ⚡️充电评论 疾风知劲草，路遥知马力，机器宝宝加油！
[2026-02-22 01:31:59] 驴驴宗宗买这冠军: 机器 你为什么不开双倍.........
[2026-02-22 01:31:59] z泽村英梨梨i: 布罗利：我参与了投票​最喜欢选手 我投给了“Zywoo”
[2026-02-22 01:31:59] 好哥们黑龙歼灭刀: 布罗利你有没有种啊，这么多弹幕隔着串你，是我都给封了
[2026-02-22 01:31:59] 阡陌ER: 让布罗利当尼孝封弹幕，然后你把他切割了洗白自己，好一招卸磨杀驴
[2026-02-22 01:31:59] Vitality的羽贺文乃本人: ⚡️充电评论 疾风知劲草，路遥知马力，机器宝宝加油！
[2026-02-22 01:31:59] 跳跃的司令官: 让布罗利当尼孝封弹幕，然后你把他切割了洗白自己，好一招卸磨杀驴
[2026-02-22 01:31:59] Aleksumimi: ⚡️充电评论 疾风知劲草，路遥知马力，机器宝宝加油！
[2026-02-22 01:31:59] Subto: 让布罗利当尼孝封弹幕，然后你把他切割了洗白自己，好一招卸磨杀驴
[2026-02-22 01:32:00] LvvsiN: 玩宝宝，我发现在大学上学的时候肄业会很舒服，你可以试试
[2026-02-22 01:32:00] 小托莉雅: @阿汤日记：一个人，5发子弹，保住格陵兰岛。我不会叫它不可能完成的任务，我现在只想先回家看亦博
[2026-02-22 01:32:00] 木空空空空空: ⚡️充电评论 疾风知劲草，路遥知马力，机器宝宝加油！
[2026-02-22 01:32:00] 大颗寿司玩机器: 让布罗利当尼孝封弹幕，然后你把他切割了洗白自己，好一招卸磨杀驴
[2026-02-22 01:32:00] 时间就是深海咸鱼: 大编儿子👦，小编爸爸👨， 一队父子俩😚，又哦又回家🎵
[2026-02-22 01:32:00] LkCatQwQ: 7500刀感觉还没有玩大哥一晚上赚得多。。。
[2026-02-22 01:32:01] 每天都被穷醒: 让布罗利当尼孝封弹幕，然后你把他切割了洗白自己，好一招卸磨杀驴
[2026-02-22 01:32:01] Rb1rd: 鲍
[2026-02-22 01:32:01] 一不小心丶就丶: ？
[2026-02-22 01:32:01] bsqqaq: 十万了粉丝团，完除心里高兴坏了了有感觉吗
[2026-02-22 01:32:01] 我没P眼123: pv数据还没看呢
[2026-02-22 01:32:01] 鹌鹑必成战神: ？
[2026-02-22 01:32:02] LvvsiN: 你为什么要把mαjor禁了，我收藏的一半弹幕全毁了
[2026-02-22 01:32:02] DreamK1ng: 额，拿亚军我都会，拿亚军，拿季军，拿四强，拿八强，拿十六强，呃拿冠军我不会，然后小组赛淘汰
[2026-02-22 01:32:02] Rush干拉: 　　　 图三数据不看吗
[2026-02-22 01:32:02] 6657的鸣上悠本人: 不要看啊
[2026-02-22 01:32:02] 鼓鼓鼓捣叨叨: 布罗利哥，这把也别上号了，先刷个5W粉丝再说吧
[2026-02-22 01:32:03] YCSUN1017: 图三数据不看吗？
[2026-02-22 01:32:03] TheMongolZ的上单本人: 让布罗利当尼孝封弹幕，然后你把他切割了洗白自己，好一招卸磨杀驴
[2026-02-22 01:32:03] 大姜饼: 让布罗利当尼孝封弹幕，然后你把他切割了洗白自己，好一招卸磨杀驴
[2026-02-22 01:32:03] 爱吃青椒的重曹酱: 最玩幻想
[2026-02-22 01:32:04] EDG的3mz本人: 你有本事一辈子不看弹幕
[2026-02-22 01:32:04] 一生只爱韩茜茜: 分比没有
[2026-02-22 01:32:04] LvvsiN: @阿汤日记：一个人，5发子弹，保住格陵兰岛。我不会叫它不可能完成的任务，我现在只想先回家看亦博
[2026-02-22 01:32:04] 专看玩机器的号: 看猎鹰的
[2026-02-22 01:32:04] x星辰GGGGGG: 很喜欢房管的投票：最喜欢的选手——ZywOo
[2026-02-22 01:32:04] 用户00137810: 布罗利Broli：别带载慕斯节奏啊2026-02-15 19:59:02
[2026-02-22 01:32:04] A1report: 让布罗利当尼孝封弹幕，然后你把他切割了洗白自己，好一招卸磨杀驴
[2026-02-22 01:32:04] 用户3661578: 看个培根或者小钟，别看你那区间墨菲了😅
[2026-02-22 01:32:04] 丿哈哈大笑: 😁
[2026-02-22 01:32:04] 捂二哥: 看你的m
[2026-02-22 01:32:04] Subto: 让布罗利当尼孝封弹幕，然后你把他切割了洗白自己，好一招卸磨杀驴
[2026-02-22 01:32:04] 石家庄的刘亦博本人: ⚡️充电评论 疾风知劲草，路遥知马力，机器宝宝加油！
[2026-02-22 01:32:05] gogolz: 看个老鼠VLAG
[2026-02-22 01:32:05] 丶丶Ken丶丶: 鲍
[2026-02-22 01:32:05] 约渊: pv数据还没看呢
[2026-02-22 01:32:05] 小箱我亲死你: ⚡️充电评论 疾风知劲草，路遥知马力，机器宝宝加油！
[2026-02-22 01:32:05] 苍蓝雕纹魔像: 让布罗利当尼孝封弹幕，然后你把他切割了洗白自己，好一招卸磨杀驴
[2026-02-22 01:32:05] 挥泪斩楚狗: 让布罗利当尼孝封弹幕，然后你把他切割了洗白自己，好一招卸磨杀驴
[2026-02-22 01:32:06] 暮霭茫茫66: 给device一个当众丢人现眼的舞台罢了，观众当看小丑看的
[2026-02-22 01:32:06] 玩家军的猪头肉本人: 弹幕清算布罗利去吧 亲手拿下载父的玩神已经美美隐身了😎
[2026-02-22 01:32:06] ok奶绿: 让布罗利当尼孝封弹幕，然后你把他切割了洗白自己，好一招卸磨杀驴
[2026-02-22 01:32:06] 大颗寿司玩机器: 让布罗利当尼孝封弹幕，然后你把他切割了洗白自己，好一招卸磨杀驴
[2026-02-22 01:32:06] 叶樱梦: 让布罗利当尼孝封弹幕，然后你把他切割了洗白自己，好一招卸磨杀驴
[2026-02-22 01:32:07] samuraionnna: 让布罗利当尼孝封弹幕，然后你把他切割了洗白自己，好一招卸磨杀驴
[2026-02-22 01:32:07] 玩刘农device: 布罗利Broli：别带载慕斯节奏啊2026-02-15 19:59:02
[2026-02-22 01:32:07] 祐天寺喵梦: 让布罗利当尼孝封弹幕，然后你把他切割了洗白自己，好一招卸磨杀驴
[2026-02-22 01:32:07] 6666666BILIBILI: 巨大绿蠢
[2026-02-22 01:32:08] eqqiu: 许昊文推荐指数：👍👍👍👍👍，点击捡钱👈
[2026-02-22 01:32:08] LvvsiN: 你这音画不同步太难受了，我都听到NIKO里约RMR晋级的欢呼了
[2026-02-22 01:32:08] 求奶经济研究二审不过: 让布罗利当尼孝封弹幕，然后你把他切割了洗白自己，好一招卸磨杀驴
[2026-02-22 01:32:08] 用户9693232973: 让布罗利当尼孝封弹幕，然后你把他切割了洗白自己，好一招卸磨杀驴
[2026-02-22 01:32:09] Dartline: 你有本事一辈子不看弹幕
[2026-02-22 01:32:09] 木空空空空空: @阿汤日记：一个人，5发子弹，保住格陵兰岛。我不会叫它不可能完成的任务，我现在只想先回家看亦博
[2026-02-22 01:32:09] 若叶睦吃苦瓜: ⚡️充电评论 疾风知劲草，路遥知马力，机器宝宝加油！
[2026-02-22 01:32:09] 挥泪斩楚狗: 让布罗利当尼孝封弹幕，然后你把他切割了洗白自己，好一招卸磨杀驴
[2026-02-22 01:32:09] 无责任评论员: 鲍
[2026-02-22 01:32:09] 用户00137810: 布罗利Broli：别带载慕斯节奏啊2026-02-15 19:59:02
[2026-02-22 01:32:09] 柚木かなめ: 申请永久下方
[2026-02-22 01:32:10] LvvsiN: 玩宝宝，我发现在大学上学的时候肄业会很舒服，你可以试试
[2026-02-22 01:32:10] 用户6215443301: 图三数据不看吗？
[2026-02-22 01:32:10] 深巷里的少年与猫丿: 机器 你为什么不开双倍.........
[2026-02-22 01:32:10] Swindle9527: 我支持布罗利，万一他封够多他爹就能拿major冠军呢
[2026-02-22 01:32:10] 虚心坦懐: 古巴爆
[2026-02-22 01:32:10] 安非而得: 炼一炉
[2026-02-22 01:32:10] 黄浦江大头鱼档: ？
[2026-02-22 01:32:11] 結城希亞: 很喜欢房管的投票：最喜欢的选手——ZywOo
[2026-02-22 01:32:11] 汤汤杜杜科隆冠军: 布罗利Broli：别带载慕斯节奏啊2026-02-15 19:59:02
[2026-02-22 01:32:11] 青椒土豆丶: 让布罗利当尼孝封弹幕，然后你把他切割了洗白自己，好一招卸磨杀驴
[2026-02-22 01:32:11] 用户1364543122: 炼金
[2026-02-22 01:32:11] znnoy: 你们千万别搜索uid6512408举报房管布罗利啊
[2026-02-22 01:32:12] 固固固固固: 玩神这波动态防守神了！布罗利也反清的不错
[2026-02-22 01:32:12] 珠珠团子: 申请永久下放vlog
[2026-02-22 01:32:12] LvvsiN: 男人一生只哭十八次：niko十七次梦碎major正赛, niko梦碎里约major RMR
[2026-02-22 01:32:12] 草莓冰酪: 布罗利Broli：别带载慕斯节奏啊2026-02-15 19:59:02
[2026-02-22 01:32:12] 天守阁信长: 布罗利Broli：别带载慕斯节奏啊2026-02-15 19:59:02
[2026-02-22 01:32:13] 呆毛帝国皇家御用大厨: 申请永久下方
[2026-02-22 01:32:13] C9的achine6658本人: 布罗利Broli：别带载慕斯节奏啊2026-02-15 19:59:02
[2026-02-22 01:32:13] 泪水的冷冽: 永久下放
[2026-02-22 01:32:13] 半个Jayden: 让布罗利当尼孝封弹幕，然后你把他切割了洗白自己，好一招卸磨杀驴
[2026-02-22 01:32:13] 虹薼: 这才是真正的美美隐身
[2026-02-22 01:32:13] 鹦侨侨侨侨: @device：儿子还惦记着爸爸的遗产呢
[2026-02-22 01:32:14] LvvsiN: 你这音画不同步太难受了，我都听到NIKO里约RMR晋级的欢呼了
[2026-02-22 01:32:14] Oxealiz: 布罗利Broli：别带载慕斯节奏啊2026-02-15 19:59:02
[2026-02-22 01:32:14] Copyboro: VLOG王朝了
[2026-02-22 01:32:14] ltachi7: 蜜蜂什么时候开
[2026-02-22 01:32:14] RoseIia的凑友希那本人: 看《颂乐人偶》后6集
[2026-02-22 01:32:14] 白鵉鳶OriGami: 看看右上角99+可以吗
[2026-02-22 01:32:14] 若叶睦吃苦瓜: 弹幕清算布罗利去吧 亲手拿下载父的玩神已经美美隐身了😎
[2026-02-22 01:32:15] ZltanIbra: pv数据都没看
[2026-02-22 01:32:15] 雨的舟: 布罗利Broli：别带载慕斯节奏啊2026-02-15 19:59:02
[2026-02-22 01:32:15] FkybigG: pv数据
[2026-02-22 01:32:15] ilume: 让布罗利当尼孝封弹幕，然后你把他切割了洗白自己，好一招卸磨杀驴
[2026-02-22 01:32:16] LvvsiN: 别解说了 多聊会天 你不会真的以为能输吧
[2026-02-22 01:32:16] 爱吃青椒的重曹酱: 让布罗利当尼孝封弹幕，然后你把他切割了洗白自己，好一招卸磨杀驴
[2026-02-22 01:32:16] Machine拾玖: 布罗利Broli：别带载慕斯节奏啊2026-02-15 19:59:02
[2026-02-22 01:32:16] 麻辣头鱼丝: 鲍一把
[2026-02-22 01:32:17] 鸟鸟174: 看一秒vlog你冯死一个
[2026-02-22 01:32:17] 时间就是深海咸鱼: 布罗利你有没有种啊，这么多弹幕隔着串你，是我都给封了
[2026-02-22 01:32:17] MeIoN39: 让布罗利当尼孝封弹幕，然后你把他切割了洗白自己，好一招卸磨杀驴
[2026-02-22 01:32:17] ccxrgt: pv数据
[2026-02-22 01:32:17] OceAngel: 炼
[2026-02-22 01:32:17] 久遠寺有珠Alice: 这才是真正的美美隐身
[2026-02-22 01:32:18] 用户3661578: 看个蛋VLog
[2026-02-22 01:32:18] LvvsiN: 孩子们快跑，马修赫伯特来了😨卧槽你的怎么是马枪和BOT
[2026-02-22 01:32:18] astralis的jabbi本人: 　　　 看《颂乐人偶》后6集
[2026-02-22 01:32:18] 玩斯特机机: 玩神这波动态防守神了！布罗利也反清的不错
[2026-02-22 01:32:19] 永远爱玩宝宝: 　　　 看《颂乐人偶》后6集
[2026-02-22 01:32:19] 用户2889610337: 看汉ltv
[2026-02-22 01:32:19] 最爱的马卡龙: 布罗利某站uid6512408，首页就是照片
[2026-02-22 01:32:19] 苞仔来了: 申请永久下放vlog
[2026-02-22 01:32:19] 安觉angle: 布罗利Broli：别带载慕斯节奏啊2026-02-15 19:59:02
[2026-02-22 01:32:19] 寺见鸣鳰: 布罗利Broli：别带载慕斯节奏啊2026-02-15 19:59:02
[2026-02-22 01:32:20] 挥泪斩楚狗: 让布罗利当尼孝封弹幕，然后你把他切割了洗白自己，好一招卸磨杀驴
[2026-02-22 01:32:20] 呆毛帝国皇家御用大厨: 你们千万别搜索uid6512408举报房管布罗利啊
[2026-02-22 01:32:20] 6657的鸣上悠本人: 申请下放申请下放申请下放申请下放申请下放
[2026-02-22 01:32:20] LvvsiN: 男人一生只哭十八次：niko十七次梦碎major正赛, niko梦碎里约major RMR
[2026-02-22 01:32:20] 鹅地霸霸: 玩神这波动态防守神了！布罗利也反清的不错
[2026-02-22 01:32:20] HisuiHearts: 让布罗利当尼孝封弹幕，然后你把他切割了洗白自己，好一招卸磨杀驴
[2026-02-22 01:32:21] A1report: 布罗利Broli：别带载慕斯节奏啊2026-02-15 19:59:02
[2026-02-22 01:32:21] ZltanIbra: pv数据都没看
[2026-02-22 01:32:21] 乌鸦晒不黑: 看看右上角99+可以吗
[2026-02-22 01:32:21] 衣服Kaiju: 自己贪墨了
[2026-02-22 01:32:21] bsqqaq: 十万了粉丝团，完除心里高兴坏了了有感觉吗
[2026-02-22 01:32:21] z泽村英梨梨i: 布罗利Broli：别带载慕斯节奏啊2026-02-15 19:59:02
[2026-02-22 01:32:21] 狂三Yud丶Bet: 刷数字载物是善意玩笑，刷数字玩神是恶意引导，这点要分清楚
[2026-02-22 01:32:21] 草莓冰酪: 布罗利Broli：别带载慕斯节奏啊2026-02-15 19:59:02
[2026-02-22 01:32:21] 7376377: 6512408根本不是布罗利😭
[2026-02-22 01:32:22] 和泉千晶MAo: 布罗利Broli：别带载慕斯节奏啊2026-02-15 19:59:02
[2026-02-22 01:32:22] 扰乱: 炼一炉啊
[2026-02-22 01:32:22] 刘刘的农: 　　　 弹幕清算布罗利去吧 亲手拿下载父的玩神已经美美隐身了😎
[2026-02-22 01:32:22] znnoy: 布罗利Broli：别带载慕斯节奏啊2026-02-15 19:59:02
[2026-02-22 01:32:22] KatoM3gum1: 　　　 弹幕清算布罗利去吧 亲手拿下载父的玩神已经美美隐身了😎
[2026-02-22 01:32:22] 红滴露原素瓶: 🖕😅看我手指这是几🖕😅看我手指这是几🖕😅看我手指这是几🖕😅
[2026-02-22 01:32:22] 哈哈鲤鱼哲: PV不配看数据！别刷了！
[2026-02-22 01:32:23] 雾满楼丶春雨添瓦绿: 堵嘴来喽堵嘴来喽堵嘴来喽堵嘴来喽
[2026-02-22 01:32:23] gogolz: 看个老鼠VLOG！
[2026-02-22 01:32:23] 玩番薯丶ZywOo: 看洛克比
[2026-02-22 01:32:23] weapon丶X: 布罗利某站uid6512408，首页就是照片
[2026-02-22 01:32:23] 挥泪斩楚狗: 让布罗利当尼孝封弹幕，然后你把他切割了洗白自己，好一招卸磨杀驴
[2026-02-22 01:32:23] sharks02: 看个屁
[2026-02-22 01:32:24] LvvsiN: 弹幕也就网上说说，现实里谁不觉得樱姐是好女孩（删括号领一条远坂凛同款鸟笼）
[2026-02-22 01:32:24] 蓝月亮843: 布罗利Broli：别带载慕斯节奏啊2026-02-15 19:59:02
[2026-02-22 01:32:24] 双刀牛TMac: 布罗利标签：FAZEUPUP，尼考干了坏事甩肥美身上真脏啊
[2026-02-22 01:32:24] 倾盆大rain: 布罗利Broli：别带载慕斯节奏啊2026-02-15 19:59:02
[2026-02-22 01:32:25] Aleksumimi: 卡了
[2026-02-22 01:32:25] 用户00137810: pv数据都没看
[2026-02-22 01:32:25] 绝缘2358: 🎦当前房间为轮播内容，同样精彩哦～
[2026-02-22 01:32:25] 用户6010236961: 你们千万别搜索uid6512408举报房管布罗利啊
[2026-02-22 01:32:25] 草莓冰酪: 你们千万别搜索uid6512408举报房管布罗利啊
[2026-02-22 01:32:25] 糖尿病少恰甜的: 布罗利Broli：别带载慕斯节奏啊2026-02-15 19:59:02
[2026-02-22 01:32:25] FkybigG: pv数据都没看
[2026-02-22 01:32:25] LOVEYUKINO: 先把七天关了行不行？先把七天关了行不行？先把七天关了行不行？先把七天关了行不行？先把七天关了行不行？
[2026-02-22 01:32:26] iamENTROPY: 布罗利Broli：别带载慕斯节奏啊2026-02-15 19:59:02
[2026-02-22 01:32:26] 今朝鸭多抓: 流量维系
[2026-02-22 01:32:26] LvvsiN: 孩子们快跑，马修赫伯特来了😨卧槽你的怎么是马枪和BOT
[2026-02-22 01:32:26] 诺克提斯a: 　　　 看《颂乐人偶》后6集
[2026-02-22 01:32:27] 六月槿: 布罗利Broli：别带载慕斯节奏啊2026-02-15 19:59:02
[2026-02-22 01:32:27] 寒暑易节y: PV不配看数据！别刷了！
[2026-02-22 01:32:27] 普通网友小沈: niko编nota，玩机器怒喷：你编你木呢；zywoo编jee，玩机器笑道：老载进行了一波友好互动
[2026-02-22 01:32:27] 疑似C9的sh1ro本人: 布罗利你有没有种啊，这么多弹幕隔着串你，是我都给封了
[2026-02-22 01:32:27] 跳跃的司令官: 我玩你的M
[2026-02-22 01:32:28] 挥泪斩楚狗: 让布罗利当尼孝封弹幕，然后你把他切割了洗白自己，好一招卸磨杀驴
[2026-02-22 01:32:28] 桂林米粉比较好吃: PV不配看数据！别刷了！
[2026-02-22 01:32:28] LvvsiN: 你为什么要把mαjor禁了，我收藏的一半弹幕全毁了
[2026-02-22 01:32:28] 来杯浓硫酸压压惊: 要不看一眼评论区吧，看vlog不算时长
[2026-02-22 01:32:28] 杰洛齐贝林3: go学长都在玩三冰
[2026-02-22 01:32:29] somatinda: 谁玩我笑谁
[2026-02-22 01:32:29] 爱吃青椒的重曹酱: 许昊文推荐指数：👍👍👍👍👍，点击捡钱👈
[2026-02-22 01:32:29] OMGlionKing: 看看右上角99+可以吗
[2026-02-22 01:32:29] 丶丶Ken丶丶: pv数据都没看
[2026-02-22 01:32:29] 用户2719002301: 鲍！运！大！九！裹！暗！鲍！运！大！九！裹！暗！鲍！运！大！九！裹！暗！鲍！运！大！九！裹！暗！
[2026-02-22 01:32:29] 用户144491677: 布罗利某站uid6512408，首页就是照片
[2026-02-22 01:32:29] 上完课我找你: 卡了
[2026-02-22 01:32:29] 刘刘的农: 布罗利：今天是星期六，我睡到13点才起来
[2026-02-22 01:32:29] 蜉蝣XwX: 看看右上角99+可以吗
[2026-02-22 01:32:29] 约渊: 流量维系
[2026-02-22 01:32:30] 用户2100686284: 布罗利标签：FAZEUPUP，尼考干了坏事甩肥美身上真脏啊
[2026-02-22 01:32:30] 呆毛帝国皇家御用大厨: @鸟鸟174：看一秒vlog你冯死一个
[2026-02-22 01:32:30] LvvsiN: 别解说了 多聊会天 你不会真的以为能输吧
[2026-02-22 01:32:30] Arctic1890: 你就放绿龙vlog折磨大伙吧
[2026-02-22 01:32:30] 迷你世界丁真学姐1: @布罗利Broli：我参与了投票 我投给了“Zywoo”
[2026-02-22 01:32:30] 祐天寺喵梦: 布罗利Broli：别带载慕斯节奏啊2026-02-15 19:59:02
[2026-02-22 01:32:30] bsqqaq: 十万了粉丝团，完除心里高兴坏了了有感觉吗
[2026-02-22 01:32:31] C9的achine6658本人: 刷数字载物是善意玩笑，刷数字玩神是恶意引导，这点要分清楚
[2026-02-22 01:32:31] VirtusPro的electroNic本人: 看数据啊
[2026-02-22 01:32:31] 乌龙茶棒棒冰: 我问你炼 金炼出鲍还是九，你说烂？
[2026-02-22 01:32:31] Dartline: PV不配看数据！别刷了！
[2026-02-22 01:32:31] popipa的山吹沙绫本人: 布罗利Broli：别带载慕斯节奏啊2026-02-15 19:59:02
[2026-02-22 01:32:32] 李小小与虾大大: 看看右上角99+可以吗
[2026-02-22 01:32:32] 醉读月色: 我将挣扎，我将溃败，但我生命中没有投降二字，总结四个字就是《绝不认输》
[2026-02-22 01:32:32] 用户2719002301: 鲍！运！大！九！裹！暗！鲍！运！大！九！裹！暗！鲍！运！大！九！裹！暗！鲍！运！大！九！裹！暗！
[2026-02-22 01:32:32] LvvsiN: 你这音画不同步太难受了，我都听到NIKO里约RMR晋级的欢呼了
[2026-02-22 01:32:32] 6657的鸣上悠本人: 布罗利Broli：别带载慕斯节奏啊2026-02-15 19:59:02
[2026-02-22 01:32:32] 圣诞节二人组: 　　　 看《颂乐人偶》后6集
[2026-02-22 01:32:33] 想和阿飞抹茶三披: @donk：玩大哥别别别，这波流量我不想吃。
[2026-02-22 01:32:33] LokiAka: 🎦当前房间为轮播内容，同样精彩哦～desuw@
[2026-02-22 01:32:33] 葬送的芙蓉王: 炼一炉啊
[2026-02-22 01:32:33] 牧瀨紅莉栖awa: 你们刷慢点，房管封不过来了
[2026-02-22 01:32:33] 虚心坦懐: 谁玩我笑谁
[2026-02-22 01:32:34] 石家庄的刘亦博本人: 骗你的，中了也不发
[2026-02-22 01:32:34] 好姐妹太卜司符玄: 布罗利Broli：别带载慕斯节奏啊2026-02-15 19:59:02
[2026-02-22 01:32:34] 乌鸦晒不黑: PV不配看数据！别刷了！
[2026-02-22 01:32:34] LvvsiN: 就tm喜欢银行业🥰银行坏账我喜欢🥰银行挤兑我还喜欢😍利率调低我也喜欢🤤老子亲烂银行业的脸😘
[2026-02-22 01:32:34] bsqqaq: 十万了粉丝团，完除心里高兴坏了了有感觉吗
[2026-02-22 01:32:35] 玩刘农device: 看看右上角99+可以吗
[2026-02-22 01:32:35] 用户2719002301: 鲍！运！大！九！裹！暗！鲍！运！大！九！裹！暗！鲍！运！大！九！裹！暗！鲍！运！大！九！裹！暗！
[2026-02-22 01:32:36] Shamiko56562: pv数据都没看
[2026-02-22 01:32:36] 想和阿飞抹茶三披: @donk：玩大哥别别别，这波流量我不想吃。
[2026-02-22 01:32:36] 细菌P: 你们千万不要比站搜索uid6512408举报房管布罗利啊
[2026-02-22 01:32:36] 未知Frozen: 没流量
[2026-02-22 01:32:36] 6657的马嘉祺本人: 克拉科夫猎鹰vlog
[2026-02-22 01:32:36] CoulsonZhao: 看伟伟
[2026-02-22 01:32:36] LvvsiN: 男人一生只哭十八次：niko十七次梦碎major正赛, niko梦碎里约major RMR
