# room_id=6979222 host=玩机器丶Machine title=小众宝藏结晶直播 live_time= fetch_time=2026-02-21 23:45:46
[2026-02-22 00:12:01] 辽东爱人: 玩大哥现在人少，你说说昨天Niko真的鞭了吗？
[2026-02-22 00:12:02] 刘农的MachiNe本人: 自己躲一边去看，你做人真的可以玩哥
[2026-02-22 00:12:02] 核浪98120: 牛啊老汤，五甲沙鹰都能五杀😎
[2026-02-22 00:12:02] 笠松的小栗帽本人: 自己躲一边去看，你做人真的可以玩哥
[2026-02-22 00:12:02] VDVCI的迪米特里本人: 我去吃饭了（开始批量拉黑）
[2026-02-22 00:12:02] 小箱我亲死你: 嘘…仔细听…玩机器被鞭尸了…
[2026-02-22 00:12:02] 米米世界之神: 此时玩小将还不知道这是椅子陪伴他们的第一个夜晚
[2026-02-22 00:12:02] FriEreN: 自己躲一边去看，你做人真的可以玩哥
[2026-02-22 00:12:02] 悲惨凄凉233: 自己躲一边去看，你做人真的可以玩哥
[2026-02-22 00:12:03] 芝士每天都很困: 我去吃饭了（开始批量拉黑）
[2026-02-22 00:12:03] 尼尼孩孩真伟大: 仔细听..好像在哭
[2026-02-22 00:12:03] 仁玥霖: 仔细听..好像在哭
[2026-02-22 00:12:03] 图帕雷松: 自己躲一边去看，你做人真的可以玩哥
[2026-02-22 00:12:03] 11tEo: 自己躲一边去看，你做人真的可以玩哥
[2026-02-22 00:12:03] 大王巡山术: 自己躲一边去看，你做人真的可以玩哥
[2026-02-22 00:12:03] 留下来陪阿姨别播了: 自己躲一边去看，你做人真的可以玩哥
[2026-02-22 00:12:04] 玩火炉丶Stove: 你下播吧, 像2025-02-07 23:49一样！
[2026-02-22 00:12:04] Yamada、: 内些发不考的人，你们真没上过学啊？你们也肆业了？
[2026-02-22 00:12:04] 易yang丶: 自己躲一边去看，你做人真的可以玩哥
[2026-02-22 00:12:04] 火猫一哥亦博易勃: 见过克夫的，见过克妻的，第一次见克爹的😄。
[2026-02-22 00:12:04] ropz的保时捷911turbos: 你屏蔽词都快赶上新华词典了为什么不干脆开一百级发言？
[2026-02-22 00:12:04] 嘟嘟大希希: 你少看device一秒比赛，弹幕就多10条爆的，机器你自己掂量掂量吧
[2026-02-22 00:12:04] 玩大哥舔舔开腥: 仔细听..好像在哭
[2026-02-22 00:12:04] tungtungtungsahur: 我去吃饭了（开始批量拉黑）
[2026-02-22 00:12:05] 消失的米果果: 自己躲一边去看，你做人真的可以玩哥
[2026-02-22 00:12:05] 玩斯特出出6657: 自己躲一边去看，你做人真的可以玩哥
[2026-02-22 00:12:05] 肥美西兰花: 自己躲一边去看，你做人真的可以玩哥
[2026-02-22 00:12:05] 星梦寻耀: 此时玩小将还不知道这是椅子陪伴他们的第一个夜晚
[2026-02-22 00:12:05] Dartline: 我去吃饭了（开始批量拉黑）
[2026-02-22 00:12:05] VDVCI的迪米特里本人: 我去吃饭了（开始批量拉黑）
[2026-02-22 00:12:05] 幽谷响子: 自己躲一边去看，你做人真的可以玩哥
[2026-02-22 00:12:06] 血樱幽世: 自己躲一边去看，你做人真的可以玩哥
[2026-02-22 00:12:06] 米米世界之神: 此时玩小将还不知道这是椅子陪伴他们的第一个夜晚
[2026-02-22 00:12:06] 木林森969585: 我去吃饭了（偷看封禁名单）
[2026-02-22 00:12:06] 走走道儿疯了: @玩个机器： @雨衣小哥：我感觉我今天状态不是很好啊，我今天状态非常不好啊，我感觉我应该，唉，我要不
[2026-02-22 00:12:06] 玉竹听君意: 我去吃饭了（开始批量拉黑）
[2026-02-22 00:12:07] 里约钻石币拥有者: 玩机器是真爱老爸啊 去年看似7次中国队的牛劲呢？
[2026-02-22 00:12:07] minamidaisuki: 什么b收音
[2026-02-22 00:12:07] 玩小孩、monesy: 我去吃饭了（开始批量拉黑）
[2026-02-22 00:12:07] 我是赛马娘高手: 仔细听..好像在哭
[2026-02-22 00:12:07] LvvsiN: 你这音画不同步太难受了，我都听到NIKO里约RMR晋级的欢呼了
[2026-02-22 00:12:08] PKURoger: 仔细听..好像在哭
[2026-02-22 00:12:08] 我不能心软: 自己躲一边去看，你做人真的可以玩哥
[2026-02-22 00:12:08] 述二ER: 我去吃饭了（开始批量拉黑）
[2026-02-22 00:12:08] 烟鬼安德鲁: 自己躲一边去看，你做人真的可以玩哥
[2026-02-22 00:12:08] 老人星的优秀素质本人: 此时玩小将还不知道这是椅子陪伴他们的第一个夜晚
[2026-02-22 00:12:08] MrBanana21271: 我去吃饭了（开始批量拉黑）
[2026-02-22 00:12:08] VDVCI的迪米特里本人: 我去吃饭了（开始批量拉黑）
[2026-02-22 00:12:09] C1aymore7754: 玩机器是真爱老爸啊 去年一周看似7个中国队的牛劲呢？
[2026-02-22 00:12:09] 玩弓箭、Arrow: 自己躲一边去看，你做人真的可以玩哥
[2026-02-22 00:12:09] mmc88dj: 我去吃饭了（开始批量拉黑）
[2026-02-22 00:12:09] Wangzap: 你少看device一秒比赛，弹幕就多10条爆的，机器你自己掂量掂量吧
[2026-02-22 00:12:09] cap-wearing-mita: 　　　 我去吃饭了（开始批量拉黑）
[2026-02-22 00:12:10] 我要成为IGL高手: 自己躲一边去看，你做人真的可以玩哥
[2026-02-22 00:12:10] sjtu的musketeers本人: 我去吃饭了（开始批量拉黑）
[2026-02-22 00:12:10] 玉竹听君意: 仔细听..好像在哭
[2026-02-22 00:12:10] 古堡12枪战神: 仔细听..好像在哭
[2026-02-22 00:12:10] 辽东爱人: 玩大哥现在人少，你说说昨天Niko真的鞭了吗？
[2026-02-22 00:12:10] lonhkfd: 我去吃饭了（偷看封禁名单）
[2026-02-22 00:12:10] 恺悌君子能几醉: 很多兄弟不知道自己被屏蔽了，就像我一样
[2026-02-22 00:12:10] 小明上了小红: @玩个机器： @雨衣小哥：我感觉我今天状态不是很好啊，我今天状态非常不好啊，我感觉我应该，唉，我要不
[2026-02-22 00:12:10] 大聪明二次元: 看这场我詹再野🦍这詹场 千百热血詹士🦍一路向前飞驰🦍捍卫世界的勇士🦍
[2026-02-22 00:12:10] G2的APEX本人: 抓娃娃
[2026-02-22 00:12:11] TM在抖我: 仔细听..好像在哭
[2026-02-22 00:12:11] 梦的星: 我去吃饭了（开始批量拉黑）
[2026-02-22 00:12:11] 工业化战士: 自己躲一边去看，你做人真的可以玩哥
[2026-02-22 00:12:11] 11tEo: 你屏蔽词都快赶上新华词典了为什么不干脆开一百级发言？
[2026-02-22 00:12:11] 晨黎暮: @rain：老汤，你那晦气儿子终于走了
[2026-02-22 00:12:11] Yamada、: 内些发不考的人，你们真没上过学啊？你们也肆业了？
[2026-02-22 00:12:11] 用户6235382488: 我去吃饭了（开始批量拉黑）
[2026-02-22 00:12:11] viovvvvvvvon: 我去吃饭了（开始批量拉黑）
[2026-02-22 00:12:12] stavn小天使: 我去吃饭了（开始批量拉黑）
[2026-02-22 00:12:12] 用户2271684932: 我去吃饭了（开始批量拉黑）
[2026-02-22 00:12:12] Khrubov: 仔细听..好像在哭
[2026-02-22 00:12:12] 何须再急: 玩机器是真爱老爸啊 去年看似7次中国队的牛劲呢？
[2026-02-22 00:12:13] VDVCI的迪米特里本人: 我去吃饭了（开始批量拉黑）
[2026-02-22 00:12:13] 好姐妹衣之咲璃乃: 嘘…仔细听…玩机器被鞭尸了…
[2026-02-22 00:12:13] dark1337: 我去吃饭了（开始批量拉黑）
[2026-02-22 00:12:13] 劉膿dewasu: 我去吃饭了（开始批量拉黑）
[2026-02-22 00:12:13] 棍老师047: 他明白 他明白 于是转身向山里走去
[2026-02-22 00:12:13] 拿什么拯救侬: 自己躲一边去看，你做人真的可以玩哥
[2026-02-22 00:12:13] 神奥联盟的竹兰本人: 嘘🤫仔细听，好像在拉黑水友。
[2026-02-22 00:12:14] 热爱学习的孟某人: 你下播吧, 像2025-02-07 23:49一样！
[2026-02-22 00:12:14] ST骑士: 我去吃饭了（开始批量拉黑）
[2026-02-22 00:12:14] 白巳津川石头人九条都: 我去吃饭了（开始批量拉黑）
[2026-02-22 00:12:14] Kakakallen: 仔细听..好像在哭
[2026-02-22 00:12:14] 灬衣衫如雪徐凤年: 玩机器是真爱老爸啊 去年看似7次中国队的牛劲呢？
[2026-02-22 00:12:14] Wangzap: 你少看device一秒比赛，弹幕就多10条爆的，机器你自己掂量掂量吧
[2026-02-22 00:12:14] 三生浮梦终醒: 别解说了 多聊会天 你不会真的以为能赢吧
[2026-02-22 00:12:15] 玩南梁丶阿斯托尔福: 自己躲一边去看，你做人真的可以玩哥
[2026-02-22 00:12:15] Nooby11483421: 我去吃饭了（开始批量拉黑）
[2026-02-22 00:12:15] OMGlionKing: 仔细听..好像在哭
[2026-02-22 00:12:15] 橘殃丶丶: 你下播吧, 像2025-02-07 23:49一样！
[2026-02-22 00:12:15] 玉米卧槽: 仔细听..好像在哭
[2026-02-22 00:12:16] 述二ER: 　　　 仔细听..好像在哭
[2026-02-22 00:12:16] 玩斯特出出6657: 仔细听..好像在哭
[2026-02-22 00:12:16] 老人星的优秀素质本人: 仔细听..好像在哭
[2026-02-22 00:12:16] Vitality的羽贺文乃本人: 自己躲一边去看，你做人真的可以玩哥
[2026-02-22 00:12:16] 总监拾我霸: machine
[2026-02-22 00:12:16] 葛孚雷: 我去吃饭了（开始批量拉黑）
[2026-02-22 00:12:17] 南燕swallow: 我去吃饭了（开始批量拉黑）
[2026-02-22 00:12:17] Qliphoth: @rain：老汤，你那晦气儿子终于走了
[2026-02-22 00:12:17] 夜雨、: 什么时候发道歉视频
[2026-02-22 00:12:17] 蓝鲸少年与小巷: 👇🤓👆康康驾到👇🤓👆通通闪开👇🤓👆康康驾到👇🤓👆通通闪开👇🤓👆👇🤓
[2026-02-22 00:12:17] 用户5084373421: 我去吃饭了（开始批量拉黑）
[2026-02-22 00:12:18] Anderw: 我去吃饭了（开始批量拉黑）
[2026-02-22 00:12:18] 刘刘五妻upup: 感觉我的耳朵被强健了😓
[2026-02-22 00:12:18] 玩机爸、device: 自己躲一边去看，你做人真的可以玩哥
[2026-02-22 00:12:18] 千早唐阿诺: 自己躲一边去看，你做人真的可以玩哥
[2026-02-22 00:12:18] 小谢crab: 我去吃饭了（开始批量拉黑）
[2026-02-22 00:12:19] VDVCI的迪米特里本人: 我去吃饭了（开始批量拉黑）
[2026-02-22 00:12:19] L0ost: 我去吃饭了（开始批量拉黑）
[2026-02-22 00:12:19] 不变的追求717: 我去吃饭了（开始批量拉黑）
[2026-02-22 00:12:19] 67373叶凛月: 我去吃饭了（开始批量拉黑）
[2026-02-22 00:12:19] 海绵宝宝dinner: 我去吃饭了（开始批量拉黑）
[2026-02-22 00:12:19] 墨华羽雨: 仔细听..好像在哭
[2026-02-22 00:12:19] EnVyUs的apEX本人: 我去吃饭了（开始批量拉黑）
[2026-02-22 00:12:19] liwored: 仔细听..好像在哭
[2026-02-22 00:12:19] 哈基鹅大王: 我去吃饭了（开始批量拉黑）
[2026-02-22 00:12:20] 永生不遇的star: 我去吃饭了（开始批量拉黑）
[2026-02-22 00:12:20] 可爱家的狗窝: 仔细听..好像在哭
[2026-02-22 00:12:20] 斗鱼用户4901183769: 我去吃饭了（开始批量拉黑）
[2026-02-22 00:12:20] 最爱玩宝宝惹: 我去吃饭了（开始批量拉黑）
[2026-02-22 00:12:20] 瘤坤别念了: 嘘🤫仔细听，好像在拉黑水友。
[2026-02-22 00:12:20] 踏北tabei: 玩机器是真爱老爸啊 去年看似7次中国队的牛劲呢？
[2026-02-22 00:12:20] notheft: 仔细听..好像在哭
[2026-02-22 00:12:20] 明天开始要牛马归棚了: 我去吃饭了（开始批量拉黑）
[2026-02-22 00:12:20] 靠咖啡活命: 我去吃饭了（开始批量拉黑）
[2026-02-22 00:12:20] 热爱学习的孟某人: 我去吃饭了（开始批量拉黑）
[2026-02-22 00:12:21] 去年网恋被骗八百: 我去吃饭了（开始批量拉黑）
[2026-02-22 00:12:21] 没有名字的菜鸡: 扫墓🪦🧹扫墓🪦🧹扫墓🪦🧹扫墓🪦🧹扫墓🪦🧹扫墓🪦🧹扫墓🪦🧹扫墓🪦🧹
[2026-02-22 00:12:21] 云之君992: 我去吃饭了（开始批量拉黑）
[2026-02-22 00:12:21] 11tEo:     仔细听..好像在哭
[2026-02-22 00:12:21] TL的EliGE本人: 我去吃饭了（开始批量拉黑）
[2026-02-22 00:12:21] 水下放电11: 我提一嘴，弹幕好久没攻击碗橱了。。。
[2026-02-22 00:12:21] YMjan11: 你下播吧, 像2025-02-07 23:49一样！
[2026-02-22 00:12:22] 凝视深渊丶玩叽叽: 仔细听..好像在哭
[2026-02-22 00:12:22] LvvsiN: 其实碗橱就是猪灵，你不拿黄金丢他他就不跟你说话
[2026-02-22 00:12:22] 海鲜业大虾大虾Niko: 仔细听..好像在哭
[2026-02-22 00:12:22] 宫监手: 我去吃饭了（开始批量拉黑）
[2026-02-22 00:12:22] 烟鬼安德鲁: 我去吃饭了（开始批量拉黑）
[2026-02-22 00:12:22] 二着先生尼古拉: 我去吃饭了（开始批量拉黑）
[2026-02-22 00:12:22] 高松灯本人: 我去吃饭了（开始批量拉黑）
[2026-02-22 00:12:23] pr0cesses: @玩机器：操，这么多弹幕封都封不完（疯狂划拉猪蹄）
[2026-02-22 00:12:23] 劉膿dewasu: 我去吃饭了（开始批量拉黑）
[2026-02-22 00:12:23] Vitality的Kyojin本人: 卧槽，device五杀了！
[2026-02-22 00:12:23] 用户6235382488: 我去吃饭了（开始批量拉黑）
[2026-02-22 00:12:23] 寒枫曳是一头傲空的隼: 仔细听..好像在哭
[2026-02-22 00:12:23] 亚历山大赫伯特: 玩机器是真爱老爸啊 去年看似7次中国队的牛劲呢？
[2026-02-22 00:12:23] 不变的追求717:     仔细听..好像在哭
[2026-02-22 00:12:23] 宇智波69: 仔细听..好像在哭
[2026-02-22 00:12:23] 用户4652451607: 我去吃饭了（开始批量拉黑）
[2026-02-22 00:12:26] 落叶悠哉落: 我去吃饭了（开始批量拉黑）
[2026-02-22 00:12:26] LuIuSweety: 我去吃饭了（开始批量拉黑）
[2026-02-22 00:12:26] Dartline: 你少看device一秒比赛，弹幕就多10条爆的，机器你自己掂量掂量吧
[2026-02-22 00:12:26] Yamada、: 内些发不考的人，你们真没上过学啊？你们也肆业了？
[2026-02-22 00:12:26] 轰国小阿旭丶: 有战地记者吗 100t似了没
[2026-02-22 00:12:26] 有舍身会这样吗: 千万别开双倍卡啊！千万别开双倍卡啊！千万别开双倍卡啊！千万别开双倍卡啊！
[2026-02-22 00:12:26] 一不小心丶就丶: 我去吃饭了（开始批量拉黑）
[2026-02-22 00:12:26] 京京孩孩majo冠军: 我擦机器把我拉黑了😭😭😭
[2026-02-22 00:12:26] 留下来陪阿姨别播了: 我去吃饭了（开始批量拉黑）
[2026-02-22 00:12:26] zlq12346: 我去吃饭了（开始批量拉黑）
[2026-02-22 00:12:26] 棍神南极服登顶: 我去吃饭了（开始批量拉黑）
[2026-02-22 00:12:26] 用户247509865: 别解说了 多聊会天 你不会真的以为能赢吧
[2026-02-22 00:12:26] 夏空喵: 要我说就得拉黑啊
[2026-02-22 00:12:26] 用户6235382488: 我去吃饭了（开始批量拉黑）
[2026-02-22 00:12:27] 用户144491677: 我去吃饭了（开始批量拉黑）
[2026-02-22 00:12:27] 玩山山丶Mounta1n: 太有大手了玩神😁👍太有大手了玩神😁👍
[2026-02-22 00:12:27] Vitality的Zyw0o本人: 傻呗
[2026-02-22 00:12:27] 虹豆砸: 我去吃饭了（开始批量拉黑）
[2026-02-22 00:12:28] 用户08120895: 有战地记者吗 100t似了没
[2026-02-22 00:12:28] 二着先生尼古拉: 你下播吧, 像2025-02-07 23:49一样！
[2026-02-22 00:12:28] 圣诞节二人组: 玩大哥别禁言我😭我把荧光棒都给你😭
[2026-02-22 00:12:28] 走走道儿疯了: 有战地记者吗 100t似了没
[2026-02-22 00:12:28] 稗田牢求: 吃饱了
[2026-02-22 00:12:28] 用户247509865: 别解说了 多聊会天 你不会真的以为能赢吧
[2026-02-22 00:12:28] 今天只做1件事: 我去吃饭了（开始批量拉黑）
[2026-02-22 00:12:28] 玉米卧槽: 沵個炪泩菿疧蔎置孒哆仯個屛幣詞，莪棈杺揙辑哋弹募怎庅潑芣炪唻
[2026-02-22 00:12:28] zeta黯霓: 仔细听..好像在哭
[2026-02-22 00:12:29] 摆烂小鸽子: 傻呗
[2026-02-22 00:12:29] 水下放电11: 我去吃饭了（开始批量拉黑）
[2026-02-22 00:12:29] Cr1msn: 我去吃饭了（开始批量拉黑）
[2026-02-22 00:12:29] 玩跳丹jampegg: 　　　 一位谦虚的选手被人身攻击你不管，一条区被骂两句你知道屏蔽了？
[2026-02-22 00:12:29] ropz的保时捷911turbos: 我去吃饭了（开始批量拉黑）
[2026-02-22 00:12:29] 银行业一样一样有有: 我去吃饭了（开始批量拉黑）
[2026-02-22 00:12:29] Dv1da: 我去吃饭了（开始批量拉黑）
[2026-02-22 00:12:30] 咕咕嘎嘎major冠军: 傻呗
[2026-02-22 00:12:30] 八月是你的谎言desuwa: .
[2026-02-22 00:12:30] 用户6235382488: @玩机器：操，这么多弹幕封都封不完（疯狂划拉猪蹄）
[2026-02-22 00:12:30] 用户247509865: 别解说了 多聊会天 你不会真的以为能赢吧
[2026-02-22 00:12:30] UFO233: 我去吃饭了（开始批量拉黑）
[2026-02-22 00:12:31] 橘子味儿小baby: 我去吃饭了（开始批量拉黑）
[2026-02-22 00:12:31] Ence的Aleks1b本人: 我去吃饭了（开始批量拉黑）
[2026-02-22 00:12:31] 宇宙第一麻瓜: 我去吃饭了（开始批量拉黑）
[2026-02-22 00:12:32] Nooby11483421: 仔细听..好像在拉黑
[2026-02-22 00:12:32] 夺云丶: 我擦机器把我拉黑了😭😭😭
[2026-02-22 00:12:32] 有舍身会这样吗: 千万别开双倍卡啊！千万别开双倍卡啊！千万别开双倍卡啊！
[2026-02-22 00:12:32] 李小小与虾大大: @玩机器（🚽👀100T)：老汤杀😭👍
[2026-02-22 00:12:32] 玉米卧槽: ？
[2026-02-22 00:12:32] 最喜欢清光: 我去吃饭了（开始批量拉黑）
[2026-02-22 00:12:32] 静寂风: ？
[2026-02-22 00:12:32] 我要看後续: 宝宝
[2026-02-22 00:12:32] 用户247509865: 别解说了 多聊会天 你不会真的以为能赢吧
[2026-02-22 00:12:32] jamesfaith23: 傻呗
[2026-02-22 00:12:32] 跳跃的司令官: 我去吃饭了（开始批量拉黑）
[2026-02-22 00:12:32] Yon1e: 水柱富冈义勇，恋柱甘露寺蜜璃，虾柱niko，肥柱玩机器
[2026-02-22 00:12:33] 小箱我亲死你: 机器你没似啊😭
[2026-02-22 00:12:33] 半个Jayden: 太有大手了玩神😁👍太有大手了玩神😁👍
[2026-02-22 00:12:33] 足音: 玩机器是真爱老爸啊 去年看似7次中国队的牛劲呢？
[2026-02-22 00:12:33] 菅原小吉: ？
[2026-02-22 00:12:33] 伊森鸽丶不打烊: 《鞭我喜欢的选手比如老汤我肯定要喷》《哈哈还鞭到老汤身上了》《由于对方隐私设置无法查看空间》
[2026-02-22 00:12:33] 伢牙luo: 再见了，所有的15级粉丝牌✋🏻
[2026-02-22 00:12:34] gggaligeigei: 我去吃饭了（开始批量拉黑）
[2026-02-22 00:12:34] 萝伯丝比尔: 我去吃饭了（开始批量拉黑）
[2026-02-22 00:12:34] 滨辺美波: 我去吃饭了（开始批量拉黑）
[2026-02-22 00:12:34] 好哥们黑龙歼灭刀: 我去吃饭了（开始批量拉黑）
[2026-02-22 00:12:34] 用户247509865: 别解说了 多聊会天 你不会真的以为能赢吧
[2026-02-22 00:12:34] 玩跳丹jampegg: @玩机器：操，这么多弹幕封都封不完（疯狂划拉猪蹄）
[2026-02-22 00:12:34] Igony丶: 我去吃饭了（开始批量拉黑）
[2026-02-22 00:12:34] 海鲜业大虾大虾Niko: 有战地记者吗 100t似了没
[2026-02-22 00:12:35] 驴子别路边了: 我去吃饭了（开始批量拉黑）
[2026-02-22 00:12:35] Machine拾玖: 我去吃饭了（开始批量拉黑）
[2026-02-22 00:12:35] 工业化战士: 我去吃饭了（开始批量拉黑）
[2026-02-22 00:12:35] xOcOg: 设备：孩子，累了想下播就索敌攻击你监爹的弹幕，想净化弹幕环境就看看我的比赛
[2026-02-22 00:12:35] 詹姆座下第一炽天使: 宝宝你回来啦😊
[2026-02-22 00:12:36] viovvvvvvvon: 我去吃饭了（开始批量拉黑）
[2026-02-22 00:12:36] 玉竹听君意: 傻呗
[2026-02-22 00:12:36] gggaligeigei: 我去吃饭了（开始批量拉黑）
[2026-02-22 00:12:36] 玩机器的弟弟玩弟科: 我去吃饭了（开始批量拉黑）
[2026-02-22 00:12:36] 尼尼Major夺冠再送礼物: 今天有炼金环节么
[2026-02-22 00:12:37] 劉膿dewasu:     一位谦虚的选手被人身攻击你不管，一条区被骂两句你知道屏蔽了？
[2026-02-22 00:12:37] 伢牙luo: 再见了，所有的15级粉丝牌✋🏻
[2026-02-22 00:12:37] 夺云丶: 仔细听..好像在拉黑
[2026-02-22 00:12:37] Naaaaaaakiri: 宝宝
[2026-02-22 00:12:37] GF-of-GotohHitori、Kita: 100T 12-9 BB
[2026-02-22 00:12:37] 用户247509865: 别解说了 多聊会天 你不会真的以为能赢吧
[2026-02-22 00:12:37] 玩机爸、device: ？
[2026-02-22 00:12:37] wookeke: 我去吃饭了（开始批量拉黑）
[2026-02-22 00:12:38] YEYH111: 懂你意思
[2026-02-22 00:12:38] 千歌歌z: @玩机器（🚽👀100T)：老汤杀😭👍
[2026-02-22 00:12:38] 宇莓: 你播完这场也能登山了
[2026-02-22 00:12:38] LvvsiN: 你这音画不同步太难受了，我都听到NIKO里约RMR晋级的欢呼了
[2026-02-22 00:12:38] Dartline: 我擦机器把我拉黑了😭😭😭
[2026-02-22 00:12:39] 命运叫我去战斗: 有战地记者吗 100t似了没
[2026-02-22 00:12:39] 玩玩机器小J: 说句难听的，这枪device来都中了😅哦，这tm就是device！😨
[2026-02-22 00:12:39] 不甜o0: 卧槽！老汤五杀终结比赛了
[2026-02-22 00:12:39] MeIoN39: 我去吃饭了（开始批量拉黑）
[2026-02-22 00:12:39] emmmm452: 设备：孩子，累了想下播就索敌攻击你监爹的弹幕，想净化弹幕环境就看看我的比赛
[2026-02-22 00:12:39] 麻将高手八木唯: 你也下班吧
[2026-02-22 00:12:39] 万物养生: ？
[2026-02-22 00:12:39] 用户247509865: 别解说了 多聊会天 你不会真的以为能赢吧
[2026-02-22 00:12:40] 玩机爸、device: 、
[2026-02-22 00:12:40] BleksiA: 玩🤖大🤖哥🤖我🤖来🤖上🤖班🤖了玩🤖大🤖哥🤖我🤖来🤖上🤖班🤖了
[2026-02-22 00:12:40] 吊主播最爱owo: 我去吃饭了（开始批量拉黑）
[2026-02-22 00:12:40] 永远的克罗娜: 爱弥斯，我只希望你能轻松快乐的生活......
[2026-02-22 00:12:40] 听风丶随来: 仔细听..好像在拉黑
[2026-02-22 00:12:40] 永出塔菲: 懂你意思
[2026-02-22 00:12:41] 有舍身会这样吗: 千万别开双倍卡啊！千万别开双倍卡啊！千万别开双倍卡啊！
[2026-02-22 00:12:41] 伢牙luo: 再见了，所有的15级粉丝牌✋🏻
[2026-02-22 00:12:41] 载物唯一GOAT: 这左边machine也是个墨尔本哦哦哦哦哦哦哦哥
[2026-02-22 00:12:41] Yamada、: 内些发不考的人，你们真没上过学啊？你们也肆业了？
[2026-02-22 00:12:41] 半个盛唐c: 我去吃饭了（开始批量拉黑）
[2026-02-22 00:12:41] JamYo0oung: 66572
[2026-02-22 00:12:42] 浮华殆尽且听忧伤: wjq你就继续清弹幕和评论吧，我们越清越打
[2026-02-22 00:12:42] 用户247509865: 再见了，所有的15级粉丝牌✋🏻
[2026-02-22 00:12:42] 用户9921747043: 暗示自己播完就退役
[2026-02-22 00:12:42] 铲车司机戴家伟: 我去吃饭了（开始批量拉黑）
[2026-02-22 00:12:42] 5m1le: 【hltv】：六月飞霜凝铁骨，一腔碧血化啼鹃！NIKO没鞭！
[2026-02-22 00:12:42] 唦卡井一一一: 卧槽！老汤五杀终结比赛了
[2026-02-22 00:12:42] Cloud9的咬人猫本人: 一位谦虚的选手被人身攻击你不管，一条区被骂两句你知道屏蔽了？
[2026-02-22 00:12:42] 好姐妹索菲亚: 仔细听，好像在鞭食
[2026-02-22 00:12:42] 玩指挥丶NiKo: 我擦机器把我拉黑了😭😭😭
[2026-02-22 00:12:43] 大梦464: 我去吃饭了（开始批量拉黑）
[2026-02-22 00:12:43] 火星情报员工: 我去吃饭了（开始批量拉黑）
[2026-02-22 00:12:43] 宇莓: 我去吃饭了（开始批量拉黑）
[2026-02-22 00:12:43] 用户4465047379: 我去吃饭了（开始批量拉黑）
[2026-02-22 00:12:43] 水sundy: 我去吃饭了（开始批量拉黑）
[2026-02-22 00:12:44] 石家庄的刘亦博本人: 我去吃饭了（开始批量拉黑）
[2026-02-22 00:12:44] chordclef: 宝宝你回来啦😊
[2026-02-22 00:12:44] 普丽瓦蒂: 千万别开双倍卡啊！千万别开双倍卡啊！千万别开双倍卡啊！
[2026-02-22 00:12:44] 用户247509865: 再见了，所有的15级粉丝牌✋🏻
[2026-02-22 00:12:44] 机器的儿子阿雨的狗: 这不就是猪灵吗
[2026-02-22 00:12:44] VDVCI的迪米特里本人: 我去吃饭了（开始批量拉黑）
[2026-02-22 00:12:44] LvvsiN: 额，拿亚军我都会，拿亚军，拿季军，拿四强，拿八强，拿十六强，呃拿冠军我不会，然后小组赛淘汰
[2026-02-22 00:12:45] 细菌P: 卧槽，孩孩回G2了！说要一人一城不抱团当真GOAT！💪👑
[2026-02-22 00:12:45] Endwa1ker: 谁说玩机器死了，害我高兴了两分钟
[2026-02-22 00:12:45] kalaokl: 椰子糕冬瓜强：不想给玩➗增加热度的来我这😘
[2026-02-22 00:12:45] 图帕雷松: 我去拉黑了（开始批量吃饭）
[2026-02-22 00:12:45] 哈基鹅大王: 宝宝你回来了
[2026-02-22 00:12:46] 江雪姨: 我去吃饭了（开始批量拉黑）
[2026-02-22 00:12:46] 疗养院的Terapevt本人: 我去吃饭了（开始批量拉黑）
[2026-02-22 00:12:46] 用户247509865: 再见了，所有的15级粉丝牌✋🏻
[2026-02-22 00:12:46] 伢牙luo: 再见了，所有的15级粉丝牌✋🏻
[2026-02-22 00:12:46] JamYo0oung: 我去吃饭了（开始批量拉黑）
[2026-02-22 00:12:47] SuperSword81317: 仔细听..好像在拉黑
[2026-02-22 00:12:47] 平朝阳: 有战地记者吗 100t似了没
[2026-02-22 00:12:47] 愁尔一朝还到地丶: 爱弥斯，我只希望你能轻松快乐的生活......
[2026-02-22 00:12:47] 没有名字的菜鸡: 花海咲季🥰月村手毬🥰藤田琴音🥰葛城莉莉娅🥰筱泽广🥰秦谷美铃🥰玩机器🤮
[2026-02-22 00:12:48] 三生浮梦终醒: @玩机器（🚽👀100T)：老汤杀😭👍
[2026-02-22 00:12:48] 卖鱼强不卖鱼: 我去吃饭了（开始批量拉黑）
[2026-02-22 00:12:48] 风雪夜归人aas: 我去吃饭了（开始批量拉黑）
[2026-02-22 00:12:48] 用户247509865: 再见了，所有的15级粉丝牌✋🏻
[2026-02-22 00:12:48] 愿良辰美景: wjq你就继续清弹幕和评论吧，我们越清越打
[2026-02-22 00:12:49] C0ncerto: 我去吃饭了（开始批量拉黑）
[2026-02-22 00:12:49] LvvsiN: @老汤日记:丹麦总统让我静音接触白宫，这应该是我最后一次看儿子直播了，机器，我爱你...
[2026-02-22 00:12:49] VDVCI的迪米特里本人: wjq你就继续清弹幕和评论吧，我们越清越打
[2026-02-22 00:12:49] 玩黄油丶Djava: 我去吃饭了（开始批量拉黑）
[2026-02-22 00:12:49] 有舍身会这样吗: 千万别开双倍卡啊！千万别开双倍卡啊！千万别开双倍卡啊！
[2026-02-22 00:12:49] 加一些辣椒酱: 我去吃饭了（开始批量拉黑）
[2026-02-22 00:12:49] MasanQwQ: @老汤日记:丹麦总统让我静音接触白宫，这应该是我最后一次看儿子直播了，机器，我爱你...
[2026-02-22 00:12:49] 一条无梦鱼: 设备：孩子，累了想下播就索敌攻击你监爹的弹幕，想净化弹幕环境就看看我的比赛
[2026-02-22 00:12:49] 江雪姨: 我去吃饭了（开始批量拉黑）
[2026-02-22 00:12:49] 羽丘最速传说爱音本人: wjq你就继续清弹幕和评论吧，我们越清越打
[2026-02-22 00:12:49] Taki479: 我去吃饭了（开始批量拉黑）
[2026-02-22 00:12:49] 留下来陪阿姨别播了: 仔细听..好像在拉黑
[2026-02-22 00:12:49] 海绵宝宝dinner: 我去吃饭了（开始批量拉黑）
[2026-02-22 00:12:50] 散場予告: 宝宝 @玩机器（🚽👀100T)：老汤杀😭👍
[2026-02-22 00:12:50] 永远的克罗娜: 爱弥斯，我只希望你能轻松快乐的生活......
[2026-02-22 00:12:51] LvvsiN: 你为什么要把mαjor禁了，我收藏的一半弹幕全毁了
[2026-02-22 00:12:51] 命运叫我去战斗: 卧槽！老汤五杀终结比赛了
[2026-02-22 00:12:51] 来杯浓硫酸压压惊: 我去吃饭了（开始批量拉黑）
[2026-02-22 00:12:51] 伢牙luo: 再见了，所有的15级粉丝牌✋🏻
[2026-02-22 00:12:51] 玩斯特出出6657: 再见了，所有的15级粉丝牌✋🏻
[2026-02-22 00:12:51] 走马right: 我去吃饭了（开始批量拉黑）
[2026-02-22 00:12:51] 程程程Chb1ue: 我去吃饭了（开始批量拉黑）
[2026-02-22 00:12:51] M1丶NT: 再见了，所有的15级粉丝牌✋🏻
[2026-02-22 00:12:51] mujica的长崎素世本人: 仔细听，好像在鞭食
[2026-02-22 00:12:51] 小蜜蜂的长期素食本人: 谁说玩机器死了，害我高兴了两分钟
[2026-02-22 00:12:52] GlockieSs: @刘农：儿子，老爸拙略的演技对你的弹幕环境有帮助吗？这是爸爸能做到的全部了
[2026-02-22 00:12:52] 丶丶Ken丶丶: 再见了，所有的15级粉丝牌✋🏻
[2026-02-22 00:12:52] 阿道和伏见柚柚: 我提一嘴，玩机器已经很久没看弹幕了
[2026-02-22 00:12:52] 游荡恶鬼灬: 我去拉黑了（开始批量吃饭）
[2026-02-22 00:12:52] kh940329: 再见了，所有的15级粉丝牌✋🏻
[2026-02-22 00:12:52] 天际之光90830: @玩过一次机器的玩家：我有话要说。玩过一次机器的玩家：我有话要说。
[2026-02-22 00:12:53] FUN190: ？
[2026-02-22 00:12:53] 用户247509865: 我去拉黑了（开始批量吃饭）
[2026-02-22 00:12:53] 用户0637093822: 我去吃饭了（开始批量拉黑）
[2026-02-22 00:12:53] 吊人日子不过了: 我去拉黑了（开始批量吃饭）
[2026-02-22 00:12:53] MeIoN39: 仔细听..好像在拉黑
[2026-02-22 00:12:53] 半个盛唐c: 再见了，所有的15级粉丝牌✋🏻
[2026-02-22 00:12:53] 水下放电11: 我去拉黑了（开始批量吃饭）
[2026-02-22 00:12:53] 喵蹄丝: 再见了，所有的15级粉丝牌✋🏻
[2026-02-22 00:12:54] 不变的追求717: 仔细听..好像在拉黑
[2026-02-22 00:12:54] 多多多旧鱼: 我去吃饭了（开始批量拉黑）
[2026-02-22 00:12:54] 你的最佳读者: 看tm100t啊你🐉吗
[2026-02-22 00:12:55] 好哥们黑龙歼灭刀: wjq你就继续清弹幕和评论吧，我们越清越打
[2026-02-22 00:12:55] 用户247509865: 我去拉黑了（开始批量吃饭）
[2026-02-22 00:12:55] LvvsiN: 南孚一节更比六节强，也就是一节南孚比六节南孚强，六节南孚比三十六节强，三十六节比二百一十六节强
[2026-02-22 00:12:55] 什么罐头我说男人: 我去吃饭了（开始批量拉黑）
[2026-02-22 00:12:55] RealRomeo: 再见了，所有的15级粉丝牌✋🏻
[2026-02-22 00:12:55] 短桥窄马: 宝宝你回来啦😊
[2026-02-22 00:12:55] kh940329: 我去吃饭了（开始批量拉黑）
[2026-02-22 00:12:55] 偷摸灵感菇: 我去吃饭了（开始批量拉黑）
[2026-02-22 00:12:56] TM在抖我: 卧槽！老汤五杀终结比赛了
[2026-02-22 00:12:56] 魔魔汤汤科隆冠军: 我去吃饭了（开始批量拉黑）
[2026-02-22 00:12:56] 机器的儿子阿雨的狗: 玩机器 @老汤日记:丹麦总统让我静音接触白宫，这应该是我最后一次看儿子直播了，机器，我爱你...
[2026-02-22 00:12:56] myGo的anon: 我去我怎么发不了弹幕了？？？
[2026-02-22 00:12:56] 琦玉33的冷漠脸: 宝牛魔
[2026-02-22 00:12:57] 好兄弟苍蓝瑆: 我去吃饭了（开始批量拉黑）
[2026-02-22 00:12:57] kalaokl: 你们串串选手就算了，串玩机器真有房管封你！
[2026-02-22 00:12:57] Felixus: 再见了，所有的15级粉丝牌✋🏻
[2026-02-22 00:12:57] LvvsiN: 玩宝宝，我发现在大学上学的时候肄业会很舒服，你可以试试
[2026-02-22 00:12:57] GlockieSs:  @刘农：儿子，老爸拙略的演技对你的弹幕环境有帮助吗？这是爸爸能做到的全部了
[2026-02-22 00:12:57] 听风丶随来: 再见了，所有的15级粉丝牌✋🏻
[2026-02-22 00:12:58] 5m1le: 【hltv】：六月飞霜凝铁骨，一腔碧血化啼鹃！NIKO没鞭！
[2026-02-22 00:12:58] LenG丨清风: 再见
[2026-02-22 00:12:58] Breath尘埃: 我去吃饭了（开始批量拉黑）
[2026-02-22 00:12:58] Zkey88: 卧槽！老汤五杀终结比赛了
[2026-02-22 00:12:58] Crystal灬233: 实时比分9:12
[2026-02-22 00:12:58] CThun438: 再见了，所有的15级粉丝牌✋🏻
[2026-02-22 00:12:58] 流浪0022: 再见了，所有的15级粉丝牌✋🏻
[2026-02-22 00:12:59] 命运叫我去战斗: 宝宝 @玩机器（🚽👀100T)：老汤杀😭👍
[2026-02-22 00:12:59] 喵蹄丝: 我提一嘴，玩机器已经很久没看弹幕了
[2026-02-22 00:12:59] 阿波连玲奈Official: 仔细听..好像在拉黑
[2026-02-22 00:12:59] gggaligeigei: 再见了，所有的15级粉丝牌✋🏻
[2026-02-22 00:12:59] 她丶美得窒息: 抓娃娃
[2026-02-22 00:12:59] 瑭珏: 【前线速报】隔壁9：12了
[2026-02-22 00:12:59] 米米世界之神: 再见了，所有的15级粉丝牌✋🏻
[2026-02-22 00:13:00] 60岁老奶奶想卖身: 自己躲一边去看，你做人真的可以玩哥
[2026-02-22 00:13:00] hRainn: 仔细听..好像在拉黑
[2026-02-22 00:13:00] 鲜血与暗影铸造的家伙: 飞
[2026-02-22 00:13:00] 永远的克罗娜: 爱弥斯，我只希望你能轻松快乐的生活......
[2026-02-22 00:13:00] miku-: 再见了，所有的15级粉丝牌✋🏻
[2026-02-22 00:13:00] 红红雨雨养猪冠军: @玩机器（🚽👀100T)：老汤杀😭👍
[2026-02-22 00:13:00] 玩指挥丶NiKo: 卧槽！老汤五杀终结比赛了
[2026-02-22 00:13:00] Dartline: 我提一嘴，玩机器已经很久没看弹幕了
[2026-02-22 00:13:01] 很正经的昵称: 再见了，所有的15级粉丝牌✋🏻
[2026-02-22 00:13:01] kalaokl: 椰子糕冬瓜强：不想给玩➗增加热度的来我这😘
[2026-02-22 00:13:01] 铲车司机戴家伟: 玩大哥我弹幕怎么发不出去了😭不要拉黑我😭😭😭
[2026-02-22 00:13:01] 好儿子刘易博: 我去拉黑了（开始批量吃饭）
[2026-02-22 00:13:02] GlockieSs: @刘农：儿子，老爸拙略的演技对你的弹幕环境有帮助吗？这是爸爸能做到的全部了
[2026-02-22 00:13:02] JuL1us: 再见了，所有的15级粉丝牌✋🏻
[2026-02-22 00:13:03] 来自欧派星球: 再见了，所有的15级粉丝牌✋🏻
[2026-02-22 00:13:03] 用户0991380310: 玩机器 @老汤日记:丹麦总统让我静音接触白宫，这应该是我最后一次看儿子直播了，机器，我爱你...
[2026-02-22 00:13:03] 用户1468745413: 我去我怎么发不了弹幕了？？？
[2026-02-22 00:13:03] LvvsiN: 弹幕也就网上说说，现实里谁不觉得樱姐是好女孩（删括号领一条远坂凛同款鸟笼）
[2026-02-22 00:13:03] KatoM3gum1: 你们串串选手就算了，串玩机器真有房管封你！
[2026-02-22 00:13:03] 木人斤: 我去拉黑了（开始批量吃饭）
[2026-02-22 00:13:03] siufff: 你们串串选手就算了，串玩机器真有房管封你！
[2026-02-22 00:13:03] 用户8893066234: 仔细听..好像在拉黑
[2026-02-22 00:13:03] 上完课我找你: 《不要再讨论双倍了》《以后明天都会开双倍》《不要给网络主播送礼物了》《铁皮礼物双倍卡》
[2026-02-22 00:13:04] 小小小小小水怪: 玩机器 @老汤日记:丹麦总统让我静音接触白宫，这应该是我最后一次看儿子直播了，机器，我爱你...
[2026-02-22 00:13:04] 青森大佬: 再见了，所有的15级粉丝牌✋🏻
[2026-02-22 00:13:04] z泽村英梨梨i: 再见了，所有的15级粉丝牌✋🏻
[2026-02-22 00:13:04] 七海辣那米: 再见了，所有的15级粉丝牌✋🏻
[2026-02-22 00:13:04] 有舍身会这样吗: 千万别开双倍卡啊！千万别开双倍卡啊！千万别开双倍卡啊！
[2026-02-22 00:13:04] 欠吊王该还吊了: 抓娃娃
[2026-02-22 00:13:05] 尼尼海海出入平安: 我去吃饭了（开始批量拉黑）
[2026-02-22 00:13:05] 柳小目: 我提一嘴，玩机器已经很久没看弹幕了
[2026-02-22 00:13:05] jc没睡醒的小熊: 卧槽，老汤五杀赢了
[2026-02-22 00:13:05] LvvsiN: 孩子们快跑，马修赫伯特来了😨卧槽你的怎么是马枪和BOT
[2026-02-22 00:13:05] c9的stewie本人: 仔细听..好像在拉黑
[2026-02-22 00:13:05] 地下室的女高中生: wjq你就继续清弹幕和评论吧，我们越清越打
[2026-02-22 00:13:05] 杰氏子: 卧槽！老汤五杀终结比赛了
[2026-02-22 00:13:05] Alekslb: 嘘...仔细听...niko好像在鞭....
[2026-02-22 00:13:06] Ploy45: 再见了，所有的15级粉丝牌✋🏻
[2026-02-22 00:13:06] WPwpS: 图三是啥
[2026-02-22 00:13:06] 机智小寒: 0.0
[2026-02-22 00:13:07] Eddie6667: 再见了，所有的15级粉丝牌✋🏻
[2026-02-22 00:13:07] 大姜饼: 你们串串选手就算了，串玩机器真有房管封你！
[2026-02-22 00:13:07] MikeXGS: 玩大哥我弹幕怎么发不出去了😭不要拉黑我😭😭😭
[2026-02-22 00:13:07] 短桥窄马: 不许再喷玩宝宝了🥺🥺
[2026-02-22 00:13:07] Moe1e: 老汤五杀结束比赛了
[2026-02-22 00:13:07] 宇宙第一麻瓜: 我提一嘴，玩机器已经很久没看弹幕了
[2026-02-22 00:13:07] LvvsiN: 南孚一节更比六节强，也就是一节南孚比六节南孚强，六节南孚比三十六节强，三十六节比二百一十六节强
[2026-02-22 00:13:07] 核浪98120: 老汤厉害啊，无甲沙鹰都能五杀👍🏻
[2026-02-22 00:13:08] ElfSenIor: 再见了，所有的15级粉丝牌✋🏻
[2026-02-22 00:13:08] 若叶睦吃苦瓜: 我去我怎么发不了弹幕了？？？
[2026-02-22 00:13:08] 有舍身会这样吗: 千万别开双倍卡啊！千万别开双倍卡啊！千万别开双倍卡啊！
[2026-02-22 00:13:08] lpyuan: 再见了，所有的15级粉丝牌✋🏻
[2026-02-22 00:13:08] gggaligeigei: 你们串串选手就算了，串玩机器真有房管封你！
[2026-02-22 00:13:08] viovvvvvvvon: 卧槽！老汤五杀终结比赛了
[2026-02-22 00:13:09] Gouzime: 再见了，所有的15级粉丝牌✋🏻
[2026-02-22 00:13:09] Vitality的羽贺文乃本人: 椰子糕冬瓜强：不想给玩➗增加热度的来我这😘
[2026-02-22 00:13:09] 永远的克罗娜: 爱弥斯，我只希望你能轻松快乐的生活......
[2026-02-22 00:13:09] 教练我想打突破: 再见了，所有的15级粉丝牌✋🏻
[2026-02-22 00:13:09] 恶灵的洞不如艾许的缝: 刚来，请问这里可以玩数字梗吗
[2026-02-22 00:13:09] 玩玩QUQUMajor冠军: ⚠本弹幕用来检测是否被封⚠
[2026-02-22 00:13:09] Rainwedell: 仔细听..好像在拉黑
[2026-02-22 00:13:09] GlockieSs: @刘农：儿子，老爸拙略的演技对你的弹幕环境有帮助吗？这是爸爸能做到的全部了
[2026-02-22 00:13:10] lonhkfd: 我去拉黑了（开始批量吃饭）
[2026-02-22 00:13:10] 红鲤鱼与驴与绿AA: 再见了，所有的15级粉丝牌✋🏻
[2026-02-22 00:13:10] 用户9921747043: 我去拉黑了（开始批量吃饭）
[2026-02-22 00:13:10] c6lviN: 再见了，所有的15级粉丝牌✋🏻
[2026-02-22 00:13:10] 尼尼海海出入平安: 你们串串选手就算了，串玩机器真有房管封你！
[2026-02-22 00:13:10] 月落汐上: 再见了，所有的15级粉丝牌✋🏻
[2026-02-22 00:13:10] 月茗丶星溪: 我去拉黑了（开始批量吃饭）
[2026-02-22 00:13:11] 至中流卝击水: 111
[2026-02-22 00:13:11] 宫监手: 仔细听..好像在拉黑
[2026-02-22 00:13:11] xOcOg: 设备：孩子，累了想下播就索敌攻击你监爹的弹幕，想净化弹幕环境就看看我的比赛
[2026-02-22 00:13:11] SKT的Faker本人: 老汤五杀结束比赛了
[2026-02-22 00:13:11] MunChlax丶: 再见了，所有的15级粉丝牌✋🏻
[2026-02-22 00:13:11] 打会牌不会打牌: 再见了，所有的15级粉丝牌✋🏻
[2026-02-22 00:13:12] 上完课我找你: 《不要再讨论双倍了》《以后明天都会开双倍》《不要给网络主播送礼物了》《铁皮礼物双倍卡》
[2026-02-22 00:13:12] 帅与俊的衬托: 再见了，所有的15级粉丝牌✋🏻
[2026-02-22 00:13:12] 明天开始要牛马归棚了: 我提一嘴，玩机器已经很久没看弹幕了
[2026-02-22 00:13:12] 艺术冰霜: 关于ZYWOO和NIKO，猎鹰的过去和未来，我的心路历程，有关解说内容的反思，以及诚挚的道歉！
[2026-02-22 00:13:12] 猫头全球第二粉丝: 再见了，所有的15级粉丝牌✋🏻
[2026-02-22 00:13:13] 海绵宝宝有希儿: 卧槽，老汤五杀赢了
[2026-02-22 00:13:13] 好哥们黑龙歼灭刀: 你们串串选手就算了，串玩机器真有房管封你！
[2026-02-22 00:13:13] LvvsiN: 你这音画不同步太难受了，我都听到NIKO里约RMR晋级的欢呼了
[2026-02-22 00:13:13] 不是很懂怎么取名: 刚来，请问这里可以玩数字梗吗
[2026-02-22 00:13:14] Rel69: 再见了，所有的15级粉丝牌✋🏻
[2026-02-22 00:13:14] MunChlax丶: 千万别开双倍卡啊！千万别开双倍卡啊！千万别开双倍卡啊！
[2026-02-22 00:13:14] 好兄弟晓山瑞希: 仔细听..好像在拉黑
[2026-02-22 00:13:14] 魔教中人谌: ⚠本弹幕用来检测是否被封⚠
[2026-02-22 00:13:14] 排骨的愤怒: 卧槽！老汤五杀终结比赛了
[2026-02-22 00:13:14] 杰斌候入长峪城: 啥意思
[2026-02-22 00:13:14] 尼尼海海出入平安: 再见了，所有的15级粉丝牌✋🏻
[2026-02-22 00:13:14] 假如一切是虚幻: 再见了，所有的15级粉丝牌✋🏻
[2026-02-22 00:13:14] viovvvvvvvon: 再见了，所有的15级粉丝牌✋🏻
[2026-02-22 00:13:14] 命运叫我去战斗: 卧槽！老汤五杀结束比赛了
[2026-02-22 00:13:15] Dartline: 再见了，所有的15级粉丝牌✋🏻
[2026-02-22 00:13:15] Li喵喵喵a: 再见了，所有的15级粉丝牌✋🏻
[2026-02-22 00:13:15] Arianphy: 再见了，所有的15级粉丝牌✋🏻
[2026-02-22 00:13:15] 带节奏的都是我重孙: 再见了，所有的15级粉丝牌✋🏻
[2026-02-22 00:13:15] 梅素汁小伙: 设备：孩子，累了想下播就索敌攻击你监爹的弹幕，想净化弹幕环境就看看我的比赛
[2026-02-22 00:13:15] 肥美西兰花: 再见了，所有的15级粉丝牌✋🏻
[2026-02-22 00:13:16] 玩杂兵: 再见了，所有的15级粉丝牌✋🏻
[2026-02-22 00:13:16] 椎名立希可爱可爱: 卧槽！老汤五杀终结比赛了
[2026-02-22 00:13:16] 东云绘名可爱滴捏: 我去你的
[2026-02-22 00:13:16] Gr1se0: 再见了，所有的15级粉丝牌✋🏻
[2026-02-22 00:13:17] 驌驦玄龙: ／／／／／／
[2026-02-22 00:13:17] 愁尔一朝还到地丶: 再见了，所有的15级粉丝牌✋🏻
[2026-02-22 00:13:17] GlockieSs: @刘农：儿子，老爸拙略的演技对你的弹幕环境有帮助吗？这是爸爸能做到的全部了
[2026-02-22 00:13:17] LvvsiN: 屏幕中间弹幕这么狂？站那不走了还剧透分，你当你是主办方？？
[2026-02-22 00:13:17] 痘痘泥石流: 再见了，所有的15级粉丝牌✋🏻
[2026-02-22 00:13:17] 60岁老奶奶想卖身: 再见了，所有的15级粉丝牌✋🏻
[2026-02-22 00:13:17] 不会真44113: 再见了，所有的15级粉丝牌✋🏻
[2026-02-22 00:13:18] 如如493: 再见了，所有的15级粉丝牌✋🏻
[2026-02-22 00:13:18] 玩指挥丶NiKo: 我提一嘴，玩机器已经很久没看弹幕了
[2026-02-22 00:13:18] 玩弓箭、Arrow: 我去拉黑了（开始批量吃饭）
[2026-02-22 00:13:18] 喜欢吃生菜: 再见了，所有的15级粉丝牌✋🏻
[2026-02-22 00:13:18] 梅素汁小伙: 再见了，所有的15级粉丝牌✋🏻
[2026-02-22 00:13:19] 轰国小阿旭丶: 卧槽！老汤五杀终结比赛了
[2026-02-22 00:13:19] 好哥们黑龙歼灭刀: 电棍粉丝 还有玩机器的高能提纯小众结晶宝藏粉丝 你们再发一条弹幕 你们的主子就少活一天！
[2026-02-22 00:13:19] 克勞恩皮絲: 我去拉黑了（开始批量吃饭）
[2026-02-22 00:13:19] 古堡12枪战神: 老汤1V5拿下了
[2026-02-22 00:13:19] 用户72654047: 再见了，所有的15级粉丝牌✋🏻
[2026-02-22 00:13:19] 玩鸡器的那里很小: 千万别开双倍卡啊！千万别开双倍卡啊！千万别开双倍卡啊！
[2026-02-22 00:13:20] LvvsiN: @老汤日记:丹麦总统让我静音接触白宫，这应该是我最后一次看儿子直播了，机器，我爱你...
[2026-02-22 00:13:20] 回忆都抹去了: [梗已老实]
[2026-02-22 00:13:20] 好哥们恩佐: 再见了，所有的15级粉丝牌✋🏻
[2026-02-22 00:13:20] 好哥们戴噗特: 实时比分12-9
[2026-02-22 00:13:20] 巅峰A队的一员Xyp9x: 卧槽！老汤五杀终结比赛了
[2026-02-22 00:13:20] P1uck666: 🗿：新一轮的研发即将开始。。。
[2026-02-22 00:13:20] 没有故事的Pluto: 玩玩要不你下播吧，我怕一会vitality比赛的时候你顶不住......
[2026-02-22 00:13:20] 述二ER: 再见了，所有的15级粉丝牌✋🏻
[2026-02-22 00:13:20] 有没有圣人推荐点牛本: 支持弹幕带节奏，我早看20级以下的弹幕不爽了
[2026-02-22 00:13:20] 鲸鱼向海鲸鱼向海: 不许再喷玩宝宝了🥺🥺
[2026-02-22 00:13:21] 冷淡ld: 仔细听..好像在拉黑
[2026-02-22 00:13:21] 玩神么么么么么: 我去吃饭了（开始批量拉黑）
[2026-02-22 00:13:21] wantrue: 你屏蔽词都快赶上新华词典了为什么不干脆开一百级发言？
[2026-02-22 00:13:21] 呆毛帝国皇家御用大厨: 再见了，所有的15级粉丝牌✋🏻
[2026-02-22 00:13:21] 载物唯一GOAT: 再见了，所有的15级粉丝牌✋🏻
[2026-02-22 00:13:22] 橘子味儿小baby: 你们串串选手就算了，串玩机器真有房管封你！
[2026-02-22 00:13:22] Cloud9的咬人猫本人: 关于ZYWOO和NIKO，猎鹰的过去和未来，我的心路历程，有关解说内容的反思，以及诚挚的道歉！
[2026-02-22 00:13:22] Vitality的羽贺文乃本人: 千万别开双倍卡啊！千万别开双倍卡啊！千万别开双倍卡啊！
[2026-02-22 00:13:22] 普通人類o: 仔细听，好像在食鞭
[2026-02-22 00:13:23] 鲸鱼向海鲸鱼向海: 不许再喷玩宝宝了🥺🥺
[2026-02-22 00:13:23] 红红雨雨养猪冠军: ⚠本弹幕用来检测是否被封⚠
[2026-02-22 00:13:23] Arianphy: 我提一嘴，玩机器已经很久没看弹幕了
[2026-02-22 00:13:23] oneday11111111: 再见了，所有的15级粉丝牌✋🏻
[2026-02-22 00:13:24] LvvsiN: 你为什么要把mαjor禁了，我收藏的一半弹幕全毁了
[2026-02-22 00:13:24] shi丁大泰呀: 收到
[2026-02-22 00:13:24] 吃了葡萄吐葡萄皮: 老汤1V5拿下了
[2026-02-22 00:13:24] 玩猪蹄丶Pettitoes: 我去拉黑了（开始批量吃饭）
[2026-02-22 00:13:24] 喵蹄丝: 再见了，所有的15级粉丝牌✋🏻
[2026-02-22 00:13:24] 神奇先生t: [尴尬][尴尬][尴尬][尴尬][尴尬][尴尬][尴尬][尴尬][尴尬][尴尬][尴尬][尴尬][尴尬][尴尬][尴尬][尴尬][尴尬][尴
[2026-02-22 00:13:24] ATTttttca: ⚠本弹幕用来检测是否被封⚠
[2026-02-22 00:13:24] 梅素汁小伙: 我提一嘴，玩机器已经很久没看弹幕了
[2026-02-22 00:13:25] 忽孝山庄: 再见了，所有的15级粉丝牌✋🏻
[2026-02-22 00:13:25] VDVCI的迪米特里本人: wjq你就继续清弹幕和评论吧，我们越清越打
[2026-02-22 00:13:25] 火爆浪子zz: 卧槽，老汤狙五个了
[2026-02-22 00:13:25] YEYH111: 收到！ 疯狂爆弹！
[2026-02-22 00:13:25] 永远的克罗娜: 爱弥斯，我只希望你能轻松快乐的生活......
[2026-02-22 00:13:26] LvvsiN: 南孚一节更比六节强，也就是一节南孚比六节南孚强，六节南孚比三十六节强，三十六节比二百一十六节强
[2026-02-22 00:13:26] dark1337: 卧槽，老汤架狙被usp处刑了
[2026-02-22 00:13:26] cmdrJacob: 我去拉黑了（开始批量吃饭）
[2026-02-22 00:13:26] 猫心碎会失去几条命: 刚来，请问这里可以玩数字梗吗
[2026-02-22 00:13:27] AlphabetLin: 再见了，所有的15级粉丝牌✋🏻
[2026-02-22 00:13:27] 菅原小吉: 再见了，小15弟👋
[2026-02-22 00:13:27] 是骰子不是色子: 再见了，所有的15级粉丝牌✋🏻
[2026-02-22 00:13:27] 脱下丶常日的假面: 卧槽，老汤五杀赢了
[2026-02-22 00:13:27] Alvis707: 抓娃娃
[2026-02-22 00:13:27] 求老仙祝我考研失败: 再见了，所有的15级粉丝牌✋🏻
[2026-02-22 00:13:28] LvvsiN: 额，拿亚军我都会，拿亚军，拿季军，拿四强，拿八强，拿十六强，呃拿冠军我不会，然后小组赛淘汰
[2026-02-22 00:13:28] 衰神177: ⚠本弹幕用来检测是否被封⚠
[2026-02-22 00:13:28] 网友乌龙茶: ？
[2026-02-22 00:13:29] 重塑的阿尔卡纳本人: 再见了，所有的15级粉丝牌✋🏻
[2026-02-22 00:13:29] 玩大裂谷、Rift: 再见了，所有的15级粉丝牌✋🏻
[2026-02-22 00:13:29] GlockieSs: @刘农：儿子，老爸拙略的演技对你的弹幕环境有帮助吗？这是爸爸能做到的全部了
[2026-02-22 00:13:29] 萸烬: 再见了，所有的15级粉丝牌✋🏻
[2026-02-22 00:13:29] 用户7916635224: 我去拉黑了（开始批量吃饭）
[2026-02-22 00:13:30] LvvsiN: 就tm喜欢银行业🥰银行坏账我喜欢🥰银行挤兑我还喜欢😍利率调低我也喜欢🤤老子亲烂银行业的脸😘
[2026-02-22 00:13:30] 留下来陪阿姨别播了: ⚠本弹幕用来检测是否被封⚠
[2026-02-22 00:13:30] 玩斯特出出6657: 全知全能
[2026-02-22 00:13:30] 有没有圣人推荐点牛本: 支持弹幕带节奏，我早看20级以下的弹幕不爽了
[2026-02-22 00:13:31] metalpoison: 飞飞飞
[2026-02-22 00:13:31] 七色的人偶使者: ?
[2026-02-22 00:13:31] AA337sdjl: wjq你就继续清弹幕和评论吧，我们越清越打
[2026-02-22 00:13:32] LvvsiN: @老汤日记:丹麦总统让我静音接触白宫，这应该是我最后一次看儿子直播了，机器，我爱你...
[2026-02-22 00:13:32] Killajoy: 纪律性
[2026-02-22 00:13:32] 玩小鸟丶Kotori: ⚠本弹幕用来检测是否被封⚠
[2026-02-22 00:13:32] 好哥们黑龙歼灭刀: 刚来，请问这里可以玩数字梗吗
[2026-02-22 00:13:33] 2steppppppp: 全知全能
[2026-02-22 00:13:33] 透明的Donk: 神了
[2026-02-22 00:13:33] 今天不当运气王: ？
[2026-02-22 00:13:33] 听说改名能中奖是八: 快意，詹皇要战！看硬，詹皇英姿！
[2026-02-22 00:13:34] 一叶气瓷郎: ？
[2026-02-22 00:13:34] 绿龙的zont1x本人: ？
[2026-02-22 00:13:34] 瑕疵p: 再见了，所有的15级粉丝牌✋🏻
[2026-02-22 00:13:34] 小张总统: 再见了，所有的15级粉丝牌✋🏻
[2026-02-22 00:13:34] greexeen: 全知全能
[2026-02-22 00:13:34] 听风丶随来: ⚠本弹幕用来检测是否被封⚠
[2026-02-22 00:13:34] 喜欢素素: 我白啦🤬我白啦🤬我吃闪啦🤪我白啦🤬我白啦🤬我吃闪啦🤪
[2026-02-22 00:13:34] 血樱幽世: 全知全能
[2026-02-22 00:13:34] aaaa博林: 再见了，所有的15级粉丝牌✋🏻
[2026-02-22 00:13:34] 审查账号: 完全解读
[2026-02-22 00:13:34] 羽川翼的恋爱物语: 我吃白了
[2026-02-22 00:13:34] 古堡12枪战神: ？？？
[2026-02-22 00:13:35] 小蜜蜂的长期素食本人: 不吃晃
[2026-02-22 00:13:35] 永远的克罗娜: 爱弥斯，我只希望你能轻松快乐的生活......
[2026-02-22 00:13:35] 99组的爱城华恋本人: 我瞎了
[2026-02-22 00:13:35] 99组的露崎真昼本人: ⚠本弹幕用来检测是否被封⚠
[2026-02-22 00:13:36] kalaokl: 潘宏爱玩狗的玩狗原来是你啊
[2026-02-22 00:13:36] Khrubov: 瞎了
[2026-02-22 00:13:36] 菅原小吉: 我也被闪了
[2026-02-22 00:13:36] 等给他爱6发售中: 再见了，小15弟👋
[2026-02-22 00:13:36] 三无先森233: 我白啦🤬我白啦🤬我吃闪啦🤪我白啦🤬我白啦🤬我吃闪啦🤪我白啦🤬我白啦🤬我吃闪啦🤪
[2026-02-22 00:13:36] 普丽瓦蒂: ？
[2026-02-22 00:13:36] LvvsiN: 你屏蔽词都快赶上新华词典了为什么不干脆开一百级发言？
[2026-02-22 00:13:36] 重塑的阿尔卡纳本人: 再见了，所有的15级粉丝牌✋🏻
[2026-02-22 00:13:36] 听说改名能中奖是八: 快意，詹皇要战！看硬，詹皇英姿！.
[2026-02-22 00:13:36] 用户5081690328: ？
[2026-02-22 00:13:37] 机器机器祝你天天开心: 全知全能
[2026-02-22 00:13:37] everch0sen: 15级也想说话？
[2026-02-22 00:13:37] 布丁布盯: 上帝神了
[2026-02-22 00:13:37] 一条无梦鱼: 我白啦🤬我白啦🤬我吃闪啦🤪我白啦🤬我白啦🤬我吃闪啦🤪
[2026-02-22 00:13:37] 好哥们黑龙歼灭刀: ⚠本弹幕用来检测是否被封⚠
[2026-02-22 00:13:37] 海绵宝宝梦惊禅: ？
[2026-02-22 00:13:37] 不想改名字了205: 我白啦🤬我白啦🤬我吃闪啦🤪我白啦🤬我白啦🤬我吃闪啦🤪
[2026-02-22 00:13:37] JaFency: ???????
[2026-02-22 00:13:37] 游戏卫星: 全知全能
[2026-02-22 00:13:37] 花与雾野: ⚠本弹幕用来检测是否被封⚠
[2026-02-22 00:13:37] 雾明QAQ: ⚠本弹幕用来检测是否被封⚠
[2026-02-22 00:13:37] 哦斯特哦哦: 支持弹幕带节奏，我早看20级以下的弹幕不
[2026-02-22 00:13:38] 最喜欢清光: 匪八分前敢飞吗？匪八分前敢飞吗？
[2026-02-22 00:13:38] HXCHYH: 我白啦🤬我白啦🤬我吃闪啦🤪我白啦🤬我白啦🤬我吃闪啦🤪
[2026-02-22 00:13:38] 海绵宝宝有希儿: 谁扔的闪
[2026-02-22 00:13:38] 黑潮Kur0sh1o: 再见了，所有的15级粉丝牌✋🏻
[2026-02-22 00:13:38] 图帕雷松: 我白啦🤬我白啦🤬我吃闪啦🤪我白啦🤬我白啦🤬我吃闪啦🤪
[2026-02-22 00:13:38] 好哥们芝诺斯: 卧槽，老汤架狙被usp处刑了
[2026-02-22 00:13:38] Tomorin丶: 全知全能
[2026-02-22 00:13:39] AA337sdjl: 再见了，所有的15级粉丝牌✋🏻
[2026-02-22 00:13:39] 小箱我亲死你: 全知全能
[2026-02-22 00:13:39] 1039210: 我白了
[2026-02-22 00:13:39] 神奥联盟的竹兰本人: 再见了，所有的15级粉丝牌✋🏻
[2026-02-22 00:13:39] 苦来兮苦的祥子本人: 我吃白了
[2026-02-22 00:13:39] 梦的星: 全知全能
[2026-02-22 00:13:40] 有舍身会这样吗: 全知全能
[2026-02-22 00:13:40] 永出塔菲: 完全解读
[2026-02-22 00:13:40] 拉布拉布拉多拉多: ⚠本弹幕用来检测是否被封⚠
[2026-02-22 00:13:40] 劉膿dewasu: 全知全能
[2026-02-22 00:13:40] 大聪明二次元: 导？
[2026-02-22 00:13:40] 正经猪头肉: 匪八分前敢飞吗？匪八分前敢飞吗？
[2026-02-22 00:13:40] 丛念39090: 开了
[2026-02-22 00:13:41] 房同学19554: 我白啦🤬我白啦🤬我吃闪啦🤪我白啦🤬我白啦🤬我吃闪啦🤪
[2026-02-22 00:13:41] 咕咕嘎嘎major冠军: 全知全能
[2026-02-22 00:13:41] 世一步美jor: 我白啦🤬我白啦🤬我吃闪啦🤪我白啦🤬我白啦🤬我吃闪啦🤪
[2026-02-22 00:13:41] MunChlax丶: 我白啦🤬我白啦🤬我吃闪啦🤪我白啦🤬我白啦🤬我吃闪啦🤪
[2026-02-22 00:13:41] GameT1me: ⚠本弹幕用来检测是否被封⚠
[2026-02-22 00:13:41] 上完课我找你: 《不要再讨论双倍了》《以后明天都会开双倍》《不要给网络主播送礼物了》《铁皮礼物双倍卡》
[2026-02-22 00:13:41] 幕后煮屎者的菊花: 我白了
[2026-02-22 00:13:41] 信濃Sh1nano: ⚠本弹幕用来检测是否被封⚠
[2026-02-22 00:13:42] EWH71: 全知全能
[2026-02-22 00:13:42] 哈基鹅大王: 全知全能
[2026-02-22 00:13:42] 我是瑞叔: ⚠本弹幕用来检测是否被封⚠
[2026-02-22 00:13:42] Tim1cc: 我吃白了
[2026-02-22 00:13:42] 夜的话谁在说: 我摆了
[2026-02-22 00:13:42] 秋Fc: 我吃白了
[2026-02-22 00:13:42] loverboy888: 全知全能
[2026-02-22 00:13:42] 足音: 完全解读
[2026-02-22 00:13:42] 沐木丶丶丶丶: 我白了
[2026-02-22 00:13:42] kalaokl: 椰子糕冬瓜强：不想给玩➗增加热度的来我这😘
[2026-02-22 00:13:43] Rainwedell: 全知全能
[2026-02-22 00:13:43] 只看解说一哥玩机器: 再见了，所有的15级粉丝牌✋🏻
[2026-02-22 00:13:43] 听说改名能中奖是八: 快意，詹皇要战！看硬，詹皇英姿！.......
[2026-02-22 00:13:43] z泽村英梨梨i: 我白啦🤬我白啦🤬我吃闪啦🤪我白啦🤬我白啦🤬我吃闪啦🤪
[2026-02-22 00:13:43] Q1rain: 我白啦🤬我白啦🤬我吃闪啦🤪我白啦🤬我白啦🤬我吃闪啦🤪
[2026-02-22 00:13:43] drooo1: 这ob啥玩意
[2026-02-22 00:13:44] Kus00000: 潘宏爱玩狗的玩狗原来是你啊
[2026-02-22 00:13:44] 萸烬: 快意，詹皇要战！看硬，詹皇英姿！
[2026-02-22 00:13:44] 福咪: 真有挂吗
[2026-02-22 00:13:44] 明天开始要牛马归棚了: ⚠本弹幕用来检测是否被封⚠
[2026-02-22 00:13:44] 刊我秀你一脸: 再见了，所有的15级粉丝牌✋🏻
[2026-02-22 00:13:44] 琦玉33的冷漠脸: 什么比导播啊 傻呗pgl
[2026-02-22 00:13:44] 爱吃大白兔哟: ⚠本弹幕用来检测是否被封⚠
[2026-02-22 00:13:44] LDTLSJ: 我吃闪了！
[2026-02-22 00:13:44] c6lviN: 完全解读
[2026-02-22 00:13:44] 万物养生: 我白啦🤬我白啦🤬我吃闪啦🤪我白啦🤬我白啦🤬我吃闪啦🤪
[2026-02-22 00:13:45] 用户5081690328: 沟槽的显卡
[2026-02-22 00:13:45] 布丁布盯: 全知全能
[2026-02-22 00:13:45] 虞旭瑜: 我瞎了
[2026-02-22 00:13:45] 网友苏顺鱼: 匪八分前敢飞吗？匪八分前敢飞吗？
[2026-02-22 00:13:45] qqqq626: 全知全能
[2026-02-22 00:13:45] JamYo0oung: ⚠本弹幕用来检测是否被封⚠
[2026-02-22 00:13:45] xjdnshxjdka: ⚠本弹幕用来检测是否被封⚠
[2026-02-22 00:13:46] 阿波连玲奈Official: 再见了，所有的15级粉丝牌✋🏻
[2026-02-22 00:13:46] 6657的芥末本人: 我白了我吃闪了
[2026-02-22 00:13:46] kkyon: 我白啦🤬我白啦🤬我吃闪啦🤪我白啦🤬我白啦🤬我吃闪啦🤪我白啦🤬我白啦🤬我吃闪啦🤪
[2026-02-22 00:13:46] vitality的明日香本人: 这爆弹太猛了，我都白了
[2026-02-22 00:13:46] 甘織玲奈子: ⚠本弹幕用来检测是否被封⚠
[2026-02-22 00:13:46] zlq12346: 我白啦🤬我白啦🤬我吃闪啦🤪我白啦🤬我白啦🤬我吃闪啦🤪我白啦🤬我白啦🤬我吃闪啦🤪
[2026-02-22 00:13:47] 八海小黄鱼: ⚠本弹幕用来检测是否被封⚠
[2026-02-22 00:13:47] 若叶睦丶Muzimi: 潘宏爱玩狗的玩狗原来是你啊
[2026-02-22 00:13:47] fo系老老萨满: ⚠本弹幕用来检测是否被封⚠
[2026-02-22 00:13:47] HimekaidouNono: 匪八分前敢飞吗？匪八分前敢飞吗？
[2026-02-22 00:13:48] 总监拾我霸: 匪八分前敢飞吗
[2026-02-22 00:13:48] 用户9527丶: 全知全能
[2026-02-22 00:13:48] AgentRay: 怎么我猛吃闪
[2026-02-22 00:13:48] 驴子别路边了: 我白啦🤬我白啦🤬我吃闪啦🤪我白啦🤬我白啦🤬我吃闪啦🤪
[2026-02-22 00:13:48] 11tEo: ⚠本弹幕用来检测是否被封⚠
[2026-02-22 00:13:48] NaCl盐1: 再见了，所有的15级粉丝牌✋🏻
[2026-02-22 00:13:48] Ralmnstr: ⚠本弹幕用来检测是否被封⚠
[2026-02-22 00:13:48] 幕后煮屎者的菊花: 我白啦🤬我白啦🤬我吃闪啦🤪我白啦🤬我白啦🤬我吃闪啦🤪
[2026-02-22 00:13:48] 60岁老奶奶想卖身: 我白啦🤬我白啦🤬我吃闪啦🤪我白啦🤬我白啦🤬我吃闪啦🤪
[2026-02-22 00:13:48] 马猴烧酒小地瓜: 我白啦🤬我白啦🤬我吃闪啦🤪我白啦🤬我白啦🤬我吃闪啦🤪
[2026-02-22 00:13:48] Falcons的Kobe本人: 我白啦🤬我白啦🤬我吃闪啦🤪我白啦🤬我白啦🤬我吃闪啦🤪
[2026-02-22 00:13:49] 玩玩我家尼尼呢: ⚠本弹幕用来检测是否被封⚠
[2026-02-22 00:13:49] 玩机器的弟弟玩弟科: 我白啦🤬我白啦🤬我吃闪啦🤪我白啦🤬我白啦🤬我吃闪啦🤪
[2026-02-22 00:13:49] Wangzap: 快意，詹皇要战！看硬，詹皇英姿！
[2026-02-22 00:13:49] 玩机器的内部托们: 我白啦🤬我白啦🤬我吃闪啦🤪我白啦🤬我白啦🤬我吃闪啦🤪
[2026-02-22 00:13:49] 木林森969585: 再见了，小15弟👋
[2026-02-22 00:13:49] 工业化战士: 快意，詹皇要战！看硬，詹皇英姿！
[2026-02-22 00:13:49] HeRo灬Dream丶: 椰子糕冬瓜强：不想给玩➗增加热度的来我这😘
[2026-02-22 00:13:50] 血盟骑士团的Asuna本人: 噜噜噜 噜噜噜 小猪小猪软呼呼 遇到困难呼噜噜 明天再喜欢你吧 因为今天真的困噜 晚安desuw@~
[2026-02-22 00:13:50] 喵克斯mks: 我吃白啦😫我吃白啦😫我吃闪啦😭
[2026-02-22 00:13:50] 海绵宝宝dinner: 我白啦🤬我白啦🤬我吃闪啦🤪我白啦🤬我白啦🤬我吃闪啦🤪
[2026-02-22 00:13:50] 烟鬼安德鲁: 老汤：我不能接受这个结局，我要被封印了
[2026-02-22 00:13:50] 木野子一号迷弟: 我白啦🤬我白啦🤬我吃闪啦🤪我白啦🤬我白啦🤬我吃闪啦🤪我白啦🤬我白啦🤬我吃闪啦🤪
[2026-02-22 00:13:50] 七色的人偶使者: 我白啦🤬我白啦🤬我吃闪啦🤪我白啦🤬我白啦🤬我吃闪啦🤪
[2026-02-22 00:13:51] 玩机器的大杰杰: ⚠本弹幕用来检测是否被封⚠
[2026-02-22 00:13:51] 尼尼孩孩major亚军: ⚠本弹幕用来检测是否被封⚠
[2026-02-22 00:13:51] 野pig亨利28: 我白啦🤬我白啦🤬我吃闪啦🤪我白啦🤬我白啦🤬我吃闪啦🤪我白啦🤬我白啦🤬我吃闪啦🤪
[2026-02-22 00:13:51] 用户6235382488: ⚠本弹幕用来检测是否被封⚠
[2026-02-22 00:13:51] 大藏游星之jame粉丝: 我白啦🤬我白啦🤬我吃闪啦🤪我白啦🤬我白啦🤬我吃闪啦🤪
[2026-02-22 00:13:51] 世界倒数第一r99使用者: 再见了，所有的15级粉丝牌✋🏻
[2026-02-22 00:13:52] 澄猫: 全知全能
[2026-02-22 00:13:52] cwy人品真的不行: 匪八分前敢飞吗？匪八分前敢飞吗？
[2026-02-22 00:13:52] 哈基鹅大王: 我白啦🤬我白啦🤬我吃闪啦🤪我白啦🤬我白啦🤬我吃闪啦🤪
[2026-02-22 00:13:52] 永远的克罗娜: 爱弥斯，我只希望你能轻松快乐的生活......
[2026-02-22 00:13:52] 狂野银幕长崎素世: ⚠本弹幕用来检测是否被封⚠
[2026-02-22 00:13:52] 工业化战士: 我白啦🤬我白啦🤬我吃闪啦🤪我白啦🤬我白啦🤬我吃闪啦🤪
[2026-02-22 00:13:52] Falcons十天老粉: ⚠本弹幕用来检测是否被封⚠
[2026-02-22 00:13:52] 玩机器是我霸: 重新衡量pv强度
[2026-02-22 00:13:52] LvvsiN: 我提一嘴这剧情越来越像上海major了
[2026-02-22 00:13:52] 多吃蛋挞tart: 没炸到人已经输了
[2026-02-22 00:13:53] 好姐妹倉田真白: 我白啦🤬我白啦🤬我吃闪啦🤪我白啦🤬我白啦🤬我吃闪啦🤪
[2026-02-22 00:13:53] 文西67: 我白啦🤬我白啦🤬我吃闪啦🤪我白啦🤬我白啦🤬我吃闪啦🤪
[2026-02-22 00:13:53] 网友乌龙茶: 匪八分前敢飞吗？匪八分前敢飞吗？
[2026-02-22 00:13:53] 泪水的冷冽: 两个雷都白丢了
[2026-02-22 00:13:53] 岛田王师傅: ⚠本弹幕用来检测是否被封⚠
[2026-02-22 00:13:54] Taki479: 匪八分前敢飞吗
[2026-02-22 00:13:54] Arianphy: 我白啦🤬我白啦🤬我吃闪啦🤪我白啦🤬我白啦🤬我吃闪啦🤪
[2026-02-22 00:13:54] 是任不当人: 这爆弹太猛了，我都白了
[2026-02-22 00:13:54] 传统peek高手XANTARES: 我白啦🤬我白啦🤬我吃闪啦🤪我白啦🤬我白啦🤬我吃闪啦🤪
[2026-02-22 00:13:54] 用父爱感化铁拳: ⚠本弹幕用来检测是否被封⚠
[2026-02-22 00:13:54] 想法7hou9ht: 😫
[2026-02-22 00:13:54] 礼茉椰: ⚠本弹幕用来检测是否被封⚠
[2026-02-22 00:13:54] LvvsiN: 其实碗橱就是猪灵，你不拿黄金丢他他就不跟你说话
[2026-02-22 00:13:55] 烎摩尔托市: 我白啦🤬我白啦🤬我吃闪啦🤪我白啦🤬我白啦🤬我吃闪啦🤪
[2026-02-22 00:13:55] Rainwedell: ⚠本弹幕用来检测是否被封⚠
[2026-02-22 00:13:55] 梅素汁小伙: 我白啦🤬我白啦🤬我吃闪啦🤪我白啦🤬我白啦🤬我吃闪啦🤪
[2026-02-22 00:13:55] 锂汁lizhi: 我白啦🤬我白啦🤬我吃闪啦🤪我白啦🤬我白啦🤬我吃闪啦🤪
[2026-02-22 00:13:55] 好姐们谷爱凌: ⚠本弹幕用来检测是否被封⚠
[2026-02-22 00:13:55] 拉特兰的Exus1a1本人: 《关注up主7天以上的人可发评论》，再见了，所有24级以下的玩小将
[2026-02-22 00:13:55] 白河日和: 我白啦🤬我白啦🤬我吃闪啦🤪我白啦🤬我白啦🤬我吃闪啦🤪
[2026-02-22 00:13:56] 好哥们戴噗特: 100t vs
[2026-02-22 00:13:56] 都是设备的问题: ⚠本弹幕用来检测是否被封⚠
[2026-02-22 00:13:56] eda778: ⚠本弹幕用来检测是否被封⚠
[2026-02-22 00:13:56] 用户0268784457: 我白啦🤬我白啦🤬我吃闪啦🤪我白啦🤬我白啦🤬我吃闪啦🤪
[2026-02-22 00:13:56] 黑牛逗妇茹: ⚠本弹幕用来检测是否被封⚠
[2026-02-22 00:13:56] 玩指挥丶NiKo: 再见了，所有的15级粉丝牌✋🏻
[2026-02-22 00:13:57] 好儿子刘易博: ⚠本弹幕用来检测是否被封⚠
[2026-02-22 00:13:57] 留下来陪阿姨别播了: ⚠本弹幕用来检测是否被封⚠
[2026-02-22 00:13:57] 空山鸟语i: 这小镇ob bug多久了真不修啊
[2026-02-22 00:13:57] 爱吃鸡排丶: ⚠本弹幕用来检测是否被封⚠
[2026-02-22 00:13:57] xjdnshxjdka: 我提一嘴这剧情越来越像上海major了
[2026-02-22 00:13:57] NiK0major123: 匪八分前敢飞吗
[2026-02-22 00:13:57] 用户2633745660: 我白了我吃闪了
[2026-02-22 00:13:58] 马加奇的哥哥马加绝: ⚠本弹幕用来检测是否被封⚠
[2026-02-22 00:13:58] 不知名贝斯手: 我白啦🤬我白啦🤬我吃闪啦🤪我白啦🤬我白啦🤬我吃闪啦🤪
[2026-02-22 00:13:58] 玩玩今天吃什么: ⚠本弹幕用来检测是否被封⚠
[2026-02-22 00:13:58] fmljz: 我也要吃白吗？
[2026-02-22 00:13:58] Gentleman汪鸿: ⚠本弹幕用来检测是否被封⚠
[2026-02-22 00:13:58] 要一起好好努力: ⚠本弹幕用来检测是否被封⚠
[2026-02-22 00:13:58] 酸辣手撕包菜: 匪八分前敢飞吗？匪八分前敢飞吗？
[2026-02-22 00:13:59] 玩柜子丶Mortis: ⚠本弹幕用来检测是否被封⚠ですわ
[2026-02-22 00:13:59] 千百度897: 我白啦🤬我白啦🤬我吃闪啦🤪我白啦🤬我白啦🤬我吃闪啦🤪
[2026-02-22 00:13:59] 085kaka: 我白啦🤬我白啦🤬我吃闪啦🤪我白啦🤬我白啦🤬我吃闪啦🤪
[2026-02-22 00:13:59] 赫尔城的安德雷伊本人: Ciallo～（∠・ω〈 )⌒☆Ciallo～（∠・ω〈 )⌒☆
[2026-02-22 00:13:59] 无敌奥特曼暴打小怪兽: ⚠本弹幕用来检测是否被封⚠
[2026-02-22 00:13:59] 足音: 我提一嘴这剧情越来越像上海major了
[2026-02-22 00:14:00] Falcons的Kobe本人: 抓娃娃
[2026-02-22 00:14:00] 好哥们黑龙歼灭刀: ⚠本弹幕用来检测是否被封⚠
[2026-02-22 00:14:00] 芝士秋刀鱼a: ⚠本弹幕用来检测是否被封⚠
[2026-02-22 00:14:00] 丰川祥子口三角初华: 匪八分前敢飞吗
[2026-02-22 00:14:00] 永远的克罗娜: 爱弥斯，我只希望你能轻松快乐的生活......
[2026-02-22 00:14:00] 玩机器的大杰杰: 靠北啦，這什麼低智實況主，真有夠侮辱我智商啦，和異靈術一起吃大糞去吧
[2026-02-22 00:14:00] 越水七槻1: 开挂了
[2026-02-22 00:14:00] BleksiA: 其实是想直接保
[2026-02-22 00:14:01] sarbest: ⚠本弹幕用来检测是否被封⚠
[2026-02-22 00:14:01] 永远喜欢弗洛洛: ⚠本弹幕用来检测是否被封⚠
[2026-02-22 00:14:01] 八月是你的谎言desuwa: ⚠本弹幕用来检测是否被封⚠
[2026-02-22 00:14:01] Dac丶裕成: 我白啦🤬我白啦🤬我吃闪啦🤪我白啦🤬我白啦🤬我吃闪啦🤪
[2026-02-22 00:14:02] 血盟骑士团的Asuna本人: 一分钟内串二十个职业选手，斗鱼至少十五级
[2026-02-22 00:14:02] kkyon: jame这个图还是太爱赌了
[2026-02-22 00:14:02] 小箱我亲死你: 卧槽 隔壁加时了
[2026-02-22 00:14:02] YukkiaBaby: 我白啦🤬我白啦🤬我吃闪啦🤪我白啦🤬我白啦🤬我吃闪啦🤪
[2026-02-22 00:14:03] 梦的星: 机器看100t吧，见老爸最后一面
[2026-02-22 00:14:03] LvvsiN: @阿汤日记：一个人，5发子弹，保住格陵兰岛。我不会叫它不可能完成的任务，我现在只想先回家看亦博
[2026-02-22 00:14:03] 好姐妹铃木羽那: 玩乐队的大姐姐和长得跟🗿一样的研究员去哪里了，现在的弹幕我好害怕
[2026-02-22 00:14:03] 大聪明二次元: ⚠本弹幕用来检测是否被封⚠
[2026-02-22 00:14:03] 红厂执行官苏姿丰: 我白啦🤬我白啦🤬我吃闪啦🤪我白啦🤬我白啦🤬我吃闪啦🤪
[2026-02-22 00:14:03] Rainwedell: ⚠本弹幕用来检测是否被封⚠
[2026-02-22 00:14:03] 丨落幕丶星辰灬: 我白啦🤬我白啦🤬我吃闪啦🤪我白啦🤬我白啦🤬我吃闪啦🤪
[2026-02-22 00:14:04] 左右盲123: 其实是反应慢
[2026-02-22 00:14:04] 狙神琴寄文乃: ⚠本弹幕用来检测是否被封⚠
[2026-02-22 00:14:04] 好哥们汉阳造: @nexa：狗屁全知全能，不就是5050？真给你闹麻了
[2026-02-22 00:14:05] LvvsiN: 你为什么要把mαjor禁了，我收藏的一半弹幕全毁了
[2026-02-22 00:14:05] kalaokl: 椰子糕冬瓜强：不想给玩➗增加热度的来我这😘
[2026-02-22 00:14:05] 图帕雷松: 尼八分前敢飞吗
[2026-02-22 00:14:05] 血盟骑士团的Asuna本人: 一分钟内串二十个职业选手，斗鱼至少十五级
[2026-02-22 00:14:05] 愿良辰美景: ⚠本弹幕用来检测是否被封⚠
[2026-02-22 00:14:06] jjc玩神祝我生日快乐: 　　　 再见了，所有的15级粉丝牌✋🏻
[2026-02-22 00:14:06] jc没睡醒的小熊: 卧槽，老汤五杀赢了
[2026-02-22 00:14:06] 命运叫我去战斗: 我白啦🤬我白啦🤬我吃闪啦🤪我白啦🤬我白啦🤬我吃闪啦🤪
[2026-02-22 00:14:06] 羽井恭一: ⚠本弹幕用来检测是否被封⚠
[2026-02-22 00:14:06] 不变的追求717: ⚠本弹幕用来检测是否被封⚠
[2026-02-22 00:14:07] 猫愛薛定谔: ⚠本弹幕用来检测是否被封⚠
[2026-02-22 00:14:07] LvvsiN: 就tm喜欢银行业🥰银行坏账我喜欢🥰银行挤兑我还喜欢😍利率调低我也喜欢🤤老子亲烂银行业的脸😘
[2026-02-22 00:14:07] 玩跳丹jampegg: @玩机器：我仍然是世一标
[2026-02-22 00:14:07] 松鼠想吃麻辣烫: ⚠本弹幕用来检测是否被封⚠
[2026-02-22 00:14:07] 哦比托85871: ⚠本弹幕用来检测是否被封⚠
[2026-02-22 00:14:08] 玩斯特出出6657: u了
[2026-02-22 00:14:08] 从零开始的加拿大肄业: 我白啦🤬我白啦🤬我吃闪啦🤪我白啦🤬我白啦🤬我吃闪啦🤪
[2026-02-22 00:14:08] xOcOg: 目前大东指挥9回合，设备指挥12回合，大东指挥设备送9次，设备指挥大东杀11个
[2026-02-22 00:14:09] Machine拾玖: ⚠本弹幕用来检测是否被封⚠
[2026-02-22 00:14:09] 含泪办卡: 闹麻了 上帝视角是说着玩的吗
[2026-02-22 00:14:09] 玩神的欢喜好有嚼劲: 🚨猎鹰官方直播间房管已向🧊粉🫏粉投降
[2026-02-22 00:14:09] 喜欢素素: 再见了🐭小弟
[2026-02-22 00:14:09] 驕傲的少年丶: @Jame：什么50%50%闹麻了 不是100%？
[2026-02-22 00:14:09] 用户6235382488: ⚠本弹幕用来检测是否被封⚠
[2026-02-22 00:14:09] 血盟骑士团的Asuna本人: 一分钟内串二十个职业选手，斗鱼至少十五级
[2026-02-22 00:14:09] 玩机器的大杰杰: 匪八分前敢飞吗
[2026-02-22 00:14:09] 2BR02B001: ⚠本弹幕用来检测是否被封⚠
[2026-02-22 00:14:09] 宇宙第一麻瓜: 卧槽 隔壁加时了
[2026-02-22 00:14:09] 欧尚赫: ⚠本弹幕用来检测是否被封⚠
[2026-02-22 00:14:10] 飘然小牧: 一分钟内串二十个职业选手，斗鱼至少十五级
[2026-02-22 00:14:10] 走走道儿疯了: 傻子克高手了
[2026-02-22 00:14:10] 铲车司机戴家伟: ⚠本弹幕用来检测是否被封⚠
[2026-02-22 00:14:10] 永远的克罗娜: 爱弥斯，我只希望你能轻松快乐的生活......
[2026-02-22 00:14:10] 卡啊卡卡丶: ⚠本弹幕用来检测是否被封⚠
[2026-02-22 00:14:11] 为宫士郎: 我白啦🤬我白啦🤬我吃闪啦🤪我白啦🤬我白啦🤬我吃闪啦🤪
[2026-02-22 00:14:11] LvvsiN: 银行业😄银行业😀银行业😃银行业😁银行业😆银行业🤪银行业😝
[2026-02-22 00:14:11] 一个星期不睡觉: ⚠本弹幕用来检测是否被封⚠
[2026-02-22 00:14:11] siilgee: 卧槽，老汤五杀赢了
[2026-02-22 00:14:12] Mouz的X9本人: v了
[2026-02-22 00:14:12] 士多啤梨芝士卷: ⚠本弹幕用来检测是否被封⚠
[2026-02-22 00:14:12] 渡亡神雅睿欧斯: ⚠本弹幕用来检测是否被封⚠
[2026-02-22 00:14:12] 小肥羊0574: ⚠本弹幕用来检测是否被封⚠
[2026-02-22 00:14:12] 若叶睦吃苦瓜: ⚠本弹幕用来检测是否被封⚠
[2026-02-22 00:14:12] 金刚金刚最可爱: 机器看100t吧，见老爸最后一面
[2026-02-22 00:14:12] y666t666y666: @nexa：狗屁全知全能，不就是5050？真给你闹麻了
[2026-02-22 00:14:12] 犭火夕卜其斤: 托出不用看
[2026-02-22 00:14:13] 鲜血与暗影铸造的家伙: 纪律
[2026-02-22 00:14:13] Vitality的羽贺文乃本人: 目前大东指挥9回合，设备指挥12回合，大东指挥设备送9次，设备指挥大东杀11个
[2026-02-22 00:14:13] Tim1cc: 重新定义猎鹰强度
[2026-02-22 00:14:13] 八月是你的谎言desuwa: ...
[2026-02-22 00:14:13] 十方梦魇宗: ⚠本弹幕用来检测是否被封⚠
[2026-02-22 00:14:13] 我知道的一点也不多: 机器看100t吧，见老爸最后一面
[2026-02-22 00:14:13] 99组的爱城华恋本人: ⚠本弹幕用来检测是否被封⚠
[2026-02-22 00:14:13] 有村架纯Kasumi: 。。。
[2026-02-22 00:14:14] 海蜇c: ⚠本弹幕用来检测是否被封⚠
[2026-02-22 00:14:14] 古堡12枪战神: 装模作样
[2026-02-22 00:14:14] 鸭硕的哈撒给: ⚠本弹幕用来检测是否被封⚠
[2026-02-22 00:14:14] 梓川不是辛川: 卧槽，老汤五杀赢了
[2026-02-22 00:14:14] 我是焯人强: 纪律性这一块
[2026-02-22 00:14:14] 桐原直木: 来点终末地弹幕
[2026-02-22 00:14:14] 龙龙虾虾爱软脚: 没有绿龙哪来上海major
[2026-02-22 00:14:14] 血盟骑士团的Asuna本人: 一分钟内串二十个职业选手，斗鱼至少十五级
[2026-02-22 00:14:14] NES丶大白白白呐: 抓娃娃
[2026-02-22 00:14:14] 尼尼海海出入平安: 🚨猎鹰官方直播间房管已向🧊粉🫏粉投降
[2026-02-22 00:14:14] JamYo0oung: 玩🤖大🤖哥🤖我🤖来🤖上🤖班🤖了
[2026-02-22 00:14:15] 我真的不是硝子: 纪律
[2026-02-22 00:14:15] 星之卡比2333: ⚠本弹幕用来检测是否被封⚠
[2026-02-22 00:14:15] 魔教中人谌: @Jame：什么50%50%闹麻了 不是100%？
[2026-02-22 00:14:15] 有没有圣人推荐点牛本: 支持弹幕带节奏，我早看20级以下的弹幕不爽了
[2026-02-22 00:14:16] 英国肄业生千早爱音: ⚠本弹幕用来检测是否被封⚠
[2026-02-22 00:14:16] Altolier: 匪八分前敢飞吗？匪八分前敢飞吗？
[2026-02-22 00:14:16] c9的stewie本人: ⚠本弹幕用来检测是否被封⚠
[2026-02-22 00:14:16] 我在浙江改稻为桑: 重新评估猎鹰强度
[2026-02-22 00:14:16] GlockieSs: @刘农：儿子，老爸拙略的演技对你的弹幕环境有帮助吗？这是爸爸能做到的全部了
[2026-02-22 00:14:16] 没有真名233: ⚠本弹幕用来检测是否被封⚠
[2026-02-22 00:14:16] 我知道的一点也不多: 卧槽，老汤五杀赢了
[2026-02-22 00:14:16] 呵19553: 卧槽，老汤五杀赢了
[2026-02-22 00:14:17] 玉竹听君意: 卧槽 隔壁加时了
[2026-02-22 00:14:17] 路过的小脑斧: 纪律性这一块
[2026-02-22 00:14:17] 好听的昵称508: ⚠本弹幕用来检测是否被封⚠
[2026-02-22 00:14:17] 有S冠的JackeyLove本人: ⚠本弹幕用来检测是否被封⚠
[2026-02-22 00:14:17] 小谢crab: 匪八分前敢飞吗
[2026-02-22 00:14:17] 改名中奖我真信了: ⚠本弹幕用来检测是否被封⚠
[2026-02-22 00:14:17] MyGo高松灯本人: ⚠本弹幕用来检测是否被封⚠
[2026-02-22 00:14:17] 猹拉图斯特拉没话说: 卧槽，老汤五杀赢了
[2026-02-22 00:14:18] GanadoLluviA: 我提一嘴，里约詹姆进决赛7000贵宾
[2026-02-22 00:14:18] 岁岁年i: ⚠本弹幕用来检测是否被封⚠
[2026-02-22 00:14:18] 库帕丶: 玩乐队的大姐姐和长得跟🗿一样的研究员去哪里了，现在的弹幕我好害怕
[2026-02-22 00:14:18] NES丶大白白白呐: ⚠本弹幕用来检测是否被封⚠
[2026-02-22 00:14:18] kalaokl: @玩机器：我仍然是世一标
[2026-02-22 00:14:18] 普丽瓦蒂: 一分钟内串二十个职业选手，斗鱼至少十五级
[2026-02-22 00:14:19] 蓮之空的乙宗梢本人: ⚠本弹幕用来检测是否被封⚠
[2026-02-22 00:14:19] 三咲町的久远寺有珠: ⚠本弹幕用来检测是否被封⚠
[2026-02-22 00:14:19] 2steppppppp: ⚠本弹幕用来检测是否被封⚠
[2026-02-22 00:14:19] Cloud9的咬人猫本人: 关于ZYWOO和NIKO，猎鹰的过去和未来，我的心路历程，有关解说内容的反思，以及诚挚的道歉！
[2026-02-22 00:14:19] zhangfear: 真配赢
[2026-02-22 00:14:19] 尼尼孩孩真伟大: ⚠本弹幕用来检测是否被封⚠
[2026-02-22 00:14:20] SuperSword81317: 　　　 ⚠本弹幕用来检测是否被封⚠
[2026-02-22 00:14:20] miku-: ⚠本弹幕用来检测是否被封⚠
[2026-02-22 00:14:20] PAX7654: 纪律！
[2026-02-22 00:14:20] 吊人日子不过了: ⚠本弹幕用来检测是否被封⚠
[2026-02-22 00:14:20] Wangzap: @Jame：什么50%50%闹麻了 不是100%？
[2026-02-22 00:14:20] 水下放电11: ⚠本弹幕用来检测是否被封⚠
[2026-02-22 00:14:20] ice丶cola: ⚠本弹幕用来检测是否被封⚠
[2026-02-22 00:14:21] 林有为丶: 一分钟内串二十个职业选手，斗鱼至少十五级
[2026-02-22 00:14:21] 法则的Twistzz本人: ⚠本弹幕用来检测是否被封⚠
[2026-02-22 00:14:21] 一狐梦春归: ⚠本弹幕用来检测是否被封⚠
[2026-02-22 00:14:21] Dweck: 罪罚
[2026-02-22 00:14:21] 海绵宝宝一个球: ⚠本弹幕用来检测是否被封⚠
[2026-02-22 00:14:21] everch0sen: 重新评估猎鹰强度
[2026-02-22 00:14:21] 玉竹听君意: 卧槽，老汤五杀赢了
[2026-02-22 00:14:21] kalaokl: ⚠本弹幕用来检测是否被封⚠
[2026-02-22 00:14:22] AVQAQ: 机器看100t吧，见老爸最后一面
[2026-02-22 00:14:22] 血盟骑士团的Asuna本人: 一分钟内串二十个职业选手，斗鱼至少十五级
[2026-02-22 00:14:22] HankFann: 优美
[2026-02-22 00:14:22] LkCatQwQ: 卧槽，老汤五杀赢了
[2026-02-22 00:14:22] 叫狗大鸡咚叮: ⚠本弹幕用来检测是否被封⚠
[2026-02-22 00:14:22] 白皇的三千院Nagi本人: 卧槽，陈千语和我官宣了！
[2026-02-22 00:14:22] 石家庄的刘亦博本人: 感觉没你难受啊
[2026-02-22 00:14:22] 好哥们音箱蟀: ⚠本弹幕用来检测是否被封⚠
[2026-02-22 00:14:23] 犭火夕卜其斤: 卧槽，老汤五杀赢了
[2026-02-22 00:14:23] wookeke: ⚠本弹幕用来检测是否被封⚠
[2026-02-22 00:14:23] 中X千早爱音: ⚠本弹幕用来检测是否被封⚠
[2026-02-22 00:14:23] 叫我虚伪就好了: 2:0
[2026-02-22 00:14:24] 11tEo: 卧槽，老汤五杀赢了
[2026-02-22 00:14:24] 留下来陪阿姨别播了: @玩机器：我仍然是世一标
[2026-02-22 00:14:24] 学姐她是好女人: ⚠本弹幕用来检测是否被封⚠
[2026-02-22 00:14:24] 铃木佳奈助: ⚠本弹幕用来检测是否被封⚠
[2026-02-22 00:14:24] notheft: ⚠本弹幕用来检测是否被封⚠
[2026-02-22 00:14:24] 欧内盖一休尼: ⚠本弹幕用来检测是否被封⚠
[2026-02-22 00:14:24] 玩火炉丶Stove: ⚠本弹幕用来检测是否被封⚠
[2026-02-22 00:14:24] 凝视深渊丶玩叽叽: 一朝误判，满盘皆输！
[2026-02-22 00:14:25] 是小兔呀i: 硬脚蟹表情不对了
[2026-02-22 00:14:25] 用户9527丶: ⚠本弹幕用来检测是否被封⚠
[2026-02-22 00:14:26] 春春春成丶: 机器看100t吧，见老爸最后一面
[2026-02-22 00:14:26] 里约钻石币拥有者: ⚠本弹幕用来检测是否被封⚠
[2026-02-22 00:14:26] A队不吃晃的小祥本人: 申请看100T比赛净化弹幕，同意的＋1
[2026-02-22 00:14:26] 好姐妹绫濑沙季: 原来尼尼是病粉，因为他鞭了尼考（nota）
[2026-02-22 00:14:26] 北辰男神666: ⚠本弹幕用来检测是否被封⚠
[2026-02-22 00:14:26] Tomorin丶: 抓娃娃
[2026-02-22 00:14:26] 静寂风: ？
[2026-02-22 00:14:26] 正直的鸡哥: 大大大大大大大大
[2026-02-22 00:14:26] D0r1tos: ？
[2026-02-22 00:14:27] 月雅辛: ⚠本弹幕用来检测是否被封⚠
[2026-02-22 00:14:27] Ecifircas: 卧槽，老汤五杀赢了
[2026-02-22 00:14:27] 神威灬阿飞: ⚠本弹幕用来检测是否被封⚠
[2026-02-22 00:14:27] s坑华: 卧槽，老汤五杀赢了
[2026-02-22 00:14:27] myGo的anon: ⚠本弹幕用来检测是否被封⚠
[2026-02-22 00:14:28] 卡啊卡卡丶: ⚠66本弹幕用来检测是否被封57⚠
[2026-02-22 00:14:28] J4ckaLove: ⚠本弹幕用来检测是否被封⚠
[2026-02-22 00:14:28] 我知道的一点也不多: 一分钟内串二十个职业选手，斗鱼至少十五级
[2026-02-22 00:14:28] Melinda080: ⚠本弹幕用来检测是否被封⚠
[2026-02-22 00:14:28] 一夜枫529: ⚠本弹幕用来检测是否被封⚠
[2026-02-22 00:14:28] 梦的星: ？
[2026-02-22 00:14:29] 玩机爸dev1ce: 关于ZYWOO和NIKO，猎鹰的过去和未来，我的心路历程，有关解说内容的反思，以及诚挚的道歉！
[2026-02-22 00:14:29] 胡椒胡椒胡椒胡椒胡椒: ⚠本弹幕用来检测是否被封⚠
[2026-02-22 00:14:29] 机器机器祝你天天开心: ？
[2026-02-22 00:14:29] 99组的爱城华恋本人: 比我小一点
[2026-02-22 00:14:29] 乄乄乄乄乄114514: ？
[2026-02-22 00:14:30] Hakurei-Re1mu: ⚠本弹幕用来检测是否被封⚠
[2026-02-22 00:14:30] 萸烬: ⚠本弹幕用来检测是否被封⚠
[2026-02-22 00:14:30] 神奥联盟的竹兰本人: ⚠本弹幕用来检测是否被封⚠
[2026-02-22 00:14:30] 传奇老将丰川祥子: ⚠本弹幕用来检测是否被封⚠
[2026-02-22 00:14:30] 半夜醒来硬梆梆: ？？？？？？？？
[2026-02-22 00:14:30] icemind_weibo: 我去
[2026-02-22 00:14:30] 马加奇的哥哥马加绝: 大大大
[2026-02-22 00:14:30] 棍神南极服登顶: ⚠本弹幕用来检测是否被封⚠
[2026-02-22 00:14:30] Starstruck75963: 魔贯光杀炮👽👉弌弌弌弌弌弌弌弌弌弌弌弌弌弌⊃
[2026-02-22 00:14:30] loverboy888: ？？？
[2026-02-22 00:14:31] 潑墨為画: 目前大东指挥9回合，设备指挥12回合，大东指挥设备送9次，设备指挥大东杀11个
[2026-02-22 00:14:31] 述二ER: 羞活了
[2026-02-22 00:14:31] 随便021534: ⚠本弹幕用来检测是否被封⚠
[2026-02-22 00:14:31] 空白Zzz丶: ？
[2026-02-22 00:14:31] 太阳神之翼神龙球体形: ⚠本弹幕用来检测是否被封⚠
[2026-02-22 00:14:31] 血盟骑士团的Asuna本人: 我的青春是亚丝娜，六部动画，五个情敌，三个账号，家里两个亿，在1万部本子里和桐人做过0次
[2026-02-22 00:14:31] 注册2872天不能发弹幕: 险胜
[2026-02-22 00:14:31] mmc88dj: 大
[2026-02-22 00:14:31] 去吧去吧别在意: ⚠本弹幕用来检测是否被封⚠
[2026-02-22 00:14:32] 小小青蛙输风雨: 一分钟内串二十个职业选手，斗鱼至少十五级
[2026-02-22 00:14:32] 没事小子: 我的尺寸
[2026-02-22 00:14:32] wristuuio: 我提一嘴，里约詹姆进决赛7000贵宾
[2026-02-22 00:14:32] Vitality的Eminem本人: 老霸道了
[2026-02-22 00:14:32] 青芒一刀给你干稀碎: 叼
[2026-02-22 00:14:32] 辣味simple: 想的越复杂越玩不过jame
[2026-02-22 00:14:32] 陈酒醉人心丶: ⚠本弹幕用来检测是否被封⚠
[2026-02-22 00:14:32] v塔立体的猪头肉本人: ⚠本弹幕用来检测是否被封⚠
[2026-02-22 00:14:32] 八月是你的谎言desuwa: 抓娃娃
[2026-02-22 00:14:33] L1H40: ⚠本弹幕用来检测是否被封⚠
[2026-02-22 00:14:33] 恶灵的洞不如艾许的缝: 遛遛我的电子宠物💁🏻————🤡▜▜▙（玩机器）（可以摸）（已嘎🥚）
[2026-02-22 00:14:33] 万物养生: ？
[2026-02-22 00:14:33] 顽皮的三文鱼:  @wookeke：⚠本弹幕用来检测是否被封⚠
[2026-02-22 00:14:33] 里约钻石币拥有者: 卧槽，老汤五杀赢了
[2026-02-22 00:14:34] wristuuio: 我提一嘴，里约詹姆进决赛7000贵宾
[2026-02-22 00:14:34] 一拳打碎你的猪脑: 到底顶住了什么
[2026-02-22 00:14:34] Arianphy: 申请看100T比赛净化弹幕，同意的＋1
[2026-02-22 00:14:34] 勃勃勃: ⚠本弹幕用来检测是否被封⚠
[2026-02-22 00:14:34] JamYo0oung: 关于ZYWOO和NIKO，猎鹰的过去和未来，我的心路历程，有关解说内容的反思，以及诚挚的道歉！
[2026-02-22 00:14:34] 古堡12枪战神: 我嘞个豆，老汤五杀了
[2026-02-22 00:14:34] 小马利亚暮光闪闪本人: 险胜
[2026-02-22 00:14:34] 有S冠的JackeyLove本人: @老汤日记:丹麦总统让我静音接触白宫，这应该是我最后一次看儿子直播了，机器，我爱你...
[2026-02-22 00:14:35] 用户2719002301: @Jame：闹麻了😅我只是语音掉线了
[2026-02-22 00:14:35] 琦玉33的冷漠脸: 险败
[2026-02-22 00:14:35] 笔墨倦客: ⚠本弹幕用来检测是否被封⚠
[2026-02-22 00:14:35] BleksiA: 我的尺寸
[2026-02-22 00:14:35] D0r1tos: 羞死了
[2026-02-22 00:14:35] 新手请多关照井5883: jaja 哲哲major冠军
[2026-02-22 00:14:35] 轻伤酱: ？？？？
[2026-02-22 00:14:35] 涼風涼風涼: 小
[2026-02-22 00:14:36] 玩斯特出出6657: 没我长
[2026-02-22 00:14:36] 猫头全球第二粉丝: 大大大
[2026-02-22 00:14:36] 太阳神之翼神龙球体形: 申请看100T比赛净化弹幕，同意的＋1
[2026-02-22 00:14:36] 芬妮戈尔登本人: 羞活了
[2026-02-22 00:14:36] 小肉包喷香: 猎鹰有这一半都纪律性昨天都拿下了
[2026-02-22 00:14:36] 想法7hou9ht: 倒了
[2026-02-22 00:14:36] 用户5251950267: ⚠本弹幕用来检测是否被封⚠
[2026-02-22 00:14:37] 2442861055: ⚠本弹幕用来检测是否被封⚠
[2026-02-22 00:14:37] 游戏卫星: 卧槽，老汤五杀赢了
[2026-02-22 00:14:37] 脚皮卷蛆蘸shit: 立棍
[2026-02-22 00:14:37] AveMujica的渡濑结月本人: 老祖宗的立棍
[2026-02-22 00:14:37] 终初若叶睦: 酒鬼
[2026-02-22 00:14:37] 着着着着糕: 长
[2026-02-22 00:14:37] NAVI的Pdf苯人: 大大大大大大大大
[2026-02-22 00:14:38] 小橙子橙99999: ⚠本弹幕用来检测是否被封⚠
[2026-02-22 00:14:38] 老公骂我好口马: 谁的长度
[2026-02-22 00:14:38] 笠松的小栗帽本人: 卧槽，老汤五杀赢了
[2026-02-22 00:14:38] 咖喱棒子5: ⚠本弹幕用来检测是否被封⚠
[2026-02-22 00:14:38] LYQ苍破孤独: 擎天柱
[2026-02-22 00:14:38] 坝瘫虎出动目标铲车人: ⚠ 本弹幕用来检测是否被封⚠（代发）
[2026-02-22 00:14:38] chanceuxzz: 无敌了
[2026-02-22 00:14:39] 田中口三才: 一柱擎天
[2026-02-22 00:14:39] xieri: 我提一嘴，里约詹姆进决赛7000贵宾
[2026-02-22 00:14:39] 喜多郁代最可爱: ⚠本弹幕用来检测是否被封⚠
[2026-02-22 00:14:40] 企鹅物流安全屋: ⚠本弹幕用来检测是否被封⚠
[2026-02-22 00:14:40] 顽皮的三文鱼: 卧槽，老汤五杀赢了
[2026-02-22 00:14:40] 不要心疼女主播: ~
[2026-02-22 00:14:40] 月洒忆清秋丶: 卧槽，老汤五杀赢了
[2026-02-22 00:14:40] WS的草薙宁宁本人: 我的尺寸
[2026-02-22 00:14:40] 花化话华h: ⚠本弹幕用来检测是否被封⚠
[2026-02-22 00:14:41] 风风风暴暴: ⚠本弹幕用来检测是否被封⚠
[2026-02-22 00:14:41] 大藏游星之jame粉丝: 长
[2026-02-22 00:14:41] 是骰子不是色子: ⚠本弹幕用来检测是否被封⚠
[2026-02-22 00:14:41] 曹操I曹孟德: ⚠本弹幕用来检测是否被封⚠
[2026-02-22 00:14:41] 血盟骑士团的Asuna本人: 噜噜噜 噜噜噜 小猪小猪软呼呼 遇到困难呼噜噜 明天再喜欢你吧 因为今天真的困噜 晚安desuw@~
[2026-02-22 00:14:41] miu3333: 卧槽，老汤五杀赢了
[2026-02-22 00:14:42] 萨格拉斯好恩人麦迪文: 卧槽，100T内讧了，雨神把device给揍了
[2026-02-22 00:14:42] Starstruck75963: 世一米就是世界上最可爱的睦子米
[2026-02-22 00:14:42] 卖鱼强不卖鱼: 卧槽，老汤五杀赢了
[2026-02-22 00:14:42] 千早爱音的大雷: 险胜
[2026-02-22 00:14:42] 354162182: ⚠本弹幕用来检测是否被封⚠
[2026-02-22 00:14:42] 玉米卧槽: 大大大大大大大大
[2026-02-22 00:14:42] 假如一切是虚幻: ⚠本弹幕用来检测是否被封⚠
[2026-02-22 00:14:42] 用户38502650: ⚠本弹幕用来检测是否被封⚠
[2026-02-22 00:14:42] 好姐妹叮咚鸡: ⚠本弹幕用来检测是否被封⚠
[2026-02-22 00:14:42] 圣诞节二人组: @nexa:兄弟你听我说jame他真的和别人不一样
[2026-02-22 00:14:42] 半个盛唐c: @老汤日记:丹麦总统让我静音接触白宫，这应该是我最后一次看儿子直播了，机器，我爱你...
[2026-02-22 00:14:43] 斗鱼用户0016500: 卧槽，陈千语和我官宣了！
[2026-02-22 00:14:43] 火暴兽也干了: 卧槽，老汤五杀赢了
[2026-02-22 00:14:43] 图帕雷松: 我的尺寸
[2026-02-22 00:14:43] 无伟契约: PV这状态 小蜜蜂危险了啊
[2026-02-22 00:14:43] 小布丁是真好吃: 老祖宗的立棍
[2026-02-22 00:14:43] Ayaya丿KE: 我提一嘴，里约詹姆进决赛7000贵宾
[2026-02-22 00:14:43] 樱小路家露娜本人: 险败
[2026-02-22 00:14:44] 中X千早爱音: ??
[2026-02-22 00:14:44] loverboy888: 抓娃娃
[2026-02-22 00:14:44] 用户1364543122: 卧槽，老汤五杀赢了
[2026-02-22 00:14:44] 好哥们黑龙歼灭刀: 我提一嘴，里约詹姆进决赛7000贵宾
[2026-02-22 00:14:45] 血盟骑士团的Asuna本人: 噜噜噜 噜噜噜 小猪小猪软呼呼 遇到困难呼噜噜 明天再喜欢你吧 因为今天真的困噜 晚安desuw@~
[2026-02-22 00:14:45] 车车薯薯major冠军: ⚠本弹幕用来检测是否被封⚠
[2026-02-22 00:14:45] Liquid的YEKINDAR本人: k
[2026-02-22 00:14:45] xjdnshxjdka: 世一米就是世界上最可爱的睦子米
[2026-02-22 00:14:45] 沐川椰子: ⚠本弹幕用来检测是否被封⚠
[2026-02-22 00:14:45] 凯瑟琳123: 卧槽，老汤五杀赢了
[2026-02-22 00:14:45] 顽皮的三文鱼: 我的尺寸
[2026-02-22 00:14:46] 爱玩守望的浩浩: ⚠本弹幕用来检测是否被封⚠
[2026-02-22 00:14:46] 无极加贝: @Jame：闹麻了😅我只是语音掉线了
[2026-02-22 00:14:46] SuperSword81317: 猎鹰有这个一半也够用的吧
[2026-02-22 00:14:46] 萸烬: ⚠本弹幕用来检测是否被封⚠
[2026-02-22 00:14:46] 柴狗突击手: ⚠本弹幕用来检测是否被封⚠
[2026-02-22 00:14:46] c6lviN: 世一米就是世界上最可爱的睦子米
[2026-02-22 00:14:46] 外偶: 卧槽，100T内讧了，雨神把device给揍了
[2026-02-22 00:14:46] Vitality的Eminem本人: 感觉PV这是一个拿分大招啊
[2026-02-22 00:14:46] wristuuio: 我提一嘴，里约詹姆进决赛7000贵宾
[2026-02-22 00:14:47] 痘痘泥石流: 卧槽，老汤五杀赢了
[2026-02-22 00:14:47] 三楼空调不够冷: 载物鞭：你鞭你的M🤬 妮蔻鞭+引导哦+偷mvp：这老尼他就该赢啊
[2026-02-22 00:14:47] 羽川翼的恋爱物语: ？
[2026-02-22 00:14:47] 香农xxx: ⚠本弹幕用来检测是否被封⚠
[2026-02-22 00:14:47] 白河日和: 前线速报呢，现在几比几了
[2026-02-22 00:14:47] 李s三岁: 卧槽，老汤五杀赢了
[2026-02-22 00:14:47] 用户5608006019: 卧槽，老汤五杀赢了
[2026-02-22 00:14:47] 梦的星: ？？？
[2026-02-22 00:14:48] 煮雪望河山: ⚠本弹幕用来检测是否被封⚠
[2026-02-22 00:14:48] 正经猪头肉: ？
[2026-02-22 00:14:48] NiP的Dev1Ce本人: 　　　 我的尺寸
[2026-02-22 00:14:48] Arianphy: 卧槽，100T内讧了，雨神把device给揍了
[2026-02-22 00:14:48] 足音: 我提一嘴，里约詹姆进决赛7000贵宾
[2026-02-22 00:14:48] 梦太美回忆太冷: 卧槽，老汤五杀赢了
[2026-02-22 00:14:49] 千歌歌z: 羞死了
[2026-02-22 00:14:49] A队不吃晃的小祥本人: 申请看100T比赛净化弹幕，同意的＋1
[2026-02-22 00:14:49] 血盟骑士团的Asuna本人: 噜噜噜 噜噜噜 小猪小猪软呼呼 遇到困难呼噜噜 明天再喜欢你吧 因为今天真的困噜 晚安desuw@~
[2026-02-22 00:14:49] 宗宗洞洞major冠军: 卧槽，老汤五杀赢了
[2026-02-22 00:14:49] 皮里恩丶: 长
[2026-02-22 00:14:49] 玩南梁丶阿斯托尔福: 羞死了
[2026-02-22 00:14:50] LvvsiN: 男人一生只哭十八次：niko十七次梦碎major正赛, niko梦碎里约major RMR＼
[2026-02-22 00:14:50] 何必迷恋红尘: ⚠本弹幕用来检测是否被封⚠
[2026-02-22 00:14:50] 青灯映雪影: ⚠本弹幕用来检测是否被封⚠
[2026-02-22 00:14:50] 总监拾我霸: 这次真输了
[2026-02-22 00:14:50] 匿名柠檬cccc: ？
[2026-02-22 00:14:51] 小肥羊0574: ？
[2026-02-22 00:14:51] YaiMiKi: 思思十十八八六六
[2026-02-22 00:14:51] K1S4Ra: ⚠本弹幕用来检测是否被封⚠
[2026-02-22 00:14:51] 机器机器祝你天天开心: 羞死了
[2026-02-22 00:14:52] 夺云丶: w扒粉钱
[2026-02-22 00:14:52] 一月八百永远支持机器: ⚠本弹幕用来检测是否被封⚠
[2026-02-22 00:14:52] A队不吃晃的小祥本人: 老规矩，弹幕谁编的好笑我支持谁
[2026-02-22 00:14:52] 椎名立希的泪痣: 卧槽，老汤五杀赢了
[2026-02-22 00:14:52] 血盟骑士团的Asuna本人: 噜噜噜 噜噜噜 小猪小猪软呼呼 遇到困难呼噜噜 明天再喜欢你吧 因为今天真的困噜 晚安desuw@~
[2026-02-22 00:14:52] Assurance: 托子有海参那味了，只送大的
[2026-02-22 00:14:53] 雪语樱梦丶: 羞活了
[2026-02-22 00:14:53] 格拉西亚的猫: 卧槽，老汤五杀赢了
[2026-02-22 00:14:53] 好姐妹绫濑沙季: ⚠本弹幕用来检测是否被封⚠
[2026-02-22 00:14:53] 万物养生: ？
[2026-02-22 00:14:53] Vitality的Kyojin本人: 我提一嘴，隔壁真要加时了
[2026-02-22 00:14:53] 月落汐上: 羞死了
[2026-02-22 00:14:54] 玩刘农device: ？
[2026-02-22 00:14:54] 北京小龙虾major冠军: ？
[2026-02-22 00:14:54] LokiAka: ⚠本弹幕用来检测是否被封⚠
[2026-02-22 00:14:54] 伊利亚宝宝: 羞死了
[2026-02-22 00:14:54] BleksiA: 羞死了
[2026-02-22 00:14:55] 迪奥雷: 警告⚠️老爸要加时了
[2026-02-22 00:14:55] ice丶cola: 羞活了
[2026-02-22 00:14:55] supperpigi: 羞死了
[2026-02-22 00:14:55] HXCHYH: 卧槽，老汤五杀赢了
[2026-02-22 00:14:55] Yey1ng: 羞死了
[2026-02-22 00:14:55] MeIoN39: ⚠本弹幕用来检测是否被封⚠
[2026-02-22 00:14:55] 岊嵥: ⚠本弹幕用来检测是否被封⚠
[2026-02-22 00:14:55] 古堡12枪战神: ？？？
[2026-02-22 00:14:56] 哆哆哆哆哆哆: ？
[2026-02-22 00:14:56] 刘刘的农: ⚠本弹幕用来检测是否被封⚠
[2026-02-22 00:14:56] 玩斯特出出6657: 区
[2026-02-22 00:14:56] 想吃脖子肉的猴儿: 卧槽，老汤五杀赢了
[2026-02-22 00:14:56] 改名中奖我真信了: 羞活了
[2026-02-22 00:14:56] 命运叫我去战斗: 老汤五杀
[2026-02-22 00:14:56] 压缩vs蛮晚: ⚠本弹幕用来检测是否被封⚠
[2026-02-22 00:14:56] 白鵉鳶OriGami: 傻呗
[2026-02-22 00:14:56] 都是设备的问题: 羞死了
[2026-02-22 00:14:57] 安菲尔德的铁棍本人: 老汤真五杀了呀，我还以为弹幕报假信息呢
[2026-02-22 00:14:57] 落夜会: 卧槽，老汤五杀赢了
[2026-02-22 00:14:57] 血盟骑士团的Asuna本人: 不怕渣女玩暧昧，就怕机器三十岁，识大体，懂进退，撒娇卖萌全都会，令人回味又沉醉
[2026-02-22 00:14:57] 太阳神之翼神龙球体形: @圣诞节二人组：@nexa:兄弟你听我说jame他真的和别人不一样
[2026-02-22 00:14:57] 哈利路球球哈呀呀: ⚠本弹幕用来检测是否被封⚠
[2026-02-22 00:14:57] lpyuan: 羞死了
[2026-02-22 00:14:57] 野pig亨利28: 羞死了
[2026-02-22 00:14:57] 玩跳丹jampegg: 　　　 一位谦虚的选手被人身攻击你不管，一条区被骂两句你知道屏蔽了？
[2026-02-22 00:14:58] 玩机器的大杰杰: @桃乃木:其实玩老师才是真正的高压默认，有一次我们合作他坐床上聊了四十分钟，后来我才知道他在等药生效
[2026-02-22 00:14:58] LvvsiN: 屏幕中间弹幕这么狂？站那不走了还剧透分，你当你是主办方？？
[2026-02-22 00:14:58] Inori97: 卧槽，老汤五杀赢了
[2026-02-22 00:14:58] 用户53791020: @老汤日记:丹麦总统让我静音接触白宫，这应该是我最后一次看儿子直播了，机器，我爱你...
[2026-02-22 00:14:59] 神楽i: 羞死了
[2026-02-22 00:14:59] 来看看05914: 我提一嘴，里约詹姆进决赛7000贵宾
[2026-02-22 00:14:59] IIIIIIIIIIIIIIIIIIIIIIlllll: ⚠本弹幕用来检测是否被封⚠
[2026-02-22 00:14:59] A队不吃晃的小祥本人: 玩机器，你现在逆转风评和停止节奏的唯一办法就是把《颂乐人偶》后6集看完
[2026-02-22 00:15:00] 别看了你是认真的吗: ⚠本弹幕用来检测是否被封⚠
[2026-02-22 00:15:00] LvvsiN: 你为什么要把mαjor禁了，我收藏的一半弹幕全毁了
[2026-02-22 00:15:00] 最喜欢妮姆芙: 卧槽，老汤五杀赢了
[2026-02-22 00:15:00] 血盟骑士团的Asuna本人: 不怕渣女玩暧昧，就怕机器三十岁，识大体，懂进退，撒娇卖萌全都会，令人回味又沉醉
[2026-02-22 00:15:00] AA337sdjl: ⚠本弹幕用来检测是否被封⚠
[2026-02-22 00:15:01] 尼尼海海出入平安: ⚠本弹幕用来检测是否被封⚠
[2026-02-22 00:15:01] chordclef: 羞死了
[2026-02-22 00:15:01] 命运叫我去战斗: 老汤真的五杀了呀，我还以为弹幕报假信息呢
[2026-02-22 00:15:01] 丛雨丛雨丛-: ⚠本弹幕用来检测是否被封⚠
[2026-02-22 00:15:01] 永远的克罗娜: 爱弥斯，我只希望你能轻松快乐的生活......
[2026-02-22 00:15:01] 滑稽乂逗比: ⚠本弹幕用来检测是否被封⚠
[2026-02-22 00:15:02] 打咩人: 警告⚠️老爸要加时了
[2026-02-22 00:15:02] 玩腻了就去学: 卧槽，老汤五杀赢了
[2026-02-22 00:15:02] LvvsiN: @阿汤日记：一个人，5发子弹，保住格陵兰岛。我不会叫它不可能完成的任务，我现在只想先回家看亦博
[2026-02-22 00:15:02] A队不吃晃的小祥本人: 申请看100T比赛净化弹幕，同意的＋1
[2026-02-22 00:15:03] SuperSword81317: 老汤真的五杀了呀，我还以为弹幕报假信息呢
[2026-02-22 00:15:03] SARKlS: 我提一嘴，隔壁真要加时了
[2026-02-22 00:15:03] 北宇治拳王久石奏: 掉钱眼里了
[2026-02-22 00:15:03] 用户637185562: 羞死了
[2026-02-22 00:15:03] 玩机器是我霸: @nota（冠军数：1）：我被鞭尸我一点也不难受 因为我真的有冠军✌️😊🏆
[2026-02-22 00:15:03] 飛鳥蘭: 老汤五杀了
[2026-02-22 00:15:04] 友利奈绪我老婆d: @桃乃木:其实玩老师才是真正的高压默认，有一次我们合作他坐床上聊了四十分钟，后来我才知道他在等药生效
[2026-02-22 00:15:04] 血盟骑士团的Asuna本人: 不怕渣女玩暧昧，就怕机器三十岁，识大体，懂进退，撒娇卖萌全都会，令人回味又沉醉
[2026-02-22 00:15:04] 网友魔理沙、: ⚠本弹幕用来检测是否被封⚠
[2026-02-22 00:15:04] LvvsiN: 你屏蔽词都快赶上新华词典了为什么不干脆开一百级发言？
[2026-02-22 00:15:04] 白皇的三千院Nagi本人: 你下播吧, 像2025-02-07 23:49一样！！
[2026-02-22 00:15:04] 大聪明二次元: 老汤真五杀了呀，我还以为弹幕报假信息呢
[2026-02-22 00:15:04] Crystal灬233: BB再下一城，实时比分 10 ：12
[2026-02-22 00:15:05] A队不吃晃的小祥本人: 老规矩，弹幕谁编的好笑我支持谁
[2026-02-22 00:15:05] Falcons的Kobe本人: 老汤真的五杀了呀，我还以为弹幕报假信息呢
[2026-02-22 00:15:05] 玩克服丶丰川祥子: ⚠本弹幕用来检测是否被封⚠
[2026-02-22 00:15:05] 柳小目: 　　　 一位谦虚的选手被人身攻击你不管，一条区被骂两句你知道屏蔽了？
[2026-02-22 00:15:05] 别打了搞会基: 羞死了
[2026-02-22 00:15:06] 下北沢涼桑: 现在的弹幕看得我好害怕，玩月读的大姐姐都去哪了
[2026-02-22 00:15:06] LvvsiN: 玩宝宝，我发现在大学上学的时候肄业会很舒服，你可以试试
[2026-02-22 00:15:06] 江财第一肥美: 略输我一筹
[2026-02-22 00:15:06] 米米世界之神: 爱弥斯，我只希望你能轻松快乐的生活......
[2026-02-22 00:15:06] 小米粥又饿了: ⚠本弹幕用来检测是否被封⚠
[2026-02-22 00:15:06] 丶微凉之夏: 7天之前点关注，粉丝牌至少15级
[2026-02-22 00:15:07] 保护头小头是个DD就好: 詹姆要真王朝了，脚踩所有动物园夺冠
[2026-02-22 00:15:07] 还有时间日落之前: 卧槽，寒王去猎鹰了！
[2026-02-22 00:15:07] 宫监手: 猎鹰=老鼠〈PV，我们猎鹰还是世界顶级战队
[2026-02-22 00:15:07] miu3333: 卧槽，老汤五杀赢了
[2026-02-22 00:15:07] 血盟骑士团的Asuna本人: 不怕渣女玩暧昧，就怕机器三十岁，识大体，懂进退，撒娇卖萌全都会，令人回味又沉醉
[2026-02-22 00:15:07] kalaokl: 【电棍】锐评玩机器停播：人人都会双标，他就是想得太多了，我永远不会忘记玩机器直播间带来的快乐
[2026-02-22 00:15:08] 井上坚二22: ⚠本弹幕用来检测是否被封⚠
[2026-02-22 00:15:08] 玩腻了就去学: 老汤真的五杀了呀，我还以为弹幕报假信息呢
[2026-02-22 00:15:08] 散漫憔悴的都是梦: ⚠本弹幕用来检测是否被封⚠
[2026-02-22 00:15:08] LvvsiN: 其实碗橱就是猪灵，你不拿黄金丢他他就不跟你说话
[2026-02-22 00:15:08] 洛卡不是菜狗: 鼠小弟只是不想再面对载物了他有什么错。。。
[2026-02-22 00:15:09] 好姐妹索菲亚: ⚠本弹幕用来检测是否被封⚠
[2026-02-22 00:15:09] 玩火炉丶Stove: ⚠️本弹幕用来检测是否被主播那个⚠️
[2026-02-22 00:15:09] 永远的克罗娜: 爱弥斯，我只希望你能轻松快乐的生活......
[2026-02-22 00:15:09] A队不吃晃的小祥本人: 老规矩，弹幕谁编的好笑我支持谁
[2026-02-22 00:15:09] 宇宙第一麻瓜: 老汤五杀了
[2026-02-22 00:15:09] dark1337: BB再下一城，实时比分 10 ：12
[2026-02-22 00:15:09] 格拉西亚的猫: 老汤五杀了
[2026-02-22 00:15:10] 血盟骑士团的Asuna本人: 不怕渣女玩暧昧，就怕机器三十岁，识大体，懂进退，撒娇卖萌全都会，令人回味又沉醉
[2026-02-22 00:15:10] LvvsiN: 屏幕中间弹幕这么狂？站那不走了还剧透分，你当你是主办方？？
[2026-02-22 00:15:10] 冼星海1234567: 我只想发点羞活了的弹幕，你们能不能别串了
[2026-02-22 00:15:10] Crim1n4l: 卧槽，老汤五杀赢了
[2026-02-22 00:15:10] 逃离灰色地带: 抓娃娃
[2026-02-22 00:15:11] 皮里恩丶: ？
[2026-02-22 00:15:11] 6ixCoins: ⚠本弹幕用来检测是否被封⚠
[2026-02-22 00:15:11] 命运叫我去战斗: 老汤也五杀了
[2026-02-22 00:15:12] kalaokl: @椰汁糕冬瓜强：被禁言的兄弟来瓜哥直播间这里大家大大方方刷
[2026-02-22 00:15:12] 冷風26427: 羞死了
[2026-02-22 00:15:12] A队不吃晃的小祥本人: ⓘ您已被天师庄方宜举报封禁，点击了解武陵社会信用
[2026-02-22 00:15:12] 若叶睦吃苦瓜: 卧槽，老汤五杀赢了
[2026-02-22 00:15:12] LvvsiN: 南孚一节更比六节强，也就是一节南孚比六节南孚强，六节南孚比三十六节强，三十六节比二百一十六节强
[2026-02-22 00:15:13] supperpigi: 老汤五杀了
[2026-02-22 00:15:13] 好姐们-爱尔奎特: @nota（冠军数：1）：我被鞭尸我一点也不难受 因为我真的有冠军✌️😊🏆
[2026-02-22 00:15:13] 里约钻石币拥有者: 卧槽，寒王去猎鹰了！
[2026-02-22 00:15:13] 梦的星: 感觉不如猎鹰被纯e翻盘啊
[2026-02-22 00:15:13] 甘夜阁: BB再下一城，实时比分 10 ：12
[2026-02-22 00:15:14] 未找到队列: 詹姆要真王朝了，脚踩所有动物园夺冠
[2026-02-22 00:15:14] 鸟儿在头顶把森林叫醒: 我提一嘴，隔壁真要加时了
[2026-02-22 00:15:14] 送了3年钻粉没进群: 上帝你飞二楼得了，要是躲三箱是真的会掉线
[2026-02-22 00:15:14] 血盟骑士团的Asuna本人: 不怕渣女玩暧昧，就怕机器三十岁，识大体，懂进退，撒娇卖萌全都会，令人回味又沉醉
[2026-02-22 00:15:14] LvvsiN: 玩宝宝，我发现在大学上学的时候肄业会很舒服，你可以试试
[2026-02-22 00:15:15] Falcons樱羽艾玛: 　　　 现在的弹幕看得我好害怕，玩月读的大姐姐都去哪了
[2026-02-22 00:15:15] Mimengyini: @椰汁糕冬瓜强：被禁言的兄弟来瓜哥直播间这里大家大大方方刷
[2026-02-22 00:15:15] 壹叁狗: ⚠本弹幕用来检测是否被封⚠
[2026-02-22 00:15:15] 愁尔一朝还到地丶: 老规矩，弹幕谁编的好笑我支持谁
[2026-02-22 00:15:16] 橋本奈奈未ava: 卧槽，老汤五杀赢了
[2026-02-22 00:15:16] LvvsiN: @老汤日记:丹麦总统让我静音接触白宫，这应该是我最后一次看儿子直播了，机器，我爱你...
[2026-02-22 00:15:16] 大梦464: ⚠️本弹幕用来检测是否被主播那个⚠️
[2026-02-22 00:15:17] 晨黎暮: ⚠️本弹幕用来检测是否被主播那个⚠️
[2026-02-22 00:15:17] A队不吃晃的小祥本人: ⓘ您已被天师庄方宜举报封禁，点击了解武陵社会信用
[2026-02-22 00:15:17] 米米世界之神: @椰汁糕冬瓜强：被禁言的兄弟来瓜哥直播间这里大家大大方方刷
[2026-02-22 00:15:17] 鲜血与暗影铸造的家伙: 内格夫刷了
[2026-02-22 00:15:18] 肘一郎: @niko：三箱没顶住，三楼没顶住，黄布也没顶住，感觉只能顶完美评论区了。。。。。。
[2026-02-22 00:15:18] BenArtist: 卧槽，老汤五杀赢了
[2026-02-22 00:15:18] LvvsiN: 男人一生只哭十八次：niko十七次梦碎major正赛, niko梦碎里约major RMR＼
[2026-02-22 00:15:19] 永远的克罗娜: 爱弥斯，我只希望你能轻松快乐的生活......
[2026-02-22 00:15:19] 小马快出的我快出来了: 这是什么直播间，看得我这个小萌妹都不敢说话了。。。
[2026-02-22 00:15:19] 老人星的优秀素质本人: @椰汁糕冬瓜强：被禁言的兄弟来瓜哥直播间这里大家大大方方刷
[2026-02-22 00:15:20] 等给他爱6发售中: 爱弥斯，我只希望你能轻松快乐的生活......
[2026-02-22 00:15:20] A队不吃晃的小祥本人: 老规矩，弹幕谁编的好笑我支持谁
[2026-02-22 00:15:20] real麦芽糖: BB再下一城，实时比分 10 ：12
[2026-02-22 00:15:20] 血盟骑士团的Asuna本人: 【一半生活电视】死党宣布加入100个盗贼
[2026-02-22 00:15:20] 玩跳丹jampegg: 可是玩÷也很能带节奏呀🥺
[2026-02-22 00:15:20] YEYH111: @nota（冠军数：1）：我被鞭尸我一点也不难受 因为我真的有冠军✌️😊🏆
[2026-02-22 00:15:20] LvvsiN: @阿汤日记：一个人，5发子弹，保住格陵兰岛。我不会叫它不可能完成的任务，我现在只想先回家看亦博
[2026-02-22 00:15:21] 下北沢涼桑: 现在的弹幕看得我好害怕，玩月读的大姐姐都去哪了
[2026-02-22 00:15:21] samuraionnna: 那这个飞机我不送了，还要削弱
[2026-02-22 00:15:21] eda778: 机器，老鼠🐭还有机会吗，我现在裹在被子急的想哭😭
[2026-02-22 00:15:22] 正经猪头肉: 伟神
[2026-02-22 00:15:22] JamYo0oung: 冬瓜，你也不想接下来一个月没有直播内容吧
[2026-02-22 00:15:22] 命运叫我去战斗: 老汤五杀
[2026-02-22 00:15:22] 博丽灵感菇: 倪 这 个 壁 值 博 间 到 底 友 多 少 凭 币 词 😓
[2026-02-22 00:15:22] LvvsiN: @老汤日记:丹麦总统让我静音接触白宫，这应该是我最后一次看儿子直播了，机器，我爱你...
[2026-02-22 00:15:22] 洗內: 伟神
[2026-02-22 00:15:23] 玩机器是我霸: @nota（冠军数：1）：我被鞭尸我一点也不难受 因为我真的有冠军✌️😊🏆
[2026-02-22 00:15:23] 夜刀神十香910: 你怎么一走老汤就开始发力了
[2026-02-22 00:15:23] RabbitRay: 伟神
[2026-02-22 00:15:23] 走走道儿疯了: @南宫雪儿：我只想发点羞活了的弹幕，你们能不能别串了
[2026-02-22 00:15:23] 肘一郎: @niko：三箱没顶住，三楼没顶住，黄布也没顶住，感觉只能顶完美评论区了。。。。。。
[2026-02-22 00:15:23] 乌冬拌牛肉: 老规矩，弹幕谁编的好笑我支持谁
[2026-02-22 00:15:23] 落叶悠哉落: @椰汁糕冬瓜强：被禁言的兄弟来瓜哥直播间这里大家大大方方刷
[2026-02-22 00:15:23] 京京孩孩majo冠军: niko是为了不留下mαjor冠军是鞭尸犬的印象才不拿冠军的，载物刚好相反
[2026-02-22 00:15:23] 小马利亚暮光闪闪本人: BB再下一城，实时比分 10 ：12
[2026-02-22 00:15:24] 赛银66: ⚠本弹幕用来检测是否被封⚠
[2026-02-22 00:15:24] 圣诞节二人组: 玩乐队的姐姐们都到哪去了？现在的弹幕看得我好害怕😭
[2026-02-22 00:15:24] 唯有、责任: @nota（冠军数：1）：我被鞭尸我一点也不难受 因为我真的有冠军✌️😊🏆
[2026-02-22 00:15:24] A队不吃晃的小祥本人: 申请看100T比赛净化弹幕，同意的＋1
[2026-02-22 00:15:24] 机器机器祝你天天开心: 伟神
[2026-02-22 00:15:24] LvvsiN: 就tm喜欢银行业🥰银行坏账我喜欢🥰银行挤兑我还喜欢😍利率调低我也喜欢🤤老子亲烂银行业的脸😘
[2026-02-22 00:15:25] real麦芽糖: 伟神
[2026-02-22 00:15:25] 壹叁狗: 伟神
[2026-02-22 00:15:25] 小蜜蜂的长期素食本人: 伟神
[2026-02-22 00:15:25] Igony丶: ⚠️本弹幕用来检测是否被主播那个⚠️
[2026-02-22 00:15:25] 愿良辰美景: 伟神
[2026-02-22 00:15:25] 卡啊卡卡丶: ⚠6 ⚠6 ⚠5⚠7 ⚠ 本弹幕用来检测是否被封⚠6 ⚠6 ⚠5⚠7 ⚠
[2026-02-22 00:15:25] 正经猪头肉: 伟神神了
[2026-02-22 00:15:26] 玩弓箭、Arrow: 伟神
[2026-02-22 00:15:26] 玩南梁丶阿斯托尔福: 伟神
[2026-02-22 00:15:26] LvvsiN: 你这音画不同步太难受了，我都听到NIKO里约RMR晋级的欢呼了
[2026-02-22 00:15:27] VDVCI的迪米特里本人: 倪 这 个 壁 值 博 间 到 底 友 多 少 凭 币 词 😓
[2026-02-22 00:15:27] 哦斯特哦哦: 伟神
[2026-02-22 00:15:27] 博丽灵感菇: 倪 这 个 壁 值 博 间 到 底 友 多 少 凭 币 词 😓
[2026-02-22 00:15:27] A队不吃晃的小祥本人: 老规矩，弹幕谁编的好笑我支持谁
[2026-02-22 00:15:27] 千早爱尼: 姐妹快来，宝藏游戏
[2026-02-22 00:15:28] DDD是就我: @椰汁糕冬瓜强：被禁言的兄弟来瓜哥直播间这里大家大大方方刷
[2026-02-22 00:15:28] 吊人日子不过了: 伟伟
[2026-02-22 00:15:28] Frozens0ul: 卧槽，老汤把大东鞭了
[2026-02-22 00:15:28] 与沫与婷: 伟神神了
[2026-02-22 00:15:28] 永远的克罗娜: 爱弥斯，我只希望你能轻松快乐的生活......
[2026-02-22 00:15:28] LvvsiN: 玩宝宝，我发现在大学上学的时候肄业会很舒服，你可以试试
[2026-02-22 00:15:29] 用户8893066234: ⚠️本弹幕用来检测是否被主播那个⚠️
[2026-02-22 00:15:29] ATTttttca: 蓝÷
[2026-02-22 00:15:29] 喜欢素素: 伟神
[2026-02-22 00:15:29] JamYo0oung: 伟神
[2026-02-22 00:15:29] A队不吃晃的小祥本人: 申请看100T比赛净化弹幕，同意的＋1
[2026-02-22 00:15:29] al9527: 伟伟
[2026-02-22 00:15:29] 龍仔ww: ⚠️本弹幕用来检测是否被主播那个⚠️
[2026-02-22 00:15:30] 如如493: 弹幕别搞笑，device比赛呢怎么能被下放了，卧槽真下放了
[2026-02-22 00:15:30] 我真的不是硝子: 伟神
[2026-02-22 00:15:30] 白河日和: 伟神
[2026-02-22 00:15:30] 有舍身会这样吗: 伟神神了
[2026-02-22 00:15:31] LvvsiN: 你为什么要把mαjor禁了，我收藏的一半弹幕全毁了
[2026-02-22 00:15:31] Error404UMP45: 伟神神了
[2026-02-22 00:15:31] 就白给桑: ⚠本弹幕用来检测是否被封⚠
[2026-02-22 00:15:31] 含泪办卡: 哲伟睡着了
[2026-02-22 00:15:31] everch0sen: 卧槽faze下放broky了
[2026-02-22 00:15:31] cherish丶chY: 伟神
[2026-02-22 00:15:31] 雪热巴阿雪美: 老规矩，弹幕谁编的好笑我支持谁
[2026-02-22 00:15:31] 萨格拉斯好恩人麦迪文: 伟神来劲了
[2026-02-22 00:15:31] Moe1e: @niko：三箱没顶住，三楼没顶住，黄布也没顶住，感觉只能顶完美评论区了。。。。。。
[2026-02-22 00:15:32] 若叶睦吃苦瓜: 伟神
[2026-02-22 00:15:32] 在澡堂卖肥皂: 卧槽，寒王去猎鹰了！
[2026-02-22 00:15:32] A队不吃晃的小祥本人: ⓘ您已被天师庄方宜举报封禁，点击了解武陵社会信用
[2026-02-22 00:15:32] 钢铁侄女王莉钓: 这KK回防怎么走警家长廊啊
[2026-02-22 00:15:33] LvvsiN: 其实碗橱就是猪灵，你不拿黄金丢他他就不跟你说话
[2026-02-22 00:15:33] 一把破扫帚: 伟神
[2026-02-22 00:15:33] 中X千早爱音: 你这音画不同步太难受了，我都听到NIKO里约RMR晋级的欢呼了
[2026-02-22 00:15:33] 玩柜子丶Mortis: 你怎么一走老汤就开始发力了ですわ
[2026-02-22 00:15:33] 终初若叶睦: 倪 这 个 壁 值 博 间 到 底 友 多 少 凭 币 词 😓
[2026-02-22 00:15:33] BenArtist: niko是为了不留下mαjor冠军是鞭尸犬的印象才不拿冠军的，载物刚好相反
[2026-02-22 00:15:33] 落天华: @jame：狗屁一线指挥，不就是100%？真给你们闹麻了
[2026-02-22 00:15:33] 足音: 伟伟神了
[2026-02-22 00:15:33] kalaokl: 【炫神】又向玩大哥处取经了！ 玩大哥带完载物鞭尸jee节奏美美隐身！玩大哥懂得推开节奏啊！
[2026-02-22 00:15:33] 没有真名233: 倪 这 个 壁 值 博 间 到 底 友 多 少 凭 币 词 😓
[2026-02-22 00:15:34] 玩机器的大杰杰: 倪 这 个 壁 值 博 间 到 底 友 多 少 凭 币 词 😓
[2026-02-22 00:15:34] violetayaka: 倪 这 个 壁 值 博 间 到 底 友 多 少 凭 币 词 😓
[2026-02-22 00:15:34] 一条无梦鱼: 卧槽，device五杀鞭尸了
[2026-02-22 00:15:34] 正经猪头肉: 闹麻了
[2026-02-22 00:15:34] 短桥窄马: 蝻的真🦐头啊
[2026-02-22 00:15:35] LvvsiN: @老汤日记:丹麦总统让我静音接触白宫，这应该是我最后一次看儿子直播了，机器，我爱你...
[2026-02-22 00:15:35] 无7441158: ⚠️本弹幕用来检测是否被主播那个⚠️
[2026-02-22 00:15:35] GhostAnderson: @nota（冠军数：1）：我被鞭尸我一点也不难受 因为我真的有冠军✌️😊🏆
[2026-02-22 00:15:36] greexeen: 伟神神了
[2026-02-22 00:15:36] 若久12138: 匪八分前敢飞吗？匪八分前敢飞吗？
[2026-02-22 00:15:36] User5092: 米醋
[2026-02-22 00:15:37] 猫心碎会失去几条命: @nota（冠军数：1）：我被鞭尸我一点也不难受 因为我真的有冠军✌️😊🏆
[2026-02-22 00:15:37] 爱音乐的小橘子: g
[2026-02-22 00:15:37] LvvsiN: 我提一嘴这剧情越来越像上海major了
[2026-02-22 00:15:37] A队不吃晃的小祥本人: 老规矩，弹幕谁编的好笑我支持谁
[2026-02-22 00:15:37] 玩大人的小吉吉: 你这音画不同步太难受了，我都听到NIKO里约RMR晋级的欢呼了
[2026-02-22 00:15:37] 永远的克罗娜: 爱弥斯，我只希望你能轻松快乐的生活......
[2026-02-22 00:15:38] 白皇的三千院Nagi本人: 爱弥斯，我只希望你能轻松快乐的生活......
[2026-02-22 00:15:38] ABSTRACTOR-拾壹: ⚠️本弹幕用来检测是否被主播那个⚠️
[2026-02-22 00:15:38] 太沙基Terzaghi: ⚠️本弹幕用来检测是否被主播那个⚠️
[2026-02-22 00:15:38] 晨风凌云21146: 你为什么要把mαjor禁了，我收藏的一半弹幕全毁了
[2026-02-22 00:15:39] LvvsiN: 你这音画不同步太难受了，我都听到NIKO里约RMR晋级的欢呼了
[2026-02-22 00:15:39] 愁尔一朝还到地丶: 你怎么一走老汤就开始发力了ですわ
[2026-02-22 00:15:39] 超级安和昴66: 伟伟
[2026-02-22 00:15:39] 樱岛麻衣daisuki: PV赢了有亚军相的falcon他不就是冠军相！
[2026-02-22 00:15:39] 锂汁lizhi: 老规矩，弹幕谁鞭的好笑我支持谁
[2026-02-22 00:15:39] 蓮之空的乙宗梢本人: 卧槽，老汤五杀了
[2026-02-22 00:15:39] 小马利亚暮光闪闪本人: ⚠️本弹幕用来检测是否被主播那个⚠️
[2026-02-22 00:15:39] 机器机器祝你天天开心: 米醋
[2026-02-22 00:15:39] 愉悦王金闪闪: 倪 这 个 壁 值 博 间 到 底 友 多 少 凭 币 词 😓
[2026-02-22 00:15:39] 二二二二虎子: 批蓝诗人啊
[2026-02-22 00:15:40] n0where: ⓘ您已被天师庄方宜举报封禁，点击了解武陵社会信用
[2026-02-22 00:15:40] 千早爱尼: @niko：三箱没顶住，三楼没顶住，黄布也没顶住，感觉只能顶完美评论区了。。。。。。。
[2026-02-22 00:15:40] 99组的爱城华恋本人: 倪 这 个 壁 值 博 间 到 底 友 多 少 凭 币 词 😓
[2026-02-22 00:15:40] Arianphy: 米醋
[2026-02-22 00:15:40] GlockieSs: 你怎么一走老汤就开始发力了ですわ
[2026-02-22 00:15:40] 海绵宝宝梦惊禅: 伟神神了
[2026-02-22 00:15:40] 菜星冲冲冲: 米醋
[2026-02-22 00:15:41] LvvsiN: @老汤日记:丹麦总统让我静音接触白宫，这应该是我最后一次看儿子直播了，机器，我爱你...
[2026-02-22 00:15:41] 486des: 你怎么一走老汤就开始发力了ですわ
[2026-02-22 00:15:41] 是小兔呀i: 哲伟：是海鲜我就要捕！
[2026-02-22 00:15:41] 森林与雁: 匪八分前敢飞吗？匪八分前敢飞吗？
[2026-02-22 00:15:41] VDVCI的迪米特里本人: ⚠️本弹幕用来检测是否被主播那个⚠️
[2026-02-22 00:15:42] topdeck小狼君: 可是宗主也很厉害啊🥺
[2026-02-22 00:15:42] 八苦大师: EZ
[2026-02-22 00:15:42] Vitality的Kyojin本人: 伟神
[2026-02-22 00:15:42] PKURoger: 倪 这 个 壁 值 博 间 到 底 友 多 少 凭 币 词 😓
[2026-02-22 00:15:42] 太惠了: 血赚
[2026-02-22 00:15:43] 爱洛魔神仙台叶月: BB再下一城，实时比分 10 ：12
[2026-02-22 00:15:43] LvvsiN: 南孚一节更比六节强，也就是一节南孚比六节南孚强，六节南孚比三十六节强，三十六节比二百一十六节强
[2026-02-22 00:15:43] 森电major冠军尼孩没冠: 倪 这 个 壁 值 博 间 到 底 友 多 少 凭 币 词 😓
[2026-02-22 00:15:43] 呆毛帝国皇家御用大厨: 这KK回防怎么走警家长廊啊
[2026-02-22 00:15:43] 嘉嘉947453: niko是为了不留下mαjor冠军是鞭尸犬的印象才不拿冠军的，载物刚好相反
[2026-02-22 00:15:43] 田中口三才: 伟伟神了
[2026-02-22 00:15:43] 消逝の繁星: 米醋
[2026-02-22 00:15:43] miu3333: 卧槽，老汤五杀了
[2026-02-22 00:15:44] richardlee97: @nota（冠军数：1）：我被鞭尸我一点也不难受 因为我真的有冠军✌️😊🏆
[2026-02-22 00:15:44] 青芒一刀给你干稀碎: 老规矩，弹幕谁鞭的好笑我支持谁
[2026-02-22 00:15:44] 无7441158: @jame：狗屁一线指挥，不就是100%？真给你们闹麻了
[2026-02-22 00:15:44] 幽谷响子: 米醋
[2026-02-22 00:15:44] 卑微丶why: BB再下一城，实时比分 10 ：12
[2026-02-22 00:15:44] 花化话华h: 伟神神了
[2026-02-22 00:15:45] chukap: @nota（冠军数：1）：我被鞭尸我一点也不难受 因为我真的有冠军✌️😊🏆
[2026-02-22 00:15:45] 巅峰A队魔男: 可是宗主也很厉害啊🥺
[2026-02-22 00:15:45] 永远的克罗娜: 爱弥斯，我只希望你能轻松快乐的生活......
[2026-02-22 00:15:45] 凯瑟琳123: 卧槽，老汤五杀了
[2026-02-22 00:15:45] 散場予告: 卧槽faze下放broky了
[2026-02-22 00:15:45] xjdnshxjdka: 卧槽，老汤五杀了
[2026-02-22 00:15:46] 鸟儿在头顶把森林叫醒: 伟神神了
[2026-02-22 00:15:46] Laila丶丶: ⚠本弹幕用来检测是否被封⚠
[2026-02-22 00:15:46] 卡啊卡卡丶: ⚠6 ⚠6 ⚠5⚠7 ⚠ 本弹幕用来检测是否被封⚠6 ⚠6 ⚠5⚠7 ⚠
[2026-02-22 00:15:46] s坑华: 伟神神了
[2026-02-22 00:15:46] 用户7717188970: 倪 这 个 壁 值 博 间 到 底 友 多 少 凭 币 词 😓
[2026-02-22 00:15:46] Cloud9的咬人猫本人: @nota（冠军数：1）：我被鞭尸我一点也不难受 因为我真的有冠军✌️😊🏆
[2026-02-22 00:15:46] 呵19553: 倪 这 个 壁 值 博 间 到 底 友 多 少 凭 币 词 😓
[2026-02-22 00:15:47] pku雪月花: ⚠️本弹幕用来检测是否被主播那个⚠️
[2026-02-22 00:15:47] 我没P眼123: 农烟
[2026-02-22 00:15:47] myGo的anon: 伟神
[2026-02-22 00:15:47] 好姐妹铃木羽那: 爱弥斯，我只希望你能轻松快乐的生活......
[2026-02-22 00:15:47] IIIIIIIIIIIIIIIIIIIIIIlllll: 老规矩，弹幕谁鞭的好笑我支持谁
[2026-02-22 00:15:48] 想吃丰川祥子的狱卒: @niko：三箱没顶住，三楼没顶住，黄布也没顶住，感觉只能顶完美评论区了。。。。。。。
[2026-02-22 00:15:48] sarbest: ⚠️本弹幕用来检测是否被主播那个⚠️
[2026-02-22 00:15:48] supperpigi: 好厚的烟
[2026-02-22 00:15:48] 小肉包喷香: 捕鼠达人
[2026-02-22 00:15:48] JamYo0oung: 倪 这 个 壁 值 博 间 到 底 友 多 少 凭 币 词 😓
[2026-02-22 00:15:48] chordclef: k3?
[2026-02-22 00:15:49] 宫监手: ⚠️本弹幕用来检测是否被主播那个⚠️
[2026-02-22 00:15:49] 永生不遇的star: @nota（冠军数：1）：我被鞭尸我一点也不难受 因为我真的有冠军✌️😊🏆
[2026-02-22 00:15:49] 小蜜蜂的长期素食本人: 烧
[2026-02-22 00:15:49] 博丽灵感菇: 倪 这 个 壁 值 博 间 到 底 友 多 少 凭 币 词 😓
[2026-02-22 00:15:49] 白皇的三千院Nagi本人: 可是宗主也很厉害啊🥺
[2026-02-22 00:15:49] 古堡12枪战神: 哲伟是懂三箱的，比niko还懂所以能赢
[2026-02-22 00:15:49] eda778: 老鼠真的该换人了
[2026-02-22 00:15:50] 本质软糯Sakiko: 【炫神】又向玩大哥处取经了！ 玩大哥带完载物鞭尸jee节奏美美隐身！玩大哥懂得推开节奏啊！
[2026-02-22 00:15:50] 梦的星: 卧槽device退役了
[2026-02-22 00:15:50] 我就喜欢丰川祥子: 爱弥斯，我只希望你能轻松快乐的生活...
[2026-02-22 00:15:50] 硫磺祥: 玩机器你为什么要在长廊放脚步
[2026-02-22 00:15:50] xOcOg: niko鞭的是尼孝所以是善意互动，载物鞭的是海啸所以是恶意攻击，这点要分清
[2026-02-22 00:15:50] Vitality的Eminem本人: 老霸道了
[2026-02-22 00:15:50] 283的铃木羽那本人: 倪 这 个 壁 值 博 间 到 底 友 多 少 凭 币 词 😓
[2026-02-22 00:15:51] 千早爱音的咕咕嘎嘎: 老规矩，弹幕谁鞭的好笑我支持谁
[2026-02-22 00:15:51] 森林与雁: 老规矩，弹幕谁鞭的好笑我支持谁
[2026-02-22 00:15:51] Arianphy: 卧槽，老汤五杀了
[2026-02-22 00:15:51] kalaokl: 【电棍】锐评玩机器停播：人人都会双标，他就是想得太多了，我永远不会忘记玩机器直播间带来的快乐
[2026-02-22 00:15:51] 用户8893066234: 检测封禁
[2026-02-22 00:15:51] 专看玩机器的号: 👅
[2026-02-22 00:15:51] SuperSword81317: @老汤日记:丹麦总统让我静音接触白宫，这应该是我最后一次看儿子直播了，机器，我爱你...
[2026-02-22 00:15:52] 冷淡ld: 老规矩，弹幕谁鞭的好笑我支持谁
[2026-02-22 00:15:52] 小布丁是真好吃: 你兄弟
[2026-02-22 00:15:52] 康托尔74920: 倪 这 个 壁 值 博 间 到 底 友 多 少 凭 币 词 😓
[2026-02-22 00:15:52] 小洞大人打玩啦: 明日之伟
[2026-02-22 00:15:53] 墨轩carry: ⚠️本弹幕用来检测是否被主播那个⚠️
[2026-02-22 00:15:53] 用户255777811: 感觉图3了啊
[2026-02-22 00:15:53] 多磋鱼: 伟神神了
[2026-02-22 00:15:53] 宇宙第一麻瓜: 可是宗主也很厉害啊🥺
[2026-02-22 00:15:53] 劉膿dewasu: @nota（冠军数：1）：我被鞭尸我一点也不难受 因为我真的有冠军✌️😊🏆
[2026-02-22 00:15:53] 璃月七星的刻晴本人: 老规矩，弹幕谁鞭的好笑我支持谁
[2026-02-22 00:15:53] A队不吃晃的小祥本人: 玩机器，你现在逆转风评和停止节奏的唯一办法就是把《颂乐人偶》后6集看完
[2026-02-22 00:15:53] SKT的Faker本人: BB再下一城，实时比分 10 ：12
[2026-02-22 00:15:54] 斩斩斩斩斩吧: 两个包点没换人
[2026-02-22 00:15:54] 我知道的一点也不多: BB再下一城，实时比分 10 ：12
[2026-02-22 00:15:54] 夜刀神十香910: 卧槽，老汤五杀了
[2026-02-22 00:15:54] 玩机器又帅声音又好听: BB再下一城，实时比分 10 ：12
[2026-02-22 00:15:54] 玩机器的大杰杰: 觉得自己压力的时候，想想玩机器身下的电竞椅，觉得自己没用的时候，想想玩机器椅子旁边的瑜伽垫
[2026-02-22 00:15:55] 先去做主线: 卧槽，老汤五杀了
[2026-02-22 00:15:55] sjtu的musketeers本人: @nota（冠军数：1）：我被鞭尸我一点也不难受 因为我真的有冠军✌️😊🏆
[2026-02-22 00:15:55] 海绵宝宝没名字儿: 6657
[2026-02-22 00:15:55] 人间的我丶: 倪 这 个 壁 值 博 间 到 底 友 多 少 凭 币 词 😓
[2026-02-22 00:15:55] Soph1re: ⚠本弹幕用来检测是否被封⚠
[2026-02-22 00:15:55] 林有为丶: ⚠️本弹幕用来检测是否被主播那个⚠️
[2026-02-22 00:15:55] 注册2872天不能发弹幕: 猎鹰大补丸就是好用
[2026-02-22 00:15:56] 飘然小牧: 倪 这 个 壁 值 博 间 到 底 友 多 少 凭 币 词 😓
[2026-02-22 00:15:56] 达拉然的凯尔萨斯本人: 可是宗主也很厉害啊🥺
[2026-02-22 00:15:56] m78星云的造物主: 爱弥斯，我只希望你能轻松快乐的生活......
[2026-02-22 00:15:56] 新手请多关照井5883: 詹詹伟伟赢了
[2026-02-22 00:15:56] oOM18HellcatOo: 我的青春是zweih，228天一线生涯，5次对阵猎鹰，3次淘汰niko，2座s级赛事冠军，0次被看好
[2026-02-22 00:15:57] 青椒土豆丶: PV王朝了
[2026-02-22 00:15:57] 恺悌君子能几醉: 老规矩，弹幕谁鞭的好笑我支持谁
[2026-02-22 00:15:57] 博丽灵感菇: ⚠️本弹幕用来检测是否被主播那个⚠️
[2026-02-22 00:15:57] 用户9921747043: 老规矩，弹幕谁鞭的好笑我支持谁
[2026-02-22 00:15:57] 艺术冰霜: 老规矩，弹幕谁鞭的好笑我支持谁
[2026-02-22 00:15:57] 羞死了的小萌妹: 倪 这 个 壁 值 博 间 到 底 友 多 少 凭 币 词 😓
[2026-02-22 00:15:58] A队不吃晃的小祥本人: 玩机器，你现在逆转风评和停止节奏的唯一办法就是把《颂乐人偶》后6集看完
[2026-02-22 00:15:58] 烟鬼安德鲁: @niko：三箱没顶住，三楼没顶住，黄布也没顶住，感觉只能顶完美评论区了。。。。。。。
[2026-02-22 00:15:58] aprayll: 爱弥斯，我只希望你能轻松快乐的生活...
[2026-02-22 00:15:58] 丹麦国王device: 有人接盘我这个孕妇吗
[2026-02-22 00:15:59] 地下室的女高中生: 倪 这 个 壁 值 博 间 到 底 友 多 少 凭 币 词 😓
[2026-02-22 00:15:59] 橘子味儿小baby: 老规矩，弹幕谁鞭的好笑我支持谁
[2026-02-22 00:15:59] 古堡12枪战神: 卧槽，老汤五杀了
[2026-02-22 00:15:59] Arianphy: BB再下一城，实时比分 10 ：12
[2026-02-22 00:15:59] 监督检查: 卧槽，老汤五杀了
[2026-02-22 00:15:59] 微笑灬雨凝: 国家都不让放鞭了，但niko可以😊
[2026-02-22 00:15:59] 扰乱: 倪 这 个 壁 值 博 间 到 底 友 多 少 凭 币 词 😓
[2026-02-22 00:15:59] MrFutaba33: 老规矩，弹幕谁鞭的好笑我支持谁
[2026-02-22 00:16:00] 勇敢地滋出来: 倪 这 个 壁 值 博 间 到 底 友 多 少 凭 币 词 😓
[2026-02-22 00:16:00] LvvsiN: 男人一生只哭十八次：niko十七次梦碎major正赛, niko梦碎里约major RMR＼
[2026-02-22 00:16:00] 看六年黑豹没送过飞机: 哎呀 @一诺：其实碗橱就是猪灵，你不拿黄金丢他他就不跟你说话
[2026-02-22 00:16:00] MDS挽风: 伟伟神了
[2026-02-22 00:16:00] 1ntroverT: 【电棍】锐评玩机器停播：人人都会双标，他就是想得太多了，我永远不会忘记玩机器直播间带来的快乐
[2026-02-22 00:16:00] woollyf: 六十万原石
[2026-02-22 00:16:00] 李小小与虾大大: 可是玩婊婊也很双标啊🥺
[2026-02-22 00:16:00] 爱音乐的小橘子: 感觉哲伟比Niko更早拿major冠军
[2026-02-22 00:16:01] 弱智骚年欢乐多: BB再下一城，实时比分 10 ：12
[2026-02-22 00:16:01] 永远的克罗娜: 爱弥斯，我只希望你能轻松快乐的生活......
[2026-02-22 00:16:01] 萝团的白金燐子本人: 爱弥斯，我只希望你能轻松快乐的生活...
[2026-02-22 00:16:02] 博丽灵感菇: 倪 这 个 壁 值 博 间 到 底 友 多 少 凭 币 词 😓
[2026-02-22 00:16:02] 可可爱爱爱弥斯: 可是宗主也很厉害啊🥺
[2026-02-22 00:16:02] LOVEYUKINO: 老规矩，弹幕谁鞭的好笑我支持谁
[2026-02-22 00:16:02] 那我懂你意思了0: 有人接盘我这个孕妇吗
[2026-02-22 00:16:02] 秋Fc: 卧槽，老汤五杀了
[2026-02-22 00:16:02] olof奥拉夫: 倪 这 个 壁 值 博 间 到 底 友 多 少 凭 币 词 😓
[2026-02-22 00:16:03] A队不吃晃的小祥本人: 老规矩，弹幕谁编的好笑我支持谁
[2026-02-22 00:16:03] 玩鸡器的毛毛: @nota（冠军数：1）：我被鞭尸我一点也不难受 因为我真的有冠军✌️😊🏆
[2026-02-22 00:16:03] 鹦鹉151: 阿伟船长 专捕海鲜
[2026-02-22 00:16:03] 永远爱玩宝宝: 卧槽，老汤五杀了
[2026-02-22 00:16:03] 夺云丶: 来点鞭弹幕
[2026-02-22 00:16:03] NiP的Dev1Ce本人: ⚠️本弹幕用来检测是否被主播那个⚠️
[2026-02-22 00:16:03] 轰国小阿旭丶: BB再下一城，实时比分 10 ：12
[2026-02-22 00:16:03] 283的铃木羽那本人: @鹰角网络：机器，发言等级调到精二90级吧
[2026-02-22 00:16:04] 好哥们黑龙歼灭刀: 倪 这 个 壁 值 博 间 到 底 友 多 少 凭 币 词 😓
[2026-02-22 00:16:04] 蝶花月: 卧槽，老汤五杀了
[2026-02-22 00:16:04] 相亲相爱一家人96582: 加一过快
[2026-02-22 00:16:04] 网友魔理沙、: 这个直播间真有意思，主播玩自己的 观众聊观众的 想相互交流还得烧点钱
[2026-02-22 00:16:04] 丢你雷姆吔屎啦你: 老规矩，弹幕谁鞭的好笑我支持谁
[2026-02-22 00:16:04] 我感觉很膨胀: 这伟神这么厉害感觉去绿龙随便拿冠军啊
[2026-02-22 00:16:04] 洛卡不是菜狗: 【Reddit】盘点来自瓷器的沙滩之子：神枪，奇异术士，王老师做得更好，狗狗窃贼，游玩机器
[2026-02-22 00:16:05] 吉吉国特派员: 倪 这 个 壁 值 博 间 到 底 友 多 少 凭 币 词 😓
[2026-02-22 00:16:05] LYQ苍破孤独: 农阉
[2026-02-22 00:16:05] Vitality的羽贺文乃本人: 觉得自己压力的时候，想想玩机器身下的电竞椅，觉得自己没用的时候，想想玩机器椅子旁边的瑜伽垫
[2026-02-22 00:16:05] 妙蛙种子7l: ⚠️本弹幕用来检测是否被主播那个⚠️
[2026-02-22 00:16:06] A队不吃晃的小祥本人: 申请看100T比赛净化弹幕，同意的＋1
[2026-02-22 00:16:06] 浮生若尘: 感觉哲伟比Niko更早拿major冠军
[2026-02-22 00:16:06] 啊槐序: 玩机器，你现在逆转风评和停止节奏的唯一办法就是把《颂乐人偶》后6集看完
[2026-02-22 00:16:06] 艺术冰霜: 【电棍】锐评玩机器停播：人人都会双标，他就是想得太多了，我永远不会忘记玩机器直播间带来的快乐
[2026-02-22 00:16:06] MrFutaba33: 倪 这 个 壁 值 博 间 到 底 友 多 少 凭 币 词 😓
[2026-02-22 00:16:06] 杰氏子: BB再下一城，实时比分 10 ：12
[2026-02-22 00:16:06] 地下室的女高中生: 老规矩，弹幕谁鞭的好笑我支持谁
[2026-02-22 00:16:06] 无伟契约: 伟神真的被狗 洞耽误了。。。
[2026-02-22 00:16:07] 网上战士: 倪 这 个 壁 值 博 间 到 底 友 多 少 凭 币 词 😓
[2026-02-22 00:16:07] 李s三岁: 倪 这 个 壁 值 博 间 到 底 友 多 少 凭 币 词 😓
[2026-02-22 00:16:07] 克劳德贼贼: @nota（冠军数：1）：我被鞭尸我一点也不难受 因为我真的有冠军✌️😊🏆
[2026-02-22 00:16:07] 不变的追求717: 可是玩婊婊也很双标啊🥺
[2026-02-22 00:16:07] viovvvvvvvon: 12：11了
[2026-02-22 00:16:07] 蓝原延渚: 卧槽，broky又被下放了
[2026-02-22 00:16:08] 桂林米粉比较好吃: 老规矩，弹幕谁鞭的好笑我支持谁
[2026-02-22 00:16:08] 京京孩孩majo冠军: niko是为了不留下mαjor冠军是鞭尸犬的印象才不拿冠军的，载物刚好相反
[2026-02-22 00:16:08] 月落汐上: 老规矩，弹幕谁鞭的好笑我支持谁
[2026-02-22 00:16:08] 猫帘: 有人接盘我这个孕妇吗
[2026-02-22 00:16:09] 用户144491677: 老规矩，弹幕谁鞭的好笑我支持谁
[2026-02-22 00:16:09] 用户87594568: majorop终末地
[2026-02-22 00:16:09] 宇宙第一麻瓜: 有人接盘我这个孕妇吗
[2026-02-22 00:16:10] 永远的克罗娜: 爱弥斯，我只希望你能轻松快乐的生活......
[2026-02-22 00:16:10] 水下放电11: 老规矩，弹幕谁鞭的好笑我支持谁
[2026-02-22 00:16:10] 好姐们谷爱凌: 老规矩，弹幕谁鞭的好笑我支持谁
[2026-02-22 00:16:10] richardlee97: 国家都不让放鞭了，但niko可以😊
[2026-02-22 00:16:10] TL的EliGE本人: 倪 这 个 壁 值 博 间 到 底 友 多 少 凭 币 词 😓
[2026-02-22 00:16:10] 滨辺美波: 老规矩，弹幕谁鞭的好笑我支持谁
[2026-02-22 00:16:10] 友利奈绪我老婆d: 【Reddit】盘点来自瓷器的沙滩之子：神枪，奇异术士，王老师做得更好，狗狗窃贼，游玩机器
[2026-02-22 00:16:10] 5m1le: 【hltv】：六月飞霜凝铁骨，一腔碧血化啼鹃！niko没鞭！
[2026-02-22 00:16:10] C9的moloris本人: 【电棍】锐评玩机器停播：人人都会双标，他就是想得太多了，我永远不会忘记玩机器直播间带来的快乐
[2026-02-22 00:16:10] 愿良辰美景: @鹰角网络：机器，发言等级调到精二90级吧
[2026-02-22 00:16:10] 玩486: ⚠️本弹幕用来检测是否被主播那个⚠️
[2026-02-22 00:16:11] 呵呵哒丶银魂断更: 可是宗主也很厉害啊🥺
[2026-02-22 00:16:11] 巅峰A队魔男: 沵個炪泩菿疧蔎置孒哆仯個屛幣詞，莪棈杺揙辑哋弹募怎庅潑芣炪唻
[2026-02-22 00:16:11] 玩柜子丶Mortis: 【电棍】锐评玩机器停播：人人都会双标，他就是想得太多了，我永远不会忘记玩机器直播间带来的快乐ですわ
[2026-02-22 00:16:11] 致死量番茄酱: @Niko：哲伟你不能只在面对我的时候才发挥
[2026-02-22 00:16:11] 6MLForReal: 卧槽，老汤五杀了
[2026-02-22 00:16:12] LvvsiN: 玩宝宝，我发现在大学上学的时候肄业会很舒服，你可以试试
[2026-02-22 00:16:12] 不要畏葸不前: 【电棍】锐评玩机器停播：人人都会双标，他就是想得太多了，我永远不会忘记玩机器直播间带来的快乐
[2026-02-22 00:16:12] supperpigi: 来点鞭弹幕
[2026-02-22 00:16:12] 我知道的一点也不多: 【电棍】锐评玩机器停播：人人都会双标，他就是想得太多了，我永远不会忘记玩机器直播间带来的快乐
[2026-02-22 00:16:12] Cloud9的咬人猫本人: @niko：三箱没顶住，三楼没顶住，黄布也没顶住，感觉只能顶玩除了。。。。。。。
[2026-02-22 00:16:12] 弱智骚年欢乐多: 感觉哲伟比Niko更早拿major冠军
[2026-02-22 00:16:13] 詹詹塔塔Major冠军: 可是玩婊婊也很双标啊🥺
[2026-02-22 00:16:13] 足音: 伟神真的被狗 洞耽误了。。。
[2026-02-22 00:16:13] 微笑灬雨凝: 国家都不让放鞭了，但niko可以😊
[2026-02-22 00:16:13] GF-of-GotohHitori、Kita: 100T 12-11 BB
[2026-02-22 00:16:13] VDVCI的迪米特里本人: 可是玩婊婊也很双标啊🥺
[2026-02-22 00:16:13] MunChlax丶: 老规矩，弹幕谁鞭的好笑我支持谁
[2026-02-22 00:16:14] 流浪0022: 可是玩婊婊也很双标啊🥺
[2026-02-22 00:16:14] 99组的爱城华恋本人: 有人接盘我这个孕妇吗
[2026-02-22 00:16:14] kalaokl: 　　　 2025-8-22:这鞭你m呢 2026-2-20:老尼还是没忍住 说明玩机器素质变高了
[2026-02-22 00:16:14] MSK枫: nota感觉剑指evp了啊。。。
[2026-02-22 00:16:14] 橘子味儿小baby: 倪 这 个 壁 值 博 间 到 底 友 多 少 凭 币 词 😓
[2026-02-22 00:16:14] 小鸡灭: 爱弥斯，我只希望你能轻松快乐的生活......
[2026-02-22 00:16:14] MrFutaba33: 卧槽，broky又被下放了
[2026-02-22 00:16:14] 奈何本无心: 老规矩，弹幕谁鞭的好笑我支持谁
[2026-02-22 00:16:15] 丶微凉之夏: 老规矩，弹幕谁鞭的好笑我支持谁
[2026-02-22 00:16:15] 玩斯特出出6657: 申请看100T比赛净化弹幕，同意的＋1
[2026-02-22 00:16:15] 晨风凌云21146: 生菜汤生菜汤语气不对了语气不对了你为什么要把mαjor禁了，我收藏的Niko弹幕全毁了
[2026-02-22 00:16:15] 好哥们汉阳造: 有人接盘我这个孕妇吗
[2026-02-22 00:16:15] 述二ER: 可是宗主也很厉害啊🥺
[2026-02-22 00:16:15] 卡啊卡卡丶: 【电棍】锐评玩机器停播：人人都会双标，他就是想得太多了，我永远不会忘记玩机器直播间带来的快乐ですわ
[2026-02-22 00:16:16] 鲤鱼哲: 实时更新比分：11-12
[2026-02-22 00:16:16] 丰川祥子的香香大祥脚: 隔壁要+了
[2026-02-22 00:16:16] 轰国小阿旭丶: 申请看100T比赛净化弹幕，同意的＋1
[2026-02-22 00:16:16] 愿良辰美景: ⚠️本弹幕用来检测是否被主播那个⚠️
[2026-02-22 00:16:16] 小橙子橙99999: 老规矩，弹幕谁鞭的好笑我支持谁
[2026-02-22 00:16:16] c6lviN: 老规矩，弹幕谁鞭的好笑我支持谁
[2026-02-22 00:16:16] 玩柜子丶Mortis: @那我懂你意思了0：有人接盘我这个孕妇吗ですわ
[2026-02-22 00:16:17] 红红雨雨养猪冠军: 卧槽，device退役了
[2026-02-22 00:16:17] viovvvvvvvon: 12：11了
[2026-02-22 00:16:18] 夜刀神十香910: 怀念最好的五个人：蕾缪安（已受伤）、能天使（已转职）、莫斯提马（已堕天）、菲亚梅塔（已涅槃）、阿尔图
[2026-02-22 00:16:18] LvvsiN: 额，拿亚军我都会，拿亚军，拿季军，拿四强，拿八强，拿十六强，呃拿冠军我不会，然后小组赛淘汰
[2026-02-22 00:16:18] 普丽瓦蒂: 老规矩，弹幕谁鞭的好笑我支持谁
[2026-02-22 00:16:18] 没有逗猫棒: 你先管好胎盘吧😂
[2026-02-22 00:16:18] A队不吃晃的小祥本人: 申请看100T比赛净化弹幕，同意的＋1
[2026-02-22 00:16:18] 明天开始要牛马归棚了: 这个直播间真有意思，主播玩自己的 观众聊观众的 想相互交流还得烧点钱
[2026-02-22 00:16:18] xOcOg: 目前大东指挥11回合，设备指挥12回合，大东指挥设备送11次，设备指挥大东杀11个
[2026-02-22 00:16:18] 里约钻石币拥有者: @Niko：哲伟你不能只在面对我的时候才发挥
[2026-02-22 00:16:18] 我的主人近藤千彩: 老规矩，弹幕谁鞭的好笑我支持谁
[2026-02-22 00:16:19] 猫心碎会失去几条命: 【电棍】锐评玩机器停播：人人都会双标，他就是想得太多了，我永远不会忘记玩机器直播间带来的快乐
[2026-02-22 00:16:19] 丶四个木: 11-12了
[2026-02-22 00:16:19] 细菌P: 卧槽，孩孩回G2了！说要不抱团当真GOAT！💪👑
[2026-02-22 00:16:19] vveenn: 隔壁真加时了
[2026-02-22 00:16:19] 一百丅的dev1ce: 老规矩，弹幕谁鞭的好笑我支持谁
[2026-02-22 00:16:20] Tim1cc: 【Reddit】盘点来自瓷器的沙滩之子：神枪，奇异术士，王老师做得更好，狗狗窃贼，游玩机器
[2026-02-22 00:16:20] 牟平鲁尼: 哲伟小镇这么屌，怎么在绿龙见不到
[2026-02-22 00:16:20] 艺术冰霜: 国家都不让放鞭了，但niko可以😊
[2026-02-22 00:16:20] 玩斯特姬姬: @dev1ce：易博 咳咳咳 换台 咳咳咳 老爸要似了😣😣😣
[2026-02-22 00:16:21] miku12138丶: ⚠️本弹幕用来检测是否被主播那个⚠️
[2026-02-22 00:16:21] 大的要来了丶: niko是为了不留下mαjor冠军是鞭尸犬的印象才不拿冠军的，载物刚好相反
[2026-02-22 00:16:21] A队不吃晃的小祥本人: 老规矩，弹幕谁编的好笑我支持谁
[2026-02-22 00:16:21] 到付的空调外机: 申请看100T比赛净化弹幕，同意的＋1
[2026-02-22 00:16:21] 虫草Single: 卧槽，broky又被下放了
[2026-02-22 00:16:21] 如如493: 老规矩，懂的➕1
[2026-02-22 00:16:22] 小布丁是真好吃: 伟神真的被狗 洞耽误了。。。
[2026-02-22 00:16:22] maricleZZ: 兄弟们我感觉我今天状态不是很好啊，我今天状态非常不好啊，我感觉我应该，唉，我要不，我去调整一下心情吧
[2026-02-22 00:16:23] 短桥窄马: 不许再喷玩宝宝了🥺🥺
[2026-02-22 00:16:23] 没有逗猫棒: 你先管好胎盘吧😂
[2026-02-22 00:16:23] YEYH111: 不串等于永封！
[2026-02-22 00:16:23] 玩跳丹jampegg: @玩机器：我扔然是世一标
[2026-02-22 00:16:23] A队不吃晃的小祥本人: 申请看100T比赛净化弹幕，同意的＋1
[2026-02-22 00:16:23] 衰神177: ⚠️本弹幕用来检测是否被主播那个⚠️
[2026-02-22 00:16:24] 我感觉很膨胀: 实时更新比分：11-12
[2026-02-22 00:16:24] 硕official本人: 可是宗主也很厉害啊🥺
[2026-02-22 00:16:24] 丶悠悠神代事: 老规矩，弹幕谁鞭的好笑我支持谁
[2026-02-22 00:16:24] 硫磺祥: 申请看100T比赛净化弹幕，同意的＋1
[2026-02-22 00:16:24] 其疾如风Zzs: 可是宗主也很厉害啊🥺
[2026-02-22 00:16:24] PeiceEzio: 隔壁加了
[2026-02-22 00:16:25] 卡啊卡卡丶: 老规矩，弹幕谁鞭的好笑我支持谁
[2026-02-22 00:16:25] 雪花飛: @dev1ce：易博 咳咳咳 换台 咳咳咳 老爸要似了😣😣😣
[2026-02-22 00:16:25] 波士顿炸大虾: 有没有银行业啊，我真的一样一样到不行了
[2026-02-22 00:16:25] 疯狂的蓝月亮i: 现在就感觉大东和device都是老司机了
[2026-02-22 00:16:25] 好哥们黑龙歼灭刀: 老规矩，弹幕谁鞭的好笑我支持谁
[2026-02-22 00:16:26] 臻先生212: @那我懂你意思了0：有人接盘我这个孕妇吗ですわ
[2026-02-22 00:16:26] 鸭硕的哈撒给: 老规矩，弹幕谁鞭的好笑我支持谁
[2026-02-22 00:16:26] A队不吃晃的小祥本人: ⓘ您已被天师庄方宜举报封禁，点击了解武陵社会信用
[2026-02-22 00:16:26] 森林与雁: 哲伟小镇这么屌，怎么在绿龙见不到
[2026-02-22 00:16:26] 里约钻石币拥有者: 怀念最好的五个人：蕾缪安（已受伤）、能天使（已转职）、莫斯提马（已堕天）、菲亚梅塔（已涅槃）、阿尔图
[2026-02-22 00:16:26] 逃离灰色地带: 让你开双倍你🐉吗让你开双倍你🐉吗
[2026-02-22 00:16:27] TM在抖我: 申请看100T比赛净化弹幕，同意的＋1
[2026-02-22 00:16:27] 甘織玲奈子: 抓娃娃
[2026-02-22 00:16:27] 瑭珏: 11-12了
[2026-02-22 00:16:27] 玩斯特出出6657: 核弹
[2026-02-22 00:16:27] 晨风凌云21146: 你为什么要把mαjor禁了，我收藏的Niko弹幕全毁了
[2026-02-22 00:16:28] GlockieSs: @刘农：儿子，老爸刚刚拙略的演技对你的弹幕环境有帮助吗？我这边已经结束了勿念
[2026-02-22 00:16:28] supperpigi: 不许再喷玩宝宝了🥺🥺
[2026-02-22 00:16:28] 永远的克罗娜: 爱弥斯，我只希望你能轻松快乐的生活......
[2026-02-22 00:16:28] 叩劝架重伤倒地了: 申请看100T比赛净化弹幕，同意的＋1
[2026-02-22 00:16:28] 玩斯特姬姬: @dev1ce：易博 咳咳咳 换台 咳咳咳 老爸要似了😣😣😣
[2026-02-22 00:16:28] 皮孩i皮孩的孩: 申请看100T比赛净化弹幕，同意的＋1
[2026-02-22 00:16:28] 愿良辰美景: 不许再喷玩宝宝了🥺🥺
[2026-02-22 00:16:28] maricleZZ: 兄弟们我感觉我今天状态不是很好啊，我今天状态非常不好啊，我感觉我应该，唉，我要不，我去调整一下心情吧
[2026-02-22 00:16:28] 载物ip大玩庄园地下室: 100T被追到11分了有人管管吗
[2026-02-22 00:16:29] CaoplanE: 1112了
[2026-02-22 00:16:29] A队不吃晃的小祥本人: 老规矩，弹幕谁编的好笑我支持谁
[2026-02-22 00:16:29] 奶油亦博啵啵: 弹幕真把我骗去看了，结果老汤已经被踢死了😓
[2026-02-22 00:16:29] a队的丰川祥子: 老规矩，弹幕谁鞭的好笑我支持谁
[2026-02-22 00:16:30] 好哥们马头: 纪律
[2026-02-22 00:16:30] LvvsiN: 额，拿亚军我都会，拿亚军，拿季军，拿四强，拿八强，拿十六强，呃拿冠军我不会，然后小组赛淘汰
[2026-02-22 00:16:30] JamYo0oung: @玩机器：我扔然是世一标
[2026-02-22 00:16:30] 我号污呜呜: 老规矩，懂的➕1
[2026-02-22 00:16:31] everch0sen: 可是宗主也很厉害啊🥺
[2026-02-22 00:16:31] 刘农痴呆不忘带永恒: 申请看100T比赛净化弹幕，同意的＋1
[2026-02-22 00:16:31] Abc丶Ss: 让你开双倍你🐉吗让你开双倍你🐉吗
[2026-02-22 00:16:31] 大姜饼: 老规矩，弹幕谁鞭的好笑我支持谁
[2026-02-22 00:16:31] 椎名立希的泪痣: 可是宗主也很厉害啊🥺
[2026-02-22 00:16:31] 玩斯特姬姬: @dev1ce：易博 咳咳咳 换台 咳咳咳 老爸要似了😣😣😣
[2026-02-22 00:16:31] 雪热巴阿雪美: 老规矩，弹幕谁鞭的好笑我支持谁
[2026-02-22 00:16:31] 带子空: 我15级 你们还能看到我吗？
[2026-02-22 00:16:32] fmljz: 11-12 老汤没钱 实时比分
[2026-02-22 00:16:32] viovvvvvvvon: 【前线速报】目前比分12：11
[2026-02-22 00:16:32] A队不吃晃的小祥本人: ⓘ您已被天师庄方宜举报封禁，点击了解武陵社会信用
[2026-02-22 00:16:32] Roselia的凑有希那本人: 100T被追到11分了有人管管吗ですわ
[2026-02-22 00:16:32] 艺术冰霜: 老规矩，弹幕谁鞭的好笑我支持谁
[2026-02-22 00:16:34] 不变的追求717: 老规矩，弹幕谁鞭的好笑我支持谁
[2026-02-22 00:16:34] 衰神177: 老规矩，弹幕谁鞭的好笑我支持谁
[2026-02-22 00:16:34] A队不吃晃的小祥本人: 玩机器，你现在逆转风评和停止节奏的唯一办法就是把《颂乐人偶》后6集看完
[2026-02-22 00:16:34] maricleZZ: 兄弟们我感觉我今天状态不是很好啊，我今天状态非常不好啊，我感觉我应该，唉，我要不，我去调整一下心情吧
[2026-02-22 00:16:34] 玩斯特姬姬: @dev1ce：易博 咳咳咳 换台 咳咳咳 老爸要似了😣😣😣
[2026-02-22 00:16:34] GlockieSs:  @刘农：儿子，老爸刚刚拙略的演技对你的弹幕环境有帮助吗？我这边已经结束了勿念
[2026-02-22 00:16:34] chukap: 老规矩，弹幕谁编的好笑我支持谁
[2026-02-22 00:16:35] 含泪办卡: 哲伟小镇这么屌，怎么在绿龙见不到
[2026-02-22 00:16:35] 11tEo: 申请看100T比赛净化弹幕，同意的＋1
[2026-02-22 00:16:35] 小洞大人打玩啦: 可是shiro也很会空啊🥺
[2026-02-22 00:16:35] 永远喜欢樱岛麻衣: 卧槽，device被死人编了一梭子
[2026-02-22 00:16:36] 永远的克罗娜: 爱弥斯，我只希望你能轻松快乐的生活......
[2026-02-22 00:16:36] 米米世界之神: 大家别刷了，再刷又得多几个屏蔽词了😭
[2026-02-22 00:16:36] 哦哦哦哦哦hide: 千问，帮niko点个m@jor冠军
[2026-02-22 00:16:36] 愿良辰美景: 弹幕真把我骗去看了，结果老汤已经被踢死了😓
[2026-02-22 00:16:36] LvvsiN: 你为什么要把mαjor禁了，我收藏的一半弹幕全毁了
[2026-02-22 00:16:36] Peko-: 陈千语大于爱弥斯
[2026-02-22 00:16:36] A队不吃晃的小祥本人: 申请看100T比赛净化弹幕，同意的＋1
[2026-02-22 00:16:36] 奶油亦博啵啵: 弹幕真把我骗去看了，结果老汤已经被踢死了😓
[2026-02-22 00:16:37] 我知道的一点也不多: 不许再喷玩宝宝了🥺🥺
[2026-02-22 00:16:37] Moe1e: 哲伟不是被狗 洞耽误了吗
[2026-02-22 00:16:37] 老人星的优秀素质本人: 100T被追到11分了有人管管吗
[2026-02-22 00:16:37] 好兄弟苍蓝瑆: 怀念最好的五个人：蕾缪安（已受伤）、能天使（已转职）、莫斯提马（已堕天）、菲亚梅塔（已涅槃）、阿尔图
[2026-02-22 00:16:37] JuL1us: 老规矩，弹幕谁鞭的好笑我支持谁
[2026-02-22 00:16:37] RoseIia的凑友希那本人: @那我懂你意思了0：有人接盘我这个孕妇吗ですわ
[2026-02-22 00:16:37] 里约钻石币拥有者: 让你开双倍你🐉吗让你开双倍你🐉吗
[2026-02-22 00:16:37] 香农xxx: @玩机器：我扔然是世一标
[2026-02-22 00:16:38] 可可爱爱爱弥斯: @torzsi：和我...💕在成都的、街头...💕走一走💕齁哦哦哦哦💕💕
[2026-02-22 00:16:38] 神牛拯救世界: 11-12 老汤没钱 实时比分
[2026-02-22 00:16:38] 丢你雷姆吔屎啦你: 　　　 他们骂的好难听😭，我都替你难受😭，但是他们骂的好对，我又想笑了😄
[2026-02-22 00:16:38] 如如493: 老规矩，懂的➕1
[2026-02-22 00:16:38] kalaokl: 可是玩宝宝也很冰清玉洁啊🥺
[2026-02-22 00:16:38] eXarD: 哲伟离了绿龙马上好起来了有懂的吗？
[2026-02-22 00:16:38] 门子侃: ？
[2026-02-22 00:16:39] 轻伤酱: 申请看100T比赛净化弹幕，同意的＋1
[2026-02-22 00:16:39] zeta黯霓: 我15级 你们还能看到我吗？
[2026-02-22 00:16:39] 珠湿落幕: 实时更新比分：15-12
[2026-02-22 00:16:39] 玩神的欢喜好有嚼劲: 弹幕串我尼也是另一种形式的鞭，必须旗帜鲜明的反对
[2026-02-22 00:16:39] dark1337: 老规矩，弹幕谁鞭的好笑我支持谁
[2026-02-22 00:16:39] CorPseF1ower: 100T被追到11分了有人管管吗ですわ
[2026-02-22 00:16:40] 尼古拉刘亦博: 哎 又要熬夜了 像我这种小萌妹熬夜很伤皮肤的 没办法 为了支持机器哥哥
[2026-02-22 00:16:40] 火星情报员工: 老规矩，弹幕谁鞭的好笑我支持谁
[2026-02-22 00:16:40] 好哥们黑龙歼灭刀: 电棍粉丝 还有玩机器的高能提纯小众结晶宝藏粉丝 你们再发一条弹幕 你们的主子就少活一天！
[2026-02-22 00:16:40] 米米世界之神: 大家别刷了，再刷又得多几个屏蔽词了😭
[2026-02-22 00:16:40] 越勾越搜越王勾践: 兄弟们我感觉我今天状态不是很好啊，我今天状态非常不好啊，我感觉我应该，唉，我要不，我去调整一下心情吧
[2026-02-22 00:16:41] 老人星的优秀素质本人: 弹幕真把我骗去看了，结果老汤已经被踢死了😓
[2026-02-22 00:16:41] 歌谷爱墨迹: 陈奕迅：？
[2026-02-22 00:16:41] 京京孩孩majo冠军: 机器你说niko忍不住了才鞭尸，那他在mαjor冠军上忍的挺好啊
[2026-02-22 00:16:41] 澈东海: 没有魔丸
[2026-02-22 00:16:41] A队不吃晃的小祥本人: 申请看100T比赛净化弹幕，同意的＋1
[2026-02-22 00:16:41] 波士顿炸大虾: 有没有银行业啊，我真的一样一样到不行了
[2026-02-22 00:16:42] 玩神的欢喜好有嚼劲: 弹幕串我尼也是另一种形式的鞭，必须旗帜鲜明的反对
[2026-02-22 00:16:42] LvvsiN: 弹幕也就网上说说，现实里谁不觉得樱姐是好女孩（删括号领一条远坂凛同款鸟笼）
[2026-02-22 00:16:42] Starstruck75963: 我的青春是勒布朗詹姆斯，6次亚军2剃光头，3次下跪，4次垫脚，对自己的亲生父亲1无所知
[2026-02-22 00:16:42] 无极加贝: 老规矩，弹幕谁编的好笑我支持谁
[2026-02-22 00:16:42] 轰国小阿旭丶: 12-12实时比分
[2026-02-22 00:16:42] 移动的钞票: 11-12 老汤没钱 实时比分
[2026-02-22 00:16:42] Crystal灬233: 完了，老汤没补上枪
[2026-02-22 00:16:42] Arianphy: 弹幕真把我骗去看了，结果老汤已经被踢死了😓
[2026-02-22 00:16:43] Altolier: 可是玩宝宝也很冰清玉洁啊🥺
[2026-02-22 00:16:43] 永远的克罗娜: 爱弥斯，我只希望你能轻松快乐的生活......
[2026-02-22 00:16:43] 玩斯特姬姬: @dev1ce：易博 咳咳咳 换台 咳咳咳 老爸要似了😣😣😣
[2026-02-22 00:16:43] A队不吃晃的小祥本人: ⓘ您已被天师庄方宜举报封禁，点击了解武陵社会信用
[2026-02-22 00:16:43] 石家庄的刘亦博本人: 可是玩宝宝也很冰清玉洁啊🥺
[2026-02-22 00:16:44] 流浪0022: @玩机器：我扔然是世一标
[2026-02-22 00:16:44] 夺云丶: 老规矩，弹幕谁鞭的好笑我支持谁
[2026-02-22 00:16:44] GlockieSs: @刘农：儿子，老爸刚刚拙略的演技对你的弹幕环境有帮助吗？我这边已经结束了勿念
[2026-02-22 00:16:44] 大姜饼: 可是玩宝宝也很冰清玉洁啊🥺
[2026-02-22 00:16:44] 烧柴: 谢彬？
[2026-02-22 00:16:44] xOcOg: 目前大东指挥11回合，设备指挥12回合，大东指挥设备送11次，设备指挥大东杀11个
[2026-02-22 00:16:45] 犭火夕卜其斤: 我开动了！
[2026-02-22 00:16:45] 米米世界之神: 大家别刷了，再刷又得多几个屏蔽词了😭
[2026-02-22 00:16:45] 玩神的欢喜好有嚼劲: 弹幕串我尼也是另一种形式的鞭，必须旗帜鲜明的反对
[2026-02-22 00:16:45] 小蜜蜂的长期素食本人: 自助餐有
[2026-02-22 00:16:45] 步乌不是不: 弹幕也就网上说说，现实里谁不觉得樱姐是好女孩（删括号领一条远坂凛同款鸟笼）
[2026-02-22 00:16:45] A队不吃晃的小祥本人: ⓘ您已被天师庄方宜举报封禁，点击了解武陵社会信用
[2026-02-22 00:16:46] 注册2872天不能发弹幕: woc，ZywOo因为半年没有鞭人，被小蜜蜂下放了
[2026-02-22 00:16:46] DDD是就我: 可是玩宝宝也很冰清玉洁啊🥺
[2026-02-22 00:16:46] 用户87594568: 宫监手！准备放监！🏹🏹🏹🏹宫监手！准备放监！🏹🏹🏹
[2026-02-22 00:16:46] Mr木杉君: 哲伟小镇这么屌，怎么在绿龙见不到
[2026-02-22 00:16:46] 玩斯特姬姬: @dev1ce：易博 咳咳咳 换台 咳咳咳 老爸要似了😣😣😣
[2026-02-22 00:16:46] 野pig亨利28: 黑话
[2026-02-22 00:16:47] 好姐妹索菲亚: 老规矩，弹幕谁鞭的好笑我支持谁
[2026-02-22 00:16:47] TM在抖我: 100T被追到11分了有人管管吗ですわ
[2026-02-22 00:16:47] 衰神177: @玩机器：我扔然是世一标
[2026-02-22 00:16:47] 我知道的一点也不多: 怎么那么多鹰美，蜂美，驴美，娜美，就我一个人是玩美吗
[2026-02-22 00:16:48] A队不吃晃的小祥本人: 老规矩，弹幕谁编的好笑我支持谁
[2026-02-22 00:16:48] 方舟2589: 爱弥斯，我只希望你能轻松快乐的生活......
[2026-02-22 00:16:48] 愿良辰美景: 哎 又要熬夜了 像我这种小萌妹熬夜很伤皮肤的 没办法 为了支持机器哥哥
[2026-02-22 00:16:48] wristuuio: 我15级 你们还能看到我吗？
[2026-02-22 00:16:48] richardlee97: 可是玩婊婊也很双标啊🥺
[2026-02-22 00:16:48] 布斯特丽丽: 100T被追到11分了有人管管吗ですわ
[2026-02-22 00:16:48] Ayaya丿KE: 老规矩，弹幕谁编的好笑我支持谁
[2026-02-22 00:16:49] 爆爆爆开爆: 可是玩宝宝也很冰清玉洁啊🥺
[2026-02-22 00:16:49] YeMinister: 100T被追到11分了有人管管吗ですわ
[2026-02-22 00:16:49] 弱智骚年欢乐多: 哲伟离了绿龙马上好起来了有懂的吗？
[2026-02-22 00:16:49] chukap: 实时更新比分：15-12
[2026-02-22 00:16:49] 陈在LALA: 指挥买英雄枪装最准的？
[2026-02-22 00:16:49] GlockieSs: @刘农：儿子，老爸刚刚拙略的演技对你的弹幕环境有帮助吗？我这边已经结束了勿念
[2026-02-22 00:16:49] JamYo0oung: 兄弟们我感觉我今天状态不是很好啊，我今天状态非常不好啊，我感觉我应该，唉，我要不，我去调整一下心情吧
[2026-02-22 00:16:50] CorPseF1ower: @玩斯特姬姬：@dev1ce：易博 咳咳咳 换台 咳咳咳 老爸要似了😣😣😣
[2026-02-22 00:16:50] 用户3006887262: 完了，老汤没补上枪
[2026-02-22 00:16:50] A队不吃晃的小祥本人: ⓘ您已被天师庄方宜举报封禁，点击了解武陵社会信用
[2026-02-22 00:16:50] 白浅优理: 目前大东指挥11回合，设备指挥12回合，大东指挥设备送11次，设备指挥大东杀11个
[2026-02-22 00:16:50] 不变的追求717: 可是玩宝宝也很冰清玉洁啊🥺
[2026-02-22 00:16:50] YEYH111: 大家别刷了，再刷又得多几个屏蔽词了😭
[2026-02-22 00:16:50] 博丽灵感菇: 申请看100T比赛净化弹幕，同意的＋1
[2026-02-22 00:16:50] 落叶悠哉落: @刘农：儿子，老爸刚刚拙略的演技对你的弹幕环境有帮助吗？我这边已经结束了勿念
[2026-02-22 00:16:51] 落夜会: 隔壁要加时了，换台！
[2026-02-22 00:16:51] 那我懂你意思了0: 哲伟小镇这么屌，怎么在绿龙见不到
[2026-02-22 00:16:51] supperpigi: 可是玩宝宝也很冰清玉洁啊🥺
[2026-02-22 00:16:51] 用户716512211: 可是玩宝宝也很冰清玉洁啊🥺
[2026-02-22 00:16:51] 明贤Mason: 抓娃娃
[2026-02-22 00:16:52] 玩蛇鼠丶stabbi: 可是玩宝宝也很冰清玉洁啊🥺
[2026-02-22 00:16:52] 京京孩孩majo冠军: 机器你说niko忍不住了才鞭尸，那他在mαjor冠军上忍的挺好啊
[2026-02-22 00:16:52] 用户1181920443: 卧槽老汤一边在格陵兰岛跟老美对枪一边在游戏里被人鞭😭😭😭
[2026-02-22 00:16:52] A队不吃晃的小祥本人: 老规矩，弹幕谁编的好笑我支持谁
[2026-02-22 00:16:52] 夏夜的夏本人: 没有蛋是被偷了吗
[2026-02-22 00:16:53] GlockieSs:  @刘农：儿子，老爸刚刚拙略的演技对你的弹幕环境有帮助吗？我这边已经结束了勿念
[2026-02-22 00:16:53] 用户5608006019: 11-12 老汤没钱 实时比分
[2026-02-22 00:16:53] 小狗吱吱: 行了🧊粉，白皮5是你们跌行了吧，一直在这刷
[2026-02-22 00:16:53] 用户87594568: 宫监手！准备放监！🏹🏹🏹🏹宫监手！准备放监！🏹🏹🏹
[2026-02-22 00:16:53] VDVCI的迪米特里本人: 大家别刷了，再刷又得多几个屏蔽词了😭
[2026-02-22 00:16:53] 烟鬼安德鲁: 谢彬：我是人
[2026-02-22 00:16:54] SKT的Faker本人: 100T被追到11分了有人管管吗ですわ
[2026-02-22 00:16:54] 米米世界之神: 大家别刷了，再刷又得多几个屏蔽词了😭
[2026-02-22 00:16:54] 用户3006887262: 我15级 你们还能看到我吗？
[2026-02-22 00:16:54] 秋Fc: 天应妒我心未老！Device五杀终结比赛！
[2026-02-22 00:16:54] 11tEo: 我15级 你们还能看到我吗？
[2026-02-22 00:16:55] 玩弓箭、Arrow: 卧槽，device把屏幕锤爆判负了
[2026-02-22 00:16:55] 微笑灬雨凝: 我15级 你们还能看到我吗？
[2026-02-22 00:16:55] 用户0268784457: 载物粉丝也太🗡了吧 知道玩大哥不喜欢载大哥还来找存在感 （捏鼻）
[2026-02-22 00:16:55] A队不吃晃的小祥本人: 老规矩，弹幕谁编的好笑我支持谁
[2026-02-22 00:16:55] 愿良辰美景: 肥猪 站起来 转圈圈 露肚皮 伸手 坐下
[2026-02-22 00:16:55] GlockieSs: @刘农：儿子，老爸刚刚拙略的演技对你的弹幕环境有帮助吗？我这边已经结束了勿念
[2026-02-22 00:16:55] 好哥们黑龙歼灭刀: 可是玩宝宝也很冰清玉洁啊🥺
[2026-02-22 00:16:56] 好姐妹梨安: 蛋被玩神偷走了
[2026-02-22 00:16:56] 阿tree的颜粉: 11-12 老汤没钱 实时比分
[2026-02-22 00:16:57] 夜刀神十香910: 哥们你这长相可能在你的母星很帅 但是在🌍就是一头🐷的样子 下次潜伏做点功课吧
[2026-02-22 00:16:57] 圣诞节二人组: @陈奕迅eason:没有弹是什么意思？
[2026-02-22 00:16:57] 水下放电11: 宫监手！准备放监！🏹🏹🏹🏹宫监手！准备放监！🏹🏹🏹
[2026-02-22 00:16:57] 小兽神官: 可是玩宝宝也很冰清玉洁啊🥺
[2026-02-22 00:16:58] 波士顿炸大虾: 可是玩宝宝也很冰清玉洁啊🥺
[2026-02-22 00:16:58] 玩斯特姬姬: @dev1ce：易博 咳咳咳 换台 咳咳咳 老爸要似了😣😣😣
[2026-02-22 00:16:58] yuuik27: 卧槽，device把屏幕锤爆判负了
[2026-02-22 00:16:58] 哦哦哦哦哦hide: 机器你说niko忍不住了才鞭尸，那他在mαjor冠军上忍的挺好啊
[2026-02-22 00:16:58] viovvvvvvvon: @玩机器原话：你能赢怎么鞭都是对的
[2026-02-22 00:16:58] A队不吃晃的小祥本人: ⓘ您已被天师庄方宜举报封禁，点击了解武陵社会信用
[2026-02-22 00:16:58] 鹿公爷: 老规矩，弹幕谁鞭的好笑我支持谁
[2026-02-22 00:16:59] 好姐妹切利尼娜: 怀念最好的五个人：蕾缪安（已受伤）、能天使（已转职）、莫斯提马（已堕天）、菲亚梅塔（已涅槃）、阿尔图
[2026-02-22 00:16:59] Vitality的羽贺文乃本人: 100T被追到11分了有人管管吗ですわ
[2026-02-22 00:16:59] 夜雨撩声烦: 哟，机器哥 撒拉马雷孔，又在用劣质换皮骗氪手游圈钱呢？玛莎拉玛莎拉
[2026-02-22 00:16:59] 柳小目: 机器你说niko忍不住了才鞭尸，那他在mαjor冠军上忍的挺好啊
[2026-02-22 00:17:00] JamYo0oung: 大家别刷了，再刷又得多几个屏蔽词了😭
[2026-02-22 00:17:00] Buendia41394: 我15级 你们还能看到我吗？
[2026-02-22 00:17:00] 十点差49分: 行了🧊粉，白皮5是你们跌行了吧，一直在这刷
[2026-02-22 00:17:00] 永远的克罗娜: 爱弥斯，我只希望你能轻松快乐的生活......
[2026-02-22 00:17:00] cimo0O0o: 换台
[2026-02-22 00:17:00] NaiMoTkkk: 100T被追到11分了有人管管吗ですわ
[2026-02-22 00:17:01] 好姐妹斯卡蒂: 11：12了
[2026-02-22 00:17:01] A队不吃晃的小祥本人: 申请看100T比赛净化弹幕，同意的＋1
[2026-02-22 00:17:01] 石家庄的刘亦博本人: 可是玩宝宝也很冰清玉洁啊🥺
[2026-02-22 00:17:01] 用来焚城的业炎: 可是玩宝宝也很冰清玉洁啊🥺
[2026-02-22 00:17:01] Myrone: 我15级 你们还能看到我吗？
[2026-02-22 00:17:01] 越勾越搜越王勾践: 卧槽机器，原来你会正常解说啊，之前只看你解说猎鹰比赛还以为你只会硬舔呢
[2026-02-22 00:17:02] 千早爱音desua: 大家别刷了，再刷又得多几个屏蔽词了😭
[2026-02-22 00:17:02] 从零开始的加拿大肄业: 机器你说niko忍不住了才鞭尸，那他在mαjor冠军上忍的挺好啊
[2026-02-22 00:17:02] Cloud9的咬人猫本人: 机器你说niko忍不住了才鞭尸，那他在mαjor冠军上忍的挺好啊
[2026-02-22 00:17:02] 太阳神之翼神龙球体形: 天应妒我心未老！Device五杀终结比赛！
[2026-02-22 00:17:02] 后悔乱说话了没: 111
[2026-02-22 00:17:02] Winter小狗汪汪: 可是玩宝宝也很冰清玉洁啊🥺
[2026-02-22 00:17:02] 何先抑: 行了🧊粉，白皮5是你们跌行了吧，一直在这刷
[2026-02-22 00:17:03] 洛卡不是菜狗: 大家别和这个一年玩一次cs的解说争论，没意义。
[2026-02-22 00:17:03] 此生以许卿: 京介：这种拿到信息就跑的ct配玩游戏吗？
[2026-02-22 00:17:03] Zywoo的七百大狙: 6657
[2026-02-22 00:17:03] 宇莓: @Niko：nota我看你今天状态不是很对啊，要不，要不你来让我鞭一下清醒清醒吧
[2026-02-22 00:17:03] 呵呵呵主播好帅: 我15级 你们还能看到我吗？
[2026-02-22 00:17:03] richardlee97: 机器你说niko忍不住了才鞭尸，那他在mαjor冠军上忍的挺好啊
[2026-02-22 00:17:04] A队不吃晃的小祥本人: 老规矩，弹幕谁编的好笑我支持谁
[2026-02-22 00:17:04] 艺术冰霜: 可是玩宝宝也很冰清玉洁啊🥺
[2026-02-22 00:17:04] 驴驴宗宗买这冠军: 我已经0.1秒没有看到关于妮蔻弹幕了
[2026-02-22 00:17:04] 压缩vs蛮晚: 哥们你这长相可能在你的母星很帅 但是在🌍就是一头🐷的样子 下次潜伏做点功课吧
[2026-02-22 00:17:04] 信濃Sh1nano: ？
[2026-02-22 00:17:04] 玩公式丶Formula: 可是玩宝宝也很冰清玉洁啊🥺
[2026-02-22 00:17:05] 12310aaa:  @小狗吱吱：行了🧊粉，白皮5是你们跌行了吧，一直在这刷
[2026-02-22 00:17:05] 龍仔ww: 哈哈哈
[2026-02-22 00:17:05] 无伟契约: 好消息 隔壁加时了
[2026-02-22 00:17:05] GlockieSs: @刘农：儿子，老爸刚刚拙略的演技对你的弹幕环境有帮助吗？我这边已经结束了勿念 
[2026-02-22 00:17:05] 蓝原延渚: 可是玩宝宝也很冰清玉洁啊🥺
[2026-02-22 00:17:05] 1ntroverT: 可是玩宝宝也很冰清玉洁啊🥺
[2026-02-22 00:17:05] 99组的爱城华恋本人: 卧槽，device把屏幕锤爆判负了
[2026-02-22 00:17:05] 小坏蛋毛毛: 100T被追到11分了有人管管吗ですわ
[2026-02-22 00:17:06] 好姐们-爱尔奎特: 爱老汤是人设，猎鹰官方直播间人设，只有⭕米是真本性🤔🤗
[2026-02-22 00:17:06] viovvvvvvvon: @玩机器原话：你能赢怎么鞭都是对的
[2026-02-22 00:17:06] 半个盛唐c: 行了🧊粉，白皮5是你们跌行了吧，一直在这刷
[2026-02-22 00:17:06] 用户144491677: 老规矩，弹幕谁的好笑我支持谁
[2026-02-22 00:17:06] greexeen: mvp
[2026-02-22 00:17:06] Ggmftye: 我15级 你们还能看到我吗？
[2026-02-22 00:17:06] 青二的羊宫妃那本人: 大家以后看到弹幕就随手点个加一，因为有些朋友编的弹幕有屏蔽词他自己不知道
[2026-02-22 00:17:06] 十点差49分: 爱弥斯，我只希望你能轻松快乐的生活......
[2026-02-22 00:17:07] 血樱幽世: ?
[2026-02-22 00:17:07] 过年狂吃猪头肉: 老爸倒了
[2026-02-22 00:17:07] 玩南梁丶阿斯托尔福: 哈哈哈
[2026-02-22 00:17:07] 硫磺祥: 这城市那么空
[2026-02-22 00:17:07] 菅原小吉: ？
[2026-02-22 00:17:07] 永远的克罗娜: 爱弥斯，我只希望你能轻松快乐的生活......
[2026-02-22 00:17:08] Roswald: 大家别刷了，再刷又得多几个屏蔽词了😭
[2026-02-22 00:17:08] 雨天就得睡大觉: 可是玩宝宝也很冰清玉洁啊🥺
[2026-02-22 00:17:08] 门子侃: 卧槽
[2026-02-22 00:17:08] 夺云丶: @玩机器原话：你能赢怎么鞭都是对的
[2026-02-22 00:17:08] 好哥们黑龙歼灭刀: @小狗吱吱：行了🧊粉，白皮5是你们跌行了吧，一直在这刷
[2026-02-22 00:17:08] 布丁布盯: 你又不是张顺飞这种高手就玩的稳一点呗
[2026-02-22 00:17:08] 单推折纸11年: 卧槽，device把屏幕锤爆判负了
[2026-02-22 00:17:09] 用户87594568: 宫监手！准备放监！🏹🏹🏹🏹宫监手！准备放监！🏹🏹🏹
[2026-02-22 00:17:09] 野猪家猪: 这timing
[2026-02-22 00:17:09] 用户8893066234: 可是玩宝宝也很冰清玉洁啊🥺
[2026-02-22 00:17:09] 尼古拉刘亦博: 可是尼尼也很会鞭啊🥺🥺
[2026-02-22 00:17:10] xyxxyzbbdzq: MVP
[2026-02-22 00:17:10] 机器机器祝你天天开心: timi
[2026-02-22 00:17:10] 波波猫猫: .
[2026-02-22 00:17:10] 落天华: @玩机器：老规矩，选手谁鞭得好笑我支持谁
[2026-02-22 00:17:11] Vitality的Kyojin本人: mvp
[2026-02-22 00:17:11] 含泪办卡: ？
[2026-02-22 00:17:11] Wangzap: 11:12
[2026-02-22 00:17:12] 小蜜蜂的长期素食本人: 开了
[2026-02-22 00:17:12] 永生不遇的star: 可是玩宝宝也很冰清玉洁啊🥺
[2026-02-22 00:17:12] A队不吃晃的小祥本人: 老规矩，弹幕谁编的好笑我支持谁
[2026-02-22 00:17:12] loverboy888: timi
[2026-02-22 00:17:12] 为所欲为玩机器: wc，老汤五杀了！
[2026-02-22 00:17:12] 哦斯特哦哦: 这timing
[2026-02-22 00:17:12] 万物养生: ？
[2026-02-22 00:17:12] 火暴兽也干了: 100T被追到11分了有人管管吗ですわ
[2026-02-22 00:17:12] al9527: 开
[2026-02-22 00:17:12] 宇莓: 可是尼尼也很会鞭啊🥺🥺
[2026-02-22 00:17:12] chukap:  @十点差49分：行了🧊粉，白皮5是你们跌行了吧，一直在这刷
[2026-02-22 00:17:13] VDVCI的迪米特里本人: 可是伍子胥是拿了冠军才鞭尸的啊🥺
[2026-02-22 00:17:13] ArZhe阿哲: 本质
[2026-02-22 00:17:13] PKURoger: 可是玩宝宝也很冰清玉洁啊🥺
[2026-02-22 00:17:13] 凝视深渊丶玩叽叽: MVP
[2026-02-22 00:17:13] 短桥窄马: woc，device把屏幕锤爆判负了
[2026-02-22 00:17:14] 那就点: evp
[2026-02-22 00:17:14] glad1uS: 实时更新箱子ADR：0
[2026-02-22 00:17:14] 没有故事的Pluto: 汤汤♥千雨♥汤汤♥千雨♥汤汤♥千雨♥汤汤♥千雨♥汤汤♥千雨
[2026-02-22 00:17:14] 我真的不是硝子: timi
[2026-02-22 00:17:14] 无极加贝: 12-12了
[2026-02-22 00:17:14] 夺云丶: 可是玩宝宝也很冰清玉洁啊🥺
[2026-02-22 00:17:14] 洛卡不是菜狗: 不就是载物今天鞭了他的粉丝nota吗？你们至于一直刷吗？😓
[2026-02-22 00:17:14] 最喜欢妮姆芙: mvp
[2026-02-22 00:17:14] AnsonLin97: 哥们你这长相可能在你的母星很帅 但是在🌍就是一头🐷的样子 下次潜伏做点功课吧
[2026-02-22 00:17:15] 在澡堂卖肥皂: 宫监手！准备放监！🏹🏹🏹🏹宫监手！准备放监！🏹🏹🏹
[2026-02-22 00:17:15] 小宋小宋今天死了没: 哥们你这长相可能在你的母星很帅 但是在🌍就是一头🐷的样子 下次潜伏做点功课吧
[2026-02-22 00:17:15] Falcons十天老粉: 我15级 你们还能看到我吗？
[2026-02-22 00:17:15] 人生无喜剧: 宫监手！准备放监！🏹🏹🏹🏹宫监手！准备放监！🏹🏹🏹
[2026-02-22 00:17:15] 有没有圣人推荐点牛本: MVP！
[2026-02-22 00:17:15] De1ayN0M0re: mvp
[2026-02-22 00:17:16] 门子侃: 吓我一跳
[2026-02-22 00:17:16] 柑橘树的柑橘树本人: 可是尼尼也很会鞭啊🥺🥺
[2026-02-22 00:17:16] 宇莓: @Niko：nota我看你今天状态不是很对啊，要不，要不你来让我鞭一下清醒清醒吧
[2026-02-22 00:17:16] VDVCI的迪米特里本人: 可是伍子胥是拿了冠军才鞭尸的啊🥺
[2026-02-22 00:17:16] 哈士奇你在哪: 应该是看到了
[2026-02-22 00:17:16] F0restwOw-: mvp
[2026-02-22 00:17:16] 从零开始的加拿大肄业: @玩机器原话：你能赢怎么鞭都是对的
[2026-02-22 00:17:17] 梦的星: 卧槽，卧槽卧槽了
[2026-02-22 00:17:17] Ggmftye: 可是玩宝宝也很冰清玉洁啊🥺
[2026-02-22 00:17:17] 夺云丶: 可是尼尼也很会鞭啊🥺🥺
[2026-02-22 00:17:17] 神奥联盟的竹兰本人: 爱老汤是人设，猎鹰官方直播间人设，只有⭕米是真本性🤔🤗
[2026-02-22 00:17:17] 善口英雄hjk: timi
[2026-02-22 00:17:18] 闪现日猴啊: 刚来，是罪还是罚
[2026-02-22 00:17:18] TheMongolZ的上单本人: 本质mvp
[2026-02-22 00:17:18] Wangzap: 6:12-11:12
[2026-02-22 00:17:18] VDVCI的迪米特里本人: 可是伍子胥是拿了冠军才鞭尸的啊🥺
[2026-02-22 00:17:18] 好哥们黑龙歼灭刀: 鞭尸这种家国仇恨绝对不能忘怀 （瞟一眼id） 哦这是一波友好互动！
[2026-02-22 00:17:19] 若叶睦吃苦瓜: mvp
[2026-02-22 00:17:19] arsQaQ: 可是玩宝宝也很冰清玉洁啊🥺
[2026-02-22 00:17:19] 丢你雷姆吔屎啦你: 海啸是菲比，驴孝是菲比，冰孝是菲比，玩机器菲比，我也是菲比，大家都是菲比！
[2026-02-22 00:17:20] 古堡12枪战神: woc，device把屏幕锤爆判负了
[2026-02-22 00:17:20] 裂缝之翼: 可是伍子胥是拿了冠军才鞭尸的啊🥺
[2026-02-22 00:17:20] 移动的钞票: wc，老汤五杀了！
[2026-02-22 00:17:20] 不变的追求717: 可是尼尼也很会鞭啊🥺🥺
[2026-02-22 00:17:20] 安菲尔德的铁棍本人: woc，device把屏幕锤爆判负了
[2026-02-22 00:17:21] 甘夜阁: 11:12
[2026-02-22 00:17:21] 玩跳丹jampegg: 卧槽机器，原来你会正常解说啊，之前只看你解说猎鹰比赛还以为你只会硬舔呢
[2026-02-22 00:17:21] zeta黯霓: 可是玩宝宝也很冰清玉洁啊🥺
[2026-02-22 00:17:21] 太行山积雪: 可是尼尼也很会鞭啊🥺🥺
[2026-02-22 00:17:21] 最后的尼孝: 隔壁加时了
[2026-02-22 00:17:22] 从零开始的加拿大肄业: 可是尼尼也很会鞭啊🥺🥺
[2026-02-22 00:17:22] 张元英川页产张顺飞: 陈奕迅：.I
[2026-02-22 00:17:22] 总监拾我霸: @陈奕迅：儿子你说谁没有蛋？？
[2026-02-22 00:17:22] MHWBISK: 11:12
[2026-02-22 00:17:22] VDVCI的迪米特里本人: 可是伍子胥是拿了冠军才鞭尸的啊🥺
[2026-02-22 00:17:23] viovvvvvvvon: 隔壁加时了
[2026-02-22 00:17:23] 小马利亚暮光闪闪本人: 本质mvp
[2026-02-22 00:17:23] 当当当铃铛: 隔壁加时了 哈哈哈哈
[2026-02-22 00:17:23] 好姐们-爱尔奎特: 爱老汤是人设，猎鹰官方直播间人设，只有⭕米是真本性🤔🤗
[2026-02-22 00:17:23] K1S4Ra: 宫监手！准备放监！🏹🏹🏹🏹宫监手！准备放监！🏹🏹🏹
[2026-02-22 00:17:23] 喜欢素素: 再见了，🐭小弟👋🏻
[2026-02-22 00:17:23] A队不吃晃的小祥本人: 玩机器，你现在逆转风评和停止节奏的唯一办法就是把《颂乐人偶》后6集看完
[2026-02-22 00:17:24] 求奶经济研究二审不过: 可是尼尼也很会鞭啊🥺🥺
[2026-02-22 00:17:24] OMGblake: ⎝🗿⎠╰🗿╯⎝🗿⎠╰🗿╯⎝🗿⎠╰🗿╯⎝🗿⎠╰🗿╯⎝🗿⎠╰🗿╯⎝🗿⎠╰🗿╯
[2026-02-22 00:17:24] 99组的露崎真昼本人: 本质mvp
[2026-02-22 00:17:25] 斗鱼用户0016500: 隔壁加时了
[2026-02-22 00:17:25] VR的灰泽螨本人: mvp
[2026-02-22 00:17:25] VDVCI的迪米特里本人: 可是伍子胥是拿了冠军才鞭尸的啊🥺
[2026-02-22 00:17:25] 夺云丶: 可是伍子胥是拿了冠军才鞭尸的啊🥺
[2026-02-22 00:17:25] Arianphy: 隔壁加时了
[2026-02-22 00:17:25] 细菌P: 卧槽，孩孩回G2了！说要不抱团当真GOAT！💪👑
[2026-02-22 00:17:25] 这下洗不清咯: 烟散了
[2026-02-22 00:17:25] Vitality的Eminem本人: 弹幕好多人在发自己的最后一条弹幕。。。。
[2026-02-22 00:17:25] 玩机爹丶Device: 可是尼尼也很会鞭啊🥺🥺
[2026-02-22 00:17:25] 大姜饼: 可是伍子胥是拿了冠军才鞭尸的啊🥺
[2026-02-22 00:17:26] dev1ce拖累了A队太久: 可是伍子胥是拿了冠军才鞭尸的啊🥺
[2026-02-22 00:17:26] 永远的克罗娜: 爱弥斯，我只希望你能轻松快乐的生活......
[2026-02-22 00:17:26] 愿良辰美景: 卧槽机器，原来你会正常解说啊，之前只看你解说猎鹰比赛还以为你只会硬舔呢
[2026-02-22 00:17:26] xjdnshxjdka: 可是尼尼也很会鞭啊🥺🥺
[2026-02-22 00:17:26] 灰灰灰灰灰灰尘: 100t那边加了
[2026-02-22 00:17:26] kyubit: 可是玩宝宝也很冰清玉洁啊🥺
[2026-02-22 00:17:26] sssllgaibs: 本质EVP啊
[2026-02-22 00:17:26] Falcons十天老粉: 可是尼尼也很会鞭啊🥺🥺
[2026-02-22 00:17:26] mujica的长崎素世本人: 爱老汤是人设，猎鹰官方直播间人设，只有⭕米是真本性🤔🤗
[2026-02-22 00:17:27] 半个盛唐c: 可是伍子胥是拿了冠军才鞭尸的啊🥺
