# room_id=6979222 host=玩机器丶Machine title=小众宝藏结晶直播 晚上八点来 live_time= fetch_time=2026-02-19 00:23:50
[2026-02-19 00:23:55] 玩华恋丶Mahiru: 卧槽，broky被下放了
[2026-02-19 00:23:55] 甘织玲奈子本人: 卧槽真下放了
[2026-02-19 00:23:55] 老师你放屁的样子好帅: 卧槽，broky被下放了
[2026-02-19 00:24:00] 用户4496427612: 卧槽真的
[2026-02-19 00:24:00] 15935777567567: 卧槽，你们说的是真的阿，真被下放了
[2026-02-19 00:24:00] 管大无需多颜: 我们支付日超大级爆玩的福，有感觉吗
[2026-02-19 00:24:00] zt的王本人: 卧槽，broky被下放了
[2026-02-19 00:24:00] FaZe的伊地知虹夏本人: 箱子滚了
[2026-02-19 00:24:00] 十年敷衍你: 性价比
[2026-02-19 00:24:01] 4841314025: 卧槽，broky被下放了
[2026-02-19 00:24:01] 泛银河系含漱爆破液w: 我现在知道为什么这两个队要淘汰一个了
[2026-02-19 00:24:01] 玩嘉祺丶Ma: 卧槽，broky被下放了
[2026-02-19 00:24:01] DISLADRAGON: 卧槽，broky被下放了
[2026-02-19 00:24:01] 大帝之神: 卧槽，broky被下放了
[2026-02-19 00:24:01] 叶音符不洗头: 卧槽，broky被下放了
[2026-02-19 00:24:02] Miyezd: 又开始刷了，真是一群鲨臂，房管也带头刷，这直播间算是完了
[2026-02-19 00:24:02] 谁在称无敌---: 卧槽device加入device了
[2026-02-19 00:24:02] 流风和似影: 卧槽，broky被下放了
[2026-02-19 00:24:02] 瓦罗兰特BOY: 卧槽，broky被下放了
[2026-02-19 00:24:02] 光之守护佩琪: 又开始刷了，真是一群鲨臂，房管也带头刷，这直播间算是完了
[2026-02-19 00:24:02] 刺激小粉灯: 卧槽，broky被下放了
[2026-02-19 00:24:02] 6657别奶了: woc，niko被下放了
[2026-02-19 00:24:02] NicolaiReedtz666: 卧槽，broky被下放了
[2026-02-19 00:24:03] 用户38502650: 卧槽，broky被下放了
[2026-02-19 00:24:03] S闪Aw: 左下角那个是N@VI的新教练吗？
[2026-02-19 00:24:03] 丨潜龙印丿AKL: 　　　 卧槽，broky被下放了
[2026-02-19 00:24:03] 曼联的库尼亚本人: 卧槽真的啊
[2026-02-19 00:24:03] DISLADRAGON: 卧槽，broky被下放了
[2026-02-19 00:24:04] 小小小小流星酱: 卧槽，broky被下放了
[2026-02-19 00:24:04] yattt777: 玩大哥你能让我们看看玩的福吗？✈️少不了你的！
[2026-02-19 00:24:04] 一丝温柔丶: 卧槽，broky被下放了
[2026-02-19 00:24:05] 璃月好姐妹刻晴: 卧槽，broky被下放了
[2026-02-19 00:24:05] 科隆major冠军NiKo: 卧槽，broky被下放了
[2026-02-19 00:24:05] 丹麦国王device: 卧槽，broky被下放了
[2026-02-19 00:24:05] 擅长登山的亦博同学: 259259259259259259259259259259259259
[2026-02-19 00:24:06] quiter11470: 卧槽，broky被下放了
[2026-02-19 00:24:06] DISLADRAGON: 卧槽，broky被下放了
[2026-02-19 00:24:06] 银樽海韵: 卧槽，broky被下放了
[2026-02-19 00:24:06] HugeWood未发售版: 卧槽，device被下放了
[2026-02-19 00:24:06] SchnappenZ: 💺：直播真好做💺：直播真好做💺：直播真好做
[2026-02-19 00:24:06] 流光似水321: 箱子滚了
[2026-02-19 00:24:06] 宇智菠索隆: 卧槽，broky被下放了
[2026-02-19 00:24:07] 我是纯良小孩梓呀: 伟伟和雨童比业绩谁会发处刑
[2026-02-19 00:24:07] 北美的Twistzz本人: 卧槽，broky stay了
[2026-02-19 00:24:07] qq_Rfgbvs: 十年内拿0个major，背身至少空三枪
[2026-02-19 00:24:07] 滑稽乂逗比: 卧槽，broky被下放了
[2026-02-19 00:24:07] 若叶睦丶Muzimi: 卧槽，broky被下放了
[2026-02-19 00:24:07] 大愚若智18495: 玩大哥你能让我们看看玩的福吗？✈️少不了你的！
[2026-02-19 00:24:07] 用户6967470630: 卧槽，broky被下放了
[2026-02-19 00:24:07] l霜之哀伤l: 卧槽，broky被下放了
[2026-02-19 00:24:08] 白金燐子本人: 卧槽，broky被下放了
[2026-02-19 00:24:08] 蓝原延渚: 小箱😭
[2026-02-19 00:24:08] 滑铲上天: 我去，broky代言我家楼下的烟花店了
[2026-02-19 00:24:08] 5m1le: 椅子你出厂时有想过自己未来的任务是替一头猪被几万人围着开黄腔吗？
[2026-02-19 00:24:08] DISLADRAGON: 卧槽，broky被下放了
[2026-02-19 00:24:11] zt的王本人: 卧槽，broky被下放了
[2026-02-19 00:24:11] hylROCKY: 卧槽，broky被下放了
[2026-02-19 00:24:11] bsqqaq: 我们支付日超大级爆玩的福，有感觉吗
[2026-02-19 00:24:11] Jnsjx979: 又开始刷了，真是一群鲨臂，房管也带头刷，这直播间算是完了
[2026-02-19 00:24:11] 曲奇三梦: 卧槽，broky被下放了
[2026-02-19 00:24:11] 稳稳稳: 感觉这俩狙击手实力都很强啊（不是箱美）
[2026-02-19 00:24:11] 网友小顺饱饱: 卧槽，broky被下放了
[2026-02-19 00:24:11] 喊咕噜麻辣毛蛋:     卧槽，broky被下放了
[2026-02-19 00:24:11] 帅帅的翅膀为你翱翔: 这两队的状态进去了也是被一脚踢死
[2026-02-19 00:24:11] 玩蛇鼠丶stabbi: 左边这个就是你们吹的na vi？右边欧洲武士的尼孩我看也不行啊...
[2026-02-19 00:24:11] DISLADRAGON: 卧槽，broky被下放了
[2026-02-19 00:24:11] 用户539660762760511: 卧槽，broky被下放了
[2026-02-19 00:24:11] 黄左张顺飞: 惰性瞄准我都会，惰性瞄准，扳机纪律，皮克，带四，移动补偿，额，爆头我不会，然后失瞄
[2026-02-19 00:24:11] yingingdinging: 卧槽，broky被下放了
[2026-02-19 00:24:11] HirasawaaYui: 小箱😭
[2026-02-19 00:24:12] 羽落涯: 卧槽，broky被下放了
[2026-02-19 00:24:12] bsqqaq: 我们支付日超大级爆玩的福，有感觉吗
[2026-02-19 00:24:12] 什井蛋: 卧槽，broky被下放了
[2026-02-19 00:24:12] 老师的好兄弟克苏恩: 卧槽，broky被下放了
[2026-02-19 00:24:12] 5m1le: 椅子你出厂时有想过自己未来的任务是替一头猪被几万人围着开黄腔吗？
[2026-02-19 00:24:12] 珠湿落幕: 卧槽，device被下放了
[2026-02-19 00:24:13] DISLADRAGON: 卧槽，broky被下放了
[2026-02-19 00:24:13] 科隆major冠军NiKo: 卧槽，broky被下放了
[2026-02-19 00:24:13] zt的王本人: 卧槽，broky被下放了
[2026-02-19 00:24:13] 率尔93994: 卧槽，broky被下放了
[2026-02-19 00:24:13] 1039210: 不是 你们能不能编假一点 我真去看了😓我去 怎么真下放了！😮
[2026-02-19 00:24:13] eda778: 卧槽，broky被下放了
[2026-02-19 00:24:13] 佳伟消食片: 我去！100T进major了！
[2026-02-19 00:24:13] 湛湛0731: 卧槽，真下放了
[2026-02-19 00:24:14] 张元英川页产张顺飞: 卧槽，broky被下放了
[2026-02-19 00:24:14] v3482: 卧槽，broky被下放了
[2026-02-19 00:24:14] 专看玩机器的号: 我去，broky代言我家楼下的烟花店了
[2026-02-19 00:24:14] 僧杌:     卧槽，broky被下放了
[2026-02-19 00:24:14] 我吃柠檬树: 又开始刷了，真是一群鲨臂，房管也带头刷，这直播间算是完了
[2026-02-19 00:24:14] bsqqaq: 我们支付日超大级爆玩的福，有感觉吗
[2026-02-19 00:24:15] 用户33581512: 又开始刷了，真是一群鲨臂，房管也带头刷，这直播间算是完了
[2026-02-19 00:24:15] 我扶老太太过花火: 卧槽，broky被下放了
[2026-02-19 00:24:15] 劝孤孤: 卧槽，broky被下放了
[2026-02-19 00:24:16] 孩尼尼ak的京介: 椅子你出厂时有想过自己未来的任务是替一头猪被几万人围着开黄腔吗？
[2026-02-19 00:24:16] 小小小蕉: 小箱😭
[2026-02-19 00:24:16] HirasawaaYui: 卧槽，broky被下放了
[2026-02-19 00:24:16] AshLynxzzz: 卧槽，broky stay了
[2026-02-19 00:24:16] 5m1le: 椅子你出厂时有想过自己未来的任务是替一头猪被几万人围着开黄腔吗？
[2026-02-19 00:24:16] baixiao0000: 又开始刷了，真是一群鲨臂，房管也带头刷，这直播间算是完了
[2026-02-19 00:24:16] 99999丶杨某某: 又开始刷了，真是一群鲨臂，房管也带头刷，这直播间算是完了
[2026-02-19 00:24:16] csgo小茄子: 怀念最好的五个人:波黑无冕之王 波黑无冕之王的哥哥 独联体明日之星 澳洲牛仔 丹麦259
[2026-02-19 00:24:16] 天高科比飞: 白字别装了这个直播间谁没花过钱
[2026-02-19 00:24:17] 防天防地防空气: 椅子你出厂时有想过自己未来的任务是替一头猪被几万人围着开黄腔吗？
[2026-02-19 00:24:17] 阿阿阿阿倪蛋糕店丶: 卧槽，下放被broky了
[2026-02-19 00:24:17] l豆腐l: 又开始刷了，真是一群鲨臂，房管也带头刷，这直播间算是完了
[2026-02-19 00:24:18] 劳资一掌拍死你: 　　　 好蠢看不下去了😩…但是能蠢到什么地步呢好想看😬但是好蠢看不下去了😩…
[2026-02-19 00:24:18] 泛银河系含漱爆破液w: 感觉这俩狙击手实力都很强啊（不是箱美）
[2026-02-19 00:24:18] 羽出金仁: 这两个队只能淘汰一支吗
[2026-02-19 00:24:18] 用户6806338810: 不是 你们能不能编假一点 我真去看了😓我去 怎么真下放了！😮
[2026-02-19 00:24:19] QC很牛很强大: 弹幕要编也编假点，吓得我去看HLTV，卧槽broky真被下放了啊
[2026-02-19 00:24:19] 糯米香香丶OFFICIAL:  @滑铲上天：我去，broky代言我家楼下的烟花店了
[2026-02-19 00:24:19] 痘痘泥石流: 不是 你们能不能编假一点 我真去看了😓我去 怎么真下放了！😮
[2026-02-19 00:24:19] 比丁真更纯真: 祥子！😭▜▜▙（三角初音）祥子！😭▜▜▙（三角初音）祥子！😭▜▜▙
[2026-02-19 00:24:19] 陈千语6657: i stay
[2026-02-19 00:24:19] 年糕年糕君: 卧槽，broky被下放了
[2026-02-19 00:24:19] kedadra: 卧槽，broky被下放了
[2026-02-19 00:24:19] 逍遥的F: 小箱😭
[2026-02-19 00:24:20] 冬馬和纱纱: broky被下放握草什么？第一天看FAZE比赛？
[2026-02-19 00:24:20] 爱吃青椒的重曹酱: 冷知识：自从一起看环节不算观时之后，这头🐷场间就把观众晾在这再也没放过小视频了
[2026-02-19 00:24:20] 玩机器脚臭害我口臭: 卧槽，100T内讧了，雨神把device给揍了
[2026-02-19 00:24:20] 亲亲小鱼耳: 卧槽，broky被下放了
[2026-02-19 00:24:21] 德鱼涩666: 我去，broky代言我家楼下的烟花店了
[2026-02-19 00:24:21] 5m1le: 椅子你出厂时有想过自己未来的任务是替一头猪被几万人围着开黄腔吗？
[2026-02-19 00:24:21] 努力标签忘本: 我去，broky代言我家楼下的烟花店了
[2026-02-19 00:24:21] GentaiMan: 小箱😭
[2026-02-19 00:24:21] 梦太美回忆太冷: 卧槽，device被下放了
[2026-02-19 00:24:21] 夜北尘: 我去，broky代言我家楼下的烟花店了
[2026-02-19 00:24:21] 率尔93994: 小箱😭
[2026-02-19 00:24:21] 湫曦如风26: 我去，broky代言我家楼下的烟花店了
[2026-02-19 00:24:21] 用户1437479453: 卧槽，broky被下放了
[2026-02-19 00:24:22] 透明透: ++
[2026-02-19 00:24:22] ShanoaM: 卧槽，broky被下放了
[2026-02-19 00:24:22] 信濃Sh1nano: 我去，broky代言我家楼下的烟花店了
[2026-02-19 00:24:22] 冰冰冰冰冰氷冰: hampus
[2026-02-19 00:24:22] 峰城大高中的冬马本人: 弹幕又在刷下放p箱了，害得我白高兴
[2026-02-19 00:24:22] 好姐妹前岛亚美: 我去，broky代言我家楼下的烟花店了
[2026-02-19 00:24:23] 曼联的库尼亚本人: 又开始刷了，真是一群鲨臂，房管也带头刷，这直播间算是完了
[2026-02-19 00:24:23] 沐风行wind: 弹幕下次编假一点，我差点被骗，什么，真下放了？
[2026-02-19 00:24:23] 尼古拉刘亦博: 我去，broky代言我家楼下的烟花店了
[2026-02-19 00:24:23] 挽留昨夜清风: 我去，broky代言我家楼下的烟花店了
[2026-02-19 00:24:23] 这首单曲: 卧槽，箱子还真是滚了
[2026-02-19 00:24:23] 安娜的激素: 不是 你们能不能编假一点 我真去看了😓我去 怎么真下放了！😮
[2026-02-19 00:24:24] 一道大狙的尼古莱本人: HLTV:Official: Faze bench broky
[2026-02-19 00:24:24] nvkbhv: 又开始刷了，真是一群鲨臂，房管也带头刷，这直播间算是完了
[2026-02-19 00:24:25] 小白菜爱萝卜: 又开始刷了，真是一群鲨臂，房管也带头刷，这直播间算是完了
[2026-02-19 00:24:25] 5m1le: 椅子你出厂时有想过自己未来的任务是替一头猪被几万人围着开黄腔吗？
[2026-02-19 00:24:25] 浅笑醉流年19874: 卧槽，broky被下放了
[2026-02-19 00:24:26] boluo730: 我去，broky代言我家楼下的烟花店了
[2026-02-19 00:24:26] 舍身喂虎: 以前顶峰决赛相见，现在败者组争夺最后一个名额
[2026-02-19 00:24:26] 半夜帅醒自己: broky被卧槽了
[2026-02-19 00:24:26] 好想当玩机器的狗啊: 椅子你出厂时有想过自己未来的任务是替一头猪被几万人围着开黄腔吗
[2026-02-19 00:24:26] 樱岛有蚂蚁在爬: 我去，broky代言我家楼下的烟花店了
[2026-02-19 00:24:26] 凸凸凹凸凹凸凸凸: 卧槽，100T内讧了，雨神把device给揍了
[2026-02-19 00:24:27] Vitality的羽贺文乃本人: 我去，broky代言我家楼下的烟花店了
[2026-02-19 00:24:27] 希望你每天开心鸭: 我去，broky代言我家楼下的烟花店了
[2026-02-19 00:24:27] 白呆whitelie: 卧槽,broky下放faze了
[2026-02-19 00:24:27] FaZe的伊地知虹夏本人: 祥子被下放了wc
[2026-02-19 00:24:28] 拐弯蛇: @达尔豪斯大学教授:卧槽，刘亦博被下放了
[2026-02-19 00:24:28] bsqqaq: 我说实话今天真不敢＋1你们了。本来分就挺少的
[2026-02-19 00:24:28] 用户4496427612: 不是 你们能不能编假一点 我真去看了😓我去 怎么真下放了！😮
[2026-02-19 00:24:28] Lucc11: 卧槽，卧槽被卧槽了，真的卧槽
[2026-02-19 00:24:28] 唯有、责任: 又开始刷了，真是一群鲨臂，房管也带头刷，这直播间算是完了
[2026-02-19 00:24:29] 斗移星转: 1
[2026-02-19 00:24:29] 完斤其、留亦卜: 弹幕又在刷下放p箱了，害得我白高兴
[2026-02-19 00:24:29] Frozens0ul: 我去，broky代言我家楼下的烟花店了
[2026-02-19 00:24:29] 玩机器是我霸: 玩大哥你能让我们看看玩的福吗？✈️少不了你的！
[2026-02-19 00:24:29] 我想看看未来的样子: 弹幕又在刷下放p箱了，害得我白高兴
[2026-02-19 00:24:29] 有顶天下的风祝: 弹幕下次能编的假点吗，真给我骗了
[2026-02-19 00:24:29] 灯灭人未眠: 又开始刷了，真是一群鲨臂，房管也带头刷，这直播间算是完了
[2026-02-19 00:24:30] 用户0637093822: 弹幕下次编假一点，我差点被骗，什么，真下放了？
[2026-02-19 00:24:30] 天马行空梦一场: 我去，broky代言我家楼下的烟花店了
[2026-02-19 00:24:30] 蓝原延渚: HLTV:Official: Faze bench broky
[2026-02-19 00:24:30] Miyezd: 难道你真想板机纪律？听罢，广西步闭上眼，任由poping的swing如天子碎步般落在t3移动补偿上
[2026-02-19 00:24:30] A队不吃晃的小祥本人: 椅子你出厂时有想过自己未来的任务是替一头猪被几万人围着开黄腔吗？
[2026-02-19 00:24:30] 泛银河系含漱爆破液w: 我去，broky代言我家楼下的烟花店了
[2026-02-19 00:24:30] 爱蜜莉雅daisuki: 不是 你们能不能编假一点 我真去看了😓我去 怎么真下放了！😮
[2026-02-19 00:24:31] 普通摸鱼侠: @滑铲上天：我去，broky代言我家楼下的烟花店了
[2026-02-19 00:24:31] 清风浮过丶: 椅子你出厂时有想过自己未来的任务是替一头猪被几万人围着开黄腔吗？
[2026-02-19 00:24:31] TritiumOxide: 不是 你们能不能编假一点 我真去看了😓我去 怎么真下放了！😮
[2026-02-19 00:24:31] S闪Aw: 弹幕能不能编得假一点，我真的去看HLTV了😓......卧槽真下放了😯
[2026-02-19 00:24:31] 潇潇爱吃猪蹄: pdf怎么还有狙
[2026-02-19 00:24:31] 陶芸馝: 弹幕又在刷下放p箱了，害得我白高兴
[2026-02-19 00:24:31] 刘奕博的牛易博: 　　　 我去，broky代言我家楼下的烟花店了
[2026-02-19 00:24:32] 时节不居99156:  @曼联的库尼亚本人：又开始刷了，真是一群鲨臂，房管也带头刷，这直播间算是完了
[2026-02-19 00:24:32] 曼联的库尼亚本人: 又开始刷了，真是一群鲨臂，房管也带头刷，这直播间算是完了
[2026-02-19 00:24:32] 白鹿天行: 你是解说教练吗，怎么在解说后面走来走去
[2026-02-19 00:24:32] 若葉睦Mutsumi: 又开始刷了，真是一群鲨臂，房管也带头刷，这直播间算是完了
[2026-02-19 00:24:32] 爱吃青椒的重曹酱: 玩的父😍😍😍😍
[2026-02-19 00:24:33] 求老仙奶我考不上仙交: broky感觉还有油啊
[2026-02-19 00:24:33] 张卡卡fn: 　　　 我去，broky代言我家楼下的烟花店了
[2026-02-19 00:24:33] 高尚且感恩: 又开始刷了，真是一群鲨臂，房管也带头刷，这直播间算是完了
[2026-02-19 00:24:33] 蟹肉蟹皇煲: 两位狙击手就像故人在新年其乐融融地放鞭炮
[2026-02-19 00:24:33] 若叶睦吃苦瓜: 你们弹幕能不能编的真点。。。我去真下放了！
[2026-02-19 00:24:34] 不变的追求717: 我去，broky代言我家楼下的烟花店了
[2026-02-19 00:24:34] bsqqaq: 我们支付日超大级爆玩的福，有感觉吗
[2026-02-19 00:24:34] 5m1le: 椅子你出厂时有想过自己未来的任务是替一头猪被几万人围着开黄腔吗？
[2026-02-19 00:24:34] 行动派JJ: 箱子
[2026-02-19 00:24:34] 余裕48623: 椅子你出厂时有想过自己未来的任务是替一头猪被几万人围着开黄腔吗
[2026-02-19 00:24:34] Soy0r1NN: 我去，broky代言我家楼下的烟花店了
[2026-02-19 00:24:34] 会跑步的牛奶: k
[2026-02-19 00:24:34] 源来是你啊w: broky被卧槽了
[2026-02-19 00:24:35] Er1cXxs: 弹幕又在刷下放p箱了，害得我白高兴
[2026-02-19 00:24:35] 医科肖沪雅: 卧槽，broky被下放了
[2026-02-19 00:24:35] 画中人欣赏: 抓娃娃
[2026-02-19 00:24:35] 率尔93994: 弹幕下次编假一点，我差点被骗，什么，真下放了？
[2026-02-19 00:24:35] 顺德大财主: 机器你人呢
[2026-02-19 00:24:35] REDHOODhyk: 我去，broky代言我家楼下的烟花店了
[2026-02-19 00:24:36] 辽宁鞍山的otto本人: 椅子你出厂时有想过自己未来的任务是替一头猪被几万人围着开黄腔吗
[2026-02-19 00:24:36] 初见丶往事: 又开始刷了，真是一群鲨臂，房管也带头刷，这直播间算是完了
[2026-02-19 00:24:36] 丰川祥子口三角初华: 我去，broky代言我家楼下的烟花店了
[2026-02-19 00:24:36] eda778: 小箱😭
[2026-02-19 00:24:36] 好姐妹常陆茉子: 文圣-孔子，兵圣-孙膑，谋圣-张良，诗圣-杜甫，武圣-关羽，畜圣-玩机器
[2026-02-19 00:24:36] 梦太美回忆太冷: 这比赛有多激烈呢？这么说吧，设备已经一个小时没退役了
[2026-02-19 00:24:36] 若葉睦Mutsumi:     我去，broky代言我家楼下的烟花店了
[2026-02-19 00:24:37] 孑恋丨Zser: 我去，broky代言我家楼下的烟花店了
[2026-02-19 00:24:37] 斗移星转: 我能说话了吗
[2026-02-19 00:24:38] 用户9693232973: 又开始刷了，真是一群鲨臂，房管也带头刷，这直播间算是完了
[2026-02-19 00:24:38] 烤鹌鹑要加孜然: 弹幕又在刷下放p箱了，害得我白高兴
[2026-02-19 00:24:38] Daz777: 卧槽 broky居然没被下放
[2026-02-19 00:24:38] 冰冰冰冰冰氷冰: 卧槽，hampus战胜癌症回归了
[2026-02-19 00:24:40] vbele987: 【hltv】：FaZe bench broky
[2026-02-19 00:24:40] DISLADRAGON: 卧槽，broky被下放了
[2026-02-19 00:24:40] 尼古拉刘亦博: broky:卧槽，我被下放了
[2026-02-19 00:24:40] 煎蛋饼和小喵喵的故事: 我去，broky代言我家楼下的烟花店了
[2026-02-19 00:24:41] 5m1le: 椅子你出厂时有想过自己未来的任务是替一头猪被几万人围着开黄腔吗？
[2026-02-19 00:24:41] 用户91227835: 卧槽 broky居然没被下放
