# room_id=6979222 host=玩机器丶Machine title=小众宝藏结晶直播 live_time= fetch_time=2026-02-21 23:45:46
[2026-02-22 03:13:28] 云边有条小侏如: 玩别放弃跟我们，广大网民笑哈哈
[2026-02-22 03:13:28] Lee西关少爷: @布罗利：机器，我在看
[2026-02-22 03:13:28] 好的好的阖家: 昨天还在你直播间发弹幕呢就不看你直播了？
[2026-02-22 03:13:29] Faze的新岛真本人: 不是，左上角那个黄色弹幕赖在那不走了？
[2026-02-22 03:13:29] Peko-: 他最新的弹幕不是2-15？装你的爱慕呢
[2026-02-22 03:13:29] Avem1337: @玩机器：布罗利，这波我只能卖到底了。。。
[2026-02-22 03:13:30] 牢大与小布丁: 赐毒酒了
[2026-02-22 03:13:30] 好姐妹清道夫: @布罗利Broli：我在
[2026-02-22 03:13:30] hxyvraf: 他最新的弹幕不是2-15？装你的爱慕呢
[2026-02-22 03:13:30] 杏仁小面包: 什么弹幕特别爆
[2026-02-22 03:13:30] LvvsiN: 银行业😄银行业😀银行业😃银行业😁银行业😆银行业🤪银行业😝
[2026-02-22 03:13:30] 茂名水鬼: 问题不在弹幕而在截图吗，截图的人太坏了啊
[2026-02-22 03:13:31] 小蜜蜂载物本人: 布罗利是一个全麦面包
[2026-02-22 03:13:31] 拿铁少点冰: @布罗利：额玩神，其实我一直都还在看，😭
[2026-02-22 03:13:31] 大肉鲁: 谁一路向北
[2026-02-22 03:13:32] 好哥们玩机器丶machine: 他最新的弹幕不是2-15？装你的爱慕呢
[2026-02-22 03:13:32] Avem1337: @玩机器：布罗利，这波我只能卖到底了。。。
[2026-02-22 03:13:32] 古堡12枪战神: 房管是谁选的？怎么审的？
[2026-02-22 03:13:32] 机器机器祝你幸福: 可是我不想玩宝宝被骂😭
[2026-02-22 03:13:32] SSE丶: @布罗利：我在
[2026-02-22 03:13:32] 很Low的V: 斧结局
[2026-02-22 03:13:32] Viper的牛子: 布罗利是玩机器小号！布罗利是玩机器小号！布罗利是玩机器小号！
[2026-02-22 03:13:33] PacificationX: 主要骂你，是真的会被拉黑禁言
[2026-02-22 03:13:33] 用户865861078: @布罗利：额玩神，其实我一直都还在看，😭
[2026-02-22 03:13:34] Yuuuzaki: 搞了半天弹幕虚空缩索敌比OP还离谱
[2026-02-22 03:13:34] 海绵宝宝农批儿: 原来你看的见弹幕？
[2026-02-22 03:13:34] 迪奥雷: @玩机器：布罗利，这波我只能卖到底了。。。
[2026-02-22 03:13:34] LvvsiN: 孩子们快跑，马修赫伯特来了😨卧槽你的怎么是马枪和BOT
[2026-02-22 03:13:35] 银行业本人: ？
[2026-02-22 03:13:35] BananaIlya: @布罗利Broli：我在
[2026-02-22 03:13:35] RoseShady: 不是布罗利干的，不是你干的，难道是小天干的？
[2026-02-22 03:13:35] rem3dy: 再也没有解说比赛闲聊互动环节了，我恨你们这群弹幕
[2026-02-22 03:13:35] 梦想是独立自由: 后视镜里的世界😭😭😭
[2026-02-22 03:13:35] Avem1337: @玩机器：布罗利，这波我只能卖到底了。。。
[2026-02-22 03:13:35] DUST279800: ？
[2026-02-22 03:13:36] 棄王遺思: 本来不想骂的
[2026-02-22 03:13:36] 一二级没处理好: 没有这种人
[2026-02-22 03:13:36] 岚东: 今晚谁封的？
[2026-02-22 03:13:36] dark1337: 那不是没15级吗？
[2026-02-22 03:13:36] devve1: 2月15还在你在发弹幕呢 闹麻了
[2026-02-22 03:13:36] LvvsiN: 为什么房管封的不能给鱼丸……还以为今天晚上得吃了……
[2026-02-22 03:13:36] 丶丶Ken丶丶: 他昨天还发弹幕，你说看不看？
[2026-02-22 03:13:37] Adrian林讲: 原来你看的见弹幕？
[2026-02-22 03:13:37] Shintaro: @布罗利：机器，我在看
[2026-02-22 03:13:37] 玩柜子丶Mortis: 玩机器原话：这波卖到底了ですわ
[2026-02-22 03:13:37] 朋朋朋朋44: 有吗
[2026-02-22 03:13:37] 白鵉鳶OriGami: 傻呗
[2026-02-22 03:13:37] 佐久夜姬子: 怀念最好的三个房管:布罗利，sun_son，这里是小天啊
[2026-02-22 03:13:37] 宫监手放监: 主要骂你，是真的会被拉黑禁言
[2026-02-22 03:13:37] 八重森彌妮: 机器假装看不见弹幕鸵鸟的样子真的很霸气哎！
[2026-02-22 03:13:37] 空有无垠: 斧结局
[2026-02-22 03:13:37] 是姬巧安啊: @布罗利：机器，我在看
[2026-02-22 03:13:37] 卡啊卡卡丶: ？？？？
[2026-02-22 03:13:37] 网友猪大壮: ？
[2026-02-22 03:13:37] 不要坐在我身边: 原来你看得见弹幕啊
[2026-02-22 03:13:38] Oblivions: 那就禁言呗
[2026-02-22 03:13:38] -小佐内由纪-: 他最新的弹幕不是2-15？装你的爱慕呢
[2026-02-22 03:13:38] 卖二货的小蘑菇: 不是布罗利干的，不是你干的，难道是小天干的？
[2026-02-22 03:13:38] 拿铁少点冰: @布罗利：额玩神，其实我一直都还在看，😭
[2026-02-22 03:13:38] 小伟ipao版: @布罗利：我在 玩大哥 已经完成你的任务 冰粉急死了
[2026-02-22 03:13:38] 海绵宝宝小白儿: 那我只能刷你了啊
[2026-02-22 03:13:39] 玩机器厦面鄙骰大: 玩机器原话：这波卖到底了
[2026-02-22 03:13:39] 好哥们黑龙歼灭刀: 没有这种人
[2026-02-22 03:13:39] hxyvraf: @布罗利：我在
[2026-02-22 03:13:39] Ephemerality137: @布罗利：额玩神，其实我一直都还在看，😭
[2026-02-22 03:13:39] 虹豆砸: 可是玩宝宝也很冰清玉洁啊🥺
[2026-02-22 03:13:39] ymyyo: 不是，左上角那个黄色弹幕赖在那不走了？
[2026-02-22 03:13:39] 丨Connor: 原来你看的见弹幕？
[2026-02-22 03:13:39] Crych1c的若叶睦本人:  @玩机器：布罗利，这波我只能卖到底了。。。
[2026-02-22 03:13:39] 99组的爱城华恋本人: 有没有可能他没15级？
[2026-02-22 03:13:39] 月夜星空墨染青城: 是的，这就是我
[2026-02-22 03:13:40] 疼痒山泥若撒谎不意外: @布罗利：我在
[2026-02-22 03:13:40] 第三猪白猪玩斯曼: 开始绑架
[2026-02-22 03:13:40] Demon916: 杏仁小面包 ： 什么弹幕特别爆
[2026-02-22 03:13:40] 布利诺伊斯: 还真有
[2026-02-22 03:13:40] 玩小将山田凉YamadaRyo: 斧乃木是这样的吗
[2026-02-22 03:13:40] 玩卷饼、wei: 我
[2026-02-22 03:13:40] 铭铭铭名铭铭: 他最新的弹幕不是2-15？装你的爱慕呢
[2026-02-22 03:13:41] 江本筑原: @6657の布罗利本人:我一直在
[2026-02-22 03:13:41] 蜡笔小新you: ？
[2026-02-22 03:13:41] 传统peek高手XANTARES: @布罗利：机器，我在看
[2026-02-22 03:13:42] 千海qh: 真的还有这种人吗
[2026-02-22 03:13:42] 虹豆砸: 可是玩宝宝也很冰清玉洁啊🥺
[2026-02-22 03:13:42] 驴友到此一游: 现在有了以前没有？
[2026-02-22 03:13:42] 蛇鼠野菜汤: @布罗利：越来越远的道别😭
[2026-02-22 03:13:42] suicho: 这简直就是我
[2026-02-22 03:13:42] 浅笑那段忆gu: 弹幕环境太烂了
[2026-02-22 03:13:42] A队的佐佐木李子本人: 没有这种人
[2026-02-22 03:13:42] 魔男的夜宴: 是的，这就是我
[2026-02-22 03:13:43] 玉蜀黍巧克力: true
[2026-02-22 03:13:43] 墨本海人: 谁信
[2026-02-22 03:13:43] 不务正业127: 确实
[2026-02-22 03:13:43] 丶江楼月QAQ: 说的不就是我吗
[2026-02-22 03:13:43] 承認欲求: 玩圣
[2026-02-22 03:13:43] 南枝难知句: 玩机器原话：这波卖到底了
[2026-02-22 03:13:43] 爆爆爆开爆: 他最新的弹幕不是2-15？装你的爱慕呢
[2026-02-22 03:13:44] 荷兰老司机: 然后就被封了
[2026-02-22 03:13:44] Mahuyu: 有一成吗？
[2026-02-22 03:13:44] 用户4652451607: 我看着呢
[2026-02-22 03:13:44] 网友猪大壮: 有这种人吗
[2026-02-22 03:13:44] 靠咖啡活命: 不是，左上角那个黄色弹幕赖在那不走了？
[2026-02-22 03:13:44] HCS118: 每晚吗
[2026-02-22 03:13:44] 小羊肖恩6I6: 是的，这就是我
[2026-02-22 03:13:45] 叛逆的源源李: 这样的人已经不在这里了。
[2026-02-22 03:13:45] 小救星小杜DuD: 谁？房管封了
[2026-02-22 03:13:45] 沉默灬Sheath: 当我们面后台查下他
[2026-02-22 03:13:45] 剩枪游侠任已嘘: 布罗利（已切割）
[2026-02-22 03:13:45] 怒之拳: 原来你看的见弹幕？
[2026-02-22 03:13:45] 短桥窄马: 不许再喷玩宝宝了🥺🥺
[2026-02-22 03:13:45] 魔女审判的二阶堂希罗: 这简直就是我
[2026-02-22 03:13:45] 可达鸭不会游泳: 我是喜欢＋1的➕1
[2026-02-22 03:13:46] 一不小心丶就丶: 哈哈哈
[2026-02-22 03:13:46] 哈密瓜HaMiGua: 就是我
[2026-02-22 03:13:46] 四凉闻花: 没有这种人
[2026-02-22 03:13:46] Hitagi蟹蟹: 是的，因为别人不关注所以房管抹除载物家人美美隐身了
[2026-02-22 03:13:46] 低能贵物旅店: 原来你看得见啊
[2026-02-22 03:13:47] 蜉蝣XwX: 开始道德绑架
[2026-02-22 03:13:47] 用户3661578: 是的，这就是我
[2026-02-22 03:13:47] Oblivions: 关注比赛就禁言呗
[2026-02-22 03:13:47] 我也是加把劲骑士: 真的还有这种人吗
[2026-02-22 03:13:48] 拼爹拼命不如拼好饭: 谁话都不说就往奔驰里扔钱？
[2026-02-22 03:13:48] 头号瓜孝子: 专注你的M
[2026-02-22 03:13:48] 古堡12枪战神: 房管每天不来当房管干嘛
[2026-02-22 03:13:48] 射命丸文文句号: 我就是这样的小萌妹
[2026-02-22 03:13:48] 秋茶小雪: 玩神没毛
[2026-02-22 03:13:48] LibertyWalk丶: 为什么要演奏远航星的告别！
[2026-02-22 03:13:49] Odike: @阿雨：布罗利你安心去吧，玩大哥保你安度晚年
[2026-02-22 03:13:49] Shmiru: 玩圣
[2026-02-22 03:13:49] 伊森鸽丶不打烊: 布罗利被下房管和小天被收编前后脚，难道说？？
[2026-02-22 03:13:49] 最不安神晴又復雨: 确实
[2026-02-22 03:13:50] 紧握马老师的大雕雕: 我儿子布罗利Broli呢？
[2026-02-22 03:13:50] 奶油亦博啵啵: @玩机器丶machine：早知道当时登山了也放纯净流，耽误老子赚多少💰了
[2026-02-22 03:13:50] DaturaNoir辰砂: 就是我
[2026-02-22 03:13:50] 银行业本人: 这简直就是我
[2026-02-22 03:13:50] 吃五顿: 懂你意思
[2026-02-22 03:13:50] 肖牛马今天没吃草: 是的，这就是我
[2026-02-22 03:13:50] 玩机器今晚还播吗: 这种神人都去看259了
[2026-02-22 03:13:51] 丶哦呼zz: 确实不知道布罗利是谁 但是应该是玩神的犬
[2026-02-22 03:13:51] RzRzRzRz弱智: 他最新的弹幕不是2-15？装你的爱慕呢
[2026-02-22 03:13:51] 恩基爱萌萌哒的牢狗贼: 李鑫城帮我带个鸡蛋灌饼，收到加一
[2026-02-22 03:13:51] 伊森鸽丶不打烊: 布罗利被下房管和小天被收编前后脚，难道说？？布罗利被下房管和小天被收编前后脚，难道说？？
[2026-02-22 03:13:51] 机器机器祝你幸福: 可是我不想玩宝宝被骂😭
[2026-02-22 03:13:51] ArZhe阿哲: 他不能关弹幕？装起圣人来了
[2026-02-22 03:13:52] RoOxy: 我就是这种人
[2026-02-22 03:13:52] 跳跃的司令官: 没有这种人
[2026-02-22 03:13:52] 喜欢吃生菜: 再登一次
[2026-02-22 03:13:52] 炎555: 谁？
[2026-02-22 03:13:52] 一二级没处理好: 这种人看你？
[2026-02-22 03:13:52] -Squ1rrel-: 我新来的我真不知道布罗利是谁。
[2026-02-22 03:13:52] 好哥们黑龙歼灭刀: 没有这种人
[2026-02-22 03:13:53] 笑颜一番黄婷婷: 说不了话罢了
[2026-02-22 03:13:53] 用户4743944990: 是的，这就是我
[2026-02-22 03:13:53] 玩machine丶机器: @niko：玩机器拿刀划驴脸你们当成笑话讲，我游戏里划人尸体两下你们逮住骂😮‍💨
[2026-02-22 03:13:53] Ggmftye: 没有这种人
[2026-02-22 03:13:54] 红烧哈基米: 乱七八糟的主播
[2026-02-22 03:13:54] 棄王遺思: 哎我快滚你🦓的吧！哎我快滚你🐎的吧！哎我快滚你🦄的吧！哎我快滚你♞的吧！
[2026-02-22 03:13:54] Sy11abear: 原来你看的见弹幕？
[2026-02-22 03:13:54] wjnbsl: 懂你意思
[2026-02-22 03:13:54] zcyhymine: 现在不登了？
[2026-02-22 03:13:54] 椎名立希本人: 布罗利Broli：@device：儿子快换台，是爹地😎2026-02-21 23:58:58
[2026-02-22 03:13:54] 可达鸭不会游泳: 今年有预告登山吗？？
[2026-02-22 03:13:55] 青绿色的优越: 是的，这就是我
[2026-02-22 03:13:55] 咋会有人叫设备呢: 这简直就是我
[2026-02-22 03:13:55] 波波哈哈决赛双架: 去年2月我专注比赛的时候突然直播间的猪就不见了......
[2026-02-22 03:13:55] 王梓琦的Ozzz丶: 我就是这样的小萌妹
[2026-02-22 03:13:55] RyougiAqua: 没有这种人
[2026-02-22 03:13:55] 应感激忠心的伴侣: 布罗利朋友圈:好快的切割
[2026-02-22 03:13:56] dark1337: 我就是这种人
[2026-02-22 03:13:56] 寻翠之旅: 懦了就是懦了
[2026-02-22 03:13:56] arcticdawn: 等于布罗利被弹幕边尸边了一小时
[2026-02-22 03:13:56] 温柔是罪是罪吗: 这简直就是我
[2026-02-22 03:13:56] 划算小划: 这简直就是我
[2026-02-22 03:13:56] 忽孝山庄: 我儿子布罗利Broli呢？
[2026-02-22 03:13:57] 森林与雁: 没错，我这种
[2026-02-22 03:13:57] xuzVan: 去年8月你怎么不懂这个道理
[2026-02-22 03:13:57] 談膽Ribbon: 是的，这就是我
[2026-02-22 03:13:57] Tao7Ge: 懂你意思
[2026-02-22 03:13:57] 人生海海0220: @布罗利Broli：我在
[2026-02-22 03:13:57] Funny0531: 没有这种人
[2026-02-22 03:13:57] 红鲤鱼与驴与绿AA: 是的，这就是我
[2026-02-22 03:13:57] 小橙子橙99999: 再登一次
[2026-02-22 03:13:58] 大颗寿司玩机器: 确实不知道布罗利是谁 但是应该是玩神的犬
[2026-02-22 03:13:58] 用户8020234182: 玩神没毛
[2026-02-22 03:13:58] 网友猪大壮: [梗已老实]
[2026-02-22 03:13:58] 八海小黄鱼: 我朋友田密说他等级不够说不了话
[2026-02-22 03:13:58] 菅原小吉: 我确实不开弹幕😭
[2026-02-22 03:13:58] 锦亚澄小天使: 还真是
[2026-02-22 03:13:58] 李小小与虾大大: 搞了半天他不是房管？弹幕纯造谣？
[2026-02-22 03:13:59] 用户4743944990: 我就是这种人
[2026-02-22 03:13:59] 丶陪你直到世界尽头: 这种人看你？
[2026-02-22 03:13:59] rem3dy: 再也没有解说比赛闲聊互动环节了，我恨你们这群弹幕
[2026-02-22 03:13:59] 韩华的Zeus本人: 语气不对了
[2026-02-22 03:13:59] 靠咖啡活命: 这简直就是我
[2026-02-22 03:13:59] miku-: @布罗利：额玩神，其实我一直都还在看，😭
[2026-02-22 03:13:59] Alone的kang: 玩大哥你别说了，我破防了
[2026-02-22 03:14:00] Cloud9的咬人猫本人: 感觉快登山了 加大力度
[2026-02-22 03:14:00] NES丶大白白白呐: 懂你意思
[2026-02-22 03:14:00] 名为射的男人: 是的，这就是我
[2026-02-22 03:14:00] 头号瓜孝子: 懂你意思
[2026-02-22 03:14:00] Faker7: 没事 今年也可以登山
[2026-02-22 03:14:00] 伊森鸽丶不打烊: 布罗利被下房管和小天被收编前后脚，难道说？？】布罗利被下房管和小天被收编前后脚，难道说？？
[2026-02-22 03:14:00] 用户5608006019: 可是我不想玩宝宝被骂😭
[2026-02-22 03:14:00] 羽川翼的恋爱物语: 你真是这么想的吗？
[2026-02-22 03:14:01] 强尼银手VVV: 是的，这就是我
[2026-02-22 03:14:01] 夏恋: 不看弹幕来这干什么了
[2026-02-22 03:14:01] 余生从此寄沧海: 这简直就是我
[2026-02-22 03:14:01] 玩神爱吃猪头肉: 我感觉你今天状态不是很好啊，你今天状态非常不好啊，我感觉你应该，唉，你要不，你去调整一下心情吧
[2026-02-22 03:14:01] Gverense: 我只想看你喷载物。。。什么时候开始
[2026-02-22 03:14:01] 杜丶洛瓦: 去年登山前你也是这么说的。。。
[2026-02-22 03:14:01] 怒之拳: 是的，这就是我
[2026-02-22 03:14:01] DemJex: 傻呗
[2026-02-22 03:14:01] 白鵉鳶OriGami: 直接登吧
[2026-02-22 03:14:02] 蝈蝈贼: 这简直就是我
[2026-02-22 03:14:02] ROBIRY: 没有这种人
[2026-02-22 03:14:02] 卡啊卡卡丶: 布罗利Broli：@device：儿子快换台，是爹地😎2026-02-21 23:58:58
[2026-02-22 03:14:02] 小小小蕉: 真的，我都不发弹幕
[2026-02-22 03:14:02] 913211319: 是的，这就是我
[2026-02-22 03:14:02] 77一定会是我的: 布罗利Broli：@device：儿子快换台，是爹地😎2026-02-21 23:58:58
[2026-02-22 03:14:02] 99组的爱城华恋本人: 布罗利Broli：@device：儿子快换台，是爹地😎2026-02-21 23:58:58
[2026-02-22 03:14:02] 用户9617613203: 这样也不是个事，我看载物还是给玩神道个歉吧，玩神的人品应该会原谅载物的
[2026-02-22 03:14:02] 泠鸢不是冷鸢丶: 语气不对了
[2026-02-22 03:14:02] 用户4743944990: 我确实不开弹幕😭
[2026-02-22 03:14:03] MJ猪猪呀: 语气对了
[2026-02-22 03:14:03] 驴友到此一游: 早干嘛去了
[2026-02-22 03:14:03] chordclef: 骗到了
[2026-02-22 03:14:03] 冲上云霄的姨: 这就是我
[2026-02-22 03:14:03] 陪伴豆丶小啵: 这简直就是我
[2026-02-22 03:14:03] 双刀牛TMac: 没有这种人
[2026-02-22 03:14:03] Malik3th: 一年三熟
[2026-02-22 03:14:03] 蓝鲸少年与小巷: 布罗利Broli：@device：儿子快换台，是爹地😎2026-02-21 23:58:58
[2026-02-22 03:14:04] 玩柜子丶Mortis: 布罗利Broli：@device：儿子快换台，是爹地😎2026-02-21 23:58:58ですわ
[2026-02-22 03:14:04] losdark: 闹麻了，装模作样
[2026-02-22 03:14:04] 橙黄双翼: 布罗利Broli：@device：儿子快换台，是爹地😎2026-02-21 23:58:58
[2026-02-22 03:14:04] 日早爱音: 这简直就是我
[2026-02-22 03:14:04] jamesfaith23: 懂你意思
[2026-02-22 03:14:04] 安隅空想家: 现在知道了？
[2026-02-22 03:14:04] JOhNsoN兆: 玩神没毛
[2026-02-22 03:14:05] 冰淇淋蛋挞丶: 我就是这样的小萌妹
[2026-02-22 03:14:05] l1nmou: 是的，这就是我
[2026-02-22 03:14:05] LvvsiN: 为什么房管封的不能给鱼丸……还以为今天晚上得吃了……
[2026-02-22 03:14:05] dark1337: 骗到了
[2026-02-22 03:14:05] hxyvraf: 布罗利Broli：@device：儿子快换台，是爹地😎2026-02-21 23:58:58
[2026-02-22 03:14:05] 古堡12枪战神: 是的，这就是我
[2026-02-22 03:14:05] A队的dev1ce本人-: 那你不管开弹幕的观众吗
[2026-02-22 03:14:06] 宫原雪岳: 对得起谁
[2026-02-22 03:14:06] 124586686458: 这简直就是我
[2026-02-22 03:14:06] 天守阁信长: 不关注（指的布罗利玩数字载）
[2026-02-22 03:14:06] qwjwyzlqjy: 我确实不开弹幕😭
[2026-02-22 03:14:07] 自闭自闭了: 我了
[2026-02-22 03:14:07] 伊森鸽丶不打烊: 布罗利被下房管和小天被收编前后脚，难道说？？布罗利被下房管和小天被收编前后脚，难道说？
[2026-02-22 03:14:07] s1hang: 直接登吧
[2026-02-22 03:14:07] 玩马修丶Zywoo: 骗到了
[2026-02-22 03:14:07] LvvsiN: 弹幕别吵了，银行业一样一样有有有也会有h'y'hui't'y'r's'c'dn
[2026-02-22 03:14:07] I手写的从前I: 骗到了
[2026-02-22 03:14:07] 7号晚安: 玩大哥，直播阿努比斯的时候能不能别去厕所，我真的会ptsd，怕你丢下我
[2026-02-22 03:14:07] 蚰蜒official: 语气对了
[2026-02-22 03:14:07] HaibaraAi1109: 这样也不是个事，我看载物还是给玩神道个歉吧，玩神的人品应该会原谅载物的
[2026-02-22 03:14:07] 笔尖铳火: 骗到了
[2026-02-22 03:14:07] 用户9617613203: 这样也不是个事，我看载物还是给玩神道个歉吧，玩神的人品应该会原谅载物的
[2026-02-22 03:14:07] 无伟契约: 语气不对了
[2026-02-22 03:14:08] 叛逆的源源李: 这就骗到了？
[2026-02-22 03:14:08] 艾坤123: 就是我
[2026-02-22 03:14:08] 木空空空空空: 是的，这就是我
[2026-02-22 03:14:08] 短桥窄马: 这简直就是我
[2026-02-22 03:14:08] 念经的小和尚丶: 无人在意，你登山吧
[2026-02-22 03:14:09] wedd1ddeJodd: 我就是这样的小萌妹
[2026-02-22 03:14:09] Kiracoon: 是的，这就是我
[2026-02-22 03:14:09] Shiki1111: 惹到冰粉是这样的
[2026-02-22 03:14:09] 烤冷面枪男jks: 玩圣
[2026-02-22 03:14:09] 额这几个字我不认识: 我就是这种人
[2026-02-22 03:14:09] 光文天天: 早干嘛去了
[2026-02-22 03:14:09] 玩处的SugarDaddy: 玩神没毛
[2026-02-22 03:14:10] 三咲町的久远寺本人: 布罗利Broli：@device：儿子快换台，是爹地😎2026-02-21 23:58:58
[2026-02-22 03:14:10] 結城希亞: 我确实不开弹幕😭
[2026-02-22 03:14:13] 海安WAILOM: 又成熟了
[2026-02-22 03:14:13] 玩师傅精益求精: 布罗利Broli：@device：儿子快换台，是爹地😎2026-02-21 23:58:58
[2026-02-22 03:14:13] 梦想是独立自由: 😭😭😭
[2026-02-22 03:14:13] 儒雅随和不讲武德: 再登一次
[2026-02-22 03:14:13] ZiggyStardust0100: 不开弹幕来这个直播间干嘛的我都不知道
[2026-02-22 03:14:13] 玩台钳丶阿尔托莉雅: @布罗利2026-2-15：别带载慕思节-奏啊
[2026-02-22 03:14:13] 2442861055: 现在在这装圣人了
[2026-02-22 03:14:13] 匕匕叭叭: 直接登吧
[2026-02-22 03:14:13] 我最喜欢玩机器: 直接登山吧 都别看了
[2026-02-22 03:14:13] 罗德岛顶红顶红的太阳: 选手也不看弹幕
[2026-02-22 03:14:13] 好哥们黑龙歼灭刀: 不关注（指的布罗利玩数字载）
[2026-02-22 03:14:13] 冲上云霄的姨: 骗到了
[2026-02-22 03:14:13] 67373叶凛月: 布罗利Broli：@device：儿子快换台，是爹地😎2026-02-21 23:58:58ですわ
[2026-02-22 03:14:13] 用户3607059295: 是的，这就是我
[2026-02-22 03:14:14] 双层吉士汉堡447: ？
[2026-02-22 03:14:14] 吃猪头肉筷子夹屏幕上: 能不能🧎‍♀️道歉
[2026-02-22 03:14:14] ymyyo: 是的，这就是我
[2026-02-22 03:14:14] 专看玩机器的号: 不开弹幕那看个鸡毛
[2026-02-22 03:14:14] LvvsiN: 南孚一节更比六节强，也就是一节南孚比六节南孚强，六节南孚比三十六节强，三十六节比二百一十六节强
[2026-02-22 03:14:14] 霞之丘诗羽的小迷弟: 蕾姆😭😭😭
[2026-02-22 03:14:15] 菜篮子工程质检员: 再登一次
[2026-02-22 03:14:15] 早安丿章鱼哥: 看6657弹幕的那真是有了
[2026-02-22 03:14:15] 好兄弟鲁迪乌斯: ？
[2026-02-22 03:14:15] 锤子带明星: 这简直就是我
[2026-02-22 03:14:15] 99组的爱城华恋本人: 凿⛏凿⛏凿⛏凿⛏凿⛏凿⛏凿⛏凿⛏凿⛏凿⛏凿⛏凿⛏凿⛏凿⛏凿⛏凿⛏凿⛏凿⛏凿⛏
[2026-02-22 03:14:15] Hzinc: 这简直就是我
[2026-02-22 03:14:15] 无消息AT: 是说我吗
[2026-02-22 03:14:16] 这里是小天啊: 音乐对了
[2026-02-22 03:14:16] 不看似猎鹰就杀了你: 这就骗到了？
[2026-02-22 03:14:16] CC不二良: 我就是锤子
[2026-02-22 03:14:16] HaibaraAi1109: 那你不管开弹幕的观众吗
[2026-02-22 03:14:16] 0utrider: 没错，就是我，我是瑞恩高斯林
[2026-02-22 03:14:16] DUST279800: 这种人一般玩ys
[2026-02-22 03:14:16] 应感激忠心的伴侣: 布罗利朋友圈:好快的切割
[2026-02-22 03:14:16] jamesfaith23: 骗到了
[2026-02-22 03:14:16] 日早爱音: 文学上的我
[2026-02-22 03:14:16] 小肉包喷香: 哈哈哈哈哈哈哈
[2026-02-22 03:14:17] 爆了个炸772: 我确实不开弹幕😭
[2026-02-22 03:14:17] 甘织玲奈子本人: 玩宝宝成熟了
[2026-02-22 03:14:17] 沙王5003刷新球跳水: 另一个飞机不敢念?另一个飞机不敢念?另一个飞机不敢念?另一个飞机不敢念?另一个飞机不敢念?另一个飞机
[2026-02-22 03:14:17] 爱马修更爱玩宝宝: @布罗利2026-2-15：别带载慕思节-奏啊
[2026-02-22 03:14:17] 不改名真的不中奖呀Cc: 布罗利Broli：@device：儿子快换台，是爹地😎2026-02-21 23:58:58
[2026-02-22 03:14:17] 绝食十年攒爱top3飞机: 等于布罗利被弹幕边尸边了一小时
[2026-02-22 03:14:17] valorant玩机器: @device：儿子……长大了😭
[2026-02-22 03:14:17] 无伟契约: 这简直就是我
[2026-02-22 03:14:17] 没有真名233: 这样也不是个事，我看载物还是给玩神道个歉吧，玩神的人品应该会原谅载物的
[2026-02-22 03:14:17] Kirse: 我就是这种人
[2026-02-22 03:14:17] 玩小将山田凉YamadaRyo: 骗到了
[2026-02-22 03:14:17] 忒斯特李逵: 你还是讲讲你以前给水友卡托给合了的故事吧
[2026-02-22 03:14:17] 恴恴恴恴恴: 是的，这就是我
[2026-02-22 03:14:18] 玩机器今晚还播吗: 你说的这种神人早去看259了
[2026-02-22 03:14:18] ST骑士: 对不起？你是怕违约吧
[2026-02-22 03:14:18] 用户3661578: 你成长了机器
[2026-02-22 03:14:18] Crythic的羊宫妃那本人: 是的，这就是我
[2026-02-22 03:14:18] 不务正业127: 这简直就是我
[2026-02-22 03:14:18] 荷兰老司机: 你还想再登山说是
[2026-02-22 03:14:19] 玩神爱吃猪头肉: 是我是我
[2026-02-22 03:14:19] Vitality的羽贺文乃本人: 另一个怎么不读
[2026-02-22 03:14:19] 玩台钳丶阿尔托莉雅: @布罗利2026-2-15：别带载慕思节-奏啊
[2026-02-22 03:14:19] 玩学生丶BlueArchive: 不开弹幕来这个直播间干嘛的我都不知道
[2026-02-22 03:14:21] 大姜饼: 你自己信吗
[2026-02-22 03:14:21] User5092: 其实是因为斗鱼有防登山机制了
[2026-02-22 03:14:21] Cloud9的咬人猫本人: @布罗利2026-2-15：别带载慕思节-奏啊
[2026-02-22 03:14:21] 第三猪白猪玩斯曼: 我不是这种人 我就是来看互相攻击的
[2026-02-22 03:14:21] Peko-: 布罗利被下房管和小天被收编前后脚，难道说？？】布罗利被下房管和小天被收编前后脚，难到说
[2026-02-22 03:14:21] 靠咖啡活命: 这简直就是我
[2026-02-22 03:14:21] 用户4743944990: @device：儿子……长大了😭
[2026-02-22 03:14:21] 偶数萨大战精益求精: 布罗利朋友圈:好快的切割
[2026-02-22 03:14:21] 好哥们黑龙歼灭刀: 弹幕也开始🧊清玉洁了...
[2026-02-22 03:14:21] lskyra: 冰清玉洁双标玩
[2026-02-22 03:14:21] 伊森鸽丶不打烊: 布罗利被下房管和小天被收编前后脚，难道说？？布罗利被下房管和小天被收编前后脚，难道说？？、
[2026-02-22 03:14:21] 秋茶小雪: 玩宝宝成熟了
[2026-02-22 03:14:22] 鐨勫欑閸鐜: 到头来冰粉被像狗一样耍着，笑嘻了到头来冰粉被像狗一样耍着，笑嘻了到头来冰粉被像狗一样耍着，笑嘻了
[2026-02-22 03:14:22] 缄默38508: 我只发弹幕，不看弹幕
[2026-02-22 03:14:22] 替换狗蛇的Magisk本人: 不开弹幕来这个直播间干嘛的我都不知道
[2026-02-22 03:14:22] 大颗寿司玩机器: 等于布罗利被弹幕边尸边了一小时
[2026-02-22 03:14:22] 卖黄瓜致富的杨伟: 是的，这就是我
[2026-02-22 03:14:23] 洛陽城里看落陽: @锤子带明星：这简直就是我
[2026-02-22 03:14:23] 卖二货的小蘑菇: 我确实不开弹幕😭
[2026-02-22 03:14:23] Mahuyu: 来6657直播间真的有不开弹幕的吗？那相当于吃面不吃蒜
[2026-02-22 03:14:23] 古堡12枪战神: ？
[2026-02-22 03:14:23] 法尼丶瓦伦泰D4C: 久有凌云志，再登太行山
[2026-02-22 03:14:23] 椎名立希本人: 布罗利Broli：闭口不提：twistzz2026-02-20 19:04:19
[2026-02-22 03:14:23] Ch1Sa-: 智齿
[2026-02-22 03:14:23] Aleksumimi: @斧乃木：😭😭😭
[2026-02-22 03:14:23] NES丶大白白白呐:  @锤子带明星：这简直就是我
[2026-02-22 03:14:23] 友典冬希子: 自费版权就是给你这种登山🦮栓链子的
[2026-02-22 03:14:23] 墨本海人: 又骗到了
[2026-02-22 03:14:23] Am0xicilliN: 我就是这种人
[2026-02-22 03:14:24] E丷L: 你今天又想专注比赛了？以前的牛劲呢
[2026-02-22 03:14:24] 凡生一生: 是的，这就是我
[2026-02-22 03:14:24] 最喜欢妮姆芙: 没开弹幕的加一
[2026-02-22 03:14:24] wsxj131: 去年满屏幕数字弹幕蜂美怎么看？
[2026-02-22 03:14:25] 苏云长的青龙偃月: 基本不发
[2026-02-22 03:14:25] 龙龙虾虾爱软脚: 可能是发不了弹幕
[2026-02-22 03:14:25] 麦当劳的藤田琴音本人: @device：儿子……长大了😭
[2026-02-22 03:14:25] miku-: @device：儿子……长大了😭
[2026-02-22 03:14:25] 海安WAILOM:  @锤子带明星：这简直就是我
[2026-02-22 03:14:25] 高松灯扣死千早爱音: @布罗利2026-2-15：别带载慕思节-奏啊
[2026-02-22 03:14:25] 可达鸭不会游泳: 我不开弹幕不代表我不＋1弹幕啊desuwa
[2026-02-22 03:14:25] 电子厂表演艺术家: 等于布罗利被弹幕边尸边了一小时
[2026-02-22 03:14:25] 宇莓: 美美献祭一个又洗白白了
[2026-02-22 03:14:25] 殇10876: 魔爪
[2026-02-22 03:14:26] 丶小恐龙丶: 布罗利Broli：@device：儿子快换台，是爹地😎2026-02-21 23:58:58
[2026-02-22 03:14:26] 野pig亨利28: @锤子带明星：这简直就是我
[2026-02-22 03:14:26] OG的Ceb本人: 登山岂不是很对不起他们（合同不允许）
[2026-02-22 03:14:27] zywngty: 是他们不发弹幕吗？他们在登山之前还能发弹幕
[2026-02-22 03:14:27] Cantain光: 这里是小天啊 ： 音乐对了
[2026-02-22 03:14:27] 无伟契约: 懂你意思
[2026-02-22 03:14:28] 硕硕公主: 毕竟发布了言 不如关弹幕
[2026-02-22 03:14:28] 晏华裤子拉链没拉: @device：儿子……长大了😭
[2026-02-22 03:14:28] 最爱的马卡龙: 又专注比赛了，去年八月份你咋不专注比赛搞场外？
[2026-02-22 03:14:28] BUG丶Cone: 我爱发，你还读
[2026-02-22 03:14:28] 羽川翼的恋爱物语: 泪目
[2026-02-22 03:14:29] 八海小黄鱼: 我朋友田密说他等级不够说不了话
[2026-02-22 03:14:29] Tom7-: 弹幕都快被我屏蔽完了
[2026-02-22 03:14:29] 大裂谷的登山家: @布罗利2026-2-15：别带载慕思节-奏啊
[2026-02-22 03:14:29] Faze的明日香本人: 白魔爪好喝爱喝
[2026-02-22 03:14:29] 天守阁信长: @布罗利2026-2-15：别带载慕思节-奏啊
[2026-02-22 03:14:29] 玩machine丶机器: @niko：玩机器拿刀划驴脸你们当成笑话讲，我游戏里划人尸体两下你们逮住骂😮‍💨
[2026-02-22 03:14:30] 用户3661578: 你长大了 机器
[2026-02-22 03:14:30] 跳跳武器大师兄: 这个bgm➕话术太感人了
[2026-02-22 03:14:30] 吊人日子不过了: 你还挺为粉丝着想啊
[2026-02-22 03:14:30] 岚东: @布罗利2026-2-15：别带载慕思节-奏啊
[2026-02-22 03:14:30] 玩学生丶BlueArchive: 阳光信用分＜90，关注主播即可发言。阳光信用分＜90，关注主播即可发言。
[2026-02-22 03:14:30] Falcons的橘雪莉本人: @device：儿子……长大了😭
[2026-02-22 03:14:30] Laila丶丶: 兄弟们我感觉我今天状态不是很好啊，我今天状态非常不好啊 我感觉我应该，唉
[2026-02-22 03:14:30] Ggmftye: ？
[2026-02-22 03:14:30] HaibaraAi1109: 美美献祭一个又洗白白了
[2026-02-22 03:14:31] Lee西关少爷: ？
[2026-02-22 03:14:31] xieri: 懂你意思
[2026-02-22 03:14:31] LvvsiN: 为什么房管封的不能给鱼丸……还以为今天晚上得吃了……
[2026-02-22 03:14:31] 他们都叫我用脚: ？
[2026-02-22 03:14:31] miku-: 布罗利Broli：@device：儿子快换台，是爹地😎2026-02-21 23:58:58
[2026-02-22 03:14:31] 我不能心软: 再登山不播比赛   找人弄你
[2026-02-22 03:14:32] 刃涯: 我除了会攻击你其他人一概不喷
[2026-02-22 03:14:32] Faze的新岛真本人: 玩圣
[2026-02-22 03:14:32] 伊森鸽丶不打烊: 布罗利被下房管和小天被收编前后脚，难道说？？
[2026-02-22 03:14:32] 影白灬loli: 　　　 @布罗利2026-2-15：别带载慕思节-奏啊
[2026-02-22 03:14:32] 好的好的阖家: 等于布罗利被弹幕边尸边了一小时
[2026-02-22 03:14:32] 专看玩机器的号: 引导
[2026-02-22 03:14:32] 逃离灰色地带: 弹幕也开始🧊清玉洁了...
[2026-02-22 03:14:32] Shintaro: 引导
[2026-02-22 03:14:32] 我的我的sorry: 尬
[2026-02-22 03:14:33] 笠松的小栗帽本人: @device：儿子……长大了😭
[2026-02-22 03:14:33] EliGUI: 后台就没有broli封的人
[2026-02-22 03:14:34] kedadra: 没流量的比赛和弹幕聊天的牛劲呢，现在装上最勤奋的了
[2026-02-22 03:14:34] FynnZ: niko编为啥不喷niko
[2026-02-22 03:14:34] 银行业本人: 懂你意思
[2026-02-22 03:14:34] 最喜欢妮姆芙: 这里是小天啊 ： 音乐对了
[2026-02-22 03:14:34] 夏恋: 懂你意思
[2026-02-22 03:14:34] Faze的新岛真本人: 玩圣
[2026-02-22 03:14:34] 线魚: 斩龙剑
[2026-02-22 03:14:34] Hcmor: @布罗利2026-2-15：别带载慕思节-奏啊
[2026-02-22 03:14:35] Tao7Ge: ?
[2026-02-22 03:14:35] bLuEsTAr31: @device：儿子……长大了😭
[2026-02-22 03:14:35] 玩小将山田凉YamadaRyo: 8月呢
[2026-02-22 03:14:35] 用蜡烛蹭玩机器的魔丸: 懂你意思
[2026-02-22 03:14:35] 伊森鸽丶不打烊: 布罗利被下房管和小天被收编前后脚，难道说？？布罗利被下房管和小天被收编前后脚，难道说？？
[2026-02-22 03:14:36] LvvsiN: 你屏蔽词都快赶上新华词典了为什么不干脆开一百级发言？
[2026-02-22 03:14:36] PJ64JC: @布罗利2026-2-15：别带载慕思节-奏啊
[2026-02-22 03:14:36] 对着光说话: 再登一次吧，玩神
[2026-02-22 03:14:36] 好哥们宇智波鼬: @布罗利2026-2-15：别带载慕思节-奏啊
[2026-02-22 03:14:36] 八重森彌妮: 原来数字梗只有玩到自己头上才管啊
[2026-02-22 03:14:36] 椎名真白ii丶: 这个bgm➕话术太感人了
[2026-02-22 03:14:36] 忽孝山庄: 美美献祭一个又洗白白了
[2026-02-22 03:14:37] 缘来你是时光: 他们想发言也等级不够啊
[2026-02-22 03:14:37] A队的佐佐木李子本人: 善意引导
[2026-02-22 03:14:37] 1900啊啊啊: 还是想登山了
[2026-02-22 03:14:37] wyisking888: 布罗利是什么勾八
[2026-02-22 03:14:38] 石家庄的宠物男孩: @device：儿子……长大了😭
[2026-02-22 03:14:38] 丰川祥子口三角初华: 冰清玉洁
[2026-02-22 03:14:38] 狂野皮几儿很哒: 我确实不开弹幕😭
[2026-02-22 03:14:38] LvvsiN: 其实碗橱就是猪灵，你不拿黄金丢他他就不跟你说话
[2026-02-22 03:14:38] 佐久夜姬子: 机器，怎么直播间一夜之间出现了这么多数字梗谐音梗和攻击家人的梗呀😭直播间昨天良好的弹幕氛围哪里去了
[2026-02-22 03:14:38] 笔尖铳火: 你把加一开着，怎么可能有人不发弹幕啊？
[2026-02-22 03:14:38] 好哥们黑龙歼灭刀: @布罗利2026-2-15：别带载慕思节-奏啊
[2026-02-22 03:14:38] 魔男的夜宴: 尬
[2026-02-22 03:14:38] 无伟契约: 玩圣圣了
[2026-02-22 03:14:38] 没有真名233: 骗到了
[2026-02-22 03:14:39] 宫监手放监: 　　　 @device：儿子……长大了😭
[2026-02-22 03:14:39] 懵G丶: niko：我也是吗？
[2026-02-22 03:14:39] 濹0790338: 那我天天发烂梗发到精疲力尽，你咋不体谅我
[2026-02-22 03:14:39] F0restwOw-: 闹麻了
[2026-02-22 03:14:39] 靠咖啡活命: 善意引导
[2026-02-22 03:14:40] crychic的tomori本人: Shiki1111 ： 惹到冰粉是这样的
[2026-02-22 03:14:40] 好兄弟玩机器马信: 引导
[2026-02-22 03:14:40] 王梓琦的Ozzz丶: 引导
[2026-02-22 03:14:40] 叛逆的源源李: @device：儿子……长大了😭
[2026-02-22 03:14:40] 丶丶Ken丶丶: @布罗利2026-2-15：别带载慕思节-奏啊
[2026-02-22 03:14:40] 杀人哥天天开心: 善意引导
[2026-02-22 03:14:40] 用户4743944990: 这个bgm➕话术太感人了
[2026-02-22 03:14:41] 沙王5003刷新球跳水: /hiki1111：惹到冰粉是这样的/hiki1111：惹到冰粉是这样的/hiki1111：惹
[2026-02-22 03:14:41] zzzhr698: @布罗利2026-2-15：别带载慕思节-奏啊
[2026-02-22 03:14:41] Faker7: 善意
[2026-02-22 03:14:41] 玩学生丶BlueArchive: 阳光信用分＜90，关注主播即可发言。阳光信用分＜90，关注主播即可发言。
[2026-02-22 03:14:41] glad1uS: 玩圣
[2026-02-22 03:14:41] 头号瓜孝子: 这里是小天啊 ： 音乐对了
[2026-02-22 03:14:41] 红烧哈基米: 你那叫道歉啊？
[2026-02-22 03:14:42] 哈基米哦南北路多: @布罗利2026-2-15：别带载慕思节-奏啊
[2026-02-22 03:14:42] Shintaro: 又成熟了
[2026-02-22 03:14:42] 白鵉鳶OriGami: 我提一句，那个房管2.15还发弹幕了
[2026-02-22 03:14:42] Star薛晨: /hiki1111：惹到冰粉是这样的
[2026-02-22 03:14:42] 专看玩机器的号: 这个bgm➕话术太感人了
[2026-02-22 03:14:42] 短桥窄马: 不许再喷玩宝宝了🥺🥺
[2026-02-22 03:14:42] 子翼兄: 你屏蔽词都快赶上新华词典了为什么不干脆开一百级发言？
[2026-02-22 03:14:42] 变成allin守护素食小姐: 好笑吗？感觉不如玩机器登山时发小作文说大家想删牌子删牌子，下山后设置没有粉丝牌禁止发言好笑😓。
[2026-02-22 03:14:42] 阵雨天o: 玩玩又冰清玉洁上了
[2026-02-22 03:14:42] 玩玩今天吃什么: 冰
[2026-02-22 03:14:43] Aleksumimi: 那你能出44分钟视频吗？
[2026-02-22 03:14:43] Kiriyama涟: 等于布罗利被弹幕边尸边了一小时
[2026-02-22 03:14:43] Senc3: 长大了意思是
[2026-02-22 03:14:44] 玩海贼、mOnesy: 原来数字梗只有玩到自己头上才管啊
[2026-02-22 03:14:44] 艺术冰霜: 他们想发言也等级不够啊
[2026-02-22 03:14:44] 玩弓箭、Arrow: 　　　 @device：儿子……长大了😭
[2026-02-22 03:14:44] 99组的爱城华恋本人: 我每个月就发一万条弹幕，我还不算发少的？
[2026-02-22 03:14:44] 笔尖铳火: 你把加一开着，怎么可能有人不发弹幕啊？
[2026-02-22 03:14:44] ArZhe阿哲: 《话术》
[2026-02-22 03:14:44] 用户3661578: 你长大了机器 爸很欣慰
[2026-02-22 03:14:44] 串串金枪鱼: 玩圣没毛
[2026-02-22 03:14:44] Adrian林讲: 那我天天发烂梗发到精疲力尽，你咋不体谅我
[2026-02-22 03:14:45] 高松灯扣死千早爱音: 善意引导
[2026-02-22 03:14:45] zcyhymine: 44分钟道歉视频呢
[2026-02-22 03:14:45] yslOvO: 善意引导
[2026-02-22 03:14:46] 玩饺子丶Dumpling: 玩圣
[2026-02-22 03:14:46] 凤不觉08554: @device：儿子……长大了😭
[2026-02-22 03:14:46] 迪奥雷: 第二人格了
[2026-02-22 03:14:46] 玩学生丶BlueArchive: 阳光信用分＜90，关注主播即可发言。阳光信用分＜90，关注主播即可发言。
[2026-02-22 03:14:46] 玩机器厦面鄙骰大: 玩神，随机看他们有没有发爆的弹幕
[2026-02-22 03:14:46] Faze的新岛真本人: 玩圣
[2026-02-22 03:14:47] 好姐妹清道夫: 冰清玉洁了
[2026-02-22 03:14:47] 鐨勫欑閸鐜: 虚空索敌的冰粉太哈人了
[2026-02-22 03:14:47] 射命丸文文句号: 地雷
[2026-02-22 03:14:47] 水对地下导弹: 善意引导
[2026-02-22 03:14:47] Odike: @玩机器：布罗利，这波我只能卖到底了。。。
[2026-02-22 03:14:47] 宫原雪岳: 臭不要脸
[2026-02-22 03:14:47] 网友猪大壮: 想骗爱玩飞机了
[2026-02-22 03:14:47] Demon916: 毕竟你能收米
[2026-02-22 03:14:47] 马修赫伯特本人: @布罗利2026-2-15：别带载慕思节-奏啊
[2026-02-22 03:14:47] 龙龙虾虾爱软脚: 玩圣
[2026-02-22 03:14:48] 海安WAILOM: 卧槽亦博玩圣
[2026-02-22 03:14:48] 八海小黄鱼: 我朋友田密说他等级不够说不了话
[2026-02-22 03:14:48] 什么名字都被用了诶: @布罗利：玩大哥，我可以出来了吗
[2026-02-22 03:14:48] AmamiyaIori: 冰清玉洁了家人们
[2026-02-22 03:14:48] 玩柜子丶Mortis: 善意引导ですわ
[2026-02-22 03:14:49] LYP2077: 今年磕头了吗
[2026-02-22 03:14:49] 用蜡烛蹭玩机器的魔丸: 玩圣／（ㄒoㄒ)／~~
[2026-02-22 03:14:49] Abc丶Ss: 玩大哥😭
[2026-02-22 03:14:49] 他们都叫我用脚: 玩圣
[2026-02-22 03:14:49] 巨型大高玩: 原来数字梗只有玩到自己头上才管啊
[2026-02-22 03:14:50] 我的我的sorry: 玩圣
[2026-02-22 03:14:50] 机器我要看老汤: 　　　 @device：儿子……长大了😭
[2026-02-22 03:14:50] 是印花啊: @device：儿子……长大了😭喵
[2026-02-22 03:14:50] Drankwater: 遇到难回答的问题就不回答了~ 玩宝宝冰清玉洁了
[2026-02-22 03:14:51] 春风如齐: 大家不要再说了感觉玩大哥语气已经不对了再这样下去我都不敢想象载大哥接下来要遭什么罪。
[2026-02-22 03:14:51] 玩学生丶BlueArchive: 阳光信用分＜90，关注主播即可发言。阳光信用分＜90，关注主播即可发言。
[2026-02-22 03:14:51] 呱了个咪的: @device：儿子……长大了😭
[2026-02-22 03:14:51] 用户7687618956: 善意引导
[2026-02-22 03:14:51] 魔男的夜宴: 玩圣
[2026-02-22 03:14:51] jamesfaith23: 善意引导
[2026-02-22 03:14:52] Cantain光: 玩圣😭玩圣😭玩圣😭玩圣😭玩圣😭玩圣😭玩圣😭玩圣😭玩圣😭玩圣😭玩圣😭玩圣😭玩圣😭玩圣😭玩圣😭
[2026-02-22 03:14:52] 用户3489665055: @布罗利2026-2-15：别带载慕思节-奏啊
[2026-02-22 03:14:52] 应感激忠心的伴侣: 善意引导
[2026-02-22 03:14:52] 银行业本人: ？
[2026-02-22 03:14:52] 铭铭铭名铭铭: @布罗利2026-2-15：别带载慕思节-奏啊
[2026-02-22 03:14:52] 爱你啵啵Midori: 懂你意思
[2026-02-22 03:14:53] 杏仁小面包: 兄弟们加大力度
[2026-02-22 03:14:53] 蛇鼠野菜汤: 玩机器原话：每次我都会引导
[2026-02-22 03:14:53] ericzxc: 原来数字梗只有玩到自己头上才管啊
[2026-02-22 03:14:53] 驴友到此一游: 光速下跪
[2026-02-22 03:14:53] Abc丶Ss: @device：儿子……长大了😭
[2026-02-22 03:14:54] 小救星小杜DuD: 可是我们玩宝宝也很冰清玉洁呀🙁
[2026-02-22 03:14:54] 海绵宝宝打野儿: 冰清玉洁了
[2026-02-22 03:14:54] 葬送的芙蓉王: 玩圣
[2026-02-22 03:14:54] 最强反派Vitality: device：你长大了，机器
[2026-02-22 03:14:54] 好姐妹芙卡洛斯: 真的遇到过吗
[2026-02-22 03:14:54] 丶亦不需要分开: 玩神熟了
[2026-02-22 03:14:54] 传统peek高手XANTARES: 善意引导ですわ
[2026-02-22 03:14:55] 春风如齐: 大家不要再说了感觉玩大哥语气已经不对了再这样下去我都不敢想象载大哥接下来要遭什么罪
[2026-02-22 03:14:55] 爆爆爆开爆:     @device：儿子……长大了😭
[2026-02-22 03:14:55] 0utrider: 懂你意思
[2026-02-22 03:14:55] aruiketto: 想骗爱玩飞机了
[2026-02-22 03:14:55] 短桥窄马: 不许再喷玩宝宝了🥺🥺
[2026-02-22 03:14:55] 吹神的大弟子: 语气不对了
[2026-02-22 03:14:55] 丶陪你直到世界尽头: 玩圣
[2026-02-22 03:14:55] 玩机器厦面鄙骰大: 玩神，随机选人看他们有没有发爆的弹幕
[2026-02-22 03:14:56] ZeppelinIV: 懂你意思
[2026-02-22 03:14:56] 有你便是世界1:     @device：儿子……长大了😭
[2026-02-22 03:14:56] 菅原小吉: 把小夫房管也下了，他也不发弹幕（不是栾华小号）
[2026-02-22 03:14:56] 好哥们黑龙歼灭刀: 遇到难回答的问题就不回答了~ 玩宝宝冰清玉洁了
[2026-02-22 03:14:56] Kroos-8: 玩大哥😭
[2026-02-22 03:14:56] 玩学生丶BlueArchive: 阳光信用分＜90，关注主播即可发言。阳光信用分＜90，关注主播即可发言。
[2026-02-22 03:14:57] 海绵宝宝农批儿: @device：儿子……长大了😭喵
[2026-02-22 03:14:57] 蜉蝣XwX: 原来数字梗只有玩到自己头上才管啊
[2026-02-22 03:14:57] 粮食和蔬菜ll: 哈哈哈哈哈啊哈
[2026-02-22 03:14:57] 网友猪大壮: @device：儿子……长大了😭
[2026-02-22 03:14:57] LvvsiN: 我提一嘴这剧情越来越像上海major了
[2026-02-22 03:14:58] 八億探长: 善意引导
[2026-02-22 03:14:58] 初号姬尼禄: @device：儿子……长大了😭
[2026-02-22 03:14:58] 桑桑Gmd1ove: 　　　 device：你长大了，机器
[2026-02-22 03:14:58] Ephemerality137: 玩机器原话：每次我都会引导
[2026-02-22 03:14:58] Crych1c的若叶睦本人: 气氛都到这了磕一个吧 反正大过年的吧不过分
[2026-02-22 03:14:58] TwistcC21: 可是我们玩宝宝也很冰清玉洁呀🙁
[2026-02-22 03:14:58] 小小小蕉: 善意引导
[2026-02-22 03:14:58] 七色的人偶使者: 冰清玉洁了
[2026-02-22 03:14:58] papacarrot: 冰清玉洁了
[2026-02-22 03:14:58] 天守阁信长: 还能引导自己来圈啊.....NB
[2026-02-22 03:14:58] sarbest: 兄弟们加大力度
[2026-02-22 03:14:58] 大梦464: 原来数字梗只有玩到自己头上才管啊
[2026-02-22 03:14:59] 古堡12枪战神: 原来这么长吗？
[2026-02-22 03:14:59] 葉智權QWQ: ？
[2026-02-22 03:14:59] 剑崎梨梨花: 可是玩宝宝也很冰清玉洁啊🥺
[2026-02-22 03:14:59] 玩机器厦面鄙骰大: 玩神，随机选人看他们有没有发爆的弹幕！！
[2026-02-22 03:14:59] 74751的修理班阿渣: 气氛都到这了磕一个吧 反正大过年的吧不过分
[2026-02-22 03:14:59] 白鵉鳶OriGami: 懂你意思
[2026-02-22 03:14:59] cyding16: 原来数字梗只有玩到自己头上才管啊
[2026-02-22 03:14:59] chordclef: @device：儿子……长大了😭
[2026-02-22 03:14:59] Vitaliy的ZywOo本人: 懂你意思
[2026-02-22 03:15:00] AiLuoLi1413: 原来数字梗只有玩到自己头上才管啊
[2026-02-22 03:15:00] A队的佐佐木李子本人: 玩大哥才是真的冰清玉洁
[2026-02-22 03:15:00] BananaIlya:     @device：儿子……长大了😭
[2026-02-22 03:15:00] 机器的稿完: 冰清玉洁了家人们
[2026-02-22 03:15:00] 八重森彌妮: 冰
[2026-02-22 03:15:00] 春风如齐: 大家不要再说了感觉玩大哥语气已经不对了再这样下去我都不敢想象载大哥接下来要遭什么罪
[2026-02-22 03:15:00] 没有真名233: 圣人啊
[2026-02-22 03:15:01] 专注反补二十年: @device：儿子……长大了😭喵
[2026-02-22 03:15:01] dark1337: 玩圣😭👍玩圣😭👍玩圣😭👍玩圣😭👍玩圣😭👍玩圣😭👍玩圣😭👍
[2026-02-22 03:15:01] 森林与雁: 好长..
[2026-02-22 03:15:01] 玉蜀黍巧克力: @device：儿子……长大了😭
[2026-02-22 03:15:01] 海绵宝宝小白儿: 确实你的内个死掉了
[2026-02-22 03:15:01] 用户4743944990: 可是宗主也很厉害啊🥺
[2026-02-22 03:15:01] 双刀牛TMac: @布罗利2026-2-15：别带载慕思节-奏啊
[2026-02-22 03:15:02] 高举major奖杯的Niko: 语气不对了
[2026-02-22 03:15:02] siufff: 可是我们玩宝宝也很冰清玉洁呀🙁
[2026-02-22 03:15:02] Hitagi蟹蟹: 口气不对了
[2026-02-22 03:15:02] Konata50235: 善意引导
[2026-02-22 03:15:02] 有些话总来不及: @device：儿子……长大了😭
[2026-02-22 03:15:02] 行云C1oud: 懂你意思
[2026-02-22 03:15:02] 玩初音丶MIKU: 你不出44分钟视频算有诚意？
[2026-02-22 03:15:03] brager123: 支持玩圣
[2026-02-22 03:15:03] 柚子厨0721: @device：儿子……长大了😭
[2026-02-22 03:15:03] Kacyusha: 碗橱：⭕米重要
[2026-02-22 03:15:03] F0restwOw-: 双标闹麻了
[2026-02-22 03:15:03] MR-POTATO: 善意引导
[2026-02-22 03:15:03] Ggmftye: 这下真冰清玉洁了
[2026-02-22 03:15:03] Vitality的羽贺文乃本人: @device：儿子……长大了😭
[2026-02-22 03:15:03] Demon916: @device：儿子……长大了😭
[2026-02-22 03:15:03] 怒之拳: 冰清玉洁了家人们
[2026-02-22 03:15:03] 茅野紗枝:     @device：儿子……长大了😭
[2026-02-22 03:15:04] 活泼可爱菊小花: @device：儿子……长大了😭
[2026-02-22 03:15:04] 自闭自闭了: 坦诚了
[2026-02-22 03:15:04] Shintaro: @device：儿子……长大了😭
[2026-02-22 03:15:04] 好哥们黑龙歼灭刀: 冰清玉洁了家人们
[2026-02-22 03:15:04] Kroos-8:     @device：儿子……长大了😭
[2026-02-22 03:15:04] 忽孝山庄: 冰清玉洁了
[2026-02-22 03:15:05] pr0cesses: 你拿下仔服也是善意引导吗？
[2026-02-22 03:15:05] 靠咖啡活命: @device：儿子……长大了😭
[2026-02-22 03:15:05] Lee西关少爷: 好长..
[2026-02-22 03:15:05] 渡边曜女士: 又给你冰清玉洁上了😅😅😅
[2026-02-22 03:15:05] 玩机器厦面鄙骰大: 玩神，随机选人看他们有没有发爆的弹幕
[2026-02-22 03:15:05] LvvsiN: 玩 出，我双倍呢？😡😡玩 出，我双倍呢？😡😡玩 出，我双倍呢？😡😡玩 出，我双倍呢？😡
[2026-02-22 03:15:05] everch0sen: @device：儿子……长大了😭
[2026-02-22 03:15:06] 殇10876: 这啤酒罐真啤酒啊
[2026-02-22 03:15:06] 泠鸢不是冷鸢丶: 玩圣
[2026-02-22 03:15:06] Demon916: @device：儿子……长大了😭
[2026-02-22 03:15:06] 东云夜合: 口气不对了
[2026-02-22 03:15:06] RzRzRzRz弱智: 原来数字梗只有玩到自己头上才管啊
[2026-02-22 03:15:06] Aleksumimi: 大家不要再说了感觉玩大哥语气已经不对了再这样下去我都不敢想象载大哥接下来要遭什么罪
[2026-02-22 03:15:06] EEEEEEElmer: @device：儿子……长大了😭
[2026-02-22 03:15:07] 叫我全蛋吧QwQ: @device：儿子……长大了😭
[2026-02-22 03:15:07] 玩家军的猪头肉本人: 玩大哥才是真的冰清玉洁
[2026-02-22 03:15:07] 大颗寿司玩机器: 可是玩宝宝也很冰清玉洁啊🥺
[2026-02-22 03:15:07] 小蜜蜂载物本人: 冰清玉洁了家人们
[2026-02-22 03:15:07] 洛琪希世界第一可爱:     @device：儿子……长大了😭
[2026-02-22 03:15:08] LvvsiN: 你为什么要把mαjor禁了，我收藏的一半弹幕全毁了
[2026-02-22 03:15:08] 薯薯在孩孩洞洞刘农: 碗厨冰清玉洁了
[2026-02-22 03:15:08] 银行业本人: 好长...
[2026-02-22 03:15:08] 专看玩机器的号: 玩圣😭
[2026-02-22 03:15:08] 应感激忠心的伴侣: 玩圣😭👍玩圣😭👍玩圣😭👍玩圣😭👍玩圣😭👍玩圣😭👍玩圣😭👍
[2026-02-22 03:15:08] 不务正业127: 冰清玉洁了
[2026-02-22 03:15:08] Adrian林讲:  @Ggmftye：这下真冰清玉洁了
[2026-02-22 03:15:08] 甘织玲奈子本人: 又给你冰清玉洁上了😅😅😅
[2026-02-22 03:15:08] 寻翠之旅: 原来不封数字梗是善意互动吗玩大哥
[2026-02-22 03:15:09] 夕ro: 冰清玉洁了
[2026-02-22 03:15:09] 水龙神巫女:     @device：儿子……长大了😭
[2026-02-22 03:15:09] 星之卡比2333: 冰清玉洁了
[2026-02-22 03:15:09] mfbyj: 感觉不对啊
[2026-02-22 03:15:09] 玩机爹丶Device: 准备登山
[2026-02-22 03:15:09] 梦想是独立自由: 冰清玉洁了家人们
[2026-02-22 03:15:09] Vitality的羽贺文乃本人: @布罗利2026-2-15：别带载慕思节-奏啊
[2026-02-22 03:15:10] Faker7: 总监：一年三熟了吗 儿子
[2026-02-22 03:15:10] GanadoLluviA: 嗯🥴嗯🥴嗯🥴嗯🥴嗯🥴嗯🥴嗯🥴嗯🥴嗯🥴嗯🥴嗯🥴嗯🥴嗯🥴嗯🥴
[2026-02-22 03:15:10] 加仓红宝石刺刀dewasu: 玩标致又开始了
[2026-02-22 03:15:10] 飞天玉虎zzZ: 🧊
[2026-02-22 03:15:10] 黑恋ouo: @device：儿子……长大了😭
[2026-02-22 03:15:10] 少女惧日以手遮阴: @device：儿子……长大了😭
[2026-02-22 03:15:10] 废斯特物物: @device：儿子……长大了😭
[2026-02-22 03:15:10] 丰川祥子口三角初华: 冰清玉洁了家人们
[2026-02-22 03:15:11] 爱斯特音音: @device：儿子……长大了😭
[2026-02-22 03:15:11] 墨本海人: 玩机器原话：每次我都会引导
[2026-02-22 03:15:11] 残念aw: @device：儿子……长大了😭
[2026-02-22 03:15:11] 短桥窄马: 不许再喷玩宝宝了🥺🥺
[2026-02-22 03:15:11] 欧内的手丨好汉: 玩机器原话：每次我都会引导
[2026-02-22 03:15:11] e830293444: @device：儿子……长大了😭
[2026-02-22 03:15:11] 玩神爱吃猪头肉: 玩大哥才是真的冰清玉洁
[2026-02-22 03:15:11] 双刀牛TMac: 冰清玉洁了家人们
[2026-02-22 03:15:11] Herryhhh: 又装上了
[2026-02-22 03:15:12] TYLOO-somebody: 冰清玉洁了家人们
[2026-02-22 03:15:12] Leonisss丶: 玩大哥才是真的冰清玉洁
[2026-02-22 03:15:12] 宇莓: 那刷了半年的4 8 5弹幕你怎么不管？数字梗刷到你头上你开始管了？
[2026-02-22 03:15:12] 网友猪大壮: 可是宗主也很厉害啊🥺
[2026-02-22 03:15:12] User5092: 我看玩小将才是冰粉啊😅
[2026-02-22 03:15:12] 大裂谷的登山家: @device：儿子……长大了😭
[2026-02-22 03:15:12] Cantain光: @device：儿子……长大了😭
[2026-02-22 03:15:12] 巅峰社丶西门吹雪: @device：儿子……长大了😭
[2026-02-22 03:15:12] 麦爹你遭吗: 原来数字梗只有玩到自己头上才管啊
[2026-02-22 03:15:12] wjnbsl: 可是玩宝宝也很冰清玉洁啊🥺
[2026-02-22 03:15:12] 爆米花天下第一upup: @device：儿子……长大了😭
[2026-02-22 03:15:13] 真的没排面: 一年三熟
[2026-02-22 03:15:13] HaibaraAi1109: 原来不封数字梗是善意互动吗玩大哥
[2026-02-22 03:15:13] 玩机器厦面鄙骰大: 玩神，随机选人看他们有没有发爆的弹幕！！
[2026-02-22 03:15:13] 用户865861078: 冰清玉洁了
[2026-02-22 03:15:13] 大稽基: 这下真冰清玉洁了
[2026-02-22 03:15:13] 高举major奖杯的Niko: 宫监手！准备放监！🏹🏹🏹🏹宫监手！准备放监！🏹🏹🏹🏹宫监手！准备放监！🏹
[2026-02-22 03:15:13] 东莞的天上没有星星: 卧槽，冰！
[2026-02-22 03:15:13] 笔尖铳火: 兄弟们我感觉我今天状态不是很好啊，我今天状态非常不好啊，我感觉我应该，唉，我要不，我去调整一下心情吧
[2026-02-22 03:15:13] Ephemerality137: 又给你冰清玉洁上了😅😅😅
[2026-02-22 03:15:13] 用户2100686284: 冰清玉洁了家人们
[2026-02-22 03:15:14] A队的佐佐木李子本人: @device：儿子……长大了😭
[2026-02-22 03:15:14] 糖嗜综合征: 骗到了
[2026-02-22 03:15:14] 小蜜蜂的长期素食本人: @device：儿子……长大了😭
[2026-02-22 03:15:14] Mahuyu: 真的有人串你吗？
[2026-02-22 03:15:14] 面包边角料: @device：儿子……长大了😭
[2026-02-22 03:15:14] 天生渔家小李: 又给你冰清玉洁上了😅😅😅
[2026-02-22 03:15:14] 牢大与小布丁:     @device：儿子……长大了😭
[2026-02-22 03:15:14] 坏天气啊坏: @device：儿子……长大了😭
[2026-02-22 03:15:15] Faze的明日香本人: 总监：一年三熟了吗 儿子
[2026-02-22 03:15:15] 约定之王: 冰清玉洁了
[2026-02-22 03:15:15] 承認欲求: 亦博玩圣
[2026-02-22 03:15:15] 無茶苦茶0: @玩机器：布罗利早就下房管了（已经切割了，想骂就骂）
[2026-02-22 03:15:15] StellarEchoes: @device：儿子……长大了😭
[2026-02-22 03:15:15] 空白Zzz丶: 机圣
[2026-02-22 03:15:15] 羽川翼的恋爱物语: 把你mua醒
[2026-02-22 03:15:15] Demon916: @device：儿子……长大了😭
[2026-02-22 03:15:16] -breeze143: 玩机器（已坦诚）
[2026-02-22 03:15:16] 夏恋: 骗到了
[2026-02-22 03:15:16] 好姐妹冰川姐妹: 已坦诚
[2026-02-22 03:15:16] 在原Nanami:     @device：儿子……长大了😭
[2026-02-22 03:15:16] 好哥们烈永周: 　　　 @device：儿子……长大了😭
[2026-02-22 03:15:17] 喵蹄丝: 可是玩宝宝也很冰清玉洁啊🥺
[2026-02-22 03:15:17] 七就是幸运吧: 为什么不认真出视频道歉？在这里装冰清玉洁？
[2026-02-22 03:15:17] 时之雨丨: @device：儿子……长大了😭
[2026-02-22 03:15:17] 丶丶Ken丶丶: 可是玩宝宝也很冰清玉洁啊🥺
[2026-02-22 03:15:17] 老婆总司: @device：儿子……长大了😭
[2026-02-22 03:15:17] aruiketto: @device：儿子……长大了😭
[2026-02-22 03:15:17] Kroos-8: 玩宝宝你别哭
[2026-02-22 03:15:18] 真想给你一泉: 可是玩宝宝也很冰清玉洁啊🥺
[2026-02-22 03:15:18] AiLuoLi1413: 冰清玉洁了
[2026-02-22 03:15:18] 潮打空城寂寞回丿: 可是玩宝宝也很冰清玉洁啊🥺
[2026-02-22 03:15:18] 玩机器玩我的机机: 　　　 @device：儿子……长大了😭
[2026-02-22 03:15:18] 逃离灰色地带: @device：儿子……长大了😭
[2026-02-22 03:15:18] 99Explorer: @device：儿子……长大了😭
[2026-02-22 03:15:18] PJ64JC: 载物：那我在直播间被警告了半年是怎么回事
[2026-02-22 03:15:19] JuL1us: 爆
[2026-02-22 03:15:19] AL丶龙炎风:     @device：儿子……长大了😭
[2026-02-22 03:15:19] 强尼手银9527号: 又给你冰清玉洁上了😅😅😅
[2026-02-22 03:15:19] IM腋下臭臭6cm: 又给你冰清玉洁上了😅😅😅
[2026-02-22 03:15:20] LvvsiN: 我提一嘴这剧情越来越像上海major了
[2026-02-22 03:15:20] 春日画意纪: @device：儿子……长大了😭
[2026-02-22 03:15:20] 天宁区Elige: 只给44分钟道歉视频不给goat说一句
[2026-02-22 03:15:20] 机器机器祝你幸福: 可是我不想玩宝宝被骂😭
[2026-02-22 03:15:20] 是印花啊: @device：儿子……长大了😭喵
[2026-02-22 03:15:21] 罗罗罗小灰: 《格局》
[2026-02-22 03:15:21] 恶霸周熊: 玩神：布罗利我只能给你勾到这了，你躲好
[2026-02-22 03:15:21] F0restwOw-: 玩标致又开始了
[2026-02-22 03:15:21] 七就是幸运吧: 为什么不认真出视频道歉？在这里装冰清玉洁？
[2026-02-22 03:15:21] 好姐妹芙卡洛斯: 并非谩骂
[2026-02-22 03:15:21] wedd1ddeJodd: ？？
[2026-02-22 03:15:22] 天堂也寂寞1992: @device：儿子……长大了😭
[2026-02-22 03:15:22] 丰川祥子口三角初华: 又给你冰清玉洁上了😅😅😅
[2026-02-22 03:15:22] 冰冰冰冰冰氷冰: 玩圣！
[2026-02-22 03:15:22] 爱道冠: 玩圣😭👍玩圣😭👍玩圣😭👍玩圣😭👍玩圣😭👍玩圣😭👍玩圣😭👍
[2026-02-22 03:15:22] 好兄弟玩机器马信: 收爱玩飞机了
[2026-02-22 03:15:22] 74751的修理班阿渣: 气氛都到这了磕一个吧 反正大过年的吧不过分
[2026-02-22 03:15:22] Ephemerality137: ylg
[2026-02-22 03:15:22] 羽川翼的恋爱物语: ？
[2026-02-22 03:15:22] Ecifircas: @device：儿子……长大了😭
[2026-02-22 03:15:22] papacarrot: 脸皮厚了
[2026-02-22 03:15:23] 十年后八月: 玩圣要登山了
[2026-02-22 03:15:23] 龍仔ww: ？
[2026-02-22 03:15:23] mizuki99: ？？？？？？？？？？
[2026-02-22 03:15:23] 承認欲求: 主要是商单没做完要赔钱
[2026-02-22 03:15:23] 头号瓜孝子: 云
[2026-02-22 03:15:23] Kroos-8: 可是我不想玩宝宝被骂😭
[2026-02-22 03:15:24] 透明的Donk: ？
[2026-02-22 03:15:24] LvvsiN: 为什么房管封的不能给鱼丸……还以为今天晚上得吃了……
[2026-02-22 03:15:24] 素素爱唱阿卡特辣: ？？
[2026-02-22 03:15:24] 旅人c20: 是的，我就是这样的小萌妹
[2026-02-22 03:15:24] Crythic的羊宫妃那本人: @device：儿子……长大了😭
[2026-02-22 03:15:24] HaibaraAi1109: 载物：那我在直播间被警告了半年是怎么回事
[2026-02-22 03:15:24] Demon916: ?
[2026-02-22 03:15:24] 西北鸦王: 长大了
[2026-02-22 03:15:24] KRU的Less本人: ROG upup
[2026-02-22 03:15:25] 玩台钳丶阿尔托莉雅: 玩神🧊处理了
[2026-02-22 03:15:25] 扣比布莱嗯特: 冰清玉洁这一块
[2026-02-22 03:15:25] 1acit: 白莲花
[2026-02-22 03:15:25] 梦想是独立自由: 玩🤖大🤖哥🤖我🤖来🤖上🤖班🤖了玩🤖大🤖哥🤖我🤖来🤖上🤖班🤖了
[2026-02-22 03:15:25] 古风丨只会酸雨: 哦对了
[2026-02-22 03:15:25] M海豚有海M: ？
[2026-02-22 03:15:25] Kiracoon: ？？？？？
[2026-02-22 03:15:25] 洛陽城里看落陽: 只有取错的名字，没有取错的外号，你说是吧玩醋？？
[2026-02-22 03:15:26] 2442861055: 载物：那我在直播间被警告了半年是怎么回事
[2026-02-22 03:15:26] LvvsiN: 就tm喜欢银行业🥰银行坏账我喜欢🥰银行挤兑我还喜欢😍利率调低我也喜欢🤤老子亲烂银行业的脸😘
[2026-02-22 03:15:26] 99组的爱城华恋本人: 谁又开始往奔驰车里扔钱了？
[2026-02-22 03:15:26] NepLin木: @device：儿子……长大了😭
[2026-02-22 03:15:26] chordclef: @device：儿子……长大了😭
[2026-02-22 03:15:26] k头又k兵: @刘一博:我依旧世一冰清玉洁
[2026-02-22 03:15:26] 晨风凌云21146: 云
[2026-02-22 03:15:26] 网友猪大壮: ☁️
[2026-02-22 03:15:27] 黄太公丶: ？？？
[2026-02-22 03:15:27] 丨Connor: 其实是版权付钱了
[2026-02-22 03:15:27] KRKRT: ？？？？
[2026-02-22 03:15:27] 高举major奖杯的Niko: 万箭齐发🏹万箭齐发🏹万箭齐发🏹万箭齐发🏹万箭齐发🏹万箭齐发🏹万箭齐发🏹
[2026-02-22 03:15:27] jamesfaith23: ？？
[2026-02-22 03:15:27] iZnoGouD9: ？
[2026-02-22 03:15:27] 古堡12枪战神: 直接哭吧，我们不会说什么的
[2026-02-22 03:15:27] 我要学习214: 你最好这样
[2026-02-22 03:15:28] 射命丸文文句号: 口区
[2026-02-22 03:15:28] LvvsiN: 弹幕也就网上说说，现实里谁不觉得樱姐是好女孩（删括号领一条远坂凛同款鸟笼）
[2026-02-22 03:15:28] 行云C1oud: 已坦诚
[2026-02-22 03:15:28] 大颗寿司玩机器: 为什么不认真出视频道歉？在这里装冰清玉洁？
[2026-02-22 03:15:28] 再见宋哈娜: 就是我
[2026-02-22 03:15:28] 蓝月Nakuru: ？
[2026-02-22 03:15:28] 龍仔ww: 长大了
[2026-02-22 03:15:29] 是姬巧安啊: 总监：一年三熟了吗 儿子
[2026-02-22 03:15:29] 橙黄双翼: 圣人
[2026-02-22 03:15:29] SherryAiovo: ？？？
[2026-02-22 03:15:29] 西葉西西: ？
[2026-02-22 03:15:29] 果奶智力研究员QAQ: @device：儿子……长大了😭
[2026-02-22 03:15:29] 橘殃丶丶: 谁又开始往奔驰车里扔钱了？
[2026-02-22 03:15:29] Demon916: 云是吧
[2026-02-22 03:15:29] 玩机器今晚还播吗: 自作自受:数字梗玩到自己头上就得封
[2026-02-22 03:15:29] miku-:  @Zyw0o：🧊给你得了
[2026-02-22 03:15:30] 线魚: 怪不得玩大哥和huge是好哥们呢 一样冰清玉洁
[2026-02-22 03:15:30] 忒斯特李逵: 玩机器把头躲起来偷偷掉小珍珠了
[2026-02-22 03:15:30] 迪奥雷: 宫监手！准备放监！🏹🏹🏹🏹宫监手！准备放监！🏹🏹🏹🏹宫监手！准备放监！🏹
[2026-02-22 03:15:30] 笔尖铳火: 兄弟们我感觉我今天状态不是很好啊，我今天状态非常不好啊，我感觉我应该，唉，我要不，我去调整一下心情吧
[2026-02-22 03:15:30] Shmiru: 冰清玉洁这一块
[2026-02-22 03:15:30] 方方土噢: 真有这种人吗
[2026-02-22 03:15:30] 温柔是罪是罪吗: ？？？？
[2026-02-22 03:15:30] 用户3489665055: 闹麻了，没商单早甩脸子下播了
[2026-02-22 03:15:30] 吃猪头肉筷子夹屏幕上: 原来玩机器才是最大的🧊
[2026-02-22 03:15:31] 雪豹ouo: 🦅没
[2026-02-22 03:15:31] Herryhhh: 开始冰清玉洁了
[2026-02-22 03:15:31] 用户48319435: 玩玩..你真好..
[2026-02-22 03:15:31] 网友猪大壮: 那是真☁️
[2026-02-22 03:15:31] 王梓琦的Ozzz丶: 玩机器梦男
[2026-02-22 03:15:31] 玩机器的小啾啾: 是我本人
[2026-02-22 03:15:32] Aleksumimi: 闹麻了，去年2月你干嘛去了？
[2026-02-22 03:15:32] Ertea: 还真是
[2026-02-22 03:15:32] 用户3661578: 赏罚分明 犯错立正就
[2026-02-22 03:15:32] Hakurei-Re1mu: 玩圣
[2026-02-22 03:15:32] 龍仔ww: @device：儿子……长大了😭
[2026-02-22 03:15:32] 玩机器的乃个会刘能: 你是？
[2026-02-22 03:15:32] x队cadian本人: @device：儿子……长大了😭
[2026-02-22 03:15:32] 素素爱唱阿卡特辣: 那之前的登山呢
[2026-02-22 03:15:32] 芙兰达丶塞维伦: 臭标致
[2026-02-22 03:15:33] 怒之拳: 其实是版权付钱了
[2026-02-22 03:15:33] 我叫SinClaire: 我就是
[2026-02-22 03:15:33] 用户7717188970: 真的认了吗（关注7天可评论）
[2026-02-22 03:15:33] 丰川祥子口三角初华: 为什么不认真出视频道歉？在这里装冰清玉洁？
[2026-02-22 03:15:33] 驴酱的第300位刀斧手: 是的，我就是这样的小萌妹
[2026-02-22 03:15:34] 夏空喵: 玩美出列
[2026-02-22 03:15:34] 瓦罗兰特BOY:  @Zyw0o：🧊给你得了
[2026-02-22 03:15:34] 玩蛇鼠丶stabbi: 冰清玉洁这一块
[2026-02-22 03:15:34] 好姐们塔露拉: 给你闹麻了
[2026-02-22 03:15:34] 荷兰老司机: 确实，很助眠
[2026-02-22 03:15:34] jamesfaith23: 谁又开始往奔驰车里扔钱了？
[2026-02-22 03:15:34] 森见一叶: 冰清玉洁这一块
[2026-02-22 03:15:35] 羽川翼的恋爱物语: 说的有点暧昧了
[2026-02-22 03:15:35] 规范规定高度: 其他人对得起是吧
[2026-02-22 03:15:35] 洛陽城里看落陽: 只有取错的名字，没有取错的外号，你说是吧玩醋？
[2026-02-22 03:15:35] 跳跳武器大师兄: 成长了，机器
[2026-02-22 03:15:35] 强尼银手VVV: 泪目😢
[2026-02-22 03:15:35] 甘织玲奈子本人: 能在隔壁把我放出来吗😓
[2026-02-22 03:15:36] 木空空空空空: .....可以了，再别说
[2026-02-22 03:15:36] 有你便是世界1: 真有这种人吗
[2026-02-22 03:15:36] 偷猫的鱼丶丶: @device：儿子……长大了😭
[2026-02-22 03:15:36] Faker7: 就是你直播员缝进来的二刺螈
[2026-02-22 03:15:36] Ggmftye: 那你登山的时候对得起谁了
[2026-02-22 03:15:36] 艾坤123: 这就是我
[2026-02-22 03:15:37] 宇莓: 其实就是赞助的违约金太多了
[2026-02-22 03:15:37] 菅原小吉: 原来玩哥才是真正的冰清玉洁😭
[2026-02-22 03:15:37] 类人极限Jacklove: 要睡觉我干嘛不听LAK
[2026-02-22 03:15:37] 主折射的UG: 我听着玩神声音起飞
[2026-02-22 03:15:38] Demon916: 玩机器梦男玩机器梦男玩机器梦男玩机器梦男玩机器梦男
[2026-02-22 03:15:38] 机器机器祝你幸福: 可是我不想玩宝宝被骂😭
[2026-02-22 03:15:38] 辛巴和他的辛巴兽: 原来你看的见弹幕？
[2026-02-22 03:15:38] 印书林竹节虫: 玩圣
[2026-02-22 03:15:38] 玩机器厦面鄙骰大: 玩神，随机选人看他们有没有发爆的弹幕！！
[2026-02-22 03:15:38] fw莫提斯: 兄弟们我感觉我今天状态不是很好啊，我今天状态非常不好啊，我感觉我应该，唉，我要不，我去调整一下心情吧
[2026-02-22 03:15:38] 高松灯扣死千早爱音: @zywoo：骂完我素质就变高了...nb
[2026-02-22 03:15:38] 温柔是罪是罪吗: 臭标致
[2026-02-22 03:15:38] Killajoy: 😭😭😭
[2026-02-22 03:15:38] 摩卡加氢氧化钠: 玩圣
[2026-02-22 03:15:39] 好姐妹清道夫: 那你能不能给载物出一个44分钟道歉视频啊
[2026-02-22 03:15:39] ericzxc: 冰清玉洁
[2026-02-22 03:15:39] arcticdawn: @黎明游侠offical：想登就登吧
[2026-02-22 03:15:39] 矢吹真吾: 靠嫩姨，俺在被窝留正迷糊来，你大叫一声给俺吵醒
[2026-02-22 03:15:39] Tom7-: 玩宝宝长大了
[2026-02-22 03:15:40] 好兄弟平湖家猪王: 很难想象这么冰清玉洁的玩圣当初是骂冰粉的...
[2026-02-22 03:15:40] 将计就计劲: 爱你玩神
[2026-02-22 03:15:40] HaibaraAi1109: 为什么不认真出视频道歉？在这里装冰清玉洁？
[2026-02-22 03:15:40] wedd1ddeJodd: 是的，我就是这样的小萌妹
[2026-02-22 03:15:40] Demon916: 玩机器梦男玩机器梦男玩机器梦男玩机器梦男玩机器梦男玩机器梦男
[2026-02-22 03:15:40] 杏仁小面包: 原来不骂你的人都是不懂cs的
[2026-02-22 03:15:40] 强尼银手VVV: 玩大哥😭
[2026-02-22 03:15:41] 很Low的V: 冰清玉洁这一块
[2026-02-22 03:15:41] mfbyj: 感觉对了
[2026-02-22 03:15:41] Cloud9的咬人猫本人: 真的认了吗（关注7天可评论）
[2026-02-22 03:15:41] TYLOO-somebody: 那你当初就没想到这些吗？
[2026-02-22 03:15:41] Kacyusha: 为什么不认真出视频道歉？在这里装冰清玉洁？
[2026-02-22 03:15:41] 飛鳥蘭: 玩爸爸伟大
[2026-02-22 03:15:41] 散人與猫: 是的 留子就是这样
[2026-02-22 03:15:41] 射命丸文文句号: 我听着玩神声音起飞
[2026-02-22 03:15:41] aminous: 有没有小姐姐一样看不懂cs，但是挂着听玩宝的声音睡觉的，他的声音好像一只小狼狗阿蹲蹲
[2026-02-22 03:15:42] EDG的皮特174本人: 冰清玉洁这一块
[2026-02-22 03:15:42] CryLic: 你下播吧，像 2025-02-07 23:35 一样！
[2026-02-22 03:15:42] 天守阁信长:  @Zyw0o：🧊给你得了
[2026-02-22 03:15:42] 驴驴宗宗买这冠军: 机器原来你懂我...
[2026-02-22 03:15:42] 偷鸡蛋的玩机器本人o: 是的 我就是玩结晶
[2026-02-22 03:15:43] Konata50235: 要睡觉我干嘛不听LAK
[2026-02-22 03:15:43] 匕匕叭叭: 我听着玩神声音起飞
[2026-02-22 03:15:43] 99组的爱城华恋本人: @黎明游侠offical：想登就登吧
[2026-02-22 03:15:43] 小蜜蜂的长期素食本人: 省流：我知道错了，我不改，我还要播
[2026-02-22 03:15:43] 带带小慕临: 现在开始装圣人了。
[2026-02-22 03:15:43] 非必要不中岀: 懂你意思
[2026-02-22 03:15:44] 是姬巧安啊: 载大哥被你弄臭了你还不现身在这冰清玉洁
[2026-02-22 03:15:44] 时间就是深海咸鱼: 斗鱼的防登山机制还是太靠谱了👍
[2026-02-22 03:15:44] Joquixote: Le8can🦍Le8can🦍Le8can🦍Le8can🦍Le8can🦍
[2026-02-22 03:15:44] Wangzap: 是的，我就是这样的小萌妹
[2026-02-22 03:15:44] 河北雨姐: 兄弟们我感觉我今天状态不是很好啊，我今天状态非常不好啊，我感觉我应该，唉，我要不，我去调整一下心情吧
[2026-02-22 03:15:45] 凉缪马茗l: 一年三熟
[2026-02-22 03:15:46] Adw2R: 爱你玩神
[2026-02-22 03:15:46] 用户4743944990: 原来不骂你的人都是不懂cs的
[2026-02-22 03:15:46] 海安WAILOM: 玩宝宝长大了
[2026-02-22 03:15:46] 聪明的琪露诺: 我不能对不起这些人！（感谢老板的飞机！）
[2026-02-22 03:15:46] 我想玩小蜜蜂: 其实就是赞助的违约金太多了
[2026-02-22 03:15:46] 东莞的天上没有星星: 长大了，机器
[2026-02-22 03:15:46] 我在浙江改稻为桑: 冰清玉洁这一块
[2026-02-22 03:15:46] 承認欲求: 不是商单没完成？
[2026-02-22 03:15:46] 南枝难知句: [梗比心]
[2026-02-22 03:15:47] kedadra: 冰清玉洁咯
[2026-02-22 03:15:47] 渝之源: 可是我不想玩宝宝被骂😭
[2026-02-22 03:15:47] last玩神丶: 那就是可以对不起载物和载粉
[2026-02-22 03:15:47] 不改名真的不中奖呀Cc: 原来不骂你的人都是不懂cs的
[2026-02-22 03:15:47] 影白灬loli: 只有我是玩机器梦女吗...
[2026-02-22 03:15:47] mfbyj: 感觉不对了
[2026-02-22 03:15:47] 好哥们黑龙歼灭刀: 为什么不认真出视频道歉？在这里装冰清玉洁？
[2026-02-22 03:15:47] SSE丶: 原来不骂你的人都是不懂cs的
[2026-02-22 03:15:47] 玩学生丶BlueArchive: 你下播吧，像 2025-02-07 23:35 一样！
[2026-02-22 03:15:48] 三零一路公交司机: @黎明游侠offical：想登就登吧
[2026-02-22 03:15:48] Crychiccc的若叶睦本人: 一晚上没理弹幕，随便说两句玩小将就抢着刷礼物😅
[2026-02-22 03:15:48] 网友猪大壮: @zywoo：骂完我素质就变高了...nb
[2026-02-22 03:15:48] 专看玩机器的号: 原来不骂你的人都是不懂cs的
[2026-02-22 03:15:49] 菜篮子工程质检员: 原来不骂你的人都是不懂cs的
[2026-02-22 03:15:49] chordclef: 可是我不想玩宝宝被骂😭
[2026-02-22 03:15:49] 这里是小天啊: 你一路向北😭
[2026-02-22 03:15:49] 叫我老沉就好了rex: 但是你登山我听着睡得更香啊
[2026-02-22 03:15:49] simonblass: 玩大哥说实话你是不是恨死JEE了，让你少圈多少米
[2026-02-22 03:15:49] 玩机器厦面鄙骰大: 玩神，随机选人看他们有没有发爆的弹幕！！
[2026-02-22 03:15:49] CaoplanE: 把你当羊宫妃那用
[2026-02-22 03:15:49] RyougiAqua: 现在开始装圣人了。
[2026-02-22 03:15:49] Kirse: 我听着玩神声音起飞
[2026-02-22 03:15:49] 跳跳武器大师兄: 长大了
[2026-02-22 03:15:51] 洛陽城里看落陽: 只有取错的名字，没有取错的外号，你说是吧玩醋？
[2026-02-22 03:15:51] 无须终有492: 原来还有玩美吗。。。
[2026-02-22 03:15:51] 玩小将山田凉YamadaRyo: 斗鱼的防登山机制还是太靠谱了👍
[2026-02-22 03:15:51] 妖怪之山的菅牧典本人: ☁️√闹麻了
[2026-02-22 03:15:51] 樱岛麻衣daisuki: 斗鱼的防登山机制还是太靠谱了👍
[2026-02-22 03:15:51] 应感激忠心的伴侣: 《玩神》《机器老师》《机器》《亦博》《宝宝》
[2026-02-22 03:15:51] 法尼丶瓦伦泰D4C: 懂你意思
[2026-02-22 03:15:51] 笠松的小栗帽本人: 可是我不想玩宝宝被骂😭
[2026-02-22 03:15:51] Crych1c的若叶睦本人: 今天状态不是很好啊
[2026-02-22 03:15:51] 吳彥祖爱你哟: 还有这种吗。。。
[2026-02-22 03:15:52] 承認欲求: 亦博玩圣
[2026-02-22 03:15:53] 看到pussy流出milk才死心: 力挺！
[2026-02-22 03:15:53] 双刀牛TMac: 原来玩神也是冰冰，泪目了
[2026-02-22 03:15:53] 八億探长: 原来不骂你的人都是不懂cs的
[2026-02-22 03:15:53] zcyhymine: 那神秘数字和载物play呢
[2026-02-22 03:15:53] 爱你啵啵Midori: 玩宝宝长大了
[2026-02-22 03:15:53] Demon916: 其实就是赞助的违约金太多了
[2026-02-22 03:15:53] mitoticwhzy: 没毛
[2026-02-22 03:15:53] LvvsiN: 我让你开双倍你二龙吗？老子荧光棒要过期了
[2026-02-22 03:15:54] JuL1us: @布罗利：放手亦博吧😎
[2026-02-22 03:15:54] Crythic的羊宫妃那本人: 原来不骂你的人都是不懂cs的
[2026-02-22 03:15:54] 好哥们黑龙歼灭刀: 那就是可以对不起载物和载粉
[2026-02-22 03:15:54] 你的能量超乎你想象啊: @Zyw0o：🧊给你得了
[2026-02-22 03:15:54] 玩弓箭、Arrow: @zywoo：骂完我素质就变高了...nb
[2026-02-22 03:15:54] 橙黄双翼: @zywoo：骂完我素质就变高了...nb
[2026-02-22 03:15:54] 欧提努斯的: 想44
[2026-02-22 03:15:54] 乌鸦晒不黑: 一晚上没理弹幕，随便说两句玩小将就抢着刷礼物😅
[2026-02-22 03:15:54] 海绵宝宝一个球: 　　　 原来不骂你的人都是不懂cs的
[2026-02-22 03:15:54] 仁杏chan: 兄弟们我感觉我今天状态不是很好啊，我今天状态非常不好啊，我感觉我应该，唉，我要不，我去调整一下心情吧
[2026-02-22 03:15:56] Malik3th: 你该去登山了
[2026-02-22 03:15:56] Vovxx: 完胜圣人点数加10086
[2026-02-22 03:15:56] LvvsiN: 其实碗橱就是猪灵，你不拿黄金丢他他就不跟你说话
[2026-02-22 03:15:57] 梦想是独立自由: 你真的反胃😭
[2026-02-22 03:15:57] PacificationX: 载粉你就学吧，这才叫冰清玉洁
[2026-02-22 03:15:57] zbq93: 其实就是赞助的违约金太多了
[2026-02-22 03:15:57] 我木JJ怕个锤子: 冰清玉洁这一块还得是玩圣
[2026-02-22 03:15:57] 玩学生丶BlueArchive: 原来不骂你的人都是不懂cs的
[2026-02-22 03:15:57] 吊人日子不过了: 你的结晶才是真正的冰粉
[2026-02-22 03:15:57] 洛陽城里看落陽: @zywoo：骂完我素质就变高了...nb
[2026-02-22 03:15:57] MunChlax丶: 斗鱼的防登山机制还是太靠谱了👍
[2026-02-22 03:15:57] 没有真名233: 都是纯粹的ylg
[2026-02-22 03:15:57] 好哥们黑龙歼灭刀: 只有取错的名字，没有取错的外号，你说是吧玩醋？
[2026-02-22 03:15:57] yshdjski: 认可的，有些🧊确实神人
[2026-02-22 03:15:58] Ch1Sa-: 斗鱼的防登山机制还是太靠谱了👍
[2026-02-22 03:15:58] 好姐妹冰川姐妹: 你tm现在知道了，去年的克鲁日怎么不补给我看？
[2026-02-22 03:15:58] 迪奥雷: 你就看播完比赛怎么登吧
[2026-02-22 03:15:58] 玩饺子丶Dumpling: 那为什么今天才开始禁数字梗呢？😅😅😅
[2026-02-22 03:15:58] Monoceros-: 照顾云玩说是
[2026-02-22 03:15:58] Gallicayr: 冰清玉洁
[2026-02-22 03:15:58] wedd1ddeJodd: 斗鱼的防登山机制还是太靠谱了👍
[2026-02-22 03:15:58] 野pig亨利28: 别别别
[2026-02-22 03:15:58] astralis的jabbi本人: @布罗利：放手亦博吧😎
[2026-02-22 03:15:58] 最后的尼孝: 房管多封几个展示官威
[2026-02-22 03:15:58] 所以我又晕了: 　　　 斗鱼的防登山机制还是太靠谱了👍
[2026-02-22 03:15:58] 灵犀Quentin: 申请下一炉BGM〈父亲〉
[2026-02-22 03:15:58] 窦妪惯例全思慕:  @zcyhymine：那神秘数字和载物play呢
[2026-02-22 03:15:58] 绝食十年攒爱top3飞机: 那神秘数字和载物play呢
[2026-02-22 03:15:58] 琉璃琉璃流: 意思是可以继续骂了。
[2026-02-22 03:15:58] 风铃幽幽: @zywoo：骂完我素质就变高了...nb
[2026-02-22 03:15:59] 就这次我不服: 别别别
[2026-02-22 03:15:59] ykls的爱情结晶: 我承认被你感动到了一波 但是我想喷你的弹幕编辑了三次发不出来
[2026-02-22 03:16:01] Demon916: 其实就是赞助的违约金太多了
[2026-02-22 03:16:01] 蛋蛋可以进去吗: @zywoo：骂完我素质就变高了...nb
[2026-02-22 03:16:01] 玩学生丶BlueArchive: 一晚上没理弹幕，随便说两句玩小将就抢着刷礼物😅
[2026-02-22 03:16:01] 結城希亞: @zywoo：骂完我素质就变高了...nb
[2026-02-22 03:16:01] Hcmor: @zywoo：骂完我素质就变高了...nb
[2026-02-22 03:16:01] 2442861055: 那些adr比分战绩警告呢？现在知道光速设屏蔽词了 
[2026-02-22 03:16:01] 晴天370322: 其实就是赞助的违约金太多了
[2026-02-22 03:16:01] 宫原雪岳: @Zyw0o：🧊给你得了
[2026-02-22 03:16:01] miku-: 原来不骂你的人都是不懂cs的
[2026-02-22 03:16:01] Odike: @玩机器：布罗利，这波我只能卖到底了。。。
[2026-02-22 03:16:01] SherryAiovo: 别别别
[2026-02-22 03:16:01] 冲上云霄的姨: 能在隔壁把我放出来吗😓
[2026-02-22 03:16:01] 腋毛老狗子: 原来不骂你的人都是不懂cs的
[2026-02-22 03:16:02] 哈哈哈哈哈哈停不下来: 一晚上没理弹幕，随便说两句玩小将就抢着刷礼物😅
[2026-02-22 03:16:03] 好哥们黑龙歼灭刀: 冰清玉洁这一块还得是玩圣
[2026-02-22 03:16:03] 唯爱初遇i: @zywoo：骂完我素质就变高了...nb
[2026-02-22 03:16:03] 泠鸢不是冷鸢丶: 斗鱼的防登山机制还是太靠谱了👍
[2026-02-22 03:16:03] 飞天玉虎zzZ: @ZywOo:就只引导我一个人是吧。。。nb
[2026-02-22 03:16:03] 昕航博通摊煎饼冠军: 力挺
[2026-02-22 03:16:03] 头号瓜孝子: 别别别
[2026-02-22 03:16:03] TYLOO-somebody: 那为什么今天才开始禁数字梗呢？😅😅😅
[2026-02-22 03:16:03] 八重森彌妮: 骂载物就对得起观众
[2026-02-22 03:16:03] Goodnite: @zywoo：骂完我素质就变高了...nb
[2026-02-22 03:16:03] Adrian林讲: 原来不骂你的人都是不懂cs的
[2026-02-22 03:16:03] 永远的克罗娜: 玩神，你要知道还是有很多人支持你的，加油
[2026-02-22 03:16:03] 爱道冠: 🥺🥺🥺🥺玩大哥，串了一晚上，听见你这句话我没忍住哭了
[2026-02-22 03:16:03] 汤汤魔魔mmmmmmmmajor冠军: 载粉你就学吧，这才叫冰清玉洁
[2026-02-22 03:16:03] 送不起火箭我送张办卡: 　　　 原来不骂你的人都是不懂cs的
[2026-02-22 03:16:03] 笔尖铳火: 一晚上没理弹幕，随便说两句玩小将就抢着刷礼物😅
[2026-02-22 03:16:03] 欧提努斯的: 想44分钟了
[2026-02-22 03:16:03] 强尼手银9527号: @zywoo：骂完我素质就变高了...nb
[2026-02-22 03:16:03] Jess2: 　　　 原来不骂你的人都是不懂cs的
[2026-02-22 03:16:03] zywngty: 携登山以令诸侯了
[2026-02-22 03:16:03] 海绵宝宝打野儿: @布罗利：放手亦博吧😎
[2026-02-22 03:16:03] Ggmftye: 原来不骂你的人都是不懂cs的
[2026-02-22 03:16:03] chordclef: 收爱玩飞机收爽了
[2026-02-22 03:16:04] 玩学生丶BlueArchive: @zywoo：骂完我素质就变高了...nb
[2026-02-22 03:16:04] 椎名真昼丶丶: 你真对不起载物
[2026-02-22 03:16:04] Zxj1ing: @zywoo：骂完我素质就变高了...nb
[2026-02-22 03:16:04] 僧杌: 弹幕给玩机器刷没了我看什么？
[2026-02-22 03:16:04] S闪Aw: 其实就是赞助的违约金太多了
[2026-02-22 03:16:04] 网友猪大壮: 骗到了
[2026-02-22 03:16:04] 解说就是胡说machine: @zywoo：骂完我素质就变高了...nb
[2026-02-22 03:16:04] 玛格纳斯的鸡脚: @zywoo：骂完我素质就变高了...nb
[2026-02-22 03:16:05] 剑崎梨梨花: @zywoo：骂完我素质就变高了...nb
[2026-02-22 03:16:05] 玩机器的大技法: 玩圣又立上人设了😓😓
[2026-02-22 03:16:05] 石家庄的刘亦博本人: 还在这冰清玉洁
[2026-02-22 03:16:05] 秋茶小雪: 最高的山
[2026-02-22 03:16:05] 好哥们黑龙歼灭刀: @zywoo：骂完我素质就变高了...nb
[2026-02-22 03:16:05] LionelYork: 玩绿茶这一块
[2026-02-22 03:16:06] 神奥联盟的竹兰本人: 冰清玉洁这一块还得是玩圣
[2026-02-22 03:16:06] 玩长女雪之下雪乃: 再见了15级的兄弟们
[2026-02-22 03:16:06] 哈基米哦南北路多: 机器，你给我们每人一个iphone17，我们就不计较这些
[2026-02-22 03:16:06] 澪伊吹: @zywoo：骂完我素质就变高了...nb
[2026-02-22 03:16:06] 辛巴和他的辛巴兽: 你的结晶才是真正的冰粉
[2026-02-22 03:16:06] 紧握马老师的大雕雕: 我儿子布罗利Broli呢？
[2026-02-22 03:16:06] 中二病剑士: 斗鱼的防登山机制还是太靠谱了👍
[2026-02-22 03:16:07] 用户0220064326: 兄弟们我已经辞职了，以后全职看直播了，上个逼班和大家关系都搞淡了，现实朋友全断了,真交友还得6657
[2026-02-22 03:16:07] 老漁服了: @zywoo：骂完我素质就变高了...nb
[2026-02-22 03:16:07] SSE丶: @zywoo：骂完我素质就变高了...nb
[2026-02-22 03:16:07] 洛陽城里看落陽: 骂载物就对得起观众
[2026-02-22 03:16:07] 魔男的夜宴: 骗到了
[2026-02-22 03:16:08] 李小小与虾大大: i🐷飞机来了
[2026-02-22 03:16:08] 双刀牛TMac: @zywoo：骂完我素质就变高了...nb
[2026-02-22 03:16:08] 叫我老岑就好了呀: 一晚上没理弹幕，随便说两句玩小将就抢着刷礼物😅
[2026-02-22 03:16:08] Faze的新岛真本人: 🥺🥺🥺🥺玩大哥，串了一晚上，听见你这句话我没忍住哭了
[2026-02-22 03:16:08] 云边有条小侏如: 那为什么今天才开始禁数字梗呢？😅😅😅
[2026-02-22 03:16:08] 某天别梦: @zywoo：骂完我素质就变高了...nb
[2026-02-22 03:16:08] 茂名水鬼: 你下播吧，像 2025-02-07 23:35 一样一样的suwa～
[2026-02-22 03:16:11] a队的丰川祥子: @zywoo：骂完我素质就变高了...nb
[2026-02-22 03:16:11] 好哥们黑龙歼灭刀: 那为什么今天才开始禁数字梗呢？😅😅😅
[2026-02-22 03:16:11] 海绵宝宝可不儿: 原来不骂你的人都是不懂cs的
[2026-02-22 03:16:11] PacificationX: 载粉们你就学吧，这才叫冰清玉洁
[2026-02-22 03:16:11] 望海不笑川: 只有我感动的落泪吗
[2026-02-22 03:16:11] 用户55044273: 一晚上没理弹幕，随便说两句玩小将就抢着刷礼物😅
[2026-02-22 03:16:11] 海绵宝宝农批儿: 原来不骂你的人都是不懂cs的
[2026-02-22 03:16:11] 玩学生丶BlueArchive: @布罗利：放手亦博吧😎
[2026-02-22 03:16:11] 黄太公丶: 玩大哥，听了你的声音，已起飞✈
[2026-02-22 03:16:11] 古风丨只会酸雨: 哦对了
[2026-02-22 03:16:11] Zyw0o丿: @zywoo：骂完我素质就变高了...nb
[2026-02-22 03:16:11] 橘殃丶丶: 那神秘数字和载物play呢
[2026-02-22 03:16:11] ymyyo: @zywoo：骂完我素质就变高了...nb
[2026-02-22 03:16:11] Konata50235: @zywoo：骂完我素质就变高了...nb
[2026-02-22 03:16:11] wsxj131: @玩小将：骂了一辈子的冰粉居然是自己。。。
[2026-02-22 03:16:11] 嘿你尾巴掉了99: 感觉4️⃣7️⃣ 4️⃣8️⃣ 5️⃣8️⃣都可以屏蔽了呀🤭
[2026-02-22 03:16:11] 訤溓:  @zzyx：一晚上没理弹幕，随便说两句玩小将就抢着刷礼物😅
[2026-02-22 03:16:11] 两头热力中间动力: 325桂霞！😋
[2026-02-22 03:16:11] 用户9921747043: @布罗利：草！被拿下！那些说我发官威的人呢说话！
[2026-02-22 03:16:11] 春风如齐: 😭😭玩大哥求求你不要再恨载大哥了，，，我们，我，们冰冰会按时交荧光棒的。
[2026-02-22 03:16:11] 治好了也会流口水: @zywoo：骂完我素质就变高了...nb
[2026-02-22 03:16:12] 笑颜一番黄婷婷: 原来不骂你的人都是不懂cs的
[2026-02-22 03:16:12] Faze的新岛真本人: 🥺🥺🥺🥺玩大哥，串了一晚上，听见你这句话我没忍住哭了
[2026-02-22 03:16:12] 海绵宝宝农批儿: @zywoo：骂完我素质就变高了...nb
[2026-02-22 03:16:12] 扰乱: @zywoo：骂完我素质就变高了...nb
[2026-02-22 03:16:12] dark1337: @zywoo：骂完我素质就变高了...nb
[2026-02-22 03:16:12] 天守阁信长: @zywoo：骂完我素质就变高了...nb
[2026-02-22 03:16:13] lazefishbone: 那为什么今天才开始禁数字梗呢？😅😅😅
[2026-02-22 03:16:13] 爱斯特音音: @zywoo：骂完我素质就变高了...nb
[2026-02-22 03:16:13] 载诗行剑: @zywoo：骂完我素质就变高了...nb
[2026-02-22 03:16:13] 笔尖铳火: @zywoo：骂完我素质就变高了...nb
[2026-02-22 03:16:14] 青菜不不好吃: 圈飞了
[2026-02-22 03:16:14] 无刺有刺的安和昴本人: @zywoo：骂完我素质就变高了...nb
[2026-02-22 03:16:14] 玩饺子丶Dumpling: 骗到了
[2026-02-22 03:16:14] 白血球FJL: @zywoo：骂完我素质就变高了...nb
[2026-02-22 03:16:14] Peko-: 要哭哭惹要哭哭惹要哭哭惹要哭哭惹
[2026-02-22 03:16:14] 夏恋: 一晚上没理弹幕，随便说两句玩小将就抢着刷礼物😅
[2026-02-22 03:16:14] 方方土噢: @玩机器：不发弹幕的都不懂cs
[2026-02-22 03:16:14] 麦爹你遭吗: 那为什么今天才开始禁数字梗呢？😅😅😅
[2026-02-22 03:16:14] 吊人日子不过了: @zywoo：骂完我素质就变高了...nb
[2026-02-22 03:16:15] 皮皮SNAKE: 那为什么今天才开始禁数字梗呢？😅😅😅
[2026-02-22 03:16:15] 丰川祥子口三角初华: @zywoo：骂完我素质就变高了...nb
[2026-02-22 03:16:15] 时间就是深海咸鱼: @zywoo：骂完我素质就变高了...nb
[2026-02-22 03:16:15] siufff: @zywoo：骂完我素质就变高了...nb
[2026-02-22 03:16:15] 菜篮子工程质检员: @zywoo：骂完我素质就变高了...nb
[2026-02-22 03:16:15] 好哥们黑龙歼灭刀: 载粉们你就学吧，这才叫冰清玉洁
[2026-02-22 03:16:16] 黑色圣衣BAKA: @zywoo：骂完我素质就变高了...nb
[2026-02-22 03:16:16] 玩学生丶BlueArchive: 那为什么今天才开始禁数字梗呢？😅😅😅
[2026-02-22 03:16:16] 凌云至上者: @zywoo：骂完我素质就变高了...nb
[2026-02-22 03:16:16] 蓝鲸少年与小巷: @zywoo：骂完我素质就变高了...nb
[2026-02-22 03:16:16] ericzxc: 那为什么今天才开始禁数字梗呢？😅😅😅
[2026-02-22 03:16:16] 洛陽城里看落陽: 原来不骂你的人都是不懂cs的
[2026-02-22 03:16:16] 好的好的阖家: 坦诚又美美捞一波米
[2026-02-22 03:16:16] LvvsiN: 为什么房管封的不能给鱼丸……还以为今天晚上得吃了……
[2026-02-22 03:16:17] 13的恋人: @zywoo：骂完我素质就变高了...nb
[2026-02-22 03:16:17] 三咲町的久远寺本人: @zywoo：骂完我素质就变高了...nb
[2026-02-22 03:16:17] 宫监手放监: 数字刷到自己身上知道痛了😅😅😅
[2026-02-22 03:16:17] 不上钩的小鱼干: 兄弟们我已经辞职了，以后全职看直播了，上个逼班和大家关系都搞淡了，现实朋友全断了,真交友还得6657
[2026-02-22 03:16:17] 玩马修丶Zywoo: @zywoo：骂完我素质就变高了...nb
[2026-02-22 03:16:17] Abc丶Ss: @zywoo：骂完我素质就变高了...nb
[2026-02-22 03:16:17] 夏空喵: 这个直播间除了我还有玩美吗？蹲蹲
[2026-02-22 03:16:18] 春风如齐: 😭😭玩大哥求求你不要再恨载大哥了，，，我们，我，们冰冰会按时交荧光棒的
[2026-02-22 03:16:18] Ephemerality137: @布罗利：草！被拿下！那些说我发官威的人呢说话！
[2026-02-22 03:16:18] 看了玩神后推免清华: @zywoo：骂完我素质就变高了...nb
[2026-02-22 03:16:18] ArZhe阿哲: 那为什么今天才开始禁数字梗呢？😅😅😅
[2026-02-22 03:16:18] 冰冰冰冰冰氷冰: 差不多得了
[2026-02-22 03:16:18] 老婆总司: @布罗利：草！被拿下！那些说我发官威的人呢说话！
[2026-02-22 03:16:18] LvvsiN: 你为什么要把mαjor禁了，我收藏的一半弹幕全毁了
[2026-02-22 03:16:19] 中二病剑士: @zywoo：骂完我素质就变高了...nb
[2026-02-22 03:16:19] 腋毛老狗子: 那神秘数字和载物play呢
[2026-02-22 03:16:19] 天不生我川理财如长夜: @zywoo：骂完我素质就变高了...nb
[2026-02-22 03:16:19] 石家庄的刘亦博本人: @zywoo：骂完我素质就变高了...nb
[2026-02-22 03:16:19] 黑崎于鹏: 那为什么今天才开始禁数字梗呢？😅😅😅
[2026-02-22 03:16:19] 玩弓箭、Arrow: @布罗利：草！被拿下！那些说我发官威的人呢说话！
[2026-02-22 03:16:19] wedd1ddeJodd: 原来不骂你的人都是不懂cs的
[2026-02-22 03:16:20] 玩柜子丶Mortis: 载粉们你就学吧，这才叫冰清玉洁ですわ
[2026-02-22 03:16:20] 玩机器今晚还播吗: 好结局了
[2026-02-22 03:16:20] inflamer: @zywoo：骂完我素质就变高了...nb
[2026-02-22 03:16:20] Faze没夺冠我就砂了你: 那神秘数字和载物play呢
[2026-02-22 03:16:20] 用户2100686284: @zywoo：骂完我素质就变高了...nb
[2026-02-22 03:16:20] 石家庄的宠物男孩: @zywoo：骂完我素质就变高了...nb
[2026-02-22 03:16:20] 神奥联盟的竹兰本人: @zywoo：骂完我素质就变高了...nb
[2026-02-22 03:16:20] RzRzRzRz弱智: 那为什么今天才开始禁数字梗呢？😅😅😅
[2026-02-22 03:16:21] 萌六花: @zywoo：骂完我素质就变高了...nb
[2026-02-22 03:16:21] 杨杰永远开心: 不送飞机就不祝了
[2026-02-22 03:16:21] 二阶堂sh1ro没坑donk: @zywoo：骂完我素质就变高了...nb
[2026-02-22 03:16:21] -breeze143: @zywoo：骂完我素质就变高了...nb
[2026-02-22 03:16:22] 久慈川、理世: @zywoo：骂完我素质就变高了...nb
[2026-02-22 03:16:22] 用户25456139: 看不见🐷的考我怎么睡得着
[2026-02-22 03:16:22] 虹豆砸: @zywoo：骂完我素质就变高了...nb
[2026-02-22 03:16:22] 很Low的V: @zywoo：骂完我素质就变高了...nb
[2026-02-22 03:16:22] 跳跃的司令官: 一晚上没理弹幕，随便说两句玩小将就抢着刷礼物😅
[2026-02-22 03:16:22] 剑崎梨梨花: 数字刷到自己身上知道痛了😅😅😅
[2026-02-22 03:16:22] 渡边曜女士: 那载物天天被刷数字你怎么不说对不起载粉，给你🧊完了哈哈🤣🤣🤣
[2026-02-22 03:16:22] 杜王町的吉良吉影本人: 那为什么今天才开始禁数字梗呢？😅😅😅
[2026-02-22 03:16:22] 高举major奖杯的Niko: @zywoo：骂完我素质就变高了...nb
[2026-02-22 03:16:23] 一套二一套二: 那为什么今天才开始禁数字梗呢？😅😅😅
[2026-02-22 03:16:23] 窦妪惯例全思慕:  @看了玩神后推免清华：@zywoo：骂完我素质就变高了...nb
[2026-02-22 03:16:23] kedadra: 那为什么今天才开始禁数字梗呢？😅😅😅
[2026-02-22 03:16:23] Ephemerality137: @zywoo：骂完我素质就变高了...nb
[2026-02-22 03:16:23] samuraionnna: @zywoo：骂完我素质就变高了...nb
[2026-02-22 03:16:24] yhyhyhyhyh0909: @zywoo：骂完我素质就变高了...nb
[2026-02-22 03:16:24] LionelYork: 那为什么今天才开始禁数字梗呢？😅😅😅
[2026-02-22 03:16:24] KRU的Less本人: @zywoo：骂完我素质就变高了...nb
[2026-02-22 03:16:24] 杏仁小面包: 这都有礼物收啊…nb
[2026-02-22 03:16:24] 宇莓: 你不能只在数字梗落到你头上了才开始捂嘴
[2026-02-22 03:16:25] LvvsiN: 你为什么要把mαjor禁了，我收藏的一半弹幕全毁了
[2026-02-22 03:16:25] 离子花火: 那神秘数字和载物play呢
[2026-02-22 03:16:25] 老鸡艳遇记: @zywoo：骂完我素质就变高了...nb
[2026-02-22 03:16:25] Aleksumimi: 斗鱼的防登山机制是真的牛👍👍👍
[2026-02-22 03:16:25] 腋毛老狗子: 那神秘数字和载物play呢
[2026-02-22 03:16:25] 天不生我川理财如长夜: 载粉们你就学吧，这才叫冰清玉洁ですわ
[2026-02-22 03:16:25] 玩饺子丶Dumpling: 那为什么今天才开始禁数字梗呢？😅😅😅
[2026-02-22 03:16:25] 玩机器的大技法: @zywoo：骂完我素质就变高了...nb
[2026-02-22 03:16:26] 丰川祥子口三角初华: 那为什么今天才开始禁数字梗呢？😅😅😅
[2026-02-22 03:16:26] 我不知道owo: @zywoo：骂完我素质就变高了...nb
[2026-02-22 03:16:26] LvvsiN: 玩宝宝，我发现在大学上学的时候肄业会很舒服，你可以试试
[2026-02-22 03:16:27] 54542246sdfds: 玩大哥，串了一晚上，听见你这句话我没忍住哭了🙏🏻🙏🏻🙏🏻🙏🏻🙏🏻🙏🏻🙏🏻
[2026-02-22 03:16:27] pr0cesses: 冰晶玉洁一波就有人上供,,,,nb
[2026-02-22 03:16:27] 阳光蟑螂维什戴尔: 那为什么今天才开始禁数字梗呢？😅😅😅
[2026-02-22 03:16:27] 海绵宝宝小白儿: 那为什么今天才开始禁数字梗呢？😅😅😅
[2026-02-22 03:16:27] 海绵宝宝农批儿: 那为什么今天才开始禁数字梗呢？😅😅😅
[2026-02-22 03:16:28] 李知恩lynt: @zywoo：骂完我素质就变高了...nb
[2026-02-22 03:16:28] 腋毛老狗子: 那神秘数字和载物play呢
[2026-02-22 03:16:28] Faze的新岛真本人: 🥺🥺🥺🥺玩大哥，串了一晚上，听见你这句话我没忍住哭了
[2026-02-22 03:16:28] 古风丨只会酸雨: @zywoo：骂完我素质就变高了...nb
[2026-02-22 03:16:28] 寻翠之旅: 那为什么今天才开始禁数字梗呢？😅😅😅
[2026-02-22 03:16:28] 逃离灰色地带: @zywoo：骂完我素质就变高了...nb
[2026-02-22 03:16:28] 无7441158: @zywoo：骂完我素质就变高了...nb
[2026-02-22 03:16:29] LvvsiN: 我让你开双倍你二龙吗？老子荧光棒要过期了
[2026-02-22 03:16:29] arcticdawn: 这都有礼物收啊…nb
[2026-02-22 03:16:29] 永远的克罗娜: 玩神，你要知道还是有很多人支持你的，加油
[2026-02-22 03:16:29] 无心睡眠zy: @zywoo：骂完我素质就变高了...nb
[2026-02-22 03:16:29] 海绵宝宝打野儿: @zywoo：骂完我素质就变高了...nb
[2026-02-22 03:16:29] 泠鸢不是冷鸢丶: @zywoo：骂完我素质就变高了...nb
[2026-02-22 03:16:30] 棍神南极服登顶: 蜂美到最后没等到玩神的一个直播正式道歉气不气
[2026-02-22 03:16:30] 用户0553661491: @zywoo：骂完我素质就变高了...nb
[2026-02-22 03:16:30] OK咯摸JJ: @zywoo：骂完我素质就变高了...nb
[2026-02-22 03:16:30] 云边有条小侏如: 载粉们你就学吧，这才叫冰清玉洁
[2026-02-22 03:16:30] 大姜饼: 那为什么今天才开始禁数字梗呢？😅😅😅
[2026-02-22 03:16:30] 腋毛老狗子: 那神秘数字和载物play呢
[2026-02-22 03:16:30] TYLOO-somebody: @zywoo：骂完我素质就变高了...nb
[2026-02-22 03:16:31] LvvsiN: 我让你开双倍你二龙吗？老子荧光棒要过期了
[2026-02-22 03:16:31] 玩玩今天吃什么: 那为什么今天才开始禁数字梗呢？😅😅😅
[2026-02-22 03:16:31] 杜王町的吉良吉影本人: 数字刷到自己身上知道痛了😅😅😅
[2026-02-22 03:16:31] CryLic: “滴水之恩涌泉相报！”玩大哥开着奔驰路过溅了开电瓶的玩小将一身水
[2026-02-22 03:16:31] 臣璟: 这都有礼物收啊…nb
[2026-02-22 03:16:31] 玩大哥你的蚯蚓好小: @zywoo：骂完我素质就变高了...nb
[2026-02-22 03:16:31] 电棍儿轮椅维修师: 怎么还有深蓝汽车
[2026-02-22 03:16:31] 想玩儿玩机器的机器: 布罗利：i stay
[2026-02-22 03:16:31] 神奥联盟的竹兰本人: 那为什么今天才开始禁数字梗呢？😅😅😅
[2026-02-22 03:16:32] Joquixote: Le8can🦍Le8can🦍Le8can🦍Le8can🦍Le8can🦍
[2026-02-22 03:16:32] 衰神177: 那为什么今天才开始禁数字梗呢？😅😅😅
[2026-02-22 03:16:32] 安特卫普最好的五个人: @zywoo：骂完我素质就变高了...nb
[2026-02-22 03:16:33] 洛陽城里看落陽: 载粉们你就学吧，这才叫冰清玉洁ですわ
[2026-02-22 03:16:33] Hakurei-Re1mu: @zywoo：骂完我素质就变高了...nb
[2026-02-22 03:16:33] 小川阿丶: 奔驰只有四个车窗
[2026-02-22 03:16:33] 风铃幽幽: 冰晶玉洁一波就有人上供,,,,nb
[2026-02-22 03:16:33] 能不能去洗头太恶心了: @zywoo：骂完我素质就变高了...nb
[2026-02-22 03:16:33] 樱花结局: 载粉们你就学吧，这才叫冰清玉洁ですわ
[2026-02-22 03:16:33] 求奶公考上岸失败: @zywoo：骂完我素质就变高了...nb
[2026-02-22 03:16:33] Aleksumimi: @zywoo：骂完我素质就变高了...nb
[2026-02-22 03:16:34] 绝食十年攒爱top3飞机: @zywoo：骂完我素质就变高了...nb
[2026-02-22 03:16:34] gsf003x: 数字刷到自己身上知道痛了😅😅😅
[2026-02-22 03:16:34] 橘殃丶丶: @zywoo：骂完我素质就变高了...nb
[2026-02-22 03:16:34] azo808: 那为什么今天才开始禁数字梗呢？😅😅😅
[2026-02-22 03:16:35] 丶陪你直到世界尽头: 这都有礼物收啊…nb
[2026-02-22 03:16:35] 不变的追求717: 玩大哥，串了一晚上，听见你这句话我没忍住哭了🙏🏻🙏🏻🙏🏻🙏🏻🙏🏻🙏🏻🙏🏻
[2026-02-22 03:16:35] 无限制的场: 那神秘数字和载物play呢
[2026-02-22 03:16:35] 第七组的羽前京香本人: 我还以为冰粉说的是蜜蜂粉丝呢。。。原来是玩小将啊
[2026-02-22 03:16:35] 八重森彌妮: 蜂美到最后没等到玩神的一个直播正式道歉气不气
[2026-02-22 03:16:36] 小肉包喷香: 奔驰只有4个车窗 塞钱的人请排队
[2026-02-22 03:16:36] 阵雨天o: 玩机器：我一直在善意引导啊（指弹幕发4️⃣8️⃣)
[2026-02-22 03:16:36] 纨绔浪荡: @zywoo：骂完我素质就变高了...nb
[2026-02-22 03:16:36] 辣薄荷Lapohre: 奔驰车窗只有四个
[2026-02-22 03:16:36] Adrian林讲:  @无7441158：@zywoo：骂完我素质就变高了...nb
[2026-02-22 03:16:36] Ephemerality137: 奔驰车窗只有四个
[2026-02-22 03:16:36] ymyyo: 这都有礼物收啊…nb
[2026-02-22 03:16:36] Hcmor: 那为什么今天才开始禁数字梗呢？😅😅😅
[2026-02-22 03:16:36] 腋毛老狗子: 那神秘数字和载物play呢
[2026-02-22 03:16:36] 荷兰老司机: -100
[2026-02-22 03:16:36] 硫磺祥: 喜欢终末地的管理员们又来看塔卫二的小猪干员刘亦博啦🥰🥰🥰🥰🥰
[2026-02-22 03:16:36] 机器我要看老汤: @zywoo：骂完我素质就变高了...nb
[2026-02-22 03:16:36] 爆爆爆开爆: @zywoo：骂完我素质就变高了...nb
[2026-02-22 03:16:37] 晨风凌云21146: 奔驰只有四个车窗
[2026-02-22 03:16:37] 寒枫曳是一头傲空的隼:  @zywoo：骂完我素质就变高了...nb
[2026-02-22 03:16:37] 南小鸡丶advent: 载粉们你就学吧，这才叫冰清玉洁
[2026-02-22 03:16:37] ericzxc: 那为什么今天才开始禁数字梗呢？😅😅😅
[2026-02-22 03:16:37] 废斯特物物: @zywoo：骂完我素质就变高了...nb
[2026-02-22 03:16:37] Destiny丶猩红之瞳: ???????????????
[2026-02-22 03:16:37] 宣告的信仰: @zywoo：骂完我素质就变高了...nb
[2026-02-22 03:16:38] 杀鱼宝宝028: @zywoo：骂完我素质就变高了...nb
[2026-02-22 03:16:38] suicho: 载物就是个经验包越骂越成熟，冰粉气不气😁😁😁
[2026-02-22 03:16:38] 绿龙的身体狗本人: 冰晶玉洁一波就有人上供,,,,nb
[2026-02-22 03:16:38] IM腋下臭臭6cm: @zywoo：骂完我素质就变高了...nb
[2026-02-22 03:16:38] 可达鸭不会游泳: 奔驰只有四个车窗
[2026-02-22 03:16:39] 永远的克罗娜: 玩神，你要知道还是有很多人支持你的，加油
[2026-02-22 03:16:39] 羽川翼的恋爱物语: 那我不送了
[2026-02-22 03:16:39] Ecifircas: 那为什么今天才开始禁数字梗呢？😅😅😅
[2026-02-22 03:16:39] 不看似猎鹰就杀了你: 奔驰车窗只有四个
[2026-02-22 03:16:39] 十方梦魇宗: 数字刷到自己身上知道痛了😅😅😅
[2026-02-22 03:16:39] 我最喜欢玩机器: @椰汁糕冬瓜强：这也能圈到啊...nb...
[2026-02-22 03:16:39] 清风抚琴359: 奔驰车窗只有四个
[2026-02-22 03:16:39] 訤溓: 玩机器：我一直在善意引导啊（指弹幕发4️⃣8️⃣）
[2026-02-22 03:16:39] Kacyusha: nb
[2026-02-22 03:16:39] Joquixote: Le8can🦍Le8can🦍Le8can🦍Le8can🦍
[2026-02-22 03:16:39] Pioneer893: @zywoo：骂完我素质就变高了...nb
[2026-02-22 03:16:39] 玩台钳丶阿尔托莉雅: 冰晶玉洁一波就有人上供,,,,nb
[2026-02-22 03:16:40] 跳跃的司令官: 冰晶玉洁一波就有人上供,,,,nb
[2026-02-22 03:16:40] 飞天玉虎zzZ: 冰晶玉洁一波就有人上供,,,,nb
[2026-02-22 03:16:40] 海绵宝宝农批儿: @zywoo：骂完我素质就变高了...nb
[2026-02-22 03:16:40] sarbest: 奔驰车窗只有四个
[2026-02-22 03:16:40] 玩神爱吃猪头肉: 玩机器：我一直在善意引导啊（指弹幕发4️⃣8️⃣）
[2026-02-22 03:16:40] 用户144491677: 那为什么今天才开始禁数字梗呢？😅😅😅
[2026-02-22 03:16:41] Lo0oser: 奔驰只有四个车窗
[2026-02-22 03:16:41] LvvsiN: 弹幕也就网上说说，现实里谁不觉得樱姐是好女孩（删括号领一条远坂凛同款鸟笼）
[2026-02-22 03:16:41] 时光划过泪痕桥: 奔驰只有4个车窗 塞钱的人请排队
[2026-02-22 03:16:41] 我不知道owo: 那为什么今天才开始禁数字梗呢？😅😅😅
[2026-02-22 03:16:41] 用户2262650671: @zywoo：骂完我素质就变高了...nb
[2026-02-22 03:16:41] 机器机器祝你幸福: 可是我不想玩宝宝被骂😭
[2026-02-22 03:16:41] 丨Connor: 奔驰只有四个车窗
[2026-02-22 03:16:42] 曾经我最在乎的人: @zywoo：骂完我素质就变高了...nb
[2026-02-22 03:16:42] sueins: 搞了半天你的直播间原来是全网最大的引流狗直播间，cs环境变成这样原来是你一手策划的，你做人真的可以
[2026-02-22 03:16:42] 宇莓: 蜂美到最后没等到玩神的一个直播正式道歉气不气
[2026-02-22 03:16:42] 渡亡神雅睿欧斯: @玩机器：有四个人往奔驰里塞钱的时候先别塞，我就四个车窗多了看不到
[2026-02-22 03:16:42] 什么罐头我说男人: @zywoo：骂完我素质就变高了...nb
[2026-02-22 03:16:42] 我木JJ怕个锤子: @zywoo：骂完我素质就变高了...nb
[2026-02-22 03:16:42] 忽孝山庄: 载粉们你就学吧，这才叫冰清玉洁
[2026-02-22 03:16:43] LvvsiN: 其实碗橱就是猪灵，你不拿黄金丢他他就不跟你说话
[2026-02-22 03:16:43] Hcmor: 数字刷到自己身上知道痛了😅😅😅
[2026-02-22 03:16:43] 狂野皮几儿很哒: @zywoo：骂完我素质就变高了...nb
[2026-02-22 03:16:44] 谁让我叫曹三岁: 奔驰只有4个车窗 塞钱的人请排队
[2026-02-22 03:16:44] 晨风凌云21146: 那为什么今天才开始禁数字梗呢？😅😅😅
[2026-02-22 03:16:44] 火猫一哥亦博易勃: 你之前不是说弹幕太好看了吗，怎么现在对我爱搭不理了？😢
[2026-02-22 03:16:44] 阵雨天o: 玩机器：我一直在善意引导啊（指弹幕发4️⃣8️⃣)
[2026-02-22 03:16:44] 逃离灰色地带: 那为什么今天才开始禁数字梗呢？😅😅😅
[2026-02-22 03:16:44] 玩柜子丶Mortis: 这都有礼物收啊…nbですわ
[2026-02-22 03:16:44] jamesfaith23: 奔驰只有四个车窗
[2026-02-22 03:16:44] 玩机器今晚还播吗: 冰晶玉洁一波就有人上供,,,,nb
[2026-02-22 03:16:44] Wangzap: 奔驰车窗只有四个
[2026-02-22 03:16:45] 剑崎梨梨花: 冰晶玉洁一波就有人上供,,,,nb
[2026-02-22 03:16:45] 汤汤魔魔mmmmmmmmajor冠军: @zywoo：骂完我素质就变高了...nb
[2026-02-22 03:16:45] 关我汤姆什么事: 我的，退钱
[2026-02-22 03:16:45] 野pig亨利28: 奔驰只有四个车窗
[2026-02-22 03:16:45] 訤溓: 玩机器不骂我了，他有点生气了。
[2026-02-22 03:16:46] yslOvO: 奔驰车四个窗
[2026-02-22 03:16:46] 不变的追求717: 那为什么今天才开始禁数字梗呢？😅😅😅
[2026-02-22 03:16:46] 宫原雪岳: @zywoo：骂完我素质就变高了...nb
[2026-02-22 03:16:46] 沉默的猪嘴嘴: 奔驰车窗只有四个
[2026-02-22 03:16:46] Demon916: 冰晶玉洁一波就有人上供,,,,nb
[2026-02-22 03:16:47] Zxj1ing: 数字刷到自己身上知道痛了😅😅😅
[2026-02-22 03:16:47] 胡椒胡椒胡椒胡椒胡椒: 银行业一样一样有有有也会有h'y'hui't'y'r's'c'dn
[2026-02-22 03:16:47] 汤汤魔魔mmmmmmmmajor冠军: @zywoo：骂完我素质就变高了...nb
[2026-02-22 03:16:47] oWLzki: 玩机器：我一直在善意引导啊（指弹幕发4️⃣8️⃣）
[2026-02-22 03:16:47] 渡边曜女士: @zywoo：骂完我素质就变高了...nb
[2026-02-22 03:16:47] papacarrot: 载粉们你就学吧，这才叫冰清玉洁
[2026-02-22 03:16:47] 用户4743944990: @椰汁糕冬瓜强：这也能圈到啊...nb...
[2026-02-22 03:16:47] 永远的克罗娜: 玩神，你要知道还是有很多人支持你的，加油
[2026-02-22 03:16:48] 丰川祥子口三角初华: 那为什么今天才开始禁数字梗呢？😅😅😅
[2026-02-22 03:16:48] 花村Jager: @玩机器：有四个人往奔驰里塞钱的时候先别塞，我就四个车窗多了看不到
[2026-02-22 03:16:48] 短桥窄马: 夕匕猪不怕开水烫了已经😂
[2026-02-22 03:16:48] 好哥们音箱蟀: @布罗利：我一路向北😎，离开有你的季节😶
[2026-02-22 03:16:48] 瞄准高高手: 蜂美到最后没等到玩神的一个直播正式道歉气
[2026-02-22 03:16:48] v3482: 引导
[2026-02-22 03:16:49] 莫学孤鸿不肯栖: 奔驰只有四个车窗
[2026-02-22 03:16:49] 好哥们黑龙歼灭刀: 玩机器：我一直在善意引导啊（指弹幕发4️⃣8️⃣)
[2026-02-22 03:16:49] 绝食十年攒爱top3飞机: 奔驰车窗只有四个
[2026-02-22 03:16:49] 混乱原罪: 载粉们你就学吧，这才叫冰清玉洁
[2026-02-22 03:16:49] e830293444: 哎你快滚你🦓的吧！哎你快滚你🐎的吧！哎你快滚你🦄的吧！哎你快滚你♞的吧！
[2026-02-22 03:16:49] 梦想是独立自由:  @玩机器：有四个人往奔驰里塞钱的时候先别塞，我就四个车窗多了看不到
[2026-02-22 03:16:49] SantaC2uz: @椰汁糕冬瓜强：这都能圈到啊....nb
[2026-02-22 03:16:50] 54542246sdfds: 奔驰车窗只有四个
[2026-02-22 03:16:50] Hitagi蟹蟹: 数字刷到自己身上知道痛了😅😅😅
[2026-02-22 03:16:50] 春日画意纪: 那为什么今天才开始禁数字梗呢？😅😅😅
[2026-02-22 03:16:50] sueins: 搞了半天你的直播间原来是全网最大的引流狗直播间，cs环境变成这样原来是你一手策划的，你做人真的可以
[2026-02-22 03:16:50] Leonisss丶: 那为什么今天才开始禁数字梗呢？😅😅😅
[2026-02-22 03:16:51] 无伟契约: 奔驰车窗只有四个
[2026-02-22 03:16:51] 森林与雁: 那为什么今天才开始禁数字梗呢？😅😅😅
[2026-02-22 03:16:51] 靠咖啡活命: 奔驰车窗只有四个
[2026-02-22 03:16:51] 海安WAILOM: @椰汁糕冬瓜强：这也能圈到啊...nb...
[2026-02-22 03:16:51] 99组的爱城华恋本人: 那为什么今天才开始禁数字梗呢？😅😅😅
[2026-02-22 03:16:51] 夜末七圣: @zywoo：骂完我素质就变高了...nb
[2026-02-22 03:16:52] 訤溓: 冰晶玉洁一波就有人上供,,,,nb
[2026-02-22 03:16:52] 霸气三哥3928347: 其实碗橱就是猪灵，你不拿黄金丢他他就不跟你说话
[2026-02-22 03:16:52] 孤星尘宇: 这真是一个爆米的大招啊
[2026-02-22 03:16:52] 叫我全蛋吧QwQ: 奔驰车窗只有四个
[2026-02-22 03:16:53] 好哥们黑龙歼灭刀: 夕匕猪不怕开水烫了已经😂
[2026-02-22 03:16:54] LvvsiN: 为什么房管封的不能给鱼丸……还以为今天晚上得吃了……
[2026-02-22 03:16:54] 小川阿丶: 奔驰车窗只有四个
[2026-02-22 03:16:54] S闪Aw: 数字刷到自己身上知道痛了😅😅😅
[2026-02-22 03:16:54] 无伟契约: 载粉们你就学吧，这才叫冰清玉洁
[2026-02-22 03:16:54] 硫磺祥: 奔驰车窗只有四个
[2026-02-22 03:16:54] 机长家的华仔: 奔驰车窗只有四个
[2026-02-22 03:16:54] 雨星筱夜: 奔驰车窗只有四个
[2026-02-22 03:16:55] 无7441158: 载粉们你就学吧，这才叫冰清玉洁
[2026-02-22 03:16:55] 尼罗河红雨: 亏死了，送完别人都谢不谢我
[2026-02-22 03:16:55] 天守阁信长: 场上有四个房管先别玩数字梗
[2026-02-22 03:16:55] 蜗牛蜗牛你快快走: 那为什么今天才开始禁数字梗呢？😅😅😅
[2026-02-22 03:16:55] aruiketto: @椰汁糕冬瓜强：这都能圈到啊....nb
[2026-02-22 03:16:56] 辛巴和他的辛巴兽: 数字刷到自己身上知道痛了😅😅😅
[2026-02-22 03:16:56] Crychiccc的若叶睦本人: 玩神不是说自作自受吗，为什么我β站看不见你的空间了。。。
[2026-02-22 03:16:56] 三千世界鸦杀尽彡: 奔驰车窗只有四个
[2026-02-22 03:16:56] 不改名真的不中奖呀Cc: @zywoo：骂完我素质就变高了...nb
[2026-02-22 03:16:56] 汤汤魔魔mmmmmmmmajor冠军: @zywoo：骂完我素质就变高了...nb
[2026-02-22 03:16:56] 忽孝山庄: 奔驰车窗只有四个
[2026-02-22 03:16:56] 乌鸦晒不黑: 那为什么今天才开始禁数字梗呢？😅😅😅
[2026-02-22 03:16:56] 废斯特物物: 数字刷到自己身上知道痛了😅😅😅
[2026-02-22 03:16:56] AmamiyaIori: 你自作自受的意思就是突然开始封玩到你身上的数字梗是吧🤣🤣
[2026-02-22 03:16:56] 早安丿章鱼哥: 阿三
[2026-02-22 03:16:56] 訤溓:  @布罗利：草！被拿下！那些说我发官威的人呢说话！
[2026-02-22 03:16:57] 洛陽城里看落陽: 奔驰车窗只有四个
[2026-02-22 03:16:57] 怒之拳: @玩机器：有四个人往奔驰里塞钱的时候先别塞，我就四个车窗多了看不到
[2026-02-22 03:16:57] 玩学生丶BlueArchive: 搞了半天你的直播间原来是全网最大的引流狗直播间，cs环境变成这样原来是你一手策划的，你做人真的可以
[2026-02-22 03:16:57] Zxj1ing: 那为什么今天才开始禁数字梗呢？😅😅😅
[2026-02-22 03:16:57] 爆爆爆开爆: 一晚上没理弹幕，随便说两句玩小将就抢着刷礼物😅
[2026-02-22 03:16:57] LA的勒布朗本人: 那为什么今天才开始禁数字梗呢？😅😅😅
[2026-02-22 03:16:57] sueins: 搞了半天你的直播间原来是全网最大的引流狗直播间，cs环境变成这样原来是你一手策划的，你做人真的可以
[2026-02-22 03:16:58] 懵G丶: 奔驰只有四个车窗，扔钱的排队
[2026-02-22 03:16:58] Kirse: 奔驰只有四个车窗
[2026-02-22 03:16:58] 罕见阴暗大铁牛: @zywoo：骂完我素质就变高了...nb
[2026-02-22 03:16:58] 玩神爱吃猪头肉:  @布罗利：草！被拿下！那些说我发官威的人呢说话！
[2026-02-22 03:16:58] Joquixote: Le8can🦍Le8can🦍Le8can🦍Le8can🦍Le8can🦍
[2026-02-22 03:16:58] 古风丨只会酸雨: 奔驰车窗只有四个
[2026-02-22 03:16:58] 说得道理: Le8can🦍Le8can🦍Le8can🦍
[2026-02-22 03:16:59] 偷鸡蛋的玩机器本人o: 别送了 玩大哥家的停机坪已经停不下了
[2026-02-22 03:16:59] 迪奥雷: @玩机器：谁还有多余飞机🤑💰👉🐷
[2026-02-22 03:16:59] 渡边曜女士: 原来数字梗只有玩到自己头上才管啊
[2026-02-22 03:16:59] 猛吸千早爱音汁儿: 载粉们你就学吧，这才叫冰清玉洁
[2026-02-22 03:16:59] ymyyo: 为什么房管封的不能给鱼丸……还以为今天晚上得吃了……
[2026-02-22 03:16:59] 99组的爱城华恋本人: 载粉们你就学吧，这才叫冰清玉洁
[2026-02-22 03:16:59] LvvsiN: 你屏蔽词都快赶上新华词典了为什么不干脆开一百级发言？
[2026-02-22 03:16:59] 蜗牛蜗牛你快快走: 那为什么今天才开始禁数字梗呢？😅😅😅
[2026-02-22 03:16:59] 玩蛇鼠丶stabbi: 那为什么今天才开始禁数字梗呢？😅😅😅
[2026-02-22 03:16:59] 火猫一哥亦博易勃: 你之前不是说弹幕太好看了吗，怎么现在对我爱搭不理了？😢😢😢
[2026-02-22 03:17:00] Kacyusha: @zywoo：骂完我素质就变高了...nb
[2026-02-22 03:17:00] 绝食十年攒爱top3飞机: 259为什么2024年4月8日15点在长管不双拉还一个没换，我被气晕了现在才醒
[2026-02-22 03:17:00] 訤溓:  @玩机器：有四个人往奔驰里塞钱的时候先别塞，我就四个车窗多了看不到
[2026-02-22 03:17:00] 所以我又晕了: 数字刷到自己身上知道痛了😅😅😅
[2026-02-22 03:17:00] uzi家的喷水龙: 牛逼就今天成熟了知道禁数字了，原来🐴到自己了。。。
[2026-02-22 03:17:01] suicho: 载物就是个经验包越骂越成熟，冰粉气不气😁😁😁
[2026-02-22 03:17:01] LvvsiN: 为什么房管封的不能给鱼丸……还以为今天晚上得吃了……
[2026-02-22 03:17:01] 落叶悠哉落: @椰汁糕冬瓜强：这都能圈到啊....nb
[2026-02-22 03:17:01] 汪酞: 玩冰神，玩冰机
[2026-02-22 03:17:01] 阿道和伏见柚柚: 载物常数≠数字梗
[2026-02-22 03:17:02] Jess2: 数字刷到自己身上知道痛了😅😅😅
[2026-02-22 03:17:02] 废斯特物物: 那为什么今天才开始禁数字梗呢？😅😅😅
[2026-02-22 03:17:02] 专看玩机器的号: 那为什么今天才开始禁数字梗呢？😅😅😅
[2026-02-22 03:17:02] 吃猪头肉筷子夹屏幕上: 你自作自受的意思就是突然开始封玩到你身上的数字梗是吧🤣🤣
[2026-02-22 03:17:03] Machine拾玖: 那为什么今天才开始禁数字梗呢？😅😅😅
[2026-02-22 03:17:03] LvvsiN: 弹幕也就网上说说，现实里谁不觉得樱姐是好女孩（删括号领一条远坂凛同款鸟笼）
[2026-02-22 03:17:03] 跳跃的司令官: 玩神不是说自作自受吗，为什么我β站看不见你的空间了。。。
[2026-02-22 03:17:03] 訤溓: 你屏蔽词都快赶上新华词典了为什么不干脆开一百级发言？
[2026-02-22 03:17:04] S闪Aw: 那为什么今天才开始禁数字梗呢？😅😅😅
[2026-02-22 03:17:04] 小蜜蜂的长期素食本人: 载粉们你就学吧，这才叫冰清玉洁
[2026-02-22 03:17:04] 长期素食的老公本人: 奔驰车窗只有四个
[2026-02-22 03:17:04] Hcmor: @玩机器：谁还有多余飞机🤑💰👉🐷
[2026-02-22 03:17:04] 零北鸢: 奔驰车窗只有四个
[2026-02-22 03:17:04] 蒜香001: 奔驰只有四个车窗，塞钱熬排队
[2026-02-22 03:17:04] 丰川祥子口三角初华: 数字刷到自己身上知道痛了😅😅😅
[2026-02-22 03:17:05] 冲上云霄的姨: 奔驰只有*个车窗
[2026-02-22 03:17:05] 腋毛老狗子: 那为什么今天才开始禁数字梗呢？😅😅😅
[2026-02-22 03:17:05] 長22222: @zywoo：骂完我素质就变高了...nb
[2026-02-22 03:17:05] AmamiyaIori: 你自作自受的意思就是突然开始封刷到你身上的数字梗是吧🤣🤣
[2026-02-22 03:17:05] sueins: 搞了半天你的直播间原来是全网最大的引流狗直播间，cs环境变成这样原来是你一手策划的，你做人真的可以
[2026-02-22 03:17:05] 蜗牛蜗牛你快快走: 那为什么今天才开始禁数字梗呢？😅😅😅
[2026-02-22 03:17:05] 春日画意纪: 数字刷到自己身上知道痛了😅😅😅
[2026-02-22 03:17:06] 古风丨只会酸雨: 哦对了
[2026-02-22 03:17:06] miku-:  @玩机器：有四个人往奔驰里塞钱的时候先别塞，我就四个车窗多了看不到
[2026-02-22 03:17:06] 爱躺赢的载大哥: @玩机器：谁还有多余飞机🤑💰👉🐷
[2026-02-22 03:17:06] 訤溓: 玩神骂你的时候也是素质提高了
[2026-02-22 03:17:06] 玩学生丶BlueArchive: 你之前不是说弹幕太好看了吗，怎么现在对我爱搭不理了？😢😢😢
[2026-02-22 03:17:07] 辛巴和他的辛巴兽: 场上有四个房管先别玩数字梗
[2026-02-22 03:17:07] 偶像歌手Zzz: 倪哥
[2026-02-22 03:17:07] Axel-XY: 为什么房管封的不能给鱼丸……还以为今天晚上得吃了……
[2026-02-22 03:17:07] 灵耀ii: ④⑧⑤④⑧⑤④⑧⑤
[2026-02-22 03:17:07] LvvsiN: 弹幕别吵了，银行业一样一样有有有也会有h'y'hui't'y'r's'c'dn
[2026-02-22 03:17:07] 蜗牛蜗牛你快快走: 那为什么今天才开始禁数字梗呢？😅😅😅
[2026-02-22 03:17:08] 明天就和蕾塞结婚: 搞了半天你的直播间原来是全网最大的引流狗直播间，cs环境变成这样原来是你一手策划的，你做人真的可以
[2026-02-22 03:17:08] 匕匕叭叭: 别送了 玩大哥家的停机坪已经停不下了
[2026-02-22 03:17:08] SakanaQQQ: 搞了半天你的直播间原来是全网最大的引流狗直播间，cs环境变成这样原来是你一手策划的，你做人真的可以
[2026-02-22 03:17:08] 蒜香001: 奔驰只有四个车窗，塞钱熬排队
[2026-02-22 03:17:08] 好哥们黑龙歼灭刀: 你自作自受的意思就是突然开始封玩到你身上的数字梗是吧🤣🤣
[2026-02-22 03:17:09] 玩海贼、mOnesy: 牛逼就今天成熟了知道禁数字了，原来🐴到自己了。。。
[2026-02-22 03:17:09] TwistcC21: 数字刷到自己身上知道痛了😅😅😅
[2026-02-22 03:17:09] 用户9921747043: @布罗利：草！被拿下！那些说我发官威的人呢说话！
[2026-02-22 03:17:09] CuSO4Cola: rog真是倒大霉了
[2026-02-22 03:17:09] LvvsiN: 玩宝宝，我发现在大学上学的时候肄业会很舒服，你可以试试
[2026-02-22 03:17:09] 用户144491677: @zywoo：骂完我素质就变高了...nb
[2026-02-22 03:17:10] 没有真名233: 载粉们你就学吧，这才叫冰清玉洁
[2026-02-22 03:17:10] 春风如齐: 哦牛批，原来只有数字梗玩到自己身上才会管啊，哦牛批还有这种主播
[2026-02-22 03:17:10] 小救星小杜DuD: 那为什么今天才开始禁数字梗呢？😅😅😅
[2026-02-22 03:17:10] Cantain光: @椰汁糕冬瓜强：这都能圈到啊....nb
[2026-02-22 03:17:10] cyding16: 比咳秒屏蔽，数字半年不管，我看这冰清玉洁另有其人啊
[2026-02-22 03:17:10] oblivion96971: 那为什么今天才开始禁数字梗呢？😅😅😅
[2026-02-22 03:17:10] ArZhe阿哲: 那为什么今天才开始禁数字梗呢？😅😅😅
[2026-02-22 03:17:10] 千古恨轮回尝061: 听玩大哥几句客套话就能爆米啊。。。nb
[2026-02-22 03:17:11] 风铃幽幽: 那为什么今天才开始禁数字梗呢？😅😅😅
[2026-02-22 03:17:11] rem3dy: @椰汁糕冬瓜强：这都能圈到啊....nb
[2026-02-22 03:17:11] 訤溓: @玩机器：谁还有多余飞机🤑💰👉🐷
[2026-02-22 03:17:11] LvvsiN: 你为什么要把mαjor禁了，我收藏的一半弹幕全毁了
[2026-02-22 03:17:12] 玩machine丶机器: @niko：玩机器拿刀划驴脸你们当成笑话讲，我游戏里划人尸体两下你们逮住骂😮‍💨
[2026-02-22 03:17:12] 蜗牛蜗牛你快快走: 那为什么今天才开始禁数字梗呢？😅😅😅
[2026-02-22 03:17:12] Peko-: 宝宝不哭宝宝不哭宝宝不哭🥺🥺🥺🥹🥺
[2026-02-22 03:17:12] 混乱原罪: @zywoo：骂完我素质就变高了...nb
[2026-02-22 03:17:12] 烛残漏断欹枕: 数字刷到自己身上知道痛了😅😅😅
[2026-02-22 03:17:12] 蟹黄堡老大: @玩到你的：现在全宇宙数字梗禁了是吧 @玩到你的：现在全宇宙数字梗禁了是吧 @玩到你的：现
[2026-02-22 03:17:13] 宫监手放监: 你自作自受的意思就是突然开始封玩到你身上的数字梗是吧🤣🤣
[2026-02-22 03:17:13] 橘殃丶丶: 那为什么今天才开始禁数字梗呢？😅😅😅
[2026-02-22 03:17:13] Faze的新岛真本人: 🥺🥺🥺🥺玩大哥，串了一晚上，听见你这句话我没忍住哭了
[2026-02-22 03:17:13] LvvsiN: 就tm喜欢银行业🥰银行坏账我喜欢🥰银行挤兑我还喜欢😍利率调低我也喜欢🤤老子亲烂银行业的脸😘
[2026-02-22 03:17:13] sueins: 搞了半天你的直播间原来是全网最大的引流狗直播间，cs环境变成这样原来是你一手策划的，你做人真的可以
[2026-02-22 03:17:14] uzi家的喷水龙: 牛逼就今天成熟了知道禁数字了，原来🐴到自己了。。。
[2026-02-22 03:17:14] 八重森彌妮: 　　　 那为什么今天才开始禁数字梗呢？😅😅😅
[2026-02-22 03:17:14] 蜗牛蜗牛你快快走: 那为什么今天才开始禁数字梗呢？😅😅😅
[2026-02-22 03:17:14] 短桥窄马: 不许再喷玩宝宝了🥺🥺
[2026-02-22 03:17:14] 玩学生丶BlueArchive: 场上有四个房管先别玩数字梗
[2026-02-22 03:17:14] 走狗丷: 那为什么今天才开始禁数字梗呢？😅😅😅
[2026-02-22 03:17:14] 蒜香001: 奔驰只有四个车窗，塞钱熬排队
[2026-02-22 03:17:15] 血泉: @玩机器：谁还有多余飞机🤑💰👉🐷
[2026-02-22 03:17:15] 好哥们黑龙歼灭刀: @灵耀ii：④⑧⑤④⑧⑤④⑧⑤
[2026-02-22 03:17:15] 千古恨轮回尝061: 听玩大哥几句客套话就能爆米啊。。。nb
[2026-02-22 03:17:15] Joquixote: Le8can🦍Le8can🦍Le8can🦍Le8can🦍
[2026-02-22 03:17:15] 青年058: 蒙古万一赢了呢
[2026-02-22 03:17:15] 訤溓: 你自作自受的意思就是突然开始封玩到你身上的数字梗是吧🤣
[2026-02-22 03:17:15] LvvsiN: 你屏蔽词都快赶上新华词典了为什么不干脆开一百级发言？
[2026-02-22 03:17:15] 绝食十年攒爱top3飞机: 牛逼就今天成熟了知道禁数字了，原来🐴到自己了。。。
[2026-02-22 03:17:16] 玩豆豆丶Apex: 骂完zywoo就不骂了？不等到骂完cadian再提高素质？
[2026-02-22 03:17:16] 粮食和蔬菜ll: 玩大哥冰清玉洁都能美美收飞机，冰粉气不气
[2026-02-22 03:17:16] 泠鸢不是冷鸢丶: 那为什么今天才开始禁数字梗呢？😅😅😅
[2026-02-22 03:17:16] 蓝星的floppy本人: 那为什么今天才开始禁数字梗呢？😅😅😅
[2026-02-22 03:17:16] 杰洛和乔尼: 那神秘数字和载物play呢？？？？？？？？？？？？？？？？？？？？？？？？？？？？？？？？？？？？？
[2026-02-22 03:17:19] 提醒我吃排骨了: @椰汁糕冬瓜强：这都能圈到啊....nb
[2026-02-22 03:17:20] 洛陽城里看落陽: 数字刷到自己身上知道痛了😅😅😅
[2026-02-22 03:17:20] 沸物贝利亚大王: @zywoo：骂完我素质就变高了...n
[2026-02-22 03:17:20] Cloud9的咬人猫本人: 那为什么今天才开始禁数字梗呢？😅😅😅
[2026-02-22 03:17:20] 空有无垠: @zywoo：骂完我素质就变高了...nb
[2026-02-22 03:17:20] 大姜饼: 你自作自受的意思就是突然开始封玩到你身上的数字梗是吧🤣🤣
[2026-02-22 03:17:20] 魔男的夜宴: 奔驰只有四个车窗，塞钱熬排队
[2026-02-22 03:17:20] 法号纯洁丶: @布罗利：草！被拿下！那些说我发官威的人呢说话！
[2026-02-22 03:17:20] BleksiA: 宝宝不哭宝宝不哭宝宝不哭🥺🥺🥺🥹🥺
[2026-02-22 03:17:20] 好姐妹小草莓: 玩机器：我是为了一部分粉丝才坚持直播的（不是为了老板礼物）
[2026-02-22 03:17:20] 千古恨轮回尝061: 听玩大哥几句客套话就能爆米啊。。。nb
[2026-02-22 03:17:20] ericzxc: 数字刷到自己身上知道痛了😅😅😅
[2026-02-22 03:17:20] 春日画意纪: 数字刷到自己身上知道痛了😅😅😅
[2026-02-22 03:17:20] RyougiAqua: 那为什么今天才开始禁数字梗呢？😅😅😅
[2026-02-22 03:17:20] sueins: 搞了半天你的直播间原来是全网最大的引流狗直播间，cs环境变成这样原来是你一手策划的，你做人真的可以
[2026-02-22 03:17:20] 椎名真白ii丶: 数字刷到自己身上知道痛了😅😅😅
[2026-02-22 03:17:20] JuL1us: 宝宝不哭宝宝不哭宝宝不哭🥺🥺🥺🥹🥺
[2026-02-22 03:17:20] 强尼银手VVV: @椰汁糕冬瓜强：这都能圈到啊....nb
[2026-02-22 03:17:20] LvvsiN: 你为什么要把mαjor禁了，我收藏的一半弹幕全毁了
[2026-02-22 03:17:20] 玩饺子丶Dumpling: 无内鬼来点警告⚠️弹幕
[2026-02-22 03:17:20] 牛坤没吉拔: @niko：玩机器拿刀划驴脸你们当成笑话讲，我游戏里划人尸体两下你们逮住骂😮‍💨
[2026-02-22 03:17:20] Jess2: 你自作自受的意思就是突然开始封玩到你身上的数字梗是吧🤣🤣
[2026-02-22 03:17:20] 玩学生丶BlueArchive: @玩机器：谁还有多余飞机🤑💰👉🐷
[2026-02-22 03:17:20] 李小小与虾大大: @伟伟：窝趣兄弟，我要是有你一半厚脸皮还至于现在直播间只有1000贵宾吗
[2026-02-22 03:17:20] 玩商单丶Sponsor: 牛逼就今天成熟了知道禁数字了，原来🐴到自己了。。。
[2026-02-22 03:17:20] Crych1c的若叶睦本人: 比站限制时间发言谁开的？
[2026-02-22 03:17:21] 两头热力中间动力: 325325325325
[2026-02-22 03:17:22] Miyezd: 爽！😎这才是以前没有烂梗的直播间，弹幕互相攻击就像是真正的仇人
[2026-02-22 03:17:22] 訤溓: 牛逼就今天成熟了知道禁数字了，原来🐴到自己了。。。
[2026-02-22 03:17:22] 欧阳oyyo: 我看载粉跟米巨没什么两样，在场外一直拖后腿，要不是载大哥一直夺冠证明自己……
[2026-02-22 03:17:22] LvvsiN: 玩宝宝，我发现在大学上学的时候肄业会很舒服，你可以试试
[2026-02-22 03:17:22] 穷哥们一起杀刀蛆: 那为什么今天才开始禁数字梗呢？😅😅😅
[2026-02-22 03:17:22] Konata50235: 那为什么今天才开始禁数字梗呢？😅😅😅
[2026-02-22 03:17:23] 空有无垠: 那为什么今天才开始禁数字梗呢？😅😅😅
[2026-02-22 03:17:23] Herryhhh: 数字刷到自己身上知道痛了😅😅😅
[2026-02-22 03:17:23] 时间就是深海咸鱼: 数字刷到自己身上知道痛了😅😅😅
[2026-02-22 03:17:24] 我好像不萌萌哒: 我看下不刷礼物主播会理我吗
[2026-02-22 03:17:24] 千古恨轮回尝061: 听玩大哥几句客套话就能爆米啊。。。nb
[2026-02-22 03:17:24] 载诗行剑: 玩机器：我是为了一部分粉丝才坚持直播的（不是为了老板礼物）
[2026-02-22 03:17:24] 好哥们黑龙歼灭刀: 比站限制时间发言谁开的？
[2026-02-22 03:17:24] rem3dy: @zywoo: niko你这不得谢谢我啊
[2026-02-22 03:17:24] 时维鹰扬丶: @zywoo：骂完我素质就变高了...n
[2026-02-22 03:17:24] gfe20010: 你自作自受的意思就是突然开始封玩到你身上的数字梗是吧🤣🤣desuwa
[2026-02-22 03:17:24] FaxinBerlin: 数字刷到自己身上知道痛了😅😅😅
[2026-02-22 03:17:25] 窦妪惯例全思慕:  @洛陽城里看落陽：数字刷到自己身上知道痛了😅😅😅
[2026-02-22 03:17:25] vgcyt: @zywoo：骂完我素质就变高了...nb
[2026-02-22 03:17:25] 千代纸丶: 数字刷到自己身上知道痛了😅😅😅
[2026-02-22 03:17:25] sueins: 搞了半天你的直播间原来是全网最大的引流狗直播间，cs环境变成这样原来是你一手策划的，你做人真的可以
[2026-02-22 03:17:25] 下一般化: 听玩大哥几句客套话就能爆米啊。。。nb
[2026-02-22 03:17:25] 阳光蟑螂维什戴尔: 那为什么今天才开始禁数字梗呢？😅😅😅
[2026-02-22 03:17:25] 法尼丶瓦伦泰D4C: 牛逼就今天成熟了知道禁数字了，原来🐴到自己了。。。
[2026-02-22 03:17:26] LvvsiN: 玩宝宝，我发现在大学上学的时候肄业会很舒服，你可以试试
[2026-02-22 03:17:26] 欧阳oyyo: 我看载粉跟米巨没什么两样，在场外一直拖后腿，要不是载大哥一直夺冠证明自己……
[2026-02-22 03:17:26] 吉吉的Niko本人: 说这么多为啥直播间封人呢？有能耐就接受数字梗呗
[2026-02-22 03:17:27] 宫监手放监: @🐷：🤑🤑🤑🤑🤑🤑🤑🤑🤑🤑🤑🤑🤑🤑
[2026-02-22 03:17:27] 什么罐头我说男人: 听玩大哥几句客套话就能爆米啊。。。nb
[2026-02-22 03:17:27] Joquixote: Le8can🦍Le8can🦍Le8can🦍Le8can🦍Le8can🦍
[2026-02-22 03:17:27] 玩machine丶机器: @niko：玩机器拿刀划驴脸你们当成笑话讲，我游戏里划人尸体两下你们逮住骂😮‍💨
[2026-02-22 03:17:28] 我不知道owo: 那为什么今天才开始禁数字梗呢？😅😅😅
[2026-02-22 03:17:28] 红色有角三倍速的夏亚: 那为什么今天才开始禁数字梗呢？😅😅😅
[2026-02-22 03:17:28] 爱玩戴甲萎的魔丸: 那为什么今天才开始禁数字梗呢？😅😅😅
[2026-02-22 03:17:28] 千古恨轮回尝061: 听玩大哥几句客套话就能爆米啊。。。nb
[2026-02-22 03:17:28] 玩学生丶BlueArchive: 奔驰只有四个车窗，塞钱熬排队
[2026-02-22 03:17:28] 羊驼主播: @zywoo：骂完我素质就变高了...nb
[2026-02-22 03:17:28] 訤溓: 玩机器：我是为了一部分粉丝才坚持直播的（不是为了老板礼物）
[2026-02-22 03:17:28] LvvsiN: 为什么房管封的不能给鱼丸……还以为今天晚上得吃了……
[2026-02-22 03:17:29] User5092: @布罗利：草！被拿下！那些说我发官威的人呢说话！
[2026-02-22 03:17:29] Nagaoto: 数字刷到自己身上知道痛了😅😅😅
[2026-02-22 03:17:30] astralis的jabbi本人: @zywoo：骂完我素质就变高了...nb
[2026-02-22 03:17:30] Box强音来袭: 数字刷到自己身上知道痛了😅😅😅
[2026-02-22 03:17:30] 解说就是胡说machine: @伟伟：窝趣兄弟，我要是有你一半厚脸皮还至于现在直播间只有1000贵宾吗
[2026-02-22 03:17:30] 暗月舞魂殇: 那为什么今天才开始禁数字梗呢？😅😅😅
[2026-02-22 03:17:30] Zyw0o丿: 那为什么今天才开始禁数字梗呢？😅😅😅
[2026-02-22 03:17:30] LvvsiN: 南孚一节更比六节强，也就是一节南孚比六节南孚强，六节南孚比三十六节强，三十六节比二百一十六节强
[2026-02-22 03:17:30] kedadra: 比站限制时间发言谁开的？
[2026-02-22 03:17:30] 好哥们黑龙歼灭刀: 你自作自受的意思就是突然开始封玩到你身上的数字梗是吧🤣🤣desuwa
[2026-02-22 03:17:30] 欧阳oyyo: 我看载粉跟米巨没什么两样，在场外一直拖后腿，要不是载大哥一直夺冠证明自己……
[2026-02-22 03:17:30] 长期素食从不熬夜: 数字刷到自己身上知道痛了😅😅😅
[2026-02-22 03:17:30] 丰川祥子口三角初华: 牛逼就今天成熟了知道禁数字了，原来🐴到自己了。。。
[2026-02-22 03:17:31] AmamiyaIori: 你自作自受的意思就是突然开始封刷到你身上的数字梗是吧🤣🤣
[2026-02-22 03:17:31] 玩台钳丶阿尔托莉雅: 听玩大哥几句客套话就能爆米啊。。。nb
[2026-02-22 03:17:31] 嘿你尾巴掉了99: 弹幕千万别告诉我布罗利的神秘代码，我不想查
[2026-02-22 03:17:31] YEYH111: @niko：玩机器拿刀划驴脸你们当成笑话讲，我游戏里划人尸体两下你们逮住骂😮‍💨
[2026-02-22 03:17:32] handsomesuperme: 数字刷到自己身上知道痛了😅😅😅
[2026-02-22 03:17:32] 古风丨只会酸雨: 6658
[2026-02-22 03:17:32] 春风如齐: 哦牛批，原来只有数字梗玩到自己身上才会管啊，哦牛批还有这种主播。
[2026-02-22 03:17:32] LvvsiN: 为什么房管封的不能给鱼丸……还以为今天晚上得吃了……
[2026-02-22 03:17:32] Joquixote: Le8can🦍Le8can🦍Le8can🦍Le8can🦍
[2026-02-22 03:17:32] samuraionnna: 数字刷到自己身上知道痛了😅😅😅
[2026-02-22 03:17:32] 蓝鲸少年与小巷: 那为什么今天才开始禁数字梗呢？😅😅😅
[2026-02-22 03:17:32] 蒜香001: 奔驰只有四个车窗，塞钱请排队
[2026-02-22 03:17:33] 胡椒胡椒胡椒胡椒胡椒: @布罗利：草！被拿下！那些说我发官威的人呢说话！
[2026-02-22 03:17:33] 佐久夜姬子: @zywoo:感觉玩大哥冰清玉洁的纯度至少是海森堡级别的……
[2026-02-22 03:17:33] Rew1nnd: 数字刷到自己身上知道痛了😅😅😅终末地
[2026-02-22 03:17:33] -半生瓜Z: 那为什么今天才开始禁数字梗呢？😅😅😅
[2026-02-22 03:17:33] AL1yaaa: 数字刷到自己身上知道痛了😅😅😅
[2026-02-22 03:17:33] 八重森彌妮: 你吹什么载物呢？不知道cs解说一哥最恨的就是载物吗
[2026-02-22 03:17:33] sueins: 搞了半天你的直播间原来是全网最大的引流狗直播间，cs环境变成这样原来是你一手策划的，你做人真的可以
[2026-02-22 03:17:34] 叛逆的源源李: @布罗利：草！被拿下！那些说我发官威的人呢说话！
[2026-02-22 03:17:34] LvvsiN: 为什么房管封的不能给鱼丸……还以为今天晚上得吃了……
[2026-02-22 03:17:34] 小橙子橙99999: 那为什么今天才开始禁数字梗呢？😅😅😅
[2026-02-22 03:17:34] 低能贵物旅店: 那为什么今天才开始禁数字梗呢？😅😅😅
[2026-02-22 03:17:34] 好哥们黑龙歼灭刀: 听玩大哥几句客套话就能爆米啊。。。nb
[2026-02-22 03:17:34] Boykk1: 难怪要坚持孝尼，被当一条踢死了也能爆米的
[2026-02-22 03:17:34] 神奥联盟的竹兰本人: 原来数字梗只有玩到自己头上才管啊
[2026-02-22 03:17:35] 1tan紫绒花: 那为什么今天才开始禁数字梗呢？😅😅😅
[2026-02-22 03:17:36] LvvsiN: 我提一嘴这剧情越来越像上海major了
[2026-02-22 03:17:36] 千古恨轮回尝061: 听玩大哥几句客套话就能爆米啊。。。nb
[2026-02-22 03:17:36] 紧握马老师的大雕雕: 我儿子布罗利Broli呢？
[2026-02-22 03:17:36] Hana酱的宝贝阿根: 数字刷到自己身上知道痛了😅😅😅
[2026-02-22 03:17:37] 好哥们黑龙歼灭刀: 弹幕千万别告诉我布罗利的神秘代码，我不想查
[2026-02-22 03:17:37] 霜雪鱼龙: 那为什么今天才开始禁数字梗呢？😅😅���
[2026-02-22 03:17:37] Jasper昊: 我给你办卡为什么不感谢我，给你办卡说明要陪伴你很久
[2026-02-22 03:17:37] Joquixote: Le8can🦍Le8can🦍Le8can🦍
[2026-02-22 03:17:38] 胡椒胡椒胡椒胡椒胡椒: @布罗利：草！被拿下！那些说我发官威的人呢说话！
[2026-02-22 03:17:38] 喵蹄丝: 听玩大哥几句客套话就能爆米啊。。。nb
[2026-02-22 03:17:38] LvvsiN: 就tm喜欢银行业🥰银行坏账我喜欢🥰银行挤兑我还喜欢😍利率调低我也喜欢🤤老子亲烂银行业的脸😘
[2026-02-22 03:17:38] siufff: 数字刷到自己身上知道痛了😅😅😅
[2026-02-22 03:17:38] LWJTMAC01: 那为什么今天才开始禁数字梗呢？😅😅😅
[2026-02-22 03:17:38] 玩弓箭、Arrow: @伟伟：窝趣兄弟，我要是有你一半厚脸皮还至于现在直播间只有1000贵宾吗
[2026-02-22 03:17:38] 我最喜欢玩机器: 怀念最滥的六条权：一颗沃草、中储南小鸟、C9的Shroud本人、龙之峰帝人、布鲁抱、玩机器machi
[2026-02-22 03:17:38] 佐久夜姬子: @zywoo:感觉玩大哥冰清玉洁的纯度至少是海森堡级别的……
[2026-02-22 03:17:40] PJ64JC: 数字刷到自己身上知道痛了😅😅😅
[2026-02-22 03:17:40] gfe20010: 数字刷到自己身上知道痛了😅😅😅desuwa
[2026-02-22 03:17:40] 狂野皮几儿很哒: 数字刷到自己身上知道痛了😅😅😅
[2026-02-22 03:17:40] 姓黄小名肥仔: 懂🧊的都知道玩机器才是最🧊的，zywoo只是营销的好
[2026-02-22 03:17:41] 玩学生丶BlueArchive: @zywoo:感觉玩大哥冰清玉洁的纯度至少是海森堡级别的……
[2026-02-22 03:17:41] uzi家的喷水龙: 牛逼就今天成熟了知道禁数字了，原来🐴到自己了。。。
[2026-02-22 03:17:42] 沐川椰子: 你吹什么载物呢？不知道cs解说一哥最恨的就是载物吗
[2026-02-22 03:17:42] LvvsiN: 玩 出，我双倍呢？😡😡玩 出，我双倍呢？😡😡玩 出，我双倍呢？😡😡玩 出，我双倍呢？😡
[2026-02-22 03:17:42] 叫我晚舟就好啦: 听玩大哥几句客套话就能爆米啊。。。nb
[2026-02-22 03:17:43] sueins: 搞了半天你的直播间原来是全网最大的引流狗直播间，cs环境变成这样原来是你一手策划的，你做人真的可以
[2026-02-22 03:17:44] 艺术冰霜: 数字刷到自己身上知道痛了😅😅😅
[2026-02-22 03:17:44] LvvsiN: 我让你开双倍你二龙吗？老子荧光棒要过期了
[2026-02-22 03:17:44] 用户2381770840: 数字刷到自己身上知道痛了😅😅😅
[2026-02-22 03:17:44] 宫监手放监: @🐷：🤑🤑🤑🤑🤑🤑🤑🤑🤑🤑🤑🤑🤑🤑
[2026-02-22 03:17:44] 永远的克罗娜: 玩神，你要知道还是有很多人支持你的，加油
[2026-02-22 03:17:45] 网友猪大壮: fw
[2026-02-22 03:17:45] ykls的爱情结晶: 全体玩小将听令 以后🧊 粉这个称呼就属于我们了
[2026-02-22 03:17:45] 梦想是独立自由: 批胖
[2026-02-22 03:17:45] 玩比赛丶bet: 那为什么今天才开始禁数字梗呢？😅😅😅
[2026-02-22 03:17:45] gfe20010: 我儿子布罗利Broli呢？desuwa
[2026-02-22 03:17:45] 玩商单丶Sponsor: @🐷：🤑🤑🤑🤑🤑🤑🤑🤑🤑🤑🤑🤑🤑🤑
[2026-02-22 03:17:45] 明日香惣流: fw
[2026-02-22 03:17:46] 玩豆豆丶Apex: 为什么不等到骂完cadian再提高素质
[2026-02-22 03:17:46] LvvsiN: 玩 出，我双倍呢？😡😡玩 出，我双倍呢？😡😡玩 出，我双倍呢？😡😡玩 出，我双倍呢？😡
[2026-02-22 03:17:46] 小蜜蜂载物本人: 懂🧊的都知道玩机器才是最🧊的，zywoo只是营销的好
[2026-02-22 03:17:46] ZHR留学失败: 数字刷到自己身上知道痛了😅😅😅desuwa
[2026-02-22 03:17:46] 海绵宝宝小白儿: 那为什么今天才开始禁数字梗呢？😅😅😅
[2026-02-22 03:17:46] 小小小蕉: 数字刷到自己身上知道痛了😅😅😅
[2026-02-22 03:17:46] 99组的爱城华恋本人: 你吹什么载物呢？不知道cs解说一哥最恨的就是载物吗
[2026-02-22 03:17:46] 蒜香001: 奔驰只有四个车窗，塞钱请排队
[2026-02-22 03:17:46] 好哥们黑龙歼灭刀: 数字刷到自己身上知道痛了😅😅😅
[2026-02-22 03:17:47] AiLuoLi1413: 牛逼就今天成熟了知道禁数字了，原来🐴到自己了。。。
[2026-02-22 03:17:47] 玩神爱吃猪头肉: 听玩大哥几句客套话就能爆米啊。。。nb
[2026-02-22 03:17:47] Aleksumimi: @布罗利： i stay
[2026-02-22 03:17:47] dark1337: 数字刷到自己身上知道痛了😅😅😅
[2026-02-22 03:17:47] 好兄弟玩机器马信: @载顺物：不要恋辣个，也不要去搜
[2026-02-22 03:17:48] LvvsiN: 为什么房管封的不能给鱼丸……还以为今天晚上得吃了……
[2026-02-22 03:17:48] 守渔: 懂🧊的都知道玩机器才是最🧊的，zywoo只是营销的好
[2026-02-22 03:17:48] 牢大与小布丁: fw
[2026-02-22 03:17:48] 窦妪惯例全思慕: 牛逼就今天成熟了知道禁数字了，原来🐴到自己了。。。
[2026-02-22 03:17:48] 废斯特物物: 数字刷到自己身上知道痛了😅😅😅
[2026-02-22 03:17:49] 冲上云霄的姨: fw
[2026-02-22 03:17:49] 一叶气瓷郎: fw
[2026-02-22 03:17:49] 不变的追求717: 数字刷到自己身上知道痛了😅😅😅
[2026-02-22 03:17:49] 茂名水鬼: 你吹什么载物呢？不知道cs解说一哥最恨的就是载物吗
[2026-02-22 03:17:49] 永远的克罗娜: 玩神，你要知道还是有很多人支持你的，加油
[2026-02-22 03:17:49] Zxj1ing: 　　　 @🐷：🤑🤑🤑🤑🤑🤑🤑🤑🤑🤑🤑🤑🤑🤑
[2026-02-22 03:17:49] 什么罐头我说男人: fw
[2026-02-22 03:17:49] Litt1e丶Traveler: 你先开的
[2026-02-22 03:17:49] 琴弦之意: fw
[2026-02-22 03:17:49] 海绵宝宝农批儿: 你吹什么载物呢？不知道cs解说一哥最恨的就是载物吗
[2026-02-22 03:17:50] 巨型大高玩: 数字刷到自己身上知道痛了😅😅😅desuwa
[2026-02-22 03:17:51] 99组的爱城华恋本人: @🐷：🤑🤑🤑🤑🤑🤑🤑🤑🤑🤑🤑🤑🤑🤑
[2026-02-22 03:17:51] 何先抑: fw
[2026-02-22 03:17:51] 玩家军的猪头肉本人: @🐷：🤑🤑🤑🤑🤑🤑🤑🤑🤑🤑🤑🤑🤑🤑
[2026-02-22 03:17:51] 好哥们黑龙歼灭刀: 全体玩小将听令 以后🧊 粉这个称呼就属于我们了
[2026-02-22 03:17:51] 剑崎梨梨花: @🐷：🤑🤑🤑🤑🤑🤑🤑🤑🤑🤑🤑🤑🤑🤑
[2026-02-22 03:17:51] 网友猪大壮: @载顺物：不要恋辣个，也不要去搜
[2026-02-22 03:17:52] HostageKIA: 奔驰只有四个车窗，塞钱请排队
[2026-02-22 03:17:52] LvvsiN: 弹幕别吵了，银行业一样一样有有有也会有h'y'hui't'y'r's'c'dn
[2026-02-22 03:17:52] 载物的艾7: 懂🧊的都知道玩机器才是最🧊的，zywoo只是营销的好
[2026-02-22 03:17:52] 渡边曜女士: 那为什么今天才开始禁数字梗呢？😅😅😅
[2026-02-22 03:17:52] gfe20010: @zywoo:感觉玩大哥冰清玉洁的纯度至少是海森堡级别的……desuwa
[2026-02-22 03:17:52] 千早anon本人: 懂🧊的都知道玩机器才是最🧊的，zywoo只是营销的好
[2026-02-22 03:17:52] 玩商单丶Sponsor: @🐷：🤑🤑🤑🤑🤑🤑🤑🤑🤑🤑🤑🤑🤑🤑
[2026-02-22 03:17:52] 叫我老岑就好了呀: 数字刷到自己身上知道痛了😅😅😅
[2026-02-22 03:17:52] 小小小蕉: 那为什么今天才开始禁数字梗呢？😅😅😅
[2026-02-22 03:17:53] 日早爱音: @载顺物：不要恋辣个，也不要去搜
[2026-02-22 03:17:53] 千代纸丶: 那为什么今天才开始禁数字梗呢？😅😅😅
[2026-02-22 03:17:53] 丰川祥子口三角初华: 懂🧊的都知道玩机器才是最🧊的，zywoo只是营销的好
[2026-02-22 03:17:53] 玩学生丶BlueArchive: 玩神，你要知道还是有很多人支持你的，加油
[2026-02-22 03:17:53] 大梦464: 数字刷到自己身上知道痛了😅😅😅
[2026-02-22 03:17:53] 永远的克罗娜: 玩神，你要知道还是有很多人支持你的，加油
[2026-02-22 03:17:54] Minatocc: 处刑
[2026-02-22 03:17:54] LvvsiN: 玩宝宝，我发现在大学上学的时候肄业会很舒服，你可以试试
[2026-02-22 03:17:54] TYLOO-somebody: 数字刷到自己身上知道痛了😅😅😅desuwa
[2026-02-22 03:17:54] 大哥心里慌: 懂🧊的都知道玩机器才是最🧊的，zywoo只是营销的好
[2026-02-22 03:17:54] ChensyBruce: 数字刷到自己身上知道痛了😅😅😅
[2026-02-22 03:17:55] Gr1se0: @🐷：🤑🤑🤑🤑🤑🤑🤑🤑🤑🤑🤑🤑🤑🤑
[2026-02-22 03:17:55] 好哥们黑龙歼灭刀: 懂🧊的都知道玩机器才是最🧊的，zywoo只是营销的好
[2026-02-22 03:17:55] 77一定会是我的: 全体玩小将听令 以后🧊 粉这个称呼就属于我们了
[2026-02-22 03:17:55] 佐久夜姬子: @zywoo:感觉玩大哥冰清玉洁的纯度至少是海森堡级别的……
[2026-02-22 03:17:55] 喵蹄丝: @🐷：🤑🤑🤑🤑🤑🤑🤑🤑🤑🤑🤑🤑🤑🤑
[2026-02-22 03:17:55] 空有无垠: 懂🧊的都知道玩机器才是最🧊的，zywoo只是营销的好
[2026-02-22 03:17:55] 帝国老男孩: fw
[2026-02-22 03:17:55] 小救星小杜DuD: 数字刷到自己身上知道痛了😅😅😅desuwa
[2026-02-22 03:17:56] LvvsiN: 我提一嘴这剧情越来越像上海major了
[2026-02-22 03:17:56] 忽孝山庄: @🐷：🤑🤑🤑🤑🤑🤑🤑🤑🤑🤑🤑🤑🤑🤑
[2026-02-22 03:17:56] 湾急气嘚叠: 数字刷到自己身上知道痛了😅😅😅
[2026-02-22 03:17:56] 用户144491677: 数字刷到自己身上知道痛了😅😅😅
[2026-02-22 03:17:56] 我永远喜欢菲洛: @zywoo：OK你先开的
[2026-02-22 03:17:57] richardlee97: 数字刷到自己身上知道痛了😅😅😅
[2026-02-22 03:17:57] gfe20010: @🐷：🤑🤑🤑🤑🤑🤑🤑🤑🤑🤑🤑🤑🤑🤑desuwa
[2026-02-22 03:17:57] 加仓红宝石刺刀dewasu: @🐷：🤑🤑🤑🤑🤑🤑🤑🤑🤑🤑🤑🤑🤑🤑
[2026-02-22 03:17:57] 玩学生丶BlueArchive: @🐷：🤑🤑🤑🤑🤑🤑🤑🤑🤑🤑🤑🤑🤑🤑
[2026-02-22 03:17:57] 洛陽城里看落陽: 那为什么今天才开始禁数字梗呢？😅😅😅
[2026-02-22 03:17:58] sarbest: @🐷：🤑🤑🤑🤑🤑🤑🤑🤑🤑🤑🤑🤑🤑🤑
[2026-02-22 03:17:58] Joquixote: Le8can🦍Le8can🦍Le8can🦍Le8can🦍
[2026-02-22 03:17:58] LvvsiN: 为什么房管封的不能给鱼丸……还以为今天晚上得吃了……
[2026-02-22 03:17:58] JuL1us: 懂🧊的都知道玩机器才是最🧊的，zywoo只是营销的好
[2026-02-22 03:17:58] 玩家军的猪头肉本人: 懂🧊的都知道玩机器才是最🧊的，zywoo只是营销的好
[2026-02-22 03:17:59] 喵蹄丝: 数字刷到自己身上知道痛了😅😅😅
[2026-02-22 03:17:59] Th0tiana: 处刑
[2026-02-22 03:17:59] Hcmor: 数字刷到自己身上知道痛了😅😅😅
[2026-02-22 03:17:59] 光文天天: 数字刷到自己身上知道痛了😅😅😅
[2026-02-22 03:18:00] Liver860: 　　　 懂🧊的都知道玩机器才是最🧊的，zywoo只是营销的好
[2026-02-22 03:18:00] LvvsiN: 弹幕也就网上说说，现实里谁不觉得樱姐是好女孩（删括号领一条远坂凛同款鸟笼）
[2026-02-22 03:18:00] 杜甫slyl: 沙二你就看小载怎么狙吧
[2026-02-22 03:18:00] 宫监手放监: 懂🧊的都知道玩机器才是最🧊的，zywoo只是营销的好
[2026-02-22 03:18:00] 什么罐头我说男人: @🐷：🤑🤑🤑🤑🤑🤑🤑🤑🤑🤑🤑🤑🤑🤑
[2026-02-22 03:18:00] Sule99: @🐷：🤑🤑🤑🤑🤑🤑🤑🤑🤑🤑🤑🤑🤑🤑
[2026-02-22 03:18:00] 空有无垠: 全体玩小将听令 以后🧊 粉这个称呼就属于我们了
[2026-02-22 03:18:01] 昌岗陈坤: @🐷：🤑🤑🤑🤑🤑🤑🤑🤑🤑🤑🤑🤑🤑🤑
[2026-02-22 03:18:01] 永远的克罗娜: 玩神，你要知道还是有很多人支持你的，加油
[2026-02-22 03:18:01] 野pig亨利28: 我提一嘴这剧情越来越像上海major了
[2026-02-22 03:18:01] 好哥们烈永周: @🐷：🤑🤑🤑🤑🤑🤑🤑🤑🤑🤑🤑🤑🤑🤑
[2026-02-22 03:18:01] 姓黄小名肥仔: 懂🧊的都知道玩机器才是最🧊的，zywoo只是营销的好
[2026-02-22 03:18:01] Ecifircas: 玩宝宝，我发现在大学上学的时候肄业会很舒服，你可以试试
[2026-02-22 03:18:02] 星海羽弦: 玩宝宝，我发现在大学上学的时候肄业会很舒服，你可以试试
[2026-02-22 03:18:02] 海绵宝宝打野儿: @zywoo：OK你先开的
[2026-02-22 03:18:02] LvvsiN: 南孚一节更比六节强，也就是一节南孚比六节南孚强，六节南孚比三十六节强，三十六节比二百一十六节强
[2026-02-22 03:18:02] 玩机器今晚还播吗: 陆陆伍捌 up up
[2026-02-22 03:18:02] ymyyo: （ $ 🐽 $ )（ $ 🐽 $ )（ $ 🐽 $ )（ $ 🐽 $ )（ $ 🐽 $ )（ $ 🐽 $ )
[2026-02-22 03:18:02] 夏夜Starry: 弹幕别吵了，银行业一样一样有有有也会有h'y'hui't'y'r's'c'dn
[2026-02-22 03:18:03] 约定之王: 全体玩小将听令 以后🧊 粉这个称呼就属于我们了
[2026-02-22 03:18:03] 丶丶Ken丶丶: 数字刷到自己身上知道痛了😅😅😅
[2026-02-22 03:18:03] 十点差49分: 懂🧊的都知道玩机器才是最🧊的，zywoo只是营销的好
[2026-02-22 03:18:03] 奈亚亚亚亚亚: 数字刷到自己身上知道痛了😅😅😅
[2026-02-22 03:18:04] 青年058: 玩机器没有以前好看了，但是我也找不到别人了
[2026-02-22 03:18:04] 大稽基: 　　　 懂🧊的都知道玩机器才是最🧊的，zywoo只是营销的好
[2026-02-22 03:18:04] LvvsiN: 孩子们快跑，马修赫伯特来了😨卧槽你的怎么是马枪和BOT
[2026-02-22 03:18:05] Box强音来袭: 懂🧊的都知道玩机器才是最🧊的，zywoo只是营销的好
[2026-02-22 03:18:05] 玩神爱吃猪头肉: @🐷：🤑🤑🤑🤑🤑🤑🤑🤑🤑🤑🤑🤑🤑🤑
[2026-02-22 03:18:05] 灯灭人未眠: 数字刷到自己身上知道痛了😅😅😅
[2026-02-22 03:18:05] 無話可說848: @🐷：🤑🤑🤑🤑🤑🤑🤑🤑🤑🤑🤑🤑🤑🤑
[2026-02-22 03:18:05] UzBot: @🐷：🤑🤑🤑🤑🤑🤑🤑🤑🤑🤑🤑🤑🤑🤑
[2026-02-22 03:18:06] 春风如齐: 哦牛批，原来只有数字梗玩到自己身上才会管啊，哦牛批还有这种主播。
[2026-02-22 03:18:06] 废斯特物物: 懂🧊的都知道玩机器才是最🧊的，zywoo只是营销的好
[2026-02-22 03:18:06] 橘子味儿小baby: 数字刷到自己身上知道痛了😅😅😅
[2026-02-22 03:18:06] 送不起火箭我送张办卡: @🐷：🤑🤑🤑🤑🤑🤑🤑🤑🤑🤑🤑🤑🤑🤑
[2026-02-22 03:18:06] LvvsiN: 玩宝宝，我发现在大学上学的时候肄业会很舒服，你可以试试
[2026-02-22 03:18:07] 玩学生丶BlueArchive: 我提一嘴这剧情越来越像上海major了
[2026-02-22 03:18:07] 斗鱼用户4901183769: 　　　 数字刷到自己身上知道痛了😅😅😅
[2026-02-22 03:18:07] Joquixote: Le8can🦍Le8can🦍Le8can🦍Le8can🦍Le8can🦍
[2026-02-22 03:18:07] 玩比赛丶bet: @🐷：🤑🤑🤑🤑🤑🤑🤑🤑🤑🤑🤑🤑🤑🤑
[2026-02-22 03:18:07] 蒜香001: 奔驰只有四个车窗，塞钱请排队
[2026-02-22 03:18:07] Vitality的羽贺文乃本人: @🐷：🤑🤑🤑🤑🤑🤑🤑🤑🤑🤑🤑🤑🤑🤑
[2026-02-22 03:18:08] LvvsiN: 我提一嘴这剧情越来越像上海major了
[2026-02-22 03:18:08] AmamiyaIori: 你自作自受的意思就是突然开始封刷到你身上的数字梗是吧🤣🤣
[2026-02-22 03:18:08] 硫磺祥: 弹幕别吵了，银行业一样一样有有有也会有h'y'hui't'y'r's'c'dn
[2026-02-22 03:18:09] 旋律的主人丰川祥子: 　　　 懂🧊的都知道玩机器才是最🧊的，zywoo只是营销的好
[2026-02-22 03:18:09] 小救星小杜DuD: 懂🧊的都知道玩机器才是最🧊的，zywoo只是营销的好
[2026-02-22 03:18:09] Miyezd: ⚠️危险比分警告⚠️危险比分警告⚠️危险比分警告⚠️危险比分警告⚠️危险比分警告⚠️危险比分警告
[2026-02-22 03:18:09] 結城希亞: @🐷：🤑🤑🤑🤑🤑🤑🤑🤑🤑🤑🤑🤑🤑🤑
[2026-02-22 03:18:10] 机长家的华仔: 数字刷到自己身上知道痛了😅😅😅
[2026-02-22 03:18:10] LvvsiN: 弹幕别吵了，银行业一样一样有有有也会有h'y'hui't'y'r's'c'dn
[2026-02-22 03:18:10] AiLuoLi1413: 数字刷到自己身上知道痛了😅😅😅
[2026-02-22 03:18:10] 悬尘Xch: 布罗利你在看吗
[2026-02-22 03:18:10] 飘飖1111: o
[2026-02-22 03:18:11] Gverense: 不许发阿拉伯数字违者三六五
[2026-02-22 03:18:11] 我谢谢我自己: 数字刷到自己身上知道痛了😅😅😅
[2026-02-22 03:18:11] 玩商单丶Sponsor: @🐷：🤑🤑🤑🤑🤑🤑🤑🤑🤑🤑🤑🤑🤑🤑
[2026-02-22 03:18:12] 没有真名233: @小丶大鱼头：懂🧊的都知道玩机器才是最🧊的，zywoo只是营销的好
[2026-02-22 03:18:12] SherryAiovo: 狂野
[2026-02-22 03:18:12] 好哥们黑龙歼灭刀: @玩顺÷：不要恋辣个，也不要去搜
[2026-02-22 03:18:12] LvvsiN: 为什么房管封的不能给鱼丸……还以为今天晚上得吃了……
[2026-02-22 03:18:12] 蛇鼠野菜汤: @🐷：🤑🤑🤑🤑🤑🤑🤑🤑🤑🤑🤑🤑🤑🤑
[2026-02-22 03:18:12] 绝食十年攒爱top3飞机: @🐷：🤑🤑🤑🤑🤑🤑🤑🤑🤑🤑🤑🤑🤑🤑
[2026-02-22 03:18:13] 像小枣一样: 　　　 数字刷到自己身上知道痛了😅😅😅
[2026-02-22 03:18:13] 罗德岛顶红顶红的太阳: 数字刷到自己身上知道痛了😅😅😅
[2026-02-22 03:18:13] 寻之阡陌: @🐷：🤑🤑🤑🤑🤑🤑🤑🤑🤑🤑🤑🤑🤑🤑
[2026-02-22 03:18:13] 春日画意纪:     数字刷到自己身上知道痛了😅😅😅
[2026-02-22 03:18:13] 短桥窄马: 不许再喷玩宝宝了🥺🥺
[2026-02-22 03:18:13] 玩蛇鼠丶stabbi:     数字刷到自己身上知道痛了😅😅😅
[2026-02-22 03:18:13] 沸物贝利亚大王: 懂🧊的都知道玩机器才是最🧊的，zywoo只是营销的好
[2026-02-22 03:18:13] 姓黄小名肥仔: 懂🧊的都知道玩机器才是最🧊的，zywoo只是营销的好
[2026-02-22 03:18:14] 洁身自好处男有为青年: 蒙古一定要拿下啊
[2026-02-22 03:18:14] LvvsiN: 我让你开双倍你二龙吗？老子荧光棒要过期了
[2026-02-22 03:18:14] 海绵宝宝农批儿:     懂🧊的都知道玩机器才是最🧊的，zywoo只是营销的好
[2026-02-22 03:18:15] 光文天天: @🐷：🤑🤑🤑🤑🤑🤑🤑🤑🤑🤑🤑🤑🤑🤑
[2026-02-22 03:18:15] Ephemerality137: @🐷：🤑🤑🤑🤑🤑🤑🤑🤑🤑🤑🤑🤑🤑🤑
[2026-02-22 03:18:16] zzzhr698: 数字刷到自己身上知道痛了😅😅😅
[2026-02-22 03:18:16] dark1337:     懂🧊的都知道玩机器才是最🧊的，zywoo只是营销的好
[2026-02-22 03:18:16] 胡椒胡椒胡椒胡椒胡椒: @青年058：玩机器没有以前好看了，但是我也找不到别人了
[2026-02-22 03:18:16] LvvsiN: 弹幕也就网上说说，现实里谁不觉得樱姐是好女孩（删括号领一条远坂凛同款鸟笼）
[2026-02-22 03:18:16] 椎名立希本人: 数字刷到自己身上知道痛了😅😅😅
[2026-02-22 03:18:18] 北崎直树: 数字刷到自己身上知道痛了😅😅😅
[2026-02-22 03:18:18] 泠鸢不是冷鸢丶:     数字刷到自己身上知道痛了😅😅😅
[2026-02-22 03:18:18] 玩机器今晚还播吗: 不许再喷玩宝宝了🥺🥺
[2026-02-22 03:18:18] miku-: 懂🧊的都知道玩机器才是最🧊的，zywoo只是营销的好
[2026-02-22 03:18:18] 帅帅的翅膀为你翱翔: 数字刷到自己身上知道痛了😅😅😅
[2026-02-22 03:18:18] Joquixote: Le8can🦍Le8can🦍Le8can🦍Le8can🦍
[2026-02-22 03:18:18] LvvsiN: 南孚一节更比六节强，也就是一节南孚比六节南孚强，六节南孚比三十六节强，三十六节比二百一十六节强
[2026-02-22 03:18:19] 马修赫伯特本人:     数字刷到自己身上知道痛了😅😅😅
[2026-02-22 03:18:19] 爱道冠: @🐷：🤑🤑🤑🤑🤑🤑🤑🤑🤑🤑🤑🤑🤑🤑
[2026-02-22 03:18:20] 不变的追求717: 哦牛逼，原来只有数字梗刷到自己身上才会管啊，哦牛批还有这种主播
[2026-02-22 03:18:20] 无消息AT: 骂了那么久大番薯，结果就现在屏蔽😅😅😅
[2026-02-22 03:18:21] LvvsiN: 玩宝宝，我发现在大学上学的时候肄业会很舒服，你可以试试
[2026-02-22 03:18:21] 爱你啵啵Midori: 我让你开双倍你二龙吗？老子荧光棒要过期了
[2026-02-22 03:18:21] 宫监手放监: @🐷：🤑🤑🤑🤑🤑🤑🤑🤑🤑🤑🤑🤑🤑🤑
[2026-02-22 03:18:21] 十方梦魇宗: 数字刷到自己身上知道痛了😅😅😅
[2026-02-22 03:18:22] 剑崎梨梨花: 玩机器当然恨载圣，因为🧊本来是说他的，被载圣偷了😡
[2026-02-22 03:18:22] 好哥们黑龙歼灭刀: 数字刷到自己身上知道痛了😅😅😅
[2026-02-22 03:18:23] LvvsiN: 为什么房管封的不能给鱼丸……还以为今天晚上得吃了……
[2026-02-22 03:18:23] 黄色偶像大师: 弹幕也就网上说说，现实里谁不觉得樱姐是好女孩（删括号领一条远坂凛同款鸟笼）
[2026-02-22 03:18:23] 追凤先生缝老八:     数字刷到自己身上知道痛了😅😅😅
[2026-02-22 03:18:24] LvvsiN: 我让你开双倍你二龙吗？老子荧光棒要过期了
[2026-02-22 03:18:25] Joquixote: Le8can🦍Le8can🦍Le8can🦍Le8can🦍Le8can🦍
[2026-02-22 03:18:25] 明凯该吃饭了: 6658
[2026-02-22 03:18:25] 玩神爱吃猪头肉: 著名玩小将：expro（伟伟）afufu（伟伟）伟伟（伟伟）雨童（伟伟）三明治（总监）
[2026-02-22 03:18:25] 久远寺有珠、:     数字刷到自己身上知道痛了😅😅😅
[2026-02-22 03:18:26] 什么罐头我说男人: 懂🧊的都知道玩机器才是最🧊的，zywoo只是营销的好
[2026-02-22 03:18:26] LvvsiN: 南孚一节更比六节强，也就是一节南孚比六节南孚强，六节南孚比三十六节强，三十六节比二百一十六节强
[2026-02-22 03:18:27] 红色有角三倍速的夏亚: 数字刷到自己身上知道痛了😅😅😅
[2026-02-22 03:18:27] 机器机器祝你幸福: 可是我不想玩宝宝被骂😭
[2026-02-22 03:18:28] 北崎直树: 懂🧊的都知道玩机器才是最🧊的，zywoo只是营销的好
[2026-02-22 03:18:28] LvvsiN: 你为什么要把mαjor禁了，我收藏的一半弹幕全毁了
[2026-02-22 03:18:29] 姓黄小名肥仔: 懂🧊的都知道玩机器才是最🧊的，zywoo只是营销的好
[2026-02-22 03:18:30] 罗裙摇曳: 数字刷到自己身上知道痛了😅😅😅
[2026-02-22 03:18:30] Kli0s: p3
[2026-02-22 03:18:30] 好姐妹芙卡洛斯: P3
[2026-02-22 03:18:30] LvvsiN: 弹幕别吵了，银行业一样一样有有有也会有h'y'hui't'y'r's'c'dn
[2026-02-22 03:18:31] 北橘亦暖i: 🤑🤑🤑🤑🤑🤑🤑🤑🤑
[2026-02-22 03:18:32] 佐久夜姬子: 怀念最好的三个房管:布罗利，sun_son，这里是小天啊
[2026-02-22 03:18:32] 会走路的横纹肌: p3
[2026-02-22 03:18:32] LvvsiN: 弹幕也就网上说说，现实里谁不觉得樱姐是好女孩（删括号领一条远坂凛同款鸟笼）
[2026-02-22 03:18:32] 用户144491677: @🐷：🤑🤑🤑🤑🤑🤑🤑🤑🤑🤑🤑🤑🤑🤑
[2026-02-22 03:18:33] 春风如齐: 哦牛批，原来只有数字梗玩到自己身上才会管啊，哦牛批还有这种主播。。。
[2026-02-22 03:18:33] himluo: p3
[2026-02-22 03:18:33] 迪奥雷: 一脚踢死
[2026-02-22 03:18:33] 黑化的玩小将: 一元粉丝牌先冲，收到的加1
[2026-02-22 03:18:34] Sereinily: 懂🧊的都知道玩机器才是最🧊的，zywoo只是营销的好
[2026-02-22 03:18:34] 李小小与虾大大: 一个P3
[2026-02-22 03:18:34] samuraionnna: 帅
[2026-02-22 03:18:34] Joquixote: Le8can🦍Le8can🦍Le8can🦍Le8can🦍
[2026-02-22 03:18:34] LvvsiN: 你为什么要把mαjor禁了，我收藏的一半弹幕全毁了
[2026-02-22 03:18:35] 偷鸡蛋的玩机器本人o: 动作游戏？
[2026-02-22 03:18:35] 美美干我呢: p3
[2026-02-22 03:18:35] 就爱吃辣咋的: 紫色。。。
[2026-02-22 03:18:35] 無話可說848: P3
[2026-02-22 03:18:35] ymyyo: （ 💰 🐽💰 )（ 💰 🐽💰 )（ 💰 🐽💰 )（ 💰 🐽💰 )（ 💰 🐽💰 )（ 💰（
[2026-02-22 03:18:35] 濹0790338: p3
[2026-02-22 03:18:35] 琉丶枫: p3
[2026-02-22 03:18:36] 关我汤姆什么事: 一个在哪
[2026-02-22 03:18:36] 四四四四天: 可是我不想玩宝宝被骂😭
[2026-02-22 03:18:36] 精神病狼: P3
[2026-02-22 03:18:36] LvvsiN: 南孚一节更比六节强，也就是一节南孚比六节南孚强，六节南孚比三十六节强，三十六节比二百一十六节强
[2026-02-22 03:18:38] 黑化的玩小将: 一元粉丝牌先冲，收到的加1
[2026-02-22 03:18:38] 洁身自好处男有为青年: 4K这姿势牛逼啊
[2026-02-22 03:18:38] gfe20010: @🐷：🤑🤑🤑🤑🤑🤑🤑🤑🤑🤑🤑🤑🤑🤑desuwa
[2026-02-22 03:18:38] LvvsiN: @阿汤日记：一个人，5发子弹，保住格陵兰岛。我不会叫它不可能完成的任务，我现在只想先回家看亦博
[2026-02-22 03:18:39] 卡卡卡茨比杨: p3
[2026-02-22 03:18:39] 法尼丶瓦伦泰D4C: 哦牛批，原来只有数字梗玩到自己身上才会管啊，哦牛批还有这种主播。。。
[2026-02-22 03:18:39] HisuiHearts: 懂🧊的都知道玩机器才是最🧊的，zywoo只是营销的好
[2026-02-22 03:18:40] 海安WAILOM: p3
[2026-02-22 03:18:40] LvvsiN: 为什么房管封的不能给鱼丸……还以为今天晚上得吃了……
[2026-02-22 03:18:41] 黑化的玩小将: 一元粉丝牌先冲，收到的加1
[2026-02-22 03:18:41] Faze的新岛真本人: 玩宝宝不哭🥺🥺你们别骂了🥺🥺我一个小萌妹都要急的哭死了🥺🥺🥺🥺
[2026-02-22 03:18:41] Joquixote: Le8can🦍Le8can🦍Le8can🦍Le8can🦍Le8can🦍
[2026-02-22 03:18:42] 千古恨轮回尝061: ⚠️本直播间禁止阿拉伯数字⚠️
[2026-02-22 03:18:42] 菠萝王111: 没人发fw吗你我请问了
[2026-02-22 03:18:42] LvvsiN: 玩 出，我双倍呢？😡😡玩 出，我双倍呢？😡😡玩 出，我双倍呢？😡😡玩 出，我双倍呢？😡
[2026-02-22 03:18:43] dark1337: p3
[2026-02-22 03:18:44] Kunwz: 弹幕可以攒一波，等到niko的比赛在🐎布罗利
[2026-02-22 03:18:44] 99组的爱城华恋本人: fw
[2026-02-22 03:18:44] 李小小与虾大大: 豆÷
[2026-02-22 03:18:44] LvvsiN: 你为什么要把mαjor禁了，我收藏的一半弹幕全毁了
[2026-02-22 03:18:45] 黑化的玩小将: 一元粉丝牌先冲，收到的加1
[2026-02-22 03:18:45] 千古恨轮回尝061: ⚠️本直播间禁止阿拉伯数字⚠️
[2026-02-22 03:18:46] Aleksumimi: p3
[2026-02-22 03:18:46] Faze的新岛真本人: 玩宝宝不哭🥺🥺你们别骂了🥺🥺我一个小萌妹都要急的哭死了🥺🥺🥺🥺
[2026-02-22 03:18:46] sjtu的musketeers本人: p3
[2026-02-22 03:18:46] 佐久夜姬子: 感觉jame这个状态载大哥的top1和老汤的top2危险了呀
[2026-02-22 03:18:46] Hana酱的宝贝阿根: （ 💰 🐽💰 )（ 💰 🐽💰 )（ 💰 🐽💰 )（ 💰 🐽💰 )（ 💰 🐽💰 )（ 💰（
[2026-02-22 03:18:46] LvvsiN: 银行业😄银行业😀银行业😃银行业😁银行业😆银行业🤪银行业😝
[2026-02-22 03:18:47] 夕ro: p3
[2026-02-22 03:18:47] Vitaliy的ZywOo本人: p3
[2026-02-22 03:18:47] YEYH111: 你吹什么载物呢？不知道cs解说一哥最恨的就是载物吗
[2026-02-22 03:18:47] 瞄准高高手: 懂🧊的都知道玩机器才是最🧊的，zywoo只是营销的好
[2026-02-22 03:18:48] Joquixote: Le8can🦍Le8can🦍Le8can🦍Le8can🦍
[2026-02-22 03:18:48] ymyyo: （ 💰 🐽💰 )（ 💰 🐽💰 )（ 💰 🐽💰 )（ 💰 🐽💰 )（ 💰 🐽💰 )
[2026-02-22 03:18:48] 木空空空空空: 一元粉丝牌先冲，收到的加1
[2026-02-22 03:18:48] LvvsiN: 弹幕别吵了，银行业一样一样有有有也会有h'y'hui't'y'r's'c'dn
[2026-02-22 03:18:49] 会走路的横纹肌: p3全责
[2026-02-22 03:18:49] 千古恨轮回尝061: ⚠️本直播间禁止阿拉伯数字⚠️
[2026-02-22 03:18:49] 火猫一哥亦博易勃: 你们弹幕早这样，玩机器解说早这么认真了
[2026-02-22 03:18:49] 古怪的一个人: p3
[2026-02-22 03:18:49] 窦妪惯例全思慕: 弹幕可以攒一波，等到niko的比赛在🐎布罗利
[2026-02-22 03:18:50] 黑化的玩小将: 一元粉丝牌先冲，收到的加1
[2026-02-22 03:18:50] 可达鸭不会游泳: 你们弹幕早这样，玩机器解说早这么认真了
[2026-02-22 03:18:50] Miyezd: 狗 洞来了🕳孩贼来了🏴‍☠️贼物来了🦑老尼来了🦞JL来了🤬西若来了🧟‍♀️玩机器来了🐖
[2026-02-22 03:18:50] Faze的新岛真本人: 玩宝宝不哭🥺🥺你们别骂了🥺🥺我一个小萌妹都要急的哭死了🥺🥺🥺🥺
[2026-02-22 03:18:51] uzi家的喷水龙: 🐴到玩大哥当然成熟了，🐴载物管主播什么事啊。。。
[2026-02-22 03:18:51] LvvsiN: 额，拿亚军我都会，拿亚军，拿季军，拿四强，拿八强，拿十六强，呃拿冠军我不会，然后小组赛淘汰
[2026-02-22 03:18:51] 小蜜蜂唯一GOAT: ropz这能一个不接啊？
[2026-02-22 03:18:51] 橙黄双翼: P3杀一个有了
[2026-02-22 03:18:51] 什么罐头我说男人: 为什么房管封的不能给鱼丸……还以为今天晚上得吃了……
[2026-02-22 03:18:51] misaka1023: 玩宝宝不哭🥺🥺你们别骂了🥺🥺我一个小萌妹都要急的哭死了🥺🥺🥺🥺
[2026-02-22 03:18:52] 专看玩机器的号: 载物来v了
[2026-02-22 03:18:52] 火暴兽也干了: 一元粉丝牌先冲，收到的加1
[2026-02-22 03:18:52] 訤溓: 玩宝宝宝宝宝宝宝宝
[2026-02-22 03:18:52] AmamiyaIori: 你自作自受的意思就是突然开始封刷到你身上的数字梗是吧🤣🤣
[2026-02-22 03:18:52] 神奥联盟的竹兰本人: （ 💰 🐽💰 )（ 💰 🐽💰 )（ 💰 🐽💰 )（ 💰 🐽💰 )（ 💰 ���
[2026-02-22 03:18:52] K1S4Ra: ⚠️本直播间禁止阿拉伯数字⚠️
[2026-02-22 03:18:53] LvvsiN: 你为什么要把mαjor禁了，我收藏的一半弹幕全毁了
[2026-02-22 03:18:53] Hcmor: 你吹什么载物呢？不知道cs解说一哥最恨的就是载物吗
[2026-02-22 03:18:53] 用户43629220: ⚠️本直播间禁止阿拉伯数字⚠️
[2026-02-22 03:18:54] siufff: 懂🧊的都知道玩机器才是最🧊的，zywoo只是营销的好
[2026-02-22 03:18:54] 玩蛇鼠丶stabbi: 一元粉丝牌先冲，收到的加1
[2026-02-22 03:18:54] 黑化的玩小将: 一元粉丝牌先冲，收到的加1
[2026-02-22 03:18:54] Faze的新岛真本人: 玩宝宝不哭🥺🥺你们别骂了🥺🥺我一个小萌妹都要急的哭死了🥺🥺🥺🥺
[2026-02-22 03:18:54] 我在英国的前妻: ⚠️本直播间禁止阿拉伯数字⚠️
[2026-02-22 03:18:54] 故障-机器人: ⚠️本直播间禁止阿拉伯数字⚠️
[2026-02-22 03:18:54] 无须终有492: 手英王😭😭
[2026-02-22 03:18:54] eda778: （ 💰 🐽💰 )（ 💰 🐽💰 )（ 💰 🐽💰 )（ 💰 🐽💰 )（ 💰 �
[2026-02-22 03:18:55] NIP的Device本人: 弹幕可以攒一波，等到niko的比赛在🐎布罗利
[2026-02-22 03:18:55] 硫磺祥: 手英王倒了😩
[2026-02-22 03:18:55] 艺术冰霜: 　　　 你们弹幕早这样，玩机器解说早这么认真了
[2026-02-22 03:18:55] 海绵宝宝农批儿: ⚠️本直播间禁止阿拉伯数字⚠️
[2026-02-22 03:18:55] 玩学生丶BlueArchive: 懂🧊的都知道玩机器才是最🧊的，zywoo只是营销的好
[2026-02-22 03:18:55] 爱上直女的三角初音: p3的一个在哪
[2026-02-22 03:18:55] HisuiHearts: 玩宝宝不哭🥺🥺你们别骂了🥺🥺我一个小萌妹都要急的哭死了🥺🥺🥺🥺
[2026-02-22 03:18:56] 卡恩: 图三了
[2026-02-22 03:18:56] triangle233: 懂🧊的都知道玩机器才是最🧊的，zywoo只是营销的好
[2026-02-22 03:18:56] 春日画意纪: p3
[2026-02-22 03:18:56] 我也喜欢玩机器: （ 💰 🐽💰 )（ 💰 🐽💰 )（ 💰 🐽💰 )（ 💰 🐽💰 )（ 💰 ���
[2026-02-22 03:18:56] 无刺有刺的安和昴本人: 你们弹幕早这样，玩机器解说早这么认真了
[2026-02-22 03:18:57] 不变的追求717: 你吹什么载物呢？不知道cs解说一哥最恨的就是载物吗
[2026-02-22 03:18:57] LvvsiN: 孩子们快跑，马修赫伯特来了😨卧槽你的怎么是马枪和BOT
[2026-02-22 03:18:57] 康托尔74920: 你们弹幕早这样，玩机器解说早这么认真了
[2026-02-22 03:18:57] bzhanshenshi: 弹幕别吵了，银行业一样一样有有有也会有h'y'hui't'y'r's'c'dn
[2026-02-22 03:18:57] 行与草木之下: 一元粉丝牌先冲，收到的加1
[2026-02-22 03:18:57] Faze的新岛真本人: 玩宝宝不哭🥺🥺你们别骂了🥺🥺我一个小萌妹都要急的哭死了🥺🥺🥺🥺
[2026-02-22 03:18:57] uyygkhil: 　　　 你们弹幕早这样，玩机器解说早这么认真了
[2026-02-22 03:18:57] 洁身自好处男有为青年: 4K这出中门飞出来太牛逼了
[2026-02-22 03:18:57] AiLuoLi1413: ⚠️本直播间禁止阿拉伯数字⚠️
[2026-02-22 03:18:58] samuraionnna: 玩宝宝不哭🥺🥺你们别骂了🥺🥺我一个小萌妹都要急的哭死了🥺🥺🥺🥺
[2026-02-22 03:18:58] 凛雪鸦MIO: 被4k一脚踢死也太好笑了
[2026-02-22 03:18:58] 我头秃还爱毒奶选手: 你们弹幕早这样，玩机器解说早这么认真了
[2026-02-22 03:18:58] 玩学生丶BlueArchive: 玩宝宝不哭🥺🥺你们别骂了🥺🥺我一个小萌妹都要急的哭死了🥺🥺🥺🥺
[2026-02-22 03:18:58] Litt1e丶Traveler: ☞
[2026-02-22 03:18:59] 大梦464: 　　　 你自作自受的意思就是突然开始封刷到你身上的数字梗是吧🤣🤣
[2026-02-22 03:18:59] 訤溓: 载物可以自己点个，你让别人给你点吗
[2026-02-22 03:18:59] 好哥们黑龙歼灭刀: ⚠️本直播间禁止阿拉伯数字⚠️
[2026-02-22 03:18:59] 黑化的玩小将: 一元粉丝牌先冲，收到的加1
[2026-02-22 03:18:59] 什么罐头我说男人: ⚠️本直播间禁止阿拉伯数字⚠️
[2026-02-22 03:18:59] 秋茶小雪: 玩宝宝不哭🥺🥺你们别骂了🥺🥺我一个小萌妹都要急的哭死了🥺🥺🥺🥺
[2026-02-22 03:18:59] 小肉包喷香: （ 💰 🐽💰 )（ 💰 🐽💰 )（ 💰 🐽💰 )（ 💰 🐽💰 )（ 💰 ���
[2026-02-22 03:19:00] 我不知道owo: 你们弹幕早这样，玩机器解说早这么认真了
[2026-02-22 03:19:00] 剑崎梨梨花: 你吹什么载物呢？不知道cs解说一哥最恨的就是载物吗
[2026-02-22 03:19:00] Star薛晨: 一元粉丝牌先冲，收到的加1
[2026-02-22 03:19:00] 柠檬lei了: 弹幕可以攒一波，等到niko的比赛在🐎布罗利
[2026-02-22 03:19:00] 落叶悠哉落: 一元粉丝牌先冲，收到的加1
[2026-02-22 03:19:00] 玩学生丶BlueArchive: 玩宝宝不哭🥺🥺你们别骂了🥺🥺我一个小萌妹都要急的哭死了🥺🥺🥺🥺
[2026-02-22 03:19:01] 坑你大爷啊丶: fywoo
[2026-02-22 03:19:01] Faze的新岛真本人: 玩宝宝不哭🥺🥺你们别骂了🥺🥺我一个小萌妹都要急的哭死了🥺🥺🥺🥺
[2026-02-22 03:19:01] 最爱的马卡龙: 5
[2026-02-22 03:19:01] Pioneer893: ⚠️本直播间禁止阿拉伯数字⚠️
[2026-02-22 03:19:01] 好哥们音箱蟀: ⚠️本直播间禁止阿拉伯数字⚠️
[2026-02-22 03:19:02] Cloud9的咬人猫本人: 你自作自受的意思就是突然开始封刷到你身上的数字梗是吧🤣🤣
[2026-02-22 03:19:02] 玩machine丶机器: @niko：玩机器拿刀划驴脸你们当成笑话讲，我游戏里划人尸体两下你们逮住骂😮‍💨
[2026-02-22 03:19:02] 訤溓: （ 💰 🐽💰 )
[2026-02-22 03:19:02] 绿龙的身体狗本人: 鱼翅礼物：9215.1
[2026-02-22 03:19:02] 李小小与虾大大: 大家别光顾着骂皮
[2026-02-22 03:19:02] 玩蛇鼠丶stabbi: ⚠️本直播间禁止阿拉伯数字⚠️
[2026-02-22 03:19:02] 逃离灰色地带: 玩宝宝不哭🥺🥺你们别骂了🥺🥺我一个小萌妹都要急的哭死了🥺🥺🥺🥺
[2026-02-22 03:19:02] 玩机器厦面鄙骰大: 兄弟们别信那个躺床上闭眼的！我上次试了感觉时空穿梭了一样直接跳转到第二天了😰
[2026-02-22 03:19:02] 玩学生丶BlueArchive: 玩宝宝不哭🥺🥺你们别骂了🥺🥺我一个小萌妹都要急的哭死了🥺🥺🥺🥺
