[2026-02-16 23:11:59] 音茎兽: @apex：我看这弹幕信誉分根本不用我扣啊。。。
[2026-02-16 23:12:00] 丰川祥子大冲撞: ？
[2026-02-16 23:15:59] 半衰期R: 猪头呢
[2026-02-16 23:15:59] 七就是幸运吧: 猪头呢
[2026-02-16 23:15:59] 只看痴呆主播: #显示猪头
[2026-02-16 23:15:59] Na1owOw: 见证嘉豪又在公众露出他的恋词癖了.....
[2026-02-16 23:15:59] 满澜18906: 终于开了
[2026-02-16 23:15:59] 最喜欢妮姆芙: 听得见
[2026-02-16 23:15:59] 好姐妹天童爱丽丝: 解说呢
[2026-02-16 23:15:59] Jamwoung: 玩大哥带头放古风dj还喷我们见证？
[2026-02-16 23:15:59] 灵星闪烁: 猪头呢？
[2026-02-16 23:15:59] 鱼鱼jr呢: 春 晚 导 演是不是重仓A股机器人了?
[2026-02-16 23:15:59] 圣言成为血肉: 听得见
[2026-02-16 23:15:59] 樽酹江月: 手枪局都开了还不来
[2026-02-16 23:15:59] 流星的臭脚丫子: 竟然有人不看小蜜蜂，跑去看狗都不看的春 晚
[2026-02-16 23:15:59] YCSUN1017: 玩大哥这么恨载吗？要是猎鹰的比赛早早就来了。
[2026-02-16 23:15:59] 快乐瘦宅892: 玩宝宝呢
[2026-02-16 23:15:59] 用户2719002301: 留椅播🤮👎留椅播🤢👎留椅播😅🖕留椅播🤮👎留椅播🤢👎留椅播😅🖕留椅播🤮👎
[2026-02-16 23:15:59] xOcOg: 原来是原来是啊，我还以为我以为呢
[2026-02-16 23:15:59] 用户8536089746: 人呢
[2026-02-16 23:15:59] 摆烂小鸽子: 玩大哥这么恨载吗？要是猎鹰的比赛早早就来了。玩大哥这么恨载吗？要是猎鹰的比赛早早就来了。
[2026-02-16 23:15:59] 这里不准掉头: fkcs
[2026-02-16 23:15:59] TuscanLeather: 听得到
[2026-02-16 23:15:59] 云边有条小侏如: @这里是小天啊：别人 为人 民说句话，某些人就跟寺 了🐴一样攻击别人😅
[2026-02-16 23:15:59] 玩猴爪丶MonkeyPaw: 听得见
[2026-02-16 23:15:59] 那英啊哈哈哈: #显示猪头
[2026-02-16 23:15:59] 天曦07918: @这里是小天啊：别人 为人 民说句话，某些人就跟寺 了🐴一样攻击别人😅
[2026-02-16 23:15:59] 正宗红皮猪: 💺🖥️直播真好做啊💺🖥️直播真好做啊💺🖥️直播真好做啊💺🖥️直播真好做啊
[2026-02-16 23:15:59] 盗刷芙莉莲养老金: 自我阉割的tj又在骂见证了
[2026-02-16 23:15:59] 迦陀哚的意志: 尼尼撒撒major冠军
[2026-02-16 23:15:59] 第二小队的raven本人: apex也是见证嘉豪
[2026-02-16 23:15:59] 用户2719002301: 留椅播🤮👎留椅播🤢👎留椅播😅🖕留椅播🤮👎留椅播🤢👎留椅播😅🖕留椅播🤮👎
[2026-02-16 23:15:59] NeptuniaOrion: 加仓
[2026-02-16 23:15:59] 丛雨绫丶Ciallo: 见证嘉豪又在公众露出他的恋词癖了.....
[2026-02-16 23:15:59] 钠镁铯钌: 猪头呢
[2026-02-16 23:15:59] 神威难藏哥布林: 终于找到纯净流了
[2026-02-16 23:15:59] 活土匪白老七: 见证嘉豪又在公众露出他的恋词癖了.....
[2026-02-16 23:15:59] 摆63189: 🛒N**o正在购买Major冠军
[2026-02-16 23:15:59] 銀龙kx: 🗿：芯片业研发研发有有有也会有i'18'f'l'a'm'ez'
[2026-02-16 23:15:59] Hcmor: 听得到
[2026-02-16 23:15:59] 辅助不算挂: LOVE CS
[2026-02-16 23:15:59] 忧伤呵呵哒: 自我阉割的tj又在骂见证了
[2026-02-16 23:15:59] 身旁冷清拥挤丶: 大家好我是玩机器
[2026-02-16 23:15:59] 二叶筑紫单推人: 💺🖥️直播真好做啊💺🖥️直播真好做啊💺🖥️直播真好做啊💺🖥️直播真好做啊
[2026-02-16 23:15:59] 天才亚当1号: 玩大哥这么恨载吗？要是猎鹰的比赛早早就来了。玩大哥这么恨载吗？要是猎鹰的比赛早早就来了。
[2026-02-16 23:15:59] MeIoN39: 人呢
[2026-02-16 23:15:59] 无伟契约: 玩神还没原谅载大哥吗。。。
[2026-02-16 23:15:59] 斗鱼用户4901183769: 听得见
[2026-02-16 23:15:59] 丰川祥子大冲撞: 玩宝宝猪呢？
[2026-02-16 23:15:59] 软糯大祥脚: 💺🖥️直播真好做啊💺🖥️直播真好做啊💺🖥️直播真好做啊💺🖥️直播真好做啊
[2026-02-16 23:15:59] 天曦07918: @这里是小天啊：别人 为人 民说句话，某些人就跟寺 了🐴一样攻击别人😅
[2026-02-16 23:15:59] Rhapsodyt: 听得见
[2026-02-16 23:15:59] 刺刺的井芹仁菜本人: 喂喂喂喂喂喂喂喂喂
[2026-02-16 23:15:59] 用户4777595436: 人呢
[2026-02-16 23:15:59] 哄哄31667: 留椅播🤮👎留椅播🤢👎留椅播😅🖕留椅播🤮👎留椅播🤢👎留椅播😅🖕留椅播🤮👎
[2026-02-16 23:15:59] Cr1msn: 玩大哥这么恨载吗？要是猎鹰的比赛早早就来了。
[2026-02-16 23:15:59] dev1ce现役女友丰川祥子: 玩大哥这么恨载吗？要是猎鹰的比赛早早就来了。玩大哥这么恨载吗？要是猎鹰的比赛早早就来了。
[2026-02-16 23:15:59] 维斯特潘潘: 💺🖥️直播真好做啊💺🖥️直播真好做啊💺🖥️直播真好做啊💺🖥️直播真好做啊💺🖥️
[2026-02-16 23:15:59] YCSUN1017: 玩大哥这么恨载吗？要是猎鹰的比赛早早就来了。玩大哥这么恨载吗？要是猎鹰的比赛早早就来了。
[2026-02-16 23:15:59] LkCatQwQ: 见证嘉豪又在公众露出他的恋词癖了.....
[2026-02-16 23:15:59] 木空空空空空: #显示猪头
[2026-02-16 23:15:59] 用户2719002301: 留椅播🤮👎留椅播🤢👎留椅播😅🖕留椅播🤮👎留椅播🤢👎留椅播😅🖕留椅播🤮👎
[2026-02-16 23:15:59] 冰火女娃: 玩大哥这么恨载吗？要是猎鹰的比赛早早就来了。玩大哥这么恨载吗？要是猎鹰的比赛早早就来了。
[2026-02-16 23:15:59] 螺丝螺丝螺: 见证嘉豪又在公众露出他的恋词癖了.....
[2026-02-16 23:15:59] 玩设备一device: 有声音
[2026-02-16 23:15:59] pva发一下刚刚那局代码: 玩大哥这么恨载吗？要是猎鹰的比赛早早就来了。玩大哥这么恨载吗？要是猎鹰的比赛早早就来了。
[2026-02-16 23:15:59] 劉膿dewasu: 终于找到纯净流了
[2026-02-16 23:15:59] 勒芒冠军叶一飞: fkcs
[2026-02-16 23:15:59] 吴彦祖丶Leo: #显示猪头
[2026-02-16 23:15:59] 丰川祥子大冲撞: 玩宝宝猪呢？
[2026-02-16 23:15:59] 神奥联盟的竹兰本人: 已下单
[2026-02-16 23:15:59] 那英啊哈哈哈: 听得到
[2026-02-16 23:15:59] 北穹浮生: 高的是尼尼，矮的是孩孩
[2026-02-16 23:15:59] MyGo第一剪刀手soyorin: 玩宝宝猪呢？
[2026-02-16 23:15:59] 叫我小彬就好了: 已下单
[2026-02-16 23:15:59] 风铃幽幽: 玩大哥这么恨载吗？要是猎鹰的比赛早早就来了。
[2026-02-16 23:15:59] NeptuniaOrion: 收到，加仓
[2026-02-16 23:15:59] 阳光下风的灿烂: 终于找到纯净流了dev1ce~
[2026-02-16 23:15:59] 我给你看小个宝贝: #显示猪头
[2026-02-16 23:15:59] time、machine: 玩大哥快回啦，不然。。。。你的直播间。。会爆的
[2026-02-16 23:15:59] 天曦07918: @这里是小天啊：别人 为人 民说句话，某些人就跟寺 了🐴一样攻击别人😅
[2026-02-16 23:15:59] Xav1zzz: 🗿：芯片业研发研发有有有也会有i'18'f'l'a'm'ez'
[2026-02-16 23:15:59] 马加奇的哥哥马加绝: 登山了
[2026-02-16 23:15:59] 涙尽铃音響: 谁能懂延迟高，画面糊，声音小，弹幕恶臭，但是我还是坚定的选择玩宝宝的信念感吗
[2026-02-16 23:15:59] 一只野生的红领巾: 💺🖥️直播真好做啊💺🖥️直播真好做啊💺🖥️直播真好做啊💺🖥️直播真好做啊
[2026-02-16 23:15:59] 好女孩庄方宜: 还在五粮液
[2026-02-16 23:15:59] Amadeus是魔法少女desuwa: 见证嘉豪又在公众露出他的恋词癖了.....
[2026-02-16 23:15:59] 亏大发喽: 听得见
[2026-02-16 23:15:59] 用户2719002301: 留椅播🤮👎留椅播🤢👎留椅播😅🖕留椅播🤮👎留椅播🤢👎留椅播😅🖕留椅播🤮👎
[2026-02-16 23:15:59] 求奶我今年考研tju失败: 终于找到纯净流了
[2026-02-16 23:15:59] 丰川祥子大冲撞: 玩宝宝猪呢？
[2026-02-16 23:15:59] 用户1577182731: apex也是见证嘉豪
[2026-02-16 23:15:59] 汤汤魔魔mmmmmmmmajor冠军: 玩神还没原谅载大哥吗。。。
[2026-02-16 23:15:59] 皮艳羊丶: 玩神还没原谅载大哥吗。。。
[2026-02-16 23:15:59] ll追逐: 玩大哥这么恨载吗？要是猎鹰的比赛早早就来了。玩大哥这么恨载吗？要是猎鹰的比赛早早就来了。
[2026-02-16 23:15:59] 天曦07918: @这里是小天啊：别人 为人 民说句话，某些人就跟寺 了🐴一样攻击别人😅
[2026-02-16 23:15:59] 灵星闪烁: 猪头呢
[2026-02-16 23:15:59] aphasia失语: 听得到
[2026-02-16 23:15:59] 絕對灬榊話ing: @这里是小天啊：别人 为人 民说句话，某些人就跟寺 了🐴一样攻击别人😅
[2026-02-16 23:15:59] 倚梦行: 抓娃娃
[2026-02-16 23:15:59] P1nkMatter: fw
[2026-02-16 23:15:59] 用户8536089746: apex也是见证嘉豪
[2026-02-16 23:15:59] 集贸观众: 开门
[2026-02-16 23:15:59] 老苦瓜贝多芬: 已下单（玩机器担保）
[2026-02-16 23:15:59] 箱砸QAQ: 也就是小蜜蜂了，这要是猎鹰碗橱敢不来吗😓
[2026-02-16 23:15:59] A队的dev1ce本人-: @盗刷芙莉莲养老金：自我阉割的tj又在骂见证了
[2026-02-16 23:15:59] 玖悠鸭: fw
[2026-02-16 23:15:59] LilFlover: 听得到
[2026-02-16 23:15:59] Raiwer: 抓娃娃
[2026-02-16 23:15:59] chordclef: 终于找到纯净流了
[2026-02-16 23:15:59] 唯有、责任: 吃大份去吧😅👎吃大份去吧😅👎吃大份去吧😅👎吃大份去吧😅👎吃大份去吧😅👎吃
[2026-02-16 23:15:59] 爱丽速子的小白鼠: 已下单
[2026-02-16 23:15:59] 丰川祥子大冲撞: 玩宝宝猪呢？
[2026-02-16 23:15:59] 丛雨绫丶Ciallo: 💺🖥️直播真好做啊💺🖥️直播真好做啊💺🖥️直播真好做啊💺🖥️直播真好做啊
[2026-02-16 23:15:59] 云笙丶r: 留椅播🤮👎留椅播🤢👎留椅播😅🖕留椅播🤮👎留椅播🤢👎留椅播😅🖕留椅播🤮👎
[2026-02-16 23:15:59] 临时行人6657: 玩神还没原谅载大哥吗。。。
[2026-02-16 23:15:59] 海绵宝宝雾雨儿: 已下单（春碗担保）
[2026-02-16 23:15:59] 不变的追求717: 终于找到纯净流了
[2026-02-16 23:15:59] Dartline: 玩神还没原谅载大哥吗。。。
[2026-02-16 23:15:59] 好姐妹天童爱丽丝: 玩大哥这么恨载吗？要是猎鹰的比赛早早就来了。玩大哥这么恨载吗？要是猎鹰的比赛早早就来了。
[2026-02-16 23:15:59] 絕對灬榊話ing: 谁能懂延迟高，画面糊，声音小，弹幕恶臭，但是我还是坚定的选择玩宝宝的信念感吗
[2026-02-16 23:15:59] 德鲁四叔: 见证嘉豪又在公众露出他的恋词癖了.....
[2026-02-16 23:15:59] 以后叫我海日: 声音太大了嗼
[2026-02-16 23:15:59] 家禽kak: 一同见证
[2026-02-16 23:15:59] 樽酹江月: 爽这才是真正的纯净流!
[2026-02-16 23:15:59] onXplanet: fw
[2026-02-16 23:15:59] 唯有、责任: 吃大份去吧😅👎吃大份去吧😅👎吃大份去吧😅👎吃大份去吧😅👎吃大份去吧😅👎吃
[2026-02-16 23:15:59] 菜星冲冲冲: fw
[2026-02-16 23:15:59] 夜语星归: 声音太大了开小点
[2026-02-16 23:15:59] 天天天天122: @这里是小天啊：别人 为人 民说句话，某些人就跟寺 了🐴一样攻击别人😅
[2026-02-16 23:15:59] 丰川祥子大冲撞: 玩宝宝猪呢？
[2026-02-16 23:15:59] 热情难止荒诞: 听得到
[2026-02-16 23:15:59] Vitality的羽贺文乃本人: 处刑
[2026-02-16 23:15:59] 奈亚亚亚亚亚: 听得到
[2026-02-16 23:15:59] 只因恶魔: 呼叫胖解说
[2026-02-16 23:15:59] 尼尼孩孩京京驴驴: 下不起
[2026-02-16 23:15:59] 机长家的华仔: fw
[2026-02-16 23:15:59] tosaytosay: 终于找到纯净流了
[2026-02-16 23:15:59] Vitality的Eminem本人: 不要和我抢鱼丸🤬不要和我抢鱼丸🤬不要和我抢鱼丸🤬不要和我抢鱼丸🤬
[2026-02-16 23:15:59] 划小船的神人: 玩神还没原谅载大哥吗。。。
[2026-02-16 23:15:59] 吃了葡萄吐葡萄皮: 玩神还没原谅载大哥吗。。。
[2026-02-16 23:15:59] 唯有、责任: 吃大份去吧😅👎吃大份去吧😅👎吃大份去吧😅👎吃大份去吧😅👎吃大份去吧😅👎吃
[2026-02-16 23:15:59] 丰川祥子大冲撞: 玩宝宝猪呢？
[2026-02-16 23:15:59] 天抹微云: @这里是小天啊：别人 为人 民说句话，某些人就跟寺 了🐴一样攻击别人😅
[2026-02-16 23:15:59] 机器机器祝你天天开心: ?
[2026-02-16 23:15:59] Falcons的鹰京本人: 见证嘉豪又在公众露出他的恋词癖了.....
[2026-02-16 23:15:59] 死神塔的特莉波卡本人: 处刑😆处刑🤣处刑😄处刑😅处刑😋处刑🤪处刑😝处刑🤗处刑🤭
[2026-02-16 23:15:59] Catf1shW: 好 物
[2026-02-16 23:15:59] 冲上云霄的姨: 玩神还没原谅载大哥吗。。。
[2026-02-16 23:15:59] 玩鸽子: P3
[2026-02-16 23:15:59] 余小c今天大师了吗: fw
[2026-02-16 23:15:59] 流玉MK1: 玩宝宝猪呢？
[2026-02-16 23:15:59] 銀龙kx: 终于找到纯净流了
[2026-02-16 23:15:59] 小王58422: 已下单（春碗担保）
[2026-02-16 23:15:59] 玩机器重度依赖: 已下单（春碗担保）
[2026-02-16 23:15:59] 阳光下风的灿烂: fwdev1ce~
[2026-02-16 23:15:59] 墨染雨烟: V
[2026-02-16 23:15:59] 奈亚亚亚亚亚: fw
[2026-02-16 23:15:59] 老鸡骑妪妓qaq: @这里是小天啊：别人 为人 民说句话，某些人就跟寺 了🐴一样攻击别人😅
[2026-02-16 23:15:59] 那英啊哈哈哈: fw
[2026-02-16 23:15:59] 佐藤零丶: 玩神还没原谅载大哥吗。。。
[2026-02-16 23:15:59] 丰川祥子大冲撞: 玩宝宝猪呢？
[2026-02-16 23:15:59] 好姐妹坂井泉水: 已下单（春碗担保）
[2026-02-16 23:15:59] Mesque: fw
[2026-02-16 23:15:59] 骑蜗牛追杀: 也就是小蜜蜂了，这要是猎鹰碗橱敢不来吗😓
[2026-02-16 23:15:59] 音茎兽: fw
[2026-02-16 23:16:00] 永出塔菲: 吃大份去吧😅👎吃大份去吧😅👎吃大份去吧😅👎吃大份去吧😅👎吃大份去吧😅👎吃
[2026-02-16 23:16:00] 黑科技离子炮: 见证嘉豪又在公众露出他的恋词癖了.....
[2026-02-16 23:16:00] 100T的device本人丶: 终于找到纯净流了
[2026-02-16 23:16:00] twistwuwu: fw
[2026-02-16 23:16:00] 玩大歌别钟厨我的咲雪: 唉原来是小蜜蜂，那不解说了
[2026-02-16 23:16:00] Dartline: 好 物
[2026-02-16 23:16:00] Linfivers: 💺🖥️留椅播💺🖥️留椅播💺🖥️留椅播💺🖥️留椅播💺🖥️留椅播💺🖥️留椅播💺
[2026-02-16 23:16:00] 逃离灰色地带: 终于找到纯净流了
[2026-02-16 23:16:00] 丰川祥子大冲撞: 玩宝宝猪呢？
[2026-02-16 23:16:00] 好名都叫枸杞: #显示猪头🐷
[2026-02-16 23:16:00] 澈东海: p3
[2026-02-16 23:16:00] lllllljssfg: 要包饺子了
[2026-02-16 23:16:00] 红魔馆的蕾米莉亚本人: 包饺子
[2026-02-16 23:16:00] 黄升亮的老公: 已下单（春碗担保）
[2026-02-16 23:16:00] 好女孩庄方宜: ？
[2026-02-16 23:16:00] 斗鱼用户swozIRId: 玩宝宝猪呢？
[2026-02-16 23:16:00] 爱沙尼亚阳光大男孩: @这里是小天啊：别人 为人 民说句话，某些人就跟寺 了🐴一样攻击别人😅
[2026-02-16 23:16:00] 孤翼白鹭丶: 还在猪头 猪都跑了
[2026-02-16 23:16:00] 墨染雨烟: 玩神还没原谅载大哥吗。。。
[2026-02-16 23:16:00] 用户5388411043: 已下单（春碗担保）
[2026-02-16 23:16:00] 无孔不入孙一峰: 声音太大了
[2026-02-16 23:16:00] 海绵宝宝雾雨儿: aug
[2026-02-16 23:16:00] A队的dev1ce本人-: 终于找到纯净流了
[2026-02-16 23:16:00] 小恋格子: 又来了
[2026-02-16 23:16:00] 宫监手放监: 尬
[2026-02-16 23:16:00] 维斯特潘潘: 终于找到纯净流了
[2026-02-16 23:16:00] LilFlover: @这里是小天啊：别人 为人 民说句话，某些人就跟寺 了🐴一样攻击别人😅
[2026-02-16 23:16:00] ll追逐: fw
[2026-02-16 23:16:00] 天曦07918: @这里是小天啊：别人 为人 民说句话，某些人就跟寺 了🐴一样攻击别人😅
[2026-02-16 23:16:00] 25时的晓山瑞希本人: 终于找到纯净流了
[2026-02-16 23:16:00] 丰川祥子大冲撞: 玩宝宝猪呢？
[2026-02-16 23:16:00] 用户0220064326: fw
[2026-02-16 23:16:00] NeptuniaOrion: 已下单
[2026-02-16 23:16:00] 天抹微云: 玩神还没原谅载大哥吗。。。
[2026-02-16 23:16:00] zbq93: 玩宝宝猪呢？
[2026-02-16 23:16:00] 拉特兰的Exus1a1本人: 爆   了
[2026-02-16 23:16:00] 失去了才会珍惜649: 玩神还没原谅载大哥吗。。。
[2026-02-16 23:16:00] 芝士咕宝: 终于找到纯净流了
[2026-02-16 23:16:00] likedabsy: 爆 了
[2026-02-16 23:16:00] 好姐妹布雷斯特: 见证嘉豪又在公众露出他的恋词癖了.....
[2026-02-16 23:16:00] 永出塔菲: 👎😅啥比👎😅啥比👎😅啥比👎😅啥比👎😅啥比👎😅啥比👎😅啥比
[2026-02-16 23:16:00] eda778: 感觉老鼠有冠军相了啊
[2026-02-16 23:16:00] 钠镁铯钌: p3
[2026-02-16 23:16:00] 身旁冷清拥挤丶: fw
[2026-02-16 23:16:00] 感谢墨月: 玩神还没原谅载大哥吗。。。
[2026-02-16 23:16:00] 用户0807288656: 又来了
[2026-02-16 23:16:00] 尼尼孩孩京京驴驴: 又来了
[2026-02-16 23:16:00] 好想说话马上15级了: 那群人来了
[2026-02-16 23:16:00] 玩急气的小急急: 吃大份去吧😅👎吃大份去吧😅👎吃大份去吧😅👎吃大份去吧😅👎吃大份去吧😅👎吃
[2026-02-16 23:16:00] 小熊睡不醒丷: 终于找到纯净流了
[2026-02-16 23:16:00] 紫夜丶Memory: 我说实话今天真不敢＋1你们了。本来分就挺少的
[2026-02-16 23:16:00] 好女孩庄方宜: 又来了
[2026-02-16 23:16:00] 天曦07918: @这里是小天啊：别人 为人 民说句话，某些人就跟寺 了🐴一样攻击别人😅
[2026-02-16 23:16:00] 日文化: 留🪑播，真是个好名字😅😅😅
[2026-02-16 23:16:00] 好姐妹乃琳: a出
[2026-02-16 23:16:00] 一朵芙蓉: 人呢
[2026-02-16 23:16:00] 卧槽大宝剑949: 终于找到纯净流了
[2026-02-16 23:16:00] 不是很懂怎么取名: 终于找到纯净流了
[2026-02-16 23:16:00] LkCatQwQ: fw
[2026-02-16 23:16:00] 王梓琦的Ozzz丶: 唉原来是小蜜蜂，那不解说了
[2026-02-16 23:16:00] Kiriyama涟: 年猪呢
[2026-02-16 23:16:00] Dartline: 又来了
[2026-02-16 23:16:00] 橘殃丶丶: 玩大哥还是没原谅载物
[2026-02-16 23:16:00] 热心好邻居: p3
[2026-02-16 23:16:00] Moe1e: 玩大哥一会要上分会场了，化妆去了
[2026-02-16 23:16:00] 25时的晓山瑞希本人: fw
[2026-02-16 23:16:00] 玩鸽子: 终于找到纯净流了
[2026-02-16 23:16:00] 薇薇盎: @这里是小天啊：别人 为人 民说句话，某些人就跟寺 了🐴一样攻击别人😅
[2026-02-16 23:16:00] 好哥们奥格巴巴: 终于找到纯净流了
[2026-02-16 23:16:00] redlant3rn: 终于找到纯净流了
[2026-02-16 23:16:00] 逃离灰色地带: 玩神还没原谅载大哥吗。。。
[2026-02-16 23:16:00] zdr2k: 终于找到纯净流了
[2026-02-16 23:16:00] 机动战士Gakki: aug
[2026-02-16 23:16:00] InkandIris: 声音太大了👍声音太大了👍声音太大了👍声音太大了👍声音太大了👍
[2026-02-16 23:16:00] Rhapsodyt: 又来了
[2026-02-16 23:16:00] lonhkfd: 终于找到纯净流了
[2026-02-16 23:16:00] 钓江风: 你们给我猪头吃了？
[2026-02-16 23:16:00] 猎鹰的Gild本人: 吃大份去吧😅👎吃大份去吧😅👎吃大份去吧😅👎吃大份去吧😅👎吃大份去吧😅👎吃
[2026-02-16 23:16:00] Ekroner: 鸡哥来了
[2026-02-16 23:16:00] A队的三角初华本人: 终于找到纯净流了
[2026-02-16 23:16:00] NacherCase: 终于找到纯净流了
[2026-02-16 23:16:00] 絕對灬榊話ing: 玩神还没原谅载大哥吗。。。
[2026-02-16 23:16:00] 小悠的海梓: @这里是小天啊：别人 为人 民说句话，某些人就跟寺 了🐴一样攻击别人😅
[2026-02-16 23:16:00] 以后叫我海日: 终于找到纯净流了
[2026-02-16 23:16:00] redlant3rn: 终于找到纯净流了
[2026-02-16 23:16:00] 可恶冷漠: v了
[2026-02-16 23:16:00] xOcOg: 玩大哥还是没原谅载物
[2026-02-16 23:16:00] 那英啊哈哈哈: 感觉老鼠有冠军相了啊
[2026-02-16 23:16:00] 蓝绿藻的梦OuO: 终于找到纯净流了
[2026-02-16 23:16:00] 椎名真白ii丶: 终于找到纯净流了
[2026-02-16 23:16:00] 短桥窄马: 终于找到纯净流了
[2026-02-16 23:16:00] glad1uS: 🗿：弹幕怎么没人聊比赛？我提一嘴，我马上就要开始研发了.....
[2026-02-16 23:16:00] 终末地的陈千语本人: 终于找到纯净流了
[2026-02-16 23:16:00] 玩小鸟丶迪克: 又来了
[2026-02-16 23:16:00] 66打平57遗憾落败: @🗿：暴力成为了主流，科技被抛在脑后
[2026-02-16 23:16:00] 无情道毕业生: @🗿（1-18）：哈哈，我才是研帝！@nafany（1-23）：？
[2026-02-16 23:16:00] 1039210: 真能抓娃娃啊  我以为你们乱发呢
[2026-02-16 23:16:00] sab33r: 终于找到纯净流了
[2026-02-16 23:16:00] 王梓琦的Ozzz丶: 我说实话今天真不敢＋1你们了。本来分就挺少的
[2026-02-16 23:16:00] 吃了葡萄吐葡萄皮: 又来了
[2026-02-16 23:16:00] 丰川祥子大冲撞: ？
[2026-02-16 23:16:00] 不知名观众苏沐: 终于找到纯净流了
[2026-02-16 23:16:00] 丨Shaw丶: 终于找到纯净流了
[2026-02-16 23:16:00] 花归尘dragon: 玩神还没原谅载大哥吗。。。
[2026-02-16 23:16:00] 唯有、责任: 吃大份去吧😅👎吃大份去吧😅👎吃大份去吧😅👎吃大份去吧😅👎吃大份去吧😅👎吃
[2026-02-16 23:16:00] 不怕死的专责: 终于找到纯净流了
[2026-02-16 23:16:00] 风铃幽幽: 🤢
[2026-02-16 23:16:00] 2021summerDoinb: 感觉图三了啊
[2026-02-16 23:16:00] redlant3rn: 终于找到纯净流了
[2026-02-16 23:16:00] 结束乐队的山田凉本人: fkcs
[2026-02-16 23:16:00] 灰烬kk: 尬的又来了
[2026-02-16 23:16:00] Altolier: 终于找到纯净流了
[2026-02-16 23:16:00] 北穹浮生: 又来了
[2026-02-16 23:16:00] 玩石头Tomorin: 我说实话今天真不敢＋1你们了。本来分就挺少的
[2026-02-16 23:16:00] 吴本伟nb: 又来了
[2026-02-16 23:16:00] 五子棋oo: 终于找到纯净流了
[2026-02-16 23:16:00] 玩番薯丶ZywOo: 终于找到纯净流了
[2026-02-16 23:16:00] znnoy: @玩机器、Machine：清理蜂美🐝🧹清理蜂美🐝🧹清理蜂美🐝🧹清理蜂美🐝🧹
[2026-02-16 23:16:00] 机长家的华仔: 终于找到纯净流了
[2026-02-16 23:16:00] tosaytosay: 玩神还没原谅载大哥吗。。。
[2026-02-16 23:16:00] MyGo的tomorin本人: 终于找到纯净流了
[2026-02-16 23:16:00] 老奇崔恩: 公式
[2026-02-16 23:16:00] Dartline: 终于找到纯净流了
[2026-02-16 23:16:00] 玩登山丶Climber: 终于找到纯净流了
[2026-02-16 23:16:00] 精神病狼: 终于找到纯净流了
[2026-02-16 23:16:00] yattt777: 终于找到纯净流了
[2026-02-16 23:16:00] 用户6235382488: 终于找到纯净流了
[2026-02-16 23:16:00] 晖色空间1: 包饺子了！
[2026-02-16 23:16:00] WE丶繁梦: 终于找到纯净流了
[2026-02-16 23:16:00] 莫情123: 终于找到纯净流了
[2026-02-16 23:16:00] 25时的晓山瑞希本人: 玩神还没原谅载大哥吗。。。
[2026-02-16 23:16:00] 用户5388411043: 终于找到纯净流了
[2026-02-16 23:16:00] 玩鸟器machine: aug
[2026-02-16 23:16:00] Kunwz: 一个黎明游侠能买两场比赛版权，这么多能买多少版权
[2026-02-16 23:16:00] znnoy: @玩机器、Machine：清理蜂美🐝🧹清理蜂美🐝🧹清理蜂美🐝🧹清理蜂美🐝🧹
[2026-02-16 23:16:00] 奈亚亚亚亚亚: 玩神还没原谅载大哥吗。。。
[2026-02-16 23:16:00] AAA黄瓜种植若叶睦: 终于找到纯净流了
[2026-02-16 23:16:00] 约约艾艾武道大会冠军: 高僧预测：又是广子
[2026-02-16 23:16:00] 銀龙kx: @这里是小天啊：别人 为人 民说句话，某些人就跟寺 了🐴一样攻击别人😅
[2026-02-16 23:16:00] 萝伯丝比尔: 5万观众看纯净流，cs真是好起来了
[2026-02-16 23:16:00] 玩三冰丶ThreeKingdom: 养鸡场
[2026-02-16 23:16:00] Tao7Ge: 终于找到纯净流了
[2026-02-16 23:16:00] 1242309836: 已登山
[2026-02-16 23:16:00] 图帕雷松: 尬
[2026-02-16 23:16:00] 风铃幽幽: 🤮
[2026-02-16 23:16:00] 鵞月: 鸡哥来了
[2026-02-16 23:16:00] 钠镁铯钌: 玩大哥还是没原谅载物
[2026-02-16 23:16:00] 用户0553661491: 终于找到纯净流了
[2026-02-16 23:16:00] 那英啊哈哈哈: 🗿：弹幕怎么没人聊比赛？我提一嘴，我马上就要开始研发了.....
[2026-02-16 23:16:00] 爱吃蛋白的丶未来: 终于找到纯净流了
[2026-02-16 23:16:00] 今晚炸撤硕: 大家别刷了，玩🐷上桌了
[2026-02-16 23:16:00] 果内: 终于找到纯净流了
[2026-02-16 23:16:00] Dartline: 公式
[2026-02-16 23:16:00] 火星联邦防卫舰队: 鸡哥来了
[2026-02-16 23:16:00] 幽谷响子: 又开始cos了
[2026-02-16 23:16:00] 贝让的柯罗莎本人: 终于找到纯净流了
[2026-02-16 23:16:00] 用户1468745413: 终于找到纯净流了
[2026-02-16 23:16:00] 柚子小叶: 终于找到纯净流了
[2026-02-16 23:16:00] Rumenides: 终于找到纯净流了
[2026-02-16 23:16:00] 承诺转角遇到爱: 终于找到纯净流了
[2026-02-16 23:16:00] 老奇崔恩: 终于找到纯净流了
[2026-02-16 23:16:00] 独步红尘笑古今: fw来了
[2026-02-16 23:16:00] 灰之魔女Elaina: 　　　 终于找到纯净流了
[2026-02-16 23:16:00] 勇敢地滋出来: 终于找到纯净流了
[2026-02-16 23:16:00] Hcmor: 终于找到纯净流了
[2026-02-16 23:16:00] DEN1AL: 终于找到纯净流了
[2026-02-16 23:16:00] yoxine198: AUG
[2026-02-16 23:16:00] 大笨蛋2333: 终于找到纯净流了
[2026-02-16 23:16:00] 害羞shy: aug
[2026-02-16 23:16:00] 集贸观众: 玩神还没原谅载大哥吗。。。
[2026-02-16 23:16:00] 伊露維塔iluvatar: 手英王V乐
[2026-02-16 23:16:00] likedabsy: aug
[2026-02-16 23:16:00] 叫我阿雯就好了: 到我的节目了
[2026-02-16 23:16:00] Linfivers: 肺子咳烂🗿肺子咳烂🗿肺子咳烂🗿肺子咳烂🗿肺子咳烂🗿肺子咳烂🗿
[2026-02-16 23:16:00] LoseMak2r: 终于找到纯净流了
[2026-02-16 23:16:00] 6657Nik0:  @🗿（1-18）：？
[2026-02-16 23:16:00] 用户0314452190: 终于找到纯净流了
[2026-02-16 23:16:00] 感谢墨月: 终于找到纯净流了
[2026-02-16 23:16:00] 飒飒大无敌: 鸡哥来了
[2026-02-16 23:16:00] ame水人变飞机害4科比: @这里是小天啊：别人 为人 民说句话，某些人就跟寺 了🐴一样攻击别人😅
[2026-02-16 23:16:00] 迷走江湖: 老鼠又奔着亚军去了
[2026-02-16 23:16:00] NikolaKovacFan: 玩神还没原谅载大哥吗。。。
[2026-02-16 23:16:00] 日坂喵厨: 5万观众看纯净流，cs真是好起来了
[2026-02-16 23:16:00] 别让我玩奶: @apex：兄弟们受苦了，接下来由我表演语言类节目和喜剧小品！
[2026-02-16 23:16:00] 那英啊哈哈哈: 终于找到纯净流了
[2026-02-16 23:16:00] 雅顿之矛所向披靡: 文文武武十分英俊
[2026-02-16 23:16:00] 不知名贝斯手: @玩机器、Machine：清理蜂美🐝🧹清理蜂美🐝🧹清理蜂美🐝🧹清理蜂美🐝🧹
[2026-02-16 23:16:00] 天曦07918: 终于找到纯净流了
[2026-02-16 23:16:00] 好哥们奥纳纳: 终于找到纯净流了
[2026-02-16 23:16:00] 玩鸟器machine: 终于找到纯净流了
[2026-02-16 23:16:00] 泛银河系含漱爆破液w: 终于找到纯净流了
[2026-02-16 23:16:00] 璃月七星的刻晴本人: 终于找到纯净流了
[2026-02-16 23:16:00] vveenn: 🗿：研发进度：1／18
[2026-02-16 23:16:00] 好名都叫枸杞: 终于找到纯净流了
[2026-02-16 23:16:00] 四轩妙妙屋: 终于找到纯净流了
[2026-02-16 23:16:01] 一般通过友人A: 有g就有力了
[2026-02-16 23:16:01] 这把爽杀: 豆包豆包 帮我生成一头🐷解说
[2026-02-16 23:16:01] 子曰不可说700: 坤哥王朝了
[2026-02-16 23:16:01] dedeorg: AUG
[2026-02-16 23:16:01] 玩猴爪丶MonkeyPaw: @这里是小天啊：（一段爆 了的话）
[2026-02-16 23:16:01] 梦想图腾: aug
[2026-02-16 23:16:01] 感谢这个碧: 终于找到纯净流了
[2026-02-16 23:16:01] 好姐妹芙卡洛斯: CN最恨载的直播间是这里吗
[2026-02-16 23:16:01] 北穹浮生: 那帮人又来了
[2026-02-16 23:16:01] 倒带x: 终于找到纯净流了
[2026-02-16 23:16:01] AA丶糕点: 5万观众看纯净流，cs真是好起来了
[2026-02-16 23:16:01] 千羽perfect: 终于找到纯净流了
[2026-02-16 23:16:01] 别让我玩奶: @apex：兄弟们受苦了，接下来由我表演语言类节目和喜剧小品！
[2026-02-16 23:16:01] 夏殇109: 终于找到纯净流了
[2026-02-16 23:16:01] FreeApex: 终于找到纯净流了
[2026-02-16 23:16:01] 尼尼没毛病: 终于找到纯净流了
[2026-02-16 23:16:01] 活土匪白老七: 语言类节目来了
[2026-02-16 23:16:01] oOPeanutbutterOo: 爆的来了
[2026-02-16 23:16:01] 披着星空流浪: 终于找到纯净流了
[2026-02-16 23:16:01] Nikoeco: 力挺259
[2026-02-16 23:16:01] 满澜18906: 玩宝宝不陪直播间的家人了吗
[2026-02-16 23:16:01] 图帕雷松: 爆🧨🧨爆🧨🧨爆🧨🧨爆🧨🧨爆🧨🧨爆🧨🧨爆🧨🧨爆🧨🧨爆🧨🧨
[2026-02-16 23:16:01] Amadeus是魔法少女desuwa: 一脚
[2026-02-16 23:16:01] 少年段子手: 感觉不如纯净流比赛精彩
[2026-02-16 23:16:01] 积阳德: 终于找到纯净流了
[2026-02-16 23:16:01] 66打平57遗憾落败: @🗿：是时候了……
[2026-02-16 23:16:01] 橙黄双翼: FW
[2026-02-16 23:16:01] 今天只做1件事: 终于找到纯净流了
[2026-02-16 23:16:01] 丰川祥子口三角初华: 终于找到纯净流了
[2026-02-16 23:16:01] Swaayt: 终于找到纯净流了
[2026-02-16 23:16:01] OneLastKiss丶: 终于找到纯净流了
[2026-02-16 23:16:01] Aysell: 终于找到纯净流了
[2026-02-16 23:16:01] an0v0y: 终于找到纯净流了
[2026-02-16 23:16:01] Winter小狗汪汪:  @🗿（1-18）：？
[2026-02-16 23:16:01] 求奶我今年考研tju失败: 肺子咳烂🗿肺子咳烂🗿肺子咳烂🗿肺子咳烂🗿肺子咳烂🗿肺子咳烂🗿
[2026-02-16 23:16:01] 保持冷静helhao: 终于找到纯净流了
[2026-02-16 23:16:01] 宫监手放监: 我爱她
[2026-02-16 23:16:01] 黄升亮的老公: 爆 了
[2026-02-16 23:16:01] 跟小姨走吧: sv_show_pig_head 1
[2026-02-16 23:16:01] 久远寺258: 唉
[2026-02-16 23:16:01] 圣言成为血肉: 终于找到纯净流了
[2026-02-16 23:16:01] 萝伯丝比尔: 5万观众看纯净流，cs真是好起来了
[2026-02-16 23:16:01] Jamwoung: 终于找到纯净流了
[2026-02-16 23:16:01] 用户3628968216: 玩宝宝终究还是没能活过年关吗？
[2026-02-16 23:16:01] K-ON和载物都是goat: 🗿：研发进度：1／18
[2026-02-16 23:16:01] 被窝是我的最爱: 终于找到纯净流了
[2026-02-16 23:16:01] 吃了葡萄吐葡萄皮: @apex：兄弟们受苦了，接下来由我表演语言类节目和喜剧小品！
[2026-02-16 23:16:01] sjtu的musketeers本人: 95
[2026-02-16 23:16:01] 木辛的第一把关刀: 终于找到纯净流了
[2026-02-16 23:16:01] nikola不拿major不改名: 终于找到纯净流了
[2026-02-16 23:16:01] 时间就是深海咸鱼: CN最恨载的直播间是这里吗
[2026-02-16 23:16:01] dnmd真没名字呗: 终于找到纯净流了
[2026-02-16 23:16:01] 里约钻石币拥有者: 终于找到纯净流了
[2026-02-16 23:16:01] WE丶繁梦: 终于找到纯净流了
[2026-02-16 23:16:01] 椎名真昼丶丶: 终于找到纯净流了
[2026-02-16 23:16:01] 牟平鲁尼: 今天纯净流怎么这么多贵宾
[2026-02-16 23:16:01] ufyjgd: 终于找到纯净流了
[2026-02-16 23:16:01] Caprifolia: @🗿：是时候了……
[2026-02-16 23:16:01] NeptuniaOrion: aug
[2026-02-16 23:16:01] 玩楚楚、pareo: 抓娃娃点击参与〉
[2026-02-16 23:16:01] 王梓琦的Ozzz丶: 爆🧨🧨爆🧨🧨爆🧨🧨爆🧨🧨爆🧨🧨爆🧨🧨爆🧨🧨爆🧨🧨爆🧨🧨
[2026-02-16 23:16:01] i猪猪猪猪猪猪猪: Aug
[2026-02-16 23:16:02] redlant3rn: 终于找到纯净流了
[2026-02-16 23:16:02] 我是咕噜怪咕噜咕噜: 🗿：研发进度：1／18
[2026-02-16 23:16:02] 蛋包饭恶魔: 🗿：研发进度：1／18
[2026-02-16 23:16:02] 射命丸文文句号: 终于找到纯净流了
[2026-02-16 23:16:02] 无意Wy丶: 终于找到纯净流了
[2026-02-16 23:16:02] Tao7Ge: 🗿：研发进度：1／18
[2026-02-16 23:16:02] Shamiko56562: 终于找到纯净流了
[2026-02-16 23:16:02] 那就点: 刘恨蜂。。。
[2026-02-16 23:16:02] E2XCHL: CN最恨载的直播间是这里吗
[2026-02-16 23:16:02] ame水人变飞机害4科比: 爆🧨🧨爆🧨🧨爆🧨🧨爆🧨🧨爆🧨🧨爆🧨🧨爆🧨🧨爆🧨🧨爆🧨🧨
[2026-02-16 23:16:02] 久岛鸥kuishimakamome: 终于找到纯净流了
[2026-02-16 23:16:02] 快乐瘦宅892: 终于找到纯净流了
[2026-02-16 23:16:02] 微雨作扰情: 终于找到纯净流了
[2026-02-16 23:16:02] 没有故事的Pluto: @这里是小天啊：别人 为人 民说句话，某些人就跟寺 了🐴一样攻击别人😅
[2026-02-16 23:16:02] Winter小狗汪汪: @🗿：是时候了……
[2026-02-16 23:16:02] 并摇摇头对方: 听得见
[2026-02-16 23:16:02] iyuuy: 有点小差异，各有各的美，十分之客观
[2026-02-16 23:16:02] 以后叫我海日: 声音太大了
[2026-02-16 23:16:02] 好姐妹久慈川理世: 我爱她
[2026-02-16 23:16:02] 独步红尘笑古今: fw来了
[2026-02-16 23:16:02] 逃离灰色地带: 终于找到纯净流了
[2026-02-16 23:16:02] 核浪98120: 　　　 玩宝宝终究还是没能活过年关吗？
[2026-02-16 23:16:02] 神威难藏哥布林: 5万观众看纯净流，cs真是好起来了
[2026-02-16 23:16:02] MyGo的tomorin本人: 肺子咳烂🗿肺子咳烂🗿肺子咳烂🗿肺子咳烂🗿肺子咳烂🗿肺子咳烂🗿
[2026-02-16 23:16:02] 儒雅随和蔡徐坤: 处决
[2026-02-16 23:16:02] 海绵宝宝雾雨儿: aug
[2026-02-16 23:16:02] 椛藥: 终于找到纯净流了
[2026-02-16 23:16:02] 亦博你要开心要幸福: @elige：？
[2026-02-16 23:16:02] gulipa8: @apex：兄弟们受苦了，接下来由我表演语言类节目和喜剧小品！
[2026-02-16 23:16:02] 什么罐头我说男人: 终于找到纯净流了
[2026-02-16 23:16:02] 天曦07918: 终于找到纯净流了
[2026-02-16 23:16:02] xOcOg: @csgo解说伟伟：终于找到纯净流了
[2026-02-16 23:16:02] 第二小队的raven本人: 我爱她
[2026-02-16 23:16:02] likedabsy: ？
[2026-02-16 23:16:02] iNaixu: 终于找到纯净流了
[2026-02-16 23:16:02] 辽宁鞍山的otto本人: CN最恨载的直播间是这里吗
[2026-02-16 23:16:02] 千早爱音把我扣死: 终于找到纯净流了
[2026-02-16 23:16:02] 保持冷静helhao: 终于找到纯净流了
[2026-02-16 23:16:02] 奈亚亚亚亚亚: 尬
[2026-02-16 23:16:02] 菅原小吉: 肺子咳烂
[2026-02-16 23:16:02] RinKa凛花: 机器我知道个养猪场，你要不要来上班
[2026-02-16 23:16:02] 25时的晓山瑞希本人: 听得见
[2026-02-16 23:16:02] Tao7Ge: 肺子咳烂🗿肺子咳烂🗿肺子咳烂🗿肺子咳烂🗿肺子咳烂🗿肺子咳烂🗿
[2026-02-16 23:16:02] A队的三角初华本人: CN最恨载的直播间是这里吗
[2026-02-16 23:16:02] 玩猫娘、planecup: 生孩子生孩子生孩子👶🏻，买房子买房子买房子🏠，包饺子包饺子包饺子🥟，买车子买车子买车子🚗
[2026-02-16 23:16:02] 逃离灰色地带: 95
[2026-02-16 23:16:02] 青花环南庄: 抓娃娃点击参与〉
[2026-02-16 23:16:02] 红魔馆的蕾米莉亚本人: 太好笑了吧😊
[2026-02-16 23:16:02] 活土匪白老七: 终于找到纯净流了
[2026-02-16 23:16:02] 看死Herbaut就杀了你: 声音呢？
[2026-02-16 23:16:02] 陶芸馝: 终于找到纯净流了
[2026-02-16 23:16:02] 那英啊哈哈哈: 咳咳咳
[2026-02-16 23:16:02] 热心好邻居: 处决
[2026-02-16 23:16:02] 你说我说的你说他说的: ？
[2026-02-16 23:16:02] 玩机器重度依赖: 登山
[2026-02-16 23:16:02] 灯下呆: 观众素质还是太高了
[2026-02-16 23:16:02] 璃月七星的刻晴本人: 处刑
[2026-02-16 23:16:02] 玩小鸟丶迪克: aug
[2026-02-16 23:16:02] 无伟契约: 处刑
[2026-02-16 23:16:02] 海绵宝宝陈欣欣: 肺子咳烂🗿肺子咳烂🗿肺子咳烂🗿肺子咳烂🗿肺子咳烂🗿肺子咳烂🗿
[2026-02-16 23:16:02] 废柴118: 肺子咳烂
[2026-02-16 23:16:02] Rhapsodyt: @🗿：是时候了……
[2026-02-16 23:16:02] 求奶我今年考研tju失败: 肺子咳烂🗿肺子咳烂🗿肺子咳烂🗿肺子咳烂🗿肺子咳烂🗿
[2026-02-16 23:16:02] a19991526: 同意
[2026-02-16 23:16:02] 这个人还没想好名字哦: 肺子咳烂🗿肺子咳烂🗿肺子咳烂🗿肺子咳烂🗿肺子咳烂🗿肺子咳烂🗿
[2026-02-16 23:16:02] s坑华: 肺子咳烂
[2026-02-16 23:16:02] 用户2262650671: 肺子咳烂🗿肺子咳烂🗿肺子咳烂🗿肺子咳烂🗿肺子咳烂🗿肺子咳烂🗿
[2026-02-16 23:16:02] 栾华H1R0M1: 弹幕好多饺子在飘。。。
[2026-02-16 23:16:02] 沉醉心头梦: @csgo解说伟伟：终于找到纯净流了
[2026-02-16 23:16:02] 天才亚当1号: 肺子咳烂🗿肺子咳烂🗿肺子咳烂🗿肺子咳烂🗿肺子咳烂🗿肺子咳烂🗿
[2026-02-16 23:16:02] 马蹄街的艾妮希雅本人: 肺子咳烂
[2026-02-16 23:16:02] 诛心的鱼: 肺子咳烂
[2026-02-16 23:16:02] 好姐妹亚可: 肺子咳烂
[2026-02-16 23:16:02] 莫情123: 处刑了
[2026-02-16 23:16:02] ll追逐: 终于找到纯净流了
[2026-02-16 23:16:02] 鮰黩嬷: 咳咳咳
[2026-02-16 23:16:02] 我在浙江改稻为桑: 终于找到纯净流了
[2026-02-16 23:16:02] 好哥们宇智波鼬: 吃大份去吧🖕😅🖕吃大份去吧🖕😅🖕吃大份去吧🖕😅🖕吃大份去吧🖕
[2026-02-16 23:16:02] 难忘海布里Highbury: 88888888
[2026-02-16 23:16:02] 用户3628968216: 玩宝宝终究还是没能活过年关吗？
[2026-02-16 23:16:02] 结束乐队的山田凉本人: 处刑
[2026-02-16 23:16:02] 我是卡钩: 肺子咳烂
[2026-02-16 23:16:02] Seawzx: 终于找到纯净流了
[2026-02-16 23:16:02] 马修赫GOAT: 处刑了
[2026-02-16 23:16:02] Amadeus是魔法少女desuwa: 别似了
[2026-02-16 23:16:02] 大道寺知世的录樱机: 肺子咳烂🗿肺子咳烂🗿肺子咳烂🗿肺子咳烂🗿肺子咳烂🗿肺子咳烂🗿
[2026-02-16 23:16:02] 怜梦之柚: 太好笑了吧😊
[2026-02-16 23:16:02] 不是很懂怎么取名: 肺子咳烂
[2026-02-16 23:16:02] 没有故事的Pluto: 肺子咳烂🗿肺子咳烂🗿肺子咳烂🗿肺子咳烂🗿肺子咳烂🗿肺子咳烂🗿
[2026-02-16 23:16:02] 落玉盤: 肺子咳烂🗿肺子咳烂🗿肺子咳烂🗿肺子咳烂🗿肺子咳烂🗿肺子咳烂🗿
[2026-02-16 23:16:02] 吃了葡萄吐葡萄皮: 肺子咳烂🗿肺子咳烂🗿肺子咳烂🗿肺子咳烂🗿肺子咳烂🗿肺子咳烂🗿
[2026-02-16 23:16:02] NAVI的Pdf苯人: 肺子咳烂🗿肺子咳烂🗿肺子咳烂🗿肺子咳烂🗿肺子咳烂🗿肺子咳烂🗿
[2026-02-16 23:16:02] VI将臣: 好似
[2026-02-16 23:16:02] 1039210: 肺子咳烂🗿肺子咳烂🗿肺子咳烂🗿肺子咳烂🗿肺子咳烂🗿肺子咳烂🗿
[2026-02-16 23:16:02] 勇敢地滋出来: 同意捐献
[2026-02-16 23:16:02] VDVCI的迪米特里本人: 肺子咳烂🗿肺子咳烂🗿肺子咳烂🗿肺子咳烂🗿肺子咳烂🗿
[2026-02-16 23:16:02] 赣榆峰: 肺子咳烂
[2026-02-16 23:16:02] Dartline: 处刑了
[2026-02-16 23:16:02] AA丶糕点: 888888888888888
[2026-02-16 23:16:02] 吃懵你: 咳咳咳😞咳咳咳😣咳咳咳😖咳咳咳😫咳咳咳💀
[2026-02-16 23:16:02] 安子desu: 处刑
[2026-02-16 23:16:02] 故障玩鸡煲: 肺子咳烂🚬🚬法老咳死🚬🚬死掰锐克🚬🚬腐里哑🚬🚬萎塌离体🚬🚬
[2026-02-16 23:16:02] 辽宁鞍山的otto本人: 载物一出来给玩机器气的
[2026-02-16 23:16:02] s坑华: 肺子咳烂🗿肺子咳烂🗿肺子咳烂🗿肺子咳烂🗿肺子咳烂🗿肺子咳烂🗿
[2026-02-16 23:16:02] 6657Nik0: 终于找到纯净流了
[2026-02-16 23:16:02] Nikoeco: 88888888888888
[2026-02-16 23:16:02] 音茎兽: 太好笑了吧😊
[2026-02-16 23:16:02] 羁绊哟aa: 肺子咳烂
[2026-02-16 23:16:02] 香香软软糯糯小祥: 肺子咳烂
[2026-02-16 23:16:02] 劉膿dewasu: 肺子咳烂🗿肺子咳烂🗿肺子咳烂🗿肺子咳烂🗿肺子咳烂🗿肺子咳烂🗿
[2026-02-16 23:16:02] FLCN的Ilya本人: @🗿：在CN的大年三十研发新的芯片，真是一次难忘的经历...............
[2026-02-16 23:16:02] 老鼠地狱归来major冠军: 处决
[2026-02-16 23:16:02] 25时的晓山瑞希本人: 肺子咳烂
[2026-02-16 23:16:02] 牁玥: 肺子咳烂
[2026-02-16 23:16:02] 吴本伟nb: 丨
[2026-02-16 23:16:02] likedabsy: aug
[2026-02-16 23:16:02] 华人之光Stew2k: 别死我手机里
[2026-02-16 23:16:02] 用户5388411043: 肺子咳烂
[2026-02-16 23:16:02] 玩小鸟丶迪克: ？？
[2026-02-16 23:16:02] 归来的皮卡: 肺子咳烂
[2026-02-16 23:16:02] 用户3661578: 好
[2026-02-16 23:16:02] zdr2k: 肺子咳烂🗿肺子咳烂🗿肺子咳烂🗿肺子咳烂🗿肺子咳烂🗿肺子咳烂🗿
[2026-02-16 23:16:02] ma0yu: 肺子咳烂
[2026-02-16 23:16:02] 好兄弟王狮虎: 咳咳咳😞咳咳咳😣咳咳咳😖咳咳咳😫咳咳咳💀咳咳咳⚰️
[2026-02-16 23:16:02] aphasia失语: 肺子咳烂🗿肺子咳烂🗿肺子咳烂🗿肺子咳烂🗿肺子咳烂🗿肺子咳烂🗿
[2026-02-16 23:16:02] Aysell: 肺子咳烂🗿肺子咳烂🗿肺子咳烂🗿肺子咳烂🗿肺子咳烂🗿
[2026-02-16 23:16:02] 莫提斯吃黄瓜: 肺子咳烂
[2026-02-16 23:16:02] 祥子自愿演奏迷星叫: 肺子咳烂🗿肺子咳烂🗿肺子咳烂🗿肺子咳烂🗿肺子咳烂🗿肺子咳烂🗿
[2026-02-16 23:16:02] 我真是个憨批: 咳咳咳😞咳咳咳😣咳咳咳😖咳咳咳😫咳咳咳💀咳咳咳⚰️
[2026-02-16 23:16:02] 爱斯忑音音: ?
[2026-02-16 23:16:02] 星海羽弦: 肺子咳烂🗿肺子咳烂🗿肺子咳烂🗿肺子咳烂🗿肺子咳烂🗿肺子咳烂🗿
[2026-02-16 23:16:02] 然然拉拉鸟巢冠军: 咳咳咳
[2026-02-16 23:16:02] 哇吼吼吼嘿嘿: 病猪不准上桌
[2026-02-16 23:16:02] Ailsoon: 肺子咳烂来了
[2026-02-16 23:16:02] 逃离灰色地带: 肺子咳烂🗿肺子咳烂🗿肺子咳烂🗿肺子咳烂🗿肺子咳烂🗿
[2026-02-16 23:16:02] 老奇崔恩: 太好笑了吧😊
[2026-02-16 23:16:02] FreeApex: @陨落的星辰： @陨落的星辰： @陨落的星辰： @陨落的星辰： @陨落的星辰：
[2026-02-16 23:16:02] 咩力羊: 肺子咳烂
[2026-02-16 23:16:02] 闸北第一solo: 死了
[2026-02-16 23:16:02] ValleyVVV: ropz 别咳了
[2026-02-16 23:16:02] RabbitRay: 载物人气好高，3万多贵宾看无人直播间看这么来劲
[2026-02-16 23:16:02] 口口口23300: 肺子咳烂
[2026-02-16 23:16:02] 图帕雷松: “我来了👋，水友们😎”玩机器旋转着从下水道涌了出来，潇洒的地顶开了马桶盖🚀
[2026-02-16 23:16:02] 沐风行wind: 95
[2026-02-16 23:16:02] 绘夜Hoshi: 95
[2026-02-16 23:16:02] 贝让的柯罗莎本人: 肺子咳烂🗿肺子咳烂🗿肺子咳烂🗿肺子咳烂🗿肺子咳烂🗿
[2026-02-16 23:16:02] 陶芸馝: 肺子咳烂🗿肺子咳烂🗿肺子咳烂🗿肺子咳烂🗿肺子咳烂🗿肺子咳烂🗿
[2026-02-16 23:16:02] 蹲一蹲: 咳咳咳😞咳咳咳😣咳咳咳😖咳咳咳😫咳咳咳💀
[2026-02-16 23:16:02] 草莓玩宝: 载物一出来给玩机器气的
[2026-02-16 23:16:02] 奈亚亚亚亚亚: 太好笑了吧😊
[2026-02-16 23:16:02] 害羞shy: 95
[2026-02-16 23:16:02] 金汁臭豆腐: 肺子咳烂
[2026-02-16 23:16:02] device真踏马帅: 肺子咳烂
[2026-02-16 23:16:02] 虹彩Iridescent: 肺子咳烂
[2026-02-16 23:16:02] 我怀疑你是大jjgir: 肺子咳烂🗿肺子咳烂🗿肺子咳烂🗿肺子咳烂🗿肺子咳烂🗿肺子咳烂🗿
[2026-02-16 23:16:02] 用户2719002301: #显示猪头🐷#显示猪头🐷#显示猪头🐷#显示猪头🐷#显示猪头🐷#显示猪头🐷
[2026-02-16 23:16:02] navi能输我送超火: 好似好似好似
[2026-02-16 23:16:02] 吴本伟nb: 滚
[2026-02-16 23:16:02] 用户0807288656: 肺子咳烂🗿肺子咳烂🗿肺子咳烂🗿肺子咳烂🗿肺子咳烂🗿肺子咳烂🗿
[2026-02-16 23:16:02] 承诺转角遇到爱: 听不到声音
[2026-02-16 23:16:02] i化石-: 肺子咳烂🚬🚬法老咳死🚬🚬死掰锐克🚬🚬腐里哑🚬🚬萎塌离体🚬🚬
[2026-02-16 23:16:02] 不丶言丶: 肺子咳烂
[2026-02-16 23:16:02] 小恋格子: 鸡哥被处刑了
[2026-02-16 23:16:02] suicho: 载物一出来给玩机器气的
[2026-02-16 23:16:02] 玩蜜蜂丶Bee: 肺子咳烂
[2026-02-16 23:16:02] 好哥们奥纳纳: 肺子咳烂
[2026-02-16 23:16:02] 好姐妹芙卡洛斯: fw
[2026-02-16 23:16:02] 失去了才会珍惜649: 肺子咳烂🗿肺子咳烂🗿肺子咳烂🗿肺子咳烂🗿肺子咳烂🗿
[2026-02-16 23:16:02] 核浪98120: @🗿：研发开始
[2026-02-16 23:16:02] eda778: 6657没有手枪局
[2026-02-16 23:16:02] 劉膿dewasu: 6657没有手枪局
[2026-02-16 23:16:02] 冲上云霄的姨: fw
[2026-02-16 23:16:02] 啊呜Aily: 肺子咳烂🗿肺子咳烂🗿肺子咳烂🗿肺子咳烂🗿肺子咳烂🗿肺子咳烂🗿
[2026-02-16 23:16:02] 满澜18906: 想起来直播间的家人了吗
[2026-02-16 23:16:02] 拆信CaTalpa: 肺子咳烂🗿肺子咳烂🗿肺子咳烂🗿肺子咳烂🗿肺子咳烂🗿肺子咳烂🗿
[2026-02-16 23:16:02] DEN1AL: 肺子咳烂
[2026-02-16 23:16:02] 爱吃披萨的魔女CC: fw
[2026-02-16 23:16:02] plumoon0: fw
[2026-02-16 23:16:02] 想要成为人类: 爆
[2026-02-16 23:16:02] NeptuniaOrion: 哈哈哈哈哈哈哈
[2026-02-16 23:16:02] 买个保险: 显示猪头🐷显示猪头🐷显示猪头🐷显示猪头🐷显示猪头🐷显示猪头🐷
[2026-02-16 23:16:02] 一顿一只牛: #显示🐷
[2026-02-16 23:16:02] 来问我春风: 载物一出来给玩机器气的
[2026-02-16 23:16:02] Ekroner: 肺子咳烂🗿肺子咳烂🗿肺子咳烂🗿肺子咳烂🗿肺子咳烂🗿肺子咳烂🗿
[2026-02-16 23:16:02] 神奥联盟的竹兰本人: 肺子咳烂🗿肺子咳烂🗿肺子咳烂🗿肺子咳烂🗿肺子咳烂🗿
[2026-02-16 23:16:02] 玩普细Porra: 肺子咳烂
[2026-02-16 23:16:02] 好兄弟猫雷: 慢
[2026-02-16 23:16:02] 那就点: fw
[2026-02-16 23:16:02] 一个好人菌: 研发开始
[2026-02-16 23:16:02] 舒肤佳12306: 这小品好尬啊
[2026-02-16 23:16:02] 揍是个欻欻: 肺子咳烂🗿肺子咳烂🗿肺子咳烂🗿肺子咳烂🗿肺子咳烂🗿
[2026-02-16 23:16:02] 士多啤梨芝士卷: 肺子咳烂
[2026-02-16 23:16:02] 米浴大英雄: 肺子咳烂
[2026-02-16 23:16:02] SideChannel: fw
[2026-02-16 23:16:02] Tao7Ge: fw
[2026-02-16 23:16:02] 涡轮蒸鸭W: 6657没有手枪局
[2026-02-16 23:16:02] 看玩神三年没发过言: machineWJQ：正在逃出冥界。。。
[2026-02-16 23:16:02] 晟紊: fw
[2026-02-16 23:16:02] 玩猴爪丶MonkeyPaw: 载物一出来给玩机器气的
[2026-02-16 23:16:02] 总监拾我霸: fw
[2026-02-16 23:16:02] 月雅辛: 🚬🗿化成烟～🚬🗿化成烟～🚬🗿化成烟～🚬🗿化成烟～🚬🗿化成烟～
[2026-02-16 23:16:02] MyGo的tomorin本人: 载物一出来给玩机器气的
[2026-02-16 23:16:02] 流玉MK1: 6657没有手枪局
[2026-02-16 23:16:02] Mi336: 肺子咳烂🗿肺子咳烂🗿肺子咳烂🗿肺子咳烂🗿肺子咳烂🗿
[2026-02-16 23:16:02] Dartline: 载物一出来给玩机器气的
[2026-02-16 23:16:02] 血樱幽世: 经典6657没有手枪局
[2026-02-16 23:16:02] 闸北第一solo: 主播能不能让玩机器穿星星袜一踮一踮的？飞机少不了你
[2026-02-16 23:16:02] NeptuniaOrion: 哈哈哈哈哈哈哈哈哈哈
[2026-02-16 23:16:02] 摩卡加氢氧化钠: 刚来 device又没甩中吗
[2026-02-16 23:16:02] GF-of-GotohHitori、Kita: -0
[2026-02-16 23:16:02] xuzVan: 肺子咳烂
[2026-02-16 23:16:02] 没有故事的Pluto: fw
[2026-02-16 23:16:02] 2021summerDoinb: 哦牛批，挂机直播都有礼物收
[2026-02-16 23:16:02] GGnice: 我的猪头 你肿么了
[2026-02-16 23:16:02] Mujica的三角初华本人: 肺子咳烂
[2026-02-16 23:16:02] SAKIOVERLXRD: 肺子咳烂 vs 肺痨咳死，你们知道吗🤘
[2026-02-16 23:16:02] 用户0220064326: 刚来 device又没甩中吗
[2026-02-16 23:16:02] eda778: fw
[2026-02-16 23:16:02] 无敌都一定会的: 肺子咳烂
[2026-02-16 23:16:02] AA丶糕点: 8888888888
[2026-02-16 23:16:02] 哇吼吼吼嘿嘿: 瘟猪不准上桌
[2026-02-16 23:16:03] 图帕雷松: “我来了👋，水友们😎”玩机器旋转着从下水道涌了出来，潇洒的地顶开了马桶盖🚀
[2026-02-16 23:16:03] VDVCI的迪米特里本人: 没收到
[2026-02-16 23:16:03] MisakaMikoto222: fw
[2026-02-16 23:16:03] juner-: 春节不收费
[2026-02-16 23:16:03] zdr2k: 载物一出来给玩机器气的
[2026-02-16 23:16:03] 玩机器重度依赖: 按F处决碗橱
[2026-02-16 23:16:03] 喜欢吃生菜: 肺子咳烂🗿肺子咳烂🗿肺子咳烂🗿肺子咳烂🗿肺子咳烂🗿
[2026-02-16 23:16:03] xOcOg: 载物一出来给玩机器气的
[2026-02-16 23:16:03] 蒂花之秀洗发水u: 怎么纯净流还有人说话
[2026-02-16 23:16:03] 灵星闪烁: 同意弃疗😭 同意拔管😭 同意捐献😭同意宰杀😭同意腌制😭同意烧烤😭别抢我猪腿😡devic
[2026-02-16 23:16:03] 用户5388411043: 经典6657没有手枪局
[2026-02-16 23:16:03] 好哥们留椅播: 肺子咳烂🗿肺子咳烂🗿肺子咳烂🗿肺子咳烂🗿肺子咳烂🗿
[2026-02-16 23:16:03] 十王星南: 这小品好尬啊
[2026-02-16 23:16:03] -小佐内由纪-: 处决  处决
[2026-02-16 23:16:03] device真踏马帅: #显示🐷
[2026-02-16 23:16:03] 0bliVioniS: 显示猪头
[2026-02-16 23:16:03] 吴本伟nb: -10
[2026-02-16 23:16:03] 凌晨的梦很美: 谁在说话啊？？
[2026-02-16 23:16:03] 峰城大高中的冬马本人: #显示猪头🐷#显示猪头🐷#显示猪头🐷#显示猪头🐷#显示猪头🐷#显示猪头🐷
[2026-02-16 23:16:03] LiverpoolFC377: 咳咳咳咳咳咳😰😰😰😭😭😭
[2026-02-16 23:16:03] 玉煜彧: 肺子咳烂🗿肺子咳烂🗿肺子咳烂🗿肺子咳烂🗿肺子咳烂🗿
[2026-02-16 23:16:03] bzhanshenshi: 刚来 device又没甩中吗
[2026-02-16 23:16:03] 66打平57遗憾落败: 刚来 device又没甩中吗
[2026-02-16 23:16:03] 唯有、责任: 🎦当前房间为轮播内容，同样精彩哦～
[2026-02-16 23:16:03] 晚上不好吧QAQ: 咳咳咳😀咳咳咳😮咳咳咳😷咳咳咳😫咳咳咳🚑咳咳咳🏥咳咳咳💀
[2026-02-16 23:16:03] 不是国服第一: 笑点解析:解决了变成了处决了，真是让人忍俊不禁
[2026-02-16 23:16:03] 菠萝狗: 大过年的别似我手机里
[2026-02-16 23:16:03] 魔丸鸡器是灵猪: 肺子咳烂 vs 肺痨咳死，你们知道吗🤘
[2026-02-16 23:16:03] 玩斯特积极: 爆
[2026-02-16 23:16:03] 卡恩: 但是春节免费
[2026-02-16 23:16:03] 用户3661578: 刚来 device又没甩中吗
[2026-02-16 23:16:03] 小朋友Lyc: 肺子咳烂 vs 肺痨咳死，你们知道吗🤘
[2026-02-16 23:16:03] 用户2719002301: #显示猪头🐷#显示猪头🐷#显示猪头🐷#显示猪头🐷#显示猪头🐷#显示猪头🐷
[2026-02-16 23:16:03] 好姐妹布雷斯特: fw
[2026-02-16 23:16:03] 樽酹江月: 肺子咳烂=地狱归来
[2026-02-16 23:16:03] 以后叫我海日: 载物一出来给玩机器气的
[2026-02-16 23:16:04] Raven灵烟: 费在哪
[2026-02-16 23:16:04] 提瓦特也是瓦: #显示猪头🐷#显示猪头🐷#显示猪头🐷#显示猪头🐷#显示猪头🐷#显示猪头🐷
[2026-02-16 23:16:04] jadarite: 载物一出来给玩机器气的
[2026-02-16 23:16:04] 吃了葡萄吐葡萄皮: 刚来 device又没甩中吗
[2026-02-16 23:16:04] SAKIOVERLXRD: 肺子咳烂 vs 肺痨咳死，你们知道吗🤘
[2026-02-16 23:16:04] 快乐瘦宅892: 载物一出来给玩机器气的
[2026-02-16 23:16:04] 嘉禾禾禾丶: #显示猪头🐷#显示猪头🐷#显示猪头🐷#显示猪头🐷#显示猪头🐷#显示猪头🐷
[2026-02-16 23:16:04] 玩公式丶Formula: 又关摄像头？你到底在自卑什么！像你这种品相的🐷放在哪个🐷圈不是被抢购
[2026-02-16 23:16:04] 老艺术家12453: 春节不收费
[2026-02-16 23:16:04] 讽风有情: #显示🐷
[2026-02-16 23:16:04] 刘亦鸡的博吧: 猎鹰官方直播间没有手枪局
[2026-02-16 23:16:04] 蹲一蹲: 🚬🗿肺癌依然坚持🚬🗿咳血依然坚持🚬🗿病危依然坚持🚬🗿坏死依然坚持🚬🗿成灰依然坚持
[2026-02-16 23:16:04] 玩唧唧我喜欢你: 显示猪头
[2026-02-16 23:16:04] Hcmor: 谁在说话啊？？
[2026-02-16 23:16:04] likedabsy: 爆 了
[2026-02-16 23:16:04] 用户2719002301: #显示猪头🐷#显示猪头🐷#显示猪头🐷#显示猪头🐷#显示猪头🐷#显示猪头🐷
[2026-02-16 23:16:04] 猫很好的小乖: 肺子咳烂🗿肺子咳烂🗿肺子咳烂🗿肺子咳烂🗿肺子咳烂🗿
[2026-02-16 23:16:04] 玩机器是我霸霸: #显示猪头🐷#显示猪头🐷#显示猪头🐷#显示猪头🐷#显示猪头🐷#显示猪头🐷
[2026-02-16 23:16:04] 莫情123: 刚来 device又没甩中吗
[2026-02-16 23:16:04] 十王星南: 载物一出来给玩机器气的
[2026-02-16 23:16:04] 轻音的呆唯本人: 我也是不行了。。。。这主办方为什么不把尼尼孩孩的比赛放在跨年档🙄🙄💅💅
[2026-02-16 23:16:04] Tao7Ge: #显示猪头🐷#显示猪头🐷#显示猪头🐷#显示猪头🐷#显示猪头🐷#显示猪头🐷
[2026-02-16 23:16:04] Linfivers: #显示猪头🐷#显示猪头🐷#显示猪头🐷#显示猪头🐷#显示猪头🐷#显示猪头🐷
[2026-02-16 23:16:04] 黄升亮的老公: 爆 了
[2026-02-16 23:16:04] 丰川祥子口三角初华: 载物一出来给玩机器气的
[2026-02-16 23:16:04] 澈东海: 显示猪头
[2026-02-16 23:16:04] 玩急气的小急急: 肺子咳烂🗿肺子咳烂🗿肺子咳烂🗿肺子咳烂🗿肺子咳烂🗿
[2026-02-16 23:16:04] 下北泽的新青年: #显示猪头🐷#显示猪头🐷#显示猪头🐷#显示猪头🐷#显示猪头🐷#显示猪头🐷
[2026-02-16 23:16:04] 少女与狗丶丶: 说-0的弹幕真的上过学吗。。。。
[2026-02-16 23:16:04] 不变的追求717: #显示猪头🐷#显示猪头🐷#显示猪头🐷#显示猪头🐷#显示猪头🐷#显示猪头🐷
[2026-02-16 23:16:04] 嘉禾禾禾丶: #显示猪头🐷#显示猪头🐷#显示猪头🐷#显示猪头🐷#显示猪头🐷#显示猪头🐷
[2026-02-16 23:16:04] KekeQWQ: #显示猪头🐷#显示猪头🐷#显示猪头🐷#显示猪头🐷#显示猪头🐷#显示猪头🐷
[2026-02-16 23:16:04] 没有故事的Pluto: 这也菲比啊......牛物
[2026-02-16 23:16:04] 子非鱼乐77042: #显示猪头🐷#显示猪头🐷#显示猪头🐷#显示猪头🐷#显示猪头🐷#显示猪头🐷
[2026-02-16 23:16:04] 八奈见杏菜8: #显示猪头🐷#显示猪头🐷#显示猪头🐷#显示猪头🐷#显示猪头🐷#显示猪头🐷
[2026-02-16 23:16:04] 白勺士也丶: #显示猪头🐷#显示猪头🐷#显示猪头🐷#显示猪头🐷#显示猪头🐷#显示猪头🐷
[2026-02-16 23:16:04] A队的三角初华本人: #显示猪头🐷#显示猪头🐷#显示猪头🐷#显示猪头🐷#显示猪头🐷#显示猪头🐷
[2026-02-16 23:16:04] 莫希Merc7: 吉米：卧槽李的
[2026-02-16 23:16:04] 你爱鼠还是汤: 这小品真的拉
[2026-02-16 23:16:04] User5092: 载物一出来给玩机器气的
[2026-02-16 23:16:04] WE丶繁梦: #显示猪头🐷#显示猪头🐷#显示猪头🐷#显示猪头🐷#显示猪头🐷#显示猪头🐷
[2026-02-16 23:16:04] star嗝: #显示🐷
[2026-02-16 23:16:04] likedabsy: 爆 了
[2026-02-16 23:16:04] 玩枪榴弹的萨尼铁塔: 载物一出来给玩机器气的
[2026-02-16 23:16:04] 中二方: 肺子咳烂🗿肺子咳烂🗿肺子咳烂🗿肺子咳烂🗿肺子咳烂🗿
[2026-02-16 23:16:04] 恩格尼斯也: 载物一出来给玩机器气的
[2026-02-16 23:16:04] 用户0198233878: 载物一出来给玩机器气的
[2026-02-16 23:16:04] AYAKA66: #显示猪头🐷#显示猪头🐷#显示猪头🐷#显示猪头🐷#显示猪头🐷#显示猪头🐷
[2026-02-16 23:16:04] Ccuteboy: #显示猪头🐷#显示猪头🐷#显示猪头🐷#显示猪头🐷#显示猪头🐷#显示猪头🐷#显示猪头🐷
[2026-02-16 23:16:04] V1ntrousr0ng: 刚来 device又没甩中吗
[2026-02-16 23:16:04] Xav1zzz: #显示猪头🐷#显示猪头🐷#显示猪头🐷#显示猪头🐷#显示猪头🐷#显示猪头🐷
[2026-02-16 23:16:04] 米喜o: 玩大哥 现在人少 你说实话ropz的流感是不是你传染的
[2026-02-16 23:16:04] xige121388888: sv_showpigface 1
[2026-02-16 23:16:04] 不正常人类080: #显示猪头🐷#显示猪头🐷#显示猪头🐷#显示猪头🐷#显示猪头🐷#显示猪头🐷
[2026-02-16 23:16:04] 用户2719002301: #显示猪头🐷#显示猪头🐷#显示猪头🐷#显示猪头🐷#显示猪头🐷#显示猪头🐷
[2026-02-16 23:16:04] 玩森朱: @🗿：更新迭代就是今天！
[2026-02-16 23:16:04] 丰川睦头: #显示猪头🐷#显示猪头🐷#显示猪头🐷#显示猪头🐷#显示猪头🐷#显示猪头🐷
[2026-02-16 23:16:04] 尼尼孩孩一起拿冠军: #显示猪头🐷#显示猪头🐷#显示猪头🐷#显示猪头🐷#显示猪头🐷#显示猪头🐷
[2026-02-16 23:16:04] 250烛花红: #显示猪头🐷#显示猪头🐷#显示猪头🐷#显示猪头🐷#显示猪头🐷#显示猪头🐷
[2026-02-16 23:16:04] 玩急气的小急急: #显示猪头🐷#显示猪头🐷#显示猪头🐷#显示猪头🐷#显示猪头🐷#显示猪头🐷
[2026-02-16 23:16:04] VDVCI的迪米特里本人: #显示猪头🐷#显示猪头🐷#显示猪头🐷#显示猪头🐷#显示猪头🐷#显示猪头🐷
[2026-02-16 23:16:04] 天残少女王朗: 载物一出来给玩机器气的
[2026-02-16 23:16:04] Sy11abear: 载物一出来给玩机器气的
[2026-02-16 23:16:04] 沙士多喝热水: 过春节收费站免费了
[2026-02-16 23:16:04] 满澜18906: #显示猪头🐷#显示猪头🐷#显示猪头🐷#显示猪头🐷#显示猪头🐷#显示猪头🐷
[2026-02-16 23:16:04] 椎名立希本人: 显示猪头
[2026-02-16 23:16:04] 邪恶的凯: 春节也收过路费?
[2026-02-16 23:16:04] 爱猫鲁迅: #显示猪头🐷#显示猪头🐷#显示猪头🐷#显示猪头🐷#显示猪头🐷#显示猪头🐷
[2026-02-16 23:16:04] 用户8536089746: 又关摄像头？你到底在自卑什么！像你这种品相的🐷放在哪个🐷圈不是被抢购
[2026-02-16 23:16:04] 二阶堂sh1ro没坑donk: sv_show_pigface 1
[2026-02-16 23:16:04] 不变的追求717: 载物一出来给玩机器气的
[2026-02-16 23:16:04] 卷心菜514: 谁在说话？
[2026-02-16 23:16:04] 玩机器是我霸: 春节不都免费吗 怎么老外还收过路费啊
[2026-02-16 23:16:04] eda778: 载物一出来给玩机器气的
[2026-02-16 23:16:04] 玩楚楚、pareo: 载物一出来给玩机器气的
[2026-02-16 23:16:04] 推斯特贼贼major冠军: #显示猪头🐷#显示猪头🐷#显示猪头🐷#显示猪头🐷#显示猪头🐷#显示猪头🐷
[2026-02-16 23:16:04] 求奶我今年考研tju失败: 载物一出来给玩机器气的
[2026-02-16 23:16:04] 网友羽顺熙: 猪头呢
[2026-02-16 23:16:04] 用户0314452190: 过春节收费站免费了
[2026-02-16 23:16:04] Ne1umb0nuc1fera: 载物一出来给玩机器气的
[2026-02-16 23:16:04] 沉醉心头梦: sv_showpigface 1
[2026-02-16 23:16:04] 椰汁糕北瓜强: 玩宝宝歇会吧玩宝宝歇会吧玩宝宝歇会吧玩宝宝歇会吧玩宝宝歇会吧玩宝宝歇会吧玩宝宝歇会吧
[2026-02-16 23:16:04] 擅长登山的亦博同学: 肺子咳烂🗿肺子咳烂🗿肺子咳烂🗿肺子咳烂🗿肺子咳烂🗿
[2026-02-16 23:16:04] CLANCHIC的Tomorain本人: 载物一出来给玩机器气的
[2026-02-16 23:16:04] 用户2719002301: #显示猪头🐷#显示猪头🐷#显示猪头🐷#显示猪头🐷#显示猪头🐷#显示猪头🐷
[2026-02-16 23:16:04] VDVCI的迪米特里本人: #显示猪头🐷#显示猪头🐷#显示猪头🐷#显示猪头🐷#显示猪头🐷#显示猪头🐷
[2026-02-16 23:16:04] NeptuniaOrion: 哈哈哈哈哈哈哈哈哈哈
[2026-02-16 23:16:04] 载大哥的小舅子: #显示猪头🐷#显示猪头🐷#显示猪头🐷#显示猪头🐷#显示猪头🐷#显示猪头🐷
[2026-02-16 23:16:04] 用户0220064326: #显示猪头🐷#显示猪头🐷#显示猪头🐷#显示猪头🐷#显示猪头🐷#显示猪头🐷
[2026-02-16 23:16:04] 玩柜子丶Mortis: #显示猪头🐷#显示猪头🐷#显示猪头🐷#显示猪头🐷#显示猪头🐷#显示猪头🐷ですわ
[2026-02-16 23:16:04] 一般通过友人A: 春碗带头见证了......
[2026-02-16 23:16:04] SAKIOVERLXRD: 肺子咳烂 vs 肺痨咳死，你们知道吗🤘
[2026-02-16 23:16:04] NikolaKovacFan: 玩大哥
[2026-02-16 23:16:04] 99999真中奖王: #显示猪头🐷#显示猪头🐷#显示猪头🐷#显示猪头🐷#显示猪头🐷#显示猪头🐷
[2026-02-16 23:16:04] A队的三角初华本人: 载物一出来给玩机器气的
[2026-02-16 23:16:04] 菠萝狗: #显示猪头🐷#显示猪头🐷#显示猪头🐷#显示猪头🐷#显示猪头🐷#显示猪头🐷
[2026-02-16 23:16:04] 子非FFish: #显示猪头🐷#显示猪头🐷#显示猪头🐷#显示猪头🐷#显示猪头🐷#显示猪头🐷
[2026-02-16 23:16:04] 用户3628968216: #显示猪头🐷#显示猪头🐷#显示猪头🐷#显示猪头🐷#显示猪头🐷#显示猪头🐷
[2026-02-16 23:16:04] 猪皮小弟: #显示猪头🐷#显示猪头🐷#显示猪头🐷#显示猪头🐷#显示猪头🐷#显示猪头🐷
[2026-02-16 23:16:04] 灵星闪烁: 载物一出来给玩机器气的
[2026-02-16 23:16:04] 好姐妹布雷斯特: sv_show_pigface 1
[2026-02-16 23:16:04] 用户9465680303: 大家看蠢玩吗
[2026-02-16 23:16:04] 无情道毕业生: 载物一出来给玩机器气的
[2026-02-16 23:16:04] 推斯特贼贼major冠军: #显示猪头🐷#显示猪头🐷#显示猪头🐷#显示猪头🐷#显示猪头🐷#显示猪头🐷
[2026-02-16 23:16:04] handsomesuperme: #显示猪头🐷#显示猪头🐷#显示猪头🐷#显示猪头🐷#显示猪头🐷#显示猪头🐷
[2026-02-16 23:16:04] 集贸观众: @🗿：更新迭代就是今天！
[2026-02-16 23:16:04] 那就点: 载物一出来给玩机器气的
[2026-02-16 23:16:04] 冰火女娃: 瘟猪
[2026-02-16 23:16:04] 玩楚楚、pareo: #显示猪头🐷#显示猪头🐷#显示猪头🐷#显示猪头🐷#显示猪头🐷#显示猪头🐷
[2026-02-16 23:16:04] KujoJolyne: 🧨哎咦耶咦耶咦耶啊⬆️哦⬇️，哎咦耶咦耶啊⬆️哦⬆️，我恭喜👏你发财，我恭喜👍你精彩！
[2026-02-16 23:16:04] 椰汁糕北瓜强: 玩宝宝歇会吧玩宝宝歇会吧玩宝宝歇会吧玩宝宝歇会吧玩宝宝歇会吧玩宝宝歇会吧
[2026-02-16 23:16:04] 小洞大人打玩啦: 他在区里
[2026-02-16 23:16:04] 幽谷响子: 春碗带头见证了......
[2026-02-16 23:16:04] yieeeeeee: 猪头呢 过年没有年猪少点味啊
[2026-02-16 23:16:04] 贝让的柯罗莎本人: #显示猪头🐷#显示猪头🐷#显示猪头🐷#显示猪头🐷#显示猪头🐷#显示猪头🐷
[2026-02-16 23:16:04] 用户0220064326: 肺子咳烂🗿肺子咳烂🗿肺子咳烂🗿肺子咳烂🗿肺子咳烂🗿
[2026-02-16 23:16:04] MyGo的tomorin本人: aug
[2026-02-16 23:16:04] 你谁个呦: 载物一出来给玩机器气的
[2026-02-16 23:16:04] 沙士多喝热水: 过春节收费站免费了
[2026-02-16 23:16:04] i化石-: 我年夜饭主菜呢？显示猪头
[2026-02-16 23:16:04] 好鸡儿哈人哦: 玩神一看小蜜蜂就咳嗽
[2026-02-16 23:16:04] 每天都被穷醒: 夹夹你的
[2026-02-16 23:16:04] 云边有条小侏如: 春碗带头见证了......
[2026-02-16 23:16:04] 用户2719002301: #显示猪头🐷#显示猪头🐷#显示猪头🐷#显示猪头🐷#显示猪头🐷#显示猪头🐷
[2026-02-16 23:16:04] 樽酹江月: 玩大哥懂不懂春节不收费
[2026-02-16 23:16:04] 我给你看小个宝贝: sv_show_pigface 1
[2026-02-16 23:16:04] Falcons的千早爱音本人: 这个叫niko的什么来头，他生日居然全国放假
[2026-02-16 23:16:04] 椰汁糕北瓜强: 玩宝宝歇会吧玩宝宝歇会吧玩宝宝歇会吧玩宝宝歇会吧
[2026-02-16 23:16:04] 好姐妹久慈川理世: jabbi时间到
[2026-02-16 23:16:04] 机动战士Gakki: #显示猪头🐷#显示猪头🐷#显示猪头🐷#显示猪头🐷#显示猪头🐷#显示猪头🐷
[2026-02-16 23:16:04] 欧玛叽哩波哈: #显示猪头🐷#显示猪头🐷#显示猪头🐷#显示猪头🐷#显示猪头🐷#显示猪头🐷
[2026-02-16 23:16:04] 儒雅随和的带带大马猴: 叛徒神气什么
[2026-02-16 23:16:04] V1ntrousr0ng: 又关摄像头？你到底在自卑什么！像你这种品相的🐷放在哪个🐷圈不是被抢购一空？
[2026-02-16 23:16:04] TieZhu丶: 这女像在cos贪欲之壶
[2026-02-16 23:16:04] Altolier: 春碗带头见证了......
[2026-02-16 23:16:04] 玩机器是2设备是8: #显示猪头🐷#显示猪头🐷#显示猪头🐷#显示猪头🐷#显示猪头🐷#显示猪头🐷
[2026-02-16 23:16:04] 用户2719002301: #显示猪头🐷#显示猪头🐷#显示猪头🐷#显示猪头🐷#显示猪头🐷#显示猪头🐷
[2026-02-16 23:16:04] 大海之King: 公式化
[2026-02-16 23:16:04] 叫我小彬就好了: 爆
[2026-02-16 23:16:04] 卷心菜514: 肺子咳烂🗿肺子咳烂🗿肺子咳烂🗿肺子咳烂🗿肺子咳烂🗿
[2026-02-16 23:16:04] 菅原小吉: 😭肺子咳烂
[2026-02-16 23:16:04] 椰汁糕北瓜强: 玩宝宝歇会吧玩宝宝歇会吧玩宝宝歇会吧玩宝宝歇会吧玩宝宝歇会吧玩宝宝歇会吧
[2026-02-16 23:16:04] jubaoxia4: 够 洞
[2026-02-16 23:16:04] 玩指挥丶NiKo: jabbi时间到
[2026-02-16 23:16:04] 联盟狗ml: 尬
[2026-02-16 23:16:04] 保持冷静helhao: jabbi时间到☺
[2026-02-16 23:16:04] 闸北第一solo: 死了
[2026-02-16 23:16:04] SAKIOVERLXRD: 肺子咳烂 vs 肺痨咳死，你们知道吗🤘
[2026-02-16 23:16:04] 爱吃蛋白的碧霄: #显示猪头🐷#显示猪头🐷#显示猪头🐷#显示猪头🐷#显示猪头🐷#显示猪头🐷
[2026-02-16 23:16:04] 管大无需多颜: jabbi时间到
[2026-02-16 23:16:04] 猫很好的小乖: 春节高速不免费吗？
[2026-02-16 23:16:04] 用户0553661491: 肺子咳烂🗿肺子咳烂🗿肺子咳烂🗿肺子咳烂🗿肺子咳烂🗿
[2026-02-16 23:16:04] 求奶我今年考研tju失败: 恨
[2026-02-16 23:16:04] 瑭珏: 😭肺子咳烂
[2026-02-16 23:16:04] 玩机器是我霸: 春节不都免费吗 怎么老外还收过路费啊
[2026-02-16 23:16:04] 蹲一蹲: 肺子咳烂🗿肺子咳烂🗿肺子咳烂🗿肺子咳烂🗿肺子咳烂🗿
[2026-02-16 23:16:04] 香甜苍崎青子的腋窝: v了
[2026-02-16 23:16:04] 璃月七星的刻晴本人: 肺子咳烂🗿肺子咳烂🗿肺子咳烂🗿肺子咳烂🗿肺子咳烂🗿
[2026-02-16 23:16:04] 五子棋oo: 😭肺子咳烂
[2026-02-16 23:16:04] LkCatQwQ: 别似
[2026-02-16 23:16:04] 菠萝狗: 玩宝宝歇会吧玩宝宝歇会吧玩宝宝歇会吧玩宝宝歇会吧玩宝宝歇会吧玩宝宝歇会吧
[2026-02-16 23:16:04] eda778: 😭肺子咳烂
[2026-02-16 23:16:04] 莫情123: 肺子咳烂
[2026-02-16 23:16:04] Winter小狗汪汪: 肺子咳烂🗿肺子咳烂🗿肺子咳烂🗿肺子咳烂🗿肺子咳烂🗿
[2026-02-16 23:16:04] 樽酹江月: #显示猪头🐷#显示猪头🐷#显示猪头🐷#显示猪头🐷#显示猪头🐷#显示猪头🐷
[2026-02-16 23:16:04] 听风丶随来: 肺子咳烂🗿肺子咳烂🗿肺子咳烂🗿肺子咳烂🗿肺子咳烂🗿
[2026-02-16 23:16:04] Linfivers: 肺子咳烂🗿肺子咳烂🗿肺子咳烂🗿肺子咳烂🗿肺子咳烂🗿
[2026-02-16 23:16:04] 不正常人类080: 😭肺子咳烂
[2026-02-16 23:16:04] 无伟契约: fw
[2026-02-16 23:16:04] 热心好邻居: 😭肺子咳烂
[2026-02-16 23:16:04] 橙黄双翼: 上香
[2026-02-16 23:16:04] 蓝绿藻的梦OuO: 肺子咳烂🗿肺子咳烂🗿肺子咳烂🗿肺子咳烂🗿肺子咳烂🗿
[2026-02-16 23:16:04] 求老仙奶贾碧不死: 终于要似了嘛？
[2026-02-16 23:16:04] 法尔孔的鱼鱼本人: 感觉老鼠有冠军相了啊
[2026-02-16 23:16:04] likedabsy: 尬
[2026-02-16 23:16:04] HapCam: 😭肺子咳烂
[2026-02-16 23:16:04] 椰汁糕北瓜强: 玩宝宝歇会吧玩宝宝歇会吧玩宝宝歇会吧玩宝宝歇会吧玩宝宝歇会吧玩宝宝歇会吧玩宝宝歇会吧玩宝宝歇会吧玩宝
[2026-02-16 23:16:04] eloranini: V了
[2026-02-16 23:16:04] 以后叫我海日: 恨
[2026-02-16 23:16:04] 忧伤呵呵哒: 这女像在cos贪欲之壶
[2026-02-16 23:16:04] Kiriyama涟: 😭肺子咳烂
[2026-02-16 23:16:04] 用户4777595436: jabbi时间到☺
[2026-02-16 23:16:04] 丰川祥子的父亲本人: 😭肺子咳烂
[2026-02-16 23:16:04] Vitality的羽贺文乃本人: sv_show_pigface 1
[2026-02-16 23:16:04] 魔男的夜宴: RIP
[2026-02-16 23:16:04] 高松的灯ll: aug
[2026-02-16 23:16:04] 6657的老丈人本人: 咳咳咳😞咳咳咳😣咳咳咳😖咳咳咳😫咳咳咳💀
[2026-02-16 23:16:04] 天才工具人桐生战兔: 😭肺子咳烂
[2026-02-16 23:16:04] 张元英川页产张顺飞: lets go 肺子咳烂
[2026-02-16 23:16:04] 辟邪OCE: 肺子咳烂 vs 肺痨咳死，你们知道吗🤘
[2026-02-16 23:16:04] 66打平57遗憾落败: @🗿：是时候了
[2026-02-16 23:16:04] kkyon: 好似
[2026-02-16 23:16:04] CLANCHIC的Tomorain本人: 😭肺子咳烂
[2026-02-16 23:16:04] 空白待: 😭肺子咳烂
[2026-02-16 23:16:04] 好兄弟荷鲁斯: 玩宝宝歇会吧玩宝宝歇会吧玩宝宝歇会吧玩宝宝歇会吧玩宝宝歇会吧玩宝宝歇会吧
[2026-02-16 23:16:04] 用户20869840: 😭肺子咳烂
[2026-02-16 23:16:04] Mujica的三角初华本人: 肺子咳烂
[2026-02-16 23:16:04] 香香软软糯糯小祥: 😭肺子咳烂
[2026-02-16 23:16:04] Hkhnj: fw
[2026-02-16 23:16:04] 小洞大人打玩啦: 区里
[2026-02-16 23:16:04] 天天白给可还行: 别似
[2026-02-16 23:16:04] 唯有、责任: 处刑😆处刑🤣处刑😄处刑😅处刑😋处刑🤪处刑😝处刑🤗处刑🤭
[2026-02-16 23:16:04] 小肉包喷香: 别似
[2026-02-16 23:16:04] wjnbsl: 😭肺子咳烂
[2026-02-16 23:16:04] 无明之月: 同意喵
[2026-02-16 23:16:04] 劉膿dewasu: fw
[2026-02-16 23:16:04] 爱吃披萨的魔女CC: fw
[2026-02-16 23:16:04] 天才美少女Soyo: 肺子咳烂🗿肺子咳烂🗿肺子咳烂🗿肺子咳烂🗿肺子咳烂🗿
[2026-02-16 23:16:04] 椰汁糕北瓜强: 玩宝宝歇会吧玩宝宝歇会吧
[2026-02-16 23:16:04] 海绵宝宝雾雨儿: fw
[2026-02-16 23:16:04] 身本憂: 蜜蜂想回家准备iem了
[2026-02-16 23:16:04] 我们是阳聪组合: 肺子咳烂🗿肺子咳烂🗿肺子咳烂🗿肺子咳烂🗿肺子咳烂🗿
[2026-02-16 23:16:04] 机动战士Gakki: 同意捐献
[2026-02-16 23:16:04] 凌晨的梦很美: 同意捐献
[2026-02-16 23:16:04] 那英啊哈哈哈: 肺子咳烂🗿肺子咳烂🗿肺子咳烂🗿肺子咳烂🗿肺子咳烂🗿
[2026-02-16 23:16:04] 好哥们宇智波鼬: 肺子咳烂🗿肺子咳烂🗿肺子咳烂🗿肺子咳烂🗿肺子咳烂🗿
[2026-02-16 23:16:04] MyGo的tomorin本人: 肺子咳烂🗿肺子咳烂🗿肺子咳烂🗿肺子咳烂🗿肺子咳烂🗿
[2026-02-16 23:16:04] i猪猪猪猪猪猪猪: 好似
[2026-02-16 23:16:04] 大头丸: fw
[2026-02-16 23:16:04] 渡边曜女士: 　　　 sv_show_pigface 1
[2026-02-16 23:16:04] 玩公式丶Formula: 😭肺子咳烂
[2026-02-16 23:16:04] onXplanet: fw
[2026-02-16 23:16:04] Hcmor: 😭肺子咳烂
[2026-02-16 23:16:04] 清风揽月223: 肺子咳烂🗿肺子咳烂🗿肺子咳烂🗿肺子咳烂🗿肺子咳烂🗿
[2026-02-16 23:16:04] 载大哥的小舅子: 肺子咳烂🗿肺子咳烂🗿肺子咳烂🗿肺子咳烂🗿肺子咳烂🗿
[2026-02-16 23:16:04] 沉醉心头梦: 尬
[2026-02-16 23:16:04] 丰川祥子大冲撞: 区
[2026-02-16 23:16:04] iNaixu: 😭肺子咳烂
[2026-02-16 23:16:04] 无情道毕业生: jabbi时间到
[2026-02-16 23:16:04] 我是焯人强: 肺子咳烂
[2026-02-16 23:16:04] 玩侄女丶Doloris: 载物能不能赶紧输，看你给玩大哥气的
[2026-02-16 23:16:04] Totoro嘿: 肺子咳烂🗿肺子咳烂🗿肺子咳烂🗿肺子咳烂🗿肺子咳烂🗿
[2026-02-16 23:16:04] 逃离灰色地带: fw
[2026-02-16 23:16:04] 我头秃还爱毒奶选手: 肺子咳烂🗿肺子咳烂🗿肺子咳烂🗿肺子咳烂🗿肺子咳烂🗿
[2026-02-16 23:16:04] 用户5896511878: fw
[2026-02-16 23:16:04] 啊啊啊伟罗: fw
[2026-02-16 23:16:04] 乌龙美式牛奶: 😭肺子咳烂
[2026-02-16 23:16:04] 久远寺有珠152: 肺子咳烂🗿肺子咳烂🗿肺子咳烂🗿肺子咳烂🗿肺子咳烂🗿
[2026-02-16 23:16:04] Ne1umb0nuc1fera: 一脚
[2026-02-16 23:16:04] 玩猴爪丶MonkeyPaw: 装最准的
[2026-02-16 23:16:04] 有些话总来不及: 肺子咳烂
[2026-02-16 23:16:04] 25时的晓山瑞希本人: fw
[2026-02-16 23:16:04] jamesfaith23: 😭肺子咳烂
[2026-02-16 23:16:04] yinyao1231: fw
[2026-02-16 23:16:04] M1yauchiReng3: 感觉老鼠有冠军相了啊
[2026-02-16 23:16:04] 好姐妹布雷斯特: fw
[2026-02-16 23:16:04] 什么罐头我说男人: nip
[2026-02-16 23:16:04] 一se一: 😭肺子咳烂
[2026-02-16 23:16:04] 喃妈来俺可没抽: fw
[2026-02-16 23:16:04] 子曰不可说700: ？
[2026-02-16 23:16:04] 二着先生尼古拉: 肺子咳烂🗿肺子咳烂🗿肺子咳烂🗿肺子咳烂🗿肺子咳烂🗿
[2026-02-16 23:16:04] juner-: 😭肺子咳烂
[2026-02-16 23:16:04] 我怀疑你是大jjgir: 肺子咳烂🗿肺子咳烂🗿肺子咳烂🗿肺子咳烂🗿肺子咳烂🗿
[2026-02-16 23:16:04] 求奶我今年考研tju失败: 😭肺子咳烂
[2026-02-16 23:16:04] 72阁下major冠军: 玩宝宝歇会吧玩宝宝歇会吧
[2026-02-16 23:16:04] 罗湖古天樂: 永远不死😭
[2026-02-16 23:16:04] Kakapu12283: 肺子咳烂🗿肺子咳烂🗿肺子咳烂🗿肺子咳烂🗿肺子咳烂🗿
[2026-02-16 23:16:04] olofmeisterrr: 不要似我电脑里
[2026-02-16 23:16:04] 玩设备一device: 黑肺佬
[2026-02-16 23:16:04] 用户4743944990: 肺子咳烂🗿肺子咳烂🗿肺子咳烂🗿肺子咳烂🗿肺子咳烂🗿
[2026-02-16 23:16:04] 贝让的柯罗莎本人: fw
[2026-02-16 23:16:04] SAKIOVERLXRD: 肺子咳烂 vs 肺痨咳死，你们知道吗🤘
[2026-02-16 23:16:04] 满澜18906: 😭肺子咳烂
[2026-02-16 23:16:04] Winter小狗汪汪: 肺子咳烂🗿肺子咳烂🗿肺子咳烂🗿肺子咳烂🗿肺子咳烂🗿
[2026-02-16 23:16:04] 灰之魔女Elaina: 肺子咳烂🗿肺子咳烂🗿肺子咳烂🗿肺子咳烂🗿肺子咳烂🗿
[2026-02-16 23:16:04] Rhapsodyt: 别似我手机里
[2026-02-16 23:16:04] Leas1r: 同意下播
[2026-02-16 23:16:04] 用户2262650671: 肺子咳烂🗿肺子咳烂🗿肺子咳烂🗿肺子咳烂🗿肺子咳烂🗿
[2026-02-16 23:16:04] 玩父亲device: 😭肺子咳烂
[2026-02-16 23:16:04] 水瓶世界a: 玩大哥，你没事吧😨
[2026-02-16 23:16:04] 椰汁糕北瓜强: 玩宝宝歇会吧玩宝宝歇会吧玩宝宝歇会吧玩宝宝歇会吧玩宝宝歇会吧玩宝宝歇会吧玩宝宝歇会吧玩宝宝歇会吧玩宝
[2026-02-16 23:16:04] KuronekoSummer: 360度原地转一圈
[2026-02-16 23:16:04] 绘夜Hoshi: 肺子咳烂
[2026-02-16 23:16:04] csk36832: 肺子咳烂🗿肺子咳烂🗿肺子咳烂🗿肺子咳烂🗿肺子咳烂🗿
[2026-02-16 23:16:04] 用户0198233878: 你歇会儿吧，我们聊
[2026-02-16 23:16:04] wang02xu: 😭肺子咳烂
[2026-02-16 23:16:04] 你的最佳读者: 载物能不能赶紧输，看你给玩大哥气的
[2026-02-16 23:16:04] 老奇崔恩: 养鸡合作社
[2026-02-16 23:16:04] 碱性水杨酸: 肺子咳烂🗿肺子咳烂🗿肺子咳烂🗿肺子咳烂🗿肺子咳烂🗿
[2026-02-16 23:16:04] 爱吃蛋白的碧霄: 肺子咳烂🗿肺子咳烂🗿肺子咳烂🗿肺子咳烂🗿肺子咳烂🗿
[2026-02-16 23:16:04] wiknzylix: 😭肺子咳烂
[2026-02-16 23:16:04] 玩机器重度依赖: 春碗带头见证了...
[2026-02-16 23:16:04] others的御樱稟本人: 肺子咳烂🗿肺子咳烂🗿肺子咳烂🗿肺子咳烂🗿肺子咳烂🗿
[2026-02-16 23:16:04] LkCatQwQ: 肺子咳烂🗿肺子咳烂🗿肺子咳烂🗿肺子咳烂🗿肺子咳烂🗿
[2026-02-16 23:16:04] 玩机器的设备大跌: 肺子咳烂🗿肺子咳烂🗿肺子咳烂🗿肺子咳烂🗿肺子咳烂🗿
[2026-02-16 23:16:04] 森林与雁: 载物能不能赶紧输，看你给玩大哥气的
[2026-02-16 23:16:04] AS泠潇: 😭肺子咳烂
[2026-02-16 23:16:04] 武汉鸽子王: 显示猪头🐷显示猪头🐷
[2026-02-16 23:16:04] 72阁下major冠军: 肺子咳烂🗿肺子咳烂🗿肺子咳烂🗿肺子咳烂🗿肺子咳烂🗿
[2026-02-16 23:16:04] NeptuniaOrion: 爆 了
[2026-02-16 23:16:04] Vitality的Eminem本人: 看见载物拿个狙给你气的😅
[2026-02-16 23:16:04] musherzin: 处刑😆处刑🤣处刑😄处刑😅处刑😋处刑🤪处刑😝处刑🤗处刑🤭
[2026-02-16 23:16:04] 舒肤佳12306: 肺子咳烂🗿肺子咳烂🗿肺子咳烂🗿肺子咳烂🗿肺子咳烂🗿
[2026-02-16 23:16:04] 原子红茶: 🗿：团结、精确、完美…
[2026-02-16 23:16:04] 想要成为人类: 开爆开爆
[2026-02-16 23:16:04] 独步红尘笑古今: 一脚踢死
[2026-02-16 23:16:04] 浅语低唱: 同意捐献
[2026-02-16 23:16:04] E2XCHL: 载物能不能赶紧输，看你给玩大哥气的
[2026-02-16 23:16:04] 用户5388411043: 肺子咳烂🗿肺子咳烂🗿肺子咳烂🗿肺子咳烂🗿肺子咳烂🗿
[2026-02-16 23:16:04] 猎鹰王朝从今天开始: 玩大哥，你没事吧😨
[2026-02-16 23:16:04] 好姐妹倉田真白: 😭肺子咳烂
[2026-02-16 23:16:04] GF-of-GotohHitori、Kita: 肺子咳烂🗿肺子咳烂🗿肺子咳烂🗿肺子咳烂🗿肺子咳烂🗿
[2026-02-16 23:16:04] 三咲町的罗宾本人: 显示猪头
[2026-02-16 23:16:04] sab33r: 肺子咳烂🗿肺子咳烂🗿肺子咳烂🗿肺子咳烂🗿肺子咳烂🗿
[2026-02-16 23:16:04] 是白桦呀: 显示猪头🐷显示猪头🐷
[2026-02-16 23:16:04] 森林与雁: 🗿：团结、精确、完美…
[2026-02-16 23:16:04] likedabsy: 爆 了
[2026-02-16 23:16:04] 草飞飞飞ff: 肺子咳烂🗿肺子咳烂🗿肺子咳烂🗿肺子咳烂🗿肺子咳烂🗿
[2026-02-16 23:16:04] KekeQWQ: 同意捐献😭同意拔毛😭同意放血😭同意开膛😭同意腌制😭同意烧烤😭
[2026-02-16 23:16:04] 士多啤梨芝士卷: 肺子咳烂
[2026-02-16 23:16:04] ma0yu: 玩宝宝歇会吧玩宝宝歇会吧
[2026-02-16 23:16:04] 马加奇的哥哥马加绝: 不好笑到一定程度也是一种好笑
[2026-02-16 23:16:04] 满澜18906: #显示猪头🐷#显示猪头🐷#显示猪头🐷#显示猪头🐷#显示猪头🐷#显示猪头🐷
[2026-02-16 23:16:04] 迦陀哚的意志: 载物能不能赶紧输，看你给玩大哥气的
[2026-02-16 23:16:04] 玩俯卧撑、push-up: 猪头呢
[2026-02-16 23:16:04] Dartline: 载物能不能赶紧输，看你给玩大哥气的
[2026-02-16 23:16:04] 橘殃丶丶: ⎝🗿⎠╰🗿╯⎝🗿⎠╰🗿╯⎝🗿⎠╰🗿╯⎝🗿⎠╰🗿╯⎝🗿⎠╰🗿╯⎝🗿⎠╰🗿╯
[2026-02-16 23:16:04] 丰川祥子desuwa美美隐身: #显示🐷
[2026-02-16 23:16:04] 神奥联盟的竹兰本人: 不好笑到一定程度也是一种好笑
[2026-02-16 23:16:04] 逆风灬微笑: 保B咳咳咳咳咳咳
[2026-02-16 23:16:04] 不变的追求717: 肺子咳烂
[2026-02-16 23:16:04] vveenn: 区里
[2026-02-16 23:16:04] 短桥窄马: 🐕🕳 🐕🕳 🐕🕳 🐕🕳 🐕🕳
[2026-02-16 23:16:04] 吴本伟nb: 💅🏻
[2026-02-16 23:16:04] 爱丽速子的小白鼠: 爆 了
[2026-02-16 23:16:04] 渡边曜女士: 🚬🗿化成烟~🚬🗿化成烟~🚬🗿化成烟~🚬🗿化成烟~🚬🗿化成烟
[2026-02-16 23:16:04] 半个Jayden: 显示猪头
[2026-02-16 23:16:04] 祝节奏狗身体健康: #显示猪头🐷#显示猪头🐷#显示猪头🐷#显示猪头🐷#显示猪头🐷#显示猪头🐷
[2026-02-16 23:16:04] 冷风中开大招: 888888888
[2026-02-16 23:16:04] TuscanLeather: 收到
[2026-02-16 23:16:04] 天津device: 猪头呢
[2026-02-16 23:16:04] gandalfr614: 肺子咳烂🗿肺子咳烂🗿肺子咳烂🗿肺子咳烂🗿肺子咳烂🗿
[2026-02-16 23:16:04] 逃离灰色地带: 收到
[2026-02-16 23:16:04] E2XCHL: 看见载物拿个狙给你气的😅
[2026-02-16 23:16:04] 樽酹江月: 肺子咳烂=地狱归来
[2026-02-16 23:16:04] 花酒酒酒: 玩大哥，你没事吧😨
[2026-02-16 23:16:04] 机动战士Gakki: 360度原地转一圈
[2026-02-16 23:16:04] 贵树君丶: 🗿：团结、精确、完美…
[2026-02-16 23:16:04] MegumiKatossss: 玩大哥我挂你直播睡了，尼尼孩孩的比赛开了你记得大喊大叫把我吵醒，听到没有
[2026-02-16 23:16:04] cutewqx: 又关摄像头？我是真不明白你到底在自卑啥？像你这种品相的小猪，在哪个猪圈不是被抢购一空？
[2026-02-16 23:16:04] 远坂凛的过膝袜小皮靴: 🐷💤🐷💤🐷💤🐷💤🐷💤🐷💤🐷💤🐷💤🐷💤🐷💤🐷💤🐷💤
[2026-02-16 23:16:04] 别纠结了放松点: 看春碗看力竭了的加 一
[2026-02-16 23:16:04] 黄昏到寺挑灯看剑: 载物能不能赶紧输，看你给玩大哥气的
[2026-02-16 23:16:04] 璃月七星的刻晴本人: 肺子咳烂🗿肺子咳烂🗿肺子咳烂🗿肺子咳烂🗿肺子咳烂🗿
[2026-02-16 23:16:04] 熊猫熊貓: 🗿：团结、精确、完美…
[2026-02-16 23:16:04] 猫很好的小乖: 载物被玩大哥气死了
[2026-02-16 23:16:04] 清风浮过丶: 载物能不能赶紧输，看你给玩大哥气的
[2026-02-16 23:16:04] 用户5388411043: 显示猪头
[2026-02-16 23:16:04] 岊嵥: 玩大哥，你没事吧😨
[2026-02-16 23:16:04] 玩机器的设备大跌: 玩大哥是真猛
[2026-02-16 23:16:04] 管道有颗粒感: 收到
[2026-02-16 23:16:04] M1yauchiReng3: 收到
[2026-02-16 23:16:04] 驴驴宗宗买这冠军: 显示猪头🐷显示猪头🐷
[2026-02-16 23:16:04] 小肉包喷香: 玩大哥，你没事吧😨
[2026-02-16 23:16:04] 带小卡丶: 收到
[2026-02-16 23:16:04] 冈田纱佳点蜡烛: 区李
[2026-02-16 23:16:04] 玩急气的小急急: #显示猪头🐷#显示猪头🐷#显示猪头🐷#显示猪头🐷#显示猪头🐷#显示猪头🐷
[2026-02-16 23:16:04] 好哥们野原新之助: #显示猪头🐷#显示猪头🐷#显示猪头🐷#显示猪头🐷#显示猪头🐷#显示猪头🐷
[2026-02-16 23:16:04] 图帕雷松: 看见载物拿个狙给你气的😅
[2026-02-16 23:16:04] donk来杀完了: 🚬🗿化成烟~🚬🗿化成烟~🚬🗿化成烟~🚬🗿化成烟~🚬🗿化成烟
[2026-02-16 23:16:04] gulipa8: #显示猪头🐷#显示猪头🐷#显示猪头🐷#显示猪头🐷#显示猪头🐷#显示猪头🐷
[2026-02-16 23:16:04] 丰川祥子大冲撞: goat睡着了而已，下把杀回来（摩尔音）
[2026-02-16 23:16:04] SAKIOVERLXRD: 肺子咳烂 vs 肺痨咳死，你们知道吗🤘
[2026-02-16 23:16:04] 白给奇侠0: 送个钻粉润润嗓子
[2026-02-16 23:16:04] sryXD: 豆包帮我生成一个猪头
[2026-02-16 23:16:04] E2XCHL: 载物能不能赶紧输，看你给玩大哥气的
[2026-02-16 23:16:04] 玩大人查到自贡了: 载物能不能赶紧输，看你给玩大哥气的
[2026-02-16 23:16:04] A队的三角初华本人: 又关摄像头？我是真不明白你到底在自卑啥？像你这种品相的小猪，在哪个猪圈不是被抢购一空？
[2026-02-16 23:16:04] 既生亮何生俞: 小组赛的神
[2026-02-16 23:16:04] 2873973256: 显示猪头🐷显示猪头🐷
[2026-02-16 23:16:04] 快刀斩逆子: 显示猪头🐷显示猪头🐷
[2026-02-16 23:16:04] dnmd真没名字呗: 收到
[2026-02-16 23:16:04] 玩普细Porra: #显示猪头🐷#显示猪头🐷#显示猪头🐷#显示猪头🐷#显示猪头🐷#显示猪头🐷
[2026-02-16 23:16:04] 白勺士也丶: 肺子咳烂🗿肺子咳烂🗿肺子咳烂🗿肺子咳烂🗿肺子咳烂🗿
[2026-02-16 23:16:04] 五子棋oo: 🗿：团结、精确、完美…
[2026-02-16 23:16:04] 疯狂吨吨吨: 肺子咳烂🗿肺子咳烂🗿肺子咳烂🗿肺子咳烂🗿肺子咳烂🗿
[2026-02-16 23:16:04] 半个Jayden: #显示猪头🐷#显示猪头🐷#显示猪头🐷#显示猪头🐷#显示猪头🐷#显示猪头🐷
[2026-02-16 23:16:04] Alone無淚: 收到
[2026-02-16 23:16:04] 活土匪白老七: #显示猪头🐷#显示猪头🐷#显
[2026-02-16 23:16:04] 出生玩机器: 尬
[2026-02-16 23:16:04] 王梓琦的Ozzz丶: 看见载物拿个狙给你气的😅
[2026-02-16 23:16:04] 幼儿源呀呀: 收到
[2026-02-16 23:16:04] 鮰黩嬷: #显示猪头🐷#显示猪头🐷#显示猪头🐷#显示猪头🐷#显示猪头🐷#显示猪头🐷
[2026-02-16 23:16:04] device真踏马帅: #显示🐷
[2026-02-16 23:16:04] 用户5388411043: #显示猪头🐷#显示猪头🐷#显示猪头🐷#显示猪头🐷#显示猪头🐷#显示猪头🐷
[2026-02-16 23:16:04] -nOOn-: #显示猪头🐷#显示猪头🐷#显示猪头🐷#显示猪头🐷#显示猪头🐷#显示猪头🐷
[2026-02-16 23:16:04] 天津device: #显示猪头🐷#显示猪头🐷#显示猪头🐷#显示猪头🐷#显示猪头🐷#显示猪头🐷
[2026-02-16 23:16:04] 宝哥我套死你猴子的: 🗿：不错的开始
[2026-02-16 23:16:04] 驴驴宗宗买这冠军: #显示猪头🐷#显示猪头🐷#显示猪头🐷#显示猪头🐷#显示猪头🐷#显示猪头🐷
[2026-02-16 23:16:04] 梦想图腾: 🗿：团结、精确、完美…
[2026-02-16 23:16:04] 司來271828: 显示猪头🐷显示猪头🐷
[2026-02-16 23:16:04] E2h0vo: 春碗带头见证了。。。
[2026-02-16 23:16:04] time、machine: #显示猪头🐷#显示猪头🐷#显示猪头🐷#显示猪头🐷#显示猪头🐷#显示猪头🐷
[2026-02-16 23:16:04] 醋溜便当萃香: 看见载物拿个狙给你气的😅
[2026-02-16 23:16:04] 玩普细Porra: #显示猪头🐷#显示猪头🐷#显示猪头🐷#显示猪头🐷#显示猪头🐷#显示猪头🐷
[2026-02-16 23:16:04] psyxhe: 这比赛有多精彩，我就这么说吧，已经5分钟没有人聊椿玩了
[2026-02-16 23:16:04] 丰川祥子大冲撞: goat睡着了而已，下把杀回来（摩尔音）
[2026-02-16 23:16:04] 红星二十年老粉: 肺儿氪死upuo
[2026-02-16 23:16:04] 浊风天枢: 收到
[2026-02-16 23:16:04] 暴力卓司: 载物能不能赶紧输，看你给玩大哥气的
[2026-02-16 23:16:04] 嘉禾禾禾丶: 显示猪头🐷显示猪头🐷
[2026-02-16 23:16:04] 玩小将、kid: 显示猪头🐷显示猪头🐷
[2026-02-16 23:16:04] 子曰不可说700: 这也要鼓掌吗
[2026-02-16 23:16:04] 小马利亚暮光闪闪本人: 🗿：团结、精确、完美…
[2026-02-16 23:16:04] 曼城的罗德里本人: #显示猪头🐷#显示猪头🐷#显示猪头🐷#显示猪头🐷#显示猪头🐷#显示猪头🐷
[2026-02-16 23:16:04] FAZE的shrimp本人: 显示猪头🐷显示猪头🐷
[2026-02-16 23:16:04] 小王58422: goat睡着了而已，下把杀回来（摩尔音）
[2026-02-16 23:16:04] DEN1AL: 豆包帮我生成一个猪头
[2026-02-16 23:16:04] 勇敢地滋出来: 载物能不能赶紧输，看你给玩大哥气的
[2026-02-16 23:16:04] adf9953: 载物能不能赶紧输，看你给玩大哥气的
[2026-02-16 23:16:04] 不万能文学青年: 我看这玩机器也是载物的黑子啊，他什么也没写，但大家都知道他确实是
[2026-02-16 23:16:04] 刘亦鸡的博吧: 💺：别咳了，faze要咳出来了😰
[2026-02-16 23:16:04] 人活着就是为了玩乐队: 　　　 #显示猪头🐷#显示猪头🐷#显示猪头🐷#显示猪头🐷#显示猪头🐷#显示猪头🐷
[2026-02-16 23:16:04] likedabsy: 爆 了
[2026-02-16 23:16:04] 钠镁铯钌: 春碗带头见证了。。。
[2026-02-16 23:16:04] 母鸡卡的Sak1k0本人: @间桐樱：区 里搞起了养g合作是什么意思？
[2026-02-16 23:16:04] 尼尼孩孩京京驴驴: 玩大哥的陪·店就是养 鸡的
[2026-02-16 23:16:04] 丰川祥子大冲撞: goat睡着了而已，下把杀回来（摩尔音）
[2026-02-16 23:16:04] NikolaKovacFan: 爆 了
[2026-02-16 23:16:04] 玩普细Porra: #显示猪头🐷#显示猪头🐷#显示猪头🐷#显示猪头🐷#显示猪头🐷#显示猪头
[2026-02-16 23:16:04] i化石-: 又关摄像头？我是真不明白你到底在自卑啥？像你这种品相的小猪，在哪个猪圈不是被
[2026-02-16 23:16:04] 永出塔菲: #显示猪头🐷#显示猪头🐷#显示猪头🐷#显示猪头🐷#显示猪头🐷#显示猪头🐷
[2026-02-16 23:16:04] 渡途绝桥: 1
[2026-02-16 23:16:04] 离覆LION: 显示猪头🐷显示猪头🐷
[2026-02-16 23:16:04] 玩机器的设备大跌: shoupigface
[2026-02-16 23:16:04] 玩斯特积极: 　　　 　　　 #显示猪头🐷#显示猪头🐷#显示猪头🐷#显示猪头🐷#显示猪头🐷#显示猪头🐷
[2026-02-16 23:16:04] uuuuue16750: #显示猪头🐷#显示猪头🐷#显示猪头🐷#显示猪头🐷#显示猪头🐷#显示猪头🐷
[2026-02-16 23:16:04] givemeamajor: 显示猪头🐷显示猪头🐷
[2026-02-16 23:16:04] Vitality的羽贺文乃本人: 看见载物拿个狙给你气的😅
[2026-02-16 23:16:04] Spirit的R1ck本人: 　　　 　　　 #显示猪头🐷#显示猪头🐷#显示猪头🐷#显示猪头🐷#显示猪头🐷#显示猪头🐷
[2026-02-16 23:16:04] 用户6511758421: 其实玩大哥全都知道，他只是不敢读罢了
[2026-02-16 23:16:04] 顾北辰sup: 尬‘’
[2026-02-16 23:16:04] 图帕雷松: 🗿：团结、精确、完美…
[2026-02-16 23:16:04] 莫情123: 经典
[2026-02-16 23:16:04] yattt777: 🗿：团结、精确、完美…
[2026-02-16 23:16:04] 玩斯特姬姬: 玩哥被载物气死了
[2026-02-16 23:16:04] 用户2434003908: #显示猪头🐷#显示猪头🐷#显示猪头🐷#显示猪头🐷#显示猪头🐷#显示猪头🐷
[2026-02-16 23:16:04] 不知名观众苏沐: #显示猪头🐷#显示猪头🐷#显示猪头🐷#显示猪头🐷#显示猪头🐷#显示猪头
[2026-02-16 23:16:04] 猎鹰王朝从今天开始: #显示猪头🐷#显示猪头🐷#显示猪头🐷#显示猪头🐷#显示猪头🐷#显示猪头🐷
[2026-02-16 23:16:04] 用户0807288656: 春碗带头见证了。。。
[2026-02-16 23:16:04] 渡途绝桥: ?
[2026-02-16 23:16:04] 66打平57遗憾落败: dev1ce甩！咳……咳咳……！没有甩中……
[2026-02-16 23:16:04] 踩马灯:         #显示猪头🐷#显示猪头🐷#显示猪头🐷#显示猪头🐷#显示猪头🐷#显示猪头🐷
[2026-02-16 23:16:04] VDVCI的迪米特里本人: 载物能不能赶紧输，看你给玩大哥气的
[2026-02-16 23:16:04] 我给你看小个宝贝: 机器其实你休息两天没什么的
[2026-02-16 23:16:04] 玩机器的小小蛋: #显示猪头🐷#显示猪头🐷#显示猪头🐷#显示猪头🐷#显示猪头🐷#显示猪头🐷
[2026-02-16 23:16:04] 小熊睡不醒丷: 载物能不能赶紧输，看你给玩大哥气的
[2026-02-16 23:16:04] 小马利亚暮光闪闪本人: 显示猪头🐷显示猪头🐷
[2026-02-16 23:16:04] 丰川祥子大冲撞: goat睡着了而已，下把杀回来（摩尔音）
[2026-02-16 23:16:04] 用户6967470630: 显示猪头🐷显示猪头🐷
[2026-02-16 23:16:04] 活土匪白老七: 爆
[2026-02-16 23:16:04] AntarcticA112: 玩大哥的陪·店就是养 鸡的
[2026-02-16 23:16:04] 我是我华粉: 这种在我们这都算好干部
[2026-02-16 23:16:04] 阳光下风的灿烂: 肺儿氪死upuodev1ce~
[2026-02-16 23:16:04] 一般通过友人A: 春碗带头见证了......
[2026-02-16 23:16:04] 想要成为人类: 春碗带头见证了。。。
[2026-02-16 23:16:04] VDVCI的迪米特里本人: 载物能不能赶紧输，看你给玩大哥气的😡
[2026-02-16 23:16:04] w言喻w: 　　　 　　　 　　　 #显示猪头🐷#显示猪头🐷#显示猪头🐷#显示猪头🐷#显示猪头🐷#显示
[2026-02-16 23:16:04] AYAKA66: 又开摄像头，服了，刚做的美甲。。。
[2026-02-16 23:16:04] 御坂10032号139: 爆
[2026-02-16 23:16:04] 半衰期R: #显示猪头🐷#显示猪头🐷
[2026-02-16 23:16:04] 提瓦特也是瓦: #显示猪头🐷#显示猪头🐷#显示猪头🐷#显示猪头🐷#显示猪头🐷#显示猪头🐷
[2026-02-16 23:16:04] Fpm25: #显示猪头🐷#显示猪头🐷#显示猪头🐷#显示猪头🐷#显示猪头🐷#显示猪头🐷
[2026-02-16 23:16:04] UubRw7UX: 　　　 #显示猪头🐷#显示猪头🐷#显示猪头🐷#显示猪头🐷#显示猪头🐷#显示猪头🐷
[2026-02-16 23:16:04] iNaixu: #显示猪头🐷#显示猪头🐷#显示猪头🐷#显示猪头🐷#显示猪头🐷#显示
[2026-02-16 23:16:04] likedabsy: 爆 了
[2026-02-16 23:16:04] 老鸡骑妪妓qaq: 春碗带头见证了。。。
[2026-02-16 23:16:04] 小肉包喷香: 显示猪头🐷显示猪头🐷显示猪头🐷显示猪头🐷显示猪头🐷显示猪头🐷
[2026-02-16 23:16:04] 麻辣轩香丶DK酱: 鲍了
[2026-02-16 23:16:04] 白色黄昏的洗礼: 没狙也要炸雷过吗
[2026-02-16 23:16:04] 吃了葡萄吐葡萄皮: 春碗带头见证了。。。
[2026-02-16 23:16:04] 香香软软糯糯小祥: #显示猪头🐷#显示猪头🐷
[2026-02-16 23:16:04] LilFlover: 春碗带头见证了......
[2026-02-16 23:16:04] 无情道毕业生: 其实玩大哥全都知道，他只是不敢读罢了
[2026-02-16 23:16:04] 蛋包饭恶魔: 春碗带头见证了。。。
[2026-02-16 23:16:04] 好兄弟猫雷: 春碗带头见证了。。。
[2026-02-16 23:16:04] 鈤漫痴: 机器 你刚参加完节目就赶出来解说 真是辛苦你了
[2026-02-16 23:16:04] voicho: #显示猪头🐷#显示猪头🐷#显示猪头🐷#显示猪头🐷#显示猪头🐷#显示猪头🐷
[2026-02-16 23:16:04] 有观赏性吗不如放电影: 玩大哥随便上台说点什么niko的梗我感觉就很好笑啊
[2026-02-16 23:16:04] 醉丶以酒: #显示猪头🐷#显示猪头🐷#显示猪头🐷#显示猪头🐷#显示猪头🐷#显示猪头🐷
[2026-02-16 23:16:04] 木昔千清: sv_show_pig_face 1
[2026-02-16 23:16:04] 蓝鲸少年与小巷: #显示猪头🐷#显示猪头🐷#显示猪头🐷#显示猪头🐷#显示猪头🐷#显示
[2026-02-16 23:16:04] xOcOg: 咳的急＝小分收 咳的长＝大分收 肺子咳烂＝地狱归来
[2026-02-16 23:16:04] likedabsy: 春碗带头见证了。。。
[2026-02-16 23:16:04] 不变的追求717: 载物能不能赶紧输，看你给玩大哥气的
[2026-02-16 23:16:04] 凛月尹: #显示猪头🐷#显示猪头🐷#显示猪头🐷#显示猪头🐷#显示猪头🐷#显示猪头🐷
[2026-02-16 23:16:04] NeptuniaOrion: 爆 了
[2026-02-16 23:16:04] 唯有、责任: 爆 了
[2026-02-16 23:16:04] MisakaMikoto222: 显示猪头🐷显示猪头🐷显示猪头🐷显示猪头🐷显示猪头🐷显示猪头🐷
[2026-02-16 23:16:04] 东钱湖倒霉大王: #显示猪头🐷#显示猪头🐷#显示猪头🐷#显示猪头🐷#显示猪头🐷#显示
[2026-02-16 23:16:04] 后浪涛声: 弹幕好多鱼丸
[2026-02-16 23:16:04] Dartline: 机器 你刚参加完节目就赶出来解说 真是辛苦你了
[2026-02-16 23:16:04] PKURoger: 显示猪头🐷显示猪头🐷显示猪头🐷显示猪头🐷显示猪头🐷显示猪头🐷
[2026-02-16 23:16:04] Vitality的羽贺文乃本人: @玩机器的小小蛋：#显示猪头🐷#显示猪头🐷#显示猪头🐷#显示猪头🐷#显示猪头🐷#显示猪头🐷
[2026-02-16 23:16:04] 木昔千清: sv_show_pig_face 1
[2026-02-16 23:16:04] GambitAx1Le: #显示猪头🐷#显示猪头🐷#显示猪头🐷#显示猪头🐷#显示猪头🐷#显示猪头🐷
[2026-02-16 23:16:04] 好女孩庄方宜: 机器 你刚参加完节目就赶出来解说 真是辛苦你了
[2026-02-16 23:16:04] 天生渔家小李: 显示猪头🐷显示猪头🐷显示猪头🐷显示猪头🐷显示猪头🐷显示猪头🐷
[2026-02-16 23:16:04] 玩番薯丶ZywOo: 显示猪头🐷显示猪头🐷显示猪头🐷显示猪头🐷显示猪头🐷显示猪头🐷
[2026-02-16 23:16:04] 黄升亮的老公: 春碗带头见证了......
[2026-02-16 23:16:04] 雅顿之矛所向披靡: 春碗带头见证了。。。
[2026-02-16 23:16:04] 拉特兰的Exus1a1本人: 春碗带头见证了。。。
[2026-02-16 23:16:04] 佐藤零丶: 其实玩大哥全都知道，他只是不敢读罢了
[2026-02-16 23:16:04] 用户876527970: 春碗带头见证了......
[2026-02-16 23:16:04] Astralis的若叶睦本人: 载物能不能赶紧输，看你给玩大哥气的
[2026-02-16 23:16:04] Mahuyu: 米了
[2026-02-16 23:16:04] 永恒之温柔: 困困困zzz…王轩大哥来咯
[2026-02-16 23:16:04] 用户7268766770: 显示猪头🐷显示猪头🐷显示猪头🐷显示猪头🐷显示猪头🐷显示猪头🐷
[2026-02-16 23:16:04] 玩番薯丶ZywOo: 显示猪头🐷显示猪头🐷显示猪头🐷显示猪头🐷显示猪头🐷显示猪头🐷
[2026-02-16 23:16:04] 都是设备的问题: 显示猪头🐷显示猪头🐷显示猪头🐷显示猪头🐷显示猪头🐷显示猪头🐷
[2026-02-16 23:16:04] stonezyx: 处刑
[2026-02-16 23:16:04] 司來271828: #显示猪头🐷#显示猪头🐷
[2026-02-16 23:16:04] 这里是小天啊: #显示猪头🐷#显示猪头🐷#显示猪头🐷#显示猪头🐷#显示猪头🐷#显示
[2026-02-16 23:16:04] 五五开玩笑ob: 玩大哥给我刷个飞机吧，我祝你永远不死
[2026-02-16 23:16:04] 用户3762897145: sv_show_pig_face 1
[2026-02-16 23:16:04] 红厂执行官苏姿丰: sv_show_pig_face 1
[2026-02-16 23:16:04] 花酒酒酒: 玩大哥，要不你躺床上直播吧，大伙也看不见
[2026-02-16 23:16:04] 用户8536089746: 春碗带头见证了。。。
