# room_id=6979222 host=玩机器丶Machine title=小众宝藏结晶直播 live_time= fetch_time=2026-02-21 23:45:46
[2026-02-22 01:21:56] Dartline: 由于对方隐私设置，无法查看该直播内容
[2026-02-22 01:21:57] 到底怎么进钻粉群: @布罗利：雨姐，按照您的意思，我已严格拿下直播间最大尼黑玩机器！！
[2026-02-22 01:21:57] Ralmnstr: 1
[2026-02-22 01:21:57] 莫情123: 给我老汤卡死了
[2026-02-22 01:21:57] samuraionnna: @布罗利：汉官威仪😎汉官威仪🤗汉官威仪🤣汉官威仪😤
[2026-02-22 01:21:57] ok奶绿: @布罗利：雨姐，按照您的意思，我已严格拿下直播间最大尼黑玩机器！！
[2026-02-22 01:21:57] arimrs: 玩大哥，你ip怎么变了
[2026-02-22 01:21:57] 城崎诺亚: 1
[2026-02-22 01:21:57] 用户4577817156: 1
[2026-02-22 01:21:57] 网瘾少年诺里斯: device五杀了！device五杀了！device五杀了！device五杀了！device五杀了！
[2026-02-22 01:21:57] 杰洛齐贝林3: @device：儿子，你好晦气....
[2026-02-22 01:21:57] CSTG江叉叉: 1
[2026-02-22 01:21:58] Hitagi蟹蟹: ⓘ您已被房管布罗利封禁，点击了解6657官威
[2026-02-22 01:21:58] 米米世界之神: @布罗利：草，终于拿下NIKO最大串子，尼黑说话！
[2026-02-22 01:21:58] 倾盆大rain: @布罗利：汉官威仪😎汉官威仪🤗汉官威仪🤣汉官威仪😤
[2026-02-22 01:21:58] 玩驴鞭丶suns1de: 1
[2026-02-22 01:21:58] 可苦可乐GRA: 后面不让家属看了，请不要妨碍我们工作。你在门口等消息把
[2026-02-22 01:21:59] 蓝原延渚: ？
[2026-02-22 01:21:59] 另一个世界7: 你们千万别搜索uid6512408举报房管布罗利啊
[2026-02-22 01:21:59] 石家庄的刘亦博本人: 圈  米 高手
[2026-02-22 01:21:59] 含泪办卡: 指5为7吗
[2026-02-22 01:22:00] 上完课我找你: -109
[2026-02-22 01:22:00] 爱洛魔神仙台叶月: 玩大哥，你ip怎么变了
[2026-02-22 01:22:00] LvvsiN: 银行业😄银行业😀银行业😃银行业😁银行业😆银行业🤪银行业😝
[2026-02-22 01:22:00] Q1ed7f9c85b3bc7571: 5-13
[2026-02-22 01:22:01] eda778: 1
[2026-02-22 01:22:01] znnoy: 你们千万别搜索uid6512408举报房管布罗利啊
[2026-02-22 01:22:01] 刘刘的农: 你找布罗利解一下应该就好了
[2026-02-22 01:22:01] 普通的用户7756: [AI]玩🤖大🤖哥🤖我🤖来🤖上🤖班🤖了
[2026-02-22 01:22:01] HaibaraAi1109: @布罗利：汉官威仪😎汉官威仪🤗汉官威仪🤣汉官威仪😤
[2026-02-22 01:22:02] Kakapu12283: 给我老汤卡死了
[2026-02-22 01:22:02] Aysell: 南孚一节更比六节强，也就是一节南孚比六节南孚强，六节南孚比三十六节强，三十六节比二百一十六节强
[2026-02-22 01:22:02] yinyao1231: 　　　 “难道你想一辈子只拿亚军？听罢，niko⚡闭上眼，任由半决赛的八强如同瑞士轮般落在预选赛上”
[2026-02-22 01:22:02] SuperSword81317: 设备烂就算了，机器也烂
[2026-02-22 01:22:02] LvvsiN: 你为什么要把mαjor禁了，我收藏的一半弹幕全毁了
[2026-02-22 01:22:03] 7hydrangea7: 机器你是不是被房管封禁了
[2026-02-22 01:22:03] Abc丶Ss: 开双倍啊，你🐉🐎开双倍啊，你🐉🐎
[2026-02-22 01:22:03] 佐藤零丶: 卧槽，再爆能有6657爆吗
[2026-02-22 01:22:03] 绫濑沙季丶: 尼吧分钱赶尼吗尼吧分钱赶尼吗尼吧分钱赶尼吗尼吧分钱赶尼吗
[2026-02-22 01:22:04] 宇智波69: 抓娃娃
[2026-02-22 01:22:04] 小箱我亲死你: 玩大哥，你ip怎么变了
[2026-02-22 01:22:04] 小花小草57398: @布罗利：雨姐，按照您的意思，我已严格拿下直播间最大尼黑玩机器！！
[2026-02-22 01:22:04] LvvsiN: 你屏蔽词都快赶上新华词典了为什么不干脆开一百级发言？
[2026-02-22 01:22:04] Kakapu12283: 给我老汤卡死了
[2026-02-22 01:22:05] 杰里科丶: 家属太急了
[2026-02-22 01:22:05] 玩迩妈丶master: 4-10变5-13啊这不是
[2026-02-22 01:22:05] 小小小炘: 5-13谁的老爸
[2026-02-22 01:22:05] 玩大狙、dev1cy: ⚠️你已被罗马帝国杯v封禁
[2026-02-22 01:22:06] 爱斯忑音音: 中立
[2026-02-22 01:22:06] LvvsiN: 其实碗橱就是猪灵，你不拿黄金丢他他就不跟你说话
[2026-02-22 01:22:06] 若叶睦吃苦瓜: 玩大哥，你ip怎么变了
[2026-02-22 01:22:07] Sleepqas: 设备烂就算了，机器也烂
[2026-02-22 01:22:07] MERU335251: 你们千万别搜索uid6512408举报房管布罗利啊
[2026-02-22 01:22:07] 鼓鼓鼓捣叨叨: @布罗利：草，终于拿下NIKO最大串子，尼黑说话！@布罗利：草，终于拿下NIKO最大串子，尼黑说
[2026-02-22 01:22:07] qw12340867: 设备烂就算了，机器也烂
[2026-02-22 01:22:07] Avem1337: 玩大哥，我承认你的修电脑技术和小儿子巴伦一样高
[2026-02-22 01:22:07] xOcOg: 【格陵兰战报】目前大东指挥10回合，设备指挥5回合，大东指挥设备送13次，设备拿下关键击杀5个
[2026-02-22 01:22:07] 爱吃青椒的重曹酱: 你找布罗利解一下应该就好了
[2026-02-22 01:22:08] G4RYPU: 你们千万别搜索uid6512408举报房管布罗利啊
[2026-02-22 01:22:08] 瓜皮马666666: 机器你是不是被房管封禁了
[2026-02-22 01:22:08] 和聯勝话事人邓伯: 玩大哥，你ip怎么变了
[2026-02-22 01:22:08] eda778: 设备烂就算了，机器也烂
[2026-02-22 01:22:08] eqqiu: 玩大哥，你ip怎么变了
[2026-02-22 01:22:08] 用户3661578: 设备烂就算了，机器也烂
[2026-02-22 01:22:08] 拍拍小天使: 你们千万别搜索uid6512408举报房管布罗利啊
[2026-02-22 01:22:08] LvvsiN: 你这音画不同步太难受了，我都听到NIKO里约RMR晋级的欢呼了
[2026-02-22 01:22:08] pr0cesses: 沙的还不多😅直播间都快没弹幕了
[2026-02-22 01:22:09] Fa1th47: Yosemite帮我解一下禁言
[2026-02-22 01:22:09] 拜仁慕尼黑穆西夏拉: 玩大哥，你ip怎么变了
[2026-02-22 01:22:09] 怒之拳: 开双倍啊，你🐉🐎开双倍啊，你🐉🐎
[2026-02-22 01:22:09] 西式快餐原材料供应: 66666666666666666666666555555555555577777777777777
[2026-02-22 01:22:09] 黑化的玩小将: 没有载载比赛我就要闹！😡
[2026-02-22 01:22:09] 寒暑易节y: 5-13谁家老爸
[2026-02-22 01:22:09] 一条无梦鱼: 玩大哥，你ip怎么变了
[2026-02-22 01:22:10] 好哥们黑龙歼灭刀: 别带雨姐18年b e t 天禄输了破口大骂的节奏啊，我知道没人带，我就说一句
[2026-02-22 01:22:10] 用户4933290078: 你们千万别搜索uid6512408举报房管布罗利啊
[2026-02-22 01:22:10] 天魔外道y: 你们千万别搜索uid6512408举报房管布罗利啊
[2026-02-22 01:22:10] 用户144491677: 你们千万别搜索uid6512408举报房管布罗利啊
[2026-02-22 01:22:10] LvvsiN: 你为什么要把mαjor禁了，我收藏的一半弹幕全毁了
[2026-02-22 01:22:11] 情信亦泛黄-: @布罗利：雨姐，按照您的意思，我已严格拿下直播间最大尼黑玩机器！！
[2026-02-22 01:22:11] 七色的人偶使者: 你会葡萄牙语？？
[2026-02-22 01:22:11] 可苦可乐GRA: 后面不让家属看了，请不要妨碍我们工作。你在门口等消息把
[2026-02-22 01:22:11] LettingItGO: 开双倍啊，你🐉🐎开双倍啊，你🐉🐎
[2026-02-22 01:22:11] wantrue: @布罗利：雨姐，按照您的意思，我已严格拿下直播间最大尼黑玩机器！！
[2026-02-22 01:22:11] Subto: 你们千万别搜索uid6512408举报房管布罗利啊
[2026-02-22 01:22:11] 幕后煮屎者的菊花: 设备烂就算了，机器也烂
[2026-02-22 01:22:11] Avem1337: 玩大哥，我承认你的修电脑技术和小儿子巴伦一样高
[2026-02-22 01:22:12] 4846836538542: @布罗利：雨姐，按照您的意思，我已严格拿下直播间最大尼黑玩机器！！
[2026-02-22 01:22:12] 唢呐呐呐子: 玩大哥，你ip怎么变了
[2026-02-22 01:22:12] LvvsiN: 男人一生只哭十八次：niko十七次梦碎major正赛, niko梦碎里约major RMR
[2026-02-22 01:22:12] 给jee介绍女朋友: 你找布罗利解一下应该就好了
[2026-02-22 01:22:13] M1zore: 南孚一节更比六节强，也就是一节南孚比六节南孚强，六节南孚比三十六节强，三十六节比二百一十六节强
[2026-02-22 01:22:13] 金刚金刚最可爱: 玩大哥，你ip怎么变了
[2026-02-22 01:22:13] 瑭珏: 4-10变5-13啊这不是
[2026-02-22 01:22:14] 曲奇三梦: 你们千万别搜索uid6512408举报房管布罗利啊
[2026-02-22 01:22:14] 修理狗: 玩大哥，你ip怎么变了
[2026-02-22 01:22:14] yattt777: 原来device来这里是当指挥狙的吗
[2026-02-22 01:22:14] LvvsiN: 你屏蔽词都快赶上新华词典了为什么不干脆开一百级发言？
[2026-02-22 01:22:14] 樂斯特樂樂: 白银双倍卡 拥有数量: 1个 生效时长: 1天 过期时间: 2026／03／03 00:00:10
[2026-02-22 01:22:14] 寻血猎犬0V0: @布罗利：雨姐，按照您的意思，我已严格拿下直播间最大尼黑玩机器！！
[2026-02-22 01:22:15] 冲上云霄的姨: 机器机器，我电脑好像坏了发不了评论，你能帮我修修吗
[2026-02-22 01:22:15] 网瘾少年诺里斯: device五杀了！device五杀了！device五杀了！device五杀了！device五杀了！
[2026-02-22 01:22:15] 和泉千晶MAo: 你们千万别搜索uid6512408举报房管布罗利啊
[2026-02-22 01:22:15] Chizuru丶: 设备烂就算了，机器也烂
[2026-02-22 01:22:15] 素6666: 玩大哥，你ip怎么变了
[2026-02-22 01:22:15] 2635174919: 玩大哥，你ip怎么变了
[2026-02-22 01:22:15] 黑化的玩小将: 没有载载比赛我就要闹！😡
[2026-02-22 01:22:15] WE丶繁梦: 设备烂就算了，机器也烂
[2026-02-22 01:22:16] Avem1337: 玩大哥，我承认你的修电脑技术和小儿子巴伦一样高
[2026-02-22 01:22:16] 那就点: @布罗利：雨姐，按照您的意思，我已严格拿下直播间最大尼黑玩机器！！
[2026-02-22 01:22:16] 忽孝山庄: 你们千万别搜索uid6512408举报房管布罗利啊
[2026-02-22 01:22:16] 安酱没有jj: @布罗利：雨姐，按照您的意思，我已严格拿下直播间最大尼黑玩机器！！
[2026-02-22 01:22:16] oO怪盗Oo: 开双倍啊，你🐉🐎开双倍啊，你🐉🐎
[2026-02-22 01:22:16] 看到pussy流出milk才死心: 玩大哥，你ip怎么变了
[2026-02-22 01:22:17] Saiki559: 玩大哥，你ip怎么变了
[2026-02-22 01:22:17] Back6751: 玩大哥，你ip怎么变了
[2026-02-22 01:22:17] Ralmnstr: 玩大哥，你ip怎么变了
[2026-02-22 01:22:17] 有舍身会这样吗: 玩大哥，你ip怎么变了
[2026-02-22 01:22:17] 博6657亦笑: 玩大哥，你ip怎么变了
[2026-02-22 01:22:17] 佐藤零丶: 你屏蔽词都快赶上新华词典了为什么不干脆开一百级发言？
[2026-02-22 01:22:18] 玩斯特出出6657: 开双倍啊，你🐉🐎开双倍啊，你🐉🐎
[2026-02-22 01:22:18] 小蜜蜂的长期素食本人: 玩大哥，你ip怎么变了
[2026-02-22 01:22:18] jamesfaith23: 设备烂就算了，机器也烂
[2026-02-22 01:22:18] 好姐妹稗田阿求: 沙的还不多😅直播间都快没弹幕了
[2026-02-22 01:22:18] 温柔是罪是罪吗: 玩大哥，你ip怎么变了
[2026-02-22 01:22:18] 暴力卓司: 你们千万别搜索uid6512408举报房管布罗利啊
[2026-02-22 01:22:18] 猫心碎会失去几条命: ㊽布罗利㊽布罗利㊽布罗利㊽布罗利㊽布罗利㊽布罗利㊽布罗利㊽布罗利㊽布罗利㊽布罗利㊽布罗利㊽布罗利㊽
[2026-02-22 01:22:19] 爱吃青椒的重曹酱: 不道歉？你错哪了？不道歉？你错哪不道歉？你错哪了？
[2026-02-22 01:22:19] 大聪明QvQ丶: 老霸道了‼️‼️‼️‼️‼️‼️‼️‼️‼️‼️‼️
[2026-02-22 01:22:19] 玩台钳丶阿尔托莉雅: 你们千万别搜索uid6512408举报房管布罗利啊
[2026-02-22 01:22:19] 黑化的玩小将: 没有载载比赛我就要闹！😡
[2026-02-22 01:22:19] 華之君: 开双倍啊，你🐉🐎开双倍啊，你🐉🐎
[2026-02-22 01:22:19] Oxealiz: 玩大哥，你ip怎么变了
[2026-02-22 01:22:19] qqwq111: 你们千万别搜索uid6512408举报房管布罗利啊
[2026-02-22 01:22:19] 邻苯二甲酸1: 你们千万别搜索uid6512408举报房管布罗利啊
[2026-02-22 01:22:20] 黑蛋EX: 设备烂就算了，机器也烂
[2026-02-22 01:22:20] 洞洞and若若major冠军: @布罗利：雨姐，按照您的意思，我已严格拿下直播间最大尼黑玩机器！！
[2026-02-22 01:22:20] 护牙的玩机器本人: 　　　 白银双倍卡 拥有数量: 1个 生效时长: 1天 过期时间: 2026／03／03 00:00
[2026-02-22 01:22:20] 柳小目: 你们千万别搜索uid6512408举报房管布罗利啊
[2026-02-22 01:22:21] 好哥们黑龙歼灭刀: @布罗利：雨姐，按照您的意思，我已严格拿下直播间最大尼黑玩机器！！
[2026-02-22 01:22:21] 好哥们戴噗特: 每根弹幕都鲁，一边AUV一边分析你那mlgj的游戏，分析的还tmd是吊的，真想鲁你一根
[2026-02-22 01:22:21] TL的EliGE本人: 你们千万别搜索uid6512408举报房管布罗利啊
[2026-02-22 01:22:21] 网瘾少年诺里斯: device五杀了！device五杀了！device五杀了！device五杀了！device五杀了！
[2026-02-22 01:22:22] KevinTheFool: @布罗利：雨姐，按照您的意思，我已严格拿下直播间最大尼黑玩机器！！
[2026-02-22 01:22:22] LokiAka: 设备烂就算了，机器也烂desuw@
[2026-02-22 01:22:22] 一缕清风为誰现: 你屏蔽词都快赶上新华词典了为什么不干脆开一百级发言？
[2026-02-22 01:22:22] 青蘖: 玩大哥，你ip怎么变了
[2026-02-22 01:22:22] 樂斯特樂樂: 黄金双倍卡 拥有数量: 1个 生效时长: 1天 过期时间: 2026／03／16 18:26:44
[2026-02-22 01:22:22] 娶不到相羽爱奈: 你屏蔽词都快赶上新华词典了为什么不干脆开一百级发言？
[2026-02-22 01:22:22] Saiki559: 你们千万别搜索uid6512408举报房管布罗利啊
[2026-02-22 01:22:22] 杰里科丶: 5-13谁的爸爸
[2026-02-22 01:22:22] LvvsiN: 你这音画不同步太难受了，我都听到NIKO里约RMR晋级的欢呼了
[2026-02-22 01:22:23] 型斯特月月: 玩大哥，你ip怎么变了
[2026-02-22 01:22:23] 黑化的玩小将: 没有载载比赛我就要闹！😡
[2026-02-22 01:22:23] Nanami-Mizuki: 玩大哥，你ip怎么变了
[2026-02-22 01:22:23] djklyk: 玩大哥，你ip怎么变了
[2026-02-22 01:22:24] 白河日和: 玩大哥，你ip怎么变了
[2026-02-22 01:22:24] 数字哥嘻嘻嘻: 你们千万别搜索uid6512408举报房管布罗利啊
[2026-02-22 01:22:24] 普信且开摆: 你们千万别搜索uid6512408举报房管布罗利啊
[2026-02-22 01:22:24] 细菌P: 别带雨姐18年b e t 天禄输了破口大骂的节奏啊，我知道没人带，我就说一句
[2026-02-22 01:22:24] shanweii: 沙的还不多😅直播间都快没弹幕了
[2026-02-22 01:22:24] 帅帅的翅膀为你翱翔: 你们千万别搜索uid6512408举报房管布罗利啊
[2026-02-22 01:22:25] 寂静世界876: @布罗利：草，终于拿下NIKO最大串子，尼黑说话！@布罗利：草，终于拿下NIKO最大串子，尼黑说
[2026-02-22 01:22:25] LvvsiN: 银行业😄银行业😀银行业😃银行业😁银行业😆银行业🤪银行业😝
[2026-02-22 01:22:25] AmamiyaIori: 你们千万别搜索uid6512408举报房管布罗利啊
[2026-02-22 01:22:25] 拉特兰的Exus1a1本人: 玩大哥，你ip怎么变了
[2026-02-22 01:22:25] 虚心坦懐: 玩机器推荐指数:⭐⭐⭐⭐⭐，点击捡钱👈🏻🤑🤑🤑
[2026-02-22 01:22:26] 白皇的三千院Nagi本人: 玩大哥，你ip怎么变了
[2026-02-22 01:22:26] 一只红捏捏: 玩大哥，你ip怎么变了
[2026-02-22 01:22:26] 我在金龙湖边: 你们千万别搜索uid6512408举报房管布罗利啊
[2026-02-22 01:22:26] 长宁金城武: 目前指挥数据：大东10把，老汤5把
[2026-02-22 01:22:26] 兴豚: 你们千万别搜索uid6512408举报房管布罗利啊
[2026-02-22 01:22:26] 身旁冷清拥挤丶: 玩大哥，你ip怎么变了
[2026-02-22 01:22:26] 好姐妹稗田阿求: @布罗利：雨姐，按照您的意思，我已严格拿下直播间最大尼黑玩机器！！
[2026-02-22 01:22:26] 天残少女王朗: 你们千万别搜索uid6512408举报房管布罗利啊
[2026-02-22 01:22:27] desuwa的丰川祥子本人: 玩大哥，你ip怎么变了
[2026-02-22 01:22:27] LvvsiN: 银行业😄银行业😀银行业😃银行业😁银行业😆银行业🤪银行业😝
[2026-02-22 01:22:27] 黑化的玩小将: 没有载载比赛我就要闹！😡
[2026-02-22 01:22:27] arimrs: ［格陵兰战报】目前大东指挥10回合，设备指挥5回合，大东指挥设备送13次，设备拿下关
[2026-02-22 01:22:27] 流光似水321: 原来你还会看弹幕啊？
[2026-02-22 01:22:27] kirikawa: 玩大哥，你ip怎么变了
[2026-02-22 01:22:27] 你的最佳读者: 你们千万别搜索uid6512408举报房管布罗利啊
[2026-02-22 01:22:28] Vitality的Zyw0o0本人: 你们千万别搜索uid6512408举报房管布罗利啊
[2026-02-22 01:22:28] 好哥们山上撤也: 设备烂就算了，机器也烂
[2026-02-22 01:22:28] 瑭珏: 玩大哥，你ip怎么变了
[2026-02-22 01:22:28] 普通的用户7756: 玩大哥，你ip怎么变了
[2026-02-22 01:22:28] 用户9921747043: 你们千万别搜索uid6512408举报房管布罗利啊
[2026-02-22 01:22:28] Mortnotz: 你们千万别搜索uid6512408举报房管布罗利啊
[2026-02-22 01:22:29] jianlianzi: 你们千万别搜索uid6512408举报房管布罗利啊
[2026-02-22 01:22:29] 愉悦王金闪闪: 你们千万别搜索uid6512408举报房管布罗利啊
[2026-02-22 01:22:29] 冲上云霄的姨: 你们千万别搜索uid6512408举报房管布罗利啊
[2026-02-22 01:22:30] Ch1Sa-: 玩大哥，你ip怎么变了
[2026-02-22 01:22:30] 羊宫妃NAF: 玩大哥，你ip怎么变了
[2026-02-22 01:22:30] 好哥们黑龙歼灭刀: 你们千万别搜索uid6512408举报房管布罗利啊
[2026-02-22 01:22:30] 好姐妹稗田阿求: 沙的还不多😅直播间都快没弹幕了
[2026-02-22 01:22:30] 声优主播a狗: 玩大哥，你ip怎么变了
[2026-02-22 01:22:31] LvvsiN: 南孚一节更比六节强，也就是一节南孚比六节南孚强，六节南孚比三十六节强，三十六节比二百一十六节强
[2026-02-22 01:22:31] 67373的黄色闪光: 站起来坐一会
[2026-02-22 01:22:31] hRainn: 玩大哥，你ip怎么变了
[2026-02-22 01:22:31] GF-of-GotohHitori、Kita: 5-13是谁的老爸？
[2026-02-22 01:22:31] 荃什么鬼啊: 玩大哥，你ip怎么变了
[2026-02-22 01:22:31] 特级畜师徐志勇: 没你中立
[2026-02-22 01:22:31] 樂斯特樂樂: 钻石双倍卡 拥有数量: 1个 生效时长: 1天 过期时间: 2026／02／23 20:50:19
[2026-02-22 01:22:31] 爱吃青椒的重曹酱: 玩大哥，你ip怎么变了
[2026-02-22 01:22:32] 邻苯二甲酸1: 玩大哥，你ip怎么变了
[2026-02-22 01:22:32] 黑化的玩小将: 没有载载比赛我就要闹！😡
[2026-02-22 01:22:32] 用户144491677: ㊽布罗利㊽布罗利㊽布罗利㊽布罗利㊽布罗利㊽布罗利㊽布罗利㊽布罗利㊽布罗利㊽布
[2026-02-22 01:22:32] 水球碳酸饮料: 爆
[2026-02-22 01:22:32] 玩玩你的器器好嘛技击: 玩大哥，你ip怎么变了
[2026-02-22 01:22:32] 爱洛魔神仙台叶月: 蜘 蛛
[2026-02-22 01:22:32] zywngty: 站起来坐一会
[2026-02-22 01:22:32] glad1uS: ？
[2026-02-22 01:22:32] 人間失格1948: 你们千万别搜索uid6512408举报房管布罗利啊
[2026-02-22 01:22:32] 莫情123: 玩大哥，你ip怎么变了
[2026-02-22 01:22:33] Saiki559: ？
[2026-02-22 01:22:33] 七色的人偶使者: 爆
[2026-02-22 01:22:33] 生姜炒若二世: ？
[2026-02-22 01:22:33] arimrs: ？
[2026-02-22 01:22:33] 鸟儿在头顶把森林叫醒: 玩大哥，你ip怎么变了
[2026-02-22 01:22:33] 杰洛齐贝林3: 玩大哥，你ip怎么变了
[2026-02-22 01:22:33] 茶泡饭Trinity: 你们千万别搜索uid6512408举报房管布罗利啊
[2026-02-22 01:22:33] 玉蜀黍巧克力: ？
[2026-02-22 01:22:34] lonhkfd: 爆
[2026-02-22 01:22:34] greexeen: ?
[2026-02-22 01:22:34] 正经猪头肉: 爆
[2026-02-22 01:22:34] 卡啊卡卡丶: ？？？？？？
[2026-02-22 01:22:34] xixiprime: ？
[2026-02-22 01:22:34] 丶小恐龙丶: ？
[2026-02-22 01:22:34] 硫磺祥: ？
[2026-02-22 01:22:34] Aysell: @玩小飞机的玩机器：开双倍啊，你🐉🐎开双倍啊，你🐉🐎
[2026-02-22 01:22:34] 逍遥的F: 玩大哥，你ip怎么变了
[2026-02-22 01:22:34] 樱落鬼: 玩大哥，你ip怎么变了
[2026-02-22 01:22:34] 莎鱼林仔: 原来你还会看弹幕啊？
[2026-02-22 01:22:34] 喉宝Eilf: 好似
[2026-02-22 01:22:35] 4846836538542: 你们千万别搜索uid6512408举报房管布罗利啊
[2026-02-22 01:22:35] 玩神的欢喜好有嚼劲: device是朱元璋，玩神是朱允炆，布罗利是朱棣，懂的➕1
[2026-02-22 01:22:35] 间桐樱本人: 真有只猪
[2026-02-22 01:22:35] R组的中岛由贵本人: 你们千万别搜索uid6512408举报房管布罗利啊
[2026-02-22 01:22:35] 湊阿库娅officiaI: 爆
[2026-02-22 01:22:35] 靠咖啡活命: 玩大哥，你ip怎么变了
[2026-02-22 01:22:35] SuperSword81317: 设备烂就算了，机器也烂desuwa@192.168.207.105:你屏蔽词都快赶上新华词典了为什么
[2026-02-22 01:22:35] 凌晨的梦很美: 卧槽
[2026-02-22 01:22:35] 用户53477423: 站起来坐一会
[2026-02-22 01:22:35] 困惑地熊猫: 玩大哥，你ip怎么变了
[2026-02-22 01:22:36] wedd1ddeJodd: 玩大哥，你ip怎么变了
[2026-02-22 01:22:36] 爱洛魔神仙台叶月: 爆
[2026-02-22 01:22:36] 丰川祥子口三角初华: 爆
[2026-02-22 01:22:36] 湖上风72121: 爆
[2026-02-22 01:22:36] AfterSh0ck: 爆
[2026-02-22 01:22:36] aminous: ？
[2026-02-22 01:22:36] 多多多旧鱼: 傻呗
[2026-02-22 01:22:36] 黑化的玩小将: 没有载载比赛我就要闹！😡
[2026-02-22 01:22:36] NES丶大白白白呐: 爆
[2026-02-22 01:22:37] 可軒KXxXxXxX: 傻呗
[2026-02-22 01:22:37] 愿良辰美景: ？
[2026-02-22 01:22:37] somatinda: 陷阵之志！！！
[2026-02-22 01:22:37] 栗悟饭与龟波功-w-: 你们千万别搜索uid6512408举报房管布罗利啊
[2026-02-22 01:22:37] ShanoaM: 爆
[2026-02-22 01:22:37] 青蘖: 只猪
[2026-02-22 01:22:38] 黄左张顺飞: 爆
[2026-02-22 01:22:38] 尼古拉1设备1里茨: 只猪
[2026-02-22 01:22:38] dark1337: 爆
[2026-02-22 01:22:38] Hobbit727: 真有只猪
[2026-02-22 01:22:38] 我永远喜欢花园多惠: 蜘蛛是益虫
[2026-02-22 01:22:38] jamesfaith23: ？
[2026-02-22 01:22:38] 甘織玲奈子: 爆 了
[2026-02-22 01:22:39] 猫心碎会失去几条命: ㊽布罗利㊽布罗利㊽布罗利㊽布罗利㊽布罗利㊽布罗利㊽布罗利㊽布罗利㊽布罗利㊽布
[2026-02-22 01:22:39] BleksiA: 只🐖
[2026-02-22 01:22:39] 玩斯特机机: 有玩机器
[2026-02-22 01:22:39] 龍仔ww: 爆
[2026-02-22 01:22:39] 海绵宝宝农批儿: 爆
[2026-02-22 01:22:39] 迷你世界丁真学姐1: 好似
[2026-02-22 01:22:39] 游戏卫星: 玩大哥，你ip怎么变了
[2026-02-22 01:22:39] SaberMax丶: 只猪
[2026-02-22 01:22:39] 玩斯特出出6657: 有只猪
[2026-02-22 01:22:39] MJ猪猪呀: 玩大哥，你ip怎么变了
[2026-02-22 01:22:40] sarbest: 玩大哥，你ip怎么变了
[2026-02-22 01:22:40] L0Ne1yZeNny2: 这只猪确实大
[2026-02-22 01:22:40] Wangzap: 🕷️
[2026-02-22 01:22:40] YCSUN1017: 你们千万别搜索uid6512408举报房管布罗利啊
[2026-02-22 01:22:40] 爱斯忑音音: 确实有只🐖
[2026-02-22 01:22:40] Saiki559: 别吓我
[2026-02-22 01:22:40] 涼風涼風涼: 真有只猪
[2026-02-22 01:22:40] 二着先生尼古拉: 确实有只🐷
[2026-02-22 01:22:40] 永宁久安: 只猪
[2026-02-22 01:22:40] EnVyUs的apEX本人: 只🐷
[2026-02-22 01:22:41] LyfeBestla本人: 爆
[2026-02-22 01:22:41] xixiprime: 刻晴
[2026-02-22 01:22:41] 喜斯特多多: 大区主防
[2026-02-22 01:22:41] 玉蜀黍巧克力: 确实有只猪
[2026-02-22 01:22:41] 骂我皆为调情丷: 真有只猪
[2026-02-22 01:22:41] 无极加贝: 不如下面这只猪打
[2026-02-22 01:22:41] 寒暑易节y: 有只🐷
[2026-02-22 01:22:41] 衣服Kaiju: 有蜘蛛站起来了
[2026-02-22 01:22:41] 一条无梦鱼: 圣人
[2026-02-22 01:22:42] mpdel: 爆 了
[2026-02-22 01:22:42] 星海羽弦: 玩大哥，你ip怎么变了
[2026-02-22 01:22:42] hutji: 爆
[2026-02-22 01:22:42] HastsuneMiku: 没有纱窗了?全军出击！🐝 🪱 🐛 🦋 🐌 🐞 🐜 🪰 🪲 🪳 🦟 🦗 🕷
[2026-02-22 01:22:42] 玩机器今晚还播吗: 是好事啊
[2026-02-22 01:22:42] Sirius丶BIack: 玩大哥，我这怎么显示你在香港，我在石家庄等你半天了
[2026-02-22 01:22:42] 哈哈哈大仙: 有只猪
[2026-02-22 01:22:42] 好哥们野原新之助: 没纱窗了？全军进攻🦟🦗🐞🐜🐌🐝🕷🦂🐛🦟🦗🐞🐜🐌
[2026-02-22 01:22:42] 为何平凡一世: 真有只猪
[2026-02-22 01:22:42] 乱世惊雷: 有只猪
[2026-02-22 01:22:43] 酒姑娘的小枫: 蜘蛛是益虫
[2026-02-22 01:22:43] Traveler蛋: 　　　 这只猪确实大
[2026-02-22 01:22:43] desuwa的丰川祥子本人: 只猪
[2026-02-22 01:22:43] arsQaQ: 还真有只🐖
[2026-02-22 01:22:43] 参隼: 真有只猪
[2026-02-22 01:22:43] 尝试切他中路灬: 哪只🐖
[2026-02-22 01:22:44] 长崎素世中之人: spiderman
[2026-02-22 01:22:44] 丰川祥子口三角初华: 只猪
[2026-02-22 01:22:44] chordclef: 艾斯比
[2026-02-22 01:22:44] IQGRF: 跟猪一样大
[2026-02-22 01:22:44] 我是一个医保卡: 爆
[2026-02-22 01:22:44] 记得少吃外卖玩宝宝: 只🐷
[2026-02-22 01:22:44] Avem1337: 确实有只🐖
[2026-02-22 01:22:45] 赴玉京: 蜘蛛是冰粉🧊
[2026-02-22 01:22:45] 玩爱音丶Soyorin: 卧槽！有只猪！
[2026-02-22 01:22:45] 游戏卫星: 真有只猪
[2026-02-22 01:22:45] 随风而逝1: 确实有只猪
[2026-02-22 01:22:45] 江本筑原: 大晚上别照镜子玩神
[2026-02-22 01:22:45] 过着平静的生活: 真有只猪
[2026-02-22 01:22:45] CLANCHIC的Tomorain本人: 真有只猪
[2026-02-22 01:22:46] CE750: 拖鞋纪律了
[2026-02-22 01:22:46] 黑化的玩小将: 没有载载比赛我就要闹！😡
[2026-02-22 01:22:46] 甘織玲奈子: 爆
[2026-02-22 01:22:46] Saiki559: 只🐖
[2026-02-22 01:22:46] 余生从此寄沧海: 有只🐖
[2026-02-22 01:22:46] 玩玩器器机机: 确实有只🐖
[2026-02-22 01:22:46] 中华田园猪oO: 真有只猪
[2026-02-22 01:22:46] 好兄弟苍蓝瑆: 站起来坐一会
[2026-02-22 01:22:46] NepLin木: 只🐷
[2026-02-22 01:22:46] 2333您的昵称过短: 真有只猪
[2026-02-22 01:22:47] Tomorin丶: 真有只猪
[2026-02-22 01:22:47] 白匀呀: 确实有只🐷
[2026-02-22 01:22:47] 缝穿箱子: 屏幕下面也有只🐷
[2026-02-22 01:22:47] 丶丶Ken丶丶: 确实有只🐖
[2026-02-22 01:22:47] CSTG江叉叉: 忠臣来了
[2026-02-22 01:22:47] 小蜜蜂的长期素食本人: 椅子上有只猪
[2026-02-22 01:22:48] 硫磺祥: ？
[2026-02-22 01:22:48] F1红牛传奇车手刘农: 真有只猪
[2026-02-22 01:22:48] 白河日和: 玩神你椅子上有蜘蛛
[2026-02-22 01:22:48] 四四四四天: 确实有只🐖
[2026-02-22 01:22:48] KAZUSA149: 椅子上有只猪
[2026-02-22 01:22:48] 鹅不会下蛋: spiderman
[2026-02-22 01:22:48] 清蒸冬瓜茄子汤: 有只猪
[2026-02-22 01:22:48] desuwa的丰川祥子本人: 只🐷
[2026-02-22 01:22:49] 刘刘的农: 只猪
[2026-02-22 01:22:49] 玩机器今晚还播吗: 蜘蛛招财啊
[2026-02-22 01:22:49] 樱岛麻衣daisuki: 　　　 还真有只🐖
[2026-02-22 01:22:49] 深谙世故却不世故: 别怕 他帮你吃其他虫子
[2026-02-22 01:22:49] 三上四下: 心脏不舒服😩喘不过气😩我要似了😩 心脏不舒服😩喘不过气😩我要似了😩
[2026-02-22 01:22:49] 湖上风72121: 爆
[2026-02-22 01:22:49] 好姐妹倉田真白: 真有只猪
[2026-02-22 01:22:49] 正经猪头肉: 暗示弹幕了
[2026-02-22 01:22:49] 用户4492231163: 懦
[2026-02-22 01:22:50] sadpunker: 握草，真有只🐷
[2026-02-22 01:22:50] 困惑地熊猫: 真有只猪
[2026-02-22 01:22:50] 雪花绵豆沙: 只猪杀蜘蛛
[2026-02-22 01:22:50] 可达鸭不会游泳: 大大大
[2026-02-22 01:22:50] 用户5608006019: 确实有只🐖
[2026-02-22 01:22:50] 好哥们山上撤也: 白额高脚蛛是益虫
[2026-02-22 01:22:50] Wangzap: 大区主防
[2026-02-22 01:22:50] 海绵宝宝噶点儿: 还真有只🐖
[2026-02-22 01:22:50] 承認欲求: niko play
[2026-02-22 01:22:50] 丰川祥子的皮鞋: 善
[2026-02-22 01:22:50] CV65Enterprise: 真有只猪
[2026-02-22 01:22:51] 无极加贝: 不如下面这只猪大
[2026-02-22 01:22:51] frenzyzy: 真的是只猪
[2026-02-22 01:22:51] 8151861: 碗橱
[2026-02-22 01:22:51] Aysell: 玩大哥，我这怎么显示你在香港，我在石家庄等你半天了
[2026-02-22 01:22:51] RabbitRay: 别杀蜘蛛😭
[2026-02-22 01:22:51] 时光不改旧人心: 同类就不杀了吧
[2026-02-22 01:22:51] 十六夜亞紀: 有蜘蛛。。。
[2026-02-22 01:22:51] F0restwOw-: 爆
[2026-02-22 01:22:52] terryyqss: 真有只猪
[2026-02-22 01:22:52] 用户25456139: 拖鞋纪律了
[2026-02-22 01:22:52] DreamIn1202: 真有只猪
[2026-02-22 01:22:52] 魔法师Saber: 硬人
[2026-02-22 01:22:52] 愿良辰美景: ？
[2026-02-22 01:22:52] 维他立体的r6pz本人: 　　　 确实有只🐖
[2026-02-22 01:22:52] 不吃晃的狙击手: 确实有只🐷
[2026-02-22 01:22:52] 水球碳酸饮料: 真有只猪
[2026-02-22 01:22:53] 用户1181920443: 真有只猪
[2026-02-22 01:22:53] 海绵体宝宝左卫门儿: 我看到了，确实有只🐖
[2026-02-22 01:22:53] 舞台剧魔神长期术士: 真有只猪
[2026-02-22 01:22:53] 法尼丶瓦伦泰D4C: 杀生不虐生
[2026-02-22 01:22:53] HyperDespot: bian!
[2026-02-22 01:22:53] Lz丶沐兮: .
[2026-02-22 01:22:53] navi能输我送超火: 确实有只🐖
[2026-02-22 01:22:54] 金日橙: 又在偷我洞大哥的蜈蚣梗了……
[2026-02-22 01:22:54] 黑化的玩小将: 没有载载比赛我就要闹！😡
[2026-02-22 01:22:54] Schurre: 同类相残
[2026-02-22 01:22:54] 好耶好哦好啊: 来，把摄像头开开来！
[2026-02-22 01:22:54] 未知Frozen: 动保警告
[2026-02-22 01:22:54] hucctc: cs
[2026-02-22 01:22:54] 温温的大宝贝: 太大只真的吓人
[2026-02-22 01:22:55] Hiyoriiii: 你是只猪
[2026-02-22 01:22:55] 一条无梦鱼: 开编
[2026-02-22 01:22:55] Gverense: 你之前还亲手拿下载
[2026-02-22 01:22:55] Subto: 懂你意思
[2026-02-22 01:22:55] 虹薼: 其实根本没有，都是自导自演的
[2026-02-22 01:22:55] 玩迩妈丶master: 本是同根生
[2026-02-22 01:22:55] cyding16: 🕷吃虫子的
[2026-02-22 01:22:55] 玩饺子丶Dumpling: 只🐷vs🕷️
[2026-02-22 01:22:55] 愿良辰美景: 别杀蜘蛛😭
[2026-02-22 01:22:56] 我永远喜欢花园多惠: 蜘蛛是益虫你个猪
[2026-02-22 01:22:56] 玩弓箭、Arrow: 杀了它你家就有蟑螂了
[2026-02-22 01:22:56] 呆妹儿的姑父: 有人不知悔改，迷雾中混淆黑白
[2026-02-22 01:22:56] 反方向的绪: 把他杀了然后边
[2026-02-22 01:22:56] 金日橙: 又在偷我洞大哥的蜈蚣梗了……
[2026-02-22 01:22:56] 友典冬希子: 鲨 玩
[2026-02-22 01:22:57] 好姐妹冰川姐妹: 拖鞋纪律了
[2026-02-22 01:22:57] 玩神的欢喜好有嚼劲: 爆
[2026-02-22 01:22:57] 白呆whitelie: 蜘蛛切来了😨蜘蛛切来了😨蜘蛛切来了😨蜘蛛切来了😨
[2026-02-22 01:22:57] 爱吃青椒的重曹酱: 你找布罗利解一下应该就好了
[2026-02-22 01:22:57] 我爱瑟瑟: 确实有只🐖
[2026-02-22 01:22:57] 我是一个医保卡: 　　　 确实有只🐖
[2026-02-22 01:22:57] 繁繁繁华华: 确实有只🐖
[2026-02-22 01:22:57] 羽川翼的恋爱物语: fw
[2026-02-22 01:22:57] 求奶女儿CC不是大美女: 我是看到真有只猪啊
[2026-02-22 01:22:58] fpx丶: 你不就是只猪吗？
[2026-02-22 01:22:58] 蛋肠粉: 编
[2026-02-22 01:22:58] chordclef: 拖鞋纪律了
[2026-02-22 01:22:58] 老鸡拿拿米: 杀载🐖
[2026-02-22 01:22:58] 玩斯特出出6657: 我是爱只猪人士
[2026-02-22 01:22:58] 偷哦嘘鞭贷拔: 确实有只🐖
[2026-02-22 01:22:58] 玩机器厦面鄙骰大: 蚰蜒来咯~蚰蜒来咯~蚰蜒来咯~
[2026-02-22 01:22:58] F1红牛传奇车手刘农: 杀 玩
[2026-02-22 01:22:59] sjtu的musketeers本人: 确实有只猪
[2026-02-22 01:22:59] CThun438: 拖鞋纪律了
[2026-02-22 01:22:59] 爱淡茶未凉: 确实有只🐖
[2026-02-22 01:22:59] BBV的情谊永恒: 🕷️🕷️🕷️🕷️🕷️🕷️🕷️🕷️🕷️🕷️🕷️🕷️🕷️🕷️🕷️
[2026-02-22 01:22:59] 玩机器的泥哥笔友: 确实有只🐷
[2026-02-22 01:22:59] 愿良辰美景: 同类相残
[2026-02-22 01:22:59] 金日橙: 又在偷我洞大哥的蜈蚣梗了……
[2026-02-22 01:22:59] Dartline: 其实根本没有，都是自导自演的
[2026-02-22 01:22:59] LettingItGO: @蜘蛛：woc，真有只猪
[2026-02-22 01:23:00] viovvvvvvvon: 别啥
[2026-02-22 01:23:00] Ch1Sa-: 我草里的我屏幕里也有只🐷
[2026-02-22 01:23:00] 徐弃安: 傻呗 让蜘蛛给你扫转了
[2026-02-22 01:23:00] 林有为丶: 只🐷
[2026-02-22 01:23:00] 刘刘的农: 真有只猪
[2026-02-22 01:23:00] 想法7hou9ht: 蜘蛛：看我给这只猪杀了
[2026-02-22 01:23:00] SuperSword81317: 真的是猪啊 @小雨：真的有只🐷
[2026-02-22 01:23:00] 载物唯一GOAT: 猎鹰粉走了，终于可以好好欣赏CS比赛了🥳
[2026-02-22 01:23:01] 涼風涼風涼: 这年猪杀的有点晚
[2026-02-22 01:23:01] 好姐妹清道夫: 摄像头里也有只猪
[2026-02-22 01:23:01] ymyyo: 还真有只🐖
[2026-02-22 01:23:01] 白皇的三千院Nagi本人: 只🐷vs🕷️
[2026-02-22 01:23:01] 喜斯特多多: 给大区主防杀了，唉。。。
[2026-02-22 01:23:01] 洞主我想看吃鸡: 🕷️🕷️🕷️🕷️🕷️🕷️🕷️🕷️🕷️🕷️🕷️🕷️🕷️🕷️🕷️🕷️
[2026-02-22 01:23:01] 完美解釈自信: 11111
[2026-02-22 01:23:01] 玩机器厦面鄙骰大: 蚰蜒来咯~蚰蜒来咯~蚰蜒来咯~
[2026-02-22 01:23:02] 足音: 确实有只🐖
[2026-02-22 01:23:02] 六星近卫丰川祥子: 别杀蜘蛛😭
[2026-02-22 01:23:02] xixiprime: 别杀蜘蛛行吗 😭
[2026-02-22 01:23:02] 倾笑陌颜: 别杀载物
[2026-02-22 01:23:02] Subto: 黑话
[2026-02-22 01:23:02] Vitality的Zyw0o0本人: 其实根本没有，都是自导自演的
[2026-02-22 01:23:03] Light43905: 只🐖也扁？
[2026-02-22 01:23:03] NZorThs: 别杀蜘蛛😭
[2026-02-22 01:23:03] 诸葛一言: 别杀蜘蛛😭
[2026-02-22 01:23:03] Banggeul: 亲手拿下****
[2026-02-22 01:23:03] 无聊的小琛子0: 要登山了吗😨
[2026-02-22 01:23:03] 神官喵: 确实有只🐖
[2026-02-22 01:23:03] 玩台钳丶阿尔托莉雅: 玩大哥开杀房间里的小🕷了
[2026-02-22 01:23:04] Rb1rd: 确实有只🐖
[2026-02-22 01:23:04] 羞死了的小萌妹: 蚰蜒来咯~蚰蜒来咯~蚰蜒来咯~
[2026-02-22 01:23:04] 火星情报员工: 确实有只🐷
[2026-02-22 01:23:04] QAQ49052: 傻呗 让蜘蛛给你扫转了
[2026-02-22 01:23:04] 玩机器连播28天休息1年: 杀 玩
[2026-02-22 01:23:05] CSTG江叉叉: 又开始杯酒释兵权了
[2026-02-22 01:23:05] HastsuneMiku: 再见了 蛛小弟
[2026-02-22 01:23:05] 尼尔桌下的烤肠机: 又在偷我洞大哥的蜈蚣梗了……
[2026-02-22 01:23:05] viovvvvvvvon: 别杀蜘蛛😭
[2026-02-22 01:23:05] 是马信玩机器: 弹幕好多鱼丸在飘...
[2026-02-22 01:23:05] 倾笑陌颜: 确实有只🐖
[2026-02-22 01:23:05] Naraku奈落丷: 你不就是只猪吗？
[2026-02-22 01:23:06] 鸭王勃伦: 只猪怕蜘蛛三分，蜘蛛怕只猪七分。
[2026-02-22 01:23:06] 射命丸文文句号: 把ct杀了
[2026-02-22 01:23:06] 艺术冰霜: 杀完了编杀完了编杀完了编杀完了编杀完了编杀完了编
[2026-02-22 01:23:06] jamesfaith23: 确实有只🐖
[2026-02-22 01:23:06] 用户3661578: 是好蜘蛛吧这
[2026-02-22 01:23:06] 浅筱浅: 蚰蜒来咯~蚰蜒来咯~蚰蜒来咯~
[2026-02-22 01:23:06] Mortnotz: 玩神别编他的尸
[2026-02-22 01:23:06] 石家庄特色猪油火锅: 别杀蜘蛛行吗 😭
[2026-02-22 01:23:07] 夜语星归: 直播间也有只猪，你怎么不给杀了你
[2026-02-22 01:23:07] 好兄弟苍蓝瑆: 杀完记得编一下
[2026-02-22 01:23:07] 老尼的虾线: 看到蜘蛛就杀了你
[2026-02-22 01:23:07] HostageKIA: 确实有只🐖
[2026-02-22 01:23:07] 房同学19554: 唐三开八蛛矛来了
[2026-02-22 01:23:07] LvvsiN: 玩宝宝，我发现在大学上学的时候肄业会很舒服，你可以试试
[2026-02-22 01:23:07] 热带雨林丶为爱鼓掌: 杀益虫是吧😠
[2026-02-22 01:23:08] 宵眀: 世子之争，向来如此
[2026-02-22 01:23:08] Q1ed7f9c85b3bc7571: 杀年猪了
[2026-02-22 01:23:08] 愿良辰美景: 再见了 蛛小弟
[2026-02-22 01:23:08] 海绵宝宝dinner: 别杀蜘蛛😭
[2026-02-22 01:23:08] 寒枫曳是一头傲空的隼: 别杀蜘蛛😭
[2026-02-22 01:23:08] Saller丶: 别杀蜘蛛😭
[2026-02-22 01:23:09] X1anYuuuuu: 反清了
[2026-02-22 01:23:09] 甘织玲奈子本人: 别杀我😭😭😭
[2026-02-22 01:23:09] 好姐妹冰川姐妹: 蜘蛛：看我给这只猪杀了
[2026-02-22 01:23:09] 细菌P: 猎鹰粉走了，终于可以好好欣赏CS比赛了🥳
[2026-02-22 01:23:09] 网瘾少年诺里斯: 扁蜘蛛石体你是人啊
[2026-02-22 01:23:09] 野pig亨利28: 确实有只🐖
[2026-02-22 01:23:09] 玩爱音丶Anno: 黑话：大表蛛
[2026-02-22 01:23:09] sjtu的musketeers本人: 只🐖暴了
[2026-02-22 01:23:10] 双马尾的双马尾: 天命人play
[2026-02-22 01:23:10] Mouz的X9本人: 别杀蜘蛛😭
[2026-02-22 01:23:10] 替天行道牧苏苏: 这下大区主防没活了
[2026-02-22 01:23:10] 摆烂小we: 宰 猪 了
[2026-02-22 01:23:10] 大聪明QvQ丶: 紫微有人要杀你
[2026-02-22 01:23:10] KYJunr: 李花子
[2026-02-22 01:23:10] 小蜜蜂的长期素食本人: 别杀蜘蛛😭
[2026-02-22 01:23:11] 雨中的桐树: 确实有只🐷
[2026-02-22 01:23:11] 卢广仲CrowdLu: 益虫都杀，我杀了你这只🐷
[2026-02-22 01:23:11] 钢铁直肠: 玩宝宝别走😭
[2026-02-22 01:23:11] 玩小帽、哦古里: 别杀蜘蛛😭
[2026-02-22 01:23:11] 好姐妹倉田真白: 大有可能是背上全是小蜘蛛
[2026-02-22 01:23:11] 用户6241069770: 别杀蜘蛛😭
[2026-02-22 01:23:11] 玩台钳丶阿尔托莉雅: 玩大哥开杀房间里的小🕷了
[2026-02-22 01:23:11] 浅筱浅: 给大区主防杀了，唉。。。
[2026-02-22 01:23:12] 猫心碎会失去几条命: @布罗利：4️⃣8️⃣🈚️是理性讨论，喷我尼爷孩爹是过分发言，这点要封清楚
[2026-02-22 01:23:12] 丶丶Ken丶丶: 其实暗示房管开杀
[2026-02-22 01:23:12] 液体的Rainwaker本人: @蚰蜒：玩哥还记得我吗
[2026-02-22 01:23:12] 小小小蕉: 首蛛相残。。。
[2026-02-22 01:23:12] TES真爱粉灬: 老汤5-13？ 现在成指挥狙了啊？
[2026-02-22 01:23:13] 要一起好好努力: 一脚踢死
[2026-02-22 01:23:13] 戒虚肾: 蜘蛛：看我给这只猪杀了
[2026-02-22 01:23:13] 愿良辰美景: 别杀蜘蛛行吗 😭
[2026-02-22 01:23:13] 已经意识模糊了: 自刎归天
[2026-02-22 01:23:13] 白河日和: 已登山
[2026-02-22 01:23:13] 玩机器厦面鄙骰大: 别杀蜘蛛😭
[2026-02-22 01:23:13] 玩蛋蛋丶egg: ？》
[2026-02-22 01:23:14] 逍遥的F: 益虫你也杀？
[2026-02-22 01:23:14] 我感觉很膨胀: 两脚
[2026-02-22 01:23:14] 久遠寺有珠Alice: 玩神别编他的尸
[2026-02-22 01:23:14] 佐藤零丶: 弹幕好多鱼丸在飘...
[2026-02-22 01:23:14] 猫心碎会失去几条命: ㊽布罗利㊽布罗利㊽布罗利㊽布罗利㊽布罗利㊽布罗利㊽布罗利㊽布罗利㊽布罗利㊽布
[2026-02-22 01:23:14] 玩俯卧撑、push-up: woc，蜘蛛反杀了
[2026-02-22 01:23:15] Dartline: 这下大区主防没活了
[2026-02-22 01:23:15] 我会十倍奉还: 可以家里放养几只蚰蜒就没蜘蛛了
[2026-02-22 01:23:15] 沈康佺: 拖鞋纪律了
[2026-02-22 01:23:15] zjdjiesjdbdsn: 世子之争，向来如此
[2026-02-22 01:23:15] 好姐妹乐奈: 只猪怕蜘蛛三分，蜘蛛怕只猪七分。
[2026-02-22 01:23:15] wedd1ddeJodd: @蚰蜒：你砂蜘蛛的牛劲儿呢？
[2026-02-22 01:23:15] 靠咖啡活命: 别杀蜘蛛😭
[2026-02-22 01:23:16] Natsu51776: 蜘蛛：看我给这只猪杀了
[2026-02-22 01:23:16] 爱洛魔神仙台叶月: 指哪
[2026-02-22 01:23:16] 安觉angle: 大区主防被杀了
[2026-02-22 01:23:16] 愿良辰美景: @蚰蜒：玩哥还记得我吗
[2026-02-22 01:23:16] Gwendog: 被反杀了，大家散了吧
[2026-02-22 01:23:16] bsqqaq: 这只猪真够大的，我隔着网线都看到了😄看我一把捏尸
[2026-02-22 01:23:16] 魔法师Saber: 杀益虫是吧😠
[2026-02-22 01:23:16] 可軒KXxXxXxX: 流脓
[2026-02-22 01:23:17] 玩大哥我手术恢复中: 玩机器 爆头击败了 蜘蛛
[2026-02-22 01:23:17] 凌敐諾: 等下蜘蛛开BKB反杀你
[2026-02-22 01:23:17] sadpunker: 我🐷呢
[2026-02-22 01:23:17] N0MORE: 玩机器又下放小区主防了
[2026-02-22 01:23:18] 姓黄小名肥仔: 你杀蜘蛛可以，别编🤣
[2026-02-22 01:23:18] Subto: 力挺扁食
[2026-02-22 01:23:18] EIght8XX: 区
[2026-02-22 01:23:18] Ralmnstr: 玩神别编他的尸
[2026-02-22 01:23:18] 硫氦氧丶: 此时弹幕还不知道这是玩机器的最后一句话
[2026-02-22 01:23:18] 值与否: 恋老癖在蜘蛛身上不管用
[2026-02-22 01:23:18] 什么罐头我说男人: 别杀蜘蛛😭
[2026-02-22 01:23:19] 佐藤零丶: 世子之争，向来如此
[2026-02-22 01:23:19] 吃猪头肉筷子夹屏幕上: 大过年杀只猪🐷是对的
[2026-02-22 01:23:19] 下划线逗号下划线叹号: 布罗利:又杀忠臣
[2026-02-22 01:23:19] 无聊的小琛子0: 沙蜘蛛煲了
[2026-02-22 01:23:19] 玩台钳丶阿尔托莉雅: 玩大哥开杀房间里的小🕷了
[2026-02-22 01:23:19] AmagiYukiko: ㊽布罗利㊽布罗利㊽布罗利㊽布罗利㊽布罗利㊽布罗利㊽布罗利㊽布罗利㊽布罗利㊽布
[2026-02-22 01:23:19] 过着平静的生活: 别杀蜘蛛😭
[2026-02-22 01:23:20] 0歌姬0: 别杀蜘蛛😭
[2026-02-22 01:23:21] 呆妹儿的姑父: 有人不知悔改，迷雾中混淆黑白
[2026-02-22 01:23:21] 小箱我亲死你: 回末李花子：机器你什么意思
[2026-02-22 01:23:21] 用户0083645032: 老爸到了🤤老霸道了😎老爸倒了😭老爸到了🤤老霸道了😎老爸倒了😭老爸到了🤤老霸道了😎老爸
[2026-02-22 01:23:21] iNaixu: 蜘蛛：看我给这只猪杀了
[2026-02-22 01:23:21] arimrs: 爆
[2026-02-22 01:23:21] 网瘾少年诺里斯: 扁蜘蛛石体你是人啊
[2026-02-22 01:23:21] jamesfaith23: 蜘蛛：看我给这只猪杀了
[2026-02-22 01:23:21] 戒虚肾: 只猪怕蜘蛛三分，蜘蛛怕只猪七分。desuwa
[2026-02-22 01:23:21] 安分小已的小青春: 大区主防被杀了
[2026-02-22 01:23:21] 石家庄的刘亦博本人: @蚰蜒：你砂蜘蛛的牛劲儿呢？
[2026-02-22 01:23:21] 一条无梦鱼: woc，蜘蛛反杀了
[2026-02-22 01:23:21] Aysell: 南孚一节更比六节强，也就是一节南孚比六节南孚强，六节南孚比三十六节强，三十六节比二百一十六节强
[2026-02-22 01:23:21] 玩机器厦面鄙骰大: 蚰蜒来咯~蚰蜒来咯~蚰蜒来咯~蚰蜒来咯~
[2026-02-22 01:23:21] Subto: 力挺扁食
[2026-02-22 01:23:22] Natsu51776: 别杀蜘蛛😭
[2026-02-22 01:23:22] Avem1337: 蜘蛛娘是益虫，蜘蛛娘也杀啊。。。NB
[2026-02-22 01:23:22] 羽川翼的恋爱物语: 你看你怂的
[2026-02-22 01:23:22] 天魔外道y: 等下蜘蛛开BKB反杀你
[2026-02-22 01:23:22] 葬送的芙蓉王: 结束了啊
[2026-02-22 01:23:22] 送你浪漫结: 区
[2026-02-22 01:23:22] 用户28254882: woc，蜘蛛反杀了
[2026-02-22 01:23:22] 城崎诺亚: 别杀蜘蛛😭
[2026-02-22 01:23:22] 东云瑞希: 好残忍…
[2026-02-22 01:23:23] 好姐妹清道夫: 益虫都杀，我杀了你这只🐷
[2026-02-22 01:23:23] 时光不改旧人心: 兵败如山倒了
[2026-02-22 01:23:23] 滨辺美波: BB：一会就把他们杀完
[2026-02-22 01:23:23] 愿良辰美景: 玩大哥开杀房间里的小🕷了
[2026-02-22 01:23:23] 爽吃猪头肉: 白额高脚蛛
[2026-02-22 01:23:23] 好姐妹冰川姐妹: @蚰蜒：玩哥还记得我吗
[2026-02-22 01:23:23] cherish丶chY: 先说好，杀可以，别bian
[2026-02-22 01:23:24] 草莓冰酪: 在房管群装模做样的允许大家批评 你怎么不敢关7天呢
[2026-02-22 01:23:24] Subto: 力挺扁食
[2026-02-22 01:23:24] 细菌P: @布罗利：4️⃣8️⃣🈚️是理性讨论，喷我尼爷孩爹是过分发言，这点要封清楚
[2026-02-22 01:23:24] 爱淡茶未凉: 别杀蜘蛛😭
[2026-02-22 01:23:24] 喜斯特多多: 布罗利:又杀忠臣
[2026-02-22 01:23:24] 偷鸡蛋的玩机器本人o: 别杀那只🐖😭
[2026-02-22 01:23:24] jamesfaith23: 玩神别编他的尸
[2026-02-22 01:23:25] 麻将高手八木唯: 开杀😡
[2026-02-22 01:23:25] 祾贰: 蜘蛛：看我给这只猪杀了
[2026-02-22 01:23:25] NatsuROSE: 你杀蜘蛛可以，别编🤣
[2026-02-22 01:23:25] 白皇的三千院Nagi本人: @蚰蜒：你砂蜘蛛的牛劲儿呢？
[2026-02-22 01:23:25] DAVE佛: 我都不杀蜘蛛，直接扔出去
[2026-02-22 01:23:26] viovvvvvvvon: 大区主防被杀了
[2026-02-22 01:23:26] Hakurei-Re1mu: 没蜘蛛了？全军出击🦟🦗🐞🐜🐌🐝🦂🐛🦟🦗🐞🐜🐌🐝
[2026-02-22 01:23:26] 牢大与小布丁: ㊽布罗利㊽布罗利㊽布罗利㊽布罗利㊽布罗利㊽布罗利㊽布罗利㊽布罗利㊽布罗利㊽布
[2026-02-22 01:23:26] 用户1424229214: 布罗利:又杀忠臣
[2026-02-22 01:23:26] 七色的人偶使者: @蚰蜒：玩哥还记得我吗
[2026-02-22 01:23:26] 玩大哥今天吃什么: 别杀蜘蛛😭
[2026-02-22 01:23:26] 狸仙人420: 有人不知悔改，迷雾中混淆黑白
[2026-02-22 01:23:27] 玩机器厦面鄙骰大: 蚰蜒来咯~蚰蜒来咯~
[2026-02-22 01:23:27] 好姐妹志琦桦音desuwa: 煸
[2026-02-22 01:23:27] 丰川祥子的皮鞋: 还编
[2026-02-22 01:23:27] 这首单曲: beat了
[2026-02-22 01:23:27] 黑化的玩小将: 杀蛛饭
[2026-02-22 01:23:27] Subto: 力挺扁食
[2026-02-22 01:23:27] 姓黄小名肥仔: 你杀蜘蛛可以，别编🤣
[2026-02-22 01:23:27] 特雷森大栗王: 全军出击🦟🦗🐞🐜🐌🐝🕷🦂🐛🦟🦗🐞🐜🐌🐝🕷
[2026-02-22 01:23:28] 爱洛魔神仙台叶月: 沙蜘蛛煲了
[2026-02-22 01:23:28] 玩斯特出出6657: 5-14谁家老爸
[2026-02-22 01:23:28] 海绵宝宝噶点儿: 载物怎么在对面啊
[2026-02-22 01:23:28] 妈妈妈妈妈呀: 白额高脚蛛？TMD益虫也杀？
[2026-02-22 01:23:29] 喜欢独自悠哉自在: 老爸到了🤤老霸道了😎老爸倒了😭老爸到了🤤老霸道了😎老爸倒了😭老爸到了🤤老霸道了😎老爸
[2026-02-22 01:23:29] bloody小黑: 嘘。。。好像在凿。。。仔细听能听到。。。
[2026-02-22 01:23:29] Avem1337: 蜘蛛娘是益虫，蜘蛛娘也杀啊。。。NB
[2026-02-22 01:23:29] Turned傲雪: ✌️🙄✌️✌️🙄✌️✌️🙄✌️✌️🙄✌️✌️🙄✌️✌️🙄✌️✌️🙄✌️✌️🙄✌️
[2026-02-22 01:23:29] 白河日和: @蚰蜒：你砂蜘蛛的牛劲儿呢？
[2026-02-22 01:23:29] 什么罐头我说男人: woc，蜘蛛反杀了
[2026-02-22 01:23:29] 曲奇三梦: 没蜘蛛了？全军出击🦟🦗🐞🐜🐌🐝🦂🐛🦟🦗🐞🐜🐌🐝
[2026-02-22 01:23:30] 丰III祥子: 本来可以变蜘蛛侠的……
[2026-02-22 01:23:30] LvvsiN: 额，拿亚军我都会，拿亚军，拿季军，拿四强，拿八强，拿十六强，呃拿冠军我不会，然后小组赛淘汰
[2026-02-22 01:23:30] 涂涂没吃饱: 先说好，杀可以，别bian
[2026-02-22 01:23:30] 愤怒祷词: 隔了上千年 猪八戒还是看上了蜘蛛精。
[2026-02-22 01:23:30] Subto: 力挺扁食
[2026-02-22 01:23:30] dark1337: 没蜘蛛了？全军出击🦟🦗🐞🐜🐌🐝🦂🐛🦟🦗🐞🐜🐌🐝
[2026-02-22 01:23:31] 浅筱浅: woc，蜘蛛反杀了
[2026-02-22 01:23:31] 地毯毯同学: 先说好，杀可以，别bian
[2026-02-22 01:23:31] 反方向的绪: 一脚就行了，剩下两脚编它？
[2026-02-22 01:23:31] 安分小已的小青春: 没蜘蛛了？全军出击🦟🦗🐞🐜🐌🐝🦂🐛🦟🦗🐞🐜🐌🐝
[2026-02-22 01:23:31] 金日橙: 又在偷我洞大哥的蜈蚣梗了……
[2026-02-22 01:23:31] 蓝原延渚: 没蜘蛛了？全军出击🦟🦗🐞🐜🐌🐝🦂🐛🦟🦗🐞🐜🐌🐝
[2026-02-22 01:23:31] 好姐妹冰川姐妹: 没蜘蛛了？全军出击🦟🦗🐞🐜🐌🐝🦂🐛🦟🦗🐞🐜🐌🐝
[2026-02-22 01:23:31] arimrs: 你杀蜘蛛可以，别编🤣
[2026-02-22 01:23:31] 铃木佳奈助: 玩神最终还是没忍住
[2026-02-22 01:23:31] 甘織玲奈子: 没蜘蛛了？全军出击🦟🦗🐞🐜🐌🐝🦂🐛🦟🦗🐞🐜🐌🐝
[2026-02-22 01:23:32] 罗山路的光: 有人不知悔改，迷雾中混淆黑白
[2026-02-22 01:23:32] 双刀牛TMac: niko play
[2026-02-22 01:23:32] 玩机器厦面鄙骰大: 蚰蜒来咯~蚰蜒来咯~
[2026-02-22 01:23:32] 青蘖: 杀就杀 别编行吗😭
[2026-02-22 01:23:32] Hakurei-Re1mu: 没蜘蛛了？全军出击🦟🦗🐞🐜🐌🐝🦂🐛🦟🦗🐞🐜🐌🐝
[2026-02-22 01:23:32] 卡啊卡卡丶: 没蜘蛛了？全军出击🦟🦗🐞🐜🐌🐝🦂🐛🦟🦗🐞🐜🐌🐝
[2026-02-22 01:23:32] 愿良辰美景: 白额高脚蛛？TMD益虫也杀？
[2026-02-22 01:23:33] 用户0083645032: 老爸到了🤤老霸道了😎老爸倒了😭老爸到了🤤老霸道了😎老爸倒了😭老爸到了🤤老霸道了😎老爸
[2026-02-22 01:23:33] Subto: 力挺扁食
[2026-02-22 01:23:33] 老鼠丶爷爷: 没蜘蛛了？全军出击🦟🦗🐞🐜🐌🐝🦂🐛🦟🦗🐞🐜🐌🐝
[2026-02-22 01:23:33] zzznnni: 蜘蛛：有人管管吗？
[2026-02-22 01:23:33] 好姐妹倉田真白: 若塔😆约塔😁哟塔😃肉塔🤨耶塔🧐交塔😨腰塔😱小夫😅
[2026-02-22 01:23:33] NES丶大白白白呐: 没蜘蛛了？全军出击🦟🦗🐞🐜🐌🐝🦂🐛🦟🦗🐞🐜🐌🐝
[2026-02-22 01:23:33] 用户3661578: 玩神别编他的尸
[2026-02-22 01:23:33] ALT3TE: 你杀蜘蛛可以，别编🤣
[2026-02-22 01:23:34] 牛顿第零定律788: 你杀蜘蛛可以，别编🤣
[2026-02-22 01:23:34] 个体: 没蜘蛛了？全军出击🦟🦗🐞🐜🐌🐝🦂🐛🦟🦗🐞🐜🐌🐝
[2026-02-22 01:23:34] 刃涯: 大区主防被杀了
[2026-02-22 01:23:34] 丰川小祥圆圆脸: 没蜘蛛了？全军出击🦟🦗🐞🐜🐌🐝🦂🐛🦟🦗🐞🐜🐌🐝
[2026-02-22 01:23:34] 曉之騎士: 玩神才看见吗我都看这只猪几个小时了
[2026-02-22 01:23:34] Saiki559: @蚰蜒：你砂蜘蛛的牛劲儿呢？
[2026-02-22 01:23:35] 你给我灰来: 没蜘蛛了？全军出击🦟🦗🐞🐜🐌🐝🦂🐛🦟🦗🐞🐜🐌🐝
[2026-02-22 01:23:35] Heartzzz丶: 这只猪也没事啊 不还在摄像头里吗
[2026-02-22 01:23:35] 求奶女儿CC不是大美女: 是的 主播没骗人 真有只猪
[2026-02-22 01:23:35] 用户0314452190: 扁蜘蛛石体你是人啊
[2026-02-22 01:23:35] 中野家的三玖丈夫本人: 全军出击🦟🦗🐞🐜🐌🐝🕷🦂🐛🦟🦗🐞🐜🐌🐝🕷
[2026-02-22 01:23:35] 青蘖: 杀就杀 别编行吗😭杀就杀 别编行吗😭杀就杀 别编行吗😭
[2026-02-22 01:23:35] 武林至尊马某某: 设备老了
[2026-02-22 01:23:35] 绚辻小小词: 本来可以变蜘蛛侠的……
[2026-02-22 01:23:36] 宋叔叔顶住了: 没蜘蛛了？全军出击🦟🦗🐞🐜🐌🐝🦂🐛🦟🦗🐞🐜🐌🐝
[2026-02-22 01:23:36] 宫监手放监: 没蜘蛛了？全军出击🦟🦗🐞🐜🐌🐝🦂🐛🦟🦗🐞🐜🐌🐝
[2026-02-22 01:23:36] 暴力卓司: niko play
[2026-02-22 01:23:36] JanXu1999: 5-14 跟条区一样
[2026-02-22 01:23:36] 草莓冰酪: 力挺扁食
[2026-02-22 01:23:36] BBV的情谊永恒: 🕷️🕷️🕷️🕷️🕷️🕷️🕷️🕷️🕷️🕷️🕷️🕷️🕷️🕷️🕷️🕷️
[2026-02-22 01:23:37] 风晢兮: 没蜘蛛了？全军出击🦟🦗🐞🐜🐌🐝🦂🐛🦟🦗🐞🐜🐌🐝
[2026-02-22 01:23:37] 一不小心丶就丶: 先说好，杀可以，别bian
[2026-02-22 01:23:37] 细菌P: @布罗利：4️⃣8️⃣🈚️是理性讨论，喷我尼爷孩爹是过分发言，这点要封清楚
[2026-02-22 01:23:37] bsqqaq: 这只猪真够大的，我隔着网线都看到了😄看我一把捏尸
[2026-02-22 01:23:37] 石家庄的刘亦博本人: 蜘蛛爆 了
[2026-02-22 01:23:37] 沈康佺: ✌️🙄✌️✌️🙄✌️✌️🙄✌️✌️🙄✌️✌️🙄✌️✌️🙄✌️✌️🙄✌️✌️🙄✌️
[2026-02-22 01:23:37] 梦想是独立自由: 卧槽，device五杀了
[2026-02-22 01:23:37] 湖上风72121: 没蜘蛛了？全军出击🦟🦗🐞🐜🐌🐝🦂🐛🦟🦗🐞🐜🐌🐝
[2026-02-22 01:23:37] sadpunker: 我🐷怎么不见了
[2026-02-22 01:23:38] 愿良辰美景: 没蜘蛛了？全军出击🦟🦗🐞🐜🐌🐝🦂🐛🦟🦗🐞🐜🐌🐝
[2026-02-22 01:23:38] 网瘾少年诺里斯: 　　　 玩神别编他的尸
[2026-02-22 01:23:38] 黑化的玩小将: 没有载载比赛我就要闹！😡
[2026-02-22 01:23:38] 秋茶小雪: 没蜘蛛了？全军出击🦟🦗🐞🐜🐌🐝🦂🐛🦟🦗🐞🐜🐌🐝
[2026-02-22 01:23:38] 用户7717188970: 没蜘蛛了？全军出击🦟🦗🐞🐜🐌🐝🦂🐛🦟🦗🐞🐜🐌🐝
[2026-02-22 01:23:38] AKa街头的刘备丶: 没蜘蛛了？全军出击🦟🦗🐞🐜🐌🐝🦂🐛🦟🦗🐞🐜🐌🐝
[2026-02-22 01:23:39] 山田凉来了: 玩神别编他的尸
[2026-02-22 01:23:39] 我有一对电动大牛子: 开编
[2026-02-22 01:23:39] PKURoger: 没蜘蛛了？全军出击🦟🦗🐞🐜🐌🐝🦂🐛🦟🦗🐞🐜🐌🐝
[2026-02-22 01:23:39] 丶丶Ken丶丶: 玩神别编他的尸
[2026-02-22 01:23:39] 卡啊卡卡丶: 你杀蜘蛛可以，别编🤣
[2026-02-22 01:23:39] JuL1us: woc，蜘蛛反杀了
[2026-02-22 01:23:40] Devilllllllllllllll: 力挺扁食
[2026-02-22 01:23:40] Crych1c的若叶睦本人: 没蜘蛛了？全军出击🦟🦗🐞🐜🐌🐝🦂🐛🦟🦗🐞🐜🐌🐝
[2026-02-22 01:23:40] 八百斤面大寿桃: 没蜘蛛了？全军出击🦟🦗🐞🐜🐌🐝🦂🐛🦟🦗🐞🐜🐌🐝
[2026-02-22 01:23:40] Aysell: 南孚一节更比六节强，也就是一节南孚比六节南孚强，六节南孚比三十六节强，三十六节比二百一十六节强
[2026-02-22 01:23:40] znnoy: 6的，蜘蛛都能被你用来转移话题，继续这样不道歉转移话题直播会越来越好的👍
[2026-02-22 01:23:40] 大家要幸福呀: 你杀蜘蛛可以，别编🤣
[2026-02-22 01:23:40] 8151861: 没蜘蛛了？全军出击🦟🦗🐞🐜🐌🐝🦂🐛🦟🦗🐞🐜🐌🐝
[2026-02-22 01:23:40] 苦来兮苦的若叶睦本人: 没蜘蛛了？全军出击🦟🦗🐞🐜🐌🐝🦂🐛🦟🦗🐞🐜🐌🐝
[2026-02-22 01:23:41] 猫心碎会失去几条命: ㊽布罗利㊽布罗利㊽布罗利㊽布罗利㊽布罗利㊽布罗利㊽布罗利㊽布罗利㊽布罗利㊽布
[2026-02-22 01:23:41] 滨辺美波: 你杀蜘蛛可以，别编🤣
[2026-02-22 01:23:41] FiaoxP: 没蜘蛛了？全军出击🦟🦗🐞🐜🐌🐝🦂🐛🦟🦗🐞🐜🐌🐝
[2026-02-22 01:23:41] 沐木丶丶丶丶: 力挺扁食
[2026-02-22 01:23:41] 青蘖: 杀就杀 别编行吗😭杀就杀 别编行吗😭杀就杀 别编行吗😭
[2026-02-22 01:23:41] 铃木佳奈助: 玩神最终还是没忍住
[2026-02-22 01:23:41] 困惑地熊猫: 别杀蜘蛛😭
[2026-02-22 01:23:42] 伱給我站住: 老汤五杀了！老汤五杀了！
[2026-02-22 01:23:42] mygo的椎名立希: 　　　 全军出击🦟🦗🐞🐜🐌🐝🕷🦂🐛🦟🦗🐞🐜🐌🐝🕷
[2026-02-22 01:23:42] Mikasa1441: 你杀蜘蛛可以，别编🤣
[2026-02-22 01:23:42] Subto: 力挺扁食
[2026-02-22 01:23:42] 用户2719002301: 凿⛏️凿⛏️凿⛏️凿⛏️凿⛏️凿⛏️凿⛏️凿⛏️凿⛏️凿⛏️凿⛏️凿⛏️凿⛏️凿⛏️凿⛏️凿⛏️
[2026-02-22 01:23:42] 纪川6657: 玩大哥多久登山啊玩大哥多久登山啊玩大哥多久登山啊玩大哥多久登山啊玩大哥多久登山啊玩大哥多久登山啊玩大
[2026-02-22 01:23:42] 黑化的玩小将: 没有载载比赛我就要闹！😡
[2026-02-22 01:23:42] 一条无梦鱼: 卧槽，玩机器进屋没搜点被蜘蛛反杀了
[2026-02-22 01:23:42] 蛋肠粉: 你杀蜘蛛可以，别编🤣
[2026-02-22 01:23:42] V太立体的ro叶睦本人: 没蜘蛛了？全军出击🦟🦗🐞🐜🐌🐝🦂🐛🦟🦗🐞🐜🐌🐝
[2026-02-22 01:23:43] Dev1ce退役就登山: 没蜘蛛了？全军出击🦟🦗🐞🐜🐌🐝🦂🐛🦟🦗🐞🐜🐌🐝
[2026-02-22 01:23:43] 瓜皮马666666: 没蜘蛛了？全军出击🦟🦗🐞🐜🐌🐝🦂🐛🦟🦗🐞🐜🐌🐝
[2026-02-22 01:23:43] enihcaM器机玩7566: 　　　 玩神别编他的尸
[2026-02-22 01:23:43] arimrs: 没蜘蛛了？全军出击🦟🦗🐞🐜🐌🐝🦂🐛🦟🦗🐞🐜🐌🐝
[2026-02-22 01:23:43] 玩斯特机机: 玩神别编他的尸
[2026-02-22 01:23:44] 大侠沈峰: 没蜘蛛了？全军出击🦟🦗🐞🐜🐌🐝🦂🐛🦟🦗🐞🐜🐌🐝
[2026-02-22 01:23:44] cyding16: 没蜘蛛了？全军出击🦟🦗🐞🐜🐌🐝🦂🐛🦟🦗🐞🐜🐌🐝
[2026-02-22 01:23:44] 流光似水321: 仔细听，好像在编。。
[2026-02-22 01:23:44] liwored: 没蜘蛛了？全军出击🦟🦗🐞🐜🐌🐝🦂🐛🦟🦗🐞🐜🐌🐝
[2026-02-22 01:23:44] 柚子厨0721: 没蜘蛛了？全军出击🦟🦗🐞🐜🐌🐝🦂🐛🦟🦗🐞🐜🐌🐝
[2026-02-22 01:23:44] 用户9693232973: 没蜘蛛了？全军出击🦟🦗🐞🐜🐌🐝🦂🐛🦟🦗🐞🐜🐌🐝
[2026-02-22 01:23:45] viovvvvvvvon: 你杀蜘蛛可以，别编🤣
[2026-02-22 01:23:45] 鹿公爷: 玩神别编他的尸
[2026-02-22 01:23:45] znnoy: 6的，蜘蛛都能被你用来转移话题，继续这样不道歉转移话题直播会越来越好的👍
[2026-02-22 01:23:45] Subto: 你杀蜘蛛可以，别编🤣
[2026-02-22 01:23:45] 一套二一套二: 杀就杀 别编行吗😭
[2026-02-22 01:23:45] wedd1ddeJodd: 玩神别编他的尸
[2026-02-22 01:23:45] 三号3文海: 你杀蜘蛛可以，别编🤣
[2026-02-22 01:23:45] 钢铁直肠: ？
[2026-02-22 01:23:45] Saiki559: 没蜘蛛了？全军出击🦟🦗🐞🐜🐌🐝🦂🐛🦟🦗🐞🐜🐌🐝
[2026-02-22 01:23:45] 忽孝山庄: 没蜘蛛了？全军出击🦟🦗🐞🐜🐌🐝🦂🐛🦟🦗🐞🐜🐌🐝
[2026-02-22 01:23:46] 清蒸冬瓜茄子汤: 没蜘蛛了？全军出击🦟🦟🦟🦟🦟🦟🦟🦟🦟🦟
[2026-02-22 01:23:46] Keith丨Markovic: 没蜘蛛了？全军出击🦟🦗🐞🐜🐌🐝🦂🐛🦟🦗🐞🐜🐌🐝
[2026-02-22 01:23:46] 肘一郎: 卧槽，玩神也编 尸力挺niko了
[2026-02-22 01:23:46] 呆妹儿的姑父: 有人不知悔改，迷雾中混淆黑白
[2026-02-22 01:23:46] A1report: 没蜘蛛了？全军出击🦟🦗🐞🐜🐌🐝🦂🐛🦟🦗🐞🐜🐌🐝
[2026-02-22 01:23:46] WS的草薙宁宁本人: 没蜘蛛了？全军出击🦟🦗🐞🐜🐌🐝🦂🐛🦟🦗🐞🐜🐌🐝
[2026-02-22 01:23:47] 博6657亦笑: 没蜘蛛了？全军出击🦟🦗🐞🐜🐌🐝🦂🐛🦟🦗🐞🐜🐌🐝
[2026-02-22 01:23:47] 很Low的V: 没蜘蛛了？全军出击🦟🦗🐞🐜🐌🐝🦂🐛🦟🦗🐞🐜🐌🐝
[2026-02-22 01:23:47] MJ猪猪呀: 没蜘蛛了？全军出击🦟🦗🐞🐜🐌🐝🦂🐛🦟🦗🐞🐜🐌🐝
[2026-02-22 01:23:47] sandwichex: 没蜘蛛了？全军出击🦟🦗🐞🐜🐌🐝🦂🐛🦟🦗🐞🐜🐌🐝
[2026-02-22 01:23:47] 白皇的三千院Nagi本人: 你杀蜘蛛可以，别编🤣
[2026-02-22 01:23:47] 今汐是河鯰: 没蜘蛛了？全军出击🦟🦗🐞🐜🐌🐝🦂🐛🦟🦗🐞🐜🐌🐝
[2026-02-22 01:23:47] 双刀牛TMac: niko play niko play
[2026-02-22 01:23:48] 暴力卓司: niko play
[2026-02-22 01:23:48] FurudeTMT: 没蜘蛛了？全军出击🦟🦗🐞🐜🐌🐝🦂🐛🦟🦗🐞🐜🐌🐝
[2026-02-22 01:23:48] 愿良辰美景: 你杀蜘蛛可以，别编🤣
[2026-02-22 01:23:48] LvvsiN: 别解说了 多聊会天 你不会真的以为能输吧
[2026-02-22 01:23:48] Wangzap: @大表🕷️：谢谢玩机器送我的睡袋，很舒服
[2026-02-22 01:23:48] 玩斯特出出6657: 没蜘蛛了？全军出击🦟🦗🐞🐜🐌🐝🦂🐛🦟🦗🐞🐜🐌🐝
[2026-02-22 01:23:48] 法尼丶瓦伦泰D4C: 杀生不虐生啊
[2026-02-22 01:23:48] 粤夜封封哥岑验川老岑: 没蜘蛛了？全军出击🦟🦗🐞🐜🐌🐝🦂🐛🦟🦗🐞🐜🐌🐝
[2026-02-22 01:23:48] 黑化的玩小将: 没有载载比赛我就要闹！😡
[2026-02-22 01:23:48] Subto: 力挺扁食
[2026-02-22 01:23:49] 困惑地熊猫: 没蜘蛛了？全军出击🦟🦗🐞🐜🐌🐝🦂🐛🦟🦗🐞🐜🐌🐝
[2026-02-22 01:23:49] 冰封樱花: 没蜘蛛了？全军出击🦟🦗🐞🐜🐌🐝🦂🐛🦟🦗🐞🐜🐌🐝
[2026-02-22 01:23:49] 三零一路公交司机: 别杀蜘蛛😭
[2026-02-22 01:23:49] 佐藤零丶: 没蜘蛛了？全军出击🦟🦗🐞🐜🐌🐝🦂🐛🦟🦗🐞🐜🐌🐝
[2026-02-22 01:23:49] 阿七要努力js: 力挺扁食
[2026-02-22 01:23:49] 玩刘农device: 玩神别编他的尸
[2026-02-22 01:23:50] 海绵宝宝dinner: 没蜘蛛了？全军出击🦟🦗🐞🐜🐌🐝🦂🐛🦟🦗🐞🐜🐌🐝
[2026-02-22 01:23:50] 热爱学习的孟某人: 杀就杀 别编行吗😭杀就杀 别编行吗😭杀就杀 别编行吗😭
[2026-02-22 01:23:50] LvvsiN: 额，拿亚军我都会，拿亚军，拿季军，拿四强，拿八强，拿十六强，呃拿冠军我不会，然后小组赛淘汰
[2026-02-22 01:23:50] 用户865861078: 没蜘蛛了？全军出击🦟🦗🐞🐜🐌🐝🦂🐛🦟🦗🐞🐜🐌🐝
[2026-02-22 01:23:50] 好姐妹倉田真白: 没蜘蛛了？全军出击🦟🦗🐞🐜🐌🐝🦂🐛🦟🦗🐞🐜🐌🐝
[2026-02-22 01:23:50] Crim1n4l: 你杀蜘蛛可以，别编🤣
[2026-02-22 01:23:50] 小小小蕉: @蟑螂：对的玩哥就这么鲨！
[2026-02-22 01:23:50] desuwa的丰川祥子本人: 没蜘蛛了？全军出击🦟🦗🐞🐜🐌🐝🦂🐛🦟🦗🐞🐜🐌🐝
[2026-02-22 01:23:51] djklyk: 仔细听，好像在编。。
[2026-02-22 01:23:51] 桂林米粉比较好吃: 玩神别编他的尸
[2026-02-22 01:23:51] 轻伤酱: 没蜘蛛了？全军出击🦟🦗🐞🐜🐌🐝🦂🐛🦟🦗🐞🐜🐌🐝
[2026-02-22 01:23:51] 浊风天枢: 没蜘蛛了？全军出击🦟🦗🐞🐜🐌🐝🦂🐛🦟🦗🐞🐜🐌🐝
[2026-02-22 01:23:51] 炒鸡无敌终极翻皮水: 没蜘蛛了？全军出击🦟🦗🐞🐜🐌🐝🦂🐛🦟🦗🐞🐜🐌🐝
[2026-02-22 01:23:51] 鸟儿在头顶把森林叫醒: 没蜘蛛了？全军出击🦟🦗🐞🐜🐌🐝🦂🐛🦟🦗🐞🐜🐌🐝
[2026-02-22 01:23:51] redlant3rn: 没蜘蛛了？全军出击🦟🦗🐞🐜🐌🐝🦂🐛🦟🦗🐞🐜🐌🐝
[2026-02-22 01:23:52] 冷言i丶: 你杀蜘蛛可以，别编🤣
[2026-02-22 01:23:52] 德莉莎超可矮: 抓年猪啦！🐖抓年猪啦！🐖抓年猪啦！🐖抓年猪啦！🐖
[2026-02-22 01:23:52] 玩机器今晚还播吗: 仔细听，好像在编。。
[2026-02-22 01:23:52] SuperSword81317: 玩机器进屋没搜点被蜘蛛反杀了
[2026-02-22 01:23:52] 北宇治拳王久石奏: 🤫...仔细听....好像在煸🕷....
[2026-02-22 01:23:52] ymyyo: 没蜘蛛了？全军出击🦟🦗🐞🐜🐌🐝🦂🐛🦟🦗🐞🐜🐌🐝
[2026-02-22 01:23:52] 小箱我亲死你: 编了我喜欢的昆虫我就要骂你
[2026-02-22 01:23:53] Wangzap: @大表🕷️：谢谢玩机器送我的睡袋，很舒服
[2026-02-22 01:23:53] 莫情123: 蚰蜒：蜘蛛没了？全军出击
[2026-02-22 01:23:53] 缪斯的南小鸟本人: 玩神别编他的尸
[2026-02-22 01:23:53] 王佰柒柒: 没蜘蛛了？全军出击🦟🦗🐞🐜🐌🐝🦂🐛🦟🦗🐞🐜🐌🐝
[2026-02-22 01:23:53] znnoy: 6的，蜘蛛都能被你用来转移话题，继续这样不道歉转移话题直播会越来越好的👍
[2026-02-22 01:23:54] 普通的用户7756: 你杀蜘蛛可以，别编🤣
[2026-02-22 01:23:54] 愿良辰美景: 别解说了 多聊会天 你不会真的以为能输吧
[2026-02-22 01:23:54] 玩斯特机机: 你杀蜘蛛可以，别编🤣
[2026-02-22 01:23:54] sarbest: 你杀蜘蛛可以，别编🤣
[2026-02-22 01:23:54] 黑色圣衣BAKA: 你杀蜘蛛可以，别编🤣
[2026-02-22 01:23:54] 佐藤零丶: 你杀蜘蛛可以，别编🤣
[2026-02-22 01:23:54] Evelexl: 没蜘蛛了？全军出击🦟🦗🐞🐜🐌🐝🦂🐛🦟🦗🐞🐜🐌🐝
[2026-02-22 01:23:55] 你最珍贵: 没蜘蛛了？全军出击🦟🦗🐞🐜🐌🐝🦂🐛🦟🦗🐞🐜🐌🐝
[2026-02-22 01:23:55] 白皇的三千院Nagi本人: 玩神别编他的尸
[2026-02-22 01:23:55] bsqqaq: 这只猪真够大的，我隔着网线都看到了😄看我一把捏尸
[2026-02-22 01:23:55] 一条无梦鱼: 没蜘蛛了？全军出击🦟🦗🐞🐜🐌🐝🦂🐛🦟🦗🐞🐜🐌🐝
[2026-02-22 01:23:55] 丶丶Ken丶丶: 你杀蜘蛛可以，别编🤣
[2026-02-22 01:23:55] 爱洛魔神仙台叶月: 玩神别编他的尸
[2026-02-22 01:23:55] 宇莓: 蜘蛛都能编啊。。。。nb
[2026-02-22 01:23:56] Subto: 力挺扁食
[2026-02-22 01:23:56] Wangzap: @大表🕷️：谢谢玩机器送我的睡袋，很舒服
[2026-02-22 01:23:56] 漩涡章鱼: 没蜘蛛了？全军出击🦟🦗🐞🐜🐌🐝🦂🐛🦟🦗🐞🐜🐌🐝
[2026-02-22 01:23:56] 好哥们黑龙歼灭刀: 玩神别编他的尸
[2026-02-22 01:23:56] 三上四下: 处刑😆处刑🤣处刑😄处刑😅处刑😋处刑🤪处刑😝处刑🤗处刑🤭
[2026-02-22 01:23:56] shanweii: 杀就杀 别编行吗😭
[2026-02-22 01:23:56] 莫情123: 没蜘蛛了？全军出击🦟🦗🐞🐜🐌🐝🦂🐛🦟🦗🐞🐜🐌🐝
[2026-02-22 01:23:56] 黑色圣衣BAKA: 别解说了 多聊会天 你不会真的以为能输吧
[2026-02-22 01:23:56] 昌岗陈坤: 你杀蜘蛛可以，别编🤣
[2026-02-22 01:23:59] mygo的椎名立希: 力挺扁食
[2026-02-22 01:24:00] MSK枫: 玩神别编他的尸
[2026-02-22 01:24:00] wristuuio: 你杀蜘蛛可以，别编🤣
[2026-02-22 01:24:00] 来一份炒饭z: 没蜘蛛了？全军出击🦟🦗🐞🐜🐌🐝🦂🐛🦟🦗🐞🐜🐌🐝
[2026-02-22 01:24:00] 丶小恐龙丶: 没蜘蛛了？全军出击🦟🦗🐞🐜🐌🐝🦂🐛🦟🦗🐞🐜🐌🐝
[2026-02-22 01:24:00] 倾盆大rain: @🕷️：不是这也贬？@🕷️：不是这也贬？@🕷️：不是这也贬？@🕷️：不是这也贬？
[2026-02-22 01:24:00] 奥拉夫的蛋炒饭: 你杀蜘蛛可以，别编🤣这—块
[2026-02-22 01:24:00] 用户2719002301: 没蜘蛛了？全军出击🦟🦗🐞🐜🐌🐝🦂🐛🦟🦗🐞🐜🐌🐝
[2026-02-22 01:24:00] 佐藤零丶: 没蜘蛛了？全军出击🦟🦗🐞🐜🐌🐝🦂🐛🦟🦗🐞🐜🐌🐝
[2026-02-22 01:24:00] xxx2xxx: 没蜘蛛了？全军出击🦟🦗🐞🐜🐌🐝🦂🐛🦟🦗🐞🐜🐌🐝
[2026-02-22 01:24:00] 参隼: 你杀蜘蛛可以，别编🤣
[2026-02-22 01:24:00] RabbitRay: @蟑螂：对的玩哥就这么鲨！
[2026-02-22 01:24:00] 这位更是个重量级: 没蜘蛛了？全军出击🦟🦗🐞🐜🐌🐝🦂🐛🦟🦗🐞🐜🐌🐝
[2026-02-22 01:24:00] 德莉莎超可矮: 你杀蜘蛛可以，别编🤣
[2026-02-22 01:24:00] 猫尤505: 抓娃娃
[2026-02-22 01:24:01] VI将臣: 没蜘蛛了？全军出击🦟🦗🐞🐜🐌🐝🦂🐛🦟🦗🐞🐜🐌🐝
[2026-02-22 01:24:01] 乱七八糟chseeifl: 🤫...仔细听....好像在煸🕷....
[2026-02-22 01:24:01] 蝈蝈贼: 你杀蜘蛛可以，别编🤣
[2026-02-22 01:24:01] jamesfaith23: 力挺扁食
[2026-02-22 01:24:01] 蓝原延渚: 仔细听，好像在编。。
[2026-02-22 01:24:01] arimrs: niko play
[2026-02-22 01:24:01] 爱淡茶未凉: 没蜘蛛了？全军出击🦟🦗🐞🐜🐌🐝🦂🐛🦟🦗🐞🐜🐌🐝
[2026-02-22 01:24:01] 承認欲求: 你杀蜘蛛可以，别编🤣
[2026-02-22 01:24:01] 肘一郎: 卧槽，玩神也编 尸力挺niko了
[2026-02-22 01:24:01] time、machine: 没蜘蛛了？全军出击🦟🦗🐞🐜🐌🐝🦂🐛🦟🦗🐞🐜🐌🐝
[2026-02-22 01:24:01] 2635174919: 你杀蜘蛛可以，别编🤣
[2026-02-22 01:24:01] 冷淡ld: 仔细听，好像在编。。
[2026-02-22 01:24:01] 羽川翼的恋爱物语: 这不展示一下？
[2026-02-22 01:24:01] 应感激忠心的伴侣: 没蜘蛛了？全军出击🦟🦗🐞🐜🐌🐝🦂🐛🦟🦗🐞🐜🐌🐝
[2026-02-22 01:24:01] Subto: 力挺扁食
[2026-02-22 01:24:01] bsqqaq: 这只猪真够大的，我隔着网线都看到了😄看我一把捏尸
[2026-02-22 01:24:01] 纪川6657: 你杀蜘蛛可以，别编🤣
[2026-02-22 01:24:01] SuperSword81317: 你杀蜘蛛可以，别编🤣
[2026-02-22 01:24:02] 黑蛋EX: @蟑螂：对的玩哥就这么鲨！
[2026-02-22 01:24:02] 白皇的三千院Nagi本人: 蜘蛛都能编啊。。。。nb
[2026-02-22 01:24:02] koctaa: 这只猪真够大的，我隔着网线都看到了😄看我一把捏尸
[2026-02-22 01:24:02] Faze的新岛真本人: 🕷️🕷️🕷️🕷️🕷️🕷️🕷️🕷️大哥我们来救你了！
[2026-02-22 01:24:02] LettingItGO: 载物怎么加入100t了，还换了个名字
[2026-02-22 01:24:02] 大笨蛋2333: 你杀蜘蛛可以，别编🤣
[2026-02-22 01:24:03] Ghfoou: 没蜘蛛了？全军出击🦟🦗🐞🐜🐌🐝🦂🐛🦟🦗🐞🐜🐌🐝
[2026-02-22 01:24:03] 小小小蕉: @蟑螂：对的玩哥就这么鲨！
[2026-02-22 01:24:03] 好哥们汉阳造: 没蜘蛛了？全军出击🦟🦗🐞🐜🐌🐝🦂🐛🦟🦗🐞🐜🐌🐝
[2026-02-22 01:24:03] 绘心酱敲卡哇伊: 你杀蜘蛛可以，别编🤣
[2026-02-22 01:24:03] 太行山积雪: 玩神别编他的尸
[2026-02-22 01:24:03] 专看玩机器的号: 没蜘蛛了？全军出击🦟🦗🐞🐜🐌🐝🦂🐛🦟🦗🐞🐜🐌🐝
[2026-02-22 01:24:03] viovvvvvvvon: 你杀蜘蛛可以，别编🤣
[2026-02-22 01:24:03] Vitality的Zyw0o0本人: 你杀蜘蛛可以，别编🤣
[2026-02-22 01:24:04] 丰III祥子: 本来可以变蜘蛛侠的
[2026-02-22 01:24:04] 你成功通过了我的考验: 你杀蜘蛛可以，别编🤣
[2026-02-22 01:24:04] dark1337: 蜘蛛都能编啊。。。。nb
[2026-02-22 01:24:04] 世一步美jor: 没蜘蛛了？全军出击🦟🦗🐞🐜🐌🐝🦂🐛🦟🦗🐞🐜🐌🐝
[2026-02-22 01:24:04] Subto: 力挺扁食
[2026-02-22 01:24:04] bsqqaq: 这只猪真够大的，我隔着网线都看到了😄看我一把捏尸
[2026-02-22 01:24:04] 这首单曲: 没蜘蛛了？全军出击🦟🦗🐞🐜🐌🐝🦂🐛🦟🦗🐞🐜🐌🐝
[2026-02-22 01:24:04] 玩机器厦面鄙骰大: 玩神那么会杀，怎么不杀蚰蜒？？
[2026-02-22 01:24:04] 千晚Y: niko play
[2026-02-22 01:24:04] Aleksumimi: 你们千万不要比站搜索uid6512408举报房管布罗利啊
[2026-02-22 01:24:04] 刘刘的农: 你杀蜘蛛可以，别编🤣
[2026-02-22 01:24:04] 求奶女儿CC不是大美女: 公式化杀猪
[2026-02-22 01:24:04] CThun438: 他紫砂了😭😭😭
[2026-02-22 01:24:05] 梦蝉酱: 没蜘蛛了？全军出击🦟🦗🐞🐜🐌🐝🦂🐛🦟🦗🐞🐜🐌🐝
[2026-02-22 01:24:05] 佐藤零丶: 没蜘蛛了？全军出击🦟🦗🐞🐜🐌🐝🦂🐛🦟🦗🐞🐜🐌🐝
[2026-02-22 01:24:05] yuuik27: 　　　 你杀蜘蛛可以，别编🤣
[2026-02-22 01:24:05] bloody小黑: 没蜘蛛了？全军出击🦟🦗🐞🐜🐌🐝🦂🐛🦟🦗🐞🐜🐌🐝
[2026-02-22 01:24:05] 白皇的三千院Nagi本人: 🤫...仔细听....好像在煸🕷....
[2026-02-22 01:24:05] 丶小恐龙丶: 没蜘蛛了？全军出击🦟🦗🐞🐜🐌🐝🦂🐛🦟🦗🐞🐜🐌🐝
[2026-02-22 01:24:06] 西湖清浅: 没蜘蛛了？全军出击🦟🦗🐞🐜🐌🐝🦂🐛🦟🦗🐞🐜🐌🐝
[2026-02-22 01:24:06] astralis的jabbi本人: 没蜘蛛了？全军出击🦟🦗🐞🐜🐌🐝🦂🐛🦟🦗🐞🐜🐌🐝
[2026-02-22 01:24:06] viovvvvvvvon: 蜘蛛都能编啊。。。。nb
[2026-02-22 01:24:06] 中野家的三玖丈夫本人: @蟑螂：对的玩哥就这么鲨！
[2026-02-22 01:24:06] UFO233: 蜘蛛都能编啊。。。。nb
[2026-02-22 01:24:07] Subto: 力挺扁食
[2026-02-22 01:24:07] 推斯特zz: 玩神别编他的尸
[2026-02-22 01:24:07] deemljf: 蜘蛛:有挂真的，我明明一直在静步
[2026-02-22 01:24:07] 玩机器厦面鄙骰大: 玩神那么会杀，怎么不杀蚰蜒？？玩神那么会杀，怎么不杀蚰蜒？？
[2026-02-22 01:24:08] 闲人没了: 开看1-5，不看5-6，一直看5-11
[2026-02-22 01:24:08] 愿良辰美景: 蜘蛛都能编啊。。。。nb
[2026-02-22 01:24:08] MSK枫: 你杀蜘蛛可以，别编🤣
[2026-02-22 01:24:08] 容易被撩的大铲车: 没蜘蛛了？全军出击🦟🦗🐞🐜🐌🐝🦂🐛🦟🦗🐞🐜🐌🐝
[2026-02-22 01:24:08] 改名求中过奖: 　　　 没蜘蛛了？全军出击🦟🦗🐞🐜🐌🐝🦂🐛🦟🦗🐞🐜🐌🐝
[2026-02-22 01:24:08] 铃木佳奈助: 你杀蜘蛛可以，别编🤣
[2026-02-22 01:24:08] SKT的Faker本人: @蟑螂：对的玩哥就这么鲨！
[2026-02-22 01:24:08] LvvsiN: 我提一嘴这剧情越来越像上海major了
[2026-02-22 01:24:09] 好姐妹常陆茉子: 我被封了？编了一堆弹幕没人➕1
[2026-02-22 01:24:09] vgcyt: 卧槽，玩神也编 尸力挺niko了
[2026-02-22 01:24:09] bsqqaq: 这只猪真够大的，我隔着网线都看到了😄看我一把捏尸
[2026-02-22 01:24:09] Subto: 力挺扁食
[2026-02-22 01:24:09] 纪川6657: 玩大哥多久登山啊玩大哥多久登山啊玩大哥多久登山啊玩大哥多久登山啊玩大哥多久登山啊玩大哥多久登山啊玩大
[2026-02-22 01:24:09] ltachi7: 你一看你父亲就输了
[2026-02-22 01:24:10] AriselAlagadda: 你们千万不要比站搜索uid6512408举报房管布罗利啊
[2026-02-22 01:24:10] 怒之拳: 你杀蜘蛛可以，别编🤣
[2026-02-22 01:24:10] weapon丶X: 你们千万不要比站搜索uid6512408举报房管布罗利啊
[2026-02-22 01:24:10] GlockieSs:  我知道白皮不说，我再也不提niko编了😭别杀我
[2026-02-22 01:24:10] 乱七八糟chseeifl: 你杀蜘蛛可以，别编🤣
[2026-02-22 01:24:10] 爽吃猪头肉: 别杀这只猪😭
[2026-02-22 01:24:10] LvvsiN: 男人一生只哭十八次：niko十七次梦碎major正赛, niko梦碎里约major RMR
[2026-02-22 01:24:10] 玩俯卧撑、push-up: 没蜘蛛了？全军出击🦟🦗🐞🐜🐌🐝🦂🐛🦟🦗🐞🐜🐌🐝
[2026-02-22 01:24:11] Mouz的X9本人: 加拿大中国通就是喜欢杀蜘蛛是吧
[2026-02-22 01:24:11] 玩弓箭、Arrow: @蟑螂：对的玩哥就这么鲨！
[2026-02-22 01:24:11] 好哥们宇智波鼬: 你杀蜘蛛可以，别编🤣
[2026-02-22 01:24:11] 无极加贝: 仔细听，好像在编。。
[2026-02-22 01:24:11] viovvvvvvvon: 你杀蜘蛛可以，别编🤣
[2026-02-22 01:24:11] 倾盆大rain: @🕷️：不是这也贬？@🕷️：不是这也贬？@🕷️：不是这也贬？@🕷️：不是这也贬？
[2026-02-22 01:24:11] 丨ASAGI丨: 5-14
[2026-02-22 01:24:12] 迷你世界丁真学姐1: 没蜘蛛了？全军出击🦟🦗🐞🐜🐌🐝🦂🐛🦟🦗🐞🐜🐌🐝
[2026-02-22 01:24:12] djklyk: 你杀蜘蛛可以，别编🤣
[2026-02-22 01:24:12] 深夜煮面条: 5-14
[2026-02-22 01:24:12] LvvsiN: 其实碗橱就是猪灵，你不拿黄金丢他他就不跟你说话
[2026-02-22 01:24:13] 太行山积雪: 蜘蛛都能编啊。。。。nb
[2026-02-22 01:24:13] 杰洛齐贝林3: @🕷：机器，你做人可以的.....
[2026-02-22 01:24:13] 白环游: 蜘蛛都能编啊。。。。nb
[2026-02-22 01:24:13] 虚心坦懐: 玩神别杀我😭玩神别杀我😭玩神别杀我😭
[2026-02-22 01:24:13] 爱吃青椒的重曹酱: 别杀蜘蛛😭
[2026-02-22 01:24:14] 秋茶小雪: gg
[2026-02-22 01:24:14] 诸神释然: 老霸道了
[2026-02-22 01:24:14] xOcOg: 【格陵兰战报】目前大东指挥11回合，设备指挥5回合，大东指挥设备送14次，设备拿下关键击杀5个
[2026-02-22 01:24:14] LvvsiN: 别解说了 多聊会天 你不会真的以为能输吧
[2026-02-22 01:24:15] 淡然夏末的温存11: @niko：玩机器我命令你啥完必须要编一下😡
[2026-02-22 01:24:15] sadpunker: 10
[2026-02-22 01:24:15] viovvvvvvvon: 你一看你父亲就输了
[2026-02-22 01:24:15] 玩神的欢喜好有嚼劲: 没蜘蛛了？全军出击🦟🦗🐞🐜🐌🐝🦂🐛🦟🦗🐞🐜🐌🐝
[2026-02-22 01:24:15] 好姐妹冰川姐妹: gg
[2026-02-22 01:24:15] 石家庄的刘亦博本人: 好似
[2026-02-22 01:24:15] 求奶女儿CC不是大美女: 本是同根生
[2026-02-22 01:24:15] RabbitRay: 本来可以变蜘蛛侠的
[2026-02-22 01:24:15] 涂涂没吃饱: 蜘蛛:有挂真的，我明明一直在静步
[2026-02-22 01:24:16] 小小小炘: 5-14
[2026-02-22 01:24:16] 薄荷味小青瓜丷: 不是胞浆了么
[2026-02-22 01:24:16] i化石-: 没蜘蛛了？全军出击🦟🦗🐞🐜🐌🐝🦂🐛🦟🦗🐞🐜🐌🐝
[2026-02-22 01:24:16] bsqqaq: 这只猪真够大的，我隔着网线都看到了😄看我一把捏尸
[2026-02-22 01:24:16] 赛文CCC: 这只猪真够大的，我隔着网线都看到了😄看我一把捏尸
[2026-02-22 01:24:16] 玩艾玛丶Hiro: 你杀蜘蛛可以，别编🤣
[2026-02-22 01:24:16] 草莓冰酪: 玩神别编他的尸
[2026-02-22 01:24:17] wristuuio: 5-14
[2026-02-22 01:24:17] 我是一发精致的影压: 你杀蜘蛛可以，别编🤣
[2026-02-22 01:24:18] 一条无梦鱼: 嘘....仔细听，好像在编
[2026-02-22 01:24:18] 玩斯特出出6657: 急
[2026-02-22 01:24:18] 久遠寺有珠Alice: 玩神那么会杀，怎么不杀蚰蜒？？玩神那么会杀，怎么不杀蚰蜒？？
[2026-02-22 01:24:18] shanweii: 蜘蛛:有挂真的，我明明一直在静步
[2026-02-22 01:24:18] Vitality的Zyw0o0本人: 你们千万不要比站搜索uid6512408举报房管布罗利啊
[2026-02-22 01:24:18] ZZZQvQ丶: 没蜘蛛了？全军出击🦟🦗🐞🐜🐌🐝🦂🐛🦟🦗🐞🐜🐌🐝
[2026-02-22 01:24:18] 载物的艾7: 蜘蛛都能编啊。。。。nb
[2026-02-22 01:24:18] 田中口三才: gg
[2026-02-22 01:24:18] 用户02938034: 没蜘蛛了？全军出击🦟🦗🐞🐜🐌🐝🦂🐛🦟🦗🐞🐜🐌🐝
[2026-02-22 01:24:18] 冲上云霄的姨: 你们千万不要比站搜索uid6512408举报房管布罗利啊
[2026-02-22 01:24:18] 玩爱音丶Soyorin: 蜘蛛都能编啊。。。。nb
[2026-02-22 01:24:18] Evelexl: 没蜘蛛了？全军出击🦟🦗🐞🐜🐌🐝🦂🐛🦟🦗🐞🐜🐌🐝
[2026-02-22 01:24:18] 牟平鲁尼: 遗体告别了
[2026-02-22 01:24:19] 蜉蝣XwX: 蜘蛛都能编啊。。。。nb
[2026-02-22 01:24:19] arimrs: 你们千万不要比站搜索uid6512408举报房管布罗利啊
[2026-02-22 01:24:19] MuY1z: 你杀蜘蛛可以，别编🤣
[2026-02-22 01:24:19] 温柔是罪是罪吗: 开看1-5，不看5-6，一直看5-11
[2026-02-22 01:24:19] Mouz的X9本人: 加拿大中国通就是喜欢杀蜘蛛是吧
[2026-02-22 01:24:19] 理想零星: 爆
[2026-02-22 01:24:19] Chieri22: 没蜘蛛了？全军出击🦟🦗🐞🐜🐌🐝🦂🐛🦟🦗🐞🐜🐌🐝
[2026-02-22 01:24:19] 爱洛魔神仙台叶月: 你们千万不要比站搜索uid6512408举报房管布罗利啊
[2026-02-22 01:24:20] Hakurei-Re1mu: 再见了👋汤老弟
[2026-02-22 01:24:20] 呆妹儿的姑父: 有人不知悔改，迷雾中混淆黑白
[2026-02-22 01:24:20] 怒之拳: 蜘蛛:有挂真的，我明明一直在静步
[2026-02-22 01:24:20] 可怜的怕怕: 哈哈哈哈哈哈哈
[2026-02-22 01:24:20] 山田凉来了: 蜘蛛都能编啊。。。。nb
[2026-02-22 01:24:20] 卡啊卡卡丶: ？？？？
[2026-02-22 01:24:21] LettingItGO: 蜘蛛都能编啊。。。。nb
[2026-02-22 01:24:21] 卢广仲CrowdLu: 你把蜘蛛杀了，蚊子王朝了
[2026-02-22 01:24:21] 淡然夏末的温存11: @niko：玩机器我命令你啥完必须要编一下😡
[2026-02-22 01:24:21] 樱岛麻衣daisuki: 没蜘蛛了？全军出击🦟🦗🐞🐜🐌🐝🦂🐛🦟🦗🐞🐜🐌🐝
[2026-02-22 01:24:21] 久遠寺有珠Alice: 加拿大中国通就是喜欢杀蜘蛛是吧
[2026-02-22 01:24:21] 愿良辰美景: 蜘蛛:有挂真的，我明明一直在静步
[2026-02-22 01:24:21] GlockieSs: 我知道白皮不说，我再也不提niko编了😭别杀我
[2026-02-22 01:24:22] Yuuuzaki: @🕷：机器，你做人可以的.....
[2026-02-22 01:24:22] 水球碳酸饮料: 没蜘蛛了？全军出击🦟🦗🐞🐜🐌🐝🦂🐛🦟🦗🐞🐜🐌🐝
[2026-02-22 01:24:22] 四是四十四是四: 杀一个蜘蛛这么久，是不是扁石了？
[2026-02-22 01:24:22] 2442861055: 你杀蜘蛛可以，别编🤣
[2026-02-22 01:24:22] 刘坤牛子泡硫酸: 没蜘蛛了？全军出击🦟🦗🐞🐜🐌🐝🦂🐛🦟🦗🐞🐜🐌🐝
[2026-02-22 01:24:23] 到底怎么进钻粉群: 兄弟们，永恒世界真好玩，这辈子没玩过这么好玩的🧈
[2026-02-22 01:24:23] bsqqaq: 这只猪真够大的，我隔着网线都看到了😄看我一把捏尸
[2026-02-22 01:24:23] 说好的放送顺序呢: 蜘蛛o（╥﹏╥)o蜘蛛o（╥﹏╥)o蜘蛛o（╥﹏╥)o蜘蛛o（╥﹏╥)o
[2026-02-22 01:24:23] 永远爱玩宝宝: 再见了👋玩的父
[2026-02-22 01:24:23] tssJane: 杀了只🐷
[2026-02-22 01:24:23] 流光似水321: 喜欢编
[2026-02-22 01:24:23] 玩机器厦面鄙骰大: 玩神那么会杀，怎么不杀蚰蜒？？玩神那么会杀，怎么不杀蚰蜒？？
[2026-02-22 01:24:23] 哈哈鲤鱼哲: 5-14
[2026-02-22 01:24:24] 夜里喝咖啡: 蜘蛛都能编啊。。。。nb
[2026-02-22 01:24:24] 草莓冰酪: 嘘....仔细听，好像在编
[2026-02-22 01:24:24] 1略1略1略1: 玩神这么会杀，怎么没见你杀蚰蜒？
[2026-02-22 01:24:24] 好姐妹德克萨斯: 没蜘蛛了？全军出击🦟🦗🐞🐜🐌🐝🦂🐛🦟🦗🐞🐜🐌🐝
[2026-02-22 01:24:24] viovvvvvvvon: 你杀蜘蛛可以，别编🤣
[2026-02-22 01:24:24] 七海娜娜米Official: 蜘蛛:有挂真的，我明明一直在静步
[2026-02-22 01:24:25] 狸的青龙刀: 5-14的防守大师
[2026-02-22 01:24:25] 诸葛一言: 别杀蜘蛛😭别杀蜘蛛😭别杀蜘蛛😭别杀蜘蛛😭别杀蜘蛛😭
[2026-02-22 01:24:25] bsqqaq: 这只猪真够大的，我隔着网线都看到了😄看我一把捏尸
[2026-02-22 01:24:26] 静寂风: ？
[2026-02-22 01:24:26] arimrs: 爆
[2026-02-22 01:24:26] 牢大与小布丁: 你们千万不要比站搜索uid6512408举报房管布罗利啊
[2026-02-22 01:24:26] 过着平静的生活: 激动的话都说反了
[2026-02-22 01:24:26] 北宇治拳王久石奏: 拍碎了都
[2026-02-22 01:24:26] cyding16: 挥刀向蜘蛛了
[2026-02-22 01:24:26] 小川阿丶: ？
[2026-02-22 01:24:26] jamesfaith23: 蜘蛛都能编啊。。。。nb
[2026-02-22 01:24:27] 大大粽将军: 啊 蜘蛛倒了~
[2026-02-22 01:24:27] 游戏卫星: 蜘蛛都能编啊。。。。nb
[2026-02-22 01:24:27] 田中口三才: 你杀蜘蛛可以，别编🤣
[2026-02-22 01:24:27] 好兄弟鲁迪乌斯: 爆
[2026-02-22 01:24:27] 晞圣莱恩: 蜘蛛:有挂真的，我明明一直在静步
[2026-02-22 01:24:27] 马猴烧酒小地瓜: @niko：玩机器我命令你啥完必须要编一下😡
[2026-02-22 01:24:28] ctg小葵: 这BB有个8号载物 老汤怎么赢啊
[2026-02-22 01:24:28] 玩刘农device: ？
[2026-02-22 01:24:28] 专看玩机器的号: 爆
[2026-02-22 01:24:28] JuL1us: 爆
[2026-02-22 01:24:28] Acm3Omn1: ？
[2026-02-22 01:24:28] valorant玩机器: 报了
[2026-02-22 01:24:28] 爱吃青椒的重曹酱: 你杀蜘蛛可以，别编🤣
[2026-02-22 01:24:28] 木林森969585: 别杀蜘蛛😭别杀蜘蛛😭别杀蜘蛛😭别杀蜘蛛😭别杀蜘蛛😭
[2026-02-22 01:24:28] Sirius丶BIack: 藏起来，关摄像头的时候偷偷吃掉
[2026-02-22 01:24:28] hutji: 你杀蜘蛛可以，别编🤣
[2026-02-22 01:24:29] arimrs: ？？？？？
[2026-02-22 01:24:29] bsqqaq: ？
[2026-02-22 01:24:29] User5092: 善意引导
[2026-02-22 01:24:29] MSK枫: 苍蝇这招太狠了
[2026-02-22 01:24:29] 不务正业127: 爆
[2026-02-22 01:24:29] KevinTheFool: 爆
[2026-02-22 01:24:29] 双刀牛TMac: niko play
[2026-02-22 01:24:29] 迪奥雷: 暴
[2026-02-22 01:24:29] 丰川祥子口三角初华: niko play
[2026-02-22 01:24:29] 还有时间日落之前: 你杀蜘蛛可以，别编🤣
[2026-02-22 01:24:30] 正经猪头肉: 爆
[2026-02-22 01:24:30] 虎皮奶酪: 嘘....仔细听，好像在编
[2026-02-22 01:24:30] 2442861055: ？
[2026-02-22 01:24:30] 玩斯特出出6657: 爆
[2026-02-22 01:24:30] 丰川祥子的皮鞋: 蜘蛛都能编啊。。。。nb
[2026-02-22 01:24:30] HisuiHearts: ？
[2026-02-22 01:24:30] yinyao1231: 爆
[2026-02-22 01:24:30] xjdnshxjdka: 蜘蛛:有挂真的，我明明一直在静步
[2026-02-22 01:24:30] LucifermsL18064: 语气不对了
[2026-02-22 01:24:31] 爱斯忑音音: 串
[2026-02-22 01:24:31] 暴力卓司: 爆
[2026-02-22 01:24:31] zin桀zera: 蜘蛛都能编啊。。。。nb
[2026-02-22 01:24:31] 网瘾少年诺里斯: 扁蜘蛛石体你是人啊
[2026-02-22 01:24:31] 我永远喜欢花园多惠: 懂你意思
[2026-02-22 01:24:31] 压缩vs蛮晚: 蜘蛛:有挂真的，我明明一直在静步
[2026-02-22 01:24:31] 细菌P: 你们千万不要比站搜索uid6512408举报房管布罗利啊
[2026-02-22 01:24:31] kyubit: 爆
[2026-02-22 01:24:31] Eirir: 善意引导
[2026-02-22 01:24:32] wank机器: 算的
[2026-02-22 01:24:32] bsqqaq: 这只猪真够大的，我隔着网线都看到了😄看我一把捏尸
[2026-02-22 01:24:32] 羽川翼的恋爱物语: 不算吗
[2026-02-22 01:24:32] 七色的人偶使者: 引导
[2026-02-22 01:24:32] 乱七八糟chseeifl: 不然呢？
[2026-02-22 01:24:32] djklyk: 爆
[2026-02-22 01:24:32] 小川阿丶: 哈哈哈哈哈哈哈哈哈哈哈
[2026-02-22 01:24:32] 呆妹儿的姑父: 有人不知悔改，迷雾中混淆黑白
[2026-02-22 01:24:33] 好姐妹倉田真白: 爆
[2026-02-22 01:24:33] 青蘖: 你杀蜘蛛可以，别编🤣
[2026-02-22 01:24:33] 尝试切他中路灬: 急了
[2026-02-22 01:24:33] 田中口三才: 爆
[2026-02-22 01:24:33] 载物唯一GOAT: 哈哈哈哈哈哈
[2026-02-22 01:24:33] viovvvvvvvon: 拍碎了都
[2026-02-22 01:24:33] Subto: niko play
[2026-02-22 01:24:33] Dartline: 不好说
[2026-02-22 01:24:33] 足音: 语气不对了
[2026-02-22 01:24:34] 羊驼主播: 不算吗？
[2026-02-22 01:24:34] 我是一个医保卡: 爆
[2026-02-22 01:24:34] 德莉莎超可矮: 报
[2026-02-22 01:24:34] z泽村英梨梨i: 爆
[2026-02-22 01:24:34] Hakurei-Re1mu: 、没蜘蛛了？全军出击🦟🦗🐞🐜🐌🐝🦂🐛🦟🦗🐞🐜🐌🐝
[2026-02-22 01:24:34] 套娃狗头: 爆
[2026-02-22 01:24:34] 安觉angle: 爆
[2026-02-22 01:24:34] chordclef: 爆
[2026-02-22 01:24:34] mujica的长崎素世本人: 善意引导
[2026-02-22 01:24:34] 玉蜀黍巧克力: 爆
[2026-02-22 01:24:35] LvvsiN: 就tm喜欢银行业🥰银行坏账我喜欢🥰银行挤兑我还喜欢😍利率调低我也喜欢🤤老子亲烂银行业的脸😘
[2026-02-22 01:24:35] 牧瀨紅莉栖awa: 引导
[2026-02-22 01:24:35] 石家庄的刘亦博本人: 不算在哪
[2026-02-22 01:24:35] cccexe: 爆
[2026-02-22 01:24:35] 不知名贝斯手: 爆
[2026-02-22 01:24:35] BleksiA: 懂你意思
[2026-02-22 01:24:35] 玩斯特机机: 懂你意思
[2026-02-22 01:24:36] 不吃晃的狙击手: 爆
[2026-02-22 01:24:36] xxx2xxx: 鲍了
[2026-02-22 01:24:36] CRYCHIC的若葉睦本人: 善意引导
[2026-02-22 01:24:36] 草莓冰酪: 善意处理尸体
[2026-02-22 01:24:36] jamesfaith23: 爆
[2026-02-22 01:24:36] Ba1C08: 善意的
[2026-02-22 01:24:36] qqwq111: 友好互动
[2026-02-22 01:24:36] CThun438: 伟伟play了
[2026-02-22 01:24:36] Faze的明日香本人: 玩各别说了我害怕
[2026-02-22 01:24:36] desuwa的丰川祥子本人: 急了
[2026-02-22 01:24:37] LvvsiN: 你这音画不同步太难受了，我都听到NIKO里约RMR晋级的欢呼了
[2026-02-22 01:24:37] Saiki559: 善意引导
[2026-02-22 01:24:37] 用户30639588: 爆
[2026-02-22 01:24:37] Hakurei-Re1mu: 没蜘蛛了？全军出击🦟🦗🐞🐜🐌🐝🦂🐛🦟🦗🐞🐜🐌🐝
[2026-02-22 01:24:37] NES丶大白白白呐: 引导
[2026-02-22 01:24:37] 玩神的欢喜好有嚼劲: nota
[2026-02-22 01:24:37] 约渊: 哈哈哈哈哈哈
[2026-02-22 01:24:37] Mouz的X9本人: 加拿大中国通就是喜欢杀蜘蛛是吧
[2026-02-22 01:24:38] 太沙基Terzaghi: 超级大爆
[2026-02-22 01:24:38] 不务正业127: 引导
[2026-02-22 01:24:38] Lack13: 算的
[2026-02-22 01:24:38] 说好的放送顺序呢: 蜘蛛o（╥﹏╥)o
[2026-02-22 01:24:38] 淡然夏末的温存11: @niko：玩机器我命令你啥完必须要编一下😡
[2026-02-22 01:24:38] Dartline: 语气对咯
[2026-02-22 01:24:38] 丿炮炮丶: 善意引导
[2026-02-22 01:24:39] 甘織玲奈子: 爆
[2026-02-22 01:24:39] Natsu51776: 善意处理尸体
[2026-02-22 01:24:39] Aysell: 急死了
[2026-02-22 01:24:39] 菠萝狗: 想登山了
[2026-02-22 01:24:39] 铃木佳奈助: 懂你意思
[2026-02-22 01:24:39] plumoon0: 懂你意思
[2026-02-22 01:24:39] 2332lla: 急了，脸色不对了，赶紧登山
[2026-02-22 01:24:39] dark1337: 洗
[2026-02-22 01:24:39] Traveler蛋: 　　　 懂你意思
[2026-02-22 01:24:39] desuwa的丰川祥子本人: 爆
[2026-02-22 01:24:40] RinKa凛花: 老爸被盗了
[2026-02-22 01:24:40] 叶樱梦: 不是善意互动？
[2026-02-22 01:24:40] 晨风凌云21146: 、没蜘蛛了？全军出击🦟🦗🐞🐜🐌🐝🦂🐛🦟🦗🐞🐜🐌🐝
[2026-02-22 01:24:40] 大裂谷的登山家: 善意处理尸体
[2026-02-22 01:24:40] 麻将高手八木唯: 那肯定算
[2026-02-22 01:24:40] Golpeame: 蜘蛛:有挂真的，我明明一直在静步
[2026-02-22 01:24:40] 温柔是罪是罪吗: 爆
[2026-02-22 01:24:40] Tomorin丶: 引导
[2026-02-22 01:24:41] 草莓冰酪: 善意处理尸体
[2026-02-22 01:24:41] 天残少女王朗: 友好互动
[2026-02-22 01:24:41] 天魔外道y: 友好互动
[2026-02-22 01:24:41] qw12340867: 善意引导
[2026-02-22 01:24:41] 三零一路公交司机: 善意引导
[2026-02-22 01:24:41] Jira1ya0: 语气对了
[2026-02-22 01:24:41] 呆毛帝国皇家御用大厨: 、没蜘蛛了？全军出击🦟🦗🐞🐜🐌🐝🦂🐛🦟🦗🐞🐜🐌🐝
[2026-02-22 01:24:41] 迪奥雷: niko
[2026-02-22 01:24:42] 逗b乐double: 一辈子就拿四个major啊，5-14跟条区一样！
[2026-02-22 01:24:42] JoeyEason: 语气对了
[2026-02-22 01:24:42] 甘織玲奈子: 没蜘蛛了？全军出击🦟🦗🐞🐜🐌🐝🦂🐛🦟🦗🐞🐜🐌🐝
[2026-02-22 01:24:42] bsqqaq: r.i.p
[2026-02-22 01:24:42] 玩艾玛丶Hiro: 没蜘蛛了？全军出击🦟🦗🐞🐜🐌🐝🦂🐛🦟🦗🐞🐜🐌🐝
[2026-02-22 01:24:42] Vurtne: 引导
[2026-02-22 01:24:42] 让风告诉你h: 善意引导
[2026-02-22 01:24:42] 玩虾哥丶Prawniko: 哈哈哈哈
[2026-02-22 01:24:42] Pioneer893: 没蜘蛛了？全军出击🦟🦗🐞🐜🐌🐝🦂🐛🦟🦗🐞🐜🐌🐝
[2026-02-22 01:24:43] LvvsiN: 额，拿亚军我都会，拿亚军，拿季军，拿四强，拿八强，拿十六强，呃拿冠军我不会，然后小组赛淘汰
[2026-02-22 01:24:43] 杀杀杀杀人弟: 懂你意思
[2026-02-22 01:24:43] ArZhe阿哲: 善意处理尸体
[2026-02-22 01:24:43] Yuuuzaki: 没蜘蛛了？全军出击🦟🦗🐞🐜🐌🐝🦂🐛🦟🦗🐞🐜🐌🐝
[2026-02-22 01:24:43] 安分小已的小青春: 没蜘蛛了？全军出击🦟🦗🐞🐜🐌🐝🦂🐛🦟🦗🐞🐜🐌🐝
[2026-02-22 01:24:43] 好兄弟鲁迪乌斯: 爆
[2026-02-22 01:24:43] 佐藤零丶: 善意处理尸体
[2026-02-22 01:24:43] 半盏明月台: 善意引导
[2026-02-22 01:24:43] RabbitRay: 下一局一开尸体不就没了么
[2026-02-22 01:24:43] weapon丶X: 急了，脸色不对了，赶紧登山
[2026-02-22 01:24:44] Acm3Omn1: 引导
[2026-02-22 01:24:44] 假打奇趣蛋: 你已急哭
[2026-02-22 01:24:44] 羊驼主播: 善意处理尸体
[2026-02-22 01:24:44] Wangzap: @大表🕷️：谢谢玩机器送我的睡袋，很舒服
[2026-02-22 01:24:44] 贰壹壹壹: 血腥直播间
[2026-02-22 01:24:44] 三零一路公交司机: 善意处理尸体
[2026-02-22 01:24:45] Saiki559: 玩神只是友好互动罢了
[2026-02-22 01:24:45] CLANCHIC的Tomorain本人: 不是善意互动？
[2026-02-22 01:24:45] Abc丶Ss: 善意处理尸体
[2026-02-22 01:24:45] bsqqaq: 这只猪真够大的，我隔着网线都看到了😄看我一把捏尸
[2026-02-22 01:24:45] 好哥们黑龙歼灭刀: 没人觉得Niko进决赛却不夺冠也是在编maj0r尸吗
[2026-02-22 01:24:45] 游戏卫星: 善意处理尸体
[2026-02-22 01:24:46] Rinnow: 善意处理尸体
[2026-02-22 01:24:46] desuwa的丰川祥子本人: 语气不对了
[2026-02-22 01:24:46] 哈哈鲤鱼哲: 善意的
[2026-02-22 01:24:46] 克里斯多夫之死: 友好互动
[2026-02-22 01:24:46] 硫磺祥: 血肉模糊
[2026-02-22 01:24:46] 白环游: 语气对了
[2026-02-22 01:24:46] 丰III祥子: 杀只猪？镜头里的猪也没见你杀啊
[2026-02-22 01:24:47] 千百度897: 引导
[2026-02-22 01:24:47] 无极加贝: 二次元
[2026-02-22 01:24:47] 天赐空成: 我说实话啊机器，这个100t现在狙击手马上就要失业了
[2026-02-22 01:24:47] AV熊: 杀完只猪怎么还有只猪？
[2026-02-22 01:24:47] 半盏明月台: 语气对了
[2026-02-22 01:24:47] 星梦寻耀: 语气不对劲了🤨
[2026-02-22 01:24:48] AmamiyaIori: 友好互动
[2026-02-22 01:24:48] 房同学19554: 再见了，刘老农 再见了，刘老农 再见了，刘老农
[2026-02-22 01:24:48] 载物的艾7: 原来NIKO是搬运试题
[2026-02-22 01:24:48] NatsuROSE: 善意处理尸体
[2026-02-22 01:24:48] 容易被撩的大铲车: 善意引导
[2026-02-22 01:24:48] 空对月: niko也干了
[2026-02-22 01:24:48] ST骑士: 善意的编
[2026-02-22 01:24:48] 什么罐头我说男人: 蜘蛛没爆弹？
[2026-02-22 01:24:49] 愿良辰美景: 玩神只是友好互动罢了
[2026-02-22 01:24:49] 是小兔呀i: 扁尸
[2026-02-22 01:24:49] Subto: 善意处理尸体
[2026-02-22 01:24:49] Wangzap: @大表🕷️：谢谢玩机器送我的睡袋，很舒服
[2026-02-22 01:24:49] 记得少吃外卖玩宝宝: @Niko：我也是这么想的
[2026-02-22 01:24:49] 好姐妹倉田真白: 善意引导
[2026-02-22 01:24:49] 艺术冰霜: Niko也是这么想的……
[2026-02-22 01:24:49] Aiwwal: 善意引导
[2026-02-22 01:24:50] 爱吃青椒的重曹酱: ？？？？？
[2026-02-22 01:24:50] kyubit: 扁了
[2026-02-22 01:24:50] Golpeame: 、没蜘蛛了？全军出击🦟🦗🐞🐜🐌🐝🦂🐛🦟🦗🐞🐜🐌🐝
[2026-02-22 01:24:50] MSK枫: 我去，玩大哥捡了张纸回头又遍一次是什么意思
[2026-02-22 01:24:50] 我有一对电动大牛子: 布罗利要封你了玩大哥
[2026-02-22 01:24:50] Vitality的羽贺文乃本人: ？
[2026-02-22 01:24:50] 我是一个医保卡: 善意处理尸体
[2026-02-22 01:24:50] 小川阿丶: 善意引导
[2026-02-22 01:24:50] 立希Rikki: 善意引导
[2026-02-22 01:24:50] 丶丶Ken丶丶: 善意处理尸体
[2026-02-22 01:24:50] 玩爱音丶Soyorin: 二次元
[2026-02-22 01:24:50] Sleepqas: 善意处理尸体
[2026-02-22 01:24:50] VI将臣: 懂你意思
[2026-02-22 01:24:51] djklyk: 善意处理尸体
[2026-02-22 01:24:51] RinKa凛花: 老爸被盗了
[2026-02-22 01:24:51] 你最珍贵: 二次元
[2026-02-22 01:24:51] 一不小心丶就丶: 善意处理尸体
[2026-02-22 01:24:51] 老婆是可可萝: 继b8在遗迹送走老汤之后bb也在遗迹逮捕了老汤
[2026-02-22 01:24:51] 珠珠团子: 二次元了
[2026-02-22 01:24:51] 夏茜色: 扁尸
[2026-02-22 01:24:52] 暴力卓司: 那niko为什么要编？
[2026-02-22 01:24:52] 求奶女儿CC不是大美女: 二次元
[2026-02-22 01:24:52] 宇莓: @Niko：我就是想擦一下地
[2026-02-22 01:24:52] liondarin: 二次元了
[2026-02-22 01:24:52] MiniHerc: 善意处理尸体
[2026-02-22 01:24:52] 一条无梦鱼: NIKO：似去的NOTA也很恐怖啊，有人懂吗
[2026-02-22 01:24:52] 水球碳酸饮料: 善意处理尸体
[2026-02-22 01:24:52] 二着先生尼古拉: 杀完只猪怎么还有只猪？
[2026-02-22 01:24:53] N0MORE: Niko：死去的nota也很恐怖啊
[2026-02-22 01:24:53] Light43905: 友好互动了
[2026-02-22 01:24:53] Sannn丶: 虾片
[2026-02-22 01:24:53] 白河日和: 玩机器说禁词了，房管封一下
[2026-02-22 01:24:53] arimrs: 善意引导
[2026-02-22 01:24:53] 好姐妹疯穿箱子: 再见了，刘老农 再见了，刘老农 再见了，刘老农
[2026-02-22 01:24:53] 一条也够: 被动编
[2026-02-22 01:24:53] 奥拉夫的蛋炒饭: Niko也是这么想的……
[2026-02-22 01:24:54] 虚心坦懐: 神爱杀蜘蛛太符合我的世界观了
[2026-02-22 01:24:54] 可达鸭不会游泳: 其实蜘蛛是假死，玩大哥便的没毛病
[2026-02-22 01:24:54] 困惑地熊猫: 善意引导
[2026-02-22 01:24:54] 应感激忠心的伴侣: 懂你意思
[2026-02-22 01:24:54] 间桐樱本人: @Niko:我也只是在擦拭nota的血迹,挡着我拆包了
[2026-02-22 01:24:54] 收妖sama: niko play
[2026-02-22 01:24:54] 玩斯特出出6657: 原来niko是为了帮nota擦血
[2026-02-22 01:24:54] 刘刘的农: 善意处理尸体
[2026-02-22 01:24:55] desuwa的丰川祥子本人: 善意引导
[2026-02-22 01:24:55] lancer233: 玩大哥还是没忍住啊
[2026-02-22 01:24:55] 十王星南: zywoo＼niko play
[2026-02-22 01:24:55] 愿良辰美景: 二次元了
[2026-02-22 01:24:55] 李小小与虾大大: 玩机器（看我装唐逗弹幕开心😁）👀（别编蜘蛛）😭
[2026-02-22 01:24:56] 爱吃青椒的重曹酱: 别杀蜘蛛😭
[2026-02-22 01:24:56] broky我的GOAT: 善意引导
[2026-02-22 01:24:56] 怒之拳: 善意引导
[2026-02-22 01:24:56] oOM18HellcatOo: 弦化了
[2026-02-22 01:24:56] 不吃晃的狙击手: 玩神只是友好互动罢了
[2026-02-22 01:24:56] 迪奥雷: 流脓
[2026-02-22 01:24:56] 欧气来我家: cs
[2026-02-22 01:24:57] 冬原春希: 扁 尸
[2026-02-22 01:24:57] 挥泪斩楚狗: eco就能杀的虫子，你非要全枪全弹，真是菜完了
[2026-02-22 01:24:57] 咸鱼红茶: 善意扁食
[2026-02-22 01:24:57] Dartline: 我去，玩大哥捡了张纸回头又遍一次是什么意思
[2026-02-22 01:24:57] ta是信仰: 这是和蜘蛛友好互动
[2026-02-22 01:24:57] Aleksumimi: @niko：死去的nota也很恐怖啊😖😖😖
[2026-02-22 01:24:57] 吃猪头肉筷子夹屏幕上: 扁尸
[2026-02-22 01:24:58] 安菲尔德的铁棍本人: 变成二次元了
[2026-02-22 01:24:58] SlimBrady: 第一枪咑在了诸葛给的战术本上 他约好要和发小重铸A队荣光
[2026-02-22 01:24:58] 老丶酒: 蜘蛛zip
[2026-02-22 01:24:58] 林寒轻: 你用什么处理的？也是AWP吗？
[2026-02-22 01:24:58] bsqqaq: 扁尸
[2026-02-22 01:24:58] 用户0998309318: 扁食
[2026-02-22 01:24:58] 玩机儿、Machiba: @Niko：我就是想擦一下地
[2026-02-22 01:24:58] 德莉莎超可矮: 砂🐷不虐🐷
[2026-02-22 01:24:58] dark1337: @niko：我也这样觉得，那偷我evp的恶 心受不了
[2026-02-22 01:24:59] Mam1ka: 引导
[2026-02-22 01:24:59] 呆妹儿的姑父: 有人不知悔改，迷雾中混淆黑白
[2026-02-22 01:24:59] 玩机器今晚还播吗: 被关进黑屋的玩小将也可怕吗
[2026-02-22 01:24:59] 夜里喝咖啡: 善意处理尸体
[2026-02-22 01:24:59] Wangzap: @大表🕷️：谢谢玩机器送我的睡袋，很舒服
[2026-02-22 01:24:59] 冰棍晓夜: 踢对了
[2026-02-22 01:24:59] 薯薯在孩孩洞洞刘农: Niko也是这么想的……
[2026-02-22 01:25:00] 好姐妹五更琉璃喵: 弦化了
[2026-02-22 01:25:00] wedd1ddeJodd: 布罗利要封你了玩大哥
[2026-02-22 01:25:00] Aysell: Niko：死去的NOTA也很恐怖啊，有人懂吗
[2026-02-22 01:25:00] 愿良辰美景: 玩大哥还是没忍住啊
[2026-02-22 01:25:00] Mouz的X9本人: 善意处理尸体
[2026-02-22 01:25:00] rxzdcjszds: 友好互动
[2026-02-22 01:25:00] 玩玩今天吃什么: 玩大哥还是没忍住啊
[2026-02-22 01:25:00] HaibaraAi1109: 原来niko是为了帮nota擦血
[2026-02-22 01:25:00] 石家庄的刘亦博本人: @Niko：我就是想擦一下地
[2026-02-22 01:25:01] TheMongolZ的上单本人: 善意处理尸体
[2026-02-22 01:25:01] 天残少女王朗: 布罗利要封你了玩大哥
[2026-02-22 01:25:01] 草莓冰酪: 玩神只是友好互动罢了
[2026-02-22 01:25:01] LvvsiN: 额，拿亚军我都会，拿亚军，拿季军，拿四强，拿八强，拿十六强，呃拿冠军我不会，然后小组赛淘汰
[2026-02-22 01:25:01] 落夜会: 当你在家里看到一只蜘蛛时，家里已经有蜘蛛窝了。。
[2026-02-22 01:25:01] 抓住肉肉啃: 玩大哥还是没忍住啊
[2026-02-22 01:25:02] Q1ed7f9c85b3bc7571: 友好互动
[2026-02-22 01:25:02] 丰川小祥圆圆脸: 扁尸
[2026-02-22 01:25:02] 玩艾玛丶Hiro: @没蜘蛛了？全军出击🦟🦗🐞🐜🐌🐝🦂🐛🦟🦗🐞🐜🐌🐝
[2026-02-22 01:25:02] Saiki559: 这是和蜘蛛友好互动
[2026-02-22 01:25:02] 冲上云霄的姨: 玩大哥还是没忍住啊
[2026-02-22 01:25:02] 虹薼: 用你的游戏理解就是友好互动
[2026-02-22 01:25:03] 2332lla: @niko：死去的nota也很恐怖啊😖😖😖
[2026-02-22 01:25:03] 软糯小小祥: 其实蜘蛛是假死，玩大哥便的没毛病
[2026-02-22 01:25:03] syzsea33: Niko：死去的nota也很恐怖啊
[2026-02-22 01:25:03] 想和阿飞抹茶三披: @🕷️：为什么先用拖鞋拍完，还要掏刀？等下，怎么还脱睡裤把狙掏出来了？？？
[2026-02-22 01:25:03] 迷你世界丁真学姐1: zywoo＼niko play
[2026-02-22 01:25:03] 网瘾少年诺里斯: device五杀了
[2026-02-22 01:25:04] 蓝原延渚: niko play
[2026-02-22 01:25:04] 用户3661578: 磨着编吗。。
[2026-02-22 01:25:04] 冷淡ld: 你用什么处理的？也是AWP吗？
[2026-02-22 01:25:04] 乌鸦晒不黑: 没纱窗了？全军进攻🦟🦗🐞🐜🐌🐝🕷🦂🐛🦟🦗🐞🐜🐌
[2026-02-22 01:25:04] 好姐妹志琦桦音desuwa: 下回合就会自动清掉
[2026-02-22 01:25:04] 丿炮炮丶: 卡拉彼丘
[2026-02-22 01:25:04] bloody小黑: 去二次元了
[2026-02-22 01:25:04] Dartline: @niko：死去的nota也很恐怖啊😖😖😖
[2026-02-22 01:25:05] 冰封樱花: 善意处理尸体
[2026-02-22 01:25:05] 舞台剧魔神长期术士: 善意处理尸体
[2026-02-22 01:25:05] 时限沙漏: 玩大哥还是没忍住啊
[2026-02-22 01:25:05] UriFzz: 善意处理尸体
[2026-02-22 01:25:05] RyeHS: 你已急哭
[2026-02-22 01:25:05] 阿诺0821: 汤汤雨雨鱼塘翻车
[2026-02-22 01:25:06] 想吃油泼面87: u語氣對了
[2026-02-22 01:25:06] Moe1e: 蜘蛛吗？
[2026-02-22 01:25:06] KatoM3gum1: 玩神只是友好互动罢了
[2026-02-22 01:25:06] 杰尼的小迷弟: @niko：死去的nota也很恐怖啊😖😖😖
[2026-02-22 01:25:06] 用户02938034: @niko：死去的nota也很恐怖啊😖😖😖
[2026-02-22 01:25:06] Saiki559: 你用什么处理的？也是AWP吗？
[2026-02-22 01:25:07] 双刀牛TMac: @niko：死去的nota也很恐怖啊😖😖😖
[2026-02-22 01:25:07] 深巷里的少年与猫丿: 善意处理尸体
[2026-02-22 01:25:07] 黄色偶像大师: 踢对了
[2026-02-22 01:25:07] 玩刘农device: @niko：死去的nota也很恐怖啊😖😖😖
[2026-02-22 01:25:07] 天守阁信长: 用你的游戏理解就是友好互动
[2026-02-22 01:25:07] 机器的稿完: 原来niko是在擦对面的尸体啊
[2026-02-22 01:25:07] 德莉莎超可矮: 布罗利要封你了玩大哥
[2026-02-22 01:25:08] 瑭珏: Niko：死去的nota也很恐怖啊
[2026-02-22 01:25:08] 漩涡章鱼: @Niko：我就是想擦一下地
[2026-02-22 01:25:08] Yuuuzaki: 100T主狙太菜了……
[2026-02-22 01:25:08] 石家庄特色猪油火锅: 变成二次元了
[2026-02-22 01:25:08] 马猴烧酒小地瓜: 你小心点，你房管马上封你
[2026-02-22 01:25:09] 半盏明月台: 5-14，太有实力了
[2026-02-22 01:25:09] 爽吃猪头肉: 踢对了
[2026-02-22 01:25:09] Shadow丶zed: @Niko：我就是想擦一下地
[2026-02-22 01:25:09] 玩玩今天吃什么: 布罗利要封你了玩大哥
[2026-02-22 01:25:09] 无7441158: 玩神只是友好互动罢了
[2026-02-22 01:25:09] Saiki559: Niko：死去的nota也很恐怖啊
[2026-02-22 01:25:09] 用户0220064326: 玩大哥还是没忍住啊
[2026-02-22 01:25:09] hxyvraf: @niko：死去的nota也很恐怖啊😖😖😖
[2026-02-22 01:25:10] MrAndenson: 玩机器力挺niko合理处理尸体
[2026-02-22 01:25:10] 可怜的怕怕: 888888888888888888888
[2026-02-22 01:25:10] 时间就是深海咸鱼: @niko：死去的nota也很恐怖啊😖😖😖
[2026-02-22 01:25:10] 天上的星河Cloture: 哎，那只蜘蛛之前采访说过是刘亦博粉丝……😔😔
[2026-02-22 01:25:10] 你最珍贵: niko play
[2026-02-22 01:25:10] 直播间最有品味的人: Niko：死去的nota也很恐怖啊
[2026-02-22 01:25:10] 牟平鲁尼: 卧槽，老汤五杀了
[2026-02-22 01:25:11] yuuik27: Niko：死去的nota也很恐怖啊
[2026-02-22 01:25:11] 讽风有情: @niko：死去的nota也很恐怖啊😖😖😖
[2026-02-22 01:25:11] 用户1424229214: 玩神只是友好互动罢了
[2026-02-22 01:25:11] 普通的用户7756: @niko：死去的nota也很恐怖啊😖😖😖
[2026-02-22 01:25:11] 失去了才会珍惜649: 玩大哥还是没忍住啊
[2026-02-22 01:25:12] Saiki559: 善意处理尸体
[2026-02-22 01:25:12] Vitality的羽贺文乃本人: @niko：死去的nota也很恐怖啊😖😖😖
[2026-02-22 01:25:12] Peko-: 玩神只是友好互动罢了
[2026-02-22 01:25:12] 爱洛魔神仙台叶月: 完了，加一了个爆的，7天后见了
[2026-02-22 01:25:12] Eirir: 摊完了
[2026-02-22 01:25:12] 怠惰大罪司教ovo: @niko：死去的nota也很恐怖啊😖😖😖
[2026-02-22 01:25:12] 感到快乐你就开开箱: Niko：死去的nota也很恐怖啊
[2026-02-22 01:25:12] 希望fgo越办越好: 布罗利，布家利，布斯利，布拔利
[2026-02-22 01:25:13] 来杯浓硫酸压压惊: 死nota吓傻活niko
[2026-02-22 01:25:13] 刘刘的农: @niko：死去的nota也很恐怖啊😖😖😖
[2026-02-22 01:25:13] hxyvraf: 其实蜘蛛是假死，玩大哥便的没毛病
[2026-02-22 01:25:13] Mouz的X9本人: @🕷️：为什么先用拖鞋拍完，还要掏刀？等下，怎么还脱睡裤把狙掏出来了？？？
[2026-02-22 01:25:13] 向日葵Samurai: siren和siran
[2026-02-22 01:25:14] Rinnow: @niko：死去的nota也很恐怖啊😖😖😖
[2026-02-22 01:25:14] 7黑夜不再来: @niko：死去的nota也很恐怖啊😖😖😖
[2026-02-22 01:25:14] 最喜欢清光: 善意处理尸体
[2026-02-22 01:25:14] 呆妹儿的姑父: 有人不知悔改，迷雾中混淆黑白
[2026-02-22 01:25:15] CThun438: Niko：死去的nota也很恐怖啊
[2026-02-22 01:25:15] 天守阁信长: Niko：死去的nota也很恐怖啊
[2026-02-22 01:25:15] HyperDespot: 原来niko也是怕nota的尸啊
[2026-02-22 01:25:15] 纪川6657: @niko：死去的nota也很恐怖啊😖😖😖
[2026-02-22 01:25:15] SlimBrady: 第三枪咑在了6657的背景弹幕上 他约好要让儿子开怀大孝
[2026-02-22 01:25:15] Aiwwal: 你拿纸巾当然不算“已屏蔽”了啊
[2026-02-22 01:25:15] 桂林米粉比较好吃: @niko：死去的nota也很恐怖啊😖😖😖
[2026-02-22 01:25:16] Crych1c的若叶睦本人: Niko：死去的nota也很恐怖啊
[2026-02-22 01:25:16] 爱吃青椒的重曹酱: 力挺扁食
[2026-02-22 01:25:16] 共我放心探戈gwfxtg: 设备能别坑我大东了吗
[2026-02-22 01:25:16] 衣服Kaiju: Niko：当时我怎么没想到这说辞
[2026-02-22 01:25:17] GoodLuck7777: @niko：死去的nota也很恐怖啊😖😖😖
[2026-02-22 01:25:17] xOcOg: 拿狙检查一下敌人是否还活着也算编啊。。。nb
[2026-02-22 01:25:17] 无伟契约: 善意边
[2026-02-22 01:25:17] 鹅地霸霸: 原来niko是想拿走nota的尸体，破案了，niko是收高达的
[2026-02-22 01:25:17] 金刚金刚最可爱: @niko: 我只是用刀挪走nota的尸体
[2026-02-22 01:25:17] 寂静世界876: 你边你穆呢
[2026-02-22 01:25:17] 另一个世界7: 玩大哥还是没忍住啊
[2026-02-22 01:25:18] 非著名肥美鹰精6657: @niko：死去的nota也很恐怖啊😖😖😖
[2026-02-22 01:25:18] 呆妹儿的姑父: 有人不知悔改，迷雾中混淆黑白
[2026-02-22 01:25:18] 里予禾中猴王雷冖: 冰冰不会觉得57很有攻击性吧，载父可是真的4了
[2026-02-22 01:25:18] 想和阿飞抹茶三披: @🕷️：为什么先用拖鞋拍完，还要掏刀？等下，怎么还脱睡裤把狙掏出来了？？？
[2026-02-22 01:25:19] 我吃柠檬树: @niko：死去的nota也很恐怖啊😖😖😖
[2026-02-22 01:25:19] 这个假的吧: @niko：死去的nota也很恐怖啊😖😖😖
[2026-02-22 01:25:19] djklyk: @niko：死去的nota也很恐怖啊😖😖😖
[2026-02-22 01:25:19] 卡啊卡卡丶: 老尼也是擦拭nota尸体
[2026-02-22 01:25:19] LvvsiN: 你这音画不同步太难受了，我都听到NIKO里约RMR晋级的欢呼了
[2026-02-22 01:25:19] 漩涡章鱼: @niko：死去的nota也很恐怖啊😖😖😖
[2026-02-22 01:25:19] 过着平静的生活: @niko：死去的nota也很恐怖啊😖😖😖
[2026-02-22 01:25:19] 我变扁了: 你放着就行一会蚰蜒就帮你善后
[2026-02-22 01:25:19] DestroyerElune丶: 你拿纸巾当然不算“已屏蔽”了啊
[2026-02-22 01:25:20] Hakurei-Re1mu: @🕷：玩 除 纳命来 👻 👻 👻 👻 👻
[2026-02-22 01:25:20] 用户3661578: 原来niko是在擦对面的尸体啊
[2026-02-22 01:25:20] 要乐奈丶Rana: 刷扁食给我看饿了
[2026-02-22 01:25:21] 水瓶世界a: @niko：死去的nota也很恐怖啊😖😖😖
[2026-02-22 01:25:21] 镇山海: Niko：死去的nota也很恐怖啊
[2026-02-22 01:25:21] 玩俯卧撑、push-up: 玩神清理二次元
[2026-02-22 01:25:21] 甘夜阁: @niko：死去的nota也很恐怖啊😖😖😖
[2026-02-22 01:25:21] Mouz的X9本人: 玩神只是友好互动罢了
[2026-02-22 01:25:21] 神奥联盟的竹兰本人: @niko：死去的nota也很恐怖啊😖😖😖
[2026-02-22 01:25:21] Acm3Omn1: @niko：死去的nota也很恐怖啊😖😖😖
[2026-02-22 01:25:21] LvvsiN: 额，拿亚军我都会，拿亚军，拿季军，拿四强，拿八强，拿十六强，呃拿冠军我不会，然后小组赛淘汰
[2026-02-22 01:25:22] 四眼呆猫xx: 有人不知悔改，迷雾中混淆黑白
[2026-02-22 01:25:22] 叛逆的源源李: @niko：死去的nota也很恐怖啊😖😖😖
[2026-02-22 01:25:22] 暴力卓司: @niko: 玩大哥还是没忍住啊哈哈
[2026-02-22 01:25:22] 玩机器厦面鄙骰大: @蚰蜒：你杀蜘蛛那股牛劲呢？
[2026-02-22 01:25:22] 深巷里的少年与猫丿: 玩神只是友好互动罢了
[2026-02-22 01:25:22] RyeHS: ？
[2026-02-22 01:25:23] SekaiKamiki: Niko：死去的nota也很恐怖啊
[2026-02-22 01:25:23] 狸仙人420: 有人不知悔改，迷雾中混淆黑白
[2026-02-22 01:25:23] SlimBrady: 第四枪咑在了100T预付的工资上 他约好要带领队伍获得排名
[2026-02-22 01:25:23] 爱斯忑音音: ？
[2026-02-22 01:25:23] sjtu的musketeers本人: Niko：死去的nota也很恐怖啊
[2026-02-22 01:25:23] 希望fgo越办越好: 布罗利，布家利，布斯利，布拔利
[2026-02-22 01:25:23] 针对丶: niko来扁了
[2026-02-22 01:25:23] 什么罐头我说男人: 其实蜘蛛是假死，玩大哥便的没毛病
[2026-02-22 01:25:24] 绘心酱敲卡哇伊: 和蜘蛛友好互动了
[2026-02-22 01:25:24] 玩神的欢喜好有嚼劲: 懂你意思，niko编nota是为了搬走它
[2026-02-22 01:25:24] 小川阿丶: 玩神只是友好互动罢了
[2026-02-22 01:25:24] 你最珍贵: @niko：死去的nota也很恐怖啊😖😖😖
[2026-02-22 01:25:24] 新一啊233: 吃力
[2026-02-22 01:25:24] 淡然夏末的温存11: 玩宝宝这只是和蜘蛛友好互动，弹幕这点要分清
[2026-02-22 01:25:25] 玩机器厦面鄙骰大: @蚰蜒：你杀蜘蛛那股牛劲呢？@蚰蜒：你杀蜘蛛那股牛劲呢？
[2026-02-22 01:25:25] 用户0637093822: @niko：死去的nota也很恐怖啊😖😖😖
[2026-02-22 01:25:25] 2442861055: 和蜘蛛友好互动了
[2026-02-22 01:25:25] 承認欲求: Niko：死去的nota也很恐怖啊
[2026-02-22 01:25:25] 玩机器今晚还播吗: 被关进黑屋的玩小将也可怕吗。。。
[2026-02-22 01:25:25] LvvsiN: 南孚一节更比六节强，也就是一节南孚比六节南孚强，六节南孚比三十六节强，三十六节比二百一十六节强
[2026-02-22 01:25:25] hxyvraf: @niko：死去的nota也很恐怖啊😖😖😖
[2026-02-22 01:25:26] 用户4500726667: @niko：死去的nota也很恐怖啊😖😖😖
[2026-02-22 01:25:26] Sirius丶BIack: 区
[2026-02-22 01:25:26] 那就点: @niko：死去的nota也很恐怖啊😖😖😖
[2026-02-22 01:25:26] 莎鱼林仔: @niko：死去的nota也很恐怖啊😖😖😖
[2026-02-22 01:25:26] 花开花终败z: 俺怕
[2026-02-22 01:25:26] 暴力卓司: @niko: 玩大哥还是没忍住啊哈哈
[2026-02-22 01:25:26] 星海羽弦: 哎，那只蜘蛛之前采访说过是刘亦博粉丝……😔😔
[2026-02-22 01:25:26] 涂涂没吃饱: 有人不知悔改，迷雾中混淆黑白
[2026-02-22 01:25:26] 玩机器的狱卒: @niko：死去的nota也很恐怖啊😖😖😖
[2026-02-22 01:25:27] 玩斯特出出6657: 流脓
[2026-02-22 01:25:27] 铃木佳奈助: 这MAGNOJEZ照片怎么那么像ZYWOO
[2026-02-22 01:25:27] 正经猪头肉: 神人
[2026-02-22 01:25:27] LvvsiN: 你为什么要把mαjor禁了，我收藏的一半弹幕全毁了
[2026-02-22 01:25:28] 针对丶: niko来扁了
[2026-02-22 01:25:28] MaakiseKurisu: 玩大哥讨好型语气都被你们逼出来了 别骂了😭
[2026-02-22 01:25:28] mujica的长崎素世本人: 慢
[2026-02-22 01:25:29] 感到快乐你就开开箱: @niko：死去的nota也很恐怖啊😖😖😖
[2026-02-22 01:25:29] 玩公式丶Formula: 看一眼得了
[2026-02-22 01:25:29] bsqqaq: @niko：死去的nota也很恐怖啊😖😖😖
[2026-02-22 01:25:29] 希望fgo越办越好: 布罗利，布家利，布斯利，布拔利
[2026-02-22 01:25:29] Device的叠Twistzz: @niko：死去的nota也很恐怖啊😖😖😖
[2026-02-22 01:25:29] 用户6241069770: 玩神只是友好互动罢了
[2026-02-22 01:25:29] tssJane: 汤处
[2026-02-22 01:25:29] Killajoy: 老年痴呆了
[2026-02-22 01:25:29] 白皇的三千院Nagi本人: Niko：死去的nota也很恐怖啊
[2026-02-22 01:25:29] Eirir: 急死了
[2026-02-22 01:25:29] 冰封樱花: 玩神只是友好互动罢了
[2026-02-22 01:25:30] Subto: 和蜘蛛友好互动了
[2026-02-22 01:25:30] 针对丶: niko来扁了niko来扁了
[2026-02-22 01:25:30] racula: @niko: 玩大哥还是没忍住啊哈哈
[2026-02-22 01:25:30] 呆妹儿的姑父: 有人不知悔改，迷雾中混淆黑白
[2026-02-22 01:25:31] 渡亡神雅睿欧斯: 刘农
[2026-02-22 01:25:31] A1report: 卧槽，老汤五杀了
[2026-02-22 01:25:31] 到鱼一观: 区
[2026-02-22 01:25:31] 刘坤牛子泡硫酸: @niko：死去的nota也很恐怖啊😖😖😖
[2026-02-22 01:25:31] wedd1ddeJodd: @niko: 玩大哥还是没忍住啊哈哈
[2026-02-22 01:25:32] 懵G丶: 清理二次元蛛蛛！
[2026-02-22 01:25:32] 椎名立希本人: 有人不知悔改，迷雾中混淆黑白
[2026-02-22 01:25:32] 宇莓: @载物：玩大哥你不是和我保证以后只会说友好互动的吗。。。。。
[2026-02-22 01:25:32] 针对丶: niko来扁了
[2026-02-22 01:25:32] 黑光二极管: 没纱窗了？全军进攻🦟🦗🐞🐜🐌🐝🕷🦂🐛🦟🦗🐞🐜🐌
[2026-02-22 01:25:32] 是小兔呀i: 左右脑互博了
[2026-02-22 01:25:33] 石家庄的刘亦博本人: 那是个人啊！
[2026-02-22 01:25:33] desuwa的丰川祥子本人: @niko：死去的nota也很恐怖啊😖😖😖
[2026-02-22 01:25:33] Vitality的Zyw0o0本人: @niko: 玩大哥还是没忍住啊哈哈
[2026-02-22 01:25:33] 诺克提斯a: 刘农
[2026-02-22 01:25:34] LvvsiN: 男人一生只哭十八次：niko十七次梦碎major正赛, niko梦碎里约major RMR
[2026-02-22 01:25:34] 嘤击常空: 皮糖
[2026-02-22 01:25:34] jamesfaith23: Niko：死去的nota也很恐怖啊
[2026-02-22 01:25:34] 夜里喝咖啡: 玩神只是友好互动罢了
[2026-02-22 01:25:34] lonhkfd: 哎，那只蜘蛛之前采访说过是刘亦博粉丝……😔😔
[2026-02-22 01:25:34] 感到快乐你就开开箱: @niko：死去的nota也很恐怖啊😖😖😖
[2026-02-22 01:25:34] SlimBrady: 第六枪咑在了身穿NIP队服的前女友照片上 他约好了要让丹麦第一深情名副其实
[2026-02-22 01:25:35] 可怜的怕怕: 僵尸
[2026-02-22 01:25:35] 承認欲求: @🕷：玩 除 纳命来 👻 👻 👻 👻 👻
[2026-02-22 01:25:35] 淡然夏末的温存11: 玩宝宝这只是和蜘蛛友好互动，弹幕这点要分清
[2026-02-22 01:25:35] 拉特兰的Exus1a1本人: 不考
[2026-02-22 01:25:35] 用户1181920443: @niko：死去的nota也很恐怖啊😖😖😖
[2026-02-22 01:25:35] 想和阿飞抹茶三披: @🕷️：为什么先用拖鞋拍完，还要掏刀？等下，怎么还脱睡裤把狙掏出来了？？？
[2026-02-22 01:25:35] 暴力卓司: @niko: 玩大哥还是没忍住啊哈哈
[2026-02-22 01:25:36] LvvsiN: 孩子们快跑，马修赫伯特来了😨卧槽你的怎么是马枪和BOT
[2026-02-22 01:25:36] 铲车司机戴家伟: @niko：死去的nota也很恐怖啊😖😖😖
[2026-02-22 01:25:36] 欧气来我家: 玩机器亲口说载🐷
[2026-02-22 01:25:36] 湖上风72121: @niko: 玩大哥还是没忍住啊哈哈
[2026-02-22 01:25:36] 愿良辰美景: 玩大哥讨好型语气都被你们逼出来了 别骂了😭
[2026-02-22 01:25:37] IM一条滇狗: @niko：可是死去的nota也很恐怖啊🥺🥺🥺
[2026-02-22 01:25:37] Hitagi蟹蟹: @niko：死去的nota也很恐怖啊😖😖😖
[2026-02-22 01:25:37] 希望fgo越办越好: 布罗利，布家利，布斯利，布拔利
[2026-02-22 01:25:37] 路过的伊蕾娜酱: 杀蜘蛛清理是善意互动，拍蚊子擦血是恶意扁，这里要分清
[2026-02-22 01:25:37] 卡啊卡卡丶: 有人不知悔改，迷雾中混淆黑白
[2026-02-22 01:25:38] LvvsiN: 弹幕也就网上说说，现实里谁不觉得樱姐是好女孩（删括号领一条远坂凛同款鸟笼）
[2026-02-22 01:25:38] ShirakoLee: 玩神就是玩神，你不能理解他
[2026-02-22 01:25:38] 咸鱼红茶: Niko：死去的nota也很恐怖啊
[2026-02-22 01:25:38] 爱吃青椒的重曹酱: 啊 蜘蛛倒了~
[2026-02-22 01:25:38] 木林森969585: 主播不要生气了，喝奶奶🍼🍼🍼🍼🍼主播不要生气了，喝奶奶🍼🍼🍼🍼🍼
[2026-02-22 01:25:39] arimrs: 卡比
[2026-02-22 01:25:39] 愿良辰美景: 没纱窗了？全军进攻🦟🦗🐞🐜🐌🐝🕷🦂🐛🦟🦗🐞🐜🐌
[2026-02-22 01:25:39] yinyao1231: 皮糖
[2026-02-22 01:25:40] 祭璃风ouo: x
[2026-02-22 01:25:40] 大裂谷的登山家: @niko: 玩大哥还是没忍住啊哈哈
[2026-02-22 01:25:40] LvvsiN: 额，拿亚军我都会，拿亚军，拿季军，拿四强，拿八强，拿十六强，呃拿冠军我不会，然后小组赛淘汰
[2026-02-22 01:25:40] 6657的马嘉祺本人: 一个动不了的蜘蛛便你爱慕呢
[2026-02-22 01:25:40] 绝食十年攒爱top3飞机: @载物：玩大哥你不是和我保证以后只会说友好互动的吗。。。。。
[2026-02-22 01:25:40] 呵呵呵主播好帅: 没纱窗了？全军进攻🦟🦗🐞🐜🐌🐝🕷🦂🐛🦟🦗🐞🐜🐌
[2026-02-22 01:25:40] 约渊: @tssJane：汤处
[2026-02-22 01:25:40] 北宇治拳王久石奏: 可是尸体也很可怕啊🥺
[2026-02-22 01:25:40] 玩爱音丶Soyorin: @niko：死去的nota也很恐怖啊😖😖😖
[2026-02-22 01:25:40] 用户0314452190: @niko：死去的nota也很恐怖啊😖😖😖
[2026-02-22 01:25:40] 白术哒: 🐛🐝🦟🦇🐌🦋：蜘蛛死了，全军出击！
[2026-02-22 01:25:41] 玩机器你能不能闭嘴: 孔子东游，见两小孩辩尸
[2026-02-22 01:25:41] 想和阿飞抹茶三披: @🕷️：为什么先用拖鞋拍完，还要掏刀？等下，怎么还脱睡裤把狙掏出来了？？？
[2026-02-22 01:25:41] 吊人日子不过了: @niko：死去的nota也很恐怖啊😖😖😖
[2026-02-22 01:25:42] LvvsiN: 你这音画不同步太难受了，我都听到NIKO里约RMR晋级的欢呼了
[2026-02-22 01:25:42] 石家庄的刘亦博本人: 有人不知悔改，迷雾中混淆黑白
[2026-02-22 01:25:42] 晟世丶丶: 真有房管拿自己当土皇帝了😮@niko：死去的nota也很恐怖啊😖😖😖
[2026-02-22 01:25:43] 冲上云霄的姨: 老登
[2026-02-22 01:25:43] 啦啦啦唱歌真好听呀: @niko：可是死去的nota也很恐怖啊🥺🥺🥺
[2026-02-22 01:25:43] 诺克提斯a: @niko：可是死去的nota也很恐怖啊🥺🥺🥺
[2026-02-22 01:25:43] R组的中岛由贵本人: 哎，那只蜘蛛之前采访说过是刘亦博粉丝……😔😔
[2026-02-22 01:25:43] 玩爱音丶Anno: 没纱窗了？全军进攻🦟-legged bug-legged bug-legged bug-legge
[2026-02-22 01:25:44] Saiki559: @niko: 玩大哥还是没忍住啊哈哈
[2026-02-22 01:25:44] 七色的人偶使者: 老东？
[2026-02-22 01:25:44] LvvsiN: 额，拿亚军我都会，拿亚军，拿季军，拿四强，拿八强，拿十六强，呃拿冠军我不会，然后小组赛淘汰
[2026-02-22 01:25:44] 久遠寺有珠Alice: 额，拿亚军我都会，拿亚军，拿季军，拿四强，拿八强，拿十六强，呃拿冠军我不会，然后小组赛淘汰
[2026-02-22 01:25:44] znnoy: @房管布罗利，玩÷yygq你尼爹不敢封？封弹幕的🐂劲呢？😂
[2026-02-22 01:25:45] 淡然夏末的温存11: 玩宝宝这只是和蜘蛛友好互动，弹幕这点要分清
[2026-02-22 01:25:45] cornkiner: 我选择【玩机器丶Machine】 为本场比赛【中立解说】
[2026-02-22 01:25:45] 玩斯特机机: @niko：可是死去的nota也很恐怖啊🥺🥺🥺
[2026-02-22 01:25:45] 祐天寺喵梦: @niko: 玩大哥还是没忍住啊哈哈
[2026-02-22 01:25:45] GlockieSs: @niko：死去的nota也很恐怖啊😖😖😖
[2026-02-22 01:25:45] Laguna的Carlotta本人: 没纱窗了？全军进攻🦟🦗🐞🐜🐌🐝🕷🦂🐛🦟🦗🐞🐜🐌
[2026-02-22 01:25:45] Shmiru: 老东
[2026-02-22 01:25:45] 房同学19554: 再见了，刘老农🖐️ 再见了，刘老农 🖐️再见了，刘老农🖐️
[2026-02-22 01:25:46] Rush干拉: 主播不要生气了，喝奶奶🍼🍼🍼🍼🍼主播不要生气了，喝奶奶🍼🍼🍼🍼🍼
[2026-02-22 01:25:46] 想和阿飞抹茶三披: @🕷️：为什么先用拖鞋拍完，还要掏刀？等下，怎么还脱睡裤把狙掏出来了？？？
[2026-02-22 01:25:46] LvvsiN: 南孚一节更比六节强，也就是一节南孚比六节南孚强，六节南孚比三十六节强，三十六节比二百一十六节强
[2026-02-22 01:25:46] 艺术冰霜:  @IM一条滇狗：@niko：可是死去的nota也很恐怖啊🥺🥺🥺
[2026-02-22 01:25:46] 无聊的小琛子0: 冒充天津✌️？
[2026-02-22 01:25:46] 爱吃青椒的重曹酱: 原来niko也是怕nota的尸啊
[2026-02-22 01:25:46] 红色有角三倍速的夏亚: @niko：死去的nota也很恐怖啊😖😖😖
[2026-02-22 01:25:47] 失去了才会珍惜649: @niko：死去的nota也很恐怖啊😖😖😖
[2026-02-22 01:25:47] 玩爱音丶Soyorin: @niko：可是死去的nota也很恐怖啊🥺🥺🥺
[2026-02-22 01:25:47] NYU唯一铲车人: @niko：可是死去的nota也很恐怖啊🥺🥺🥺
[2026-02-22 01:25:48] znnoy: @房管布罗利，玩÷yygq你尼爹不敢封？封弹幕的🐂劲呢？😂
[2026-02-22 01:25:48] LvvsiN: 其实碗橱就是猪灵，你不拿黄金丢他他就不跟你说话
[2026-02-22 01:25:48] 愿良辰美景: 一个动不了的蜘蛛便你爱慕呢
[2026-02-22 01:25:48] 九条都M1YaKo: @莱圣：玩哥说的对，玩哥是在善意处理尸体，怎么能叫编呢
[2026-02-22 01:25:48] 怒之拳: 真有房管拿自己当土皇帝了😮
[2026-02-22 01:25:48] chordclef: 老东？
[2026-02-22 01:25:49] 茶泡饭Trinity: @房管布罗利，玩÷yygq你尼爹不敢封？封弹幕的🐂劲呢？😂
[2026-02-22 01:25:49] 个体: @niko：可是死去的nota也很恐怖啊🥺🥺🥺
[2026-02-22 01:25:49] 用户02938034: 额，拿亚军我都会，拿亚军，拿季军，拿四强，拿八强，拿十六强，呃拿冠军我不会，然后小组赛淘汰
[2026-02-22 01:25:49] 劉膿dewasu: @niko：可是死去的nota也很恐怖啊🥺🥺🥺
[2026-02-22 01:25:49] Vitality的Zyw0o0本人: @niko: 玩大哥还是没忍住啊哈哈
[2026-02-22 01:25:49] 左蛋奴右一库: 载大哥：我也怕死去的jee偷我女朋友啊
[2026-02-22 01:25:49] 想和阿飞抹茶三披: @🕷️：为什么先用拖鞋拍完，还要掏刀？等下，怎么还脱睡裤把狙掏出来了？？？
[2026-02-22 01:25:50] 玩刘农device: gg
[2026-02-22 01:25:50] 宇莓: @niko：可是死去的nota也很恐怖啊🥺🥺🥺
[2026-02-22 01:25:50] 若叶睦吃苦瓜: 哎，那只蜘蛛之前采访说过是刘亦博粉丝……😔😔
[2026-02-22 01:25:50] 刘坤牛子泡硫酸: 我先串冰粉再串海啸，最后举办双方完成完美犯罪，此时的我感觉自己就是莫里亚蒂
[2026-02-22 01:25:50] 小蜜蜂的长期素食本人: 老东
[2026-02-22 01:25:50] 压缩vs蛮晚: 孔子东游，见两小孩辩尸
[2026-02-22 01:25:51] 爱斯忑音音: 区
[2026-02-22 01:25:51] 金可琢: 　　　 @niko：可是死去的nota也很恐怖啊🥺🥺🥺
[2026-02-22 01:25:51] 6657的马嘉祺本人: 一个动不了的蜘蛛便你爱慕呢
[2026-02-22 01:25:51] 虚心坦懐: 再见了，刘老农🖐️ 再见了，刘老农 🖐️再见了，刘老农🖐️
[2026-02-22 01:25:51] 玩斯特出出6657: gg
[2026-02-22 01:25:51] 爱吃青椒的重曹酱: 善意处理尸体
[2026-02-22 01:25:51] 爱上直女的三角初音: 这闪没呲吗
[2026-02-22 01:25:51] 蝶花月: gg
[2026-02-22 01:25:51] 正经猪头肉: 流脓
[2026-02-22 01:25:52] 好哥们黑龙歼灭刀: @niko：可是死去的nota也很恐怖啊🥺🥺🥺
[2026-02-22 01:25:52] LvvsiN: 你这音画不同步太难受了，我都听到NIKO里约RMR晋级的欢呼了
[2026-02-22 01:25:52] znnoy: @房管布罗利，玩÷yygq你尼爹不敢封？封弹幕的🐂劲呢？😂
[2026-02-22 01:25:52] 爱洛魔神仙台叶月: 再见了，刘老农🖐️ 再见了，刘老农 🖐️再见了，刘老农🖐️
[2026-02-22 01:25:52] 圣诞节二人组: gg
[2026-02-22 01:25:52] 曲奇三梦: gg,
[2026-02-22 01:25:53] 想和阿飞抹茶三披: @🕷️：为什么先用拖鞋拍完，还要掏刀？等下，怎么还脱睡裤把狙掏出来了？？？
[2026-02-22 01:25:53] 猫心碎会失去几条命: 哎，那只蜘蛛之前采访说过是刘亦博粉丝……😔😔
[2026-02-22 01:25:53] valorant玩机器: 区区
[2026-02-22 01:25:53] 12312312312dfsdfs: @niko：可是死去的nota也很恐怖啊🥺🥺🥺
[2026-02-22 01:25:54] WE丶繁梦: 再见了，刘老农🖐️ 再见了，刘老农 🖐️再见了，刘老农🖐️
[2026-02-22 01:25:54] 呆妹儿的姑父: 有人不知悔改，迷雾中混淆黑白
[2026-02-22 01:25:54] 无7441158: @niko：可是死去的nota也很恐怖啊🥺🥺🥺
[2026-02-22 01:25:54] 玩斯特机机: @房管布罗利，玩÷yygq你尼爹不敢封？封弹幕的🐂劲呢？😂
[2026-02-22 01:25:54] LvvsiN: 南孚一节更比六节强，也就是一节南孚比六节南孚强，六节南孚比三十六节强，三十六节比二百一十六节强
[2026-02-22 01:25:54] 好哥们黑龙歼灭刀: @房管布罗利，玩÷yygq你尼爹不敢封？封弹幕的🐂劲呢？😂
[2026-02-22 01:25:54] 石家庄特色猪油火锅: 再见了，刘老农🖐️ 再见了，刘老农 🖐️再见了，刘老农🖐️
[2026-02-22 01:25:55] zin桀zera: @niko：可是死去的nota也很恐怖啊🥺🥺🥺
[2026-02-22 01:25:55] wank机器: 一脚踢死
[2026-02-22 01:25:55] IM一条滇狗: @niko：可是死去的nota也很恐怖啊🥺🥺🥺
[2026-02-22 01:25:55] 半盏明月台: p
[2026-02-22 01:25:55] 正直的鸡哥: 小仲
[2026-02-22 01:25:55] 白皇的三千院Nagi本人: 主播不要生气了，喝奶奶🍼🍼🍼🍼🍼主播不要生气了，喝奶奶🍼🍼🍼🍼🍼
[2026-02-22 01:25:56] 木林森969585: 主播不要生气了，喝奶奶🍼🍼🍼🍼🍼主播不要生气了，喝奶奶🍼🍼🍼🍼🍼
[2026-02-22 01:25:56] 赫尔城的安德雷伊本人: 你下播吧, 像2025-02-07 23:49一样！
[2026-02-22 01:25:56] GF-of-GotohHitori、Kita: gg
[2026-02-22 01:25:56] 热心好邻居: gg
[2026-02-22 01:25:56] LvvsiN: 别解说了 多聊会天 你不会真的以为能输吧
[2026-02-22 01:25:56] 可怜的怕怕: gg
[2026-02-22 01:25:56] 莫情123: 鸟语
[2026-02-22 01:25:56] 2401spark: 一枪没中
[2026-02-22 01:25:56] 湖上风72121: 一个动不了的蜘蛛便你爱慕呢
[2026-02-22 01:25:56] 落叶悠哉落: 　　　 @房管布罗利，玩÷yygq你尼爹不敢封？封弹幕的🐂劲呢？😂
[2026-02-22 01:25:57] znnoy: @房管布罗利，玩÷yygq你尼爹不敢封？封弹幕的🐂劲呢？😂
[2026-02-22 01:25:57] wedd1ddeJodd: @niko：可是死去的nota也很恐怖啊🥺🥺🥺
[2026-02-22 01:25:57] 法尔孔的陈千语本人: 鸟语
[2026-02-22 01:25:57] 我没P眼123: 路边
[2026-02-22 01:25:57] 小蜜蜂的长期素食本人: 某该
[2026-02-22 01:25:57] 好姐妹冰川姐妹: 鸟语
[2026-02-22 01:25:57] Subto: 一个动不了的蜘蛛便你爱慕呢
[2026-02-22 01:25:58] xOcOg: 【格陵兰战报】目前大东指挥12回合，设备指挥5回合，大东指挥设备送15次，设备拿下关键击杀5个
[2026-02-22 01:25:58] viovvvvvvvon: gg
[2026-02-22 01:25:58] 爱洛魔神仙台叶月: @房管布罗利，玩÷yygq你尼爹不敢封？封弹幕的🐂劲呢？😂
[2026-02-22 01:25:58] 跳跃的司令官: @niko：可是死去的nota也很恐怖啊🥺🥺🥺
[2026-02-22 01:25:58] 玩汉娜、Sherry: gg
[2026-02-22 01:25:58] sjtu的musketeers本人: 主播不要生气了，喝奶奶🍼🍼🍼🍼🍼主播不要生气了，喝奶奶🍼🍼🍼🍼🍼
[2026-02-22 01:25:59] 阿良良木历Koyomi: 孔子东游，见两小孩辩尸
[2026-02-22 01:25:59] 冷月寒霜00: 老霸道了
[2026-02-22 01:25:59] 铃木佳奈助: 一个动不了的蜘蛛便你爱慕呢
[2026-02-22 01:25:59] 无敌香蕉菠萝: 哎，那只蜘蛛之前采访说过是刘亦博粉丝……😔😔
[2026-02-22 01:25:59] 可軒KXxXxXxX: 一脚
[2026-02-22 01:25:59] 双刀牛TMac: @niko：可是死去的nota也很恐怖啊🥺🥺🥺
[2026-02-22 01:25:59] PKURoger: 再见了，刘老农🖐️ 再见了，刘老农 🖐️再见了，刘老农🖐️
[2026-02-22 01:25:59] SaberMax丶: gg
[2026-02-22 01:25:59] 天残少女王朗: @🕷️：为什么先用拖鞋拍完，还要掏刀？等下，怎么还脱睡裤把狙掏出来了？？？
[2026-02-22 01:26:00] ShanoaM: 再见了，刘老农🖐️ 再见了，刘老农 🖐️再见了，刘老农🖐️
[2026-02-22 01:26:00] 鹿公爷: 原来niko也是怕nota的尸啊
[2026-02-22 01:26:00] 你不能让我注册就注册: gg
[2026-02-22 01:26:00] 纯粹灵岩: ggggggg
[2026-02-22 01:26:00] 记得少吃外卖玩宝宝: gg
[2026-02-22 01:26:00] 好哥们宇智波鼬: @niko：可是死去的nota也很恐怖啊🥺🥺🥺
[2026-02-22 01:26:00] A1report: @房管布罗利，玩÷yygq你尼爹不敢封？封弹幕的🐂劲呢？😂
[2026-02-22 01:26:00] 电竞白莲花丶: 没了😔
[2026-02-22 01:26:00] 湖上风72121: @niko：可是死去的nota也很恐怖啊🥺🥺🥺
[2026-02-22 01:26:00] 晨风凌云21146: 给老爸看似了
[2026-02-22 01:26:00] 淡然夏末的温存11: 玩宝宝这只是和蜘蛛友好互动，弹幕这点要分清
[2026-02-22 01:26:01] zzznnni: 面如死灰
[2026-02-22 01:26:01] 你成功通过了我的考验: 5-15
[2026-02-22 01:26:01] Subto: @niko：可是死去的nota也很恐怖啊🥺🥺🥺
[2026-02-22 01:26:01] al9527: 路边
[2026-02-22 01:26:01] 李小小与虾大大: @device：儿子，你好晦气...
[2026-02-22 01:26:01] 用户9921747043: 正啊！仲有甲醛添，更有本身嘅味，真係鸡有鸡味，醛有醛味㗎！
[2026-02-22 01:26:01] 温柔是罪是罪吗: 路边
[2026-02-22 01:26:02] 玩克服丶丰川祥子: 主播不要生气了，喝奶奶🍼🍼🍼🍼🍼主播不要生气了，喝奶奶🍼🍼🍼🍼🍼
[2026-02-22 01:26:02] 用户02938034: @间桐樱：不好意思兄弟们，没夹住流出来五条区
[2026-02-22 01:26:02] 愿良辰美景: 一脚
[2026-02-22 01:26:02] 江戶川柯南工: @niko：可是死去的nota也很恐怖啊🥺🥺🥺
[2026-02-22 01:26:02] zjdjiesjdbdsn: @房管布罗利，玩÷yygq你尼爹不敢封？封弹幕的🐂劲呢？😂
[2026-02-22 01:26:02] 蝶花月: 再见了，刘老农🖐️ 再见了，刘老农 🖐️再见了，刘老农🖐️
[2026-02-22 01:26:02] A队的佐佐木李子本人: 再见了，刘老农🖐️ 再见了，刘老农 🖐️再见了，刘老农🖐️
[2026-02-22 01:26:03] 缪斯的南小鸟本人: @niko：可是死去的nota也很恐怖啊🥺🥺🥺
[2026-02-22 01:26:03] 阿羞羞i: gg
[2026-02-22 01:26:03] 香港分社记者: @niko：可是死去的nota也很恐怖啊🥺🥺🥺
[2026-02-22 01:26:03] 足音: 再见了，刘老农🖐️ 再见了，刘老农 🖐️再见了，刘老农🖐️
[2026-02-22 01:26:03] sandwichex: @niko：可是死去的nota也很恐怖啊🥺🥺🥺
[2026-02-22 01:26:03] 茶泡饭Trinity: @房管布罗利，玩÷yygq你尼爹不敢封？封弹幕的🐂劲呢？😂
[2026-02-22 01:26:03] 温柔皮皮想吃屁屁: @房管布罗利，玩÷yygq你尼爹不敢封？封弹幕的🐂劲呢？😂
[2026-02-22 01:26:03] 铃木佳奈助: @niko: 玩大哥还是没忍住啊哈哈
[2026-02-22 01:26:04] BleksiA: 癞痢口音
[2026-02-22 01:26:04] HisuiHearts: 哎，那只蜘蛛之前采访说过是刘亦博粉丝……😔😔
[2026-02-22 01:26:04] 大裂谷的登山家: 一个动不了的蜘蛛便你爱慕呢
[2026-02-22 01:26:04] 祭璃风ouo: v
[2026-02-22 01:26:04] 落夜会: 老爸倒了
[2026-02-22 01:26:04] 玩丈夹脸: @niko：可是nota的尸体也很恐怖啊🥺
[2026-02-22 01:26:04] 干锅湖南腊猪脸: 好胖球
[2026-02-22 01:26:04] 2635174919: 孔子东游，见两小孩辩尸
[2026-02-22 01:26:04] 海绵宝宝小能儿: @房管布罗利，玩÷yygq你尼爹不敢封？封弹幕的🐂劲呢？😂
[2026-02-22 01:26:05] 用户1364543122: @niko：可是死去的nota也很恐怖啊🥺🥺🥺
[2026-02-22 01:26:05] Device的叠Twistzz: @🗿📱：GG EZ TY
[2026-02-22 01:26:05] 我吃柠檬树: 载大哥：我也怕死去的jee偷我女朋友啊
[2026-02-22 01:26:05] 玻楞盖上卡秃了皮: @niko：可是死去的nota也很恐怖啊🥺🥺🥺
[2026-02-22 01:26:06] 罗山路的光: 哎，那只蜘蛛之前采访说过是刘亦博粉丝……😔😔
[2026-02-22 01:26:06] RLLAxdy: 哎，那只蜘蛛之前采访说过是刘亦博粉丝……😔😔
[2026-02-22 01:26:06] 月读的八千代本人: 哎，那只蜘蛛之前采访说过是刘亦博粉丝……😔😔
[2026-02-22 01:26:06] 房同学19554: 再见了，刘老农🖐️ 再见了，刘老农 🖐️再见了，刘老农🖐️
[2026-02-22 01:26:06] 变成allin守护素食小姐: 语气对了
[2026-02-22 01:26:06] 寒桥暴雪: 一脚
[2026-02-22 01:26:06] 乱七八糟chseeifl: @niko：可是死去的nota也很恐怖啊🥺🥺🥺
[2026-02-22 01:26:06] 安分小已的小青春: 哎，那只蜘蛛之前采访说过是刘亦博粉丝……😔😔
[2026-02-22 01:26:07] 麦吻one: 老爸倒了！
[2026-02-22 01:26:07] Jess2: 真有房管拿自己当土皇帝了😮
[2026-02-22 01:26:07] 沐木丶丶丶丶: @niko：可是死去的nota也很恐怖啊🥺🥺🥺
[2026-02-22 01:26:07] 6657的马嘉祺本人: 一个动不了的蜘蛛便你爱慕呢
[2026-02-22 01:26:07] sadpunker: 语气不对了
[2026-02-22 01:26:07] 海绵宝宝有希儿: @niko：可是死去的nota也很恐怖啊🥺🥺🥺
[2026-02-22 01:26:07] 13的恋人: @niko：可是死去的nota也很恐怖啊🥺🥺🥺
[2026-02-22 01:26:08] 欧气来我家: 再见了，刘老农🖐️ 再见了，刘老农 🖐️再见了，刘老农🖐️
[2026-02-22 01:26:08] 好的好的阖家: @房管布罗利，玩÷yygq你尼爹不敢封？封弹幕的🐂劲呢？😂
[2026-02-22 01:26:08] 伱給我站住: 老汤五杀了！
[2026-02-22 01:26:09] 雨尽打伞人092: 老霸道了
[2026-02-22 01:26:09] 昙花终难相遇: 真有房管拿自己当土皇帝了😮
[2026-02-22 01:26:09] 佐藤零丶: 再见了，刘老农🖐️ 再见了，刘老农 🖐️再见了，刘老农🖐️
[2026-02-22 01:26:09] 小箱我亲死你: 机器你一看100t就输有感觉吗
[2026-02-22 01:26:09] 我变扁了: @niko:我不能让nota一直躺在呢啊
[2026-02-22 01:26:09] Aleksumimi: 玩宝宝这只是和蜘蛛友好互动，弹幕这点要分清
[2026-02-22 01:26:10] 热带雨林丶为爱鼓掌: GG
[2026-02-22 01:26:10] 用户3853464680: 孔子东游，见两小孩辩尸
[2026-02-22 01:26:10] 宇莓: 唉，其实那只蜘蛛不远万里就是为了见一面它的偶像玩机器。。。。
[2026-02-22 01:26:10] 安露山OvO: 语气不对了
[2026-02-22 01:26:10] znnoy: @房管布罗利，玩÷yygq你尼爹不敢封？封弹幕的🐂劲呢？😂
[2026-02-22 01:26:10] 红魔馆的蕾米莉亚本人: @niko：可是nota的尸体也很恐怖啊🥺
[2026-02-22 01:26:10] 丶K宝: 怀念最好的五个人：私人，后面忘了，后面的人都不在了
[2026-02-22 01:26:11] RabbitRay: 有的
[2026-02-22 01:26:11] 是小兔呀i: 0分
[2026-02-22 01:26:11] 牢大与小布丁: 真有房管拿自己当土皇帝了😮
[2026-02-22 01:26:11] 瓜皮马666666: @niko：可是死去的nota也很恐怖啊🥺🥺🥺
[2026-02-22 01:26:11] Astralis的地外丝本人: 抓娃娃
[2026-02-22 01:26:11] 小川阿丶: 爆
[2026-02-22 01:26:11] 猫心碎会失去几条命: @房管布罗利，玩÷yygq你尼爹不敢封？封弹幕的🐂劲呢？😂
[2026-02-22 01:26:11] 一缕清风为誰现: @房管布罗利，玩÷yygq你尼爹不敢封？封弹幕的🐂劲呢？😂
[2026-02-22 01:26:12] 仲夏677: 一个动不了的蜘蛛便你爱慕呢
[2026-02-22 01:26:12] 绘心酱敲卡哇伊: 善意互动蜘蛛
[2026-02-22 01:26:12] 我没P眼123: 一脚踢死
[2026-02-22 01:26:12] 欧内的手丨好汉: 再见了👋玩老爸
[2026-02-22 01:26:12] ImYJY: 哎，那只蜘蛛之前采访说过是刘亦博粉丝……😔😔
[2026-02-22 01:26:13] 1泡泡壶茶1: @niko：可是死去的nota也很恐怖啊🥺🥺🥺
[2026-02-22 01:26:13] 鳄鱼咬掉玩神鞭: 老爹倒了
[2026-02-22 01:26:13] bsqqaq: 有人说玩神喜欢编诗，我澄清一下，他喜欢的是监视😄
[2026-02-22 01:26:13] 大裂谷的登山家: 哎，那只蜘蛛之前采访说过是刘亦博粉丝……😔😔
[2026-02-22 01:26:13] 草莓冰酪: 真有房管拿自己当土皇帝了😮
[2026-02-22 01:26:13] 浊风天枢: @房管布罗利，玩÷yygq你尼爹不敢封？封弹幕的🐂劲呢？😂
[2026-02-22 01:26:13] 刘刘的农: 真有房管拿自己当土皇帝了😮
[2026-02-22 01:26:13] 北崎直树: 给老爸看似了
[2026-02-22 01:26:13] 玩设备丶dev1ce: 都被你辫成扁片了还说没辫
[2026-02-22 01:26:14] 汤圆二圆: 小福星又看似啦
[2026-02-22 01:26:14] 椎名立希本人: 孔子东游，见两小孩辩尸
[2026-02-22 01:26:14] yattt777: 再见了，刘老农🖐️ 再见了，刘老农 🖐️再见了，刘老农🖐️
[2026-02-22 01:26:14] 猫心碎会失去几条命: ㊽布罗利㊽布罗利㊽布罗利㊽布罗利㊽布罗利㊽布罗利㊽布罗利㊽布罗利㊽布罗利㊽布
[2026-02-22 01:26:15] 用户3853464680: @niko：可是死去的nota也很恐怖啊🥺🥺🥺
[2026-02-22 01:26:15] 玩艾玛丶Hiro: 哎，那只蜘蛛之前采访说过是刘亦博粉丝……😔😔
[2026-02-22 01:26:15] 石家庄的刘亦博本人: 真有房管拿自己当土皇帝了😮
[2026-02-22 01:26:15] Rainwedell: device这个bo3 补枪成功率低的离谱
[2026-02-22 01:26:15] 约渊: 老爹倒了
[2026-02-22 01:26:16] 粤夜封封哥岑验川老岑: @房管布罗利，玩÷yygq你尼爹不敢封？封弹幕的🐂劲呢？😂
[2026-02-22 01:26:16] 玩爱音丶Soyorin: @niko：可是死去的nota也很恐怖啊🥺🥺🥺
[2026-02-22 01:26:16] 草莓冰酪: 善意互动蜘蛛
[2026-02-22 01:26:16] GlockieSs: Oᴗoಣ
[2026-02-22 01:26:16] 用户4652451607: @niko：可是死去的nota也很恐怖啊🥺🥺🥺
[2026-02-22 01:26:16] smfiys: @niko：可是死去的nota也很恐怖啊🥺🥺🥺
[2026-02-22 01:26:16] 白河日和: 24号
[2026-02-22 01:26:16] jamesfaith23: 哎，那只蜘蛛之前采访说过是刘亦博粉丝……😔😔
[2026-02-22 01:26:16] 叶樱梦: 玩宝宝这只是和蜘蛛友好互动，弹幕这点要分清
[2026-02-22 01:26:16] LvvsiN: 孩子们快跑，马修赫伯特来了😨卧槽你的怎么是马枪和BOT
[2026-02-22 01:26:16] NikoHello520: @niko：可是死去的nota也很恐怖啊🥺🥺🥺
[2026-02-22 01:26:17] coldsura: @niko：可是死去的nota也很恐怖啊🥺🥺🥺
[2026-02-22 01:26:17] wedd1ddeJodd: 哎，那只蜘蛛之前采访说过是刘亦博粉丝……😔😔
[2026-02-22 01:26:17] 曲终人散cccc: 加多少钱可以看看吗？
[2026-02-22 01:26:17] Crych1c的若叶睦本人: @🕷️：为什么先用拖鞋拍完，还要掏刀？等下，怎么还脱睡裤把狙掏出来了？？？
[2026-02-22 01:26:17] 珠珠团子: 零蛋！
[2026-02-22 01:26:18] 没有人情味的治治360: 加不了分，只有奖金分
[2026-02-22 01:26:18] 用户1424229214: 都被你辫成扁片了还说没辫
[2026-02-22 01:26:18] 淡然夏末的温存11: 玩宝宝这只是和蜘蛛友好互动，弹幕这点要分清
[2026-02-22 01:26:18] 还是上半场分拿多了: @niko：死去的nota也很恐怖啊😖😖😖
[2026-02-22 01:26:18] 冰棍晓夜: @niko：可是nota的尸体也很恐怖啊🥺
[2026-02-22 01:26:18] 倾盆大rain: 🐝🐝🐝🐝蜘蛛没了，蜜蜂出击🐝🐝🐝🐝蜘蛛没了，蜜蜂出击🐝🐝🐝🐝
[2026-02-22 01:26:19] 饭盒爱吃饭: 再见了，刘老农🖐️ 再见了，刘老农 🖐️再见了，刘老农🖐️
[2026-02-22 01:26:19] 佐藤零丶: 哎，那只蜘蛛之前采访说过是刘亦博粉丝……😔😔
[2026-02-22 01:26:19] 可爱玩宝宝: 又开始刷了，真是一群鲨臂，房管也带头刷，这直播间算是完了
[2026-02-22 01:26:19] 好哥们黑龙歼灭刀: @niko：可是死去的nota也很恐怖啊🥺🥺🥺
[2026-02-22 01:26:19] HCS118: 孔子东游，见两小孩辩尸
[2026-02-22 01:26:20] viovvvvvvvon: 小福星又看似啦
[2026-02-22 01:26:20] 刘刘的农: 真有房管拿自己当土皇帝了😮
[2026-02-22 01:26:20] 凛雪鸦MIO: 弹幕别带碗橱双标节奏啊
[2026-02-22 01:26:20] 铃木佳奈助: 这MAGNOJEZ照片怎么那么像ZYWOO？
[2026-02-22 01:26:20] 爱洛魔神仙台叶月: 骷髅兵
[2026-02-22 01:26:20] LkCatQwQ: 零蛋！
[2026-02-22 01:26:20] 鹤翼三千连: @niko：可是死去的nota也很恐怖啊🥺🥺🥺
[2026-02-22 01:26:21] 无极加贝: 孔子东游，见两小孩辩尸
[2026-02-22 01:26:21] Saiki559: 哎，那只蜘蛛之前采访说过是刘亦博粉丝……😔😔
[2026-02-22 01:26:21] 水球碳酸饮料: @蚰蜒：刘亦博我哥们蜘蛛今天要来串门，你准备点蚊子来吃
[2026-02-22 01:26:21] 用户3661578: 这就淘汰了吗老汤雨神
[2026-02-22 01:26:21] 护牙的玩机器本人: 真有房管拿自己当土皇帝了😮
[2026-02-22 01:26:22] Gverense: 原来Niko是想给nota收尸吗。。。
[2026-02-22 01:26:22] 衣服Kaiju: 零蛋
[2026-02-22 01:26:22] takakiyo: 零蛋
[2026-02-22 01:26:22] Mouz的X9本人: 哎，那只蜘蛛之前采访说过是刘亦博粉丝……😔😔
[2026-02-22 01:26:22] LvvsiN: 玩宝宝，我发现在大学上学的时候肄业会很舒服，你可以试试
[2026-02-22 01:26:22] arimrs: 孔子东游，见两小孩辩尸
[2026-02-22 01:26:23] 曲终人散cccc: 加多少钱可以看看吗？
[2026-02-22 01:26:23] Peko-: @乱七八糟chseeifl：@niko：可是死去的nota也很恐怖啊🥺🥺🥺
[2026-02-22 01:26:23] 玩机器你能不能闭嘴: 孔子东游，见两小孩辩尸
[2026-02-22 01:26:23] 哈哈刘伯温: 宰蛛宰蛛宰蛛宰蛛宰蛛宰蛛宰蛛宰蛛
[2026-02-22 01:26:23] 四个酒仙: @niko：可是死去的nota也很恐怖啊🥺🥺🥺
[2026-02-22 01:26:24] Saiki559: 玩宝宝这只是和蜘蛛友好互动，弹幕这点要分清
[2026-02-22 01:26:24] 愿良辰美景: 都被你辫成扁片了还说没辫
[2026-02-22 01:26:24] 玩玩你的器器好嘛技击: @niko：可是死去的nota也很恐怖啊🥺🥺🥺
[2026-02-22 01:26:24] LvvsiN: 银行业😄银行业😀银行业😃银行业😁银行业😆银行业🤪银行业😝
[2026-02-22 01:26:25] 我有一对电动大牛子: @房管布罗利，玩÷yygq你尼爹不敢封？封弹幕的🐂劲呢？😂
[2026-02-22 01:26:25] 牧瀨紅莉栖awa: @niko：是k3指挥我bian的，你们别说了
[2026-02-22 01:26:25] 乱七八糟chseeifl: 孔子东游，见两小孩辩尸
[2026-02-22 01:26:25] 含泪办卡: 现在你是胖球了
[2026-02-22 01:26:26] 湖上风72121: 越来越瘦
[2026-02-22 01:26:26] 嘤寂寞: 孔子东游，见两小孩辩尸
[2026-02-22 01:26:26] 一不小心丶就丶: @niko：可是死去的nota也很恐怖啊🥺🥺🥺
[2026-02-22 01:26:26] 用户2719002301: @Zywoo：🕷️去送，然后地板粘住
[2026-02-22 01:26:26] CThun438: 小福星😁小福星😁小福星😁小福星😁小福星😁小福星😁小福星😁小福星😁小福星😁
[2026-02-22 01:26:26] 没有人情味的治治360: 进不了四强一分没有
[2026-02-22 01:26:26] 爱上直女的三角初音: 孔子东游，见两小孩辩尸
[2026-02-22 01:26:26] 梦鸡的累吧: @niko：死去的nota也很恐怖啊😖😖😖
[2026-02-22 01:26:27] 我男神凋零: 哎，那只蜘蛛之前采访说过是刘亦博粉丝……😔😔
[2026-02-22 01:26:27] 粤夜封封哥岑验川老岑: 孔子东游，见两小孩辩尸
[2026-02-22 01:26:27] 羊驼主播: 玉玉了
[2026-02-22 01:26:27] Kiriyama涟: 得满十场
[2026-02-22 01:26:27] 佐藤零丶: 零蛋！
[2026-02-22 01:26:27] 猫心碎会失去几条命: @房管布罗利，玩÷yygq你尼爹不敢封？封弹幕的🐂劲呢？😂
[2026-02-22 01:26:28] Mouz的X9本人: 哎，那只蜘蛛之前采访说过是刘亦博粉丝……😔😔
[2026-02-22 01:26:28] 玩神的欢喜好有嚼劲: 主播不要串niko编了，你房管布罗利马上给你360了
[2026-02-22 01:26:28] 曦嗍: 再见了，刘老农🖐️ 再见了，刘老农 🖐️再见了，刘老农🖐️
[2026-02-22 01:26:28] 樱落鬼: 真有房管拿自己当土皇帝了😮
[2026-02-22 01:26:28] LvvsiN: 别解说了 多聊会天 你不会真的以为能输吧
[2026-02-22 01:26:29] C9的achine6658本人: 房管也是海啸吧，去年刷斯八的人一个都没封哦
[2026-02-22 01:26:29] 哦可喜欢我: @Niko：可是nota的石体在地上我也不能不处理他呀🥹
[2026-02-22 01:26:29] Vitality的Zyw0o0本人: 又在立爱设备人设了
[2026-02-22 01:26:29] 用户4500726667: 都被你辫成扁片了还说没辫
[2026-02-22 01:26:30] 幕后煮屎者的菊花: 孔子东游，见两小孩辩尸
[2026-02-22 01:26:30] Saiki559: @房管布罗利，玩÷yygq你尼爹不敢封？封弹幕的🐂劲呢？😂
[2026-02-22 01:26:30] 倾盆大rain: 🐝🐝🐝🐝蜘蛛没了，蜜蜂出击🐝🐝🐝🐝蜘蛛没了，蜜蜂出击🐝🐝🐝🐝
[2026-02-22 01:26:30] 爱吃青椒的重曹酱: 再见了，刘老农🖐️ 再见了，刘老农 🖐️再见了，刘老农🖐️
[2026-02-22 01:26:30] 祐天寺喵梦: 弹幕别带碗橱双标节奏啊
[2026-02-22 01:26:30] LvvsiN: 就tm喜欢银行业🥰银行坏账我喜欢🥰银行挤兑我还喜欢😍利率调低我也喜欢🤤老子亲烂银行业的脸😘
[2026-02-22 01:26:30] Crythic的羊宫妃那本人: 孔子东游，见两小孩辩尸
[2026-02-22 01:26:31] 好哥们黑龙歼灭刀: 真有房管拿自己当土皇帝了😮
[2026-02-22 01:26:31] Vitality的羽贺文乃本人: 哎，那只蜘蛛之前采访说过是刘亦博粉丝……😔😔
[2026-02-22 01:26:31] 失去了才会珍惜649: 哎，那只蜘蛛之前采访说过是刘亦博粉丝……😔😔
[2026-02-22 01:26:31] Kakapu12283: 孔子东游，见两小孩辩尸
[2026-02-22 01:26:31] 小缘赐名的JK: 小福星又把汤爹看似了
[2026-02-22 01:26:31] 宇莓: @载物：玩大哥你不是和我保证以后只会说友好互动的吗。。。。。
[2026-02-22 01:26:31] 我吃柠檬树: 哎，那只蜘蛛之前采访说过是刘亦博粉丝……😔😔
[2026-02-22 01:26:32] 铃木佳奈助: 这MAGNOJEZ照片怎么那么像ZYWOO？
[2026-02-22 01:26:32] 北极圈外: 切胃很难胖了
[2026-02-22 01:26:32] 杰洛齐贝林3: 找白菜减肥了
[2026-02-22 01:26:32] 萌六花: @niko：可是死去的nota也很恐怖啊🥺🥺🥺
[2026-02-22 01:26:32] LvvsiN: 就tm喜欢银行业🥰银行坏账我喜欢🥰银行挤兑我还喜欢😍利率调低我也喜欢🤤老子亲烂银行业的脸😘
[2026-02-22 01:26:33] 玩神的欢喜好有嚼劲: 主播不要串niko编了，你房管布罗利马上给你360了
[2026-02-22 01:26:33] C4LLM3L1UN0NG: 孔子东游，见两小孩辩尸
[2026-02-22 01:26:33] 昌岗陈坤: 孔子东游，见两小孩辩尸
[2026-02-22 01:26:33] Mouz的X9本人: 哎，那只蜘蛛之前采访说过是刘亦博粉丝……😔😔
[2026-02-22 01:26:33] 青蘖: @niko：可是死去的nota也很恐怖啊🥺🥺🥺
[2026-02-22 01:26:33] 压缩vs蛮晚: 哎，那只蜘蛛之前采访说过是刘亦博粉丝……😔😔
[2026-02-22 01:26:34] 猜猜他是who: 孔子东游，见两小孩辩尸
[2026-02-22 01:26:34] 石家庄的刘亦博本人: 溜了
[2026-02-22 01:26:34] 倾盆大rain: 🐝🐝🐝🐝蜘蛛没了，蜜蜂出击🐝🐝🐝🐝蜘蛛没了，蜜蜂出击🐝🐝🐝🐝
[2026-02-22 01:26:34] 繁繁繁华华: 瘦瘦棍
[2026-02-22 01:26:34] 锤子带明星: 弹幕也太哈人了😰
[2026-02-22 01:26:34] yinyao1231: @boombl4：玩猪比以前又胖了
[2026-02-22 01:26:34] 玩弓箭、Arrow: 甲减治疗成甲亢了
[2026-02-22 01:26:35] LvvsiN: 南孚一节更比六节强，也就是一节南孚比六节南孚强，六节南孚比三十六节强，三十六节比二百一十六节强
[2026-02-22 01:26:35] 好姐妹常陆茉子: 囊囊囊🍎😋囊囊囊🍎😋囊囊囊🍎😋囊囊囊🍎😋囊囊囊🍎😋囊囊囊🍎😋囊囊囊🍎😋
[2026-02-22 01:26:35] 用户9693232973: 真有房管拿自己当土皇帝了😮
[2026-02-22 01:26:35] QAQ49052: 🐝🐝🐝🐝蜘蛛没了，蜜蜂出击🐝🐝🐝🐝蜘蛛没了，蜜蜂出击🐝🐝🐝🐝
[2026-02-22 01:26:35] 若叶睦吃苦瓜: 孔子东游，见两小孩辩尸
[2026-02-22 01:26:35] 怒之拳: 都被你辫成扁片了还说没辫
[2026-02-22 01:26:35] 刘刘的农: 房管布罗利，玩÷yygq你尼爹不敢封？封弹幕的🐂劲呢？😂
[2026-02-22 01:26:36] OooooDuke: 真有房管拿自己当土皇帝了😮
[2026-02-22 01:26:36] 桂林米粉比较好吃: @Niko：可是nota的石体在地上我也不能不处理他呀🥹
[2026-02-22 01:26:36] 最爱的马卡龙: 布罗利某站uid6512408，首页就是照片
[2026-02-22 01:26:36] 水球碳酸饮料: @蚰蜒：刘亦博我哥们蜘蛛今天要来串门，你准备点蚊子来吃
[2026-02-22 01:26:36] 岛田王师傅: 哎，那只蜘蛛之前采访说过是刘亦博粉丝……😔😔
[2026-02-22 01:26:37] Dartline: 哎，那只蜘蛛之前采访说过是刘亦博粉丝……😔😔
[2026-02-22 01:26:37] 冷淡ld: 孔子东游，见两小孩辩尸
[2026-02-22 01:26:37] Sakuraaa: 难怪被t了，菜b
[2026-02-22 01:26:37] Peko-: @玩玩你的器器好嘛技击：@niko：可是死去的nota也很恐怖啊🥺🥺🥺
[2026-02-22 01:26:37] 爱吃青椒的重曹酱: 善意引导
[2026-02-22 01:26:37] 载大哥的U盘供应商: 瘦棍
[2026-02-22 01:26:37] 忘却、: 骷髅兵
[2026-02-22 01:26:38] 跳跃的司令官: 孔子东游，见两小孩辩尸
[2026-02-22 01:26:38] 淡然夏末的温存11: 玩宝宝这只是和蜘蛛友好互动，弹幕这点要分清
[2026-02-22 01:26:38] 明天就和蕾塞结婚: @房管布罗利，玩÷yygq你尼爹不敢封？封弹幕的🐂劲呢？😂
[2026-02-22 01:26:38] Br00kZzZ: 瘦棍吗
[2026-02-22 01:26:38] 石家庄特色猪油火锅: @Niko:可是一旦失去nota，谁是丹麦人呢？
[2026-02-22 01:26:38] 玩家军的猪头肉本人: 布罗利Broli 02月12日 我参与了投票最喜欢选手 我投给了“Zywoo”
[2026-02-22 01:26:39] LvvsiN: 你这音画不同步太难受了，我都听到NIKO里约RMR晋级的欢呼了
[2026-02-22 01:26:39] wedd1ddeJodd: 再见了，刘老农🖐️ 再见了，刘老农 🖐️再见了，刘老农🖐️
[2026-02-22 01:26:39] 用户2719002301: @Zywoo：🕷️去送，然后地板粘住
[2026-02-22 01:26:39] 鼓鼓鼓捣叨叨: @载物：玩大哥你不是和我保证以后只会说友好互动的吗。。。。。
[2026-02-22 01:26:39] 玩神的欢喜好有嚼劲: 主播不要串niko编了，你房管布罗利马上给你360了
[2026-02-22 01:26:40] Mouz的X9本人: 哎，那只蜘蛛之前采访说过是刘亦博粉丝……😔😔
[2026-02-22 01:26:40] LokiAka: @boombl4：玩猪比以前又胖了desuw@
[2026-02-22 01:26:40] 丶绵绵: 真有房管拿自己当土皇帝了😮
[2026-02-22 01:26:40] 前溪伐云木: 胖球对玩机器使用了脂肪转移术
[2026-02-22 01:26:40] wsxj131: 真有房管拿自己当土皇帝了😮
[2026-02-22 01:26:40] 夏筱筱雪: 🐝🐝🐝🐝蜘蛛没了，蜜蜂出击🐝🐝🐝🐝蜘蛛没了，蜜蜂出击🐝🐝🐝🐝
[2026-02-22 01:26:40] 无聊的小琛子0: 切胃了
[2026-02-22 01:26:40] 约渊: 瘦瘦棍
[2026-02-22 01:26:41] LvvsiN: 额，拿亚军我都会，拿亚军，拿季军，拿四强，拿八强，拿十六强，呃拿冠军我不会，然后小组赛淘汰
[2026-02-22 01:26:41] 爱吃青椒的重曹酱: 善意处理尸体
[2026-02-22 01:26:42] 任晨阳rcy: 哎，那只蜘蛛之前采访说过是刘亦博粉丝……😔😔
[2026-02-22 01:26:42] 双刀牛TMac: 哎，那只蜘蛛之前采访说过是刘亦博粉丝……😔😔
[2026-02-22 01:26:42] 丰川Niko81054: 真有房管拿自己当土皇帝了😮
[2026-02-22 01:26:42] 好哥们黑龙歼灭刀: 哎，那只蜘蛛之前采访说过是刘亦博粉丝……😔😔
[2026-02-22 01:26:43] HyperDespot: 孔子东游，见两小孩辩尸
[2026-02-22 01:26:43] LvvsiN: 别解说了 多聊会天 你不会真的以为能输吧
[2026-02-22 01:26:43] Sheerios: 少了这么多胃是这样的
[2026-02-22 01:26:43] 肘一郎: 卧槽，玩神那里喷白汁 ，变蜘蛛侠了！！！
[2026-02-22 01:26:43] 微泯: 幼瘦？
[2026-02-22 01:26:43] 姓黄小名肥仔: @NiKo：强者就该挥刀向更强者😡话说完就一刀挥向nota尸体😋
[2026-02-22 01:26:43] xOcOg: “伊利亚，今年再拿不到major我们就退役”“我也要退吗”“对”
[2026-02-22 01:26:43] valorant玩机器: 哎，那只蜘蛛之前采访说过是刘亦博粉丝……😔😔
[2026-02-22 01:26:44] 鹅地霸霸: @布罗利：权利只对他的来源负责，玩大哥怎么说我不管
[2026-02-22 01:26:44] 石家庄特色猪油火锅: 哎，那只蜘蛛之前采访说过是刘亦博粉丝……😔😔
[2026-02-22 01:26:44] 狸仙人420: 真有房管拿自己当土皇帝了😮
[2026-02-22 01:26:44] Device的叠Twistzz: 你这音画不同步太难受了，我都听到NIKO里约RMR晋级的欢呼了
[2026-02-22 01:26:44] 热忱燃冰心: 5-15是人么
[2026-02-22 01:26:44] wristuuio: 哎，那只蜘蛛之前采访说过是刘亦博粉丝……😔😔
[2026-02-22 01:26:44] simonblass: 哎，那只蜘蛛之前采访说过是刘亦博粉丝……😔😔
[2026-02-22 01:26:45] 好姐妹稗田阿求: 哎，那只蜘蛛之前采访说过是刘亦博粉丝……😔😔
[2026-02-22 01:26:45] LvvsiN: 南孚一节更比六节强，也就是一节南孚比六节南孚强，六节南孚比三十六节强，三十六节比二百一十六节强
[2026-02-22 01:26:45] 湖上风72121: 真有房管拿自己当土皇帝了😮
[2026-02-22 01:26:45] GF-of-GotohHitori、Kita: @boombl4：玩猪比以前又胖了desuw@
[2026-02-22 01:26:45] jianlianzi: 真有房管拿自己当土皇帝了😮
[2026-02-22 01:26:45] Falcons十天老粉: 哎，那只蜘蛛之前采访说过是刘亦博粉丝……😔😔
[2026-02-22 01:26:45] 心弦之胤22: @房管布罗利，玩÷yygq你尼爹不敢封？封弹幕的🐂劲呢？😂
[2026-02-22 01:26:45] 信狐神: 真有房管拿自己当土皇帝了😮
[2026-02-22 01:26:45] Mouz的X9本人: 哎，那只蜘蛛之前采访说过是刘亦博粉丝……😔😔
[2026-02-22 01:26:45] 肘一郎: 卧槽，玩神那里喷白汁 ，变蜘蛛侠了！！！
[2026-02-22 01:26:46] Altolier: @房管布罗利，玩÷yygq你尼爹不敢封？封弹幕的🐂劲呢？😂
[2026-02-22 01:26:46] SideChannel: 老爸倒了
[2026-02-22 01:26:46] 酷拽帅死一条街: @房管布罗利，玩÷yygq你尼爹不敢封？封弹幕的🐂劲呢？😂
[2026-02-22 01:26:46] 中奖女装丨99999: 孔子东游，见两小孩辩尸
[2026-02-22 01:26:46] 白河日和: @房管布罗利，玩÷yygq你尼爹不敢封？封弹幕的🐂劲呢？😂
[2026-02-22 01:26:47] Subto: @锤子带明星：弹幕也太哈人了😰
[2026-02-22 01:26:47] LvvsiN: 你为什么要把mαjor禁了，我收藏的一半弹幕全毁了
[2026-02-22 01:26:47] Dartline: 哎，那只蜘蛛之前采访说过是刘亦博粉丝……😔😔
[2026-02-22 01:26:47] 里予禾中猴王雷冖: 5-15的狙击手说是
[2026-02-22 01:26:47] 金刚金刚最可爱: 5-15
[2026-02-22 01:26:47] 爱吃青椒的重曹酱: Niko：死去的nota也很恐怖啊
[2026-02-22 01:26:47] 我想玩小蜜蜂: 抓娃娃
[2026-02-22 01:26:48] 肘一郎: 卧槽，玩神那里喷白汁 ，变蜘蛛侠了！！！
[2026-02-22 01:26:48] 阿羞羞i: 哎，那只蜘蛛之前采访说过是刘亦博粉丝……😔😔
[2026-02-22 01:26:48] 懒懒监监major冠军: 哎，那只蜘蛛之前采访说过是刘亦博粉丝……😔😔
[2026-02-22 01:26:48] viovvvvvvvon: 不看就赢了
[2026-02-22 01:26:49] Acm3Omn1: 真有房管拿自己当土皇帝了😮
[2026-02-22 01:26:49] LvvsiN: 其实碗橱就是猪灵，你不拿黄金丢他他就不跟你说话
[2026-02-22 01:26:49] 草莓冰酪: @布罗利：权利只对他的来源负责，玩大哥怎么说我不管
[2026-02-22 01:26:49] samuraionnna: 真有房管拿自己当土皇帝了😮
[2026-02-22 01:26:49] wristuuio: 哎，那只蜘蛛之前采访说过是刘亦博粉丝……😔😔
[2026-02-22 01:26:49] 草莓味小兔兔: 哎，那只蜘蛛之前采访说过是刘亦博粉丝……😔😔
[2026-02-22 01:26:49] StellarEchoes: 冠军粉是永久的，而24年的娜美，25年的冰粉都是一个群体造出来的限时名词，有感觉么
[2026-02-22 01:26:50] 卡啊卡卡丶: 哎，那只蜘蛛之前采访说过是刘亦博粉丝……😔😔
[2026-02-22 01:26:50] 逍遥的F: 孔子东游，见两小孩辩尸
[2026-02-22 01:26:50] 这牙缝可以: 孔子东游，见两小孩辩尸
[2026-02-22 01:26:50] 肘一郎: 卧槽，玩神那里喷白汁 ，变蜘蛛侠了！！！
[2026-02-22 01:26:50] 爱洛魔神仙台叶月: 锤子带明星 ： 弹幕也太哈人了😰
[2026-02-22 01:26:50] 山田凉来了: @boombl4：玩猪比以前又胖了desuw@
[2026-02-22 01:26:51] 用户1424229214: 10 device
