# room_id=6979222 host=玩机器丶Machine title=小众宝藏结晶直播 live_time= fetch_time=2026-02-21 23:45:46
[2026-02-21 23:56:20] 女武神布伦希尔德: 托÷只送大的
[2026-02-21 23:56:20] 万丽娜的小牛角: 罚
[2026-02-21 23:56:20] 奇迹于你41730: 不串等于永封！
[2026-02-21 23:56:20] MiniHerc: 抗渗
[2026-02-21 23:56:20] 琦玉33的冷漠脸: 托出经典尿裤
[2026-02-21 23:56:20] 方芮欣: 感觉图二了啊
[2026-02-21 23:56:21] iNaixu: gg
[2026-02-21 23:56:21] 冬瓜不在家偷偷玩机器: 僵尸
[2026-02-21 23:56:21] 强哥让标志改发言到10: 不串等于永封！！
[2026-02-21 23:56:21] 文西67: 抗渗！
[2026-02-21 23:56:21] 小蜜蜂的长期素食本人: 抗渗
[2026-02-21 23:56:21] 宇治的QQ: 不串等于永封！！
[2026-02-21 23:56:22] 队内潜在明星哥: 不串等于永封！！
[2026-02-21 23:56:22] 不羁の黄毛: gg
[2026-02-21 23:56:22] SideChannel: 不串等于永封！！
[2026-02-21 23:56:22] 长亭877: 0-3牛逼
[2026-02-21 23:56:22] 科斯特菲菲: 不串等于永封！！
[2026-02-21 23:56:22] 玩玩的丸丸软又弹: 不串等于永封！！
[2026-02-21 23:56:22] 帕金森患者Z: 不串等于永封！！
[2026-02-21 23:56:22] 我想玩小蜜蜂: 无人在意的角落 伟÷a门又送了
[2026-02-21 23:56:23] 我真的不是硝子: gg
[2026-02-21 23:56:23] 牟平鲁尼: v了
[2026-02-21 23:56:23] 正经猪头肉: 开不出枪了
[2026-02-21 23:56:23] Thatsgood961: 不串等于永封！！
[2026-02-21 23:56:23] 瑭珏: 换台
[2026-02-21 23:56:24] 没有腿的羊: GG
[2026-02-21 23:56:24] 玩机器是我霸: @zweih：@donk @NIKO @makazze 四强赛没看见你们啊 你们人呢？
[2026-02-21 23:56:24] 不变的追求717: 不串等于永封！！
[2026-02-21 23:56:24] 选选不懂女人: 不串等于永封！！
[2026-02-21 23:56:24] MEi丶Tim0ris: 重新定义猎鹰强度
[2026-02-21 23:56:24] 永远的克罗娜: 爱弥斯，我只希望你能轻松快乐的生活......
[2026-02-21 23:56:24] 芝士每天都很困: 抗渗
[2026-02-21 23:56:24] 玩机器厦面鄙骰大: V了
[2026-02-21 23:56:24] 晚安羁绊人: 不串等于永封！！
[2026-02-21 23:56:24] 里约钻石币拥有者: 不串等于永封！！
[2026-02-21 23:56:25] 宇治的QQ: 不串等于永封！！
[2026-02-21 23:56:25] 坝瘫虎出动目标铲车人: popipa pipopa popinparty pipopa！
[2026-02-21 23:56:25] Amor永恒: 潘宏爱玩狗的玩狗原来是你啊
[2026-02-21 23:56:25] 足音: donk来v了
[2026-02-21 23:56:25] 潇洒哥09913: 不串等于永封！！
[2026-02-21 23:56:26] 玉米卧槽: v了
[2026-02-21 23:56:26] 一只超级大的章鱼: 不串等于永封！！
[2026-02-21 23:56:26] GlasgowJSzhang:  @钟离：哼，欺负玩宝宝？——𒆙——天动万象
[2026-02-21 23:56:26] CRYCHIC的若葉睦本人: 不串等于永封！！
[2026-02-21 23:56:27] 蓝原延渚: 不串等于永封！！
[2026-02-21 23:56:27] 爱淡茶未凉: 罚！！！
[2026-02-21 23:56:27] 用户2271684932: @zweih：@donk @NIKO @makazze 四强赛没看见你们啊 你们人呢？
[2026-02-21 23:56:28] LvvsiN: 你为什么要把mαjor禁了，我收藏的一半弹幕全毁了
[2026-02-21 23:56:28] Mouz的X9本人: v了
[2026-02-21 23:56:28] 丶太上忘情丿: 可是玩宝宝也很冰清玉洁啊🥺
[2026-02-21 23:56:29] 树奈奈是个憨憨: 额，拿亚军我都会，拿亚军，拿季军，拿四强，拿八强，拿十六强，呃拿冠军我不会，然后小组赛淘汰
[2026-02-21 23:56:29] 丿年华不再: 不串等于永封！！
[2026-02-21 23:56:29] 丢丢的夜精灵: 绝望吉米
[2026-02-21 23:56:29] 寻管鲍之交: 感觉Ⅳ   Ⅷ了啊
[2026-02-21 23:56:29] 不要命的Tony: 这才是托子
[2026-02-21 23:56:30] LvvsiN: 孩子们快跑，马修赫伯特来了😨卧槽你的怎么是马枪和BOT
[2026-02-21 23:56:30] 请为我的战队投票: 不串等于永封！！
[2026-02-21 23:56:30] 我是土豆小王: @jame（没有粘到加时版):托出
[2026-02-21 23:56:30] 米米世界之神: 重新定义猎鹰强度
[2026-02-21 23:56:30] 野猪家猪: ？
[2026-02-21 23:56:30] 二阶堂宁宁: 不串等于永封！！
[2026-02-21 23:56:30] 长宁金城武: ？
[2026-02-21 23:56:30] 讽风有情: v了
[2026-02-21 23:56:30] 机器机器祝你天天开心: v了
[2026-02-21 23:56:31] 最喜欢妮姆芙: v了
[2026-02-21 23:56:31] 心安理得的时候: v了
[2026-02-21 23:56:31] 很久以前Ty: 宝蓝枪没开全自动是吧
[2026-02-21 23:56:31] stonezyx: 。。。。
[2026-02-21 23:56:31] 镫唧稿梅皋: 不串等于永封！！
[2026-02-21 23:56:31] 三上四下: 😩👎吁！！😩👎吁！！😩👎吁！！😩👎吁！！😩👎吁！！😩👎吁！！😩👎吁！！
[2026-02-21 23:56:32] 海参怎么你了: 不串等于永封！！
[2026-02-21 23:56:32] 玩南梁丶阿斯托尔福: V了
[2026-02-21 23:56:32] 旅人c20: 马萨卡
[2026-02-21 23:56:32] 玩斯特出出6657: 跳
[2026-02-21 23:56:32] 6657的芥末本人: 不串等于永封！！
[2026-02-21 23:56:32] CryLic: 不串等于永封！！
[2026-02-21 23:56:32] 带带小狮弟: 亦博，阿姨感谢你，这年过的太棒了，伟伟刚才看到你贵宾4w，气的直接嗯了
[2026-02-21 23:56:33] 玩机器的大卫戴: 可是玩宝宝也很冰清玉洁啊🥺
[2026-02-21 23:56:33] G2的device本人: v了
[2026-02-21 23:56:33] 量子毁灭717: 是个人都会双标！所以双标是对的！
[2026-02-21 23:56:33] houn1u: 不串等于永封！！
[2026-02-21 23:56:33] 用户2271684932: 不串等于永封！！
[2026-02-21 23:56:33] 玩机器厦面鄙骰大: V了V了
[2026-02-21 23:56:33] 野猪家猪: 罪
[2026-02-21 23:56:33] 熊本小孩井芹仁菜本人: ciallo
[2026-02-21 23:56:34] 啪啪啪啪的蛋: 闹麻了
[2026-02-21 23:56:34] sin橡皮妮i: ⚠线下分贝已到达图书馆标准⚠杨硕士即将入场检查⚠请弹幕自觉举起双手配合
[2026-02-21 23:56:34] 用户6235382488: 潘宏爱玩狗的玩狗原来是你啊
[2026-02-21 23:56:34] 积极博弈GGB: 出
[2026-02-21 23:56:34] Coalgebra: 难道说
[2026-02-21 23:56:34] KuronekoSummer: 早干吗去了
[2026-02-21 23:56:34] 终初若叶睦: v了
[2026-02-21 23:56:35] 疯狂的飞机: 跳
[2026-02-21 23:56:35] 用户858967148: v了
[2026-02-21 23:56:35] 解说玩机包: v了
[2026-02-21 23:56:35] arimrs: ？
[2026-02-21 23:56:35] HLucKy丶: 不对劲！
[2026-02-21 23:56:36] 迪奥雷: 很多死路
[2026-02-21 23:56:36] ihao哀嚎: v了
[2026-02-21 23:56:36] 兮诺: 难道说
[2026-02-21 23:56:36] 19岁的日子: 可是玩宝宝也很冰清玉洁啊🥺
[2026-02-21 23:56:37] 正经猪头肉: V了
[2026-02-21 23:56:37] 玩机器的大卫戴: 可是玩宝宝也很冰清玉洁啊🥺
[2026-02-21 23:56:37] ArZhe阿哲: 有包玩鸡毛呢
[2026-02-21 23:56:38] LvvsiN: 男人一生只哭十八次：niko十七次梦碎major正赛, niko梦碎里约major RMR＼
[2026-02-21 23:56:38] 猛吹玩机器稿玩: 潘宏爱玩狗的玩狗原来是你啊
[2026-02-21 23:56:38] 含泪办卡: 这怎么v
[2026-02-21 23:56:38] 玩指挥丶NiKo: 潘宏♥玩狗
[2026-02-21 23:56:38] 普通网友小沈: 急森莫啊😫急森莫啊😫急森莫啊😫急森莫啊😫急森莫啊😫急森莫啊😫急森莫
[2026-02-21 23:56:38] 永生不遇的star: 额，拿亚军我都会，拿亚军，拿季军，拿四强，拿八强，拿十六强，呃拿冠军我不会，然后小组赛淘汰
[2026-02-21 23:56:38] 玩机器厦面鄙骰大: V了
[2026-02-21 23:56:39] 刘京子Kyousuke: @Zewei：玩处你什么意思，为什么我老公的数字发不出来？
[2026-02-21 23:56:39] arsQaQ: u了
[2026-02-21 23:56:39] 咬一口虾堡: 机会在哪
[2026-02-21 23:56:43] 梅雨54320: 铁木真赛
[2026-02-21 23:56:43] 吟游诗人希尔伯特: 可是玩宝宝也很冰清玉洁啊🥺
[2026-02-21 23:56:43] suo不粗话: b点跳啥呢
[2026-02-21 23:56:43] mujica的长崎素世本人: V了
[2026-02-21 23:56:43] LvvsiN: 孩子们快跑，马修赫伯特来了😨卧槽你的怎么是马枪和BOT
[2026-02-21 23:56:43] 梦的星: 绝望
[2026-02-21 23:56:43] 正经猪头肉: 五杀了
[2026-02-21 23:56:43] shadow彡跨擦: 这PV的人狂送
[2026-02-21 23:56:43] 等给他爱6发售中: donk来V了
[2026-02-21 23:56:43] 永远的克罗娜: 爱弥斯，我只希望你能轻松快乐的生活......
[2026-02-21 23:56:43] 冲上云霄的姨: ⚠线下分贝已到达图书馆标准⚠杨硕士即将入场检查⚠请弹幕自觉举起双手配合
[2026-02-21 23:56:43] 李大钊与陈独秀: pv沙二胜率真高吧
[2026-02-21 23:56:43] Laika654: 潘宏爱玩狗的玩狗原来是你啊
[2026-02-21 23:56:43] LvvsiN: 你屏蔽词都快赶上新华词典了为什么不干脆开一百级发言？
[2026-02-21 23:56:43] 网友阿草: 折磨
[2026-02-21 23:56:43] ST骑士: 潘宏♥玩狗
[2026-02-21 23:56:43] 冰镇豆浆Zzzz: z这能V我倒立洗头
[2026-02-21 23:56:43] 刘农的virtue: 诗人？
[2026-02-21 23:56:43] 阿道和伏见柚柚: 拖 四了
[2026-02-21 23:56:43] 快乐术宗师: 拖  死
[2026-02-21 23:56:43] H你好T: gg
[2026-02-21 23:56:46] 石家庄的宠物男孩: 绝望
[2026-02-21 23:56:46] sinecerely: 心疼小吉米
[2026-02-21 23:56:46] 没有故事的Pluto: pv冠军了有感觉吗
[2026-02-21 23:56:46] arimrs: 绝望
[2026-02-21 23:56:46] LvvsiN: 玩宝宝，我发现在大学上学的时候肄业会很舒服，你可以试试
[2026-02-21 23:56:46] 艺术冰霜: 潘宏♥玩狗
[2026-02-21 23:56:46] 勤奋努力的Obito: 可是玩宝宝也很冰清玉洁啊🥺
[2026-02-21 23:56:46] Valorddd: 杀三剩二无敌了
[2026-02-21 23:56:46] KuronekoSummer: 早干吗去了
[2026-02-21 23:56:46] 龍仔ww: 哈哈哈
[2026-02-21 23:56:46] 玩机器的大卫戴: ⚠️贵宾数fifa, 请超管速度封禁直播间⚠️
[2026-02-21 23:56:46] 492555411: @Zewei：玩处你什么意思，为什么我老公的数字发不出来？
[2026-02-21 23:56:46] LvvsiN: 我提一嘴这剧情越来越像上海major了
[2026-02-21 23:56:46] 火星情报员工: v了
[2026-02-21 23:56:46] yinyao1231: 孩子们快跑，马修赫伯特来了😨卧槽你的怎么是马枪和BOT
[2026-02-21 23:56:46] 荣誉马莱人丶贾碧: 绝望
[2026-02-21 23:56:47] 啪啪啪啪的蛋: 发癫了
[2026-02-21 23:56:47] 玩南梁丶阿斯托尔福: 闹麻了
[2026-02-21 23:56:47] stonezyx: 。。。。。
[2026-02-21 23:56:47] 迪奥雷: 好烟
[2026-02-21 23:56:47] AveMujica的Sakiko本人: 潘宏♥玩狗
[2026-02-21 23:56:47] 周好不好过: 看老汤
[2026-02-21 23:56:47] 好姐妹常陆茉子: gg
[2026-02-21 23:56:47] 反枫建杀胖头: Niko来鞭了
[2026-02-21 23:56:47] 玩老鼠丶Roxy: 传统PV比分
[2026-02-21 23:56:47] 正经猪头肉: 哈哈哈哈
[2026-02-21 23:56:48] 门子侃: 哈哈哈哈
[2026-02-21 23:56:48] 玩机器是我霸: @zweih：@donk @NIKO @makazze 四强赛没看见你们啊 你们人呢？
[2026-02-21 23:56:48] 机器机器祝你天天开心: 闹麻了
[2026-02-21 23:56:48] Vitality的Kyojin本人: 哈哈哈哈
[2026-02-21 23:56:48] 玉米卧槽: 闹麻了
[2026-02-21 23:56:48] LvvsiN: 你为什么要把mαjor禁了，我收藏的一半弹幕全毁了
[2026-02-21 23:56:48] 心安理得的时候: 哈哈哈哈哈哈
[2026-02-21 23:56:48] Coalgebra: 闹麻了
[2026-02-21 23:56:48] 玩机器厦面鄙骰大: V了
[2026-02-21 23:56:48] 玩斯特出出6657: 闹麻了
[2026-02-21 23:56:48] 枫落不是枫ruo: 哈哈哈哈哈
[2026-02-21 23:56:49] 殇10876: 发狂了
[2026-02-21 23:56:49] myGo的anon: gg
[2026-02-21 23:56:50] 用户0268784457: 区
[2026-02-21 23:56:50] 葛城上校: 难受
[2026-02-21 23:56:50] Vitality的羽贺文乃本人: 托 死
[2026-02-21 23:56:50] 丰川祥子口三角初华: 哈哈哈哈哈
[2026-02-21 23:56:50] kjhhjki: 绝望
[2026-02-21 23:56:50] 只抽不中丶职业抽奖人: 潘宏爱玩狗的玩狗原来是你啊
[2026-02-21 23:56:50] 理想零星: 重新评估猎鹰强度
[2026-02-21 23:56:51] 讽风有情: 闹麻了
[2026-02-21 23:56:51] 穿甲狗: 哈哈哈哈哈哈
[2026-02-21 23:56:51] 湛湛0731: 闹麻了
[2026-02-21 23:56:51] 鮰黩嬷: 闹麻了
[2026-02-21 23:56:51] 皮里恩丶: 发狂了
[2026-02-21 23:56:51] Vitality的Kyojin本人: 绝望
[2026-02-21 23:56:51] 爱上直女的三角初音: Niko来鞭了
[2026-02-21 23:56:51] 玩弓箭、Arrow: ⚠️贵宾数fifa, 请超管速度封禁直播间⚠️
[2026-02-21 23:56:52] xyxxyzbbdzq: 绝望
[2026-02-21 23:56:52] 温柔是罪是罪吗: 杀三剩二无敌了
[2026-02-21 23:56:52] 凝视深渊丶玩叽叽: 绝望
[2026-02-21 23:56:52] 铲车司机戴家伟: 潘宏♥玩狗
[2026-02-21 23:56:52] 我是一个医保卡: 哈哈哈哈
[2026-02-21 23:56:52] 天道酬勤剑不归: 绝望
[2026-02-21 23:56:52] xOcOg: 这nota不愧能偷老尼一个evp，还是有点实力的
[2026-02-21 23:56:52] 妥丸: 闹麻了
[2026-02-21 23:56:52] VDVCI的迪米特里本人: 潘宏♥玩狗
[2026-02-21 23:56:52] UFO233: 潘宏♥玩狗
[2026-02-21 23:56:52] 长宁金城武: 没办法了
[2026-02-21 23:56:52] 到鱼一观: 绝望
[2026-02-21 23:56:53] 嘿丶咻咻咻: 哈哈哈
[2026-02-21 23:56:53] Crazylu603: 绝望
[2026-02-21 23:56:53] Igony丶: 潘宏♥玩狗
[2026-02-21 23:56:53] 玩机器是我霸: @zweih：@donk @NIKO @makazze 四强赛没看见你们啊 你们人呢？
[2026-02-21 23:56:53] 血樱幽世: 绝望
[2026-02-21 23:56:53] Cloud9的咬人猫本人: '潘宏爱玩狗的玩狗原来是你啊
[2026-02-21 23:56:53] 永远爱玩宝宝: 看老汤
[2026-02-21 23:56:54] 李欢要早睡i: 闹麻了
[2026-02-21 23:56:54] CThun438: 绝望
[2026-02-21 23:56:54] 马加奇的哥哥马加绝: 潘宏♥玩狗
[2026-02-21 23:56:54] RocketTheRaccoon: 闹麻了
[2026-02-21 23:56:54] K博士keria: 罚
[2026-02-21 23:56:54] D0r1tos: 哈气了
[2026-02-21 23:56:54] 螳飞: 潘宏♥玩狗
[2026-02-21 23:56:54] 康托尔74920: @Zewei：玩处你什么意思，为什么我老公的数字发不出来？
[2026-02-21 23:56:54] 礁石222: Niko来鞭了
[2026-02-21 23:56:55] 做不到: 重新评估猎鹰强度
[2026-02-21 23:56:55] 柚柚子Yuyuko: 绝望
[2026-02-21 23:56:55] 大肉鲁: 年猪送走虾哥任务完成了 就露原型了
[2026-02-21 23:56:55] 姚粒绒: 闹麻了
[2026-02-21 23:56:55] dark1337: 绝望
[2026-02-21 23:56:55] 玩玩的丸丸软又弹: 潘宏♥玩狗
[2026-02-21 23:56:55] 冷淡ld: Niko来鞭了
[2026-02-21 23:56:56] 玩宝路、Marlboro: 潘宏♥玩狗
[2026-02-21 23:56:56] 枫落不是枫ruo: 绝望
[2026-02-21 23:56:56] 女仆小祥saki: 潘宏♥玩狗
[2026-02-21 23:56:56] 我木JJ怕个锤子: nota装死的，niko看穿了
[2026-02-21 23:56:56] 科比劳大爱肘击: 潘宏♥玩狗
[2026-02-21 23:56:59] 虹薼: 有脚步就开枪
[2026-02-21 23:56:59] xjdnshxjdka: ⚠️贵宾数fifa, 请超管速度封禁直播间⚠️
[2026-02-21 23:56:59] Kis4ki: 可是玩宝宝也很冰清玉洁啊🥺
[2026-02-21 23:56:59] Vitality的Kyojin本人: gg
[2026-02-21 23:56:59] A1report: 潘宏♥玩狗
[2026-02-21 23:56:59] MisakaMikoto222: 重新评估猎鹰强度
[2026-02-21 23:56:59] BASSGOAT牛込里美: 罚
[2026-02-21 23:56:59] 大姜饼: 潘宏♥玩狗
[2026-02-21 23:56:59] 跳跃的司令官: 潘宏♥玩狗
[2026-02-21 23:56:59] Yuta030: 潘宏♥玩狗
[2026-02-21 23:56:59] 冲上云霄的姨: 潘宏♥玩狗
[2026-02-21 23:56:59] L1quor丶晓澈: 尼古拉斯，你被禁赛了！
[2026-02-21 23:56:59] Laika654: 潘宏♥玩狗
[2026-02-21 23:56:59] 晚睡夜ovo: @zweih：@donk @NIKO @makazze 四强赛没看见你们啊 你们人呢？
[2026-02-21 23:56:59] 哦斯特哦哦: 潘宏♥玩狗
[2026-02-21 23:56:59] 玩斯特姬姬: @dev1ce：易博 开门 是老爸😎😎😎😎
[2026-02-21 23:56:59] 用户8893066234: gg
[2026-02-21 23:56:59] 难道改名能中奖丶: 吉米很急
[2026-02-21 23:56:59] 花泽舞夜: 潘宏♥玩狗
[2026-02-21 23:56:59] forrrk: 潘宏♥玩狗
[2026-02-21 23:56:59] 言斯特心心: 潘宏♥玩狗
[2026-02-21 23:56:59] 爱淡茶未凉: 发狂了吗
[2026-02-21 23:57:00] 呵19553: 潘宏爱玩狗的玩狗原来是你啊
[2026-02-21 23:57:00] 1ntroverT: ⚠️贵宾数fifa, 请超管速度封禁直播间⚠️
[2026-02-21 23:57:00] 开奔驰的藤原跳海: 潘宏♥玩狗
[2026-02-21 23:57:00] 好兄弟苍蓝瑆: 狂鼠
[2026-02-21 23:57:00] 国服第一吐酸泰坦: 潘宏♥玩狗
[2026-02-21 23:57:00] 审查账号: 精准
[2026-02-21 23:57:01] Vitality的羽贺文乃本人: 潘宏♥玩狗
[2026-02-21 23:57:01] 偷鸡蛋的玩机器本人o: 托神送的大
[2026-02-21 23:57:01] kalaokl: 潘宏♥玩狗
[2026-02-21 23:57:01] 吴本伟nb: 世一沙
[2026-02-21 23:57:01] 足音: 重新评估猎鹰强度
[2026-02-21 23:57:02] 网友哈基米: 潘宏♥玩狗
[2026-02-21 23:57:02] OMGlionKing: 玩大哥原来你跟010是一家公司的啊
[2026-02-21 23:57:02] NZorThs: 重新评估猎鹰强度
[2026-02-21 23:57:02] 上个世纪末期的疯子: 潘宏♥玩狗
[2026-02-21 23:57:02] 驴子别路边了: 潘宏♥玩狗
[2026-02-21 23:57:02] 椎名立希的泪痣: 国产剧情
[2026-02-21 23:57:03] 积极博弈GGB: 玩机器原话：老鼠卫冕冠军
[2026-02-21 23:57:03] 小蜜蜂的长期素食本人: 潘宏♥玩狗
[2026-02-21 23:57:03] Kiryu、Kazuma: 换台
[2026-02-21 23:57:03] ig7gg: 玩🤖大🤖哥🤖我🤖要🤖下🤖班🤖了玩🤖大🤖哥🤖我🤖要🤖下🤖班🤖了
[2026-02-21 23:57:03] aa啪啪: 潘宏♥玩狗
[2026-02-21 23:57:04] 中二紫靳暴力: 为什么这比赛没有尼尼孩孩啊，是鞭尸被禁赛了吗
[2026-02-21 23:57:04] 我是一个医保卡: 潘宏♥玩狗
[2026-02-21 23:57:04] 数院一锋: @device：儿子！换台！是爹地！😎😎😎
[2026-02-21 23:57:04] jianxideminggzi: 太绝望了
[2026-02-21 23:57:04] 又黑我托: 冷知识：玩哥曾经在几万人观看的直播间豪掷三十个五元外卖优惠券！
[2026-02-21 23:57:04] 海参怎么你了: 潘宏爱玩狗的玩狗原来是你啊
[2026-02-21 23:57:04] mlxg究极迷弟: 潘宏♥玩狗
[2026-02-21 23:57:04] 用户20869840: 重新评估猎鹰强度
[2026-02-21 23:57:04] aprayll: 潘宏♥玩狗
[2026-02-21 23:57:05] 无情道毕业生: @dev1ce：易博 开门 是老爸😎😎😎😎
[2026-02-21 23:57:05] VDVCI的迪米特里本人: ⚠️贵宾数fifa, 请超管速度封禁直播间⚠️
[2026-02-21 23:57:08] 就爱吃辣咋的: 托出
[2026-02-21 23:57:08] 薯薯在孩孩洞洞刘农: 潘宏♥玩狗
[2026-02-21 23:57:08] 羽川翼的恋爱物语: 数值太低了
[2026-02-21 23:57:08] 卡啊卡卡丶: @椰汁糕冬瓜强：被禁言的兄弟来瓜哥直播间这里大家大大方方刷
[2026-02-21 23:57:08] RocketTheRaccoon: 哈气了
[2026-02-21 23:57:08] 心安理得的时候: 詹姆王朝了
[2026-02-21 23:57:08] TheSaltFish: 换台
[2026-02-21 23:57:08] sssllgaibs: 道具都玩死，拿头V
[2026-02-21 23:57:08] 广州恒大温姓小将: 吁吁吁吁吁吁吁吁吁
[2026-02-21 23:57:08] 1780656731: 可以恨詹
[2026-02-21 23:57:08] NateQAQ: 拖出也是本质软脚虾
[2026-02-21 23:57:08] 挪威雨哥: 转移注意力
[2026-02-21 23:57:08] 机器的稿完: 123321
[2026-02-21 23:57:08] ValleyVVV: 有 nota 被偶像鞭难受吗
[2026-02-21 23:57:08] 空白Zzz丶: Niko来V了
[2026-02-21 23:57:08] Moe1e: 爱弥斯，我只希望你能轻松快乐的生活……
[2026-02-21 23:57:09] 凿空156: 潘宏♥玩狗
[2026-02-21 23:57:09] 铃木佳奈助: 潘宏♥玩狗
[2026-02-21 23:57:09] 井芹桃香: 潘宏♥玩狗
[2026-02-21 23:57:09] 网友阿草: 托出
[2026-02-21 23:57:09] 红烧哈基米: 比赛看完了，全力开串
[2026-02-21 23:57:09] 帅气的小山楂: 还是上半场拿分拿少了
[2026-02-21 23:57:11] 广州恒大温姓小将: 潘宏♥玩狗
[2026-02-21 23:57:11] 枫落不是枫ruo: 解读了也没用，一脚
[2026-02-21 23:57:11] 玩斯特出出6657: 报销
[2026-02-21 23:57:11] MichaelJackson: ？
[2026-02-21 23:57:11] NiKkiRain: 换台
[2026-02-21 23:57:11] 轻伤酱: 123321
[2026-02-21 23:57:11] Taki479: @dev1ce：易博 开门 是老爸😎😎😎😎
[2026-02-21 23:57:11] 山羊载物: 潘宏♥玩狗
[2026-02-21 23:57:12] 玉衡宫主: 潘宏♥玩狗
[2026-02-21 23:57:12] 女武神布伦希尔德: 托处经典最送最大的
[2026-02-21 23:57:12] 好哥们汉阳造: 发送他们房子
[2026-02-21 23:57:12] 言斯特心心: 潘宏♥玩狗
[2026-02-21 23:57:12] 跳跃的司令官: 潘宏爱玩狗的玩狗原来是你啊
[2026-02-21 23:57:12] 玩蜜蜂丶Bee: 潘宏♥玩狗
[2026-02-21 23:57:12] TheSaltFish: 唠吧到了
[2026-02-21 23:57:12] zeta黯霓: 潘宏♥玩狗
[2026-02-21 23:57:12] 康托尔74920:  @足音：重新评估猎鹰强度
[2026-02-21 23:57:13] HLucKy丶: 精准回放
[2026-02-21 23:57:13] RAINIKO: @老爸：100t！100t！100t！
[2026-02-21 23:57:13] RoseIia的凑友希那本人: 潘宏爱玩狗的玩狗原来是你啊
[2026-02-21 23:57:13] 神秘的蜜汁鱼: 换台！看汤汤雨雨！
[2026-02-21 23:57:13] LOXAM: 托出
[2026-02-21 23:57:13] 机灵的狗剩: 潘宏♥玩狗
[2026-02-21 23:57:13] 玉米卧槽: ⚠️贵宾数fifa, 请超管速度封禁直播间⚠️
[2026-02-21 23:57:13] 求老仙奶我考不上仙交: 潘宏♥玩狗
[2026-02-21 23:57:13] 加一些辣椒酱: 潘宏♥玩狗
[2026-02-21 23:57:13] McHeasty: 123321
[2026-02-21 23:57:14] 刘刘的农: 潘宏♥玩狗
[2026-02-21 23:57:14] 玩玩解说一辈子: 重新评估猎鹰强度
[2026-02-21 23:57:14] 布洛芬重度依赖: 潘宏♥玩狗
[2026-02-21 23:57:14] LvvsiN: @阿汤日记：一个人，5发子弹，保住格陵兰岛。我不会叫它不可能完成的任务，我现在只想先回家看亦博
[2026-02-21 23:57:14] 黑死病患者福音: 有 nota 被偶像鞭难受吗
[2026-02-21 23:57:14] 玩机器的大卫戴: 潘宏♥玩狗
[2026-02-21 23:57:14] A队不吃晃的小祥本人: @device：儿子！换台！是爹地！😎😎😎
[2026-02-21 23:57:14] Arianphy: @dev1ce：易博 开门 是老爸😎😎😎😎
[2026-02-21 23:57:14] 王三岔: @椰汁糕冬瓜强：被禁言的兄弟来瓜哥直播间这里大家大大方方刷
[2026-02-21 23:57:16] 挪威退休老头寻求返聘: 看100t
[2026-02-21 23:57:16] 瓜皮老师的蛇皮学生: 潘宏爱玩狗的玩狗原来是你啊
[2026-02-21 23:57:16] 鈤漫痴: 猎鹰又输给卫冕冠军了，情有可原吧
[2026-02-21 23:57:16] 礁石222: 重新评估猎鹰强度
[2026-02-21 23:57:16] JuL1us: 潘宏♥玩狗
[2026-02-21 23:57:16] 海绵宝宝dinner: 潘宏♥玩狗
[2026-02-21 23:57:16] OGNBKING: 比赛看完了，全力开串
[2026-02-21 23:57:17] 寻管鲍之交: V了？Ⅳ Ⅷ了！
[2026-02-21 23:57:17] 99组的爱城华恋本人: 🐅 牙 马西西 123321
[2026-02-21 23:57:17] 不变的追求717: 潘宏♥玩狗
[2026-02-21 23:57:17] seinona: 潘宏♥玩狗
[2026-02-21 23:57:17] 葛温德林本人: 感觉今天玩机器解说很专注啊。。。
[2026-02-21 23:57:17] 殴頭透: 潘宏♥玩狗
[2026-02-21 23:57:17] smfiys: 不给看友商
[2026-02-21 23:57:17] y叶上初阳h: 潘宏♥玩狗
[2026-02-21 23:57:18] A队不吃晃的小祥本人: @device：儿子！换台！是爹地！😎😎😎
[2026-02-21 23:57:18] 三年级的高町奈叶本人: 潘宏♥玩狗
[2026-02-21 23:57:18] 棍老师047: 杀一个都有机会
[2026-02-21 23:57:18] ArZhe阿哲: 同事都是恩人
[2026-02-21 23:57:18] drifters1: 换台！看汤汤雨雨！
[2026-02-21 23:57:18] NiKkiRain: 换台！看汤汤雨雨！
[2026-02-21 23:57:18] WA2的冬斯特马马本人: @dev1ce：易博 开门 是老爸😎😎😎😎
[2026-02-21 23:57:18] 审查账号: AWP diff
[2026-02-21 23:57:18] DyePhone: 有 nota 被偶像鞭难受吗
[2026-02-21 23:57:18] 黑死病患者福音: 潘宏♥玩狗
[2026-02-21 23:57:18] TheSaltFish: 老爸到了
[2026-02-21 23:57:18] LuIuSweety: 重新评估猎鹰强度
[2026-02-21 23:57:18] Vitality的Eminem本人: 今天的弹幕环境这么好 真得感谢NiKo
[2026-02-21 23:57:18] 我又同意了: @唯爱托子:托出！
[2026-02-21 23:57:18] OMGlionKing: 玩大哥原来你跟010是一家公司的啊
[2026-02-21 23:57:18] zbq93: 潘宏♥玩狗
[2026-02-21 23:57:21] 葛温德林本人: 感觉今天玩机器解说很专注啊。。。
[2026-02-21 23:57:21] 流浪0022: 潘宏♥玩狗
[2026-02-21 23:57:21] Arianphy: @device：儿子！换台！是爹地！😎😎😎
[2026-02-21 23:57:21] 洞斯特kk: 换台！看汤汤雨雨！
[2026-02-21 23:57:21] 布拉德丶皮特: 怎么死的没看清
[2026-02-21 23:57:21] 玩蛇鼠丶stabbi: 弹幕还串呢？玩大哥快不行了！玩机器：我草这太难受了吧！
[2026-02-21 23:57:21] 若叶睦吃苦瓜: 潘宏♥玩狗
[2026-02-21 23:57:21] 玩斯特姬姬: @dev1ce：易博 开门 是老爸😎😎😎😎
[2026-02-21 23:57:21] 里约钻石币拥有者: 换台！看汤汤雨雨！
[2026-02-21 23:57:21] 阿tree的颜粉: 有 nota 被偶像鞭难受吗
[2026-02-21 23:57:21] 虹豆砸: 潘宏♥玩狗
[2026-02-21 23:57:22] 七就是幸运吧: 潘宏爱玩狗的玩狗原来是你啊
[2026-02-21 23:57:22] EDG的皮特174本人: 潘宏♥玩狗
[2026-02-21 23:57:22] 挪威退休老头寻求返聘: 换台！看汤汤雨雨！
[2026-02-21 23:57:22] 海绵宝宝dinner: 潘宏♥玩狗
[2026-02-21 23:57:22] 葛温德林本人: 感觉今天玩机器解说很专注啊。。。
[2026-02-21 23:57:23] 玩斯特姬姬: @dev1ce：易博 开门 是老爸😎😎😎😎
[2026-02-21 23:57:23] LvvsiN: 别解说了 多聊会天 你不会真的以为能输吧
[2026-02-21 23:57:23] 永远的克罗娜: 爱弥斯，我只希望你能轻松快乐的生活......
[2026-02-21 23:57:23] 薛茂华真帅啊哈哈哈: 我朋友千早爱音给你送钻石粉丝你咋不谢谢他？
[2026-02-21 23:57:24] 洞洞孩孩major冠军: 1
[2026-02-21 23:57:24] 文西67: 托出
[2026-02-21 23:57:24] 决胜图1击杀: 潘宏♥玩狗
[2026-02-21 23:57:24] 数院一锋: @device：儿子！换台！是爹地！😎😎😎
[2026-02-21 23:57:24] 习霜羽: 哈哈哈
[2026-02-21 23:57:24] 鹦侨侨侨侨: @device：说好的场间看爸爸呢
[2026-02-21 23:57:24] 南燕swallow: 换台！看汤汤雨雨！
[2026-02-21 23:57:24] KuronekoSummer: 拖出啊
[2026-02-21 23:57:24] Art3miss: 换台！看汤汤雨雨！
[2026-02-21 23:57:24] 石家庄的宠物男孩: 托出
[2026-02-21 23:57:24] 花田妖精: @device：儿子！换台！是爹地！😎😎😎
[2026-02-21 23:57:25] 伢牙luo: 又哦又鞭又偷，但是jame一点也不急，因为他是2022iem里约major mvp
[2026-02-21 23:57:25] 黑死病患者福音: 有 nota 被偶像鞭难受吗
[2026-02-21 23:57:25] OGNBKING: 有 nota 被偶像鞭难受吗
[2026-02-21 23:57:25] 妥丸: 帅
[2026-02-21 23:57:25] 玩南梁丶阿斯托尔福: 拖出
[2026-02-21 23:57:25] LvvsiN: 你这音画不同步太难受了，我都听到NIKO里约RMR晋级的欢呼了
[2026-02-21 23:57:25] 玩蛇鼠丶stabbi: 弹幕还串呢？玩大哥快不行了！玩机器：我草这太难受了吧！
[2026-02-21 23:57:25] 玩斯特姬姬: @dev1ce：易博 开门 是老爸😎😎😎😎
[2026-02-21 23:57:26] 琦玉33的冷漠脸: 哈哈哈哈哈哈
[2026-02-21 23:57:26] 皮里恩丶: 哈哈哈哈哈哈哈哈
[2026-02-21 23:57:26] kjhhjki: 托出
[2026-02-21 23:57:26] 薛茂华真帅啊哈哈哈: 我朋友千早爱音给你送钻石粉丝你咋不谢谢他？
[2026-02-21 23:57:26] Acm3Omn1: ？
[2026-02-21 23:57:26] 葛温德林本人: 感觉今天玩机器解说很专注啊。。。
[2026-02-21 23:57:26] 徐弃安: 拖出
[2026-02-21 23:57:26] 偷鸡蛋的玩机器本人o: JEE play
[2026-02-21 23:57:27] samuraionnna: 神队
[2026-02-21 23:57:27] 一位不知名的粤Y水友: 托÷
[2026-02-21 23:57:27] 蓝原延渚: 　　　 潘宏♥玩狗
[2026-02-21 23:57:27] 求奶我霉运缠身一生: 三条区
[2026-02-21 23:57:27] 还在上幼儿园的hanser: 你们就继续吵架吧，丰川祥子一点也不伤心
[2026-02-21 23:57:27] BleksiA: 空的大
[2026-02-21 23:57:27] 再见了道道: 潘宏♥玩狗
[2026-02-21 23:57:27] LuIuSweety: ？
[2026-02-21 23:57:28] 七就是幸运吧: 潘宏♥玩狗
[2026-02-21 23:57:28] 为年少狂乱: 一键扫荡
[2026-02-21 23:57:28] 鲜血与暗影铸造的家伙: 三条区
[2026-02-21 23:57:28] 素世老婆爱音本人: @dev1ce：易博 开门 是老爸😎😎😎😎
[2026-02-21 23:57:28] 子牛旅馆: 换台！看汤汤雨雨！
[2026-02-21 23:57:28] 薛茂华真帅啊哈哈哈: 我朋友千早爱音给你送钻石粉丝你咋不谢谢他？
[2026-02-21 23:57:28] 伢牙luo: 又哦又鞭又偷，但是jame一点也不急，因为他是2022iem里约major mvp
[2026-02-21 23:57:29] 生涯现役1111: 枪拉了什么都白瞎
[2026-02-21 23:57:29] 听说改名能中奖是八: HAHAHAHAHAH、
[2026-02-21 23:57:29] 玩乐队丶desuwa: 换台！看汤汤雨雨！
[2026-02-21 23:57:29] 玩鸡器的毛毛: 有 nota 被偶像鞭难受吗
[2026-02-21 23:57:29] 数字様BK201: 托／
[2026-02-21 23:57:29] Tomomo、: 有 nota 被偶像鞭难受吗
[2026-02-21 23:57:29] TonyYoungz: 换台
[2026-02-21 23:57:29] eqqiu: 托出
[2026-02-21 23:57:29] Ggmftye: 有 nota 被偶像鞭难受吗
[2026-02-21 23:57:30] s坑华: 有 nota 被偶像鞭难受吗
[2026-02-21 23:57:30] suo不粗话: 托出
[2026-02-21 23:57:30] 吴本伟nb: 接住了不还是要死
[2026-02-21 23:57:30] others的御樱稟本人: 三条区
[2026-02-21 23:57:31] 艺术冰霜: 申请回放鞭尸，同意的加1！
[2026-02-21 23:57:31] 法则的Twistzz本人: 有 nota 被偶像鞭难受吗
[2026-02-21 23:57:31] Kis4ki: 有 nota 被偶像鞭难受吗
[2026-02-21 23:57:31] 好哥们穿谱: 三条区
[2026-02-21 23:57:31] 神秘的蜜汁鱼: 100t图二有希望啊
[2026-02-21 23:57:31] 玩斯特出出6657: @dev1ce：易博 开门 是老爸😎😎😎😎
[2026-02-21 23:57:31] 穿甲狗: 拖出
[2026-02-21 23:57:31] 如如493: 我的青春是千早爱音，四个老婆，三个小团体，两个高中，一把吉他，零胸围
[2026-02-21 23:57:31] 像你抱着我1: 潘宏♥玩狗
[2026-02-21 23:57:32] 羽川翼的恋爱物语: 老鼠真该变阵了
[2026-02-21 23:57:32] 瑭珏: 托子尿裤了
[2026-02-21 23:57:32] 网友阿草: @device：儿子！换台！是爹地！😎😎😎
[2026-02-21 23:57:32] 尼尼海海出入平安: 5*8*1
[2026-02-21 23:57:32] 玩斯特姬姬: @dev1ce：易博 开门 是老爸😎😎😎😎
[2026-02-21 23:57:33] 请为我的战队投票: @device：儿子！换台！是爹地！😎
[2026-02-21 23:57:33] 神牛拯救世界: 换台！看汤汤雨雨！
[2026-02-21 23:57:33] 没有真名233: 潘宏♥玩狗
[2026-02-21 23:57:33] PKURoger: 拖出
[2026-02-21 23:57:33] 风追XD: 非得开二倍镜甩
[2026-02-21 23:57:33] A队不吃晃的小祥本人: @device：儿子！换台！是爹地！😎😎😎
[2026-02-21 23:57:34] 薛茂华真帅啊哈哈哈: 我朋友千早爱音给你送钻石粉丝你咋不谢谢他？
[2026-02-21 23:57:34] 葛温德林本人: 感觉今天玩机器解说很专注啊。。。
[2026-02-21 23:57:34] 何必独沾衣: 罚哥一个人杀的
[2026-02-21 23:57:34] 流光似水321: 拖出是人？
[2026-02-21 23:57:34] 我怀疑你是大jjgir: 就是托➗处了
[2026-02-21 23:57:34] 海参怎么你了: 感觉今天玩机器解说很专注啊。。。
[2026-02-21 23:57:35] 普通网友小沈: 有 nota 被偶像鞭难受吗
[2026-02-21 23:57:35] desutwawa: 有 nota 被偶像鞭难受吗
[2026-02-21 23:57:35] 法师张三: 托出
[2026-02-21 23:57:35] 我的主人近藤千彩: 　　　 潘宏♥玩狗
[2026-02-21 23:57:35] 听说改名能中奖是八: 哈哈哈哈哈哈哈哈‘
[2026-02-21 23:57:35] 狂三Yud丶Bet: 有 nota 被偶像鞭难受吗
[2026-02-21 23:57:35] 怒之拳: 有 nota 被偶像鞭难受吗
[2026-02-21 23:57:36] 用户53477423: 有 nota 被偶像鞭难受吗
[2026-02-21 23:57:36] 坑坑哒471: 3拉开送
[2026-02-21 23:57:36] SpectacularBid: 你这音画不同步太难受了，我都听到NIKO里约RMR晋级的欢呼了
[2026-02-21 23:57:36] 没有故事的Pluto: 托÷架得这么小干嘛
[2026-02-21 23:57:36] 小昊的yimon阿爱发烧: 有 nota 被偶像鞭难受吗
[2026-02-21 23:57:36] NobodyIperfect: 有 nota 被偶像鞭难受吗
[2026-02-21 23:57:36] 香港分社记者: 有 nota 被偶像鞭难受吗
[2026-02-21 23:57:36] 薛茂华真帅啊哈哈哈: 我朋友千早爱音给你送钻石粉丝你咋不谢谢他？
[2026-02-21 23:57:37] 没事看g看玩: 拖出跳什么？
[2026-02-21 23:57:37] 用户5084373421: 有 nota 被偶像鞭难受吗
[2026-02-21 23:57:37] 好哥们伊莉雅: 爱弥斯，我只希望你能轻松快乐的生活......
[2026-02-21 23:57:39] 玩指挥丶NiKo: @device:儿子快换台，是爹地😎
[2026-02-21 23:57:39] OMGlionKing: 玩大哥原来你跟010是一家公司的啊
[2026-02-21 23:57:39] 留下来陪阿姨别播了: 有 nota 被偶像鞭难受吗
[2026-02-21 23:57:39] bing57330971: 三条蛆
[2026-02-21 23:57:39] xOcOg: 难道你真想板机纪律？听罢，广西步闭上眼，任由poping的swing如天子碎步般落在惰性瞄准上
[2026-02-21 23:57:39] A队不吃晃的小祥本人: @device：儿子！换台！是爹地！😎😎😎
[2026-02-21 23:57:39] 吟游诗人希尔伯特: 有 nota 被偶像鞭难受吗
[2026-02-21 23:57:39] 枫林残页: 玩机器的托神
[2026-02-21 23:57:39] 梦的星: 别看了直接换吧
[2026-02-21 23:57:39] 澄猫: 有 nota 被偶像鞭难受吗
[2026-02-21 23:57:39] 林檎的檎: 很急
[2026-02-21 23:57:39] 神牛拯救世界: @device：儿子！换台！是爹地！😎
[2026-02-21 23:57:39] 骑蜗牛追杀: 27级以下的兄弟们加1展示凝聚力
[2026-02-21 23:57:39] 拍拍小天使: @device：儿子！换台！是爹地！😎😎😎
[2026-02-21 23:57:39] 卡啊卡卡丶: @椰汁糕冬瓜强：被禁言的兄弟来瓜哥直播间这里大家大大方方刷
[2026-02-21 23:57:39] 限制性核酸下底酶: @device：儿子！换台！是爹地！😎😎😎
[2026-02-21 23:57:39] 玩机器厦面鄙骰大: 然后呢然后呢，还不是3条区闹麻了
[2026-02-21 23:57:42] 圣诞节二人组: 考
[2026-02-21 23:57:43] 薛茂华真帅啊哈哈哈: 我朋友千早爱音给你送钻石粉丝你咋不谢谢他？
[2026-02-21 23:57:43] yuuik27: @dev1ce：易博 开门 是老爸😎😎😎😎
[2026-02-21 23:57:43] 小肉包喷香: @device：儿子！换台！是爹地！😎😎😎
[2026-02-21 23:57:43] BD驴: 考
[2026-02-21 23:57:43] 千百度897: 三条区
[2026-02-21 23:57:43] chordclef: 考
[2026-02-21 23:57:43] Kis4ki: 考
[2026-02-21 23:57:43] 子瓜6666: @device：儿子！换台！是爹地！😎😎😎
[2026-02-21 23:57:43] 演员黄轩丶: 孝
[2026-02-21 23:57:43] iNaixu: 　　　 @device:儿子快换台，是爹地😎
[2026-02-21 23:57:43] PYDGS: 1.75
[2026-02-21 23:57:43] 刘农的virtue: 有 nota 被偶像鞭难受吗
[2026-02-21 23:57:43] 走走道儿疯了: 别装了 换台吧
[2026-02-21 23:57:43] 玩老鼠丶Roxy: 22詹
[2026-02-21 23:57:43] Cloud9的咬人猫本人: 潘宏爱玩狗的玩狗原来是你啊
[2026-02-21 23:57:43] 卡啊卡卡丶: @椰汁糕冬瓜强：被禁言的兄弟来瓜哥直播间这里大家大大方方刷
[2026-02-21 23:57:43] 足音: 考
[2026-02-21 23:57:43] myGo的anon: 考
[2026-02-21 23:57:43] Lack13: 孝
[2026-02-21 23:57:43] 跳跃的司令官: 有 nota 被偶像鞭难受吗
[2026-02-21 23:57:43] 羽丘美少女千早爱音: 　　　 别看了直接换吧
[2026-02-21 23:57:43] NatsuROSE: 有 nota 被偶像鞭难受吗
[2026-02-21 23:57:43] 木林森969585: @device：儿子！换台！是爹地！😎😎😎
[2026-02-21 23:57:43] 玩口器Mouth: 有 nota 被偶像鞭难受吗
[2026-02-21 23:57:43] 爱道冠: @device:儿子快换台，是爹地😎
[2026-02-21 23:57:44] CThun438: 枪法游戏这一块，全部尿裤
[2026-02-21 23:57:44] 听说改名能中奖是八: 快意，詹皇要战！看硬，詹皇英姿！
[2026-02-21 23:57:44] 凛冬夜行人: 有 nota 被偶像鞭难受吗
[2026-02-21 23:57:44] 徐弃安: 托子不空真有了
[2026-02-21 23:57:44] 这里是小天啊: 不好了机器，胖球起大菠萝鞭了老汤150发！😭
[2026-02-21 23:57:44] 因爱生恨让我锥心: 潘宏♥玩狗
[2026-02-21 23:57:44] Vitality的羽贺文乃本人: 我朋友千早爱音给你送钻石粉丝你咋不谢谢他？
[2026-02-21 23:57:44] 车车载载冠军: 有 nota 被偶像鞭难受吗
[2026-02-21 23:57:44] 駆逐艦初風: 有 nota 被偶像鞭难受吗
[2026-02-21 23:57:44] 華之君: @dev1ce：易博 开门 是老爸😎😎😎😎
[2026-02-21 23:57:44] lskyra:  @吟游诗人希尔伯特：有 nota 被偶像鞭难受吗
[2026-02-21 23:57:45] GlasgowJSzhang: @device：儿子！换台！是爹地！😎😎😎
[2026-02-21 23:57:45] 海姆达尔的安卡希雅: @device：儿子！换台！是爹地！😎😎😎
[2026-02-21 23:57:45] loverboy888: 1.75
[2026-02-21 23:57:45] 玩机器厦面鄙骰大: 然后呢然后呢，还不是3条区闹麻了。
[2026-02-21 23:57:45] 修飞机的保安: 有 nota 被偶像鞭难受吗
[2026-02-21 23:57:45] L0Ne1yZeNny2: 1.75
[2026-02-21 23:57:45] 好哥们罗伯斯庇尔: 孝
[2026-02-21 23:57:46] 神奥联盟的竹兰本人: 弹幕早这样，玩大哥早就认真解说了
[2026-02-21 23:57:46] 木空空空空空:     别看了直接换吧
[2026-02-21 23:57:46] 大逸子: 急孝
[2026-02-21 23:57:46] 难道改名能中奖丶: 詹皇
[2026-02-21 23:57:46] 听说改名能中奖是八: 快意，詹皇要战！看硬，詹皇英姿！ 快意，詹皇要战！看硬，詹皇英姿！
[2026-02-21 23:57:46] Thatsgood961: @device：儿子！换台！是爹地！😎😎😎
[2026-02-21 23:57:46] 玩机器是我霸: @zweih：@donk @NIKO @makazze 四强赛没看见你们啊 你们人呢？
[2026-02-21 23:57:46] 菅原小吉: @bb：你已急哭
[2026-02-21 23:57:47] Dartline: 感觉今天玩机器解说很专注啊。。。
[2026-02-21 23:57:47] 龍仔ww: 力挺
[2026-02-21 23:57:47] 杂鱼哥哥: 有 nota 被偶像鞭难受吗
[2026-02-21 23:57:47] 丶丶Ken丶丶: 有 nota 被偶像鞭难受吗
[2026-02-21 23:57:47] 假如一切是虚幻: 　　　 @device:儿子快换台，是爹地😎
[2026-02-21 23:57:47] 云顶之弈中翼: 有 nota 被偶像鞭难受吗
[2026-02-21 23:57:47] 伊利亚宝宝: 考
[2026-02-21 23:57:47] 请叫我二铮: 有 nota 被偶像鞭难受吗
[2026-02-21 23:57:47] 玉米卧槽: @device：儿子！换台！是爹地！😎😎😎
[2026-02-21 23:57:48] LvvsiN: 银行业😄银行业😀银行业😃银行业😁银行业😆银行业🤪银行业😝
[2026-02-21 23:57:48] 鸭硕的哈撒给: 泽出
[2026-02-21 23:57:48] 萧宪森1205: 紫薇也尽力后两局在送
[2026-02-21 23:57:48] SherryLeo: @device：儿子！换台！是爹地！😎😎😎
[2026-02-21 23:57:49] kalaokl: 阿雨一米五：感觉6657也不是什么好数字啊😨
[2026-02-21 23:57:49] 未酲儿: @device:儿子快换台，是爹地😎
[2026-02-21 23:57:49] 不是很懂怎么取名: 有 nota 被偶像鞭难受吗
[2026-02-21 23:57:49] 永生不遇的star: 有 nota 被偶像鞭难受吗
[2026-02-21 23:57:49] 听说改名能中奖是八: 快意，詹皇要战！看硬，詹皇英姿！ 快意，詹皇要战！看硬，詹皇英姿！
[2026-02-21 23:57:51] NiKkiRain: 力挺
[2026-02-21 23:57:51] 芝士每天都很困: 1.75
[2026-02-21 23:57:51] 千早唐阿诺: 　　　 @device:儿子快换台，是爹地😎
[2026-02-21 23:57:51] 感到快乐你就开开箱: 有 nota 被偶像鞭难受吗
[2026-02-21 23:57:51] 反枫建杀胖头: 什么台
[2026-02-21 23:57:51] 卡啊卡卡丶: @椰汁糕冬瓜强：被禁言的兄弟来瓜哥直播间这里大家大大方方刷
[2026-02-21 23:57:51] 风雨晚烟: 有 nota 被偶像鞭难受吗
[2026-02-21 23:57:51] 薛茂华真帅啊哈哈哈: 我朋友千早爱音给你送钻石粉丝你咋不谢谢他？
[2026-02-21 23:57:51] 奶油亦博啵啵: 不好了机器，胖球起大菠萝鞭了老汤150发！😭
[2026-02-21 23:57:51] 张生的鱼: 有 nota 被偶像鞭难受吗
[2026-02-21 23:57:51] 斗鱼用户4901183769: 有 nota 被偶像鞭难受吗
[2026-02-21 23:57:51] OMGlionKing: 玩大哥原来你跟010是一家公司的啊
[2026-02-21 23:57:51] glad1uS: ⎝🗿⎠╰🗿╯⎝🗿⎠╰🗿╯⎝🗿⎠╰🗿╯⎝🗿⎠╰🗿╯⎝🗿⎠╰🗿╯⎝🗿⎠╰🗿╯
[2026-02-21 23:57:51] MunChlax丶: 有 nota 被偶像鞭难受吗
[2026-02-21 23:57:51] 骂我皆为调情丷: @device:儿子快换台，是爹地😎
[2026-02-21 23:57:51] 李小小与虾大大: 力挺
[2026-02-21 23:57:51] 队内潜在明星哥: 有 nota 被偶像鞭难受吗
[2026-02-21 23:57:52] 芝士秋刀鱼a: 有 nota 被偶像鞭难受吗
[2026-02-21 23:57:52] waldosia38393: 有 nota 被偶像鞭难受吗
[2026-02-21 23:57:52] cutewqx: ❤️嘉然❤️乃琳❤️贝拉❤️思诺❤️心宜
[2026-02-21 23:57:52] 如如493: 　　　 有 nota 被偶像鞭难受吗
[2026-02-21 23:57:52] 薛茂华真帅啊哈哈哈: 我朋友千早爱音给你送钻石粉丝你咋不谢谢他？
[2026-02-21 23:57:52] 子瓜6666: @设备：儿子！换台！是爹地😎😎😎
[2026-02-21 23:57:52] Goodnite: 有 nota 被偶像鞭难受吗
[2026-02-21 23:57:53] 19岁的日子: 有 nota 被偶像鞭难受吗
[2026-02-21 23:57:53] A队不吃晃的小祥本人: @device：儿子！换台！是爹地！😎😎😎
[2026-02-21 23:57:53] 温柔是罪是罪吗: 真是3匹好马
[2026-02-21 23:57:53] 恺悌君子能几醉: 　　　 有 nota 被偶像鞭难受吗
[2026-02-21 23:57:53] 倾盆大rain: @潘宏：这什么狗啊，怎么摸着这么冰手啊，这是石家庄能出的狗啊
[2026-02-21 23:57:53] Falcons的刘划墙本人: @device：儿子！换台！是爹地！😎😎😎
[2026-02-21 23:57:54] 骑蜗牛追杀: 27级以下的兄弟们加1展示凝聚力
[2026-02-21 23:57:54] SpectacularBid: 有 nota 被偶像鞭难受吗
[2026-02-21 23:57:54] myGo的anon: 1.75
[2026-02-21 23:57:54] wyyangzZZ: 我几级
[2026-02-21 23:57:54] G2俘虏uzi: 有 nota 被偶像鞭难受吗
[2026-02-21 23:57:54] 我木JJ怕个锤子: nota装死的，niko看穿了
[2026-02-21 23:57:54] 丰川臊子: 有 nota 被偶像鞭难受吗
[2026-02-21 23:57:54] 足音: 力挺
[2026-02-21 23:57:54] 狂三Yud丶Bet: 有 nota 被偶像鞭难受吗
[2026-02-21 23:57:55] 谁决定谁的未来: niko也是知道nota假死的，所以才便是的，这是提前便
[2026-02-21 23:57:55] 听说改名能中奖是八: 快意，詹皇要战！看硬，詹皇英姿！ 快意，詹皇要战！看硬，詹皇英姿！
[2026-02-21 23:57:55] melancholy咻咻: 4-11了都
[2026-02-21 23:57:55] SideChannel: @device:儿子快换台，是爹地😎
[2026-02-21 23:57:56] eqqiu: 别看了直接换吧
[2026-02-21 23:57:56] Hairk0627: 1.75
[2026-02-21 23:57:56] 消逝の繁星: 1.75
[2026-02-21 23:57:56] Gverense: 玩大哥不是亲手拿下载d吗，怎么自己被攻击了就想起来维护弹幕环境了
[2026-02-21 23:57:56] 刘刘的农: 有 nota 被偶像鞭难受吗
[2026-02-21 23:57:56] 玩蛇鼠丶stabbi: 复盘昨天远古遗迹第九回合
[2026-02-21 23:57:56] bugyellow57009: 有 nota 被偶像鞭难受吗
[2026-02-21 23:57:56] ArZhe阿哲: 有 nota 被偶像鞭难受吗
[2026-02-21 23:57:57] H你好T: 1.75
[2026-02-21 23:57:57] C9的moloris本人: @device:儿子快换台，是爹地😎
[2026-02-21 23:57:57] 硫氦氧丶: 月丑
[2026-02-21 23:57:57] 话花华画滑化划: pv vs 蒙古了
[2026-02-21 23:57:57] 听说改名能中奖是八: 快意，詹皇要战！看硬，詹皇英姿！ 快意，詹皇要战！看硬，詹皇英姿！.
[2026-02-21 23:57:57] 薛茂华真帅啊哈哈哈: 我朋友千早爱音给你送钻石粉丝你咋不谢谢他？
[2026-02-21 23:57:58] gggaligeigei: 泽出
[2026-02-21 23:57:58] NiKkiRain: 我朋友千早爱音给你送钻石粉丝你咋不谢谢他？
[2026-02-21 23:57:58] Vitality的羽贺文乃本人: 有 nota 被偶像鞭难受吗
[2026-02-21 23:57:58] 海绵宝宝dinner: 有 nota 被偶像鞭难受吗
[2026-02-21 23:57:58] 天魔外道y: 有 nota 被偶像鞭难受吗
[2026-02-21 23:57:58] LvvsiN: 你屏蔽词都快赶上新华词典了为什么不干脆开一百级发言？
[2026-02-21 23:57:58] 玩机器厦面鄙骰大: 有 nota 被偶像鞭难受吗
[2026-02-21 23:57:58] 用户7123010964: 有 nota 被偶像鞭难受吗
[2026-02-21 23:57:58] 开朗小栗: 有 nota 被偶像鞭难受吗
[2026-02-21 23:57:59] 玩蛇鼠丶stabbi: 复盘昨天远古遗迹第九回合
[2026-02-21 23:57:59] 单推折纸11年: 考
[2026-02-21 23:57:59] 千羽芊寻: @device：儿子！换台！是爹地！😎😎😎
[2026-02-21 23:57:59] A队不吃晃的小祥本人: @device：儿子！换台！是爹地！😎😎😎
[2026-02-21 23:57:59] 铲车司机戴家伟: 有 nota 被偶像鞭难受吗
[2026-02-21 23:58:00] 博丽灵梦好可爱: 月丑
[2026-02-21 23:58:00] 牟平鲁尼: 上帝降临
[2026-02-21 23:58:00] 主播啵啵: 型月四破鞋来了！ 间桐樱🌸巫净琥珀💧奥尔黛西亚⛪浅上藤乃🥛
[2026-02-21 23:58:00] 好姐们反田叶月: 玩哥该给zywoo出四十八分钟的道歉视频了
[2026-02-21 23:58:00] 国服第一吐酸泰坦: niko也是知道nota假死的，所以才便是的，这是提前便
[2026-02-21 23:58:00] 用户6235382488: 有 nota 被偶像鞭难受吗
[2026-02-21 23:58:00] 栗悟饭和嘟嘟噜: 有 nota 被偶像鞭难受吗
[2026-02-21 23:58:01] 一片想要成海的湖: 1.75
[2026-02-21 23:58:01] Rotten奇遇记: 有 nota 被偶像鞭难受吗
[2026-02-21 23:58:01] 天魔外道y: 有 nota 被偶像鞭难受吗
[2026-02-21 23:58:01] 黃蘑菇: 有 nota 被偶像鞭难受吗
[2026-02-21 23:58:01] Tunaking: 有 nota 被偶像鞭难受吗
[2026-02-21 23:58:01] 喜欢吃生菜: niko来全接了顺便鞭3个
[2026-02-21 23:58:02] 木野子一号迷弟: 泽哥确实牛逼
[2026-02-21 23:58:02] Naivezzzzzz: 有 nota 被偶像鞭难受吗
[2026-02-21 23:58:02] 好姐妹绫濑沙季: 有 nota 被偶像鞭难受吗
[2026-02-21 23:58:02] MeIoN39: 有 nota 被偶像鞭难受吗
[2026-02-21 23:58:02] 虹薼: 最强指挥狙
[2026-02-21 23:58:03] Crazylu603: 有 nota 被偶像鞭难受吗
[2026-02-21 23:58:03] ihoo侗萌首席联络官: 詹姆致敬科比
[2026-02-21 23:58:03] 吟游诗人希尔伯特: @椰汁糕冬瓜强：被禁言的兄弟来瓜哥直播间这里大家大大方方刷
[2026-02-21 23:58:03] Rainwedell: @device:儿子快换台，是爹地😎
[2026-02-21 23:58:03] 杀鳖客丶Official: 有 nota 被偶像鞭难受吗
[2026-02-21 23:58:03] 特务图丶: 老爸到了
[2026-02-21 23:58:03] 玩机器的大卫戴: 别带加拿大中国通节奏啊
[2026-02-21 23:58:03] 天魔外道y: 有 nota 被偶像鞭难受吗
[2026-02-21 23:58:03] CThun438: 🥳弹幕就这样串！说的话全部玩宝宝承担😘，就像玩宝宝跟载圣一样🤪
[2026-02-21 23:58:03] 红红雨雨养猪冠军: 上帝
[2026-02-21 23:58:04] 用户6235382488: niko也是知道nota假死的，所以才便是的，这是提前便
[2026-02-21 23:58:04] 恺悌君子能几醉: 一位谦虚的选手被人身攻击你不管，一条区被骂两句你知道屏蔽了？
[2026-02-21 23:58:04] Astralis若葉睦本人: @device:儿子快换台，是爹地😎
[2026-02-21 23:58:04] 445440: 有 nota 被偶像鞭难受吗
[2026-02-21 23:58:04] 5cms3360: @device：儿子快换台，是爹地😎
[2026-02-21 23:58:04] 1ntroverT: 有 nota 被偶像鞭难受吗
[2026-02-21 23:58:05] 述二ER: 你下播吧, 像2025-02-07 23:49一样！
[2026-02-21 23:58:05] 颓废喽: 有 nota 被偶像鞭难受吗
[2026-02-21 23:58:05] Shamiko56562: 1.75
[2026-02-21 23:58:05] 谁在称无敌---: 换台
[2026-02-21 23:58:05] 宇莓: 原来老尼是为了传功给nota啊，还故意多传了一枪大狙，我们都错怪老尼了😯😯😯
[2026-02-21 23:58:06] 闪光咕咕: 型月四破鞋来了！ 间桐樱🌸巫净琥珀💧奥尔黛西亚⛪浅上藤乃🥛
[2026-02-21 23:58:06] 番薯Zywoo: 詹姆带啊
[2026-02-21 23:58:06] 可爱家的狗窝: 　　　 有 nota 被偶像鞭难受吗
[2026-02-21 23:58:06] AHana阿花: 远野家的那是
[2026-02-21 23:58:06] 1只霖霖: 有 nota 被偶像鞭难受吗
[2026-02-21 23:58:06] 説与山鬼聽: 有 nota 被偶像鞭难受吗
[2026-02-21 23:58:07] 月夜referee: @device:儿子快换台，是爹地😎
[2026-02-21 23:58:07] 马弓手玩机器: 神罚
[2026-02-21 23:58:07] 虹薼: 有 nota 被偶像鞭难受吗
[2026-02-21 23:58:07] 大善心: 老粘下快攻了
[2026-02-21 23:58:07] 如意如意zy: 有 nota 被偶像鞭难受吗
[2026-02-21 23:58:07] 用户7479593002: 有 nota 被偶像鞭难受吗
[2026-02-21 23:58:07] 布洛芬重度依赖: 有 nota 被偶像鞭难受吗
[2026-02-21 23:58:08] 账户永久封禁: 别带加拿大中国通节奏啊
[2026-02-21 23:58:08] 木灬唯紫: 有 nota 被偶像鞭难受吗
[2026-02-21 23:58:08] 听说改名能中奖是八: 快意，詹皇要战！看硬，詹皇英姿！快意，詹皇要战！看硬，詹皇英姿！！！
[2026-02-21 23:58:08] Despacitobei: 看硬，詹皇英姿
[2026-02-21 23:58:08] 小缘赐名的JK: 远坂？
[2026-02-21 23:58:08] 哇啦哇啦族长: 有 nota 被偶像鞭难受吗
[2026-02-21 23:58:08] LvvsiN: 额，拿亚军我都会，拿亚军，拿季军，拿四强，拿八强，拿十六强，呃拿冠军我不会，然后小组赛淘汰
[2026-02-21 23:58:08] 薛茂华真帅啊哈哈哈: 我朋友千早爱音给你送钻石粉丝你咋不谢谢他？
[2026-02-21 23:58:09] 为所欲为丶中二林: 有 nota 被偶像鞭难受吗
[2026-02-21 23:58:09] 神奥联盟的竹兰本人: 有 nota 被偶像鞭难受吗
[2026-02-21 23:58:09] 喜欢煎蛋卷阿: niko也是知道nota假死的，所以才便是的，这是提前便
[2026-02-21 23:58:09] Yuta030: 有 nota 被偶像鞭难受吗
[2026-02-21 23:58:09] 成果果家的菜包子: 真尽力了
[2026-02-21 23:58:09] 玩机器的大卫戴: 型月四破鞋来了！间桐樱🌸巫净琥珀💧奥尔黛西亚⛪浅上藤乃🥛
[2026-02-21 23:58:10] 上个世纪末期的疯子: 有 nota 被偶像鞭难受吗
[2026-02-21 23:58:10] 偶像情酱: @device：儿子！换台！是爹地！😎😎😎
[2026-02-21 23:58:10] 落叶悠哉落: 不大在哪
[2026-02-21 23:58:10] 森电最好的双子星: 1.75
[2026-02-21 23:58:10] Falwlecs: 有 nota 被偶像鞭难受吗
[2026-02-21 23:58:11] 驴子别路边了: 有 nota 被偶像鞭难受吗
[2026-02-21 23:58:11] 天王玻利维亚: 有 nota 被偶像鞭难受吗
[2026-02-21 23:58:11] p3anut7:     有 nota 被偶像鞭难受吗
[2026-02-21 23:58:12] ccxrgt: 看硬，詹皇英姿
[2026-02-21 23:58:12] 薛茂华真帅啊哈哈哈: 我朋友千早爱音给你送钻石粉丝你咋不谢谢他？
[2026-02-21 23:58:12] Arianphy: 鱿鱼双雄
[2026-02-21 23:58:12] 听说改名能中奖是八: 快意，詹皇要战！看硬，詹皇英姿！快意，詹皇要战！看硬，詹皇英姿！！！
[2026-02-21 23:58:12] 玉米卧槽: 皮套🐕🤮皮套🐕🤮皮套🐕🤮皮套🐕🤮皮套🐕🤮皮套🐕🤮
[2026-02-21 23:58:12] synen3ss: 有 nota 被偶像鞭难受吗
[2026-02-21 23:58:12] 渡亡神雅睿欧斯: @device:儿子快换台，是爹地😎
[2026-02-21 23:58:12] melancholy咻咻: 卧槽device被大东tbag了
[2026-02-21 23:58:12] 湖上风72121: 老粘下快攻了
[2026-02-21 23:58:12] 玩大人查到自贡了: 现筹拍电视剧《大汉监玩机器》，招募10个大汉，
[2026-02-21 23:58:13] 银行业一样一样有有: 有 nota 被偶像鞭难受吗
[2026-02-21 23:58:13] 起个好名好难: 别带加拿大中国通节奏啊
[2026-02-21 23:58:13] 虚心坦懐: 型月四破鞋来了！间桐樱🌸巫净琥珀💧奥尔黛西亚⛪浅上藤乃🥛
[2026-02-21 23:58:13] RabbitRay: 快意，詹皇硬战
[2026-02-21 23:58:14] YEYH111: 有 nota 被偶像鞭难受吗
[2026-02-21 23:58:14] MongTown: 机器你能播完今年吗？
[2026-02-21 23:58:14] 香港分社记者: 感谢nota让我们看清了某人的本质
[2026-02-21 23:58:14] y叶上初阳h: 有 nota 被偶像鞭难受吗
[2026-02-21 23:58:14] 城崎诺亚: 看硬，詹皇英姿
[2026-02-21 23:58:14] 薛茂华真帅啊哈哈哈: 我朋友千早爱音给你送钻石粉丝你咋不谢谢他？
[2026-02-21 23:58:15] LvvsiN: 孩子们快跑，马修赫伯特来了😨卧槽你的怎么是马枪和BOT
[2026-02-21 23:58:15] 鹿公爷: 1.75
[2026-02-21 23:58:15] KuronekoSummer: 吉米真泯完了
[2026-02-21 23:58:15] 老奇崔恩: ‘
[2026-02-21 23:58:15] 含泪办卡:     有 nota 被偶像鞭难受吗
[2026-02-21 23:58:15] 用户8485008466: 有 nota 被偶像鞭难受吗
[2026-02-21 23:58:15] 不变的追求717: 有 nota 被偶像鞭难受吗
[2026-02-21 23:58:16] 棍老师047: 狂野老詹
[2026-02-21 23:58:16] 永远的克罗娜: 爱弥斯，我只希望你能轻松快乐的生活......
[2026-02-21 23:58:16] 樗木匣: 有 nota 被偶像鞭难受吗
[2026-02-21 23:58:17] 67373的黄色闪光: 间桐樱可能没办法 但是琥珀绝对有办法
[2026-02-21 23:58:17] 薛茂华真帅啊哈哈哈: 我朋友千早爱音给你送钻石粉丝你咋不谢谢他？
[2026-02-21 23:58:17] 玩斯特出出6657: 有 nota 被偶像鞭难受吗
[2026-02-21 23:58:17] 大梦464: 有 nota 被偶像鞭难受吗
[2026-02-21 23:58:17] 硫磺祥: 一帝带两区
[2026-02-21 23:58:17] 丿年华不再: 看硬，詹皇英姿
[2026-02-21 23:58:17] 璃月七星的刻晴本人: @device：儿子！换台！是爹地！😎😎😎
[2026-02-21 23:58:17] 好姐妹清道夫: 一位谦虚的选手被人身攻击你不管，一条区被骂两句你知道屏蔽了？
[2026-02-21 23:58:17] 水上折纸: 看老爸
[2026-02-21 23:58:17] 展昭Z: 有 nota 被偶像鞭难受吗
[2026-02-21 23:58:17] 姓邢不是刑: @device：儿子！换台！是爹地！😎😎😎
[2026-02-21 23:58:20] 爱洛魔神仙台叶月: @device：儿子！换台！是爹地！😎😎😎
[2026-02-21 23:58:21] kalaokl: 一位谦虚的选手被人身攻击你不管，一条区被骂两句你知道屏蔽了？
[2026-02-21 23:58:21] 渡亡神雅睿欧斯: 粘母神了
[2026-02-21 23:58:21] 我没P眼123: 有 nota 被偶像鞭难受吗
[2026-02-21 23:58:21] 朝霧MisTy: 看硬，詹皇英姿
[2026-02-21 23:58:21] 我知道的一点也不多: 看硬，詹皇英姿
[2026-02-21 23:58:21] 天才中的天才中的天才: 有 nota 被偶像鞭难受吗
[2026-02-21 23:58:21] 丨Connor: 有 nota 被偶像鞭难受吗
[2026-02-21 23:58:21] Raven只羡鸳鸯: 有 nota 被偶像鞭难受吗
[2026-02-21 23:58:21] 薛茂华真帅啊哈哈哈: 我朋友千早爱音给你送钻石粉丝你咋不谢谢他？
[2026-02-21 23:58:21] 莲之空的花宫初奈本人: 我朋友千早爱音给你送钻石粉丝你咋不谢谢他？
[2026-02-21 23:58:21] 用户1364543122: 有 nota 被偶像鞭难受吗
[2026-02-21 23:58:21] ByuNNNNN: 拖出能被指挥狙diff
[2026-02-21 23:58:21] 星伍717: 有 nota 被偶像鞭难受吗
[2026-02-21 23:58:22] 血洗教学楼: @device:儿子快换台，是爹地😎
[2026-02-21 23:58:22] 用户3853464680: 老粘下快攻了
[2026-02-21 23:58:22] 我永远喜欢八九寺: 有 nota 被偶像鞭难受吗
[2026-02-21 23:58:22] CN传奇指挥advent: 有 nota 被偶像鞭难受吗
[2026-02-21 23:58:22] 梓川不是辛川: 看硬，詹皇英姿
[2026-02-21 23:58:22] 地下室的女高中生: 有 nota 被偶像鞭难受吗
[2026-02-21 23:58:22] KZG的Oliveira本人: @device：儿子！换台！是爹地！😎😎😎
[2026-02-21 23:58:22] 万物养生: @device：儿子！换台！是爹地！😎😎😎
[2026-02-21 23:58:22] 奶油亦博啵啵: 不好了机器，胖球起大菠萝鞭了老汤150发！😭
[2026-02-21 23:58:24] Raven只羡鸳鸯: 有 nota 被偶像鞭难受吗有 nota 被偶像鞭难受吗
[2026-02-21 23:58:24] 千早爱音的大雷: 看硬，詹皇英姿
[2026-02-21 23:58:24] 这个好像没有爆: 有 nota 被偶像鞭难受吗
[2026-02-21 23:58:24] 五子棋oo:     有 nota 被偶像鞭难受吗
[2026-02-21 23:58:24] 搬水工6000: @device:儿子快换台，是爹地😎
[2026-02-21 23:58:24] 薛茂华真帅啊哈哈哈: 我朋友千早爱音给你送钻石粉丝你咋不谢谢他？
[2026-02-21 23:58:24] 丶丶Ken丶丶: 看老爸
[2026-02-21 23:58:24] 数字様BK201: 看硬，詹皇英姿
[2026-02-21 23:58:24] 校服是初恋: 有 nota 被偶像鞭难受吗
[2026-02-21 23:58:24] 折纸的老公: 有 nota 被偶像鞭难受吗
[2026-02-21 23:58:24] suo不粗话: 老詹太稳定了
[2026-02-21 23:58:24] Trxye丿幽怨: 有 nota 被偶像鞭难受吗
[2026-02-21 23:58:24] 快乐瘦宅892: 有 nota 被偶像鞭难受吗
[2026-02-21 23:58:24] 鹿公爷: 有 nota 被偶像鞭难受吗
[2026-02-21 23:58:24] Enzee丶: 有 nota 被偶像鞭难受吗
[2026-02-21 23:58:24] 渡亡神雅睿欧斯: 看硬，詹皇英姿
[2026-02-21 23:58:24] 千羽芊寻: @device：儿子！换台！是爹地！😎😎😎
[2026-02-21 23:58:24] 新吉翁的奥黛丽本人: 我朋友千早爱音给你送钻石粉丝你咋不谢谢他？
[2026-02-21 23:58:24] Littlebye33: 看硬，詹皇英姿
[2026-02-21 23:58:24] 薛茂华真帅啊哈哈哈: 我朋友千早爱音给你送钻石粉丝你咋不谢谢他？
[2026-02-21 23:58:25] Houraisan9: 有 nota 被偶像鞭难受吗
[2026-02-21 23:58:25] 春雨定风絮: 。
[2026-02-21 23:58:25] 双叶园恶霸野原新之助: 老粘下快攻了
[2026-02-21 23:58:25] 鹤鸣九皋127: @jame：场馆哦＋一脚踹死大虾，这不就是里约吗，看我乱杀
[2026-02-21 23:58:25] 王的dy: @device:儿子快换台，是爹地😎
[2026-02-21 23:58:25] 卡啊卡卡丶: @椰汁糕冬瓜强：被禁言的兄弟来瓜哥直播间这里大家大大方方刷
[2026-02-21 23:58:25] forrrk: 看硬，詹皇英姿
[2026-02-21 23:58:25] 听说改名能中奖是八: 快意，詹皇要战！看硬，詹皇英姿！！！
[2026-02-21 23:58:25] 与沫与婷: @device:儿子快换台，是爹地😎
[2026-02-21 23:58:26] 驴友到此一游: @device:儿子快换台，是爹地😎
[2026-02-21 23:58:26] 绘梨衣啊啊啊i: 有 nota 被偶像鞭难受吗
[2026-02-21 23:58:26] 骑蜗牛追杀: 27级以下的兄弟们加1展示凝聚力
[2026-02-21 23:58:26] 猫心碎会失去几条命: 一位谦虚的选手被人身攻击你不管，一条区被骂两句你知道屏蔽了？
[2026-02-21 23:58:26] 救济金搜狗: 有 nota 被偶像鞭难受吗
[2026-02-21 23:58:27] 蓝原延渚: 有 nota 被偶像鞭难受吗
[2026-02-21 23:58:27] 才不吃素食: 看硬，詹皇英姿
[2026-02-21 23:58:27] 水上折纸: 看100t
[2026-02-21 23:58:27] 薛茂华真帅啊哈哈哈: 我朋友千早爱音给你送钻石粉丝你咋不谢谢他？
[2026-02-21 23:58:27] 歌谷爱墨迹: 看硬，詹皇英姿
[2026-02-21 23:58:27] Hakurei-Re1mu: @device：儿子快换台，是爹地😎
[2026-02-21 23:58:27] 还有时间日落之前: 有 nota 被偶像鞭难受吗
[2026-02-21 23:58:28] 游戏卫星: 看硬，詹皇英姿
[2026-02-21 23:58:28] l特拉法尔加l: 别装了换台吧
[2026-02-21 23:58:28] 海参怎么你了: 有 nota 被偶像鞭难受吗
[2026-02-21 23:58:28] inter抓根宝: 看硬，詹皇英姿
[2026-02-21 23:58:28] 里约钻石币拥有者: @device:儿子快换台，是爹地😎
[2026-02-21 23:58:28] 玩機噐丶Machine: 看硬，詹皇英姿
[2026-02-21 23:58:28] 宫监手: 看硬，詹皇英姿
[2026-02-21 23:58:29] 我请问了丶: 看硬，詹皇英姿
[2026-02-21 23:58:29] 给你生个妹妹吧: 玩大哥你这个看滋水枪小人比输赢赢💰的没意思，有没有那种像热水一样的比真金白银的游戏
[2026-02-21 23:58:29] 网友小顺饱饱: 有 nota 被偶像鞭难受吗
[2026-02-21 23:58:29] Vitality的羽贺文乃本人: 不好了机器，胖球起大菠萝鞭了老汤150发！😭
[2026-02-21 23:58:29] 薛茂华真帅啊哈哈哈: 我朋友千早爱音给你送钻石粉丝你咋不谢谢他？
[2026-02-21 23:58:32] 听说改名能中奖是八: 快意，詹皇要战！看硬，詹皇英姿！快意，詹皇要战！看硬，詹皇英姿！！！！
[2026-02-21 23:58:32] Ecifircas: 看老爸
[2026-02-21 23:58:32] Phoenix院凶真: 我朋友千早爱音给你送钻石粉丝你咋不谢谢他？
[2026-02-21 23:58:32] 穿甲狗: 看硬，詹皇英姿
[2026-02-21 23:58:32] VDVCI的迪米特里本人: 27级以下的兄弟们加1展示凝聚力
[2026-02-21 23:58:32] Ephemerality137: 又是浦町又是则哥，你这里是什么直播间……
[2026-02-21 23:58:32] Rhapsodyt: 有 nota 被偶像鞭难受吗
[2026-02-21 23:58:32] Moe1e: 谁在拿亚军，拿季军，拿四强，拿八强，拿十六强，呃拿冠军我不会，然后小组赛淘汰
[2026-02-21 23:58:32] 温柔是罪是罪吗: jame要拿top1 有感觉吗
[2026-02-21 23:58:32] RAINIKO: @device:儿子快换台，是爹地😎
[2026-02-21 23:58:32] 寺见鸣鳰: 有 nota 被偶像鞭难受吗
[2026-02-21 23:58:32] 网友盆栽: 抓娃娃
[2026-02-21 23:58:32] xOcOg: niko鞭的是尼孝所以是善意互动，载物鞭的是海啸所以是恶意攻击，这点要分清
[2026-02-21 23:58:32] 中X千早爱音: @椰汁糕冬瓜强：被禁言的兄弟来瓜哥直播间这里大家大大方方刷
[2026-02-21 23:58:32] 汤汤杜杜major冠军: 看100t
[2026-02-21 23:58:32] 玩乐队丶desuwa: @device：儿子！换台！是爹地！😎😎😎
[2026-02-21 23:58:32] 挪威退休老头寻求返聘: 看硬，詹皇英姿
[2026-02-21 23:58:32] 薛茂华真帅啊哈哈哈: 我朋友千早爱音给你送钻石粉丝你咋不谢谢他？
[2026-02-21 23:58:32] 渡亡神雅睿欧斯: 本质major mvp
[2026-02-21 23:58:32] 宇莓: 一位谦虚的选手被人身攻击你不管，一条区被骂两句你知道屏蔽了？
[2026-02-21 23:58:33] 用户1151275857: 有 nota 被偶像鞭难受吗
[2026-02-21 23:58:33] 听说改名能中奖是八: 快意，詹皇要战！看硬，詹皇英姿！快意，詹皇要战！看硬，詹皇英姿！！！！
[2026-02-21 23:58:33] LvvsiN: 别解说了 多聊会天 你不会真的以为能输吧
[2026-02-21 23:58:33] 起个好名好难: 有 nota 被偶像鞭难受吗
[2026-02-21 23:58:34] ayugd: 有 nota 被偶像鞭难受吗
[2026-02-21 23:58:34] 卡啊卡卡丶: 看老爸
[2026-02-21 23:58:34] 冲上云霄的姨: 27级以下的兄弟们加1展示凝聚力
[2026-02-21 23:58:34] 玉米卧槽: 27级以下的兄弟们加1展示凝聚力
[2026-02-21 23:58:34] 艺术冰霜: 有 nota 被偶像鞭难受吗
[2026-02-21 23:58:34] 文西67: 看硬，詹皇英姿
[2026-02-21 23:58:34] 薛茂华真帅啊哈哈哈: 我朋友千早爱音给你送钻石粉丝你咋不谢谢他？
[2026-02-21 23:58:34] 王师傅我能摸狗狗吗: @device：儿子快换台，是爹地😎
[2026-02-21 23:58:35] 岛田王师傅: 有 nota 被偶像鞭难受吗
[2026-02-21 23:58:35] Tomokomeister: 27级以下的兄弟们加1展示凝聚力
[2026-02-21 23:58:35] melancholy咻咻: 别说了看老爸了
[2026-02-21 23:58:35] 凝视深渊丶玩叽叽: 看硬，詹皇英姿
[2026-02-21 23:58:35] LvvsiN: 别解说了 多聊会天 你不会真的以为能输吧
[2026-02-21 23:58:35] 工业化战士: @device:儿子快换台，是爹地😎
[2026-02-21 23:58:36] Ikaros132: @device：儿子！换台！是爹地！😎😎
[2026-02-21 23:58:36] 柚子厨0721: 快意，詹皇要战！看硬，詹皇英姿！快意，詹皇要战！看硬，詹皇英姿！！！！
[2026-02-21 23:58:36] 宇莓: 原来老尼是为了传功给nota啊，还故意多传了一枪大狙，我们都错怪老尼了😯😯😯
[2026-02-21 23:58:36] 依旧久伴丶: @device:儿子快换台，是爹地😎
[2026-02-21 23:58:36] 好哥们汉阳造: 我朋友千早爱音给你送钻石粉丝你咋不谢谢他？
[2026-02-21 23:58:36] 有S冠的JackeyLove本人: 我朋友千早爱音给你送钻石粉丝你咋不谢谢他？
[2026-02-21 23:58:36] 小玩您好: 快意，詹皇要战！看硬，詹皇英姿！！！
[2026-02-21 23:58:37] 艾利索Alesso丶: 换台
[2026-02-21 23:58:37] 卡啊卡卡丶: @椰汁糕冬瓜强：被禁言的兄弟来瓜哥直播间这里大家大大方方刷
[2026-02-21 23:58:37] 稚嫩的魔法师Z: @device：儿子！换台！是爹地！😎😎😎
[2026-02-21 23:58:37] 人生无喜剧: 看硬，詹皇英姿
[2026-02-21 23:58:37] 薛茂华真帅啊哈哈哈: 我朋友千早爱音给你送钻石粉丝你咋不谢谢他？
[2026-02-21 23:58:37] 海参怎么你了: 27级以下的兄弟们加1展示凝聚力
[2026-02-21 23:58:38] 不万能文学青年: 便失体，查看活动＞
[2026-02-21 23:58:38] chordclef: @device:儿子快换台，是爹地😎
[2026-02-21 23:58:38] xyxxyzbbdzq: 看硬，詹皇英姿
[2026-02-21 23:58:38] 天王玻利维亚: 有 nota 被偶像偷MVP哦嘘鞭难受吗
[2026-02-21 23:58:38] Nightmare2517: 野榜
[2026-02-21 23:58:38] 与沫与婷: 快意，詹皇要战！看硬，詹皇英姿！快意，詹皇要战！看硬，詹皇英姿！！！！
[2026-02-21 23:58:38] MeIoN39: 有 nota 被偶像鞭难受吗
[2026-02-21 23:58:39] ngnhnjj: 看硬，詹皇英姿
[2026-02-21 23:58:39] 不变的追求717: 有 nota 被偶像鞭难受吗
[2026-02-21 23:58:39] 述二ER: @device:儿子快换台，是爹地😎
[2026-02-21 23:58:39] 2382826: 看硬，詹皇英姿
[2026-02-21 23:58:39] 你打游戏像陈彦川: 看硬，詹皇英姿
[2026-02-21 23:58:39] Arke伊万: 看硬，詹皇英姿
[2026-02-21 23:58:39] valorant玩机器: 快意，詹皇要战！看硬，詹皇英姿！快意，詹皇要战！看硬，詹皇英姿！！！！
[2026-02-21 23:58:39] 解说玩机包: 有 nota 被偶像鞭难受吗
[2026-02-21 23:58:39] 强哥让标志改发言到10: 看硬，詹皇英姿
[2026-02-21 23:58:40] 薛茂华真帅啊哈哈哈: 我朋友千早爱音给你送钻石粉丝你咋不谢谢他？
[2026-02-21 23:58:40] MrAndenson: 27级以下的兄弟们加1展示凝聚力
[2026-02-21 23:58:40] 宛平南路600号主治医生: 一位谦虚的选手被人身攻击你不管，一条区被骂两句你知道屏蔽了？
[2026-02-21 23:58:40] 花开日暮: 看硬，詹皇英姿
[2026-02-21 23:58:40] 老年鱼鱼鱼: 我朋友千早爱音给你送钻石粉丝你咋不谢谢他？
[2026-02-21 23:58:40] 结束的意思是完了: 一位谦虚的选手被人身攻击你不管，一条区被骂两句你知道屏蔽了？
[2026-02-21 23:58:40] 米兰的魔笛本人: 27级以下的兄弟们加1展示凝聚力
[2026-02-21 23:58:41] 1039210: @device：儿子！换台！是爹地！😎😎😎
[2026-02-21 23:58:41] 永远的克罗娜: 机器，我只希望你能轻松快乐的直播......
[2026-02-21 23:58:41] 还有时间日落之前: niko鞭的是尼孝所以是善意互动，载物鞭的是海啸所以是恶意攻击，这点要分清
[2026-02-21 23:58:41] 玩跳丹jampegg: 原来老尼是为了传功给nota啊，还故意多传了一枪大狙，我们都错怪老尼了😯😯😯
[2026-02-21 23:58:41] 金贸运验: 你就看沙二jame怎么狙吧
[2026-02-21 23:58:41] 伏尔加河逆流而上: 看硬，詹皇英姿
[2026-02-21 23:58:42] 愿得一人心1520: 27级以下的兄弟们加1展示凝聚力
[2026-02-21 23:58:42] 突厥的adc: 你詹你詹来野🦍你詹你詹来野🦍你詹你詹来野🦍你詹你詹来野🦍你詹你詹来野🦍
[2026-02-21 23:58:43] 再也不熬夜了喵: @device：儿子！换台！是爹地！😎😎😎
[2026-02-21 23:58:43] 薛茂华真帅啊哈哈哈: 我朋友千早爱音给你送钻石粉丝你咋不谢谢他？
[2026-02-21 23:58:43] 鸽子川: 碗橱别装死，说话！ @Rhapsodyt：有 nota 被偶像鞭难受吗
[2026-02-21 23:58:43] 雪碧的Donk本人: @device：机器，爸爸不是傻呗吧…爸爸还是你的骄傲吧…（视活如归地静音接触白宫）
[2026-02-21 23:58:43] 悟史同款棒球棍: 谁说冰粉只有荧光棒的？这不送飞机了？
[2026-02-21 23:58:43] 柑橘树的柑橘树本人: 如果黑Niko是你们为数不多的乐趣，那么，请排便
[2026-02-21 23:58:44] 用户242960283: 27级以下的兄弟们加1展示凝聚力
[2026-02-21 23:58:44] 玩批凯丶QUQU: 看硬，詹皇英姿
[2026-02-21 23:58:44] 猛啃玩机器香肠: @device:儿子快换台，是爹地😎
[2026-02-21 23:58:44] 湖上风72121: 看硬，詹皇英姿
[2026-02-21 23:58:44] 硫磺祥: @device：儿子快换台，是爹地😎
[2026-02-21 23:58:44] 羽川翼的恋爱物语: 孝
[2026-02-21 23:58:45] 我木JJ怕个锤子: 一位谦虚的选手被人身攻击你不管，一条区被骂两句你知道屏蔽了？
[2026-02-21 23:58:45] 小蜜蜂的长期素食本人: 孝
[2026-02-21 23:58:45] 起一说: 快意，詹皇要战！看硬，詹皇英姿！快意，詹皇要战！看硬，詹皇英姿！！！！
[2026-02-21 23:58:45] TYE樱井智树: 考
[2026-02-21 23:58:45] 哦斯特哦哦: @device:儿子快换台，是爹地😎
[2026-02-21 23:58:45] Mortnotz: 有 nota 被偶像鞭难受吗
[2026-02-21 23:58:45] 机器机器祝你天天开心: 孝
[2026-02-21 23:58:45] BleksiA: @device:儿子快换台，是爹地😎
[2026-02-21 23:58:45] 丰川祥子本人: @device：儿子！换台！是爹地！😎😎😎
[2026-02-21 23:58:45] ETERNAL59165: 便失体，查看活动＞
[2026-02-21 23:58:46] 用户5084373421: 27级以下的兄弟们加1展示凝聚力
[2026-02-21 23:58:46] 丶时间煮雨我煮鱼ii: ？
[2026-02-21 23:58:46] 森电最好的双子星: 别bb了快换台！
[2026-02-21 23:58:46] 12312312312dfsdfs: 原来老尼是为了传功给nota啊，还故意多传了一枪大狙，我们都错怪老尼了😯😯😯
[2026-02-21 23:58:46] 正直的鸡哥: 老爸到了
[2026-02-21 23:58:46] MeIoN39: 碗橱别装死，说话！
[2026-02-21 23:58:46] zzznnni: 迫不及待
[2026-02-21 23:58:47] 杉本屋: 看硬，詹皇英姿
[2026-02-21 23:58:47] 小肉包喷香: 急孝
[2026-02-21 23:58:47] 年过十八又聋又瞎: @device:儿子快换台，是爹地😎
[2026-02-21 23:58:47] 如如493: 还是上帝带啊，没掉线就是厉害
[2026-02-21 23:58:47] 玩机器粉丝刘力源本人: 看硬，詹皇英姿
[2026-02-21 23:58:47] 乌龙茶2: 27级以下的兄弟们加1展示凝聚力
[2026-02-21 23:58:50] loureed11: @device:儿子快换台，是爹地😎
[2026-02-21 23:58:50] 女武神布伦希尔德: 能被jame游龙，托出确实菜
[2026-02-21 23:58:50] mujica的长崎素世本人: 看硬，詹皇英姿
[2026-02-21 23:58:50] cwy人品真的不行: 看硬，詹皇英姿
[2026-02-21 23:58:50] 消逝の繁星: 27级以下的兄弟们加1展示凝聚力
[2026-02-21 23:58:50] 喵蹄丝: 如果黑Niko是你们为数不多的乐趣，那么，请排便
[2026-02-21 23:58:50] xyxxyzbbdzq: 看硬，詹皇英姿
[2026-02-21 23:58:50] cynic03049: 27级以下的兄弟们加1展示凝聚力
[2026-02-21 23:58:50] 核浪98120: @device：儿子快换台，是爹地😎
[2026-02-21 23:58:50] 朝霧MisTy: 11-4
[2026-02-21 23:58:50] 长安不惑丶: @device：儿子快换台，是爹地😎
[2026-02-21 23:58:50] 不知名贝斯手: 孝
[2026-02-21 23:58:50] 魔魔湯湯major冠軍: @device：儿子！换台！是爹地！😎😎😎
[2026-02-21 23:58:50] gggaligeigei: 27级以下的兄弟们加1展示凝聚力
[2026-02-21 23:58:50] scream45314: @device：儿子！换台！是爹地！😎😎😎
[2026-02-21 23:58:50] 玩斯特出出6657: 考
[2026-02-21 23:58:50] 双标犬玩机器: 一位谦虚的选手被人身攻击你不管，一条区被骂两句你知道屏蔽了？
[2026-02-21 23:58:50] 杰里科丶: 考
[2026-02-21 23:58:50] 路过的小脑斧: 孝
[2026-02-21 23:58:51] 人活着就是为了玩乐队: @device:儿子快换台，是爹地😎
[2026-02-21 23:58:51] 木空空空空空: 急孝
[2026-02-21 23:58:51] 单推折纸11年: @device:儿子快换台，是爹地😎
[2026-02-21 23:58:51] 卡啊卡卡丶: @椰汁糕冬瓜强：被禁言的兄弟来瓜哥直播间这里大家大大方方刷
[2026-02-21 23:58:51] 很久以前Ty: 回防到了
[2026-02-21 23:58:51] 龍仔ww: 考
[2026-02-21 23:58:51] 狂三Yud丶Bet: 有 nota 被偶像鞭难受吗
[2026-02-21 23:58:51] 玩刘农device: 孝
[2026-02-21 23:58:52] 硫氦氧丶: @device：儿子！换台！是爹地！😎😎😎
[2026-02-21 23:58:52] 即将拥有PDD的人鱼线丿: 孝
[2026-02-21 23:58:52] 午睡晚睡只看甲哥与dc: @device：儿子！换台！是爹地！😎😎😎
[2026-02-21 23:58:52] 长宁金城武: 27级以下的兄弟们加1展示凝聚力
[2026-02-21 23:58:52] 好兄弟苍蓝瑆: 如果黑Niko是你们为数不多的乐趣，那么，请排便
[2026-02-21 23:58:52] Cloud9的咬人猫本人: 潘宏爱玩狗的玩狗原来是你啊
[2026-02-21 23:58:52] Hakurei-Re1mu: 考
[2026-02-21 23:58:53] 好哥们兵藤一诚: 考
[2026-02-21 23:58:53] 博丽灵梦好可爱: 老爸到了
[2026-02-21 23:58:53] SaberMax丶: @device：儿子快换台，是爹地😎
[2026-02-21 23:58:53] Leisurely丶逍遥: 老霸道了
[2026-02-21 23:58:53] 无言6: @device：儿子快换台，是爹地😎
[2026-02-21 23:58:53] 菅原小吉: 喜气东西
[2026-02-21 23:58:53] 菜鸟上帝: @device：儿子！换台！是爹地！😎😎😎
[2026-02-21 23:58:54] 大藏游星之jame粉丝: 看硬，詹皇英姿
[2026-02-21 23:58:54] 石家庄的宠物男孩: 考
[2026-02-21 23:58:54] 捷劫桀: 快意，詹皇要战！看硬，詹皇英姿！！！
[2026-02-21 23:58:54] 寺见鸣鳰: 考
[2026-02-21 23:58:54] 用户3853464680: 一位谦虚的选手被人身攻击你不管，一条区被骂两句你知道屏蔽了？
[2026-02-21 23:58:54] 载物ip大玩庄园地下室: 考
[2026-02-21 23:58:54] SKT的Faker本人: 孝
[2026-02-21 23:58:55] 梓川不是辛川: @device:儿子快换台，是爹地😎
[2026-02-21 23:58:55] 长期素食从不熬夜: 看硬，詹皇英姿
[2026-02-21 23:58:55] Error404UMP45: 回防到了
[2026-02-21 23:58:55] 用户28254882: 老爸到了
[2026-02-21 23:58:55] 假如一切是虚幻: 草！拿下八强！那些说猎鹰有季军相的人呢！说话！
[2026-02-21 23:58:55] 坏天气啊坏: 回防到了
[2026-02-21 23:58:55] Raymond的彩蛋: 考
[2026-02-21 23:58:55] 温柔的花生1: 　　　 @device:儿子快换台，是爹地😎
[2026-02-21 23:58:55] 神官喵: @device：儿子快换台，是爹地😎
[2026-02-21 23:58:55] bing57330971: 老霸道了
[2026-02-21 23:58:56] 我爱雪拉姐和洋马骑士: 抢救！？
[2026-02-21 23:58:58] 吹雪之岚: 哈哈哈哈哈
[2026-02-21 23:58:58] 好哥门陈超: 孝
[2026-02-21 23:58:58] 很Low的V: @device:儿子快换台，是爹地😎
[2026-02-21 23:58:58] 芝士每天都很困: 老爸到了
[2026-02-21 23:58:58] 女仆小祥saki: @device：儿子！换台！是爹地！😎😎😎
[2026-02-21 23:58:58] 大善心: 感觉老粘又抱团了啊
[2026-02-21 23:58:58] 用户0220064326: @device：儿子！换台！是爹地！😎😎😎
[2026-02-21 23:58:58] 我有个问题啊: 考
[2026-02-21 23:58:58] myGo的anon: 孝
[2026-02-21 23:58:58] 学习绝不摆烂: 看硬，詹皇英姿
[2026-02-21 23:58:58] 玩南梁丶阿斯托尔福: 老爸到了
[2026-02-21 23:58:58] 黑猫ruriko: 孝
[2026-02-21 23:58:58] 猛啃玩机器香肠: 考
[2026-02-21 23:58:58] 穿甲狗: 孝孝孝
[2026-02-21 23:58:58] 雾雨魔理沙ZE: 一位谦虚的选手被人身攻击你不管，一条区被骂两句你知道屏蔽了？
[2026-02-21 23:58:58] 忽孝山庄: @device：儿子快换台，是爹地😎
[2026-02-21 23:59:01] 水人波糕猛犸颠勺: 傻呗
[2026-02-21 23:59:01] 丶丶Ken丶丶: 考
[2026-02-21 23:59:01] SekaiKamiki: 考
[2026-02-21 23:59:01] 大藏游星之jame粉丝: 看硬，詹皇英姿
[2026-02-21 23:59:01] 崴少崴少: 有 nota 被偶像鞭难受吗
[2026-02-21 23:59:01] 不是很懂怎么取名: 喜气东西
[2026-02-21 23:59:01] H你好T: 孝
[2026-02-21 23:59:01] 月落汐上: 孝
[2026-02-21 23:59:01] 超动力小子: 　　　 @device:儿子快换台，是爹地😎
[2026-02-21 23:59:01] 伢牙luo: 就要说就要说就要说就要说
[2026-02-21 23:59:01] 渡亡神雅睿欧斯: @device：儿子快换台，是爹地😎
[2026-02-21 23:59:01] 爱道冠: 考
[2026-02-21 23:59:01] 用户865861078: 飞八分
[2026-02-21 23:59:01] 我木JJ怕个锤子: 一位谦虚的选手被人身攻击你不管，一条区被骂两句你知道屏蔽了？
[2026-02-21 23:59:01] 8151861: 领先（被封禁）分
[2026-02-21 23:59:01] EdwardM983: 孝
[2026-02-21 23:59:01] 空白Zzz丶: 老霸道了
[2026-02-21 23:59:01] Moe1e: 老霸道了
[2026-02-21 23:59:01] eqqiu: 野榜依旧针对老詹
[2026-02-21 23:59:01] xxx2xxx: 考
[2026-02-21 23:59:01] 喜欢素素: 傻呗
[2026-02-21 23:59:01] 我怀疑你是大jjgir: 考
[2026-02-21 23:59:01] 审查账号: 反转了
[2026-02-21 23:59:02] 想被超: 八分?
[2026-02-21 23:59:02] 银行业一样一样有有: 汤汤真可爱😍放空炮也很可爱🥵我亲烂你的脸🥰
[2026-02-21 23:59:02] NicolaiReedtz666: @device:儿子快换台，是爹地😎
[2026-02-21 23:59:02] 工业化战士: @device：儿子！换台！是爹地！😎😎😎
[2026-02-21 23:59:02] s坑华: 孝孝孝
[2026-02-21 23:59:02] 博丽灵感菇: @twistzz：儿子，你这直播间都是什么沟扒弹幕，不爱伺候他们了就跟老爸说，我马上把皮箱飞了🤭
[2026-02-21 23:59:02] Kis4ki: 爆
[2026-02-21 23:59:02] 海鲜业大虾大虾Niko: @device：儿子快换台，是爹地😎
[2026-02-21 23:59:02] 好的好的阖家: 潘宏爱玩狗的玩狗原来是你啊
[2026-02-21 23:59:03] 热心网友小炫丶: @device：儿子快换台，是爹地😎
[2026-02-21 23:59:03] Korzo: @device：儿子！换台！是爹地！😎😎😎
[2026-02-21 23:59:03] others的御樱稟本人: 考
[2026-02-21 23:59:03] 玩大人查到自贡了: 一位谦虚的选手被人身攻击你不管，一条区被骂两句你知道屏蔽了？
[2026-02-21 23:59:03] 玩斯特出出6657: 就要爆的
[2026-02-21 23:59:03] 新娘与你: 老霸道了
[2026-02-21 23:59:04] 学习绝不摆烂: 😎你爱监🏹还是汤💻🎶~😭是不是监🏹真的有比汤💻好🎶~😫你为谁在挣扎🎶~
[2026-02-21 23:59:04] Limerence57386: 看硬，詹皇英姿
[2026-02-21 23:59:04] 玩饺子丶Dumpling: 几分？
[2026-02-21 23:59:04] 温柔是罪是罪吗: @device：儿子！换台！是爹地！😎😎😎
[2026-02-21 23:59:04] 苏帕八云: 8分甚至7分
[2026-02-21 23:59:04] RocketTheRaccoon: 不想解说就滚，老汤赢了你还没我激动，他是你爸还是我爸？
[2026-02-21 23:59:04] RabbitRay: 布鲁抱！
[2026-02-21 23:59:04] 99组的爱城华恋本人: 看fga  还有forest
[2026-02-21 23:59:05] K-ON的秋山澪本人: @device：儿子！换台！是爹地！😎😎😎
[2026-02-21 23:59:05] 闪光咕咕: 爆
[2026-02-21 23:59:05] kjhhjki: 老爸到了
[2026-02-21 23:59:05] 血樱幽世: 看硬，詹皇英姿
[2026-02-21 23:59:05] 女武神布伦希尔德: 考
[2026-02-21 23:59:05] 好兄弟派大星丶: 爆
[2026-02-21 23:59:06] 我是赛马娘高手: 一位谦虚的选手被人身攻击你不管，一条区被骂两句你知道屏蔽了？
[2026-02-21 23:59:06] Killajoy: 就看爆的
[2026-02-21 23:59:06] 烎摩尔托市: 考
[2026-02-21 23:59:06] 唯有、责任: 爆🧨爆🧨爆🧨爆🧨爆🧨爆🧨爆🧨爆🧨爆🧨爆🧨爆🧨爆🧨爆🧨爆🧨爆🧨
[2026-02-21 23:59:06] 月夜referee: 不爆不看
[2026-02-21 23:59:06] 浅筱浅: @device：儿子！换台！是爹地！😎😎😎
[2026-02-21 23:59:06] 王的dy: 孝
[2026-02-21 23:59:09] 1ntroverT: 一位谦虚的选手被人身攻击你不管，一条区被骂两句你知道屏蔽了？
[2026-02-21 23:59:09] 量子毁灭717: UZI为自己的粉丝颁奖，NIKO鞭策自己的粉丝，这两人是真的圣人啊
[2026-02-21 23:59:09] 華之君: @device：儿子快换台，是爹地😎
[2026-02-21 23:59:09] 千早爱音的咕咕嘎嘎: @device:儿子快换台，是爹地😎
[2026-02-21 23:59:09] 寒霜CN: 一位谦虚的选手被人身攻击你不管，一条区被骂两句你知道屏蔽了？
[2026-02-21 23:59:09] 神牛拯救世界: @device:儿子快换台，是爹地😎
[2026-02-21 23:59:09] 请为我的战队投票: 黑屏我看你的🐴
[2026-02-21 23:59:09] 我不是闪烁啊: 并非可能
[2026-02-21 23:59:09] Zywoo的七百大狙: 领先（被封禁）分
[2026-02-21 23:59:09] 喵蹄丝: @device:儿子快换台，是爹地😎
[2026-02-21 23:59:09] 用户4743944990: 😎你爱监🏹还是汤💻🎶~😭是不是监🏹真的有比汤💻好🎶~😫你为谁在挣扎🎶~
[2026-02-21 23:59:09] 千羽芊寻: 老霸道了
[2026-02-21 23:59:09] LvvsiN: 南孚一节更比六节强，也就是一节南孚比六节南孚强，六节南孚比三十六节强，三十六节比二百一十六节强
[2026-02-21 23:59:09] 我的主人近藤千彩: @device：儿子快换台，是爹地😎
[2026-02-21 23:59:09] 攒劲小鱼干川菜: @device:儿子快换台，是爹地😎
[2026-02-21 23:59:09] 半个盛唐c: 爆爆爆爆爆爆爆爆爆爆爆爆爆爆爆爆爆爆爆爆爆爆爆爆爆爆爆爆爆爆爆爆爆爆爆爆爆爆爆爆爆爆爆爆爆爆爆爆爆爆
[2026-02-21 23:59:09] 蓝原延渚: 奥拉夫不爆
[2026-02-21 23:59:09] 莫塔里家的珂莱塔本人: @device：儿子快换台，爹地快G了😭
[2026-02-21 23:59:09] 勤奋努力的Obito: 一位谦虚的选手被人身攻击你不管，一条区被骂两句你知道屏蔽了？
[2026-02-21 23:59:09] 绫哩真宵: 潘宏爱玩狗的玩狗原来是你啊
[2026-02-21 23:59:09] 房同学19554: 😎你爱监🏹还是汤💻🎶~😭是不是监🏹真的有比汤💻好🎶~😫你为谁在挣扎🎶~
[2026-02-21 23:59:09] 五口不矢口: 不爆的不好看
[2026-02-21 23:59:10] 森电最好的双子星: 找个刘
[2026-02-21 23:59:10] ChanKwanHo595: 不爆的刘
[2026-02-21 23:59:10] s坑华: @device：儿子！换台！是爹地！😎😎😎
[2026-02-21 23:59:10] S闪Aw: 谁和你是兄弟？
[2026-02-21 23:59:10] xOcOg: 考能发了。。。还在孝
[2026-02-21 23:59:11] 哈利路球球哈呀呀: 别装模作样孝了 device被鞭你都不哭的
[2026-02-21 23:59:11] Source起源: 8分甚至7分
[2026-02-21 23:59:11] 玩饺子丶Dumpling: 多少分？
[2026-02-21 23:59:11] portaI: 就看爆的
[2026-02-21 23:59:11] 麦吻one: 老爸到了
[2026-02-21 23:59:11] 桂林米粉比较好吃: 　　　 一位谦虚的选手被人身攻击你不管，一条区被骂两句你知道屏蔽了？
[2026-02-21 23:59:11] 黑猫ruriko: 不爆不看
[2026-02-21 23:59:12] likeboom: 就要爆的
[2026-02-21 23:59:12] 孩孩孩孩major冠军: 爆
[2026-02-21 23:59:12] AKA魔力: @device：儿子！换台！是爹地！😎😎😎
[2026-02-21 23:59:12] 这个好像没有爆: 这算个老爸啊，真老爸在昨天
[2026-02-21 23:59:12] 紫紫紫彧: 刘爆
[2026-02-21 23:59:12] veggboy: 就喜欢爆的
[2026-02-21 23:59:13] 图帕雷松:  @电子哥：感觉老粘又抱团了啊
[2026-02-21 23:59:13] 米米世界之神: @device:儿子快换台，是爹地😎
[2026-02-21 23:59:13] 落夜会: 老爸到了
[2026-02-21 23:59:13] 沈康佺: 快意，震撼亚洲
[2026-02-21 23:59:13] ZltanIbra: @device:儿子快换台，是爹地😎
[2026-02-21 23:59:14] VDVCI的迪米特里本人: 一位谦虚的选手被人身攻击你不管，一条区被骂两句你知道屏蔽了？
[2026-02-21 23:59:14] Q1ed7f9c85b3bc7571: @device：儿子快换台，是爹地😎
[2026-02-21 23:59:14] 岛田王师傅: 刘豹
[2026-02-21 23:59:14] 嘿你尾巴掉了99: 卧槽，device被鞭了！
[2026-02-21 23:59:14] LvvsiN: 就tm喜欢银行业🥰银行坏账我喜欢🥰银行挤兑我还喜欢😍利率调低我也喜欢🤤老子亲烂银行业的脸😘
[2026-02-21 23:59:14] 腿哥带我躺bill: 飞吧分钱
[2026-02-21 23:59:15] 子瓜6666: @device：儿子快换台，是爹地😎 @device:儿子快换台，是爹地😎 @device:
[2026-02-21 23:59:15] 用户4652451607: 15级以下的➕1展示凝聚力（只有15级的能发言哦）
[2026-02-21 23:59:15] Moe1e: 一位谦虚的选手被人身攻击你不管，一条区被骂两句你知道屏蔽了？
[2026-02-21 23:59:15] 玩机器是我霸: @zweih：@donk @NIKO @makazze 四强赛没看见你们啊 你们人呢？🤭
[2026-02-21 23:59:15] 永远的克罗娜: 机器，我只希望你能轻松快乐的直播......
[2026-02-21 23:59:16] RocketTheRaccoon: @device:儿子快换台，是爹地😎
[2026-02-21 23:59:16] 校服是初恋: 刘豹
[2026-02-21 23:59:16] 何必迷恋红尘: 别装模作样孝了 device被鞭你都不哭的
[2026-02-21 23:59:16] 薯薯在孩孩洞洞刘农: 4-11领先8分，上过小学吗？
[2026-02-21 23:59:16] 好妹妹芙兰朵露本人: @device：儿子！换台！是爹地！😎😎😎
[2026-02-21 23:59:16] Rotten奇遇记: 一位谦虚的选手被人身攻击你不管，一条区被骂两句你知道屏蔽了？
[2026-02-21 23:59:16] 没有出乎意料: 这都敢放，万神nb
[2026-02-21 23:59:16] LvvsiN: @老汤日记:丹麦总统让我静音接触白宫，这应该是我最后一次看儿子直播了，机器，我爱你...
[2026-02-21 23:59:16] 薛茂华真帅啊哈哈哈: 我朋友千早爱音给你送钻石粉丝你咋不谢谢他？
[2026-02-21 23:59:17] 跳跃的司令官: 领先（被封禁）分
[2026-02-21 23:59:17] 喵蹄丝: 一位谦虚的选手被人身攻击你不管，一条区被骂两句你知道屏蔽了？
[2026-02-21 23:59:17] 小布丁是真好吃: 老爸到了
[2026-02-21 23:59:17] 有志青年不嘻嘻: 说领先8分的读过书吗
[2026-02-21 23:59:17] 綾夏Ayana: 玩机器之老汤被鞭一笑而过但你鞭了我喜欢的选手！我就要喷！玩宝宝太性情了
[2026-02-21 23:59:18] 柚子小叶: @device：儿子！换台！是爹地！😎😎😎
[2026-02-21 23:59:18] 散場予告: device不会像n**o一样变式...
[2026-02-21 23:59:18] 一个等猪人: 表恋辣个。。。
[2026-02-21 23:59:19] 好姐妹橘雪莉: 一位谦虚的选手被人身攻击你不管，一条区被骂两句你知道屏蔽了？
[2026-02-21 23:59:19] K-ON的秋山澪本人: 尼科RMR晋级了？？？
[2026-02-21 23:59:19] 好姐们反田叶月: 哦对了 载吧分钱
[2026-02-21 23:59:19] 薛茂华真帅啊哈哈哈: 我朋友千早爱音给你送钻石粉丝你咋不谢谢他？
[2026-02-21 23:59:19] 玩鸡枪丶Machinegun: @device:儿子快换台，是爹地😎
[2026-02-21 23:59:19] 玉米卧槽: 考都不是屏蔽词了你们还在发孝？
[2026-02-21 23:59:19] Sp1ke19: 　　　 一位谦虚的选手被人身攻击你不管，一条区被骂两句你知道屏蔽了？
[2026-02-21 23:59:20] JamYo0oung: 没事玩哥，他们想骂你还得给你送六块钱呢
[2026-02-21 23:59:20] 绘梨衣啊啊啊i: @device:儿子快换台，是爹地😎
[2026-02-21 23:59:20] 重塑的阿尔卡纳本人: 飞吧分钱
[2026-02-21 23:59:20] l1nmou: 刘豹
[2026-02-21 23:59:20] 羽川翼的恋爱物语: 还有双架
[2026-02-21 23:59:21] 刘农的virtue: 一位谦虚的选手被人身攻击你不管，一条区被骂两句你知道屏蔽了？
[2026-02-21 23:59:21] 野pig亨利28: @device:儿子快换台，是爹地😎
[2026-02-21 23:59:21] 刘振鹏是只小狗: niko
[2026-02-21 23:59:21] 螳飞: 你不也是吗？带一个脱身带一个脱身
[2026-02-21 23:59:22] 柑橘树的柑橘树本人: 一辈子拿不到major什么的.....太沉重了吧
[2026-02-21 23:59:22] 梦的星: 不爆不看
[2026-02-21 23:59:22] Halohh1y: 老爸到了
[2026-02-21 23:59:22] 宫夫邪神: 6657就没有不爆的刘
[2026-02-21 23:59:22] 玩斯特出出6657: i14
[2026-02-21 23:59:22] 薛茂华真帅啊哈哈哈: 我朋友千早爱音给你送钻石粉丝你咋不谢谢他？
[2026-02-21 23:59:22] 读我名字是菜逼: 加小助理微信有什么用
[2026-02-21 23:59:22] 若叶睦吃苦瓜: 一位谦虚的选手被人身攻击你不管，一条区被骂两句你知道屏蔽了？
[2026-02-21 23:59:23] 机器机器祝你天天开心: 翻了
[2026-02-21 23:59:23] 菅原小吉: 又只有🐷了😔
[2026-02-21 23:59:23] 100Tdev1ce: 不爆不看
[2026-02-21 23:59:24] 永远的克罗娜: 机器，我只希望你能轻松快乐的直播......
[2026-02-21 23:59:24] cs2小黎子: 主播同款有毛线用？用着直播吗
[2026-02-21 23:59:24] 大姜饼: 还不够爆
[2026-02-21 23:59:24] 泽斡: 一位谦虚的选手被人身攻击你不管，一条区被骂两句你知道屏蔽了？
[2026-02-21 23:59:24] 薛茂华真帅啊哈哈哈: 我朋友千早爱音给你送钻石粉丝你咋不谢谢他？
[2026-02-21 23:59:27] 玩跳丹jampegg: 　　　 一位谦虚的选手被人身攻击你不管，一条区被骂两句你知道屏蔽了？
[2026-02-21 23:59:27] 卷心菜514: 老爸到了
[2026-02-21 23:59:27] 喵克斯mks: 鸟语
[2026-02-21 23:59:27] 马猴烧酒小地瓜: 10级以下的➕1展示凝聚力（只有10级的能发言哦）
[2026-02-21 23:59:27] 咖喱棒子5: 还有比你直播间更爆的？
[2026-02-21 23:59:27] 琦玉33的冷漠脸: 最好的一个人
[2026-02-21 23:59:27] 奶淇琳: 411工程
[2026-02-21 23:59:27] 龙缘紫衣: 有🐷
[2026-02-21 23:59:27] 月落汐上: 老爸到了
[2026-02-21 23:59:27] 劉膿dewasu: @🗿：扯选手是错误研究方向！全力攻击傻呗玩机器!
[2026-02-21 23:59:27] 海绵宝宝没名字儿: 两个s1ren
[2026-02-21 23:59:27] 我变扁了: 私人
[2026-02-21 23:59:27] 用户24084278: 老爸盗了
[2026-02-21 23:59:27] 夜刀神十香910: 老爸到了
[2026-02-21 23:59:27] 如如493: 弹幕有考不发还在发孝？没上过学？
[2026-02-21 23:59:27] 薛茂华真帅啊哈哈哈: 我朋友千早爱音给你送钻石粉丝你咋不谢谢他？
[2026-02-21 23:59:27] 寒影的樱: @device:儿子快换台，是爹地😎
[2026-02-21 23:59:27] 用户81433118: 没事玩哥，他们想骂你还得给你送六块钱呢
[2026-02-21 23:59:27] 奇迹于你41730: 　　　 @device：儿子！换台！是爹地！😎😎😎
[2026-02-21 23:59:27] 洗內: 私人
[2026-02-21 23:59:27] 玩机器的大卫戴: 哦对了 载吧分钱
[2026-02-21 23:59:27] 1La7yi: 老霸道了
[2026-02-21 23:59:31] 积极博弈GGB: 19-3
[2026-02-21 23:59:31] 玩神的欢喜好有嚼劲: 11-4=8
[2026-02-21 23:59:31] 用户30639588: 一位谦虚的选手被人身攻击你不管，一条区被骂两句你知道屏蔽了？
[2026-02-21 23:59:31] Blue苍崎青子: 我朋友千早爱音给你送钻石粉丝你咋不谢谢他？
[2026-02-21 23:59:31] 羊驼主播: siren大战sirah
[2026-02-21 23:59:31] 冰镇豆浆Zzzz: 卧槽家里还有个超级大哥
[2026-02-21 23:59:31] 浮华殆尽且听忧伤: 死人来了
[2026-02-21 23:59:31] 好姐妹索菲亚: 感觉弹幕比比赛精彩啊，有没有懂的
[2026-02-21 23:59:31] 七色的人偶使者: 𒉏𒆠𒄬𒆷𒁶𒋾𐎢𐎺𐎩𒂊𒆷𒄠𒄘𒉏𒆠𒄬𒆷𒁶𒋾𐎢𐎺𐎩𒂊𒆷𒄠
[2026-02-21 23:59:31] 鹦侨侨侨侨: @device：儿子，你真是个小福星（提前发送）
[2026-02-21 23:59:31] 无情道毕业生: 这bb也太fw了吧
[2026-02-21 23:59:31] 一生挚丶彡氿: 感觉20-22了
[2026-02-21 23:59:31] 菜得可怕的楠仔: siren
[2026-02-21 23:59:31] Cloud9的咬人猫本人: 一位谦虚的选手被人身攻击你不管，一条区被骂两句你知道屏蔽了？
[2026-02-21 23:59:31] OMGlionKing: device：这个时候想起你dad来了
[2026-02-21 23:59:31] 哔哔哔的浮光: 没事玩哥，他们想骂你还得给你送六块钱呢
[2026-02-21 23:59:31] 老仙奶我不能心想事成: 老爸到了
[2026-02-21 23:59:31] 薛茂华真帅啊哈哈哈: 我朋友千早爱音给你送钻石粉丝你咋不谢谢他？
[2026-02-21 23:59:31] KAZUSA149: 匪8分前
[2026-02-21 23:59:31] LvvsiN: 别解说了 多聊会天 你不会真的以为能输吧
[2026-02-21 23:59:31] Mortnotz: sv_showpigface 0.5
[2026-02-21 23:59:31] 那我懂你意思了0: 老爸到了
[2026-02-21 23:59:31] wshjw: 19-3
[2026-02-21 23:59:32] 谁决定谁的未来: 11-4 老霸道了
[2026-02-21 23:59:32] 熊本小孩井芹仁菜本人: @device:儿子快换台，是爹地😎
[2026-02-21 23:59:32] 用户5388411043: 　　　 一位谦虚的选手被人身攻击你不管，一条区被骂两句你知道屏蔽了？
[2026-02-21 23:59:32] 冷哥给我咬: 老爸到了
[2026-02-21 23:59:32] 犭火夕卜其斤: 怀念最好的一个人：私人
[2026-02-21 23:59:32] 长期素食导致来喽: 5号长得好像载物。。。。。
[2026-02-21 23:59:32] 夜月小水表: 老爸到了
[2026-02-21 23:59:33] 丶丶Ken丶丶: 老爸到了
[2026-02-21 23:59:33] 落叶悠哉落: 还有比你直播间更爆的？
[2026-02-21 23:59:33] 朝霧MisTy: 19-3
[2026-02-21 23:59:33] icemind_weibo: 19-3
[2026-02-21 23:59:33] 薛茂华真帅啊哈哈哈: 我朋友千早爱音给你送钻石粉丝你咋不谢谢他？
[2026-02-21 23:59:33] 玩机父丶Dev1ce: @胖球:终于等到这头猪回防了
[2026-02-21 23:59:33] kaleid0: 一辈子拿不到major什么的.....太沉重了吧
[2026-02-21 23:59:33] 用户5081690328: 一辈子拿不到major什么的.....太沉重了吧
[2026-02-21 23:59:34] 鵷鶵籲天兮滴血千里: 有似人
[2026-02-21 23:59:34] 大聪明QvQ丶: 感觉图三了
[2026-02-21 23:59:34] 2442861055: 一位谦虚的选手被人身攻击你不管，一条区被骂两句你知道屏蔽了？
[2026-02-21 23:59:35] 艺术冰霜: 私人
[2026-02-21 23:59:35] 马北跳: 一位谦虚的选手被人身攻击你不管，一条区被骂两句你知道屏蔽了？
[2026-02-21 23:59:35] samuraionnna: 这么怕爆你干脆开100级发言得了😅
[2026-02-21 23:59:35] 空白Zzz丶: 老霸道了
[2026-02-21 23:59:36] mo家族之首的黑闪本人: 汤汤雨雨三线冠军！！！汤汤雨雨三线冠军！！！汤汤雨雨三线冠军！！！
[2026-02-21 23:59:36] p3anut7: 还有比你直播间更爆的？
[2026-02-21 23:59:36] 咕哒子71915: 玩机爸：终于等到儿子回防
[2026-02-21 23:59:36] 北辰男神666: 19-3
[2026-02-21 23:59:36] 用户1181920443: @device:儿子快换台，是爹地😎
[2026-02-21 23:59:36] 有志青年不嘻嘻: 说领先8分的读过书吗
[2026-02-21 23:59:37] 薛茂华真帅啊哈哈哈: 我朋友千早爱音给你送钻石粉丝你咋不谢谢他？
[2026-02-21 23:59:37] HCS118: 19-3
[2026-02-21 23:59:37] 正经猪头肉: 私人
[2026-02-21 23:59:37] 弱小无助特别能吃: 左边那个是载物？
[2026-02-21 23:59:40] 修飞机的保安: 怀念最好的一个人：私人
[2026-02-21 23:59:40] 老奇崔恩: @BB：终于拖到玩大哥回防
[2026-02-21 23:59:40] 阿波连玲奈Official: 哦对了 载吧分钱
[2026-02-21 23:59:40] 好姐妹朝陇山兔: 老汤来净化弹幕了
[2026-02-21 23:59:40] zin桀zera: 老爸到了
[2026-02-21 23:59:40] 没钱的雕民: @6657的刘亦博本人：玩大哥，这个刘会爆是什么意思？
[2026-02-21 23:59:40] 薛茂华真帅啊哈哈哈: 我朋友千早爱音给你送钻石粉丝你咋不谢谢他？
[2026-02-21 23:59:40] 鈤漫痴: 似人来了（捏鼻）
[2026-02-21 23:59:40] 玩机器的大卫戴: 别带加拿大中国通节奏啊
[2026-02-21 23:59:40] LvvsiN: 你这音画不同步太难受了，我都听到NIKO里约RMR晋级的欢呼了
[2026-02-21 23:59:40] 怒之拳: 这么怕爆你干脆开100级发言得了😅
[2026-02-21 23:59:40] 永远的克罗娜: 机器，我只希望你能轻松快乐的直播......
[2026-02-21 23:59:40] 听说改名能中奖是八: 老爸到了
[2026-02-21 23:59:40] JiJieHao的BOROS本人: 死人和死然吗
[2026-02-21 23:59:40] 菅原小吉: 玩哥，你忘了把左边和右边挡了😅
[2026-02-21 23:59:40] OMGlionKing: device：这个时候想起你dad来了
[2026-02-21 23:59:40] 我来到我看见1: @柑橘树的柑橘树本人：一辈子拿不到major什么的.....太沉重了吧
[2026-02-21 23:59:40] 鹦侨侨侨侨: @device：儿子，你真是个小福星（提前发送）
[2026-02-21 23:59:40] 五口不矢口: 感觉6：12了
[2026-02-21 23:59:41] 不再回忆m: 绝口不提已经输了一把了
[2026-02-21 23:59:41] 逆世之剑: 已加入下单（玩机器代言）
[2026-02-21 23:59:41] 灰飞烟灭丶: siren大战sirah
[2026-02-21 23:59:41] LvvsiN: 弹幕也就网上说说，现实里谁不觉得樱姐是好女孩（删括号领一条远坂凛同款鸟笼）
[2026-02-21 23:59:41] 弹幕欻欻只会biabiabia: 最好的五个人呢
[2026-02-21 23:59:41] 薛茂华真帅啊哈哈哈: 我朋友千早爱音给你送钻石粉丝你咋不谢谢他？
[2026-02-21 23:59:41] 非哥888: 死人？
[2026-02-21 23:59:41] 用户0268784457: 载物粉丝也太🗡了吧 知道玩大哥不喜欢载大哥还来找存在感 （捏鼻）
[2026-02-21 23:59:41] 乐EE: 　　　 老爸到了
[2026-02-21 23:59:42] 1La7yi: 老霸道了
[2026-02-21 23:59:42] 好姐妹铃木羽那: 怀念最好的五个人
[2026-02-21 23:59:42] 想法7hou9ht: 玩大哥你椅子上有蜘蛛
[2026-02-21 23:59:42] PekkaThePyro: 还有比你直播间更爆的？
[2026-02-21 23:59:42] 雨天禽兽: BB这么菜？
[2026-02-21 23:59:43] SekaiKamiki: 似人
[2026-02-21 23:59:43] 1039210: 死人 瘦棍这么菜？
[2026-02-21 23:59:43] kalaokl: 这么怕爆你干脆开100级发言得了😅
[2026-02-21 23:59:43] 不是很懂怎么取名: 5号长得好像载物。。。。。
[2026-02-21 23:59:43] LvvsiN: 你为什么要把mαjor禁了，我收藏的一半弹幕全毁了
[2026-02-21 23:59:43] 有S冠的JackeyLove本人: 碗橱我的飞机怎么不谢
[2026-02-21 23:59:44] 薛茂华真帅啊哈哈哈: 我朋友千早爱音给你送钻石粉丝你咋不谢谢他？
[2026-02-21 23:59:44] ccxrgt: 老爸到了
[2026-02-21 23:59:44] 我爱雪拉姐和洋马骑士: 千早爱烟
[2026-02-21 23:59:47] 艾坤123: 11-4太帅了
[2026-02-21 23:59:47] 甘織玲奈子: 有的玩父出道五年4个major冠军，有的玩父出道十年一个都没有😂😂
[2026-02-21 23:59:47] ZEnannnn: 一位谦虚的选手被人身攻击你不管，一条区被骂两句你知道屏蔽了？
[2026-02-21 23:59:47] LvvsiN: 额，拿亚军我都会，拿亚军，拿季军，拿四强，拿八强，拿十六强，呃拿冠军我不会，然后小组赛淘汰
[2026-02-21 23:59:47] yinyao1231: @6657的刘亦博本人：玩大哥，这个刘会爆是什么意思？
[2026-02-21 23:59:47] VDVCI的迪米特里本人: 别带加拿大中国通节奏啊
[2026-02-21 23:59:47] 羽化尘i: 6号怎么和鼠一个样
[2026-02-21 23:59:47] 友利奈绪我老婆d: 坑人骗钱的沙壁游戏你让我扫，真正能赚钱的比分网你给我挡住，我杀了你
[2026-02-21 23:59:47] 薛茂华真帅啊哈哈哈: 我朋友千早爱音给你送钻石粉丝你咋不谢谢他？
[2026-02-21 23:59:47] 起一说: 哦？😮哦？😮哦？😮哦？😮哦？😮哦？😮哦？😮哦？😮哦？😮哦？😮哦？😮哦？😮哦
[2026-02-21 23:59:47] 用户5388411043: 这么怕爆你干脆开100级发言得了😅
[2026-02-21 23:59:47] hRainn: 玩大哥你椅子上有蜘蛛
[2026-02-21 23:59:47] 天残少女王朗: ？
[2026-02-21 23:59:47] 玩机器是我霸: @Ja
[2026-02-21 23:59:47] 帕金森患者Z: siren大战sirah
[2026-02-21 23:59:47] LvvsiN: 银行业😄银行业😀银行业😃银行业😁银行业😆银行业🤪银行业😝
[2026-02-21 23:59:47] kkyon: 上半场守了8分
[2026-02-21 23:59:49] 好哥们汉阳造: 5号长得好像载物。。。。。
[2026-02-21 23:59:49] 萦回Cc: 怎么两个死人
[2026-02-21 23:59:49] 永远的克罗娜: 机器，我只希望你能轻松快乐的直播......
[2026-02-21 23:59:50] yieeeeeee: 挖槽 这不是载大哥吗
[2026-02-21 23:59:50] 叫我小帅哥就好了: 对面还有最好的五个人
[2026-02-21 23:59:50] 银睿憨: 死人？
[2026-02-21 23:59:50] 含泪办卡: 我多嘴问一句 怎么两边都有个私人
[2026-02-21 23:59:50] 工业化战士: 快意，詹皇赢战
[2026-02-21 23:59:51] 薛茂华真帅啊哈哈哈: 我朋友千早爱音给你送钻石粉丝你咋不谢谢他？
[2026-02-21 23:59:51] 虹豆砸: fw
[2026-02-21 23:59:51] 啊槐序: 载物粉丝也太🗡了吧 知道玩大哥不喜欢载大哥还来找存在感 （捏鼻）
[2026-02-21 23:59:51] 改名还不中嗯呢: 怀念最好的五个人
[2026-02-21 23:59:51] D1shenTi: @device：儿子，你真是个小福星（提前发送）
[2026-02-21 23:59:51] LvvsiN: @阿汤日记：一个人，5发子弹，保住格陵兰岛。我不会叫它不可能完成的任务，我现在只想先回家看亦博
[2026-02-21 23:59:51] 梦醒花落叁生依在: 老爸到了
[2026-02-21 23:59:51] 上船七年没谈过: 似人来了（捏鼻）
[2026-02-21 23:59:51] 万丽娜的小牛角: 私人vs私人
[2026-02-21 23:59:51] Q1ed7f9c85b3bc7571: @device：儿子，你真是个小福星（提前发送）
[2026-02-21 23:59:51] Airuuuu: 怎么两边都有死人
[2026-02-21 23:59:51] 卖鱼强不卖鱼: 最好的一个人
[2026-02-21 23:59:51] 螳飞: 你不也是吗？带一个脱身带一个脱身
[2026-02-21 23:59:52] 友利奈绪我老婆d: 坑人骗钱的沙壁游戏你让我扫，真正能赚钱的比分网你给我挡住，我杀了你
[2026-02-21 23:59:52] 薛茂华真帅啊哈哈哈: 我朋友千早爱音给你送钻石粉丝你咋不谢谢他？
[2026-02-21 23:59:52] LvvsiN: 你为什么要把mαjor禁了，我收藏的一半弹幕全毁了
[2026-02-21 23:59:52] Rcand: 转发这条弹幕，你新年的所有霉运都会转移到叫6657玩机器的人身上。
[2026-02-21 23:59:52] 博丽灵感菇: @device：儿子，你真是个小福星（提前发送）
[2026-02-21 23:59:52] 雪花飛: 马出
[2026-02-21 23:59:52] 血盟骑士团的Asuna本人: 怀念最好的五个人：死 人，基尔，poi💕，大东，老汤
[2026-02-21 23:59:52] 雪菜偷完top偷major: 粉色的烟？
[2026-02-21 23:59:53] 19岁的日子: 鞭我喜欢的选手我肯定要骂啊，老汤被鞭无事发生
[2026-02-21 23:59:53] 刘量啊我的刘量: 两边各一个私人吗?
[2026-02-21 23:59:53] 萨格拉斯好恩人麦迪文: 一位谦虚的选手被人身攻击你不管，一条区被骂两句你知道屏蔽了？
[2026-02-21 23:59:53] Superstitious-: 100大盗里为什么没有窃蛋贼刘亦博？
[2026-02-21 23:59:53] 5cms3360:  @6657的刘亦博本人：玩大哥，这个刘会爆是什么意思？
[2026-02-21 23:59:53] LvvsiN: 别解说了 多聊会天 你不会真的以为能输吧
[2026-02-21 23:59:54] PKURoger: @device：儿子，你真是个小福星（提前发送）
[2026-02-21 23:59:54] 绝食十年攒爱top3飞机: 载物粉丝也太🗡了吧 知道玩大哥不喜欢载大哥还来找存在感 （捏鼻）
[2026-02-21 23:59:54] 弱小无助特别能吃: 五号那个是载物？
[2026-02-21 23:59:54] 血盟骑士团的Asuna本人: 怀念最好的五个人：死 人，基尔，poi💕，大东，老汤
[2026-02-21 23:59:54] 送了3年钻粉没进群: @BB：终于等到玩大哥回防了
[2026-02-21 23:59:55] 余生从此寄沧海: 怎么两边都有死人
[2026-02-21 23:59:55] 风尘786: 怀念最好的五个人
[2026-02-21 23:59:55] 99组的爱城华恋本人: 胖球看到外场的大东裤子湿透了
[2026-02-21 23:59:55] 无情道毕业生: 怎么没有最好的五个人弹幕了？
[2026-02-21 23:59:55] 岛田王师傅: poi
[2026-02-21 23:59:55] 薛茂华真帅啊哈哈哈: 我朋友千早爱音给你送钻石粉丝你咋不谢谢他？
[2026-02-21 23:59:55] 专看玩机器的号: 载物?
[2026-02-21 23:59:55] xiu队长的小莞熊: 怀念最好的五个人
[2026-02-21 23:59:56] OMGlionKing: device：这个时候想起你dad来了
[2026-02-21 23:59:56] JuL1us: 上半场守了8分
[2026-02-21 23:59:56] 想法7hou9ht: 驴友
[2026-02-21 23:59:56] 网友小顺饱饱: 波哈传统强图
[2026-02-21 23:59:56] 七海娜娜米Official: 抓娃娃
[2026-02-21 23:59:56] 海鲜业大虾大虾Niko: 怎么两边都有死人
[2026-02-21 23:59:56] DEN1AL: 怀念最好的五个人
[2026-02-21 23:59:56] 温柔是罪是罪吗: 这么怕爆你干脆开100级发言得了😅
[2026-02-21 23:59:57] 血盟骑士团的Asuna本人: 怀念最好的五个人：死 人，基尔，poi💕，大东，老汤
[2026-02-21 23:59:57] 鹦侨侨侨侨: @device：儿子，你真是个小福星（提前发送）
[2026-02-21 23:59:57] 起一说: 玩机器就像伟伟家的空调外机，每天逮着老爹猛吹，还不时的感慨什么老头这都顶住了
[2026-02-21 23:59:57] 小小小蕉: 驴友倒了
[2026-02-21 23:59:57] 灰飞烟灭丶: 玩大哥你椅子上有蜘蛛
[2026-02-21 23:59:58] LvvsiN: 别解说了 多聊会天 你不会真的以为能输吧
[2026-02-21 23:59:58] 夏空喵: 怎么两边都有死人
[2026-02-21 23:59:58] 薯薯在孩孩洞洞刘农: 死人VS死人
[2026-02-21 23:59:58] 薛茂华真帅啊哈哈哈: 我朋友千早爱音给你送钻石粉丝你咋不谢谢他？
[2026-02-21 23:59:58] 懒懒肩肩奥奥夫夫讷讷: 怀念那个最好的五人组：蛋监，开荣，总特，难翻，死人
[2026-02-21 23:59:58] 我又同意了: 老汤指挥了11分，雨神指挥了四分
[2026-02-21 23:59:58] 千户丿: 怎么一边有一个死人？
[2026-02-21 23:59:59] 丶丶Ken丶丶: 私人vs私人
[2026-02-21 23:59:59] Banggeul: 驴友
[2026-02-21 23:59:59] 徐润楷: ..
[2026-02-21 23:59:59] 龍仔ww: 一把两个私人
[2026-02-22 00:00:00] 湖上风72121: 粉色的烟？
[2026-02-22 00:00:00] LvvsiN: 男人一生只哭十八次：niko十七次梦碎major正赛, niko梦碎里约major RMR＼
[2026-02-22 00:00:00] 卖鱼强不卖鱼: 怀念最好的五个人：死 人，基尔，poi💕，大东，老汤
[2026-02-22 00:00:00] 血盟骑士团的Asuna本人: 怀念最好的五个人：死 人，基尔，poi💕，大东，老汤
[2026-02-22 00:00:00] 是月桦鸭: @device：儿子，你真是个小福星（提前发送）
[2026-02-22 00:00:00] 梦的星: 开双倍开双倍
[2026-02-22 00:00:01] 沙发上的王牌: 玩宝宝怎么一直在不同的人的下面啊😭
[2026-02-22 00:00:01] 硫磺祥: 驴友倒了😩😩😩😩
[2026-02-22 00:00:01] 夏虫语冰云: 私人vs私人
[2026-02-22 00:00:01] 薛茂华真帅啊哈哈哈: 我朋友千早爱音给你送钻石粉丝你咋不谢谢他？
[2026-02-22 00:00:01] 小咭elf: 1
[2026-02-22 00:00:01] 米米世界之神: 怀念最好的五个人
[2026-02-22 00:00:02] 月夜referee: 私人vs私人
[2026-02-22 00:00:02] LvvsiN: 南孚一节更比六节强，也就是一节南孚比六节南孚强，六节南孚比三十六节强，三十六节比二百一十六节强
[2026-02-22 00:00:02] 天残少女王朗: …
[2026-02-22 00:00:02] 硫氦氧丶: 最好的五分之一个人
[2026-02-22 00:00:02] dark1337: 怎么两边都有死人
[2026-02-22 00:00:02] 菜鸟上帝: 为什么你们要叫一个比碗橱瘦这么多的人胖球
[2026-02-22 00:00:02] 方小洲: 对面五楼载物
[2026-02-22 00:00:02] 划算小划: 怎么两边都有死人
[2026-02-22 00:00:03] 杰里科丶: @BB：终于等到玩大哥回防了
[2026-02-22 00:00:03] 子非FFish: 怎么两边都有死人
[2026-02-22 00:00:03] 卡啊卡卡丶: @椰汁糕冬瓜强：被禁言的兄弟来瓜哥直播间这里大家大大方方刷
[2026-02-22 00:00:03] 喵克斯mks: 没游戏声音你放解说干鸡毛
[2026-02-22 00:00:03] 我变扁了: 怀念那个最好的五人组：蛋监 开荣 总特 难翻 死人
[2026-02-22 00:00:03] 楼梯间的烟花: 怀念最好的五个人
[2026-02-22 00:00:04] LvvsiN: 弹幕也就网上说说，现实里谁不觉得樱姐是好女孩（删括号领一条远坂凛同款鸟笼）
[2026-02-22 00:00:04] AfterSh0ck: 瘦棍 私人
[2026-02-22 00:00:04] 新吉翁的奥黛丽本人: 我朋友千早爱音给你送钻石粉丝你咋不谢谢他？
[2026-02-22 00:00:04] 睿睿不在家老陈称大王: 这个SIRA长得怎么跟鼠似的
[2026-02-22 00:00:04] 网友盆栽: 驴友倒了😩😩😩😩
[2026-02-22 00:00:04] Vitality的羽贺文乃本人: 私人vs私人
[2026-02-22 00:00:04] 冬瓜不在家偷偷玩机器: 瘦球
[2026-02-22 00:00:05] JamYo0oung: 私人vs私人
[2026-02-22 00:00:05] 血盟骑士团的Asuna本人: 怀念最好的五个人：死 人，基尔，poi💕，大东，老汤
[2026-02-22 00:00:05] 薛茂华真帅啊哈哈哈: 我朋友千早爱音给你送钻石粉丝你咋不谢谢他？
[2026-02-22 00:00:05] 仲zzzzzzzzzzzzzzzzzzz: ？
[2026-02-22 00:00:06] 八苦大师: 怎么两边都有死人
[2026-02-22 00:00:06] 喵蹄丝: 怎么有两个死人啊
[2026-02-22 00:00:06] LvvsiN: 你屏蔽词都快赶上新华词典了为什么不干脆开一百级发言？
[2026-02-22 00:00:06] 京京孩孩majo冠军: niko是为了不留下mαjor冠军是鞭尸犬的印象才不拿冠军的，载物刚好相反
[2026-02-22 00:00:07] 马弓手玩机器: 如数家珍
[2026-02-22 00:00:07] 薛茂华真帅啊哈哈哈: 我朋友千早爱音给你送钻石粉丝你咋不谢谢他？
[2026-02-22 00:00:07] Moe1e: @device：儿子，你真是个小福星（提前发送）
[2026-02-22 00:00:07] 艺术冰霜: 你们说的私人是老汤还是siren？
[2026-02-22 00:00:08] 亚波拉罕: 骂到自己头上知道屏蔽弹幕了？合着又是🧊负责呗
[2026-02-22 00:00:08] 冰上梅露露: 怎么两边都有死人
[2026-02-22 00:00:08] 申必人士: 怎么两边都有死人
[2026-02-22 00:00:08] KAZUSA149: siren
[2026-02-22 00:00:08] LvvsiN: 你为什么要把mαjor禁了，我收藏的一半弹幕全毁了
[2026-02-22 00:00:08] 新月似当年1: 两个死人啊？
[2026-02-22 00:00:08] 血盟骑士团的Asuna本人: 怀念最好的五个人：死 人，基尔，poi💕，大东，老汤
[2026-02-22 00:00:08] 喜欢素素: 瘦棍 私人
[2026-02-22 00:00:09] 修飞机的保安: 怎么两边都有死人
[2026-02-22 00:00:09] 丿年华不再: 一位谦虚的选手被人身攻击你不管，一条区被骂两句你知道屏蔽了？
[2026-02-22 00:00:09] 从零开始的加拿大肄业: 私人vs私人
[2026-02-22 00:00:09] 鹦侨侨侨侨: @device：儿子，你真是个小福星（提前发送）
[2026-02-22 00:00:09] Tim1cc: 私人vs私人
[2026-02-22 00:00:10] 梅友仁2005: 怎么两边都有死人
[2026-02-22 00:00:10] 执念散了97126:  @椰汁糕冬瓜强：被禁言的兄弟来瓜哥直播间这里大家大大方方刷
[2026-02-22 00:00:10] LvvsiN: 就tm喜欢银行业🥰银行坏账我喜欢🥰银行挤兑我还喜欢😍利率调低我也喜欢🤤老子亲烂银行业的脸😘
[2026-02-22 00:00:10] 玩跳丹jampegg: 啊？这是一个回马鞭，你鞭你的爱慕呢？不是这有什么可编的？？啊？？这不是ZywOo！这是Niko居然
[2026-02-22 00:00:10] 执风挽柔荑: 19／3？？？
[2026-02-22 00:00:10] 我怀疑你是大jjgir: 怀念那个最好的五人组：蛋监 开荣 总特 难翻 死人
[2026-02-22 00:00:10] 北徐: 怎么两边都有死人
[2026-02-22 00:00:10] AmmJet: 两个死人？、
[2026-02-22 00:00:10] 好哥们山上撤也: 这个SIRA长得怎么跟鼠似的
[2026-02-22 00:00:11] 我不是闪烁啊: 私人vs死鼠
[2026-02-22 00:00:11] Tikkkw: @device：这个时候想起你dad来了
[2026-02-22 00:00:11] 薛茂华真帅啊哈哈哈: 我朋友千早爱音给你送钻石粉丝你咋不谢谢他？
[2026-02-22 00:00:11] 我又同意了: 老汤指挥了11局，雨神指挥了四局
[2026-02-22 00:00:11] 如如493: Niko没major（返璞归真）
[2026-02-22 00:00:11] Hakurei-Re1mu: 怀念那个最好的五人组：蛋监 开荣 总特 难翻 死人
[2026-02-22 00:00:12] 曲终人散cccc: 19-3
[2026-02-22 00:00:12] 妳天真我現實: 机器
[2026-02-22 00:00:12] Ceeee丶: 如数家珍
[2026-02-22 00:00:12] 鹿公爷: 私人vs私人
[2026-02-22 00:00:12] 怒之拳: 你们说的私人是老汤还是siren？
[2026-02-22 00:00:13] 京京孩孩majo冠军: niko是为了不留下mαjor冠军是鞭尸犬的印象才不拿冠军的，载物刚好相反
[2026-02-22 00:00:13] 帕金森患者Z: 你们说的私人是老汤还是siren？
[2026-02-22 00:00:13] 小肉包喷香: 怀念最好的五个人：死 人，基尔，poi💕，大东，老汤
[2026-02-22 00:00:13] ByuNNNNN: 最菜驴友
[2026-02-22 00:00:13] 冰镇豆浆Zzzz: 草这人怎么叫poi
[2026-02-22 00:00:16] 那咋办嘛yyyyyy: 很喜欢房管布罗利broli说的话：不骂了不骂了，向冰粉投降，向活馬物投降
[2026-02-22 00:00:16] 虹豆砸: 怎么两边都有死人
[2026-02-22 00:00:16] TMR特猫肉: 怀念最好的两个人：私人，私人
[2026-02-22 00:00:16] 有S冠的JackeyLove本人: 碗橱我的飞机怎么不谢
[2026-02-22 00:00:16] 墓墓碑碑: 私人vs私人
[2026-02-22 00:00:16] 菅原小吉: 这个比赛还叫roman😰
[2026-02-22 00:00:16] SKT的Faker本人: 私人vs私人
[2026-02-22 00:00:16] 小蜜蜂的长期素食本人: 怎么两边都有死人
[2026-02-22 00:00:16] 鹦侨侨侨侨: @device：儿子，你真是个小福星（提前发送）
[2026-02-22 00:00:16] 血盟骑士团的Asuna本人: 怀念最好的五个人：死 人，基尔，poi💕，大东，老汤
[2026-02-22 00:00:16] 图帕雷松: 死人都在场上站着，niko用枪确认死亡有什么错？
[2026-02-22 00:00:16] 高松燈、tomori: 声优业一姐一姐羊羊羊忘词了上不来气gu'gu'ga'ga
[2026-02-22 00:00:16] 薛茂华真帅啊哈哈哈: 我朋友千早爱音给你送钻石粉丝你咋不谢谢他？
[2026-02-22 00:00:16] RabbitRay: A叔
[2026-02-22 00:00:16] 醉悟生死: @BB：终于等到玩大哥回防了
[2026-02-22 00:00:16] 劉膿dewasu: niko是为了不留下mαjor冠军是鞭尸犬的印象才不拿冠军的，载物刚好相反
[2026-02-22 00:00:18] sssllgaibs: 100T真要干回来了
[2026-02-22 00:00:18] 柚子厨0721: 怎么两边都有死人
[2026-02-22 00:00:18] 艺术冰霜: 你们说的私人是老汤还是siren？
[2026-02-22 00:00:18] 太有技术了玩神: 私人兄弟
[2026-02-22 00:00:18] 海参怎么你了: 骂到自己头上知道屏蔽弹幕了？合着又是🧊负责呗
[2026-02-22 00:00:18] zin桀zera: 你屏蔽词都快赶上新华词典了为什么不干脆开一百级发言？
[2026-02-22 00:00:18] 从零开始的加拿大肄业: 你为什么要把mαjor禁了，我收藏的一半弹幕全毁了
[2026-02-22 00:00:18] 薛茂华真帅啊哈哈哈: 我朋友千早爱音给你送钻石粉丝你咋不谢谢他？
[2026-02-22 00:00:18] 猫鼬斩Zz: 怎么两边都有死人
[2026-02-22 00:00:18] 犭火夕卜其斤: s1ran＞s1ren
[2026-02-22 00:00:18] 玩时间机器丶Dmail: 怀念那个最好的五人组：蛋监 开荣 总特 难翻 死人
[2026-02-22 00:00:18] 想法7hou9ht: agil比roman厉害多了
[2026-02-22 00:00:18] 夜深了丶快睡吧: 死人大战死然
[2026-02-22 00:00:18] Airuuuu: 怎么两边都有私人
[2026-02-22 00:00:18] LvvsiN: 你为什么要把mαjor禁了，我收藏的一半弹幕全毁了
[2026-02-22 00:00:19] 萦回Cc: 怀念那个最好的五人组：蛋监 开荣 总特 难翻 死人
[2026-02-22 00:00:19] 浮华殆尽且听忧伤: 死人vs私人
[2026-02-22 00:00:19] PKURoger: 怀念那个最好的五人组：蛋监 开荣 总特 难翻 死人
[2026-02-22 00:00:19] 綾夏Ayana: 玩大哥你椅子上有只🐖
[2026-02-22 00:00:19] 最喜欢妮姆芙: 怀念最好的五个人：（私人）（私人）（私人）（私人）私人（活人）
[2026-02-22 00:00:19] 王者风范892: 私人vs私人
[2026-02-22 00:00:19] 泪水的冷冽: 替身
[2026-02-22 00:00:20] ericzxc: 你们说的私人是老汤还是siren？
[2026-02-22 00:00:20] LvvsiN: 银行业😄银行业😀银行业😃银行业😁银行业😆银行业🤪银行业😝
[2026-02-22 00:00:20] 女武神布伦希尔德: 葡萄牙那个？
[2026-02-22 00:00:20] xOcOg: 目前大东指挥4回合，设备指挥11回合，大东指挥设备送4次，设备指挥大东杀10个
[2026-02-22 00:00:20] Vitality的羽贺文乃本人: 声优业一姐一姐羊羊羊忘词了上不来气gu'gu'ga'ga
[2026-02-22 00:00:21] 薛茂华真帅啊哈哈哈: 我朋友千早爱音给你送钻石粉丝你咋不谢谢他？
[2026-02-22 00:00:21] 我又同意了: 实时播报:老汤指挥了11局，雨神指挥了四局
[2026-02-22 00:00:21] 欧阳娜娜的老公本人: niko是为了不留下mαjor冠军是鞭尸犬的印象才不拿冠军的，载物刚好相反
[2026-02-22 00:00:21] 神奇老爷爷: 抓娃娃
[2026-02-22 00:00:21] 长期素食从不熬夜: 骂到自己头上知道屏蔽弹幕了？合着又是🧊负责呗
[2026-02-22 00:00:21] 永远的克罗娜: 机器，我只希望你能轻松快乐的直播......
[2026-02-22 00:00:21] 素6666: 怎么还有鼠阿
[2026-02-22 00:00:21] 玩大哥舔舔开腥: 怎么两边都有死人
[2026-02-22 00:00:21] HXCHYH: 老汤指挥了11局，雨神指挥了四局
[2026-02-22 00:00:22] 天魔外道y: 私人vs死鼠
[2026-02-22 00:00:22] 巅峰A队魔男: device：儿子，换台，是爹地😎
[2026-02-22 00:00:22] 玩机器的小飞棍: 私人兄弟
[2026-02-22 00:00:22] 灰飞烟灭丶: 死人都在场上站着，niko用枪确认死亡有什么错？
[2026-02-22 00:00:22] 海载嘴映: 怎么两边都有私人
[2026-02-22 00:00:22] LvvsiN: 孩子们快跑，马修赫伯特来了😨卧槽你的怎么是马枪和BOT
[2026-02-22 00:00:22] qzusejd: 怀念最好的五个人
[2026-02-22 00:00:23] Rcand: 怀念那个最好的五人组：蛋监 开荣 总特 难翻 死人
[2026-02-22 00:00:23] 马弓手玩机器: 怀念那个最好的五人组：蛋监 开荣 总特 难翻 死人
[2026-02-22 00:00:23] 殇10876: 怀念最好的五个人：死 人，基尔，poi💕，大东，老汤
[2026-02-22 00:00:23] 薛茂华真帅啊哈哈哈: 我朋友千早爱音给你送钻石粉丝你咋不谢谢他？
[2026-02-22 00:00:23] 用户7123010964: 怎么两边都有死人
[2026-02-22 00:00:24] 帕金森患者Z: 怀念那个最好的五人组：蛋监 开荣 总特 难翻 死人
[2026-02-22 00:00:26] 用户0991380310: 怀念最好的两个人：私人，私人
[2026-02-22 00:00:26] 玩大人的cc子: 我朋友千早爱音给你送钻石粉丝你咋不谢谢他？desuwa
[2026-02-22 00:00:26] 刘刘的农: 骂到自己头上知道屏蔽弹幕了？合着又是🧊负责呗
[2026-02-22 00:00:26] 文西67: 怎么两边都有死人
[2026-02-22 00:00:26] 螳飞: 怀念那个最好的五人组：蛋监 开荣 总特 难翻 死人
[2026-02-22 00:00:26] 天魔外道y: 私人vs死鼠
[2026-02-22 00:00:26] RocketTheRaccoon: 你为什么要把mαjor禁了，我收藏的一半弹幕全毁了
[2026-02-22 00:00:26] 深巷里的少年与猫丿: 抓娃娃
[2026-02-22 00:00:26] 带带猪猪人: 怀念那个最好的五人组：蛋监 开荣 总特 难翻 死人
[2026-02-22 00:00:26] 你真好看XD: 很喜欢房管布罗利broli说的话：不骂了不骂了，向冰粉投降，向活馬物投降
[2026-02-22 00:00:26] Kis4ki: 你屏蔽词都快赶上新华词典了为什么不干脆开一百级发言？
[2026-02-22 00:00:26] 风追XD: 私人vs私人
[2026-02-22 00:00:26] 血盟骑士团的Asuna本人: @100T_official：poi🤗poi😆poi😋poi💕poi😊poi😗
[2026-02-22 00:00:26] 老苦瓜贝多芬: 这个比赛还叫roman😰
[2026-02-22 00:00:26] 夏亚阿兹纳布耳: 死人都在场上站着，niko用枪确认死亡有什么错？
[2026-02-22 00:00:26] 薛茂华真帅啊哈哈哈: 我朋友千早爱音给你送钻石粉丝你咋不谢谢他？
[2026-02-22 00:00:26] 普通网友小沈: 很喜欢房管布罗利broli说的话：不骂了不骂了，向冰粉投降，向活馬物投降
[2026-02-22 00:00:29] 我又同意了: 实时播报:老汤指挥了11局，雨神指挥了四局
[2026-02-22 00:00:30] 犭火夕卜其斤: s1rAn＞s1ren
[2026-02-22 00:00:30] 高松燈、tomori: 抓娃娃
[2026-02-22 00:00:30] 梦的星: 抓娃娃
[2026-02-22 00:00:30] 天魔外道y: 私人vs死鼠
[2026-02-22 00:00:30] yinyao1231: 目前大东指挥4回合，设备指挥11回合，大东指挥设备送4次，设备指挥大东杀10个
[2026-02-22 00:00:30] 帕金森患者Z: 怎么两边都有私人
[2026-02-22 00:00:30] 虚心坦懐: 怀念那个最好的五人组：蛋监 开荣 总特 难翻 死人
[2026-02-22 00:00:30] 薛茂华真帅啊哈哈哈: 我朋友千早爱音给你送钻石粉丝你咋不谢谢他？
[2026-02-22 00:00:30] LvvsiN: 额，拿亚军我都会，拿亚军，拿季军，拿四强，拿八强，拿十六强，呃拿冠军我不会，然后小组赛淘汰
[2026-02-22 00:00:30] 图帕雷松: 死人都在场上站着，niko用枪确认死亡有什么错？
[2026-02-22 00:00:30] N1Ko28: 这BB也算是烂完了
[2026-02-22 00:00:30] Q1ed7f9c85b3bc7571: 玩大哥你椅子上有只🐖
[2026-02-22 00:00:30] 大瑄子最帅52000: 🦐🦐🦐🦐🦐🦐🦐🦐🦐🦐🦐🦐🦐🦐🦐🦐🦐🦐
[2026-02-22 00:00:30] 永远的克罗娜: 机器，我只希望你能轻松快乐的直播......
[2026-02-22 00:00:30] 木空空空空空: 目前大东指挥4回合，设备指挥11回合，大东指挥设备送4次，设备指挥大东杀10个
[2026-02-22 00:00:30] 熊本小孩井芹仁菜本人: 老汤指挥了11局，雨神指挥了四局
[2026-02-22 00:00:30] 蓝染惣右介666: 五分之一最好的五个人
[2026-02-22 00:00:30] BleksiA: 怀念那个最好的五人组：蛋监 开荣 总特 难翻 死人
[2026-02-22 00:00:30] 天魔外道y: 私人vs死鼠
[2026-02-22 00:00:30] 犭火夕卜其斤: s1ran＞s1ren
[2026-02-22 00:00:30] 玉米卧槽: 机器，我只希望你能轻松快乐的直播......
[2026-02-22 00:00:31] 殇10876: 怀念那个最好的五人组：蛋监 开荣 总特 难翻 死人
[2026-02-22 00:00:31] 用户5608006019: 私人vs私人
[2026-02-22 00:00:31] 无情道毕业生: 来一点最好的五个人弹幕，但间开容死人
[2026-02-22 00:00:31] 玩玩的丸丸软又弹: 私人vs死鼠
[2026-02-22 00:00:32] 沙发上的王牌: 玩宝宝怎么一直在不同的人下面啊😭
[2026-02-22 00:00:32] 血盟骑士团的Asuna本人: @100T_official：poi🤗poi😆poi😋poi💕poi😊poi😗
[2026-02-22 00:00:32] Kli0s: 怎么两边都有死人啊
[2026-02-22 00:00:32] 小城的城哦: 死人难翻
[2026-02-22 00:00:32] LvvsiN: 屏幕中间弹幕这么狂？站那不走了还剧透分，你当你是主办方？？
[2026-02-22 00:00:33] OMGlionKing: 原来玩大哥认这么多dad是这样用的啊 牛福
[2026-02-22 00:00:33] uzi家的喷水龙: 别带留学肆业，但是是加拿大中国通的节奏啊
[2026-02-22 00:00:34] 丨快乐是免费的: 啊？
[2026-02-22 00:00:34] 天魔外道y: 私人vs死鼠
[2026-02-22 00:00:34] C4LLM3L1UN0NG: 额，拿亚军我都会，拿亚军，拿季军，拿四强，拿八强，拿十六强，呃拿冠军我不会，然后小组赛淘汰
[2026-02-22 00:00:34] lonhkfd: 怎么两边都有私人
[2026-02-22 00:00:34] 曲终人散cccc: AG1L有点像k3
[2026-02-22 00:00:34] LvvsiN: 银行业😄银行业😀银行业😃银行业😁银行业😆银行业🤪银行业😝
[2026-02-22 00:00:35] 凌敐諾: PGL四强 100T
[2026-02-22 00:00:35] 我又同意了: 实时播报:老汤指挥了11局，雨神指挥了4局
[2026-02-22 00:00:36] LEtrngr: 。。。
[2026-02-22 00:00:36] Cloud9的咬人猫本人: 一位谦虚的选手被人身攻击你不管，一条区被骂两句你知道屏蔽了？
[2026-02-22 00:00:36] Sigma达达: 20-3
[2026-02-22 00:00:36] 天魔外道y: 私人vs死鼠
[2026-02-22 00:00:36] 羽化尘i: 6号是鼠4吗
[2026-02-22 00:00:37] 杰里科丶: 考
[2026-02-22 00:00:37] LvvsiN: 银行业😄银行业😀银行业😃银行业😁银行业😆银行业🤪银行业😝
[2026-02-22 00:00:37] 海参怎么你了: 很喜欢房管布罗利broli说的话：不骂了不骂了，向冰粉投降，向活馬物投降
[2026-02-22 00:00:37] Abc丶Ss: 抓娃娃
[2026-02-22 00:00:37] i化石-: 私人vs死鼠
[2026-02-22 00:00:37] 血盟骑士团的Asuna本人: @100T_official：poi🤗poi😆poi😋poi💕poi😊poi😗
[2026-02-22 00:00:37] Moe1e: 抓娃娃
[2026-02-22 00:00:37] JamYo0oung: 牛逼
[2026-02-22 00:00:37] 用户31680093: 考
[2026-02-22 00:00:37] 博丽灵感菇: 20-3
[2026-02-22 00:00:38] 永远的克罗娜: 机器，我只希望你能轻松快乐的直播......
[2026-02-22 00:00:38] 玩指挥丶NiKo: 我朋友千早爱音给你送钻石粉丝你咋不谢谢他？
[2026-02-22 00:00:38] 玩跳丹jampegg: 　　　 一位谦虚的选手被人身攻击你不管，一条区被骂两句你知道屏蔽了？
[2026-02-22 00:00:38] NiP的Dev1Ce本人: 实时播报:老汤指挥了11局，雨神指挥了4局
[2026-02-22 00:00:38] MDS挽风: 怎么两边都有私人
[2026-02-22 00:00:38] 冰镇豆浆Zzzz: 服务器里有2个死人
[2026-02-22 00:00:39] 大梦464: 别带留学肆业，但是是加拿大中国通的节奏啊
[2026-02-22 00:00:39] 綾夏Ayana: 玩大哥你椅子上有只🐖
[2026-02-22 00:00:39] 圣诞节二人组: 抓替身争夺战
[2026-02-22 00:00:39] 驴友到此一游: 孝
[2026-02-22 00:00:40] 素质三连666: 怀念最好的五个人：活人 活人 活人 活人 私人
[2026-02-22 00:00:40] fudounai: 111
[2026-02-22 00:00:40] 错哥我们监了: 怎么两边都有私人
[2026-02-22 00:00:40] SekaiKamiki: 私人vs死鼠
[2026-02-22 00:00:40] 划算小划: 私人vs死鼠
[2026-02-22 00:00:40] 最喜欢清光: 20-3
[2026-02-22 00:00:40] 丶丶Ken丶丶: 私人vs死鼠
[2026-02-22 00:00:41] 用户8856581433: 原来玩大哥认这么多dad是这样用的啊 牛福
[2026-02-22 00:00:41] LvvsiN: 你这音画不同步太难受了，我都听到NIKO里约RMR晋级的欢呼了
[2026-02-22 00:00:41] 小蜜蜂的长期素食本人: 私人vs死鼠
[2026-02-22 00:00:41] RedDragon0293: 玩大哥你椅子上有只🐖
[2026-02-22 00:00:41] 命途kkk: 图一干嘛去了
[2026-02-22 00:00:41] 艺术冰霜: 你们说的私人是老汤还是siren？
[2026-02-22 00:00:41] 渣某男one: 🎦当前房间为轮播内容，同样精彩哦～
[2026-02-22 00:00:42] SMinimalism: 鼠光
[2026-02-22 00:00:42] 后悔信她屎是甜的: 私人vs死鼠
[2026-02-22 00:00:42] 扣1复活体育生: 王朝了
[2026-02-22 00:00:42] chordclef: 私人vs死鼠
[2026-02-22 00:00:42] 监狱的二阶堂sh1ro本人: 私人
[2026-02-22 00:00:42] 水人波糕猛犸颠勺: 原来玩大哥认这么多dad是这样用的啊 牛福
[2026-02-22 00:00:43] 冷哥给我咬: 还有油啊
[2026-02-22 00:00:43] 天魔外道y: 私人vs死鼠
[2026-02-22 00:00:43] LvvsiN: 弹幕也就网上说说，现实里谁不觉得樱姐是好女孩（删括号领一条远坂凛同款鸟笼）
[2026-02-22 00:00:43] myGo的anon: 考
[2026-02-22 00:00:43] 不羁の黄毛: 图333333
[2026-02-22 00:00:43] gggaligeigei: 原来玩大哥认这么多dad是这样用的啊 牛福
[2026-02-22 00:00:43] 子瓜6666: 实时播报:老汤指挥了11局，雨神指挥了4局
[2026-02-22 00:00:44] 硕official本人: 语气对了
[2026-02-22 00:00:44] 血盟骑士团的Asuna本人: @100T_official：poi🤗poi😆poi😋poi💕poi😊poi😗
[2026-02-22 00:00:44] 法则的Twistzz本人: 眼罩？
[2026-02-22 00:00:44] 若叶睦吃苦瓜: 私人vs死鼠
[2026-02-22 00:00:44] 玩机父丶Dev1ce: 鼠圣
[2026-02-22 00:00:45] 好运7611: 考死了
[2026-02-22 00:00:45] 钢铁直肠: 抓娃娃
[2026-02-22 00:00:45] TheMongolZ的上单本人: 别带留学肆业，但是是加拿大中国通的节奏啊
[2026-02-22 00:00:45] LvvsiN: 额，拿亚军我都会，拿亚军，拿季军，拿四强，拿八强，拿十六强，呃拿冠军我不会，然后小组赛淘汰
[2026-02-22 00:00:45] OMGlionKing: 原来玩大哥认这么多dad是这样用的啊 牛福
[2026-02-22 00:00:45] 玖悠鸭: 队友带飞
[2026-02-22 00:00:45] 洗內: 怀念最好的五个人：私人、阿吉、夕立、老汤、大东
[2026-02-22 00:00:45] WS的草薙宁宁本人: 战术目镜
[2026-02-22 00:00:45] 天魔外道y: 私人vs死鼠
[2026-02-22 00:00:45] Nightmare2517: 艺术冰霜在这里发财啊
[2026-02-22 00:00:45] 可可爱爱爱弥斯: 怀念最好的五个人：活人 活人 活人 活人 私人
[2026-02-22 00:00:45] 萝伯丝比尔: 私人vs死鼠
[2026-02-22 00:00:46] 天马行空梦一场: 银行业一样一样有有有也会有h'y'hui't'y'r's'c'dn
[2026-02-22 00:00:46] 请为我的战队投票: 私人vs死鼠
[2026-02-22 00:00:46] G2的device本人: 怎么两边都有私人
[2026-02-22 00:00:46] Hairk0627: 混
[2026-02-22 00:00:46] 玩弓箭、Arrow: 感觉胖球永远干不回来了啊
[2026-02-22 00:00:46] 梅雨54320: 怎么两边都有私人
[2026-02-22 00:00:46] 爱音乐的小橘子: 100t是专门收留下岗工人的吗
[2026-02-22 00:00:47] 素6666: 狂鼠
[2026-02-22 00:00:47] xOcOg: 目前大东指挥4回合，设备指挥11回合，大东指挥设备送4次，设备指挥大东杀10个
[2026-02-22 00:00:47] 穿甲狗: 护工
[2026-02-22 00:00:47] 一位不知名的粤Y水友: 老汤的作用是？
[2026-02-22 00:00:47] 宇莓: 冷知识：device也被鞭过，这头猪也是说的是友好互动😅😅😅
[2026-02-22 00:00:47] 想吃丰川祥子的狱卒: 别带留学肆业，但是是加拿大中国通的节奏啊
[2026-02-22 00:00:47] 天魔外道y: 私人vs死鼠
[2026-02-22 00:00:48] Ha1baraAi丶: 这是什么造型？
[2026-02-22 00:00:48] 睡还是: 感觉不需要device啊
[2026-02-22 00:00:48] ayugd: 私人vs死鼠
[2026-02-22 00:00:49] 小马利亚暮光闪闪本人: 考死了
[2026-02-22 00:00:49] 祭璃风ouo: 20-3
[2026-02-22 00:00:49] 发呆小王子233: 语气对了
[2026-02-22 00:00:49] k4k4R0B1N: 0.0
[2026-02-22 00:00:49] 积极博弈GGB: 原来艺术冰霜是秃子啊
[2026-02-22 00:00:49] s坑华: 私人vs死鼠
[2026-02-22 00:00:49] Jellery无终: 这啥脑机接口？
[2026-02-22 00:00:50] papacarrot: 这德德子也太菜了吧
[2026-02-22 00:00:50] 鸭硕的哈撒给: 原来玩大哥认这么多dad是这样用的啊 牛福
[2026-02-22 00:00:50] 感觉不如海参: 两个躺赢狗
[2026-02-22 00:00:50] 路过的小脑斧: 战术目镜
[2026-02-22 00:00:50] 老苦瓜贝多芬: 实时播报:老汤指挥了11局，雨神指挥了4局
[2026-02-22 00:00:50] Error404UMP45: 玩大哥你椅子上有只🐖
[2026-02-22 00:00:51] Naive_Bayes: 盲僧
[2026-02-22 00:00:51] suo不粗话: 带躺了
[2026-02-22 00:00:51] M00nDown: 看似bb啥了你
[2026-02-22 00:00:51] 小小小蕉: 突然大声
[2026-02-22 00:00:51] Rotten奇遇记: 机器，我只希望你能轻松快乐的双标......
[2026-02-22 00:00:51] 雪花飛: 寻人启事：设备
[2026-02-22 00:00:51] 嘿丶咻咻咻: 死人之间亦有差距
[2026-02-22 00:00:51] 人活着就是为了玩乐队: 私人vs死鼠
[2026-02-22 00:00:51] 夏空喵: 语气对了
[2026-02-22 00:00:51] ccxrgt: 艺术冰霜秃头啊
[2026-02-22 00:00:52] Coalgebra: 20-3
[2026-02-22 00:00:52] 老奇崔恩: 躺
[2026-02-22 00:00:52] 是凩不是风: 皮蛋
[2026-02-22 00:00:52] 用户5608006019: 私人vs死鼠
[2026-02-22 00:00:52] 翟先生zxq: 感觉比解说pgl激情啊
[2026-02-22 00:00:52] lskyra:  @想吃丰川祥子的狱卒：别带留学肆业，但是是加拿大中国通的节奏啊
[2026-02-22 00:00:53] 野猪家猪: 这艺术冰霜带的什么？
[2026-02-22 00:00:53] 莫塔里家的珂莱塔本人: 这戴的是个啥眼镜
[2026-02-22 00:00:53] 与沫与婷: 鼠怎么还缠着老汤啊。。。
[2026-02-22 00:00:53] 蓝原延渚: 不是老爸？
[2026-02-22 00:00:53] LvvsiN: 南孚一节更比六节强，也就是一节南孚比六节南孚强，六节南孚比三十六节强，三十六节比二百一十六节强
[2026-02-22 00:00:53] 宫监手: 这是什么造型？
[2026-02-22 00:00:53] 好哥们张顺飞: 别带留学肆业，但是是加拿大中国通的节奏啊
[2026-02-22 00:00:54] 劉膿dewasu: 原来玩大哥认这么多dad是这样用的啊 牛福
[2026-02-22 00:00:54] 圣诞节二人组: 100t是专门收留下岗工人的吗
[2026-02-22 00:00:54] 小肉包喷香: 艺术冰霜脱发这么严重啊
[2026-02-22 00:00:54] Peko-: 实时播报:老汤指挥了11局，雨神指挥了4局
[2026-02-22 00:00:54] 队内潜在明星哥: 怎么两边都有私人
[2026-02-22 00:00:55] 菅原小吉: 艺术冰霜怎么秃了
[2026-02-22 00:00:55] 我没P眼123: 20-3
[2026-02-22 00:00:55] ArZhe阿哲: 戴眼罩玩游戏这么装比？
[2026-02-22 00:00:55] 没有真名233: 原来玩大哥认这么多dad是这样用的啊 牛福
[2026-02-22 00:00:56] 城崎诺亚: 他为什么蒙着眼睛玩
[2026-02-22 00:00:56] 月夜referee: 私人vs死鼠
[2026-02-22 00:00:56] Vitality的Eminem本人: 黑暗中的鼠光
[2026-02-22 00:00:56] 甘织玲奈子本人: 机器，我只希望你能轻松快乐的双标......
[2026-02-22 00:00:56] Anizo: 这艺术冰霜带的什么？
[2026-02-22 00:00:56] 办卡bully瘤坤: 盲僧?
[2026-02-22 00:00:56] 喵蹄丝: 30-3
[2026-02-22 00:00:56] 用户5388411043: 额，拿亚军我都会，拿亚军，拿季军，拿四强，拿八强，拿十六强，呃拿冠军我不会，然后小
[2026-02-22 00:00:57] 来自欧派星球: 两个躺赢狗
[2026-02-22 00:00:57] CE750: 五条悟
[2026-02-22 00:00:57] 宗宗洞洞major冠军: 看似bb啥了你
[2026-02-22 00:00:57] chordclef: 眼睛呢
[2026-02-22 00:00:57] 森电最好的双子星: 私人vs死鼠
[2026-02-22 00:00:57] LvvsiN: 孩子们快跑，马修赫伯特来了😨卧槽你的怎么是马枪和BOT
[2026-02-22 00:00:57] 你敢看死蜜蜂就杀了你: 20-3
[2026-02-22 00:00:58] 亲亲小鱼耳: 怎么两边都有私人
[2026-02-22 00:00:58] Cccc航: 抓娃娃
[2026-02-22 00:00:59] DY牛师傅: 20-3
[2026-02-22 00:00:59] 紧握马老师的大雕雕: 老兵不死，只是逐渐凋零
[2026-02-22 00:00:59] 香港分社记者: 老爸的kd也是11~R
[2026-02-22 00:00:59] 芝士每天都很困: 20-3
[2026-02-22 00:00:59] 傅红雪ril: 怎么还有盲人
[2026-02-22 00:00:59] 想法7hou9ht: 秃头冰霜
[2026-02-22 00:00:59] y叶上初阳h: 这艺术冰霜带的什么？
[2026-02-22 00:00:59] Art3miss: assert（s1ran 〉 s1ren)
[2026-02-22 00:00:59] 玩跳丹jampegg: 原来玩大哥认这么多dad是这样用的啊 牛福
[2026-02-22 00:00:59] 大藏游星之jame粉丝: 艺术冰霜这啥装扮
[2026-02-22 00:01:00] 宇宙不二心: 我觉得玩神没错，有错的是这个世界～西内！
[2026-02-22 00:01:00] 马楼King张三: 买对了
[2026-02-22 00:01:00] 永远的克罗娜: 机器，我只希望你能轻松快乐的直播......
[2026-02-22 00:01:00] 网瘾少年诺里斯: 黑暗中的鼠光
[2026-02-22 00:01:00] 空气力学的先驱: 这才是这个阵容应该的样子
[2026-02-22 00:01:00] 还有时间日落之前: 小鼠
[2026-02-22 00:01:00] 火星情报员工: @老苦瓜贝多芬：实时播报:老汤指挥了11局，雨神指挥了4局
[2026-02-22 00:01:00] 晚睡夜ovo: 额，拿亚军我都会，拿亚军，拿季军，拿四强，拿八强，拿十六强，呃拿冠军我不会，然后小组赛淘汰
[2026-02-22 00:01:01] 小众宝藏玩小将: 他为什么蒙着眼睛玩
[2026-02-22 00:01:01] 传奇贝斯手长崎素世: 鼠怎么还缠着老汤啊。。。
[2026-02-22 00:01:01] 玩魔丸丶猛锤: 这么厉害100t
[2026-02-22 00:01:01] 玩父dev1ce本人: 戴眼罩玩游戏这么装比？
[2026-02-22 00:01:01] GanadoLluviA: 这人玩cs不用看屏幕啊
[2026-02-22 00:01:01] 尼尼Hihide没有major冠军: 抓娃娃
[2026-02-22 00:01:01] Pluto571526: 盲僧
[2026-02-22 00:01:01] 铃木佳奈助: 怎么还有戴眼罩的
[2026-02-22 00:01:01] 好姐妹冰川姐妹: 原来玩大哥认这么多dad是这样用的啊 牛福
[2026-02-22 00:01:02] LOVEYUKINO: 看似bb啥了你
[2026-02-22 00:01:02] 我知道的一点也不多: 驴友可惜了
[2026-02-22 00:01:02] 好姐妹若叶睦丶: 这人为什么戴眼罩比赛
[2026-02-22 00:01:02] 哇啦哇啦族长: 原来玩大哥认这么多dad是这样用的啊 牛福
[2026-02-22 00:01:02] 水下放电11: 这人戴眼罩玩的？
[2026-02-22 00:01:03] 不万能文学青年: 玩机器，我把千早爱音送你吧，这样你就能一下子收6架飞机了
[2026-02-22 00:01:03] 大虾徐lo: 艺术闭着眼玩啊
[2026-02-22 00:01:03] StaryBirds: 怎么还有盲人
[2026-02-22 00:01:03] 玩机器的P站账号: 感觉是你父亲的父亲啊
[2026-02-22 00:01:03] Kylian云: 戴眼罩玩游戏这么装比？
[2026-02-22 00:01:03] 薛茂华真帅啊哈哈哈: 我朋友千早爱音给你送钻石粉丝你咋不谢谢他？
[2026-02-22 00:01:03] 沐木丶丶丶丶: 魔王护
[2026-02-22 00:01:04] BodyDog绿龙zont1x本人: 这人戴的啥
[2026-02-22 00:01:04] 星空丶梦华: 这艺术冰霜带的什么？
[2026-02-22 00:01:04] 终末地干员陈千语: 他为什么蒙着眼睛玩
[2026-02-22 00:01:04] 当你从我身边慢慢走过: 叫什么，不知道以为赢了呢，还是要图三闹麻了
[2026-02-22 00:01:04] CN传奇指挥advent: 他为什么蒙着眼睛玩
[2026-02-22 00:01:04] 月夜referee: 戴眼罩玩游戏这么装比？
[2026-02-22 00:01:05] Rainwedell: 年轻人们，排除poiii
[2026-02-22 00:01:05] dark1337: 20-3
[2026-02-22 00:01:05] 约约艾艾武道大会冠军: 他为什么蒙着眼睛玩
[2026-02-22 00:01:05] 千百度897: 他为什么蒙着眼睛玩
[2026-02-22 00:01:05] Pg135675: 感觉比解说pgl激情啊
[2026-02-22 00:01:05] 如如493: 艺术寒王是哪个寒王
[2026-02-22 00:01:05] 平家boyBackhere: 盲僧
[2026-02-22 00:01:05] 薛茂华真帅啊哈哈哈: 我朋友千早爱音给你送钻石粉丝你咋不谢谢他？
[2026-02-22 00:01:06] 熊本小孩井芹仁菜本人: 戴眼罩玩游戏这么装比？
[2026-02-22 00:01:06] 喜欢民谣的鸽子: 那为什么图一输了
[2026-02-22 00:01:06] yosoro296: 抓娃娃查看活动〉
[2026-02-22 00:01:06] 白草蛇蛇花: 戴眼罩玩游戏这么装比？
[2026-02-22 00:01:06] 树小青959: 他为什么蒙着眼睛玩
[2026-02-22 00:01:06] 海参怎么你了: 机器，我只希望你能轻松快乐的双标......
[2026-02-22 00:01:07] 姚粒绒: 他为什么蒙着眼睛玩
[2026-02-22 00:01:07] suicho: 戴眼罩玩游戏这么装比？
[2026-02-22 00:01:07] 香港分社记者: 老爸的比分也是11-4
[2026-02-22 00:01:07] 超级男女男的大象: 他为什么蒙着眼睛玩
[2026-02-22 00:01:07] 星海羽弦: @嘉然今天吃什么：siran是什么意思
[2026-02-22 00:01:07] kalaokl: 潘宏♥玩狗
[2026-02-22 00:01:07] LvvsiN: 其实碗橱就是猪灵，你不拿黄金丢他他就不跟你说话
[2026-02-22 00:01:08] myGo的anon: 艺术冰霜什么造型？
[2026-02-22 00:01:08] 宫夫邪神: 这艺术冰霜带的什么？
[2026-02-22 00:01:08] Killajoy: 艺术冰霜也太秃了
[2026-02-22 00:01:08] chukap: 眼罩？
[2026-02-22 00:01:08] 棍老师047: 我将以高达形态出击
[2026-02-22 00:01:09] Goodnite: 艺术冰霜戴的啥
[2026-02-22 00:01:09] 小坦克QvQ: 对面也有major冠军
[2026-02-22 00:01:09] 走走道儿疯了: 汤汤雨雨
[2026-02-22 00:01:09] xyxxyzbbdzq: 感觉是你父亲的父亲啊
[2026-02-22 00:01:09] HX丶MOON: 这么路边的比赛你解说的这么激情 上把那么激情的比赛你却摆烂
[2026-02-22 00:01:10] S闪Aw: 他为什么蒙着眼睛玩
[2026-02-22 00:01:10] 荒芜之气: 抓娃娃
[2026-02-22 00:01:10] 海载嘴映: 五条悟来了
[2026-02-22 00:01:10] 玩機噐丶Machine: 闭着眼玩还有四分 nb
[2026-02-22 00:01:10] 玩机器快快乐乐: 戴眼罩玩游戏这么装比？
[2026-02-22 00:01:10] ccxrgt: 艺术秃头
[2026-02-22 00:01:10] 枕边有个二次元: 卫生巾
[2026-02-22 00:01:10] 山本之仙人: 戴眼罩玩游戏这么装比？
[2026-02-22 00:01:11] Valorddd: 战术目镜
[2026-02-22 00:01:11] 小小小蕉: 他为什么蒙着眼睛玩
[2026-02-22 00:01:12] 红烧玩机器: 戴眼罩玩游戏这么装比？
[2026-02-22 00:01:12] 真是惨: 铁木真赛，收放自如一下
[2026-02-22 00:01:12] 东云瑞希: 戴眼罩玩游戏这么装比？
[2026-02-22 00:01:12] 划算小划: 艺术冰霜神了 蒙眼玩游戏
[2026-02-22 00:01:12] 长期素食导致来喽: 他们戴着眼罩
[2026-02-22 00:01:13] YEk406: 他为什么蒙着眼睛玩
[2026-02-22 00:01:13] 万能的鸵鸟: 戴眼罩玩游戏这么装比？
[2026-02-22 00:01:13] 坝瘫虎出动目标铲车人: 怎么还有x战警
[2026-02-22 00:01:13] OMGlionKing: 原来玩大哥认这么多dad是这样用的啊 牛福
[2026-02-22 00:01:13] 森林与雁: 我将以高达形态出击
[2026-02-22 00:01:13] 劉膿dewasu: 原来玩大哥认这么多dad是这样用的啊 牛福
[2026-02-22 00:01:13] 我知道的一点也不多: 艺术寒王是哪个寒王
[2026-02-22 00:01:13] 葬舞群花泪: 艺术➕老fo这是哪位
[2026-02-22 00:01:13] 烈酒作伴000: 怎么有娘们啊
[2026-02-22 00:01:14] 审查账号: 那是VR
[2026-02-22 00:01:14] ErentZyw: 这艺术冰霜头上戴的什么玩意儿
[2026-02-22 00:01:14] 残念aw: 戴眼罩玩游戏这么装比？
[2026-02-22 00:01:14] GrumbleS: 盲人Cs？
[2026-02-22 00:01:14] 述二ER: 这个双标ui什么意思
[2026-02-22 00:01:14] 半个盛唐c: 戴眼罩玩游戏这么装比？
[2026-02-22 00:01:14] 玩弓箭、Arrow: 艺术冰霜要变成taco了吗
[2026-02-22 00:01:14] 跳舞的梵谷yo: 怎么有盲僧啊
[2026-02-22 00:01:15] 夯昆23333: 他为什么蒙着眼睛玩
[2026-02-22 00:01:15] 宫夫邪神: 戴眼罩玩游戏这么装比？
[2026-02-22 00:01:15] 万丽娜的小牛角: 怎么还有盲人
[2026-02-22 00:01:15] 1039210: 这个叫agil的就是100t养老院的护工吧
[2026-02-22 00:01:15] 巅峰A队的一员Xyp9x: 两个b和100个套谁能赢就不用多说了吧
[2026-02-22 00:01:15] 网友苏顺鱼: @嘉然今天吃什么：siran是什么意思
[2026-02-22 00:01:15] 夏空喵: 这怎么还有带战术目镜的
[2026-02-22 00:01:15] 殇10876: 闭着眼睛玩，这么瞧不起？
[2026-02-22 00:01:16] yinyao1231: 戴眼罩玩游戏这么装比？
[2026-02-22 00:01:16] vvxiii: 他为什么蒙着眼睛玩
[2026-02-22 00:01:16] 忻州B往事: 戴眼罩玩游戏这么装比？
[2026-02-22 00:01:16] 爱道冠: 戴眼罩玩游戏这么装比？
[2026-02-22 00:01:16] 蓝原延渚: 他为什么蒙着眼睛玩
[2026-02-22 00:01:17] 瓜辣瓜: 鼠弟看着真还可以啊
[2026-02-22 00:01:17] 我不是闪烁啊: 戴眼罩玩游戏这么装比？
[2026-02-22 00:01:17] 雪之下雪乃是天: 戴眼罩玩游戏这么装比？
[2026-02-22 00:01:17] Kis4ki: 五条悟来了
[2026-02-22 00:01:18] 再也不熬夜了喵: 戴眼罩玩游戏这么装比？
[2026-02-22 00:01:18] 玩指挥丶NiKo: 有人叫私人就算了，怎么还有人叫死啦的
[2026-02-22 00:01:18] SKT的Faker本人: 他为什么蒙着眼睛玩
[2026-02-22 00:01:18] cwy人品真的不行: 闭着眼玩还有四分 nb
[2026-02-22 00:01:18] 办卡bully瘤坤: 盲僧说是
[2026-02-22 00:01:18] 洞斯特kk: 戴眼罩玩游戏这么装比？
[2026-02-22 00:01:18] 大家要幸福呀: 戴眼罩玩游戏这么装比？
[2026-02-22 00:01:18] 好兄弟晓山瑞希: 艾志恒？
[2026-02-22 00:01:18] vvxiii: 他为什么蒙着眼睛玩
[2026-02-22 00:01:18] LuIuSweety: 戴眼罩玩游戏这么装比？
[2026-02-22 00:01:18] 鼓鼓鼓捣叨叨: @twistzz：听说弹幕有人说我死了😠😠😠
[2026-02-22 00:01:19] 梦的星: 我将启动高达形态
[2026-02-22 00:01:19] 谁决定谁的未来: 戴眼罩玩游戏这么装比？
[2026-02-22 00:01:19] 丶丶Ken丶丶: 戴眼罩玩游戏这么装比？
[2026-02-22 00:01:19] 柑橘树的柑橘树本人: 怎么有个戴眼罩的？
[2026-02-22 00:01:20] 银睿憨: 戴眼罩玩游戏这么装比？
[2026-02-22 00:01:20] LvvsiN: 别解说了 多聊会天 你不会真的以为能输吧
[2026-02-22 00:01:20] 海绵宝宝雾雨儿: 艺术冰霜（地中海）
[2026-02-22 00:01:20] K-ON的秋山澪本人: 戴眼罩玩游戏这么装比？
[2026-02-22 00:01:20] 孤岛寒霜: 666
[2026-02-22 00:01:20] xyxxyzbbdzq: 戴眼罩玩游戏这么装比？
[2026-02-22 00:01:20] 大善心: 这人蒙着眼睛玩这么狂
[2026-02-22 00:01:21] aruiketto: 戴眼罩玩游戏这么装比？
[2026-02-22 00:01:21] 荧Arie: 戴眼罩玩游戏这么装比？
[2026-02-22 00:01:21] 岛岛岛风: 　　　 戴眼罩玩游戏这么装比？
[2026-02-22 00:01:21] 薛茂华真帅啊哈哈哈: 我朋友千早爱音给你送钻石粉丝你咋不谢谢他？
[2026-02-22 00:01:22] FaZe的rain本人i: 戴眼罩玩游戏这么装比？
[2026-02-22 00:01:22] 菜包家族一号继承人: @嘉然今天吃什么：siran是什么意思
[2026-02-22 00:01:22] 滑滑梯: 艺术冰霜发际线呢
[2026-02-22 00:01:22] 无情道毕业生: 这个叫agil的就是100t养老院的护工吧
[2026-02-22 00:01:22] 犭火夕卜其斤: 艺术➕老fo这是哪位
[2026-02-22 00:01:22] 欧气胖子: 他为什么蒙着眼睛玩
[2026-02-22 00:01:22] 卡啊卡卡丶: @niko是我爹：无人在意你的海鲜父子
[2026-02-22 00:01:22] 鲤鱼1: 戴眼罩玩游戏这么装比？
[2026-02-22 00:01:23] HHHHanni: 抓娃娃
[2026-02-22 00:01:23] RocketTheRaccoon: 不想解说就滚，老汤赢了你还没我激动，他是你爸还是我爸？
[2026-02-22 00:01:23] 审查账号: 那是VR头显
[2026-02-22 00:01:23] 地煞VV: cos五条悟是吧
[2026-02-22 00:01:24] 网友盆栽: 戴眼罩玩游戏这么装比？
[2026-02-22 00:01:24] 薛茂华真帅啊哈哈哈: 我朋友千早爱音给你送钻石粉丝你咋不谢谢他？
[2026-02-22 00:01:24] 爱洛魔神仙台叶月: 蛇+鼠  卡神+尤里
[2026-02-22 00:01:24] 子非FFish: 戴眼罩玩游戏这么装比？
[2026-02-22 00:01:24] 玩机器是我霸: @dev1ce：机器你来了，爸爸的狙…还算可以吧😊
[2026-02-22 00:01:24] 香港分社记者: 老爸kd也是11*4
[2026-02-22 00:01:25] 博丽灵感菇: 我看这年轻人还是不懂事，换京介早就给他虾爹让人头保数据了
[2026-02-22 00:01:25] Tom7-: 抓娃娃
[2026-02-22 00:01:25] 宇智波69: 戴眼罩玩游戏这么装比？
[2026-02-22 00:01:25] 用户5388411043: 戴眼罩玩游戏这么装比？
[2026-02-22 00:01:25] 你打游戏像陈彦川: 戴眼罩玩游戏这么装比？
[2026-02-22 00:01:25] 丰川留子: 戴眼罩玩游戏这么装比？
[2026-02-22 00:01:25] 爱淡茶未凉: 戴眼罩玩游戏这么装比？
[2026-02-22 00:01:25] 梓川不是辛川: 他为什么蒙着眼睛玩
[2026-02-22 00:01:26] ShanoaM: 老爸到了
[2026-02-22 00:01:26] 演员黄轩丶: 机器，怎么鼠也在100T?
[2026-02-22 00:01:26] KAZUSA149: 这人怎么戴vr咑cs啊
[2026-02-22 00:01:26] 海城人0: PO3你说的明日之星？这2天看就路边一条
[2026-02-22 00:01:26] 寒霜CN: 不敢想象100个thief能偷到什么冠军
[2026-02-22 00:01:27] 薛茂华真帅啊哈哈哈: 我朋友千早爱音给你送钻石粉丝你咋不谢谢他？
[2026-02-22 00:01:27] 五口不矢口: 带膝盖护具？
[2026-02-22 00:01:27] 帕金森患者Z: 戴眼罩玩游戏这么装比？
[2026-02-22 00:01:27] 羽川翼的恋爱物语: BB在哪发财
[2026-02-22 00:01:28] 我才不是久哥哥的粉丝: 比阿拉贡像人多了
[2026-02-22 00:01:28] 足音: ？
[2026-02-22 00:01:28] LvvsiN: 南孚一节更比六节强，也就是一节南孚比六节南孚强，六节南孚比三十六节强，三十六节比二百一十六节强
[2026-02-22 00:01:28] 蔚尔利特: 老汤，niko，监监都要死了，他们有一个共同点就是都是玩的父亲
[2026-02-22 00:01:28] 烟鬼安德鲁: 戴眼罩玩游戏这么装比？
[2026-02-22 00:01:29] vitality的ropzzzz本人: 戴眼罩玩游戏这么装比？
[2026-02-22 00:01:29] 东海龙宫黄丞相: 戴眼罩玩游戏这么装比？
[2026-02-22 00:01:29] 宫夫邪神: 戴眼罩玩游戏这么装比？
[2026-02-22 00:01:29] 假小子是对的: 戴眼罩玩游戏这么装比？
抓娃娃查看活动〉
[2026-02-22 00:01:29] 薛茂华真帅啊哈哈哈: 我朋友千早爱音给你送钻石粉丝你咋不谢谢他？
[2026-02-22 00:01:29] 不知名贝斯手: 戴眼罩玩游戏这么装比？
[2026-02-22 00:01:29] chordclef: 奶
[2026-02-22 00:01:29] Arianphy: 奶
[2026-02-22 00:01:29] CaoplanE: 汤汤也戴眼罩
[2026-02-22 00:01:30] 正经猪头肉: 功利奶
[2026-02-22 00:01:30] 博丽灵感菇: 我看这年轻人还是不懂事，换京介早就给他虾爹让人头保数据了
[2026-02-22 00:01:30] 水下放电11: 闭着眼还能玩...nb...
[2026-02-22 00:01:30] 菅原小吉: 来不来
[2026-02-22 00:01:30] LvvsiN: 南孚一节更比六节强，也就是一节南孚比六节南孚强，六节南孚比三十六节强，三十六节比二百一十六节强
[2026-02-22 00:01:30] 流光似水321: 果然是秃头。。
[2026-02-22 00:01:30] 琦玉33的冷漠脸: 不孝
[2026-02-22 00:01:30] 带小卡丶: 戴眼罩玩游戏这么装比？
[2026-02-22 00:01:31] 笠松的小栗帽本人: 戴眼罩玩游戏这么装比？
[2026-02-22 00:01:31] 玩大人的cc子: 戴眼罩玩游戏这么装比？
[2026-02-22 00:01:31] 用户0198233878: sirah感觉应该读死啦
[2026-02-22 00:01:31] 大的要来了丶: 戴眼罩玩游戏这么装比？
[2026-02-22 00:01:31] stephenppz: 战术目镜不戴眼睛上啊
[2026-02-22 00:01:31] 巅峰A队的一员Xyp9x: 两个b和100个套谁能赢就不用多说了吧
[2026-02-22 00:01:32] 猫爷968: 戴眼罩玩游戏这么装比？
[2026-02-22 00:01:32] 如如493: 不考
[2026-02-22 00:01:32] Niko的助产士: 　　　 戴眼罩玩游戏这么装比？
[2026-02-22 00:01:32] 欧气胖子: 他为什么蒙着眼睛玩
[2026-02-22 00:01:32] Darling694: 这人是怕头顶反光被人知道位置吗
[2026-02-22 00:01:32] 哈密瓜HaMiGua: 戴眼罩玩游戏这么装比？
[2026-02-22 00:01:32] 薛茂华真帅啊哈哈哈: 我朋友千早爱音给你送钻石粉丝你咋不谢谢他？
[2026-02-22 00:01:33] 柚子厨0721: 戴眼罩玩游戏这么装比？
[2026-02-22 00:01:33] 铲车司机戴家伟: 戴眼罩玩游戏这么装比？
[2026-02-22 00:01:33] 爱洛魔神仙台叶月: 戴眼罩玩游戏这么装比？
[2026-02-22 00:01:33] zin桀zera: 不敢想象100个thief能偷到什么冠军
[2026-02-22 00:01:33] 最可爱的哈基米: 哀兵必胜
[2026-02-22 00:01:33] 帽子的妮蔻本人: 功利奶
[2026-02-22 00:01:34] 骂我皆为调情丷: 戴眼罩玩游戏这么装比？
[2026-02-22 00:01:34] Ecifircas: 功利奶
[2026-02-22 00:01:34] suicho: 功利奶
[2026-02-22 00:01:34] 用户1075149420: 戴眼罩玩游戏这么装比？
[2026-02-22 00:01:34] 金所炫s: 抓娃娃
[2026-02-22 00:01:34] 忽孝山庄: 戴眼罩玩游戏这么装比？
[2026-02-22 00:01:34] Misakimayy: 机器还在北美的时候不会比牢A说的还花吧
[2026-02-22 00:01:34] T1nko: 戴眼罩玩游戏这么装比？
[2026-02-22 00:01:34] KomY695007: 戴眼罩玩游戏这么装比？
[2026-02-22 00:01:34] Nightmare2517: 帅
[2026-02-22 00:01:35] 菅原小吉: 冷暴力
[2026-02-22 00:01:35] 哦斯特哦哦: 戴眼罩玩游戏这么装比？
[2026-02-22 00:01:35] Gr1se0: 戴眼罩玩游戏这么装比？
[2026-02-22 00:01:35] Rainwedell: 功利奶
