# room_id=6979222 host=玩机器丶Machine title=小众宝藏结晶直播 live_time= fetch_time=2026-02-21 23:45:46
[2026-02-22 00:06:52] 羽川翼的恋爱物语: 大哥拿小枪👍
[2026-02-22 00:06:52] 御坂32512: 不是龙哥被下放了没人说嘛
[2026-02-22 00:06:53] Yanam1Anna: 卧槽，龙哥真被下放了！
[2026-02-22 00:06:53] 67373的黄色闪光: 弹幕能编的假一点吗
[2026-02-22 00:06:53] 李大钊与陈独秀: 无鞭帽吗那得给niko戴
[2026-02-22 00:06:53] 姓邢不是刑: 不是龙哥被下放了没人说嘛
[2026-02-22 00:06:53] suicho: 20-5 tec-9
[2026-02-22 00:06:53] 丢你雷姆吔屎啦你: 冷知识，zywoo鞭jee和niko鞭nota都是k3指挥的
[2026-02-22 00:06:53] 小忍最爱的misterdonut: 卧槽，龙哥真被下放了！
[2026-02-22 00:06:54] 玩老鼠丶Roxy: 不是龙哥被下放了没人说嘛
[2026-02-22 00:06:54] 玩大哥舔舔开腥: 不是龙哥被下放了没人说嘛
[2026-02-22 00:06:54] 缘来我是小僵尸rua: 卧槽，龙哥真被下放了！
[2026-02-22 00:06:54] CLANCHIC的Tomorain本人: 不是龙哥被下放了没人说嘛
[2026-02-22 00:06:54] 劉膿dewasu: ⚠️此弹幕用于检测是否被封禁⚠️
[2026-02-22 00:06:54] 荒芜之气: 不是龙哥被下放了没人说嘛
[2026-02-22 00:06:55] LvvsiN: 就tm喜欢银行业🥰银行坏账我喜欢🥰银行挤兑我还喜欢😍利率调低我也喜欢🤤老子亲烂银行业的脸😘
[2026-02-22 00:06:55] 丶丶Ken丶丶: 不是龙哥被下放了没人说嘛
[2026-02-22 00:06:55] DOLLARS游马崎沃克本人: 不是龙哥被下放了没人说嘛
[2026-02-22 00:06:56] 想法7hou9ht: 不是龙哥被下放了没人说嘛
[2026-02-22 00:06:56] RamessesII64177: 富哥们我错了😭快砸一个双倍吧😭我的荧光棒要过期了😭
[2026-02-22 00:06:56] 繁繁繁华华: 不是龙哥被下放了没人说嘛
[2026-02-22 00:06:56] XenicTkyooo: 不是龙哥被下放了没人说嘛
[2026-02-22 00:06:56] guorerew: 大哥拿小枪👍
[2026-02-22 00:06:56] 二着先生尼古拉: 机器你能不能叫底下那个丝竹闭嘴，影响我听演播厅三位分析师的解说了
[2026-02-22 00:06:56] Error404UMP45: 卧槽，龙哥真被下放了！
[2026-02-22 00:06:56] 用户0268784457: 载物粉丝也太🗡了吧 知道玩大哥不喜欢载大哥还来找存在感 （捏鼻））
[2026-02-22 00:06:57] LokiAka: 卧槽，龙哥真被下放了！
[2026-02-22 00:06:57] 猫鼬斩Zz: 不是龙哥被下放了没人说嘛
[2026-02-22 00:06:57] LvvsiN: @阿汤日记：一个人，5发子弹，保住格陵兰岛。我不会叫它不可能完成的任务，我现在只想先回家看亦博
[2026-02-22 00:06:57] JULLLLYYYY: 不是龙哥被下放了没人说嘛
[2026-02-22 00:06:57] 带魔FA师: 不是龙哥被下放了没人说嘛
[2026-02-22 00:06:57] mygo的千早爱爱尼本人: 不是龙哥被下放了没人说嘛
[2026-02-22 00:06:57] jamesfaith23: 不是龙哥被下放了没人说嘛
[2026-02-22 00:06:57] leervon: 卧槽，龙哥真被下放了！
[2026-02-22 00:06:58] 康托尔74920:  @好姐妹橘雪莉：冷知识，zywoo鞭jee和niko鞭nota都是k3指挥的
[2026-02-22 00:06:58] 朱雀院椿x: 男人一生只哭十八次：niko十七次梦碎major正赛, niko梦碎里约major RMR＼
[2026-02-22 00:06:58] kkyon: niko（👀12-6❓❗）🦐腿开始发抖o（（⊙﹏⊙))o.
[2026-02-22 00:06:58] Moe1e: @menghao7：不是龙哥被下放了没人说嘛
[2026-02-22 00:06:58] 玩机器厦面鄙骰大: 不是龙哥被下放了没人说嘛
[2026-02-22 00:06:59] 上完课我找你: 不是龙哥被下放了没人说嘛
[2026-02-22 00:06:59] 森林与雁: 卧槽，龙哥真被下放了！
[2026-02-22 00:06:59] 可爱家的狗窝: 不是龙哥被下放了没人说嘛
[2026-02-22 00:06:59] 英国肄业生千早爱音: 不是龙哥被下放了没人说嘛
[2026-02-22 00:06:59] 呵19553: 卧槽，龙哥真被下放了！
[2026-02-22 00:06:59] Vitality的羽贺文乃本人: 卧槽，龙哥真被下放了！
[2026-02-22 00:06:59] 1魂星1: 　　　 不是龙哥被下放了没人说嘛
[2026-02-22 00:06:59] 玩腻了就去学: 不是龙哥被下放了没人说嘛
[2026-02-22 00:06:59] RabbitRay: 卧槽，龙哥真被下放了！
[2026-02-22 00:06:59] Kus00000: 不是龙哥被下放了没人说嘛
[2026-02-22 00:06:59] 用户080868441: 不是龙哥被下放了没人说嘛
[2026-02-22 00:06:59] 玩宝宝的小脚: 不是龙哥被下放了没人说嘛
[2026-02-22 00:07:00] 好哥们山上撤也: 不是龙哥被下放了没人说嘛
[2026-02-22 00:07:00] 今天只做1件事: 不是龙哥被下放了没人说嘛
[2026-02-22 00:07:00] 小蜜蜂的长期素食本人: 不是龙哥被下放了没人说嘛
[2026-02-22 00:07:00] 挽风甜z: 冷知识，zywoo鞭jee和niko鞭nota都是k3指挥的
[2026-02-22 00:07:00] 舞小风: 不是龙哥被下放了没人说嘛
[2026-02-22 00:07:00] 银睿憨: 不是龙哥被下放了没人说嘛
[2026-02-22 00:07:01] 瓜皮老师的蛇皮学生: 不是龙哥被下放了没人说嘛
[2026-02-22 00:07:01] 一只大洗: 不是龙哥被下放了没人说嘛
[2026-02-22 00:07:01] 高原学园的星尾光本人: 不是龙哥被下放了没人说嘛
[2026-02-22 00:07:01] 魔魔湯湯科隆冠軍: 不是龙哥被下放了没人说嘛
[2026-02-22 00:07:01] 古堡12枪战神: 不是龙哥被下放了没人说嘛
[2026-02-22 00:07:02] Sweet笑容由我来守护: @阿汤日记：一个人，5发子弹，保住格陵兰岛。我不会叫它不可能完成的任务，我现在只想先回家看亦博
[2026-02-22 00:07:02] 我是一个医保卡: 不是龙哥被下放了没人说嘛
[2026-02-22 00:07:02] 听风丶随来: 卧槽，龙哥真被下放了！
[2026-02-22 00:07:02] Daedalus123: 卧槽，龙哥真被下放了！
[2026-02-22 00:07:02] 玉米卧槽: 不是龙哥被下放了没人说嘛
[2026-02-22 00:07:02] xyxxyzbbdzq: 不是龙哥被下放了没人说嘛
[2026-02-22 00:07:02] 沉醉心头梦: 不是龙哥被下放了没人说嘛
[2026-02-22 00:07:02] 欧气胖子: 卧槽，龙哥真被下放了！
[2026-02-22 00:07:02] 用户3179801648: 卧槽，龙哥真被下放了！
[2026-02-22 00:07:02] 周杰伦见我了: 不是龙哥被下放了没人说嘛
[2026-02-22 00:07:02] 中野家的三玖丈夫本人: 不是龙哥被下放了没人说嘛
[2026-02-22 00:07:03] 小川阿丶: 不是龙哥被下放了没人说嘛
[2026-02-22 00:07:03] 小昊的yimon阿爱发烧: 不是龙哥被下放了没人说嘛
[2026-02-22 00:07:03] PPT之神DavidTao: 　　　 不是龙哥被下放了没人说嘛
[2026-02-22 00:07:03] 一道大狙的尼古莱本人: 11-6全甲ak，20-5半甲tec9
[2026-02-22 00:07:03] Surrendee: 不是龙哥被下放了没人说嘛
[2026-02-22 00:07:03] Cape秋雨: 不是龙哥被下放了没人说嘛
[2026-02-22 00:07:03] 黄升亮的老公: 不是龙哥被下放了没人说嘛
[2026-02-22 00:07:04] 里约钻石币拥有者: 不是龙哥被下放了没人说嘛
[2026-02-22 00:07:04] 杰氏子: 不是龙哥被下放了没人说嘛
[2026-02-22 00:07:04] 苍晞: 不是龙哥被下放了没人说嘛
[2026-02-22 00:07:04] 依尔珊诗舞丶: 卧槽，龙哥真被下放了！
[2026-02-22 00:07:04] 天残少女王朗: 节奏
[2026-02-22 00:07:04] 蝈蝈贼: 　　　 　　　 不是龙哥被下放了没人说嘛
[2026-02-22 00:07:05] 木空空空空空: 不是龙哥被下放了没人说嘛
[2026-02-22 00:07:05] 柚子厨0721: 　　　 不是龙哥被下放了没人说嘛
[2026-02-22 00:07:05] Ka1oto: 卧槽，龙哥真被下放了！
[2026-02-22 00:07:05] 玩小猫丶Pu5sy: 卧槽，龙哥真被下放了！
[2026-02-22 00:07:05] LvvsiN: 南孚一节更比六节强，也就是一节南孚比六节南孚强，六节南孚比三十六节强，三十六节比二百一十六节强
[2026-02-22 00:07:05] 我知道的一点也不多: 不是龙哥被下放了没人说嘛
[2026-02-22 00:07:05] 诸葛九州: 。
[2026-02-22 00:07:05] 烟鬼安德鲁: 不是龙哥被下放了没人说嘛
[2026-02-22 00:07:06] 不务正业127: 卧槽，龙哥真被下放了！
[2026-02-22 00:07:06] 新津法王丶Mata川: 不是龙哥被下放了没人说嘛
[2026-02-22 00:07:06] 狂欢进行曲: 　　　 卧槽，龙哥真被下放了！
[2026-02-22 00:07:06] 葉色灬Stono: 卧槽，龙哥真被下放了！
[2026-02-22 00:07:06] 玩宝路、Marlboro: 不是龙哥被下放了没人说嘛
[2026-02-22 00:07:06] 用户144491677: 6658
[2026-02-22 00:07:07] 海载嘴映: 不是龙哥被下放了没人说嘛
[2026-02-22 00:07:07] 没有黑幕孙一峰: 卧槽，龙哥真被下放了！
[2026-02-22 00:07:07] 金刚金刚最可爱: 卧槽，龙哥真被下放了！
[2026-02-22 00:07:07] 石家庄的宠物男孩: 卧槽，龙哥真被下放了！
[2026-02-22 00:07:07] 老苦瓜贝多芬: 大哥拿小枪👍
[2026-02-22 00:07:08] 如如493: 卧槽，龙哥真被下放了！
[2026-02-22 00:07:08] 玩玩机器机机: 卧槽，龙哥真被下放了！
[2026-02-22 00:07:08] N1Ko28: 不是龙哥没被下放没人说嘛
[2026-02-22 00:07:08] Wangzap: 不是龙哥被下放了没人说嘛
[2026-02-22 00:07:08] JULLLLYYYY: @阿汤日记：一个人，5发子弹，保住格陵兰岛。我不会叫它不可能完成的任务，我现在只想先回家看亦博
[2026-02-22 00:07:08] 有S冠的JackeyLove本人: 　　　 卧槽，龙哥真被下放了！
[2026-02-22 00:07:08] 忽孝山庄: 　　　 不是龙哥被下放了没人说嘛
[2026-02-22 00:07:09] 白给的阿柒: 不是龙哥被下放了没人说嘛
[2026-02-22 00:07:09] 好兄弟鲁迪乌斯: 卧槽，龙哥真被下放了！
[2026-02-22 00:07:09] 喜欢玩机器被骂恋猪癖:     不是龙哥被下放了没人说嘛
[2026-02-22 00:07:09] 不动的大图书馆馆长: 不是龙哥被下放了没人说嘛
[2026-02-22 00:07:09] 足音: 卧槽，龙哥真被下放了！
[2026-02-22 00:07:10] 菊茶5454: 卧槽，龙哥真被下放了！
[2026-02-22 00:07:10] 铀235钚238等于核弹: 卧槽，龙哥真被下放了！
[2026-02-22 00:07:10] 火星情报员工: 卧槽，龙哥真被下放了！
[2026-02-22 00:07:10] 人活着就是为了玩乐队: 不是龙哥被下放了没人说嘛
[2026-02-22 00:07:10] 大聪明二次元: 　　　 不是龙哥被下放了没人说嘛
[2026-02-22 00:07:10] 白河日和: 卧槽，龙哥真被下放了！
[2026-02-22 00:07:11] 身旁冷清拥挤丶: 卧槽，龙哥真被下放了！
[2026-02-22 00:07:11] chukap: 载物鞭：你鞭你的M🤬 妮蔻鞭+引导哦+偷mvp：这老尼他就该赢啊
[2026-02-22 00:07:11] Kinap: 卧槽，龙哥真被下放了！
[2026-02-22 00:07:11] 花与雾野: 不是龙哥没被下放没人说嘛
[2026-02-22 00:07:11] LvvsiN: 孩子们快跑，马修赫伯特来了😨卧槽你的怎么是马枪和BOT
[2026-02-22 00:07:11] xyxxyzbbdzq: 不是龙哥被下放了没人说嘛
[2026-02-22 00:07:12] 繁花一梦i: 卧槽，龙哥真被下放了！
[2026-02-22 00:07:12] BillionBet亿博电子: 没意思，遛遛我的电子宠物💁🏻————[玩举手] ▜▜▙（可以摸）（已噶蛋）
[2026-02-22 00:07:12] 世界冠军草原雄鹰: 不是龙哥被下放了没人说嘛
[2026-02-22 00:07:12] Moe1e: 卧槽，龙哥真被下放了！卧槽，龙哥真被下放了！
[2026-02-22 00:07:12] Li喵喵喵a: 卧槽，龙哥真被下放了！
[2026-02-22 00:07:12] 乱世浮沉ら: 卧槽，龙哥真被下放了！
[2026-02-22 00:07:12] 爱吃芒果的大芒果: 不是龙哥被下放了没人说嘛
[2026-02-22 00:07:13] 疯不觉的管钳: 　　　 卧槽，龙哥真被下放了！
[2026-02-22 00:07:13] 好哥们张顺飞: 玩大哥，你现在立马去下载个原神能减少90%的节奏
[2026-02-22 00:07:13] 栎雩风: 抓娃娃
[2026-02-22 00:07:13] GlockieSs: 你爸怎么还跟鼠和卡神当队友了？
[2026-02-22 00:07:14] 宇治的QQ: 卧槽，龙哥真被下放了！
[2026-02-22 00:07:14] 羞死了的小萌妹: 不是龙哥被下放了没人说嘛
[2026-02-22 00:07:14] 含泪办卡: 卧槽，龙哥真被下放了！
[2026-02-22 00:07:14] 反方向dI钟: 　　　 卧槽，龙哥真被下放了！
[2026-02-22 00:07:14] azsk309548: 不是龙哥被下放了没人说嘛
[2026-02-22 00:07:14] 你打游戏像陈彦川: 不是龙哥被下放了没人说嘛
[2026-02-22 00:07:15] 我没P眼123: @阿汤日记：一个人，5发子弹，保住格陵兰岛。我不会叫它不可能完成的任务，我现在只想先回家看亦博
[2026-02-22 00:07:15] 玩机器是我霸: @NIKO：真有这种越到后面比赛脚越硬的选手啊。。NB
[2026-02-22 00:07:15] 爱钱初号机: 卧槽，龙哥真被下放了！
[2026-02-22 00:07:15] 桃夭偶尔的神: 不是龙哥被下放了没人说嘛
[2026-02-22 00:07:15] 玩乐队丶desuwa:     不是龙哥被下放了没人说嘛
[2026-02-22 00:07:15] 爱玩守望的浩浩: 卧槽，龙哥真被下放了！
[2026-02-22 00:07:15] Kus00000: 卧槽，龙哥真被下放了！
[2026-02-22 00:07:15] 喜拉乃: 卧槽，龙哥真被下放了！
[2026-02-22 00:07:16] 明尼苏达的大黄: 大哥拿小手枪
[2026-02-22 00:07:16] 拙劣的模仿秀: 卧槽，龙哥真被下放了！
[2026-02-22 00:07:16] Nanami-Mizuki: 卧槽，龙哥真被下放了！
[2026-02-22 00:07:16] 那我懂你意思了0: 不是龙哥被下放了没人说嘛
[2026-02-22 00:07:16] 妖怪之山的菅牧典本人: 不是龙哥被下放了没人说嘛
[2026-02-22 00:07:16] codaking: 　　　 卧槽，龙哥真被下放了！
[2026-02-22 00:07:16] 火暴兽也干了: 卧槽，龙哥真被下放了！
[2026-02-22 00:07:17] 想对你说一声晚安: 这个5号怎么长得这么像art啊
[2026-02-22 00:07:17] CSTG一多加香菜: 不是龙哥被下放了没人说嘛
[2026-02-22 00:07:17] 用户5084373421: 卧槽，龙哥真被下放了！
[2026-02-22 00:07:17] 巴德尔Baldr: 不是龙哥被下放了没人说嘛
[2026-02-22 00:07:17] 最喜欢清光: 不是龙哥被下放了没人说嘛
[2026-02-22 00:07:17] aphasia失语: 卧槽，龙哥真被下放了！
[2026-02-22 00:07:17] 宇莓: 怎么不读弹幕啊玩大哥，你前两天说弹幕比比赛有意思的牛劲呢
[2026-02-22 00:07:18] jc没睡醒的小熊: 卧槽，龙哥真被下放了！
[2026-02-22 00:07:18] 传统peek高手XANTARES: 　　　 不是龙哥被下放了没人说嘛
[2026-02-22 00:07:18] 宝哥我套死你猴子的: 老汤怎么找鼠和卡神当队友了？
[2026-02-22 00:07:18] Haytham梓: j
[2026-02-22 00:07:19] 米米世界之神: 不是龙哥被下放了没人说嘛
[2026-02-22 00:07:19] 星哭光合: 弹幕下次编假一点，我真去看了😅这一块desuw@
[2026-02-22 00:07:19] 想法7hou9ht: 卧槽，龙哥真被下放了！
[2026-02-22 00:07:19] Yanam1Anna: 完了😭龙哥真被下放了
[2026-02-22 00:07:19] LvvsiN: 你为什么要把mαjor禁了，我收藏的一半弹幕全毁了
[2026-02-22 00:07:20] Vitality的Kyojin本人: 弹幕能不能编得假一点，我真的去看HLTV了😓......卧槽真下放了😯
[2026-02-22 00:07:20] 就白给桑:     不是龙哥被下放了没人说嘛
[2026-02-22 00:07:20] 帕金森患者Z: 卧槽，龙哥真被下放了！
[2026-02-22 00:07:20] 衰神177: 不是龙哥被下放了没人说嘛
[2026-02-22 00:07:21] Hitagi蟹蟹: 卧槽，龙哥真被下放了！
[2026-02-22 00:07:21] LokiAka: 卧槽，龙哥真被下放了！卧槽，龙哥真被下放了！desuw@
[2026-02-22 00:07:21] 都是设备的问题: 都别说了都是jee的错不互动啥事也没有了
[2026-02-22 00:07:22] Korinz7z: 我还以为是假的...
[2026-02-22 00:07:22] 繁繁繁华华: 不是寒王去猎鹰了没人说嘛
[2026-02-22 00:07:22] A队不吃晃的小祥本人: 老规矩，弹幕谁编的好笑我支持谁
[2026-02-22 00:07:22] 星空丶梦华: 卧槽，龙哥真被下放了！
[2026-02-22 00:07:22] 丢你雷姆吔屎啦你: 　　　 他们骂的好难听😭，我都替你难受😭，但是他们骂的好对，我又想笑了😄
[2026-02-22 00:07:23] Crychic的若叶睦本人: 　　　 卧槽，龙哥真被下放了！
[2026-02-22 00:07:23] 外偶: 卧槽，龙哥真被下放了！
[2026-02-22 00:07:23] 宗宗洞洞major冠军: 胖球：终于等到玩大哥回防。。。
[2026-02-22 00:07:23] GlockieSs: 怎么不读弹幕啊玩大哥，你前两天说弹幕比比赛有意思的牛劲呢
[2026-02-22 00:07:24] LvvsiN: 额，拿亚军我都会，拿亚军，拿季军，拿四强，拿八强，拿十六强，呃拿冠军我不会，然后小组赛淘汰
[2026-02-22 00:07:24] 用户3344129694: 不是龙哥被下放了没人说嘛
[2026-02-22 00:07:24] 玩火炉丶Stove: 不是龙哥被下放了没人说嘛
[2026-02-22 00:07:25] 阿噗噜派丶: 卧槽，龙哥真被下放了！
[2026-02-22 00:07:25] DaturaNoir辰砂: 机器你能不能叫底下那个丝竹闭嘴，影响我听演播厅三位分析师的解说了
[2026-02-22 00:07:25] UPMAO233: 卧槽，龙哥真被下放了！
[2026-02-22 00:07:25] 永远的克罗娜: 爱弥斯，我只希望你能轻松快乐的生活......
[2026-02-22 00:07:26] 拍拍小天使: 不是龙哥被下放了没人说嘛
[2026-02-22 00:07:26] 鹭泽有理咲: 卧槽，龙哥真被下放了！
[2026-02-22 00:07:26] 不想改名字了205: 卧槽，龙哥真被下放了！
[2026-02-22 00:07:26] LvvsiN: 就tm喜欢银行业🥰银行坏账我喜欢🥰银行挤兑我还喜欢😍利率调低我也喜欢🤤老子亲烂银行业的脸😘
[2026-02-22 00:07:26] 劉膿dewasu: 卧槽，龙哥真被下放了！
[2026-02-22 00:07:26] 网友小顺饱饱: 卧槽，龙哥真被下放了！
[2026-02-22 00:07:26] 还是种田梨沙适合老子: 卧槽，龙哥真被下放了！
[2026-02-22 00:07:26] 好姐妹河北省花: 这怎么跟猎鹰一样手枪断匪厅？
[2026-02-22 00:07:26] 如如493: 尼尼孩孩又宫队友了
[2026-02-22 00:07:26] 大耳朵桃桃: 卧槽，龙哥真被下放了！
[2026-02-22 00:07:27] A队不吃晃的小祥本人: 玩机器，你现在逆转风评和停止节奏的唯一办法就是把《颂乐人偶》后6集看完
[2026-02-22 00:07:27] 好姐妹上月由良: 卧槽，龙哥真被下放了！
[2026-02-22 00:07:27] MasanQwQ: 不是龙哥被下放了没人说嘛
[2026-02-22 00:07:27] 下划线逗号下划线叹号: 卧槽，龙哥真被下放了！
[2026-02-22 00:07:28] LvvsiN: 弹幕也就网上说说，现实里谁不觉得樱姐是好女孩（删括号领一条远坂凛同款鸟笼）
[2026-02-22 00:07:28] 虚心坦懐: 不是龙哥被下放了没人说嘛
[2026-02-22 00:07:28] 梅友仁2005: 下次能编得再真一点吗？我刚才真去看了😓😓😓
[2026-02-22 00:07:28] 宗宗洞洞major冠军: 胖球：终于等到玩大哥回防。。。
[2026-02-22 00:07:28] 猪头肉好香: 卧槽，龙哥真被下放了！
[2026-02-22 00:07:29] 拉特兰的Exus1a1本人: 死人：终于拖到玩大哥回防了...
[2026-02-22 00:07:29] 申必人士: 卧槽，龙哥真被下放了！
[2026-02-22 00:07:29] 博丽灵梦好可爱: 卧槽，龙哥真被下放了！
[2026-02-22 00:07:29] supperpigi: 卧槽，龙哥真被下放了！
[2026-02-22 00:07:29] A队不吃晃的小祥本人: 申请看100T比赛净化弹幕，同意的＋1
[2026-02-22 00:07:30] 我的打法类似yekindar: 卧槽，龙哥真被下放了！
[2026-02-22 00:07:30] aaaa博林: 不是龙哥被下放了没人说嘛
[2026-02-22 00:07:30] 艺术冰霜: 机器，我只希望你能轻松快乐的被鞭......
[2026-02-22 00:07:30] Naaaaaaakiri: 卧槽，龙哥真被下放了！
[2026-02-22 00:07:30] AL1yaaa: 卧槽，龙哥真被下放了！
[2026-02-22 00:07:31] S闪Aw: 能不能编得假一点，我真的去看HLTV了😓
[2026-02-22 00:07:31] ElfSenIor: 卧槽，龙哥真被下放了！
[2026-02-22 00:07:31] 用户0220064326: 卧槽，龙哥真被下放了！
[2026-02-22 00:07:32] 丶丶Ken丶丶: 卧槽，龙哥真被下放了！
[2026-02-22 00:07:32] 寒桥暴雪: 卧槽，龙哥真被下放了！
[2026-02-22 00:07:32] LvvsiN: 额，拿亚军我都会，拿亚军，拿季军，拿四强，拿八强，拿十六强，呃拿冠军我不会，然后小组赛淘汰
[2026-02-22 00:07:32] 玉米卧槽: 载物鞭是恶意鞭，Niko鞭是善意鞭，这点要分清
[2026-02-22 00:07:32] 职业大噴子: 卧槽，龙哥真被下放了！
[2026-02-22 00:07:32] 森林与雁: 死人：终于拖到玩大哥回防了...
[2026-02-22 00:07:32] 我是一个医保卡: 卧槽，龙哥真被下放了！
[2026-02-22 00:07:32] 沐风Charlie: 卧槽，龙哥真被下放了！
[2026-02-22 00:07:32] 洗內: 卧槽，龙哥真被下放了！
[2026-02-22 00:07:32] 永远的克罗娜: 爱弥斯，我只希望你能轻松快乐的生活......
[2026-02-22 00:07:32] 用户4652451607: 爱弥斯，我只希望你能轻松快乐的生活......
[2026-02-22 00:07:33] 江雪姨: 机器你能不能叫底下那个丝竹闭嘴，影响我听演播厅三位分析师的解说了
[2026-02-22 00:07:33] metalpoison: 卧槽，箱子也被下放了
[2026-02-22 00:07:33] 安道51898: 卧槽，龙哥真被下放了！
[2026-02-22 00:07:34] 想法7hou9ht: 能不能编得假一点，我真的去看HLTV了😓
[2026-02-22 00:07:34] A队不吃晃的小祥本人: ⓘ您已被天师庄方宜举报封禁，点击了解武陵社会信用
[2026-02-22 00:07:34] LvvsiN: 额，拿亚军我都会，拿亚军，拿季军，拿四强，拿八强，拿十六强，呃拿冠军我不会，然后小组赛淘汰
[2026-02-22 00:07:34] 肘一郎: @Overdrive：falcons-teses+陈千语
[2026-02-22 00:07:34] 用户5387930459: 能不能编得假一点，我真的去看HLTV了😓
[2026-02-22 00:07:34] lpyuan: 申请看100T比赛净化弹幕，同意的＋1
[2026-02-22 00:07:35] 好兄弟本泽马: 闹麻了，下放龙哥我看下个赛事继续路边一条啊
[2026-02-22 00:07:35] 性感小蓝: 不是龙哥被下放了没人说嘛
[2026-02-22 00:07:35] 述二ER: 卧槽，龙哥真被下放了！
[2026-02-22 00:07:35] 不是很懂怎么取名: 不是龙哥被下放了没人说嘛
[2026-02-22 00:07:35] BleksiA: 能不能编得假一点，我真的去看HLTV了😓
[2026-02-22 00:07:36] 闪光皮皮不吃闪: 卧槽，龙哥真被下放了！
[2026-02-22 00:07:36] LvvsiN: 你屏蔽词都快赶上新华词典了为什么不干脆开一百级发言？
[2026-02-22 00:07:36] JamYo0oung: 蜜蜂开了叫我，我们加油串回来！
[2026-02-22 00:07:36] Ikaros38679: 卧槽，龙哥真被下放了！
[2026-02-22 00:07:36] 肘一郎: @Overdrive：falcons-teses+陈千语
[2026-02-22 00:07:37] 没有故事的Pluto: 让大哥玩ak真赢了
[2026-02-22 00:07:38] 老年鱼鱼鱼: 卧槽，龙哥真被下放了！
[2026-02-22 00:07:38] 逗b乐double: 卧槽，龙哥真被下放了！
[2026-02-22 00:07:38] LvvsiN: 你这音画不同步太难受了，我都听到NIKO里约RMR晋级的欢呼了
[2026-02-22 00:07:38] 你看我在哪: 卧槽，龙哥真被下放了！
[2026-02-22 00:07:39] 肘一郎: @Overdrive：falcons-teses+陈千语
[2026-02-22 00:07:39] A队不吃晃的小祥本人: 玩机器，你现在逆转风评和停止节奏的唯一办法就是把《颂乐人偶》后6集看完
[2026-02-22 00:07:39] 上完课我找你: 直播间的富哥们丢钱的🐂劲呢？赶紧给我造个双倍出来，别耽误我包里的几十个荧光棒
[2026-02-22 00:07:40] 落夜会: 卧槽，broky被下放了！
[2026-02-22 00:07:40] Mannequin: 能不能编得假一点，我真的去看HLTV了😓
[2026-02-22 00:07:40] 一个等猪人: 怎么有两个私人
[2026-02-22 00:07:40] EDG的皮特174本人: 卧槽，龙哥真被下放了！
[2026-02-22 00:07:40] 锂汁lizhi: @Overdrive：falcons-teses+陈千语
[2026-02-22 00:07:40] LvvsiN: 玩宝宝，我发现在大学上学的时候肄业会很舒服，你可以试试
[2026-02-22 00:07:40] 舞小风: 卧槽，龙哥真被下放了！
[2026-02-22 00:07:41] 永远的克罗娜: 爱弥斯，我只希望你能轻松快乐的生活......
[2026-02-22 00:07:41] YZC01: 抓娃娃
[2026-02-22 00:07:41] 用户0047597799: ⓘ您已被天师庄方宜举报封禁，点击了解武陵社会信用
[2026-02-22 00:07:41] A队不吃晃的小祥本人: 玩机器，你现在逆转风评和停止节奏的唯一办法就是把《颂乐人偶》后6集看完
[2026-02-22 00:07:41] 曲奇三梦: @Overdrive：falcons-teses+陈千语
[2026-02-22 00:07:42] 肘一郎: @Overdrive：falcons-teses+陈千语
[2026-02-22 00:07:42] supperpigi: 蜜蜂开了叫我，我们加油串回来！
[2026-02-22 00:07:42] 网上战士: 闹麻了，下放龙哥我看下个赛事继续路边一条啊
[2026-02-22 00:07:42] LvvsiN: 弹幕也就网上说说，现实里谁不觉得樱姐是好女孩（删括号领一条远坂凛同款鸟笼）
[2026-02-22 00:07:43] YukkiaBaby: 能不能编得假一点，我真的去看HLTV了😓
[2026-02-22 00:07:43] 不变的追求717: 卧槽，broky被下放了！
[2026-02-22 00:07:44] 玖酒八拾一: woc龙哥真被下放了
[2026-02-22 00:07:44] A队不吃晃的小祥本人: 老规矩，弹幕谁编的好笑我支持谁
[2026-02-22 00:07:44] LvvsiN: 你为什么要把mαjor禁了，我收藏的一半弹幕全毁了
[2026-02-22 00:07:45] 正经猪头肉: 批汤
[2026-02-22 00:07:45] 神牛拯救世界: @Overdrive：falcons-teses+陈千语
[2026-02-22 00:07:45] 肘一郎: @Overdrive：falcons-teses+陈千语
[2026-02-22 00:07:45] 玩南梁丶阿斯托尔福: 刘农
[2026-02-22 00:07:45] 马楼King张三: ？
[2026-02-22 00:07:45] 李大钊与陈独秀: 流脓
[2026-02-22 00:07:46] 丶海鸟与鱼丶: 卧槽，龙哥真被下放了！
[2026-02-22 00:07:46] Laguna的Carlotta本人: 弹幕下次编的真一点😅。。卧槽真的下放了
[2026-02-22 00:07:46] 命运叫我去战斗:  @Karrigan：也许🐕💩才刚刚粘上
[2026-02-22 00:07:46] 若叶睦吃苦瓜: @Overdrive：falcons-teses+陈千语
[2026-02-22 00:07:46] 寻管鲍之交: 卧槽，Niko路鞭了！
[2026-02-22 00:07:46] A队不吃晃的小祥本人: 老规矩，弹幕谁编的好笑我支持谁
[2026-02-22 00:07:46] LvvsiN: 屏幕中间弹幕这么狂？站那不走了还剧透分，你当你是主办方？？
[2026-02-22 00:07:47] dark1337: 皮糖
[2026-02-22 00:07:47] Mikasa1441: 胖球都这么瘦了？
[2026-02-22 00:07:47] 走走道儿疯了: 卧槽 divice退役了
[2026-02-22 00:07:47] 挪威雨哥: 批汤
[2026-02-22 00:07:47] 悲惨凄凉233: 卧槽，龙哥真被下放了！
[2026-02-22 00:07:48] 玩山山丶Mounta1n: 流脓
[2026-02-22 00:07:48] Vitality的Kyojin本人: 弹幕能不能编得假一点，我真的去看HLTV了😓......卧槽真下放了😯
[2026-02-22 00:07:48] 永远的克罗娜: 爱弥斯，我只希望你能轻松快乐的生活......
[2026-02-22 00:07:48] RabbitRay: ？
[2026-02-22 00:07:48] 菅原小吉: 刘农
[2026-02-22 00:07:48] Faze的明日香本人: 能不能编得假一点，我真的去看HLTV了😓
[2026-02-22 00:07:48] 四四四四天: @Overdrive：falcons-teses+陈千语
[2026-02-22 00:07:48] 千早爱音desua: 卧槽，龙哥真被下放了！
[2026-02-22 00:07:48] Killajoy: 狗汤
[2026-02-22 00:07:48] myGo的anon: 冷知识：玩大哥颂乐人偶还有8集没看
[2026-02-22 00:07:49] A队不吃晃的小祥本人: ⓘ您已被天师庄方宜举报封禁，点击了解武陵社会信用
[2026-02-22 00:07:49] 是小蚂蚁吖: 卧槽，龙哥真被下放了！
[2026-02-22 00:07:49] 龙龙虾虾爱软脚: 龙哥被下放了不是好事吗，放龙哥走了不受神队折磨
[2026-02-22 00:07:49] 森林与雁: 批汤
[2026-02-22 00:07:49] 机器机器祝你天天开心: 刘农
[2026-02-22 00:07:49] 河源吴彦祖GG: 我被你们骗了
[2026-02-22 00:07:49] 李小小与虾大大: 你跌好菜...又卖人了....
[2026-02-22 00:07:49] -Lycoris: 抓娃娃
[2026-02-22 00:07:49] 笠松的小栗帽本人: 能不能编得假一点，我真的去看HLTV了😓
[2026-02-22 00:07:50] OMGlionKing: 你们能不能别发这个日 本动画片小人名，我就是因为你们天天发才去看的，这个真的好难看….
[2026-02-22 00:07:50] Ha1baraAi丶: 卖
[2026-02-22 00:07:50] 玩小孩、monesy: 卧槽，龙哥真被下放了！
[2026-02-22 00:07:50] LvvsiN: 屏幕中间弹幕这么狂？站那不走了还剧透分，你当你是主办方？？
[2026-02-22 00:07:51] 哦哦哦哦哦hide: 卧槽，说那么真干嘛真把我骗了
[2026-02-22 00:07:51] 玉米卧槽: 弹幕下次编的真一点😅。。卧槽真的下放了
[2026-02-22 00:07:51] 永远喜欢远近渔: 害人精
[2026-02-22 00:07:51] 杰里科丶: 哈哈哈哈哈
[2026-02-22 00:07:51] 狄外思甩-呃咳咳咳咳: @Overdrive：falcons-teses+陈千语
[2026-02-22 00:07:52] 小小小炘: 皮糖
[2026-02-22 00:07:52] 金刚金刚最可爱: woc龙哥真被下放了
[2026-02-22 00:07:52] chordclef: 流脓
[2026-02-22 00:07:52] 瑭珏: 刘农
[2026-02-22 00:07:52] 大藏游星之jame粉丝: 老汤老了
[2026-02-22 00:07:52] 刘刘五妻upup: 弹幕下次编的真一点😅。。卧槽真的下放了
[2026-02-22 00:07:52] GanadoLluviA: 龙哥K3左尼克洁身自好离开猎鹰不是很正常吗。。。
[2026-02-22 00:07:52] User5092: ++++++++++++++++++++++++++++++
[2026-02-22 00:07:52] 古堡12枪战神: 流脓
[2026-02-22 00:07:52] 一位不知名的粤Y水友: 流脓
[2026-02-22 00:07:52] G2的device本人: 害人精
[2026-02-22 00:07:53] A队不吃晃的小祥本人: 申请看100T比赛净化弹幕，同意的＋1
[2026-02-22 00:07:53] 北慕YY: 老规矩，弹幕谁编的好笑我支持谁
[2026-02-22 00:07:53] 玩机器的老父亲: 刘农
[2026-02-22 00:07:53] 莲之空的花宫初奈本人: 卧槽，龙哥真被下放了！
[2026-02-22 00:07:53] chukap: 老规矩，弹幕谁编的好笑我支持谁
[2026-02-22 00:07:54] 晨风凌云21146: 老规矩，弹幕谁编的好笑我支持谁
[2026-02-22 00:07:54] 好姐妹上月由良: 能不能编得假一点，我真的去看HLTV了😓
[2026-02-22 00:07:54] 爱道冠: 卧槽，龙哥真被下放了！
[2026-02-22 00:07:54] 北辰男神666: 流脓
[2026-02-22 00:07:54] JamYo0oung: 刘农
[2026-02-22 00:07:54] 烈酒作伴000: 唐
[2026-02-22 00:07:54] kalaokl: 没有必须看的，你是独立男性，不想播就直接下播好了
[2026-02-22 00:07:55] 咬一口虾堡: 原来是device架的啊
[2026-02-22 00:07:55] 广西玉林陈常范: 双倍双倍开双倍
[2026-02-22 00:07:55] 想要舌吻m0NESY: 可惜
[2026-02-22 00:07:55] A队不吃晃的小祥本人: ⓘ您已被天师庄方宜举报封禁，点击了解武陵社会信用
[2026-02-22 00:07:56] 青芒一刀给你干稀碎: ？
[2026-02-22 00:07:56] 大白破烂熊: 爱弥斯，我只希望你能轻松快乐的生活......
[2026-02-22 00:07:56] 如如493: @Overdrive：falcons-teses+donk
[2026-02-22 00:07:56] 想法7hou9ht: 我被你们骗了
[2026-02-22 00:07:56] 天残少女王朗: …
[2026-02-22 00:07:57] 血樱幽世: 丑陋的2线比赛
[2026-02-22 00:07:57] 阿道和伏见柚柚: 出大事了机器，NIKO发文力挺你了
[2026-02-22 00:07:58] rainyrum: 害人精
[2026-02-22 00:07:58] 用户6235382488: 能不能编得假一点，我真的去看HLTV了😓
[2026-02-22 00:07:58] 李小小与虾大大: 你跌好菜，又垫底了
[2026-02-22 00:07:58] 抹茶要乐奈: @Overdrive：falcons-teses+陈千语
[2026-02-22 00:07:59] 野pig亨利28: 刘农
[2026-02-22 00:07:59] 玉米卧槽: ⓘ您已被天师庄方宜举报封禁，点击了解武陵社会信用
[2026-02-22 00:07:59] LvvsiN: 玩宝宝，我发现在大学上学的时候肄业会很舒服，你可以试试
[2026-02-22 00:07:59] 巅峰A队魔男: 卧槽，说那么真干嘛真把我骗了
[2026-02-22 00:07:59] 银睿憨: 刘农
[2026-02-22 00:07:59] 永不独行丶YNWA: 卧槽，我不知道谁被下放了！
[2026-02-22 00:07:59] 中野家的三玖丈夫本人: ：能不能编得假一点，我真的去看HLTV了😓
[2026-02-22 00:08:00] 刘农痴呆不忘带永恒: 能不能编得假一点，我真的去看HLTV了😓
[2026-02-22 00:08:00] 周一戴: 刘农
[2026-02-22 00:08:00] 艺术冰霜: 机器，我只希望你能轻松快乐的被鞭......
[2026-02-22 00:08:00] A队不吃晃的小祥本人: 玩机器，你现在逆转风评和停止节奏的唯一办法就是把《颂乐人偶》后6集看完
[2026-02-22 00:08:00] yinyao1231: @Overdrive：falcons-teses+陈千语
[2026-02-22 00:08:00] 睡了撒别大大: 私人
[2026-02-22 00:08:00] 臣臣臣臣臣臣cc: 卧槽，龙哥真被下放了！
[2026-02-22 00:08:00] 维他维他维他OVO: 能不能编得假一点，我真的去看HLTV了😓
[2026-02-22 00:08:00] 凛雪鸦MIO: 批汤卖完了
[2026-02-22 00:08:00] Anderw: 屏幕中间弹幕这么狂？站那不走了还剧透分，你当你是主办方？？
[2026-02-22 00:08:00] 4materasu: 能不能编得假一点，我真的去看HLTV了😓
[2026-02-22 00:08:01] 烟鬼安德鲁: 南孚一节更比六节强，也就是一节南孚比六节南孚强，六节南
[2026-02-22 00:08:01] LvvsiN: 银行业😄银行业😀银行业😃银行业😁银行业😆银行业🤪银行业😝
[2026-02-22 00:08:01] 我永远喜歡冬马和纱: 能不能编得假一点，我真的去看HLTV了😓
[2026-02-22 00:08:02] 马加奇的哥哥马加绝: 卧槽，last炫神开播了，兄弟们撤
[2026-02-22 00:08:02] 粤夜封封哥岑验川老岑: 卧槽，龙哥真被下放了！
[2026-02-22 00:08:02] EWH71: 出大事了机器，NIKO发文力挺你了
[2026-02-22 00:08:03] 雷吉恁爷: 不考
[2026-02-22 00:08:03] 城崎诺亚: 弹幕下次编的真一点😅。。卧槽真的下放了
[2026-02-22 00:08:03] y666t666y666: 我草，jee真被zywoo编了
[2026-02-22 00:08:03] OMGlionKing: 你们能不能别发这个日 本动画片小人名，我就是因为你们天天发才去看的，这个真的好难看….
[2026-02-22 00:08:03] 足音: 极限压缩
[2026-02-22 00:08:03] LvvsiN: 别解说了 多聊会天 你不会真的以为能输吧
[2026-02-22 00:08:03] 痴情男人孟海馬: device指挥的
[2026-02-22 00:08:03] 神牛拯救世界: 出大事了机器，NIKO发文力挺你了
[2026-02-22 00:08:03] 马楼King张三: 老汤又在伤害队伍了
[2026-02-22 00:08:03] 谁在称无敌---: 你跌好菜，又垫底了
[2026-02-22 00:08:04] 99组的爱城华恋本人: @Overdrive：falcons-teses+陈千语
[2026-02-22 00:08:04] 永远的克罗娜: 爱弥斯，我只希望你能轻松快乐的生活......
[2026-02-22 00:08:04] 玻璃xin: 卧槽，我不知道谁被下放了！
[2026-02-22 00:08:04] 拉特兰的Exus1a1本人: 抓娃娃查看活动〉
[2026-02-22 00:08:04] supperpigi: 卧槽，说那么真干嘛真把我骗了
[2026-02-22 00:08:04] 东方魔稻: 1
[2026-02-22 00:08:05] 北徐: 卧槽，说那么真干嘛真把我骗了
[2026-02-22 00:08:05] 木人斤: 老规矩，弹幕谁编的好笑我支持谁
[2026-02-22 00:08:05] LvvsiN: 你这音画不同步太难受了，我都听到NIKO里约RMR晋级的欢呼了
[2026-02-22 00:08:05] A队不吃晃的小祥本人: ⓘ您已被天师庄方宜举报封禁，点击了解武陵社会信用
[2026-02-22 00:08:05] 呆毛帝国皇家御用大厨: 弹幕编假点我真去看了。。。。
[2026-02-22 00:08:05] 帕金森患者Z: 你跌好菜，又垫底了
[2026-02-22 00:08:05] abxfhjrd: 能不能编得假一点，我真的去看HLTV了😓
[2026-02-22 00:08:06] 怡宝的Inquisition: 不是龙哥被下放了没人说嘛
[2026-02-22 00:08:06] Vitality的Kyojin本人: 抓年猪 查看活动〉
[2026-02-22 00:08:06] 好姐妹杨沈宜: @Overdrive：falcons-teses+陈千语
[2026-02-22 00:08:06] 丢你雷姆吔屎啦你: 海啸是菲比，驴孝是菲比，冰孝是菲比，玩机器菲比，我也是菲比，大家都是菲比！
[2026-02-22 00:08:07] 栾华H1R0M1: 骗人的没有小吉吉
[2026-02-22 00:08:07] Cloud9的咬人猫本人: 出大事了机器，NIKO发文力挺你了
[2026-02-22 00:08:07] 木空空空空空: 卧槽，我不知道谁被下放了！
[2026-02-22 00:08:07] pku雪月花: 哥，看你直播这么久也没送啥礼物 ，今天给你转了5000，你下载蚁族崛起回复yyf领取
[2026-02-22 00:08:07] LvvsiN: 玩宝宝，我发现在大学上学的时候肄业会很舒服，你可以试试
[2026-02-22 00:08:07] 是小兔呀i: 艺术冰霜现在这么菜了吗
[2026-02-22 00:08:07] OMGlionKing: 你们能不能别发这个日 本动画片小人名，我就是因为你们天天发才去看的，这个真的好难看….
[2026-02-22 00:08:08] A队不吃晃的小祥本人: 老规矩，弹幕谁编的好笑我支持谁
[2026-02-22 00:08:08] 拉特兰的Exus1a1本人: 抓娃娃查看活动〉
[2026-02-22 00:08:08] 痘痘泥石流: 　　　 ：能不能编得假一点，我真的去看HLTV了😓
[2026-02-22 00:08:08] 岚飒嵐: 啊？这是一个回马鞭，你鞭你的爱慕呢？啊？？这不是ZywOo！这居然是Niko！！哈哈哈老尼还是没忍住
[2026-02-22 00:08:08] chukap: 你跌好菜，又垫底了
[2026-02-22 00:08:08] 票儿是粉红色: 三新带两老
[2026-02-22 00:08:08] 述二ER: 能不能编得假一点，我真的去看HLTV了😓
[2026-02-22 00:08:09] 嘉丘: 玩机器，你现在逆转风评和停止节奏的唯一办法就是把《颂乐人偶》后6集看完
[2026-02-22 00:08:09] 寻管鲍之交: 卧槽我被禁言了⚠️
[2026-02-22 00:08:09] Moe1e: @Overdrive：falcons-teses+donk
[2026-02-22 00:08:09] greexeen: 哈哈哈哈哈
[2026-02-22 00:08:10] A队不吃晃的小祥本人: 玩机器，你现在逆转风评和停止节奏的唯一办法就是把《颂乐人偶》后6集看完
[2026-02-22 00:08:10] 用户0268784457: 编的真的家庭情况和载大哥一样
[2026-02-22 00:08:10] 丢丢的夜精灵: 不是？大东是指挥啊
[2026-02-22 00:08:10] 龍仔ww: 哈哈哈
[2026-02-22 00:08:11] 永远的克罗娜: 爱弥斯，我只希望你能轻松快乐的生活......
[2026-02-22 00:08:11] CKxiaooo: 玩机器就是爱弥斯：1.都有个老将叠 2.都二月份登山 3.都大学肄业4.都会尽全力维护老爸
[2026-02-22 00:08:11] LvvsiN: 孩子们快跑，马修赫伯特来了😨卧槽你的怎么是马枪和BOT
[2026-02-22 00:08:11] 用户6325319261: 能不能编得假一点，我真的去看HLTV了😓
[2026-02-22 00:08:11] TieZhu丶: 胖球胖在哪
[2026-02-22 00:08:11] 米米世界之神: 能不能编得假一点，我真的去看HLTV了😓
[2026-02-22 00:08:11] 拉特兰的Exus1a1本人: 抓娃娃查看活动〉
[2026-02-22 00:08:12] 没有故事的Pluto: 汤醋
[2026-02-22 00:08:12] 红烧玩机器: 能不能编得假一点，我真的去看HLTV了😓
[2026-02-22 00:08:12] cccexe: 哈哈哈哈哈哈哈哈哈哈哈
[2026-02-22 00:08:12] 海绵宝宝有希儿: 哈哈哈哈哈
[2026-02-22 00:08:12] 做一个更帅气的坏蛋: 机器，如果下次niko鞭jee，你骂不骂
[2026-02-22 00:08:13] A队不吃晃的小祥本人: 玩机器，你现在逆转风评和停止节奏的唯一办法就是把《颂乐人偶》后6集看完
[2026-02-22 00:08:13] 就爱吃辣咋的: 汤出
[2026-02-22 00:08:13] 小波猫: 哈哈哈
[2026-02-22 00:08:13] Chalice1998: ？
[2026-02-22 00:08:13] HELL11152: 切
[2026-02-22 00:08:13] 捂二哥: 不孝
[2026-02-22 00:08:13] 玉米卧槽: 翻了
[2026-02-22 00:08:13] 古堡12枪战神: 哈哈哈哈哈
[2026-02-22 00:08:14] 疯狂的飞机: 刘农
[2026-02-22 00:08:14] Tao7Ge: 哈哈哈哈哈
[2026-02-22 00:08:14] G2的device本人: 区
[2026-02-22 00:08:14] 小川阿丶: ++++++++++++++++++++++++++++
[2026-02-22 00:08:14] 变成allin守护素食小姐: 语气对了
[2026-02-22 00:08:14] Kinap: 刘农
[2026-02-22 00:08:14] 鹿公爷: 害人精
[2026-02-22 00:08:14] 玩斯特出出6657: 流脓
[2026-02-22 00:08:14] wank机器: fw
[2026-02-22 00:08:14] 小肥羊0574: 流脓
[2026-02-22 00:08:14] 菅原小吉: 刘农
[2026-02-22 00:08:14] Yamada、: @niko：食饵缸瘤…虾饺开始变软…😣😣😣
[2026-02-22 00:08:14] 狂欢进行曲: 哈哈哈
[2026-02-22 00:08:15] 好哥们山上撤也: 语气对了
[2026-02-22 00:08:15] 杰里科丶: @BB：终于等到玩大哥回防了
[2026-02-22 00:08:15] minamidaisuki: 尊师大表哥
[2026-02-22 00:08:15] s坑华: 哈哈哈哈哈
[2026-02-22 00:08:15] 玩机器厦面鄙骰大: ？？流脓哈哈哈
[2026-02-22 00:08:15] 机器机器祝你天天开心: 批汤
[2026-02-22 00:08:15] Ka1oto: 哈哈哈哈哈哈哈哈哈哈哈哈哈哈哈哈哈
[2026-02-22 00:08:15] BleksiA: 一脚
[2026-02-22 00:08:15] Killajoy: 一脚踢死
[2026-02-22 00:08:15] 明天开始要牛马归棚了: 完啦😭▜▜▙（玩机器）完啦😭▜▜▙（玩机器）完啦😭▜▜▙（玩机器）
[2026-02-22 00:08:16] 虚心坦懐: 便失体，查看活动＞
[2026-02-22 00:08:16] 羽川翼的恋爱物语: 刘农
[2026-02-22 00:08:16] tungtungtungsahur: 区
[2026-02-22 00:08:16] wristuuio: 你跌好菜，又垫底了
[2026-02-22 00:08:16] 田中口三才: ？？？？？？
[2026-02-22 00:08:16] 丰川祥子单推人: 切
[2026-02-22 00:08:17] 白匀呀: ？？？
[2026-02-22 00:08:17] 记得少吃外卖玩宝宝: cadian指挥的
[2026-02-22 00:08:17] 布斯特丽丽: 你跌好菜，又垫底了
[2026-02-22 00:08:17] 我的好妈妈纯狐: 急
[2026-02-22 00:08:17] 繁繁繁华华: 皮糖
[2026-02-22 00:08:17] Tim1cc: 体感游戏
[2026-02-22 00:08:18] 徐润楷: 刘农
[2026-02-22 00:08:18] SKT的Faker本人: 哈哈哈哈哈哈哈哈哈哈哈
[2026-02-22 00:08:18] 万能的鸵鸟: 哈哈哈哈哈
[2026-02-22 00:08:18] 火爆浪子zz: 菜汤
[2026-02-22 00:08:18] 1freet: 汤➗
[2026-02-22 00:08:18] 猫鼬斩Zz: 刘农
[2026-02-22 00:08:18] 机器机器祝你天天开心: 哈哈哈哈哈哈哈哈哈
[2026-02-22 00:08:18] 野pig亨利28: 哈哈哈哈哈哈哈
[2026-02-22 00:08:18] 胖贾森: 刘农
[2026-02-22 00:08:18] 正经猪头肉: 这老汤真TM废啊
[2026-02-22 00:08:18] 河北雨姐: 刘农
[2026-02-22 00:08:18] VDVCI的迪米特里本人: 编的真的家庭情况和载大哥一样
[2026-02-22 00:08:18] 海绵宝宝喜多: 哈哈哈哈哈
[2026-02-22 00:08:19] 老尼的虾线: 僵尸
[2026-02-22 00:08:19] 法师张三: 汤出
[2026-02-22 00:08:19] 天际之光90830: 流脓了
[2026-02-22 00:08:19] CThun438: 流脓
[2026-02-22 00:08:19] 李大钊与陈独秀: 语气对了
[2026-02-22 00:08:19] 我没P眼123: 刘农
[2026-02-22 00:08:19] BillionBet亿博电子: 《鞭我喜欢的选手比如老汤我肯定要喷》《哈哈还鞭到老汤身上了》《由于对方隐私设置无法查看空间》
[2026-02-22 00:08:20] Nobody77866: 一脚踢死
[2026-02-22 00:08:20] 丢你雷姆吔屎啦你: 玩机器就是爱弥斯：1.都有个老将叠 2.都二月份登山 3.都大学肄业4.都会尽全力维护老爸
[2026-02-22 00:08:20] 林檎的檎: 刘农
[2026-02-22 00:08:20] s坑华: 一脚踢死
[2026-02-22 00:08:20] 勇敢地滋出来: 不孝
[2026-02-22 00:08:20] 鼠鼠蛇蛇major冠军: 刘农
[2026-02-22 00:08:20] 玩机器厦面鄙骰大: ？？流脓哈哈哈，又切
[2026-02-22 00:08:20] 天魔外道y: 刘农
[2026-02-22 00:08:21] chordclef: 也许
[2026-02-22 00:08:21] 正经猪头肉: 这老汤真TM废啊
[2026-02-22 00:08:21] 用户7123010964: 刘农
[2026-02-22 00:08:21] Milkshakechs: 感觉比赛才刚刚开始啊
[2026-02-22 00:08:21] 冉冉的脚趾皮: 流脓
[2026-02-22 00:08:21] 喜欢素素: 语气对了
[2026-02-22 00:08:21] 柑橘树的柑橘树本人: 演播室都挂着6657，机器你出息了👍
[2026-02-22 00:08:21] 狄外思甩-呃咳咳咳咳: 流脓
[2026-02-22 00:08:22] supperpigi: 刘农
[2026-02-22 00:08:22] 爱洛魔神仙台叶月: 刘农
[2026-02-22 00:08:22] dark1337: 刘农害死全队
[2026-02-22 00:08:22] disableD157貳號機: cadian指挥的
[2026-02-22 00:08:22] 田中口三才: 刘农
[2026-02-22 00:08:22] 上完课我找你: 玩机器，你现在逆转风评和停止节奏的唯一办法就是把《颂乐人偶》后6集看完
[2026-02-22 00:08:22] 白皇的三千院Nagi本人: niko（👀12-6❓❗）🦐腿开始发抖o（（⊙﹏⊙))o.
[2026-02-22 00:08:23] 永远喜欢远近渔: 刘农
[2026-02-22 00:08:23] 好兄弟本泽马: 路边一条
[2026-02-22 00:08:23] 哈曼_卡恩: 玩机器，你现在逆转风评和停止节奏的唯一办法就是把《颂乐人偶》后6集看完
[2026-02-22 00:08:23] 天魔外道y: 刘农
[2026-02-22 00:08:23] 何蓝雨: 刘农
[2026-02-22 00:08:23] 流光似水321: 汤出
[2026-02-22 00:08:23] M00nDown: 语气对了
[2026-02-22 00:08:23] 夯昆23333: 刘农
[2026-02-22 00:08:23] LvvsiN: 别解说了 多聊会天 你不会真的以为能输吧
[2026-02-22 00:08:24] Ar1sen: ++++++++++++++++++++++++++++++++++++++++++++++++++
[2026-02-22 00:08:24] Shap1st: 刘农
[2026-02-22 00:08:24] 乌鸦晒不黑: 又在Q
[2026-02-22 00:08:24] tungtungtungsahur: 刘农
[2026-02-22 00:08:24] -DJANGO-: 刘农
[2026-02-22 00:08:24] 玩小猫丶Pu5sy: 刘农
[2026-02-22 00:08:25] 皮皮嘉777: 俩门啊
[2026-02-22 00:08:25] 金刚金刚最可爱: 刘农
[2026-02-22 00:08:25] 煞鱼辣椒sylj: 流脓
[2026-02-22 00:08:25] Heartzzz丶: 流脓本人
[2026-02-22 00:08:25] xu瓜: 皮糖
[2026-02-22 00:08:25] 玩玩的丸丸软又弹: 语气对了
[2026-02-22 00:08:25] 醉读月色: 这老汤真TM废啊
[2026-02-22 00:08:25] 烈酒作伴000: 菜汤
[2026-02-22 00:08:25] 芝士每天都很困: 不孝
[2026-02-22 00:08:25] 木空空空空空: 这老汤真TM废啊
[2026-02-22 00:08:26] JanXu1999: 抓娃娃
[2026-02-22 00:08:26] 夏也君: 你爸真菜阿
[2026-02-22 00:08:26] 已经意识模糊了: 语气对了
[2026-02-22 00:08:26] 唦卡井一一一: 刘农害死全队
[2026-02-22 00:08:26] 一条无梦鱼: 这老汤真TM废啊
[2026-02-22 00:08:26] Q1ed7f9c85b3bc7571: 语气对了
[2026-02-22 00:08:26] shanweii: 你跌好菜，又垫底了
[2026-02-22 00:08:26] Arianphy: 刘农
[2026-02-22 00:08:26] 大肉鲁: +++++++
[2026-02-22 00:08:26] 机器机器祝你天天开心: 害人精
[2026-02-22 00:08:27] 永远的克罗娜: 爱弥斯，我只希望你能轻松快乐的生活......
[2026-02-22 00:08:27] 一位不知名的粤Y水友: 不孝
[2026-02-22 00:08:27] Yamada、: @niko：食饵缸瘤…虾饺开始变软…😣😣😣
[2026-02-22 00:08:27] 卖鱼强不卖鱼: 你跌好菜，又垫底了
[2026-02-22 00:08:28] 听说改名能中奖是八: 语气对了
[2026-02-22 00:08:28] xyxxyzbbdzq: 刘农
[2026-02-22 00:08:28] NiKkiRain: 12-6了
[2026-02-22 00:08:28] 天魔外道y: 刘农
[2026-02-22 00:08:28] 汇啊啊啊: 区
[2026-02-22 00:08:28] cxr999999: 流脓
[2026-02-22 00:08:28] 祁祁祁祈: q
[2026-02-22 00:08:29] 傩送盼谑垦缺: 刘农
[2026-02-22 00:08:29] 67373的黄色闪光: 你昨天没看的那场比这晕多了
[2026-02-22 00:08:29] 还有时间日落之前: QQQQQQ
[2026-02-22 00:08:29] 加泰罗尼亚狂想: 刘农
[2026-02-22 00:08:29] 雨尽打伞人092: 流脓
[2026-02-22 00:08:29] 你的最佳读者: 皮糖
[2026-02-22 00:08:29] 68四十八: 流脓
[2026-02-22 00:08:29] zeta黯霓: 好菜
[2026-02-22 00:08:30] 大藏游星之jame粉丝: 流脓
[2026-02-22 00:08:30] EWH71: 爱弥斯，我只希望你能轻松快乐的生活......
[2026-02-22 00:08:30] 玩机器厦面鄙骰大: ？？流脓哈哈哈，又切。上次有宝石这次是什么
[2026-02-22 00:08:30] Yamada、: 流脓
[2026-02-22 00:08:30] Astralis若葉睦本人: 流脓
[2026-02-22 00:08:30] 木人斤: 这老汤真TM废啊
[2026-02-22 00:08:30] lpyuan: 语气对了
[2026-02-22 00:08:30] Enzee丶: 语气对了
[2026-02-22 00:08:30] 演员黄轩丶: 机器，怎么鼠也在100T?
[2026-02-22 00:08:31] Yanam1Anna: 龙哥已经被下放了，下一个来给Niko背锅的是谁呢？
[2026-02-22 00:08:31] A队不吃晃的小祥本人: 玩机器，你现在逆转风评和停止节奏的唯一办法就是把《颂乐人偶》后6集看完
[2026-02-22 00:08:31] PUBG唯一真神GodZuo: 你爸蒸菜！你爸蒸菜！你爸蒸菜！你爸蒸菜！你爸蒸菜！你爸蒸菜！你爸蒸菜！你爸蒸菜！你爸蒸菜！你爸蒸菜！
[2026-02-22 00:08:31] 新月似当年1: 刘农
[2026-02-22 00:08:31] 凝视深渊丶玩叽叽: 刘农害死全队
[2026-02-22 00:08:31] 神人马希洛: 流脓
[2026-02-22 00:08:31] 杨杰永远开心: 抓娃娃
[2026-02-22 00:08:31] xjdnshxjdka: 你跌好菜，又垫底了
[2026-02-22 00:08:32] 想把机器抱起来唱: 语气对了
[2026-02-22 00:08:32] 朝霧MisTy: 流脓
[2026-02-22 00:08:32] yieeeeeee: 比分正确，地图正确
[2026-02-22 00:08:32] 风追XD: @Karrigan：也许🐕💩才刚刚粘上
[2026-02-22 00:08:33] 岁岁年i: 刘农
[2026-02-22 00:08:33] Cracco1a: 这老汤真TM废啊
[2026-02-22 00:08:33] 爱音铁板双架冒充素世: 别解说了 多聊会天 你不会真的以为能输吧
[2026-02-22 00:08:33] 晨风凌云21146: 生菜汤
[2026-02-22 00:08:33] Arianphy: QQQQQQ
[2026-02-22 00:08:33] 好姐妹安达利尔: device没有导致A队王朝的覆灭——玩机器
[2026-02-22 00:08:34] 上完课我找你: 《不要再讨论双倍了》《以后明天都会开双倍》《不要给网络主播送礼物了》《铁皮礼物双倍卡》
[2026-02-22 00:08:34] 用户0198233878: 想多陪你一会儿
[2026-02-22 00:08:34] 恺悌君子能几醉: 哥，看你直播这么久也没送啥礼物 ，今天给你转了5000，你下载蚁族崛起回复yyf领取
[2026-02-22 00:08:34] 马楼King张三: 老汤为什么要伤害队伍
[2026-02-22 00:08:34] 玖酒八拾一: 流脓
[2026-02-22 00:08:34] 万物养生: 刘农
[2026-02-22 00:08:34] 青二的羊宫妃那本人: 陈千语帮忙带份大葱炒鹈鹕蛋
[2026-02-22 00:08:34] 落花丶忧伤丶: 好糯啊
[2026-02-22 00:08:34] 祈佑w: 要被翻了
[2026-02-22 00:08:35] 老年鱼鱼鱼: 刘农
[2026-02-22 00:08:35] 东南市民小墨:  @隔壁老贾l：device是人类啊
[2026-02-22 00:08:35] 玩唧唧machine: 流脓了
[2026-02-22 00:08:35] 鵷鶵籲天兮滴血千里: 流脓
[2026-02-22 00:08:35] 小玩您好: 你爸真菜阿
[2026-02-22 00:08:35] 玩老鼠丶Roxy: cadian指挥的
[2026-02-22 00:08:35] 天际之光90830: 刘农
[2026-02-22 00:08:36] 我感觉很膨胀: 语气对了
[2026-02-22 00:08:36] LvvsiN: @老汤日记:丹麦总统让我静音接触白宫，这应该是我最后一次看儿子直播了，机器，我爱你...
[2026-02-22 00:08:36] liwored: 刘农
[2026-02-22 00:08:36] 滑铲上天: 三楼不看，下包切枪
[2026-02-22 00:08:36] 菅原小吉: 不知道的还以为刘农才是指挥呢😅
[2026-02-22 00:08:36] koctaa: 刘农害死全队
[2026-02-22 00:08:36] kalaokl: 其实碗橱就是猪灵，你不拿黄金丢他他就不跟你说话
[2026-02-22 00:08:36] 房同学19554: 碗橱你还不开双倍，是不想要我手里这十个荧光棒了？⊂[┐'_'┌]⊃
[2026-02-22 00:08:37] 用户2421654511: 还在给老汤送狙
[2026-02-22 00:08:37] 玩机器厦面鄙骰大: ？？流脓哈哈哈，又切。上次有宝石有狙，这次是什么
[2026-02-22 00:08:37] F0restwOw-: 语气对了
[2026-02-22 00:08:37] 可軒KXxXxXxX: 刘农
[2026-02-22 00:08:37] 无伟契约: 暗黑CS
[2026-02-22 00:08:38] 卖二货的小蘑菇: 这老汤真TM废啊
[2026-02-22 00:08:38] Ka1oto: 真没办法吗
[2026-02-22 00:08:38] 消逝の繁星: 看哪呢老汤
[2026-02-22 00:08:38] 渚泮永恒: 味对了
[2026-02-22 00:08:38] 杰里科丶: 语气对了
[2026-02-22 00:08:38] tungtungtungsahur: 抓娃娃
[2026-02-22 00:08:38] 永不独行丶YNWA: 恨父不成钢啊机器
[2026-02-22 00:08:38] 走走道儿疯了: 你爸干什么工作的
[2026-02-22 00:08:39] Khrubov: 这胖球胖在哪？球在哪？
[2026-02-22 00:08:39] 一朵芙蓉: 好胖球
[2026-02-22 00:08:39] 红红雨雨养猪冠军: 你已急哭
[2026-02-22 00:08:39] Yamada、: @niko：食饵缸瘤…虾饺开始变软…😣😣😣
[2026-02-22 00:08:39] 万能的鸵鸟: 瘦球
[2026-02-22 00:08:40] 谁在称无敌---: 大东指挥的 队友都跟不上节奏 刘聪真得有点毛病
[2026-02-22 00:08:40] sunshine1869: 又在那切东切西的
[2026-02-22 00:08:40] dark1337: 没在哪
[2026-02-22 00:08:40] 森林与雁: cadian指挥的
[2026-02-22 00:08:40] 玩机器厦面鄙骰大: ？？流脓哈哈哈，又切。上次有宝石有狙，这次是什么
[2026-02-22 00:08:40] 新手请多关照井5883: 梯队人了
[2026-02-22 00:08:40] 素6666: 老爸好菜....
[2026-02-22 00:08:41] 工业化战士: 你爸真菜阿
[2026-02-22 00:08:41] 鹦鹉151: @HOOXI
[2026-02-22 00:08:41] 宝哥我套死你猴子的: BB：终于拖到玩大哥回防😁
[2026-02-22 00:08:41] 天魔外道y: 这老汤真TM废啊
[2026-02-22 00:08:42] 足音: 龙哥已经被下放了，下一个来给Niko背锅的是谁呢？
[2026-02-22 00:08:42] 白皇的三千院Nagi本人: 你跌好菜，又垫底了
[2026-02-22 00:08:42] 好姐妹铃木羽那: 爱弥斯，我只希望你能轻松快乐的生活......
[2026-02-22 00:08:42] 永远的克罗娜: 爱弥斯，我只希望你能轻松快乐的生活......
[2026-02-22 00:08:43] 四de无: NiKo（👀12-6❓❗）🦐腿开始发抖o（（⊙﹏⊙)）o
[2026-02-22 00:08:43] CS解说丰川祥子: 老汤还是太菜了
[2026-02-22 00:08:43] 艾坤123: 没办法在哪
[2026-02-22 00:08:44] 沉沦ty: 瘦球
[2026-02-22 00:08:44] 笠松的小栗帽本人: 胖球： @Dev1ce:哈哈哈哈，儿子，爹丢不丢人？爹菜不菜？😁（开心地空枪）
[2026-02-22 00:08:44] 巅峰A队魔男: 逆蝶把队友全害死了
[2026-02-22 00:08:44] LvvsiN: 南孚一节更比六节强，也就是一节南孚比六节南孚强，六节南孚比三十六节强，三十六节比二百一十六节强
[2026-02-22 00:08:44] Yamada、: @niko：食饵缸瘤…虾饺开始变软…😣😣😣
[2026-02-22 00:08:44] 演员黄轩丶: 机器，怎么鼠也在100T?
[2026-02-22 00:08:44] 上完课我找你: 胖球： @Dev1ce:哈哈哈哈，儿子，爹丢不丢人？爹菜不菜？😁（开心地空枪）
[2026-02-22 00:08:45] 玩大狙、dev1cy: 老汤醒了
[2026-02-22 00:08:45] 明天开始要牛马归棚了: 大家把手举起来给刘农力量🖐😭🖐大家把手举起来给刘农力量🖐😭🖐
[2026-02-22 00:08:45] 天残少女王朗: 弹幕节奏太过分了
[2026-02-22 00:08:45] 虚心坦懐: 胖球胖在哪
[2026-02-22 00:08:45] 红烧玩机器: 胖在哪？
[2026-02-22 00:08:45] wristuuio: 你跌好菜，又垫底了
[2026-02-22 00:08:45] 丶丶Ken丶丶: 你已急哭
[2026-02-22 00:08:45] 麦当劳在逃收银员: 胖在哪
[2026-02-22 00:08:45] 若叶睦吃苦瓜: cadian指挥的
[2026-02-22 00:08:45] 如如493: 没办法（痛苦想登山）
[2026-02-22 00:08:46] Jigsaw7: 这还不如莽上面
[2026-02-22 00:08:46] Tim1cc: 吹胖球
[2026-02-22 00:08:46] s坑华: 这老汤真TM废啊
[2026-02-22 00:08:46] Allure无言: 不考
[2026-02-22 00:08:46] 羽川翼的恋爱物语: 瘦球
[2026-02-22 00:08:47] HCS118: 又在那切东切西的
[2026-02-22 00:08:47] AgentRay: 瘦球
[2026-02-22 00:08:47] 流光似水321: cadian指挥的
[2026-02-22 00:08:47] 不甜o0: 开洗
[2026-02-22 00:08:47] koctaa: 你爸真菜阿
[2026-02-22 00:08:47] 白皇的三千院Nagi本人: niko（👀12-6❓❗）🦐腿开始发抖o（（⊙﹏⊙))o.
[2026-02-22 00:08:47] 德布劳内本人z: 确实
[2026-02-22 00:08:48] 用户3967614494: NiKo（👀12-6❓❗）🦐腿开始发抖o（（⊙﹏⊙)）o
[2026-02-22 00:08:48] 你那边有雨: 噔噔噔🍷😎噔噔噔噔🍷😎噔噔🍷😎噔噔噔🎤🐖
[2026-02-22 00:08:48] 专看玩机器的号: NiKo（👀12-6❓❗）🦐腿开始发抖o（（⊙﹏⊙)）o
[2026-02-22 00:08:48] LvvsiN: 我提一嘴这剧情越来越像上海major了
[2026-02-22 00:08:48] 马楼King张三: 不考
[2026-02-22 00:08:48] A队不吃晃的小祥本人: 老规矩，弹幕谁编的好笑我支持谁
[2026-02-22 00:08:48] c9的stewie本人: 你跌好菜，又垫底了
[2026-02-22 00:08:49] 瑭珏: 法尔孔play
[2026-02-22 00:08:49] 瘤坤别念了: 外场卖一个，内场卖一个，device这波，这波全卖完了
[2026-02-22 00:08:49] 艺术冰霜: 逆蝶把队友全害死了
[2026-02-22 00:08:49] 七色的人偶使者: 你爸干什么工作的
[2026-02-22 00:08:49] 尘釁: 瘦球
[2026-02-22 00:08:49] 素质三连666: 这要是被16-12了，脓汤就是千古罪人了
[2026-02-22 00:08:50] 演员黄轩丶: 机器，怎么鼠也在100T?
[2026-02-22 00:08:50] 曲奇三梦: 7-16
[2026-02-22 00:08:50] 传统peek高手XANTARES: BB：终于拖到玩大哥回防😁
[2026-02-22 00:08:50] LvvsiN: 男人一生只哭十八次：niko十七次梦碎major正赛, niko梦碎里约major RMR＼
[2026-02-22 00:08:50] 玩大人的小吉吉: 目前大东指挥7把，老汤指挥12把
[2026-02-22 00:08:51] A队不吃晃的小祥本人: 申请看100T比赛净化弹幕，同意的＋1
[2026-02-22 00:08:51] soul丶兮颜: 菜就去下包
[2026-02-22 00:08:51] tungtungtungsahur: 胖在哪？
[2026-02-22 00:08:51] 卢哥今天吴彦祖: 机器，怎么鼠也在100T?
[2026-02-22 00:08:51] 排骨的愤怒: 瘦球
[2026-02-22 00:08:51] 鹦鹉151: @Hooxi：感觉踢对人了啊
[2026-02-22 00:08:51] Tim1cc: 洗
[2026-02-22 00:08:51] Heartzzz丶: 你的意思是胖球比流脓和阿雨都厉害吗
[2026-02-22 00:08:51] 脑呱子嗡嗡: 别看了，求你了
[2026-02-22 00:08:52] 我的ad不是混子: 胖球胖在哪
[2026-02-22 00:08:52] 李小小与虾大大: 可是我家宗主也很强啊🥺
[2026-02-22 00:08:52] AfterSh0ck: 瘦棍
[2026-02-22 00:08:52] LvvsiN: 你为什么要把mαjor禁了，我收藏的一半弹幕全毁了
[2026-02-22 00:08:53] K1S4Ra: NiKo（👀12-6❓❗）🦐腿开始发抖o（（⊙﹏⊙)）o
[2026-02-22 00:08:53] 玩勾八d1ck: 弹幕绞尽脑汁串不如设备灵机一动啊
[2026-02-22 00:08:53] 玩机器厦面鄙骰大: ？？流脓哈哈哈，又切。上次有宝石有狙，这次是什么
[2026-02-22 00:08:53] 机器机器祝你天天开心: 翻了
[2026-02-22 00:08:53] YeMinister: 你跌好菜，又垫底了
[2026-02-22 00:08:53] xOcOg: 目前大东指挥7回合，设备指挥12回合，大东指挥设备送7次，设备指挥大东杀11个
[2026-02-22 00:08:53] 玩斯特出出6657: BB：终于拖到玩大哥回防😁
[2026-02-22 00:08:54] Xingkong2998: 胖球胖哪了
[2026-02-22 00:08:54] 炒鸡胸di爱疯: NiKo（👀12-6❓❗）🦐腿开始发抖o（（⊙﹏⊙)）o
[2026-02-22 00:08:54] 洛杉矶湖人的乐邦詹士: 这是人类么？？？？
[2026-02-22 00:08:54] Milkshakechs: SIRAH怎么长得这么像鼠。。。。。。
[2026-02-22 00:08:54] LvvsiN: 就tm喜欢银行业🥰银行坏账我喜欢🥰银行挤兑我还喜欢😍利率调低我也喜欢🤤老子亲烂银行业的脸😘
[2026-02-22 00:08:55] G2的device本人: 吸血
[2026-02-22 00:08:55] Divine19111: 这不瘦球吗你虾吗
[2026-02-22 00:08:55] YESTWO: 7-16吊在哪
[2026-02-22 00:08:55] 浮沉缺舟: 7-18强说是
[2026-02-22 00:08:55] 演员黄轩丶: 机器，怎么鼠也在100T?
[2026-02-22 00:08:55] jamesfaith23: 逆蝶把队友全害死了
[2026-02-22 00:08:55] 细菌P: 卧槽，孩孩回G2了！说要一人一城不抱团当真GOAT！
[2026-02-22 00:08:55] 不主动不拒绝不负责: Dev1ce👀12-6❓❗）🦐腿开始发抖o（（⊙﹏⊙))o。
[2026-02-22 00:08:56] 野pig亨利28: 脸色对了
[2026-02-22 00:08:56] A队不吃晃的小祥本人: 申请看100T比赛净化弹幕，同意的＋1
[2026-02-22 00:08:56] 上船七年没谈过: 加利福尼亚之夜要来了
[2026-02-22 00:08:56] 梦的星: 老汤又卖送送
[2026-02-22 00:08:56] suicho: 目前老汤指挥12把，陈千雨指挥7把
[2026-02-22 00:08:56] 白河日和: 痩球
[2026-02-22 00:08:56] LvvsiN: 别解说了 多聊会天 你不会真的以为能输吧
[2026-02-22 00:08:57] 夜清英: 瘦球
[2026-02-22 00:08:57] 阿道和伏见柚柚: 胖球是中间最下面那个吗
[2026-02-22 00:08:57] 北漠寒栀: 私人
[2026-02-22 00:08:57] 丶花无言: 胖球为什么变化值么大
[2026-02-22 00:08:57] 喜欢素素: NiKo（👀12-6❓❗）🦐腿开始发抖o（（⊙﹏⊙)）o
[2026-02-22 00:08:57] Rainwedell: 诸葛指挥的吗
[2026-02-22 00:08:57] kalaokl: 你说得对，但是玩机器是个稳重，成熟，情绪稳定，老实，博学的人，当然这些都是假的他就是个啥比
[2026-02-22 00:08:58] 玩跳丹jampegg: @device:你真是个晦气东西
[2026-02-22 00:08:58] 云海之上aa: 。
[2026-02-22 00:08:58] EdwardM983: 吸血
[2026-02-22 00:08:58] 网友苏顺鱼: 李以为会苏啊......李以为会苏啊......李以为会苏啊......
[2026-02-22 00:08:58] LvvsiN: 其实碗橱就是猪灵，你不拿黄金丢他他就不跟你说话
[2026-02-22 00:08:59] 法棍棍棍棍棍棍: 瘦棍
[2026-02-22 00:08:59] 着着着着糕: 胖在哪
[2026-02-22 00:08:59] User5092: 这么瘦的人你叫他胖球，你自己跟个🐷一样怎么不这么叫自己？
[2026-02-22 00:08:59] 友利奈绪我老婆d: 机器，怎么鼠也在100T?
[2026-02-22 00:09:00] Moe1e: @Dev1ce:哈哈哈哈，儿子，爹丢不丢人？爹菜不菜？😁（开心地空枪）
[2026-02-22 00:09:00] 坝瘫虎出动目标铲车人: @大东:老汤你去害死两个队友
[2026-02-22 00:09:00] 就白给桑: NiKo（👀12-6❓❗）🦐腿开始发抖o（（⊙﹏⊙)）o
[2026-02-22 00:09:00] A队不吃晃的小祥本人: 申请看100T比赛净化弹幕，同意的＋1
[2026-02-22 00:09:00] 菜鸟上帝: 胖球胖在哪
[2026-02-22 00:09:00] 空山鸟语i: 不是大东指挥的？
[2026-02-22 00:09:00] JiJieHao的BOROS本人: 沧桑的老汤
[2026-02-22 00:09:00] likerika: SIRAH怎么长得这么像鼠。。。。。。
[2026-02-22 00:09:01] LvvsiN: 男人一生只哭十八次：niko十七次梦碎major正赛, niko梦碎里约major RMR＼
[2026-02-22 00:09:01] NiKkiRain: niko（👀12-6❓❗）🦐腿开始发抖o（（⊙﹏⊙))o.
[2026-02-22 00:09:01] GF-of-GotohHitori、Kita: 这还英雄狙？
[2026-02-22 00:09:01] metalpoison: 目前老汤指挥12把，陈千雨指挥7把
[2026-02-22 00:09:01] 玩牛魔丶Cowking: 不孝
[2026-02-22 00:09:01] 梅格雷: 老汤在看哪
[2026-02-22 00:09:02] 李飘杨: 老汤老糊涂了
[2026-02-22 00:09:02] 迪奥雷: 20-22警告
[2026-02-22 00:09:02] SKT的Faker本人: 吸血
[2026-02-22 00:09:02] 凝视深渊丶玩叽叽: 吸血
[2026-02-22 00:09:02] M海豚有海M: 又考又不考
[2026-02-22 00:09:03] 洛杉矶湖人的乐邦詹士: 这也太菜了
[2026-02-22 00:09:03] LvvsiN: 南孚一节更比六节强，也就是一节南孚比六节南孚强，六节南孚比三十六节强，三十六节比二百一十六节强
[2026-02-22 00:09:03] 乌鸦晒不黑: 为什么老汤这么爱切啊，干脆叫刘切吧
[2026-02-22 00:09:03] zbq93: 胖球是中间最下面那个吗
[2026-02-22 00:09:03] 命运叫我去战斗:  @Karrigan：也许🐕💩才刚刚粘上
[2026-02-22 00:09:03] 棍神南极服登顶: Dev1ce👀12-6❓❗）🦐腿开始发抖o（（⊙﹏⊙))o。
[2026-02-22 00:09:04] 安德莉亞: 没事 老汤下版本进池子 直接变小汤 大C
[2026-02-22 00:09:04] 哈曼_卡恩: 你为什么要把mαjor禁了，我收藏的一半弹幕全毁了
[2026-02-22 00:09:04] G2的device本人: 考
[2026-02-22 00:09:04] 好哥们儿神棍: 认了新蝶了老汤都不笑了吗机器
[2026-02-22 00:09:04] 洗內: 没办法，老汤喜欢吹雪不喜欢夕立所以才卖的poi
[2026-02-22 00:09:04] GlockieSs: 刘农：儿子 老爸还能这样帮你净化弹幕环境了😔
[2026-02-22 00:09:05] LvvsiN: 别解说了 多聊会天 你不会真的以为能输吧
[2026-02-22 00:09:05] 好哥们穿谱: 胖球是中间最下面那个吗
[2026-02-22 00:09:05] 青芒一刀给你干稀碎: 诸葛的命令吗？
[2026-02-22 00:09:05] 鹦侨侨侨侨: 就你还好意思叫别人胖球呢
[2026-02-22 00:09:05] 天魔外道y: 吸血
[2026-02-22 00:09:05] 听说改名能中奖是八: 英雄狙？？？？？？？
[2026-02-22 00:09:05] 玩机器脚臭害我口臭: @Dev1ce:哈哈哈哈，儿子，爹丢不丢人？爹菜不菜？😁（开心地空枪）
[2026-02-22 00:09:06] 杰里科丶: 考
[2026-02-22 00:09:06] seven6657: 胖球胖在哪
[2026-02-22 00:09:06] dark1337: 不用看
[2026-02-22 00:09:06] 无责任评论员: 流脓再来几次，玩处准备登山了
[2026-02-22 00:09:07] Yamada、: @niko：12-7…虾饺开始变软…😣😣😣
[2026-02-22 00:09:07] NiKkiRain: ？？？
[2026-02-22 00:09:07] LvvsiN: 你这音画不同步太难受了，我都听到NIKO里约RMR晋级的欢呼了
[2026-02-22 00:09:07] x星辰GGGGGG: 😙🍠😙🍠😙🍠😙🍠😙🍠😙🍠😙🍠😙🍠😙🍠😙🍠😙🍠
[2026-02-22 00:09:07] 血樱幽世: 闹麻了
[2026-02-22 00:09:07] 羽川翼的恋爱物语: 英雄在哪
[2026-02-22 00:09:07] 任曦frent: 你碟好菜。。。
[2026-02-22 00:09:07] 5m1le: 【hltv】六月飞霜凝铁骨，一腔碧血化啼鹃：niko没鞭！
[2026-02-22 00:09:07] 是小兔呀i: 老汤吸血了！
[2026-02-22 00:09:07] 玩机器又帅声音又好听: 12-6都没人说吗。。。nb
[2026-02-22 00:09:07] 火星情报员工: 别解说了 多聊会天 你不会真的以为能输吧
[2026-02-22 00:09:07] 丢你雷姆吔屎啦你: 康神开播啦🤩真的假的❓我靠💥真开播了🤭没胖😣我真比以前瘦了啊
[2026-02-22 00:09:08] 无伟契约: 这不是暗黑CS啊？20秒还无信息转点
[2026-02-22 00:09:08] 红烧玩机器: 胖球胖球，我看你才是胖球
[2026-02-22 00:09:08] 消逝の繁星: ？？？
[2026-02-22 00:09:08] 梦的星: 吸血
[2026-02-22 00:09:08] 大白破烂熊: 吸血
[2026-02-22 00:09:09] 顺风AME逆风AMS: 配吗
[2026-02-22 00:09:09] JaFency: 捡的
[2026-02-22 00:09:09] 房同学19554: 碗橱你还不开双倍，是不想要我手里这十个荧光棒了？⊂[┐'_'┌]⊃
[2026-02-22 00:09:09] 机器机器祝你天天开心: 瘤
[2026-02-22 00:09:09] 小肥羊0574: 不用看
[2026-02-22 00:09:10] 哦哦哦哦哦hide: 送狙
[2026-02-22 00:09:10] 二着先生尼古拉: 目前老汤指挥12把，陈千雨指挥7把
[2026-02-22 00:09:10] 用父爱感化铁拳: 玩大哥要求的不多，只要父亲还在现场就很满足了
[2026-02-22 00:09:10] 没有故事的Pluto: 你问我device为什么菜了，因为他意识到自己并不是玩机器最爱的选手，jee才是...
[2026-02-22 00:09:10] 细菌P: 卧槽，孩孩回G2了！说要一人一城不抱团当真GOAT！💪👑
[2026-02-22 00:09:10] KYJunr: 真的是英雄吗
[2026-02-22 00:09:11] 永远的克罗娜: 爱弥斯，我只希望你能轻松快乐的生活......
[2026-02-22 00:09:11] 帕金森患者Z: 吸血
[2026-02-22 00:09:11] LvvsiN: 就tm喜欢银行业🥰银行坏账我喜欢🥰银行挤兑我还喜欢😍利率调低我也喜欢🤤老子亲烂银行业的脸😘
[2026-02-22 00:09:11] 5m1le: 【hltv】六月飞霜凝铁骨，一腔碧血化啼鹃：niko没鞭！
[2026-02-22 00:09:11] JamYo0oung: 12-6都没人说吗。。。nb
[2026-02-22 00:09:12] TieZhu丶: 大的要来了
[2026-02-22 00:09:12] RamessesII64177: 吸血
[2026-02-22 00:09:12] 凛雪鸦MIO: 不用看
[2026-02-22 00:09:12] ilya111: 别解说了 多聊会天 你不会真的以为能输吧
[2026-02-22 00:09:12] chukap: 机器，怎么鼠也在100T?
[2026-02-22 00:09:13] 洛杉矶湖人的乐邦詹士: ？？？？？？？？？？这人是人类？？
[2026-02-22 00:09:13] 棍老师047: 水蛭来了
[2026-02-22 00:09:13] 记得少吃外卖玩宝宝: 保皇战术
[2026-02-22 00:09:13] AgentRay: 鼠怎么改了个名也去100t了
[2026-02-22 00:09:13] 玩机器厦面鄙骰大: 吸血，准备被手撕
[2026-02-22 00:09:13] 天魔外道y: 胖球胖球，我看你才是胖球
[2026-02-22 00:09:14] 欧内的手丨好汉: ECO起狙，你爸是人类啊？
[2026-02-22 00:09:14] 黑白桃乐兹: 323
[2026-02-22 00:09:14] 述二ER: 弹幕被谁净化了啊😨
[2026-02-22 00:09:14] 圣诞节二人组: 送狙
[2026-02-22 00:09:14] GlockieSs: 刘农：儿子 老爸还能这样帮你净化弹幕环境了😔 
[2026-02-22 00:09:14] 很久以前Ty: 狗熊
[2026-02-22 00:09:15] 神马米洛: 玩机器，一直孝会很累
[2026-02-22 00:09:15] 大家要幸福呀: 你这体型有脸叫别人胖球？
[2026-02-22 00:09:15] 轻伤酱: 配吗
[2026-02-22 00:09:15] Vitality的Eminem本人: 送狙了
[2026-02-22 00:09:15] 丰川祥子单推人: 捧杀狙
[2026-02-22 00:09:15] 玩跳丹jampegg: 你问我device为什么菜了，因为他意识到自己并不是玩机器最爱的选手，jee才是...
[2026-02-22 00:09:15] 玩斯特出出6657: 捡的
[2026-02-22 00:09:15] 我变扁了: 吸血
[2026-02-22 00:09:15] 余生从此寄沧海: 送狙了
[2026-02-22 00:09:15] 玩机器脚臭害我口臭: 吸
[2026-02-22 00:09:15] 天魔外道y: 胖球胖球，我看你才是胖球
[2026-02-22 00:09:15] 5m1le: 【hltv】六月飞霜凝铁骨，一腔碧血化啼鹃：niko没鞭！
[2026-02-22 00:09:16] 敬往事i一杯酒: 英雄在哪
[2026-02-22 00:09:16] 品客贝比: 狗熊狙
[2026-02-22 00:09:16] 星海羽弦: 玩大哥要求的不多，只要父亲还在现场就很满足了
[2026-02-22 00:09:16] Killajoy: 送狙了
[2026-02-22 00:09:16] 走走道儿疯了: 保
[2026-02-22 00:09:16] 金刚金刚最可爱: 吸血
[2026-02-22 00:09:17] 我感觉很膨胀: c9？
[2026-02-22 00:09:17] 时节不居99156: 捡的
[2026-02-22 00:09:17] Yamada、: @niko：12-7…虾饺开始变软…😣😣😣
[2026-02-22 00:09:17] GlockieSs: 刘农：儿子 老爸还能这样帮你净化弹幕环境了😔
[2026-02-22 00:09:17] EA斯特SONSON: 捡的闹麻了
[2026-02-22 00:09:17] 小蜜蜂的长期素食本人: 谁还有多余资金
[2026-02-22 00:09:18] 永远的克罗娜: 爱弥斯，我只希望你能轻松快乐的生活......
[2026-02-22 00:09:18] Vitality的羽贺文乃本人: 胖球胖球，我看你才是胖球
[2026-02-22 00:09:18] 好哥们汉阳造: 我看见一只猪叫瘦棍胖球。。。
[2026-02-22 00:09:19] 瑭珏: 记住这把狙
[2026-02-22 00:09:19] 亭亭玉立的菊花: 这不就是人吗？
[2026-02-22 00:09:19] 晨风凌云21146: ECO起狙，你爸是人类啊？
[2026-02-22 00:09:19] LvvsiN: 额，拿亚军我都会，拿亚军，拿季军，拿四强，拿八强，拿十六强，呃拿冠军我不会，然后小组赛淘汰
[2026-02-22 00:09:20] 天魔外道y: 胖球胖球，我看你才是胖球
[2026-02-22 00:09:20] 睡了撒别大大: 闹麻了
[2026-02-22 00:09:20] 弱智骚年欢乐多: 狗熊狙
[2026-02-22 00:09:20] 已被homo占用: ECO起狙，你爸是人类啊？
[2026-02-22 00:09:20] CLANCHIC的Tomorain本人: 来点多余资金弹幕
[2026-02-22 00:09:21] 火暴兽也干了: 送狙了
[2026-02-22 00:09:21] 正经猪头肉: 吸
[2026-02-22 00:09:21] GlockieSs: 刘农：儿子 老爸还能这样帮你净化弹幕环境了😔
[2026-02-22 00:09:21] 火星情报员工: 吸血
[2026-02-22 00:09:21] 海绵宝宝有希儿: 保枪怎么想不到
[2026-02-22 00:09:21] 落夜会: 吸血
[2026-02-22 00:09:21] LvvsiN: 其实碗橱就是猪灵，你不拿黄金丢他他就不跟你说话
[2026-02-22 00:09:21] 凉橙空空: 胖球是中间最下面那个吗
[2026-02-22 00:09:21] 七色的人偶使者: 狗熊狙
[2026-02-22 00:09:22] 轻伤酱: 一个人都杀不到，我说的
[2026-02-22 00:09:22] 核浪98120: 神秘汤哥
[2026-02-22 00:09:22] 细菌P: 卧槽，孩孩回G2了！说要一人一城不抱团当真GOAT！💪👑
[2026-02-22 00:09:22] 天魔外道y: 胖球胖球，我看你才是胖球
[2026-02-22 00:09:22] 迪奥雷: molovice
[2026-02-22 00:09:22] 正直的鸡哥: 共享大狙
[2026-02-22 00:09:22] HCS118: 狗熊狙
[2026-02-22 00:09:23] ShanoaM: 吸血
[2026-02-22 00:09:23] Laetylensa: 刘农：儿子 老爸还能这样帮你净化弹幕环境了😔
[2026-02-22 00:09:23] 想要舌吻m0NESY: ECO起狙，你爸是人类啊？
[2026-02-22 00:09:23] 吃鱼神选: 水蛭极限
[2026-02-22 00:09:23] 哈曼_卡恩: ECO起狙，你爸是人类啊？
[2026-02-22 00:09:23] 是小兔呀i: 吸血怎么说
[2026-02-22 00:09:23] 海绵宝宝有希儿: 闹麻了
[2026-02-22 00:09:23] JamYo0oung: 机器，能留下来的都是结晶了，不用管他们的想法，大不了到时候ai生成一个道歉文章，放心登山吧
[2026-02-22 00:09:23] 水下放电11: 弹幕被谁净化了啊😨
[2026-02-22 00:09:23] 笠松的小栗帽本人: @Hooxi：雨，你一直给老汤发狙，没半年他就自我下放了
[2026-02-22 00:09:24] 5m1le: 【hltv】六月飞霜凝铁骨，一腔碧血化啼鹃：niko没鞭！
[2026-02-22 00:09:24] 玉米卧槽: ECO起狙，你爸是人类啊？
[2026-02-22 00:09:24] 天魔外道y: 胖球胖球，我看你才是胖球
[2026-02-22 00:09:25] 流玉MK1: ECO起狙，你爸是人类啊？
[2026-02-22 00:09:25] 火星情报员工: ECO起狙，你爸是人类啊？
[2026-02-22 00:09:25] 马楼King张三: 送双狙了
[2026-02-22 00:09:25] 人活着就是为了玩乐队: 来点多余资金弹幕
[2026-02-22 00:09:25] s坑华: 送狙了
[2026-02-22 00:09:25] 煞鱼辣椒sylj: 瘤子
[2026-02-22 00:09:25] 浅筱浅: 捧杀狙
[2026-02-22 00:09:26] 玩机器厦面鄙骰大: 吸血，准备被手撕。看着吧，老汤绝对流脓，脓汤宝
[2026-02-22 00:09:26] Kinap: 真英雄吗
[2026-02-22 00:09:26] wristuuio: 胖球胖球，我看你才是胖球
[2026-02-22 00:09:26] 多吃蛋挞tart: 捡的
[2026-02-22 00:09:26] 古堡12枪战神: ECO起狙，你爸是人类啊？
[2026-02-22 00:09:26] 别说我沉默: ECO起狙，你爸是人类啊？
[2026-02-22 00:09:26] Vitality的羽贺文乃本人: 我看见一只猪叫瘦棍胖球。。。
[2026-02-22 00:09:26] 天魔外道y: 胖球胖球，我看你才是胖球
[2026-02-22 00:09:26] GlockieSs: 刘农：儿子 老爸还能这样帮你净化弹幕环境了😔
[2026-02-22 00:09:27] 永远的克罗娜: 爱弥斯，我只希望你能轻松快乐的生活......
[2026-02-22 00:09:27] 我永远喜欢铃原露露: ECO起狙，你爸是人类啊？
[2026-02-22 00:09:27] Rumenides: 胖球胖球，我看你才是胖球
[2026-02-22 00:09:27] LvvsiN: @阿汤日记：一个人，5发子弹，保住格陵兰岛。我不会叫它不可能完成的任务，我现在只想先回家看亦博
[2026-02-22 00:09:28] 都是设备的问题: ECO起狙，你爸是人类啊？
[2026-02-22 00:09:28] Error404UMP45: ECO起狙，你爸是人类啊？
[2026-02-22 00:09:28] sjtu的musketeers本人: molovice
[2026-02-22 00:09:28] 萝伯丝比尔: 牢汤的英雄狙。。。感觉完了啊
[2026-02-22 00:09:29] zbq93: ECO起狙，你爸是人类啊？
[2026-02-22 00:09:29] 大家要幸福呀: 你这体型有脸叫别人胖球？
[2026-02-22 00:09:29] 一条无梦鱼: 刘农：儿子 老爸还能这样帮你净化弹幕环境了😔
[2026-02-22 00:09:29] 用户1364543122: ECO起狙，你爸是人类啊？
[2026-02-22 00:09:29] Ka1oto: molody play
[2026-02-22 00:09:29] 神奥联盟的竹兰本人: ECO起狙，你爸是人类啊？
[2026-02-22 00:09:30] Cheem5: 水蛭极限
[2026-02-22 00:09:30] 肥胖的阴暗: 你被达尔豪斯大学录取的时候有没有想到自己将来的工作是被陌生男人围着开黄腔？
[2026-02-22 00:09:30] 流玉MK1: molovice
[2026-02-22 00:09:30] supperpigi: 英雄在哪
[2026-02-22 00:09:30] 玩机器的左魔丸1: ECO起狙，你爸是人类啊？
[2026-02-22 00:09:30] yinyao1231: ECO起狙，你爸是人类啊？
[2026-02-22 00:09:30] 蓝原延渚: 　　　 ECO起狙，你爸是人类啊？
[2026-02-22 00:09:31] 我要看後续: 1
[2026-02-22 00:09:31] 玩机器厦面鄙骰大: 吸血，准备被手撕。看着吧，老汤绝对流脓，脓汤宝！！
[2026-02-22 00:09:31] Ayoung丶: 来点额外资金
[2026-02-22 00:09:31] GlockieSs: 刘农：儿子 老爸还能这样帮你净化弹幕环境了😔
[2026-02-22 00:09:31] 用户5545857677: molovice
[2026-02-22 00:09:31] 石家庄老味道卤猪头肉: ECO起狙，你爸是人类啊？
[2026-02-22 00:09:31] 丶丶Ken丶丶: ECO起狙，你爸是人类啊？
[2026-02-22 00:09:32] LvvsiN: 就tm喜欢银行业🥰银行坏账我喜欢🥰银行挤兑我还喜欢😍利率调低我也喜欢🤤老子亲烂银行业的脸😘
[2026-02-22 00:09:32] Cloud9的咬人猫本人: 机器，能留下来的都是结晶了，不用管他们的想法，大不了到时候ai生成一个道歉文章，放心登山吧
[2026-02-22 00:09:32] 终初若叶睦: ECO起狙，你爸是人类啊？
[2026-02-22 00:09:32] 破碎护身符: 捡的啊
[2026-02-22 00:09:32] 祾贰: ECO起狙，你爸是人类啊？
[2026-02-22 00:09:32] M海豚有海M: 你就看老汤怎么狙吧
[2026-02-22 00:09:32] 乌鸦晒不黑: 玩大哥你今天又被网报了有感觉吗
[2026-02-22 00:09:33] 野pig亨利28: ECO起狙，你爸是人类啊？
[2026-02-22 00:09:33] 锦书难托1109: 冷知识，这把两边十个人加两个教练有10个major冠军。。。
[2026-02-22 00:09:33] 呆头呆脑平泽唯: ECO起狙，你爸是人类啊？
[2026-02-22 00:09:33] 万物养生: ECO起狙，你爸是人类啊？
[2026-02-22 00:09:33] 用户2421654511: ECO起狙，你爸是人类啊？
[2026-02-22 00:09:33] 玩机器的小飞棍: ECO起狙，你爸是人类啊？
[2026-02-22 00:09:34] LvvsiN: 南孚一节更比六节强，也就是一节南孚比六节南孚强，六节南孚比三十六节强，三十六节比二百一十六节强
[2026-02-22 00:09:34] 爱洛魔神仙台叶月: ECO起狙，你爸是人类啊？
[2026-02-22 00:09:34] 美梦奈何天: ECO起狙，你爸是人类啊？
[2026-02-22 00:09:34] YeMinister: ECO起狙，你爸是人类啊？
[2026-02-22 00:09:34] Wangzap: ECO起狙，你爸是人类啊？
[2026-02-22 00:09:34] C0C00N: ECO起狙，你爸是人类啊？
[2026-02-22 00:09:34] 足音: 丹麦水蛭
[2026-02-22 00:09:34] 姓邢不是刑: 胖球胖球，我看你才是胖球
[2026-02-22 00:09:34] 好哥们张顺飞: 　　　 ECO起狙，你爸是人类啊？
[2026-02-22 00:09:34] 四值功曹z: 1
[2026-02-22 00:09:34] 结束的意思是完了: 　　　 ECO起狙，你爸是人类啊？
[2026-02-22 00:09:35] 丢你雷姆吔屎啦你: ECO起狙，你爸是人类啊？
[2026-02-22 00:09:35] Meik7: 人类水蛭
[2026-02-22 00:09:35] 千早爱灯: ECO起狙，你爸是人类啊？
[2026-02-22 00:09:36] 玩处的SugarDaddy: 捡的狙
[2026-02-22 00:09:36] 沈康佺: 上把保的狙
[2026-02-22 00:09:36] 黑暗猿疯酷艾搭菲姬: 抓娃娃
[2026-02-22 00:09:36] miu3333: ECO起狙，你爸是人类啊？
[2026-02-22 00:09:36] NZorThs: ECO起狙，你爸是人类啊？
[2026-02-22 00:09:36] Vovxx: 诸葛还是爱老汤呀
[2026-02-22 00:09:36] JamYo0oung: ECO起狙，你爸是人类啊？
[2026-02-22 00:09:36] 先去做主线: ？？？？？？？？？？这人是人类？？
[2026-02-22 00:09:36] 玩侄女Doloris: ECO起狙，你爸是人类啊？
[2026-02-22 00:09:36] fanke2zzz: ECO起狙，你爸是人类啊？
[2026-02-22 00:09:36] 世一步美jor: molovice
[2026-02-22 00:09:36] Killajoy: 该正门换皮肤了
[2026-02-22 00:09:36] 法则的Twistzz本人: ECO起狙，你爸是人类啊？
[2026-02-22 00:09:36] GlockieSs:  刘农：儿子 老爸还能这样帮你净化弹幕环境了😔
[2026-02-22 00:09:36] 小蜜蜂的长期素食本人: 胖球胖球，我看你才是胖球
[2026-02-22 00:09:37] Jellery无终: 英雄狙（29岁）
[2026-02-22 00:09:37] 子非鱼乐77042: 捡的啊
[2026-02-22 00:09:37] jamesfaith23: ECO起狙，你爸是人类啊？
[2026-02-22 00:09:37] jc没睡醒的小熊: ECO起狙，你爸是人类啊？
[2026-02-22 00:09:37] byoru12: ？
[2026-02-22 00:09:38] 子牛旅馆: ECO起狙，你爸是人类啊？
[2026-02-22 00:09:38] 煞鱼辣椒sylj: ECO起狙，你爸是人类啊？
[2026-02-22 00:09:39] 用户1181920443: ECO起狙，你爸是人类啊？
[2026-02-22 00:09:39] LkCatQwQ: ECO起狙，你爸是人类啊？
[2026-02-22 00:09:39] 喵梦的红色吊带袜: ECO起狙，你爸是人类啊？
[2026-02-22 00:09:39] Rhapsodyt: ECO起狙，你爸是人类啊？
[2026-02-22 00:09:39] 玩斯特出出6657: 捡的
[2026-02-22 00:09:39] 悲惨凄凉233: ECO起狙，你爸是人类啊？
[2026-02-22 00:09:39] 玩跳丹jampegg: 　　　 一位谦虚的选手被人身攻击你不管，一条区被骂两句你知道屏蔽了？
[2026-02-22 00:09:39] 小洞大人打玩啦: 这又是什么鲶鱼队伍
[2026-02-22 00:09:39] 落夜会: 这是一个monsy play啊
[2026-02-22 00:09:39] 夏空喵: ECO起狙，你爸是人类啊？
[2026-02-22 00:09:39] 持石的咕咕嘎嘎:     ECO起狙，你爸是人类啊？
[2026-02-22 00:09:40] LvvsiN: 你为什么要把mαjor禁了，我收藏的一半弹幕全毁了
[2026-02-22 00:09:43] 玩神的欢喜好有嚼劲: 儿子引战 老子还债 儿子引战 老子还债 儿子引战 老子还债
[2026-02-22 00:09:43] GlockieSs: 刘农：儿子 老爸还能这样帮你净化弹幕环境了😔
[2026-02-22 00:09:43] 安德莉亞: ECO起狙，你爸是人类啊？
[2026-02-22 00:09:43] elvenskin: 　　　 ECO起狙，你爸是人类啊？
[2026-02-22 00:09:43] 6657登斯特山山: ECO起狙，你爸是人类啊？
[2026-02-22 00:09:43] YukkiaBaby: 　　　 ECO起狙，你爸是人类啊？
[2026-02-22 00:09:43] 荒野遊侠: 我看这诸葛也就是拿100T当个跳板，兄弟情不存在的
[2026-02-22 00:09:43] 玩机器厦面鄙骰大: 吸血，准备被手撕。看着吧，老汤绝对流脓，脓汤宝！！
[2026-02-22 00:09:43] 好哥们穿谱: ECO起狙，你爸是人类啊？
[2026-02-22 00:09:43] LvvsiN: 男人一生只哭十八次：niko十七次梦碎major正赛, niko梦碎里约major RMR＼
[2026-02-22 00:09:43] 多吃蛋挞tart: 是sirah捡的
[2026-02-22 00:09:43] 用户0991380310: ECO起狙，你爸是人类啊？
[2026-02-22 00:09:43] 刘农痴呆不忘带永恒: ECO起狙，你爸是人类啊？
[2026-02-22 00:09:43] 永远的克罗娜: 爱弥斯，我只希望你能轻松快乐的生活......
[2026-02-22 00:09:43] 流光似水321: ECO起狙，你爸是人类啊？
[2026-02-22 00:09:43] 智慧之主布耶尔: ECO起狙，你爸是人类啊？
[2026-02-22 00:09:43] impossible47860: ECO起狙，你爸是人类啊？
[2026-02-22 00:09:43] VincereOmnes: ECO起狙，你爸是人类啊？
[2026-02-22 00:09:43] 丶浅忆梦灬微凉: ECO起狙，你爸是人类啊？
[2026-02-22 00:09:44] 玉米卧槽: molody play
[2026-02-22 00:09:44] navi能输我送超火: ECO起狙，你爸是人类啊？
[2026-02-22 00:09:44] 羽井恭一: ECO起狙，你爸是人类啊？
[2026-02-22 00:09:45] 竹衍丶: 捡的狙，吸在哪
[2026-02-22 00:09:45] 玩神的欢喜好有嚼劲: 儿子引战 老子还债 儿子引战 老子还债 儿子引战 老子还债
[2026-02-22 00:09:45] 尊尼获加然: 冷知识，这把两边十个人加两个教练有10个major冠军。。。
[2026-02-22 00:09:46] 大善心: 流脓一个，真把自己当老粘了
[2026-02-22 00:09:46] LvvsiN: 孩子们快跑，马修赫伯特来了😨卧槽你的怎么是马枪和BOT
[2026-02-22 00:09:46] 浮空依: WC,k3鞭老汤被踢了
[2026-02-22 00:09:46] 野猪家猪: ？
[2026-02-22 00:09:47] 池上雨下: ECO起狙，你爸是人类啊？
[2026-02-22 00:09:47] ozvhn: ？
[2026-02-22 00:09:47] L1H40: ECO起狙，你爸是人类啊？
[2026-02-22 00:09:47] 烨无觉: ECO起狙，你爸是人类啊？
[2026-02-22 00:09:47] Axion0808: 　　　 ECO起狙，你爸是人类啊？
[2026-02-22 00:09:47] 马楼King张三: eco起狙，你老爸几岁啊
[2026-02-22 00:09:47] 罗昂纳多: 为什么一个肥猪要叫一个瘦子胖球
[2026-02-22 00:09:47] 核浪98120: 水蛭极限
[2026-02-22 00:09:48] 玩设备丶dev1ce: 今天这么多口误，主播也被鞭傻了吗
[2026-02-22 00:09:48] LvvsiN: 其实碗橱就是猪灵，你不拿黄金丢他他就不跟你说话
[2026-02-22 00:09:48] 66211266: 1
[2026-02-22 00:09:48] 帕金森患者Z: ECO起狙，你爸是人类啊？
[2026-02-22 00:09:48] suicho: 这陈千雨发狂了？指挥老汤eco起狙？
[2026-02-22 00:09:48] 骂我皆为调情丷: ECO起狙，你爸是人类啊？
[2026-02-22 00:09:48] kkyon: 这烟怎么是粉色的？
[2026-02-22 00:09:49] M海豚有海M: ECO起狙，你爸是人类啊？
[2026-02-22 00:09:49] 法棍棍棍棍棍棍: 这是一个monsy play啊
[2026-02-22 00:09:49] cheatstick: ECO起狙，你爸是人类啊？
[2026-02-22 00:09:49] 狄外思甩-呃咳咳咳咳: ECO起狙，你爸是人类啊？
[2026-02-22 00:09:49] 好哥们芝诺斯:     ECO起狙，你爸是人类啊？
[2026-02-22 00:09:49] 好兄弟晓山瑞希: ECO起狙，你爸是人类啊？
[2026-02-22 00:09:49] 用户0268784457: molodoly play
[2026-02-22 00:09:50] 机器机器祝你天天开心: 撕了
[2026-02-22 00:09:50] 堀咲不得: ECO起狙，你爸是人类啊？
[2026-02-22 00:09:50] LvvsiN: 屏幕中间弹幕这么狂？站那不走了还剧透分，你当你是主办方？？
[2026-02-22 00:09:50] 想想9973: 胖球算胖，你算什么？肥猪吗
[2026-02-22 00:09:51] 无伟契约: 爱弥斯，我只希望你能轻松快乐的生活......
[2026-02-22 00:09:51] 诺克提斯a: ECO起狙，你爸是人类啊？
[2026-02-22 00:09:51] 青芒一刀给你干稀碎: ？
[2026-02-22 00:09:51] 刘农痴呆不忘带永恒: ECO起狙，你爸是人类啊？
[2026-02-22 00:09:52] 艺术冰霜: 绿色水蛭绿色水蛭绿色水蛭绿色水蛭绿色水蛭绿色水蛭
[2026-02-22 00:09:52] LvvsiN: 别解说了 多聊会天 你不会真的以为能输吧
[2026-02-22 00:09:52] 传奇贝斯手长崎素世: ECO起狙，你爸是人类啊？
[2026-02-22 00:09:52] 好姐们-爱尔奎特: 你不能在弹幕开始攻击你之后才开始管弹幕
[2026-02-22 00:09:52] 永远的克罗娜: 爱弥斯，我只希望你能轻松快乐的生活......
[2026-02-22 00:09:52] 房同学19554: 　　　 ECO起狙，你爸是人类啊？
[2026-02-22 00:09:53] KYJunr: 看看人家
[2026-02-22 00:09:53] DestroyerElune丶: ECO起狙，你是人类之子啊？
[2026-02-22 00:09:53] Rainwedell: 直接沙鹰宰了
[2026-02-22 00:09:53] 鲤鱼1: ECO起狙，你爸是人类啊？
[2026-02-22 00:09:53] ozvhn: 悄悄的就死了
[2026-02-22 00:09:54] LvvsiN: 你为什么要把mαjor禁了，我收藏的一半弹幕全毁了
[2026-02-22 00:09:54] 白河日和: 手撕大狙
[2026-02-22 00:09:55] 帕秋莉狗137: 似了
[2026-02-22 00:09:55] 可以叫我堪: ECO起狙，你爸是人类啊？
[2026-02-22 00:09:56] 森林与雁: 5号有点像zywoo阿
[2026-02-22 00:09:56] Cr1msn: ECO起狙，你爸是人类啊？
[2026-02-22 00:09:56] LvvsiN: 银行业😄银行业😀银行业😃银行业😁银行业😆银行业🤪银行业😝
[2026-02-22 00:09:56] dev1ce拖累了A队太久: 🗿：2点钟我来用科技净化弹幕
[2026-02-22 00:09:57] 玩番薯丶ZywOo: ECO起狙，你爸是人类啊？
[2026-02-22 00:09:57] GlockieSs: 刘农：儿子 老爸只能这样帮你净化弹幕环境了😔
[2026-02-22 00:09:57] 67373的黄色闪光: 你延迟多少？
[2026-02-22 00:09:57] 夜刀神十香910: ECO起狙，你爸是人类啊？
[2026-02-22 00:09:57] CQBoss: ECO起狙，你爸是人类啊？
[2026-02-22 00:09:58] valorant玩机器: 不然怎么叫人类极限呢?
[2026-02-22 00:09:58] LvvsiN: 玩宝宝，我发现在大学上学的时候肄业会很舒服，你可以试试
[2026-02-22 00:09:59] 如如493: 冷知识：永恒狙是载物的
[2026-02-22 00:09:59] Agrandir: zywoo：设备在哪起狙了，我来了
[2026-02-22 00:10:00] GlockieSs: 刘农：儿子 老爸只能这样帮你净化弹幕环境了😔
[2026-02-22 00:10:00] LvvsiN: 南孚一节更比六节强，也就是一节南孚比六节南孚强，六节南孚比三十六节强，三十六节比二百一十六节强
[2026-02-22 00:10:01] Cloud9的咬人猫本人: 你不能在弹幕开始攻击你之后才开始管弹幕
[2026-02-22 00:10:01] 时节不居99156: 傻呗弹幕，这是siran捡来孝敬老前辈的
[2026-02-22 00:10:01] 仁菜desu: ECO起狙，你爸是人类啊？
[2026-02-22 00:10:01] 林北遥Linby: 这陈千雨发狂了？指挥老汤eco起狙？
[2026-02-22 00:10:02] 鹦侨侨侨侨: @device：儿子来了，给儿子放个炮，祝他新年快乐
[2026-02-22 00:10:02] viovvvvvvvon: ECO起狙，你爸是人类啊？
[2026-02-22 00:10:02] 用户2421654511: ECO起狙，你爸是人类啊？
[2026-02-22 00:10:02] 6657的鸣上悠本人: WC,k3鞭老汤被踢了
[2026-02-22 00:10:02] 永远的克罗娜: 爱弥斯，我只希望你能轻松快乐的生活......
[2026-02-22 00:10:02] LvvsiN: 你这音画不同步太难受了，我都听到NIKO里约RMR晋级的欢呼了
[2026-02-22 00:10:02] 友利奈绪我老婆d: 一位谦虚的选手被人身攻击你不管，一条区被骂两句你知道屏蔽了？
[2026-02-22 00:10:03] DDD是就我: 胖球：指体重只有wjq2／3的小瘦子
[2026-02-22 00:10:03] 银行业一样一样有有: 汤汤真可爱😍放空炮也很可爱🥵我亲烂你的脸🥰
[2026-02-22 00:10:03] 乌鸦晒不黑: 你不能在弹幕开始攻击你之后才开始管弹幕
[2026-02-22 00:10:03] 柑橘树的柑橘树本人: ECO起狙，你爸是人类啊？
[2026-02-22 00:10:04] 阿Z不是阿2: ECO起狙，你爸是人类啊？
[2026-02-22 00:10:04] 一条无梦鱼: 闹麻了，ECO起狙还要队友沙鹰杀人
[2026-02-22 00:10:04] 无极加贝: 刘农：儿子 老爸只能这样帮你净化弹幕环境了😔
[2026-02-22 00:10:04] AVQAQ: 刘农：儿子 老爸只能这样帮你净化弹幕环境了😔
[2026-02-22 00:10:04] 玩大哥我好想发弹幕啊: 冷知识：永恒狙是载物的
[2026-02-22 00:10:04] LvvsiN: 我提一嘴这剧情越来越像上海major了
[2026-02-22 00:10:05] 鹦侨侨侨侨: @device：儿子来了，给儿子放个炮，祝他新年快乐
[2026-02-22 00:10:05] 神牛拯救世界: 刘农：儿子 老爸只能这样帮你净化弹幕环境了😔
[2026-02-22 00:10:05] 8667668i: 你老爸eco开大了
[2026-02-22 00:10:05] 丶丶Ken丶丶: 刘农：儿子 老爸只能这样帮你净化弹幕环境了😔
[2026-02-22 00:10:06] 好姐们-爱尔奎特: 你不能在弹幕开始攻击你之后才开始管弹幕
[2026-02-22 00:10:06] 艺术冰霜: 绿色水蛭绿色水蛭绿色水蛭绿色水蛭绿色水蛭绿色水蛭
[2026-02-22 00:10:06] LvvsiN: 银行业😄银行业😀银行业😃银行业😁银行业😆银行业🤪银行业😝
[2026-02-22 00:10:06] 大姜饼: 你不能在弹幕开始攻击你之后才开始管弹幕
[2026-02-22 00:10:07] 玩大哥我好想发弹幕啊: ECO起狙，你爸是人类啊？
[2026-02-22 00:10:07] KZG的Oliveira本人: ECO起狙，你爸是人类啊？
[2026-02-22 00:10:07] mlxg究极迷弟: 你不能在弹幕开始攻击你之后才开始管弹幕
[2026-02-22 00:10:07] 杂毛小强666: zywoo：设备在哪起狙了，我来了
[2026-02-22 00:10:07] TeamLiquad: zywoo：设备在哪起狙了，我来了
[2026-02-22 00:10:08] 小蜜蜂的长期素食本人: 傻呗弹幕，这是siran捡来孝敬老前辈的
[2026-02-22 00:10:08] chanceuxzz: rez mini
[2026-02-22 00:10:08] z1zAg: 起个勾八，上把没存款了保的狙
[2026-02-22 00:10:08] Ceeee丶: 刘农：儿子 老爸只能这样帮你净化弹幕环境了😔
[2026-02-22 00:10:08] LvvsiN: 玩宝宝，我发现在大学上学的时候肄业会很舒服，你可以试试
[2026-02-22 00:10:09] 为所欲为丶中二林: 你不能在弹幕开始攻击你之后才开始管弹幕
[2026-02-22 00:10:09] Agrandir: zywoo：设备在哪起狙了，我来了
[2026-02-22 00:10:09] Vovxx: rez play
[2026-02-22 00:10:09] 爱被小泉吃的拉面同学: 你不能在弹幕开始攻击你之后才开始管弹幕
[2026-02-22 00:10:09] 这名字行不行: 这不是上把捡的吗，老汤不得不用啊
[2026-02-22 00:10:09] Sakuy0: 一位谦虚的选手被人身攻击你不管，一条区被骂两句你知道屏蔽了？
[2026-02-22 00:10:09] ilya111: 抓娃娃
[2026-02-22 00:10:10] KYJunr: 脓狙
[2026-02-22 00:10:10] kh940329: @device：儿子来了，给儿子放个炮，祝他新年快乐
[2026-02-22 00:10:11] LvvsiN: 你为什么要把mαjor禁了，我收藏的一半弹幕全毁了
[2026-02-22 00:10:11] 永远的克罗娜: 爱弥斯，我只希望你能轻松快乐的生活......
[2026-02-22 00:10:11] 江财第一肥美: 刘农：儿子 老爸只能这样帮你净化弹幕环境了😔
[2026-02-22 00:10:11] MongTown: 这被翻了跟冬瓜强一桌这被翻了跟冬瓜强一桌
[2026-02-22 00:10:11] 大哥心里慌: 你不能在弹幕开始攻击你之后才开始管弹幕
[2026-02-22 00:10:11] 疗养院的Terapevt本人: 你不能在弹幕开始攻击你之后才开始管弹幕
[2026-02-22 00:10:11] 丹麦国王device: 弹幕什么眼神，这是上把捡的
[2026-02-22 00:10:11] 冬瓜不在家偷偷玩机器: 狙击去哪了
[2026-02-22 00:10:12] 锂汁lizhi: 汤汤真可爱😍放空炮也很可爱🥵我亲烂你的脸🥰
[2026-02-22 00:10:12] navi能输我送超火: 你不能在弹幕开始攻击你之后才开始管弹幕
[2026-02-22 00:10:12] 桃乃木香奈本人: 这陈千雨发狂了？指挥老汤eco起狙？
[2026-02-22 00:10:12] 鹦侨侨侨侨: @device：儿子来了，给儿子放个炮，祝他新年快乐
[2026-02-22 00:10:12] 青山老竹农: 刘农：儿子 老爸只能这样帮你净化弹幕环境了😔
[2026-02-22 00:10:12] 天王玻利维亚: 玩÷别在这装模作样营销爱汤人设了，敢看破站视频评论吗😅
[2026-02-22 00:10:12] LvvsiN: 你这音画不同步太难受了，我都听到NIKO里约RMR晋级的欢呼了
[2026-02-22 00:10:13] 靈丿鼕: zywoo：设备在哪起狙了，我来了
[2026-02-22 00:10:13] 安分小已的小青春: 你不能在弹幕开始攻击你之后才开始管弹幕
[2026-02-22 00:10:13] 单摸ct至今未归: 抓娃娃
[2026-02-22 00:10:13] 卡啊卡卡丶: 玩神不经意间带节奏的本领真的无懈可击。
[2026-02-22 00:10:13] dedeorg: 起个勾八，上把没存款了保的狙
[2026-02-22 00:10:13] Furina德Fontaine: ECO起狙，你爸是人类啊？
[2026-02-22 00:10:14] 玩猪蹄丶Pettitoes: ECO起狙，你爸是人类啊？
[2026-02-22 00:10:14] YeMinister: 刘农：儿子 老爸只能这样帮你净化弹幕环境了😔
[2026-02-22 00:10:14] 都是设备的问题: 汤汤真可爱😍放空炮也很可爱🥵我亲烂你的脸🥰
[2026-02-22 00:10:14] 很久以前Ty: 英雄狙不找人吗
[2026-02-22 00:10:14] 疗养院的Terapevt本人: ECO起狙，你爸是人类啊？
[2026-02-22 00:10:14] 土御门静雄: 刘农：儿子 老爸只能这样帮你净化弹幕环境了😔
[2026-02-22 00:10:14] HSJ-J: 能否回到🗿自由研发的时期......
[2026-02-22 00:10:15] AVQAQ: @device：儿子来了，给儿子放个炮，祝他新年快乐
[2026-02-22 00:10:15] 稻香小弟想66: 你不能在弹幕开始攻击你之后才开始管弹幕
[2026-02-22 00:10:15] LvvsiN: 你屏蔽词都快赶上新华词典了为什么不干脆开一百级发言？
[2026-02-22 00:10:15] 玩弓箭、Arrow: zywoo：设备在哪起狙了，我来了
[2026-02-22 00:10:15] Milkshakechs: 刘农：儿子 老爸只能这样帮你净化弹幕环境了😔
[2026-02-22 00:10:15] 琦玉33的冷漠脸: 老汤多少回合没杀人了
[2026-02-22 00:10:15] MeIoN39: 你不能在弹幕开始攻击你之后才开始管弹幕
[2026-02-22 00:10:15] Vitality的羽贺文乃本人: 一位谦虚的选手被人身攻击你不管，一条区被骂两句你知道屏蔽了？
[2026-02-22 00:10:16] 瑭珏: 刘农：儿子 老爸只能这样帮你净化弹幕环境了😔
[2026-02-22 00:10:16] 玩俯卧撑、push-up: 这狙被沙鹰手撕了吗
[2026-02-22 00:10:16] 爱被小泉吃的拉面同学: zywoo：设备在哪起狙了，我来了
[2026-02-22 00:10:16] 艺术冰霜: 绿色水蛭绿色水蛭绿色水蛭绿色水蛭绿色水蛭绿色水蛭
[2026-02-22 00:10:16] 废斯特物物: zywoo：设备在哪起狙了，我来了
[2026-02-22 00:10:17] 明天开始要牛马归棚了: @dev1ce：哈哈哈哈，儿子，爹丢不丢人？爹菜不菜？（开心地空枪）😁
[2026-02-22 00:10:17] LvvsiN: 别解说了 多聊会天 你不会真的以为能输吧
[2026-02-22 00:10:17] 天魔外道y: zywoo：设备在哪起狙了，我来了
[2026-02-22 00:10:17] HELL11152: 英雄区
[2026-02-22 00:10:17] pr0cesses: @🗿：人类极限就这德行，我看这人类也是没救了......
[2026-02-22 00:10:18] veggboy: 这狙不是保的吗
[2026-02-22 00:10:18] 死于理想主义: @device：儿子来了，给儿子放个炮，祝他新年快乐
[2026-02-22 00:10:18] G2的device本人: 闹麻了
[2026-02-22 00:10:18] 假如一切是虚幻: 你不能在弹幕开始攻击你之后才开始管弹幕
[2026-02-22 00:10:18] 消逝の繁星: ？？？？
[2026-02-22 00:10:18] Sakuy0: 你不能在弹幕开始攻击你之后才开始管弹幕
[2026-02-22 00:10:18] 就爱吃辣咋的: 汤出
[2026-02-22 00:10:18] 丶四个木: g
[2026-02-22 00:10:18] 龙龙虾虾爱软脚: 区
[2026-02-22 00:10:19] suicho: 傻呗弹幕，这是siran捡来孝敬老前辈的
[2026-02-22 00:10:19] D0r1tos: 区
[2026-02-22 00:10:19] 友利奈绪我老婆d: 你屏蔽词都快赶上新华词典了为什么不干脆开一百级发言？
[2026-02-22 00:10:19] 玩机器的表姐玩空姐: +++++++++++++++++++++
[2026-02-22 00:10:20] Kinap: ECO起狙，你爸是人类啊？
[2026-02-22 00:10:20] 天魔外道y: zywoo：设备在哪起狙了，我来了
[2026-02-22 00:10:20] s7mple30: 刘农
[2026-02-22 00:10:20] 里约钻石币拥有者: 汤汤真可爱😍放空炮也很可爱🥵我亲烂你的脸🥰
[2026-02-22 00:10:20] samuraionnna: 汤汤真可爱😍放空炮也很可爱🥵我亲烂你的脸🥰
[2026-02-22 00:10:20] 银睿憨: 你不能在弹幕开始攻击你之后才开始管弹幕
[2026-02-22 00:10:21] dark1337: 狙一个不杀
[2026-02-22 00:10:21] LvvsiN: 银行业😄银行业😀银行业😃银行业😁银行业😆银行业🤪银行业😝
[2026-02-22 00:10:21] 斩斩斩斩斩吧: 不如700沙鹰
[2026-02-22 00:10:21] 含泪办卡: zywoo：设备在哪起狙了，我来了
[2026-02-22 00:10:21] 古堡12枪战神: 这是人啊
[2026-02-22 00:10:21] navi能输我送超火: 刘农：儿子 老爸只能这样帮你净化弹幕环境了😔
[2026-02-22 00:10:21] 林余暖: 刘农：儿子 老爸只能这样帮你净化弹幕环境了😔
[2026-02-22 00:10:22] 野猪家猪: 区
[2026-02-22 00:10:22] JaFency: ++++++++++++
[2026-02-22 00:10:22] 玩鸽子丶Pigeon: zywoo：设备在哪起狙了，我来了
[2026-02-22 00:10:22] yinyao1231: 批汤
[2026-02-22 00:10:22] ST骑士: 你不能在弹幕开始攻击你之后才开始管弹幕
[2026-02-22 00:10:22] 大白破烂熊: zywoo：设备在哪起狙了，我来了
[2026-02-22 00:10:22] 没有故事的Pluto: 再送把狙
[2026-02-22 00:10:22] 天魔外道y: zywoo：设备在哪起狙了，我来了
[2026-02-22 00:10:22] Vitality的Kyojin本人: 这狙有啥用
[2026-02-22 00:10:22] Ka1oto: 狗熊狙
[2026-02-22 00:10:22] Moe1e: 胖球：指体重只有wjq2／3的小瘦子
[2026-02-22 00:10:22] 正经猪头肉: 神人
[2026-02-22 00:10:22] 爱洛魔神仙台叶月: ?
[2026-02-22 00:10:23] chukap: 烂了
[2026-02-22 00:10:23] p3anut7: 你不能在弹幕开始攻击你之后才开始管弹幕
[2026-02-22 00:10:23] 起一说: +++++++++++++++++++++++++
[2026-02-22 00:10:23] icemind_weibo: 小福星
[2026-02-22 00:10:23] 棍神南极服登顶: zywoo：设备在哪起狙了，我来了
[2026-02-22 00:10:23] 波尔蒂盲人: 区
[2026-02-22 00:10:23] 是小兔呀i: 这导播真神人了 切来切去的
[2026-02-22 00:10:23] 七色的人偶使者: gg
[2026-02-22 00:10:23] 喜欢素素: 翻了
[2026-02-22 00:10:23] 呵呵呵3233333: 傻呗弹幕，这是siran捡来孝敬老前辈的
[2026-02-22 00:10:23] 梦太美回忆太冷: @dev1ce：哈哈哈哈，儿子，爹丢不丢人？爹菜不菜？（开心地空枪）😁
[2026-02-22 00:10:24] 玻璃xin: 汤出
[2026-02-22 00:10:24] 好姐妹冰川姐妹: 送狙
[2026-02-22 00:10:24] HCS118: 汤出
[2026-02-22 00:10:24] Meik7: 浓汤
[2026-02-22 00:10:24] 机器机器祝你天天开心: 翻了
[2026-02-22 00:10:24] 玩机器厦面鄙骰大: 哈哈哈，流脓
[2026-02-22 00:10:25] 想要舌吻m0NESY: 这是加塞吧,,,
[2026-02-22 00:10:25] 蓝原延渚: 没意外
[2026-02-22 00:10:25] 羽川翼的恋爱物语: ++++++++++++++++++++
[2026-02-22 00:10:25] 早安丿章鱼哥: 翻
[2026-02-22 00:10:25] KYJunr: 巨脓传说
[2026-02-22 00:10:25] 木空空空空空: 区完了
[2026-02-22 00:10:25] 好兄弟本泽马: 区
[2026-02-22 00:10:25] xieri: 你不能在弹幕开始攻击你之后才开始管弹幕
[2026-02-22 00:10:25] 一条无梦鱼: zywoo：设备在哪起狙了，我来了
[2026-02-22 00:10:25] 摆烂小we: Mo烂了
[2026-02-22 00:10:25] 足音: +++++++++++
[2026-02-22 00:10:26] Arianphy: +++++++++++++++++++++
[2026-02-22 00:10:26] 石家庄的刘亦博本人: 你不能在弹幕开始攻击你之后才开始管弹幕
[2026-02-22 00:10:26] 天魔外道y: zywoo：设备在哪起狙了，我来了
[2026-02-22 00:10:26] Apower哈登: +++++++++++++++++++++
[2026-02-22 00:10:26] 天际之光90830: 翻了
[2026-02-22 00:10:26] 火星情报员工: 汤汤真可爱😍放空炮也很可爱🥵我亲烂你的脸🥰
[2026-02-22 00:10:26] 杰里科丶: +++++++++
[2026-02-22 00:10:26] zin桀zera: 批汤
[2026-02-22 00:10:26] MaakiseKurisu: ggggggg
[2026-02-22 00:10:26] Enzee丶: 经济黑洞
[2026-02-22 00:10:27] 凉橙空空: zywoo：设备在哪起狙了，我来了
[2026-02-22 00:10:27] 用戶6657: 刘农：儿子 老爸只能这样帮你净化弹幕环境了😔
[2026-02-22 00:10:27] 飞飞宙宙S赛冠军: 语气对了
[2026-02-22 00:10:27] 堀咲不得: zywoo：设备在哪起狙了，我来了
[2026-02-22 00:10:27] 马楼King张三: 不是啊 这么choke啊
[2026-02-22 00:10:27] 玩山山丶Mounta1n: 嘘……好像在凿，仔细听能听见……
[2026-02-22 00:10:27] 玻璃xin: 6-12
[2026-02-22 00:10:27] 即将拥有PDD的人鱼线丿: 语气对了
[2026-02-22 00:10:27] 心安理得的时候: 这狙开枪了吗
[2026-02-22 00:10:27] koctaa: +++++++++++++++++++++
[2026-02-22 00:10:27] 安非而得: 语气不对了
[2026-02-22 00:10:27] 大肉鲁: +++++
[2026-02-22 00:10:28] cccexe: 语气对了
[2026-02-22 00:10:28] 1039210: +++++++++++++
[2026-02-22 00:10:28] 最可爱的哈基米: 语气对了
[2026-02-22 00:10:28] xu瓜: 批汤
[2026-02-22 00:10:28] 天魔外道y: zywoo：设备在哪起狙了，我来了
[2026-02-22 00:10:28] Dartline: 汤汤真可爱😍放空炮也很可爱🥵我亲烂你的脸🥰
[2026-02-22 00:10:28] orzor2900: @Karrigan：也许🐕💩才刚刚粘上
[2026-02-22 00:10:29] 路过的小脑斧: 翻了
[2026-02-22 00:10:29] 我感觉很膨胀: 感觉22-20了呀
[2026-02-22 00:10:29] 如如493: 弹幕不是一直都在攻击这头猪吗
[2026-02-22 00:10:29] 安德莉亞: gg
[2026-02-22 00:10:29] 传奇老将丰川祥子:  @Kinap：ECO起狙，你爸是人类啊？
[2026-02-22 00:10:29] 小蜜蜂的长期素食本人: 也许
[2026-02-22 00:10:29] xxx2xxx: 语气对啦
[2026-02-22 00:10:30] 万能的鸵鸟: +++++++++++++++++
[2026-02-22 00:10:30] 丶悠悠神代事: 语气不对了
[2026-02-22 00:10:30] 華之君: 全完了
[2026-02-22 00:10:30] 我想玩小蜜蜂: 汤÷
[2026-02-22 00:10:30] 诸神释然: +++++++++++++++++++++++++
[2026-02-22 00:10:30] 木人斤: ++++++++++++++++++++++++++++++
[2026-02-22 00:10:30] SaberMax丶: 语气不对了
[2026-02-22 00:10:30] 寺见鸣鳰: 晦气
[2026-02-22 00:10:31] 细菌P: 卧槽，孩孩回G2了！说要一人一城不抱团当真GOAT！💪👑
[2026-02-22 00:10:31] 丹麦国王device: 傻呗弹幕，这是siran捡来孝敬老前辈的
[2026-02-22 00:10:31] 劉膿dewasu: 你不能在弹幕开始攻击你之后才开始管弹幕
[2026-02-22 00:10:31] 玩斯特出出6657: 100只猎鹰
[2026-02-22 00:10:31] 走走道儿疯了: 语气对咯
[2026-02-22 00:10:32] Naraku奈落丷: 语气对了
[2026-02-22 00:10:32] 祁祁祁祈: 汤出
[2026-02-22 00:10:32] PAX7654: 语气对了
[2026-02-22 00:10:32] Yanam1Anna: 机器机器快看HLTV！龙哥真被下放了
[2026-02-22 00:10:32] 夯昆23333: zywoo：设备在哪起狙了，我来了
[2026-02-22 00:10:32] 小小小蕉: +++++++++++++
[2026-02-22 00:10:32] kh940329: 语气对了
[2026-02-22 00:10:32] 老人星的优秀素质本人: 翻了
[2026-02-22 00:10:32] SuperSword81317: 真有点不熟，你爸是不是人啊？
[2026-02-22 00:10:32] 熊本小孩井芹仁菜本人: 语气对了语气对了
[2026-02-22 00:10:33] hws123: 一切100t比赛弹幕氛围就变好了，证明device才是最搞笑的
[2026-02-22 00:10:33] sjtu的musketeers本人: 感觉想洗个脸了
[2026-02-22 00:10:33] 尊尼获加然: 钟离假死当时过完后，我全身都是汗，智斗封神了，半夜都睡不着觉，后劲太大了，脑子到现在没缓过来
[2026-02-22 00:10:33] 玩机器厦面鄙骰大: 哈哈哈流脓流完了
[2026-02-22 00:10:33] 杰里科丶: @BB：终于等到玩大哥回防了
[2026-02-22 00:10:33] 狂欢进行曲: 刘浓
[2026-02-22 00:10:33] Gooogl: 要g啦
[2026-02-22 00:10:33] 用户87594568:  @梦太美回忆太冷：@dev1ce：哈哈哈哈，儿子，爹丢不丢人？爹菜不菜？（开心地空枪）😁
[2026-02-22 00:10:34] Freeze灬殇空天辉: 我看很对劲啊
[2026-02-22 00:10:34] F0restwOw-: 语气对了
[2026-02-22 00:10:34] chukap: 看完
[2026-02-22 00:10:34] 星星星罗: 游戏也要结束了
[2026-02-22 00:10:34] 11tEo: 不考
[2026-02-22 00:10:34] kjhhjki: 语气对了
[2026-02-22 00:10:34] 小缘赐名的JK: 不对就对了
[2026-02-22 00:10:34] 野猪家猪: 起英雄狙装最会玩的
[2026-02-22 00:10:34] 天魔外道y: zywoo：设备在哪起狙了，我来了
[2026-02-22 00:10:34] 这里是小天啊: 看完啊
[2026-02-22 00:10:35] 古堡12枪战神: 语气是针对了这下
[2026-02-22 00:10:35] 结束的意思是完了: zywoo：设备在哪起狙了，我来了
[2026-02-22 00:10:35] 猫鼬斩Zz: 语气对了
[2026-02-22 00:10:35] 断悷: 墨尔本
[2026-02-22 00:10:35] 玩机器是我霸: 感觉送狙了啊
[2026-02-22 00:10:35] 轻伤酱: 你看我说什么来着，这流脓拿狙根本指望不上
[2026-02-22 00:10:35] 传统peek高手XANTARES: 语气对咯
[2026-02-22 00:10:36] 玩勾八d1ck: 无人在意
[2026-02-22 00:10:36] 不甜o0: 老汤不愧是人类极限，凭一己之力让整个6657的弹幕攻击自己
[2026-02-22 00:10:36] 起一说: 汤汤真可爱😍放空炮也很可爱🥵我亲烂你的脸🥰
[2026-02-22 00:10:36] JulienTW: 这不有了吗
[2026-02-22 00:10:36] 蓝原延渚: ？
[2026-02-22 00:10:36] 真好想抱住你: 都怪你，晦气
[2026-02-22 00:10:36] 火猫一哥亦博易勃: 不考
[2026-02-22 00:10:37] NiKkiRain: 也许比赛才刚刚开始
[2026-02-22 00:10:37] 咕咕我是过儿啊丶: 我喘不上气
[2026-02-22 00:10:37] 夯昆23333: 语气对了
[2026-02-22 00:10:37] 海鲜业大虾大虾Niko: 看完啊
[2026-02-22 00:10:37] 别闹我正经人: 对劲了
[2026-02-22 00:10:37] 明天开始要牛马归棚了: 完啦😭▜▜▙（玩机器）完啦😭▜▜▙（玩机器）完啦😭▜▜▙（玩机器）
[2026-02-22 00:10:38] 绿龙的zont1x本人: 不考
[2026-02-22 00:10:38] 里约钻石币拥有者: 语气对了语气对了
[2026-02-22 00:10:38] 最可爱的哈基米: 再看会
[2026-02-22 00:10:38] 述二ER: 我感觉你今天状态不是很好啊，你今天状态非常不好啊，我感觉你应该，唉，你要不，你去调整一下心情吧
[2026-02-22 00:10:38] 何等失态啊: 语气对了
[2026-02-22 00:10:38] 鲤鱼1: 语气对了
[2026-02-22 00:10:38] 足音: 弹幕不是一直都在攻击这头猪吗
[2026-02-22 00:10:39] viovvvvvvvon: 看老爸
[2026-02-22 00:10:39] 南个窗: 不考
[2026-02-22 00:10:39] 天魔外道y: 语气对了
[2026-02-22 00:10:39] Hitagi蟹蟹: 看完
[2026-02-22 00:10:39] 迪奥雷: 22:20
[2026-02-22 00:10:39] 玉米卧槽: 语气对了语气对了
[2026-02-22 00:10:39] 听说改名能中奖是八: 不敢看了
[2026-02-22 00:10:39] 圆滚滚泡面的老公: 不考
[2026-02-22 00:10:39] SuperSword81317: 看完啊
[2026-02-22 00:10:40] 瑭珏: 看完
[2026-02-22 00:10:40] c9的stewie本人: 看完
[2026-02-22 00:10:40] 用户92593425: 主播我感觉你现在状态不是很好啊
[2026-02-22 00:10:40] Tikkkw: 不孝
[2026-02-22 00:10:40] 幕后煮屎者的菊花: 语气对了
[2026-02-22 00:10:40] 5m1le: 【hltv】：六月飞霜凝铁骨，一腔碧血化啼鹃！NIKO没鞭！
[2026-02-22 00:10:40] 用户7556613108:  @梦太美回忆太冷：@dev1ce：哈哈哈哈，儿子，爹丢不丢人？爹菜不菜？（开心地空枪）😁
[2026-02-22 00:10:41] 玩南梁丶阿斯托尔福: 晦气
[2026-02-22 00:10:41] 已被homo占用: 语气对了
[2026-02-22 00:10:41] 扣1复活体育生: 零蛋
[2026-02-22 00:10:41] soul丶兮颜: 晦气
[2026-02-22 00:10:41] kh940329: 都怪你，晦气
[2026-02-22 00:10:41] 安菲尔德的铁棍本人: 不敢看了说是
[2026-02-22 00:10:41] Enzee丶: 语气对了
[2026-02-22 00:10:41] 生之响: 赶紧关了
[2026-02-22 00:10:41] 马楼King张三: 不考
[2026-02-22 00:10:42] Arianphy: fkpgl
[2026-02-22 00:10:42] 昌岗陈坤: 晦气
[2026-02-22 00:10:42] 玩机器厦面鄙骰大: 哈哈哈流脓流完了，又送狙
[2026-02-22 00:10:42] koctaa: 语气对了
[2026-02-22 00:10:42] 三生浮梦终醒: 刘浓：儿子 老爸只能这样帮你净化弹幕环境了😔
[2026-02-22 00:10:42] 玩指挥丶NiKo:  @梦太美回忆太冷：@dev1ce：哈哈哈哈，儿子，爹丢不丢人？爹菜不菜？（开心地空枪）😁
[2026-02-22 00:10:42] 田中口三才: 喜气
[2026-02-22 00:10:42] 阿道和伏见柚柚: 你不能在弹幕开始攻击你之后才开始管弹幕
[2026-02-22 00:10:42] br0O0O: 抓娃娃
[2026-02-22 00:10:42] 永不独行丶YNWA: 晦气儿子
[2026-02-22 00:10:43] spiral6: 快在哪
[2026-02-22 00:10:43] 羽川翼的恋爱物语: 考
[2026-02-22 00:10:43] 企业级穷哥们: 懦
[2026-02-22 00:10:43] 狂欢进行曲: 刘脓
[2026-02-22 00:10:43] 机器机器祝你天天开心: 喜气东西
[2026-02-22 00:10:43] Heartzzz丶: ？？？？
[2026-02-22 00:10:43] 千早唐阿诺: 语气对了语气对了
[2026-02-22 00:10:43] 竹衍丶: 晦气
[2026-02-22 00:10:43] 煞鱼辣椒sylj: 零作用大狙
[2026-02-22 00:10:43] 6657的鸣上悠本人: 喜气
[2026-02-22 00:10:44] 小马利亚暮光闪闪本人: 小福星看似老爹了
[2026-02-22 00:10:44] 大白破烂熊: 语气对了
[2026-02-22 00:10:44] 雷吉恁爷: 不孝
[2026-02-22 00:10:44] YukkiaBaby: 一切100t比赛弹幕氛围就变好了，证明device才是最搞笑的
[2026-02-22 00:10:44] RyeHS: 看完啊
[2026-02-22 00:10:44] 火星情报员工: 不考
[2026-02-22 00:10:44] 玩神的欢喜好有嚼劲: 爱弥斯，我只希望你能轻松快乐的生活......
[2026-02-22 00:10:44] Q1ed7f9c85b3bc7571: 语气对了
[2026-02-22 00:10:44] 梦幻恍惚: 6657upup
[2026-02-22 00:10:44] 无伟契约: 翻了
[2026-02-22 00:10:45] 马克相机: 看完啊
[2026-02-22 00:10:45] 帅气的muji: 语气对了
[2026-02-22 00:10:45] 苦来兮苦的祥子本人: 100只猎鹰
[2026-02-22 00:10:45] 尼尼洞洞major冠军: 不考
[2026-02-22 00:10:45] 只看痴呆主播: 就看你叠啊
[2026-02-22 00:10:45] 帽子的妮蔻本人: 儿子你真晦气
[2026-02-22 00:10:45] 曲终流空: 小福星终于滚了
[2026-02-22 00:10:45] 鹦鹉151: 喜气
[2026-02-22 00:10:46] PKURoger: 你来了之后device没杀过人
[2026-02-22 00:10:46] y666t666y666: 看完
[2026-02-22 00:10:46] VDVCI的迪米特里本人: 你真是个喜气玩意
[2026-02-22 00:10:46] 火猫一哥亦博易勃: 不考东西，一看就死
[2026-02-22 00:10:46] 用户2633745660: 你也知道？
[2026-02-22 00:10:46] 99组的爱城华恋本人: 晦气儿子
[2026-02-22 00:10:46] 四凉闻花: 不敢看了
[2026-02-22 00:10:47] 万物养生: 喜气
[2026-02-22 00:10:47] 5m1le: 【hltv】：六月飞霜凝铁骨，一腔碧血化啼鹃！NIKO没鞭！
[2026-02-22 00:10:47] 今早的早餐: 不孝
[2026-02-22 00:10:47] 小小小蕉: 看似bb就鲨了你
[2026-02-22 00:10:47] MaakiseKurisu: 小福星
[2026-02-22 00:10:47] zin桀zera: 必须看，不看就输了
[2026-02-22 00:10:47] SKT的Faker本人: 语气对了语气对了
[2026-02-22 00:10:47] 有S冠的JackeyLove本人: 小福星
[2026-02-22 00:10:47] CThun438: 小福星😁小福星😁小福星😁小福星😁小福星😁小福星😁小福星😁小福星😁小福星😁
[2026-02-22 00:10:47] 新月似当年1: 不敢看了
[2026-02-22 00:10:48] jamesfaith23: 晦气
[2026-02-22 00:10:48] 你的最佳读者: 不考
[2026-02-22 00:10:48] ice丶cola: 喜气
[2026-02-22 00:10:48] s坑华: 都怪你，晦气
[2026-02-22 00:10:48] 特泯病的驴donk: 刘农病毒
[2026-02-22 00:10:48] 大聪明二次元: 兄弟们我感觉我今天状态不是很好啊，我今天状态非常不好啊，我感觉我应该，唉，我要不，我去调整一下心情吧
[2026-02-22 00:10:48] 马楼King张三: 不考
[2026-02-22 00:10:48] 绿龙回家萨瓦迪卡: 不考
[2026-02-22 00:10:48] 只打瘸子那条腿: 丸辣，玩机爸要被翻啊
[2026-02-22 00:10:48] 夜清英: 要登山了
[2026-02-22 00:10:49] 男洪霆: 1
[2026-02-22 00:10:49] tungtungtungsahur: 考
[2026-02-22 00:10:49] Cloud9的咬人猫本人: 【hltv】：六月飞霜凝铁骨，一腔碧血化啼鹃！NIKO没鞭！
[2026-02-22 00:10:49] 宇宙不二心: 我鞭你的m有感觉吗
[2026-02-22 00:10:49] 行云C1oud: 考
[2026-02-22 00:10:49] mujica的长崎素世本人: 你看半天就赢了一分
[2026-02-22 00:10:49] yoda的烤红薯: 考喜气东西
[2026-02-22 00:10:49] 梦狼可: 不考
[2026-02-22 00:10:50] 布斯特丽丽:  @梦太美回忆太冷：@dev1ce：哈哈哈哈，儿子，爹丢不丢人？爹菜不菜？（开心地空枪）😁
[2026-02-22 00:10:50] 赤松枫酱: 冷知识，阿汤哥才是初代软脚🦐
[2026-02-22 00:10:50] 没有故事的Pluto: 登山了
[2026-02-22 00:10:50] 想法7hou9ht: 看似100t就杀了你
[2026-02-22 00:10:50] 杰里科丶: @BB：终于等到玩大哥回防了
[2026-02-22 00:10:50] navi能输我送超火: 不孝
[2026-02-22 00:10:51] 鼠鼠蛇蛇major冠军: 晦气东西
[2026-02-22 00:10:51] 梦鸡的累吧: 小福星😁小福星😁小福星😁小福星😁小福星😁小福星😁小福星😁小福星😁小福星😁
[2026-02-22 00:10:51] 足音: 不考东西，一看就死
[2026-02-22 00:10:51] 恺悌君子能几醉: 一位谦虚的选手被人身攻击你不管，一条区被骂两句你知道屏蔽了？
[2026-02-22 00:10:51] 白给大帝DruG: device：终于等到这个逆子滚了
[2026-02-22 00:10:51] 柚子厨0721: 你来了之后device没杀过人
[2026-02-22 00:10:52] Moe1e: @dev1ce：哈哈哈哈，儿子，爹丢不丢人？爹菜不菜？（开心地空枪）😁
[2026-02-22 00:10:52] myGo的anon: 不考
[2026-02-22 00:10:52] s坑华: 看似bb就鲨了你
[2026-02-22 00:10:52] 缘来我是小僵尸rua: yyf都不敢看一半
[2026-02-22 00:10:52] Freeze灬殇空天辉: 肥猪
[2026-02-22 00:10:52] 壹叁狗: bb：终于等到玩大哥回防
[2026-02-22 00:10:52] 金所炫s: fkmouz
[2026-02-22 00:10:53] PKURoger: 看似bb就鲨了你
[2026-02-22 00:10:53] Milkshakechs: 🐖
[2026-02-22 00:10:53] 九勾玉轮回眼1111: 你来了之后device没杀过人
[2026-02-22 00:10:53] 博丽灵感菇: 弹幕也是搞笑，问一个猪的老爸是人吗？那猪的老爸能是人吗？
[2026-02-22 00:10:53] 老年鱼鱼鱼: 语气对了
[2026-02-22 00:10:53] 持石的咕咕嘎嘎: 登山了
[2026-02-22 00:10:53] 非著名登山家: 抓娃娃
[2026-02-22 00:10:53] 5m1le: 【hltv】：六月飞霜凝铁骨，一腔碧血化啼鹃！NIKO没鞭！
[2026-02-22 00:10:53] PAX7654: 骗自己
[2026-02-22 00:10:53] 工业化战士: 要登山了
[2026-02-22 00:10:54] 奶油亦博啵啵: 一切100t比赛弹幕氛围就变好了，证明device才是最搞笑的
[2026-02-22 00:10:54] 棍老师047: 登山了
[2026-02-22 00:10:54] 昌岗陈坤: 你自己不看给我看啊
[2026-02-22 00:10:54] EDG的3mz本人: 感觉登山了
[2026-02-22 00:10:54] 伢牙luo: 登山去了
[2026-02-22 00:10:54] 用户0220064326: 兄弟们我感觉我今天状态不是很好啊，我今天状态非常不好啊，我感觉我应该，唉，我要不，我去调整一下心情吧
[2026-02-22 00:10:54] 鱼鱼jr呢: 吃大份去吧🖕😅🖕吃大份去吧🖕😅🖕吃大份去吧🖕😅🖕吃大份去吧🖕😅🖕吃大份去吧
[2026-02-22 00:10:54] SuperSword81317: 喜气满满
[2026-02-22 00:10:54] 羽川翼的恋爱物语: 吃大份去吧
[2026-02-22 00:10:54] OG的Cad1aN本人: fkcs
[2026-02-22 00:10:55] 黄色小透明: 笑死我了
[2026-02-22 00:10:55] 乐小鱼11: 晦气东西
[2026-02-22 00:10:55] 野pig亨利28: 🍟🐷哼哧哼哧🍟🐷哼哧哼哧🍟🐷哼哧哼哧🍟🐷哼哧哼哧
[2026-02-22 00:10:56] 岛田王师傅: 懂你意思
[2026-02-22 00:10:56] cap-wearing-mita: 偷摸零来咯🐧🐧🐧🐧🐧🐧🐧🐧🐧🐧
[2026-02-22 00:10:56] 喜欢玩机器被骂恋猪癖: 不考
[2026-02-22 00:10:56] AveMujica的Sakiko本人: 登山了
[2026-02-22 00:10:56] 龙龙虾虾爱软脚: 切回来发现22-20了
[2026-02-22 00:10:56] 玩设备丶dev1ce: 英雄狙（指给对面送狙）
[2026-02-22 00:10:56] Inforno的chicken本人: 看似100t就杀了你
[2026-02-22 00:10:56] Anderw:  @梦太美回忆太冷：@dev1ce：哈哈哈哈，儿子，爹丢不丢人？爹菜不菜？（开心地空枪）😁
[2026-02-22 00:10:56] 安德莉亞: 小福星😁小福星😁小福星😁小福星😁小福星😁小福星😁小福星😁小福星😁小福星😁
[2026-02-22 00:10:57] 狄外思甩-呃咳咳咳咳: bb：终于等到玩大哥回防
[2026-02-22 00:10:57] 跳跃的司令官: 吃大份去吧🖕😅🖕吃大份去吧🖕😅🖕吃大份去吧🖕😅🖕
[2026-02-22 00:10:57] 玩机爸的蓝白碗: 我们有缘再见
[2026-02-22 00:10:57] 我没P眼123: @device：儿子！换台！是爹地！😎😎😎 @人生无喜剧： ：@device：哈哈
[2026-02-22 00:10:57] 满澜18906: 咒术级
[2026-02-22 00:10:57] Cloud9的咬人猫本人: 8888888888888888888
[2026-02-22 00:10:57] 玩弓箭、Arrow: rain:老汤啊，你儿子真晦气
[2026-02-22 00:10:57] 寻管鲍之交: 弹幕再加减乘除以后直播间唯一能出现数字的地方就是比赛画面了
[2026-02-22 00:10:57] 滑滑梯: 8888888888888888
[2026-02-22 00:10:58] 弹跳甲鱼漡: 不考
[2026-02-22 00:10:58] KZG的Oliveira本人: 喜气
[2026-02-22 00:10:58] 落夜会: 看老汤啊，不考
[2026-02-22 00:10:58] 嘉丘: 登山了
[2026-02-22 00:10:58] 5m1le: 【hltv】：六月飞霜凝铁骨，一腔碧血化啼鹃！NIKO没鞭！
[2026-02-22 00:10:58] 足音: 你来了之后device没杀过人
[2026-02-22 00:10:58] 石家庄的刘亦博本人: 一位谦虚的选手被人身攻击你不管，一条区被骂两句你知道屏蔽了？
[2026-02-22 00:10:58] 命运叫我去战斗: 不考
[2026-02-22 00:10:58] 用户36855730: @BB：终于等到玩大哥回防了
[2026-02-22 00:10:58] 麻辣头鱼丝: 你来了之后device没杀过人
[2026-02-22 00:10:59] 悲惨凄凉233: 不考
[2026-02-22 00:10:59] 古堡12枪战神: bb：终于等到玩大哥回防
[2026-02-22 00:10:59] 玩鸽子丶Pigeon: 剪掉WJQ的小揪揪（ ・ω・)✄╰ひ╯ 变成WJO可爱捏
[2026-02-22 00:10:59] MiniHerc: @device：你真是爹地的小福星
[2026-02-22 00:10:59] G2、niko: 谁在意这边啊
[2026-02-22 00:10:59] Biu暖心: 你把大哥吹死了
[2026-02-22 00:10:59] 罗德岛顶红顶红的太阳: 假装毒奶，其实想看流量比赛
[2026-02-22 00:10:59] 平湖的戴根翔本人: 321登山
[2026-02-22 00:10:59] 丢丢的夜精灵: 拿个吃的准备登山
[2026-02-22 00:11:00] YEKINDAR: 登山了
[2026-02-22 00:11:00] 一条无梦鱼: 你来了之后device没杀过人
[2026-02-22 00:11:00] 乌鸦晒不黑: 123登山
[2026-02-22 00:11:00] Hakurei-Re1mu: @device：儿子，你是真喜气😅
[2026-02-22 00:11:00] 3分糖加椰果: @BB：终于等到玩大哥回防了
[2026-02-22 00:11:00] 伢牙luo: 登山咯
[2026-02-22 00:11:00] dark1337: 登山了
[2026-02-22 00:11:00] Dartline: 然后他再也没有回来。。。
[2026-02-22 00:11:00] 加一些辣椒酱: 不考
[2026-02-22 00:11:00] Wangzap: 你来了之后device没杀过人
[2026-02-22 00:11:00] 好蔬菜丶Vege: 看完啊
[2026-02-22 00:11:01] 机灵的狗剩: 不考
[2026-02-22 00:11:01] 玩宝路、Marlboro: 不考
[2026-02-22 00:11:01] VR的灰泽螨本人: 不考
[2026-02-22 00:11:01] 核浪98120: @device：儿子，你好晦气....
[2026-02-22 00:11:01] xu瓜: 晦气东西
[2026-02-22 00:11:01] 细菌P: 卧槽，孩孩回G2了！说要一人一城不抱团当真GOAT！💪👑
[2026-02-22 00:11:01] 直播然后捡到女大学生: @BB：终于等到玩大哥回防了
[2026-02-22 00:11:02] 斗鱼用户4901183769: 洗脸了
[2026-02-22 00:11:02] 永远喜欢樱岛麻衣: 去外面看了
[2026-02-22 00:11:02] cherish丶chY: 自己躲一边去看，你做人真的可以玩哥
[2026-02-22 00:11:02] 先去做主线: 不考
[2026-02-22 00:11:02] 永远爱玩宝宝: 要登山了！！！
[2026-02-22 00:11:02] 1freet: 吃史去吧
[2026-02-22 00:11:03] 玩机器的马肾: 开宫🏹！放监👉！开宫🏹！放监👉！开宫🏹！放监👉！开宫🏹！
[2026-02-22 00:11:03] 无天狙神: BB:玩大哥不要走
[2026-02-22 00:11:03] 斗鱼用户0016500: BB：玩大哥你别走啊
[2026-02-22 00:11:03] 布斯特丽丽: 登山了
[2026-02-22 00:11:03] EnVyUs的apEX本人: @rain：老汤，你那晦气儿子终于走了
[2026-02-22 00:11:03] 猫鼬斩Zz: 321登山
[2026-02-22 00:11:04] suicho: 今晚吃冰粉还是藕粉
[2026-02-22 00:11:04] 东云瑞希: 88888888888
[2026-02-22 00:11:04] LBVGB: 开凿
[2026-02-22 00:11:04] 格拉斯蛤特: 不孝
[2026-02-22 00:11:04] 鹦鹉151: @rain：设备你家那个晦气东西终于滚了
[2026-02-22 00:11:04] vongwu: @dev1ce：晦气东西，快滚
[2026-02-22 00:11:04] PKURoger: @BB：终于等到玩大哥回防了
[2026-02-22 00:11:04] 不主动不拒绝不负责: @device：他终于走了。。。😅
[2026-02-22 00:11:04] 蛇醉三千客: @device：儿子，你是真喜气😅
[2026-02-22 00:11:05] Arianphy: @device：你真是爹地的小福星
[2026-02-22 00:11:05] 锂汁lizhi: 无人在意这两个路边队，申请观看100t
[2026-02-22 00:11:05] Lelouch丶v丶: @device：儿子，你是真喜气😅
[2026-02-22 00:11:05] 求奶水友申不到EPFL: 然后他再也没有回来。。。
[2026-02-22 00:11:05] CV65Enterprise: 主播当初看似几个中国队的时候都没这么急
[2026-02-22 00:11:05] arsQaQ: @device：儿子，你有点晦气……
[2026-02-22 00:11:05] 还有时间日落之前: 一位谦虚的选手被人身攻击你不管，一条区被骂两句你知道屏蔽了？
[2026-02-22 00:11:06] 我又同意了: 不考
[2026-02-22 00:11:06] LvvsiN: 额，拿亚军我都会，拿亚军，拿季军，拿四强，拿八强，拿十六强，呃拿冠军我不会，然后小组赛淘汰
[2026-02-22 00:11:06] 月夜留香2019: 还有一分钟你不让爷爷看
[2026-02-22 00:11:06] 寈梅煮酒: 不看device？全体弹幕统一攻击碗橱
[2026-02-22 00:11:06] 安德莉亞: 🍟🐷哼哧哼哧🍟🐷哼哧哼哧🍟🐷哼哧哼哧🍟🐷哼哧哼哧
[2026-02-22 00:11:06] G2的device本人: 自己躲一边去看，你做人真的可以玩哥
[2026-02-22 00:11:06] Vitality的Kyojin本人: 等碗橱回来骗他老汤五杀了，收到➕1
[2026-02-22 00:11:07] LkCatQwQ: 321登山
[2026-02-22 00:11:07] Ly5928: @梦太美回忆太冷：@dev1ce：哈哈哈哈，儿子，爹丢不丢人？爹菜不菜？（开心地空枪）😁
[2026-02-22 00:11:07] 玩火炉丶Stove: @device：儿子，你是真喜气😅
[2026-02-22 00:11:07] 你的最佳读者: 兄弟们我感觉我今天状态不是很好啊，我今天状态非常不好啊，我感觉我应该，唉，我要不，我去调整一下心情吧
[2026-02-22 00:11:07] kh940329: @device：儿子，你是真喜气😅
[2026-02-22 00:11:07] 永不独行丶YNWA: @BB：玩大哥别走
[2026-02-22 00:11:07] h1de666: 考又不考
[2026-02-22 00:11:08] 99组的爱城华恋本人: 此刻没有人知道玩机器就要登山了
[2026-02-22 00:11:08] 星遁天诛: @BB：终于等到玩大哥回防了
[2026-02-22 00:11:08] gggaligeigei: 321登山
[2026-02-22 00:11:08] KYJunr: 你不看我们看不就得了吗
[2026-02-22 00:11:08] 终初若叶睦: @device：儿子，你好晦气....
[2026-02-22 00:11:08] 用户0220064326: 兄弟们我感觉我今天状态不是很好啊，我今天状态非常不好啊，我感觉我应该，唉，我要不，我去调整一下心情吧
[2026-02-22 00:11:08] Khrubov: 自己躲一边去看，你做人真的可以玩哥
[2026-02-22 00:11:09] 我去看看群: 　　　 @device：儿子，你有点晦气……
[2026-02-22 00:11:09] 有你便是世界1: @dev1ce：晦气东西，快滚
[2026-02-22 00:11:09] 你对象为我背叛了你: 宫监手！准备放监！🏹🏹🏹🏹宫监手！准备放监！🏹🏹🏹
[2026-02-22 00:11:10] 玩斯特出出6657: 自己躲一边去看，你做人真的可以玩哥
[2026-02-22 00:11:10] A队的Dupreeh本入: 🍟🐷哼哧哼哧🍟🐷哼哧哼哧🍟🐷哼哧哼哧🍟🐷哼哧哼哧
[2026-02-22 00:11:10] 犭火夕卜其斤: 无人在意一个majorMVP的比赛，申请看两个majorMVP的比赛
[2026-02-22 00:11:10] 子非FFish: 321登山
[2026-02-22 00:11:10] 6657闹麻了: 321登山
[2026-02-22 00:11:10] 博丽灵感菇: 弹幕也是搞笑，问一个猪的老爸是人吗？那猪的老爸能是人吗？
[2026-02-22 00:11:10] 工业化战士: 321登山！
[2026-02-22 00:11:10] 猫猫土著: 老尼其实是冰粉，因为他鞭了尼孝
[2026-02-22 00:11:10] 樽下烛影醉花前: 玩大哥那我也不看了
[2026-02-22 00:11:10] 绿龙回家萨瓦迪卡: 不考不乂
[2026-02-22 00:11:11] 玩山山丶Mounta1n: 去门口食槽吃两口得了
[2026-02-22 00:11:11] 豆腐哒哒哒哒: @dev1ce：哈哈哈哈，儿子，爹丢不丢人？爹菜不菜？（开心地空枪）😁
[2026-02-22 00:11:11] 好哥们张顺飞: 复刻prx拿分大招之夜说是
[2026-02-22 00:11:11] Faze没夺冠我就砂了你: 登山了
[2026-02-22 00:11:11] 梦的星: 此时直播间的玩小将还不知道这是他们见玩机器的最后一面
[2026-02-22 00:11:12] As1ntO: 偷偷去厕所掉小珍珠了
[2026-02-22 00:11:12] LvvsiN: 男人一生只哭十八次：niko十七次梦碎major正赛, niko梦碎里约major RMR＼
[2026-02-22 00:11:12] 我是解说玩鸡器: 孝
[2026-02-22 00:11:12] 太阳神之翼神龙球体形: 【hltv】：六月飞霜凝铁骨，一腔碧血化啼鹃！NIKO没鞭！
[2026-02-22 00:11:12] 土御门静雄: 321登山
[2026-02-22 00:11:12] 好妹妹芙兰朵露本人: @device：空了好多枪不差这一枪了，靠你洗了好儿子…（骄傲的空枪😎）
[2026-02-22 00:11:12] 棍老师047: 真正的离开 是悄无声息的
[2026-02-22 00:11:12] 大家要幸福呀: 玩机器回来骗他nota被鞭尸了
[2026-02-22 00:11:13] 十点差49分: @BB：终于等到玩大哥回防了
[2026-02-22 00:11:13] 一Lee: 看死CN队的时候，你可不是这么说的
[2026-02-22 00:11:13] 芝士每天都很困: @device：儿子，你是真喜气😅
[2026-02-22 00:11:13] 玩大狙、dev1cy: 时间对了
[2026-02-22 00:11:13] Mikasa1441: 今晚吃冰粉还是藕粉
[2026-02-22 00:11:13] Dartline: 此刻没有人知道玩机器就要登山了
[2026-02-22 00:11:13] 宇莓: 以前有人说玩机器其实是本质尼考我还笑话他，现在看来果然是啊
[2026-02-22 00:11:13] JZZENG: 兄弟们我感觉我今天状态不是很好啊，我今天状态非常不好啊，我感觉我应该，唉，我要不，我去调整一下心情吧
[2026-02-22 00:11:13] 月之森的睦子米本人: 学上一半不上了 比赛看一半不看了 直播播一半登山了 你的人生就这样了
[2026-02-22 00:11:14] 不是很懂怎么取名: 此刻没有人知道玩机器就要登山了
[2026-02-22 00:11:14] LvvsiN: 孩子们快跑，马修赫伯特来了😨卧槽你的怎么是马枪和BOT
[2026-02-22 00:11:14] Vc丶糖: 起初人们以为玩机器拿吃的很快就能回来……
[2026-02-22 00:11:14] 想要玩玩玩玩的JJ: 自己躲一边去看，你做人真的可以玩哥
[2026-02-22 00:11:14] SuperSword81317: @BB：玩大哥别走
[2026-02-22 00:11:14] 九厥Akassi: 你知道怎么还天天看我们尼尼孩孩的比赛啊，闹麻了
[2026-02-22 00:11:14] 玩玩的丸丸软又弹: 留椅播
[2026-02-22 00:11:15] 一只大洗: @device:儿子都怪你一直说de狗，真晦气
[2026-02-22 00:11:15] yoda的烤红薯: 兄弟们我感觉我今天状态不是很好啊，我今天状态非常不好啊，我感觉我应该，唉，我要不，我去调整一下心情吧
[2026-02-22 00:11:15] 好姐们-爱尔奎特: 跑去封人了🤫跑去封人了🤫跑去封人了🤫跑去封人了🤫跑去封人了🤫跑去封人了🤫跑去封人了🤫
[2026-02-22 00:11:15] 蓝原延渚: 多年后人们才意识到这是最后一次在直播间看到碗橱
[2026-02-22 00:11:15] CThun438: 小福星😁小福星😁小福星😁小福星😁小福星😁小福星😁小福星😁小福星😁
[2026-02-22 00:11:15] 用户8581685793: @dev1ce：哈哈哈哈，儿子，爹丢不丢人？爹菜不菜？（开心地空枪）😁
[2026-02-22 00:11:15] Ast洗浴中心的刘农本人: 你下播吧, 像2025-02-07 23:49一样！
[2026-02-22 00:11:15] KYJunr: 你不看我们看不就得了吗
[2026-02-22 00:11:16] 玩番薯丶ZywOo: @device：儿子，你有点晦气……
[2026-02-22 00:11:16] Moe1e: BB：玩大哥你别走啊
[2026-02-22 00:11:16] 白皇的三千院Nagi本人: 偷偷去厕所掉小珍珠了
[2026-02-22 00:11:16] 命运叫我去战斗: @rain：老汤，你那晦气儿子终于走了
[2026-02-22 00:11:17] 那我懂你意思了0: 自己躲一边去看，你做人真的可以玩哥
[2026-02-22 00:11:17] vongwu: @dev1ce：晦气东西，快滚
[2026-02-22 00:11:17] Ly5928: @dev1ce：哈哈哈哈，儿子，爹丢不丢人？爹菜不菜？（开心地空枪）😁
[2026-02-22 00:11:17] Dartline: 真正的离开 是悄无声息的
[2026-02-22 00:11:17] 达尔豪斯优秀毕业生: 玩大哥那我也不看了
[2026-02-22 00:11:18] 玩机爸、device: 留椅播
[2026-02-22 00:11:18] 玩机器的小飞棍: 偷偷去厕所掉小珍珠了
[2026-02-22 00:11:18] 一Lee: 看死CN队的时候，你可不是这么说的
[2026-02-22 00:11:18] 唦卡井一一一: 　　　 此时直播间的玩小将还不知道这是他们见玩机器的最后一面
[2026-02-22 00:11:18] 电棍的小笑子: @BB：终于等到玩大哥回防了
[2026-02-22 00:11:19] 火爆浪子zz: @dev1ce：哈哈哈哈，儿子，爹丢不丢人？爹菜不菜？（开心地空枪）😁
[2026-02-22 00:11:19] 用户0998309318: 玩机器回来骗他nota被鞭尸了
[2026-02-22 00:11:19] 机器的儿子阿雨的狗: @rain：老汤，你那晦气儿子终于走了
[2026-02-22 00:11:19] 一条无梦鱼: 自己躲一边去看，你做人真的可以玩哥
[2026-02-22 00:11:19] aphasia失语: 老尼其实是冰粉，因为他鞭了尼孝
[2026-02-22 00:11:19] -DJANGO-: @device：儿子，你是真喜气😅
[2026-02-22 00:11:20] Ly5928: @dev1ce：哈哈哈哈，儿子，爹丢不丢人？爹菜不菜？（开心地空枪）😁
[2026-02-22 00:11:20] 你对象为我背叛了你: 宫监手！准备放监！🏹🏹🏹🏹宫监手！准备放监！🏹🏹🏹
[2026-02-22 00:11:20] 柚子小叶: @rain：老汤，你那晦气儿子终于走了
[2026-02-22 00:11:20] 我变扁了: @device:儿子你有点晦气
[2026-02-22 00:11:20] 樽下烛影醉花前: 玩大哥那我也不看了
[2026-02-22 00:11:20] 流光似水321: 登山了有感觉吗
[2026-02-22 00:11:21] Ceeee丶: 此刻没有人知道玩机器就要登山了
[2026-02-22 00:11:21] 克勞恩皮絲: 老尼其实是冰粉，因为他鞭了尼孝
[2026-02-22 00:11:21] 玩大哥何时玩死锁乱斗: 兄弟们我今天情绪有点不对了
[2026-02-22 00:11:21] 足音: 多年后人们才意识到这是最后一次在直播间看到碗橱
[2026-02-22 00:11:21] 沐风Charlie: 学上一半不上了 比赛看一半不看了 直播播一半登山了 你的人生就这样了
[2026-02-22 00:11:21] 大梦464: 跑去封人了🤫跑去封人了🤫跑去封人了🤫跑去封人了🤫跑去封人了🤫跑去封人了🤫跑去封人了🤫
[2026-02-22 00:11:21] 白皇的三千院Nagi本人: 学上一半不上了 比赛看一半不看了 直播播一半登山了 你的人生就这样了
[2026-02-22 00:11:21] 牟平鲁尼: 老鼠：那边12-4的nuke也被翻了吗😊
[2026-02-22 00:11:22] 我想玩小蜜蜂: 自己躲一边去看，你做人真的可以玩哥
[2026-02-22 00:11:22] 罗叔罗叔: 你还会回来吗
[2026-02-22 00:11:22] 硫磺祥: 真正的离开 是悄无声息的
[2026-02-22 00:11:22] 洛卡不是菜狗: @这里是小天啊：玩大哥你不能塌房啊😭要不然谁给我发工资啊😭
[2026-02-22 00:11:22] LvvsiN: 你这音画不同步太难受了，我都听到NIKO里约RMR晋级的欢呼了
[2026-02-22 00:11:22] 烟鬼安德鲁:  @小黑小黑：爱弥斯，我只希望你能轻松快乐的生活......
[2026-02-22 00:11:23] 不变的追求717: 老尼其实是冰粉，因为他鞭了尼孝
[2026-02-22 00:11:23] 玉米卧槽: @dev1ce：哈哈哈哈，儿子，爹丢不丢人？爹菜不菜？（开心地空枪）😁
[2026-02-22 00:11:23] 玩指挥丶NiKo: 谢仍的逊子来了（摇摇摇）
[2026-02-22 00:11:23] 述二ER: 偷偷去厕所掉小珍珠了
[2026-02-22 00:11:23] 小恩的小然: @rain：老汤，你那晦气儿子终于走了
[2026-02-22 00:11:23] 来自欧派星球: 兄弟们我感觉我今天状态不是很好啊，我今天状态非常不好啊，我感觉我应该，唉，我要不，我去调整一下心情吧
[2026-02-22 00:11:23] AgentRay: 自己躲一边去看，你做人真的可以玩哥
[2026-02-22 00:11:24] Dartline: 此时直播间的玩小将还不知道这是他们见玩机器的最后一面
[2026-02-22 00:11:24] Arke伊万: @dev1ce：哈哈哈哈，儿子，爹丢不丢人？爹菜不菜？（开心地空枪）😁
[2026-02-22 00:11:24] 晚睡夜ovo: 弹幕也是搞笑，问一个猪的老爸是人吗？那猪的老爸能是人吗？
[2026-02-22 00:11:25] 白皇的三千院Nagi本人: 自己躲一边去看，你做人真的可以玩哥
[2026-02-22 00:11:25] 落夜会: 自己躲一边去看，你做人真的可以玩哥
[2026-02-22 00:11:25] 排骨的愤怒: 自己躲一边去看，你做人真的可以玩哥
[2026-02-22 00:11:25] i化石-: @BB：终于等到玩大哥回防了
[2026-02-22 00:11:25] siilgee: 留椅播
[2026-02-22 00:11:25] 人生无喜剧: 此刻没有人知道玩机器就要登山了
[2026-02-22 00:11:25] SuperSword81317: 学上一半不上了 比赛看一半不看了 直播播一半登山了 你的人生就这样了
[2026-02-22 00:11:25] 3BM22: @rain：老汤，你那晦气儿子终于走了
[2026-02-22 00:11:26] 月落汐上: 真正的离开 是悄无声息的
[2026-02-22 00:11:26] 玩大哥何时玩死锁乱斗: 兄弟们我感觉我今天状态不是很好啊，我今天状态非常不好啊，我感觉我应该，唉，我要不，我去调整一下心情吧
[2026-02-22 00:11:26] Yuta030: 跑去封人了🤫跑去封人了🤫跑去封人了🤫跑去封人了🤫跑去封人了🤫跑去封人了🤫跑去封人了🤫
[2026-02-22 00:11:26] 骑蜗牛追杀: 我去吃饭了（偷看封禁名单）
[2026-02-22 00:11:26] gggaligeigei: 兄弟们我今天情绪有点不对了
[2026-02-22 00:11:26] 玩设备丶dev1ce: 偷偷去厕所看弹幕了
[2026-02-22 00:11:26] 日漫痴十六夜: @edg@xg:你也知道不看就赢了啊😅
[2026-02-22 00:11:27] 锂汁lizhi: @rain：老汤，你那晦气儿子终于走了
[2026-02-22 00:11:27] 凯瑟琳123: 自己躲一边去看，你做人真的可以玩哥
[2026-02-22 00:11:27] Nannya: 兄弟们我感觉我今天状态不是很好啊，我今天状态非常不好啊，我感觉我应该，唉，我要不，我去调整一下心情吧
[2026-02-22 00:11:27] MasanQwQ: 弹幕也就网上说说，现实里谁不觉得樱姐是好女孩（删括号领一条远坂凛同款鸟笼）
[2026-02-22 00:11:27] 吟游诗人希尔伯特: 老尼其实是冰粉，因为他鞭了尼孝
[2026-02-22 00:11:28] 工业化战士: @device：儿子，你是真喜气😅
[2026-02-22 00:11:28] 丶丶Ken丶丶: 自己躲一边去看，你做人真的可以玩哥
[2026-02-22 00:11:28] 李小小与虾大大: 可是玩婊婊也很双标啊🥺
[2026-02-22 00:11:28] 玩机器的小飞棍: 自己躲一边去看，你做人真的可以玩哥
[2026-02-22 00:11:28] 玉米卧槽: 多年后人们才意识到这是最后一次在直播间看到碗橱
[2026-02-22 00:11:28] yinyao1231: @device：怪不得弹幕那么讨厌你
[2026-02-22 00:11:28] 企鹅物流安全屋: @rain：老汤，你那晦气儿子终于走了
[2026-02-22 00:11:28] 你的最佳读者: 学上一半肄业了，解说一半下播了，视频看一半切了，我真怕你哪天活一半不活了
[2026-02-22 00:11:28] Adrian林讲: 多年后人们才意识到这是最后一次在直播间看到碗橱
[2026-02-22 00:11:28] 成果果家的菜包子: @device：儿子，你是真喜气😅
[2026-02-22 00:11:28] NaiMoTkkk: 偷偷去厕所掉小珍珠了
[2026-02-22 00:11:29] 玩玩机器机机: 自己躲一边去看，你做人真的可以玩哥
[2026-02-22 00:11:29] 1039210: @rain：老汤，你那晦气儿子终于走了
[2026-02-22 00:11:29] 大的要来了丶: @rain：老汤，你那晦气儿子终于走了
[2026-02-22 00:11:29] 明天开始要牛马归棚了: 多年后人们才意识到这是最后一次在直播间看到碗橱
[2026-02-22 00:11:29] 素6666: 自己躲一边去看，你做人真的可以玩哥
[2026-02-22 00:11:30] 友利奈绪我老婆d: @这里是小天啊：玩大哥你不能塌房啊😭要不然谁给我发工资啊😭
[2026-02-22 00:11:30] 单推折纸11年: 跑去封人了🤫跑去封人了🤫跑去封人了🤫跑去封人了🤫跑去封人了🤫跑去封人了🤫跑去封人了🤫
[2026-02-22 00:11:30] 陈礼旭: 你下播吧, 像2025-02-07 23:49一样！
[2026-02-22 00:11:30] 一Lee: 看死CN队的时候，你可不是这么说的啊
[2026-02-22 00:11:30] hansanboi: 你这音画不同步太难受了，我都听到NIKO里约RMR晋级的欢呼了
[2026-02-22 00:11:30] 布斯特丽丽: @rain：老汤，你那晦气儿子终于走了
[2026-02-22 00:11:30] JamYo0oung: 唉，刚刚居然飘过去一条讨论比赛的弹幕，一天的好心情全没了😔
[2026-02-22 00:11:30] Axion0808: @dev1ce：哈哈哈哈，儿子，爹丢不丢人？爹菜不菜？（开心地空枪）😁
[2026-02-22 00:11:30] 如何快速升15级: 阿里巴巴四十大盗，一百大盗就是2.5阿里巴巴，也就是一坤巴，老汤真是个坤巴👍
[2026-02-22 00:11:31] 小箱我亲死你: 我会告诉弹幕去拿东西 然后再也不回来
[2026-02-22 00:11:31] 第一次给了玩机器: 111
[2026-02-22 00:11:31] 克勞恩皮絲: @rain：老汤，你那晦气儿子终于走了
[2026-02-22 00:11:34] MiniHerc: 去厕所偷看了
[2026-02-22 00:11:34] Evolut1on711: 🤜😯👆 W ✋😃👌 J 🖐️😉🖐️ Q 😃👐Machine♡
[2026-02-22 00:11:34] 卖鱼强不卖鱼: 自己躲一边去看，你做人真的可以玩哥
[2026-02-22 00:11:34] 最喜欢清光: 自己躲一边去看，你做人真的可以玩哥
[2026-02-22 00:11:34] 油炸火影忍者: 学上一半不上了 比赛看一半不看了 直播播一半登山了 你的人生就这样了
[2026-02-22 00:11:34] 撒特没有妈妈: 自己躲一边去看，你做人真的可以玩哥
[2026-02-22 00:11:34] 壹叁狗: @rain：老汤，你那晦气儿子终于走了
[2026-02-22 00:11:34] 月之森的睦子米本人: 自己躲一边去看，你做人真的可以玩哥
[2026-02-22 00:11:34] 安菲尔德的铁棍本人: 老汤无甲沙鹰也能五杀的啊
[2026-02-22 00:11:34] 玩机器的弟弟玩弟科: 自己躲一边去看，你做人真的可以玩哥
[2026-02-22 00:11:34] l得得地ll: 你大爷，你不看为啥不让我们看
[2026-02-22 00:11:34] 八神丿男人: @dev1ce：哈哈哈哈，儿子，爹丢不丢人？爹菜不菜？（开心地空枪）😁
[2026-02-22 00:11:34] MunChlax丶: 此刻没有人知道玩机器就要登山了
[2026-02-22 00:11:34] 一条无梦鱼: @dev1ce：哈哈哈哈，儿子，爹丢不丢人？爹菜不菜？（开心地空枪）😁
[2026-02-22 00:11:34] kalaokl: 可是玩婊婊也很双标啊🥺
[2026-02-22 00:11:34] 桂林米粉比较好吃: 我去吃饭了（偷看封禁名单）
[2026-02-22 00:11:34] RGsdfbf: 弹幕也是搞笑，问一个猪的老爸是人吗？那猪的老爸能是人吗？
[2026-02-22 00:11:34] 伢牙luo: 跑去封人了🤫跑去封人了🤫跑去封人了🤫跑去封人了🤫跑去封人了🤫跑去封人了🤫跑去封人了🤫
[2026-02-22 00:11:34] 枫落不是枫ruo: 玩处偷偷躲着看
[2026-02-22 00:11:34] 万物养生: 自己躲一边去看，你做人真的可以玩哥
[2026-02-22 00:11:34] vannnmb: 自己躲一边去看，你做人真的可以玩哥
[2026-02-22 00:11:34] D调淡蓝色眼眸: 偷偷去厕所掉小珍珠了
[2026-02-22 00:11:34] 拉特兰的Exus1a1本人: @rain：老汤，你那晦气儿子终于走了
[2026-02-22 00:11:34] 玩机器的小飞棍: 此刻没有人知道玩机器就要登山了
[2026-02-22 00:11:35] LvvsiN: 银行业😄银行业😀银行业😃银行业😁银行业😆银行业🤪银行业😝
[2026-02-22 00:11:35] Vitality的羽贺文乃本人: @BB：终于等到玩大哥回防了
[2026-02-22 00:11:35] 青森大佬: 123
[2026-02-22 00:11:35] 摆烂小鸽子: 再见了，玩小弟
[2026-02-22 00:11:35] 周杰伦见我了: @rain：老汤，你那晦气儿子终于走了
[2026-02-22 00:11:35] 野pig亨利28: @rain：老汤，你那晦气儿子终于走了
[2026-02-22 00:11:35] siufff: @device：儿子，你是真喜气😅
[2026-02-22 00:11:35] guorerew: @这里是小天啊：玩大哥你不能塌房啊😭要不然谁给我发工资啊😭
[2026-02-22 00:11:36] 请叫我刘赤赤: 学上一半不上了 比赛看一半不看了 直播播一半登山了 你的人生就这样了
[2026-02-22 00:11:36] 丶丶Ken丶丶: @device：怪不得弹幕那么讨厌你
[2026-02-22 00:11:36] 宇神82881: 自己躲一边去看，你做人真的可以玩哥
[2026-02-22 00:11:36] 猎鹰比赛很有创造性: @rain：老汤，你那晦气儿子终于走了
[2026-02-22 00:11:36] 拙劣的模仿秀: 真赢了
[2026-02-22 00:11:37] 宇莓: 你下播吧, 像2025-02-07 23:49一样！
[2026-02-22 00:11:37] VDVCI的迪米特里本人: 看死CN队的时候，你可不是这么说的啊
[2026-02-22 00:11:37] 雨亦r41ny: 多年后人们才意识到这是最后一次在直播间看到碗橱
[2026-02-22 00:11:37] 欧内的手丨好汉: @rain：老汤，你那晦气儿子终于走了
[2026-02-22 00:11:37] 木人斤: 自己躲一边去看，你做人真的可以玩哥
[2026-02-22 00:11:37] 述二ER: 此刻没有人知道玩机器就要登山了
[2026-02-22 00:11:38] 叶落feng逝: @rain：老汤，你那晦气儿子终于走了
[2026-02-22 00:11:38] 不变的追求717: 我去吃饭了（偷看封禁名单）
[2026-02-22 00:11:38] 玉米卧槽: 去厕所哭哭惹
[2026-02-22 00:11:38] 余生从此寄沧海: @rain：老汤，你那晦气儿子终于走了
[2026-02-22 00:11:38] 朝霧MisTy: @rain：老汤，你那晦气儿子终于走了
[2026-02-22 00:11:38] 蓝原延渚: 自己躲一边去看，你做人真的可以玩哥
[2026-02-22 00:11:38] 烟鬼安德鲁: 你登山吧, 像2025-02-07 23:49一样！
[2026-02-22 00:11:38] 好哥们奥格巴巴: 此时直播间的玩小将还不知道这是他们见玩机器的最后一面
[2026-02-22 00:11:39] 用户2271684932: 多年后人们才意识到这是最后一次在直播间看到碗橱
[2026-02-22 00:11:39] YEKINDAR: 自己躲一边去看，你做人真的可以玩哥
[2026-02-22 00:11:39] 玩觉醒丶Persona: @rain：老汤，你那晦气儿子终于走了
[2026-02-22 00:11:39] 哈基鹅大王: 卧槽 终于15级能讲话了 你们慢点串
[2026-02-22 00:11:39] 海绵宝宝dinner: 自己躲一边去看，你做人真的可以玩哥
[2026-02-22 00:11:40] Yamada、: 内些发不考的人，你们真没上过学啊？你们也肆业了？
[2026-02-22 00:11:40] DEN1AL: 自己躲一边去看，你做人真的可以玩哥
[2026-02-22 00:11:40] Kinap: 爆
[2026-02-22 00:11:40] 阿道和伏见柚柚: 嘘🤫仔细听，年猪在洗脸
[2026-02-22 00:11:40] 安德莉亞: jt
[2026-02-22 00:11:40] 用户1368553018: 自己躲一边去看，你做人真的可以玩哥
[2026-02-22 00:11:40] 玩机器的弟弟玩弟科: @B神： @BB：终于等到玩大哥回防了
[2026-02-22 00:11:41] 命运叫我去战斗: 对面有三个老汤
[2026-02-22 00:11:41] Dartline: 弹幕也是搞笑，问一个猪的老爸是人吗？那猪的老爸能是人吗？
[2026-02-22 00:11:41] Arianphy: @dev1ce：哈哈哈哈，儿子，爹丢不丢人？爹菜不菜？（开心地空枪）😁
[2026-02-22 00:11:41] KYJunr: 自己躲一边去看，你做人真的可以玩哥
[2026-02-22 00:11:41] Ast洗浴中心的刘农本人: 兄弟们我感觉我今天状态不是很好啊，我今天状态非常不好啊，我感觉我应该，唉，我要不，我去调整一下心情吧
[2026-02-22 00:11:42] 柳小目: 《碗橱：我就是一个双标且情绪化的人》
[2026-02-22 00:11:42] 全因为你: 登山
[2026-02-22 00:11:42] 白河日和: 自己躲一边去看，你做人真的可以玩哥
[2026-02-22 00:11:42] 用户30639588: 自己躲一边去看，你做人真的可以玩哥
[2026-02-22 00:11:42] 零北鸢: 自己躲一边去看，你做人真的可以玩哥
[2026-02-22 00:11:42] 痘痘泥石流: 自己躲一边去看，你做人真的可以玩哥
[2026-02-22 00:11:43] 星星星罗: 自己躲一边去看，你做人真的可以玩哥
[2026-02-22 00:11:43] 梦的星: 你下播吧, 像2025-02-07 23:49一样！
[2026-02-22 00:11:43] LvvsiN: 其实碗橱就是猪灵，你不拿黄金丢他他就不跟你说话
[2026-02-22 00:11:43] Gollum丶Z: 爆
[2026-02-22 00:11:43] 辽东爱人: 玩大哥现在人少，你说说昨天Niko真的鞭了吗？
[2026-02-22 00:11:43] 法则的Twistzz本人: 自己躲一边去看，你做人真的可以玩哥
[2026-02-22 00:11:44] Endlesscycle729: 自己躲一边去看，你做人真的可以玩哥
[2026-02-22 00:11:44] 神奥联盟的竹兰本人: 跑去封人了🤫跑去封人了🤫跑去封人了🤫跑去封人了🤫跑去封人了🤫跑去封人了🤫跑去封人了🤫
[2026-02-22 00:11:44] 田中口三才: 自己躲一边去看，你做人真的可以玩哥
[2026-02-22 00:11:44] 森电major冠军尼孩没冠: 我去吃饭了（偷看封禁名单）
[2026-02-22 00:11:44] 坝瘫虎出动目标铲车人: 此时玩小将还不知道这是椅子陪伴他们的第一个夜晚
[2026-02-22 00:11:45] 好兄弟晓山瑞希: @rain：老汤，你那晦气儿子终于走了
[2026-02-22 00:11:45] LvvsiN: 银行业😄银行业😀银行业😃银行业😁银行业😆银行业🤪银行业😝
[2026-02-22 00:11:45] OMGlionKing: 洗脸去了
[2026-02-22 00:11:45] 玩机器脚臭害我口臭: 留椅播
[2026-02-22 00:11:45] 易yang丶: 你登山吧, 像2025-02-07 23:49一样！
[2026-02-22 00:11:46] 好姐妹倉田真白: 自己躲一边去看，你做人真的可以玩哥
[2026-02-22 00:11:46] 想法7hou9ht: kk
[2026-02-22 00:11:46] 火猫一哥亦博易勃: 见过克夫的，见过克妻的，第一次见克爹的😄
[2026-02-22 00:11:46] 辽东爱人: 玩大哥现在人少，你说说昨天Niko真的鞭了吗？
[2026-02-22 00:11:46] 玉米卧槽: 自己躲一边去看，你做人真的可以玩哥
[2026-02-22 00:11:47] 喵梦的红色吊带袜: 自己躲一边去看，你做人真的可以玩哥
[2026-02-22 00:11:47] 起一说: 自己躲一边去看，你做人真的可以玩哥
[2026-02-22 00:11:47] LvvsiN: 南孚一节更比六节强，也就是一节南孚比六节南孚强，六节南孚比三十六节强，三十六节比二百一十六节强
[2026-02-22 00:11:47] 玩机器的小飞棍: 此刻没有人知道玩机器就要登山了
[2026-02-22 00:11:47] 岁岁年i: 兄弟们我感觉我今天状态不是很好啊，我今天状态非常不好啊，我感觉我应该，唉，我要不，我去调整一下心情吧
[2026-02-22 00:11:47] 桁98774: 抓娃娃
[2026-02-22 00:11:48] 命运叫我去战斗: 自己躲一边去看，你做人真的可以玩哥
[2026-02-22 00:11:48] fishman230: 去登山吧，像2024-03-27 19:18一样！
[2026-02-22 00:11:48] Ence的Aleks1b本人: 自己躲一边去看，你做人真的可以玩哥
[2026-02-22 00:11:49] 鵷鶵籲天兮滴血千里: 自己躲一边去看，你做人真的可以玩哥
[2026-02-22 00:11:49] 七海蒂娜本人: 椰汁糕冬瓜强（已深度思考0.01秒）：我爱她
[2026-02-22 00:11:49] 听说改名能中奖是八: 快意，詹皇要战！看硬，詹皇英姿！
[2026-02-22 00:11:49] LvvsiN: 我提一嘴这剧情越来越像上海major了
[2026-02-22 00:11:49] 诸神释然: @rain：老汤，你那晦气儿子终于走了
[2026-02-22 00:11:49] 何红雨的下任男友: 自己躲一边去看，你做人真的可以玩哥
[2026-02-22 00:11:49] 森林与雁: 我去吃饭了（偷看封禁名单）
[2026-02-22 00:11:49] 玩山山丶Mounta1n: 2k
[2026-02-22 00:11:49] 辽东爱人: 玩大哥现在人少，你说说昨天Niko真的鞭了吗？
[2026-02-22 00:11:49] 里约钻石币拥有者: 你下播吧, 像2025-02-07 23:49一样！
[2026-02-22 00:11:50] 永远的克罗娜: 爱弥斯，我只希望你能轻松快乐的生活......
[2026-02-22 00:11:50] p3anut7: 此时玩小将还不知道这是椅子陪伴他们的第一个夜晚
[2026-02-22 00:11:50] viovvvvvvvon: 自己躲一边去看，你做人真的可以玩哥
[2026-02-22 00:11:50] 没有故事的Pluto: 自己躲一边去看，你做人真的可以玩哥
[2026-02-22 00:11:50] 张三26508: kk
[2026-02-22 00:11:50] 太阳神之翼神龙球体形: @rain：老汤，你那晦气儿子终于走了
[2026-02-22 00:11:51] MyGO的千早爱音本人喵: 自己躲一边去看，你做人真的可以玩哥
[2026-02-22 00:11:51] 有你便是世界1: 跑去封人了🤫跑去封人了🤫跑去封人了🤫跑去封人了🤫跑去封人了🤫跑去封人了🤫跑去封人了🤫
[2026-02-22 00:11:51] 归隐田园、: 自己躲一边去看，你做人真的可以玩哥
[2026-02-22 00:11:51] 爱吃芒果的大芒果: 自己躲一边去看，你做人真的可以玩哥
[2026-02-22 00:11:51] 宇智波快嘴: 自己躲一边去看，你做人真的可以玩哥
[2026-02-22 00:11:51] KatoM3gum1: 我去吃饭了（偷看封禁名单）
[2026-02-22 00:11:51] Kinap: 真登山了
[2026-02-22 00:11:52] A队的m0rtis本人: 自己躲一边去看，你做人真的可以玩哥
[2026-02-22 00:11:52] 岸边的丘陵82558: 自己躲一边去看，你做人真的可以玩哥
[2026-02-22 00:11:52] 神威灬阿飞: 　　　 见过克夫的，见过克妻的，第一次见克爹的😄
[2026-02-22 00:11:52] 米米世界之神: kk
[2026-02-22 00:11:52] 咸鱼不帅: 自己躲一边去看，你做人真的可以玩哥
[2026-02-22 00:11:52] 李大钊与陈独秀: 自己躲一边去看，你做人真的可以玩哥
[2026-02-22 00:11:52] 有舍身会这样吗: 自己躲一边去看，你做人真的可以玩哥
[2026-02-22 00:11:53] 康托尔74920:  @Endlesscycle729：自己躲一边去看，你做人真的可以玩哥
[2026-02-22 00:11:53] 用户5685307394: 兄弟们我感觉我今天状态不是很好啊，我今天状态非常不好啊，我感觉我应该，唉，我要不，我去调整一下心情吧
[2026-02-22 00:11:53] Dartline: 此时玩小将还不知道这是椅子陪伴他们的第一个夜晚
[2026-02-22 00:11:53] 神奥联盟的竹兰本人: 玩大哥现在人少，你说说昨天Niko真的鞭了吗？
[2026-02-22 00:11:53] Yamada、: 内些发不考的人，你们真没上过学啊？你们也肆业了？
[2026-02-22 00:11:53] 用户1368736: 你下播吧, 像2025-02-07 23:49一样！
[2026-02-22 00:11:53] 布斯特丽丽: 此刻没有人知道玩机器就要登山了
[2026-02-22 00:11:53] 寺见鸣鳰: @rain：老汤，你那晦气儿子终于走了
[2026-02-22 00:11:53] 规范规定高度: 此刻没有人知道玩机器就要登山了
[2026-02-22 00:11:54] 空白Zzz丶: 欲渡黄河冰塞川，将登太行雪满山
[2026-02-22 00:11:54] 阿道和伏见柚柚: 仔细听..好像在哭
[2026-02-22 00:11:54] Yon1e: 服了，听说这里漏的多还有比看，结果漏的是身位看的是啥比
[2026-02-22 00:11:54] 留下来陪阿姨别播了: 跑去封人了🤫跑去封人了🤫跑去封人了🤫跑去封人了🤫跑去封人了🤫跑去封人了🤫跑去封人了🤫
[2026-02-22 00:11:54] 辽东爱人: 玩大哥现在人少，你说说昨天Niko真的鞭了吗？
[2026-02-22 00:11:54] 小萝卜丝i: 自己躲一边去看，你做人真的可以玩哥
[2026-02-22 00:11:54] 鸭硕的哈撒给: 我去吃饭了（偷看封禁名单）
[2026-02-22 00:11:55] 60岁老奶奶想卖身: 自己躲一边去看，你做人真的可以玩哥
[2026-02-22 00:11:55] 人生无喜剧: 自己躲一边去看，你做人真的可以玩哥
[2026-02-22 00:11:55] VDVCI的迪米特里本人: 我去吃饭了（开始批量拉黑）
[2026-02-22 00:11:55] 烟鬼安德鲁: 自己躲一边去看，你做人真的可以玩哥
[2026-02-22 00:11:55] 帕金森患者Z: 自己躲一边去看，你做人真的可以玩哥
[2026-02-22 00:11:55] LvvsiN: 你屏蔽词都快赶上新华词典了为什么不干脆开一百级发言？
[2026-02-22 00:11:55] 有S冠的JackeyLove本人: 自己躲一边去看，你做人真的可以玩哥
[2026-02-22 00:11:56] 工业化战士: @玩个机器： @雨衣小哥：我感觉我今天状态不是很好啊，我今天状态非常不好啊，我感觉我应该，唉，我要不
[2026-02-22 00:11:56] 玩机器的弟弟玩弟科: 自己躲一边去看，你做人真的可以玩哥
[2026-02-22 00:11:56] 用户08120895: 自己躲一边去看，你做人真的可以玩哥
[2026-02-22 00:11:56] 硫氦氧丶: 自己躲一边去看，你做人真的可以玩哥
[2026-02-22 00:11:56] 花綠: 自己躲一边去看，你做人真的可以玩哥
[2026-02-22 00:11:56] 小众宝藏玩小将: 仔细听..好像在哭
[2026-02-22 00:11:57] 康托尔74920: 自己躲一边去看，你做人真的可以玩哥
[2026-02-22 00:11:57] hws123: 你少看device一秒比赛，弹幕就多10条爆的，机器你自己掂量掂量吧
[2026-02-22 00:11:57] 青芒一刀给你干稀碎: kk怎么切哲伟
[2026-02-22 00:11:57] OMGlionKing: 仔细听..好像在哭
[2026-02-22 00:11:57] VDVCI的迪米特里本人: 我去吃饭了（开始批量拉黑）
[2026-02-22 00:11:57] 柑橘树的柑橘树本人: 自己躲一边去看，你做人真的可以玩哥
[2026-02-22 00:11:57] 米米世界之神: 爱弥斯，我只希望你能轻松快乐的生活......
[2026-02-22 00:11:57] 玉米卧槽: 此时玩小将还不知道这是椅子陪伴他们的第一个夜晚
[2026-02-22 00:11:58] 硫磺祥: 自己躲一边去看，你做人真的可以玩哥
[2026-02-22 00:11:58] SuperSword81317: @rain：老汤，你那晦气儿子终于走了
[2026-02-22 00:11:58] thluyy: 自己躲一边去看，你做人真的可以玩哥
[2026-02-22 00:11:58] 石家庄特色猪油火锅: 此时玩小将还不知道这是椅子陪伴他们的第一个夜晚
[2026-02-22 00:11:58] 老人星的优秀素质本人: 自己躲一边去看，你做人真的可以玩哥
[2026-02-22 00:11:58] 你的最佳读者: @玩机器：兄弟们我感觉，唉，我感觉 @无畏契约：你感觉你冯，去直播 @玩机器：好的藤老爷🤡▜▜▙
[2026-02-22 00:11:58] 丶丶Ken丶丶: 此刻没有人知道玩机器就要登山了
[2026-02-22 00:11:58] 东云瑞希: 自己躲一边去看，你做人真的可以玩哥
[2026-02-22 00:11:58] 明天开始要牛马归棚了: 自己躲一边去看，你做人真的可以玩哥
[2026-02-22 00:11:59] 曲奇三梦: 仔细听..好像在哭
[2026-02-22 00:11:59] 好姐妹恬顺豆: 你下播吧, 像2025-02-07 23:49一样！
[2026-02-22 00:11:59] 愿良辰美景: 我去吃饭了（开始批量拉黑）
[2026-02-22 00:11:59] 海绵宝宝dinner: 自己躲一边去看，你做人真的可以玩哥
[2026-02-22 00:11:59] 一Lee: 看死CN队的时候，你可不是这么说的
[2026-02-22 00:11:59] 青二的羊宫妃那本人: 放入！放入！放入！放入！放入！放入！
[2026-02-22 00:11:59] 星海羽弦: 玩大哥现在人少，你说说昨天Niko真的鞭了吗？
[2026-02-22 00:11:59] 超动力小子: 自己躲一边去看，你做人真的可以玩哥
[2026-02-22 00:11:59] 马弓手玩机器: 快意，詹皇要战！看硬，詹皇英姿！
[2026-02-22 00:12:00] 凌梁天上: 我去吃饭了（偷看封禁名单）
[2026-02-22 00:12:00] VDVCI的迪米特里本人: 我去吃饭了（开始批量拉黑）
[2026-02-22 00:12:00] 网瘾少年诺里斯: 自己躲一边去看，你做人真的可以玩哥
[2026-02-22 00:12:00] SKT的Faker本人: 自己躲一边去看，你做人真的可以玩哥
[2026-02-22 00:12:00] 一条无梦鱼: 自己躲一边去看，你做人真的可以玩哥
[2026-02-22 00:12:00] 哈基鹅大王: 自己躲一边去看，你做人真的可以玩哥
[2026-02-22 00:12:00] ThinKk1ng: 自己躲一边去看，你做人真的可以玩哥
[2026-02-22 00:12:00] Kwarsn: 我去吃饭了（开始批量拉黑）
[2026-02-22 00:12:01] 笔尖铳火: ？
[2026-02-22 00:12:01] YukkiaBaby: 自己躲一边去看，你做人真的可以玩哥
[2026-02-22 00:12:01] valorant玩机器: 我去吃饭了（开始批量拉黑）
[2026-02-22 00:12:01] 摸鱼先锋dym: 抓娃娃
[2026-02-22 00:12:01] 丶丶Ken丶丶: 我去吃饭了（开始批量拉黑）
