# room_id=6979222 host=玩机器丶Machine title=小众宝藏结晶直播 live_time= fetch_time=2026-02-21 23:45:46
[2026-02-22 03:39:00] 年轻人火气大: 收到
[2026-02-22 03:39:01] papacarrot: 怀念🧊的五个奶嘴：海参 donk 老猪 王朝 goat
[2026-02-22 03:39:01] 精神病狼: 🧊队不是指GL吗？都叫玩家军了。。。
[2026-02-22 03:39:02] 最喜欢玩宝宝惹desuwa: 某些粉丝主队没了就开始拿其他队伍当奶嘴
[2026-02-22 03:39:02] Drunk2dr1ve: 哪个冰队 无冠的那个还是王朝的那个
[2026-02-22 03:39:02] 在原Nanami: 🧊队不是指GL吗？都叫玩家军了。。。
[2026-02-22 03:39:02] 求你关了我: 藏
[2026-02-22 03:39:03] 开朗若叶睦: 🧊队不是指GL吗？都叫玩家军了。。。
[2026-02-22 03:39:03] 蓝二乘1: 🧊队不是指GL吗？都叫玩家军了。。。
[2026-02-22 03:39:03] 笑颜一番黄婷婷: 🧊队不是指GL吗？都叫玩家军了。。。
[2026-02-22 03:39:03] 小蜜蜂载物本人: 🧊队不是指GL吗？都叫玩家军了。。。
[2026-02-22 03:39:03] 十点差49分: 原来这蒙古人都是冰粉特意哦似自己国家队，太坏了
[2026-02-22 03:39:03] 用户65052344: 🧊队不是指GL吗？都叫玩家军了。。。
[2026-02-22 03:39:04] 第三猪白猪玩斯曼: 省到机场
[2026-02-22 03:39:04] 鲜血与暗影铸造的家伙: 这就总决赛了？
[2026-02-22 03:39:04] 丶江楼月QAQ: 🧊队不是指GL吗？都叫玩家军了。。。
[2026-02-22 03:39:04] 破浪的松鼠: 🧊队不是指GL吗？都叫玩家军了。。。
[2026-02-22 03:39:04] 康托尔74920: 🧊队不是指GL吗？都叫玩家军了。。。
[2026-02-22 03:39:04] 机长家的华仔: 🧊队不是指GL吗？都叫玩家军了。。。
[2026-02-22 03:39:05] 射命丸文文句号: 不是icy在哪个队哪个队才是冰队吗
[2026-02-22 03:39:05] 用户3661578: 太坏了
[2026-02-22 03:39:05] 神奥联盟的竹兰本人: 原来这蒙古人都是冰粉特意哦似自己国家队，太坏了
[2026-02-22 03:39:05] 衰神177: 🧊队不是指GL吗？都叫玩家军了。。。
[2026-02-22 03:39:05] 辛巴和他的辛巴兽: 🧊队不是指GL吗？都叫玩家军了。。。
[2026-02-22 03:39:05] suicho: 🧊队不是指GL吗？都叫玩家军了。。。
[2026-02-22 03:39:05] 最好的天赐: 现场谁粉丝多我不说
[2026-02-22 03:39:05] 治好了也会流口水: 🧊队不是指GL吗？都叫玩家军了。。。
[2026-02-22 03:39:06] 2霸好长哦: 🧊队不是指GL吗？都叫玩家军了。。。
[2026-02-22 03:39:06] 二阶堂shiro: 🧊队不是指GL吗？都叫玩家军了。。。
[2026-02-22 03:39:06] LvvsiN: 你为什么要把mαjor禁了，我收藏的一半弹幕全毁了
[2026-02-22 03:39:06] 很久以前Ty: 不让jame研究就是
[2026-02-22 03:39:07] Hitagi蟹蟹: 🧊队不是指GL吗？都叫玩家军了。。。
[2026-02-22 03:39:07] Abyss丶珈百璃: 🧊队不是指GL吗？都叫玩家军了。。。
[2026-02-22 03:39:07] 丶陪你直到世界尽头: 🧊队不是指GL吗？都叫玩家军了。。。
[2026-02-22 03:39:07] 千古恨轮回尝061: 🧊队不是指GL吗？都叫玩家军了。。。
[2026-02-22 03:39:08] 牧者云歌: 🧊队不是指GL吗？都叫玩家军了。。。
[2026-02-22 03:39:08] 巨型大高玩: 　　　 🧊队不是指GL吗？都叫玩家军了。。。
[2026-02-22 03:39:08] 卧槽你的玩机器: 现场哪边粉丝多是没点数吗🤣
[2026-02-22 03:39:08] 飞天玉虎zzZ: 　　　 🧊队不是指GL吗？都叫玩家军了。。。
[2026-02-22 03:39:08] 爱被小泉吃的拉面同学: 某些粉丝主队没了就开始拿其他队伍当奶嘴
[2026-02-22 03:39:08] LvvsiN: 为什么房管封的不能给鱼丸……还以为今天晚上得吃了……
[2026-02-22 03:39:08] 给jee介绍女朋友: 　　　 🧊队不是指GL吗？都叫玩家军了。。。
[2026-02-22 03:39:08] 澄澈冫: 🧊队不是指GL吗？都叫玩家军了。。。
[2026-02-22 03:39:08] 想你演唱会: 总决赛吗
[2026-02-22 03:39:09] 对着光说话: 玩神说一下为啥蒙古那么多非蒙古人粉丝啊？
[2026-02-22 03:39:09] 用户91227835: 🧊队不是指GL吗？都叫玩家军了。。。
[2026-02-22 03:39:09] yuuik27: 🧊队不是指GL吗？都叫玩家军了。。。
[2026-02-22 03:39:09] 12312312312dfsdfs: 怀念🧊的五个奶嘴：海参 donk 老猪 王朝 goat
[2026-02-22 03:39:10] Peko-: 🧊队不是指GL吗？都叫玩家军了。。。
[2026-02-22 03:39:10] 默默momoMoMo123: 怀念🧊的五个奶嘴：海参 donk 老猪 王朝 goat
[2026-02-22 03:39:10] 用户00137810: 🧊队不是指GL吗？都叫玩家军了。。。
[2026-02-22 03:39:10] 用玩大哥的角磨机吧:  @最喜欢玩宝宝惹desuwa：某些粉丝主队没了就开始拿其他队伍当奶嘴
[2026-02-22 03:39:10] LvvsiN: 弹幕别吵了，银行业一样一样有有有也会有h'y'hui't'y'r's'c'dn
[2026-02-22 03:39:10] 67373的黄色闪光: icy还有队吗
[2026-02-22 03:39:10] -半生瓜Z: 🧊队不是指GL吗？都叫玩家军了。。。
[2026-02-22 03:39:11] 喜欢吃生菜: 🧊队不是指GL吗？都叫玩家军了。。。
[2026-02-22 03:39:11] MSK枫: 尸七是尼，尼是尸七
[2026-02-22 03:39:13] 好兄弟鲁迪乌斯: 某些粉丝主队没了就开始拿其他队伍当奶嘴
[2026-02-22 03:39:13] 奈亚亚亚亚亚: 🧊队不是指GL吗？都叫玩家军了。。。
[2026-02-22 03:39:13] papacarrot: 怀念🧊的五个奶嘴：海参 donk 老猪 王朝 goat
[2026-02-22 03:39:13] 飛鳥蘭: 有这个意思
[2026-02-22 03:39:13] LvvsiN: @阿汤日记：一个人，5发子弹，保住格陵兰岛。我不会叫它不可能完成的任务，我现在只想先回家看亦博
[2026-02-22 03:39:13] trajiro: 特
[2026-02-22 03:39:13] 冲上云霄的姨: 🧊队不是指GL吗？都叫玩家军了。。。
[2026-02-22 03:39:13] 说得道理: 特
[2026-02-22 03:39:13] 鸭硕的哈撒给: 某些粉丝主队没了就开始拿其他队伍当奶嘴
[2026-02-22 03:39:13] 菜星冲冲冲: 爽特
[2026-02-22 03:39:15] 好哥们黑龙歼灭刀: 某些粉丝主队没了就开始拿其他队伍当奶嘴
[2026-02-22 03:39:16] Alone無淚: 🧊队不是指GL吗？都叫玩家军了。。。
[2026-02-22 03:39:16] 埃斯波西托200W: 🧊队不是指GL吗？都叫玩家军了。。。
[2026-02-22 03:39:16] LvvsiN: 玩 出，我双倍呢？😡😡玩 出，我双倍呢？😡😡玩 出，我双倍呢？😡😡玩 出，我双倍呢？😡
[2026-02-22 03:39:17] 看死Herbaut就杀了你: 某些粉丝主队没了就开始拿其他队伍当奶嘴
[2026-02-22 03:39:17] 飛鳥蘭: 🧊队不是指GL吗？都叫玩家军了。。。
[2026-02-22 03:39:17] 载物的艾7: 🧊队不是指GL吗？都叫玩家军了。。。
[2026-02-22 03:39:17] 玩龟的神头: 🧊队不是指GL吗？都叫玩家军了。。。
[2026-02-22 03:39:17] 顾念心z: 没办法，蒙古人全去远征支持主队了，小蜜蜂没有粉丝哦不了
[2026-02-22 03:39:17] 正直的鸡哥: 拖出
[2026-02-22 03:39:17] 巴甫洛夫的滥犬: 现场哪边粉丝多是没点数吗🤣
[2026-02-22 03:39:17] 空有无垠: 某些粉丝主队没了就开始拿其他队伍当奶嘴
[2026-02-22 03:39:17] LvvsiN: 南孚一节更比六节强，也就是一节南孚比六节南孚强，六节南孚比三十六节强，三十六节比二百一十六节强
[2026-02-22 03:39:17] ZywOo的猫: 特种车辆
[2026-02-22 03:39:17] 用户594678086: 🧊队不是指GL吗？都叫玩家军了。。。
[2026-02-22 03:39:17] bsqqaq: 海啸尸*又开始哦了，真没素质。
[2026-02-22 03:39:18] 笑颜一番黄婷婷: 原来这蒙古人都是冰粉特意哦似自己国家队，太坏了
[2026-02-22 03:39:18] 机长家的华仔: 特
[2026-02-22 03:39:18] 洞洞载载车车major冠军: 猎鹰的哦是回家的哦 这点要搞清楚🤭
[2026-02-22 03:39:18] 最喜欢玩宝宝惹desuwa: 某些粉丝主队没了就开始拿其他队伍当奶嘴
[2026-02-22 03:39:18] 嘤嘤嘤嘤击长空: 特
[2026-02-22 03:39:18] 茅野紗枝: 🧊队不是指GL吗？都叫玩家军了。。。
[2026-02-22 03:39:18] 小韩想要个对象: 🧊队不是指GL吗？都叫玩家军了。。。
[2026-02-22 03:39:18] 魔男的夜宴: 某些粉丝主队没了就开始拿其他队伍当奶嘴
[2026-02-22 03:39:18] trajiro: 某些粉丝主队没了就开始拿其他队伍当奶嘴
[2026-02-22 03:39:18] 匕匕叭叭: 某些粉丝主队没了就开始拿其他队伍当奶嘴
[2026-02-22 03:39:18] 强尼银手VVV: 别给自己藏死了
[2026-02-22 03:39:18] 刘刘的农: 🧊队不是指GL吗？都叫玩家军了。。。
[2026-02-22 03:39:18] LvvsiN: 玩宝宝，我发现在大学上学的时候肄业会很舒服，你可以试试
[2026-02-22 03:39:19] JuL1us: ？
[2026-02-22 03:39:19] 碧蓝幻想打工人: 🧊队不是指GL吗？都叫玩家军了。。。
[2026-02-22 03:39:19] 第三猪白猪玩斯曼: 冷知识 DOTA2那边LGD也爱省战术
[2026-02-22 03:39:20] 君眉目亦如画: 🧊队不是指GL吗？都叫玩家军了。。。
[2026-02-22 03:39:20] 阿飞飞啊分: 🧊队不是指GL吗？都叫玩家军了。。。
[2026-02-22 03:39:20] Box强音来袭: 图书馆
[2026-02-22 03:39:20] 江本筑原: 那猎鹰岂不是藏得更多？
[2026-02-22 03:39:20] 没有故事的Pluto: 冷知识：当两个人都在混烟时，都知道信息是双向哦，某人b2只有自己知道信息那确实单向哦
[2026-02-22 03:39:20] 改下名就能中111:  @最喜欢玩宝宝惹desuwa：某些粉丝主队没了就开始拿其他队伍当奶嘴
[2026-02-22 03:39:20] bsqqaq: 海啸尸*又开始哦了，真没素质。
[2026-02-22 03:39:20] 玩斯特机机: ？
[2026-02-22 03:39:20] 丰川祥子口三角初华: 某些粉丝主队没了就开始拿其他队伍当奶嘴
[2026-02-22 03:39:20] Vitaliy的ZywOo本人: 罗宾特
[2026-02-22 03:39:20] KujoJolyne: ？
[2026-02-22 03:39:20] 划算小划: ？
[2026-02-22 03:39:20] 硫磺祥: ？
[2026-02-22 03:39:20] 想吃丰川祥子的狱卒: 🧊队不是指GL吗？都叫玩家军了。。。
[2026-02-22 03:39:21] 果内: 🧊队不是指GL吗？都叫玩家军了。。。
[2026-02-22 03:39:21] 某天别梦: 🧊队不是指GL吗？都叫玩家军了。。。
[2026-02-22 03:39:21] 99组的爱城华恋本人: ？
[2026-02-22 03:39:21] Asaki薯片: 某些粉丝主队没了就开始拿其他队伍当奶嘴
[2026-02-22 03:39:21] MeIoN39: 🧊队不是指GL吗？都叫玩家军了。。。
[2026-02-22 03:39:21] 鸭硕的哈撒给: ？
[2026-02-22 03:39:21] Kacyusha: 某些粉丝主队没了就开始拿其他队伍当奶嘴
[2026-02-22 03:39:21] 久慈川、理世: 🧊队不是指GL吗？都叫玩家军了。。。
[2026-02-22 03:39:21] 镜子里的潘多拉: 🧊队不是指GL吗？都叫玩家军了。。。
[2026-02-22 03:39:22] zcjxgc: 特种兵罗宾
[2026-02-22 03:39:22] 魔男的夜宴: ？
[2026-02-22 03:39:22] 用户39554172: ?
[2026-02-22 03:39:22] 寒枫曳是一头傲空的隼: 🧊队不是指GL吗？都叫玩家军了。。。
[2026-02-22 03:39:22] 玩斯特机机: 羞死了
[2026-02-22 03:39:22] 冬瓜不在家偷偷玩机器: ？？？
[2026-02-22 03:39:23] 黑白玄鸟: ？
[2026-02-22 03:39:23] 小蜜蜂的长期素食本人: 羞死了
[2026-02-22 03:39:23] Jess2: 　　　 原来这蒙古人都是冰粉特意哦似自己国家队，太坏了
[2026-02-22 03:39:23] 搞笑男西德尼: 某些粉丝主队没了就开始拿其他队伍当奶嘴
[2026-02-22 03:39:23] Hzinc: ？
[2026-02-22 03:39:23] bsqqaq: 海啸尸*又开始哦了，真没素质。
[2026-02-22 03:39:23] 机器机器祝你天天开心: ？
[2026-02-22 03:39:23] 马楼King张三: ？
[2026-02-22 03:39:23] 四百六收资: 🧊队不是指GL吗？都叫玩家军了。。。
[2026-02-22 03:39:24] 沸物贝利亚大王: 🧊队不是指GL吗？都叫玩家军了。。。
[2026-02-22 03:39:24] 玩蛋蛋丶egg: ？
[2026-02-22 03:39:24] papacarrot: 怀念🧊的五个奶嘴：海参 donk 老猪 王朝 goat
[2026-02-22 03:39:24] 六星近卫丰川祥子: 羞死了
[2026-02-22 03:39:24] 喵蹄丝: 特
[2026-02-22 03:39:24] 我在浙江改稻为桑: 某些粉丝主队没了就开始拿其他队伍当奶嘴
[2026-02-22 03:39:25] LvvsiN: 我提一嘴这剧情越来越像上海major了
[2026-02-22 03:39:25] 永远的点子哥: ？
[2026-02-22 03:39:25] 尘釁: 还有胖次
[2026-02-22 03:39:25] Lycor1s1224: ？
[2026-02-22 03:39:25] 千草爱音anno: ？？？
[2026-02-22 03:39:25] 玩宝宝注意身体: 羞死了
[2026-02-22 03:39:25] Vercreek: 羞死了
[2026-02-22 03:39:26] 小川阿丶: 哈哈哈哈哈哈
[2026-02-22 03:39:26] Abc丶Ss: 羞死了
[2026-02-22 03:39:26] 清酱鸡饭: 心太脏了 像猎鹰就不藏战术 只藏纪律
[2026-02-22 03:39:26] 时雨晴生: 羞死了
[2026-02-22 03:39:26] 苏雨凌a: 羞死了
[2026-02-22 03:39:26] CSTG江叉叉: 神了
[2026-02-22 03:39:27] 付先生fj: 神人
[2026-02-22 03:39:27] Gverense: 那猎鹰藏了不少啊
[2026-02-22 03:39:27] Konata50235: ？？
[2026-02-22 03:39:27] zcyhymine: 神人
[2026-02-22 03:39:27] bsqqaq: 海啸尸*又开始哦了，真没素质。
[2026-02-22 03:39:27] 17丶eternal: 已经开始研究决赛了
[2026-02-22 03:39:27] sjtu的musketeers本人: 羞死了
[2026-02-22 03:39:27] 精神病狼: 羞死了
[2026-02-22 03:39:27] 少年瞳a: 冰队有别礼和伊冯
[2026-02-22 03:39:28] 人人称我小潘安: ？？？？
[2026-02-22 03:39:28] 八重森彌妮: 海啸尸*又开始哦了，真没素质。
[2026-02-22 03:39:28] 如云似霞染红妆: ？？？？？
[2026-02-22 03:39:28] 柚子厨0721: ？
[2026-02-22 03:39:28] 信灯塔: bt
[2026-02-22 03:39:29] 零北鸢: 羞死了
[2026-02-22 03:39:29] 玩大哥我双倍呢: 羞死了
[2026-02-22 03:39:29] NoNoXxxx: ？
[2026-02-22 03:39:29] 濹0790338: ？
[2026-02-22 03:39:29] 好姐妹冰川姐妹: 羞活了
[2026-02-22 03:39:30] papacarrot: 怀念🧊的五个奶嘴：海参 donk 老猪 王朝 goat
[2026-02-22 03:39:30] 用户3661578: 老鼠每把都差一两分
[2026-02-22 03:39:30] 南小鸡丶advent: 冷知识 DOTA2那边LGD也爱省战术
[2026-02-22 03:39:30] bebesama: ✋停一下，全世界坠可爱的宝宝丰川祥子粗现o（=·w〈=)☆desuwa~
[2026-02-22 03:39:30] kipple: 某些粉丝主队没了就开始拿其他队伍当奶嘴
[2026-02-22 03:39:30] 双刀牛TMac: 满场的蒙美喊加油都喊破天来但是是蜂美哦的，夸张喔
[2026-02-22 03:39:30] suicho: 瑞复
[2026-02-22 03:39:31] LvvsiN: 为什么房管封的不能给鱼丸……还以为今天晚上得吃了……
[2026-02-22 03:39:31] 天守阁信长: 猎鹰哦了没搜的点回头是双向这个要记住 是善意哦
[2026-02-22 03:39:31] 维布罗斯: 某些粉丝主队没了就开始拿其他队伍当奶嘴
[2026-02-22 03:39:31] 乱乱er: 上链接！！！！
[2026-02-22 03:39:32] musherzin: ?〉
[2026-02-22 03:39:32] 深情不过他: 某些粉丝主队没了就开始拿其他队伍当奶嘴
[2026-02-22 03:39:32] 量子毁灭717: 决赛要是蜜蜂和PV，那观众给谁哦啊，都是猎鹰的仇人
[2026-02-22 03:39:33] FJM丶丶: 后视镜开起来了车主
[2026-02-22 03:39:33] 靠咖啡活命: 羞死了
[2026-02-22 03:39:33] Sup丶猪丁: 某些粉丝主队没了就开始拿其他队伍当奶嘴
[2026-02-22 03:39:33] 一刀一个啵啵怪: 卧槽这么脏
[2026-02-22 03:39:33] 倒跑的蜗牛: 羞死了
[2026-02-22 03:39:33] ZywOo的猫: 玩机器：换成三角的
[2026-02-22 03:39:34] Q1ed7f9c85b3bc7571: 羞死了
[2026-02-22 03:39:34] D0r1tos: 羞死了
[2026-02-22 03:39:34] 絮一冉: 那猎鹰藏了不少啊
[2026-02-22 03:39:34] 秋茶小雪: 羞死了
[2026-02-22 03:39:34] 落泪改名含泪: 羞死了
[2026-02-22 03:39:34] ahhhhhhhhhhhhhhhhhhh: 这裤子我也想要
[2026-02-22 03:39:34] G2的APEX本人: 那猎鹰藏了不少啊
[2026-02-22 03:39:34] NearrrR: 羞活了
[2026-02-22 03:39:34] 人活着就是为了玩乐队: 🐭🐭尽力了
[2026-02-22 03:39:35] 男人至死皆少年: 包的啊
[2026-02-22 03:39:35] 三零一路公交司机: 羞死了
[2026-02-22 03:39:35] 小蜜蜂的长期素食本人: 我的是沙鹰
[2026-02-22 03:39:35] KujoJolyne: 还好我是AWP
[2026-02-22 03:39:35] 信灯塔: 真bt
[2026-02-22 03:39:35] 这牙缝可以: usp
[2026-02-22 03:39:36] 落叶悠哉落: 羞死了
[2026-02-22 03:39:36] 阿飞飞啊分: 海啸尸*又开始哦了，真没素质。
[2026-02-22 03:39:36] 玩猴爪丶MonkeyPaw: 羞活了
[2026-02-22 03:39:36] Ch1Sa-: 羞死了
[2026-02-22 03:39:36] 飛鳥蘭: 你让谁在看
[2026-02-22 03:39:36] 果内: 那猎鹰藏了不少啊
[2026-02-22 03:39:36] 射命丸文文句号: 羞活了
[2026-02-22 03:39:36] 钩钩Yooo: 迪克
[2026-02-22 03:39:36] 绝食十年攒爱top3飞机: 某些粉丝主队没了就开始拿其他队伍当奶嘴
[2026-02-22 03:39:37] circle太子要楽奈: 羞死了
[2026-02-22 03:39:38] Hcmor: 猎鹰哦了没搜的点回头是双向这个要记住 是善意哦
[2026-02-22 03:39:38] 玩大人查到自贡了: 某些粉丝主队没了就开始拿其他队伍当奶嘴
[2026-02-22 03:39:38] Vovxx: pick
[2026-02-22 03:39:39] papacarrot: 怀念🧊的五个奶嘴：海参 donk 老猪 王朝 goat
[2026-02-22 03:39:39] 好姐妹凑崎纱夏: 我是ak
[2026-02-22 03:39:39] 可达鸭不会游泳: 羞死了
[2026-02-22 03:39:39] LvvsiN: 银行业😄银行业😀银行业😃银行业😁银行业😆银行业🤪银行业😝
[2026-02-22 03:39:39] 用户2262650671: 心太脏了 像猎鹰就不藏战术 只藏纪律
[2026-02-22 03:39:39] 飛鳥蘭: 某些粉丝主队没了就开始拿其他队伍当奶嘴
[2026-02-22 03:39:39] Niko305355: 我的是usp
[2026-02-22 03:39:39] 土俗火焰: 猎鹰哦了没搜的点回头是双向这个要记住 是善意哦
[2026-02-22 03:39:40] 狐狸来在此: 羞死了
[2026-02-22 03:39:40] 欧阳oyyo: ropz划刀了！编空气了！！！
[2026-02-22 03:39:40] 斩斩斩斩斩吧: 我的是awp
[2026-02-22 03:39:40] AnonTokyo丶: 🧊队不是ICE吗？美国的那个啊
[2026-02-22 03:39:41] 热情难止荒诞: 看MAJOR，来6657
[2026-02-22 03:39:41] sghlp: 那猎鹰藏了不少啊
[2026-02-22 03:39:41] 银行业本人: 羞活了
[2026-02-22 03:39:41] LvvsiN: 为什么房管封的不能给鱼丸……还以为今天晚上得吃了……
[2026-02-22 03:39:41] 唱给软妹听: 上链接！！！！
[2026-02-22 03:39:41] 安非而得: 我的是awp
[2026-02-22 03:39:42] 玩魔丸丶猛锤: 羞死了
[2026-02-22 03:39:42] 看玩神鸟专用显微镜: 某些粉丝主队没了就开始拿其他队伍当奶嘴
[2026-02-22 03:39:42] valorant玩机器: 我爱她
[2026-02-22 03:39:42] 67373的黄色闪光: 这倒是提醒我了
[2026-02-22 03:39:42] 青闽: 　　　 那猎鹰藏了不少啊
[2026-02-22 03:39:42] 兔子Usaki: 不懂你们，我的是AWP
[2026-02-22 03:39:43] 妖艳阿卡莎: 某些粉丝主队没了就开始拿其他队伍当奶嘴
[2026-02-22 03:39:43] LvvsiN: 为什么房管封的不能给鱼丸……还以为今天晚上得吃了……
[2026-02-22 03:39:43] 迎风飘扬的China: 不是de狗？
[2026-02-22 03:39:43] 我谢谢我自己: 右键切三发
[2026-02-22 03:39:43] 无责任评论员: 那猎鹰藏了不少啊
[2026-02-22 03:39:43] fa来ze苦的疯穿箱子: 黑话
[2026-02-22 03:39:43] NearrrR: 我的是awp
[2026-02-22 03:39:43] 难道我会乱说么: 羞死了
[2026-02-22 03:39:44] oOM18HellcatOo: 某些粉丝主队没了就开始拿其他队伍当奶嘴
[2026-02-22 03:39:44] Wi1en: Usp长一点
[2026-02-22 03:39:44] 速溶沙地兽: 　　　 那猎鹰藏了不少啊
[2026-02-22 03:39:44] 蓝星的floppy本人: 心太脏了 像猎鹰就不藏战术 只藏纪律
[2026-02-22 03:39:45] LvvsiN: 额，拿亚军我都会，拿亚军，拿季军，拿四强，拿八强，拿十六强，呃拿冠军我不会，然后小组赛淘汰
[2026-02-22 03:39:45] T1m丶W: [哦？]
[2026-02-22 03:39:45] 大裂谷的登山家: 决赛要是蜜蜂和PV，那观众给谁哦啊，都是猎鹰的仇人
[2026-02-22 03:39:45] 用户80930680: 某些粉丝主队没了就开始拿其他队伍当奶嘴
[2026-02-22 03:39:46] DWG的ShowMaker本人: 我的是awp
[2026-02-22 03:39:46] 风雨晚烟: 我的是AWP
[2026-02-22 03:39:46] 七秒中的绝唱丶: 感觉不如我的usp啊
[2026-02-22 03:39:47] 月光下魔術師30281: 心太脏了 像猎鹰就不藏战术 只藏纪律
[2026-02-22 03:39:47] LvvsiN: 玩 出，我双倍呢？😡😡玩 出，我双倍呢？😡😡玩 出，我双倍呢？😡😡玩 出，我双倍呢？😡
[2026-02-22 03:39:47] DreamK1ng: 那猎鹰藏了不少啊
[2026-02-22 03:39:47] Minatocc: 闹麻了
[2026-02-22 03:39:47] 串串金枪鱼: 猎鹰粉走了，终于可以好好欣赏CS比赛了🥳
[2026-02-22 03:39:48] 橙黄双翼: 爆 了
[2026-02-22 03:39:48] 巴甫洛夫的滥犬: best在哪里
[2026-02-22 03:39:48] 玩黑豹FURIA: 那猎鹰藏了不少啊 ..
[2026-02-22 03:39:48] 拉海洛TOP1爱弥斯本人: 闹麻了
[2026-02-22 03:39:48] 给15岁的自己: 欧美人粉蒙古人是一种斯德哥尔摩，有没有懂的
[2026-02-22 03:39:49] LvvsiN: 为什么房管封的不能给鱼丸……还以为今天晚上得吃了……
[2026-02-22 03:39:49] 菠萝王111: best
[2026-02-22 03:39:49] DemJex: 那猎鹰藏了不少啊
[2026-02-22 03:39:50] 落月枫吟: 闹麻了
[2026-02-22 03:39:50] 最爱的马卡龙: 猎鹰粉丝现在最重要的是回去看看小组赛录播，淘汰赛的不太好看
[2026-02-22 03:39:50] 恺悌君子能几醉: 猎鹰粉丝就跟讨口子一样,这也要那也要,就是冠军要不了
[2026-02-22 03:39:50] 用玩大哥的角磨机吧:  @大裂谷的登山家：　　　 决赛要是蜜蜂和PV，那观众给谁哦啊，都是猎鹰的仇人
[2026-02-22 03:39:51] 牢大与小布丁: 心太脏了 像猎鹰就不藏战术 只藏纪律
[2026-02-22 03:39:51] 卧看星河尽意明丶: 心太脏了 像猎鹰就不藏战术 只藏纪律
[2026-02-22 03:39:51] 黏巴鸡腿堡: 最好在哪
[2026-02-22 03:39:51] 安澈c: 正哥别看了学得会吗
[2026-02-22 03:39:51] 即将拥有PDD的人鱼线丿: 好在哪
[2026-02-22 03:39:51] 法号纯洁丶: 冰冰梦之队是伊冯别礼洁哥塞希
[2026-02-22 03:39:51] 悬尘Xch: 闹麻了
[2026-02-22 03:39:51] LvvsiN: 玩宝宝，我发现在大学上学的时候肄业会很舒服，你可以试试
[2026-02-22 03:39:51] Tin23c: best在哪
[2026-02-22 03:39:51] 菜星冲冲冲: 最好在哪
[2026-02-22 03:39:51] 无伟契约: 好在哪
[2026-02-22 03:39:51] 努力慢慢变强: 某些粉丝主队没了就开始拿其他队伍当奶嘴
[2026-02-22 03:39:51] 粮食和蔬菜ll: 闹麻了
[2026-02-22 03:39:51] 花也烂漫: 那猎鹰藏了不少啊
[2026-02-22 03:39:52] soul丶兮颜: 闹麻了
[2026-02-22 03:39:52] 新用户259: 闹麻了
[2026-02-22 03:39:52] 好哥们黑龙歼灭刀: 心太脏了 像猎鹰就不藏战术 只藏纪律
[2026-02-22 03:39:52] 没有故事的Pluto: 猎鹰哦了没搜的点回头是双向这个要记住 是善意哦
[2026-02-22 03:39:52] ykls的爱情结晶: 我的是m249
[2026-02-22 03:39:52] ZninET9: 某些粉丝主队没了就开始拿其他队伍当奶嘴
[2026-02-22 03:39:52] 魔男的夜宴: 闹麻了
[2026-02-22 03:39:52] IGetUp: 我是大炮
[2026-02-22 03:39:52] azo808: 闹麻了
[2026-02-22 03:39:52] 苏清淼: 好在哪
[2026-02-22 03:39:52] 机长家的华仔: 闹麻了
[2026-02-22 03:39:53] 回收废弃R9: 那猎鹰藏了不少啊
[2026-02-22 03:39:53] 玩斯特机机: 好在哪
[2026-02-22 03:39:53] 心灵盟友: 闹麻了
[2026-02-22 03:39:53] Asaki薯片: 闹麻了
[2026-02-22 03:39:53] 玩蛇鼠丶stabbi: 好在哪，天天掉线
[2026-02-22 03:39:53] 小蜜蜂载物本人: 那我的就是沙鹰😏
[2026-02-22 03:39:54] 落泪改名含泪: 闹麻了
[2026-02-22 03:39:54] 精神病狼: 放狗屁
[2026-02-22 03:39:54] valorant玩机器: 最坏的
[2026-02-22 03:39:54] RyougiAqua: 闹麻了
[2026-02-22 03:39:54] zcyhymine: 好在哪
[2026-02-22 03:39:54] 瑭珏: 闹麻了
[2026-02-22 03:39:55] 鲜血与暗影铸造的家伙: 闹麻了
[2026-02-22 03:39:55] Bob小熊君: 雀食
[2026-02-22 03:39:55] 石家庄的宠物男孩: best在哪
[2026-02-22 03:39:55] Alekslb: 好在哪
[2026-02-22 03:39:55] 老漁服了: 最烂
[2026-02-22 03:39:55] 高松灯扣死千早爱音: 那猎鹰藏了不少啊 ..
[2026-02-22 03:39:55] 十年九夏是年年: 好在哪
[2026-02-22 03:39:56] 左右丨摇摆: 最哦的PGL在罗马尼亚
[2026-02-22 03:39:56] 土俗火焰: 好在哪
[2026-02-22 03:39:56] papacarrot: 怀念🧊的五个奶嘴：海参 donk 老猪 王朝 goat
[2026-02-22 03:39:56] 夕ro: 好在哪
[2026-02-22 03:39:57] 时光划过泪痕桥: 好在哪
[2026-02-22 03:39:57] 明天就和蕾塞结婚: 好尼姆
[2026-02-22 03:39:57] LvvsiN: 南孚一节更比六节强，也就是一节南孚比六节南孚强，六节南孚比三十六节强，三十六节比二百一十六节强
[2026-02-22 03:39:57] 丨Connor: 好在哪
[2026-02-22 03:39:57] 窝喜欢大莱莱: 猎鹰粉丝现在最重要的是回去看看小组赛录播，淘汰赛的不太好看
[2026-02-22 03:39:57] 玩斯特机机: 闹麻了
[2026-02-22 03:39:58] 鸭硕的哈撒给: 额额
[2026-02-22 03:39:58] ZninET9:  @大裂谷的登山家：    决赛要是蜜蜂和PV，那观众给谁哦啊，都是猎鹰的仇人
[2026-02-22 03:39:58] musherzin: 闹麻了
[2026-02-22 03:39:59] 爱马修更爱玩宝宝: fk pgl
[2026-02-22 03:39:59] 我的我的sorry: 罗雷霆
[2026-02-22 03:39:59] 这里是小天啊: 最好？最烂！
[2026-02-22 03:39:59] gray7989: 抓娃娃
[2026-02-22 03:40:00] 巴甫洛夫的滥犬: neo
[2026-02-22 03:40:00] 99组的爱城华恋本人: 老蜜蜂
[2026-02-22 03:40:00] 小蜜蜂的长期素食本人: 不如安特卫普
[2026-02-22 03:40:00] 夕ro: 最哦的PGL在罗马尼亚
[2026-02-22 03:40:00] Schnuffels: 好你的m
[2026-02-22 03:40:00] 夏恋: 闹麻了
[2026-02-22 03:40:00] 紫紫紫彧: 最好的哦
[2026-02-22 03:40:01] 茂名水鬼: 决赛要是蜜蜂和PV，那观众给谁哦啊，都是猎鹰的仇人
[2026-02-22 03:40:01] 小蜜蜂唯一GOAT: PGL有不是蛆的比赛吗？
[2026-02-22 03:40:01] TeamVitality的Ropz本人: 闹麻了
[2026-02-22 03:40:01] 马猴烧酒小地瓜: 闹麻了
[2026-02-22 03:40:01] 用户1181920443: 好在哪
[2026-02-22 03:40:01] 我是我华粉: pgl就是十
[2026-02-22 03:40:01] papacarrot: 怀念🧊的五个奶嘴：海参 donk 老猪 王朝 goat
[2026-02-22 03:40:01] 汤汤魔魔mmmmmmmmajor冠军: 猎鹰粉丝就跟讨口子一样,这也要那也要,就是冠军要不了
[2026-02-22 03:40:02] 晏华裤子拉链没拉: 好就好在猎鹰似的早
[2026-02-22 03:40:02] 风悦丶麦泷: 好你的m
[2026-02-22 03:40:02] lhfhybxm: 心太脏了 像猎鹰就不藏战术 只藏纪律
[2026-02-22 03:40:02] faze的关雨本人: 冰粉也就串串尼尼孩孩了，因为donk真要top1了
[2026-02-22 03:40:03] 夏一可四大皆空啊: pogling
[2026-02-22 03:40:03] 斩斩斩斩斩吧: 闹麻了
[2026-02-22 03:40:03] 柒医: 我是dragonlore
[2026-02-22 03:40:03] Mayonaise15: 吁
[2026-02-22 03:40:03] 用户539660762760511: Niko只是在致敬人品goat，因为他复刻了载物的扁食和哦
[2026-02-22 03:40:04] 马楼King张三: 都pgl了best也没用了
[2026-02-22 03:40:04] zack吖: 猎鹰粉丝现在最重要的是回去看看小组赛录播，淘汰赛的不太好看
[2026-02-22 03:40:04] 提瓦特也是瓦: 最哦的PGL在罗马尼亚
[2026-02-22 03:40:04] 玩机器今晚还播吗: 怀念🧊的五个奶嘴：海参 donk 老猪 王朝 goat
[2026-02-22 03:40:04] 托驴斯小火车:  @大裂谷的登山家：    决赛要是蜜蜂和PV，那观众给谁哦啊，都是猎鹰的仇人
[2026-02-22 03:40:05] LvvsiN: 为什么房管封的不能给鱼丸……还以为今天晚上得吃了……
[2026-02-22 03:40:05] 橙黄双翼: 吁
[2026-02-22 03:40:05] P丶ersist丿:  @大裂谷的登山家：    决赛要是蜜蜂和PV，那观众给谁哦啊，都是猎鹰的仇人
[2026-02-22 03:40:05] KouKouJoe:  ？
[2026-02-22 03:40:06] papacarrot: 怀念🧊的五个奶嘴：海参 donk 老猪 王朝 goat
[2026-02-22 03:40:06] 花也烂漫: 南孚一节更比六节强，也就是一节南孚比六节南孚强，六节南
[2026-02-22 03:40:06] 好哥们黑龙歼灭刀: fk pgl
[2026-02-22 03:40:06] 男人至死皆少年: 好他m
[2026-02-22 03:40:07] 最喜欢玩宝宝惹desuwa: 猎鹰粉丝现在最重要的是回去看看小组赛录播，淘汰赛的不太好看
[2026-02-22 03:40:07] 狐狸来在此: 最哦的PGL在罗马尼亚
[2026-02-22 03:40:07] LvvsiN: @阿汤日记：一个人，5发子弹，保住格陵兰岛。我不会叫它不可能完成的任务，我现在只想先回家看亦博
[2026-02-22 03:40:07] 小蜜蜂的长期素食本人: 最哦的PGL在罗马尼亚
[2026-02-22 03:40:07] 用户6235382488: 蒙古粉丝刚才修鼓原来是为了给🧊队善意哦，受教了👍
[2026-02-22 03:40:08] 鹿公爷: 好就好在猎鹰似的早
[2026-02-22 03:40:08] 玩戴便、shit: 好就好在猎鹰似的早
[2026-02-22 03:40:08] Aleksumimi: 那我不知道猎鹰藏了多少战术了
[2026-02-22 03:40:09] 迎风飘扬的China: 有内格夫的吗 蹲蹲
[2026-02-22 03:40:09] 鸭硕的哈撒给: PGL有不是蛆的比赛吗？
[2026-02-22 03:40:09] 黏巴鸡腿堡: 花鸟市场
[2026-02-22 03:40:09] 小蜜蜂王朝王朝王朝: 素质最差的
[2026-02-22 03:40:09] 用户42110893: 猎鹰粉丝现在最重要的是回去看看小组赛录播，淘汰赛的不太好看
[2026-02-22 03:40:09] LvvsiN: 你为什么要把mαjor禁了，我收藏的一半弹幕全毁了
[2026-02-22 03:40:09] 爱被小泉吃的拉面同学: 吁
[2026-02-22 03:40:09] 人活着就是为了玩乐队: 心太脏了 像猎鹰就不藏战术 只藏纪律
[2026-02-22 03:40:09] NearrrR: 最会哦的肯定是罗马尼亚
[2026-02-22 03:40:10] 用户6235382488: 蒙古粉丝刚才修鼓原来是为了给🧊队善意哦，受教了👍
[2026-02-22 03:40:10] 禑禑: 怎么没有6657？
[2026-02-22 03:40:10] 一刀一个啵啵怪: 电脑老坏 还最好呢
[2026-02-22 03:40:10] 用户00137810: 心太脏了 像猎鹰就不藏战术 只藏纪律
[2026-02-22 03:40:10] 白日梦之主: 还有a队队服
[2026-02-22 03:40:10] 君冠城渗透者: 都pgl了best也没用了
[2026-02-22 03:40:10] wedd1ddeJodd: 慢
[2026-02-22 03:40:11] 卖二货的小蘑菇: 好在哪？
[2026-02-22 03:40:11] 锤子带明星: 最哦的PGL在罗马尼亚
[2026-02-22 03:40:11] 魔男的夜宴: 猎鹰粉丝就跟讨口子一样,这也要那也要,就是冠军要不了
[2026-02-22 03:40:11] LvvsiN: 玩宝宝，我发现在大学上学的时候肄业会很舒服，你可以试试
[2026-02-22 03:40:11] Mahuyu: V FOR VITALITY
[2026-02-22 03:40:12] 划算小划: 睡着了
[2026-02-22 03:40:12] Minatocc: fw
[2026-02-22 03:40:12] 用户6235382488: 蒙古粉丝刚才修鼓原来是为了给🧊队善意哦，受教了👍
[2026-02-22 03:40:12] 丨Connor: 最哦的PGL在罗马尼亚
[2026-02-22 03:40:12] 99组的爱城华恋本人: fw
[2026-02-22 03:40:13] 清酒啵啵: fw
[2026-02-22 03:40:13] Summer鹰001: 最哦的PGL在罗马尼亚
[2026-02-22 03:40:13] 玩斯特机机: 最哦的PGL在罗马尼亚
[2026-02-22 03:40:13] ZywOo的猫: 老板到了
[2026-02-22 03:40:13] 好姐妹芙卡洛斯: fw
[2026-02-22 03:40:13] LvvsiN: 玩 出，我双倍呢？😡😡玩 出，我双倍呢？😡😡玩 出，我双倍呢？😡😡玩 出，我双倍呢？😡
[2026-02-22 03:40:13] Mahuyu: FW
[2026-02-22 03:40:14] dark1337: fw
[2026-02-22 03:40:14] 1x2c3: ？
[2026-02-22 03:40:14] 静寂风: ？
[2026-02-22 03:40:14] 不要坐在我身边: 最烂的主办方和现场观众
[2026-02-22 03:40:14] Aleksumimi: 闹麻了
[2026-02-22 03:40:14] 菜星冲冲冲: fw
[2026-02-22 03:40:14] 欧气来我家: 睡着了
[2026-02-22 03:40:14] 在原Nanami: 睡着了
[2026-02-22 03:40:14] SherryAiovo: fw
[2026-02-22 03:40:14] 菠萝王111: fs
[2026-02-22 03:40:15] 用户6235382488: 蒙古粉丝刚才修鼓原来是为了给🧊队善意哦，受教了👍
[2026-02-22 03:40:15] 用户8044227198: 最哦的PGL在罗马尼亚
[2026-02-22 03:40:15] 阿飞飞啊分: 为什么房管封的不能给鱼丸……还以为今天晚上得吃了……
[2026-02-22 03:40:15] 橙黄双翼: 慢
[2026-02-22 03:40:15] 机器机器祝你天天开心: 睡着了
[2026-02-22 03:40:15] P1nkMatter: fw
[2026-02-22 03:40:15] LvvsiN: 银行业😄银行业😀银行业😃银行业😁银行业😆银行业🤪银行业😝
[2026-02-22 03:40:15] 蜜蜂的牧濑红莉栖本人: 闹麻了
[2026-02-22 03:40:15] 冲上云霄的姨: fw
[2026-02-22 03:40:16] Asaki薯片: fw
[2026-02-22 03:40:16] 无伟契约: 最会哦的肯定是罗马尼亚
[2026-02-22 03:40:16] 用玩大哥的角磨机吧: 睡着了
[2026-02-22 03:40:16] 君眉目亦如画: fw
[2026-02-22 03:40:16] 类人极限Jacklove: FW
[2026-02-22 03:40:16] 古怪的一个人: fw
[2026-02-22 03:40:16] ElfSenIor: 闹麻了
[2026-02-22 03:40:16] TeamVitality的Ropz本人: fw
[2026-02-22 03:40:16] 2442861055: 除了哦斯汀以外最能哦的
[2026-02-22 03:40:17] 用户3661578: 最哦的PGL在罗马尼亚
[2026-02-22 03:40:17] P丶ersist丿: fw
[2026-02-22 03:40:17] 用户6235382488: 蒙古粉丝刚才修鼓原来是为了给🧊队善意哦，受教了👍
[2026-02-22 03:40:17] 杏仁小面包: fw
[2026-02-22 03:40:17] sjtu的musketeers本人: fw
[2026-02-22 03:40:18] 速溶沙地兽: fw
[2026-02-22 03:40:18] Aleksumimi: fw
[2026-02-22 03:40:18] 夜芽z: fw
[2026-02-22 03:40:18] 土俗火焰: 慢
[2026-02-22 03:40:18] M1yauchiReng3: 睡着了
[2026-02-22 03:40:18] zironka: 最哦的PGL在罗马尼亚
[2026-02-22 03:40:18] Box强音来袭: fywoo
[2026-02-22 03:40:19] 忍野忍小忍: fw
[2026-02-22 03:40:19] vired77: fw
[2026-02-22 03:40:19] 刘刘的农: fw
[2026-02-22 03:40:20] Th0tiana: fw
[2026-02-22 03:40:20] 玩龟的神头: fw
[2026-02-22 03:40:20] 车路士的凯赛多本人: Fw
[2026-02-22 03:40:20] 萌六花: FW
[2026-02-22 03:40:20] Kirse: 睡着了／
[2026-02-22 03:40:20] 阿飞飞啊分: 最哦的PGL在罗马尼亚
[2026-02-22 03:40:20] 用户6235382488: 蒙古粉丝刚才修鼓原来是为了给🧊队善意哦，受教了👍
[2026-02-22 03:40:21] LvvsiN: 南孚一节更比六节强，也就是一节南孚比六节南孚强，六节南孚比三十六节强，三十六节比二百一十六节强
[2026-02-22 03:40:22] 驴友到此一游: 最哦的PGL在罗马尼亚
[2026-02-22 03:40:22] 玩契机、chance: 猎鹰哪个比赛似的不早
[2026-02-22 03:40:22] 看死Herbaut就杀了你: 蒙古粉丝刚才修鼓原来是为了给🧊队善意哦，受教了👍
[2026-02-22 03:40:22] 小宇的足: 最哦的PGL在罗马尼亚
[2026-02-22 03:40:22] PlayMachine机器: 这也fw啊...nb
[2026-02-22 03:40:23] 玩斯特机机: 睡着了
[2026-02-22 03:40:23] 汤汤魔魔mmmmmmmmajor冠军: 最哦的PGL在罗马尼亚
[2026-02-22 03:40:23] LvvsiN: 为什么房管封的不能给鱼丸……还以为今天晚上得吃了……
[2026-02-22 03:40:24] 空白Zzz丶: 睡着了
[2026-02-22 03:40:24] 長22222: bc有个狙击手不错 以后来接太子的班 就叫他小太子吧
[2026-02-22 03:40:24] papacarrot: 怀念🧊的五个奶嘴：海参 donk 老猪 王朝 goat
[2026-02-22 03:40:24] 小小百合恋歌: fw
[2026-02-22 03:40:25] LvvsiN: 弹幕也就网上说说，现实里谁不觉得樱姐是好女孩（删括号领一条远坂凛同款鸟笼）
[2026-02-22 03:40:25] 刘亦博爱郑哲伟: @Domiin：蒙古粉丝刚才修鼓原来是为了给🧊队善意哦，受教了👍
[2026-02-22 03:40:26] 恶霸周熊: 现场都是玩家军
[2026-02-22 03:40:26] 77一定会是我的: 载物是不是在装糖啊
[2026-02-22 03:40:26] 好哥们黑龙歼灭刀:     最哦的PGL在罗马尼亚
[2026-02-22 03:40:26] 殇10876: fvv
[2026-02-22 03:40:26] 大肉鲁: _fw
[2026-02-22 03:40:26] 忽孝山庄: 最哦的PGL在罗马尼亚
[2026-02-22 03:40:26] 斩斩斩斩斩吧: 我确实记住这个地方了
[2026-02-22 03:40:26] 黑猫丶Yami: 最哦的PGL在罗马尼亚
[2026-02-22 03:40:26] 没有故事的Pluto: 这嘘声也会有人给蜜蜂哦啊，我说骗骗哥们得了别把自己也骗了🤣
[2026-02-22 03:40:27] PlayMachine机器: 这也fw啊...nb
[2026-02-22 03:40:27] LvvsiN: 额，拿亚军我都会，拿亚军，拿季军，拿四强，拿八强，拿十六强，呃拿冠军我不会，然后小组赛淘汰
[2026-02-22 03:40:28] 咩力羊: 最哦的PGL在罗马尼亚
[2026-02-22 03:40:29] 宝贝芙宁娜: 这也fw啊。。。nb
[2026-02-22 03:40:29] 汤汤魔魔mmmmmmmmajor冠军: 除了哦斯汀以外最能哦的
[2026-02-22 03:40:29] CSTG鲁豆: fw
[2026-02-22 03:40:29] LvvsiN: 我让你开双倍你二龙吗？老子荧光棒要过期了
[2026-02-22 03:40:30] 好哥们黑龙歼灭刀: 蒙古粉丝刚才修鼓原来是为了给🧊队善意哦，受教了👍
[2026-02-22 03:40:30] Li喵喵喵a: 载物是不是在装糖啊
[2026-02-22 03:40:31] 北二龙少: @吉米：fw
[2026-02-22 03:40:31] LvvsiN: 就tm喜欢银行业🥰银行坏账我喜欢🥰银行挤兑我还喜欢😍利率调低我也喜欢🤤老子亲烂银行业的脸😘
[2026-02-22 03:40:31] papacarrot: 怀念🧊的五个奶嘴：海参 donk 老猪 王朝 goat
[2026-02-22 03:40:32] PlayMachine机器: 这也fw啊...nb
[2026-02-22 03:40:33] 用户43629220: 最哦的PGL在罗马尼亚
[2026-02-22 03:40:33] 最爱的马卡龙: 我算看明白了，niko老汤这些随时可以拿出来挡枪，你要是说到玩机器身上他真跟你急
[2026-02-22 03:40:33] 车路士的凯赛多本人: 这嘘声也会有人给蜜蜂哦啊，我说骗骗哥们得了别把自己也骗了🤣
[2026-02-22 03:40:33] 银行业本人: 这也nb啊...fw
[2026-02-22 03:40:33] LvvsiN: 银行业😄银行业😀银行业😃银行业😁银行业😆银行业🤪银行业😝
[2026-02-22 03:40:35] 枫溪南封: 载物是不是在装糖啊
[2026-02-22 03:40:35] LvvsiN: 玩 出，我双倍呢？😡😡玩 出，我双倍呢？😡😡玩 出，我双倍呢？😡😡玩 出，我双倍呢？😡
[2026-02-22 03:40:37] papacarrot: 怀念🧊的五个奶嘴：海参 donk 老猪 王朝 goat
[2026-02-22 03:40:37] LvvsiN: 玩宝宝，我发现在大学上学的时候肄业会很舒服，你可以试试
[2026-02-22 03:40:38] fa来ze苦的疯穿箱子: 让我们恭喜小蜜蜂晋级决赛
[2026-02-22 03:40:39] 福布斯最佳中文解说: 蒙古粉丝刚才修鼓原来是为了给🧊队善意哦，受教了👍
[2026-02-22 03:40:39] 用户6235382488: 蒙古粉丝刚才修鼓原来是为了给🧊队善意哦，受教了👍
[2026-02-22 03:40:39] 那就点: 这也nb啊...fw
[2026-02-22 03:40:39] aminous: 南孚一节更比六节强，也就是一节南孚比六节南孚强，六节南孚比三十六节强，三十六节比二百一十六节强
[2026-02-22 03:40:39] 好哥们黑龙歼灭刀: 这嘘声也会有人给蜜蜂哦啊，我说骗骗哥们得了别把自己也骗了🤣
[2026-02-22 03:40:39] richardlee97: 　　　 这嘘声也会有人给蜜蜂哦啊，我说骗骗哥们得了别把自己也骗了🤣
[2026-02-22 03:40:39] LvvsiN: 南孚一节更比六节强，也就是一节南孚比六节南孚强，六节南孚比三十六节强，三十六节比二百一十六节强
[2026-02-22 03:40:42] LvvsiN: 为什么房管封的不能给鱼丸……还以为今天晚上得吃了……
[2026-02-22 03:40:42] 踩马灯: 嘴硬说这个不是双向哦的游戏理解确实符合我对尼孩粉的刻板印象。。。
[2026-02-22 03:40:42] 石家庄的宠物男孩: fw这么慢是有心事吗 被玩机器喷难过了？
[2026-02-22 03:40:43] Q1ed7f9c85b3bc7571: 玩 出，我双倍呢？😡😡玩 出，我双倍呢？😡😡玩 出，我双倍呢？😡😡玩 出，我双倍呢？😡
[2026-02-22 03:40:43] rem3dy: 蒙古几十个人的哦响彻整个场馆。。。牛逼。。
[2026-02-22 03:40:44] LvvsiN: 银行业😄银行业😀银行业😃银行业😁银行业😆银行业🤪银行业😝
[2026-02-22 03:40:44] 奇美拉的鸟谷真琴本人: 　　　 这嘘声也会有人给蜜蜂哦啊，我说骗骗哥们得了别把自己也骗了🤣
[2026-02-22 03:40:44] 17丶eternal: 决赛肯定还是嘘上帝，懂得都懂
[2026-02-22 03:40:45] 踩马灯: 嘴硬说这个不是双向哦的游戏理解确实符合我对尼孩粉的刻板印象。。。
[2026-02-22 03:40:46] LvvsiN: 银行业😄银行业😀银行业😃银行业😁银行业😆银行业🤪银行业😝
[2026-02-22 03:40:46] 好哥们汉阳造: 南孚一节更比六节强，也就是一节南孚比六节南孚强，六节南孚比三十六节强，三十六节比二百一十六节强
[2026-02-22 03:40:47] 宫监手放监: 　　　 这嘘声也会有人给蜜蜂哦啊，我说骗骗哥们得了别把自己也骗了🤣
[2026-02-22 03:40:48] LvvsiN: 为什么房管封的不能给鱼丸……还以为今天晚上得吃了……
[2026-02-22 03:40:49] 用户6235382488: 嘴硬说这个不是双向哦的游戏理解确实符合我对尼孩粉的刻板印象。。。
[2026-02-22 03:40:50] LvvsiN: 为什么房管封的不能给鱼丸……还以为今天晚上得吃了……
[2026-02-22 03:40:51] 踩马灯: 嘴硬说这个不是双向哦的游戏理解确实符合我对尼孩粉的刻板印象。。。
[2026-02-22 03:40:51] Imupset: 数值
[2026-02-22 03:40:51] 想看老师打黄金赛: 一波b
[2026-02-22 03:40:52] 用户6235382488: 蒙古粉丝刚才修鼓原来是为了给🧊队善意哦，受教了👍
[2026-02-22 03:40:52] LvvsiN: 玩宝宝，我发现在大学上学的时候肄业会很舒服，你可以试试
[2026-02-22 03:40:52] rem3dy: 猎鹰哦是定向给尼孩鲍点，其他哦都是双向的（GL🧊队粉）
[2026-02-22 03:40:52] 海绵宝宝打野儿: 数值太高了
[2026-02-22 03:40:52] 小蜜蜂的长期素食本人: 一波B！
[2026-02-22 03:40:53] papacarrot: 怀念🧊的五个奶嘴：海参 donk 老猪 王朝 goat
[2026-02-22 03:40:53] 镜子里的潘多拉: 一波吧
[2026-02-22 03:40:53] 射命丸文文句号: 这战术好少
[2026-02-22 03:40:53] IGetUp: 一波B
[2026-02-22 03:40:53] 鸭硕的哈撒给: 我们意念合一
[2026-02-22 03:40:54] 迷走江湖: 硬实力碾压
[2026-02-22 03:40:54] LvvsiN: 就tm喜欢银行业🥰银行坏账我喜欢🥰银行挤兑我还喜欢😍利率调低我也喜欢🤤老子亲烂银行业的脸😘
[2026-02-22 03:40:54] User5092: 摧毁
[2026-02-22 03:40:55] 踩马灯: 嘴硬说这个不是双向哦的游戏理解确实符合我对尼孩粉的刻板印象。。。
[2026-02-22 03:40:55] 用户6235382488: 蒙古粉丝刚才修鼓原来是为了给🧊队善意哦，受教了👍
[2026-02-22 03:40:55] 妖艳阿卡莎: 决赛又是绿蝇家长会了
[2026-02-22 03:40:56] Ephem3ra: 混的啥
[2026-02-22 03:40:56] 放我去藏经阁一日游: 哎，数值
[2026-02-22 03:40:56] LvvsiN: 弹幕也就网上说说，现实里谁不觉得樱姐是好女孩（删括号领一条远坂凛同款鸟笼）
[2026-02-22 03:40:56] 神奥联盟的竹兰本人: 优美
[2026-02-22 03:40:56] 玩魔丸丶猛锤: 数值太高了
[2026-02-22 03:40:56] 卧看星河尽意明丶: ？
[2026-02-22 03:40:56] 傲娇的芙兰朵露: 玩犬解读
[2026-02-22 03:40:56] JuL1us: 公式爆B
[2026-02-22 03:40:57] 踩马灯: 嘴硬说这个不是双向哦的游戏理解确实符合我对尼孩粉的刻板印象。。。
[2026-02-22 03:40:57] 用户6235382488: 蒙古粉丝刚才修鼓原来是为了给🧊队善意哦，受教了👍
[2026-02-22 03:40:57] 用户3661578: 匪直接冲烂了
[2026-02-22 03:40:57] 天守阁信长: 嘴硬说这个不是双向哦的游戏理解确实符合我对尼孩粉的刻板印象。。。
[2026-02-22 03:40:58] Aleksumimi: 反观
[2026-02-22 03:40:58] 高松灯扣死千早爱音: 嘴硬说这个不是双向哦的游戏理解确实符合我对尼孩粉的刻板印象。。。
[2026-02-22 03:40:58] LvvsiN: 就tm喜欢银行业🥰银行坏账我喜欢🥰银行挤兑我还喜欢😍利率调低我也喜欢🤤老子亲烂银行业的脸😘
[2026-02-22 03:40:58] 能不能去洗头太恶心了: 嘴硬说这个不是双向哦的游戏理解确实符合我对尼孩粉的刻板印象。。。
[2026-02-22 03:40:58] 玩大哥我双倍呢: 一波b🤯！一波b🤯！一波b🤯！一波b🤯！一波b🤯！一波b🤯！
[2026-02-22 03:40:58] 默默momoMoMo123: 猎鹰哦是定向给尼孩鲍点，其他哦都是双向的（GL🧊队粉）
[2026-02-22 03:40:59] 出生玩机器: 给雷过了啥乱弹幕
[2026-02-22 03:40:59] 土俗火焰: 一脚
[2026-02-22 03:40:59] 泪水的冷冽: 别混就好了
[2026-02-22 03:41:00] 用户6235382488: 蒙古粉丝刚才修鼓原来是为了给🧊队善意哦，受教了👍
[2026-02-22 03:41:00] 全世坠可爱的ZywOo宝宝: nb
[2026-02-22 03:41:00] LvvsiN: 为什么房管封的不能给鱼丸……还以为今天晚上得吃了……
[2026-02-22 03:41:00] papacarrot: 怀念🧊的五个奶嘴：海参 donk 老猪 王朝 goat
[2026-02-22 03:41:00] 没有故事的Pluto: 嘴硬说这个不是双向哦的游戏理解确实符合我对尼孩粉的刻板印象。。。
[2026-02-22 03:41:00] 马楼King张三: 哎
[2026-02-22 03:41:00] 好姐妹索菲亚: 嘴硬说这个不是双向哦的游戏理解确实符合我对尼孩粉的刻板印象。。。
[2026-02-22 03:41:01] Wardel: 嘴硬说这个不是双向哦的游戏理解确实符合我对尼孩粉的刻板印象。。。
[2026-02-22 03:41:01] ykls的爱情结晶: 数值太高了
[2026-02-22 03:41:01] CS解说丰川祥子: ru B
[2026-02-22 03:41:01] 喃妈来俺可没抽: 嘴硬说这个不是双向哦的游戏理解确实符合我对尼孩粉的刻板印象。。。
[2026-02-22 03:41:02] 踩马灯: 嘴硬说这个不是双向哦的游戏理解确实符合我对尼孩粉的刻板印象。。。
[2026-02-22 03:41:02] 殇10876: 唉，数值
[2026-02-22 03:41:02] LvvsiN: 为什么房管封的不能给鱼丸……还以为今天晚上得吃了……
[2026-02-22 03:41:02] 瑭珏: 亦博b
[2026-02-22 03:41:02] 用户6235382488: 蒙古粉丝刚才修鼓原来是为了给🧊队善意哦，受教了👍
[2026-02-22 03:41:02] 想对你说一声晚安: 一波B
[2026-02-22 03:41:02] Schnuffels: 一波b
[2026-02-22 03:41:03] 用户9921747043: 懂你意思
[2026-02-22 03:41:03] 好姐妹太卜司符玄: 怀念🧊的五个奶嘴：海参 donk 老猪 王朝 goat
[2026-02-22 03:41:03] ericzxc: 纯靠数值和协同
[2026-02-22 03:41:03] papacarrot: 怀念🧊的五个奶嘴：海参 donk 老猪 王朝 goat
[2026-02-22 03:41:03] 罗湖古天樂: 嘴硬说这个不是双向哦的游戏理解确实符合我对尼孩粉的刻板印象。。。
[2026-02-22 03:41:04] Rosie1st: ez game
[2026-02-22 03:41:04] 不要坐在我身边: 哲伟来五杀了
[2026-02-22 03:41:04] viovvvvvvvon: 嘴硬说这个不是双向哦的游戏理解确实符合我对尼孩粉的刻板印象。。。
[2026-02-22 03:41:04] LvvsiN: 玩宝宝，我发现在大学上学的时候肄业会很舒服，你可以试试
[2026-02-22 03:41:04] 尼尼海海出入平安: 嘴硬说这个不是双向哦的游戏理解确实符合我对尼孩粉的刻板印象。。。
[2026-02-22 03:41:04] MeYehovah: 反观
[2026-02-22 03:41:04] 用户6235382488: 蒙古粉丝刚才修鼓原来是为了给🧊队善意哦，受教了👍
[2026-02-22 03:41:04] 心灵盟友: 数值
[2026-02-22 03:41:04] 洞洞载载车车major冠军: 嘴硬说这个不是双向哦的游戏理解确实符合我对尼孩粉的刻板印象。。。
[2026-02-22 03:41:05] 暗月流风: 哈哈哈哈
[2026-02-22 03:41:05] 我人都傻了丶: a1说话
[2026-02-22 03:41:05] 99组的爱城华恋本人: 💃💃💃💃💃💃💃💃💃💃💃💃💃💃💃💃💃💃💃💃💃💃
[2026-02-22 03:41:05] 十点差49分: 一波b🤯！一波b🤯！一波b🤯！一波b🤯！一波b🤯！一波b🤯！
[2026-02-22 03:41:06] 0夜雨十年灯0: 一波b🤯！一波b🤯！一波b🤯！一波b🤯！一波b🤯！一波b🤯！
[2026-02-22 03:41:06] 大姜饼: 嘴硬说这个不是双向哦的游戏理解确实符合我对尼孩粉的刻板印象。。。
[2026-02-22 03:41:06] LvvsiN: 银行业😄银行业😀银行业😃银行业😁银行业😆银行业🤪银行业😝
[2026-02-22 03:41:06] 好哥们黑龙歼灭刀: 猎鹰哦是定向给尼孩鲍点，其他哦都是双向的（GL🧊队粉）
[2026-02-22 03:41:07] 踩马灯: 嘴硬说这个不是双向哦的游戏理解确实符合我对尼孩粉的刻板印象。。。
[2026-02-22 03:41:07] 用户6235382488: 蒙古粉丝刚才修鼓原来是为了给🧊队善意哦，受教了👍
[2026-02-22 03:41:07] Steyy96: A1说话
[2026-02-22 03:41:07] papacarrot: 怀念🧊的五个奶嘴：海参 donk 老猪 王朝 goat
[2026-02-22 03:41:08] 好姐妹太卜司符玄: 蒙古粉丝刚才修鼓原来是为了给🧊队善意哦，受教了👍
[2026-02-22 03:41:08] LvvsiN: 弹幕也就网上说说，现实里谁不觉得樱姐是好女孩（删括号领一条远坂凛同款鸟笼）
[2026-02-22 03:41:08] MR-POTATO: 💃💃💃💃💃💃💃💃💃💃💃💃💃💃💃💃💃💃💃💃💃💃
[2026-02-22 03:41:09] 用户3661578: 直接数值碾压了
[2026-02-22 03:41:09] 看死Herbaut就杀了你: 嘴硬说这个不是双向哦的游戏理解确实符合我对尼孩粉的刻板印象。。。
[2026-02-22 03:41:10] LvvsiN: 弹幕别吵了，银行业一样一样有有有也会有h'y'hui't'y'r's'c'dn
[2026-02-22 03:41:10] 落叶悠哉落: 一波b
[2026-02-22 03:41:10] 寒翎233: 嘴硬说这个不是双向哦的游戏理解确实符合我对尼孩粉的刻板印象。。。
[2026-02-22 03:41:14] 踩马灯: 嘴硬说这个不是双向哦的游戏理解确实符合我对尼孩粉的刻板印象。。。嘴硬说这个不是双向哦的游戏理解确实符
[2026-02-22 03:41:14] 没有真名233: 嘴硬说这个不是双向哦的游戏理解确实符合我对尼孩粉的刻板印象。。。
[2026-02-22 03:41:14] papacarrot: 怀念🧊的五个奶嘴：海参 donk 老猪 王朝 goat
[2026-02-22 03:41:14] 想看老师打黄金赛: 一波b🤯！一波b🤯！一波b🤯！一波b🤯！一波b🤯！一波b🤯！
[2026-02-22 03:41:14] Leonisss丶: 蒙古粉丝刚才修鼓原来是为了给🧊队善意哦，受教了👍
[2026-02-22 03:41:14] 全世坠可爱的ZywOo宝宝: 这我学啥
[2026-02-22 03:41:14] LvvsiN: 我让你开双倍你二龙吗？老子荧光棒要过期了
[2026-02-22 03:41:14] 人活着就是为了玩乐队: 嘴硬说这个不是双向哦的游戏理解确实符合我对尼孩粉的刻板印象。。。
[2026-02-22 03:41:14] 默默momoMoMo123: 嘴硬说这个不是双向哦的游戏理解确实符合我对尼孩粉的刻板印象。。。
[2026-02-22 03:41:14] 玩蛋蛋丶egg: ？
[2026-02-22 03:41:14] IF的灰爱音本人: 一波b🤯！一波b🤯！一波b🤯！一波b🤯！一波b🤯！一波b🤯！
[2026-02-22 03:41:14] e830293444: 一波b🤯！一波b🤯！一波b🤯！一波b🤯！一波b🤯！一波b🤯！
[2026-02-22 03:41:15] 玩猴爪丶MonkeyPaw: 嘴硬说这个不是双向哦的游戏理解确实符合我对尼孩粉的刻板印象。。。
[2026-02-22 03:41:15] 用户144491677: 蒙古粉丝刚才修鼓原来是为了给🧊队善意哦，受教了👍
[2026-02-22 03:41:15] 踩马灯: 嘴硬说这个不是双向哦的游戏理解确实符合我对尼孩粉的刻板印象。。。
[2026-02-22 03:41:15] 好哥们黑龙歼灭刀: 蒙古粉丝刚才修鼓原来是为了给🧊队善意哦，受教了👍
[2026-02-22 03:41:16] 顾念心z: 猎鹰哦是定向给尼孩鲍点，其他哦都是双向的（GL🧊队粉）
[2026-02-22 03:41:16] LvvsiN: 就tm喜欢银行业🥰银行坏账我喜欢🥰银行挤兑我还喜欢😍利率调低我也喜欢🤤老子亲烂银行业的脸😘
[2026-02-22 03:41:16] 无限制的场: 蒙古粉丝刚才修鼓原来是为了给🧊队善意哦，受教了👍
[2026-02-22 03:41:17] Ch1Sa-: 这小区主防
[2026-02-22 03:41:17] rem3dy: 蒙古几十个人的哦响彻整个场馆。。。牛逼。。
[2026-02-22 03:41:17] 好姐妹太卜司符玄: 猎鹰哦是定向给尼孩鲍点，其他哦都是双向的（GL🧊队粉）
[2026-02-22 03:41:17] 这牙缝可以: 嘴硬说这个不是双向哦的游戏理解确实符合我对尼孩粉的刻板印象。。。
[2026-02-22 03:41:17] dark1337: ？
[2026-02-22 03:41:17] 踩马灯: 嘴硬说这个不是双向哦的游戏理解确实符合我对尼孩粉的刻板印象。。。
[2026-02-22 03:41:17] papacarrot: 怀念🧊的五个奶嘴：海参 donk 老猪 王朝 goat
[2026-02-22 03:41:17] S1natra: 嘴硬说这个不是双向哦的游戏理解确实符合我对尼孩粉的刻板印象。。。
[2026-02-22 03:41:17] LvvsiN: 我让你开双倍你二龙吗？老子荧光棒要过期了
[2026-02-22 03:41:17] 驾驶手套雪豹: 怀念🧊的五个奶嘴：海参 donk 老猪 王朝 goat
[2026-02-22 03:41:17] 青绿色的优越: 蒙古粉丝刚才修鼓原来是为了给🧊队善意哦，受教了👍
[2026-02-22 03:41:17] Crychiccc的若叶睦本人: 蜜蜂拿两分看你语气急的。。。
[2026-02-22 03:41:17] 筱殇Xss: 小蜜蜂经典一烟7闪爆单B
[2026-02-22 03:41:18] 小夜r: ？
[2026-02-22 03:41:18] LvvsiN: @阿汤日记：一个人，5发子弹，保住格陵兰岛。我不会叫它不可能完成的任务，我现在只想先回家看亦博
[2026-02-22 03:41:18] 看死Herbaut就杀了你: 嘴硬说这个不是双向哦的游戏理解确实符合我对尼孩粉的刻板印象。。。
[2026-02-22 03:41:18] 专看玩机器的号: 50%50%
[2026-02-22 03:41:18] mujica的长崎素世本人: 蒙古粉丝刚才修鼓原来是为了给🧊队善意哦，受教了👍
[2026-02-22 03:41:18] 踩马灯: 嘴硬说这个不是双向哦的游戏理解确实符合我对尼孩粉的刻板印象。。。
[2026-02-22 03:41:19] 比哈里快鸭: 一波b🤯！一波b🤯！一波b🤯！一波b🤯！一波b🤯！一波b🤯！
[2026-02-22 03:41:19] Moony乀: 引导
[2026-02-22 03:41:19] 花也烂漫: 我让你开双倍你二龙吗？老子荧光棒要过期了
[2026-02-22 03:41:19] 陶芸馝: 弹幕别吵了，银行业一样一样有有有也会有h'y'hui't'y'r's'c'dn
[2026-02-22 03:41:19] fa来ze苦的疯穿箱子: 收到
[2026-02-22 03:41:20] LvvsiN: 额，拿亚军我都会，拿亚军，拿季军，拿四强，拿八强，拿十六强，呃拿冠军我不会，然后小组赛淘汰
[2026-02-22 03:41:20] 想当玩机器二台: 嘴硬说这个不是双向哦的游戏理解确实符合我对尼孩粉的刻板印象。。。
[2026-02-22 03:41:20] 北宇治拳王久石奏: 可是猎鹰也在咑天梯啊🥹
[2026-02-22 03:41:20] 用玩大哥的角磨机吧: 嘴硬说这个不是双向哦的游戏理解确实符合我对尼孩粉的刻板印象。。。
[2026-02-22 03:41:20] 長22222: 嘴硬说这个不是双向哦的游戏理解确实符合我对尼孩粉的刻板印象。。。
[2026-02-22 03:41:20] 清酒啵啵: ？
[2026-02-22 03:41:20] 晓月_迷霜: 上帝通透世界全部解读
[2026-02-22 03:41:20] 阿飞飞啊分: 我让你开双倍你二龙吗？老子荧光棒要过期了
[2026-02-22 03:41:20] 白井黑子x: 猎鹰哦是定向给尼孩鲍点，其他哦都是双向的（GL🧊队粉）
[2026-02-22 03:41:20] ykls的爱情结晶: 嘴硬说这个不是双向哦的游戏理解确实符合我对尼孩粉的刻板印象。。。
[2026-02-22 03:41:21] 玩斯特机机: 怀念🧊的五个奶嘴：海参 donk 老猪 王朝 goat
[2026-02-22 03:41:21] JuL1us: 处刑
[2026-02-22 03:41:21] 爱健身的然然然然然: 蒙古粉丝刚才修鼓原来是为了给🧊队善意哦，受教了👍
[2026-02-22 03:41:21] 银行业本人: 对啊，我学什么啊
[2026-02-22 03:41:22] wedd1ddeJodd: fw
[2026-02-22 03:41:22] 歹毒男孩水珂: 紫薇大帝来全接了
[2026-02-22 03:41:22] 七秒中的绝唱丶: 透视大战雷达了
[2026-02-22 03:41:22] S闪Aw: 嘴硬说这个不是双向哦的游戏理解确实符合我对尼孩粉的刻板印象。。。
[2026-02-22 03:41:23] 没有故事的Pluto: 处刑！
[2026-02-22 03:41:23] 好姐妹芙卡洛斯: fw
[2026-02-22 03:41:23] 即将拥有PDD的人鱼线丿: fw
[2026-02-22 03:41:23] everch0sen: 处刑、
[2026-02-22 03:41:23] 静寂风: ？、
[2026-02-22 03:41:23] 踩马灯: 嘴硬说这个不是双向哦的游戏理解确实符合我对尼孩粉的刻板印象。。。
[2026-02-22 03:41:23] 印书林竹节虫: 嘴硬说这个不是双向哦的游戏理解确实符合我对尼孩粉的刻板印象。。。
[2026-02-22 03:41:23] 无伟契约: fw
[2026-02-22 03:41:24] 粮食和蔬菜ll: 蜜蜂数值还是太高了
[2026-02-22 03:41:24] 我谢谢我自己: fw
[2026-02-22 03:41:24] rem3dy: 蒙古几十个人的哦响彻整个场馆。。。牛逼。。
[2026-02-22 03:41:24] 魔男的夜宴: fw
[2026-02-22 03:41:24] 菜星冲冲冲: fw
[2026-02-22 03:41:24] 玩斯特机机: fw
[2026-02-22 03:41:24] 橙黄双翼: FW
[2026-02-22 03:41:24] 机器机器祝你天天开心: ？？？
[2026-02-22 03:41:25] 鹿公爷: 嘴硬说这个不是双向哦的游戏理解确实符合我对尼孩粉的刻板印象。。。
[2026-02-22 03:41:25] 古怪的一个人: 处刑
[2026-02-22 03:41:25] 撅银龙: 不是猎鹰的，哲伟是指望不上了
[2026-02-22 03:41:25] IGetUp: fw
[2026-02-22 03:41:25] 迪奥雷: fw
[2026-02-22 03:41:25] 用户6235382488: 蒙古粉丝刚才修鼓原来是为了给🧊队善意哦，受教了👍
[2026-02-22 03:41:25] 逆世而为: 哈哈哈
[2026-02-22 03:41:25] 晏华裤子拉链没拉: fywoo
[2026-02-22 03:41:26] 鲜血与暗影铸造的家伙: fw
[2026-02-22 03:41:26] 琴弦之意: fw
[2026-02-22 03:41:26] valorant玩机器: fw
[2026-02-22 03:41:26] 什么名字都被用了诶: fw
[2026-02-22 03:41:26] 好姐妹索菲亚: fw
[2026-02-22 03:41:26] 六星近卫丰川祥子: FW
[2026-02-22 03:41:26] Asaki薯片: fw
[2026-02-22 03:41:26] P1nkMatter: fw
[2026-02-22 03:41:26] 专看玩机器的号: 处刑😆处刑🤣处刑😄处刑😅处刑😋处刑🤪处刑😝处刑🤗处刑🤭
[2026-02-22 03:41:26] 白日梦之主: fw
[2026-02-22 03:41:26] 徐弃安: 你就看上帝怎么解读吧
[2026-02-22 03:41:27] 心生闸念: fw
[2026-02-22 03:41:27] 玩柜子丶Mortis: 嘴硬说这个不是双向哦的游戏理解确实符合我对尼孩粉的刻板印象。。。ですわ
[2026-02-22 03:41:27] 箱监大寒焦: fw
[2026-02-22 03:41:27] SSE丶: ？
[2026-02-22 03:41:27] 石家庄的宠物男孩: fw
[2026-02-22 03:41:28] 牢大与小布丁: fw
[2026-02-22 03:41:28] 冲上云霄的姨: fw
[2026-02-22 03:41:28] 爱被小泉吃的拉面同学: fw
[2026-02-22 03:41:28] 99组的爱城华恋本人: papacarrot已经刷了几十个弹幕了。。。
[2026-02-22 03:41:28] 我没有西班牙馅饼: fw
[2026-02-22 03:41:28] 头号瓜孝子: fw
[2026-02-22 03:41:28] KaiAsBefore: 猎鹰哦是定向给尼孩鲍点，其他哦都是双向的（GL🧊队粉）
[2026-02-22 03:41:28] 玩迩妈丶master: fw
[2026-02-22 03:41:29] 用户5608006019: fw
[2026-02-22 03:41:29] xieri: fw
[2026-02-22 03:41:29] 瑭珏: 处刑😆处刑🤣处刑😄处刑😅处刑😋处刑🤪处刑😝处刑🤗处刑🤭
[2026-02-22 03:41:29] Aleksumimi: fw
[2026-02-22 03:41:29] 秋茶小雪: fw
[2026-02-22 03:41:29] RyougiAqua: FW
[2026-02-22 03:41:30] papacarrot: 怀念🧊的五个奶嘴：海参 donk 老猪 王朝 goat
[2026-02-22 03:41:30] 大裂谷的登山家: fw
[2026-02-22 03:41:30] sjtu的musketeers本人: fw
[2026-02-22 03:41:30] 想添donk的小驴蹄: 　　　 处刑😆处刑🤣处刑😄处刑😅处刑😋处刑🤪处刑😝处刑🤗处刑🤭
[2026-02-22 03:41:30] 哆哆哆哆哆哆: FW
[2026-02-22 03:41:30] 子翼兄: 处刑😆处刑🤣处刑😄处刑😅处刑😋处刑🤪处刑😝处刑🤗处刑🤭
[2026-02-22 03:41:31] soul丶兮颜: fw
[2026-02-22 03:41:31] 骄骄爱吃糖: 演
[2026-02-22 03:41:31] 果内: fw
[2026-02-22 03:41:31] 用户6235382488: 蒙古粉丝刚才修鼓原来是为了给🧊队善意哦，受教了👍
[2026-02-22 03:41:32] 马楼King张三: 处刑
[2026-02-22 03:41:32] 哈哈哈哈哈哈停不下来: fw
[2026-02-22 03:41:32] 花也烂漫: 这游戏就两个字：屎坑
[2026-02-22 03:41:32] LvvsiN: 弹幕也就网上说说，现实里谁不觉得樱姐是好女孩（删括号领一条远坂凛同款鸟笼）
[2026-02-22 03:41:33] 绝食十年攒爱top3飞机: fw
[2026-02-22 03:41:33] 春花敲可爱的啦: 嘴硬说这个不是双向哦的游戏理解确实符合我对尼孩粉的刻板印象。。。ですわ
[2026-02-22 03:41:33] 萌六花: 处刑😆处刑🤣处刑😄处刑😅处刑😋处刑🤪处刑😝处刑🤗处刑🤭
[2026-02-22 03:41:33] 八嘎黄芥末: 额，拿亚军我都会，拿亚军，拿季军，拿四强，拿八强，拿十六强，呃拿冠军我不会，然后小组赛淘汰
[2026-02-22 03:41:33] 杜王町的吉良吉影本人: 这不是挂？
[2026-02-22 03:41:33] 橘殃丶丶: fw
[2026-02-22 03:41:34] 用户6235382488: 蒙古粉丝刚才修鼓原来是为了给🧊队善意哦，受教了👍
[2026-02-22 03:41:34] Kunwz: 开透忘了开锁了
[2026-02-22 03:41:34] TheMongolZ的上单本人: Fw
[2026-02-22 03:41:34] 李小小与虾大大: @唯爱孩孩：fw
[2026-02-22 03:41:34] dark1337: 这开挂斗开不明白吗
[2026-02-22 03:41:35] 失眠写歌: 处刑😆处刑🤣处刑😄处刑😅处刑😋处刑🤪处刑😝处刑🤗处刑🤭
[2026-02-22 03:41:35] 时间就是深海咸鱼: 这咋空的
[2026-02-22 03:41:36] 結城希亞: fw
[2026-02-22 03:41:36] 没事小子: 这里怎么有墙啊
[2026-02-22 03:41:36] 用户6235382488: 蒙古粉丝刚才修鼓原来是为了给🧊队善意哦，受教了👍
[2026-02-22 03:41:36] LvvsiN: 你为什么要把mαjor禁了，我收藏的一半弹幕全毁了
[2026-02-22 03:41:37] Steyy96: 处刑😆处刑🤣处刑😄处刑😅处刑😋处刑🤪处刑😝处刑🤗处刑🤭
[2026-02-22 03:41:37] mujica的长崎素世本人: 处刑
[2026-02-22 03:41:37] 阵雨天o: 处刑😆处刑🤣处刑😄处刑😅处刑😋处刑🤪处刑😝处刑🤗处刑🤭
[2026-02-22 03:41:37] 千古恨轮回尝061: 处刑😆处刑🤣处刑😄处刑😅处刑😋处刑🤪处刑😝处刑🤗处刑🤭
[2026-02-22 03:41:37] 四維虫子: 玩天梯呐感觉
[2026-02-22 03:41:38] 檬檬哒的叶芝: 五个奶嘴里面没有major的只有海参
[2026-02-22 03:41:38] TheMongolZ的上单本人: 嘴硬说这个不是双向哦的游戏理解确实符合我对尼孩粉的刻板印象。。。
[2026-02-22 03:41:38] 最好的天赐: 嘴硬说这个不是双向哦的游戏理解确实符合我对尼孩粉的刻板印象。。。ですわ
[2026-02-22 03:41:39] 用户6235382488: 蒙古粉丝刚才修鼓原来是为了给🧊队善意哦，受教了👍
[2026-02-22 03:41:39] 皮特pite174: 清理饭圈粉🧹🧹🧹🧹🧹清理饭圈粉🧹🧹🧹🧹🧹清理饭圈粉🧹🧹🧹🧹🧹
[2026-02-22 03:41:39] LvvsiN: 玩宝宝，我发现在大学上学的时候肄业会很舒服，你可以试试
[2026-02-22 03:41:40] 召唤255: @哲伟: 我会出手
[2026-02-22 03:41:41] 撅银龙: 演起来了
[2026-02-22 03:41:41] 吃烧烤得吃烤茄子: 深在哪
[2026-02-22 03:41:41] LvvsiN: 银行业😄银行业😀银行业😃银行业😁银行业😆银行业🤪银行业😝
[2026-02-22 03:41:41] 用户6235382488: 蒙古粉丝刚才修鼓原来是为了给🧊队善意哦，受教了👍
[2026-02-22 03:41:42] 好哥们黑龙歼灭刀: 蒙古粉丝刚才修鼓原来是为了给🧊队善意哦，受教了👍
[2026-02-22 03:41:42] 袁雨桢的小酥肉本肉: 🗿：没事，我们还有blitz这支独苗...
[2026-02-22 03:41:42] 墨本海人: 处刑
[2026-02-22 03:41:42] 印书林竹节虫: 猎鹰哦是定向给尼孩鲍点，其他哦都是双向的（GL🧊队粉）
[2026-02-22 03:41:42] LvvsiN: 你屏蔽词都快赶上新华词典了为什么不干脆开一百级发言？
[2026-02-22 03:41:42] 菜星冲冲冲: 爆
[2026-02-22 03:41:43] 量子毁灭717: 这就是goat吗，先过monesy吧
[2026-02-22 03:41:43] 冲上云霄的姨: 飞车
[2026-02-22 03:41:43] wedd1ddeJodd: 蒙古粉丝刚才修鼓原来是为了给🧊队善意哦，受教了👍
[2026-02-22 03:41:44] 酒言欢ccc: 蒙古粉丝刚才修鼓原来是为了给🧊队善意哦，受教了👍
[2026-02-22 03:41:44] Box强音来袭: 嘴硬说这个不是双向哦的游戏理解确实符合我对尼孩粉的刻板印象。。。
[2026-02-22 03:41:44] LvvsiN: 南孚一节更比六节强，也就是一节南孚比六节南孚强，六节南孚比三十六节强，三十六节比二百一十六节强
[2026-02-22 03:41:45] 乆01727: 演技好烂
[2026-02-22 03:41:45] Vovxx: 这就是透
[2026-02-22 03:41:45] 用户5608006019: 演起来了
[2026-02-22 03:41:45] 大裂谷的登山家: 五个奶嘴里面没有major的只有海参
[2026-02-22 03:41:46] 糖嗜综合征: 这里怎么有柱子啊
[2026-02-22 03:41:46] 没有故事的Pluto: 送永恒了
[2026-02-22 03:41:46] 春花敲可爱的啦: 五个奶嘴里面没有major的只有海参
[2026-02-22 03:41:46] 空有无垠: 怀念海参的五个奶嘴：冰 donk 老猪 王朝 goat
[2026-02-22 03:41:46] 超级披离大王: 炸飞x2
[2026-02-22 03:41:46] 夕ro: 🗿：没事，我们还有blitz这支独苗...
[2026-02-22 03:41:46] User5092: 底盘被炸飞了
[2026-02-22 03:41:46] LvvsiN: 你为什么要把mαjor禁了，我收藏的一半弹幕全毁了
[2026-02-22 03:41:47] triangle233: 玩神想笑就笑吧
[2026-02-22 03:41:48] Jess2: 嘴硬说这个不是双向哦的游戏理解确实符合我对尼孩粉的刻板印象。。。
[2026-02-22 03:41:48] 菜星冲冲冲: 这就是goat吗，先过monesy吧
[2026-02-22 03:41:48] 十点差49分: 处刑😆处刑🤣处刑😄处刑😅处刑😋处刑🤪处刑😝处刑🤗处刑🤭
[2026-02-22 03:41:48] 用户3661578: 飞车
[2026-02-22 03:41:48] Ephem3ra: 车主滑铲了
[2026-02-22 03:41:48] 檬檬哒的叶芝: 五个奶嘴里面没有major的只有海参
[2026-02-22 03:41:48] LvvsiN: 为什么房管封的不能给鱼丸……还以为今天晚上得吃了……
[2026-02-22 03:41:48] 好姐妹一色伊吕波: 🗿：没事，我们还有blitz这支独苗...
[2026-02-22 03:41:48] 规范规定高度: 五个奶嘴里面没有major的只有海参
[2026-02-22 03:41:49] fx战士久留美: 演技好烂
[2026-02-22 03:41:49] 放飞梦想12353: 这开挂斗开不明白吗
[2026-02-22 03:41:49] Hcmor: 五个奶嘴里面没有major的只有海参
[2026-02-22 03:41:50] 易池大大: 这就是goat吗，先过monesy吧
[2026-02-22 03:41:50] 高松灯扣死千早爱音: 五个奶嘴里面没有major的只有海参
[2026-02-22 03:41:50] 搞笑男西德尼: 这里怎么有柱子啊
[2026-02-22 03:41:50] 用户5608006019: 🗿：没事，我们还有blitz这支独苗...
[2026-02-22 03:41:50] 明月夜无涯: 五个奶嘴里面没有major的只有海参
[2026-02-22 03:41:50] rem3dy: 蒙古几十个人的哦能响彻整个场馆。。。牛逼。。。（被清算的🐝粉）
[2026-02-22 03:41:50] 耶耶耶的感觉: fw
[2026-02-22 03:41:50] LvvsiN: 你为什么要把mαjor禁了，我收藏的一半弹幕全毁了
[2026-02-22 03:41:51] 忽孝山庄: 这就是透
[2026-02-22 03:41:51] 毛驴肖汉: 这就是goat吗，先过monesy吧
[2026-02-22 03:41:51] papacarrot: 怀念🧊的五个奶嘴：海参 donk 老猪 王朝 goat
[2026-02-22 03:41:51] 用玩大哥的角磨机吧: @唯爱猎鹰：@唯爱孩孩：fw
[2026-02-22 03:41:51] Peko-: 这就是goat吗，先过monesy吧
[2026-02-22 03:41:51] Shahriar丶Shinva: @zywoo:简单CS是什么意思
[2026-02-22 03:41:52] xuzVan: 蒙古粉丝刚才修鼓原来是为了给🧊队善意哦，受教了👍
[2026-02-22 03:41:52] 十点差49分: 嘴硬说这个不是双向哦的游戏理解确实符合我对尼孩粉的刻板印象。。。
[2026-02-22 03:41:52] 水瓶世界a: 送永恒了
[2026-02-22 03:41:52] 用户25456139: 演技好烂
[2026-02-22 03:41:52] 鸭硕的哈撒给: 换经济无所谓
[2026-02-22 03:41:52] LvvsiN: 弹幕别吵了，银行业一样一样有有有也会有h'y'hui't'y'r's'c'dn
[2026-02-22 03:41:53] 踩马灯: 嘴硬说这个不是双向哦的游戏理解确实符合我对尼孩粉的刻板印象。。。
[2026-02-22 03:41:53] 玩台钳丶阿尔托莉雅: 五个奶嘴里面没有major的只有海参
[2026-02-22 03:41:53] 梅林老公: 演技好烂
[2026-02-22 03:41:53] Th0tiana: fw
[2026-02-22 03:41:54] Kacyusha: 五个奶嘴里面没有major的只有海参
[2026-02-22 03:41:54] 昨日是小小斗志kk: ropz这把怎么一直刚正面
[2026-02-22 03:41:54] 小郑121388: 嘴硬说这个不是双向哦的游戏理解确实符合我对尼孩粉的刻板印象。。。
[2026-02-22 03:41:54] Falwlecs: 这就是goat吗，先过monesy吧
[2026-02-22 03:41:54] LvvsiN: 我提一嘴这剧情越来越像上海major了
[2026-02-22 03:41:55] 大梦464: 怀念海参的五个奶嘴：冰 donk 老猪 王朝 goat
[2026-02-22 03:41:55] 踩马灯: 嘴硬说这个不是双向哦的游戏理解确实符合我对尼孩粉的刻板印象。。。
[2026-02-22 03:41:55] Wardel: 五个奶嘴里面没有major的只有海参
[2026-02-22 03:41:55] 玩大哥我双倍呢: 五个奶嘴里面没有major的只有海参
[2026-02-22 03:41:55] 埃斯波西托200W: 这就是goat吗，先过monesy吧
[2026-02-22 03:41:55] 用户9921747043: 🗿：没事，我们还有blitz这支独苗...
[2026-02-22 03:41:55] 破浪的松鼠: @唯爱猎鹰：@唯爱孩孩：fw
[2026-02-22 03:41:56] C9的achine6658本人: 五个奶嘴里面没有major的只有海参
[2026-02-22 03:41:56] 福布斯最佳中文解说: 嘴硬说这个不是双向哦的游戏理解确实符合我对尼孩粉的刻板印象。。。
[2026-02-22 03:41:56] 皮特pite174: 清理饭圈粉🧹🧹🧹🧹🧹清理饭圈粉🧹🧹🧹🧹🧹清理饭圈粉🧹🧹🧹🧹🧹
[2026-02-22 03:41:56] 仁杏chan: 嘴硬说这个不是双向哦的游戏理解确实符合我对尼孩粉的刻板印象。。。
[2026-02-22 03:41:56] Hcmor: 这就是goat吗，先过monesy吧
[2026-02-22 03:41:56] Cloud9的咬人猫本人: 怀念海参的五个奶嘴：冰 donk 老猪 王朝 goat
[2026-02-22 03:41:56] 铃铃啷: 五个奶嘴里面没有major的只有海参
[2026-02-22 03:41:56] everch0sen: 五个奶嘴里面没有major的只有海参
[2026-02-22 03:41:57] Akiba的牧濑红莉栖本人: 五个奶嘴里面没有major的只有海参
[2026-02-22 03:41:57] M1yauchiReng3: 本质透视啊，一开枪就露馅
[2026-02-22 03:41:57] 好姐妹太卜司符玄: @规范规定高度：五个奶嘴里面没有major的只有海参
[2026-02-22 03:41:57] ericzxc: 这就是goat吗，先过monesy吧
[2026-02-22 03:41:57] 付先生fj: 这就是goat吗，先过monesy吧
[2026-02-22 03:41:58] 就爱吃辣咋的: 极品飞车
[2026-02-22 03:41:58] 蓝星的floppy本人: 怀念🧊的五个奶嘴：海参 donk 老猪 王朝 goat
[2026-02-22 03:41:58] 笑颜一番黄婷婷: 你屏蔽词都快赶上新华词典了为什么不干脆开一百级发言？
[2026-02-22 03:41:58] VenenoKKK: 开了透视，自瞄参数不够
[2026-02-22 03:41:59] 檬檬哒的叶芝: 五个奶嘴里面没有major的只有海参
[2026-02-22 03:41:59] LvvsiN: 就tm喜欢银行业🥰银行坏账我喜欢🥰银行挤兑我还喜欢😍利率调低我也喜欢🤤老子亲烂银行业的脸😘
[2026-02-22 03:41:59] 爱喝乌龙茶Tiz: 猎鹰哦是定向给尼孩鲍点，其他哦都是双向的（GL🧊队粉）
[2026-02-22 03:41:59] 沸物贝利亚大王: @唯爱猎鹰：@唯爱孩孩：fw
[2026-02-22 03:41:59] a队的丰川祥子: @唯爱猎鹰：@唯爱孩孩：fw
[2026-02-22 03:41:59] SakuraiHiroyoshi: 五个奶嘴里面没有major的只有海参
[2026-02-22 03:42:00] 尼尼海海出入平安: 5000小时c+的猎鹰粉丝确实只有这些理解了…
[2026-02-22 03:42:00] 上杉花溅泪: 猎鹰夺冠危险了
[2026-02-22 03:42:00] G2俘虏uzi: 这就是goat吗，先过monesy吧
[2026-02-22 03:42:01] 看死Herbaut就杀了你: 嘴硬说这个不是双向哦的游戏理解确实符合我对尼孩粉的刻板印象。。。
[2026-02-22 03:42:01] LvvsiN: 我提一嘴这剧情越来越像上海major了
[2026-02-22 03:42:01] ropz的911本人: 五个奶嘴里面没有major的只有海参
[2026-02-22 03:42:01] 神奥联盟的竹兰本人: 嘴硬说这个不是双向哦的游戏理解确实符合我对尼孩粉的刻板印象。。。
[2026-02-22 03:42:01] 刘刘的农: 五个奶嘴里面没有major的只有海参
[2026-02-22 03:42:05] 踩马灯: 嘴硬说这个不是双向哦的游戏理解确实符合我对尼孩粉的刻板印象。。。
[2026-02-22 03:42:05] Asaki薯片: 五个奶嘴里面没有major的只有海参
[2026-02-22 03:42:05] 八重森彌妮: 五个奶嘴里面没有major的只有海参
[2026-02-22 03:42:05] 这是真爆了: @唯爱猎鹰：@唯爱孩孩：fw
[2026-02-22 03:42:05] 时光划过泪痕桥: 🗿：没事，我们还有blitz这支独苗...
[2026-02-22 03:42:05] LvvsiN: 南孚一节更比六节强，也就是一节南孚比六节南孚强，六节南孚比三十六节强，三十六节比二百一十六节强
[2026-02-22 03:42:05] 枫溪南封: 有人主队回家了急死了
[2026-02-22 03:42:05] 言斯特心心: 嘴硬说这个不是双向哦的游戏理解确实符合我对尼孩粉的刻板印象。。。
[2026-02-22 03:42:05] 檬檬哒的叶芝: 五个奶嘴里面没有major的只有海参
[2026-02-22 03:42:05] 尼尼海海出入平安: 5000小时c+的猎鹰粉丝确实只有这些理解了…
[2026-02-22 03:42:05] 求你关了我: 就得3b
[2026-02-22 03:42:05] 花也烂漫: ropz这把怎么一直刚正面啊
[2026-02-22 03:42:05] robertonly1: 玩 出，我双倍呢？😡😡玩 出，我双倍呢？😡
[2026-02-22 03:42:05] 踩马灯: 嘴硬说这个不是双向哦的游戏理解确实符合我对尼孩粉的刻板印象。。。
[2026-02-22 03:42:05] 你的能量超乎你想象啊: @唯爱猎鹰：@唯爱孩孩：fw
[2026-02-22 03:42:05] richardlee97: 五个奶嘴里面没有major的只有海参
[2026-02-22 03:42:05] ZninET9: 五个奶嘴里面没有major的只有海参
[2026-02-22 03:42:05] LvvsiN: 弹幕别吵了，银行业一样一样有有有也会有h'y'hui't'y'r's'c'dn
[2026-02-22 03:42:05] 萬大福: 买醉是什么意思？
[2026-02-22 03:42:05] 用户5608006019: 本质透视啊，一开枪就露馅
[2026-02-22 03:42:05] 果内: 蜜蜂这队太坏了，开始污染大数据了
[2026-02-22 03:42:05] 银眼狮子王酱: 载物怎么又买了把狙？
[2026-02-22 03:42:05] 天守阁信长: @规范规定高度：五个奶嘴里面没有major的只有海参
[2026-02-22 03:42:06] 串串金枪鱼: 猎鹰粉走了，终于可以好好欣赏CS比赛了🥳
[2026-02-22 03:42:06] Dartline: 这就是goat吗，先过monesy吧
[2026-02-22 03:42:06] 与其感慨前路难行: 五个奶嘴里面没有major的只有海参
[2026-02-22 03:42:07] LvvsiN: 弹幕别吵了，银行业一样一样有有有也会有h'y'hui't'y'r's'c'dn
[2026-02-22 03:42:07] 洁身自好处男有为青年: 五个奶嘴里面没有major的只有海参
[2026-02-22 03:42:07] 听风丶随来: 夜深了，一个人放监好寂寞，有人一起吗🏹🏹🏹🏹🏹🏹
[2026-02-22 03:42:07] 玩猴爪丶MonkeyPaw: 这就是goat吗，先过monesy吧
[2026-02-22 03:42:07] 檬檬哒的叶芝: 五个奶嘴里面没有major的只有海参
[2026-02-22 03:42:07] 咩力羊: @唯爱猎鹰：@唯爱孩孩：fw
[2026-02-22 03:42:07] suicho: 五个奶嘴里面没有major的只有海参
[2026-02-22 03:42:08] 能不能去洗头太恶心了: 五个奶嘴里面没有major的只有海参
[2026-02-22 03:42:08] 玩斯特机机: 五个奶嘴里面没有major的只有海参
[2026-02-22 03:42:08] 银行业本人: 助手
[2026-02-22 03:42:08] 西告丶k: 这就是goat吗，先过monesy吧
[2026-02-22 03:42:08] 玩家军的猪头肉本人: 五个奶嘴里面没有major的只有海参
[2026-02-22 03:42:09] LvvsiN: 玩宝宝，我发现在大学上学的时候肄业会很舒服，你可以试试
[2026-02-22 03:42:09] 好哥们烈永周: 🗿：没事，我们还有blitz这支独苗...
[2026-02-22 03:42:09] 尼尼海海出入平安: 5000小时c+的猎鹰粉丝确实只有这些理解了…
[2026-02-22 03:42:09] MSK枫: 感觉善意哦不如善意遍啊，有人懂吗？
[2026-02-22 03:42:09] dark1337: 五个奶嘴里面没有major的只有海参
[2026-02-22 03:42:09] F0restwOw-: 五个奶嘴里面没有major的只有海参
[2026-02-22 03:42:10] 阿聚TaHa: 哲伟来全杀了
[2026-02-22 03:42:10] EnVyUs的apEX本人: 5000小时c+的猎鹰粉丝确实只有这些理解了…
[2026-02-22 03:42:10] 用户5431385679: 想把庄方宜那个的➕ 1展示凝聚力
[2026-02-22 03:42:10] 最喜欢玩宝宝惹desuwa: 五个奶嘴里面没有major的只有海参
[2026-02-22 03:42:10] 77一定会是我的: 鸟语看不懂
[2026-02-22 03:42:10] rem3dy: 蒙古几十个人的哦能响彻整个场馆。。。牛逼。。。（被清算的🐝粉）
[2026-02-22 03:42:10] 玩机器今晚还播吗: 这就是goat吗，先过monesy吧
[2026-02-22 03:42:11] LvvsiN: 我让你开双倍你二龙吗？老子荧光棒要过期了
[2026-02-22 03:42:11] 用户80930680: 嘴硬说这个不是双向哦的游戏理解确实符合我对尼孩粉的刻板印象。。。
[2026-02-22 03:42:11] Minatocc: fw
[2026-02-22 03:42:11] 好哥们黑龙歼灭刀: 五个奶嘴里面没有major的只有海参
[2026-02-22 03:42:11] 嘿你尾巴掉了99: 神人
[2026-02-22 03:42:12] papacarrot: 怀念🧊的五个奶嘴：海参 donk 老猪 王朝 goat
[2026-02-22 03:42:12] 洞洞载载车车major冠军: 五个奶嘴里面没有major的只有海参
[2026-02-22 03:42:12] 范玉欣丨: 还有冰粉送礼物啊。。。牛逼
[2026-02-22 03:42:13] 梅林老公: @唯爱猎鹰：@唯爱孩孩：fw
[2026-02-22 03:42:13] LvvsiN: 孩子们快跑，马修赫伯特来了😨卧槽你的怎么是马枪和BOT
[2026-02-22 03:42:13] 静寂风: ？
[2026-02-22 03:42:13] 屁男人柱力AICU: 这就是goat吗，先过monesy吧
[2026-02-22 03:42:13] 檬檬哒的叶芝: 五个奶嘴里面没有major的只有海参
[2026-02-22 03:42:13] 冲上云霄的姨: ffw
[2026-02-22 03:42:14] 殇10876: fvv
[2026-02-22 03:42:14] 大姜饼: 五个奶嘴里面没有major的只有海参
[2026-02-22 03:42:14] ZiggyStardust0100: A
[2026-02-22 03:42:14] himluo: fw
[2026-02-22 03:42:14] 夕ro: fw
[2026-02-22 03:42:15] LvvsiN: 其实碗橱就是猪灵，你不拿黄金丢他他就不跟你说话
[2026-02-22 03:42:15] 晏华裤子拉链没拉: fw
[2026-02-22 03:42:15] 福布斯最佳中文解说: 嘴硬说这个不是双向哦的游戏理解确实符合我对尼孩粉的刻板印象。。。
[2026-02-22 03:42:15] wedd1ddeJodd: A÷
[2026-02-22 03:42:15] 秋茶小雪: fw
[2026-02-22 03:42:15] ElfSenIor: 玩宝宝，我发现在大学上学的时候肄业会很舒服，你可以试试
[2026-02-22 03:42:15] 糖嗜综合征: fw
[2026-02-22 03:42:15] zack吖: 五个奶嘴里面没有major的只有海参
[2026-02-22 03:42:15] Demon916: 为什么弹幕被串的把蒙古粉丝和蜜蜂粉丝对立了
[2026-02-22 03:42:15] 玉蜀黍巧克力: fw
[2026-02-22 03:42:16] 祥子自愿演奏迷星叫: fw
[2026-02-22 03:42:16] 机器机器祝你天天开心: 慢
[2026-02-22 03:42:16] 专看玩机器的号: 慢
[2026-02-22 03:42:16] 诩中星: fw
[2026-02-22 03:42:16] 欧气来我家: fvv
[2026-02-22 03:42:16] 橙黄双翼: 这就是goat吗，先过monesy吧
[2026-02-22 03:42:16] 萬大福: 奶嘴是什么意思？
[2026-02-22 03:42:16] 君眉目亦如画: fw
[2026-02-22 03:42:17] xuzVan: fw
[2026-02-22 03:42:17] LvvsiN: 弹幕别吵了，银行业一样一样有有有也会有h'y'hui't'y'r's'c'dn
[2026-02-22 03:42:17] SherryAiovo: fw
[2026-02-22 03:42:17] 忍野忍小忍: fw
[2026-02-22 03:42:17] 撅银龙: fw
[2026-02-22 03:42:17] 菠萝王111: fw
[2026-02-22 03:42:17] 小蜜蜂唯一GOAT: fw
[2026-02-22 03:42:18] 好哥们黑龙歼灭刀: 这就是goat吗，先过monesy吧
[2026-02-22 03:42:18] 瑭珏: fw
[2026-02-22 03:42:18] M1yauchiReng3: fw
[2026-02-22 03:42:18] 石家庄的宠物男孩: fw
[2026-02-22 03:42:18] 檬檬哒的叶芝: 五个奶嘴里面没有major的只有海参
[2026-02-22 03:42:18] 撒浪嘿呦0v0: fw
[2026-02-22 03:42:18] 鹿公爷: fw
[2026-02-22 03:42:18] sjtu的musketeers本人: fww
[2026-02-22 03:42:18] 想看叔叔赢一把: FW
[2026-02-22 03:42:19] 飞天玉虎zzZ: 还有冰粉送礼物啊。。。牛逼
[2026-02-22 03:42:19] Th0tiana: fw
[2026-02-22 03:42:20] Adrian林讲: 还有冰粉送礼物啊。。。牛逼
[2026-02-22 03:42:20] 用户43629220: fw
[2026-02-22 03:42:20] 用户哥歌: fw
[2026-02-22 03:42:20] 量子毁灭717: 没有major也能成奶嘴啊.........NB
[2026-02-22 03:42:20] 有志青年不嘻嘻: fvv
[2026-02-22 03:42:21] 我褴褛你彩绘: 被晃了
[2026-02-22 03:42:21] 玩神爱吃猪头肉: @唯爱猎鹰：@唯爱孩孩：fw
[2026-02-22 03:42:21] RyougiAqua: fw
[2026-02-22 03:42:22] Li喵喵喵a: fw
[2026-02-22 03:42:22] 皮特pite174: 清理饭圈粉🧹🧹🧹🧹🧹清理饭圈粉🧹🧹🧹🧹🧹清理饭圈粉🧹🧹🧹🧹🧹
[2026-02-22 03:42:22] Jaindow: fw
[2026-02-22 03:42:22] 车路士的凯赛多本人: fw
[2026-02-22 03:42:22] 大肉鲁: fw
[2026-02-22 03:42:22] 迪奥雷: 好慢的过路费
[2026-02-22 03:42:22] 用户42110893: 这就是goat吗，先过monesy吧
[2026-02-22 03:42:22] 聪明的琪露诺: 演得好假。。。
[2026-02-22 03:42:22] 山河故人966029: 这就是goat吗，先过monesy吧
[2026-02-22 03:42:23] 驾驶手套雪豹: 五个奶嘴里面没有major的只有海参
[2026-02-22 03:42:23] 古怪的一个人: fw
[2026-02-22 03:42:23] 永远不似永远爽: 五个奶嘴里面没有major的只有海参
[2026-02-22 03:42:23] PlayMachine机器: 奶嘴是什么意思
[2026-02-22 03:42:23] Mortnotz: 这就是goat吗，先过monesy吧
[2026-02-22 03:42:24] fazeclan的玩机器: FWW
[2026-02-22 03:42:24] YEYH111: 五个奶嘴里面没有major的只有海参
[2026-02-22 03:42:24] JuL1us: 还有冰粉送礼物啊。。。牛逼
[2026-02-22 03:42:24] F1五冠车手维斯塔潘: 🗿：blitz，我来帮你科研
[2026-02-22 03:42:25] Crychiccc的若叶睦本人: 看了一晚上终于有id里带蜜蜂的刷礼物了
[2026-02-22 03:42:25] LvvsiN: 为什么房管封的不能给鱼丸……还以为今天晚上得吃了……
[2026-02-22 03:42:25] KatoM3gum1: 还有冰粉送礼物啊。。。牛逼
[2026-02-22 03:42:25] Hcmor: 没有major也能成奶嘴啊.........NB
[2026-02-22 03:42:25] 想看老师打黄金赛: 变形金刚
[2026-02-22 03:42:26] 尼尼海海出入平安: 5000小时c+的猎鹰粉丝确实只有这些理解了…
[2026-02-22 03:42:26] 玩机器的小jj: fw被a÷挤了
[2026-02-22 03:42:26] 爱喝乌龙茶Tiz: 猎鹰哦是定向给尼孩鲍点，其他哦都是双向的（GL🧊队粉）
[2026-02-22 03:42:27] IGetUp: 晚出
[2026-02-22 03:42:27] LvvsiN: 我提一嘴这剧情越来越像上海major了
[2026-02-22 03:42:27] 洛陽城里看落陽: 演得好假。。。
[2026-02-22 03:42:27] 檬檬哒的叶芝: 五个奶嘴里面没有major的只有海参
[2026-02-22 03:42:27] MSK枫: 尸七来全遍了。。。
[2026-02-22 03:42:27] 夏恋: 还有冰粉送礼物啊。。。牛逼
[2026-02-22 03:42:28] Cardinal665: 这就是goat吗，先过monesy吧
[2026-02-22 03:42:28] 不吃喜之狼: @唯爱猎鹰：@唯爱孩孩：fw
[2026-02-22 03:42:28] zzssp66: 鲍！🤯鲍！🤯鲍！🤯鲍！🤯鲍！🤯鲍！🤯鲍！🤯鲍！🤯
[2026-02-22 03:42:29] 寄驶者: 这就是goat吗，先过monesy吧
[2026-02-22 03:42:29] LvvsiN: 弹幕也就网上说说，现实里谁不觉得樱姐是好女孩（删括号领一条远坂凛同款鸟笼）
[2026-02-22 03:42:29] 檬檬哒的叶芝: 五个奶嘴里面没有major的只有海参
[2026-02-22 03:42:30] faze的关雨本人: 弹幕能不要发白字了吗？会让我误以为机器还没变质，这还是个不办卡就能发弹幕的直播间
[2026-02-22 03:42:30] 好哥们黑龙歼灭刀: 5000小时c+的猎鹰粉丝确实只有这些理解了…
[2026-02-22 03:42:30] 欢迎报考中国科大: fw
[2026-02-22 03:42:30] 99组的爱城华恋本人: fw被a÷挤了
[2026-02-22 03:42:30] 尼尼海海出入平安: 5000小时c+的猎鹰粉丝确实只有这些理解了…
[2026-02-22 03:42:30] TheMongolZ的上单本人: 还有冰粉送礼物啊。。。牛逼
[2026-02-22 03:42:31] PlayMachine机器: 奶嘴是什么意思
[2026-02-22 03:42:31] 开朗若叶睦: @唯爱猎鹰：@唯爱孩孩：fw
[2026-02-22 03:42:31] vired77: fw
[2026-02-22 03:42:31] LvvsiN: 银行业😄银行业😀银行业😃银行业😁银行业😆银行业🤪银行业😝
[2026-02-22 03:42:31] Jaindow: 🗿：blitz，我来帮你科研
[2026-02-22 03:42:32] Vitaliy的ZywOo本人: fw被a÷挤了
[2026-02-22 03:42:32] Re灬琉年惘反: 🗿：blitz，我来帮你科研
[2026-02-22 03:42:33] 逸先生zzz: 串子弹幕斯全家
[2026-02-22 03:42:33] 玩台钳丶阿尔托莉雅: 尸七来全遍了。。。
[2026-02-22 03:42:33] LvvsiN: 你屏蔽词都快赶上新华词典了为什么不干脆开一百级发言？
[2026-02-22 03:42:34] 福布斯最佳中文解说: 猎鹰哦是定向给尼孩鲍点，其他哦都是双向的（GL🧊队粉）
[2026-02-22 03:42:34] 绝食十年攒爱top3飞机: 五个奶嘴里面没有major的只有海参
[2026-02-22 03:42:35] 玩契机、chance: 奶嘴是一种育婴用品
[2026-02-22 03:42:35] 没有故事的Pluto: 这也菲比啊.....牛物
[2026-02-22 03:42:35] 新兰永恒: 还有冰粉送礼物啊。。。牛逼
[2026-02-22 03:42:35] LvvsiN: 孩子们快跑，马修赫伯特来了😨卧槽你的怎么是马枪和BOT
[2026-02-22 03:42:36] 尼尼海海出入平安: 还有冰粉送礼物啊。。。牛逼
[2026-02-22 03:42:37] ElfSenIor: 玩宝宝，我发现播比赛的时候登山会很舒服，你也可以试试
[2026-02-22 03:42:37] LvvsiN: 为什么房管封的不能给鱼丸……还以为今天晚上得吃了……
[2026-02-22 03:42:37] 迪奥雷: 一梭子吗
[2026-02-22 03:42:37] 椰椰来了: 这APEX干嘛呢
[2026-02-22 03:42:38] i化石-: 🗿：blitz，我来帮你科研
[2026-02-22 03:42:38] 檬檬哒的叶芝: 五个奶嘴里面没有major的只有海参
[2026-02-22 03:42:38] 机长家的华仔: 还有冰粉送礼物啊。。。牛逼
[2026-02-22 03:42:39] LvvsiN: 弹幕也就网上说说，现实里谁不觉得樱姐是好女孩（删括号领一条远坂凛同款鸟笼）
[2026-02-22 03:42:41] LvvsiN: 你为什么要把mαjor禁了，我收藏的一半弹幕全毁了
[2026-02-22 03:42:42] 成盒成狗狗: 这也菲比啊.....牛物
[2026-02-22 03:42:43] LvvsiN: 孩子们快跑，马修赫伯特来了😨卧槽你的怎么是马枪和BOT
[2026-02-22 03:42:45] rem3dy: @apex：sc不够还发炎呢？
[2026-02-22 03:42:45] LvvsiN: 你为什么要把mαjor禁了，我收藏的一半弹幕全毁了
[2026-02-22 03:42:45] csgo小茄子: @布罗利的👃🏻毛:我已经五年没被剪过了，有人管管我吗。。。
[2026-02-22 03:42:45] 替天行道牧苏苏: @唯爱孩孩：@唯爱猎鹰：FW @唯爱孩孩：@唯爱猎鹰：FW @唯爱孩孩：@唯爱猎鹰：FW
[2026-02-22 03:42:47] Mortnotz: 五个奶嘴里面没有major的只有海参
[2026-02-22 03:42:47] LvvsiN: 为什么房管封的不能给鱼丸……还以为今天晚上得吃了……
[2026-02-22 03:42:47] 静寂风: ？
[2026-02-22 03:42:49] 好哥们黑龙歼灭刀: @布罗利的👃🏻毛:我已经五年没被剪过了，有人管管我吗。。。
[2026-02-22 03:42:49] 观火灬: 难道你真想板机纪律？听罢，广西步闭上眼，任由poping的swing如天子碎步般落在惰性瞄准上
[2026-02-22 03:42:49] LvvsiN: 玩宝宝，我发现在大学上学的时候肄业会很舒服，你可以试试
[2026-02-22 03:42:49] 沉默的独奏家: 没意思，放个🏹睡觉了🙄
[2026-02-22 03:42:50] 驴驴美美major冠军: 15级的哥们加一，没15级的别加
[2026-02-22 03:42:51] 玩斯特机机: @布罗利的👃🏻毛:我已经五年没被剪过了，有人管管我吗。。。
[2026-02-22 03:42:51] LvvsiN: 你为什么要把mαjor禁了，我收藏的一半弹幕全毁了
[2026-02-22 03:42:53] csgo小茄子: @布罗利的👃🏻毛:我已经五年没被剪过了，有人管管我吗。。。
[2026-02-22 03:42:53] 爸爸你当: 要是以后载物带niko拿个major，尼粉会不会吧头磕烂🤭🤭🤭
[2026-02-22 03:42:53] 硫磺祥: 9ee
[2026-02-22 03:42:53] LvvsiN: 为什么房管封的不能给鱼丸……还以为今天晚上得吃了……
[2026-02-22 03:42:53] 机器机器祝你天天开心: ？
[2026-02-22 03:42:54] Kli0s: 9ee
[2026-02-22 03:42:55] 专看玩机器的号: 慢
[2026-02-22 03:42:55] User5092: 9ee
[2026-02-22 03:42:55] LvvsiN: 就tm喜欢银行业🥰银行坏账我喜欢🥰银行挤兑我还喜欢😍利率调低我也喜欢🤤老子亲烂银行业的脸😘
[2026-02-22 03:42:56] 拉海洛TOP1爱弥斯本人: 9ee
[2026-02-22 03:42:56] 没事小子: 神人
[2026-02-22 03:42:56] Crychiccc的若叶睦本人: @布罗利：老子是5000小时b+😅
[2026-02-22 03:42:57] 雷中见雨: 我焯 西兰花被下放了！
[2026-02-22 03:42:57] LvvsiN: 银行业😄银行业😀银行业😃银行业😁银行业😆银行业🤪银行业😝
[2026-02-22 03:42:57] 迪奥雷: 神人跳
[2026-02-22 03:42:58] 天守阁信长: 假的吧 真有人主队滚了就带着别人队伍喷吗.............
[2026-02-22 03:42:58] 瑭珏: 9ee
[2026-02-22 03:42:58] 妖艳阿卡莎: 拿major对海参要求有点高了，先拿个冠军吧
[2026-02-22 03:42:58] 玩猴爪丶MonkeyPaw: 难道你真想板机纪律？听罢，广西步闭上眼，任由poping的swing如天子碎步般落在惰性瞄准上
[2026-02-22 03:42:58] dark1337: @布罗利的👃🏻毛:我已经五年没被剪过了，有人管管我吗。。。
[2026-02-22 03:42:59] 墨本海人: 9ee
[2026-02-22 03:42:59] 最强反派Vitality: apex搁着逛街呢
[2026-02-22 03:42:59] LvvsiN: 就tm喜欢银行业🥰银行坏账我喜欢🥰银行挤兑我还喜欢😍利率调低我也喜欢🤤老子亲烂银行业的脸😘
[2026-02-22 03:42:59] 高松灯扣死千早爱音: @布罗利的👃🏻毛:我已经五年没被剪过了，有人管管我吗。。。
[2026-02-22 03:43:00] 皮特pite174: 清理饭圈粉🧹🧹🧹🧹🧹清理饭圈粉🧹🧹🧹🧹🧹清理饭圈粉🧹🧹🧹🧹🧹
[2026-02-22 03:43:01] wsdle: 9ee
[2026-02-22 03:43:01] Aimyon33: 闹麻了
[2026-02-22 03:43:01] 光明貘良: 洞洞
[2026-02-22 03:43:01] 真的没排面: 9ee
[2026-02-22 03:43:01] 陶芸馝: 15级的哥们加一，没15级的别加
[2026-02-22 03:43:01] 银行业本人: 9ee
[2026-02-22 03:43:01] LvvsiN: 弹幕也就网上说说，现实里谁不觉得樱姐是好女孩（删括号领一条远坂凛同款鸟笼）
[2026-02-22 03:43:02] 三零一路公交司机: 9ee
[2026-02-22 03:43:02] by哦哦: 洞洞
[2026-02-22 03:43:02] 檬檬哒的叶芝: 为什么房管封的不能给鱼丸……还以为今天晚上得吃了……
[2026-02-22 03:43:03] HLucKy丶: 睡着了
[2026-02-22 03:43:03] 用户4743944990: jee play
[2026-02-22 03:43:03] 袁雨桢的小酥肉本肉: fw vs 9ee 你们知道吗
[2026-02-22 03:43:03] LvvsiN: 玩宝宝，我发现在大学上学的时候肄业会很舒服，你可以试试
[2026-02-22 03:43:03] csgo小茄子: @布罗利的👃🏻毛:我已经五年没被剪过了，有人管管我吗。。。
[2026-02-22 03:43:04] 陶芸馝: 银行业😄银行业😀银行业😃银行业😁银行业😆银行业🤪银行业😝
[2026-02-22 03:43:04] 交流分不太够: 我焯 西兰花被下放了！
[2026-02-22 03:43:04] bznalier: 9ee
[2026-02-22 03:43:04] 土豆star: 原来现场举着手机写v太立体win的粉丝是蒙美啊，受教了
[2026-02-22 03:43:05] LvvsiN: 我提一嘴这剧情越来越像上海major了
[2026-02-22 03:43:06] 最好的天赐: 假的吧 真有人主队滚了就带着别人队伍喷吗.............
[2026-02-22 03:43:07] 汤汤魔魔mmmmmmmmajor冠军: 假的吧 真有人主队滚了就带着别人队伍喷吗.............
[2026-02-22 03:43:07] LvvsiN: 为什么房管封的不能给鱼丸……还以为今天晚上得吃了……
[2026-02-22 03:43:09] Ephem3ra: 弹幕好多奶和嘴是什么意思...给我这个小萌妹看得羞死了
[2026-02-22 03:43:09] 汤汤魔魔mmmmmmmmajor冠军: 假的吧 真有人主队滚了就带着别人队伍喷吗.............
[2026-02-22 03:43:09] LvvsiN: 为什么房管封的不能给鱼丸……还以为今天晚上得吃了……
[2026-02-22 03:43:11] 好姐妹太卜司符玄: 我焯 西兰花被下放了！
[2026-02-22 03:43:11] KFC的Broky本人: 最搞笑的是真有尼孩粉以为玩机器是尼孩粉，殊不知🦐哥这个外号就是玩机器起的
[2026-02-22 03:43:11] 汤汤魔魔mmmmmmmmajor冠军: 假的吧 真有人主队滚了就带着别人队伍喷吗.............
[2026-02-22 03:43:12] LvvsiN: 你屏蔽词都快赶上新华词典了为什么不干脆开一百级发言？
[2026-02-22 03:43:13] 汤汤魔魔mmmmmmmmajor冠军: 假的吧 真有人主队滚了就带着别人队伍喷吗.............
[2026-02-22 03:43:13] LvvsiN: 银行业😄银行业😀银行业😃银行业😁银行业😆银行业🤪银行业😝
[2026-02-22 03:43:14] 玩斯特机机: 吃力
[2026-02-22 03:43:14] User5092: 吃力
[2026-02-22 03:43:14] 殇10876: 吃力
[2026-02-22 03:43:15] 爸爸你当: 要是以后载物带niko拿个major，尼粉会不会把头磕烂🤭🤭🤭
[2026-02-22 03:43:15] 迪奥雷: 吃力
[2026-02-22 03:43:16] LvvsiN: 为什么房管封的不能给鱼丸……还以为今天晚上得吃了……
[2026-02-22 03:43:17] 观火灬: 哦？😮哦？😮哦？😮哦？😮哦？😮哦？😮哦？😮哦？😮哦？😮哦？😮
[2026-02-22 03:43:17] 交流分不太够: 吃力
[2026-02-22 03:43:18] LvvsiN: 银行业😄银行业😀银行业😃银行业😁银行业😆银行业🤪银行业😝
[2026-02-22 03:43:18] 木空空空空空: 也就这种吊人敢跳了
[2026-02-22 03:43:18] 用户3661578: 叼人
[2026-02-22 03:43:18] KFC的Broky本人: 最搞笑的是真有尼孩粉以为玩机器是尼孩粉，殊不知🦐哥这个外号就是玩机器起的
[2026-02-22 03:43:18] 斩斩斩斩斩吧: 吃力
[2026-02-22 03:43:19] Mortnotz: 最搞笑的是真有尼孩粉以为玩机器是尼孩粉，殊不知🦐哥这个外号就是玩机器起的
[2026-02-22 03:43:20] LvvsiN: 玩宝宝，我发现在大学上学的时候肄业会很舒服，你可以试试
[2026-02-22 03:43:22] LvvsiN: 弹幕也就网上说说，现实里谁不觉得樱姐是好女孩（删括号领一条远坂凛同款鸟笼）
[2026-02-22 03:43:23] MiunaShiodome: fw
[2026-02-22 03:43:23] F0restwOw-: 懦 物
[2026-02-22 03:43:23] 静寂风: ？
[2026-02-22 03:43:24] LvvsiN: 额，拿亚军我都会，拿亚军，拿季军，拿四强，拿八强，拿十六强，呃拿冠军我不会，然后小组赛淘汰
[2026-02-22 03:43:24] Mahuyu: FW
[2026-02-22 03:43:25] 观火灬: 兵败跟tm吊山鲁了一样，吊包匪闹麻了，但是吊外丝鲁了一根！mlgjd这是一根回马鲁！
[2026-02-22 03:43:25] 想看老师打黄金赛: fw
[2026-02-22 03:43:25] KFC的Broky本人: 最搞笑的是真有尼孩粉以为玩机器是尼孩粉，殊不知🦐哥这个外号就是玩机器起的
[2026-02-22 03:43:26] LvvsiN: 玩 出，我双倍呢？😡😡玩 出，我双倍呢？😡😡玩 出，我双倍呢？😡😡玩 出，我双倍呢？😡
[2026-02-22 03:43:26] 这里是小天啊: 哈人
[2026-02-22 03:43:27] Minatocc: fw
[2026-02-22 03:43:27] 头号瓜孝子: fw
[2026-02-22 03:43:27] 想看叔叔赢一把: FW
[2026-02-22 03:43:28] LvvsiN: 其实碗橱就是猪灵，你不拿黄金丢他他就不跟你说话
[2026-02-22 03:43:28] 殇10876: 责任
[2026-02-22 03:43:28] 冲上云霄的姨: fw
[2026-02-22 03:43:28] 小蜜蜂的长期素食本人: 我也出来了
[2026-02-22 03:43:28] 好姐妹太卜司符玄: 最搞笑的是真有尼孩粉以为玩机器是尼孩粉，殊不知🦐哥这个外号就是玩机器起的
[2026-02-22 03:43:28] xuzVan: fw
[2026-02-22 03:43:28] 星海羽弦: FW
[2026-02-22 03:43:29] 毛驴肖汉: 懦 物
[2026-02-22 03:43:29] 一百丅的dev1ce: fw
[2026-02-22 03:43:29] 皮特pite174: 清理饭圈粉🧹🧹🧹🧹🧹清理饭圈粉🧹🧹🧹🧹🧹清理饭圈粉🧹🧹🧹🧹🧹
[2026-02-22 03:43:29] 高松灯扣死千早爱音: 懦 物
[2026-02-22 03:43:30] LvvsiN: 我提一嘴这剧情越来越像上海major了
[2026-02-22 03:43:30] 夕ro: 责任
[2026-02-22 03:43:30] bznalier: fw
[2026-02-22 03:43:30] 卡啊卡卡丶: fw
[2026-02-22 03:43:30] 用户5608006019: 玩宝宝，我发现在大学上学的时候肄业会很舒服，你可以试试
[2026-02-22 03:43:30] 昱子再见: [上边耄耋][下边耄耋]
[2026-02-22 03:43:30] 海绵宝宝有希儿: 数值
[2026-02-22 03:43:30] 糖嗜综合征: 责任
[2026-02-22 03:43:31] Kirse: FW
[2026-02-22 03:43:31] 付先生fj: fw
[2026-02-22 03:43:31] Aleksumimi: fw
[2026-02-22 03:43:31] 极夜之辰: 懦 物
[2026-02-22 03:43:31] 人活着就是为了玩乐队: 责任
[2026-02-22 03:43:31] 拉海洛TOP1爱弥斯本人: 额，拿亚军我都会，拿亚军，拿季军，拿四强，拿八强，拿十六强，呃拿冠军我不会，然后小组赛淘汰
[2026-02-22 03:43:31] RyougiAqua: FW
[2026-02-22 03:43:31] 牢大与小布丁: fw
[2026-02-22 03:43:31] JOhNsoN兆: 懦 物
[2026-02-22 03:43:32] 鹿公爷: 责任
[2026-02-22 03:43:32] zzw亲传弟子wjq的接班人: fw
[2026-02-22 03:43:32] LvvsiN: @阿汤日记：一个人，5发子弹，保住格陵兰岛。我不会叫它不可能完成的任务，我现在只想先回家看亦博
[2026-02-22 03:43:32] Li喵喵喵a: FW
[2026-02-22 03:43:32] 千叶spilx: 责任
[2026-02-22 03:43:32] 忍野忍小忍: fw
[2026-02-22 03:43:33] 诩中星: fw
[2026-02-22 03:43:33] 华北浪漫革命-: 吃力
[2026-02-22 03:43:33] 古怪的一个人: fw
[2026-02-22 03:43:33] 鸭硕的哈撒给: fw就混吧
[2026-02-22 03:43:33] 撒浪嘿呦0v0: fw
[2026-02-22 03:43:33] 千百度897: fw
[2026-02-22 03:43:33] 钟意你好多年: fw
[2026-02-22 03:43:33] 没有故事的Pluto: 懦 物
[2026-02-22 03:43:33] vongwu: fw玩不玩
[2026-02-22 03:43:33] papacarrot: 五个奶嘴里面粉粉最恨的只有donk了。。
[2026-02-22 03:43:34] Zxj1ing: fw
[2026-02-22 03:43:34] 神奥联盟的竹兰本人: 最搞笑的是真有尼孩粉以为玩机器是尼孩粉，殊不知🦐哥这个外号就是玩机器起的
[2026-02-22 03:43:34] 青春i纪行: 其实碗橱就是猪灵，你不拿黄金丢他他就不跟你说话
[2026-02-22 03:43:34] 玉蜀黍巧克力: 阳光
[2026-02-22 03:43:34] soul丶兮颜: fw
[2026-02-22 03:43:34] 时光不改旧人心: 兵败如山倒
[2026-02-22 03:43:34] navi能输我送超火: 懦 物
[2026-02-22 03:43:34] 治好了也会流口水: 懦 物
[2026-02-22 03:43:35] 冲上云霄的姨: 懦 物
[2026-02-22 03:43:35] 撅银龙: fw睡着了
[2026-02-22 03:43:35] 是印花啊: 清理饭圈粉🧹🧹🧹🧹🧹清理饭圈粉🧹🧹🧹🧹🧹清理饭圈粉🧹🧹🧹🧹🧹喵
[2026-02-22 03:43:35] 菠萝王111: fw
[2026-02-22 03:43:35] 拾忆醉红尘丶: FW懦完了
[2026-02-22 03:43:35] 真的没排面: fw
[2026-02-22 03:43:36] 银行业本人: 责任
[2026-02-22 03:43:36] 范玉欣丨: 一把狙送了一整分
[2026-02-22 03:43:36] 好哥们黑龙歼灭刀: 最搞笑的是真有尼孩粉以为玩机器是尼孩粉，殊不知🦐哥这个外号就是玩机器起的
[2026-02-22 03:43:36] IF的灰爱音本人: 最搞笑的是真有尼孩粉以为玩机器是尼孩粉，殊不知🦐哥这个外号就是玩机器起的
[2026-02-22 03:43:36] AlLTZZZ: 其实碗橱就是猪灵，你不拿黄金丢他他就不跟你说话
[2026-02-22 03:43:36] 好哥们烈永周: 懦 物
[2026-02-22 03:43:37] 菜星冲冲冲: fw美美躺赢
[2026-02-22 03:43:37] 薛定谔的萝莉喵: fw望远镜
[2026-02-22 03:43:37] 臭狗熊友邻: 懦 物
[2026-02-22 03:43:38] 没事小子: apEX就是搅屎棍
[2026-02-22 03:43:38] 濹0790338: 懦 物
[2026-02-22 03:43:38] 玩台钳丶阿尔托莉雅: fw你就懦吧
[2026-02-22 03:43:38] 石家庄的宠物男孩: fw躺爽了
[2026-02-22 03:43:38] ymyyo: @阿汤日记：一个人，5发子弹，保住格陵兰岛。我不会叫它不可能完成的任务，我现在只想先回家看亦博
[2026-02-22 03:43:38] Faze的软糯小箱本人: 玩宝宝，我发现在大学上学的时候肄业会很舒服，你可以试试
[2026-02-22 03:43:39] 驾驶手套雪豹: 五个奶嘴里面粉粉最恨的只有donk了。。
[2026-02-22 03:43:39] 逃离灰色地带: fw
[2026-02-22 03:43:39] 用户5435755755: fw
[2026-02-22 03:43:39] 替天行道牧苏苏: @阿汤日记：一个人，5发子弹，保住格陵兰岛。我不会叫它不可能完成的任务，我现在只想先回家看亦博
[2026-02-22 03:43:39] dark1337: fw躺赢
[2026-02-22 03:43:39] 水下放电11: 阳光
[2026-02-22 03:43:39] 99组的爱城华恋本人: ropz单人破b
[2026-02-22 03:43:39] rem3dy: 蒙古几十个人的恶意哦能响彻整个场馆。。。牛逼。。。
[2026-02-22 03:43:40] Kacyusha: 最搞笑的是真有尼孩粉以为玩机器是尼孩粉，殊不知🦐哥这个外号就是玩机器起的
[2026-02-22 03:43:40] 头号瓜孝子: fw美美躺赢
[2026-02-22 03:43:40] 千早爱音的豆豆: 最搞笑的是真有尼孩粉以为玩机器是尼孩粉，殊不知🦐哥这个外号就是玩机器起的
[2026-02-22 03:43:40] KFC的Broky本人: 其实碗橱就是猪灵，你不拿黄金丢他他就不跟你说话
[2026-02-22 03:43:40] 用户80930680: 五个奶嘴里面没有major的只有海参
[2026-02-22 03:43:40] 用玩大哥的角磨机吧: 最搞笑的是真有尼孩粉以为玩机器是尼孩粉，殊不知🦐哥这个外号就是玩机器起的
[2026-02-22 03:43:40] Rosie1st: 绝望
[2026-02-22 03:43:40] onXplanet: 其实碗橱就是猪灵，你不拿黄金丢他他就不跟你说话
[2026-02-22 03:43:41] 射命丸文文句号: 怎么没人站a小了又
[2026-02-22 03:43:41] 汤汤魔魔mmmmmmmmajor冠军: 最搞笑的是真有尼孩粉以为玩机器是尼孩粉，殊不知🦐哥这个外号就是玩机器起的
[2026-02-22 03:43:41] papacarrot: 五个奶嘴里面粉粉最恨的只有donk了。。
[2026-02-22 03:43:41] 心灵盟友: fw睡着了
[2026-02-22 03:43:41] 玩斯特机机: 最搞笑的是真有尼孩粉以为玩机器是尼孩粉，殊不知🦐哥这个外号就是玩机器起的
[2026-02-22 03:43:42] LvvsiN: 银行业😄银行业😀银行业😃银行业😁银行业😆银行业🤪银行业😝
[2026-02-22 03:43:42] 詹詹塔塔Major冠军: @这里是小天啊：哈人
[2026-02-22 03:43:42] 苦寻杭州富婆: gg
[2026-02-22 03:43:42] 企鹅物流安全屋: fw
[2026-02-22 03:43:42] 雪豹ouo: 全是恐怖乱摸人
[2026-02-22 03:43:43] C9的achine6658本人: 你吹什么载物呢？不知道cs解说一哥最恨的就是载物吗
[2026-02-22 03:43:43] 康托尔74920: fw睡着了
[2026-02-22 03:43:43] Th0tiana: 兵败跟tm吊山鲁了一样，吊包匪闹麻了，但是吊外丝鲁了一根！mlgjd这是一根回马鲁！
[2026-02-22 03:43:44] 混浊的世界: 阳关
[2026-02-22 03:43:44] 斗鱼用户4901183769: 最搞笑的是真有尼孩粉以为玩机器是尼孩粉，殊不知🦐哥这个外号就是玩机器起的
[2026-02-22 03:43:44] 没有真名233: 最搞笑的是真有尼孩粉以为玩机器是尼孩粉，殊不知🦐哥这个外号就是玩机器起的
[2026-02-22 03:43:44] LvvsiN: 我提一嘴这剧情越来越像上海major了
[2026-02-22 03:43:44] Schnuffels: 载物也卖人啊
[2026-02-22 03:43:44] 玩机器今晚还播吗: 最搞笑的是真有尼孩粉以为玩机器是尼孩粉，殊不知🦐哥这个外号就是玩机器起的
[2026-02-22 03:43:45] c0ldzera: 最搞笑的是真有尼孩粉以为玩机器是尼孩粉，殊不知🦐哥这个外号就是玩机器起的
[2026-02-22 03:43:45] 湾急气嘚叠: 最搞笑的是真有尼孩粉以为玩机器是尼孩粉，殊不知🦐哥这个外号就是玩机器起的
[2026-02-22 03:43:45] 汤汤魔魔mmmmmmmmajor冠军: 最搞笑的是真有尼孩粉以为玩机器是尼孩粉，殊不知🦐哥这个外号就是玩机器起的
[2026-02-22 03:43:45] Gryffindor: 这ropz真跟个鬼一样
[2026-02-22 03:43:46] M1yauchiReng3: shiro play
[2026-02-22 03:43:46] Xlin09: 　　　 最搞笑的是真有尼孩粉以为玩机器是尼孩粉，殊不知🦐哥这个外号就是玩机器起的
[2026-02-22 03:43:46] Ephem3ra: 其实碗橱就是猪灵，你不拿黄金丢他他就不跟你说话
[2026-02-22 03:43:46] triangle233: 懦 物
[2026-02-22 03:43:46] KFC的Broky本人: 最搞笑的是真有尼孩粉以为玩机器是尼孩粉，殊不知🦐哥这个外号就是玩机器起的
[2026-02-22 03:43:46] 玩神爱吃猪头肉: 玩宝宝，我发现在大学上学的时候肄业会很舒服，你可以试试
[2026-02-22 03:43:47] 忽孝山庄: fw睡着了
[2026-02-22 03:43:47] 袁雨桢的小酥肉本肉: 其实碗橱就是猪灵，你不拿黄金丢他他就不跟你说话
[2026-02-22 03:43:47] 十点差49分: 最搞笑的是真有尼孩粉以为玩机器是尼孩粉，殊不知🦐哥这个外号就是玩机器起的
[2026-02-22 03:43:47] 默默momoMoMo123: 五个奶嘴里面没有major的只有海参
[2026-02-22 03:43:47] 汤汤魔魔mmmmmmmmajor冠军: 最搞笑的是真有尼孩粉以为玩机器是尼孩粉，殊不知🦐哥这个外号就是玩机器起的
[2026-02-22 03:43:48] 胡椒胡椒胡椒胡椒胡椒: 机
[2026-02-22 03:43:48] 暗月舞魂殇: 这太阴暗了
[2026-02-22 03:43:48] Vc丶糖: 其实碗橱就是猪灵，你不拿黄金丢他他就不跟你说话
[2026-02-22 03:43:48] LvvsiN: 孩子们快跑，马修赫伯特来了😨卧槽你的怎么是马枪和BOT
[2026-02-22 03:43:48] Peko-: 最搞笑的是真有尼孩粉以为玩机器是尼孩粉，殊不知🦐哥这个外号就是玩机器起的
[2026-02-22 03:43:48] 串串金枪鱼: 最搞笑的是真有尼孩粉以为玩机器是尼孩粉，殊不知🦐哥这个外号就是玩机器起的
[2026-02-22 03:43:48] 我吃柠檬树: 最搞笑的是真有尼孩粉以为玩机器是尼孩粉，殊不知🦐哥这个外号就是玩机器起的
[2026-02-22 03:43:48] 大梦464: 最搞笑的是真有尼孩粉以为玩机器是尼孩粉，殊不知🦐哥这个外号就是玩机器起的
[2026-02-22 03:43:48] ZywOo的猫:  @小雨微风987：玩宝宝，我发现在大学上学的时候肄业会很舒服，你可以试试
[2026-02-22 03:43:49] Q1ed7f9c85b3bc7571: 我让你开双倍你二龙吗？老子荧光棒要过期了
[2026-02-22 03:43:49] G2俘虏uzi: 其实碗橱就是猪灵，你不拿黄金丢他他就不跟你说话
[2026-02-22 03:43:49] 骄骄爱吃糖: 纯粹的数值和简单的联动
[2026-02-22 03:43:49] 汤汤魔魔mmmmmmmmajor冠军: 最搞笑的是真有尼孩粉以为玩机器是尼孩粉，殊不知🦐哥这个外号就是玩机器起的
[2026-02-22 03:43:49] 没有故事的Pluto: 其实碗橱就是猪灵，你不拿黄金丢他他就不跟你说话
[2026-02-22 03:43:49] valorant玩机器: fw不想玩就滚去faze（不是肥美）
[2026-02-22 03:43:50] 用户4743944990: 绝望
[2026-02-22 03:43:50] LvvsiN: 我让你开双倍你二龙吗？老子荧光棒要过期了
[2026-02-22 03:43:50] sghlp: 懦 物
[2026-02-22 03:43:50] 用户5608006019: 我提一嘴这剧情越来越像上海major了
[2026-02-22 03:43:50] Litt1e丶Traveler: 蒙古大势已去了
[2026-02-22 03:43:50] Dartline: 最搞笑的是真有尼孩粉以为玩机器是尼孩粉，殊不知🦐哥这个外号就是玩机器起的
[2026-02-22 03:43:51] 大裂谷的登山家: 最搞笑的是真有尼孩粉以为玩机器是尼孩粉，殊不知🦐哥这个外号就是玩机器起的
[2026-02-22 03:43:51] 在原Nanami: 阳光
[2026-02-22 03:43:51] 八重森彌妮: 最搞笑的是真有尼孩粉以为玩机器是尼孩粉，殊不知🦐哥这个外号就是玩机器起的
[2026-02-22 03:43:51] 丨Connor: 怎么没人站a小了又
[2026-02-22 03:43:52] 曉之騎士: fw还笑
[2026-02-22 03:43:52] 汤汤魔魔mmmmmmmmajor冠军: 最搞笑的是真有尼孩粉以为玩机器是尼孩粉，殊不知🦐哥这个外号就是玩机器起的
[2026-02-22 03:43:52] LvvsiN: 弹幕也就网上说说，现实里谁不觉得樱姐是好女孩（删括号领一条远坂凛同款鸟笼）
[2026-02-22 03:43:52] 箱监大寒焦: 最搞笑的是真有尼孩粉以为玩机器是尼孩粉，殊不知🦐哥这个外号就是玩机器起的
[2026-02-22 03:43:53] zack吖: 最搞笑的是真有尼孩粉以为玩机器是尼孩粉，殊不知🦐哥这个外号就是玩机器起的
[2026-02-22 03:43:53] wedd1ddeJodd: 最搞笑的是真有尼孩粉以为玩机器是尼孩粉，殊不知🦐哥这个外号就是玩机器起的
[2026-02-22 03:43:53] 小蜜蜂的长期素食本人: 一颗
[2026-02-22 03:43:53] csgo小茄子: 机器，如果你觉得拉房间墙开裂👃毛比a1消音器长全仓黑蛋5k小时b+的房管当盾牌很有意思的话，请继续
[2026-02-22 03:43:53] 歇洛克夏洛克: 蒙古兵败如山倒了
[2026-02-22 03:43:53] papacarrot: 五个奶嘴里面粉粉最恨的只有donk了。。
[2026-02-22 03:43:53] C9的achine6658本人: 最搞笑的是真有尼孩粉以为玩机器是尼孩粉，殊不知🦐哥这个外号就是玩机器起的
[2026-02-22 03:43:54] 夕ro: 这太阴暗了
[2026-02-22 03:43:54] 玩龟的神头: 最搞笑的是真有尼孩粉以为玩机器是尼孩粉，殊不知🦐哥这个外号就是玩机器起的
[2026-02-22 03:43:54] Wardel: 最搞笑的是真有尼孩粉以为玩机器是尼孩粉，殊不知🦐哥这个外号就是玩机器起的
[2026-02-22 03:43:54] 好姐妹砂狼白子: 1tap
[2026-02-22 03:43:54] 玩大哥我双倍呢: 最搞笑的是真有尼孩粉以为玩机器是尼孩粉，殊不知🦐哥这个外号就是玩机器起的
[2026-02-22 03:43:54] Asaki薯片: 其实碗橱就是猪灵，你不拿黄金丢他他就不跟你说话
[2026-02-22 03:43:54] JamesHarden10: 对面有个ropz这种自由人真的太恐怖了 感觉哪里都有人
[2026-02-22 03:43:54] 吃烧烤得吃烤茄子: 阴暗
[2026-02-22 03:43:55] 怼图图: 蒙古各种优势局能输
[2026-02-22 03:43:55] 用户8044227198: 　　　 最搞笑的是真有尼孩粉以为玩机器是尼孩粉，殊不知🦐哥这个外号就是玩机器起的
[2026-02-22 03:43:55] 丶小恐龙丶: 最搞笑的是真有尼孩粉以为玩机器是尼孩粉，殊不知🦐哥这个外号就是玩机器起的
[2026-02-22 03:43:55] 皮特pite174: 清理饭圈粉🧹🧹🧹🧹🧹清理饭圈粉🧹🧹🧹🧹🧹清理饭圈粉🧹🧹🧹🧹🧹
[2026-02-22 03:43:55] KFC的Broky本人: 最搞笑的是真有尼孩粉以为玩机器是尼孩粉，殊不知🦐哥这个外号就是玩机器起的
[2026-02-22 03:43:55] 白日梦之主: 最搞笑的是真有尼孩粉以为玩机器是尼孩粉，殊不知🦐哥这个外号就是玩机器起的
[2026-02-22 03:43:56] 洁身自好处男有为青年: 这ropz真跟个鬼一样
[2026-02-22 03:43:56] 洞洞and若若major冠军: 最搞笑的是真有尼孩粉以为玩机器是尼孩粉，殊不知🦐哥这个外号就是玩机器起的
[2026-02-22 03:43:56] 看死Herbaut就杀了你: 最搞笑的是真有尼孩粉以为玩机器是尼孩粉，殊不知🦐哥这个外号就是玩机器起的
[2026-02-22 03:43:56] 洞洞载载车车major冠军: 载粉以冠军为荣 尼孩粉以给玩机器送钱为荣🤭
[2026-02-22 03:43:56] 刘刘的农: 　　　 最搞笑的是真有尼孩粉以为玩机器是尼孩粉，殊不知🦐哥这个外号就是玩机器起的
[2026-02-22 03:43:56] LvvsiN: 其实碗橱就是猪灵，你不拿黄金丢他他就不跟你说话
[2026-02-22 03:43:56] 九九組的愛城華恋本人: 最搞笑的是真有尼孩粉以为玩机器是尼孩粉，殊不知🦐哥这个外号就是玩机器起的
[2026-02-22 03:43:56] 土俗火焰: 最搞笑的是真有尼孩粉以为玩机器是尼孩粉，殊不知🦐哥这个外号就是玩机器起的
[2026-02-22 03:43:56] 我真的不是硝子: 车主又回来了
[2026-02-22 03:43:57] c水表: 阴暗
[2026-02-22 03:43:57] MSK枫: @布罗利的👃🏻:我被倪哥的入错洞了。。。
[2026-02-22 03:43:58] richardlee97: 最搞笑的是真有尼孩粉以为玩机器是尼孩粉，殊不知🦐哥这个外号就是玩机器起的
[2026-02-22 03:43:58] gogolz: 太能偷了
[2026-02-22 03:43:58] LvvsiN: 为什么房管封的不能给鱼丸……还以为今天晚上得吃了……
[2026-02-22 03:43:58] TheMongolZ的上单本人: 最搞笑的是真有尼孩粉以为玩机器是尼孩粉，殊不知🦐哥这个外号就是玩机器起的
[2026-02-22 03:43:58] papacarrot: 五个奶嘴里面粉粉最恨的只有donk了。。
[2026-02-22 03:43:58] 埃斯波西托200W: 最搞笑的是真有尼孩粉以为玩机器是尼孩粉，殊不知🦐哥这个外号就是玩机器起的
[2026-02-22 03:44:02] YEYH111: 最搞笑的是真有尼孩粉以为玩机器是尼孩粉，殊不知🦐哥这个外号就是玩机器起的
[2026-02-22 03:44:02] 夕ro: 车主又回来了
[2026-02-22 03:44:02] 狄狄吖: 1tap
[2026-02-22 03:44:02] 宫监手放监: 最搞笑的是真有尼孩粉以为玩机器是尼孩粉，殊不知🦐哥这个外号就是玩机器起的
[2026-02-22 03:44:02] LvvsiN: 我让你开双倍你二龙吗？老子荧光棒要过期了
[2026-02-22 03:44:02] 滑铲上天: 糯完了，车没偷到炸了
[2026-02-22 03:44:02] 胡椒胡椒胡椒胡椒胡椒: @布罗机的利 巴:我还没有👃毛长呢，有人管管我吗。。。
[2026-02-22 03:44:02] csgo小茄子: 机器，如果你觉得拉房间墙开裂👃毛比a1消音器长全仓黑蛋5k小时b+的房管当盾牌很有意思的话，请继续
[2026-02-22 03:44:02] SuperSaiyan卡卡罗特: 阳光
[2026-02-22 03:44:02] 445440: 最搞笑的是真有尼孩粉以为玩机器是尼孩粉，殊不知🦐哥这个外号就是玩机器起的
[2026-02-22 03:44:03] 最喜欢玩宝宝惹desuwa: 这还不关键吗 杀三个
[2026-02-22 03:44:03] 丿哈哈大笑: 五个奶嘴里面粉粉最恨的只有donk了。。
[2026-02-22 03:44:03] 蜜蜂的牧濑红莉栖本人: 🗿阳光男孩
[2026-02-22 03:44:03] 我只是天生要强啊: 纯老六
[2026-02-22 03:44:05] LvvsiN: 玩 出，我双倍呢？😡😡玩 出，我双倍呢？😡😡玩 出，我双倍呢？😡😡玩 出，我双倍呢？😡
[2026-02-22 03:44:05] 玩师傅精益求精: @布罗利的👃🏻:我被倪哥的入错洞了。。。
[2026-02-22 03:44:05] 汤汤魔魔mmmmmmmmajor冠军: 我让你开双倍你二龙吗？老子荧光棒要过期了
[2026-02-22 03:44:05] 还有时间日落之前: 最搞笑的是真有尼孩粉以为玩机器是尼孩粉，殊不知🦐哥这个外号就是玩机器起的
[2026-02-22 03:44:05] Box强音来袭: 最搞笑的是真有尼孩粉以为玩机器是尼孩粉，殊不知🦐哥这个外号就是玩机器起的
[2026-02-22 03:44:05] 用户5431385679: 最搞笑的是真有尼孩粉以为玩机器是尼孩粉，殊不知🦐哥这个外号就是玩机器起的
[2026-02-22 03:44:05] everch0sen: fw在那卖完了，本质就是逃避对枪，真没昨天猎鹰好看
[2026-02-22 03:44:05] SherryAiovo: 装糖阴pv一手
[2026-02-22 03:44:05] 寄驶者: fw躺爽了
[2026-02-22 03:44:05] LvvsiN: 玩 出，我双倍呢？😡😡玩 出，我双倍呢？😡😡玩 出，我双倍呢？😡😡玩 出，我双倍呢？😡
[2026-02-22 03:44:05] rem3dy: 蒙古几十个人的恶意哦能响彻整个场馆。。。牛逼。。。
[2026-02-22 03:44:05] 果内: 那么谁拿不到侧身呢
[2026-02-22 03:44:05] viovvvvvvvon: 最搞笑的是真有尼孩粉以为玩机器是尼孩粉，殊不知🦐哥这个外号就是玩机器起的
[2026-02-22 03:44:05] 胡椒胡椒胡椒胡椒胡椒: @布罗机的利 巴:我还没有👃毛长呢，有人管管我吗。。。
[2026-02-22 03:44:06] 殇10876: 最搞笑的是真有尼孩粉以为玩机器是尼孩粉，殊不知🦐哥这个外号就是玩机器起的
[2026-02-22 03:44:06] 用户3661578: 车主把B区溜烂了这把
[2026-02-22 03:44:06] 男人至死皆少年: 这蒙古太能摸了
[2026-02-22 03:44:06] LvvsiN: @阿汤日记：一个人，5发子弹，保住格陵兰岛。我不会叫它不可能完成的任务，我现在只想先回家看亦博
[2026-02-22 03:44:06] 暗月流风: 整体实力碾压过去了
[2026-02-22 03:44:06] papacarrot: 五个奶嘴里面粉粉最恨的只有donk了。。
[2026-02-22 03:44:07] csgo小茄子: 机器，如果你觉得拉房间墙开裂👃毛比a1消音器长全仓黑蛋5k小时b+的房管当盾牌很有意思的话，请继续
[2026-02-22 03:44:07] 尼尼海海出入平安: @布罗利的👃🏻:我被倪哥的入错洞了。。。
[2026-02-22 03:44:07] 用户2100686284:     最搞笑的是真有尼孩粉以为玩机器是尼孩粉，殊不知🦐哥这个外号就是玩机器起的
[2026-02-22 03:44:07] 玩台钳丶阿尔托莉雅: @布罗机的利 巴:我还没有👃毛长呢，有人管管我吗。。。
[2026-02-22 03:44:08] 用户3606237177: 最搞笑的是真有尼孩粉以为玩机器是尼孩粉，殊不知🦐哥这个外号就是玩机器起的
[2026-02-22 03:44:08] CThun438: 最搞笑的是真有尼孩粉以为玩机器是尼孩粉，殊不知🦐哥这个外号就是玩机器起的
[2026-02-22 03:44:08] 叫我晚舟就好啦: 车主这沙二真的来劲
[2026-02-22 03:44:08] LvvsiN: @阿汤日记：一个人，5发子弹，保住格陵兰岛。我不会叫它不可能完成的任务，我现在只想先回家看亦博
[2026-02-22 03:44:08] 猫很好的小乖: 最搞笑的是真有尼孩粉以为玩机器是尼孩粉，殊不知🦐哥这个外号就是玩机器起的
[2026-02-22 03:44:08] 半城殇丶红尘: 最搞笑的是真有尼孩粉以为玩机器是尼孩粉，殊不知🦐哥这个外号就是玩机器起的
[2026-02-22 03:44:09] 神人吃答辩: 最搞笑的是真有尼孩粉以为玩机器是尼孩粉，殊不知🦐哥这个外号就是玩机器起的
[2026-02-22 03:44:10] 小救星小杜DuD: 最搞笑的是真有尼孩粉以为玩机器是尼孩粉，殊不知🦐哥这个外号就是玩机器起的
[2026-02-22 03:44:10] LvvsiN: 玩宝宝，我发现在大学上学的时候肄业会很舒服，你可以试试
[2026-02-22 03:44:10] 玩玩QUQUMajor冠军: 最搞笑的是真有尼孩粉以为玩机器是尼孩粉，殊不知🦐哥这个外号就是玩机器起的
[2026-02-22 03:44:12] Hcmor: @布罗利的👃🏻:我被倪哥的入错洞了。。。
[2026-02-22 03:44:12] 爱道冠: 最搞笑的是真有尼孩粉以为玩机器是尼孩粉，殊不知🦐哥这个外号就是玩机器起的
[2026-02-22 03:44:12] LvvsiN: 你为什么要把mαjor禁了，我收藏的一半弹幕全毁了
[2026-02-22 03:44:12] monster7468: 防守狙架进攻狙没必要急啊
[2026-02-22 03:44:13] 玩斯特机机: @布罗机的利 巴:我还没有👃毛长呢，有人管管我吗。。。
[2026-02-22 03:44:14] LvvsiN: 我提一嘴这剧情越来越像上海major了
[2026-02-22 03:44:14] 胡椒胡椒胡椒胡椒胡椒: @布罗机的利 巴:我还没有👃毛长呢，有人管管我吗。。。
[2026-02-22 03:44:15] 晏华裤子拉链没拉: 起码尼孩粉绝对没有冠军粉
[2026-02-22 03:44:15] 撒浪嘿呦0v0: 最搞笑的是真有尼孩粉以为玩机器是尼孩粉，殊不知🦐哥这个外号就是玩机器起的
[2026-02-22 03:44:15] csgo小茄子: 机器，如果你觉得拉房间墙开裂👃毛比a1消音器长全仓黑蛋5k小时b+的房管当盾牌很有意思的话，请继续
[2026-02-22 03:44:16] Re灬琉年惘反: 最搞笑的是真有尼孩粉以为玩机器是尼孩粉，殊不知🦐哥这个外号就是玩机器起的
[2026-02-22 03:44:16] 玩机器今晚还播吗: 警告⚠警告⚠警告⚠警告⚠警告⚠警告⚠警告⚠
[2026-02-22 03:44:16] 丷菠萝乄吹雪丷: 最搞笑的是真有尼孩粉以为玩机器是尼孩粉，殊不知🦐哥这个外号就是玩机器起的
[2026-02-22 03:44:16] LvvsiN: 我提一嘴这剧情越来越像上海major了
[2026-02-22 03:44:17] 用户6235382488: 🧊
[2026-02-22 03:44:18] 用户3489665055: 最搞笑的是真有尼孩粉以为玩机器是尼孩粉，殊不知🦐哥这个外号就是玩机器起的
[2026-02-22 03:44:18] LvvsiN: 就tm喜欢银行业🥰银行坏账我喜欢🥰银行挤兑我还喜欢😍利率调低我也喜欢🤤老子亲烂银行业的脸😘
[2026-02-22 03:44:20] 想对你说一声晚安: 还是ca太高了
[2026-02-22 03:44:20] LvvsiN: 孩子们快跑，马修赫伯特来了😨卧槽你的怎么是马枪和BOT
[2026-02-22 03:44:21] csgo小茄子: 机器，如果你觉得拉房间墙开裂👃毛比a1消音器长全仓黑蛋5k小时b+的房管当盾牌很有意思的话，请继续
[2026-02-22 03:44:22] LvvsiN: 你为什么要把mαjor禁了，我收藏的一半弹幕全毁了
[2026-02-22 03:44:23] User5092: ☝️🗿☝️🗿☝️🗿☝️🗿☝️🗿☝️🗿☝️🗿☝️🗿☝️🗿☝️🗿☝️🗿☝️🗿
[2026-02-22 03:44:23] 想看老师打黄金赛: 炎帝
[2026-02-22 03:44:23] 绝食十年攒爱top3飞机: 最搞笑的是真有尼孩粉以为玩机器是尼孩粉，殊不知🦐哥这个外号就是玩机器起的
[2026-02-22 03:44:23] 洞洞载载车车major冠军: 最搞笑的是 载粉以冠军为荣 尼孩粉以给玩机器送钱为荣🤭
[2026-02-22 03:44:24] 小白菜爱萝卜: 炎帝
[2026-02-22 03:44:24] SherryAiovo: 炎帝
[2026-02-22 03:44:24] 好哥们黑龙歼灭刀: 机器，如果你觉得拉房间墙开裂👃毛比a1消音器长全仓黑蛋5k小时b+的房管当盾牌很有意思的话，请继续
[2026-02-22 03:44:24] 撅银龙: ？
[2026-02-22 03:44:24] 机器机器祝你天天开心: 1
[2026-02-22 03:44:24] LvvsiN: 就tm喜欢银行业🥰银行坏账我喜欢🥰银行挤兑我还喜欢😍利率调低我也喜欢🤤老子亲烂银行业的脸😘
[2026-02-22 03:44:24] 强尼银手VVV: 1
[2026-02-22 03:44:25] 好兄弟鲁迪乌斯: 🗿
[2026-02-22 03:44:25] 神奥联盟的竹兰本人: 炎帝
[2026-02-22 03:44:25] KFC的Broky本人: 最搞笑的是真有尼孩粉以为玩机器是尼孩粉，殊不知🦐哥这个外号就是玩机器起的
[2026-02-22 03:44:25] 一叶气瓷郎: 1
[2026-02-22 03:44:26] 小蜜蜂的长期素食本人: 两脚
[2026-02-22 03:44:26] 专看玩机器的号: 1
[2026-02-22 03:44:26] JuL1us: ？
[2026-02-22 03:44:26] LvvsiN: 为什么房管封的不能给鱼丸……还以为今天晚上得吃了……
[2026-02-22 03:44:27] 保定府帅爷: 炎帝
[2026-02-22 03:44:28] 想看老师打黄金赛: ☝️🗿☝️🗿☝️🗿☝️🗿☝️🗿☝️🗿☝️🗿☝️🗿☝️🗿☝️🗿☝️🗿☝️🗿
[2026-02-22 03:44:28] 月光可以吃: 我的荧光棒要过期了，双倍呢🥶🥶🥶🥶🥶🥶
[2026-02-22 03:44:28] LvvsiN: @阿汤日记：一个人，5发子弹，保住格陵兰岛。我不会叫它不可能完成的任务，我现在只想先回家看亦博
[2026-02-22 03:44:29] 小白菜爱萝卜: G
[2026-02-22 03:44:29] 静寂风: ？
[2026-02-22 03:44:29] 好兄弟鲁迪乌斯: ☝️🗿☝️🗿☝️🗿☝️🗿☝️🗿☝️🗿☝️🗿☝️🗿☝️🗿☝️🗿☝️🗿☝️🗿
[2026-02-22 03:44:29] 射命丸文文句号: 数值
[2026-02-22 03:44:30] Box强音来袭: ☝️🗿☝️🗿☝️🗿☝️🗿☝️🗿☝️🗿☝️🗿☝️🗿☝️🗿☝️
[2026-02-22 03:44:30] 即将拥有PDD的人鱼线丿: 爆完了
[2026-02-22 03:44:30] 哦可喜欢我: 还有名刀司命
[2026-02-22 03:44:30] 耶耶耶的感觉: 数值
[2026-02-22 03:44:30] Hcmor: 炎帝
[2026-02-22 03:44:30] dark1337: 摧毁
[2026-02-22 03:44:30] 洛陽城里看落陽: 这数值怎么玩
[2026-02-22 03:44:30] LvvsiN: 为什么房管封的不能给鱼丸……还以为今天晚上得吃了……
[2026-02-22 03:44:31] 静寂风: ☝️🗿☝️🗿☝️🗿☝️🗿☝️🗿☝️🗿☝️🗿☝️🗿☝️🗿☝️🗿☝️🗿☝️🗿
[2026-02-22 03:44:31] 用户5608006019: 🗿
[2026-02-22 03:44:31] gogolz: 数值
[2026-02-22 03:44:31] KuRoro1: ？
[2026-02-22 03:44:31] Bob小熊君: 炎帝
[2026-02-22 03:44:31] HisuiHearts: 机器，如果你觉得拉房间墙开裂👃毛比a1消音器长全仓黑蛋5k小时b+的房管当盾牌很有意思的话，请继续
[2026-02-22 03:44:31] 划算小划: ☝️🗿☝️🗿☝️🗿☝️🗿☝️🗿☝️🗿☝️🗿☝️🗿☝️🗿☝️🗿☝️🗿☝️🗿
[2026-02-22 03:44:32] csgo小茄子: 机器，如果你觉得拉房间墙开裂👃毛比a1消音器长全仓黑蛋5k小时b+的房管当盾牌很有意思的话，请继续
[2026-02-22 03:44:32] 夕ro: ☝️🗿☝️🗿☝️🗿☝️🗿☝️🗿☝️🗿☝️🗿☝️🗿☝️🗿☝️🗿☝️🗿☝️🗿
[2026-02-22 03:44:32] 最后波纹: 兵败如山倒
[2026-02-22 03:44:32] 最强反派Vitality: ☝️🗿☝️🗿☝️🗿☝️🗿☝️🗿☝️🗿☝️🗿☝️🗿☝️🗿☝️🗿☝️🗿☝️🗿
[2026-02-22 03:44:32] 机长家的华仔: ☝️🗿☝️🗿☝️🗿☝️🗿☝️🗿☝️🗿☝️🗿☝️🗿☝️🗿☝️🗿☝️🗿☝️🗿
[2026-02-22 03:44:32] OECN2: 天梯？
[2026-02-22 03:44:33] 是印花啊: ☝️🗿☝️🗿☝️🗿☝️🗿☝️🗿☝️🗿☝️🗿☝️🗿☝️🗿☝️🗿☝️🗿☝️🗿喵
[2026-02-22 03:44:33] LvvsiN: 你为什么要把mαjor禁了，我收藏的一半弹幕全毁了
[2026-02-22 03:44:33] 斩斩斩斩斩吧: 数值
[2026-02-22 03:44:33] 寄驶者: 数值太高了
[2026-02-22 03:44:33] 格拉利什: ☝️🗿☝️🗿☝️🗿☝️🗿☝️🗿☝️🗿☝️🗿☝️🗿☝️🗿☝️
[2026-02-22 03:44:33] vongwu: 枪法碾压了
[2026-02-22 03:44:33] Mayonaise15: 数值
[2026-02-22 03:44:34] 神奥联盟的竹兰本人: ☝️🗿☝️🗿☝️🗿☝️🗿☝️🗿☝️🗿☝️🗿☝️🗿☝️🗿☝️🗿☝️🗿☝️🗿
[2026-02-22 03:44:34] 鸭硕的哈撒给: 这也在你的计算之中吗apex
[2026-02-22 03:44:34] 驾驶手套雪豹: 最搞笑的是真有尼孩粉以为玩机器是尼孩粉，殊不知🦐哥这个外号就是玩机器起的
[2026-02-22 03:44:34] 海绵宝宝有希儿: 数值
[2026-02-22 03:44:34] 胡椒胡椒胡椒胡椒胡椒: 机器，如果你觉得拉房间墙开裂👃毛比a1消音器长全仓黑蛋5k小时b+的房管当盾牌很有意思的话，请继续
[2026-02-22 03:44:34] 夕ro: 兵败如山倒
[2026-02-22 03:44:34] 时光划过泪痕桥: ☝️🗿☝️🗿☝️🗿☝️🗿☝️🗿☝️🗿☝️🗿☝️🗿☝️🗿☝️🗿☝️🗿☝️🗿
[2026-02-22 03:44:35] 感谢这个碧: ☝️🗿☝️🗿☝️🗿☝️🗿☝️🗿☝️🗿☝️🗿☝️🗿☝️🗿☝️🗿☝️🗿☝️🗿
[2026-02-22 03:44:35] 蓝星的floppy本人: ☝️🗿☝️🗿☝️🗿☝️🗿☝️🗿☝️🗿☝️🗿☝️🗿☝️🗿☝️🗿☝️🗿☝️🗿
[2026-02-22 03:44:35] PlumEnd: ☝️🗿☝️🗿☝️🗿☝️🗿☝️🗿☝️🗿☝️🗿☝️🗿☝️🗿☝️🗿☝️🗿☝️🗿
[2026-02-22 03:44:35] 怒之拳: ☝️🗿☝️🗿☝️🗿☝️🗿☝️🗿☝️🗿☝️🗿☝️🗿☝️🗿☝️🗿☝️🗿☝️🗿
[2026-02-22 03:44:35] 玩爱音丶Soyorin: ☝️🗿☝️🗿☝️🗿☝️🗿☝️🗿☝️🗿☝️🗿☝️🗿☝️🗿☝️🗿☝️🗿☝️🗿
[2026-02-22 03:44:35] Hcmor: ☝️🗿☝️🗿☝️🗿☝️🗿☝️🗿☝️🗿☝️🗿☝️🗿☝️🗿☝️🗿☝️🗿☝️🗿
[2026-02-22 03:44:35] Asaki薯片: ☝️🗿☝️🗿☝️🗿☝️🗿☝️🗿☝️🗿☝️🗿☝️🗿☝️🗿☝️🗿☝️🗿☝️🗿
[2026-02-22 03:44:35] 马楼King张三: 1血也杀啊
[2026-02-22 03:44:35] 洛琪希世界第一可爱: ☝️🗿☝️🗿☝️🗿☝️🗿☝️🗿☝️🗿☝️🗿☝️🗿☝️🗿☝️🗿☝️🗿☝️🗿
[2026-02-22 03:44:36] 用户3661578: 中路直接杀完了
[2026-02-22 03:44:36] JuL1us: 大乱斗
[2026-02-22 03:44:36] 在原Nanami: ☝️🗿☝️🗿☝️🗿☝️🗿☝️🗿☝️🗿☝️🗿☝️🗿☝️🗿☝️🗿☝️🗿☝️🗿
[2026-02-22 03:44:36] 十点差49分: 数值
[2026-02-22 03:44:36] 用玩大哥的角磨机吧: ☝️🗿☝️🗿☝️🗿☝️🗿☝️🗿☝️🗿☝️🗿☝️🗿☝️🗿☝️🗿☝️🗿☝️🗿
[2026-02-22 03:44:36] papacarrot: 五个奶嘴里面粉粉最恨的只有donk了。。
[2026-02-22 03:44:36] 天守阁信长: 炎帝
[2026-02-22 03:44:36] soul丶兮颜: 一键扫荡
[2026-02-22 03:44:37] 墨本海人: ☝️🗿☝️🗿☝️🗿☝️🗿☝️🗿☝️🗿☝️🗿☝️🗿☝️🗿☝️🗿☝️🗿☝️🗿
[2026-02-22 03:44:37] 串串金枪鱼: 冷知识，玩机器曾经说过device有major，niko有什么
[2026-02-22 03:44:37] 机器我要看老汤: ☝️🗿☝️🗿☝️🗿☝️🗿☝️🗿☝️🗿☝️🗿☝️🗿☝️🗿☝️🗿☝️🗿☝️🗿
[2026-02-22 03:44:37] Aleksumimi: 🗿：🗿
[2026-02-22 03:44:37] csgo小茄子: 机器，如果你觉得拉房间墙开裂👃毛比a1消音器长全仓黑蛋5k小时b+的房管当盾牌很有意思的话，请继续
[2026-02-22 03:44:37] 阿羞羞i: 数值
[2026-02-22 03:44:37] Zxj1ing: ☝️🗿☝️🗿☝️🗿☝️🗿☝️🗿☝️🗿☝️🗿☝️🗿☝️🗿☝️🗿☝️🗿☝️🗿
[2026-02-22 03:44:37] 三千世界鸦杀尽彡: ☝️🗿☝️🗿☝️🗿☝️🗿☝️🗿☝️🗿☝️🗿☝️🗿☝️🗿☝️🗿☝️🗿☝️🗿
[2026-02-22 03:44:37] 哈哈哈哈哈哈停不下来: 转起来了
[2026-02-22 03:44:38] 洞洞载载车车major冠军: @🗿：弹幕闹麻了 一直在说净化弹幕环境 结果还是要我亲自来净化☝️🗿
[2026-02-22 03:44:38] -小佐内由纪-: ☝️🗿☝️🗿☝️🗿☝️🗿☝️🗿☝️🗿☝️🗿☝️🗿☝️🗿☝️🗿☝️🗿☝️🗿
[2026-02-22 03:44:38] 初霜prpr: ☝️🗿☝️🗿☝️🗿☝️🗿☝️🗿☝️🗿☝️🗿☝️🗿☝️🗿☝️🗿☝️🗿☝️🗿
[2026-02-22 03:44:38] DogRa1nFans: ☝️🗿☝️🗿☝️🗿☝️🗿☝️🗿☝️🗿☝️🗿☝️🗿☝️🗿☝️🗿☝️🗿☝️🗿
[2026-02-22 03:44:38] 黑白玄鸟: 数值
[2026-02-22 03:44:38] 电子厂表演艺术家: ☝️🗿☝️🗿☝️🗿☝️🗿☝️🗿☝️🗿☝️🗿☝️🗿☝️🗿☝️🗿☝️🗿☝️🗿
[2026-02-22 03:44:38] ljhjjjVampire丶: 不演了
[2026-02-22 03:44:38] 不是梧桐丶: ☝️🗿☝️🗿☝️🗿☝️🗿☝️🗿☝️🗿☝️🗿☝️🗿☝️🗿☝️🗿☝️🗿☝️🗿
[2026-02-22 03:44:39] 车车薯薯major冠军: ☝️🗿☝️🗿☝️🗿☝️🗿☝️🗿☝️🗿☝️🗿☝️🗿☝️🗿☝️🗿☝️🗿☝️🗿
[2026-02-22 03:44:39] 用户6235382488: 海啸和🧊先停
[2026-02-22 03:44:39] 樱落鬼: ☝️🗿☝️🗿☝️🗿☝️🗿☝️🗿☝️🗿☝️🗿☝️🗿☝️🗿☝️🗿☝️🗿☝️🗿
[2026-02-22 03:44:40] 离城丶丶: ☝️🗿☝️🗿☝️🗿☝️🗿☝️🗿☝️🗿☝️🗿☝️🗿☝️🗿☝️🗿☝️🗿☝️🗿
[2026-02-22 03:44:40] 結城希亞: 🗿☝️🗿☝️🗿☝️🗿☝️🗿☝️🗿☝️🗿☝️🗿☝️🗿☝️
[2026-02-22 03:44:40] AlLTZZZ: ☝️🗿☝️🗿☝️🗿☝️🗿☝️🗿☝️🗿☝️🗿☝️🗿☝️🗿☝️🗿☝️🗿☝️🗿喵
[2026-02-22 03:44:40] 林有为丶: ☝️🗿☝️🗿☝️🗿☝️🗿☝️🗿☝️🗿☝️🗿☝️🗿☝️🗿☝️🗿☝️🗿☝️🗿
[2026-02-22 03:44:40] 久慈川、理世: ☝️🗿☝️🗿☝️🗿☝️🗿☝️🗿☝️🗿☝️🗿☝️🗿☝️🗿☝️
[2026-02-22 03:44:40] 三零一路公交司机: ☝️🗿☝️🗿☝️🗿☝️🗿☝️🗿☝️🗿☝️🗿☝️🗿☝️🗿☝️🗿☝️🗿☝️🗿
[2026-02-22 03:44:40] 好哥们汉阳造: ☝️🗿☝️🗿☝️🗿☝️🗿☝️🗿☝️🗿☝️🗿☝️🗿☝️🗿☝️🗿☝️🗿☝️🗿
[2026-02-22 03:44:40] 玩蛋蛋丶egg: ?
[2026-02-22 03:44:40] 交流分不太够: 锁血
[2026-02-22 03:44:40] 好姐妹芙卡洛斯: fw隐身
[2026-02-22 03:44:41] 治好了也会流口水: ☝️🗿☝️🗿☝️🗿☝️🗿☝️🗿☝️🗿☝️🗿☝️🗿☝️🗿☝️🗿☝️🗿☝️🗿
[2026-02-22 03:44:41] 用户36844654: 扫荡了
[2026-02-22 03:44:41] papacarrot: 五个奶嘴里面粉粉最恨的只有donk了。。
[2026-02-22 03:44:41] 付先生fj: ☝️🗿☝️🗿☝️🗿☝️🗿☝️🗿☝️🗿☝️🗿☝️🗿☝️🗿☝️🗿☝️🗿☝️🗿
[2026-02-22 03:44:41] 用户25456139: 研帝
[2026-02-22 03:44:41] 月光可以吃: 我的荧光棒要过期了，双倍呢🥶🥶🥶🥶🥶🥶
[2026-02-22 03:44:41] 一叶气瓷郎: ？
[2026-02-22 03:44:41] Th0tiana: ☝️🗿☝️🗿☝️🗿☝️🗿☝️🗿☝️🗿☝️🗿☝️🗿☝️🗿☝️🗿☝️🗿☝️🗿
[2026-02-22 03:44:42] 民族英雄大宝剑: ☝️🗿☝️🗿☝️🗿☝️🗿☝️🗿☝️🗿☝️🗿☝️🗿☝️🗿☝️🗿☝️🗿☝️🗿
[2026-02-22 03:44:42] Shintaro: ☝️🗿☝️🗿☝️🗿☝️🗿☝️🗿☝️🗿☝️🗿☝️🗿☝️🗿☝️
[2026-02-22 03:44:42] 鸽佬kartoloTG: fw就混吧
[2026-02-22 03:44:43] 我是我华粉: ☝️🗿☝️🗿☝️🗿☝️🗿☝️🗿☝️🗿☝️🗿☝️🗿☝️🗿☝️🗿☝️🗿☝️🗿
[2026-02-22 03:44:43] 静寂风: ☝️🗿☝️🗿☝️🗿☝️🗿☝️🗿☝️🗿☝️🗿☝️🗿☝️🗿☝️🗿☝️🗿☝️🗿喵
[2026-02-22 03:44:43] 机器机器祝你天天开心: ？
[2026-02-22 03:44:43] 草莓冰酪: ☝️🗿☝️🗿☝️🗿☝️🗿☝️🗿☝️🗿☝️🗿☝️🗿☝️🗿☝️🗿☝️🗿☝️🗿
[2026-02-22 03:44:43] 有些话总来不及: ☝️🗿☝️🗿☝️🗿☝️🗿☝️🗿☝️🗿☝️🗿☝️🗿☝️🗿☝️🗿☝️🗿☝️🗿
[2026-02-22 03:44:43] 啦啦啦啦啦2186: 1
[2026-02-22 03:44:43] 天守阁信长: ?
[2026-02-22 03:44:43] 泠鸢不是冷鸢丶: ☝️🗿☝️🗿☝️🗿☝️🗿☝️🗿☝️🗿☝️🗿☝️🗿☝️🗿☝️🗿☝️🗿☝️🗿
[2026-02-22 03:44:43] 卡啊卡卡丶: ☝️🗿☝️🗿☝️🗿☝️🗿☝️🗿☝️🗿☝️🗿☝️🗿☝️🗿☝️🗿☝️🗿☝️🗿喵
[2026-02-22 03:44:43] 鹿公爷: ☝️🗿☝️🗿☝️🗿☝️🗿☝️🗿☝️🗿☝️🗿☝️🗿☝️🗿☝️🗿☝️🗿☝️🗿
[2026-02-22 03:44:43] 玉蜀黍巧克力: ？
[2026-02-22 03:44:44] 我褴褛你彩绘: ？
[2026-02-22 03:44:44] 千叶spilx: ☝️🗿☝️🗿☝️🗿☝️🗿☝️🗿☝️🗿☝️🗿☝️🗿☝️🗿☝️🗿☝️🗿☝️🗿
[2026-02-22 03:44:44] 人活着就是为了玩乐队: ☝️🗿☝️🗿☝️🗿☝️🗿☝️🗿☝️🗿☝️🗿☝️🗿☝️🗿☝️🗿☝️🗿☝️🗿
[2026-02-22 03:44:44] 丨Connor: 一键扫荡
[2026-02-22 03:44:44] EliGUI: ☝️🗿☝️🗿☝️🗿☝️🗿☝️🗿☝️🗿☝️🗿☝️🗿☝️🗿☝️🗿☝️🗿☝️🗿
[2026-02-22 03:44:44] 诩中星: ☝️🗿☝️🗿☝️🗿☝️🗿☝️🗿☝️🗿☝️🗿☝️🗿☝️🗿☝️🗿☝️🗿☝️🗿
[2026-02-22 03:44:44] 沸物贝利亚大王: ☝️🗿☝️🗿☝️🗿☝️🗿☝️🗿☝️🗿☝️🗿☝️🗿☝️🗿☝️🗿☝️🗿☝️🗿
[2026-02-22 03:44:45] 腋毛老狗子: ☝️🗿☝️🗿☝️🗿☝️🗿☝️🗿☝️🗿☝️🗿☝️🗿☝️🗿☝️
[2026-02-22 03:44:45] inflamer: ☝️🗿☝️🗿☝️🗿☝️🗿☝️🗿☝️🗿☝️🗿☝️🗿☝️🗿☝️🗿☝️🗿☝️🗿
[2026-02-22 03:44:45] 毛驴肖汉: ？
[2026-02-22 03:44:45] 咩力羊: 蒙古麻了
[2026-02-22 03:44:45] 一拳打爆你魔丸: ☝️🗿☝️🗿☝️🗿☝️🗿☝️🗿☝️🗿☝️🗿☝️🗿☝️🗿☝️
[2026-02-22 03:44:45] Pioneer893: ☝️🗿☝️🗿☝️🗿☝️🗿☝️🗿☝️🗿☝️🗿☝️🗿☝️🗿☝️🗿☝️🗿☝️🗿
[2026-02-22 03:44:46] 小蜜蜂的长期素食本人: 开源了
[2026-02-22 03:44:46] 洞洞载载车车major冠军: @🗿：弹幕闹麻了 一直在说净化弹幕环境 结果还是要我亲自来净化☝️🗿
[2026-02-22 03:44:46] 玩机爹丶Device: ☝️🗿☝️🗿☝️🗿☝️🗿☝️🗿☝️🗿☝️🗿☝️🗿☝️🗿☝️🗿☝️🗿☝️🗿喵
[2026-02-22 03:44:46] 强尼手银9527号: ☝️🗿☝️🗿☝️🗿☝️🗿☝️🗿☝️🗿☝️🗿☝️🗿☝️🗿☝️🗿☝️🗿☝️🗿
[2026-02-22 03:44:46] 无能狂辣: ☝️🗿☝️🗿☝️🗿☝️🗿☝️🗿☝️🗿☝️🗿☝️🗿☝️🗿☝️🗿☝️🗿☝️🗿
[2026-02-22 03:44:46] Kacyusha: ？
[2026-02-22 03:44:46] x椒叔人x: ☝️🗿☝️🗿☝️🗿☝️🗿☝️🗿☝️🗿☝️🗿☝️🗿☝️🗿☝️🗿☝️🗿☝️🗿喵
[2026-02-22 03:44:47] 殇10876: ☝️🗿☝️🗿☝️🗿☝️🗿☝️🗿☝️🗿☝️🗿☝️🗿☝️🗿☝️🗿☝️🗿☝️🗿喵
[2026-02-22 03:44:47] P1nkMatter: ☝️🗿☝️🗿☝️🗿☝️🗿☝️🗿☝️🗿☝️🗿☝️🗿☝️🗿☝️
[2026-02-22 03:44:47] LvvsiN: 孩子们快跑，马修赫伯特来了😨卧槽你的怎么是马枪和BOT
[2026-02-22 03:44:47] 傻孩子我是你蛇叔: ☝️🗿☝️🗿☝️🗿☝️🗿☝️🗿☝️🗿☝️🗿☝️🗿☝️🗿☝️🗿☝️🗿☝️🗿
[2026-02-22 03:44:47] 某天别梦: 研帝
[2026-02-22 03:44:47] 二二二二虎子: ☝️🗿☝️🗿☝️🗿☝️🗿☝️🗿☝️🗿☝️🗿☝️🗿☝️🗿☝️
[2026-02-22 03:44:47] 用户5435755755: ☝️🗿☝️🗿☝️🗿☝️🗿☝️🗿☝️🗿☝️🗿☝️🗿☝️🗿☝️🗿☝️🗿☝️🗿喵
[2026-02-22 03:44:47] soul丶兮颜: ☝️🗿☝️🗿☝️🗿☝️🗿☝️🗿☝️🗿☝️🗿☝️🗿☝️🗿☝️🗿☝️🗿☝️🗿
[2026-02-22 03:44:48] 星海羽弦: ☝️🗿☝️🗿☝️🗿☝️🗿☝️🗿☝️🗿☝️🗿☝️🗿☝️🗿☝️🗿☝️🗿☝️🗿
[2026-02-22 03:44:48] 丶陪你直到世界尽头: ☝️🗿☝️🗿☝️🗿☝️🗿☝️🗿☝️🗿☝️🗿☝️🗿☝️🗿☝️🗿☝️🗿☝️🗿
[2026-02-22 03:44:48] 用户247509865: 一键扫荡
[2026-02-22 03:44:48] UsKyorz: ☝️🗿☝️🗿☝️🗿☝️🗿☝️🗿☝️🗿☝️🗿☝️🗿☝️🗿☝️🗿☝️🗿☝️🗿
[2026-02-22 03:44:48] 高松灯扣死千早爱音: ☝️🗿☝️🗿☝️🗿☝️🗿☝️🗿☝️🗿☝️🗿☝️🗿☝️🗿☝️🗿☝️🗿☝️🗿
[2026-02-22 03:44:48] 撅银龙: 挂
[2026-02-22 03:44:48] csgo小茄子: ☝️🗿☝️🗿☝️🗿☝️🗿☝️🗿☝️🗿☝️🗿☝️🗿☝️🗿☝️🗿☝️🗿☝️🗿
[2026-02-22 03:44:48] 落泪改名含泪: 炎帝
[2026-02-22 03:44:49] 人活着就是为了玩乐队: ☝️🗿☝️🗿☝️🗿☝️🗿☝️🗿☝️🗿☝️🗿☝️🗿☝️🗿☝️🗿☝️🗿☝️🗿
[2026-02-22 03:44:49] 一只波加猹: ☝️🗿☝️🗿☝️🗿☝️🗿☝️🗿☝️🗿☝️🗿☝️🗿☝️🗿☝️🗿☝️🗿☝️🗿
[2026-02-22 03:44:49] 20岁的大鹰精: ☝️🗿☝️🗿☝️🗿☝️🗿☝️🗿☝️🗿☝️🗿☝️🗿☝️🗿☝️🗿☝️🗿☝️🗿
[2026-02-22 03:44:49] vobbbbb: ☝️🗿☝️🗿☝️🗿☝️🗿☝️🗿☝️🗿☝️🗿☝️🗿☝️🗿☝️🗿☝️🗿☝️🗿喵
[2026-02-22 03:44:49] 暗夜吶: ☝️🗿☝️🗿☝️🗿☝️🗿☝️🗿☝️🗿☝️🗿☝️🗿☝️🗿☝️
[2026-02-22 03:44:49] 野pig亨利28: ☝️🗿☝️🗿☝️🗿☝️🗿☝️🗿☝️🗿☝️🗿☝️🗿☝️🗿☝️🗿☝️🗿☝️🗿
[2026-02-22 03:44:49] 橙黄双翼: 中路刷经验
[2026-02-22 03:44:50] Xlin09: 　　　 ☝️🗿☝️🗿☝️🗿☝️🗿☝️🗿☝️🗿☝️🗿☝️🗿☝️🗿☝️🗿☝️🗿☝️
[2026-02-22 03:44:50] 零北鸢: ☝️🗿☝️🗿☝️🗿☝️🗿☝️🗿☝️🗿☝️🗿☝️🗿☝️🗿☝️🗿☝️🗿☝️🗿
[2026-02-22 03:44:50] 南小鸡丶advent: ☝️🗿☝️🗿☝️🗿☝️🗿☝️🗿☝️🗿☝️🗿☝️🗿☝️🗿☝️
[2026-02-22 03:44:50] 重返30岁的zywoo: 研帝
[2026-02-22 03:44:50] 对着光说话: ☝️🗿☝️🗿☝️🗿☝️🗿☝️🗿☝️🗿☝️🗿☝️🗿☝️🗿☝️🗿☝️🗿☝️🗿喵
[2026-02-22 03:44:50] 青闽: ☝️🗿☝️🗿☝️🗿☝️🗿☝️🗿☝️🗿☝️🗿☝️🗿☝️🗿☝️
[2026-02-22 03:44:50] 在原Nanami: @🗿：弹幕闹麻了 一直在说净化弹幕环境 结果还是要我亲自来净化☝️🗿
[2026-02-22 03:44:51] SecretBetrayal: ☝️🗿☝️🗿☝️🗿☝️🗿☝️🗿☝️🗿☝️🗿☝️🗿☝️🗿☝️🗿☝️🗿☝️🗿
[2026-02-22 03:44:51] MR-POTATO: ☝️🗿☝️🗿☝️🗿☝️🗿☝️🗿☝️🗿☝️🗿☝️🗿☝️🗿☝️🗿☝️🗿☝️🗿
[2026-02-22 03:44:51] 刘刘的农: ☝️🗿☝️🗿☝️🗿☝️🗿☝️🗿☝️🗿☝️🗿☝️🗿☝️🗿☝️🗿☝️🗿☝️🗿
[2026-02-22 03:44:51] 看死Herbaut就杀了你: 帅
[2026-02-22 03:44:51] 用户32522728: ☝️🗿☝️🗿☝️🗿☝️🗿☝️🗿☝️🗿☝️🗿☝️🗿☝️🗿☝️🗿☝️🗿☝️🗿
[2026-02-22 03:44:52] 一个无趣的人425: ☝️🗿☝️🗿☝️🗿☝️🗿☝️🗿☝️🗿☝️🗿☝️🗿☝️🗿☝️🗿☝️🗿☝️🗿喵
[2026-02-22 03:44:52] 爱斯特音音: ☝️🗿☝️🗿☝️🗿☝️🗿☝️🗿☝️🗿☝️🗿☝️🗿☝️🗿☝️
[2026-02-22 03:44:52] 子夜丷花开: 猎鹰想象中的自己
[2026-02-22 03:44:52] 维布罗斯: ☝️🗿☝️🗿☝️🗿☝️🗿☝️🗿☝️🗿☝️🗿☝️🗿☝️🗿☝️🗿☝️🗿☝️🗿
[2026-02-22 03:44:52] 大梦464: ☝️🗿☝️🗿☝️🗿☝️🗿☝️🗿☝️🗿☝️🗿☝️🗿☝️🗿☝️🗿☝️🗿☝️🗿
[2026-02-22 03:44:52] 剑崎梨梨花: ☝️🗿☝️🗿☝️🗿☝️🗿☝️🗿☝️🗿☝️🗿☝️🗿☝️🗿☝️🗿☝️🗿☝️🗿
[2026-02-22 03:44:52] 忽孝山庄: 一键扫荡
[2026-02-22 03:44:52] ede41: ☝️🗿☝️🗿☝️🗿☝️🗿☝️🗿☝️🗿☝️🗿☝️🗿☝️🗿☝️🗿☝️🗿☝️🗿
[2026-02-22 03:44:52] LeoMessi99: ☝️🗿☝️🗿☝️🗿☝️🗿☝️🗿☝️🗿☝️🗿☝️🗿☝️🗿☝️
[2026-02-22 03:44:53] ScachR: ☝️🗿☝️🗿☝️🗿☝️🗿☝️🗿☝️🗿☝️🗿☝️🗿☝️🗿☝️🗿☝️🗿☝️🗿
[2026-02-22 03:44:53] loveyj520closer: 　　　 ☝️🗿☝️🗿☝️🗿☝️🗿☝️🗿☝️🗿☝️🗿☝️🗿☝️🗿☝️🗿☝️🗿☝️
[2026-02-22 03:44:53] 人活着就是为了玩乐队: ☝️🗿☝️🗿☝️🗿☝️🗿☝️🗿☝️🗿☝️🗿☝️🗿☝️🗿☝️🗿☝️🗿☝️🗿
[2026-02-22 03:44:53] G2俘虏uzi: ☝️🗿☝️🗿☝️🗿☝️🗿☝️🗿☝️🗿☝️🗿☝️🗿☝️🗿☝️🗿☝️🗿☝️🗿
[2026-02-22 03:44:53] 用户25456139: ☝️🗿☝️🗿☝️🗿☝️🗿☝️🗿☝️🗿☝️🗿☝️🗿☝️🗿☝️🗿☝️🗿☝️🗿
[2026-02-22 03:44:53] Demon916: 机器，如果你觉得拉房间墙开裂👃毛比a1消音器长全仓黑蛋5k小时b+的房管当盾牌很有意思的话，请继续
[2026-02-22 03:44:53] LilPurpp803: ☝️🗿☝️🗿☝️🗿☝️🗿☝️🗿☝️🗿☝️🗿☝️🗿☝️🗿☝️🗿☝️🗿☝️🗿
[2026-02-22 03:44:53] 用户7717188970: ☝️🗿☝️🗿☝️🗿☝️🗿☝️🗿☝️🗿☝️🗿☝️🗿☝️🗿☝️🗿☝️🗿☝️🗿
[2026-02-22 03:44:53] Th0tiana: 研帝
[2026-02-22 03:44:54] 绝食十年攒爱top3飞机: ☝️🗿☝️🗿☝️🗿☝️🗿☝️🗿☝️🗿☝️🗿☝️🗿☝️🗿☝️🗿☝️🗿☝️🗿
[2026-02-22 03:44:54] 七海千秋娜娜米: 冷知识，玩机器曾经说过device有major，niko有什么
[2026-02-22 03:44:54] Kirse: 开源
[2026-02-22 03:44:54] Q1ed7f9c85b3bc7571: ☝️🗿☝️🗿☝️🗿☝️🗿☝️🗿☝️🗿☝️🗿☝️🗿☝️🗿☝️
[2026-02-22 03:44:54] 他们都叫我用脚: ☝️🗿☝️🗿☝️🗿☝️🗿☝️🗿☝️🗿☝️🗿☝️🗿☝️🗿☝️🗿☝️🗿☝️🗿
[2026-02-22 03:44:54] 雨的舟: ☝️🗿☝️🗿☝️🗿☝️🗿☝️🗿☝️🗿☝️🗿☝️🗿☝️🗿☝️
[2026-02-22 03:44:55] 吻火之莺: ☝️🗿☝️🗿☝️🗿☝️🗿☝️🗿☝️🗿☝️🗿☝️🗿☝️🗿☝️
[2026-02-22 03:44:55] 蜗牛蜗牛你快快走: ☝️🗿☝️🗿☝️🗿☝️🗿☝️🗿☝️🗿☝️🗿☝️🗿☝️🗿☝️🗿☝️🗿☝️🗿
[2026-02-22 03:44:55] 康托尔74920: ☝️🗿☝️🗿☝️🗿☝️🗿☝️🗿☝️🗿☝️🗿☝️🗿☝️🗿☝️🗿☝️🗿☝️🗿
[2026-02-22 03:44:55] 新津粥劫伦: 我提一句，有人在研发
[2026-02-22 03:44:55] Glew6: ☝️🗿☝️🗿☝️🗿☝️🗿☝️🗿☝️🗿☝️🗿☝️🗿☝️🗿☝️🗿☝️🗿☝️🗿喵
[2026-02-22 03:44:56] papacarrot: 五个奶嘴里面粉粉最恨的只有donk了。。
[2026-02-22 03:44:56] 玩机器是标志: ？
[2026-02-22 03:44:56] 暗月凌: ☝️🗿☝️🗿☝️🗿☝️🗿☝️🗿☝️🗿☝️🗿☝️🗿☝️🗿☝️🗿☝️🗿☝️🗿
[2026-02-22 03:44:56] ZninET9: 猎鹰想象中的自己
[2026-02-22 03:44:57] musherzin: ☝️🗿☝️🗿☝️🗿☝️🗿☝️🗿☝️🗿☝️🗿☝️🗿☝️🗿☝️🗿☝️🗿☝️🗿
[2026-02-22 03:44:57] C9的牧濑红莉栖本人: ☝️🗿☝️🗿☝️🗿☝️🗿☝️🗿☝️🗿☝️🗿☝️🗿☝️🗿☝️
[2026-02-22 03:44:57] 喵蹄丝: 研帝
[2026-02-22 03:44:57] 专看玩机器的号: 猎鹰想象中的自己
[2026-02-22 03:44:57] 你们虫脆就是红蛋: ☝️🗿☝️🗿☝️🗿☝️🗿☝️🗿☝️🗿☝️🗿☝️🗿☝️🗿☝️🗿☝️🗿☝️🗿
[2026-02-22 03:44:58] F1五冠车手维斯塔潘: 🗿：blitz，我来帮你科研
[2026-02-22 03:44:58] 爱音铁板双架冒充素世: 　　　 ☝️🗿☝️🗿☝️🗿☝️🗿☝️🗿☝️🗿☝️🗿☝️🗿☝️🗿☝️🗿☝️🗿☝️
[2026-02-22 03:44:58] 丨Connor: PV学什么啊
[2026-02-22 03:44:58] 忍野忍小忍: 猎鹰想象中的自己
[2026-02-22 03:44:58] 皮皮SNAKE: ☝️🗿☝️🗿☝️🗿☝️🗿☝️🗿☝️🗿☝️🗿☝️🗿☝️🗿☝️🗿☝️🗿☝️🗿
[2026-02-22 03:44:59] LWJTMAC01: 假装学院的肌肉派
[2026-02-22 03:44:59] Schnuffels: 骗麻了，这波阵型重中路就一套闪光了
[2026-02-22 03:44:59] 兔子Usaki: 🗿：1滴血锁住就是我的研发
[2026-02-22 03:44:59] 火暴兽也干了: 猎鹰想象中的自己
[2026-02-22 03:44:59] 你的能量超乎你想象啊: zywoo：中门最后一个
[2026-02-22 03:44:59] mujica的长崎素世本人: 　　　 ☝️🗿☝️🗿☝️🗿☝️🗿☝️🗿☝️🗿☝️🗿☝️🗿☝️🗿☝️🗿☝️🗿☝️
[2026-02-22 03:44:59] 丰川祥子口三角初华: 猎鹰想象中的自己
[2026-02-22 03:44:59] 果内: 猎鹰想象中的自己
[2026-02-22 03:45:00] 长期素食从不熬夜: ☝️🗿☝️🗿☝️🗿☝️🗿☝️🗿☝️🗿☝️🗿☝️🗿☝️🗿☝️🗿☝️🗿☝️🗿
[2026-02-22 03:45:00] FaZeClan-Ropz: 图书馆
[2026-02-22 03:45:00] 是印花啊: ☝️🗿☝️🗿☝️🗿☝️🗿☝️🗿☝️🗿☝️🗿☝️🗿☝️🗿☝️喵
[2026-02-22 03:45:00] 一根鞋: 玩你的m
[2026-02-22 03:45:00] papacarrot: ☝️🗿☝️🗿☝️🗿☝️🗿☝️🗿☝️🗿☝️🗿☝️🗿☝️🗿☝️🗿☝️🗿☝️🗿喵
[2026-02-22 03:45:00] 玉蜀黍巧克力: @dastan：我看你的m
[2026-02-22 03:45:00] 草莓冰酪: 全站禁言地狱归来
[2026-02-22 03:45:00] 用户25456139: 研帝
[2026-02-22 03:45:01] wedd1ddeJodd: ☝️🗿☝️🗿☝️🗿☝️🗿☝️🗿☝️🗿☝️🗿☝️🗿☝️🗿☝️
[2026-02-22 03:45:01] 柚子厨0721: 　　　 ☝️🗿☝️🗿☝️🗿☝️🗿☝️🗿☝️🗿☝️🗿☝️🗿☝️🗿☝️🗿☝️🗿☝️
[2026-02-22 03:45:01] LvvsiN: 其实碗橱就是猪灵，你不拿黄金丢他他就不跟你说话
[2026-02-22 03:45:01] viovvvvvvvon: 弹幕闹麻了 一直在说净化弹幕环境 结果还是要我亲自来净化☝️🗿
[2026-02-22 03:45:01] Meik7: 猎鹰想象中的自己
[2026-02-22 03:45:02] fx战士久留美: ☝️🗿☝️🗿☝️🗿☝️🗿☝️🗿☝️🗿☝️🗿☝️🗿☝️🗿☝️🗿☝️🗿☝️🗿
[2026-02-22 03:45:02] 呜呜呜水温烫烫: 闹麻了
[2026-02-22 03:45:02] aruiketto: ☝️🗿☝️🗿☝️🗿☝️🗿☝️🗿☝️🗿☝️🗿☝️🗿☝️🗿☝️🗿☝️🗿☝️🗿
[2026-02-22 03:45:02] TritiumOxide: ☝️🗿☝️🗿☝️🗿☝️🗿☝️🗿☝️🗿☝️🗿☝️🗿☝️🗿☝️🗿☝️🗿☝️🗿
[2026-02-22 03:45:03] 喜当爹的高富帅: 猎鹰想象中的自己
[2026-02-22 03:45:03] 黑化的玩小将: 那还说啥呢，冠军给你了呗！
[2026-02-22 03:45:03] 河北雨姐: 　　　 ☝️🗿☝️🗿☝️🗿☝️🗿☝️🗿☝️🗿☝️🗿☝️🗿☝️🗿☝️🗿☝️🗿☝️
[2026-02-22 03:45:04] 爱被小泉吃的拉面同学: 猎鹰想象中的自己
[2026-02-22 03:45:04] MichaelJackson: 研弟
[2026-02-22 03:45:04] 好姐妹河北省花: 猎鹰想象中的自己
[2026-02-22 03:45:04] wedd1ddeJodd: 冷知识，玩机器曾经说过device有major，niko有什么
[2026-02-22 03:45:05] 一刀一个啵啵怪: 开始招魂了卧槽
[2026-02-22 03:45:05] LvvsiN: 弹幕别吵了，银行业一样一样有有有也会有h'y'hui't'y'r's'c'dn
[2026-02-22 03:45:05] 小救星小杜DuD: 冷知识，玩机器曾经说过device有major，niko有什么
[2026-02-22 03:45:05] papacarrot: ☝️🗿☝️🗿☝️🗿☝️🗿☝️🗿☝️🗿☝️🗿☝️🗿☝️🗿☝️🗿☝️🗿☝️🗿
[2026-02-22 03:45:05] 好兄弟鲁迪乌斯: ☝️🗿☝️🗿☝️🗿☝️🗿☝️🗿☝️🗿☝️🗿☝️🗿☝️🗿☝️
[2026-02-22 03:45:05] 用户80930680: 猎鹰想象中的自己
[2026-02-22 03:45:06] CThun438: 最搞笑的是真有尼孩粉以为玩机器是尼孩粉，殊不知🦐哥这个外号就是玩机器起的，从老汤身上
[2026-02-22 03:45:06] 欧阳oyyo: @🗿：我才是研帝！！！哈哈哈！！！
[2026-02-22 03:45:06] 猎鹰王朝从今天开始: jame闷了，这还研究个毛
[2026-02-22 03:45:06] 啦啦啦啦啦2186: 猎鹰想象中的自己
[2026-02-22 03:45:06] Asaki薯片: 猎鹰想象中的自己
[2026-02-22 03:45:06] Wi1en: 猎鹰想象中的自己
[2026-02-22 03:45:07] Rosie1st: g，the next level play
[2026-02-22 03:45:07] 汤汤魔魔mmmmmmmmajor冠军: 猎鹰想象中的自己
[2026-02-22 03:45:07] 瘤道仙人: ☝️🗿☝️🗿☝️🗿☝️🗿☝️🗿☝️🗿☝️🗿☝️🗿☝️🗿☝️🗿☝️🗿☝️🗿
[2026-02-22 03:45:07] LvvsiN: 我提一嘴这剧情越来越像上海major了
[2026-02-22 03:45:07] 玩Bot: 肘击！💪😠肘击！💪😠肘击！💪😠肘击！💪😠肘击！💪😠肘击！💪😠肘击！💪😠喵
[2026-02-22 03:45:08] triangle233: 🗿：没人注意到一位蒙古研究员吗……
[2026-02-22 03:45:08] 布达佩斯MajorMVP-NIKO: 　　　 ☝️🗿☝️🗿☝️🗿☝️🗿☝️🗿☝️🗿☝️🗿☝️🗿☝️🗿☝️🗿☝️🗿☝️
[2026-02-22 03:45:08] Ba2Zi: 　　　 ☝️🗿☝️🗿☝️🗿☝️🗿☝️🗿☝️🗿☝️🗿☝️🗿☝️🗿☝️🗿☝️🗿☝️
[2026-02-22 03:45:08] Axel-XY: 弹幕闹麻了 一直在说净化弹幕环境 结果还是要我亲自来净化☝️🗿
[2026-02-22 03:45:08] 小小小蕉: 猎鹰想象中的自己
[2026-02-22 03:45:08] gjcdh: 猎鹰想象中的自己
[2026-02-22 03:45:09] tracy奇: 猎鹰想象中的自己
[2026-02-22 03:45:09] 汤汤魔魔mmmmmmmmajor冠军: 猎鹰想象中的自己
[2026-02-22 03:45:09] 唐送八大家: 猎鹰想象中的自己
[2026-02-22 03:45:09] 大稽基: 猎鹰想象中的自己
[2026-02-22 03:45:09] LvvsiN: 弹幕也就网上说说，现实里谁不觉得樱姐是好女孩（删括号领一条远坂凛同款鸟笼）
[2026-02-22 03:45:09] guhao98: 猎鹰想象中的自己
[2026-02-22 03:45:09] Akiba的牧濑红莉栖本人: 猎鹰想象中的自己
[2026-02-22 03:45:10] N1coZer4: 其实碗橱就是猪灵，你不拿黄金丢他他就不跟你说话
[2026-02-22 03:45:10] ElfSenIor: 🗿：blitz，我来帮你科研
[2026-02-22 03:45:10] 我在浙江改稻为桑: 猎鹰想象中的自己
[2026-02-22 03:45:10] P丶ersist丿: 全站禁言地狱归来
[2026-02-22 03:45:11] 玩台钳丶阿尔托莉雅: 冷知识，玩机器曾经说过device有major，niko有什么
[2026-02-22 03:45:11] 罕见阴暗大铁牛: 猎鹰想象中的自己
[2026-02-22 03:45:11] 汤汤魔魔mmmmmmmmajor冠军: 猎鹰想象中的自己
[2026-02-22 03:45:11] 安神才不腿: 猎鹰想象中的自己
[2026-02-22 03:45:11] LvvsiN: 其实碗橱就是猪灵，你不拿黄金丢他他就不跟你说话
[2026-02-22 03:45:11] 皮皮SNAKE: @🗿📱：GG EZ TY
[2026-02-22 03:45:11] PlumAR: ☝️🗿☝️🗿☝️🗿☝️🗿☝️🗿☝️🗿☝️🗿☝️🗿☝️🗿☝️🗿☝️🗿☝️🗿
[2026-02-22 03:45:11] rem3dy: 蒙古几十个人的恶意哦能响彻整个场馆。。。真实恶臭啊。。。
[2026-02-22 03:45:12] 速溶沙地兽: 🗿：1滴血锁住就是我的研发
[2026-02-22 03:45:12] 用户2262650671: 猎鹰想象中的自己
[2026-02-22 03:45:12] 骄骄爱吃糖: 一件扫荡
[2026-02-22 03:45:12] 看死Herbaut就杀了你: 猎鹰想象中的自己
[2026-02-22 03:45:12] 爱健身的然然然然然: 还在lets go go home是吧
[2026-02-22 03:45:12] 秋Fc: @🗿：我将亲自辅助布里茨研究员
[2026-02-22 03:45:13] 卡啊卡卡丶: @草莓冰酪：全站禁言地狱归来
[2026-02-22 03:45:13] papacarrot: 五个奶嘴里面粉粉最恨的只有donk了。。
[2026-02-22 03:45:13] LvvsiN: 其实碗橱就是猪灵，你不拿黄金丢他他就不跟你说话
[2026-02-22 03:45:13] 黄太公丶: 一键扫荡了
[2026-02-22 03:45:13] 你的能量超乎你想象啊: 猎鹰想象中的自己
[2026-02-22 03:45:14] 无伟契约: -110
[2026-02-22 03:45:14] 玩斯特机机: 快
[2026-02-22 03:45:14] Crych1c的若叶睦本人: 弹幕闹麻了 一直在说净化弹幕环境 结果还是要我亲自来净化☝️🗿
[2026-02-22 03:45:14] viovvvvvvvon: 房管你给我滚
[2026-02-22 03:45:14] 静寂风: ？
[2026-02-22 03:45:14] 玩机器今晚还播吗: 警告⚠️警告⚠️警告⚠️警告⚠️警告⚠️警告⚠️
[2026-02-22 03:45:14] 小小百合恋歌: 猎鹰想象中的自己
[2026-02-22 03:45:15] 专看玩机器的号: 快
[2026-02-22 03:45:15] 想看老师打黄金赛: ？
[2026-02-22 03:45:15] 杀鱼杀主宰: 猎鹰想象中的自己
[2026-02-22 03:45:15] LvvsiN: 你屏蔽词都快赶上新华词典了为什么不干脆开一百级发言？
[2026-02-22 03:45:15] vongwu: 载开始了
[2026-02-22 03:45:16] 用户5431385679: ☝️🗿☝️🗿☝️🗿☝️🗿☝️🗿☝️🗿☝️🗿☝️🗿☝️🗿☝️🗿☝️🗿☝️🗿
[2026-02-22 03:45:16] 爱被小泉吃的拉面同学: ？
[2026-02-22 03:45:16] 他们都叫我用脚: 挂
[2026-02-22 03:45:16] User5092: -110
[2026-02-22 03:45:17] 撒浪嘿呦0v0: ？
[2026-02-22 03:45:17] 机器机器祝你天天开心: 快
[2026-02-22 03:45:17] MSK枫: 唉，你都解说地这么带劲了，那我只能送你75个荧光棒了。。。
[2026-02-22 03:45:17] NearrrR: 猎鹰真没这道具协同
[2026-02-22 03:45:17] soul丶兮颜: ？
[2026-02-22 03:45:17] 洛陽城里看落陽: 该来的还是来了
[2026-02-22 03:45:17] 暗月舞魂殇: 猎鹰想象中的自己
[2026-02-22 03:45:17] LvvsiN: 弹幕别吵了，银行业一样一样有有有也会有h'y'hui't'y'r's'c'dn
[2026-02-22 03:45:17] 玩斯特机机: -110
[2026-02-22 03:45:17] 好姐妹芙卡洛斯: 看懂了
[2026-02-22 03:45:17] SuperSaiyan卡卡罗特: ？
[2026-02-22 03:45:18] 鹿公爷: 经典
[2026-02-22 03:45:18] 鲜血与暗影铸造的家伙: 保留节目
[2026-02-22 03:45:18] 瘤道仙人: ☝️🗿☝️🗿☝️🗿☝️🗿☝️🗿☝️🗿☝️🗿☝️🗿☝️🗿☝️🗿☝️🗿☝️🗿
[2026-02-22 03:45:18] 古怪的一个人: -110
[2026-02-22 03:45:18] Aleksumimi: -0
[2026-02-22 03:45:18] 999绝情殇: 猎鹰想象中的自己
[2026-02-22 03:45:19] 晏华裤子拉链没拉: fw
[2026-02-22 03:45:19] 窦妪惯例全思慕: -110
[2026-02-22 03:45:19] qimingxingde: 数值差距太大
[2026-02-22 03:45:19] LvvsiN: 玩 出，我双倍呢？😡😡玩 出，我双倍呢？😡😡玩 出，我双倍呢？😡😡玩 出，我双倍呢？😡
[2026-02-22 03:45:19] 暗月舞魂殇: 既有数值又有纪律
[2026-02-22 03:45:20] 个人简介Pt2: ？？？
[2026-02-22 03:45:20] papacarrot: 五个奶嘴里面粉粉最恨的只有donk了。。
[2026-02-22 03:45:20] csgo小茄子: 机器，如果你觉得拉房间墙开裂👃毛比a1消音器长全仓黑蛋5k小时b+的房管当盾牌很有意思的话，请继续
[2026-02-22 03:45:20] 用户5435755755: -110
[2026-02-22 03:45:20] Bob小熊君: 收费成功
[2026-02-22 03:45:21] 鸽佬kartoloTG: 舒服了
[2026-02-22 03:45:21] 诶丶你还好吗: 110
[2026-02-22 03:45:21] LvvsiN: 我让你开双倍你二龙吗？老子荧光棒要过期了
[2026-02-22 03:45:21] 小救星小杜DuD: -134
[2026-02-22 03:45:21] 勤奋努力的Obito: 猎鹰想象中的自己
[2026-02-22 03:45:22] 没事小子: 看懂了
[2026-02-22 03:45:22] 陌襲: fw
[2026-02-22 03:45:22] 红魔馆的蕾米莉亚本人: 猎鹰想象中的自己
[2026-02-22 03:45:22] Zxj1ing: -200
[2026-02-22 03:45:22] 这牙缝可以: 最后一局 终于来了
[2026-02-22 03:45:22] SherryAiovo: 违建收费站
[2026-02-22 03:45:22] lucky發發發: 该来的还是来了
[2026-02-22 03:45:22] 我只能说只能说那个: -99
[2026-02-22 03:45:23] 灯火灬阑珊处2: 不是110？怪不得肄业
[2026-02-22 03:45:23] 速溶沙地兽: fw
[2026-02-22 03:45:23] 哥帅气爷们男人丶勇: -0
[2026-02-22 03:45:23] LvvsiN: @阿汤日记：一个人，5发子弹，保住格陵兰岛。我不会叫它不可能完成的任务，我现在只想先回家看亦博
[2026-02-22 03:45:23] csgo小茄子: 机器，如果你觉得拉房间墙开裂👃毛比a1消音器长全仓黑蛋5k小时b+的房管当盾牌很有意思的话，请继续
[2026-02-22 03:45:24] 姚少v6: 我就是来看这个的
[2026-02-22 03:45:24] 耶耶耶的感觉: 这下看懂了
[2026-02-22 03:45:24] 老猎人Tender: -110
[2026-02-22 03:45:24] 糖嗜综合征: 舒服了
[2026-02-22 03:45:24] 想看老师打黄金赛: 敢省道具
[2026-02-22 03:45:25] papacarrot: 五个奶嘴里面粉粉最恨的只有donk了。。
[2026-02-22 03:45:25] 没有故事的Pluto: 尼孩粉我给你们一个信息，玩大哥直播细品复盘过波士顿major和18卡托......
[2026-02-22 03:45:25] 好兄弟鲁迪乌斯: 王八蛋 play
[2026-02-22 03:45:25] 楞鸽鸽: 神人
[2026-02-22 03:45:25] dark1337: fw中门就杀一个啊。。。
[2026-02-22 03:45:25] 全世坠可爱的ZywOo宝宝: 不是这么顺你也急
[2026-02-22 03:45:25] LvvsiN: 我提一嘴这剧情越来越像上海major了
[2026-02-22 03:45:25] 白熊小飞: 最后一把T不演了
[2026-02-22 03:45:26] 星海羽弦: fw
[2026-02-22 03:45:26] Ephem3ra: 海啸和🧊真是一对苦命鸳鸯啊...
[2026-02-22 03:45:26] fa来ze苦的疯穿箱子: 猎鹰想象中的自己
[2026-02-22 03:45:26] 言羽zzz: 👽：用完能把手指头还我吗谢谢
[2026-02-22 03:45:27] 用户3661578: 经典
[2026-02-22 03:45:27] 草莓冰酪: 全站禁言地狱归来
[2026-02-22 03:45:27] LvvsiN: 孩子们快跑，马修赫伯特来了😨卧槽你的怎么是马枪和BOT
[2026-02-22 03:45:27] XPMaster: 保留节目
[2026-02-22 03:45:27] 长泽1: fw
[2026-02-22 03:45:27] 非必要不中岀: -100的上过学吗
[2026-02-22 03:45:28] Li喵喵喵a: 我就是来看这个的
[2026-02-22 03:45:28] 宫监手放监: @🗿：我将亲自参与blitz博士的研发
[2026-02-22 03:45:28] papacarrot: 五个奶嘴里面粉粉最恨的只有donk了。。
[2026-02-22 03:45:28] csgo小茄子: 机器，如果你觉得拉房间墙开裂👃毛比a1消音器长全仓黑蛋5k小时b+的房管当盾牌很有意思的话，请继续
[2026-02-22 03:45:28] 最好的天赐: 确实啊，现场大喊大叫的都是蜜蜂粉丝捏
[2026-02-22 03:45:29] 血樱幽世: 森组也是一个位置?
[2026-02-22 03:45:29] 海绵宝宝打野儿: 这下看懂了
[2026-02-22 03:45:29] 尼尼海海出入平安: 机器，如果你觉得拉房间墙开裂👃毛比a1消音器长全仓黑蛋5k小时b+的房管当盾牌很有意思的话，请继续
[2026-02-22 03:45:29] LvvsiN: 孩子们快跑，马修赫伯特来了😨卧槽你的怎么是马枪和BOT
[2026-02-22 03:45:30] 袁雨桢的小酥肉本肉: senzu：无所谓地放牛
[2026-02-22 03:45:30] 自闭自闭了: 收费站
[2026-02-22 03:45:30] 好兄弟鲁迪乌斯: 王八蛋 play 王八蛋 play 王八蛋 play 王八蛋 play 王八蛋 play
[2026-02-22 03:45:31] 逸先生zzz: gg
[2026-02-22 03:45:31] KirinQi: -1000
[2026-02-22 03:45:31] 我吃柠檬树: 👽：用完能把手指头还我吗谢谢
[2026-02-22 03:45:31] LvvsiN: 玩宝宝，我发现在大学上学的时候肄业会很舒服，你可以试试
[2026-02-22 03:45:32] 胆小如鼠孙一峰: 王八蛋 play
[2026-02-22 03:45:32] pr0cesses: @apex：想指挥小蜜蜂真是太难了，每次都要费力考虑派出谁把对面杀完
[2026-02-22 03:45:32] JuL1us: 👽：用完能把手指头还我吗谢谢
[2026-02-22 03:45:32] 爱上女大: 王八蛋 play
[2026-02-22 03:45:33] 马楼King张三: 违章
[2026-02-22 03:45:33] csgo小茄子: 机器，如果你觉得拉房间墙开裂👃毛比a1消音器长全仓黑蛋5k小时b+的房管当盾牌很有意思的话，请继续
[2026-02-22 03:45:33] papacarrot: 五个奶嘴里面粉粉最恨的只有donk了。。
[2026-02-22 03:45:33] LvvsiN: 我让你开双倍你二龙吗？老子荧光棒要过期了
[2026-02-22 03:45:34] 空白Zzz丶: 冷知识，蜜蜂今年没赢过猎鹰
[2026-02-22 03:45:34] 祥云寺: 舒服了
[2026-02-22 03:45:34] 皮特pite174: 清理饭圈犬🧹🧹🧹🧹🧹清理饭圈犬🧹🧹🧹🧹🧹清理饭圈犬🧹🧹🧹🧹🧹
[2026-02-22 03:45:35] 剑崎梨梨花: 王八蛋 play 王八蛋 play 王八蛋 play 王八蛋 play 王八蛋 play
[2026-02-22 03:45:35] LvvsiN: 我提一嘴这剧情越来越像上海major了
[2026-02-22 03:45:35] Mahuyu: -400
[2026-02-22 03:45:36] 丨Connor: 上半场最后一分怎么也得收一收过路费了
[2026-02-22 03:45:36] 想看老师打黄金赛: 王八蛋 play 王八蛋 play 王八蛋 play 王八蛋 play 王八蛋 play
[2026-02-22 03:45:36] 玩台钳丶阿尔托莉雅: 全站禁言地狱归来
[2026-02-22 03:45:37] zzw亲传弟子wjq的接班人: 这怎么玩啊，走路掉血
[2026-02-22 03:45:37] 爱马修更爱玩宝宝: 王八蛋 play
[2026-02-22 03:45:37] 黑奈Car: 机器，如果你觉得拉房间墙开裂👃毛比a1消音器长全仓黑蛋5k小时b+的房管当盾牌很有意思的话，请继续
[2026-02-22 03:45:37] LvvsiN: 为什么房管封的不能给鱼丸……还以为今天晚上得吃了……
[2026-02-22 03:45:38] 好哥们黑龙歼灭刀: 机器，如果你觉得拉房间墙开裂👃毛比a1消音器长全仓黑蛋5k小时b+的房管当盾牌很有意思的话，请继续
[2026-02-22 03:45:38] 是印花啊: @🗿：我将亲自参与blitz博士的研发喵
[2026-02-22 03:45:38] IF的灰爱音本人: 最后一分不演了
[2026-02-22 03:45:38] Q1ed7f9c85b3bc7571: 我让你开双倍你二龙吗？老子荧光棒要过期了
[2026-02-22 03:45:39] viovvvvvvvon: 别急，还有机会
[2026-02-22 03:45:39] 大裂谷的登山家: fw
[2026-02-22 03:45:39] 好兄弟苍蓝瑆: 不要喷海啸，他只是个路人
[2026-02-22 03:45:39] 鸭硕的哈撒给: 脸色对的时候是头盔，脸色不对的时候像招魂的巫师
[2026-02-22 03:45:39] LvvsiN: 我提一嘴这剧情越来越像上海major了
[2026-02-22 03:45:40] 毛驴肖汉: 冷知识，蜜蜂今年没赢过猎鹰
[2026-02-22 03:45:40] last玩神丶: 王八蛋 play
[2026-02-22 03:45:40] TheMongolZ的上单本人: 机器，如果你觉得拉房间墙开裂👃毛比a1消音器长全仓黑蛋5k小时b+的房管当盾牌很有意思的话，请继续
[2026-02-22 03:45:41] 还有时间日落之前: 机器，如果你觉得拉房间墙开裂👃毛比a1消音器长全仓黑蛋5k小时b+的房管当盾牌很有意思的话，请继续
[2026-02-22 03:45:41] Aleksumimi: @🗿：大汗，我来助你
[2026-02-22 03:45:41] LvvsiN: 你屏蔽词都快赶上新华词典了为什么不干脆开一百级发言？
[2026-02-22 03:45:42] 二刺螈战士: 减一百的上过学？
[2026-02-22 03:45:42] 用户00137810: 机器，如果你觉得拉房间墙开裂👃毛比a1消音器长全仓黑蛋5k小时b+的房管当盾牌很有意思的话，请继续
[2026-02-22 03:45:42] 玩蛇鼠丶stabbi: 冷知识，蜜蜂今年没赢过猎鹰
[2026-02-22 03:45:42] AmamiyaIori: 机器，如果你觉得拉房间墙开裂👃毛比a1消音器长全仓黑蛋5k小时b+的房管当盾牌很有意思的话，请继续
[2026-02-22 03:45:42] Mortnotz: 冷知识，蜜蜂今年没赢过猎鹰
[2026-02-22 03:45:43] 玩机器今晚还播吗: 比分危险了
[2026-02-22 03:45:43] 全世坠可爱的ZywOo宝宝: 我就是来看这个的
[2026-02-22 03:45:43] 玖歌233XD: 这也牛物阿。。。菲比
[2026-02-22 03:45:43] csgo小茄子: 机器，如果你觉得拉房间墙开裂👃毛比a1消音器长全仓黑蛋5k小时b+的房管当盾牌很有意思的话，请继续
[2026-02-22 03:45:43] 用户6235382488: 裱纸
[2026-02-22 03:45:43] LvvsiN: 我让你开双倍你二龙吗？老子荧光棒要过期了
[2026-02-22 03:45:44] 宫监手放监: @🗿：我将亲自参与blitz博士的研发喵
[2026-02-22 03:45:44] 巨型大高玩: 王八蛋 play
[2026-02-22 03:45:45] 替天行道牧苏苏:  @陨落的星辰：@陨落的星辰： @陨落的星辰：@陨落的星辰： @陨落的星
[2026-02-22 03:45:46] LvvsiN: 额，拿亚军我都会，拿亚军，拿季军，拿四强，拿八强，拿十六强，呃拿冠军我不会，然后小组赛淘汰
[2026-02-22 03:45:46] 爱健身的然然然然然: apex把把在中门蹦蹦跳跳的
[2026-02-22 03:45:46] 玩斯特机机: 机器，如果你觉得拉房间墙开裂👃毛比a1消音器长全仓黑蛋5k小时b+的房管当盾牌很有意思的话，请继续
[2026-02-22 03:45:47] 向云i: 21级群拉一下
[2026-02-22 03:45:47] 小救星小杜DuD: 机器，如果你觉得拉房间墙开裂👃毛比a1消音器长全仓黑蛋5k小时b+的房管当盾牌很有意思的话，请继续
[2026-02-22 03:45:47] 炒鸡帅的蓝心: 冷知识，蜜蜂今年没赢过猎鹰
[2026-02-22 03:45:48] LvvsiN: 为什么房管封的不能给鱼丸……还以为今天晚上得吃了……
[2026-02-22 03:45:48] 风晓云海: 机器，如果你觉得拉房间墙开裂👃毛比a1消音器长全仓黑蛋5k小时b+的房管当盾牌很有意思的话，请继续
[2026-02-22 03:45:48] 丰川祥子口三角初华: 冷知识，蜜蜂今年没赢过猎鹰
[2026-02-22 03:45:48] 老猎人Tender: 冷知识，蜜蜂今年没赢过猎鹰
[2026-02-22 03:45:49] 诩中星: 你屏蔽词都快赶上新华词典了为什么不干脆开一百级发言？
[2026-02-22 03:45:49] 用户5608006019: @🗿：大汗，我来助你
[2026-02-22 03:45:49] wsxj131: @🗿：科技掌握在🇲🇳手里
[2026-02-22 03:45:49] Asaki薯片: @🗿：我将亲自参与blitz博士的研发喵
[2026-02-22 03:45:49] 好哥们烈永周: 　　　 机器，如果你觉得拉房间墙开裂👃毛比a1消音器长全仓黑蛋5k小时b+的房管当盾牌很有意思的话
[2026-02-22 03:45:50] LvvsiN: 就tm喜欢银行业🥰银行坏账我喜欢🥰银行挤兑我还喜欢😍利率调低我也喜欢🤤老子亲烂银行业的脸😘
[2026-02-22 03:45:50] 魔男的夜宴: 冷知识，蜜蜂今年没赢过猎鹰
[2026-02-22 03:45:50] 用玩大哥的角磨机吧:  @陨落的星辰：@陨落的星辰： @陨落的星辰：@陨落的星辰： @陨落的星
[2026-02-22 03:45:51] 布达佩斯MajorMVP-NIKO: @陨落的星子：冷知识，蜜蜂今年没赢过猎鹰
[2026-02-22 03:45:51] JOhNsoN兆: @🗿：大汗，我来助你
[2026-02-22 03:45:51] 好姐妹索菲亚: 冷知识，蜜蜂今年没赢过猎鹰
[2026-02-22 03:45:52] LvvsiN: 玩 出，我双倍呢？😡😡玩 出，我双倍呢？😡😡玩 出，我双倍呢？😡😡玩 出，我双倍呢？😡
[2026-02-22 03:45:52] 爸爸你当: 我去，这🗿太坏了，把nikoID改成了flamez
[2026-02-22 03:45:52] 西雅图之王: 冷知识，蜜蜂今年没赢过猎鹰
[2026-02-22 03:45:52] Pioneer893:  @陨落的星辰：@陨落的星辰： @陨落的星辰：@陨落的星辰： @陨落的星
[2026-02-22 03:45:52] 用户3606237177: 机器，如果你觉得拉房间墙开裂👃毛比a1消音器长全仓黑蛋5k小时b+的房管当盾牌很有意思的话，请继续
[2026-02-22 03:45:52] everch0sen: 冷知识，蜜蜂今年没赢过猎鹰
[2026-02-22 03:45:52] 夏筱筱雪: 　　　 机器，如果你觉得拉房间墙开裂👃毛比a1消音器长全仓黑蛋5k小时b+的房管当盾牌很有意思的话
[2026-02-22 03:45:53] 星海羽弦: 冷知识，蜜蜂今年没赢过猎鹰
[2026-02-22 03:45:53] individualism34144: 冷知识，蜜蜂今年没赢过猎鹰
[2026-02-22 03:45:54] LvvsiN: 孩子们快跑，马修赫伯特来了😨卧槽你的怎么是马枪和BOT
[2026-02-22 03:45:54] Imupset: 冷知识，蜜蜂今年没赢过猎鹰
[2026-02-22 03:45:55] 静寂风: ？
[2026-02-22 03:45:56] LvvsiN: 为什么房管封的不能给鱼丸……还以为今天晚上得吃了……
[2026-02-22 03:45:56] 玫瑰与紫罗兰: 冷知识，蜜蜂今年没赢过猎鹰
[2026-02-22 03:45:58] LvvsiN: 玩 出，我双倍呢？😡😡玩 出，我双倍呢？😡😡玩 出，我双倍呢？😡😡玩 出，我双倍呢？😡
[2026-02-22 03:45:58] Asaki薯片: ？
[2026-02-22 03:45:58] Q1ed7f9c85b3bc7571: 玩 出，我双倍呢？😡😡玩 出，我双倍呢？😡😡玩 出，我双倍呢？😡😡玩 出，我双倍呢？😡
[2026-02-22 03:45:58] 丰串祥子的小白袜: 冷知识，蜜蜂今年没赢过猎鹰
[2026-02-22 03:45:59] 瑭珏: 冷知识，蜜蜂今年没赢过猎鹰
[2026-02-22 03:45:59] 爸爸你当: 我去，这🗿太坏了，把nikoID改成了flamez.
[2026-02-22 03:46:00] LvvsiN: 弹幕也就网上说说，现实里谁不觉得樱姐是好女孩（删括号领一条远坂凛同款鸟笼）
[2026-02-22 03:46:00] 咕咕么么好可爱: 　　　 机器，如果你觉得拉房间墙开裂👃毛比a1消音器长全仓黑蛋5k小时b+的房管当盾牌很有意思的话
[2026-02-22 03:46:00] 静寂风: 1-9
[2026-02-22 03:46:01] fa来ze苦的疯穿箱子: 不是说过年期间收费站停运吗
[2026-02-22 03:46:01] Clathweppes: 机器，如果你觉得拉房间墙开裂👃毛比a1消音器长全仓黑蛋5k小时b+的房管当盾牌很有意思的话，请继续
[2026-02-22 03:46:01] 最强反派Vitality: 冷知识，蜜蜂今年没赢过猎鹰
[2026-02-22 03:46:02] LvvsiN: 就tm喜欢银行业🥰银行坏账我喜欢🥰银行挤兑我还喜欢😍利率调低我也喜欢🤤老子亲烂银行业的脸😘
[2026-02-22 03:46:02] 量子毁灭717: 黑豹能把蒙古送进四强真是菜完了，就应该让猎鹰和蒙古打
[2026-02-22 03:46:02] 小救星小杜DuD: 冷知识，蜜蜂今年没赢过猎鹰
[2026-02-22 03:46:03] 吃蛋挞的L: 玩 出，我双倍呢？😡😡玩 出，我双倍呢？😡😡玩 出，我双倍呢？😡😡玩 出，我双倍呢？😡
[2026-02-22 03:46:03] 双刀牛TMac: 满场的蒙古队服硬说是蜂美哦的，海啸尼考闹麻了
[2026-02-22 03:46:04] LvvsiN: 我让你开双倍你二龙吗？老子荧光棒要过期了
[2026-02-22 03:46:04] 机器机器祝你天天开心: 不疼
[2026-02-22 03:46:05] 吊人日子不过了: @🗿：再看看👀👀
[2026-02-22 03:46:05] papacarrot: 五个奶嘴里面粉粉最恨的只有donk了。。
[2026-02-22 03:46:05] MSK枫: @玩机器今晚还播吗 ： 比分危险了
[2026-02-22 03:46:06] 古怪的一个人: -94
[2026-02-22 03:46:06] ElfSenIor: 不是说过年期间收费站停运吗
[2026-02-22 03:46:06] LvvsiN: 你屏蔽词都快赶上新华词典了为什么不干脆开一百级发言？
[2026-02-22 03:46:06] 用户5608006019: 孩子们快跑，马修赫伯特来了😨卧槽你的怎么是马枪和BOT
[2026-02-22 03:46:07] 埃斯波西托200W: 　　　 冷知识，蜜蜂今年没赢过猎鹰
[2026-02-22 03:46:08] LvvsiN: 孩子们快跑，马修赫伯特来了😨卧槽你的怎么是马枪和BOT
[2026-02-22 03:46:09] 用玩大哥的角磨机吧: 玩 出，我双倍呢？😡😡玩 出，我双倍呢？😡😡玩 出
[2026-02-22 03:46:09] 梅林老公: 冷知识，蜜蜂今年没赢过猎鹰
[2026-02-22 03:46:10] LvvsiN: 玩宝宝，我发现在大学上学的时候肄业会很舒服，你可以试试
[2026-02-22 03:46:10] 替天行道牧苏苏: 弹幕也就网上说说，现实里谁不觉得樱姐是好女孩（删括号领一条远坂凛同款
[2026-02-22 03:46:12] LvvsiN: 为什么房管封的不能给鱼丸……还以为今天晚上得吃了……
[2026-02-22 03:46:13] 玩迩妈丶master: 什么破了？
[2026-02-22 03:46:13] 蓝鲸少年与小巷: 我让你开双倍你二龙吗？老子荧光棒要过期了
[2026-02-22 03:46:13] Tin23c: 羞死了
[2026-02-22 03:46:13] MiunaShiodome: b破了？
[2026-02-22 03:46:14] SakuraiHiroyoshi: 黑话
[2026-02-22 03:46:14] LvvsiN: 为什么房管封的不能给鱼丸……还以为今天晚上得吃了……
[2026-02-22 03:46:14] 长安安安nnn: ？
[2026-02-22 03:46:14] 小蜜蜂的长期素食本人: 羞死了
[2026-02-22 03:46:14] wedd1ddeJodd: 黑豹能把蒙古送进四强真是菜完了，就应该让猎鹰和蒙古打
[2026-02-22 03:46:15] 用玩大哥的角磨机吧: 冷知识，蜜蜂今年没赢过猎鹰
[2026-02-22 03:46:15] papacarrot: 五个奶嘴里面粉粉最恨的只有donk了。。
[2026-02-22 03:46:15] 银行业本人: 黑话
[2026-02-22 03:46:15] 用户2381770840: 什么破了？
[2026-02-22 03:46:16] LvvsiN: 弹幕也就网上说说，现实里谁不觉得樱姐是好女孩（删括号领一条远坂凛同款鸟笼）
[2026-02-22 03:46:16] 格拉利什: 什么破了？
[2026-02-22 03:46:17] 努力学习11199: 冷知识，蜜蜂今年没赢过猎鹰
[2026-02-22 03:46:18] viovvvvvvvon:  @陨落的星子：冷知识，蜜蜂今年没赢过猎鹰
[2026-02-22 03:46:18] LvvsiN: @阿汤日记：一个人，5发子弹，保住格陵兰岛。我不会叫它不可能完成的任务，我现在只想先回家看亦博
[2026-02-22 03:46:19] 陶芸馝: 羞死了
[2026-02-22 03:46:19] Aleksumimi: ？
[2026-02-22 03:46:19] 用户6235382488: 海啸和🧊先停，想想是谁双标当裱纸发明善意互动和恶意互动的。。。
[2026-02-22 03:46:19] 8胆小鬼8: 羞死了
[2026-02-22 03:46:20] LvvsiN: 南孚一节更比六节强，也就是一节南孚比六节南孚强，六节南孚比三十六节强，三十六节比二百一十六节强
[2026-02-22 03:46:20] 光明貘良: @🗿：布院士加油
