# room_id=6979222 host=玩机器丶Machine title=小众宝藏结晶直播 live_time= fetch_time=2026-02-21 23:45:46
[2026-02-22 01:07:06] 蓝原延渚: ⓘ您已被房管布罗利封禁，点击了解6657官威
[2026-02-22 01:07:06] NiKo三胎政策: 加了
[2026-02-22 01:07:06] 好哥们路飞: 你怎么知道人家没毛
[2026-02-22 01:07:06] NZorThs: 再见了鼠小弟
[2026-02-22 01:07:06] 软男2001: 恭喜你升级，离主播铁粉又进一步！
[2026-02-22 01:07:06] 什么名字都被用了诶: 原来前两天说的复仇是 pv 复仇🐀吗，那 pv 还挺多的啊
[2026-02-22 01:07:06] 槑皆是遗憾: 完了，加一了一个爆的，7天见
[2026-02-22 01:07:06] znnoy: ⓘ您已被房管布罗利封禁，点击了解6657官威
[2026-02-22 01:07:06] Saiki559: 经典小镇三箱后
[2026-02-22 01:07:07] A队不吃晃的小祥本人: @Hakurei-Re1mu：完了，加一了个爆的，7天后见了
[2026-02-22 01:07:07] 2steppppppp: 再见了鼠小弟
[2026-02-22 01:07:07] 斗鱼用户ReOOr7HQ: 发送他们房子🏠！发送他们房子🏠！发送他们房子🏠！发送他们房子🏠！
[2026-02-22 01:07:07] 旧城乀873: 发送他们房子🏠！发送他们房子🏠！发送他们房子🏠！发送他们房子🏠！发送他们房子🏠！
[2026-02-22 01:07:08] Oxealiz: 🏠发送他们房子🏠发送他们房子🏠发送他们房子🏠发送他们房子
[2026-02-22 01:07:08] djklyk: ⓘ您已被房管布罗利封禁，点击了解6657官威
[2026-02-22 01:07:08] 西风misu: ⓘ您已被房管布罗利封禁，点击了解6657官威
[2026-02-22 01:07:08] 迷你世界丁真学姐1: 弹幕真有尼孩粉以刷礼物为荣了🤣
[2026-02-22 01:07:08] 宇莓: ⓘ您已被房管布罗利封禁，点击了解6657官威
[2026-02-22 01:07:09] 张坤铁猪鼻: 没有双倍吗
[2026-02-22 01:07:09] crychic的tomori本人: ⓘ您已被房管布罗利封禁，点击了解6657官威
[2026-02-22 01:07:09] 玩Mach1ne丶机器: 玩机器看到弹幕疯狂喷房管笑嘻了，终于转移矛盾了
[2026-02-22 01:07:09] 鹦侨侨侨侨: 凿
[2026-02-22 01:07:09] ymyyo: 完了，加一了个爆的，一年后见吧
[2026-02-22 01:07:09] Mi336: 完了，加一了个爆的，7天后见了
[2026-02-22 01:07:09] IsemiTina: 完了，加一了个爆的，7天后见了
[2026-02-22 01:07:09] 法则的Twistzz本人: 完了，加一了个爆的，7天后见了
[2026-02-22 01:07:09] 寂静世界876: 玩大哥原来能管直播间的啊，我还以为警告刷半年是玩大哥想搞百家争鸣呢
[2026-02-22 01:07:09] 玩斯特机机: 发送他们银行🏦发送他们银行🏦发送他们银行🏦发送他们银行🏦发送他们银行🏦发送他们银行🏦
[2026-02-22 01:07:10] 猪呱呱呀: 再见了，🐭小弟👋再见了，🐭小弟👋再见了，🐭小弟👋再见了，🐭小弟👋
[2026-02-22 01:07:10] TopOne宋仁投: 完了，加一了个爆的，7天后见了
[2026-02-22 01:07:10] 终末地干员陈千语: 支持房管正义执行净化环境^^
[2026-02-22 01:07:10] 磷叶石pho: 你编你的爱慕呢？不是这有什么可编的？？啊？？这不是ZywOo！这居然是Niko！！哈哈哈老尼
[2026-02-22 01:07:10] 玩台钳丶阿尔托莉雅: ⓘ您已被房管布罗利封禁，点击了解6657官威
[2026-02-22 01:07:10] lonhkfd: ++++++++++++++++++++++++
[2026-02-22 01:07:10] 堇业每一秒: 你编你的爱慕呢？不是这有什么可编的？？啊？？这不是ZywOo！这居然是Niko！！哈哈哈老尼还是没忍
[2026-02-22 01:07:11] znnoy: ⓘ您已被房管布罗利封禁，点击了解6657官威
[2026-02-22 01:07:11] 繁繁繁华华: ＠@鱼丸酱丶：发送他们房子🏠！发送他们房子🏠！
[2026-02-22 01:07:11] 乌贼王乌索普: ⓘ您已被房管布罗利封禁，点击了解6657官威
[2026-02-22 01:07:11] 枫溪南封: ⓘ您已被房管布罗利封禁，点击了解6657官威
[2026-02-22 01:07:11] 米浴RiceShower: 发送他们房子🏠！发送他们房子🏠！发送他们房子🏠！发送他们房子🏠！
[2026-02-22 01:07:11] C9的玩机器马信本人: ⓘ您已被房管布罗利封禁，点击了解6657官威
[2026-02-22 01:07:11] 海绵宝宝打野儿: ⓘ您已被房管布罗利封禁，点击了解6657官威
[2026-02-22 01:07:11] 2332lla: ⓘ您已被房管布罗利封禁，点击了解6657官威
[2026-02-22 01:07:11] 大家要幸福呀: ⓘ您已被房管布罗利封禁，点击了解6657官威
[2026-02-22 01:07:11] 书云云: ⓘ您已被房管布罗利封禁，点击了解6657官威
[2026-02-22 01:07:12] 骑蜗牛追杀: ⓘ您已被房管布罗利封禁，点击了解6657官威
[2026-02-22 01:07:12] AL丶龙炎风: ⓘ您已被房管布罗利封禁，点击了解6657官威
[2026-02-22 01:07:12] X丶小凯: 哈哈哈，你发的弹幕很有个性很幽默，但是我要让你知道电棍直播间不是什么弹幕都能发的😄
[2026-02-22 01:07:12] 解说就是胡说machine: 完了，加一了个爆的，7天后见了
[2026-02-22 01:07:12] pokemonch: 发送不了，还有季军争夺战
[2026-02-22 01:07:12] 自助餐被偷的鸡蛋本人: 你编你的爱慕呢？不是这有什么可编的？？啊？？这不是ZywOo！这居然是Niko！！哈哈哈老尼还是没忍
[2026-02-22 01:07:12] MaakiseKurisu: 完了，加一了个爆的，7天后见了
[2026-02-22 01:07:12] 用户2271684932: 玩机器看到弹幕疯狂喷房管笑嘻了，终于转移矛盾了
[2026-02-22 01:07:13] 高杆西裤: 完了，加一了一个爆的，7天见
[2026-02-22 01:07:13] 昌岗陈坤: ⓘ您已被房管布罗利封禁，点击了解6657官威
[2026-02-22 01:07:13] 寂静世界876: 玩大哥原来能管直播间的啊，我还以为警告刷半年是玩大哥想搞百家争鸣呢
[2026-02-22 01:07:13] Vitality的Zyw0o0本人: ⓘ您已被房管布罗利封禁，点击了解6657官威
[2026-02-22 01:07:13] 刊我秀你一脸: ⓘ您已被房管布罗利封禁，点击了解6657官威
[2026-02-22 01:07:13] 雨中的桐树: ⓘ您已被房管布罗利封禁，点击了解6657官威
[2026-02-22 01:07:13] 赵纯洁丶: 完了，加一了一个爆的，365天后见了
[2026-02-22 01:07:14] 祐天寺喵梦: 弹幕一天到晚都在刷些爆的，看我直接举报直播间端了你们老巢！
[2026-02-22 01:07:14] 宇莓: 完了，加一了个爆的，7天后见了
[2026-02-22 01:07:14] 飒飒大无敌: ⓘ您已被房管布罗利封禁，点击了解6657官威
[2026-02-22 01:07:14] 八重森彌妮: ⓘ您已被房管布罗利封禁，点击了解6657官威
[2026-02-22 01:07:14] 玩玩今天吃什么: ⓘ您已被房管布罗利封禁，点击了解6657官威
[2026-02-22 01:07:14] mvp是谁: 完了，加一了一个爆的，365天后见了
[2026-02-22 01:07:14] 奥拉夫的蛋炒饭: ⓘ您已被房管布罗利封禁，点击了解6657官威
[2026-02-22 01:07:15] 玩斯特机机: ⓘ您已被房管布罗利封禁，点击了解6657官威
[2026-02-22 01:07:15] 就爱吃辣咋的: ⓘ您已被房管布罗利封禁，点击了解6657官威
[2026-02-22 01:07:15] 偷哦嘘鞭贷拔: 发送他们房子🏠！发送他们房子🏠！发送他们房子🏠！发送他们房子🏠！发送他们房子🏠！
[2026-02-22 01:07:15] 好的好的阖家: ⓘ您已被房管布罗利封禁，点击了解6657官威
[2026-02-22 01:07:15] 巨型大高玩: ⓘ您已被房管布罗利封禁，点击了解6657官威
[2026-02-22 01:07:15] Nightmare2517: 有没有和我一样想知道房管封了什么弹幕但是又不敢问怕被封的？
[2026-02-22 01:07:15] 丶丶Ken丶丶: ⓘ您已被房管布罗利封禁，点击了解6657官威
[2026-02-22 01:07:15] LA的勒布朗本人: 弹幕真有尼孩粉丝把给双标滥权刷礼物为荣了🤣🤣
[2026-02-22 01:07:16] 蓝月亮843: ⓘ您已被房管布罗利封禁，点击了解6657官威
[2026-02-22 01:07:16] 丨Connor: 支持房管正义执行净化环境^^
[2026-02-22 01:07:16] 大姜饼: ⓘ您已被房管布罗利封禁，点击了解6657官威
[2026-02-22 01:07:16] suicho: 我去你的举办点成＋1了，我们7天后再见吧🥲
[2026-02-22 01:07:16] 芝士雪豹郎: ⓘ您已被房管布罗利封禁，点击了解6657官威
[2026-02-22 01:07:16] znnoy: ⓘ您已被房管布罗利封禁，点击了解6657官威
[2026-02-22 01:07:16] AfKCola: ⓘ您已被房管布罗利封禁，点击了解6657官威
[2026-02-22 01:07:17] 洛林Lorraine23783: ⓘ您已被房管布罗利封禁，点击了解6657官威
[2026-02-22 01:07:17] 寂静世界876: 玩大哥原来能管直播间的啊，我还以为警告刷半年是玩大哥想搞百家争鸣呢
[2026-02-22 01:07:17] 甲哥李哥我先溜了: 你编你的爱慕呢？不是这有什么可编的？？啊？？这不是ZywOo！这居然是Niko！！哈哈哈老尼还是没忍
[2026-02-22 01:07:17] 我木JJ怕个锤子: ⓘ您已被房管布罗利封禁，点击了解6657官威
[2026-02-22 01:07:17] 风雨晚烟: ⓘ您已被房管布罗利封禁，点击了解6657官威
[2026-02-22 01:07:17] 小蜜蜂载物本人: ⓘ您已被房管布罗利封禁，点击了解6657官威
[2026-02-22 01:07:17] MERU335251: ⓘ您已被房管布罗利封禁，点击了解6657官威
[2026-02-22 01:07:17] 帕金森患者Z: ⓘ您已被房管布罗利封禁，点击了解6657官威
[2026-02-22 01:07:18] 温柔皮皮想吃屁屁: ⓘ您已被房管布罗利封禁，点击了解6657官威
[2026-02-22 01:07:18] 哦丁Oading: 玩机器看到弹幕疯狂喷房管笑嘻了，终于转移矛盾了
[2026-02-22 01:07:18] 老奇崔恩: 完了，加一了个加一，加一后见了
[2026-02-22 01:07:18] 陪伴豆丶小啵: ⓘ您已被房管布罗利封禁，点击了解6657官威
[2026-02-22 01:07:18] 我的世界小周: ⓘ您已被房管布罗利封禁，点击了解6657官威
[2026-02-22 01:07:18] A1report: ⓘ您已被房管布罗利封禁，点击了解6657官威
[2026-02-22 01:07:19] MikeXGS: ⓘ您已被房管布罗利封禁，点击了解6657官威
[2026-02-22 01:07:19] 夹断修电脑感动到了: ⓘ您已被房管布罗利封禁，点击了解6657官威
[2026-02-22 01:07:19] 载物ip大玩庄园地下室: ⓘ您已被房管布罗利封禁，点击了解6657官威
[2026-02-22 01:07:19] 送不起火箭我送张办卡: ⓘ您已被房管布罗利封禁，点击了解6657官威
[2026-02-22 01:07:19] LvvsiN: 你屏蔽词都快赶上新华词典了为什么不干脆开一百级发言？
[2026-02-22 01:07:19] LA的勒布朗本人: 弹幕真有尼孩粉丝把给双标滥权刷礼物为荣了🤣🤣
[2026-02-22 01:07:19] JuL1us: ⓘ您已被房管布罗利封禁，点击了解6657官威
[2026-02-22 01:07:19] 佐藤零丶: ⓘ您已被房管布罗利封禁，点击了解6657官威
[2026-02-22 01:07:19] Dartline: 完了，加一了个爆的，下个号见了
[2026-02-22 01:07:20] 北宇治拳王久石奏: 完了，加一了个爆的，7天后见了
[2026-02-22 01:07:20] 普丽瓦蒂: ⓘ您已被房管布罗利封禁，点击了解6657官威
[2026-02-22 01:07:20] 千语千棘: 你发的啥，再发一遍我看看
[2026-02-22 01:07:20] yinyao1231: 玩机器的屎卡签证了，进不去出不来最后super nip从嘴里出来了desuwa
[2026-02-22 01:07:20] Cardinal665: ⓘ您已被房管布罗利封禁，点击了解6657官威
[2026-02-22 01:07:20] Falcons十天老粉: ⓘ您已被房管布罗利封禁，点击了解6657官威
[2026-02-22 01:07:20] 唐小云er: ⓘ您已被房管布罗利封禁，点击了解6657官威
[2026-02-22 01:07:21] 单推折纸11年: ⓘ您已被房管布罗利封禁，点击了解6657官威
[2026-02-22 01:07:21] 撒浪嘿呦0v0: ⓘ您已被房管布罗利封禁，点击了解6657官威
[2026-02-22 01:07:21] Hakurei-Re1mu: ⓘ您已被房管布罗利封禁，点击了解6657官威
[2026-02-22 01:07:21] 战场原黑仪丿: 完了，加一了一个爆的，365天后见了
[2026-02-22 01:07:21] 玩弓箭、Arrow: 有没有和我一样想知道房管封了什么弹幕但是又不敢问怕被封的？
[2026-02-22 01:07:22] THE贡丶: ⓘ您已被房管布罗利封禁，点击了解6657官威
[2026-02-22 01:07:22] -DJANGO-: ⓘ您已被房管布罗利封禁，点击了解6657官威
[2026-02-22 01:07:22] MaakiseKurisu: 支持房管正义执行净化环境^^
[2026-02-22 01:07:22] 小花小草57398: ⓘ您已被房管布罗利封禁，点击了解6657官威
[2026-02-22 01:07:22] 白皇的三千院Nagi本人: ⓘ您已被房管布罗利封禁，点击了解6657官威
[2026-02-22 01:07:22] Dartline: ⓘ您已被房管布罗利封禁，点击了解6657官威
[2026-02-22 01:07:22] 玩机器厦面鄙骰大: ⓘ您已被房管布罗利封禁，点击了解6657官威
[2026-02-22 01:07:22] 好的好的阖家: 玩大哥原来能管直播间的啊，我还以为警告刷半年是玩大哥想搞百家争鸣呢
[2026-02-22 01:07:22] 神人千早爱音: ⓘ您已被房管布罗利封禁，点击了解6657官威
[2026-02-22 01:07:22] 孙大山: ⓘ您已被房管布罗利封禁，点击了解6657官威
[2026-02-22 01:07:23] 为龙iAmWarmLight: ⓘ您已被房管布罗利封禁，点击了解6657官威
[2026-02-22 01:07:23] Gverense: ⓘ您已被房管布罗利封禁，点击了解6657官威
[2026-02-22 01:07:23] 冷枫51787: ⓘ您已被房管布罗利封禁，点击了解6657官威
[2026-02-22 01:07:23] 冬原春希: +++++++++++++
[2026-02-22 01:07:23] faze-stay-night的贞德本人: ⓘ您已被房管布罗利封禁，点击了解6657官威
[2026-02-22 01:07:23] IkariyaT: ⓘ您已被房管布罗利封禁，点击了解6657官威
[2026-02-22 01:07:23] 斗鱼用户3296811589: ⓘ您已被房管布罗利封禁，点击了解6657官威
[2026-02-22 01:07:24] RoseIia的凑友希那本人: ⓘ您已被房管布罗利封禁，点击了解6657官威
[2026-02-22 01:07:24] 偷摸灵感菇: ⓘ您已被房管布罗利封禁，点击了解6657官威
[2026-02-22 01:07:24] 冬馬和纱纱: ⓘ您已被房管布罗利封禁，点击了解6657官威
[2026-02-22 01:07:24] 田所浩二114514: ⓘ您已被房管布罗利封禁，点击了解6657官威
[2026-02-22 01:07:24] st同归: 完了，加一了个加一，加一后见了
[2026-02-22 01:07:24] AmamiyaIori: ⓘ您已被房管布罗利封禁，点击了解6657官威
[2026-02-22 01:07:25] 陈奉子: ⓘ您已被房管布罗利封禁，点击了解6657官威
[2026-02-22 01:07:25] xuzVan: ⓘ您已被房管布罗利封禁，点击了解6657官威
[2026-02-22 01:07:25] JamYo0oung: ⓘ您已被房管布罗利封禁，点击了解6657官威
[2026-02-22 01:07:25] 夺云丶: 以后别叫尼尼了，叫匕匕吧，尸都被扁没了这—块
[2026-02-22 01:07:25] Matchroooot: 银行业😄
[2026-02-22 01:07:25] 丶丶Ken丶丶: 完了，加了一个超级大爆的，365天后见了
[2026-02-22 01:07:26] StellarEchoes: 谢逊说不想再输给维他立体了原来是真的，他在PV这就倒下了
[2026-02-22 01:07:26] 鱼鱼诚: ⓘ您已被房管布罗利封禁，点击了解6657官威
[2026-02-22 01:07:26] 澪伊吹: ⓘ您已被房管布罗利封禁，点击了解6657官威
[2026-02-22 01:07:26] 普通的用户7756: 玩大哥原来能管直播间的啊，我还以为警告刷半年是玩大哥想搞百家争鸣呢
[2026-02-22 01:07:26] ArZhe阿哲: ⓘ您已被房管布罗利封禁，点击了解6657官威
[2026-02-22 01:07:26] 龍EVOLOVE龍: ⓘ您已被房管布罗利封禁，点击了解6657官威
[2026-02-22 01:07:27] 艾莉丝Greyrat: ⓘ您已被房管布罗利封禁，点击了解6657官威
[2026-02-22 01:07:27] 香港分社记者: 　　　 ⓘ您已被房管布罗利封禁，点击了解6657官威
[2026-02-22 01:07:27] 小蜜蜂唯一GOAT: ⓘ您已被房管布罗利封禁，点击了解6657官威
[2026-02-22 01:07:27] 千代纸丶: ⓘ您已被房管布罗利封禁，点击了解6657官威
[2026-02-22 01:07:27] LvvsiN: @阿汤日记：一个人，5发子弹，保住格陵兰岛。我不会叫它不可能完成的任务，我现在只想先回家看亦博
[2026-02-22 01:07:27] 具像化机器: ⓘ您已被房管布罗利封禁，点击了解6657官威
[2026-02-22 01:07:27] 天守阁信长: ⓘ您已被房管布罗利封禁，点击了解6657官威
[2026-02-22 01:07:27] 反方向的绪: 有没有和我一样想知道房管封了什么弹幕但是又不敢问怕被封的？
[2026-02-22 01:07:28] 都说改名中奖我就不信: bye bye拉
[2026-02-22 01:07:28] 假如一切是虚幻:  @神人千早爱音：ⓘ您已被房管布罗利封禁，点击了解6657官威
[2026-02-22 01:07:28] 北宇治拳王久石奏: 你发的啥，再发一遍我看看
[2026-02-22 01:07:28] 幽夜将明: ⓘ您已被房管布罗利封禁，点击了解6657官威
[2026-02-22 01:07:28] 都觉得卡了: ⓘ您已被房管布罗利封禁，点击了解6657官威
[2026-02-22 01:07:28] 这里的黎明躲猫猫: 以后别叫尼尼了，叫匕匕吧，尸都被扁没了这—块
[2026-02-22 01:07:28] dark1337: ⓘ您已被房管布罗利封禁，点击了解6657官威
[2026-02-22 01:07:29] 好哥们黑龙歼灭刀: 弹幕真有尼孩粉丝把给双标滥权刷礼物为荣了🤣🤣
[2026-02-22 01:07:29] 秋风化扇99010: ⓘ您已被房管布罗利封禁，点击了解6657官威
[2026-02-22 01:07:29] 超级車車人: 　　　 ⓘ您已被房管布罗利封禁，点击了解6657官威
[2026-02-22 01:07:29] 冲上云霄的姨: ⓘ您已被房管布罗利封禁，点击了解6657官威
[2026-02-22 01:07:29] Subto: @MaakiseKurisu：支持房管正义执行净化环境^^
[2026-02-22 01:07:29] 寂静世界876: 玩大哥原来能管直播间的啊，我还以为警告刷半年是玩大哥想搞百家争鸣呢
[2026-02-22 01:07:29] GanadoLluviA: ⓘ您已被房管布罗利封禁，点击了解6657官威
[2026-02-22 01:07:30] 蝼蛄在鸣悲: 解读
[2026-02-22 01:07:30] 小蜜蜂的长期素食本人: 伯伯了
[2026-02-22 01:07:32] 小兽神官: ⓘ您已被房管布罗利封禁，点击了解6657官威
[2026-02-22 01:07:34] 某某的哞哞: ⓘ您已被房管布罗利封禁，点击了解6657官威
[2026-02-22 01:07:34] 小鸡灭: 你发的啥，再发一遍我看看
[2026-02-22 01:07:34] VI将臣: ⓘ您已被房管布罗利封禁，点击了解6657官威
[2026-02-22 01:07:34] 太阳神之翼神龙球体形: ⓘ您已被房管布罗利封禁，点击了解6657官威
[2026-02-22 01:07:34] 倾盆大rain: @🗿：装模装样添加屏蔽词无人在意你，多封几个人全世界知道你是土皇帝
[2026-02-22 01:07:34] leervon: ⓘ您已被房管布罗利封禁，点击了解6657官威
[2026-02-22 01:07:34] 废斯特物物: ⓘ您已被房管布罗利封禁，点击了解6657官威
[2026-02-22 01:07:34] 沐风Charlie: ⓘ您已被房管布罗利封禁，点击了解6657官威
[2026-02-22 01:07:34] P1u7o: ⓘ您已被房管布罗利封禁，点击了解6657官威
[2026-02-22 01:07:34] emm36091: ⓘ您已被房管布罗利封禁，点击了解6657官威
[2026-02-22 01:07:34] 这是在搞什么: ⓘ您已被房管布罗利封禁，点击了解6657官威
[2026-02-22 01:07:34] 95ccc啊: 　　　 ⓘ您已被房管布罗利封禁，点击了解6657官威
[2026-02-22 01:07:34] 剑崎梨梨花: ⓘ您已被房管布罗利封禁，点击了解6657官威
[2026-02-22 01:07:34] 娶不到相羽爱奈: ⓘ您已被房管布罗利封禁，点击了解6657官威
[2026-02-22 01:07:34] 咸鱼蕾米: ⓘ您已被房管布罗利封禁，点击了解6657官威
[2026-02-22 01:07:34] 好哥们黑龙歼灭刀: 房管到处封人，幻想自己是周天子。。。
[2026-02-22 01:07:34] 甲哥李哥我先溜了: ⓘ您已被房管布罗利封禁，点击了解6657官威
[2026-02-22 01:07:34] wedd1ddeJodd: 谢逊说不想再输给维他立体了原来是真的，他在PV这就倒下了
[2026-02-22 01:07:34] 人間失格1948: ⓘ您已被房管布罗利封禁，点击了解6657官威
[2026-02-22 01:07:34] Mortnotz: ⓘ您已被房管布罗利封禁，点击了解6657官威
[2026-02-22 01:07:34] 钢镚镚镚镚镚镚镚镚镚: ⓘ您已被房管布罗利封禁，点击了解6657官威
[2026-02-22 01:07:34] 过龍門头号猛男: @丶丶Ken丶丶：完了，加了一个超级大爆的，365天后见了
[2026-02-22 01:07:34] 房同学19554: 　　　 完了，加了一个超级大爆的，365天后见了
[2026-02-22 01:07:34] 寂静世界876: 玩大哥原来能管直播间的啊，我还以为警告刷半年是玩大哥想搞百家争鸣呢
[2026-02-22 01:07:34] 白梅-忆: ⓘ您已被房管布罗利封禁，点击了解6657官威
[2026-02-22 01:07:34] 不buy立省百分百: ⓘ您已被房管布罗利封禁，点击了解6657官威
[2026-02-22 01:07:34] 冇钱怎么抠女: ⓘ您已被房管布罗利封禁，点击了解6657官威
[2026-02-22 01:07:34] Godspeed6102: ⓘ您已被房管布罗利封禁，点击了解6657官威
[2026-02-22 01:07:34] FnticFlusha: ⓘ您已被房管布罗利封禁，点击了解6657官威
[2026-02-22 01:07:35] 玛里苟斯的炎爆术: 小夫在看弹幕吗，偷偷帮我解封一下🥺
[2026-02-22 01:07:35] Falcons十天老粉: 弹幕真有尼孩粉丝把给双标滥权刷礼物为荣了🤣🤣
[2026-02-22 01:07:35] 梦的星: 你发的啥，再发一遍我看看
[2026-02-22 01:07:35] 啦啦啦唱歌真好听呀: ⓘ您已被房管布罗利封禁，点击了解6657官威
[2026-02-22 01:07:35] 王佰柒柒: ⓘ您已被房管布罗利封禁，点击了解6657官威
[2026-02-22 01:07:35] Yao丶O: 完了，加一了一个超级大爆的，阿姨那里见了
[2026-02-22 01:07:35] 用户5387930459: 你发的啥，再发一遍我看看
[2026-02-22 01:07:35] 玩斯特机机: 弹幕真有尼孩粉丝把给双标滥权刷礼物为荣了🤣🤣
[2026-02-22 01:07:36] 哈姆大神: ⓘ您已被房管布罗利封禁，点击了解6657官威
[2026-02-22 01:07:36] 马猴烧酒小地瓜: @神人千早爱音：ⓘ您已被房管布罗利封禁，点击了解6657官威
[2026-02-22 01:07:36] 天龍小宏: ⓘ您已被房管布罗利封禁，点击了解6657官威
[2026-02-22 01:07:36] 用户3853464680: ⓘ您已被房管布罗利封禁，点击了解6657官威
[2026-02-22 01:07:36] 书云云:     完了，加了一个超级大爆的，365天后见了
[2026-02-22 01:07:37] TheMongolZ的上单本人: @神人千早爱音：ⓘ您已被房管布罗利封禁，点击了解6657官威
[2026-02-22 01:07:37] 用户0715022066: ⓘ您已被房管布罗利封禁，点击了解6657官威
[2026-02-22 01:07:37] pokemonch: 发送不了，还要争猎鹰让出来的季军
[2026-02-22 01:07:37] Vitality的Zyw0o0本人: 小夫在看弹幕吗，偷偷帮我解封一下🥺
[2026-02-22 01:07:37] 众星遗忘: ⓘ您已被房管布罗利封禁，点击了解6657官威
[2026-02-22 01:07:37] bznalier: 玩大哥原来能管直播间的啊，我还以为警告刷半年是玩大哥想搞百家争鸣呢
[2026-02-22 01:07:38] 奥拉夫的蛋炒饭: 弹幕真有尼孩粉丝把给双标滥权刷礼物为荣了🤣🤣
[2026-02-22 01:07:38] 雨台ty: ⓘ您已被房管布罗利封禁，点击了解6657官威
[2026-02-22 01:07:38] 人多的分: ⓘ您已被房管布罗利封禁，点击了解6657官威
[2026-02-22 01:07:38] 玩三冰丶ThreeKingdom: ⓘ您已被房管布罗利封禁，点击了解6657官威
[2026-02-22 01:07:38] 鸟儿在头顶把森林叫醒: ⓘ您已被房管布罗利封禁，点击了解6657官威
[2026-02-22 01:07:38] colony群: ⓘ您已被房管布罗利封禁，点击了解6657官威
[2026-02-22 01:07:38] CSTG的一米九二本人: ⓘ您已被房管布罗利封禁，点击了解6657官威
[2026-02-22 01:07:39] 999绝情殇: ⓘ您已被房管布罗利封禁，点击了解6657官威
[2026-02-22 01:07:39] 安露山OvO: 小夫在看弹幕吗，偷偷帮我解封一下🥺
[2026-02-22 01:07:39] MrAndenson: ⓘ您已被房管布罗利封禁，点击了解6657官威
[2026-02-22 01:07:39] 删除記憶丶: ⓘ您已被房管布罗利封禁，点击了解6657官威
[2026-02-22 01:07:39] 0Sky01: ⓘ您已被房管布罗利封禁，点击了解6657官威
[2026-02-22 01:07:39] 玉米卧槽: 我提一嘴，发弹幕的都给双标滥权送过礼物
[2026-02-22 01:07:39] 玩大人查到自贡了: ⓘ您已被房管布罗利封禁，点击了解6657官威
[2026-02-22 01:07:40] Abc丶Ss: ⓘ您已被房管布罗利封禁，点击了解6657官威
[2026-02-22 01:07:40] 玩宝宝的小脚: ⓘ您已被房管布罗利封禁，点击了解6657官威
[2026-02-22 01:07:40] 两只帝王蟹: ⓘ您已被房管布罗利封禁，点击了解6657官威
[2026-02-22 01:07:40] 白皇的三千院Nagi本人: 完了，加了一个超级大爆的，365天后见了
[2026-02-22 01:07:40] 高举major奖杯的Niko: ⓘ您已被房管布罗利封禁，点击了解6657官威
[2026-02-22 01:07:40] 宇莓: 又给送钱，又替背锅，最后还要被切割，这种人在以前一般叫钛 监
[2026-02-22 01:07:40] 玩斯特出出6657: ⓘ您已被房管布罗利封禁，点击了解6657官威
[2026-02-22 01:07:41] 若叶睦吃苦瓜: 你发的啥，再发一遍我看看
[2026-02-22 01:07:41] 德莉莎超可矮:  完了，加了一个超级大爆的，365天后见了
[2026-02-22 01:07:41] 机器机器祝你天天开心: 全知全能
[2026-02-22 01:07:41] 丶小恐龙丶: ⓘ您已被房管布罗利封禁，点击了解6657官威
[2026-02-22 01:07:41] LvvsiN: 额，拿亚军我都会，拿亚军，拿季军，拿四强，拿八强，拿十六强，呃拿冠军我不会，然后小组赛淘汰
[2026-02-22 01:07:41] DB狮狒龙: ⓘ您已被房管布罗利封禁，点击了解6657官威
[2026-02-22 01:07:41] 粑粑味甜筒: 带节奏的好像都是30级以下的欸，好奇怪哦
[2026-02-22 01:07:41] 苦参醇: 你发的啥，再发一遍我看看
[2026-02-22 01:07:42] yukiraZz: ⓘ您已被房管布罗利封禁，点击了解6657官威
[2026-02-22 01:07:42] 鸽佬kartoloTG: 上帝解读了
[2026-02-22 01:07:42] 好姐妹稗田阿求: 玩机器之老汤被编一笑而过但你编了我喜欢的选手！我就要喷！
[2026-02-22 01:07:42] zin桀zera: 小夫在看弹幕吗，偷偷帮我解封一下🥺
[2026-02-22 01:07:43] 好的好的阖家: 弹幕真有尼孩粉丝把给双标滥权刷礼物为荣了🤣🤣
[2026-02-22 01:07:43] 千年的爱丽丝同学: 完了，加一了一个超级大爆的，阿姨那里见了
[2026-02-22 01:07:43] 热爱学习的孟某人: ⓘ您已被房管布罗利封禁，点击了解6657官威
[2026-02-22 01:07:43] 水下放电11: ⓘ您已被房管布罗利封禁，点击了解6657官威
[2026-02-22 01:07:43] 只看乌龟直播: ⓘ您已被房管布罗利封禁，点击了解6657官威
[2026-02-22 01:07:43] RabbitRay: 坑 李
[2026-02-22 01:07:43] Turned傲雪: ⓘ您已被房管布罗利封禁，点击了解6657官威
[2026-02-22 01:07:44] IIIIIIIIIIIIIIIIIIIIIIlllll: ⓘ您已被房管布罗利封禁，点击了解6657官威
[2026-02-22 01:07:44] 书云云: 弹幕真有尼孩粉丝把给双标滥权刷礼物为荣了🤣🤣
[2026-02-22 01:07:44] 祐天寺喵梦: ⓘ您已被房管布罗利封禁，点击了解6657官威
[2026-02-22 01:07:44] 大哥心里慌: ⓘ您已被房管布罗利封禁，点击了解6657官威
[2026-02-22 01:07:44] 迷你世界丁真学姐1:  @玛里苟斯的炎爆术：小夫在看弹幕吗，偷偷帮我解封一下🥺
[2026-02-22 01:07:45] Subto: 弹幕真有尼孩粉丝把给双标滥权刷礼物为荣了🤣🤣
[2026-02-22 01:07:45] 99组的爱城华恋本人: 带节奏的好像都是30级以下的欸，好奇怪哦
[2026-02-22 01:07:45] L0ost: 全知全能
[2026-02-22 01:07:45] 苦参醇: ⓘ您已被房管布罗利封禁，点击了解6657官威
[2026-02-22 01:07:45] H1tori: 房管到处封人，幻想自己是周天子。。。
[2026-02-22 01:07:46] ToukaTakanashi: 玩大哥原来能管直播间的啊，我还以为警告刷半年是玩大哥想搞百家争鸣呢
[2026-02-22 01:07:46] 过龍門头号猛男: 带节奏的好像都是30级以下的欸，好奇怪哦
[2026-02-22 01:07:46] 推斯特zz: 我看这也够房管也想登山了
[2026-02-22 01:07:46] 铲车司机戴家伟: 银行业草布罗利！银行业草布罗利！银行业草布罗利！银行业草布罗利！
[2026-02-22 01:07:46] 绘梨衣啊啊啊i: ⓘ您已被房管布罗利封禁，点击了解6657官威
[2026-02-22 01:07:46] 衰神177: ⓘ您已被房管布罗利封禁，点击了解6657官威
[2026-02-22 01:07:46] FnticFlusha: ⓘ您已被房管布罗利封禁，点击了解6657官威
[2026-02-22 01:07:46] 哇啦哇啦族长: ⓘ您已被房管布罗利封禁，点击了解6657官威
[2026-02-22 01:07:47] Ralmnstr: 满雷
[2026-02-22 01:07:47] 我真的不是硝子: 赌了
[2026-02-22 01:07:47] gggaligeigei: 我支持布罗利，万一他封够多他爹就能拿major冠军呢
[2026-02-22 01:07:47] 鹰精两百斤: ⓘ您已被房管布罗利封禁，点击了解6657官威
[2026-02-22 01:07:47] csdesperado: 不痛
[2026-02-22 01:07:47] 雪枝枝qwq: ⓘ您已被房管布罗利封禁，点击了解6657官威
[2026-02-22 01:07:48] 山松老人: 全知全能
[2026-02-22 01:07:48] A队的三角初音本人: 小夫在看弹幕吗，偷偷帮我解封一下🥺
[2026-02-22 01:07:48] 柳小目: 你发的啥，再发一遍我看看
[2026-02-22 01:07:48] 用户9921747043: 你发的啥，再发一遍我看看
[2026-02-22 01:07:48] Usogu1: 你发的啥，再发一遍我看看
[2026-02-22 01:07:49] Wiattt: 　　　 ⓘ您已被房管布罗利封禁，点击了解6657官威
[2026-02-22 01:07:49] 贰壹壹壹: ⓘ您已被房管布罗利封禁，点击了解6657官威
[2026-02-22 01:07:49] 衰神177: ⓘ您已被房管布罗利封禁，点击了解6657官威
[2026-02-22 01:07:49] 好哥们黑龙歼灭刀: 又给送钱，又替背锅，最后还要被切割，这种人在以前一般叫钛 监
[2026-02-22 01:07:49] 梓川不是辛川: ⓘ您已被房管布罗利封禁，点击了解6657官威
[2026-02-22 01:07:49] C9的玩机器马信本人: 带节奏的好像都是30级以下的欸，好奇怪哦
[2026-02-22 01:07:49] 艺术冰霜: 你发的啥，再发一遍我看看
[2026-02-22 01:07:49] 玩斯特机机: 小夫在看弹幕吗，偷偷帮我解封一下🥺
[2026-02-22 01:07:50] 井芹桃香: ⓘ您已被房管布罗利封禁，点击了解6657官威
[2026-02-22 01:07:50] 新用户259: ⓘ您已被房管布罗利封禁，点击了解6657官威
[2026-02-22 01:07:50] 夺云丶: 弹幕真有尼孩粉丝把给双标滥权刷礼物为荣了🤣🤣
[2026-02-22 01:07:50] 妙蛙种子7l: 完了，加一了一个超级大爆的，阿姨那里见了
[2026-02-22 01:07:50] 一套二一套二: ⓘ您已被房管布罗利封禁，点击了解6657官威
[2026-02-22 01:07:50] 哈哈哈哈哈哈停不下来: 玩大哥原来能管直播间的啊，我还以为警告刷半年是玩大哥想搞百家争鸣呢
[2026-02-22 01:07:51] wristuuio: 玩机器看到弹幕疯狂喷房管笑嘻了，终于转移矛盾了
[2026-02-22 01:07:51] BleksiA: 带节奏的好像都是30级以下的欸，好奇怪哦
[2026-02-22 01:07:51] 結城希亞: ⓘ您已被房管布罗利封禁，点击了解6657官威
[2026-02-22 01:07:51] 用户0715022066: 🖐（布）8️⃣💩（粪）💰🤟（干）🖐（布）🐴
[2026-02-22 01:07:51] wjnbsl: ⓘ您已被房管布罗利封禁，点击了解6657官威
[2026-02-22 01:07:51] 落叶悠哉落: 玩大哥原来能管直播间的啊，我还以为警告刷半年是玩大哥想搞百家争鸣呢
[2026-02-22 01:07:52] 友利奈绪我老婆d: 我提一嘴，发弹幕的都给双标滥权送过礼物
[2026-02-22 01:07:52] AveMujica的渡濑结月本人: @神人千早爱音：ⓘ您已被房管布罗利封禁，点击了解6657官威
[2026-02-22 01:07:52] 1Z的心: ⓘ您已被房管布罗利封禁，点击了解6657官威
[2026-02-22 01:07:52] Acm3Omn1: ⓘ您已被房管布罗利封禁，点击了解6657官威
[2026-02-22 01:07:52] 德莉莎超可矮: 玩机器看到弹幕疯狂喷房管笑嘻了，终于转移矛盾了
[2026-02-22 01:07:52] YUsadly: 玩机器看到弹幕疯狂喷房管笑嘻了，终于转移矛盾了
[2026-02-22 01:07:52] 白皇的三千院Nagi本人: 带节奏的好像都是30级以下的欸，好奇怪哦
[2026-02-22 01:07:53] 单推折纸11年: ⓘ您已被房管布罗利封禁，点击了解6657官威
[2026-02-22 01:07:53] 小众宝藏玩小将: ⓘ您已被房管布罗利封禁，点击了解6657官威
[2026-02-22 01:07:53] GGodness: 不疼
[2026-02-22 01:07:53] 缨只会嘤嘤嘤: ⓘ您已被房管布罗利封禁，点击了解6657官威
[2026-02-22 01:07:53] 丶微凉之夏: 房管到处封人，幻想自己是周天子。。。
[2026-02-22 01:07:53] 玩艾玛丶Hiro: 小夫在看弹幕吗，偷偷帮我解封一下🥺
[2026-02-22 01:07:54] 迷路啊啊: ⓘ您已被房管布罗利封禁，点击了解6657官威
[2026-02-22 01:07:54] 最喜欢清光: ⓘ您已被房管布罗利封禁，点击了解6657官威
[2026-02-22 01:07:54] 小橙子橙99999: ⓘ您已被房管布罗利封禁，点击了解6657官威
[2026-02-22 01:07:54] 许昊龙喜欢玩机器: ⓘ您已被房管布罗利封禁，点击了解6657官威
[2026-02-22 01:07:54] 一根鞋: @🗿：芯片业研发研发有有有也会有i'18'f'l'a'm'ez'
[2026-02-22 01:07:54] suicho: 带节奏的好像都是30级以下的欸，好奇怪哦
[2026-02-22 01:07:55] 额滴神呀: 菜吃满了
[2026-02-22 01:07:55] 这牙缝可以: 小夫在看弹幕吗，偷偷帮我解封一下🥺
[2026-02-22 01:07:56] 昌岗陈坤: 匕没法屏蔽吧，不如怎么卖箱子啊
[2026-02-22 01:07:56] HapCam: ⓘ您已被房管布罗利封禁，点击了解6657官威
[2026-02-22 01:07:56] 喜欢玩机器被骂恋猪癖: ⓘ您已被房管布罗利封禁，点击了解6657官威
[2026-02-22 01:07:56] 咖喱派GLP:  @Usogu1：你发的啥，再发一遍我看看
[2026-02-22 01:07:57] BBGlighter: 完了，加了一个超级大爆的，365天后见了
[2026-02-22 01:07:57] 自闭的猴子: 帽子干回来啊
[2026-02-22 01:07:57] IIIIIIIIIIIIIIIIIIIIIIlllll: ⓘ您已被房管布罗利封禁，点击了解6657信用分
[2026-02-22 01:07:57] bsqqaq: 弹幕别装了，真喷的能在这说话吗。。。
[2026-02-22 01:07:57] 可爱女初中生: ⓘ您已被房管布罗利封禁，点击了解6657官威
[2026-02-22 01:07:57] 机器机器祝你天天开心: 全知全能
[2026-02-22 01:07:58] 鹅地霸霸: 弹幕改个尼尼的ID再发，不封是不忠，封了是不孝
[2026-02-22 01:07:58] 冰棍晓夜: 一波b🤯！一波b🤯！一波b🤯！一波b🤯！一波b🤯！一波b🤯！
[2026-02-22 01:07:58] 迷你世界丁真学姐1: 小夫在看弹幕吗，偷偷帮我解封一下🥺
[2026-02-22 01:07:58] 用户858967148: 。。第
[2026-02-22 01:07:59] 风镰12138:  @🗿：装模装样添加屏蔽词无人在意你，多封几个人全世界知道你是土皇帝
[2026-02-22 01:07:59] 幻麥: ⓘ您已被房管布罗利封禁，点击了解6657官威
[2026-02-22 01:07:59] 啪啪啪啪的蛋: 赌两把
[2026-02-22 01:07:59] JamYo0oung: 你发的啥，再发一遍我看看
[2026-02-22 01:07:59] 巴黎城下塞纳河l: ⓘ您已被房管布罗利封禁，点击了解6657官威
[2026-02-22 01:07:59] 圣诞节二人组: 一波b
[2026-02-22 01:08:00] 用户3257051689: 　　　 ⓘ您已被房管布罗利封禁，点击了解6657官威
[2026-02-22 01:08:00] 什么名字都被用了诶: 🤫，在别处串一下就好，在这是真会被封的
[2026-02-22 01:08:00] 拜仁每一分都是传奇: ⓘ 该弹幕已被封禁
[2026-02-22 01:08:00] 李神神神神: ⓘ您已被房管布罗利封禁，点击了解6657官威
[2026-02-22 01:08:00] 晞圣莱恩: 房管到处封人，幻想自己是周天子。。。
[2026-02-22 01:08:00] 暴力卓司: 大家别逼布罗利了，把他逼的开传超了会杀更多人的😭😭😭
[2026-02-22 01:08:00] 豪仔alongfeng: 带节奏的好像都是30级以下的欸，好奇怪哦
[2026-02-22 01:08:00] LvvsiN: 你屏蔽词都快赶上新华词典了为什么不干脆开一百级发言？
[2026-02-22 01:08:01] 千语千棘: 你发的啥，再发一遍我看看
[2026-02-22 01:08:01] Vitality的Zyw0o0本人: 玩机器看到弹幕疯狂喷房管笑嘻了，终于转移矛盾了
[2026-02-22 01:08:01] 永远喜欢远近渔: 全知全能
[2026-02-22 01:08:01] 木空空空空空: 无敌了
[2026-02-22 01:08:01] AmamiyaIori: 又给送钱，又替背锅，最后还要被切割，这种人在以前一般叫钛 监
[2026-02-22 01:08:01] 空中小楼、: 启动
[2026-02-22 01:08:01] ma9LeaF: 玩机器看到弹幕疯狂喷房管笑嘻了，终于转移矛盾了
[2026-02-22 01:08:02] gulipa8:  @丨Connor：支持房管正义执行净化环境^^
[2026-02-22 01:08:02] 150403117: ⓘ您已被房管布罗利封禁，点击了解6657官威
[2026-02-22 01:08:02] 無茶苦茶0: 弹幕真有尼孩粉丝把给双标滥权刷礼物为荣了🤣🤣
[2026-02-22 01:08:02] bsqqaq: 弹幕别装了，真喷的能在这说话吗。。。
[2026-02-22 01:08:02] LvvsiN: 孩子们快跑，马修赫伯特来了😨卧槽你的怎么是马枪和BOT
[2026-02-22 01:08:03] 丶一枪不开: ⓘ您已被房管布罗利封禁，点击了解6657官威
[2026-02-22 01:08:03] 用户55044273: 透
[2026-02-22 01:08:03] x星辰GGGGGG: ⓘ您已被房管布罗利封禁，点击了解6657官威
[2026-02-22 01:08:04] 风74139:  @suicho：带节奏的好像都是30级以下的欸，好奇怪哦
[2026-02-22 01:08:04] 花田妖精: 玩犬解读
[2026-02-22 01:08:04] 水球碳酸饮料: 我已经受够了一次又一次输给蜜蜂，说完谢逊就输给pv了
[2026-02-22 01:08:05] LvvsiN: 别解说了 多聊会天 你不会真的以为能输吧
[2026-02-22 01:08:05] 蓝鲸少年与小巷: ⓘ您已被房管布罗利封禁，点击了解6657官威
[2026-02-22 01:08:05] 千语千棘: 你发的啥，再发一遍我看看
[2026-02-22 01:08:06] 玉米卧槽: 小夫在看弹幕吗，偷偷帮我解封一下🥺
[2026-02-22 01:08:06] 魔法少女若叶睦: 来点爆的鉴证弹幕爆破直播间
[2026-02-22 01:08:06] 南边之星:  ⓘ您已被房管布罗利封禁，点击了解6657官威
[2026-02-22 01:08:06] 四个酒仙: 房管到处封人，幻想自己是周天子。。。
[2026-02-22 01:08:06] 血樱幽世: 全知全能
[2026-02-22 01:08:06] 挥泪斩楚狗: @这里是小天啊：来给天哥点关注，天哥给你们解封😎
[2026-02-22 01:08:06] LvvsiN: 孩子们快跑，马修赫伯特来了😨卧槽你的怎么是马枪和BOT
[2026-02-22 01:08:07] bsqqaq: 弹幕别装了，真喷的能在这说话吗。。。
[2026-02-22 01:08:07] 寒枫曳是一头傲空的隼: 再见了👋弹小幕🤐再见了👋弹小幕🤐再见了👋弹小幕🤐
[2026-02-22 01:08:07] 哦可喜欢我: 这不是透视？
[2026-02-22 01:08:07] 欲辨妄言: 结束了
[2026-02-22 01:08:07] 时光埋没了淡淡的忧伤: 　　　 ⓘ您已被房管布罗利封禁，点击了解6657官威
[2026-02-22 01:08:07] 拉特兰的Exus1a1本人: 完了，加了一个超大级爆的，下个号再见了
[2026-02-22 01:08:07] 莫情123: 玩犬解读了啊
[2026-02-22 01:08:08] YUsadly: 玩机器看到弹幕疯狂喷房管笑嘻了，终于转移矛盾了
[2026-02-22 01:08:08] 即将拥有PDD的人鱼线丿: gg
[2026-02-22 01:08:08] 好姐妹稗田阿求: 你发的啥，再发一遍我看看
[2026-02-22 01:08:08] 好哥们黑龙歼灭刀: ⓘ您已被房管布罗利封禁，点击了解6657官威
[2026-02-22 01:08:09] LvvsiN: 其实碗橱就是猪灵，你不拿黄金丢他他就不跟你说话
[2026-02-22 01:08:09] 玩弓箭、Arrow: 透视
[2026-02-22 01:08:09] Soul丶银: 再见了👋鼠小弟🐭再见了👋鼠小弟🐭再见了👋鼠小弟🐭再见了👋鼠小弟🐭再见了👋鼠小弟🐭
[2026-02-22 01:08:09] himluo: gg
[2026-02-22 01:08:10] G2邦硬401: 再见了鼠小弟
[2026-02-22 01:08:10] YUsadly: 玩机器看到弹幕疯狂喷房管笑嘻了，终于转移矛盾了
[2026-02-22 01:08:10] 麦麦旋风风: ⓘ您已被房管布罗利封禁，点击了解6657官威
[2026-02-22 01:08:10] 炫迈冰暴口香糖: 我资道啊
[2026-02-22 01:08:10] 林三夕i: g
[2026-02-22 01:08:10] wristuuio: @suicho：带节奏的好像都是30级以下的欸，好奇怪哦
[2026-02-22 01:08:10] 北宇治拳王久石奏: 小夫不是房管吧🤭
[2026-02-22 01:08:10] 魔法少女若叶睦: 来点爆的鉴证弹幕爆破直播间
[2026-02-22 01:08:10] 時玳目艮汨: gg
[2026-02-22 01:08:10] 就爱吃辣咋的: GG
[2026-02-22 01:08:10] 梦的星: gg
[2026-02-22 01:08:11] LvvsiN: 你屏蔽词都快赶上新华词典了为什么不干脆开一百级发言？
[2026-02-22 01:08:11] 要乐奈丶Rana: 你发的啥，再发一遍我看看
[2026-02-22 01:08:11] 早安丿章鱼哥: 拿下！！！
[2026-02-22 01:08:11] 结束乐队的山田凉本人: 申请安排一个🌊一个🧊一个🍵当房管，实行三权分立
[2026-02-22 01:08:11] 锅里的粽子233: gg
[2026-02-22 01:08:11] 用户1364543122: gg
[2026-02-22 01:08:11] 龍仔ww: GG
[2026-02-22 01:08:12] 2332lla: jame当然懂三箱
[2026-02-22 01:08:12] 帽子的妮蔻本人: gg
[2026-02-22 01:08:12] YUsadly: 玩机器看到弹幕疯狂喷房管笑嘻了，终于转移矛盾了
[2026-02-22 01:08:12] 闪光皮凡: 我已经受够了一次又一次输给蜜蜂，说完谢逊就输给pv了
[2026-02-22 01:08:12] stonezyx: 哈哈哈哈哈
[2026-02-22 01:08:12] 鹿公爷: gg
[2026-02-22 01:08:12] 喜欢素素: gg
[2026-02-22 01:08:13] 用户9921747043: gg
[2026-02-22 01:08:13] 寂静世界876: 玩大哥原来能管直播间的啊，我还以为警告刷半年是玩大哥想搞百家争鸣呢
[2026-02-22 01:08:13] 玩斯特机机: gg
[2026-02-22 01:08:13] User5092: 全知全能
[2026-02-22 01:08:13] 黄浦江大头鱼档: 软脚蟹
[2026-02-22 01:08:13] 无刘海美女: gg
[2026-02-22 01:08:13] 玉蜀黍巧克力: gg
[2026-02-22 01:08:13] Killajoy: ggggg
[2026-02-22 01:08:13] 小蜜蜂的长期素食本人: gg
[2026-02-22 01:08:13] 湛湛0731: gg
[2026-02-22 01:08:13] 蓝月亮843: 再见了鼠小弟
[2026-02-22 01:08:13] 机器机器祝你天天开心: 拖出
[2026-02-22 01:08:14] NearrrR: gg
[2026-02-22 01:08:14] HazeDie1337: gg
[2026-02-22 01:08:14] 玩斯特出出6657: gg
[2026-02-22 01:08:14] 普信且开摆: gg
[2026-02-22 01:08:14] 发复古弹幕: 小夫在看弹幕吗，偷偷帮我解封一下🥺
[2026-02-22 01:08:14] 迷之少年nazo: 再见了鼠小弟
[2026-02-22 01:08:14] WE丶繁梦: 我已经受够了一次又一次输给蜜蜂，说完谢逊就输给pv了
[2026-02-22 01:08:15] 冬瓜不在家偷偷玩机器: 完了
[2026-02-22 01:08:15] 歌谷爱墨迹: gg
[2026-02-22 01:08:15] bsqqaq: 弹幕别装了，真喷的能在这说话吗。。。
[2026-02-22 01:08:15] iNaixu: gg
[2026-02-22 01:08:15] 浅色的调色板: 发送他们房子🏠！发送他们房子🏠！发送他们房子🏠！发送他们房子🏠！
[2026-02-22 01:08:15] 晨风凌云21146: 你发的啥，再发一遍我看看
[2026-02-22 01:08:16] 妖怪之山的菅牧典本人: ⓘ您已被房管布罗利封禁，点击了解6657官威
[2026-02-22 01:08:16] 小小小蕉: 全知全能
[2026-02-22 01:08:16] kjhhjki: 发送他们房子🏠！发送他们房子🏠！发送他们房子🏠！
[2026-02-22 01:08:16] 丶小恐龙丶: gg
[2026-02-22 01:08:16] 旧城乀873: gg
[2026-02-22 01:08:16] 锂汁lizhi: gg
[2026-02-22 01:08:16] Mortnotz: 小夫在看弹幕吗，偷偷帮我解封一下🥺
[2026-02-22 01:08:16] 我是一个医保卡: gg
[2026-02-22 01:08:17] x星辰GGGGGG: g
[2026-02-22 01:08:17] 蓝原延渚: 你发的啥，再发一遍我看看
[2026-02-22 01:08:17] 法式卡神: gg
[2026-02-22 01:08:17] 白河日和: gg
[2026-02-22 01:08:17] 你给我灰来: 再见了鼠小弟
[2026-02-22 01:08:17] 机器机器祝你天天开心: gg
[2026-02-22 01:08:17] 忽孝山庄: ⓘ您已被房管布罗利封禁，点击了解6657官威
[2026-02-22 01:08:18] 依蓦然: gg
[2026-02-22 01:08:18] daisukewc: gg
[2026-02-22 01:08:18] 感到快乐你就开开箱: 发送房子
[2026-02-22 01:08:18] 额滴神呀: 大分收
[2026-02-22 01:08:18] 玉米卧槽: gg
[2026-02-22 01:08:18] 本间芽衣子ya: gg
[2026-02-22 01:08:18] myGo的anon: 伟神
[2026-02-22 01:08:19] 詹詹塔塔Major冠军: 申请安排一个🌊一个🧊一个🍵当房管，实行三权分立
[2026-02-22 01:08:19] 忧郁的国王吃苹果: 玩机器看到弹幕疯狂喷房管笑嘻了，终于转移矛盾了
[2026-02-22 01:08:19] 千百度897: 兵败如山倒吗
[2026-02-22 01:08:19] IsemiTina: 软脚蟹
[2026-02-22 01:08:19] 压缩vs蛮晚: 小夫在看弹幕吗，偷偷帮我解封一下🥺
[2026-02-22 01:08:19] 文西67: jame当然懂三箱
[2026-02-22 01:08:19] 桂林米粉比较好吃: 玩机器看到弹幕疯狂喷房管笑嘻了，终于转移矛盾了
[2026-02-22 01:08:20] 艾琉诺拉E: 感觉是小学别个小队长标到处抓同学告老师的那种人
[2026-02-22 01:08:20] 叫我小陈哥哥就好了: 再见了鼠小弟
[2026-02-22 01:08:20] 维他立体的r6pz本人: gg
[2026-02-22 01:08:20] 田所浩二114514: 康神nb
[2026-02-22 01:08:20] 没有黑幕孙一峰: 白忙活
[2026-02-22 01:08:20] PKURoger: 再见了鼠小弟
[2026-02-22 01:08:20] FaZe的frozen本人: g
[2026-02-22 01:08:21] 花田妖精: 全知全能
[2026-02-22 01:08:21] 黄浦江大头鱼档: GG经典白忙活
[2026-02-22 01:08:21] 花落仍未闻花名: GGGG
[2026-02-22 01:08:21] djklyk: gg
[2026-02-22 01:08:21] 茶泡饭Trinity: @房管布罗利：刚刚刷的起劲的那几个，还能叫唤吗？
[2026-02-22 01:08:21] 用户0637093822: 玩大哥原来能管直播间的啊，我还以为警告刷半年是玩大哥想搞百家争鸣呢
[2026-02-22 01:08:21] 皮里恩丶: 再见了鼠小弟
[2026-02-22 01:08:22] 禹钰禹: 我已经受够了一次又一次输给蜜蜂，说完谢逊就输给pv了
[2026-02-22 01:08:22] Saiki559: 再见了鼠小弟
[2026-02-22 01:08:22] 乱世浮沉ら: 你发的啥，再发一遍我看看
[2026-02-22 01:08:22] 香辛料嗷嗷嗷嗷嗷嗷嗷: hide
[2026-02-22 01:08:22] Drankwater: 这jame真厉害啊
[2026-02-22 01:08:23] 爱斯忑音音: 发送他们房子🏠！发送他们房子🏠！发送他们房子🏠！发送他们房子🏠！
[2026-02-22 01:08:23] fmljz: 和透视说什么呢
[2026-02-22 01:08:23] 枕边有个二次元: 白忙活
[2026-02-22 01:08:23] lifeiya丶: 发送他们房子🏠！发送他们房子🏠！发送他们房子🏠！发送他们房子🏠！
[2026-02-22 01:08:23] 攒劲小鱼干川菜: 再见了鼠小弟
[2026-02-22 01:08:23] 娶不到相羽爱奈: 再见了鼠小弟
[2026-02-22 01:08:23] wbsxxx: 伟伟怎么天天盗播，是你买的版权喵😡😡😡
[2026-02-22 01:08:24] 2steppppppp: 全知全能
[2026-02-22 01:08:24] XCPDA: 有透啊
[2026-02-22 01:08:24] 柳小目: 申请安排一个🌊一个🧊一个🍵当房管，实行三权分立
[2026-02-22 01:08:24] Saiki559: 小夫在看弹幕吗，偷偷帮我解封一下🥺
[2026-02-22 01:08:24] Yao丶O: 上帝视角啊
[2026-02-22 01:08:24] 玉米卧槽: 申请安排一个🌊一个🧊一个🍵当房管，实行三权分立
[2026-02-22 01:08:24] 绿龙回家萨瓦迪卡: 全知全能
[2026-02-22 01:08:25] gandalfr614: 全知全能
[2026-02-22 01:08:25] 铃木佳奈助: hide
[2026-02-22 01:08:25] 白河日和: 再见了鼠小弟
[2026-02-22 01:08:25] 法式卡神: 全知全能
[2026-02-22 01:08:25] 玩家军的猪头肉本人: 玩机器看到弹幕疯狂喷房管笑嘻了，终于转移矛盾了
[2026-02-22 01:08:25] 水球碳酸饮料: 再见了鼠小弟
[2026-02-22 01:08:26] 圣诞节二人组: 申请安排一个🌊一个🧊一个🍵当房管，实行三权分立
[2026-02-22 01:08:26] 即将拥有PDD的人鱼线丿: 发送他们房子
[2026-02-22 01:08:26] YUsadly: 玩机器看到弹幕疯狂喷房管笑嘻了，终于转移矛盾了
[2026-02-22 01:08:26] al9527: 全知全能
[2026-02-22 01:08:26] MrAndenson: 逗逗你的啊
[2026-02-22 01:08:27] 小蜜蜂的长期素食本人: 伟神
[2026-02-22 01:08:27] LvvsiN: 孩子们快跑，马修赫伯特来了😨卧槽你的怎么是马枪和BOT
[2026-02-22 01:08:27] 我肥任我肥: send them home
[2026-02-22 01:08:27] wristuuio: @suicho：带节奏的好像都是30级以下的欸，好奇怪哦
[2026-02-22 01:08:28] Dyinlive: 小夫在看弹幕吗，偷偷帮我解封一下🥺
[2026-02-22 01:08:28] 发复古弹幕: 再见了鼠小弟
[2026-02-22 01:08:28] 幽夜将明: 我已经受够了一次又一次输给蜜蜂，说完谢逊就输给pv了
[2026-02-22 01:08:28] 我真的不是硝子: 伟神
[2026-02-22 01:08:28] Jnsjx979: 我已经受够了一次又一次输给蜜蜂，说完谢逊就输给pv了
[2026-02-22 01:08:28] 新吉翁的奥黛丽本人: 玩大哥原来能管直播间的啊，我还以为警告刷半年是玩大哥想搞百家争鸣呢
[2026-02-22 01:08:29] Kirse: 全知全能
[2026-02-22 01:08:29] 帕金森患者Z: 申请安排一个🌊一个🧊一个🍵当房管，实行三权分立
[2026-02-22 01:08:29] 莫情123: 重新定义猎鹰强度
[2026-02-22 01:08:29] kjhhjki: 发送他们房子🏠！发送他们房子🏠！发送他们房子🏠！
[2026-02-22 01:08:29] 女武神布伦希尔德: 全知全能
[2026-02-22 01:08:29] 玩斯特机机: 申请安排一个🌊一个🧊一个🍵当房管，实行三权分立
[2026-02-22 01:08:30] AeoLian7: 伟伟怎么天天盗播，是你买的版权喵😡😡😡
[2026-02-22 01:08:30] 改了名字能中奖666: 伟神
[2026-02-22 01:08:30] DogRa1nFans: 🏠发送他们房子🏠发送他们房子🏠发送他们房子🏠发送他们房子
[2026-02-22 01:08:30] 田所浩二114514: 我已经受够了一次又一次输给蜜蜂，说完谢逊就输给pv了
[2026-02-22 01:08:30] 卖血中的咸鱼: 发送他们房子🏠！发送他们房子🏠！发送他们房子🏠！发送他们房子🏠！
[2026-02-22 01:08:31] 帽子的妮蔻本人: gg
[2026-02-22 01:08:31] 荷兰老司机: 给米人踢了吧，对队伍伤害太大了
[2026-02-22 01:08:31] 寂静世界876: 玩大哥原来能管直播间的啊，我还以为警告刷半年是玩大哥想搞百家争鸣呢
[2026-02-22 01:08:31] 小川阿丶: g
[2026-02-22 01:08:31] 小鱼儿krru: 无人在意啊，房管封完屁事没有😅照样是房管，刷点新梗就过去了，怎么之前的七森过得很差吗？
[2026-02-22 01:08:31] 愿良辰美景: 再见了鼠小弟
[2026-02-22 01:08:31] 玩大哥我双倍呢: 申请安排一个🌊一个🧊一个🍵当房管，实行三权分立
[2026-02-22 01:08:31] 我肥任我肥: 发送他们房子
[2026-02-22 01:08:31] 叫我小陈哥哥就好了: 重新评估猎鹰强度
[2026-02-22 01:08:31] 丶小恐龙丶: 伟神
[2026-02-22 01:08:32] 時玳目艮汨: 伟神
[2026-02-22 01:08:32] 冥冥6657: 重新定义猎鹰强度！
[2026-02-22 01:08:32] Kli0s: 伟神
[2026-02-22 01:08:32] 红滴露原素瓶: send them home
[2026-02-22 01:08:32] 100Thieves-dev1ce: 哦？
[2026-02-22 01:08:33] 挥泪斩楚狗: @这里是小天啊：来给天哥点关注，天哥给你们解封😎
[2026-02-22 01:08:33] AA0AA丶: gg
[2026-02-22 01:08:33] 菅原小吉: 伟神
[2026-02-22 01:08:33] LvvsiN: 孩子们快跑，马修赫伯特来了😨卧槽你的怎么是马枪和BOT
[2026-02-22 01:08:33] lhq0001: 哲伟难道是动物系特攻吗？
[2026-02-22 01:08:33] 狂野银幕长崎素世: 伟神
[2026-02-22 01:08:33] dikft: gg
[2026-02-22 01:08:34] 机器机器祝你天天开心: 伟神
[2026-02-22 01:08:34] 凝视深渊丶玩叽叽: 伟神
[2026-02-22 01:08:34] 不务正业127: 全知全能
[2026-02-22 01:08:34] 小小小炘: 全知全能
[2026-02-22 01:08:34] A1report: 申请安排一个🌊一个🧊一个🍵当房管，实行三权分立
[2026-02-22 01:08:35] 若叶睦吃苦瓜: 申请安排一个🌊一个🧊一个🍵当房管，实行三权分立
[2026-02-22 01:08:35] heykidszz: gg
[2026-02-22 01:08:35] Ecifircas: 我已经受够了一次又一次输给蜜蜂，说完谢逊就输给pv了
[2026-02-22 01:08:35] Ralmnstr: 明日之星
[2026-02-22 01:08:35] SideChannel: gggg
[2026-02-22 01:08:35] xuzVan: 接下来等待玩机器的是王朝队的军事化爆弹
[2026-02-22 01:08:35] oOM18HellcatOo: 我的青春是zweih，228天一线生涯，5次对阵猎鹰，3次淘汰niko，2座s级赛事冠军，0次被看好
[2026-02-22 01:08:35] 千早唐阿诺: gg
[2026-02-22 01:08:36] AL丶龙炎风: 　　　 申请安排一个🌊一个🧊一个🍵当房管，实行三权分立
[2026-02-22 01:08:36] 冬原春希: 草！拿下老鼠！那些说哲伟只会捕虾的人呢？
[2026-02-22 01:08:36] 用户1330979385: 发送他们房子🏠！
[2026-02-22 01:08:36] 晨风凌云21146: 再见了鼠小弟
[2026-02-22 01:08:36] lonhkfd: 申请安排一个🌊一个🧊一个🍵当房管，实行三权分立
[2026-02-22 01:08:36] 玩斯特出出6657: gg
[2026-02-22 01:08:36] TL的EliGE本人: 玩大哥原来能管直播间的啊，我还以为警告刷半年是玩大哥想搞百家争鸣呢
[2026-02-22 01:08:36] 怒之拳: 再见了鼠小弟
[2026-02-22 01:08:37] 海绵宝宝打野儿: 伟神
[2026-02-22 01:08:37] 早安丿章鱼哥: send them home
[2026-02-22 01:08:37] river66799: 我已经受够了一次又一次输给蜜蜂，说完谢逊就输给pv了
[2026-02-22 01:08:37] 洛陽城里看落陽: 给米人踢了吧，对队伍伤害太大了
[2026-02-22 01:08:37] 鸟儿在头顶把森林叫醒: gg
[2026-02-22 01:08:37] Aabv8877: 伟圣
[2026-02-22 01:08:37] 用户3661578: 伟神神了
[2026-02-22 01:08:38] SaberMax丶: 上帝视角
[2026-02-22 01:08:38] 人活着就是为了玩乐队: 全知全能
[2026-02-22 01:08:38] 工业化战士: gg
[2026-02-22 01:08:38] loverboy888: 重新定义猎鹰强度
[2026-02-22 01:08:38] 风说他更喜欢寂寞: 除了房管应该没有其他人能不让我说话了吧
[2026-02-22 01:08:38] 无刘海美女: 发送他们房子
[2026-02-22 01:08:38] 用户8536089746: 申请安排一个🌊一个🧊一个🍵当房管，实行三权分立
[2026-02-22 01:08:38] 高尚是也: 重新定义FAZE强度
[2026-02-22 01:08:38] 好猪玩机器: gg
[2026-02-22 01:08:39] SideChannel: 老爸到了
[2026-02-22 01:08:39] 艾琉诺拉E: 申请安排一个🌊一个🧊一个🍵当房管，实行三权分立
[2026-02-22 01:08:39] 鱼鱼诚: 顶级高心态
[2026-02-22 01:08:39] Gentleman汪鸿: 全知全能
[2026-02-22 01:08:39] 梦者呓语160: 全知全能
[2026-02-22 01:08:39] 玩斯特机机: gg
[2026-02-22 01:08:40] 老子就是爱丽丝: 伟神
[2026-02-22 01:08:40] 轻伤酱: 伟神
[2026-02-22 01:08:40] 旧城乀873: 发送他们房子🏠！发送他们房子🏠！发送他们房子🏠！发送他们房子🏠！发送他们房子🏠！发送他
[2026-02-22 01:08:40] bsqqaq: 三箱
[2026-02-22 01:08:40] 听说改名能中奖是八: 发送他们房子🏠！发送他们房子🏠！发送他们房子🏠！
[2026-02-22 01:08:40] myGo的anon: gg
[2026-02-22 01:08:41] 湛湛0731: gg
[2026-02-22 01:08:41] 热带雨林丶为爱鼓掌: Gg
[2026-02-22 01:08:41] Vitality的Kyojin本人: gg
[2026-02-22 01:08:41] Dartline: 草！拿下老鼠！那些说哲伟只会捕虾的人呢？
[2026-02-22 01:08:41] 99组的爱城华恋本人: 我已经受够了一次又一次输给蜜蜂，说完谢逊就输给pv了
[2026-02-22 01:08:41] 玩机器今晚还播吗: 重新定义猎鹰强度
[2026-02-22 01:08:41] 華之君: 伟圣
[2026-02-22 01:08:41] 旭旭宝宝18cm: 再见了鼠小弟
[2026-02-22 01:08:42] 瑭珏: 换台换台
[2026-02-22 01:08:42] 李小小与虾大大: @donk：小驴来就真的接完了😁
[2026-02-22 01:08:42] 魔法师Saber: 正义必胜
[2026-02-22 01:08:42] 冲上云霄的姨: 我已经受够了一次又一次输给蜜蜂，说完谢逊就输给pv了
[2026-02-22 01:08:42] aruiketto: gg
[2026-02-22 01:08:42] 文西67: 全知全能
[2026-02-22 01:08:42] Sashazzz: 发送他们房子🏠！
[2026-02-22 01:08:42] 娶不到相羽爱奈: 申请安排一个🌊一个🧊一个🍵当房管，实行三权分立
[2026-02-22 01:08:42] 挥泪斩楚狗: @这里是小天啊：来给天哥点关注，天哥给你们解封😎
[2026-02-22 01:08:42] 古堡12枪战神: 罚
[2026-02-22 01:08:43] 小昊的yimon阿爱发烧: 罚
[2026-02-22 01:08:43] 歌谷爱墨迹: 明日之星
[2026-02-22 01:08:43] 洛陽城里看落陽: 我已经受够了一次又一次输给蜜蜂，说完谢逊就输给pv了
[2026-02-22 01:08:43] 散場予告: gg
[2026-02-22 01:08:43] 蓝月亮843: 全知全能
[2026-02-22 01:08:43] MunChlax丶: 伟神神了
[2026-02-22 01:08:43] 薛茂华真帅啊哈哈哈: 在线榜第11名千早爱音给你送钻粉你咋不谢（11级发不了言代发)
[2026-02-22 01:08:43] 千蜃欺语: 大分收有感觉吗
[2026-02-22 01:08:44] jianxideminggzi: 精彩精彩
[2026-02-22 01:08:44] 旭旭宝宝18cm: 再见了鼠小弟
[2026-02-22 01:08:44] 苍茫星宸: 重新定义猎鹰强度！
[2026-02-22 01:08:44] Saiki559: PV王朝了
[2026-02-22 01:08:44] pokemonch: 我已经受够了一次又一次输给蜜蜂，说完谢逊就输给pv了
[2026-02-22 01:08:44] 用户2421654511: 本质季军
[2026-02-22 01:08:44] 土俗火焰: 精彩
[2026-02-22 01:08:44] Laplace拉普拉斯: 全知全能
[2026-02-22 01:08:44] Halohh1y: 神罚
[2026-02-22 01:08:44] cwcw6969: 申请安排一个🌊一个🧊一个🍵当房管，实行三权分立
[2026-02-22 01:08:45] 辣辣米米辣辣: 😭坏了
[2026-02-22 01:08:45] 热情难止荒诞: 重新定义猎鹰强度
[2026-02-22 01:08:45] LiSeee: 太有实力了parivision
[2026-02-22 01:08:45] 春风果冻贼好吸: 发送他们房子
[2026-02-22 01:08:45] 听说改名能中奖是八: 发送他们房子🏠！发送他们房子🏠！发送他们房子🏠！！！
[2026-02-22 01:08:46] Haytham梓: 牛逼
[2026-02-22 01:08:46] 田所浩二114514: 申请安排一个🌊一个🧊一个🍵当房管，实行三权分立
[2026-02-22 01:08:46] SDSF004: 重新定义猎鹰强度
[2026-02-22 01:08:46] 皮皮嘉777: 伟神神了
[2026-02-22 01:08:46] jsir6688: 申请安排一个🌊一个🧊一个🍵当房管，实行三权分立
[2026-02-22 01:08:46] Abramwow: 上帝
[2026-02-22 01:08:46] 四个酒仙: 申请安排一个🌊一个🧊一个🍵当房管，实行三权分立
[2026-02-22 01:08:46] Laila丶丶: 重新定义猎鹰强度
[2026-02-22 01:08:46] 旭旭宝宝18cm: 再见了鼠小弟
[2026-02-22 01:08:46] Thatsgood961: 全知全能
[2026-02-22 01:08:47] 冬原春希: 草！拿下老鼠！那些说PV只会捕虾的人呢？
[2026-02-22 01:08:47] 魔法师Saber: 重新定义猎鹰强度
[2026-02-22 01:08:47] 五五开玩笑ob: 换台
[2026-02-22 01:08:47] 伦敦千早爱: 在线榜第9名千早爱音给你送钻粉你咋不谢（11级发不了
[2026-02-22 01:08:47] Kiriyama涟: 我已经受够了一次又一次输给蜜蜂，说完谢逊就输给pv了
[2026-02-22 01:08:47] 一不小心丶就丶: 正义必胜
[2026-02-22 01:08:47] myGo的anon: 伟神
[2026-02-22 01:08:47] LvvsiN: 男人一生只哭十八次：niko十七次梦碎major正赛, niko梦碎里约major RMR
[2026-02-22 01:08:47] 用户4312738955: 申请安排一个🌊一个🧊一个🍵当房管，实行三权分立
[2026-02-22 01:08:48] zironka: 再见了鼠小弟
[2026-02-22 01:08:48] 人活着就是为了玩乐队: 再见了鼠小弟
[2026-02-22 01:08:48] Vurtne: 奖励一个小蜜蜂
[2026-02-22 01:08:48] 4846836538542: 玩机器看到弹幕疯狂喷房管笑嘻了，终于转移矛盾了
[2026-02-22 01:08:48] 听说改名能中奖是八: 发送他们房子🏠！发送他们房子🏠！发送他们房子🏠！！！
[2026-02-22 01:08:48] 假如一切是虚幻: 唉😔，刚看到还有个17级的发弹幕，一整天的好心情在这一刻全毁了
[2026-02-22 01:08:48] 三零一路公交司机: 换台！
[2026-02-22 01:08:49] 好姐妹抹茶芭菲: 　　　 　　　 申请安排一个🌊一个🧊一个🍵当房管，实行三权分立
[2026-02-22 01:08:49] 玩机器你好香你好香: 申请看丰川億百萬 懂得➕1
[2026-02-22 01:08:49] 艾利索Alesso丶: 换台换台
[2026-02-22 01:08:49] 捕蝇瓶: 重新定义猎鹰强度
[2026-02-22 01:08:49] 徐弃安: 重新定义猎鹰强度
[2026-02-22 01:08:49] 终初若叶睦: 申请安排一个🌊一个🧊一个🍵当房管，实行三权分立
[2026-02-22 01:08:49] lonhkfd: 重新定义猎鹰强度
[2026-02-22 01:08:50] 旭旭宝宝18cm: 再见了鼠小弟
[2026-02-22 01:08:50] 山河jek: 重新定义猎鹰强度
[2026-02-22 01:08:50] 久美子upup: 换台
[2026-02-22 01:08:50] 玩原神丶Genshin: PV王朝了
[2026-02-22 01:08:50] 文西67: 再见了鼠小弟
[2026-02-22 01:08:50] lhq0001: 哲伟有点克制动物系战队啊我看
[2026-02-22 01:08:51] 伏拉夫在柏林: 重新定义猎鹰强度
[2026-02-22 01:08:51] 大家要幸福呀: 申请安排一个🌊一个🧊一个🍵当房管，实行三权分立
[2026-02-22 01:08:51] 正经猪头肉: 感觉猎鹰硬实力亚军了啊
[2026-02-22 01:08:51] 小坏蛋毛毛: 全知全能
[2026-02-22 01:08:51] 林檎的檎: 重新定义猎鹰强度
[2026-02-22 01:08:51] 听说改名能中奖是八: 发送他们房子🏠！发送他们房子🏠！发送他们房子🏠！！！！！！！！
[2026-02-22 01:08:51] valorant玩机器: pv王朝🏆
[2026-02-22 01:08:51] 载物ip大玩庄园地下室: 我已经受够了一次又一次输给蜜蜂，说完谢逊就输给pv了
[2026-02-22 01:08:52] 奇利亚斯豪华版3OOO型: 申请安排一个🌊一个🧊一个🍵当房管，实行三权分立
[2026-02-22 01:08:52] 艾萨克卡文迪许: 我已经受够了一次又一次输给蜜蜂，说完谢逊就输给pv了
[2026-02-22 01:08:52] 梓川不是辛川: 再见了鼠小弟
[2026-02-22 01:08:52] 太阳神之翼神龙球体形: 草！拿下老鼠！那些说哲伟只会捕虾的人呢？
[2026-02-22 01:08:52] 苦寻杭州富婆: 感觉PV王朝了
[2026-02-22 01:08:52] 菅原小吉: 再见了，托小弟👋
[2026-02-22 01:08:52] Hcmor: 我已经受够了一次又一次输给蜜蜂，说完谢逊就输给pv了
[2026-02-22 01:08:52] 龍仔ww: 重新定义猎鹰强度
[2026-02-22 01:08:52] 中野家的三玖丈夫本人: 重新定义猎鹰强度
[2026-02-22 01:08:52] 北宇治拳王久石奏: 玩犬支配
[2026-02-22 01:08:52] 梦鸡的累吧: 申请安排一个🌊一个🧊一个🍵当房管，实行三权分立
[2026-02-22 01:08:52] 送不起火箭我送张办卡: 我已经受够了一次又一次输给蜜蜂，说完谢逊就输给pv了
[2026-02-22 01:08:53] 传统外场高手: 重新定义猎鹰强度
[2026-02-22 01:08:53] 老子就是爱丽丝:     重新定义猎鹰强度
[2026-02-22 01:08:53] 我看起来像慢半拍: 再见了鼠小弟
[2026-02-22 01:08:53] 莫情123: 再见了鼠小弟
[2026-02-22 01:08:53] 玩斯特机机: 玩犬支配
[2026-02-22 01:08:53] 杰里科丶: 换台！
[2026-02-22 01:08:53] 晨风凌云21146: 阅读比赛了
[2026-02-22 01:08:53] HaibaraAi1109: 申请安排一个🌊一个🧊一个🍵当房管，实行三权分立
[2026-02-22 01:08:54] 旭旭宝宝18cm: 再见了鼠小弟
[2026-02-22 01:08:54] KillllllQ: gg
[2026-02-22 01:08:54] 大逸子: 这么强的人在绿龙成啥了
[2026-02-22 01:08:54] 香港分社记者: 罚
[2026-02-22 01:08:54] 玩机器你好香你好香: 申请看丰川億百萬 懂得➕1
[2026-02-22 01:08:54] 人活着就是为了玩乐队: 再见了鼠小弟
[2026-02-22 01:08:54] LaughingSaMa: 重新定义猎鹰强度
[2026-02-22 01:08:54] 偷哦嘘鞭贷拔: 发送他们房子🏠！发送他们房子🏠！发送他们房子🏠！发送他们房子🏠！发送他们房子🏠！
[2026-02-22 01:08:55] 禾川0703: 重新定义猎鹰强度
[2026-02-22 01:08:55] 我想玩小蜜蜂: 申请安排一个🌊一个🧊一个🍵当房管，实行三权分立
[2026-02-22 01:08:55] KAZUSA149: 玩犬支配
[2026-02-22 01:08:55] Yao丶O: @Karrigan：老鼠屎还是不够黏啊...
[2026-02-22 01:08:55] 穿甲狗: @ZywOo：老詹这款参数还可以，我用过确实不错 稳定不被封
[2026-02-22 01:08:55] 君尧丶丶: 奖励一个小蜜蜂
[2026-02-22 01:08:56] 乱世惊雷: @donk：小驴来就真的接完了😁
[2026-02-22 01:08:56] 丰III祥子: 再见了👋🏻
[2026-02-22 01:08:56] GameT1me: 再见了，托小弟👋
[2026-02-22 01:08:56] 美食殿堂的雪菲本人: 我已经受够了一次又一次输给蜜蜂，说完谢逊就输给pv了
[2026-02-22 01:08:56] suicho: 玩犬支配
[2026-02-22 01:08:56] 牢大与直升机成功和解: 重新定义猎鹰强度
[2026-02-22 01:08:56] 旭旭宝宝18cm: 再见了鼠小弟
[2026-02-22 01:08:57] 星空初: 申请安排一个🌊一个🧊一个🍵当房管，实行三权分立
[2026-02-22 01:08:57] 为所欲为丶中二林: 玩犬支配
[2026-02-22 01:08:57] NJU的cdz本人: 重新定义猎鹰强度
[2026-02-22 01:08:57] 余小c是真滴混啊: 申请安排一个🌊一个🧊一个🍵当房管，实行三权分立
[2026-02-22 01:08:57] SDSF004: 重新定义猎鹰强大
[2026-02-22 01:08:57] 苏玉梦das: 　　　 重新定义猎鹰强度
[2026-02-22 01:08:57] 愿良辰美景: 感觉猎鹰硬实力亚军了啊
[2026-02-22 01:08:57] 火羽flying: 大分收
[2026-02-22 01:08:58] 街边的辅助君: 重新定义猎鹰强度！
[2026-02-22 01:08:58] s坑华: 重新定义猎鹰强度
[2026-02-22 01:08:58] 土俗火焰: 精彩
[2026-02-22 01:08:58] 6657是我爹: pv王朝！pv王朝！pv王朝！pv王朝！pv王朝！pv王朝！pv王朝！pv王朝！pv王朝！pv王朝！
[2026-02-22 01:08:58] myGo的anon: 草！拿下老鼠！那些说哲伟只会捕虾的人呢？
[2026-02-22 01:08:58] 我真的不是硝子: 77
[2026-02-22 01:08:58] 17丶eternal: 老鼠变四强了
[2026-02-22 01:08:59] 愿你我都Shi生活的高手: 重新定义猎鹰强度
[2026-02-22 01:08:59] 寒枫曳是一头傲空的隼: 重新定义猎鹰强度
[2026-02-22 01:08:59] 蹲在天台的衰仔:  @禾川0703：重新定义猎鹰强度
[2026-02-22 01:08:59] 沐风Charlie: 重新定义猎鹰强度
[2026-02-22 01:08:59] 贰壹壹壹: PV王朝了
[2026-02-22 01:08:59] vongwu: PV〉绿龙
[2026-02-22 01:08:59] IIIIIIIIIIIIIIIIIIIIIIlllll: 反观
[2026-02-22 01:09:00] 2steppppppp: 重新定义猎鹰强度
[2026-02-22 01:09:00] 带节奏的都是我重孙: 发送他们房子🏠！发送他们房子🏠！发送他们房子🏠！发送他们房子🏠！发送他们房子🏠！
[2026-02-22 01:09:00] Laila丶丶: 罚
[2026-02-22 01:09:00] 夏米诺: 罚
[2026-02-22 01:09:00] C0C00N: 申请安排一个🌊一个🧊一个🍵当房管，实行三权分立
[2026-02-22 01:09:01] xxx2xxx: AW:😅😅😅😅😅😅😅
[2026-02-22 01:09:01] 夹心糖6657upup: 重新定义猎鹰强度
[2026-02-22 01:09:01] 枫丹最美芙宁娜:     重新定义猎鹰强度
[2026-02-22 01:09:01] 酒酒酒酒酒酒: 他根本骗不到上帝
[2026-02-22 01:09:01] 疯狂的小松鼠QAQ: 申请安排一个🌊一个🧊一个🍵当房管，实行三权分立
[2026-02-22 01:09:01] 两仪琴本人: 奖励一个小蜜蜂
[2026-02-22 01:09:01] rechechan: 1
[2026-02-22 01:09:01] 文西67: 反观
[2026-02-22 01:09:01] 魔法师Saber: 重新定义猎鹰强大
[2026-02-22 01:09:01] 高举major奖杯的Niko: 重新定义猎鹰强度
[2026-02-22 01:09:01] 这下洗不清咯: Jame这小镇指挥太厉害了
[2026-02-22 01:09:01] 玩老鼠丶Roxy: 大分收了
[2026-02-22 01:09:01] 喜欢听音乐的Kaku大人: 重新定义猎鹰强度！
[2026-02-22 01:09:01] 人活着就是为了玩乐队: 草！拿下老鼠！那些说哲伟只会捕虾的人呢？
[2026-02-22 01:09:01] 若叶睦吃苦瓜: 感觉猎鹰硬实力亚军了啊
[2026-02-22 01:09:02] 旭旭宝宝18cm: 再见了鼠小弟
[2026-02-22 01:09:02] xiaochun2333: 可是宗主也很厉害啊🥺
[2026-02-22 01:09:02] 疑似C9的sh1ro本人: pv这状态...季军赛猎鹰危险了啊
重新定义猎鹰强度
[2026-02-22 01:09:02] Dartline: 77
[2026-02-22 01:09:02] Abramwow: 谁没有呢 谁没有呢
[2026-02-22 01:09:02] 7376377: 我已经受够了一次又一次输给蜜蜂，说完谢逊就输给pv了
[2026-02-22 01:09:02] 三见故山秋: 重新定义猎鹰强度
[2026-02-22 01:09:03] 汝青丝似手沙: 我已经受够了一次又一次输给蜜蜂，说完谢逊就输给pv了
[2026-02-22 01:09:03] 旧城乀873: 换台
[2026-02-22 01:09:03] 伦敦千早爱: 在线榜第9名千早爱音给你送钻粉你咋不谢（11级发不了
[2026-02-22 01:09:03] ymyyo: 重新定义猎鹰强度
[2026-02-22 01:09:03] 我是一个医保卡: 重新定义猎鹰强度
[2026-02-22 01:09:03] 这里是小天啊: 奖励一个小蜜蜂
[2026-02-22 01:09:03] gandalfr614: 重新定义猎鹰强度
[2026-02-22 01:09:03] 门捷列精夫: 玩犬支配
[2026-02-22 01:09:03] 栀璃鸢年awa: 重新定义猎鹰强度
[2026-02-22 01:09:04] 我超爱开坦克de: 7777777777
[2026-02-22 01:09:04] Swaayt: 重新定义猎鹰强度
[2026-02-22 01:09:04] 莫情123: pv真王朝了
[2026-02-22 01:09:04] 東郷美森是勇者: 草！拿下老鼠！那些说哲伟只会捕虾的人呢？
[2026-02-22 01:09:04] RabbitRay: 詹77吗
[2026-02-22 01:09:04] 玩机器你好香你好香: 申请看丰川億百萬 懂得➕1
[2026-02-22 01:09:04] 海绵宝宝dinner: 重新定义猎鹰强度
[2026-02-22 01:09:04] 无痕搁浅: 重新定义猎鹰强度
[2026-02-22 01:09:04] 监狱的二阶堂sh1ro本人: 重新定义猎鹰强度
[2026-02-22 01:09:05] 星之卡比2333: 重新定义猎鹰强度
[2026-02-22 01:09:05] 皮艳羊丶: 感觉猎鹰是硬实力亚军啊
[2026-02-22 01:09:05] 蝈蝈贼: 重新定义猎鹰强度！
[2026-02-22 01:09:05] 约渊: 换台
[2026-02-22 01:09:05] 好哥们宇智波鼬: 重新定义猎鹰强度！
[2026-02-22 01:09:05] LvvsiN: 我提一嘴这剧情越来越像上海major了
[2026-02-22 01:09:06] 安分小已的小青春: @donk：小驴来就真的接完了😁
[2026-02-22 01:09:06] 奶油亦博啵啵: 感觉老鼠夺冠了
[2026-02-22 01:09:06] Vitality的Zyw0o0本人: 哲伟：蟹也是海鲜
[2026-02-22 01:09:06] 小骚猪的爸爸: goat
[2026-02-22 01:09:06] 好哥们汉阳造: 草！拿下老鼠！那些说哲伟只会捕虾的人呢？
[2026-02-22 01:09:07] AfterSh0ck: @Karrigan：老鼠屎还是不够黏啊...
[2026-02-22 01:09:07] 早安丿章鱼哥: 《闹麻了，也就是年初没人研究PV罢了》
[2026-02-22 01:09:07] 硫磺祥: 别废话了 看汤
[2026-02-22 01:09:07] 正直的鸡哥: 梦回里约
[2026-02-22 01:09:07] 用户3661578: 老鼠醒的太晚了可惜
[2026-02-22 01:09:07] 蝶花月: 重新定义猎鹰强度
[2026-02-22 01:09:07] 天魔外道y: 奖励一个小蜜蜂
[2026-02-22 01:09:08] 审批专家:     重新定义猎鹰强度
[2026-02-22 01:09:08] 川水A: 可是宗主也很厉害啊🥺
[2026-02-22 01:09:08] 汽水販賣处: 重新定义猎鹰强度
[2026-02-22 01:09:08] 在下有点硬丷: 詹姆王朝了
[2026-02-22 01:09:08] zin桀zera: 我已经受够了一次又一次输给蜜蜂，说完谢逊就输给pv了
[2026-02-22 01:09:08] 杰里科丶: 换台！是爹地！
[2026-02-22 01:09:08] SDSF004: 重新定义猎鹰强度
[2026-02-22 01:09:09] jo1nt: 重新定义猎鹰强度
[2026-02-22 01:09:09] 咕咕么么好可爱: 重新定义猎鹰强度
[2026-02-22 01:09:09] Subto: 你们千万别带玩机器双标扁食节奏啊！我知道没人带我就是提一嘴
[2026-02-22 01:09:09] 南小鸡丶advent: 昨天的玩机器：MOUZ肯定进决赛了
[2026-02-22 01:09:09] 玩玩解说一辈子: 重新定义猎鹰强度
[2026-02-22 01:09:09] 尝试切他中路灬: 换台
[2026-02-22 01:09:09] 假如一切是虚幻: 重新定义猎鹰强度
[2026-02-22 01:09:09] Felixus: 奖励一个小蜜蜂
[2026-02-22 01:09:10] LvvsiN: 你这音画不同步太难受了，我都听到NIKO里约RMR晋级的欢呼了
[2026-02-22 01:09:10] always铁棍民: 好多提速啊粘母
[2026-02-22 01:09:10] hRainn: 赶紧看100T！
[2026-02-22 01:09:10] 咖喱派GLP: 草！拿下老鼠！那些说哲伟只会捕虾的人呢？
[2026-02-22 01:09:11] viovvvvvvvon: 詹姆王朝了
[2026-02-22 01:09:11] 海绵宝宝dinner: 重新定义猎鹰强度
[2026-02-22 01:09:11] 奶油亦博啵啵: 感觉老鼠夺冠了
[2026-02-22 01:09:11] 虹薼: 好朴素的战队服
[2026-02-22 01:09:11] 墨西哥之狼: 还在定义...............
[2026-02-22 01:09:11] ValleyVVV: 这把真不怪猎鹰的飞机
[2026-02-22 01:09:11] 轻伤酱: 重新定义猎鹰强度
[2026-02-22 01:09:11] 卷子哥爱repeek: 抓娃娃
[2026-02-22 01:09:12] Mannequin: 重新定义猎鹰强度
[2026-02-22 01:09:12] 龙龙虾虾major亚军: 小孩全锅，只要hide PV就进不了4强了
[2026-02-22 01:09:12] 钟程的老婆: ？
[2026-02-22 01:09:12] Johnsmith1231: 感觉猎鹰硬实力亚军了啊
[2026-02-22 01:09:12] 山河jek: 发明加一过快的真是出省，同意的加一
[2026-02-22 01:09:12] 疑似C9的sh1ro本人: pv这状态...季军赛猎鹰危险了啊
重新定义猎鹰强度
[2026-02-22 01:09:12] 夺云丶: 以后别叫尼尼了，叫匕匕吧，尸都被扁没了这—块
[2026-02-22 01:09:12] hansanboi: @donk：小驴来就真的接完了😁
[2026-02-22 01:09:13] 云之君992: 重新定义猎鹰强度
[2026-02-22 01:09:13] yattt777: 重新定义猎鹰强度
[2026-02-22 01:09:13] Liyuukoi: 太灵活了
[2026-02-22 01:09:13] 玩机器今晚还播吗: 哲伟：马卡泽在哪发财呢
[2026-02-22 01:09:14] YeMinister: 奖励一个小蜜蜂
[2026-02-22 01:09:14] DogRa1nFans: 草！拿下老鼠！那些说哲伟只会捕虾的人呢？
[2026-02-22 01:09:14] 海安WAILOM: 重新定义猎鹰强度
[2026-02-22 01:09:14] 月白酱w: 77
[2026-02-22 01:09:14] 鸟儿在头顶把森林叫醒: 重新定义猎鹰强度
[2026-02-22 01:09:14] xOcOg: 【格陵兰战报】目前大东指挥5回合，设备指挥4回合，大东指挥设备送8次，设备拿下关键击杀3个
[2026-02-22 01:09:14] 美食殿堂的雪菲本人: 可是宗主也很厉害啊🥺
[2026-02-22 01:09:15] 枫川翔梓: 詹圣
[2026-02-22 01:09:15] 火暴兽也干了: 感觉猎鹰硬实力亚军了啊
[2026-02-22 01:09:15] 新阿姆斯特丹孙一峰: 我已经受够了一次又一次输给蜜蜂，说完谢逊就输给pv了
[2026-02-22 01:09:15] 宫监手放监: 可是宗主也很厉害啊🥺
[2026-02-22 01:09:15] 冥冥6657: 猎鹰本质季军{暂定}
[2026-02-22 01:09:15] 特级畜师徐志勇: 还是上半场狗💩黏多了
[2026-02-22 01:09:16] LvvsiN: 玩宝宝，我发现在大学上学的时候肄业会很舒服，你可以试试
[2026-02-22 01:09:16] 不主动不拒绝不负责: 可是宗主也很厉害啊🥺
[2026-02-22 01:09:16] 即将拥有PDD的人鱼线丿: 好难猜啊
[2026-02-22 01:09:16] 玩机器你好香你好香: 申请看丰川億百萬 懂得➕1
[2026-02-22 01:09:16] 玩机器厦面鄙骰大: JAME是device眼中的自己
[2026-02-22 01:09:16] 玩刘农device: 小蜜蜂
[2026-02-22 01:09:17] 烎摩尔托市: 发送他们房子🏠！发送他们房子🏠！发送他们房子🏠！发送他们房子🏠！发送他们房子🏠！
[2026-02-22 01:09:17] ropz的保时捷911turbos: 重新定义猎鹰强度
[2026-02-22 01:09:17] 丶丶Ken丶丶: 昨天的玩机器：MOUZ肯定进决赛了
[2026-02-22 01:09:17] Pioneer893: 　　　 草！拿下老鼠！那些说哲伟只会捕虾的人呢？
[2026-02-22 01:09:17] 4841314025: 重新定义猎鹰强度
[2026-02-22 01:09:18] 挥泪斩楚狗: @这里是小天啊：来给天哥点关注，天哥给你们解封😎
[2026-02-22 01:09:18] 我永远喜欢田井中律: 太爽了😄今晚举报成功了好多弹幕，我感觉自己是捕捞海鲜的渔夫🌊
[2026-02-22 01:09:18] 假如一切是虚幻: 唉😔，刚看到还有个17级的发弹幕，一整天的好心情在这一刻全毁了
[2026-02-22 01:09:18] ALYSAA: 重新定义猎鹰强度
[2026-02-22 01:09:18] 这只是个名字而已: .
[2026-02-22 01:09:18] 海绵宝宝dinner: 重新定义猎鹰强度
[2026-02-22 01:09:18] 薛定谔的萝莉喵: 蒙古
[2026-02-22 01:09:19] 洛陽城里看落陽: 奖励一个小蜜蜂
[2026-02-22 01:09:19] 艾坤123: 不是运气好？
[2026-02-22 01:09:19] Saiki559: 恨
[2026-02-22 01:09:19] qqqq626: 跟蜜蜂昨天一样不给看老爸
[2026-02-22 01:09:19] 网友阿草: 蜜蜂
[2026-02-22 01:09:19] 爱吃芒果的大芒果: 重新定义猎鹰强度
[2026-02-22 01:09:19] TuscanLeather: 是蒙古
[2026-02-22 01:09:19] 用户2421654511: 重新定义猎鹰强度
[2026-02-22 01:09:19] Vitality的Zyw0o0本人: 可是宗主也很厉害啊🥺
[2026-02-22 01:09:20] 用户2719002301: 你詹你詹来野🦍你詹你詹来野🦍你詹你詹来野🦍你詹你詹来野🦍你詹你詹来野🦍
[2026-02-22 01:09:20] 天津英华学校的b1t本人: 重新定义猎鹰强度
[2026-02-22 01:09:20] 兔子Usaki: 快意！詹皇赢战！
[2026-02-22 01:09:20] 那就点: 蒙古
[2026-02-22 01:09:20] 我的我的sorry: 小蜜蜂
[2026-02-22 01:09:20] 花綠: 小蜜蜂
[2026-02-22 01:09:20] 蓝月亮843: 哲伟：马卡泽在哪发财呢
[2026-02-22 01:09:20] 寻血猎犬0V0: 小蜜蜂
[2026-02-22 01:09:20] 正经猪头肉: 蒙古
[2026-02-22 01:09:21] 没有黑幕孙一峰: 还是上半场分拿少了
[2026-02-22 01:09:21] 今天只做1件事: 重新定义猎鹰强度
[2026-02-22 01:09:21] hydianeg: 感觉不如房管支配观众啊
[2026-02-22 01:09:21] 阿文射命丸文: 重新定义猎鹰强度
[2026-02-22 01:09:21] KujoJolyne: 蒙古
[2026-02-22 01:09:21] 墨西哥之狼: 还是爆冷了 还是爆冷了 还是爆冷了 还是爆冷了 还是爆冷了 还是爆冷了 还是爆冷了 还是爆冷了 还是
[2026-02-22 01:09:21] 银银行行银行业业: 这比赛越看猎鹰越强啊
[2026-02-22 01:09:22] 丿哈哈大笑: 维他立体
[2026-02-22 01:09:22] SekaiKamiki: 蒙古
[2026-02-22 01:09:22] 星海羽弦: 蒙古
[2026-02-22 01:09:22] 阿呆呆呆呆呆大大: 重新定义猎鹰强度
[2026-02-22 01:09:22] 人活着就是为了玩乐队: 重新定义猎鹰强度（褒义）
[2026-02-22 01:09:22] Pmaruovimai: 换台
[2026-02-22 01:09:22] PAX7654: 好难猜啊
[2026-02-22 01:09:23] 洛林Lorraine23783: 重新定义猎鹰强度
[2026-02-22 01:09:23] bsqqaq: 发送他们房子
[2026-02-22 01:09:23] YeMinister: 换台！是爹地！
[2026-02-22 01:09:23] 石家庄特色猪油火锅: @这里是小天啊：来给天哥点关注，天哥给你们解封😎
[2026-02-22 01:09:23] 王佰柒柒: 蒙古 有没有说法
[2026-02-22 01:09:24] 行云C1oud: 不用看
[2026-02-22 01:09:24] 麻辣头鱼丝: 是蒙古
[2026-02-22 01:09:24] 雨中的桐树: 猎鹰本质季军{暂定}
[2026-02-22 01:09:24] Angelclose: 草！拿下老鼠！那些说哲伟只会捕虾的人呢？
[2026-02-22 01:09:24] 追凤先生缝老八: 蒙古
[2026-02-22 01:09:24] 老子就是爱丽丝: 蒙古
[2026-02-22 01:09:24] zironka: 奖励一个小蜜蜂
[2026-02-22 01:09:24] 讽风有情: 好难猜啊
[2026-02-22 01:09:24] 尼古拉刘亦博: 蜜蜂🐝
[2026-02-22 01:09:25] 華之君: 重新定义猎鹰强度
[2026-02-22 01:09:25] 两仪琴本人: 蒙古
[2026-02-22 01:09:25] 抓住肉肉啃: 蒙古
[2026-02-22 01:09:25] 用户0083645032: 还用看吗
[2026-02-22 01:09:25] 翅膀05: 感觉猎鹰硬实力季军了呀
[2026-02-22 01:09:26] 香港分社记者: 重新定义猎鹰强度
[2026-02-22 01:09:26] Void鱼鱼: 恨
[2026-02-22 01:09:26] 深巷里的少年与猫丿: 别看了肖磊，你学不会的
[2026-02-22 01:09:26] StellarEchoes: 一只神秘的黄色战队
[2026-02-22 01:09:26] 玩玩解说一辈子: 重新定义猎鹰强度
[2026-02-22 01:09:26] poemars: 重新定义猎鹰强度
[2026-02-22 01:09:26] 我知道的一点也不多: 草！拿下老鼠！那些说哲伟只会捕虾的人呢？
[2026-02-22 01:09:27] 来杯浓硫酸压压惊: 猎鹰可能输给了冠军。。。猎鹰可能输给了冠军。。。
[2026-02-22 01:09:27] A队的三角初音本人: 玩大哥，我们尼尼孩孩的比赛什么时候开啊
[2026-02-22 01:09:27] 从来不保枪: 重新定义猎鹰强度
[2026-02-22 01:09:27] 到鱼一观: 是蒙古
[2026-02-22 01:09:27] 起个隆咚呛咚呛: 重新定义猎鹰强度
[2026-02-22 01:09:27] 红烧哈基米: 玩神最恨的蜜蜂啊
[2026-02-22 01:09:28] The8little8oNe: 老鼠猎鹰两菜队没有冠军是有原因的
[2026-02-22 01:09:28] 三零一路公交司机: @哲伟：马卡择你人呢
[2026-02-22 01:09:28] LvvsiN: 其实碗橱就是猪灵，你不拿黄金丢他他就不跟你说话
[2026-02-22 01:09:28] 心系下个冠军的AleksiB: 李子得学一下呀
[2026-02-22 01:09:28] 好哥们韩信: 你们都在开玩笑，只有我大号是真被房管360了。。。
[2026-02-22 01:09:28] 书云云: 换台！是爹地！
[2026-02-22 01:09:29] 管道有颗粒感: 那谁没有终结比赛的能力?
[2026-02-22 01:09:29] 唯有、责任: 大战一触即发⚠️ 大战一触即发⚠️ 大战一触即发⚠️ 大战一触即发⚠️ 大战一触即发⚠️
[2026-02-22 01:09:29] 玩积杰丶Maqiang: @device：儿子！换台！是爹地！😎😎😎
[2026-02-22 01:09:29] 100Thieves-dev1ce: 赶紧看老汤
[2026-02-22 01:09:29] yukiraZz: @device：儿子！换台！是爹地！😎😎😎 @device：儿子！换台！是爹地！😎😎😎
[2026-02-22 01:09:29] 一刀一个啵啵怪: 老鼠赛前采访 受够输给小蜜蜂了 结果是真的 直接输给pv
[2026-02-22 01:09:30] 传统外场高手: 重新定义猎鹰强度
[2026-02-22 01:09:30] 枕边有个二次元: 没有流量了
[2026-02-22 01:09:30] 吴本伟nb: 里约剧情了
[2026-02-22 01:09:30] 香港分社记者: 我突然不喜欢cs了
[2026-02-22 01:09:30] 时雨晴生: 草！拿下老鼠！那些说哲伟只会捕虾的人呢？
[2026-02-22 01:09:30] TheSaltFish: 换台！是爹地！
[2026-02-22 01:09:30] 玩大人查到自贡了: 恨
[2026-02-22 01:09:31] TheMongolZ的上单本人: @这里是小天啊：来给天哥点关注，天哥给你们解封😎
[2026-02-22 01:09:31] 龍仔ww: 哦斯汀
[2026-02-22 01:09:31] Meik7: 感觉猎鹰硬实力季军了呀
[2026-02-22 01:09:31] 血樱幽世: 小蜜蜂还需要多说吗 小蜜蜂现在这状态 很难不夺冠了
[2026-02-22 01:09:31] Kylinzzzzzzzz: 小蜜蜂和蒙古的胜者吗好难猜啊
[2026-02-22 01:09:31] pokemonch: zweih：驴小弟在哪发财呢
[2026-02-22 01:09:32] 挥泪斩楚狗: @这里是小天啊：来给天哥点关注，天哥给你们解封😎
[2026-02-22 01:09:32] 枫川翔梓: 猎鹰本质季军{暂定}
[2026-02-22 01:09:32] HazeDie1337:   device:儿子快换台，是爹地😎😎😎😎
[2026-02-22 01:09:32] 沉默的Sekiro: 一只神秘的黄色战队
[2026-02-22 01:09:32] lhq0001: 哲伟：我和我的动物朋友们。。
[2026-02-22 01:09:32] 我请问了丶: 重新定义猎鹰强度
[2026-02-22 01:09:32] 水球碳酸饮料: 精彩在哪
[2026-02-22 01:09:32] 黄浦嘴臭教父: 重新定义猎鹰强度
[2026-02-22 01:09:33] 夺云丶: 玩神最恨的蜜蜂啊
[2026-02-22 01:09:33] 伦敦千早爱: 在线榜第9名千早爱音给你送钻粉你咋不谢（11级发不了
[2026-02-22 01:09:33] Ba1enc1aga: 睡觉了
[2026-02-22 01:09:33] PAX7654: 精彩吗
[2026-02-22 01:09:34] 宇智波69: 重新定义猎鹰强度
[2026-02-22 01:09:34] 推斯特zz: 是4️⃣8️⃣
[2026-02-22 01:09:34] Saiki559: 换台！是爹地！
[2026-02-22 01:09:34] 玩斯特出出6657: 重新定义猎鹰强度
[2026-02-22 01:09:34] 瓜辣瓜: 无敌咯
[2026-02-22 01:09:34] 此主播乃帅比: 重新定义猎鹰强度
[2026-02-22 01:09:34] 古堡12枪战神: A队
[2026-02-22 01:09:34] 三零一路公交司机: 换台！是爹地！
[2026-02-22 01:09:35] 瑭珏: 换台！是爹地！
[2026-02-22 01:09:35] 监狱的二阶堂sh1ro本人: 精彩在哪
[2026-02-22 01:09:35] 维他立体的r6pz本人: @device：儿子！换台！是爹地！😎😎😎 @device：儿子！换台！是爹地！😎😎😎
[2026-02-22 01:09:35] 一不小心丶就丶: 小蜜蜂又要拿冠军喽
[2026-02-22 01:09:35] QC很牛很强大: @xertion：我已经厌倦输给小蜜蜂了 @詹姆：那我来😄
[2026-02-22 01:09:35] EWH71: 重新定义猎鹰强度
[2026-02-22 01:09:35] 200rui: 重新定义猎鹰强度
[2026-02-22 01:09:35] 零北鸢: @哲伟：马卡择你人呢
[2026-02-22 01:09:36] p3anut7: @哲伟：马卡择你人呢
[2026-02-22 01:09:36] 人活着就是为了玩乐队:  感觉猎鹰硬实力季军了呀
[2026-02-22 01:09:36] Wangzap: jame太有阅读了
[2026-02-22 01:09:36] 好姐妹冰川姐妹: 里约剧情了
[2026-02-22 01:09:36] 信濃Sh1nano: 蒙古
[2026-02-22 01:09:36] 小蜜蜂的长期素食本人: 收到
[2026-02-22 01:09:37] 用户0268784457: 我真的不理解这些人累死累活在蜜蜂底下拿个亚军有什么必要呢
[2026-02-22 01:09:37] 玩大哥我双倍呢: 草！拿下老鼠！那些说哲伟只会捕虾的人呢？
[2026-02-22 01:09:37] yinyao1231: 别别别
[2026-02-22 01:09:37] A队的术士本人: 感觉妮妮对试题更支配啊
[2026-02-22 01:09:37] 雪枝枝qwq: @device：儿子！换台！是爹地！😎😎😎
[2026-02-22 01:09:37] 正经猪头肉: 蒙古
[2026-02-22 01:09:38] 身旁冷清拥挤丶: 是猎鹰
[2026-02-22 01:09:38] 无言6: @device：儿子！换台！是爹地！😎😎😎
[2026-02-22 01:09:38] 听说改名能中奖是八: 无人在意
[2026-02-22 01:09:38] 深巷里的少年与猫丿: 别看了肖磊，你学不会的
[2026-02-22 01:09:38] Aabv8877: 小蜜蜂
[2026-02-22 01:09:38] 玩设备丶dev1ce: pv夺冠了猎鹰不就又是亚军
[2026-02-22 01:09:39] eda778: 换台！是爹地！
[2026-02-22 01:09:39] 冲泉冲泉: 草！被pv拿下！那些说老鼠只会给蜜蜂尽孝的人呢！说话来！
[2026-02-22 01:09:39] pigff的诱饵弹: 收到
[2026-02-22 01:09:39] 幽夜将明: @这里是小天啊：来给天哥点关注，天哥给你们解封😎
[2026-02-22 01:09:39] al9527: 把TOP1叫过来
[2026-02-22 01:09:39] 伊宝伊宝ovo的狗: 恨
[2026-02-22 01:09:39] 教育片來一部: 猎鹰有冠军实力，但不是最好的那个
[2026-02-22 01:09:40] likeboom: 我已经受够了一次又一次输给蜜蜂，说完谢逊就输给pv了
[2026-02-22 01:09:40] 白河日和: 轮到王朝战队来质检了
[2026-02-22 01:09:40] 爱吃芒果的大芒果: 蒙古
[2026-02-22 01:09:40] Vitality的羽贺文乃本人: 在线榜第9名千早爱音给你送钻粉你咋不谢（11级发不了
[2026-02-22 01:09:40] El1jah丶: 唉😔，本来进决赛的是猎鹰的
[2026-02-22 01:09:40] Kylinzzzzzzzz: 换台！是爹地！
[2026-02-22 01:09:40] 挥泪斩楚狗: @这里是小天啊：来给天哥点关注，天哥给你们解封😎
[2026-02-22 01:09:40] 古堡12枪战神: 蒙古
[2026-02-22 01:09:40] Vurtne: @device：儿子换台 是爹地
[2026-02-22 01:09:41] 神官喵: 100T
[2026-02-22 01:09:41] 不buy立省百分百: 蜜蜂
[2026-02-22 01:09:41] 玩斯特机机: 恨
[2026-02-22 01:09:41] Vitality的Zyw0o0本人: 好刺激呀😄今晚举报成功了好多弹幕，我感觉自己是捕捞海鲜的渔夫🌊
[2026-02-22 01:09:41] Rainwedell: 换台！是爹地！
[2026-02-22 01:09:41] AveMujica的渡濑结月本人: 不是要下班吗
[2026-02-22 01:09:41] 凉拌皮卡丘9526: 换台！是爹地！
[2026-02-22 01:09:42] 疑似C9的sh1ro本人: pv这状态...季军赛猎鹰危险了啊
换台！是爹地！
[2026-02-22 01:09:42] Yao丶O: 性价比哦斯汀
[2026-02-22 01:09:42] valorant玩机器: @device：儿子！换台！是爹地！😎😎😎
[2026-02-22 01:09:42] 玩斯特出出6657: 100t
[2026-02-22 01:09:42] 辰宿盈昃: 别别别
[2026-02-22 01:09:42] SaberMax丶: @device：儿子！换台！是爹地！😎😎😎
[2026-02-22 01:09:42] 深巷里的少年与猫丿: 别看了肖磊，你学不会的
[2026-02-22 01:09:43] 冬原春希: 山在哪
[2026-02-22 01:09:43] 100Thieves-dev1ce: 换台！是爹地！
[2026-02-22 01:09:43] 阿文射命丸文: 蒙古
[2026-02-22 01:09:43] 信濃Sh1nano: 蒙古
[2026-02-22 01:09:43] 靠某人: 复刻奥斯丁？复刻ewc！
[2026-02-22 01:09:43] 香港分社记者: 玩大哥你就给巴西人和蒙古人播吧
[2026-02-22 01:09:43] 葬舞群花泪: 如果狂哥还在的话，哎。
[2026-02-22 01:09:43] 尔联: 草！拿下老鼠！那些说哲伟只会捕虾的人呢？
[2026-02-22 01:09:44] 皓宇是个帅比: 换台！是爹地！
[2026-02-22 01:09:44] 哈机器好胖好可爱: 换台！是爹地！
[2026-02-22 01:09:44] Kanade酱丶: 蒙古
[2026-02-22 01:09:44] 水下放电11: 猎鹰
[2026-02-22 01:09:44] Saiki559: 恨载
[2026-02-22 01:09:44] kyubit: 猎鹰
[2026-02-22 01:09:45] Evelexl: 别别别
[2026-02-22 01:09:45] Scar化伪伤痕: 散了，去看谷圣了
[2026-02-22 01:09:45] 不知名贝斯手: 草！拿下老鼠！那些说哲伟只会捕虾的人呢？
[2026-02-22 01:09:45] 土俗火焰: 猎鹰
[2026-02-22 01:09:45] 信濃Sh1nano: 蒙古
[2026-02-22 01:09:45] 谁会想要左后卫球衣呢: 蒙古
[2026-02-22 01:09:46] 众黏液之父desu特wawa: 换台
[2026-02-22 01:09:46] 丶丶Ken丶丶: 换台！是爹地！
[2026-02-22 01:09:46] 马加奇的哥哥马加绝: 猎鹰比赛什么时候开
[2026-02-22 01:09:46] 小众宝藏玩小将: @哲伟：马卡择你人呢
[2026-02-22 01:09:46] Oxealiz: 100T
[2026-02-22 01:09:47] 烨无觉: 你觉得呢
[2026-02-22 01:09:47] 多喝热水9点睡: @device：儿子！换台！是爹地！😎😎😎
[2026-02-22 01:09:47] suo不粗话: 爹地
[2026-02-22 01:09:47] 用户247509865: 换台！是爹地！
[2026-02-22 01:09:47] 五五开玩笑ob: @device：儿子！换台！是爹地！😎😎😎
[2026-02-22 01:09:47] WS的草薙宁宁本人: @device：儿子！换台！是爹地！😎😎😎
[2026-02-22 01:09:47] 爱淡茶未凉: 蒙古
[2026-02-22 01:09:47] O荒年I留连O: @device：儿子！换台！是爹地！😎😎😎
[2026-02-22 01:09:47] 伦敦千早爱: 在线榜第9名千早爱音给你送钻粉你咋不谢（11级发不了
[2026-02-22 01:09:48] 玩霁捌丶Machinegun: 换台！是爹地！
[2026-02-22 01:09:48] 吃千层的加菲猫: 决赛蒙古pv不敢想有多少贵宾决赛蒙古pv不敢想有多少贵宾决赛蒙古pv不敢想有多少贵宾
[2026-02-22 01:09:48] 蔡初尧: 看设备啊
[2026-02-22 01:09:48] 空樱琉璃: @device：儿子！换台！是爹地！😎😎😎
[2026-02-22 01:09:48] VR的灰泽螨本人: @device：儿子！换台！是爹地！😎😎😎 @device：儿子！换台！是爹地！😎😎😎
[2026-02-22 01:09:48] 奶芙哈特小姐: 换台
[2026-02-22 01:09:49] 久远寺有珠alice最可爱: 猎鹰
[2026-02-22 01:09:49] 尝试切他中路灬: 100T
[2026-02-22 01:09:49] DogRa1nFans: 好刺激呀😄今晚举报成功了好多弹幕，我感觉自己是捕捞海鲜的渔夫🌊
[2026-02-22 01:09:49] 冲泉冲泉: 草！被pv拿下！那些说老鼠只会给蜜蜂尽孝的人呢！说话来！
[2026-02-22 01:09:49] 用户247509865: 换台！是爹地！
[2026-02-22 01:09:49] xxx2xxx: 看老汤行吗
[2026-02-22 01:09:49] 99组的爱城华恋本人: 草！拿下老鼠！那些说哲伟只会捕虾的人呢？
[2026-02-22 01:09:49] 每天迟到半小时: 还在恨
[2026-02-22 01:09:49] 骑蜗牛追杀: 🧊🧊们一会小蜜蜂比赛让玩÷见识下什么叫王朝爆弹
[2026-02-22 01:09:50] RATIRL: 100T
[2026-02-22 01:09:50] Tao7Ge: 机器机器，是上帝先进第三次m@jor决赛还是niko先进第三次m@jor决赛
[2026-02-22 01:09:50] 林间拾露z: 逗逗你的呀
[2026-02-22 01:09:50] 绘梨衣啊啊啊i: 草！拿下老鼠！那些说哲伟只会捕虾的人呢？
[2026-02-22 01:09:50] LvvsiN: 南孚一节更比六节强，也就是一节南孚比六节南孚强，六节南孚比三十六节强，三十六节比二百一十六节强
[2026-02-22 01:09:50] 玩机器送老虎的BROKY: 100T
[2026-02-22 01:09:51] 小李努力考清华: 换台！是爹地！
[2026-02-22 01:09:51] 薛定谔的猫3624: 我草要把动物园全淘汰了我草要把动物园全淘汰了我草要把动物园全淘汰了
[2026-02-22 01:09:51] 用户247509865: 换台！是爹地！
[2026-02-22 01:09:51] 足音: 草！拿下老鼠！那些说哲伟只会捕虾的人呢？
[2026-02-22 01:09:51] 琦玉33的冷漠脸: 我让你换台你🐉🐴
[2026-02-22 01:09:51] SideChannel: 换台！是爹地！
[2026-02-22 01:09:51] 谁谁谁我是谁: 换台！是爹地！
[2026-02-22 01:09:52] 姜柚恩的狗: 赶紧换台
[2026-02-22 01:09:52] azo808: 换台！是爹地！
[2026-02-22 01:09:52] emm36091: 100T
[2026-02-22 01:09:52] 灯火阑珊处YW: 。
[2026-02-22 01:09:52] LvvsiN: 别解说了 多聊会天 你不会真的以为能输吧
[2026-02-22 01:09:52] 牢大牢三major冠军: 草！拿下老鼠！那些说哲伟只会捕虾的人呢？
[2026-02-22 01:09:52] don斯特kk: vp居然把jame踢了。。。。。
[2026-02-22 01:09:53] GanadoLluviA: 我提一嘴里约决赛7000多贵宾
[2026-02-22 01:09:53] xiaochun2333: 能快点结束吗。。。说句难听的CS比赛除了falcons其他队有观赏性吗？
[2026-02-22 01:09:53] CSTG的一米九二本人: @device：儿子！换台！是爹地！😎😎😎
[2026-02-22 01:09:53] 咕咕么么好可爱: 换台！是爹地！
[2026-02-22 01:09:53] 小李子精选波黑大虾: 换台！是爹地！
[2026-02-22 01:09:53] Vitality的Zyw0o0本人: 草！拿下老鼠！那些说哲伟只会捕虾的人呢？
[2026-02-22 01:09:53] 用户247509865: 换台！是爹地！
[2026-02-22 01:09:54] 徐弃安: 草！拿下老鼠！那些说哲伟只会捕虾的人呢？
[2026-02-22 01:09:54] 愿良辰美景: 草！拿下老鼠！那些说哲伟只会捕虾的人呢？
[2026-02-22 01:09:54] 具像化机器: 尼古拉·普莱耶
[2026-02-22 01:09:54] 李小小与虾大大: 小驴爱滚不滚，走了我宗宗照样能带队🙄
[2026-02-22 01:09:55] 玩机器你好香你好香: 申请看丰川億百萬 懂得➕1
[2026-02-22 01:09:55] 玉米卧槽: 🧊🧊们一会小蜜蜂比赛让玩÷见识下什么叫王朝爆弹
[2026-02-22 01:09:55] 来杯浓硫酸压压惊: 猎鹰可能输给了冠军。。。所以猎鹰是亚军的。。。
[2026-02-22 01:09:55] stonezyx: @device：爹地要挺不住了，快回防吧
[2026-02-22 01:09:55] 小蜜蜂的长期素食本人: 好高
[2026-02-22 01:09:55] 江财第一肥美: 不懂就问，茶杯是哪家的粉丝
[2026-02-22 01:09:55] 用户7123010964: 草！被pv拿下！那些说老鼠只会给蜜蜂尽孝的人呢！说话来！
[2026-02-22 01:09:55] 监狱的二阶堂sh1ro本人: 无人在意，申请换台看老汤
[2026-02-22 01:09:56] 用户3661578: 换台！是爹地！
[2026-02-22 01:09:56] 深巷里的少年与猫丿: 别看了肖磊，你学不会的
[2026-02-22 01:09:56] 用户247509865: 换台！是爹地！
[2026-02-22 01:09:56] 小小小炘: 詹圣
[2026-02-22 01:09:56] 哥几个走0起: 最后还不是恭喜载大哥
[2026-02-22 01:09:56] 古堡12枪战神: 草！拿下老鼠！那些说哲伟只会捕虾的人呢？
[2026-02-22 01:09:56] 想有心的机器人: 上帝太吊了
[2026-02-22 01:09:57] RRR0B1N: 草！拿下老鼠！那些说哲伟只会捕虾的人呢？
[2026-02-22 01:09:57] DirtyVibeG: 社交名流加里奥
[2026-02-22 01:09:57] 迪奥雷: 蒙古 vs PV，直播间疯狂大串直到力竭
[2026-02-22 01:09:57] 只打瘸子那条腿: 估计是蒙古，然后老鼠季军又被蜜蜂一脚踢死
[2026-02-22 01:09:57] 8胆小鬼8: 换台是爹地
[2026-02-22 01:09:57] 绿龙回家萨瓦迪卡: PV这状态，感觉绿龙夺冠了呀
[2026-02-22 01:09:58] 喜欢独自悠哉自在: 草！拿下老鼠！那些说哲伟只会捕虾的人呢？
[2026-02-22 01:09:58] 红滴露原素瓶: Jame
[2026-02-22 01:09:58] illionOnly: 草！拿下老鼠！那些说哲伟只会捕虾的人呢？
[2026-02-22 01:09:58] WE丶繁梦: 草！拿下老鼠！那些说哲伟只会捕虾的人呢？
[2026-02-22 01:09:58] MunChlax丶: 换台！是爹地！
[2026-02-22 01:09:58] 星辰钟塔的LadyMaria: pv确实厉害
[2026-02-22 01:09:59] wristuuio: 换台！是爹地！
[2026-02-22 01:09:59] 玩汉娜、Sherry: 换台！是爹地！
[2026-02-22 01:09:59] xiaochun2333: 能快点结束吗。。。说句难听的CS比赛除了falcons其他队有观赏性吗？
[2026-02-22 01:09:59] 玩鸡枪丶Machinegun: 换台！是爹地！
[2026-02-22 01:09:59] 灰之魔女Elaina: 输给冠军不就是亚军吗
[2026-02-22 01:09:59] 我的青春是大表哥: 草！拿下老鼠！那些说哲伟只会捕虾的人呢？
[2026-02-22 01:09:59] 神马米洛: 100T
[2026-02-22 01:09:59] CLANCHIC的Tomorain本人: ame
[2026-02-22 01:10:00] 一刀一个啵啵怪: 奖杯真帅啊
[2026-02-22 01:10:00] 易冷半度想: @哲伟：马卡择你人呢
[2026-02-22 01:10:00] 晞圣莱恩: 换台！是爹地！
[2026-02-22 01:10:00] 用户247509865: 换台！是爹地！
[2026-02-22 01:10:00] 水球碳酸饮料: 草！拿下老鼠！那些说哲伟只会捕虾的人呢？
[2026-02-22 01:10:00] SideChannel: 不考
[2026-02-22 01:10:01] Altolier: 🧊🧊们一会小蜜蜂比赛让玩÷见识下什么叫王朝爆弹
[2026-02-22 01:10:01] 我滴勒个扎哥哥: @device:儿子，快换台，是爹地
[2026-02-22 01:10:01] AriselAlagadda: 　　　 换台！是爹地！
[2026-02-22 01:10:01] Meik7: 草！拿下老鼠！那些说哲伟只会捕虾的人呢？
[2026-02-22 01:10:01] 盛丿世浮华: 难以想象这是个昨天赢了还被全场嘘的队伍
[2026-02-22 01:10:01] 很久以前Ty: 快回防，爹地顶不住了
[2026-02-22 01:10:01] 白河日和: 　　　 无人在意，申请换台看老汤
[2026-02-22 01:10:02] 来杯浓硫酸压压惊: 猎鹰可能输给了冠军。。。所以猎鹰是亚军的。。。
[2026-02-22 01:10:02] 中野家的三玖丈夫本人: 换台！是爹地！
[2026-02-22 01:10:02] 玩机器送老虎的BROKY: 看100T了
[2026-02-22 01:10:02] 玩道歉丶44min: 没有人咳伟伟哲哲吗🥺
[2026-02-22 01:10:02] 唢呐呐呐子: 上帝太吊了
[2026-02-22 01:10:02] 啦啦啦唱歌真好听呀: 机器机器，是上帝先进第三次m@jor决赛还是niko先进第三次m@jor决赛
[2026-02-22 01:10:02] RabbitRay: 关注jametime谢谢喵
[2026-02-22 01:10:02] 炒鸡无敌终极翻皮水: 换台！是爹地！
[2026-02-22 01:10:02] 梦鸡的累吧: 小驴爱滚不滚，走了我宗宗照样能带队🙄
[2026-02-22 01:10:03] 理想零星: 能快点结束吗。。。说句难听的CS比赛除了falcons其他队有观赏性吗？
[2026-02-22 01:10:03] 懒懒肩肩奥奥夫夫讷讷: 千万别换台，老爸在追分
[2026-02-22 01:10:03] Pmaruovimai: 换台！是爹地！
[2026-02-22 01:10:03] 再也不熬夜了喵: 换台！是爹地！
[2026-02-22 01:10:03] 用户247509865: 换台！是爹地！
[2026-02-22 01:10:03] Heartzzz丶: 快换台 采访以后再看啊
[2026-02-22 01:10:04] 摆烂小鸽子: 草！拿下老鼠！那些说哲伟只会捕虾的人呢？
[2026-02-22 01:10:04] 伦敦千早爱: 在线榜第9名千早爱音给你送钻粉你咋不谢（11级发不了
[2026-02-22 01:10:04] 古堡12枪战神: 小驴爱滚不滚，走了我宗宗照样能带队🙄
[2026-02-22 01:10:04] 好的好的阖家: 草！拿下老鼠！那些说哲伟只会捕虾的人呢？
[2026-02-22 01:10:04] 我是一个医保卡: Jame
[2026-02-22 01:10:04] 梓川不是辛川: 草！拿下老鼠！那些说哲伟只会捕虾的人呢？
[2026-02-22 01:10:04] 深巷里的少年与猫丿: 别看了肖磊，你学不会的
[2026-02-22 01:10:05] wristuuio: @哲伟：马卡择你人呢
[2026-02-22 01:10:05] 阿乐v515: 草！拿下老鼠！那些说哲伟只会捕虾的人呢？
[2026-02-22 01:10:05] valorant玩机器: 🐮比
[2026-02-22 01:10:05] 用户1181920443: Jame
[2026-02-22 01:10:05] 爱斯忑音音: 昨天嘘pv的🐂劲呢😅
[2026-02-22 01:10:05] liwored: 这状态，猎鹰危险了啊
[2026-02-22 01:10:05] yukiraZz: @device：儿子！换台！是爹地！😎😎😎 @device：儿子！换台！是爹地！😎😎😎
[2026-02-22 01:10:06] 用户247509865: 换台！是爹地！
[2026-02-22 01:10:06] 玩斯特姬姬: @dev1ce：易博 咳咳咳 换台 咳咳咳 老爸要似了😣😣😣
[2026-02-22 01:10:06] 用户47541744: 输给冠军不就是亚军吗
[2026-02-22 01:10:06] 用户0562267873: 正在
[2026-02-22 01:10:06] 想有心的机器人: 换台！是爹地！
[2026-02-22 01:10:06] 洞庭湖底二五仔: Jame
[2026-02-22 01:10:07] Ch1Sa-: nb
[2026-02-22 01:10:07] oO怪盗Oo: 双倍不开吃大份去吧🖕😅🖕双倍不开吃大份去吧🖕
[2026-02-22 01:10:07] 晞圣莱恩:     无人在意，申请换台看老汤
[2026-02-22 01:10:07] 雨尽打伞人092: 换台！是爹地！
[2026-02-22 01:10:08] 听说改名能中奖是八: 看硬，詹皇英姿！看硬，詹皇英姿！看硬，詹皇英姿！看硬，詹皇英姿！
[2026-02-22 01:10:08] 玩机器你好香你好香: 申请看丰川億百萬 懂得➕1
[2026-02-22 01:10:08] 粑粑味甜筒: 神了
[2026-02-22 01:10:08] 天守阁信长: 没有某个队伍怎么就不嘘了
[2026-02-22 01:10:08] 用户247509865: 无人在意，申请换台看老汤
[2026-02-22 01:10:08] kyubit: 正宗口音
[2026-02-22 01:10:08] 天魔外道y: 草！拿下老鼠！那些说哲伟只会捕虾的人呢？
[2026-02-22 01:10:08] 玩斯特机机: 昨天嘘pv的牛劲呢
[2026-02-22 01:10:09] LvvsiN: @阿汤日记：一个人，5发子弹，保住格陵兰岛。我不会叫它不可能完成的任务，我现在只想先回家看亦博
[2026-02-22 01:10:09] 莫情123: @jame：我才是VP正统
[2026-02-22 01:10:09] 偷哦嘘鞭贷拔: 草！拿下老鼠！那些说哲伟只会捕虾的人呢？
[2026-02-22 01:10:09] 众黏液之父desu特wawa: 换台！是爹地！
[2026-02-22 01:10:09] 牟平鲁尼: 上帝降临罗马尼亚
[2026-02-22 01:10:09] SekaiKamiki: 詹圣
[2026-02-22 01:10:10] darkchest: 都是老尼激励的好，不然pv能进决赛么？真的是
[2026-02-22 01:10:10] xiaochun2333: 能快点结束吗。。。说句难听的CS比赛除了falcons其他队有观赏性吗？
[2026-02-22 01:10:10] LyfeBestla本人: 詹皇nb
[2026-02-22 01:10:10] 玩烟火FyMachine: 换台！是爹地！
[2026-02-22 01:10:10] 爱淡茶未凉: 草！拿下老鼠！那些说哲伟只会捕虾的人呢？
[2026-02-22 01:10:10] AriselAlagadda: 草！拿下老鼠！那些说哲伟只会捕虾的人呢？
[2026-02-22 01:10:10] sssllgaibs: ？
[2026-02-22 01:10:11] 用户247509865: 无人在意，申请换台看老汤
[2026-02-22 01:10:11] 丶丶Ken丶丶: 无人在意，申请换台看老汤
[2026-02-22 01:10:11] 玩汉娜、Sherry:     无人在意，申请换台看老汤
[2026-02-22 01:10:11] 叶生秋: 草！拿下老鼠！那些说哲伟只会捕虾的人呢？
[2026-02-22 01:10:11] 枕边有个二次元: goat
[2026-02-22 01:10:11] 小空速: 质变在哪9-3被追到13-10，老鼠前面多拿几分都有了
[2026-02-22 01:10:12] Mathew__: 草！拿下老鼠！那些说哲伟只会捕虾的人呢？
[2026-02-22 01:10:12] 用户6325754820: @device：儿子！换台！是爹地！😎😎😎
[2026-02-22 01:10:12] 鲜血与暗影铸造的家伙: 上帝太高了，采访还得低头
[2026-02-22 01:10:12] 丹cin: 草！拿下老鼠！那些说哲伟只会捕虾的人呢？
[2026-02-22 01:10:12] 丰川留子: 草！拿下老鼠！那些说哲伟只会捕虾的人呢？
[2026-02-22 01:10:12] 听说改名能中奖是八: 看硬，詹皇英姿！看硬，詹皇英姿！看硬，詹皇英姿！看硬，詹皇英姿！看硬，詹皇英姿！
[2026-02-22 01:10:12] 墨西哥之狼: 上帝太牛了
[2026-02-22 01:10:13] LvvsiN: 男人一生只哭十八次：niko十七次梦碎major正赛, niko梦碎里约major RMR
[2026-02-22 01:10:13] 用户247509865: 无人在意，申请换台看老汤
[2026-02-22 01:10:13] 玩登山丶嘟嘟嘟嘟嘟嘟: 双倍不开吃大份去吧🖕😅🖕双倍不开吃大份去吧🖕
[2026-02-22 01:10:13] 爱吃芒果的大芒果: 草！拿下老鼠！那些说哲伟只会捕虾的人呢？
[2026-02-22 01:10:13] 琴弦之意: 玩机器：希望pv决赛的对手不是我最讨厌的小蜜蜂和我最恨的载物🥺
[2026-02-22 01:10:13] 未酲儿: 詹皇nb
[2026-02-22 01:10:13] 落叶悠哉落: 昨天嘘pv的牛劲呢
[2026-02-22 01:10:14] 爱钱初号机: 詹皇nb
[2026-02-22 01:10:14] 丶丶Ken丶丶: 草！拿下老鼠！那些说哲伟只会捕虾的人呢？
[2026-02-22 01:10:14] 唯一上帝Jame: @jame：我才是VP正统
[2026-02-22 01:10:14] 我是真想给玩神当二台: @哲伟：马卡择你人呢
[2026-02-22 01:10:14] 阿川从小就很菜: VP这个队有多神可想而知
[2026-02-22 01:10:14] fkoff: 詹詹自喜了
[2026-02-22 01:10:14] 0guriCap: 你这音画不同步太难受了，我都听到NIKO里约RMR晋级的欢呼了
[2026-02-22 01:10:15] 黎那汐塔top2尤诺: 换台！是爹地！
[2026-02-22 01:10:15] 听说改名能中奖是八: 看硬，詹皇英姿！看硬，詹皇英姿！看硬，詹皇英姿！看硬，詹皇英姿！看硬，詹皇英姿！
[2026-02-22 01:10:15] 用户247509865: 无人在意，申请换台看老汤
[2026-02-22 01:10:15] 幽夜将明: 看硬，詹皇英姿！看硬，詹皇英姿！看硬，詹皇英姿！看硬，詹皇英姿！
[2026-02-22 01:10:15] eXarD: 昨天嘘pv的牛劲呢
[2026-02-22 01:10:15] wedd1ddeJodd: 没有某个队伍怎么就不嘘了
[2026-02-22 01:10:16] 结束乐队的山田凉本人: 圣人
[2026-02-22 01:10:16] MunChlax丶: 草！拿下老鼠！那些说哲伟只会捕虾的人呢？
[2026-02-22 01:10:16] 想和阿飞抹茶三披: 仔细听…语气不对了…玉玉要登山了…🤭🤭
[2026-02-22 01:10:16] 科比劳大爱肘击: 草！拿下老鼠！那些说哲伟只会捕虾的人呢？
[2026-02-22 01:10:16] 理想零星: 昨天嘘pv的牛劲呢
[2026-02-22 01:10:16] DogRa1nFans: 昨天嘘pv的🐂劲呢😅
[2026-02-22 01:10:17] Aabv8877: 经典毛味英语
[2026-02-22 01:10:17] 白皇的三千院Nagi本人: 狂野，智慧赢战
[2026-02-22 01:10:17] 好姐妹丰氚箱子: 草！拿下老鼠！那些说哲伟只会捕虾的人呢？
[2026-02-22 01:10:17] Cape秋雨: 无人在意，申请换台看老汤
[2026-02-22 01:10:17] 用户247509865: 无人在意，申请换台看老汤
[2026-02-22 01:10:17] 第三猪白猪玩斯曼: 哪来这么多PV粉丝 昨晚咋没见？
[2026-02-22 01:10:17] 龍仔ww: 草！拿下老鼠！那些说哲伟只会捕虾的人呢？
[2026-02-22 01:10:17] 1780656731: 玩玩如丧考妣
[2026-02-22 01:10:18] 再也不熬夜了喵: 快回防，爹地顶不住了
[2026-02-22 01:10:18] 绘梨衣啊啊啊i: 昨天嘘pv的牛劲呢
[2026-02-22 01:10:18] weapon丶X: 昨天嘘pv的牛劲呢
[2026-02-22 01:10:18] 一不小心丶就丶: 可以恭喜小蜜蜂再拿一冠了
[2026-02-22 01:10:18] 跳跃的司令官: 懂你意思
[2026-02-22 01:10:18] 森林与雁: 昨天嘘pv的牛劲呢
[2026-02-22 01:10:18] Victor丿J: 草！拿下老鼠！那些说哲伟只会捕虾的人呢？
[2026-02-22 01:10:19] 偷哦嘘鞭贷拔: 草！拿下老鼠！那些说哲伟只会捕虾的人呢？
[2026-02-22 01:10:19] Roman123: 昨天嘘pv的牛劲呢
[2026-02-22 01:10:19] Saiki559: 昨天嘘pv的牛劲呢
[2026-02-22 01:10:19] bsqqaq: 昨天嘘的人呢？说话！
[2026-02-22 01:10:19] 用户247509865: 无人在意，申请换台看老汤
[2026-02-22 01:10:19] 旧城乀873: 草！拿下老鼠！那些说哲伟只会捕虾的人呢？
[2026-02-22 01:10:19] 丿哈哈大笑: 草！拿下老鼠！那些说哲伟只会捕虾的人呢？
[2026-02-22 01:10:19] 黑屏734: 换台！是爹地！
[2026-02-22 01:10:20] Void鱼鱼: 换台！是爹地！
[2026-02-22 01:10:20] 康托尔74920: 草！拿下老鼠！那些说哲伟只会捕虾的人呢？
[2026-02-22 01:10:20] 无伟契约: 绿龙在哪发财呢
[2026-02-22 01:10:20] 太阳神之翼神龙球体形: 草！拿下老鼠！那些说哲伟只会捕虾的人呢？
[2026-02-22 01:10:20] 小蜜蜂的长期素食本人: 昨天嘘pv的🐂劲呢😅
[2026-02-22 01:10:20] 人活着就是为了玩乐队: 草！拿下老鼠！那些说哲伟只会捕虾的人呢？
[2026-02-22 01:10:20] 我觉得你是我的: 昨天嘘pv的牛劲呢
[2026-02-22 01:10:21] 科比劳大爱肘击: 草！拿下老鼠！那些说哲伟只会捕虾的人呢？
[2026-02-22 01:10:21] 用户00137810: 昨天嘘pv的牛劲呢
[2026-02-22 01:10:21] 天守阁信长: 昨天嘘pv的🐂劲呢😅
[2026-02-22 01:10:21] 大仙蛇头: 昨天嘘pv的牛劲呢
[2026-02-22 01:10:21] 椛椛椛月夜: 昨天嘘pv的牛劲呢
[2026-02-22 01:10:21] 杰里科丶: 无人在意，申请换台看老汤
[2026-02-22 01:10:22] 咩力羊: 昨天嘘pv的🐂劲呢😅
[2026-02-22 01:10:22] MuY1z: 草！拿下老鼠！那些说哲伟只会捕虾的人呢？
[2026-02-22 01:10:22] 上天爻夭折: 昨天嘘pv的牛劲呢
[2026-02-22 01:10:22] 叶樱梦: 昨天嘘pv的牛劲呢
[2026-02-22 01:10:22] 想不起来的痒: 昨天嘘全场，今天怎么又有呼声了
[2026-02-22 01:10:22] 听说改名能中奖是八: 看硬，詹皇英姿！看硬，詹皇英姿！看硬，詹皇英姿！看硬，詹皇英姿！
[2026-02-22 01:10:22] 用户247509865: 没有某个队伍怎么就不嘘了
[2026-02-22 01:10:23] 爱淡茶未凉: 草！拿下老鼠！那些说哲伟只会捕虾的人呢？
[2026-02-22 01:10:23] 斩斩斩斩斩吧: 昨天嘘pv的牛劲呢
[2026-02-22 01:10:23] 肩肩寒寒香香major冠军: 昨天嘘pv的牛劲呢
[2026-02-22 01:10:23] 时雨晴生: 昨天嘘pv的牛劲呢
[2026-02-22 01:10:24] 奇宋大掰: 昨天嘘pv的牛劲呢
[2026-02-22 01:10:24] 钢镚镚镚镚镚镚镚镚镚: @device：儿子！换台！是爹地！😎😎😎
[2026-02-22 01:10:24] 芙兰达丶塞维伦: 草！拿下老鼠！那些说哲伟只会捕虾的人呢？
[2026-02-22 01:10:24] 吃烧烤得吃烤茄子: 昨天嘘pv的牛劲呢
[2026-02-22 01:10:24] 三零一路公交司机: 昨天嘘pv的🐂劲呢😅
[2026-02-22 01:10:24] 学化学的鱼: 昨天嘘pv的牛劲呢
[2026-02-22 01:10:24] 水球碳酸饮料: 昨天嘘pv的牛劲呢
[2026-02-22 01:10:25] 用户247509865: 没有某个队伍怎么就不嘘了
[2026-02-22 01:10:25] 火暴兽也干了: 草！拿下老鼠！那些说哲伟只会捕虾的人呢？
[2026-02-22 01:10:25] 卧看星河尽意明丶: 昨天嘘pv的🐂劲呢😅
[2026-02-22 01:10:25] bsqqaq: 昨天嘘的人呢？说话！
[2026-02-22 01:10:25] 听说改名能中奖是八: 看硬，詹皇英姿！看硬，詹皇英姿！看硬，詹皇英姿！看硬，詹皇英姿！
[2026-02-22 01:10:25] 依蓦然: 昨天嘘pv的牛劲呢
[2026-02-22 01:10:25] 土俗火焰: 昨天嘘pv的牛劲呢
[2026-02-22 01:10:25] 10KGG: 昨天嘘pv的🐂劲呢😅
[2026-02-22 01:10:25] suo不粗话: 还在照顾新人詹圣
[2026-02-22 01:10:26] 高举major奖杯的Niko: 草！拿下老鼠！那些说哲伟只会捕虾的人呢？
[2026-02-22 01:10:26] 杀鱼宝宝028: 昨天嘘pv的牛劲呢
[2026-02-22 01:10:26] 雪菜偷完top偷major: 昨天嘘pv的牛劲呢
[2026-02-22 01:10:26] wristuuio: 昨天嘘pv的🐂劲呢😅
[2026-02-22 01:10:26] 懒懒肩肩奥奥夫夫讷讷: 千万别换台，老爸在追分
[2026-02-22 01:10:26] 我的打法类似yekindar: 昨天嘘pv的牛劲呢
[2026-02-22 01:10:26] 2332lla: 昨天嘘pv的牛劲呢
[2026-02-22 01:10:27] MiniHerc: 昨天嘘pv的牛劲呢
[2026-02-22 01:10:27] 愿良辰美景: 昨天嘘pv的🐂劲呢😅
[2026-02-22 01:10:27] greexeen: 昨天嘘pv的牛劲呢
[2026-02-22 01:10:27] 无敌都一定会的: 昨天嘘pv的牛劲呢
[2026-02-22 01:10:27] 人活着就是为了玩乐队: 草！拿下老鼠！那些说哲伟只会捕虾的人呢？
[2026-02-22 01:10:27] 天魔外道y: 申请看《无人在意》
[2026-02-22 01:10:27] 听说改名能中奖是八: 看硬，詹皇英姿！看硬，詹皇英姿！看硬，詹皇英姿！看硬，詹皇英姿！看硬，詹皇英姿！
[2026-02-22 01:10:27] Saiki559: 昨天嘘pv的🐂劲呢😅
[2026-02-22 01:10:28] weapon丶X: 草！拿下老鼠！那些说哲伟只会捕虾的人呢？
[2026-02-22 01:10:28] EWH71: 昨天嘘pv的牛劲呢
[2026-02-22 01:10:28] 好哥们黑龙歼灭刀: 昨天嘘pv的🐂劲呢😅
[2026-02-22 01:10:28] 用户247509865: 昨天嘘pv的牛劲呢
[2026-02-22 01:10:28] 血樱幽世: 昨天嘘pv的牛劲呢
[2026-02-22 01:10:28] Subto: 昨天嘘pv的牛劲呢
[2026-02-22 01:10:28] 早霜改二: 昨天嘘pv的🐂劲呢😅
[2026-02-22 01:10:28] 暴力卓司: 昨天嘘pv的🐂劲呢😅
[2026-02-22 01:10:28] 林中惊羽: 昨天嘘pv的牛劲呢
[2026-02-22 01:10:29] 大姜饼: 昨天嘘pv的🐂劲呢😅
[2026-02-22 01:10:29] 网瘾少年诺里斯: 昨天嘘pv的牛劲呢
[2026-02-22 01:10:29] LvvsiN: @阿汤日记：一个人，5发子弹，保住格陵兰岛。我不会叫它不可能完成的任务，我现在只想先回家看亦博
[2026-02-22 01:10:29] mujica的长崎素世本人: 草！拿下老鼠！那些说哲伟只会捕虾的人呢？
[2026-02-22 01:10:29] 偷哦嘘鞭贷拔: 草！拿下老鼠！那些说哲伟只会捕虾的人呢？
[2026-02-22 01:10:30] PKURoger: 昨天嘘pv的🐂劲呢😅
[2026-02-22 01:10:30] 古堡12枪战神: 毛味英语
[2026-02-22 01:10:30] 水球碳酸饮料: 昨天嘘pv的🐂劲呢😅
[2026-02-22 01:10:30] 琳溧nya: 昨天嘘pv的🐂劲呢😅
[2026-02-22 01:10:30] 玩老鼠丶Roxy: 昨天嘘pv的牛劲呢
[2026-02-22 01:10:30] 用户247509865: 昨天嘘pv的牛劲呢
[2026-02-22 01:10:30] Yaushine: 昨天嘘pv的牛劲呢
[2026-02-22 01:10:30] 三千世界鸦杀尽彡: 昨天嘘pv的牛劲呢
[2026-02-22 01:10:31] sueins: 报告🙋‍♂️！有楞刷🌶个！报告🙋‍♂️！有楞刷🌶个！报告🙋‍♂️！有楞刷🌶个！
[2026-02-22 01:10:31] 比比暗暗: 詹圣
[2026-02-22 01:10:31] 马弓手玩机器: 昨天嘘pv的牛劲呢
[2026-02-22 01:10:31] 本质软糯Sakiko: 昨天嘘pv的牛劲呢
[2026-02-22 01:10:31] 宇莓: 感觉场馆没昨天人多了啊，怎么突然有这么多人不喜欢CS了
[2026-02-22 01:10:31] 冰上梅露露: 昨天嘘pv的牛劲呢
[2026-02-22 01:10:31] NateQAQ: 昨天嘘pv的🐂劲呢😅
[2026-02-22 01:10:32] bsqqaq: 昨天嘘的人呢？说话！
[2026-02-22 01:10:32] 深巷里的少年与猫丿: 别看了肖磊，你学不会的
[2026-02-22 01:10:32] hxyvraf: 昨天嘘pv的牛劲呢
[2026-02-22 01:10:32] 普信且开摆: 昨天嘘pv的🐂劲呢😅
[2026-02-22 01:10:32] Des1ME: 昨天嘘pv的🐂劲呢😅
[2026-02-22 01:10:32] 共我放心探戈gwfxtg: device：machine快回防！
[2026-02-22 01:10:33] 万能的鸵鸟: 昨天嘘pv的🐂劲呢😅
[2026-02-22 01:10:33] RainbowPoop: 主持人玩处他爹
[2026-02-22 01:10:33] 不吃晃的狙击手: 昨天嘘pv的🐂劲呢😅
[2026-02-22 01:10:33] ilume: 抓娃娃
[2026-02-22 01:10:33] 香洲古天乐: jame像送葬者
[2026-02-22 01:10:33] 玩刘农device: 昨天嘘pv的牛劲呢
[2026-02-22 01:10:34] 用户247509865: 昨天嘘pv的🐂劲呢😅
[2026-02-22 01:10:34] 黎那汐塔top2尤诺: 昨天嘘pv的🐂劲呢😅
[2026-02-22 01:10:34] RyeHS: @device:儿子，快换台，是爹地
[2026-02-22 01:10:34] DestroyerElune丶: 昨天嘘pv的🐂劲呢😅
[2026-02-22 01:10:34] 鲤鱼1: 草！拿下老鼠！那些说哲伟只会捕虾的人呢？
[2026-02-22 01:10:34] 鲸落鲸落417: 草！拿下老鼠！那些说哲伟只会捕虾的人呢？
[2026-02-22 01:10:34] BurglarKuma: 昨天嘘pv的牛劲呢
[2026-02-22 01:10:34] rainyrum: 草！拿下老鼠！那些说哲伟只会捕虾的人呢？
[2026-02-22 01:10:35] 玩斯特出出6657: 昨天嘘pv的牛劲呢
[2026-02-22 01:10:35] 我送三千荧光棒不谢我: 草！拿下老鼠！那些说哲伟只会捕虾的人呢？
[2026-02-22 01:10:35] 白衣过凉: 昨天嘘pv的🐂劲呢😅
[2026-02-22 01:10:35] 爆爆爆开爆: 昨天嘘pv的牛劲呢
[2026-02-22 01:10:35] always铁棍民: 上帝太有魅力了
[2026-02-22 01:10:35] 龟屋: 昨天嘘pv的🐂劲呢😅
[2026-02-22 01:10:35] CNRUA神: 昨天嘘pv的🐂劲呢😅
[2026-02-22 01:10:36] Victor丿J: 昨天嘘pv的🐂劲呢😅
[2026-02-22 01:10:36] 人活着就是为了玩乐队: 昨天嘘pv的🐂劲呢😅
[2026-02-22 01:10:36] 零北鸢: 草！拿下老鼠！那些说哲伟只会捕虾的人呢？
[2026-02-22 01:10:36] TheMongolZ的上单本人: 昨天嘘pv的牛劲呢
[2026-02-22 01:10:36] 用户247509865: 昨天嘘pv的🐂劲呢😅
[2026-02-22 01:10:36] 亲亲小鱼耳: 草！拿下老鼠！那些说哲伟只会捕虾的人呢？
[2026-02-22 01:10:37] AcceleratorlllL: 昨天嘘pv的牛劲呢
[2026-02-22 01:10:37] 古堡12枪战神:  @昨天嘘pv的牛劲呢
[2026-02-22 01:10:37] 御坂32512: 昨天嘘pv的牛劲呢
[2026-02-22 01:10:37] 好哥们黑龙歼灭刀: 报告🙋‍♂️！有楞刷🌶个！报告🙋‍♂️！有楞刷🌶个！报告🙋‍♂️！有楞刷🌶个！
[2026-02-22 01:10:37] 丿哈哈大笑:  @三千世界鸦杀尽彡：昨天嘘pv的牛劲呢
[2026-02-22 01:10:37] Device的叠Twistzz: 昨天嘘pv的🐂劲呢😅
[2026-02-22 01:10:38] 狂三Yud丶Bet: 刷数字载物是善意玩笑，刷数字玩神是恶意引导，这点要分清楚
[2026-02-22 01:10:38] 环印骑士枪: 昨天嘘的人呢？说话！
[2026-02-22 01:10:38] 我木JJ怕个锤子: 昨天嘘pv的🐂劲呢😅
[2026-02-22 01:10:38] 一刀一个啵啵怪: 有major冠军和mvp说话就是硬气
[2026-02-22 01:10:38] sueins: 报告🙋‍♂️！有楞刷🌶个！报告🙋‍♂️！有楞刷🌶个！报告🙋‍♂️！有楞刷🌶个！
[2026-02-22 01:10:38] zardl991: 草！拿下老鼠！那些说哲伟只会捕虾的人呢？
[2026-02-22 01:10:38] KRU的Less本人: 比banks高的不常见
[2026-02-22 01:10:39] 香港分社记者: 职业捕🦐人
[2026-02-22 01:10:39] 好姐妹清道夫: 昨天嘘pv的牛劲呢
[2026-02-22 01:10:39] 蝉鸣与鸡啼的早安: 昨天嘘pv的🐂劲呢😅
[2026-02-22 01:10:39] 甜斯特梦梦: 草！拿下老鼠！那些说哲伟只会捕虾的人呢？
[2026-02-22 01:10:39] Sqp9x: @小明大明乐：无人在意，申请换台看老汤
[2026-02-22 01:10:39] 骄骄爱吃糖: 昨天嘘pv的🐂劲呢😅
[2026-02-22 01:10:39] 冷淡ld: 草！拿下老鼠！那些说哲伟只会捕虾的人呢？
[2026-02-22 01:10:40] 求老仙祝我考研失败: 昨天嘘pv的牛劲呢
[2026-02-22 01:10:40] 尼古拉刘亦博: 昨天嘘pv的牛劲呢
[2026-02-22 01:10:40] 宇智波69: 昨天嘘pv的🐂劲呢😅
[2026-02-22 01:10:40] 缪斯的南小鸟本人: 昨天嘘pv的牛劲呢
[2026-02-22 01:10:40] 丹cin: 昨天嘘pv的牛劲呢
[2026-02-22 01:10:40] MunChlax丶: 感觉场馆没昨天人多了啊，怎么突然有这么多人不喜欢CS了
[2026-02-22 01:10:41] 什么名字都被用了诶: 昨天嘘pv的牛劲呢
[2026-02-22 01:10:41] 爱吃芒果的大芒果: 昨天嘘pv的牛劲呢
[2026-02-22 01:10:41] 玩机器你好香你好香: 申请看丰川億百萬 懂得➕1
[2026-02-22 01:10:41] yangcl101ck: 昨天虚的今天肯定不来啊
[2026-02-22 01:10:41] 晞圣莱恩: 昨天嘘pv的🐂劲呢😅
[2026-02-22 01:10:41] 绘梨衣啊啊啊i: 昨天嘘pv的🐂劲呢😅
[2026-02-22 01:10:41] 红色有角三倍速的夏亚: 草！拿下老鼠！那些说哲伟只会捕虾的人呢？
[2026-02-22 01:10:42] Wangzap: @zweih：makazze在哪发财啊🤭
[2026-02-22 01:10:42] GanadoLluviA: 昨天嘘的票早挂黄🐟了
[2026-02-22 01:10:42] 人活着就是为了玩乐队: 草！拿下老鼠！那些说哲伟只会捕虾的人呢？
[2026-02-22 01:10:42] 专看玩机器的号: 草！重新定义猎鹰强度！
[2026-02-22 01:10:42] 玩机器厦面鄙骰大: 昨天嘘pv的牛劲呢
[2026-02-22 01:10:43] fpx丶: 上帝太有魅力了
[2026-02-22 01:10:43] 用户87594568: 詹詹伟伟捕🦐捕鼠
[2026-02-22 01:10:43] 稚嫩的魔法师Z: @device:儿子，快换台，是爹地
[2026-02-22 01:10:43] GlasgowJSzhang: 昨天嘘pv的牛劲呢
[2026-02-22 01:10:43] 白河日和: 昨天嘘pv的牛劲呢
[2026-02-22 01:10:43] sueins: 报告🙋‍♂️！有楞刷🌶个！报告🙋‍♂️！有楞刷🌶个！报告🙋‍♂️！有楞刷🌶个！
[2026-02-22 01:10:44] 葛孚雷: 昨天嘘pv的牛劲呢
[2026-02-22 01:10:44] 用户247509865: @小明大明乐：无人在意，申请换台看老汤
[2026-02-22 01:10:44] 清野凛ovo: 抓娃娃
[2026-02-22 01:10:44] 用户0637093822: 昨天嘘pv的🐂劲呢😅
[2026-02-22 01:10:44] 爱淡茶未凉: 昨天嘘pv的牛劲呢
[2026-02-22 01:10:45] 星空丶梦华: 昨天嘘pv的牛劲呢
[2026-02-22 01:10:45] 此处浮生: 关注jame频道谢谢喵
[2026-02-22 01:10:45] bsqqaq: 昨天嘘的人呢？说话！
[2026-02-22 01:10:45] 杰尼的小迷弟: 昨天嘘pv的🐂劲呢😅
[2026-02-22 01:10:45] 黑猫丶Yami: 昨天嘘pv的🐂劲呢😅
[2026-02-22 01:10:45] 环印骑士枪: 昨天虚的今天肯定不来啊
[2026-02-22 01:10:46] 御坂32512: 昨天嘘pv的牛劲呢
[2026-02-22 01:10:46] 猎魔人莫德凯撒: 拿亚军我都会，拿亚军，拿季军，拿四强，拿八强，拿十六强，呃拿冠军我不会，然后小组赛淘汰
[2026-02-22 01:10:46] 仙粉美滋滋: 　　　 报告🙋‍♂️！有楞刷🌶个！报告🙋‍♂️！有楞刷🌶个！报告🙋‍♂️！有楞刷🌶个！
[2026-02-22 01:10:46] 用户247509865: @小明大明乐：无人在意，申请换台看老汤
[2026-02-22 01:10:46] TL的EliGE本人: 昨天嘘pv的牛劲呢
[2026-02-22 01:10:46] Gentleman汪鸿:  @昨天嘘pv的牛劲呢
[2026-02-22 01:10:46] 半糖西瓜爷爷: 昨天嘘pv的牛劲呢
[2026-02-22 01:10:47] 狂野银幕长崎素世: 草！拿下老鼠！那些说哲伟只会捕虾的人呢？
[2026-02-22 01:10:47] 旧城乀873: 草！拿下老鼠！那些说哲伟只会捕虾的人呢？
[2026-02-22 01:10:47] 用户255420066:  @三千世界鸦杀尽彡：昨天嘘pv的牛劲呢
[2026-02-22 01:10:47] Q仔糖77872: 昨天嘘pv的🐂劲呢😅
[2026-02-22 01:10:47] 玩大哥何时玩死锁乱斗: 昨天嘘pv的🐂劲呢😅
[2026-02-22 01:10:48] 玩机器你好香你好香: 申请看丰川億百萬 懂得➕1
[2026-02-22 01:10:48] Kirito7147: 昨天嘘pv的牛劲呢
[2026-02-22 01:10:48] RoseIia的凑友希那本人: 昨天嘘pv的🐂劲呢😅
[2026-02-22 01:10:48] 几笔成书灬: 阿门🙏🏻阿门🙏🏻阿门🙏🏻阿门🙏🏻阿门🙏🏻阿门🙏🏻阿门🙏🏻阿门🙏🏻阿门
[2026-02-22 01:10:48] 细菌P: 草！pv又拿下！那些说猎鹰没有强度的人呢！说话来！
[2026-02-22 01:10:49] sueins: 报告🙋‍♂️！有楞刷🌶个！报告🙋‍♂️！有楞刷🌶个！报告🙋‍♂️！有楞刷🌶个！
[2026-02-22 01:10:49] 玩机器厦面鄙骰大: 昨天嘘pv的牛劲呢
[2026-02-22 01:10:49] bsqqaq: 昨天嘘的人呢？说话！
[2026-02-22 01:10:49] 王师傅我能摸狗狗吗: 昨天嘘pv的牛劲呢
[2026-02-22 01:10:49] 玩汉堡丶Mercury: 草！重新定义猎鹰强度！
[2026-02-22 01:10:49] 风镰12138: woc，真杀完了
[2026-02-22 01:10:49] 玩处的SugarDaddy: 昨天嘘pv的牛劲呢
[2026-02-22 01:10:49] 言灵虚: 　　　 草！拿下老鼠！那些说哲伟只会捕虾的人呢？
[2026-02-22 01:10:50] RentonC: 头都秃了
[2026-02-22 01:10:50] 我的青春是大表哥: 昨天嘘pv的🐂劲呢😅
[2026-02-22 01:10:50] 这首单曲: -kysan +jame
[2026-02-22 01:10:50] 寂静世界876: ㊽尼！㊽孩！㊽尼！㊽孩！㊽尼！㊽孩！㊽尼！㊽孩！㊽尼！㊽孩！
[2026-02-22 01:10:50] 杰里科丶: 昨天嘘pv的牛劲呢
[2026-02-22 01:10:50] 一只小仙鹤啊: 昨天嘘pv的牛劲呢
[2026-02-22 01:10:50] 热爱学习的孟某人: 昨天嘘pv的牛劲呢
[2026-02-22 01:10:50] 我真的不是硝子: 他们就休息了一天
[2026-02-22 01:10:50] 哥几个走0起: 最后不还是恭喜载大哥
[2026-02-22 01:10:50] 一缕清风为誰现: 昨天虚的今天肯定不来啊
[2026-02-22 01:10:51] 李小小与虾大大: 嘘PV的昨天已经心碎回家了🤭
[2026-02-22 01:10:51] 白衣过凉: makazze在哪发财啊🤭 @zweih：makazze在哪发财啊🤭 @zweih：makazz
[2026-02-22 01:10:51] ByuNNNNN: 热知识，哲伟去绿龙后从来没输过老鼠
[2026-02-22 01:10:51] 落叶悠哉落: 昨天嘘的票早挂黄🐟了
[2026-02-22 01:10:51] 爱吃芒果的大芒果: 昨天嘘pv的牛劲呢
[2026-02-22 01:10:51] LvvsiN: 就tm喜欢银行业🥰银行坏账我喜欢🥰银行挤兑我还喜欢😍利率调低我也喜欢🤤老子亲烂银行业的脸😘
[2026-02-22 01:10:51] 凌敐諾: 我没掉线
[2026-02-22 01:10:52] wristuuio: 詹詹伟伟捕🦐捕鼠
[2026-02-22 01:10:52] 香港分社记者: 独联体捕🦐人
[2026-02-22 01:10:52] 卢广仲CrowdLu: jame比bank矮啊
[2026-02-22 01:10:52] bsqqaq: 昨天嘘的人呢？说话！
[2026-02-22 01:10:52] 天魔外道y: 昨天嘘pv的牛劲呢😅
[2026-02-22 01:10:52] 旭旭宝宝18cm: 昨天嘘pv的🐂劲呢😅
[2026-02-22 01:10:52] Mgci2: 昨天嘘pv的🐂劲呢😅
[2026-02-22 01:10:53] 我的青春是大表哥: 昨天嘘pv的🐂劲呢😅
[2026-02-22 01:10:53] 教育片來一部: 昨天嘘pv的牛劲呢😅
[2026-02-22 01:10:53] Turned傲雪: 草！重新定义猎鹰强度！
[2026-02-22 01:10:53] Void鱼鱼: 重新定义天禄实力
[2026-02-22 01:10:53] L北T: 昨天嘘pv的🐂劲呢😅
[2026-02-22 01:10:53] 用户70498405: 愤怒管理了
[2026-02-22 01:10:53] 丶小恐龙丶: 昨天嘘pv的🐂劲呢😅
[2026-02-22 01:10:54] 子夜丷花开: 看到老詹又进决赛了，就不禁想问一句VP在哪发财啊！
[2026-02-22 01:10:54] 比比暗暗: 昨天嘘pv的牛劲呢
[2026-02-22 01:10:54] 磷叶石pho: 草！拿下老鼠！那些说哲伟只会捕虾的人呢？
[2026-02-22 01:10:54] 消逝の繁星: 昨天嘘pv的🐂劲呢😅
[2026-02-22 01:10:54] 保护头小头是个DD就好: 神爱世人啊，昨天观众又哦又嘘
[2026-02-22 01:10:54] sueins: 报告🙋‍♂️！有楞刷🌶个！报告🙋‍♂️！有楞刷🌶个！报告🙋‍♂️！有楞刷🌶个！
[2026-02-22 01:10:54] KujoJolyne: 100T梦想中的自己
[2026-02-22 01:10:55] MiniHerc: 不说关注jametime频道吗
[2026-02-22 01:10:55] 哈哈哈MC520: 昨天嘘pv的🐂劲呢😅
[2026-02-22 01:10:55] 我的青春是大表哥: jame比bank矮啊
[2026-02-22 01:10:55] 旭旭宝宝18cm: 昨天嘘pv的🐂劲呢😅
[2026-02-22 01:10:55] LvvsiN: 弹幕也就网上说说，现实里谁不觉得樱姐是好女孩（删括号领一条远坂凛同款鸟笼）
[2026-02-22 01:10:56] bsqqaq: 昨天嘘的人呢？说话！
[2026-02-22 01:10:56] 好哥们兵藤一诚: 拿亚军我都会，拿亚军，拿季军，拿四强，拿八强，拿十六强，呃拿冠军我不会，然后小组赛淘汰
[2026-02-22 01:10:56] 叫我R1M就好: 管理愤怒の神
[2026-02-22 01:10:56] 若水青空: 决赛蒙古VSPV观赛贵宾2万
[2026-02-22 01:10:56] 伦敦千早爱: 玩机器不谢千早爱音钻粉是不是表态驱逐二次元
[2026-02-22 01:10:57] 几笔成书灬: 阿门🙏🏻阿门🙏🏻阿门🙏🏻阿门🙏🏻阿门🙏🏻阿门🙏🏻阿门🙏🏻阿门🙏🏻阿门
[2026-02-22 01:10:57] jay1217: 昨天嘘pv的牛劲呢
[2026-02-22 01:10:57] 人活着就是为了玩乐队: 草！重新定义猎鹰强度！
[2026-02-22 01:10:57] 讽风有情: 昨天嘘pv的🐂劲呢😅
[2026-02-22 01:10:57] LvvsiN: 银行业😄银行业😀银行业😃银行业😁银行业😆银行业🤪银行业😝
[2026-02-22 01:10:57] 已经意识模糊了: 关注jame频道谢谢喵
[2026-02-22 01:10:58] Subto: 昨天嘘pv的牛劲呢😅
[2026-02-22 01:10:58] 冰上梅露露: 草！重新定义猎鹰强度！
[2026-02-22 01:10:58] 汽水販賣处: 昨天虚的今天肯定不来啊
[2026-02-22 01:10:58] 丿哈哈大笑:  @我的青春是大表哥：昨天嘘pv的🐂劲呢😅
[2026-02-22 01:10:59] 红红雨雨养猪冠军: woc，真杀完了
[2026-02-22 01:10:59] bsqqaq: 昨天嘘的人呢？说话！
[2026-02-22 01:10:59] bing57330971: 草！重新定义猎鹰强度！
[2026-02-22 01:10:59] DogRa1nFans: 草！拿下老鼠！那些说哲伟只会捕虾的人呢？
[2026-02-22 01:10:59] 肖申克的铲子: 骑着房管的🐎高调路过
[2026-02-22 01:11:00] 哈哈鲤鱼哲: 最年轻科隆！最年轻克鲁日波纳卡！
[2026-02-22 01:11:00] jamesfaith23: makazze在哪发财啊🤭 
[2026-02-22 01:11:00] 翻云覆雨愁的小迷妹: 有的人一年就开花结果了...
[2026-02-22 01:11:00] Kiracoon: 就tm喜欢银行业🥰银行坏账我喜欢🥰银行挤兑我还喜欢😍利率调低我也喜欢🤤老子亲烂银行业的脸😘
[2026-02-22 01:11:01] 兴豚: 昨天又哦又嘘的牛劲呢，好奇怪哦
[2026-02-22 01:11:01] valorant玩机器: 嘘pv的主队都滚回家了现场哪有啊😄
[2026-02-22 01:11:01] 足音: 草！重新定义猎鹰强度！
[2026-02-22 01:11:01] 玩机器的基友玩大力: 詹姆就是上帝，上帝就是詹姆
[2026-02-22 01:11:01] 细菌P: 草！pv又拿下！那些说猎鹰没有强度的人呢！说话来！
[2026-02-22 01:11:01] 好哥们兵藤一诚: 昨天嘘pv的牛劲呢
[2026-02-22 01:11:02] 季伯褚: “你居然喷我？你工资有我多吗？”冬瓜强一脸湿漉的从玩机器大腿间抬起头，愤怒的看向玩机器
[2026-02-22 01:11:02] 丹麦国王device: 玩机器不谢千早爱音钻粉是不是表态驱逐二次元
[2026-02-22 01:11:02] 我的青春是大表哥: 昨天虚的今天肯定不来啊
[2026-02-22 01:11:02] 月球怼长: 昨天嘘的人呢？说话！
[2026-02-22 01:11:02] 我肥任我肥: 刚才土皇帝禁言的牛劲呢？
[2026-02-22 01:11:02] 玩斯特机机: 银行业😄银行业😀银行业😃银行业😁银行业😆银行业🤪银行业😝
[2026-02-22 01:11:02] JULLLLYYYY: 草！重新定义猎鹰强度！
[2026-02-22 01:11:03] 老鼠丶爷爷: 草！重新定义猎鹰强度！
[2026-02-22 01:11:03] 钢镚镚镚镚镚镚镚镚镚: @zweih：makazze在哪发财啊🤭
[2026-02-22 01:11:03] bsqqaq: 昨天嘘的人呢？说话！
[2026-02-22 01:11:03] ArZhe阿哲: 谁赢他们帮谁啊😰什么墙头草两面派
[2026-02-22 01:11:03] 爱斯忑音音: 你们发现没，这场虽然都在嘘老鼠，但好像没人哦？😮啊
[2026-02-22 01:11:03] 小蜜蜂的长期素食本人: 关注jame频道谢谢喵
[2026-02-22 01:11:03] 一刀一个青铜q: 想到昨天有人说 嘘他们是毛子战队的原因就想笑
[2026-02-22 01:11:03] 榊原L: 决赛蒙古VSPV观赛贵宾2万
[2026-02-22 01:11:04] 本间芽衣子ya: 昨天又哦又嘘的牛劲呢，好奇怪哦
[2026-02-22 01:11:04] 香港分社记者: 这也算goat？敢站在大坑前面切刀按f检视的才是goat
[2026-02-22 01:11:04] 几笔成书灬: 阿门🙏🏻阿门🙏🏻阿门🙏🏻阿门🙏🏻阿门🙏🏻阿门🙏🏻阿门🙏🏻阿门🙏🏻阿门
[2026-02-22 01:11:04] kHRYSTAL77: 关注jame频道谢谢喵
[2026-02-22 01:11:04] 玩大哥我双倍呢: 昨天嘘pv的🐂劲呢😅
[2026-02-22 01:11:05] 丹cin: @今天嘘pv的牛劲呢：被四十八匕😲成那样了还感谢观众………
[2026-02-22 01:11:05] 假小子是对的: 关注jame频道谢谢喵
[2026-02-22 01:11:05] 灵犀Quentin: 草！重新定义猎鹰强度！
[2026-02-22 01:11:05] 肘一郎: 卧槽，mvp颁给niko了，感觉hltv没毛啊
[2026-02-22 01:11:05] 玩弓箭、Arrow: 100t有个巨鼠比他们俩还高
[2026-02-22 01:11:05] Subto: 嘘pv的主队都滚回家了现场哪有啊😄
[2026-02-22 01:11:05] YEKINDAR: 无可奉告
[2026-02-22 01:11:05] 用户247509865: 嘘pv的主队都滚回家了现场哪有啊😄
[2026-02-22 01:11:06] 江财第一肥美: 玩机器不谢千早爱音钻粉是不是表态驱逐二次元
[2026-02-22 01:11:06] 半岛铁禾Amani: jame赛前鹿是不是说明赛后握手的时候沾到对手手上了
[2026-02-22 01:11:06] 修理狗: 草！重新定义猎鹰强度！
[2026-02-22 01:11:06] 皓宇是个帅比: 昨天虚的今天肯定不来啊
[2026-02-22 01:11:06] eda778: 草！重新定义猎鹰强度！
[2026-02-22 01:11:07] arcticdawn: 草！重新定义猎鹰强度！
[2026-02-22 01:11:07] wristuuio: 草！重新定义猎鹰强度！
[2026-02-22 01:11:07] sueins: 报告🙋‍♂️！有楞刷🌶个！报告🙋‍♂️！有楞刷🌶个！报告🙋‍♂️！有楞刷🌶个！
[2026-02-22 01:11:07] suicho: 关注jametime谢谢喵
[2026-02-22 01:11:07] 本质软糯Sakiko: 昨天嘘pv的🧊🧊呢？今天怎么hide了？
[2026-02-22 01:11:07] 妈妈妈妈妈呀: @子夜丷花开：看到老詹又进决赛了，就不禁想问一句VP在哪发财啊！好问！
[2026-02-22 01:11:07] dfed5: 昨天嘘pv的牛劲呢
[2026-02-22 01:11:07] 你是来拉s的吗: 草！重新定义猎鹰强度！
[2026-02-22 01:11:08] WUGUOFEN: 报告🙋‍♂️！有楞刷🌶个！报告🙋‍♂️！有楞刷🌶个！报告🙋‍♂️！有楞刷🌶个！
[2026-02-22 01:11:08] 用户247509865: 嘘pv的主队都滚回家了现场哪有啊😄
[2026-02-22 01:11:08] 華之君: makazze在哪发财啊🤭 
[2026-02-22 01:11:08] 我的青春是大表哥: 昨天又哦又嘘的牛劲呢，好奇怪哦
[2026-02-22 01:11:08] 汽水販賣处: 决赛蒙古VSPV观赛贵宾2万
[2026-02-22 01:11:09] 言斯特心心: 昨天嘘pv的牛劲呢
[2026-02-22 01:11:09] wristuuio: 草！重新定义猎鹰强度！
[2026-02-22 01:11:09] Kwarsn: makazze在哪发财啊🤭 
[2026-02-22 01:11:09] 用户53477423: jt好久没更新了关注鸡毛
[2026-02-22 01:11:09] ymyyo: 草！重新定义猎鹰强度！
[2026-02-22 01:11:09] LvvsiN: 你这音画不同步太难受了，我都听到NIKO里约RMR晋级的欢呼了
[2026-02-22 01:11:10] bsqqaq: 昨天嘘的人呢？说话！
[2026-02-22 01:11:10] 你滴頭頭頭: 老鼠的匈牙利人托子把举办地的罗马尼亚im送走了，而且匈牙利和罗马尼亚有世仇
[2026-02-22 01:11:10] Mas丶奤: 詹姆就是上帝，上帝就是詹姆
[2026-02-22 01:11:10] 用户247509865: 嘘pv的主队都滚回家了现场哪有啊😄
[2026-02-22 01:11:10] Kli0s: 关注jame频道谢谢喵
[2026-02-22 01:11:10] 传统peek高手XANTARES: 决赛蒙古VSPV观赛贵宾2万
[2026-02-22 01:11:10] 闪光皮皮不吃闪: 昨天虚的今天肯定不来啊
[2026-02-22 01:11:11] 我的青春是大表哥: jame赛前鹿是不是说明赛后握手的时候沾到对手手上了
[2026-02-22 01:11:11] hanser小天才: 昨天虚的今天肯定不来啊
[2026-02-22 01:11:11] 几笔成书灬: 阿门🙏🏻阿门🙏🏻阿门🙏🏻阿门🙏🏻阿门🙏🏻阿门🙏🏻阿门🙏🏻阿门🙏🏻阿门
[2026-02-22 01:11:12] 猎魔人莫德凯撒: @zweih：makazze在哪发财啊🤭
[2026-02-22 01:11:12] QC很牛很强大: @Jame：VP在哪发财呢？电批在哪发财呢？？😄😄😄
[2026-02-22 01:11:12] 小蜜蜂的长期素食本人: 草！重新定义猎鹰强度！
[2026-02-22 01:11:12] AveMujica的渡濑结月本人: 草！pv又拿下！那些说猎鹰没有强度的人呢！说话来！
[2026-02-22 01:11:12] 小小小蕉: 草！重新定义猎鹰强度！
[2026-02-22 01:11:12] 丹麦国王device: @季伯褚：“你居然喷我？你工资有我多吗？”冬瓜强一脸湿漉的从玩机器大腿间抬起头，愤怒的看向玩机器
[2026-02-22 01:11:12] 用户247509865: 嘘pv的主队都滚回家了现场哪有啊😄
[2026-02-22 01:11:12] 秋叶恋心丶: 草！重新定义猎鹰强度！
[2026-02-22 01:11:12] 本间芽衣子ya: 昨天虚的今天肯定不来啊
[2026-02-22 01:11:13] 锅里的粽子233: “你居然喷我？你工资有我多吗？”冬瓜强一脸湿漉的从玩机器大腿间抬起头，愤怒的看向玩机器
[2026-02-22 01:11:13] Axel-XY: 草！重新定义猎鹰强度！
[2026-02-22 01:11:13] 十王星南: 草！重新定义猎鹰强度！
[2026-02-22 01:11:13] 烟鬼安德鲁: goat？100t那个女的还比你高多了
[2026-02-22 01:11:13] MiniHerc: 关注jame频道谢谢喵
[2026-02-22 01:11:14] LvvsiN: 玩宝宝，我发现在大学上学的时候肄业会很舒服，你可以试试
[2026-02-22 01:11:14] 肘一郎: 卧槽，mvp颁给niko了，感觉hltv没毛啊
[2026-02-22 01:11:14] 玉米卧槽: 草！重新定义猎鹰强度！
[2026-02-22 01:11:14] 泉水指挥官他爸: 🦐孝都丨了哪有人嘘？🤣
[2026-02-22 01:11:14] 喂鱼的小鱼: 昨天嘘pv的牛劲呢
[2026-02-22 01:11:14] oldhen吃苹果: 昨天嘘pv的🧊🧊呢？今天怎么hide了？
[2026-02-22 01:11:14] 用户247509865: 嘘pv的主队都滚回家了现场哪有啊😄
[2026-02-22 01:11:14] 绚辻小小词: 关注jametime谢谢喵
[2026-02-22 01:11:15] 安觉angle: 决赛蒙古VSPV观赛贵宾2万
[2026-02-22 01:11:15] 玩路由丶Router: 草！重新定义猎鹰强度！
[2026-02-22 01:11:15] xOcOg: 现场观众：我准备了两套欢呼，以应对不同的比分
[2026-02-22 01:11:15] 人活着就是为了玩乐队: 嘘pv的主队都滚回家了现场哪有啊😄
[2026-02-22 01:11:15] 真是爱死小花: 切台
[2026-02-22 01:11:15] 绘梨衣啊啊啊i: 昨天虚的今天肯定不来啊
[2026-02-22 01:11:15] CLANCHIC的Tomorain本人: 昨天虚的今天肯定不来啊
[2026-02-22 01:11:16] LvvsiN: @阿汤日记：一个人，5发子弹，保住格陵兰岛。我不会叫它不可能完成的任务，我现在只想先回家看亦博
[2026-02-22 01:11:16] 晚睡夜ovo: 嘘pv的主队都滚回家了现场哪有啊😄
[2026-02-22 01:11:16] 香港分社记者: 是越晚登场的队越厉害吗？那还没出现的那个Astralis得多厉害啊
[2026-02-22 01:11:16] 载物真吊眼睛看向礼物: 草！重新定义猎鹰强度！
[2026-02-22 01:11:16] 用户247509865: 嘘pv的主队都滚回家了现场哪有啊😄
[2026-02-22 01:11:17] 呜呼呼哈哈嘿嘿: @zweih：makazze在哪发财啊🤭
[2026-02-22 01:11:17] YEKINDAR: 草！重新定义猎鹰强度！
[2026-02-22 01:11:17] 丹麦国王device: @季伯褚：“你居然喷我？你工资有我多吗？”冬瓜强一脸湿漉的从玩机器大腿间抬起头，愤怒的看向玩机器
[2026-02-22 01:11:17] 海绵宝宝小能儿: 草！重新定义猎鹰强度！
[2026-02-22 01:11:17] KevinTheFool: @zweih：makazze在哪发财啊🤭
[2026-02-22 01:11:17] 闪光皮凡: 100t有个巨鼠比他们俩还高
[2026-02-22 01:11:17] 迪奥雷: 老汤要无了，快换台
[2026-02-22 01:11:17] 玩斯特机机: 嘘pv的主队都滚回家了现场哪有啊😄
[2026-02-22 01:11:18] kios真绪: 昨天虚的今天肯定不来啊
[2026-02-22 01:11:18] znnoy: ⓘ您已被房管布罗利封禁，点击了解6657官威
[2026-02-22 01:11:18] 半岛铁禾Amani: jame赛前鹿是不是说明赛后握手的时候沾到对手手上了
[2026-02-22 01:11:18] 超级大出生: 昨天嘘的今天在完美评论区呢
[2026-02-22 01:11:18] 环印骑士枪: jt好久没更新了关注鸡毛
[2026-02-22 01:11:18] 用户247509865: 嘘pv的主队都滚回家了现场哪有啊😄
[2026-02-22 01:11:19] L0ost: 卧槽，mvp颁给niko了，感觉hltv没毛啊
[2026-02-22 01:11:19] 贾宝玉倒拔垂杨柳66: @zweih：makazze在哪发财啊🤭
[2026-02-22 01:11:19] 水球碳酸饮料: 决赛蒙古VSPV观赛贵宾2万
[2026-02-22 01:11:19] 北枫278: @Jame：VP在哪发财呢？电批在哪发财呢？？😄😄😄
[2026-02-22 01:11:19] Br00kZzZ: 关注jame频道谢谢喵
[2026-02-22 01:11:19] broky我的GOAT: 草！重新定义猎鹰强度！
[2026-02-22 01:11:20] 用户2381770840: @zweih：makazze在哪发财啊🤭
[2026-02-22 01:11:20] 狸仙人420: 草！重新定义猎鹰强度！
[2026-02-22 01:11:20] 土御门静雄: 草！重新定义猎鹰强度！
[2026-02-22 01:11:20] 你给我灰来: 草！重新定义猎鹰强度！
[2026-02-22 01:11:20] YEKINDAR: 昨天虚的今天肯定不来啊
[2026-02-22 01:11:21] AT丨T: 关注jametime谢谢喵
[2026-02-22 01:11:21] 艺术冰霜: 草！重新定义猎鹰强度！
[2026-02-22 01:11:21] bsqqaq: 昨天嘘的人呢？说话！
[2026-02-22 01:11:21] 咕咕么么好可爱: 草！重新定义猎鹰强度！
[2026-02-22 01:11:21] 用户247509865: 嘘pv的主队都滚回家了现场哪有啊😄
[2026-02-22 01:11:21] 细菌P: 草！pv又拿下！那些说猎鹰没有强度的人呢！说话来！
[2026-02-22 01:11:21] 教育片來一部: @Jame：VP在哪发财呢？电批在哪发财呢？？😄😄😄
[2026-02-22 01:11:21] 狂野皮几儿很哒: @zweih：makazze在哪发财啊🤭
[2026-02-22 01:11:21] 天残少女王朗: 昨天嘘pv的🧊🧊呢？今天怎么hide了？
[2026-02-22 01:11:21] fpx丶: 嘘pv的主队都滚回家了现场哪有啊😄
[2026-02-22 01:11:21] 丶小恐龙丶: 嘘pv的主队都滚回家了现场哪有啊😄
[2026-02-22 01:11:22] 渡亡神雅睿欧斯: 昨天虚的今天肯定不来啊
[2026-02-22 01:11:22] 针尖or全球通缉: 关注jame频道谢谢喵
[2026-02-22 01:11:22] 100Thieves-dev1ce: 换台
[2026-02-22 01:11:22] 玉米卧槽: 决赛蒙古VSPV观赛贵宾2万
[2026-02-22 01:11:22] 马加奇的哥哥马加绝: 草!拿下禁言!那些说不发言等于永封的人呢？
[2026-02-22 01:11:22] 田中口三才: 决赛蒙古VSPV观赛贵宾2万
[2026-02-22 01:11:22] 锂汁lizhi: 草！重新定义猎鹰强度！
[2026-02-22 01:11:22] 奈何本无心: 嘘pv的主队都滚回家了现场哪有啊😄
[2026-02-22 01:11:22] 小众宝藏玩小将: 嘘pv的主队都滚回家了现场哪有啊😄
[2026-02-22 01:11:22] 咸鱼红茶: @zweih：makazze在哪发财啊🤭
[2026-02-22 01:11:23] 其名爱丽丝: @zweih：makazze在哪发财啊🤭
[2026-02-22 01:11:23] GreatOld0ne: 草！重新定义猎鹰强度！
[2026-02-22 01:11:23] 用户247509865: 嘘pv的主队都滚回家了现场哪有啊😄
[2026-02-22 01:11:23] 小小小蕉: 这个草！重新定义猎鹰强度！也太好笑了
[2026-02-22 01:11:23] AcceleratorlllL: @zweih：makazze在哪发财啊🤭
[2026-02-22 01:11:23] 谁谁谁我是谁: 决赛蒙古VSPV观赛贵宾2万
[2026-02-22 01:11:23] wristuuio: @Jame：VP在哪发财呢？电批在哪发财呢？？😄😄😄
[2026-02-22 01:11:23] 我滴勒个扎哥哥: 哲伟：小马在哪发财呀？
[2026-02-22 01:11:23] Senzu的羊: 草！重新定义猎鹰强度！
[2026-02-22 01:11:24] LvvsiN: 南孚一节更比六节强，也就是一节南孚比六节南孚强，六节南孚比三十六节强，三十六节比二百一十六节强
[2026-02-22 01:11:24] 不知名贝斯手: 🦐孝都丨了哪有人嘘？🤣
[2026-02-22 01:11:24] 好姐们塔露拉: 圣人
[2026-02-22 01:11:24] bsqqaq: 昨天嘘的人呢？说话！
[2026-02-22 01:11:24] 懒懒监监major冠军: @zweih：makazze在哪发财啊🤭
[2026-02-22 01:11:24] Wangzap: @zweih：makazze在哪发财啊🤭
[2026-02-22 01:11:24] 夹断修电脑感动到了: 草！重新定义猎鹰强度！
[2026-02-22 01:11:25] 越勾越搜越王勾践: 草！重新定义猎鹰强度！
[2026-02-22 01:11:25] 猎魔人莫德凯撒: @阿汤日记：一个人，5发子弹，保住格陵兰岛。我不会叫它不可能完成的任务，我现在只想先回家看亦博
[2026-02-22 01:11:25] 用户247509865: 嘘pv的主队都滚回家了现场哪有啊😄
[2026-02-22 01:11:25] 幻梦zp: 昨天嘘pv的🧊🧊呢？今天怎么hide了？
[2026-02-22 01:11:26] yinyao1231: 草！重新定义猎鹰强度！
[2026-02-22 01:11:26] LaughingSaMa: 决赛蒙古VSPV观赛贵宾2万
[2026-02-22 01:11:26] Jennifer688383: 　　　 嘘pv的主队都滚回家了现场哪有啊😄
[2026-02-22 01:11:26] Aurorayyyy: 昨天嘘的今天在完美评论区呢
[2026-02-22 01:11:26] 華之君: 重新定义猎鹰强度
[2026-02-22 01:11:26] 玉米卧槽: @zweih：makazze在哪发财啊🤭
[2026-02-22 01:11:26] 半岛铁禾Amani: jame赛前鹿是不是说明赛后握手的时候沾到对手手上了
[2026-02-22 01:11:26] 我的青春是大表哥: 草！重新定义猎鹰强度！
[2026-02-22 01:11:27] 用户2434003908: @cadiaN：监哥，你开宫吧，像2024-7-29 17：00 Blast媒体采访日那样！
[2026-02-22 01:11:27] lonhkfd: 决赛蒙古VSPV观赛贵宾2万
[2026-02-22 01:11:27] wristuuio: @Jame：VP在哪发财呢？电批在哪发财呢？？😄😄😄
[2026-02-22 01:11:27] 太行山积雪: 决赛蒙古VSPV观赛贵宾2万
[2026-02-22 01:11:27] 用户5608006019: 关注jametime谢谢喵
[2026-02-22 01:11:27] 零北鸢: @zweih：makazze在哪发财啊🤭
[2026-02-22 01:11:27] ymyyo: @zweih：makazze在哪发财啊🤭
[2026-02-22 01:11:28] 镇山海: 嘘pv的主队都滚回家了现场哪有啊😄
[2026-02-22 01:11:29] 苏笙ac: 昨天嘘的今天突然不喜欢cs了
[2026-02-22 01:11:29] 血樱幽世: 昨天虚的今天肯定不来啊
[2026-02-22 01:11:29] 吹牛逼就吃就喝没钱就: 看老爸看老爸看老爸
[2026-02-22 01:11:29] 萨摩耶要钱: @Jame：VP在哪发财呢？电批在哪发财呢？？😄😄😄
[2026-02-22 01:11:29] 昌岗陈坤: 嘘pv的主队都滚回家了现场哪有啊😄
[2026-02-22 01:11:29] 梦者呓语160: 嘘pv的主队都滚回家了现场哪有啊😄
[2026-02-22 01:11:29] AcceleratorlllL: 嘘pv的主队都滚回家了现场哪有啊😄
[2026-02-22 01:11:29] 足音: @zweih：makazze在哪发财啊🤭
[2026-02-22 01:11:29] 几笔成书灬: 阿门🙏🏻阿门🙏🏻阿门🙏🏻阿门🙏🏻阿门🙏🏻阿门🙏🏻阿门🙏🏻阿门🙏🏻阿门
[2026-02-22 01:11:30] 贰壹壹壹: 草！重新定义猎鹰强度！
[2026-02-22 01:11:30] 玩斯特出出6657: 决赛蒙古VSPV观赛贵宾2万
[2026-02-22 01:11:30] 环印骑士枪: 嘘pv的主队都滚回家了现场哪有啊😄
[2026-02-22 01:11:30] 用户7123010964: 　　　 嘘pv的主队都滚回家了现场哪有啊😄
[2026-02-22 01:11:30] 那可去你妈的吧: b点4条区那一把呢？
[2026-02-22 01:11:31] 呵呵呵主播好帅: @zweih：makazze在哪发财啊🤭
[2026-02-22 01:11:31] 透明透: 草！重新定义猎鹰强度！
[2026-02-22 01:11:31] 玩猫娘、planecup: 草！重新定义猎鹰强度！
[2026-02-22 01:11:31] 用户9921747043: 关注jametime谢谢喵
[2026-02-22 01:11:31] lIya0丶: 伟大
[2026-02-22 01:11:32] 机器的稿完: 草！重新定义猎鹰强度！
[2026-02-22 01:11:32] LvvsiN: 我提一嘴这剧情越来越像上海major了
[2026-02-22 01:11:32] sueins: 报告🙋‍♂️！有楞刷🌶个！报告🙋‍♂️！有楞刷🌶个！报告🙋‍♂️！有楞刷🌶个！
[2026-02-22 01:11:32] 阿良良木历Koyomi: 我看见一个真爆的但是我不敢加一（捂脸😭）我看见一个真爆的但是我不敢加一（捂脸😭）
[2026-02-22 01:11:33] Speherm: 决赛蒙古VSPV观赛贵宾2万
[2026-02-22 01:11:33] 要乐奈丶Rana:     嘘pv的主队都滚回家了现场哪有啊😄
[2026-02-22 01:11:33] 用户3661578: 猎鹰那B强度就别老定义了😓
[2026-02-22 01:11:33] 好哥们韩信: 嘘pv的主队都滚回家了现场哪有啊😄
[2026-02-22 01:11:33] mygo的爱音斯坦本人: 决赛蒙古VSPV观赛贵宾2万
[2026-02-22 01:11:33] 我的青春是大表哥: 嘘pv的主队都滚回家了现场哪有啊😄
[2026-02-22 01:11:34] InNostaVation: 关注jametime频道谢谢喵
[2026-02-22 01:11:34] 空之軌迹: 自带体系
[2026-02-22 01:11:34] 好哥们摩尔加纳: @zweih：男人一生只……算了我荣誉已经比那个不值一提的海鲜多了懒得提了
[2026-02-22 01:11:34] 用户247509865: @zweih：makazze在哪发财啊🤭
[2026-02-22 01:11:34] 静寂风: ？
[2026-02-22 01:11:34] 用户02938034: 决赛蒙古VSPV观赛贵宾2万
[2026-02-22 01:11:34] 0guriCap: jame赛前鹿是不是说明赛后握手的时候沾到对手手上了
[2026-02-22 01:11:34] yukiraZz: 老汤：儿子，爸爸要赢了😎…儿子😕…儿子😭！！！
[2026-02-22 01:11:34] 一不小心丶就丶: 提前恭喜小蜜蜂再拿一冠了！
[2026-02-22 01:11:34] 巅峰A队的一员Xyp9x: 嘘pv的主队都滚回家了现场哪有啊😄
[2026-02-22 01:11:34] 香港分社记者: 尼尼追寻了半辈子的major，玩机器用几个臭钱就买走了😔
[2026-02-22 01:11:34] 旧城乀873: 换台换台换台换台换台换台换台换台换台换台换台换台换台换台换台换台换台换台换台换台换台换台换台换台换台
[2026-02-22 01:11:35] yosoro296: 换台
[2026-02-22 01:11:35] 霜雪鱼龙: 嘘pv的主队都滚回家了现场哪有啊😄
[2026-02-22 01:11:35] 雪菜偷完top偷major: 决赛蒙古VSPV观赛贵宾2万
[2026-02-22 01:11:35] 好姐妹稗田阿求: 嘘pv的主队都滚回家了现场哪有啊😄
[2026-02-22 01:11:36] LvvsiN: 玩宝宝，我发现在大学上学的时候肄业会很舒服，你可以试试
[2026-02-22 01:11:36] 用户247509865: @zweih：makazze在哪发财啊🤭
[2026-02-22 01:11:36] Subto:     嘘pv的主队都滚回家了现场哪有啊😄
[2026-02-22 01:11:36] 守卫格陵兰的Device本人: 嘘pv的主队都滚回家了现场哪有啊😄
[2026-02-22 01:11:36] 我的青春是大表哥: @zweih：makazze在哪发财啊🤭
[2026-02-22 01:11:37] 暗之黒末:     嘘pv的主队都滚回家了现场哪有啊😄
[2026-02-22 01:11:37] 奇宋大掰: @zweih：makazze在哪发财啊🤭
[2026-02-22 01:11:37] bsqqaq: 昨天嘘的人呢？说话！
[2026-02-22 01:11:37] chukap: 嘘pv的主队都滚回家了现场哪有啊😄
[2026-02-22 01:11:37] 额滴神呀: 串
[2026-02-22 01:11:37] 梦者呓语160: 草！重新定义猎鹰强度！
[2026-02-22 01:11:38] 认知偏差男孩: 草！重新定义猎鹰强度！
[2026-02-22 01:11:38] 用户0268784457: 伟神：🐕洞在哪发财呢？
[2026-02-22 01:11:38] LvvsiN: 弹幕也就网上说说，现实里谁不觉得樱姐是好女孩（删括号领一条远坂凛同款鸟笼）
[2026-02-22 01:11:38] 暑雨祁寒丶: 决赛蒙古VSPV观赛贵宾2万
[2026-02-22 01:11:38] 偷哦嘘鞭贷拔: 嘘pv的主队都滚回家了现场哪有啊😄
[2026-02-22 01:11:39] 木空空空空空: 决赛蒙古VSPV观赛贵宾2万
[2026-02-22 01:11:39] JOhNsoN兆: 决赛蒙古VSPV观赛贵宾2万
[2026-02-22 01:11:39] 用户247509865: @zweih：makazze在哪发财啊🤭
[2026-02-22 01:11:39] 困惑地熊猫: 嘘pv的主队都滚回家了现场哪有啊😄
[2026-02-22 01:11:39] 血樱幽世:     嘘pv的主队都滚回家了现场哪有啊😄
[2026-02-22 01:11:39] 芙兰达丶塞维伦: 嘘pv的主队都滚回家了现场哪有啊😄
[2026-02-22 01:11:39] 海绵宝宝言宝儿: 本质坏人
[2026-02-22 01:11:39] 烟雨平生west: 看老汤最后一眼吧😭😭😭
[2026-02-22 01:11:40] 是Faze的jks本人: 嘘pv的主队都滚回家了现场哪有啊😄
[2026-02-22 01:11:40] Ralmnstr: 草！重新定义猎鹰强度！
[2026-02-22 01:11:40] 骄骄爱吃糖: 收到
[2026-02-22 01:11:40] AnKe丷: 决赛蒙古VSPV观赛贵宾2万
[2026-02-22 01:11:40] 華之君: 重新定义猎鹰强度
[2026-02-22 01:11:40] 乱世浮沉ら: 决赛蒙古VSPV观赛贵宾2万
[2026-02-22 01:11:41] wristuuio: @Jame：VP在哪发财呢？电批在哪发财呢？？😄😄😄
[2026-02-22 01:11:41] 箫声人mmmm: 玩机器的房管就像大专的学生会玩机器的房管就像大专的学生会玩机器的房管就像大专的学生会玩机器的房管就像
[2026-02-22 01:11:41] 猎魔人莫德凯撒:  @zweih：男人一生只……算了我荣誉已经比那个不值一提的海鲜多了懒得提了
[2026-02-22 01:11:41] 鹤翼三千连: 看我爸
[2026-02-22 01:11:41] 那就点: 嘘pv的主队都滚回家了现场哪有啊😄
[2026-02-22 01:11:41] 半岛铁禾Amani: jame赛前鹿是不是说明赛后握手的时候沾到对手手上了
[2026-02-22 01:11:41] 天魔外道y: @zweih：makazze在哪发财啊🤭
[2026-02-22 01:11:41] 小小小蕉: 嘘pv的主队都滚回家了现场哪有啊😄
[2026-02-22 01:11:42] 井芹桃香: niko怎么遇不到这种队友
[2026-02-22 01:11:42] 海绵宝宝dinner: 嘘pv的主队都滚回家了现场哪有啊😄
[2026-02-22 01:11:42] 正经猪头肉: 狂
[2026-02-22 01:11:42] 我真的不是硝子: 上帝预测
[2026-02-22 01:11:42] 早安丿章鱼哥: 关注jametime频道谢谢喵
[2026-02-22 01:11:42] 爱被小泉吃的拉面同学:     嘘pv的主队都滚回家了现场哪有啊😄
[2026-02-22 01:11:42] 玩机器你好香你好香: 申请看丰川億百萬 懂得➕1
[2026-02-22 01:11:42] 未酲儿: @zweih：makazze在哪发财啊🤭
[2026-02-22 01:11:42] 刘刘的农:     嘘pv的主队都滚回家了现场哪有啊😄
[2026-02-22 01:11:43] G2丶m0NESY: 狂
[2026-02-22 01:11:43] 细菌P: 草！pv又拿下！那些说猎鹰没有强度的人呢！说话来！
[2026-02-22 01:11:43] 足音: 决赛蒙古VSPV观赛贵宾2万
[2026-02-22 01:11:43] 从来不玩抽象的: 嘘pv的主队都滚回家了现场哪有啊😄
[2026-02-22 01:11:43] shanweii: @zweih：makazze在哪发财啊🤭
[2026-02-22 01:11:43] 香港分社记者: 懂你意思
[2026-02-22 01:11:43] bsqqaq: 昨天嘘的人呢？说话！
[2026-02-22 01:11:44] 箫声人mmmm: 玩机器的房管就像大专的学生会玩机器的房管就像大专的学生会玩机器的房管就像大专的学生会玩机器的房管就像
[2026-02-22 01:11:44] 要乐奈丶Rana:     嘘pv的主队都滚回家了现场哪有啊😄
[2026-02-22 01:11:44] Subto: 嘘pv的主队都滚回家了现场哪有啊😄
[2026-02-22 01:11:44] 麦当劳的藤田琴音本人: 狂
[2026-02-22 01:11:44] 我去尼玛不科学: 嘘pv的主队都滚回家了现场哪有啊😄
[2026-02-22 01:11:45] 等给他爱6发售中: 什么情况？留椅播变扶立机了😮
[2026-02-22 01:11:46] 教育片來一部: 草！重新定义猎鹰强度！草！重新定
[2026-02-22 01:11:46] 淡然夏末的温存11: @唯爱老尼：谁想看这种二线队的赛后采访啊，赶紧看device啊
[2026-02-22 01:11:46] 北徐: 嘘pv的主队都滚回家了现场哪有啊😄
[2026-02-22 01:11:46] 用户0268784457: 伟神：🐕洞在哪发财呢？
[2026-02-22 01:11:46] 爱吃芒果的大芒果: 嘘pv的主队都滚回家了现场哪有啊😄
[2026-02-22 01:11:46] 零北鸢: 嘘pv的主队都滚回家了现场哪有啊😄
[2026-02-22 01:11:46] 玩汉堡丶Mercury: @zweih：makazze在哪发财啊🤭
[2026-02-22 01:11:46] 不务正业127: 嘘pv的主队都滚回家了现场哪有啊😄
[2026-02-22 01:11:46] 丶浅梦弋: 狂
[2026-02-22 01:11:46] 玩登山丶嘟嘟嘟嘟嘟嘟: 嘘pv的主队都滚回家了现场哪有啊😄
[2026-02-22 01:11:46] Mortnotz:     嘘pv的主队都滚回家了现场哪有啊😄
[2026-02-22 01:11:46] 霓沐沐: 想多了小蜜蜂也是2w
[2026-02-22 01:11:46] 丶小恐龙丶: 狂
[2026-02-22 01:11:46] 为所欲为丶中二林: 嘘pv的主队都滚回家了现场哪有啊😄
[2026-02-22 01:11:47] 梦想是独立自由: 詹姆现在变这么胖了
[2026-02-22 01:11:47] 软萌可爱六花酱: 嘘pv的主队都滚回家了现场哪有啊😄
[2026-02-22 01:11:47] 正经猪头肉: 狂野
[2026-02-22 01:11:47] 洛陽城里看落陽: 狂
[2026-02-22 01:11:47] Egret19: @zweih：makazze在哪发财啊🤭
[2026-02-22 01:11:47] 犭火夕卜其斤: 草！重新定义猎鹰强度！
[2026-02-22 01:11:47] 昌岗陈坤: 不怂
[2026-02-22 01:11:47] 丰川留子: 嘘pv的主队都滚回家了现场哪有啊😄
[2026-02-22 01:11:47] 越勾越搜越王勾践: 决赛蒙古VSPV观赛贵宾2万
[2026-02-22 01:11:47] yangcl101ck: 狂野
[2026-02-22 01:11:48] 用户3661578: Jame老蜂吹了
[2026-02-22 01:11:48] 拉特兰的Exus1a1本人: 公式
[2026-02-22 01:11:48] 圣诞节二人组: 决赛蒙古VSPV观赛贵宾2万
[2026-02-22 01:11:48] 绘梨衣啊啊啊i: @zweih：makazze在哪发财啊🤭
[2026-02-22 01:11:48] 啊T啊T: 嘘pv的主队都滚回家了现场哪有啊😄
[2026-02-22 01:11:49] 香港分社记者: 狂哥
[2026-02-22 01:11:49] 龍EVOLOVE龍: 嘘pv的主队都滚回家了现场哪有啊😄
[2026-02-22 01:11:49] 困惑地熊猫: 嘘pv的主队都滚回家了现场哪有啊😄
[2026-02-22 01:11:49] 北枫278: 决赛蒙古VSPV观赛贵宾200
[2026-02-22 01:11:49] 几笔成书灬: 阿门🙏🏻阿门🙏🏻阿门🙏🏻阿门🙏🏻阿门🙏🏻阿门🙏🏻阿门🙏🏻阿门🙏🏻阿门
[2026-02-22 01:11:49] 渡亡神雅睿欧斯: 决赛蒙古VSPV观赛贵宾2万
[2026-02-22 01:11:49] 偷哦嘘鞭贷拔: 嘘pv的主队都滚回家了现场哪有啊😄
[2026-02-22 01:11:50] 石家庄特色猪油火锅: jame赛前鹿是不是说明赛后握手的时候沾到对手手上了
[2026-02-22 01:11:50] ymyyo: 看老汤最后一眼吧😭😭😭
[2026-02-22 01:11:50] suo不粗话: 公式
[2026-02-22 01:11:50] 水球碳酸饮料: 爆
[2026-02-22 01:11:50] 希望fgo越办越好: 嘘pv的主队都滚回家了现场哪有啊😄
[2026-02-22 01:11:50] 喜斯特多多: 嘘pv的主队都滚回家了现场哪有啊😄
[2026-02-22 01:11:51] 土俗火焰: 伟大
[2026-02-22 01:11:51] Zzzzc1299: 狂！
[2026-02-22 01:11:51] 梓川不是辛川: 嘘pv的主队都滚回家了现场哪有啊😄
[2026-02-22 01:11:51] 魔法少女若叶睦: @zweih：makazze在哪发财啊🤭
[2026-02-22 01:11:51] 龍仔ww: 狂野
[2026-02-22 01:11:51] 海绵宝宝dinner: 嘘pv的主队都滚回家了现场哪有啊😄
[2026-02-22 01:11:51] 要乐奈丶Rana: 公式
[2026-02-22 01:11:51] JoeyEason: jame赛前鹿是不是说明赛后握手的时候沾到对手手上了
[2026-02-22 01:11:51] 好哥们黑龙歼灭刀: 嘘pv的主队都滚回家了现场哪有啊😄
[2026-02-22 01:11:51] 老鸡拿拿米: 把小蜜蜂喊过来！把小蜜蜂喊过来！把小蜜蜂喊过来！把小蜜蜂喊过来！
[2026-02-22 01:11:52] Paaanda丶: 狂野
[2026-02-22 01:11:52] 风镰12138: 懂你意思
[2026-02-22 01:11:52] 迪奥雷: 爆
[2026-02-22 01:11:52] 徐弃安: 上帝忍不了小蜜蜂了
[2026-02-22 01:11:52] 反锄复炉全看虚竹: 狂野！
[2026-02-22 01:11:53] PKURoger: 甩
[2026-02-22 01:11:53] 香港分社记者: 狂野
[2026-02-22 01:11:53] 箫声人mmmm: 玩机器的房管就像大专的学生会玩机器的房管就像大专的学生会玩机器的房管就像大专的学生会玩机器的房管就像
[2026-02-22 01:11:53] 青蘖: 狂
[2026-02-22 01:11:53] 花也烂漫: 詹姆斯
[2026-02-22 01:11:53] 玉蜀黍巧克力: 懂你意思
[2026-02-22 01:11:53] 用户9921747043: 懂你意思
[2026-02-22 01:11:54] 谁谁谁我是谁: @zweih：makazze在哪发财啊🤭
[2026-02-22 01:11:54] 白皇的三千院Nagi本人: @zweih：makazze在哪发财啊🤭
[2026-02-22 01:11:54] azo808: 伟神：🐕洞在哪发财呢？
[2026-02-22 01:11:54] 正经猪头肉: 狂野
[2026-02-22 01:11:54] RAS的Layer本人: 决赛蒙古VSPV观赛贵宾2万
[2026-02-22 01:11:54] 玩神的欢喜好有嚼劲: @布罗利：给major冠军➕mvp投降了
[2026-02-22 01:11:54] LvvsiN: 别解说了 多聊会天 你不会真的以为能输吧
[2026-02-22 01:11:54] 我们曾经的样子: 决赛蒙古VSPV观赛贵宾2万
[2026-02-22 01:11:54] WE丶繁梦: 看老汤最后一眼吧😭😭😭
[2026-02-22 01:11:54] Subto: @圣诞节二人组：决赛蒙古VSPV观赛贵宾2万
[2026-02-22 01:11:55] 豪仔alongfeng: 看老汤最后一眼吧😭😭😭
[2026-02-22 01:11:55] Ralmnstr: 懂你意思
[2026-02-22 01:11:55] akatsuki64347: 嘘pv的主队都滚回家了现场哪有啊😄
[2026-02-22 01:11:55] 北枫278: 决赛蒙古VSPV观赛贵宾200
[2026-02-22 01:11:55] 爱钱初号机: 决赛蒙古VSPV观赛贵宾2万
[2026-02-22 01:11:55] 爱洛魔神仙台叶月: 决赛蒙古VSPV观赛贵宾2万
[2026-02-22 01:11:55] Cardinal665: 圣人
[2026-02-22 01:11:56] 好兄弟ZywOo: 反观
[2026-02-22 01:11:56] 马弓手玩机器: @zweih：makazze在哪发财啊🤭
[2026-02-22 01:11:56] 酒酒酒酒酒酒: 挥刀
[2026-02-22 01:11:56] 言灵虚: 嘘pv的主队都滚回家了现场哪有啊😄
[2026-02-22 01:11:56] 杰里科丶: 换台
[2026-02-22 01:11:56] 缪斯的南小鸟本人: 懂你意思
[2026-02-22 01:11:56] 环印骑士枪: 上帝忍不了小蜜蜂了
[2026-02-22 01:11:57] 一条无梦鱼: 懂你意思
[2026-02-22 01:11:57] C4LLM3L1UN0NG: 嘘pv的主队都滚回家了现场哪有啊😄
[2026-02-22 01:11:57] Wangzap: 帅jame
[2026-02-22 01:11:57] 星之所在Vitality: 懂你意思
[2026-02-22 01:11:57] mygo的tomori本人: 狂野
[2026-02-22 01:11:57] hxyvraf: 嘘pv的主队都滚回家了现场哪有啊😄
[2026-02-22 01:11:57] 静寂风: 狠载
[2026-02-22 01:11:57] 和聯勝话事人邓伯: 伟神：🐕洞在哪发财呢？
[2026-02-22 01:11:57] 牟平鲁尼: 把小蜜蜂叫过来😡我让你把小蜜蜂叫过来😡
[2026-02-22 01:11:58] 查家湾砍王: 嘘pv的主队都滚回家了现场哪有啊😄
[2026-02-22 01:11:58] 用户1181920443: 狂
[2026-02-22 01:11:58] SaberMax丶: 看老汤最后一眼吧😭😭😭
[2026-02-22 01:11:58] 夏尔、勒克莱尔: 决赛蒙古VSPV观赛贵宾2万
[2026-02-22 01:11:58] 床精: @zweih：makazze在哪发财啊🤭
[2026-02-22 01:11:58] 卧看星河尽意明丶: 闹麻了
[2026-02-22 01:11:58] LvvsiN: 其实碗橱就是猪灵，你不拿黄金丢他他就不跟你说话
[2026-02-22 01:11:59] 范迪克速度多少: 草！重新定义天禄强度
[2026-02-22 01:11:59] 稻香小弟想66: jame赛前鹿是不是说明赛后握手的时候沾到对手手上了
[2026-02-22 01:11:59] 热心好邻居: 懂你意思
[2026-02-22 01:11:59] 言羽zzz: 现在知道好好解说啦？你之前整一堆小夫的牛劲呢？😅😅😅😅
[2026-02-22 01:11:59] 很Low的V: @zweih：makazze在哪发财啊🤭
[2026-02-22 01:11:59] 王梓琦的Ozzz丶: 换台
[2026-02-22 01:12:00] 贰壹壹壹: 难道他真是上帝？
[2026-02-22 01:12:00] 几笔成书灬: 阿门🙏🏻阿门🙏🏻阿门🙏🏻阿门🙏🏻阿门🙏🏻阿门🙏🏻阿门🙏🏻阿门🙏🏻阿门
[2026-02-22 01:12:00] 黎那汐塔top2尤诺: 懂你意思
[2026-02-22 01:12:00] Usogu1: 懂你意思
[2026-02-22 01:12:00] 香港分社记者: 狂野，震撼亚洲
[2026-02-22 01:12:00] 玉蜀黍巧克力: 孝
[2026-02-22 01:12:00] 工藤里没静香了: 闹嘛了 蜜蜂玩具赛
[2026-02-22 01:12:00] 我也在享受啊: 懂你意思
[2026-02-22 01:12:00] 哈基米哦南北路多: 决赛蒙古VSPV观赛贵宾2万
[2026-02-22 01:12:00] C7iyo: 正题吗
[2026-02-22 01:12:01] 未知Frozen: 懂你意思
[2026-02-22 01:12:01] 想超玩机器: 嘘pv的主队都滚回家了现场哪有啊😄
[2026-02-22 01:12:01] 土俗火焰: 伟大
[2026-02-22 01:12:01] 酒姑娘的小枫: 詹皇伟大无需多言
[2026-02-22 01:12:01] Aimyon33: 啥意思 看不起大汗?
[2026-02-22 01:12:01] 圣诞节二人组: 考
[2026-02-22 01:12:02] 伦敦千早爱: 在线榜第9名千早爱音给你送钻粉你咋不谢（11级发不了
