# room_id=178432 host= title= live_time= fetch_time=2026-02-18 19:42:02
[2026-02-18 19:42:07] z1x18: 在现场结束了
[2026-02-18 19:42:07] Kakapu12283:  @TheMongolZ的上单本人：@nyoyke：@洛水三桥：能别嗦你手上那个东西了吗？职业病犯了
[2026-02-18 19:42:07] 叫我小吴就好了OvO: 吃黄瓜就吃黄瓜 你老嗦它干啥
[2026-02-18 19:42:07] 博弈之王帅逼:  @TheMongolZ的上单本人：@nyoyke：@洛水三桥：能别嗦你手上那个东西了吗？职业病犯了
[2026-02-18 19:42:07] OzOking: @洛水三桥：能别嗦你手上那个东西了吗？职业病犯了？
[2026-02-18 19:42:07] 伊万太郎: @叫我小吴就好了OvO：吃黄瓜就吃黄瓜 你老嗦它干啥
[2026-02-18 19:42:07] mbxxd: 我说个数10-13
[2026-02-18 19:42:07] 湛蓝深邃的眼睛: 吃黄瓜就吃黄瓜 你老嗦它干啥
[2026-02-18 19:42:07] 用户0562920270:  @伊万太郎：@叫我小吴就好了OvO：吃黄瓜就吃黄瓜 你老嗦它干啥
[2026-02-18 19:42:13] 悲剧的超黑桑: 都是人机一样的操作
[2026-02-18 19:42:14] 盛夏梨雨禾: 老登嗦上瘾了，大家理解一下
[2026-02-18 19:42:16] y2vv丶: 野榜上面这个人好丑。。
[2026-02-18 19:42:22] 湛蓝深邃的眼睛: 野榜上面这个人好丑。。
[2026-02-18 19:42:22] 用户71626271: 控图三兄弟杀的没自由人鼠鼠多😅
[2026-02-18 19:42:23] 笑话不冷的53828: 5e能打了么？
[2026-02-18 19:42:25] 明双: 唉
[2026-02-18 19:42:27] 伊万太郎: @y2vv丶：野榜上面这个人好丑。。
[2026-02-18 19:42:28] 斗鱼用户5055516072: 1800的要么 有优先有刀
[2026-02-18 19:42:37] 明双: 需要呼吸杀几个？
[2026-02-18 19:42:42] 我永遠喜歡斋藤飞鸟: 不会被翻吧
[2026-02-18 19:42:42] 洛水三桥: ？？？？？？？
[2026-02-18 19:42:43] 北辰七月: 大狙跟谁俩呢
[2026-02-18 19:42:44] 7CZhong: phzy再干嘛阿
[2026-02-18 19:42:44] 洛水三桥: 啊·？？？
[2026-02-18 19:42:44] 逆袭398: 区总把你手上的东西扔了吧  教坏小朋友
[2026-02-18 19:42:46] oo292514: @phzy（9-17)：谁还有多余资金？🤑
[2026-02-18 19:42:49] 流光星虹: 狠
[2026-02-18 19:42:49] -Psycho-: 请问A队是在刷游戏时长吗？请问A队是在刷游戏时长吗？
[2026-02-18 19:42:50] 可达鸭xAx: 狠人
[2026-02-18 19:42:50] TaKuMi丶G: 这狙是真的菜
[2026-02-18 19:42:51] 盛夏梨雨禾: 狠人！！！！
[2026-02-18 19:42:52] 求奶我今年诸事不顺: 这残局不用看
[2026-02-18 19:42:52] 洛水三桥: 飞贼！你TM蹭都蹭不明白啊
[2026-02-18 19:42:53] 六儿胖胖胖: 还有人类吗
[2026-02-18 19:42:53] 失信人员刘谋: 翻了
[2026-02-18 19:42:53] mpdel: wgg
[2026-02-18 19:42:54] 极夜之辰: 这狙比老汤还菜
[2026-02-18 19:42:55] 絕對灬榊話ing: 诗人啊
[2026-02-18 19:42:55] 我爱玩希尔斯: 亚比真的菜啊
[2026-02-18 19:42:55] 用户775129591: 菜
[2026-02-18 19:42:55] 小休太可了: 依旧流脓
[2026-02-18 19:42:56] -Psycho-: 请问A队是在刷游戏时长吗？
[2026-02-18 19:42:56] 考夫曼、retire: a队毫无数值
[2026-02-18 19:42:56] oo292514: @phzy（9-17)：谁还有多余资金？🤑
[2026-02-18 19:42:57] 凉沐兮970: 是人啊
[2026-02-18 19:42:57] 简简单单98196: 这不一起抓
[2026-02-18 19:42:57] JonKop1ng: 雨姐
[2026-02-18 19:42:58] 苟馹的抖御: 神队
[2026-02-18 19:42:58] 梦阮104: 真狠啊
[2026-02-18 19:42:58] 无瑕的爱莉希雅: 这都能翻的啊？
[2026-02-18 19:42:58] 盛夏梨雨禾: 老年donk
[2026-02-18 19:42:58] 洛水三桥: 飞贼你在干嘛
[2026-02-18 19:42:59] 125125158: 这能翻？？
[2026-02-18 19:42:59] 当你队友真难受: 根本没有人类
[2026-02-18 19:42:59] 用户02938034: 刘农
[2026-02-18 19:43:00] 热心的Wang友: 雨姐带π
[2026-02-18 19:43:00] 斗鱼用户9022746332: ??这撒子画质
[2026-02-18 19:43:00] 转眼即逝i: 这俩仇人
[2026-02-18 19:43:00] 澄澈冫: 肉肛了
[2026-02-18 19:43:01] 繁星落未央: 我靠这飞贼
[2026-02-18 19:43:01] unanehmmbhannz: 两个人有矛盾？
[2026-02-18 19:43:01] 江楼月是个小可爱: 带派不带派
[2026-02-18 19:43:02] Schutzstaffe11: 他认错人了
[2026-02-18 19:43:02] IM钟佩颖: 鼠鼠真不是人啊
[2026-02-18 19:43:03] Emiya6666: 不碰拳？
[2026-02-18 19:43:03] Monet99370: 桑塔瑞斯peek
[2026-02-18 19:43:04] TaKuMi丶G: 这狙菜完了
[2026-02-18 19:43:05] 既生亮何生俞: 翻了翻了，布丁拍了拍ququ的屁股，ququ无奈翻了翻身露出了自己的秘密花园
[2026-02-18 19:43:05] 风华u: @phzy（9-17)：谁还有多余资金？🤑
[2026-02-18 19:43:05] 老bai啊: phzy？？这什么狙
[2026-02-18 19:43:05] 天宁Donk: B
[2026-02-18 19:43:05] 用户8781698170: 鼠侧身没打死是人啊
[2026-02-18 19:43:06] 昼晷39717:  @叫我小吴就好了OvO：吃黄瓜就吃黄瓜 你老嗦它干啥
[2026-02-18 19:43:07] Schutzstaffe11: major认错人了
[2026-02-18 19:43:10] Antidotevo: A队赶紧死吧，这些都b人枪法
[2026-02-18 19:43:11] 傲娇小豆豆8: c菜的没谁了
[2026-02-18 19:43:11] oo292514: @phzy（9-17)：谁还有多余资金？🤑
[2026-02-18 19:43:12] 好兄弟贝黑莱特: @device：感觉老爸来赢了啊
[2026-02-18 19:43:12] 沉溺Kirino: 传统比分16-14
[2026-02-18 19:43:13] 朝萎葛炮: 1900？想要啥刀型
[2026-02-18 19:43:13] 血簟秋: ra名宿玩不玩
[2026-02-18 19:43:16] 天宁Donk: B外的在干鸡毛
[2026-02-18 19:43:17] 无言默默248: 带πyi
[2026-02-18 19:43:19] 辣椒炒肉shxgdjn: 雨姐带派
[2026-02-18 19:43:19] 世界那么黑老子只信她: 这狙不往前推啊
[2026-02-18 19:43:21] 王冕354: 翻了
[2026-02-18 19:43:21] 邻苯二甲酸1: @phzy：赚了😄
[2026-02-18 19:43:25] 余小C真的很棒: 呼畜
[2026-02-18 19:43:25] 妮十六: 可以用左手视角玩一局吗
[2026-02-18 19:43:27] 殷婧嫦爱妲妃姬: 窒息吗
[2026-02-18 19:43:27] 小海灬神: 欧若拉 沙2也是强图 管你是谁 就选沙2
[2026-02-18 19:43:28] 丢丢的夜精灵: 刘农顶号了
[2026-02-18 19:43:28] 零点一七狗来都行: 不如老汤一根啊
[2026-02-18 19:43:31] feSHt3: 红姐雨了
[2026-02-18 19:43:31] 哈萨克134: 这phzy锁死位置了推不死？
[2026-02-18 19:43:32] z1x18: 老板来了全狙了
[2026-02-18 19:43:34] 用户71626271: 感觉回归菜点蛇鼠汤了呀
[2026-02-18 19:43:35] mpdel: 谁是指挥？
[2026-02-18 19:43:35] 盛夏梨雨禾: 又起了一个窒息的外号，老登你可以的
[2026-02-18 19:43:35] -Psycho-: 来比赛刷时长呢
[2026-02-18 19:43:37] 千山暮雪041: 这特么是人类啊，还狙击手。比我还菜的狙击手还他妈是职业，真逗
[2026-02-18 19:43:39] 用户4433429405: phzy和ryu是人啊
[2026-02-18 19:43:40] oo292514: @phzy（9-17)：谁还有多余资金？🤑
[2026-02-18 19:43:42] 夜夜夜夜夜夜雪: 其他人补枪也补不上呀，指挥杀16个还能窒息
[2026-02-18 19:43:42] 伊万太郎: 我看晕掉了
[2026-02-18 19:43:43] Ray_Lan: ryu换回魔男真无敌了吧
[2026-02-18 19:43:43] 7CZhong: 这狙是真tm的菜
[2026-02-18 19:43:48] Q麻吉: 被狠人突然一个蹲peek
[2026-02-18 19:43:50] 喵巴斯塔: 大狙装高手？
[2026-02-18 19:43:51] 花间琴: 感觉不起狙集合冲两波b都赢了
[2026-02-18 19:43:52] 雨天禽兽: 主播盗播的哪个解说，我怎么找不到
[2026-02-18 19:43:52] TheMongolZ的上单本人: 长成这个样子还开摄像头。。。
[2026-02-18 19:43:55] 滴滴硕哥: 呼吸心态炸了
[2026-02-18 19:43:56] 逆袭398: 快点2比0结束战斗 看PV
[2026-02-18 19:43:56] 人参的硬家: 这么猛吗 top1了
[2026-02-18 19:43:59] feSHt3:  @TheMongolZ的上单本人：长成这个样子还开摄像头。。。
[2026-02-18 19:44:01] 用户5998407610: AI弹幕，一键发送
[2026-02-18 19:44:02] 卷毛卷死你: 你能退出去把刀换了吗
[2026-02-18 19:44:03] 老皮家的寒风: 我说你慢了你龙么？？？？？？？？？？？
[2026-02-18 19:44:05] unanehmmbhannz: 难道说
[2026-02-18 19:44:06] 湛蓝深邃的眼睛: @TheMongolZ的上单本人：长成这个样子还开摄像头。。。
[2026-02-18 19:44:06] 滴滴硕哥: 这没法打了，呼吸心态都崩了，不想玩了
[2026-02-18 19:44:08] 盛夏梨雨禾: 啊，打成这样了
[2026-02-18 19:44:08] 明双: 这进攻真抽象啊
