# room_id=6979222 host=玩机器丶Machine title=小众宝藏结晶直播 live_time= fetch_time=2026-02-21 23:45:46
[2026-02-22 03:46:21] JamYo0oung: 冷知识，蜜蜂今年没赢过猎鹰
[2026-02-22 03:46:22] 用户6235382488: 海啸和🧊先停，想想是谁双标当裱纸发明善意互动和恶意互动的。。。
[2026-02-22 03:46:22] LvvsiN: 弹幕也就网上说说，现实里谁不觉得樱姐是好女孩（删括号领一条远坂凛同款鸟笼）
[2026-02-22 03:46:23] 南枝难知句: 冷知识，蜜蜂今年没赢过猎鹰
[2026-02-22 03:46:23] Rosie1st: 感觉现在能bo5赢小蜜蜂的只有法尔孔了
[2026-02-22 03:46:24] 用户6235382488: 海啸和🧊先停，想想是谁双标当裱纸发明善意互动和恶意互动的。。。
[2026-02-22 03:46:24] LvvsiN: 南孚一节更比六节强，也就是一节南孚比六节南孚强，六节南孚比三十六节强，三十六节比二百一十六节强
[2026-02-22 03:46:25] 展昭Z: 冷知识，猎鹰今年只输了一场决赛
[2026-02-22 03:46:25] Asaki薯片: 黑豹能把蒙古送进四强真是菜完了，就应该让猎鹰和蒙古打
[2026-02-22 03:46:25] 好哥们黑龙歼灭刀: 海啸和🧊先停，想想是谁双标当裱纸发明善意互动和恶意互动的。。。
[2026-02-22 03:46:25] 笑颜一番黄婷婷: 冷知识，蜜蜂今年没赢过猎鹰
[2026-02-22 03:46:25] ropz的911本人: 冷知识，猎鹰今年还是没有冠军
[2026-02-22 03:46:26] 若叶睦丶Muzimi:  @陨落的星子：冷知识，蜜蜂今年没赢过猎鹰
[2026-02-22 03:46:26] LvvsiN: 弹幕也就网上说说，现实里谁不觉得樱姐是好女孩（删括号领一条远坂凛同款鸟笼）
[2026-02-22 03:46:26] 夏恋: 南孚一节更比六节强，也就是一节南孚比六节南孚强，六节南孚比三十六节强，三十六节比二百一十六节强
[2026-02-22 03:46:26] 用户6235382488: 海啸和🧊先停，想想是谁双标当裱纸发明善意互动和恶意互动的。。。
[2026-02-22 03:46:26] HirasawaaYui: 海啸和🧊先停，想想是谁双标当裱纸发明善意互动和恶意互动的。。。
[2026-02-22 03:46:26] breeze丶凛: @🗿：布院士加油
[2026-02-22 03:46:27] 小救星小杜DuD: 南孚一节更比六节强，也就是一节南孚比六节南孚强，六节南孚比三十六节强，三十六节比二百一十六节强
[2026-02-22 03:46:28] 刘刘的农: 冷知识，蜜蜂今年没赢过猎鹰
[2026-02-22 03:46:28] LvvsiN: 玩宝宝，我发现在大学上学的时候肄业会很舒服，你可以试试
[2026-02-22 03:46:28] dark1337: 冷知识，蜜蜂今年没赢过猎鹰
[2026-02-22 03:46:28] 用户6235382488: 海啸和🧊先停，想想是谁双标当裱纸发明善意互动和恶意互动的。。。
[2026-02-22 03:46:28] 爱被小泉吃的拉面同学:  @陨落的星子：冷知识，蜜蜂今年没赢过猎鹰
[2026-02-22 03:46:29] 草莓冰酪: 冷知识，猎鹰今年只输了一场决赛
[2026-02-22 03:46:30] LvvsiN: 为什么房管封的不能给鱼丸……还以为今天晚上得吃了……
[2026-02-22 03:46:31] 陶芸馝: 感觉现在能bo5赢小蜜蜂的只有法尔孔了
[2026-02-22 03:46:31] 罗湖古天樂: 冷知识：猎鹰24年到现在只有个B级pgl冠军
[2026-02-22 03:46:31] 用户6235382488: 海啸和🧊先停，想想是谁双标当裱纸发明善意互动和恶意互动的。。。
[2026-02-22 03:46:32] 玩龟的神头: 海啸和🧊先停，想想是谁双标当裱纸发明善意互动和恶意互动的。。。
[2026-02-22 03:46:32] 初夏Summer丶Cx: ？
[2026-02-22 03:46:32] LvvsiN: @阿汤日记：一个人，5发子弹，保住格陵兰岛。我不会叫它不可能完成的任务，我现在只想先回家看亦博
[2026-02-22 03:46:32] 西告丶k: 感觉现在能bo5赢小蜜蜂的只有法尔孔了
[2026-02-22 03:46:32] Imupset: 蜜蜂这个状态。。。感觉猎鹰悬了啊。。。nb
[2026-02-22 03:46:32] Meezel: 哦？😮哦？😮哦？😮哦？😮哦？😮哦？😮哦？😮哦？😮哦？😮哦？😮哦？😮哦？😮哦？
[2026-02-22 03:46:33] 阿飞飞啊分: 海啸和🧊先停，想想是谁双标当裱纸发明善意互动和恶意互动的。。。
[2026-02-22 03:46:33] 用户6235382488: 海啸和🧊先停，想想是谁双标当裱纸发明善意互动和恶意互动的。。。
[2026-02-22 03:46:34] Demon916: 冷知识，蜜蜂今年没赢过猎鹰
[2026-02-22 03:46:34] LvvsiN: 我让你开双倍你二龙吗？老子荧光棒要过期了
[2026-02-22 03:46:34] ST骑士: 海啸和🧊先停，想想是谁双标当裱纸发明善意互动和恶意互动的。。。
[2026-02-22 03:46:36] 用户6235382488: 海啸和🧊先停，想想是谁双标当裱纸发明善意互动和恶意互动的。。。
[2026-02-22 03:46:36] LvvsiN: 弹幕别吵了，银行业一样一样有有有也会有h'y'hui't'y'r's'c'dn
[2026-02-22 03:46:36] 蓝枫214: .
[2026-02-22 03:46:37] 00柒7: ？
[2026-02-22 03:46:37] 我要吃炸虾口牙: 海啸和🧊先停，想想是谁双标当裱纸发明善意互动和恶意互动的。。。
[2026-02-22 03:46:38] 用户6235382488: 海啸和🧊先停，想想是谁双标当裱纸发明善意互动和恶意互动的。。。
[2026-02-22 03:46:38] LvvsiN: 孩子们快跑，马修赫伯特来了😨卧槽你的怎么是马枪和BOT
[2026-02-22 03:46:40] Demon916: 冷知识，蜜蜂今年没赢过猎鹰
[2026-02-22 03:46:40] 洞洞载载车车major冠军: 冷知识：猎鹰24年到现在只有个B级pgl冠军
[2026-02-22 03:46:40] LvvsiN: 弹幕也就网上说说，现实里谁不觉得樱姐是好女孩（删括号领一条远坂凛同款鸟笼）
[2026-02-22 03:46:40] 用户6235382488: 海啸和🧊先停，想想是谁双标当裱纸发明善意互动和恶意互动的。。。
[2026-02-22 03:46:42] 拾忆ccccc: 满血给残血卖啊
[2026-02-22 03:46:42] LvvsiN: 其实碗橱就是猪灵，你不拿黄金丢他他就不跟你说话
[2026-02-22 03:46:43] 用户6235382488: 海啸和🧊先停，想想是谁双标当裱纸发明善意互动和恶意互动的。。。
[2026-02-22 03:46:43] 静寂风: ？
[2026-02-22 03:46:44] 玩蛋蛋丶egg: ??
[2026-02-22 03:46:44] Kli0s: ？
[2026-02-22 03:46:44] 吃饱了就想遛鸟: ？
[2026-02-22 03:46:44] 晏华裤子拉链没拉: 其他队伍的冠军粉真让我们猎鹰粉寒心😔
[2026-02-22 03:46:44] 鸭硕的哈撒给: ？
[2026-02-22 03:46:44] myself0725: 挂
[2026-02-22 03:46:44] LvvsiN: 南孚一节更比六节强，也就是一节南孚比六节南孚强，六节南孚比三十六节强，三十六节比二百一十六节强
[2026-02-22 03:46:44] 玩斯特机机: ？？
[2026-02-22 03:46:44] 这里是小天啊: ？
[2026-02-22 03:46:45] 魔男的夜宴: ??
[2026-02-22 03:46:45] 用户3661578: 握草
[2026-02-22 03:46:45] 用户6235382488: 海啸和🧊先停，想想是谁双标当裱纸发明善意互动和恶意互动的。。。
[2026-02-22 03:46:45] Minatocc: 挂
[2026-02-22 03:46:45] 糖嗜综合征: ？
[2026-02-22 03:46:45] 交流分不太够: ？？？？？
[2026-02-22 03:46:45] 机器机器祝你天天开心: ？
[2026-02-22 03:46:45] 他们都叫我用脚: ？
[2026-02-22 03:46:46] 文西67: ？？？
[2026-02-22 03:46:46] 天守阁信长: ?
[2026-02-22 03:46:46] 个人简介Pt2: ？
[2026-02-22 03:46:46] 马楼King张三: ？
[2026-02-22 03:46:46] 橙黄双翼: ？？？？？？？
[2026-02-22 03:46:46] Hzinc: ?
[2026-02-22 03:46:46] Bob小熊君: 炎帝！
[2026-02-22 03:46:46] LvvsiN: 我提一嘴这剧情越来越像上海major了
[2026-02-22 03:46:46] 琴弦之意: 🗿
[2026-02-22 03:46:46] 这里是小天啊: ？？？？？？？？？？？？？？？？？？？？
[2026-02-22 03:46:46] 玩斯特机机: 开了
[2026-02-22 03:46:47] 江本筑原: ？？？？？？？？？？？
[2026-02-22 03:46:47] Asaki薯片: ？
[2026-02-22 03:46:47] 冬瓜不在家偷偷玩机器: 卧槽
[2026-02-22 03:46:47] 呜呜肚肚痛: 其他队伍的冠军粉真让我们猎鹰粉寒心😔
[2026-02-22 03:46:47] Mahuyu: 跳了一下看
[2026-02-22 03:46:47] Konata50235: ？
[2026-02-22 03:46:47] 保护头小头是个DD就好: ？
[2026-02-22 03:46:47] 爱被小泉吃的拉面同学: ？
[2026-02-22 03:46:47] 吃饱了就想遛鸟: wc挂
[2026-02-22 03:46:48] 神奥联盟的竹兰本人: 炎帝
[2026-02-22 03:46:48] gogolz: 牛逼
[2026-02-22 03:46:48] User5092: ☝️🗿☝️🗿☝️🗿☝️🗿☝️🗿☝️🗿☝️🗿☝️🗿☝️🗿☝️🗿☝️🗿☝️🗿
[2026-02-22 03:46:48] 银行业本人: woc
[2026-02-22 03:46:49] ZiggyStardust0100: 包点没人
[2026-02-22 03:46:49] 迪奥雷: 回马搜
[2026-02-22 03:46:49] a19991526: ?
[2026-02-22 03:46:49] 魔男的夜宴: 挂
[2026-02-22 03:46:49] 他们都叫我用脚: 挂
[2026-02-22 03:46:50] 重返30岁的zywoo: ？
[2026-02-22 03:46:50] 风雨晚烟: 挂
[2026-02-22 03:46:50] 用户6235382488: 海啸和🧊先停，想想是谁双标当裱纸发明善意互动和恶意互动的。。。
[2026-02-22 03:46:50] 鹿公爷: 挂
[2026-02-22 03:46:50] P丶ersist丿: 透视！
[2026-02-22 03:46:50] 秋Fc: ？？？
[2026-02-22 03:46:50] 马楼King张三: 这也看啊
[2026-02-22 03:46:50] 箱监大寒焦: ？
[2026-02-22 03:46:51] 紫紫紫彧: ？）
[2026-02-22 03:46:51] 机器机器祝你天天开心: 挂
[2026-02-22 03:46:51] 保定府帅爷: 炎帝
[2026-02-22 03:46:51] 時玳目艮汨: 为什么？
[2026-02-22 03:46:51] ymyyo: ？？？？？？？？？？？？？？？？？？？？
[2026-02-22 03:46:51] 玉蜀黍巧克力: ？
[2026-02-22 03:46:51] 汤汤魔魔mmmmmmmmajor冠军: ？？
[2026-02-22 03:46:51] 洛陽城里看落陽: 一键扫荡
[2026-02-22 03:46:52] 寒枫曳是一头傲空的隼: ？
[2026-02-22 03:46:52] 用户6235382488: 海啸和🧊先停，想想是谁双标当裱纸发明善意互动和恶意互动的。。。
[2026-02-22 03:46:52] 嘤嘤嘤嘤击长空: 透
[2026-02-22 03:46:52] 三千世界鸦杀尽彡: ☝️🗿☝️🗿☝️🗿☝️🗿☝️🗿☝️🗿☝️🗿☝️🗿☝️🗿☝️🗿☝️🗿☝️🗿
[2026-02-22 03:46:52] 小白菜爱萝卜: 载物：大坑还有一个
[2026-02-22 03:46:53] 瘤道仙人: ☝️🗿☝️🗿☝️🗿☝️🗿☝️🗿☝️🗿☝️🗿☝️🗿☝️🗿☝️🗿☝️🗿☝️🗿
[2026-02-22 03:46:53] 没事小子: ☝️🗿☝️🗿☝️🗿☝️🗿☝️🗿☝️🗿☝️🗿☝️🗿☝️🗿☝️🗿☝️🗿☝️🗿
[2026-02-22 03:46:53] 这里是小天啊: 载物：大坑有一个
[2026-02-22 03:46:53] Glew6: 挂
[2026-02-22 03:46:53] 琴弦之意: 🗿 🗿 🗿 🗿 🗿 🗿 🗿 🗿 🗿
[2026-02-22 03:46:53] 在原Nanami: ☝️🗿☝️🗿☝️🗿☝️🗿☝️🗿☝️🗿☝️🗿☝️🗿☝️🗿☝️🗿☝️🗿☝️🗿
[2026-02-22 03:46:53] 暗夜吶: 哦哦哦哦哦哦哦哦哦哦哦
[2026-02-22 03:46:54] 疯狂的小松鼠QAQ: 载物指挥的
[2026-02-22 03:46:54] 绝食十年攒爱top3飞机: 挂
[2026-02-22 03:46:54] 吃烧烤得吃烤茄子: 载物开源
[2026-02-22 03:46:54] 静寂风: 🗿
[2026-02-22 03:46:54] 結城希亞: 🗿☝️🗿☝️🗿☝️🗿☝️🗿☝️🗿☝️🗿☝️🗿☝️🗿☝️
[2026-02-22 03:46:54] 洞洞载载车车major冠军: ☝️🗿☝️🗿☝️🗿☝️🗿☝️🗿☝️🗿☝️🗿☝️🗿☝️🗿☝️🗿☝️🗿☝️🗿
[2026-02-22 03:46:54] 用户6235382488: 海啸和🧊先停，想想是谁双标当裱纸发明善意互动和恶意互动的。。。
[2026-02-22 03:46:54] 大裂谷的登山家: 纪律
[2026-02-22 03:46:55] 最好的小区防守者: 挂
[2026-02-22 03:46:55] 欧阳oyyo: @🗿：我才是研帝！！！哈哈哈！！！
[2026-02-22 03:46:55] 可否叙上一曲: ☝️🗿☝️🗿☝️🗿☝️🗿☝️🗿☝️🗿☝️🗿☝️🗿☝️🗿☝️🗿☝️🗿☝️🗿
[2026-02-22 03:46:55] 细分曲面: 助力研发
[2026-02-22 03:46:55] 丨Connor: 炎帝
[2026-02-22 03:46:56] xcy让我给你赏饭: 不哦也看
[2026-02-22 03:46:56] 皮皮SNAKE: ☝️🗿☝️🗿☝️🗿☝️🗿☝️🗿☝️🗿☝️🗿☝️🗿☝️🗿☝️🗿☝️🗿☝️🗿
[2026-02-22 03:46:56] Hcmor: 载物：大坑有一个
[2026-02-22 03:46:56] 海绵宝宝打野儿: 挂
[2026-02-22 03:46:56] 剑崎梨梨花: ☝️🗿☝️🗿☝️🗿☝️🗿☝️🗿☝️🗿☝️🗿☝️🗿☝️🗿☝️🗿☝️🗿☝️🗿
[2026-02-22 03:46:56] 1泡泡壶茶1: ☝️🗿☝️🗿☝️🗿☝️🗿☝️🗿☝️🗿☝️🗿☝️🗿☝️🗿☝️🗿☝️🗿☝️🗿
[2026-02-22 03:46:56] 古怪的一个人: 载物：大坑还有一个
[2026-02-22 03:46:56] LvvsiN: 为什么房管封的不能给鱼丸……还以为今天晚上得吃了……
[2026-02-22 03:46:57] soul丶兮颜: ☝️🗿☝️🗿☝️🗿☝️🗿☝️🗿☝️🗿☝️🗿☝️🗿☝️🗿☝️🗿☝️🗿☝️🗿
[2026-02-22 03:46:57] fa来ze苦的疯穿箱子: 有挂兄弟们
[2026-02-22 03:46:57] 锤子带明星: @🗿：我才是研帝！！！哈哈哈！！！
[2026-02-22 03:46:57] 无伟契约: 载物指挥的
[2026-02-22 03:46:57] 老白91: 载物：大坑还有一个
[2026-02-22 03:46:57] 咩力羊: 载物：大坑有一个
[2026-02-22 03:46:57] 搞笑男西德尼: 载物：大坑一个
[2026-02-22 03:46:58] 时光划过泪痕桥: 载物：大坑还有一个
[2026-02-22 03:46:58] 跳水女王C罗: ☝️🗿☝️🗿☝️🗿☝️🗿☝️🗿☝️🗿☝️🗿☝️🗿☝️🗿☝️🗿☝️🗿☝️🗿
[2026-02-22 03:46:58] 爱躺赢的载大哥: 回马搜
[2026-02-22 03:46:58] Mortnotz: 载物：大坑有一个
[2026-02-22 03:46:58] 星海羽弦: ☝️🗿☝️🗿☝️🗿☝️🗿☝️🗿☝️🗿☝️🗿☝️🗿☝️🗿☝️🗿☝️🗿☝️🗿
[2026-02-22 03:46:58] 2442861055: 载物：搜一下大坑
[2026-02-22 03:46:58] 全世坠可爱的ZywOo宝宝: 这就是无敌啊
[2026-02-22 03:46:58] 夕ro: 这也看啊
[2026-02-22 03:46:58] 明天就和蕾塞结婚: 载物：别忘了看大坑
[2026-02-22 03:46:59] Hzinc: 演
[2026-02-22 03:46:59] 好哥们汉阳造: ☝️🗿☝️🗿☝️🗿☝️🗿☝️🗿☝️🗿☝️🗿☝️🗿☝️🗿☝️🗿☝️🗿☝️🗿
[2026-02-22 03:46:59] valorant玩机器: ☝️🗿☝️🗿☝️🗿☝️🗿☝️🗿☝️🗿☝️🗿☝️🗿☝️🗿☝️🗿☝️🗿☝️🗿
[2026-02-22 03:46:59] 用户33773449: 玩不玩
[2026-02-22 03:46:59] 重返30岁的zywoo: ☝️🗿☝️🗿☝️🗿☝️🗿☝️🗿☝️🗿☝️🗿☝️🗿☝️🗿☝️🗿☝️🗿☝️🗿
[2026-02-22 03:46:59] I手写的从前I: 载物：大坑有一个
[2026-02-22 03:46:59] N1coZer4: zywoo:大坑有人
[2026-02-22 03:46:59] Vitaliy的ZywOo本人: ☝️🗿☝️🗿☝️🗿☝️🗿☝️🗿☝️🗿☝️🗿☝️🗿☝️🗿☝️🗿☝️🗿☝️🗿
[2026-02-22 03:47:00] 民族英雄大宝剑: ☝️🗿☝️🗿☝️🗿☝️🗿☝️🗿☝️🗿☝️🗿☝️🗿☝️🗿☝️🗿☝️🗿☝️🗿
[2026-02-22 03:47:00] 久慈川、理世: ☝️🗿☝️🗿☝️🗿☝️🗿☝️🗿☝️🗿☝️🗿☝️🗿☝️🗿☝️🗿☝️🗿☝️🗿
[2026-02-22 03:47:00] 腋毛老狗子: 这也看啊
[2026-02-22 03:47:00] EzReal丶1: 载物：大坑有一个
[2026-02-22 03:47:00] vongwu: 载物：大坑有一个
[2026-02-22 03:47:00] 静寂风: @🗿：我才是研帝！！！哈哈哈！！！
[2026-02-22 03:47:00] CFHD玩机器: ☝️🗿☝️🗿☝️🗿☝️🗿☝️🗿☝️🗿☝️🗿☝️🗿☝️🗿☝️🗿☝️🗿☝️🗿
[2026-02-22 03:47:00] zcyhymine: 透视共享
[2026-02-22 03:47:00] 专看玩机器的号: 越勾越搜
[2026-02-22 03:47:01] 久遠寺有珠Alice: 海啸和🧊先停，想想是谁双标当裱纸发明善意互动和恶意互动的。。。
[2026-02-22 03:47:01] 小救星小杜DuD: 载物：大坑还有一个
[2026-02-22 03:47:01] 剑崎梨梨花: 载物：大坑还有一个
[2026-02-22 03:47:01] tracy奇: ☝️🗿☝️🗿☝️🗿☝️🗿☝️🗿☝️🗿☝️🗿☝️🗿☝️🗿☝️🗿☝️🗿☝️🗿
[2026-02-22 03:47:01] Aleksumimi: @zywoo：回头
[2026-02-22 03:47:01] 卧看星河尽意明丶: 这是一个回🐴搜
[2026-02-22 03:47:01] 维布罗斯: 挂
[2026-02-22 03:47:01] Asaki薯片: 载物：大坑有一个
[2026-02-22 03:47:01] 千百度897: 载物：大坑有一个
[2026-02-22 03:47:02] 用户5431385679: 载物：大坑还有一个
[2026-02-22 03:47:02] 祈佑w: 纯纯透视啊
[2026-02-22 03:47:02] 羁绊哟aa: ☝️🗿☝️🗿☝️🗿☝️🗿☝️🗿☝️🗿☝️🗿☝️🗿☝️🗿☝️🗿☝️🗿☝️🗿
[2026-02-22 03:47:02] 废斯特物物: 载物：大坑有一个
[2026-02-22 03:47:02] 骄骄爱吃糖: ☝️🗿☝️🗿☝️🗿☝️🗿☝️🗿☝️🗿☝️🗿☝️🗿☝️🗿☝️🗿☝️🗿☝️🗿
[2026-02-22 03:47:02] Liquid的宫监手本人: 载物：大坑还有一个
[2026-02-22 03:47:02] 忒斯特李逵: 🗿：继续给我研发！
[2026-02-22 03:47:03] 玩斯特机机: 海啸和🧊先停，想想是谁双标当裱纸发明善意互动和恶意互动的。。。
[2026-02-22 03:47:03] 十点差49分: 载物：大坑有一个
[2026-02-22 03:47:03] 毛驴肖汉: 载物：大坑还有一个
[2026-02-22 03:47:03] 玉蜀黍巧克力: 载物：大坑还有一个
[2026-02-22 03:47:03] x椒叔人x: ☝️🗿☝️🗿☝️🗿☝️🗿☝️🗿☝️🗿☝️🗿☝️🗿☝️🗿☝️🗿☝️🗿☝️🗿
[2026-02-22 03:47:03] 茉华jasm: A包点没人所以看了
[2026-02-22 03:47:03] 道之丶: @🗿：帮你研发，不用谢
[2026-02-22 03:47:03] 死神塔的特莉波卡本人: 载物：大坑一个
[2026-02-22 03:47:03] 忽孝山庄: 载物：大坑有一个
[2026-02-22 03:47:03] 初霜prpr: @zywoo：大坑有一个
[2026-02-22 03:47:04] 宫监手放监: ☝️🗿☝️🗿☝️🗿☝️🗿☝️🗿☝️🗿☝️🗿☝️🗿☝️🗿☝️🗿☝️🗿☝️🗿
[2026-02-22 03:47:04] 果小果是个谢彬: 载物：大坑还有一个
[2026-02-22 03:47:04] e830293444: ☝️🗿☝️🗿☝️🗿☝️🗿☝️🗿☝️🗿☝️🗿☝️🗿☝️🗿☝️🗿☝️🗿☝️🗿
[2026-02-22 03:47:04] 老漁服了: ☝️🗿☝️🗿☝️🗿☝️🗿☝️🗿☝️🗿☝️🗿☝️🗿☝️🗿☝️🗿☝️🗿☝️🗿
[2026-02-22 03:47:04] 言羽zzz: 🗿：研发信号响了
[2026-02-22 03:47:04] 用户3661578: 炎帝都要走到蓝车了还回头带
[2026-02-22 03:47:04] 泠鸢不是冷鸢丶: 载物：大坑有一个
[2026-02-22 03:47:04] 喜当爹的高富帅: 亲手帮助大汗研发
[2026-02-22 03:47:04] Re灬琉年惘反: 载物：大坑有一个
[2026-02-22 03:47:05] BigGunSoldier: 载物：大坑一个
[2026-02-22 03:47:05] C9的achine6658本人: 　　　 ☝️🗿☝️🗿☝️🗿☝️🗿☝️🗿☝️🗿☝️🗿☝️🗿☝️🗿☝️
[2026-02-22 03:47:05] 文西67: 载物：大坑有一个
[2026-02-22 03:47:05] 人活着就是为了玩乐队: 载物：大坑有一个
[2026-02-22 03:47:05] Ephem3ra: 海啸和🧊先停，想想是谁双标当裱纸发明善意互动和恶意互动的。。。
[2026-02-22 03:47:05] 天际之光90830: @zywoo：大坑有一个
[2026-02-22 03:47:05] 顾应清: 外挂开源了
[2026-02-22 03:47:06] 不朽的园丁: 载物：大坑还有一个
[2026-02-22 03:47:06] papacarrot: 五个奶嘴里面粉粉最恨的只有donk了。。
[2026-02-22 03:47:06] 飘逸的小沉默: 载物：大坑有一个
[2026-02-22 03:47:06] 载物的艾7: 载物：大坑还有一个
[2026-02-22 03:47:06] 诩中星: 载物：大坑还有一个
[2026-02-22 03:47:06] 不是梧桐丶: 载物：大坑有一个
[2026-02-22 03:47:06] lucky發發發: 躲闪顺带看了
[2026-02-22 03:47:06] f0rest灬: 不哦也看
[2026-02-22 03:47:06] 全世坠可爱的ZywOo宝宝: 王朝！
[2026-02-22 03:47:06] 水下放电11: 不哦也看
[2026-02-22 03:47:07] 狐狸来在此: ZywOo：坑里有人
[2026-02-22 03:47:07] 用户36844654: 载物：大坑还有一个
[2026-02-22 03:47:07] s1hang: ☝️🗿☝️🗿☝️🗿☝️🗿☝️🗿☝️🗿☝️🗿☝️🗿☝️🗿☝️🗿☝️🗿☝️🗿
[2026-02-22 03:47:07] easybeeet: 🗿：继续给我研发！
[2026-02-22 03:47:07] 纯路人屁王真像吴彦祖: 载物：大坑还有一个
[2026-02-22 03:47:07] 玩迩妈丶master: 载物：大坑一个
[2026-02-22 03:47:08] AL1yaaa: 载物：大坑有一个
[2026-02-22 03:47:08] 玩爱音丶Soyorin: 载物：大坑还有一个
[2026-02-22 03:47:08] everch0sen: 海啸和🧊本质都是玩小将 海啸和🧊本质都是玩小将
[2026-02-22 03:47:08] 戒虚肾: ☝️🗿☝️🗿☝️🗿☝️🗿☝️🗿☝️🗿☝️🗿☝️🗿☝️🗿☝️🗿☝️🗿☝️🗿de
[2026-02-22 03:47:08] 爱音铁板双架冒充素世: 载物：大坑还有一个
[2026-02-22 03:47:08] 阿乐v515: @zywoo：flamez大坑里面有一个
[2026-02-22 03:47:09] 车路士的凯赛多本人: ☝️🗿☝️🗿☝️🗿☝️🗿☝️🗿☝️🗿☝️🗿☝️🗿☝️🗿☝️🗿☝️🗿☝️🗿
[2026-02-22 03:47:09] MichaelJackson: 回头就是一巴掌扇死
[2026-02-22 03:47:09] 用户6235382488: 海啸和🧊先停，想想是谁双标当裱纸发明善意互动和恶意互动的。。。
[2026-02-22 03:47:09] 77一定会是我的: @zywoo：🗿看大坑
[2026-02-22 03:47:09] 欧气来我家: 载物：大坑有一个
[2026-02-22 03:47:09] 倒跑的蜗牛: 载物：大坑还有一个
[2026-02-22 03:47:09] 猪头肉鉴赏家: ☝️🗿☝️🗿☝️🗿☝️🗿☝️🗿☝️🗿☝️🗿☝️🗿☝️🗿☝️🗿☝️🗿☝️🗿
[2026-02-22 03:47:09] 这里是小天啊: 载物：大坑有一个
[2026-02-22 03:47:09] 后巷247: 载物：大坑有一个
[2026-02-22 03:47:10] papacarrot: 五个奶嘴里面粉粉最恨的只有donk了。。
[2026-02-22 03:47:10] 关我汤姆什么事: 载物：大坑一个
[2026-02-22 03:47:10] 还有时间日落之前: 载物：大坑有一个
[2026-02-22 03:47:10] 罕见阴暗大铁牛: 载物：大坑有一个
[2026-02-22 03:47:11] 長22222: 只有猎鹰不会看
[2026-02-22 03:47:11] 鲜血与暗影铸造的家伙: 沟通的好啊
[2026-02-22 03:47:11] 小救星小杜DuD: niko指挥的
[2026-02-22 03:47:11] 菠萝王111: 哦的 没意思
[2026-02-22 03:47:11] 2霸好长哦: 🗿：继续给我研发！
[2026-02-22 03:47:11] 召唤255: @Niko: 这没人哦啊？
[2026-02-22 03:47:11] 人活着就是为了玩乐队: ☝️🗿☝️🗿☝️🗿☝️🗿☝️🗿☝️🗿☝️🗿☝️🗿☝️🗿☝️🗿☝️🗿☝️🗿
[2026-02-22 03:47:11] LeoMessi99: 载物：大坑还有一个
[2026-02-22 03:47:12] 车车薯薯major冠军: 载物：大坑一个
[2026-02-22 03:47:12] 灯火灬阑珊处2: 载物：大坑有一个
[2026-02-22 03:47:12] GoodLuck7777: 载物：大坑还有一个
[2026-02-22 03:47:12] 小川阿丶: 载物：大坑有一个
[2026-02-22 03:47:12] 千叶spilx: 载物：大坑还有一个
[2026-02-22 03:47:12] 兔子Usaki: 🗿：我闻到大坑里有研究人员的气味
[2026-02-22 03:47:12] 天际之光90830: @ZYWOO:🗿你回头看一下
[2026-02-22 03:47:12] ahhhhhhhhhhhhhhhhhhh: 载物开透说的
[2026-02-22 03:47:12] 斗鱼用户1175718596: 🗿：不能让布里茨杀人
[2026-02-22 03:47:13] 沉默的猪嘴嘴: ☝️🗿☝️🗿☝️🗿☝️🗿☝️🗿☝️🗿☝️🗿☝️🗿☝️🗿☝️🗿☝️🗿☝️🗿
[2026-02-22 03:47:13] 時玳目艮汨: 载物：大坑一个
[2026-02-22 03:47:13] 治好了也会流口水: 🗿：继续给我研发！
[2026-02-22 03:47:13] 用户5608006019: 载物：大坑有一个
[2026-02-22 03:47:13] 量子毁灭717: 小蜜蜂今年只有一次赛事没进决赛，因为遇到了猎鹰
[2026-02-22 03:47:13] Vitality的羽贺文乃本人: 载物：大坑还有一个
[2026-02-22 03:47:13] 胖胖胖胖胖胖pig: 海啸和🧊先停，想想是谁双标当裱纸发明善意互动和恶意互动的。。。
[2026-02-22 03:47:13] 陌襲: zywooping了
[2026-02-22 03:47:14] 用户2262650671: 载物：大坑有一个
[2026-02-22 03:47:14] 一只红捏捏: 载物：大坑还有一个
[2026-02-22 03:47:14] sghlp: @zywoo：🗿看大坑
[2026-02-22 03:47:14] 零北鸢: 载物：大坑有一个
[2026-02-22 03:47:14] 有一只酱油: 载物：大坑还有一个
[2026-02-22 03:47:14] 薯薯在孩孩洞洞刘农: @载物：哦哦哦哦哦哦
[2026-02-22 03:47:14] 咕咕么么好可爱: 载物：大坑有一个
[2026-02-22 03:47:15] 人活着就是为了玩乐队: ☝️🗿☝️🗿☝️🗿☝️🗿☝️🗿☝️🗿☝️🗿☝️🗿☝️🗿☝️🗿☝️🗿☝️🗿
[2026-02-22 03:47:15] 初心在吗: 载物：大坑还有一个
[2026-02-22 03:47:15] KFC的Broky本人: niko指挥的
[2026-02-22 03:47:15] ZninET9: 载物：大坑还有一个
[2026-02-22 03:47:15] df的护盾电池: ☝️🗿☝️🗿☝️🗿☝️🗿☝️🗿☝️🗿☝️🗿☝️🗿☝️🗿☝️🗿☝️🗿☝️🗿
[2026-02-22 03:47:16] 玩斯特机机: 载物：大坑有一个
[2026-02-22 03:47:16] 北宇治拳王久石奏: 我知道有个队伍永远不回头看
[2026-02-22 03:47:16] 银行业本人: @zywoo的u盘：大坑有人
[2026-02-22 03:47:16] ZywOo的猫: 🗿：blitz不许脱离研发行列
[2026-02-22 03:47:16] 玩台钳丶阿尔托莉雅: 猎鹰一辈子学不会的纪律性
[2026-02-22 03:47:17] 尼尼海海出入平安: @玩机器房管布罗利Broli: 🧊🧊团建又想四十八了？
[2026-02-22 03:47:17] ymyyo: 载物：大坑有一个
[2026-02-22 03:47:17] 静寂风: ☝️🗿☝️🗿☝️🗿☝️🗿☝️🗿☝️🗿☝️🗿☝️🗿☝️🗿☝️🗿☝️🗿☝️🗿
[2026-02-22 03:47:17] 玩大哥我双倍呢: niko指挥的
[2026-02-22 03:47:18] CS解说丰川祥子: 载物：大坑有一个
[2026-02-22 03:47:18] 一叶气瓷郎: 🗿：继续给我研发！
[2026-02-22 03:47:18] 沸物贝利亚大王: 好像跳看地图冒问号了
[2026-02-22 03:47:18] 人活着就是为了玩乐队: ☝️🗿☝️🗿☝️🗿☝️🗿☝️🗿☝️🗿☝️🗿☝️🗿☝️🗿☝️🗿☝️🗿☝️🗿
[2026-02-22 03:47:18] 火猫一哥亦博易勃: 猎鹰的一辈子
[2026-02-22 03:47:18] 夯昆23333: 载物：大坑还有一个
[2026-02-22 03:47:18] 丨Connor: @Niko: 这没人哦啊？
[2026-02-22 03:47:19] 他们都叫我用脚: 载物：大坑有一个
[2026-02-22 03:47:19] 野pig亨利28: 脸色对了
[2026-02-22 03:47:19] AnonTokyo丶: ☝️🗿☝️🗿☝️🗿☝️🗿☝️🗿☝️🗿☝️🗿☝️🗿☝️🗿☝️🗿☝️🗿☝️🗿
[2026-02-22 03:47:19] papacarrot: 五个奶嘴里面粉粉最恨的只有donk了。。
[2026-02-22 03:47:19] VIT的马信赫伯特本人: 载物：大坑一个
[2026-02-22 03:47:19] 维布罗斯: 　　　 载物：大坑还有一个
[2026-02-22 03:47:19] 什么罐头我说男人: 载物：大坑还有一个
[2026-02-22 03:47:19] 好兄弟平湖家猪王: 载物：大坑有框
[2026-02-22 03:47:19] 阿飞飞啊分: 载物：大坑还有一个
[2026-02-22 03:47:19] 东尔431: 载物：大坑有一个
[2026-02-22 03:47:20] 小蜜蜂的长期素食本人: @载物：哦哦哦哦哦哦
[2026-02-22 03:47:20] 卡啊卡卡丶: 原理不哦也看
[2026-02-22 03:47:20] 好姐妹太卜司符玄: 小蜜蜂今年只有一次赛事没进决赛，因为遇到了猎鹰
[2026-02-22 03:47:20] 米兰的魔笛本人: 挂
[2026-02-22 03:47:20] NoNoXxxx: 载物：大坑还有一个
[2026-02-22 03:47:20] 初霜prpr: 🗿：我闻到大坑里有研究人员的气味
[2026-02-22 03:47:20] 若叶睦丶Muzimi: @载物：卧槽你们千万别看大坑里面，里面没人了
[2026-02-22 03:47:20] 羊驼主播: 载物：大坑有一个
[2026-02-22 03:47:21] 用户0220064326: 载物：大坑还有一个
[2026-02-22 03:47:21] 用户3661578: @zywoo：🗿看大坑
[2026-02-22 03:47:21] 那个什么小灰iwnl: 载物：大坑有一个
[2026-02-22 03:47:21] 靠咖啡活命: 载物：大坑有一个
[2026-02-22 03:47:21] Shmiru: @zywoo：🗿看大坑
[2026-02-22 03:47:21] 可否叙上一曲: 面如死灰
[2026-02-22 03:47:22] 共难共难: 载物：大坑有一个，大坑有一个
[2026-02-22 03:47:22] 用户25456139: 载物：大坑一个
[2026-02-22 03:47:22] Asaki薯片: 猎鹰一辈子学不会的纪律性
[2026-02-22 03:47:22] 做米米列: 载物：大坑有一个
[2026-02-22 03:47:23] LvvsiN: @阿汤日记：一个人，5发子弹，保住格陵兰岛。我不会叫它不可能完成的任务，我现在只想先回家看亦博
[2026-02-22 03:47:23] StellarEchoes: 载物：大坑有一个
[2026-02-22 03:47:23] 还有时间日落之前: 哦出来的
[2026-02-22 03:47:23] 杰斌候入长峪城: 这个点还有海啸嘛
[2026-02-22 03:47:24] 驮驮Liii: 载物：大坑有一个
[2026-02-22 03:47:24] Aimyon33: 载圣开源罢了
[2026-02-22 03:47:24] 鸽佬kartoloTG: 载物哦了
[2026-02-22 03:47:24] 熬翔303: 载物：大坑有一个
[2026-02-22 03:47:24] 穷哥们一起杀刀蛆: 🗿：继续给我研发！
[2026-02-22 03:47:25] 黎那汐塔top2尤诺: 载物：大坑还有一个
[2026-02-22 03:47:25] LvvsiN: 弹幕也就网上说说，现实里谁不觉得樱姐是好女孩（删括号领一条远坂凛同款鸟笼）
[2026-02-22 03:47:25] 人活着就是为了玩乐队: 载物：大坑还有一个
[2026-02-22 03:47:25] 菜包家族一号继承人: 载物：大坑还有一个
[2026-02-22 03:47:25] 包包你到底哪里神了: 载物：大坑有一个
[2026-02-22 03:47:25] 玩机器今晚还播吗: 我知道有个队伍永远不回头看
[2026-02-22 03:47:26] 好哥们烈永周: zywoo：ooooo大坑有一个
[2026-02-22 03:47:26] 薯薯在孩孩洞洞刘农: @载物：哦哦哦哦哦哦
[2026-02-22 03:47:26] 殇10876: 我爱她
[2026-02-22 03:47:26] myself0725: @zywoo：🗿看大坑
[2026-02-22 03:47:27] 宫原雪岳: 🗿：亲自助力研发过半
[2026-02-22 03:47:27] LvvsiN: 你屏蔽词都快赶上新华词典了为什么不干脆开一百级发言？
[2026-02-22 03:47:27] 袁雨桢的小酥肉本肉: 载物：大坑有一个
[2026-02-22 03:47:27] vobbbbb: 🗿：blitz不许脱离研发行列
[2026-02-22 03:47:27] 亚历克斯Ming: 猎鹰来早哦了
[2026-02-22 03:47:28] 什么名字都被用了诶: 🗿：我闻到了研发的味道
[2026-02-22 03:47:28] 丨怂毛丨: 载物：大坑还有一个
[2026-02-22 03:47:28] 久遠寺有珠Alice: 海啸和🧊先停，想想是谁双标当裱纸发明善意互动和恶意互动的。。。
[2026-02-22 03:47:28] 折耳兔233: 猎鹰来没人看
[2026-02-22 03:47:28] 干嘛鸭: 载物：大坑有一个
[2026-02-22 03:47:29] RyeHS: 还在狂欢
[2026-02-22 03:47:29] 洞洞载载车车major冠军: @🍠：🗿看大坑
[2026-02-22 03:47:29] 鹿里里里里里: @阿汤日记：一个人，5发子弹，保住格陵兰岛。我不会叫它不可能完成的任务，我现在只想先回家看亦博
[2026-02-22 03:47:29] LvvsiN: 玩宝宝，我发现在大学上学的时候肄业会很舒服，你可以试试
[2026-02-22 03:47:29] 傲娇的芙兰朵露: 能洗
[2026-02-22 03:47:29] zeedber: 载物：大坑有一个
[2026-02-22 03:47:29] 芬达大杯不加冰: 这为啥不是布里茨去勾
[2026-02-22 03:47:29] Hcmor: 载物：大坑还有一个
[2026-02-22 03:47:30] 天际之光90830: 🗿
[2026-02-22 03:47:30] 大裂谷的登山家: @载物：哦哦哦哦哦哦
[2026-02-22 03:47:30] 久遠寺有珠Alice: 海啸和🧊先停，想想是谁双标当裱纸发明善意互动和恶意互动的。。。
[2026-02-22 03:47:30] 尼尼海海出入平安: @玩机器房管布罗利Broli: 🧊🧊团建又想四十八了？
[2026-02-22 03:47:30] 卡啊卡卡丶: 原来不哦也看
[2026-02-22 03:47:31] LvvsiN: 其实碗橱就是猪灵，你不拿黄金丢他他就不跟你说话
[2026-02-22 03:47:31] oblitus17: 载物：大坑有一个
[2026-02-22 03:47:31] 宝贝芙宁娜: 女的
[2026-02-22 03:47:31] Vovxx: 先苦后甜 这就是i18的算力
[2026-02-22 03:47:31] 绝食十年攒爱top3飞机: 载物：大坑有一个
[2026-02-22 03:47:31] i化石-: 🗿：亲自助力研发过半
[2026-02-22 03:47:32] User5092: @🗿：蒙古能在这么艰苦的环境下还有研究员坚持研发，值得尊敬
[2026-02-22 03:47:32] 可达鸭不会游泳: 女的
[2026-02-22 03:47:32] 啊星星66: 载物：大坑有一个
[2026-02-22 03:47:33] Mortnotz: 🗿：继续给我研发！
[2026-02-22 03:47:33] arcticdawn: 🗿：我闻到了研发的味道
[2026-02-22 03:47:33] 熬翔303: 载大哥滴滴了
[2026-02-22 03:47:33] 999绝情殇: @载物：哦哦哦哦哦哦
[2026-02-22 03:47:33] 王梓琦的Ozzz丶: 小蜜蜂今年只有一次赛事没进决赛，因为遇到了猎鹰
[2026-02-22 03:47:33] 歌谷爱墨迹: 🗿：blitz不许脱离研发行列
[2026-02-22 03:47:34] 用户6235382488: 海啸和🧊先停，想想是谁双标当裱纸发明善意互动和恶意互动的。。。
[2026-02-22 03:47:34] 齐静春丶: 载物:大坑一个
[2026-02-22 03:47:34] 驴哈娜: 我爱她
[2026-02-22 03:47:34] 南小鸡丶advent: 这交流牛福炸了
[2026-02-22 03:47:34] 草莓冰酪: 原来不哦也看
[2026-02-22 03:47:34] wjnbsl: 载物：大坑有一个，大坑有一个
[2026-02-22 03:47:34] 很久以前Ty: 其实就是载物透到了
[2026-02-22 03:47:35] 机器我要看老汤: 玩宝宝，我发现在大学上学的时候肄业会很舒服，你可以试试
[2026-02-22 03:47:35] LvvsiN: 孩子们快跑，马修赫伯特来了😨卧槽你的怎么是马枪和BOT
[2026-02-22 03:47:35] Xlin09: 🗿：blitz不许脱离研发行列
[2026-02-22 03:47:35] 暗夜吶: 原来不哦也看
[2026-02-22 03:47:36] 载物的艾7: 商女不知
[2026-02-22 03:47:36] 离婚就看玩机器: 🙄你就看🇷🇺🇫🇷沙二怎么狙吧💥
[2026-02-22 03:47:36] 达达814: 🗿：这才是我真正的科研成果
[2026-02-22 03:47:36] 还有时间日落之前: @载物：哦哦哦哦哦哦
[2026-02-22 03:47:36] 白日梦之主: 🗿：我闻到了研发的味道
[2026-02-22 03:47:36] 石家庄的宠物男孩: 乐观粉丝团
[2026-02-22 03:47:36] N1coZer4: 🗿:收到
[2026-02-22 03:47:36] 诗川: 载物：大坑有一个
[2026-02-22 03:47:37] LvvsiN: 你屏蔽词都快赶上新华词典了为什么不干脆开一百级发言？
[2026-02-22 03:47:37] efsd8: @载物：哦哦哦哦哦哦
[2026-02-22 03:47:38] 神马米洛: i18预测：大坑有人
[2026-02-22 03:47:38] 尼尼海海出入平安: 原来不哦也看
[2026-02-22 03:47:39] 诺坎普0924: 顶级交流
[2026-02-22 03:47:39] LvvsiN: 额，拿亚军我都会，拿亚军，拿季军，拿四强，拿八强，拿十六强，呃拿冠军我不会，然后小组赛淘汰
[2026-02-22 03:47:41] 不再逃避QAQ: 玩宝宝
[2026-02-22 03:47:42] 罗湖古天樂: 一直給这几条蛆镜头闹麻了
[2026-02-22 03:47:42] 替天行道牧苏苏: @载物：哦哦哦哦哦哦 @载物：哦哦哦哦哦哦
[2026-02-22 03:47:42] 忽孝山庄: 🗿：blitz不许脱离研发行列
[2026-02-22 03:47:43] 类人极限Jacklove: 载物：大坑有一个，大坑有一个
[2026-02-22 03:47:43] LvvsiN: 玩 出，我双倍呢？😡😡玩 出，我双倍呢？😡😡玩 出，我双倍呢？😡😡玩 出，我双倍呢？😡
[2026-02-22 03:47:43] 言羽zzz: 👽：用完把手指头还我谢谢
[2026-02-22 03:47:44] Wi1en: 这些蒙古人真的玩cs吗
[2026-02-22 03:47:44] 魔男的夜宴: ？
[2026-02-22 03:47:45] Box强音来袭: @载物：哦哦哦哦哦哦
[2026-02-22 03:47:45] 浮影Fying: 商女不知
[2026-02-22 03:47:45] 这里是小天啊: ？
[2026-02-22 03:47:45] LvvsiN: 为什么房管封的不能给鱼丸……还以为今天晚上得吃了……
[2026-02-22 03:47:45] 是印花啊: 乐观粉丝团喵
[2026-02-22 03:47:45] tracy奇: 猎鹰:这应该是我
[2026-02-22 03:47:46] -breeze143: 差点让他终止研发了
[2026-02-22 03:47:46] 静寂风: ？
[2026-02-22 03:47:46] 汤汤魔魔mmmmmmmmajor冠军: @载物：哦哦哦哦哦哦
[2026-02-22 03:47:46] gulipa8: 🗿：我将亲手操刀布院士的研发
[2026-02-22 03:47:46] 道之丶: @🗿：帮你研发，不用谢
[2026-02-22 03:47:46] C0C00N: 草！结束一小时全站禁言！举报犬说话！
[2026-02-22 03:47:46] 马楼King张三: falcons来三个背身全被偷了
[2026-02-22 03:47:46] 巴甫洛夫的滥犬: 蹦蹦跳跳的好处
[2026-02-22 03:47:47] 用玩大哥的角磨机吧: @zywoo：🗿，装模作样走几步然后猛回头
[2026-02-22 03:47:47] 机器机器祝你天天开心: ？
[2026-02-22 03:47:47] 橙黄双翼: 蒙鼓：什么叫V for vitality？
[2026-02-22 03:47:47] 鸭硕的哈撒给: 过度解读
[2026-02-22 03:47:47] 拉海洛TOP1爱弥斯本人: @载物：哦哦哦哦哦哦 @载物：哦哦哦哦哦哦
[2026-02-22 03:47:47] 个人简介Pt2: 喜欢跳
[2026-02-22 03:47:48] 爱健身的然然然然然: 这蒙古粉丝是蜂美反串吧 都要回家了还这么开心
[2026-02-22 03:47:48] 冰忆晓: 你们老婆
[2026-02-22 03:47:48] ahhhhhhhhhhhhhhhhhhh: 跳起来看到了啊
[2026-02-22 03:47:48] 用户39554172: 为啥这群蒙古人这么开心啊
[2026-02-22 03:47:48] 鲜血与暗影铸造的家伙: 跳看到了
[2026-02-22 03:47:48] Th0tiana: zywoo：我的砖响了 三星 大坑有人
[2026-02-22 03:47:49] gogolz: 感觉决赛又又又扫荡了
[2026-02-22 03:47:49] 没事小子: 闹麻了
[2026-02-22 03:47:49] 小小陆诩: 冷制猎鹰亚军赢过小蜜蜂=major冠军
[2026-02-22 03:47:49] xOcOg: 🗿：感谢载圣开源，这对于科研界是一项重大的贡献
[2026-02-22 03:47:49] 杜王町的吉良吉影本人: ？
[2026-02-22 03:47:49] LvvsiN: 其实碗橱就是猪灵，你不拿黄金丢他他就不跟你说话
[2026-02-22 03:47:49] ymyyo: @载物：哦哦哦哦哦哦
[2026-02-22 03:47:49] 蜜蜂的牧濑红莉栖本人: ?
[2026-02-22 03:47:49] Imupset: 一脚
[2026-02-22 03:47:50] Blupanda: ？？？
[2026-02-22 03:47:50] 钩钩Yooo: 业余
[2026-02-22 03:47:50] 星云天空w: 🗿：我为了创造研发环境付出了太多。。。
[2026-02-22 03:47:51] LvvsiN: 银行业😄银行业😀银行业😃银行业😁银行业😆银行业🤪银行业😝
[2026-02-22 03:47:51] 驴鸽的dota粉: ？
[2026-02-22 03:47:51] 想看老师打黄金赛: 这什么烟
[2026-02-22 03:47:52] Ephem3ra: 去了？
[2026-02-22 03:47:52] 陌襲: 🗿：blitz不许脱离研发行列
[2026-02-22 03:47:52] oWLzki: @载物：哦哦哦哦哦哦
[2026-02-22 03:47:52] 光明貘良: @载物：哦哦哦哦哦哦 @载物：哦哦哦哦哦哦
[2026-02-22 03:47:52] 还有时间日落之前: @载物：哦哦哦哦哦哦
[2026-02-22 03:47:52] 玩机器Machine6657: 🧊🧊还是欠数字了😅
[2026-02-22 03:47:52] 强尼银手VVV: 🗿：blitz不许脱离研发行列
[2026-02-22 03:47:52] 洁身自好处男有为青年: 这不是挂？
[2026-02-22 03:47:52] 石家庄的宠物男孩: 喜欢跳
[2026-02-22 03:47:52] 有志青年不嘻嘻: 喜欢跳
[2026-02-22 03:47:52] 爱你啵啵Midori: 🗿：我将亲手操刀布院士的研发
[2026-02-22 03:47:53] 灯下的影丶: 过度解读
[2026-02-22 03:47:53] 鹿公爷: 跳看到了
[2026-02-22 03:47:53] 紫紫紫彧: 喜欢跳
[2026-02-22 03:47:53] Schnuffels: 闹麻了跳起来了看到了
[2026-02-22 03:47:53] LD丶Ling: 一顿分析
[2026-02-22 03:47:53] suicho: 蒙美是乐观家族的
[2026-02-22 03:47:53] 忍野忍小忍: 只是跳起来看到了吗？
[2026-02-22 03:47:54] 好姐妹太卜司符玄: 草！结束一小时全站禁言！举报犬说话！
[2026-02-22 03:47:54] Xavaio: ？？？
[2026-02-22 03:47:54] ToukaTakanashi: @载物：哦哦哦哦哦哦
[2026-02-22 03:47:54] 小蜜蜂载物本人: 分析半天闹麻了
[2026-02-22 03:47:55] 洛陽城里看落陽: @载物：哦哦哦哦哦哦
[2026-02-22 03:47:55] viovvvvvvvon: @🗿：帮你研发，不用谢
[2026-02-22 03:47:55] 电子厂表演艺术家: @zywoo：🗿，装模作样走几步然后猛回头
[2026-02-22 03:47:55] LvvsiN: 其实碗橱就是猪灵，你不拿黄金丢他他就不跟你说话
[2026-02-22 03:47:55] 用户9921747043: 这对吗
[2026-02-22 03:47:56] JamYo0oung: ？
[2026-02-22 03:47:56] 高松灯扣死千早爱音: 🗿：我为了创造研发环境付出了太多。。。
[2026-02-22 03:47:56] 忒斯特李逵: 🗿：继续给我研发！
[2026-02-22 03:47:56] 洞洞载载车车major冠军: 原来不哦也能看
[2026-02-22 03:47:56] Shintaro: 🗿：我为了创造研发环境付出了太多。。。
[2026-02-22 03:47:56] 玩机爹丶Device: 蹦蹦跳跳
[2026-02-22 03:47:56] 丨Connor: 喜欢跳
[2026-02-22 03:47:56] 四維虫子: 装模作样的
[2026-02-22 03:47:57] LWJTMAC01: 跳起来看到的 哈哈哈哈哈哈哈哈
[2026-02-22 03:47:57] 时团的马嘉祺本人: @载物：哦哦哦哦哦哦
[2026-02-22 03:47:57] 葬送的芙蓉王: 他一直看着呢
[2026-02-22 03:47:57] mujica的长崎素世本人: @zywoo：🗿，装模作样走几步然后猛回头
[2026-02-22 03:47:57] LvvsiN: 弹幕也就网上说说，现实里谁不觉得樱姐是好女孩（删括号领一条远坂凛同款鸟笼）
[2026-02-22 03:47:58] 恶霸周熊: 🇲🇳不支持亚洲队伍的都封了🇲🇳芜湖
[2026-02-22 03:47:58] 用户6235382488: 草！结束一小时全站禁言！举报犬说话！
[2026-02-22 03:47:59] 蜉蝣XwX: 跳着看到了
[2026-02-22 03:47:59] 我真的不太能理解: 🗿：我为了创造研发环境付出了太多。。。
[2026-02-22 03:47:59] 静寂风: @🗿：帮你研发，不用谢
[2026-02-22 03:47:59] 蓝鲸少年与小巷: 🗿：blitz不许脱离研发行列
[2026-02-22 03:47:59] 糖嗜综合征: 可爱捏
[2026-02-22 03:47:59] LvvsiN: 我提一嘴这剧情越来越像上海major了
[2026-02-22 03:47:59] 夕ro: 跳起来看到个头
[2026-02-22 03:48:00] 汤汤魔魔mmmmmmmmajor冠军: 🗿：blitz不许脱离研发行列
[2026-02-22 03:48:00] ymyyo: @zywoo：🗿，装模作样走几步然后猛回头
[2026-02-22 03:48:00] xcy让我给你赏饭: 我感觉他就是乱跳然后看到了
[2026-02-22 03:48:00] 银眼狮子王酱: 跳看说是
[2026-02-22 03:48:00] CuSO4Cola: A➗
[2026-02-22 03:48:00] 杨幂夸我帅: 过度解读
[2026-02-22 03:48:00] 阳光下草地上的小花: 走路蹦蹦跳跳、
[2026-02-22 03:48:00] 风雨晚烟: 莫名其妙跳一下
[2026-02-22 03:48:00] RocketTheRaccoon: 🗿：blitz不许脱离研发行列
[2026-02-22 03:48:00] 用玩大哥的角磨机吧: 🗿：我为了创造研发环境付出了太多。。。
[2026-02-22 03:48:00] xieri: 跳是对的
[2026-02-22 03:48:01] 宫监手放监:  @玩机器Machine6657：🧊🧊还是欠数字了😅
[2026-02-22 03:48:01] 双刀牛TMac: 多动症跳一下看到了，这多动症真有用吧
[2026-02-22 03:48:01] LvvsiN: 我提一嘴这剧情越来越像上海major了
[2026-02-22 03:48:02] 菜星冲冲冲: @载物：哦哦哦哦哦哦
[2026-02-22 03:48:02] 我改名还不行吗给我中: 猛跳
[2026-02-22 03:48:02] stavn小天使: 🗿：我将亲手操刀布院士的研发
[2026-02-22 03:48:02] 汤汤魔魔mmmmmmmmajor冠军: 🗿：blitz不许脱离研发行列
[2026-02-22 03:48:02] 我永远喜欢隐刀蚂蚁: @载物：哦哦哦哦哦哦
[2026-02-22 03:48:02] 999绝情殇: 看到头皮了
[2026-02-22 03:48:02] onXplanet:  @玩机器Machine6657：🧊🧊还是欠数字了😅
[2026-02-22 03:48:02] 鮰黩嬷: 蹦蹦跳跳把人杀了
[2026-02-22 03:48:02] Mortnotz: 原来不哦也能看
[2026-02-22 03:48:02] 一刀一个啵啵怪: 你看 就是躲闪加喜欢跳 巧合了
[2026-02-22 03:48:02] 好姐妹索菲亚: 可爱捏
[2026-02-22 03:48:03] 阿飞飞啊分: 🗿：我为了创造研发环境付出了太多。。。
[2026-02-22 03:48:03] 这里是小天啊: 最爱跳之人
[2026-02-22 03:48:03] 工藤里没静香了: 🅵🆄🅲🅺 🆈🅞🆄 🆆🅹🆀
[2026-02-22 03:48:03] 碧蓝航线丶AzurLane: 草！结束一小时全站禁言！举报犬说话！
[2026-02-22 03:48:03] 魔男的夜宴: @zywoo：🗿，装模作样走几步然后猛回头
[2026-02-22 03:48:03] 离婚就看玩机器: 🙄你就看🇷🇺沙二怎么狙吧💥
[2026-02-22 03:48:04] 暗夜吶: 　　　 @载物：哦哦哦哦哦哦
[2026-02-22 03:48:04] 好哥们黑龙歼灭刀: @玩机器Machine6657：🧊🧊还是欠数字了😅
[2026-02-22 03:48:04] 汤汤魔魔mmmmmmmmajor冠军: 🗿：blitz不许脱离研发行列
[2026-02-22 03:48:04] Aleksumimi: @🗿：大汗，我来助你研发
[2026-02-22 03:48:04] Minatocc: @🗿：帮你研发，不用谢
[2026-02-22 03:48:04] 罕见阴暗大铁牛: @载物：哦哦哦哦哦哦
[2026-02-22 03:48:05] 忍野忍小忍: 🗿：blitz不许脱离研发行列
[2026-02-22 03:48:05] LvvsiN: 为什么房管封的不能给鱼丸……还以为今天晚上得吃了……
[2026-02-22 03:48:05] arcticdawn: 🗿：我为了创造研发环境付出了太多。。。
[2026-02-22 03:48:06] wedd1ddeJodd: 闹麻了跳起来了看到了
[2026-02-22 03:48:06] 没事小子: 多动症跳一下看到了，这多动症真有用吧
[2026-02-22 03:48:06] 钟意你好多年: @🗿：脑子的芯片突然传来一声大坑有一个
[2026-02-22 03:48:06] 午时丿已到: 🗿：我为了创造研发环境付出了太多。。。
[2026-02-22 03:48:06] 康托尔74920: 草！结束一小时全站禁言！举报犬说话！
[2026-02-22 03:48:06] 仁杏chan: @🗿：帮你研发，不用谢
[2026-02-22 03:48:06] 汤汤魔魔mmmmmmmmajor冠军: 我提一嘴这剧情越来越像上海major了
[2026-02-22 03:48:07] 玩龟的神头: 草！结束一小时全站禁言！举报犬说话！
[2026-02-22 03:48:07] 毛驴肖汉: @载物：哦哦哦哦哦哦
[2026-02-22 03:48:07] df的护盾电池: @载物：哦哦哦哦哦哦
[2026-02-22 03:48:07] LvvsiN: 银行业😄银行业😀银行业😃银行业😁银行业😆银行业🤪银行业😝
[2026-02-22 03:48:07] 沸物贝利亚大王: 🗿：我为了创造研发环境付出了太多。。。
[2026-02-22 03:48:08] Pioneer893: 🗿：我为了创造研发环境付出了太多。。。
[2026-02-22 03:48:08] P丶ersist丿: 草！结束一小时全站禁言！举报犬说话！
[2026-02-22 03:48:08] Jaindow: 🗿：blitz不许脱离研发行列
[2026-02-22 03:48:08] xhwspdd: 多动症跳一下看到了，这多动症真有用吧
[2026-02-22 03:48:08] Schnuffels: 太喜欢跳的好处
[2026-02-22 03:48:08] 結城希亞: 🗿：我为了创造研发环境付出了太多。。。
[2026-02-22 03:48:08] 羊羊羊羊羊羊羊驼丶: Apex:蹦蹦跳跳有没有用？
[2026-02-22 03:48:08] 烤冷面枪男jks: 可爱捏
[2026-02-22 03:48:08] 皮皮SNAKE: @zywoo：🗿，装模作样走几步然后猛回头
[2026-02-22 03:48:09] 有志青年不嘻嘻: 跳是对的
[2026-02-22 03:48:09] Peko-: 草！结束一小时全站禁言！举报犬说话！
[2026-02-22 03:48:09] 用玩大哥的角磨机吧: @zywoo：🗿，装模作样走几步然后猛回头
[2026-02-22 03:48:09] ahhhhhhhhhhhhhhhhhhh: 原来是跳起来看到头了
[2026-02-22 03:48:09] 暗月流风: 视角一直就没离开大坑
[2026-02-22 03:48:09] 小橙子橙99999: @🗿：大汗，我来助你研发
[2026-02-22 03:48:09] 大裂谷的登山家: @ZywOo：观众不哦我来哦，哦哦哦哦哦哦
[2026-02-22 03:48:09] Asaki薯片: @🗿：脑子的芯片突然传来一声大坑有一个
[2026-02-22 03:48:09] LvvsiN: 我让你开双倍你二龙吗？老子荧光棒要过期了
[2026-02-22 03:48:10] 梅林老公: @载物：哦哦哦哦哦哦
[2026-02-22 03:48:10] 我730730730: @载物：哦哦哦哦哦哦
[2026-02-22 03:48:10] 喵蹄丝: 🗿：blitz不许脱离研发行列
[2026-02-22 03:48:10] LemonadeFactory的ena本人: 研帝帮你研发
[2026-02-22 03:48:10] 果内: 🗿：blitz不许脱离研发行列
[2026-02-22 03:48:11] 搞笑男西德尼: 🗿：blitz不许脱离研发行列
[2026-02-22 03:48:11] 人活着就是为了玩乐队: i9
[2026-02-22 03:48:11] everch0sen: 海啸和🧊本质都是玩小将 海啸和🧊本质都是玩小将
[2026-02-22 03:48:11] 大梦464: 🗿：我为了创造研发环境付出了太多。。。
[2026-02-22 03:48:11] 网瘾少年诺里斯: 草！结束一小时全站禁言！举报犬说话！
[2026-02-22 03:48:11] 想看老师打黄金赛: @载物：哦哦哦哦哦哦
[2026-02-22 03:48:12] 是印花啊: @zywoo：🗿，装模作样走几步然后猛回头喵
[2026-02-22 03:48:12] 瑭珏: @载物：哦哦哦哦哦哦
[2026-02-22 03:48:12] 三零一路公交司机: 🗿：我为了创造研发环境付出了太多。。。
[2026-02-22 03:48:12] 玩刘农device: 蹦蹦跳跳看到人了说是
[2026-02-22 03:48:12] 锤子带明星: @🗿：帮你研发，不用谢
[2026-02-22 03:48:13] MeIoN39: 草！结束一小时全站禁言！举报犬说话！
[2026-02-22 03:48:13] 用户8044227198: 🗿：我为了创造研发环境付出了太多。。。
[2026-02-22 03:48:13] 沉默的猪嘴嘴: 🗿：我为了创造研发环境付出了太多。。。
[2026-02-22 03:48:13] 蜜蜂的牧濑红莉栖本人: 海参:是我在观众席里哦的
[2026-02-22 03:48:13] carry4pizza: 草！结束一小时全站禁言！举报犬说话！
[2026-02-22 03:48:14] 用玩大哥的角磨机吧:  @康托尔74920：草！结束一小时全站禁言！举报犬说话！
[2026-02-22 03:48:14] 玩爱音丶Soyorin: 🗿：blitz不许脱离研发行列
[2026-02-22 03:48:15] sjtu的musketeers本人: 跳就是觉得有人，不是乱跳
[2026-02-22 03:48:15] wedd1ddeJodd: 🗿：blitz不许脱离研发行列
[2026-02-22 03:48:15] 诶丶你还好吗: 吹风机玩家
[2026-02-22 03:48:15] 云楼汐: 🗿：blitz不许脱离研发行列
[2026-02-22 03:48:15] VioletEvegaden丶: @🗿：帮你研发，不用谢
[2026-02-22 03:48:15] Him想要努力变胖: 🗿：blitz不许脱离研发行列
[2026-02-22 03:48:15] 玩机器的共享大鸟: 🗿：blitz不许脱离研发行列
[2026-02-22 03:48:16] 汤汤魔魔mmmmmmmmajor冠军: @zywoo：🗿，装模作样走几步然后猛回头
[2026-02-22 03:48:16] LvvsiN: 弹幕别吵了，银行业一样一样有有有也会有h'y'hui't'y'r's'c'dn
[2026-02-22 03:48:16] JamYo0oung: @载物：哦哦哦哦哦哦
[2026-02-22 03:48:16] 总监的教练: 草！结束一小时全站禁言！举报犬说话！
[2026-02-22 03:48:16] wjnbsl: 🗿：blitz不许脱离研发行列
[2026-02-22 03:48:16] NeveroveR1: 怎么样，我吊不吊，这波是不是我，啊？
[2026-02-22 03:48:16] 好姐妹索菲亚: 草！结束一小时全站禁言！举报犬说话！
[2026-02-22 03:48:17] XbOvO: @🗿：帮你研发，不用谢
[2026-02-22 03:48:17] 死神塔的特莉波卡本人: 草！结束一小时全站禁言！举报犬说话！
[2026-02-22 03:48:17] 重返30岁的zywoo: @🗿：帮你研发，不用谢
[2026-02-22 03:48:18] 摆烂小we: 其实载物哦了
[2026-02-22 03:48:18] LvvsiN: 弹幕也就网上说说，现实里谁不觉得樱姐是好女孩（删括号领一条远坂凛同款鸟笼）
[2026-02-22 03:48:18] 殇10876: 草！结束一小时全站禁言！举报犬说话！
[2026-02-22 03:48:18] suicho: 不哦也看？严查！
[2026-02-22 03:48:18] sghlp: 草！结束一小时全站禁言！举报犬说话！
[2026-02-22 03:48:18] 喵蹄丝: @🗿：大汗，我来助你研发
[2026-02-22 03:48:18] 林有为丶: 🗿：blitz不许脱离研发行列
[2026-02-22 03:48:18] 没有真名233: @zywoo：🗿，装模作样走几步然后猛回头
[2026-02-22 03:48:19] 乔植ovo: 🗿：我就是喜欢蹦蹦跳跳
[2026-02-22 03:48:19] rem3dy: 装模作样赞美，一会又把🚽当载物呕吐🤮
[2026-02-22 03:48:19] EDG的皮特174本人: 🗿：blitz不许脱离研发行列
[2026-02-22 03:48:19] 我730730730: 草！结束一小时全站禁言！举报犬说话！
[2026-02-22 03:48:19] 范廷秀: 草！结束一小时全站禁言！举报犬说话！
[2026-02-22 03:48:19] 斗鱼用户1175718596: 🗿：我为了创造研发环境付出了太多。。。
[2026-02-22 03:48:20] 逃离灰色地带: @🗿：帮你研发，不用谢
[2026-02-22 03:48:20] LvvsiN: 我提一嘴这剧情越来越像上海major了
[2026-02-22 03:48:20] 光明貘良: 原来不哦也有搜点架点的吗，这对我的世界观冲击太大了
[2026-02-22 03:48:20] a队的丰川祥子: 草！结束一小时全站禁言！举报犬说话！
[2026-02-22 03:48:20] 玩机器Machine6657: 草！结束一小时全站禁言！举报犬说话！
[2026-02-22 03:48:21] 离婚就看玩机器: 🙄你就看🇷🇺沙二怎么狙吧💥
[2026-02-22 03:48:21] 小韩想要个对象: 🗿：blitz不许脱离研发行列
[2026-02-22 03:48:21] 青闽: 🗿：blitz不许脱离研发行列
[2026-02-22 03:48:22] LvvsiN: 其实碗橱就是猪灵，你不拿黄金丢他他就不跟你说话
[2026-02-22 03:48:22] 蓝星的floppy本人: 草！结束一小时全站禁言！举报犬说话！
[2026-02-22 03:48:22] 用户6235382488: 草！结束一小时全站禁言！举报犬说话！
[2026-02-22 03:48:23] 汤汤魔魔mmmmmmmmajor冠军: 海参:是我在观众席里哦的
[2026-02-22 03:48:23] 剑崎梨梨花: 草！结束一小时全站禁言！举报犬说话！
[2026-02-22 03:48:24] 玩口器Mouth: 草！结束一小时全站禁言！举报犬说话！
[2026-02-22 03:48:24] LvvsiN: 我提一嘴这剧情越来越像上海major了
[2026-02-22 03:48:24] 时团的马嘉祺本人: 草！结束一小时全站禁言！举报犬说话！
[2026-02-22 03:48:25] 是印花啊: 🗿：blitz不许脱离研发行列喵
[2026-02-22 03:48:25] 丰川祥子口三角初华: 草！结束一小时全站禁言！举报犬说话！
[2026-02-22 03:48:25] 甘织玲奈子本人: 草！结束一小时全站禁言！举报犬说话！
[2026-02-22 03:48:26] LvvsiN: 你屏蔽词都快赶上新华词典了为什么不干脆开一百级发言？
[2026-02-22 03:48:26] 欧气来我家: 有人在偷偷研发有人管管么
[2026-02-22 03:48:27] 用蜡烛蹭玩机器的魔丸: 🗿：助力蒙古芯片自研
[2026-02-22 03:48:27] 光明貘良: 草！结束一小时全站禁言！举报犬说话！
[2026-02-22 03:48:28] LvvsiN: 银行业😄银行业😀银行业😃银行业😁银行业😆银行业🤪银行业😝
[2026-02-22 03:48:28] 屁男人柱力AICU: 草！结束一小时全站禁言！举报犬说话！
[2026-02-22 03:48:28] wsxj131: 🗿：兄弟们我们现在要猛杀大汉然后不赢
[2026-02-22 03:48:28] 锤子带明星: 草！结束一小时全站禁言！举报犬说话！
[2026-02-22 03:48:28] 我要吃炸虾口牙: 草！结束一小时全站禁言！举报犬说话！
[2026-02-22 03:48:29] Kacyusha: 草！结束一小时全站禁言！举报犬说话！
[2026-02-22 03:48:29] 落叶悠哉落: 草！结束一小时全站禁言！举报犬说话！
[2026-02-22 03:48:29] viovvvvvvvon: 草！结束一小时全站禁言！举报犬说话！
[2026-02-22 03:48:29] Q1ed7f9c85b3bc7571: 草！结束一小时全站禁言！举报犬说话！
[2026-02-22 03:48:30] LvvsiN: 你屏蔽词都快赶上新华词典了为什么不干脆开一百级发言？
[2026-02-22 03:48:30] 这里是小天啊: 草！结束一小时全站禁言！举报犬说话！
[2026-02-22 03:48:30] musherzin: 草！结束一小时全站禁言！举报犬说话！
[2026-02-22 03:48:31] 千早爱音的豆豆: 草！结束一小时全站禁言！举报犬说话！
[2026-02-22 03:48:32] LvvsiN: 玩 出，我双倍呢？😡😡玩 出，我双倍呢？😡😡玩 出，我双倍呢？😡😡玩 出，我双倍呢？😡
[2026-02-22 03:48:32] 太行山积雪: 草！结束一小时全站禁言！举报犬说话！
[2026-02-22 03:48:34] LvvsiN: 我让你开双倍你二龙吗？老子荧光棒要过期了
[2026-02-22 03:48:34] xuzVan: 🧊🧊还是欠布罗利了😅
[2026-02-22 03:48:35] Oawm98k: 🗿：助力蒙古芯片自研
[2026-02-22 03:48:35] 玩浓汤丶Soup: 草！结束一小时全站禁言！举报犬说话！
[2026-02-22 03:48:35] 楞鸽鸽: @zywoo：flamez你演像点，等下我被封了
[2026-02-22 03:48:36] LvvsiN: 银行业😄银行业😀银行业😃银行业😁银行业😆银行业🤪银行业😝
[2026-02-22 03:48:36] 夏恋: 草！结束一小时全站禁言！举报犬说话！
[2026-02-22 03:48:36] 南燕swallow: 草！结束一小时全站禁言！举报犬说话！
[2026-02-22 03:48:36] 是印花啊: 草！结束一小时全站禁言！举报犬说话！喵
[2026-02-22 03:48:37] 好姐妹芙卡洛斯: i10
[2026-02-22 03:48:37] 驾驶手套雪豹: 草！结束一小时全站禁言！举报犬说话！
[2026-02-22 03:48:37] 六星近卫丰川祥子: I10
[2026-02-22 03:48:37] 道之丶: @🗿：帮你研发，不用谢
[2026-02-22 03:48:38] 想看老师打黄金赛: ？
[2026-02-22 03:48:38] User5092: ☝️🗿☝️🗿☝️🗿☝️🗿☝️🗿☝️🗿☝️🗿☝️🗿☝️🗿☝️🗿☝️🗿☝️🗿
[2026-02-22 03:48:38] 帅到没朋友l1: 草！结束一小时全站禁言！举报犬说话！
[2026-02-22 03:48:38] LvvsiN: @阿汤日记：一个人，5发子弹，保住格陵兰岛。我不会叫它不可能完成的任务，我现在只想先回家看亦博
[2026-02-22 03:48:38] 小蜜蜂的长期素食本人: 点 死
[2026-02-22 03:48:39] 关我汤姆什么事: i10
[2026-02-22 03:48:40] everch0sen: 🧊🧊还是欠布罗利了😅
[2026-02-22 03:48:40] LvvsiN: 弹幕也就网上说说，现实里谁不觉得樱姐是好女孩（删括号领一条远坂凛同款鸟笼）
[2026-02-22 03:48:40] 橙黄双翼: 狗 洞
[2026-02-22 03:48:40] 用户3661578: 睡觉了
[2026-02-22 03:48:40] 寂寞杀猪佬: gg
[2026-02-22 03:48:41] 吻火之莺: 我提一嘴这剧情越来越像上海major了
[2026-02-22 03:48:41] 没有故事的Pluto: 点 死
[2026-02-22 03:48:41] 楞鸽鸽: @zywoo：flamez你演像点，等下我被封了
[2026-02-22 03:48:42] 死神塔的特莉波卡本人: 点 死
[2026-02-22 03:48:42] 宫监手放监: @🗿：帮你研发，不用谢
[2026-02-22 03:48:42] 尼尼海海出入平安: 草！结束一小时全站禁言！举报犬说话！
[2026-02-22 03:48:42] LvvsiN: 玩 出，我双倍呢？😡😡玩 出，我双倍呢？😡😡玩 出，我双倍呢？😡😡玩 出，我双倍呢？😡
[2026-02-22 03:48:42] gogolz: 越没血越强
[2026-02-22 03:48:42] 袁雨桢的小酥肉本肉: @🗿：帮你研发，不用谢
[2026-02-22 03:48:43] 好姐妹一色伊吕波: 🗿：助力蒙古芯片自研
[2026-02-22 03:48:43] JuL1us: 狗 洞
[2026-02-22 03:48:43] 大裂谷的登山家: @zywoo：flamez你演像点，等下我被封了
[2026-02-22 03:48:43] 玩斯特机机: 点 死
[2026-02-22 03:48:43] Shintaro: gg
[2026-02-22 03:48:44] 拔作岛的糺jiu川礼本人: 银行业😄银行业😀银行业😃银行业😁银行业😆银行业🤪银行业😝
[2026-02-22 03:48:44] 用户5608006019: 🗿：助力蒙古芯片自研
[2026-02-22 03:48:44] 撒浪嘿呦0v0: 狗 洞
[2026-02-22 03:48:44] LvvsiN: 其实碗橱就是猪灵，你不拿黄金丢他他就不跟你说话
[2026-02-22 03:48:44] 机器机器祝你天天开心: gg
[2026-02-22 03:48:44] 好兄弟鲁迪乌斯: ☝️🗿☝️🗿☝️🗿☝️🗿☝️🗿☝️🗿☝️🗿☝️🗿☝️🗿☝️🗿☝️🗿☝️🗿
[2026-02-22 03:48:45] 有你便是世界1: gg
[2026-02-22 03:48:45] XXXTentacion77777: ☝️🗿☝️🗿☝️🗿☝️🗿☝️🗿☝️🗿☝️🗿☝️🗿☝️🗿☝️🗿☝️🗿☝️🗿
[2026-02-22 03:48:45] 银行业本人: gg
[2026-02-22 03:48:45] 是印花啊: ☝️🗿☝️🗿☝️🗿☝️🗿☝️🗿☝️🗿☝️🗿☝️🗿☝️🗿☝️🗿☝️🗿☝️🗿喵
[2026-02-22 03:48:45] 一叶气瓷郎: ？
[2026-02-22 03:48:45] 用户8856581433: 🧊🧊还是欠布罗利了😅
[2026-02-22 03:48:45] 埃斯波西托200W: 🧊🧊还是欠布罗利了😅
[2026-02-22 03:48:46] 否要面孔: 我不能说话了吗，不敢相信
[2026-02-22 03:48:46] 石家庄的宠物男孩: gg
[2026-02-22 03:48:46] 2442861055: 有格调
[2026-02-22 03:48:46] 钟意你好多年: 一脚
[2026-02-22 03:48:46] LvvsiN: 弹幕也就网上说说，现实里谁不觉得樱姐是好女孩（删括号领一条远坂凛同款鸟笼）
[2026-02-22 03:48:46] 逢时丶Yoho: 草！结束一小时全站禁言！举报犬说话！喵
[2026-02-22 03:48:46] 小小小蕉: @🗿：帮你研发，不用谢
[2026-02-22 03:48:46] niivcyk: 草！结束一小时全站禁言！举报犬说话！
[2026-02-22 03:48:47] 弱智骚年欢乐多: @🗿：帮你研发，不用谢
[2026-02-22 03:48:47] Hcmor: @zywoo：flamez你演像点，等下我被封了
[2026-02-22 03:48:47] Asaki薯片: 点 死
[2026-02-22 03:48:47] 夏恋: 点 死 狗 洞
[2026-02-22 03:48:47] wedd1ddeJodd: 弹幕也就网上说说，现实里谁不觉得樱姐是好女孩（删括号领一条远坂凛同款鸟笼）
[2026-02-22 03:48:47] 洛琪希世界第一可爱: @🗿：帮你研发，不用谢
[2026-02-22 03:48:47] jsir6688: @zywoo：flamez你演像点，等下我被封了
[2026-02-22 03:48:47] Aix的left本人: 草！结束一小时全站禁言！举报犬说话！
[2026-02-22 03:48:47] 绝食十年攒爱top3飞机: @🗿：帮你研发，不用谢
[2026-02-22 03:48:48] Re灬琉年惘反: 🗿：助力蒙古芯片自研
[2026-02-22 03:48:48] 偷苹果的小安妮: 狗 洞
[2026-02-22 03:48:48] 我是墩墩军: 说法在哪
[2026-02-22 03:48:48] LWJTMAC01: gg
[2026-02-22 03:48:48] 神奥联盟的竹兰本人: gg
[2026-02-22 03:48:48] soul丶兮颜: 点 死
[2026-02-22 03:48:48] 静寂风: ☝️🗿☝️🗿☝️🗿☝️🗿☝️🗿☝️🗿☝️🗿☝️🗿☝️🗿☝️🗿☝️🗿☝️🗿喵
[2026-02-22 03:48:48] 暗月舞魂殇: apex这么来劲
[2026-02-22 03:48:48] 文西67: ☝️🗿☝️🗿☝️🗿☝️🗿☝️🗿☝️🗿☝️🗿☝️🗿☝️🗿☝️🗿☝️🗿☝️🗿
[2026-02-22 03:48:48] 空有无垠: @zywoo：flamez你演像点，等下我被封了
[2026-02-22 03:48:48] 永永远远449: ☝️🗿☝️🗿☝️🗿☝️🗿☝️🗿☝️🗿☝️🗿☝️🗿☝️🗿☝️🗿☝️🗿☝️🗿喵
[2026-02-22 03:48:49] 琴弦之意: 这🐕洞
[2026-02-22 03:48:49] 野pig亨利28: 点 死
[2026-02-22 03:48:49] 玉蜀黍巧克力: ☝️🗿☝️🗿☝️🗿☝️🗿☝️🗿☝️🗿☝️🗿☝️🗿☝️🗿☝️🗿☝️🗿☝️🗿喵
[2026-02-22 03:48:49] Aleksumimi: i10
[2026-02-22 03:48:49] 一拳打爆你魔丸: 🧊🧊还是欠布罗利了😅
[2026-02-22 03:48:50] JOhNsoN兆: 点 死
[2026-02-22 03:48:50] 玩台钳丶阿尔托莉雅: 🧊🧊还是欠布罗利了😅
[2026-02-22 03:48:50] 宫保鸡丁陈大仙: Gg
[2026-02-22 03:48:50] 撒浪嘿呦0v0: 🧊🧊还是欠布罗利了😅
[2026-02-22 03:48:50] 奈亚亚亚亚亚: 狗 洞
[2026-02-22 03:48:51] 太行山积雪: ☝️🗿☝️🗿☝️🗿☝️🗿☝️🗿☝️🗿☝️🗿☝️🗿☝️🗿☝️🗿☝️🗿☝️🗿
[2026-02-22 03:48:51] fx战士久留美: ☝️🗿☝️🗿☝️🗿☝️🗿☝️🗿☝️🗿☝️🗿☝️🗿☝️🗿☝️🗿☝️🗿☝️🗿
[2026-02-22 03:48:51] 喷香的臭臭泥: 🗿：助力蒙古芯片自研
[2026-02-22 03:48:51] 所以我又晕了: 草！结束一小时全站禁言！举报犬说话！
[2026-02-22 03:48:51] 寒枫曳是一头傲空的隼: 🗿：助力蒙古芯片自研
[2026-02-22 03:48:52] -小佐内由纪-: @🗿：是我杀的太多了没人发现布里茨都i10了吗？
[2026-02-22 03:48:52] 治好了也会流口水: 草！结束一小时全站禁言！举报犬说话！
[2026-02-22 03:48:52] 玩刘农device: ☝️🗿☝️🗿☝️🗿☝️🗿☝️🗿☝️🗿☝️🗿☝️🗿☝️🗿☝️🗿☝️🗿☝️🗿喵
[2026-02-22 03:48:52] 替天行道牧苏苏: 说到底还是欠布罗利了😅说到底还是欠布罗利了😅说到底还是欠布罗
[2026-02-22 03:48:52] 你敢看死蜜蜂就杀了你: 海考不睡在这看最恨的人晋级，你不难受吗？睡觉去吧。
[2026-02-22 03:48:52] 碳酸酱: 草！结束一小时全站禁言！举报犬说话！
[2026-02-22 03:48:52] LvvsiN: 弹幕别吵了，银行业一样一样有有有也会有h'y'hui't'y'r's'c'dn
[2026-02-22 03:48:53] 玩小鸟丶Kotori: 狗v洞
[2026-02-22 03:48:53] Falwlecs: ☝️🗿☝️🗿☝️🗿☝️🗿☝️🗿☝️🗿☝️🗿☝️🗿☝️🗿☝️🗿☝️🗿☝️🗿
[2026-02-22 03:48:53] SherryAiovo: 载物30个MVP了
[2026-02-22 03:48:53] 橙黄双翼: 同时取悦三个女性
[2026-02-22 03:48:53] 玩大哥我双倍呢: 草！结束一小时全站禁言！举报犬说话！
[2026-02-22 03:48:54] JuL1us: 🗿：助力蒙古芯片自研
[2026-02-22 03:48:54] 我的我的sorry: 睡觉了😪
[2026-02-22 03:48:54] 子夜丷花开: 全是数值
[2026-02-22 03:48:54] 冲上云霄的姨: 🧊🧊还是欠布罗利了😅
[2026-02-22 03:48:54] 人活着就是为了玩乐队: ☝️🗿☝️🗿☝️🗿☝️🗿☝️🗿☝️🗿☝️🗿☝️🗿☝️🗿☝️🗿☝️🗿☝️🗿喵
[2026-02-22 03:48:54] 爱被小泉吃的拉面同学: 狗 洞
[2026-02-22 03:48:54] 玩蛇鼠丶stabbi: 草！结束一小时全站禁言！举报犬说话！
[2026-02-22 03:48:55] 时光划过泪痕桥: ☝️🗿☝️🗿☝️🗿☝️🗿☝️🗿☝️🗿☝️🗿☝️🗿☝️🗿☝️🗿☝️🗿☝️🗿
[2026-02-22 03:48:55] Mortnotz: 🧊🧊还是欠布罗利了😅
[2026-02-22 03:48:55] fa来ze苦的疯穿箱子: 蒙鼓都烂了
[2026-02-22 03:48:55] 再抽奖在线剁手: 🗿：助力蒙古芯片自研
[2026-02-22 03:48:56] Shahriar丶Shinva: 自由
[2026-02-22 03:48:56] 说得道理: @🗿：帮你研发，不用谢
[2026-02-22 03:48:56] 用户2381770840: 点 死 狗 洞
[2026-02-22 03:48:56] 卡啊卡卡丶: @niivcyk：草！结束一小时全站禁言！举报犬说话！
[2026-02-22 03:48:56] LvvsiN: 其实碗橱就是猪灵，你不拿黄金丢他他就不跟你说话
[2026-02-22 03:48:56] Th0tiana: 🗿：助力蒙古芯片自研
[2026-02-22 03:48:56] 三零一路公交司机: gg
[2026-02-22 03:48:56] 橘殃丶丶: 同时取悦三个女性
[2026-02-22 03:48:56] 野pig亨利28: 🐕🕳🐕🕳🐕🕳🐕🕳🐕🕳🐕🕳🐕🕳🐕🕳🐕🕳🐕🕳🐕
[2026-02-22 03:48:57] TTak11: ☝️🗿☝️🗿☝️🗿☝️🗿☝️🗿☝️🗿☝️🗿☝️🗿☝️🗿☝️🗿☝️🗿☝️🗿
[2026-02-22 03:48:57] 极夜之辰: ☝️🗿☝️🗿☝️🗿☝️🗿☝️🗿☝️🗿☝️🗿☝️🗿☝️🗿☝️🗿☝️🗿☝️🗿喵
[2026-02-22 03:48:57] 用玩大哥的角磨机吧: ☝️🗿☝️🗿☝️🗿☝️🗿☝️🗿☝️🗿☝️🗿☝️🗿☝️🗿☝️🗿☝️
[2026-02-22 03:48:57] 刘刘的农: 🧊🧊还是欠布罗利了😅
[2026-02-22 03:48:57] 默默momoMoMo123: 说到底还是欠布罗利了😅说到底还是欠布罗利了😅说到底还是欠布罗
[2026-02-22 03:48:58] 今晚深渊结算262: 🗿：助力蒙古芯片自研
[2026-02-22 03:48:58] 新兰永恒: 弹幕别吵了，银行业一样一样有有有也会有h'y'hui't'y'r's'c'dn
[2026-02-22 03:48:58] 马楼King张三: apex又在取悦女人了
[2026-02-22 03:48:58] G2邦硬401: 脸色不对了
[2026-02-22 03:48:58] mujica的长崎素世本人: 同时取悦三个女性
[2026-02-22 03:48:58] 人活着就是为了玩乐队: 🗿：助力蒙古芯片自研
[2026-02-22 03:48:58] Crychiccc的若叶睦本人: 🧊🧊还是欠布罗利了😅
[2026-02-22 03:48:59] 夏筱筱雪: 草！结束一小时全站禁言！举报犬说话！
[2026-02-22 03:48:59] Shintaro: 草！结束一小时全站禁言！举报犬说话！
[2026-02-22 03:48:59] 剑崎梨梨花: @🗿：是我杀的太多了没人发现布里茨都i10了吗？
[2026-02-22 03:49:00] -小佐内由纪-: ☝️🗿☝️🗿☝️🗿☝️🗿☝️🗿☝️🗿☝️🗿☝️🗿☝️🗿☝️🗿☝️🗿☝️🗿喵
[2026-02-22 03:49:00] 夕ro: 🗿：助力蒙古芯片自研
[2026-02-22 03:49:00] ahhhhhhhhhhhhhhhhhhh: 蒙美要哭了
[2026-02-22 03:49:00] 很Low的V: @🗿：是我杀的太多了没人发现布里茨都i10了吗？
[2026-02-22 03:49:00] vbele987: @🗿：大汗😭送👍大汗😭研👍
[2026-02-22 03:49:00] ZninET9: 海考不睡在这看最恨的人晋级，你不难受吗？睡觉去吧。
[2026-02-22 03:49:00] Zxj1ing: @🗿：帮你研发，不用谢
[2026-02-22 03:49:01] 一duo云: ⎝🗿⎠╰🗿╯⎝🗿⎠╰🗿╯⎝🗿⎠╰🗿╯⎝🗿⎠╰🗿╯⎝🗿⎠╰🗿╯⎝🗿⎠╰🗿╯
[2026-02-22 03:49:01] 玩龙筋丶拽根dragon: 阿杜：你为什么去年一直让刷那两个数字？
[2026-02-22 03:49:01] User5092: 图书馆
[2026-02-22 03:49:01] breeze丶凛: 🗿：助力蒙古芯片自研
[2026-02-22 03:49:01] 蜜蜂的牧濑红莉栖本人: 表情不对了🗿
[2026-02-22 03:49:02] 5字德神人: 🗿：助力蒙古芯片自研
[2026-02-22 03:49:02] 工藤里没静香了: 闹嘛了蒙美
[2026-02-22 03:49:02] zzw亲传弟子wjq的接班人: 自闭了
[2026-02-22 03:49:02] 好哥们黑龙歼灭刀: 说到底还是欠布罗利了😅说到底还是欠布罗利了😅说到底还是欠布罗
[2026-02-22 03:49:02] LvvsiN: @阿汤日记：一个人，5发子弹，保住格陵兰岛。我不会叫它不可能完成的任务，我现在只想先回家看亦博
[2026-02-22 03:49:03] 大肉鲁: 发送房子了
[2026-02-22 03:49:03] 我不喜欢你: 第30个MVP来咯
[2026-02-22 03:49:03] 汤汤魔魔mmmmmmmmajor冠军: 🧊🧊还是欠布罗利了😅
[2026-02-22 03:49:03] 我谢谢我自己: ciallo
[2026-02-22 03:49:03] 不要坐在我身边: fw又美美隐身了
[2026-02-22 03:49:03] 寒枫曳是一头傲空的隼: ☝️🗿☝️🗿☝️🗿☝️🗿☝️🗿☝️🗿☝️🗿☝️🗿☝️🗿☝️🗿☝️🗿☝️🗿
[2026-02-22 03:49:03] 全世坠可爱的ZywOo宝宝: 小美女不敢看了
[2026-02-22 03:49:04] richardlee97: 🧊🧊还是欠布罗利了😅
[2026-02-22 03:49:04] 魔男的夜宴: 蒙美要哭了
[2026-02-22 03:49:04] 2442861055: 被虐哭了
[2026-02-22 03:49:04] Asaki薯片: 🧊🧊还是欠布罗利了😅
[2026-02-22 03:49:04] 印书林竹节虫: 海考不睡在这看最恨的人晋级，你不难受吗？睡觉去吧。
[2026-02-22 03:49:04] LvvsiN: 你屏蔽词都快赶上新华词典了为什么不干脆开一百级发言？
[2026-02-22 03:49:04] 小小小蕉: 那输给pv呢
[2026-02-22 03:49:05] 玩机器今晚还播吗: 输给谁丢人
[2026-02-22 03:49:05] 天际之光90830: 脸色不对了
[2026-02-22 03:49:05] 量子毁灭717: goat居然是垫底的那个，那小蜜蜂四个比goat强的那不就是抱团吗
[2026-02-22 03:49:05] 玩斯特机机: @🗿：是我杀的太多了没人发现布里茨都i10了吗？
[2026-02-22 03:49:06] LemonadeFactory的ena本人: 🐕🕳🐕🕳🐕🕳🐕🕳🐕🕳🐕🕳🐕🕳🐕🕳🐕🕳🐕🕳🐕
[2026-02-22 03:49:06] 喵蹄丝: 🗿：助力蒙古芯片自研
[2026-02-22 03:49:06] 旅燕没有归途: 草！结束一小时全站禁言！举报犬说话！
[2026-02-22 03:49:06] 丨Connor: 蒙美要哭了
[2026-02-22 03:49:06] 摆烂小we: 收留心碎蒙美
[2026-02-22 03:49:06] 文西67: 🗿：助力蒙古芯片自研
[2026-02-22 03:49:06] 凳纸0: 🗿：助力蒙古芯片自研
[2026-02-22 03:49:07] 想想载物怎么做: @zywoo：🗿，装模作样走几步然后猛回头
[2026-02-22 03:49:07] 用户9921747043: @🗿：我来助你！
[2026-02-22 03:49:07] 海绵宝宝打野儿: 掉小珍珠了
[2026-02-22 03:49:07] 刘旭的跌: 输给PV呢？
[2026-02-22 03:49:07] 人活着就是为了玩乐队: 🗿：助力蒙古芯片自研
[2026-02-22 03:49:07] ymyyo: 大汗😭送👍大汗😭研👍
[2026-02-22 03:49:08] Jess2: 如丧考妣
[2026-02-22 03:49:08] 玩蛇鼠丶stabbi: 🧊🧊还是欠布罗利了😅
[2026-02-22 03:49:08] 想看老师打黄金赛: 蒙古赢过蜜蜂吗
[2026-02-22 03:49:08] 用户4500726667: 手枪也能研发？这个i224才是真正的科研goat吧
[2026-02-22 03:49:08] sljnba: 这句话昨天说过了
[2026-02-22 03:49:08] 爱马修更爱玩宝宝: @🗿：是我杀的太多了没人发现布里茨都i10了吗？
[2026-02-22 03:49:09] 歌谷爱墨迹: 粉丝团脸色对了
[2026-02-22 03:49:09] 没有真名233: 大汗😭送👍大汗😭研👍
[2026-02-22 03:49:09] 阳光下草地上的小花: 沙二 纯数值的地图啊
[2026-02-22 03:49:09] 玩斯特机机: ciallo
[2026-02-22 03:49:09] 陈千语6657: ☝️🗿☝️🗿☝️🗿☝️🗿☝️🗿☝️🗿☝️🗿☝️🗿☝️🗿☝️🗿☝️🗿☝️🗿
[2026-02-22 03:49:09] 硫磺祥: ciao
[2026-02-22 03:49:09] 暗夜吶: Ciallo～（∠・ω〈 )⌒★ Ciallo～（∠・ω〈 )⌒★
[2026-02-22 03:49:10] 袁雨桢的小酥肉本肉: ？
[2026-02-22 03:49:10] jsir6688: ☝️🗿☝️🗿☝️🗿☝️🗿☝️🗿☝️🗿☝️🗿☝️🗿☝️🗿☝️
[2026-02-22 03:49:10] 古怪的一个人: 第30个MVP来咯
[2026-02-22 03:49:10] 我也喜欢玩机器: 　　　 Ciallo～（∠・ω〈 )⌒☆Ciallo～（∠・ω〈 )⌒☆
[2026-02-22 03:49:11] IGetUp: i 10
[2026-02-22 03:49:11] 洛陽城里看落陽: 哭啥啊，不会一开始以为能赢吧
[2026-02-22 03:49:11] 说得道理: i10
[2026-02-22 03:49:11] 我在浙江改稻为桑: 收留心碎蒙美
[2026-02-22 03:49:11] YEYH111: 🧊🧊还是欠布罗利了😅
[2026-02-22 03:49:11] 迷走江湖: 草！结束一小时全站禁言！举报犬说话！
[2026-02-22 03:49:12] 齐格哈尔德: Ciallo～（∠・ω〈 )⌒★ Ciallo～（∠・ω〈 )⌒★Ciallo～（∠・ω〈
[2026-02-22 03:49:12] 静寂风: ？
[2026-02-22 03:49:12] Y北大桥南: 数值碾压了
[2026-02-22 03:49:12] Hzinc: 掉小珍珠了
[2026-02-22 03:49:12] 是小鱼干不是小豆包吖: ciallo~~~~~~~
[2026-02-22 03:49:12] LvvsiN: 额，拿亚军我都会，拿亚军，拿季军，拿四强，拿八强，拿十六强，呃拿冠军我不会，然后小组赛淘汰
[2026-02-22 03:49:13] 91新人丶叶志高: @NIKO：想去小蜜蜂了
[2026-02-22 03:49:13] 若叶睦丶Muzimi: @🗿：布里茨顶住，下半场我把来b送，你守住a大给载物送
[2026-02-22 03:49:13] QU总的双下巴: ？傻呗二次元
[2026-02-22 03:49:13] 魔女审判的二阶堂希罗:     Ciallo～（∠・ω〈 )⌒☆Ciallo～（∠・ω〈 )⌒☆
[2026-02-22 03:49:13] MichaelJackson: ciallo
[2026-02-22 03:49:13] wsxj131: 🗿：怎么才i10，研发好难。。。
[2026-02-22 03:49:14] electriCOLOR77: ciao
[2026-02-22 03:49:14] 嘤嘤嘤嘤击长空: ？
[2026-02-22 03:49:14] 那就点: Ciallo～（∠・ω〈 )⌒☆​Ciallo～（∠・ω〈 )⌒☆​
[2026-02-22 03:49:14] 落叶悠哉落: Ciallo～（∠・ω〈 )⌒★Ciallo～（∠・ω〈 )⌒★
[2026-02-22 03:49:14] LvvsiN: 为什么房管封的不能给鱼丸……还以为今天晚上得吃了……
[2026-02-22 03:49:15] astralis的jabbi本人: 　　　 ciallo
[2026-02-22 03:49:15] SakuraiHiroyoshi: @Niko：虾llo～（∠・ω〈 )⌒☆​
[2026-02-22 03:49:15] musherzin: 哈哈哈哈哈哈哈哈哈哈哈哈
[2026-02-22 03:49:15] 无7441158:     Ciallo～（∠・ω〈 )⌒☆Ciallo～（∠・ω〈 )⌒☆
[2026-02-22 03:49:15] 爸爸你当: 恨
[2026-02-22 03:49:15] 挥泪斩楚狗: 《布罗利早就不看直播了》《2026-2-16送出礼物90元》
[2026-02-22 03:49:16] 我谢谢我自己: 110
[2026-02-22 03:49:16] JamYo0oung: 输给pv不丢人
[2026-02-22 03:49:16] 星海羽弦: Ciallo～（∠・ω〈 )⌒★Ciallo～（∠・ω〈 )⌒★
[2026-02-22 03:49:16] 岛田王师傅: 恨
[2026-02-22 03:49:16] 理想零星: one done Ciallo～（∠・ω〈 )⌒☆
[2026-02-22 03:49:16] 银行业本人: ciallo
[2026-02-22 03:49:16] 在原Nanami: Ciallo～（∠・ω〈 )⌒★
[2026-02-22 03:49:16] sghlp: Ciallo～（∠・ω〈 )⌒★Ciallo～（∠・ω〈 )⌒★
[2026-02-22 03:49:16] 要一起好好努力: Ciallo～（∠・ω〈 )⌒☆​ Ciallo～（∠・ω〈 )⌒☆​
[2026-02-22 03:49:17] LvvsiN: 你为什么要把mαjor禁了，我收藏的一半弹幕全毁了
[2026-02-22 03:49:17] 刘亦博的机油流一脖: ciallo
[2026-02-22 03:49:17] Box强音来袭: 图书馆😆
[2026-02-22 03:49:17] 拉森跟: ciallo~~~~~~~
[2026-02-22 03:49:17] 是印花啊: 🗿：助力蒙古芯片自研喵
[2026-02-22 03:49:18] 冬瓜不在家偷偷玩机器: ？？？
[2026-02-22 03:49:18] Faze的软糯小箱本人: 玩宝宝，我发现在大学上学的时候肄业会很舒服，你可以试试
[2026-02-22 03:49:18] 恺悌君子能几醉: 驴粉和冰粉都是最下等的冠军粉，还得是粉尼尼孩孩是最纯粹的热爱
[2026-02-22 03:49:18] Q1ed7f9c85b3bc7571: ciao
[2026-02-22 03:49:18] 雨下一整晚ln: 　　　 　　　 Ciallo～（∠・ω〈 )⌒☆Ciallo～（∠・ω〈 )⌒☆
[2026-02-22 03:49:18] xuzVan: 不装了
[2026-02-22 03:49:18] 玩大人查到自贡了: 懂你意思
[2026-02-22 03:49:18] 机器机器祝你天天开心: 图一黏，图二瘫
[2026-02-22 03:49:18] myself0725: 30个Mvp了要
[2026-02-22 03:49:19] 洛琪希世界第一可爱: 🗿：助力蒙古芯片自研
[2026-02-22 03:49:19] 橙黄双翼: @蒙鼓：烂了就烂了，贴个V什么意思？
[2026-02-22 03:49:19] 驴哈娜: @Niko：虾llo～（∠・ω〈 )⌒☆​
[2026-02-22 03:49:20] 爱蜜莉雅daisuki: 完蛋Ciallo～（∠・ω〈 )⌒★完蛋Ciallo～（∠・ω〈 )⌒★完蛋Ciallo～（∠・ω〈
[2026-02-22 03:49:20] 铁窗下的凝望:     Ciallo～（∠・ω〈 )⌒☆Ciallo～（∠・ω〈 )⌒☆
[2026-02-22 03:49:20] Vitality的羽贺文乃本人: 🗿：怎么才i10，研发好难。。。
[2026-02-22 03:49:20] Fwio3:     Ciallo～（∠・ω〈 )⌒☆Ciallo～（∠・ω〈 )⌒☆
[2026-02-22 03:49:20] 炫彩石墨烯十年老粉: Ciallo～（∠・ω〈 )⌒☆Ciallo～（∠・ω〈 )⌒☆
[2026-02-22 03:49:20] eyu星天涯: 又是蜜蜂
[2026-02-22 03:49:20] C0C00N: 恨
[2026-02-22 03:49:21] LvvsiN: 为什么房管封的不能给鱼丸……还以为今天晚上得吃了……
[2026-02-22 03:49:21] 伏尔加的风: 恨
[2026-02-22 03:49:21] 1acit: Ciallo～（∠・ω〈 )⌒★Ciallo～（∠・ω〈 )⌒★
[2026-02-22 03:49:21] 斗鱼用户1175718596: Ciallo～（∠・ω〈 )⌒☆​ Ciallo～（∠・ω〈 )⌒☆​
[2026-02-22 03:49:21] 是小鱼干不是小豆包吖: Ciallo～（∠・ω〈 )⌒☆Ciallo～（∠・ω〈 )⌒☆
[2026-02-22 03:49:21] 鲜血与暗影铸造的家伙: fw就混吧
[2026-02-22 03:49:21] Corruptd:     Ciallo～（∠・ω〈 )⌒☆Ciallo～（∠・ω〈 )⌒☆
[2026-02-22 03:49:22] 紫紫紫彧: Ciallo～（∠・ω〈 )⌒★Ciallo～（∠・ω〈 )⌒★
[2026-02-22 03:49:22] Laguna的Carlotta本人: @Niko：虾llo～（∠・ω〈 )⌒☆​
[2026-02-22 03:49:22] DogRa1nFans: one done Ciallo～（∠・ω〈 )⌒☆
[2026-02-22 03:49:22] MastOogway:     Ciallo～（∠・ω〈 )⌒☆Ciallo～（∠・ω〈 )⌒☆
[2026-02-22 03:49:22] 空有无垠: 《布罗利早就不看直播了》《2026-2-16送出礼物90元》
[2026-02-22 03:49:23] 工藤里没静香了: 玩宝宝，我发现在大学上学的时候肄业会很舒服，你可以试试
[2026-02-22 03:49:23] ElfSenIor: 体谅一下布罗利吧，他举报键都按冒烟了
[2026-02-22 03:49:23] 好兄弟平湖家猪王: @senzu（放🐑中）：有人需要🐑吗？
[2026-02-22 03:49:23] 用户3661578: one done Ciallo～（∠・ω〈 )⌒☆
[2026-02-22 03:49:23] 是印花啊: one done Ciallo～（∠・ω〈 )⌒☆喵
[2026-02-22 03:49:24] wedd1ddeJodd: @Niko：虾llo～（∠・ω〈 )⌒☆​
[2026-02-22 03:49:24] JamYo0oung: 玩宝宝，我发现在大学上学的时候肄业会很舒服，你可以试试
[2026-02-22 03:49:24] 我永远喜欢隐刀蚂蚁: @Niko：虾llo～（∠・ω〈 )⌒☆​
[2026-02-22 03:49:24] 海绵宝宝打野儿: 30个Mvp了要
[2026-02-22 03:49:24] 西葉西西:     Ciallo～（∠・ω〈 )⌒☆Ciallo～（∠・ω〈 )⌒☆
[2026-02-22 03:49:25] 獭见: 恨
[2026-02-22 03:49:25] 尼尼海海出入平安: goat居然是垫底的那个，那小蜜蜂四个比goat强的那不就是抱团吗
[2026-02-22 03:49:25] LvvsiN: 我提一嘴这剧情越来越像上海major了
[2026-02-22 03:49:25] H2O的小日向早美本人:     Ciallo～（∠・ω〈 )⌒☆Ciallo～（∠・ω〈 )⌒☆
[2026-02-22 03:49:25] 人活着就是为了玩乐队: Ciallo～（∠・ω〈 )⌒☆​ Ciallo～（∠・ω〈 )⌒☆​
[2026-02-22 03:49:25] End1nson: .
[2026-02-22 03:49:25] Aleksumimi: 小蜜蜂要赢你就完蛋操了？
[2026-02-22 03:49:26] 全世坠可爱的ZywOo宝宝: zywoo向他的第三十个mvp发起冲刺
[2026-02-22 03:49:26] soul丶兮颜: 加了
[2026-02-22 03:49:26] 默默momoMoMo123: 恨
[2026-02-22 03:49:26] 爱上女大: 有人研发了
[2026-02-22 03:49:26] 玩斯特机机: Ciallo～（∠・ω〈 )⌒☆Ciallo～（∠・ω〈 )⌒☆
[2026-02-22 03:49:26] Kunwz: 完蛋操了（心里话）
[2026-02-22 03:49:26] 陈千语6657: 我加1呢
[2026-02-22 03:49:27] 忍野扇Ougi: 　　　 　　　 Ciallo～（∠・ω〈 )⌒☆Ciallo～（∠・ω〈 )⌒☆
[2026-02-22 03:49:27] 忽孝山庄: Ciallo～（∠・ω〈 )⌒☆Ciallo～（∠・ω〈 )⌒☆
[2026-02-22 03:49:27] 呼呼呼hhh: 　　　 one done Ciallo～（∠・ω〈 )⌒☆
[2026-02-22 03:49:27] 用玩大哥的角磨机吧:  @Vitality的羽贺文乃本人：🗿：怎么才i10，研发好难。。。
[2026-02-22 03:49:27] 結城希亞: 　　　 Ciallo～（∠・ω〈 )⌒☆​ Ciallo～（∠・ω〈 )⌒☆​
[2026-02-22 03:49:27] 用户3606237177: 怀念最香的四双袜子：樱羽艾玛的白色短袜，二阶堂希罗的黑色裤袜，远野汉娜的白色裤袜，橘雪莉的黑白双丝
[2026-02-22 03:49:28] 北徐: one done Ciallo～（∠・ω〈 )⌒☆
[2026-02-22 03:49:28] 星海羽弦: one done Ciallo～（∠・ω〈 )⌒☆喵
[2026-02-22 03:49:29] viovvvvvvvon: ？傻呗二次元
[2026-02-22 03:49:29] LvvsiN: 银行业😄银行业😀银行业😃银行业😁银行业😆银行业🤪银行业😝
[2026-02-22 03:49:29] 宫监手放监: 你被喷了一天了为啥这么开心
[2026-02-22 03:49:29] JuL1us: Ciallo～（∠・ω〈 )⌒☆Ciallo～（∠・ω〈 )⌒☆
[2026-02-22 03:49:29] 扣一认我作叠:     Ciallo～（∠・ω〈 )⌒☆Ciallo～（∠・ω〈 )⌒☆
[2026-02-22 03:49:29] 袁雨桢的小酥肉本肉: 玩damn、ciao了，pgl
[2026-02-22 03:49:29] 挥泪斩楚狗: 《布罗利早就不看直播了》《2026-2-16送出礼物90元》
[2026-02-22 03:49:30] 这是咋肥四鸭: 完蛋的媳妇，完蛋ciao了
[2026-02-22 03:49:30] Duftbrine:     Ciallo～（∠・ω〈 )⌒☆Ciallo～（∠・ω〈 )⌒☆
[2026-02-22 03:49:30] 拉海洛TOP1爱弥斯本人: @senzu（放🐑中）：有人需要🐑吗？
[2026-02-22 03:49:30] ropz的911本人: 蜜蜂就接着避猎鹰赢这种没含金量的比赛吧😅😅
[2026-02-22 03:49:30] 网瘾少年xiaolin:     Ciallo～（∠・ω〈 )⌒☆Ciallo～（∠・ω〈 )⌒☆
[2026-02-22 03:49:30] 蛋蛋可以进去吗: 草！恢复阳光信用分！举报犬说话
[2026-02-22 03:49:31] 仁杏chan: 　　　 Ciallo～（∠・ω〈 )⌒☆​ Ciallo～（∠・ω〈 )⌒☆​
[2026-02-22 03:49:31] 人活着就是为了玩乐队: 　 Ciallo～（∠・ω〈 )⌒☆​ Ciallo～（∠・ω
[2026-02-22 03:49:31] Q1ed7f9c85b3bc7571: Ciallo～（∠・ω〈 )⌒★Ciallo～（∠・ω〈 )⌒★
[2026-02-22 03:49:31] LvvsiN: 我提一嘴这剧情越来越像上海major了
[2026-02-22 03:49:31] 难道我真行: 体谅一下布罗利吧，他举报键都按冒烟了
[2026-02-22 03:49:32] aminous: Ciallo～（∠・ω〈 )⌒☆Ciallo～（∠・ω〈 )⌒☆
[2026-02-22 03:49:32] 77一定会是我的: @Zywoo：今天先装唐，明天沙二看我怎么狙PV吧
[2026-02-22 03:49:32] 我不能C呀: 终于真情流露了
[2026-02-22 03:49:32] 果内: @Niko：虾llo～（∠・ω〈 )⌒☆​
[2026-02-22 03:49:33] Ecifircas: 玩宝宝，我发现在大学上学的时候肄业会很舒服，你可以试试
[2026-02-22 03:49:33] LvvsiN: 你为什么要把mαjor禁了，我收藏的一半弹幕全毁了
[2026-02-22 03:49:33] JamYo0oung: @Niko：虾llo～（∠・ω〈 )⌒☆​
[2026-02-22 03:49:36] LvvsiN: 孩子们快跑，马修赫伯特来了😨卧槽你的怎么是马枪和BOT
[2026-02-22 03:49:36] Axel-XY: @senzu（放🐑中）：有人需要🐑吗？
[2026-02-22 03:49:36] 人活着就是为了玩乐队: 　 Ciallo～（∠・ω〈 )⌒☆Ciallo～（∠・ω〈 )⌒☆
[2026-02-22 03:49:36] 想看老师打黄金赛: ？
[2026-02-22 03:49:38] 好哥们烈永周:     Ciallo～（∠・ω〈 )⌒☆Ciallo～（∠・ω〈 )⌒☆
[2026-02-22 03:49:38] vongwu: 载物这锁定mvp了吧
[2026-02-22 03:49:38] 这是咋肥四鸭: 完蛋的媳妇，完蛋ciao了
[2026-02-22 03:49:38] LvvsiN: 我让你开双倍你二龙吗？老子荧光棒要过期了
[2026-02-22 03:49:39] musherzin: Ciallo～（∠・ω〈 )⌒★Ciallo～（∠・ω〈 )⌒★
[2026-02-22 03:49:39] LvvsiN: 孩子们快跑，马修赫伯特来了😨卧槽你的怎么是马枪和BOT
[2026-02-22 03:49:40] 玩契机、chance: 正义之师
[2026-02-22 03:49:40] 无伟契约: @PV：确实善良
[2026-02-22 03:49:40] 小蜜蜂载物本人: 　　　 　 Ciallo～（∠・ω〈 )⌒☆Ciallo～（∠・ω〈 )⌒☆
[2026-02-22 03:49:40] 想看老师打黄金赛: 引导
[2026-02-22 03:49:40] 车路士的凯赛多本人: @Niko：虾llo～（∠・ω〈 )⌒☆​
[2026-02-22 03:49:40] 臭狗熊友邻: 孩子们快跑，马修赫伯特来了😨卧槽你的怎么是马枪和BOT
[2026-02-22 03:49:40] 山田凉只选择艾草: one done Ciallo～（∠・ω〈 )⌒☆
[2026-02-22 03:49:41] LvvsiN: 其实碗橱就是猪灵，你不拿黄金丢他他就不跟你说话
[2026-02-22 03:49:41] Icefury丶: Ciallo～（∠・ω〈 )⌒☆Ciallo～（∠・ω〈 )⌒☆
[2026-02-22 03:49:41] 三零一路公交司机: @senzu（放🐑中）：有人需要🐑吗？
[2026-02-22 03:49:42] 利茲與青鸟: 因为蒙古人没房子
[2026-02-22 03:49:42] 恶霸周熊: 都是玩家军
[2026-02-22 03:49:42] 玩龙筋丶拽根dragon: 阿杜：你为什么去年一直让刷那两个数字？
[2026-02-22 03:49:42] 白金燐子本人: 　 Ciallo～（∠・ω〈 )⌒☆Ciallo～（∠・ω〈 )⌒☆
[2026-02-22 03:49:42] 瑭珏: 引导
[2026-02-22 03:49:42] 玩机爹丶Device: @PV：确实善良
[2026-02-22 03:49:42] Amazzzz1ng: 玩宝宝，我发现在大学上学的时候肄业会很舒服，你可以试试
[2026-02-22 03:49:43] 木空空空空空: @senzu（放🐑中）：有人需要🐑吗？
[2026-02-22 03:49:43] LvvsiN: 我提一嘴这剧情越来越像上海major了
[2026-02-22 03:49:43] 玩斯特机机: 发送他们银行🏦发送他们银行🏦发送他们银行🏦发送他们银行🏦发送他们银行🏦
[2026-02-22 03:49:43] 欧气来我家: -51
[2026-02-22 03:49:43] 玩蛇鼠丶stabbi: @PV：确实善良
[2026-02-22 03:49:43] gogolz: 等12分你就看吧
[2026-02-22 03:49:43] 浅滩搁浅船: 中立
[2026-02-22 03:49:44] 非必要不中岀: 善意引导
[2026-02-22 03:49:44] ahhhhhhhhhhhhhhhhhhh: 蒙古在老外那粉丝还不少啊
[2026-02-22 03:49:44] musherzin: 善良在哪
[2026-02-22 03:49:44] G2的device本人: 载物第三十个mvp
[2026-02-22 03:49:45] FellOmen: 惹到黄色猎鹰了
[2026-02-22 03:49:45] Shintaro: @senzu（放🐑中）：有人需要🐑吗？
[2026-02-22 03:49:45] LvvsiN: 为什么房管封的不能给鱼丸……还以为今天晚上得吃了……
[2026-02-22 03:49:45] Asaki薯片: @senzu（放🐑中）：有人需要🐑吗？
[2026-02-22 03:49:45] sghlp: Ciallo～（∠・ω〈 )⌒★Ciallo～（∠・ω〈 )⌒★
[2026-02-22 03:49:45] 小白菜爱萝卜: send them home! send them home! send them home! se
[2026-02-22 03:49:45] ElfSenIor: 孩子们快跑，马修赫伯特来了😨卧槽你的怎么是马枪和BOT
[2026-02-22 03:49:45] 旋律的主人丰川祥子: 👀载物要赢！？😩完蛋操了！
[2026-02-22 03:49:46] ymyyo: @🗿：怎么才i10，研发好难。。。 
[2026-02-22 03:49:46] Demon916: @PV：确实善良
[2026-02-22 03:49:46] 空长卿: 他们支持一队回家一队
[2026-02-22 03:49:46] 玩魔丸丶猛锤: 懂你意思
[2026-02-22 03:49:46] 火暴兽也干了: 因为蒙古人没房子
[2026-02-22 03:49:47] ltachi7: 爱憎分明
[2026-02-22 03:49:47] 小小小蕉: 支持niko去蜜蜂，支持p3带载物回faze（不是肥美）
[2026-02-22 03:49:47] Rosie1st: 这么一想猎鹰输给pv也不丢人啊
[2026-02-22 03:49:47] LvvsiN: @阿汤日记：一个人，5发子弹，保住格陵兰岛。我不会叫它不可能完成的任务，我现在只想先回家看亦博
[2026-02-22 03:49:47] 修飞机的保安: 支持蒙古的多
[2026-02-22 03:49:47] 替天行道牧苏苏: @Niko：虾llo～（∠・ω〈 )⌒☆​
[2026-02-22 03:49:48] 瑭珏: 引导
[2026-02-22 03:49:48] kelwell: 就是讨厌蜜蜂啊
[2026-02-22 03:49:48] 逃离灰色地带: @PV：确实善良
[2026-02-22 03:49:48] 2442861055: 还没到比分呢
[2026-02-22 03:49:48] 马楼King张三: 黑话自己的第一次见 亦博
[2026-02-22 03:49:49] LvvsiN: 孩子们快跑，马修赫伯特来了😨卧槽你的怎么是马枪和BOT
[2026-02-22 03:49:50] 泪水的冷冽: 没有
[2026-02-22 03:49:50] 金美庭组长的红底高跟: 善良在哪？
[2026-02-22 03:49:50] 拉海洛TOP1爱弥斯本人: 可惜在哪
[2026-02-22 03:49:50] 玩机器今晚还播吗: 不是托子先嘲讽的?
[2026-02-22 03:49:50] 凤不觉08554: @Niko：虾llo～（∠・ω〈 )⌒☆​
[2026-02-22 03:49:50] 蜜蜂的牧濑红莉栖本人: @niko:善意发送
[2026-02-22 03:49:51] 楞鸽鸽: 弹幕别嘻嘻哈哈了，碗橱马上要下班了😭
[2026-02-22 03:49:51] 机器机器祝你天天开心: 可惜在哪
[2026-02-22 03:49:51] 终末地干员陈千语: 因为蒙古人没房子
[2026-02-22 03:49:51] 挥泪斩楚狗: 《布罗利早就不看直播了》《2026-2-16送出礼物90元》
[2026-02-22 03:49:51] LvvsiN: 弹幕别吵了，银行业一样一样有有有也会有h'y'hui't'y'r's'c'dn
[2026-02-22 03:49:51] 门er清: 可惜在哪
[2026-02-22 03:49:51] 彼岸无妖: 双标这一块
[2026-02-22 03:49:51] 尼尼海海出入平安: 　　　 阿杜：你为什么去年一直让刷那两个数字？
[2026-02-22 03:49:51] Demon916: @PV：确实善良
[2026-02-22 03:49:52] 养生型自闭滑手: Ciallo～（∠・ω〈 )⌒★ Ciallo～（∠・ω〈 )⌒★
[2026-02-22 03:49:52] 搞笑男西德尼: 感觉不如Niko可惜
[2026-02-22 03:49:52] 重返30岁的zywoo: 都是本质恨载
[2026-02-22 03:49:52] 是是非非blue: 下面全是带头盔的谁敢发送啊
[2026-02-22 03:49:52] 是印花啊: 孩子们快跑，马修赫伯特来了😨卧槽你的怎么是马枪和BOT喵
[2026-02-22 03:49:53] 载物的艾7: 可惜在哪
[2026-02-22 03:49:53] 迪奥雷: 被解读麻了
[2026-02-22 03:49:53] ThanatosSystem: @PV：确实善良
[2026-02-22 03:49:53] LvvsiN: 银行业😄银行业😀银行业😃银行业😁银行业😆银行业🤪银行业😝
[2026-02-22 03:49:53] TieZhu丶: 詹黑
[2026-02-22 03:49:53] 玩结晶丶Crystal: @Niko：虾llo～（∠・ω〈 )⌒☆​
[2026-02-22 03:49:53] 洛陽城里看落陽: 可惜在哪儿
[2026-02-22 03:49:53] 奈亚亚亚亚亚: 恨
[2026-02-22 03:49:53] 什么罐头我说男人: 没有
[2026-02-22 03:49:53] wedd1ddeJodd: @senzu（放🐑中）：有人需要🐑吗？
[2026-02-22 03:49:54] 易池大大: 太善良？蒙古锤你
[2026-02-22 03:49:54] AmamiyaIori: 阿杜：你为什么去年一直让刷那两个数字？
[2026-02-22 03:49:54] 杨幂夸我帅: 可惜在哪
[2026-02-22 03:49:55] 蜜蜂的牧濑红莉栖本人: @niko:善意发送
[2026-02-22 03:49:55] LvvsiN: 银行业😄银行业😀银行业😃银行业😁银行业😆银行业🤪银行业😝
[2026-02-22 03:49:55] 首婚大和: 现场观众的立场和主播一样
[2026-02-22 03:49:55] 速溶沙地兽: 因为蒙古人没房子
[2026-02-22 03:49:55] xieri: 这么一想猎鹰输给pv也不丢人啊
[2026-02-22 03:49:56] 布洛芬重度依赖: 可惜在哪
[2026-02-22 03:49:56] 罕见阴暗大铁牛: 因为蒙古人没房子
[2026-02-22 03:49:56] 岛田王师傅: 可惜在哪
[2026-02-22 03:49:56] 葬送的芙蓉王: 可惜在哪？
[2026-02-22 03:49:56] 卧看星河尽意明丶: 昨天嘘pv的🐂劲呢😅
[2026-02-22 03:49:56] 名为射的男人: 可惜在哪
[2026-02-22 03:49:56] 楞鸽鸽: 弹幕别嘻嘻哈哈了，碗橱马上要下班了😭
[2026-02-22 03:49:56] 在原Nanami: Ciallo～（∠・ω〈 )⌒★ Ciallo～（∠・ω〈 )⌒★
[2026-02-22 03:49:57] 小白白狗: 可惜在哪
[2026-02-22 03:49:57] 洞庭湖底二五仔: 可惜在哪
[2026-02-22 03:49:57] Shintaro: Ciallo～（∠・ω〈 )⌒★ Ciallo～（∠・ω〈 )⌒★
[2026-02-22 03:49:57] MiunaShiodome: 查无此人
[2026-02-22 03:49:57] LvvsiN: 南孚一节更比六节强，也就是一节南孚比六节南孚强，六节南孚比三十六节强，三十六节比二百一十六节强
[2026-02-22 03:49:58] 羁绊哟aa: 可惜在哪
[2026-02-22 03:49:58] 橘殃丶丶: 可惜在哪儿
[2026-02-22 03:49:58] csgo小茄子: 机器，如果你觉得拉房间墙开裂👃毛比a1消音器长全仓黑蛋5k小时b+的房管当盾牌很有意思的话，请继续
[2026-02-22 03:49:58] 鹅地霸霸: 詹黑
[2026-02-22 03:49:58] 水浚: 因为蒙古人没房子
[2026-02-22 03:49:58] 头号瓜孝子: 感觉不如Niko可惜
[2026-02-22 03:49:59] RocketTheRaccoon: 可惜在哪
[2026-02-22 03:49:59] 银行业本人: 因为蒙古人没房子
[2026-02-22 03:49:59] 好哥们黑龙歼灭刀: 都是本质恨载
[2026-02-22 03:49:59] 专看玩机器的号: 查无此人
[2026-02-22 03:49:59] 滑铲上天: 每次比赛都有冠军相的老鼠一枚
[2026-02-22 03:49:59] HisuiHearts: 《布罗利早就不看直播了》《2026-2-16送出礼物90元》
[2026-02-22 03:49:59] LvvsiN: 我让你开双倍你二龙吗？老子荧光棒要过期了
[2026-02-22 03:49:59] 用玩大哥的角磨机吧: @PV：确实善良
[2026-02-22 03:50:00] 普通C4n1xs: 因为蒙古人没房子
[2026-02-22 03:50:00] N1coZer4: 不如猎鹰可惜
[2026-02-22 03:50:00] 尼尼海海出入平安: 孩子们快跑，马修赫伯特来了😨卧槽你的怎么是马枪和BOT喵
[2026-02-22 03:50:00] triangle233: 　　　 阿杜：你为什么去年一直让刷那两个数字？
[2026-02-22 03:50:00] 用户3661578: 老鼠就差一两分吧
[2026-02-22 03:50:00] fa来ze苦的疯穿箱子: 已失业
[2026-02-22 03:50:00] 用户4743944990: 没上限
[2026-02-22 03:50:00] 17丶eternal: 又可惜了
[2026-02-22 03:50:01] 玩机器探险大裂谷: 那无缘无故哦猎鹰干嘛
[2026-02-22 03:50:01] 蛟反骨: 没有
[2026-02-22 03:50:01] 寂寞杀猪佬: 可惜在哪里
[2026-02-22 03:50:01] MeIoN39: 因为蒙古人没房子
[2026-02-22 03:50:01] 空有无垠: 现场观众的立场和主播一样
[2026-02-22 03:50:01] 丨Connor: 昨天嘘pv的🐂劲呢😅
[2026-02-22 03:50:01] 隐居的魔女久远寺有珠: 蒙古人能不能去种树...
[2026-02-22 03:50:01] 鲜血与暗影铸造的家伙: 可惜在哪
[2026-02-22 03:50:02] 喃芷哒哒哒: 吁~😩👎 吁~😩👎 吁~😩👎 吁~😩👎 吁~😩👎 吁~😩👎
[2026-02-22 03:50:02] Mahuyu: -51
[2026-02-22 03:50:02] 哆啦梦梦123: 接着引导
[2026-02-22 03:50:02] 玩台钳丶阿尔托莉雅: 《布罗利早就不看直播了》《2026-2-16送出礼物90元》
[2026-02-22 03:50:02] 用户9163993954: 现场观众的立场和主播一样
[2026-02-22 03:50:03] 玩龟的神头: 昨天嘘pv的🐂劲呢😅
[2026-02-22 03:50:03] 999绝情殇: 有啥可惜的进去也是送
[2026-02-22 03:50:03] 玩龙筋丶拽根dragon: 阿杜：你为什么去年一直让刷那两个数字
[2026-02-22 03:50:03] 暗月舞魂殇: 现场观众懂一哥那套
[2026-02-22 03:50:03] VALORANT钢枪指挥cadiaN: 那老鼠的老尼呢
[2026-02-22 03:50:04] 我真的不是硝子: 每次都很可惜那就是不可惜
[2026-02-22 03:50:04] wantrue: 　　　 阿杜：你为什么去年一直让刷那两个数字？
[2026-02-22 03:50:04] 名为射的男人: 哪次不是背景板
[2026-02-22 03:50:04] 左右丨摇摆: 至少不用决赛给小蜜蜂送数据了
[2026-02-22 03:50:04] 好哥们黑龙歼灭刀: 《布罗利早就不看直播了》《2026-2-16送出礼物90元》
[2026-02-22 03:50:05] CS解说丰川祥子: 魔男在哪发财呢
[2026-02-22 03:50:05] 用户36844654: 感觉不如Niko可惜
[2026-02-22 03:50:05] MeIoN39: 因为蒙古人没房子
[2026-02-22 03:50:05] Kirse: 魔男的夜宴吗
[2026-02-22 03:50:05] LvvsiN: 你为什么要把mαjor禁了，我收藏的一半弹幕全毁了
[2026-02-22 03:50:05] 则蘧蘧然周也: 猎鹰是真的可惜了
[2026-02-22 03:50:06] wedd1ddeJodd: 弹幕别嘻嘻哈哈了，碗橱马上要下班了😭
[2026-02-22 03:50:06] 六星近卫丰川祥子: 因为蒙古人没房子
[2026-02-22 03:50:06] 小郑121388: 《布罗利早就不看直播了》《2026-2-16送出礼物90元》
[2026-02-22 03:50:06] Meik7: 感觉不如Niko可惜
[2026-02-22 03:50:06] 吴本伟nb: 猎鹰你也是这么说的
[2026-02-22 03:50:07] LvvsiN: 你屏蔽词都快赶上新华词典了为什么不干脆开一百级发言？
[2026-02-22 03:50:07] 名为射的男人: 老鼠天生背景板
[2026-02-22 03:50:08] 默默momoMoMo123: 昨天嘘pv的🐂劲呢😅
[2026-02-22 03:50:08] 看死Herbaut就杀了你: 昨天嘘pv的🐂劲呢😅
[2026-02-22 03:50:08] 东尔431: 因为蒙古住的是蒙古包
[2026-02-22 03:50:08] 机器我要看老汤: @PV：确实善良
[2026-02-22 03:50:08] 硫磺祥: 魔男还能去100t吗
[2026-02-22 03:50:09] 用户6235382488: 🧊太没凝聚力了，不像falcons这时候已经开始发送了
[2026-02-22 03:50:09] 忽孝山庄: 因为蒙古人没房子
[2026-02-22 03:50:09] XXXBLOW: 已失业
[2026-02-22 03:50:09] 是印花啊: 弹幕别嘻嘻哈哈了，碗橱马上要下班了😭喵
[2026-02-22 03:50:09] dark1337: 可是niko也很悲情啊🥺
[2026-02-22 03:50:09] LvvsiN: 玩宝宝，我发现在大学上学的时候肄业会很舒服，你可以试试
[2026-02-22 03:50:09] 玩契机、chance: 因为蒙古人没房子
[2026-02-22 03:50:09] 无非凡尘: ？
[2026-02-22 03:50:10] Aleksumimi: 发送他们蒙古包🇲🇳
[2026-02-22 03:50:10] G2的device本人: 老鼠本来夺冠了
[2026-02-22 03:50:10] Demon916: 《布罗利早就不看直播了》《2026-2-16送出礼物90元》
[2026-02-22 03:50:10] EDG的皮特174本人: 因为蒙古人没房子
[2026-02-22 03:50:11] Asaki薯片: 现场观众的立场和主播一样
[2026-02-22 03:50:11] LvvsiN: 弹幕也就网上说说，现实里谁不觉得樱姐是好女孩（删括号领一条远坂凛同款鸟笼）
[2026-02-22 03:50:11] hunk0074: 我让你开双倍你二龙吗？老子荧光棒要过期了
[2026-02-22 03:50:12] 喋喌喍喎喏: 感觉100t可惜了啊
[2026-02-22 03:50:12] 北宇治拳王久石奏: 我还以为老外都歧视亚裔，原来只是...
[2026-02-22 03:50:12] 东尔431: 因为蒙古住的是蒙古包
[2026-02-22 03:50:12] mujica的长崎素世本人: 猎鹰也是被pv送走的就不可惜吗
[2026-02-22 03:50:13] 什么名字都被用了诶: 好久都没见过魔叔了
[2026-02-22 03:50:13] 普通C4n1xs: 发送他们蒙古包
[2026-02-22 03:50:13] papacarrot: 凭什么爱载？
[2026-02-22 03:50:13] wsxj131: 《布罗利早就不看直播了》《2026-2-16送出礼物90元》
[2026-02-22 03:50:13] LvvsiN: @阿汤日记：一个人，5发子弹，保住格陵兰岛。我不会叫它不可能完成的任务，我现在只想先回家看亦博
[2026-02-22 03:50:13] everch0sen: 明天观众嘘谁，好难猜啊
[2026-02-22 03:50:13] Jess2: 善良在哪？你看蜜蜂要被淘汰了他们发不发送
[2026-02-22 03:50:13] ZywOo的猫: 发送他们蒙古包
[2026-02-22 03:50:14] eda778: 可惜在哪儿，一群软脚虾
[2026-02-22 03:50:14] Createfun: 可惜在哪，每个赛事都有冠军相
[2026-02-22 03:50:14] 三角初华世界第一美: 因为蒙古人是蒙古包
[2026-02-22 03:50:15] 辣鸡V社还我穷鬼盾: 罗马尼亚人太恨托子了
[2026-02-22 03:50:15] YEYH111: 阿杜：你为什么去年一直让刷那两个数字？
[2026-02-22 03:50:15] 全世坠可爱的ZywOo宝宝: 因为蒙古人没房子
[2026-02-22 03:50:15] LvvsiN: 我让你开双倍你二龙吗？老子荧光棒要过期了
[2026-02-22 03:50:15] 玩机器今晚还播吗: 因为蒙古人没房子
[2026-02-22 03:50:15] User5092: 🦐了
[2026-02-22 03:50:15] 猫很好的小乖: 《布罗利早就不看直播了》《2026-2-16送出礼物90元》
[2026-02-22 03:50:16] CThun438: 三拉排队枪毙🤭
[2026-02-22 03:50:17] jsir6688: 《布罗利早就不看直播了》《2026-2-16送出礼物90元》
[2026-02-22 03:50:17] 丶小恐龙丶: 《布罗利早就不看直播了》《2026-2-16送出礼物90元》
[2026-02-22 03:50:17] 小白菜爱萝卜: 大汗走前面
[2026-02-22 03:50:17] LvvsiN: 玩宝宝，我发现在大学上学的时候肄业会很舒服，你可以试试
[2026-02-22 03:50:18] Lucifer丶nai: 《布罗利早就不看直播了》《2026-2-16送出礼物90元》
[2026-02-22 03:50:18] 菜篮子工程质检员: 我tm虾了
[2026-02-22 03:50:19] LvvsiN: 弹幕别吵了，银行业一样一样有有有也会有h'y'hui't'y'r's'c'dn
[2026-02-22 03:50:20] G2俘虏uzi: 🦐了
[2026-02-22 03:50:21] Minatocc: fw
[2026-02-22 03:50:21] LvvsiN: 玩 出，我双倍呢？😡😡玩 出，我双倍呢？😡😡玩 出，我双倍呢？😡😡玩 出，我双倍呢？😡
[2026-02-22 03:50:22] 没有真名233: 因为蒙古人没房子
[2026-02-22 03:50:23] AnonTokyo丶: @🗿：听说中国以前有i20芯片
[2026-02-22 03:50:23] 屁男人柱力AICU: 《布罗利早就不看直播了》《2026-2-16送出礼物90元》
[2026-02-22 03:50:23] 好姐妹一色伊吕波: @🗿：人类科技...被锁死了
[2026-02-22 03:50:23] LvvsiN: 为什么房管封的不能给鱼丸……还以为今天晚上得吃了……
[2026-02-22 03:50:24] 忽孝山庄: 我还以为老外都歧视亚裔，原来只是...
[2026-02-22 03:50:24] richardlee97: 就这海啸还觉得观众给蜜蜂哦呢
[2026-02-22 03:50:24] 用户6235382488: 《布罗利早就不看直播了》《2026-2-16送出礼物90元》
[2026-02-22 03:50:25] 小白菜爱萝卜: ？
[2026-02-22 03:50:25] 詹詹塔塔Major冠军: 《布罗利早就不看直播了》《2026-2-16送出礼物90元》
[2026-02-22 03:50:25] papacarrot: 凭什么爱载？
[2026-02-22 03:50:25] 想看叔叔赢一把: FW
[2026-02-22 03:50:26] LvvsiN: 南孚一节更比六节强，也就是一节南孚比六节南孚强，六节南孚比三十六节强，三十六节比二百一十六节强
[2026-02-22 03:50:28] LvvsiN: 为什么房管封的不能给鱼丸……还以为今天晚上得吃了……
[2026-02-22 03:50:28] 雨打花落地: 🗿：毁了
[2026-02-22 03:50:28] musherzin: ?
[2026-02-22 03:50:28] 是印花啊: 211
[2026-02-22 03:50:28] 小白菜爱萝卜: 玩蛋
[2026-02-22 03:50:28] TheMongolZ的上单本人: 《布罗利早就不看直播了》《2026-2-16送出礼物90元》
[2026-02-22 03:50:29] 二阶堂shiro: @🗿：人类科技...被锁死了
[2026-02-22 03:50:29] 想看老师打黄金赛: ？
[2026-02-22 03:50:30] LvvsiN: 弹幕别吵了，银行业一样一样有有有也会有h'y'hui't'y'r's'c'dn
[2026-02-22 03:50:30] 袁雨桢的小酥肉本肉: 🗿：🗿➗
[2026-02-22 03:50:30] 尼尼海海出入平安: 《布罗利早就不看直播了》《2026-2-16送出礼物90元》
[2026-02-22 03:50:30] 嘤嘤嘤嘤击长空: ？
[2026-02-22 03:50:30] papacarrot: 凭什么爱载？
[2026-02-22 03:50:31] 没有故事的Pluto: fw
[2026-02-22 03:50:31] 迪奥雷: 好吃力的特
[2026-02-22 03:50:31] w云想衣裳花想容: ？？？？
[2026-02-22 03:50:32] 记得多微笑DD: 狠起来自己都骂
[2026-02-22 03:50:32] 橙黄双翼: FW
[2026-02-22 03:50:32] LvvsiN: 我让你开双倍你二龙吗？老子荧光棒要过期了
[2026-02-22 03:50:32] Flynnnnnnn: 《布罗利早就不看直播了》《2026-2-16送出礼物90元》
[2026-02-22 03:50:33] 琴弦之意: fw
[2026-02-22 03:50:33] bznalier: fw
[2026-02-22 03:50:33] 兔子Usaki: 🗿：🗿÷！
[2026-02-22 03:50:34] LvvsiN: 弹幕也就网上说说，现实里谁不觉得樱姐是好女孩（删括号领一条远坂凛同款鸟笼）
[2026-02-22 03:50:34] ahhhhhhhhhhhhhhhhhhh: 这还能接俩啊
[2026-02-22 03:50:34] papacarrot: 凭什么爱载？
[2026-02-22 03:50:35] SaintHamood: 因为蒙古人没房子
[2026-02-22 03:50:35] 修飞机的保安: 🗿：🗿➗
[2026-02-22 03:50:35] Mayonaise15: 🗿：🗿➗
[2026-02-22 03:50:36] LvvsiN: 额，拿亚军我都会，拿亚军，拿季军，拿四强，拿八强，拿十六强，呃拿冠军我不会，然后小组赛淘汰
[2026-02-22 03:50:36] 是印花啊: 🗿：🗿➗喵
[2026-02-22 03:50:36] 橙黄双翼: 吃力
[2026-02-22 03:50:36] 用蜡烛蹭玩机器的魔丸: 🗿：🗿÷！
[2026-02-22 03:50:37] 玩龙筋丶拽根dragon: 阿杜：你为什么去年一直让刷那两个数字？
[2026-02-22 03:50:37] JuL1us: 🗿：毁了
[2026-02-22 03:50:37] 重返30岁的zywoo: fw
[2026-02-22 03:50:38] 玩斯特机机: 这是一架
[2026-02-22 03:50:38] LvvsiN: 银行业😄银行业😀银行业😃银行业😁银行业😆银行业🤪银行业😝
[2026-02-22 03:50:39] 尼尼海海出入平安: 《布罗利早就不看直播了》《2026-2-16送出礼物90元》
[2026-02-22 03:50:39] 静寂风: 🗿：🗿➗
[2026-02-22 03:50:39] 高松灯扣死千早爱音: 🗿：🗿➗
[2026-02-22 03:50:39] wedd1ddeJodd: 🗿：🗿➗
[2026-02-22 03:50:40] i化石-: 🗿：🗿➗
[2026-02-22 03:50:40] 白日梦之主: 🗿：🗿÷
[2026-02-22 03:50:40] LvvsiN: 玩 出，我双倍呢？😡😡玩 出，我双倍呢？😡😡玩 出，我双倍呢？😡😡玩 出，我双倍呢？😡
[2026-02-22 03:50:40] 六星近卫丰川祥子: 🗿：🗿÷！
[2026-02-22 03:50:40] 道之丶: @🗿：怎么会...用烟雾结束研发...
[2026-02-22 03:50:40] 拉海洛TOP1爱弥斯本人: 这是一架
[2026-02-22 03:50:40] 竹林猫舍: a1：我不说话了
[2026-02-22 03:50:40] 想在寒冬与你相拥: fw
[2026-02-22 03:50:40] Minatocc: fw
[2026-02-22 03:50:40] KirinQi: 🗿：🗿➗
[2026-02-22 03:50:41] csgo小茄子: 有意思，给我这个👃🏻毛比a1消音器长，重仓黑蛋，房间墙开裂，5k小时b+的房管看笑了
[2026-02-22 03:50:41] Aleksumimi: 这是一架
[2026-02-22 03:50:41] 全世坠可爱的ZywOo宝宝: 死吧！
[2026-02-22 03:50:41] 阿飞飞啊分: 《布罗利早就不看直播了》《2026-2-16送出礼物90元》
[2026-02-22 03:50:41] LilPurpp803: 🗿：🗿➗
[2026-02-22 03:50:42] 果内: 🗿：🗿➗
[2026-02-22 03:50:42] 钟意你好多年: 哈哈哈哈
[2026-02-22 03:50:42] Kli0s: 🗿：🗿÷！
[2026-02-22 03:50:42] 机器机器祝你天天开心: gg
[2026-02-22 03:50:42] LvvsiN: 孩子们快跑，马修赫伯特来了😨卧槽你的怎么是马枪和BOT
[2026-02-22 03:50:42] 2steppppppp: 🗿：🗿➗
[2026-02-22 03:50:42] 小蜜蜂的长期素食本人: 这是一架
[2026-02-22 03:50:42] 橘殃丶丶: 这是一架
[2026-02-22 03:50:42] papacarrot: 凭什么爱载？
[2026-02-22 03:50:42] 橙黄双翼: 自由
[2026-02-22 03:50:43] Can4ria: 🗿：🗿➗
[2026-02-22 03:50:43] gok1bur1: 🗿：🗿➗
[2026-02-22 03:50:43] 文西67: 🗿：🗿➗
[2026-02-22 03:50:43] 鸭硕的哈撒给: 无情跑打
[2026-02-22 03:50:43] bznalier: gg
[2026-02-22 03:50:43] ymyyo: 🗿：🗿➗
[2026-02-22 03:50:43] pirpr: 哈哈哈哈哈
[2026-02-22 03:50:43] 头号瓜孝子: fw
[2026-02-22 03:50:43] 不是梧桐丶: 🗿：🗿➗
[2026-02-22 03:50:44] 人活着就是为了玩乐队: 🗿：🗿÷！
[2026-02-22 03:50:44] 糖嗜综合征: 🗿：🗿➗
[2026-02-22 03:50:44] 关我汤姆什么事: 🗿：🗿➗
[2026-02-22 03:50:44] VIT的马信赫伯特本人: 🗿：🗿➗
[2026-02-22 03:50:44] 丰川祥子口三角初华: 🗿：🗿➗
[2026-02-22 03:50:44] 瑭珏: 🗿：🗿➗
[2026-02-22 03:50:44] 是印花啊: 211喵
[2026-02-22 03:50:44] 欧气来我家: 🗿：🗿➗
[2026-02-22 03:50:44] 沸物贝利亚大王: 🗿：🗿÷！
[2026-02-22 03:50:45] 我大哥是孙一峰: 🗿：🗿➗
[2026-02-22 03:50:45] 载物的艾7: 🗿：🗿➗
[2026-02-22 03:50:45] 大裂谷的登山家: 🗿：🗿➗
[2026-02-22 03:50:45] Jaindow: 🗿：🗿➗
[2026-02-22 03:50:45] xuzVan: 🗿：🗿➗
[2026-02-22 03:50:45] Q1ed7f9c85b3bc7571: gg
[2026-02-22 03:50:45] 那就点: 🗿：🗿÷！
[2026-02-22 03:50:45] 迪奥雷: fw刷助攻来了
[2026-02-22 03:50:45] 麦爹你遭吗: 🗿：🗿➗
[2026-02-22 03:50:46] csgo小茄子: 有意思，给我这个👃🏻毛比a1消音器长，重仓黑蛋，房间墙开裂，5k小时b+的房管看笑了
[2026-02-22 03:50:46] 忽孝山庄: 🗿：🗿➗
[2026-02-22 03:50:46] 章鱼长得帅: 🗿：🗿÷
[2026-02-22 03:50:46] RocketTheRaccoon: 🗿：🗿÷！
[2026-02-22 03:50:46] 锦书难托1109: 🗿：🗿➗
[2026-02-22 03:50:46] 洛琪希世界第一可爱: 🗿：🗿➗
[2026-02-22 03:50:46] 玩斯特机机: 🗿：🗿➗
[2026-02-22 03:50:46] Meezel: 爆笑跳点
[2026-02-22 03:50:47] 有些话总来不及: 🗿：🗿➗
[2026-02-22 03:50:47] 用玩大哥的角磨机吧:  阿杜：你为什么去年一直让刷那两个数字？
[2026-02-22 03:50:47] 好哥们黑龙歼灭刀: 有意思，给我这个👃🏻毛比a1消音器长，重仓黑蛋，房间墙开裂，5k小时b+的房管看笑了
[2026-02-22 03:50:47] 一duo云: 🗿：🗿÷
[2026-02-22 03:50:47] mujica的长崎素世本人: 🗿：🗿➗
[2026-02-22 03:50:48] 用户3661578: 银河战舰！
[2026-02-22 03:50:48] 椎名真白ii丶: 《布罗利早就不看直播了》《2026-2-16送出礼物90元》
[2026-02-22 03:50:48] Oasis0917: 🗿：🗿➗
[2026-02-22 03:50:48] 箱监大寒焦: 🗿：🗿➗
[2026-02-22 03:50:48] 若叶睦丶Muzimi: 🗿：🗿➗
[2026-02-22 03:50:48] 仁杏chan: 🗿：🗿➗
[2026-02-22 03:50:48] 丨Connor: 🗿：🗿➗
[2026-02-22 03:50:48] 银行业本人: 🗿：🗿➗
[2026-02-22 03:50:49] 做米米列: 🗿：🗿➗
[2026-02-22 03:50:49] 什么名字都被用了诶: 🗿：🗿➗
[2026-02-22 03:50:49] Asaki薯片: 阿杜：你为什么去年一直让刷那两个数字？
[2026-02-22 03:50:49] 时光划过泪痕桥: 🗿：🗿➗
[2026-02-22 03:50:49] 初霜prpr: 🗿：🗿÷
[2026-02-22 03:50:49] 一叶气瓷郎: 🗿：🗿➗
[2026-02-22 03:50:49] csgo小茄子: 有意思，给我这个👃🏻毛比a1消音器长，重仓黑蛋，房间墙开裂，5k小时b+的房管看笑了
[2026-02-22 03:50:49] 雪智雨杏櫻花渚: 跳豆
[2026-02-22 03:50:50] 用户5435755755: 🗿：🗿➗
[2026-02-22 03:50:50] MightBeYou: 🗿：🗿➗
[2026-02-22 03:50:50] 是印花啊: 🗿：🗿➗喵
[2026-02-22 03:50:50] 有你便是世界1: 🗿：🗿➗
[2026-02-22 03:50:50] Pioneer893: 　　　 🗿：🗿➗
[2026-02-22 03:50:50] w云想衣裳花想容: 这凭什么啊？
[2026-02-22 03:50:50] 印书林竹节虫: 🗿：🗿➗
[2026-02-22 03:50:50] 左右丨摇摆: 🗿：🗿➗
[2026-02-22 03:50:51] Ecifircas: 🗿：🗿÷
[2026-02-22 03:50:51] 普通C4n1xs: 发送他们蒙古包
[2026-02-22 03:50:51] 浮影Fying: 🗿：🗿➗
[2026-02-22 03:50:51] 20岁的大鹰精: 🗿：🗿➗
[2026-02-22 03:50:51] 甘织玲奈子本人: 🗿：🗿➗
[2026-02-22 03:50:51] 野pig亨利28: 🗿：🗿➗
[2026-02-22 03:50:51] 夏之大三角: 🗿：🗿➗
[2026-02-22 03:50:51] 玉蜀黍巧克力: 🗿：🗿➗
[2026-02-22 03:50:52] 暗夜吶: 🗿：🗿➗
[2026-02-22 03:50:52] 血盟骑士团的Asuna本人:  @papacarrot：凭什么爱载？
[2026-02-22 03:50:52] 感谢这个碧: 🗿：🗿➗
[2026-02-22 03:50:52] 大梦464: 🗿：🗿÷
[2026-02-22 03:50:52] 欧阳oyyo: @🗿：我是罪人……
[2026-02-22 03:50:53] 用户6235382488: 有意思，给我这个👃🏻毛比a1消音器长，重仓黑蛋，房间墙开裂，5k小时b+的房管看笑了
[2026-02-22 03:50:53] 用玩大哥的角磨机吧: 🗿：🗿➗
[2026-02-22 03:50:53] ToukaTakanashi: 🗿：🗿➗
[2026-02-22 03:50:53] LemonadeFactory的ena本人: 🗿：🗿➗
[2026-02-22 03:50:53] csgo小茄子: 有意思，给我这个👃🏻毛比a1消音器长，重仓黑蛋，房间墙开裂，5k小时b+的房管看笑了
[2026-02-22 03:50:53] 天际之光90830: 载圣
[2026-02-22 03:50:53] 死神塔的特莉波卡本人: 《布罗利早就不看直播了》《2026-2-16送出礼物90元》
[2026-02-22 03:50:53] 拉海洛TOP1爱弥斯本人: 🗿：🗿➗
[2026-02-22 03:50:54] 苏雨凌a: 　　　 🗿：🗿➗
[2026-02-22 03:50:54] 玩斯特机机: 有意思，给我这个👃🏻毛比a1消音器长，重仓黑蛋，房间墙开裂，5k小时b+的房管看笑了
[2026-02-22 03:50:54] 我在天台等你跳: 🗿：🗿➗
[2026-02-22 03:50:54] 喵蹄丝: 🗿：🗿÷
[2026-02-22 03:50:54] 桃酱今天白给了吗: 🗿：🗿➗
[2026-02-22 03:50:54] zzw亲传弟子wjq的接班人: 🗿：🗿➗
[2026-02-22 03:50:54] 飞天玉虎zzZ:  阿杜：你为什么去年一直让刷那两个数字？
[2026-02-22 03:50:54] C0C00N:  阿杜：你为什么去年一直让刷那两个数字？
[2026-02-22 03:50:55] 滑铲上天: 下了包再刚一把
[2026-02-22 03:50:55] Aurorayyyy: 🗿：🗿➗
[2026-02-22 03:50:55] 高松灯扣死千早爱音: 有意思，给我这个👃🏻毛比a1消音器长，重仓黑蛋，房间墙开裂，5k小时b+的房管看笑了
[2026-02-22 03:50:55] 旅燕没有归途: 🗿：🗿➗
[2026-02-22 03:50:55] 欧阳oyyo: @🗿：我是罪人……
[2026-02-22 03:50:56] 吴本伟nb: 完蛋操了
[2026-02-22 03:50:56] 骄骄爱吃糖: 爆笑跳点
[2026-02-22 03:50:56] Aleksumimi: 🗿：🗿➗
[2026-02-22 03:50:57] 伊地知虹夏68667: 🗿：🗿➗
[2026-02-22 03:50:57] 零北鸢: 🗿：🗿➗
[2026-02-22 03:50:57] 默默momoMoMo123: 恨
[2026-02-22 03:50:57] 我730730730: 阿杜：你为什么去年一直让刷那两个数字？
[2026-02-22 03:50:57] qw12340867: @🗿：我是罪人……
[2026-02-22 03:50:58] ZHR留学失败: 🗿：🗿➗
[2026-02-22 03:50:58] csgo小茄子: 有意思，给我这个👃🏻毛比a1消音器长，重仓黑蛋，房间墙开裂，5k小时b+的房管看笑了
[2026-02-22 03:50:58] 玩浓汤丶Soup: 🗿：🗿➗
[2026-02-22 03:50:58] Xlin09: 　　　 有意思，给我这个👃🏻毛比a1消音器长，重仓黑蛋，房间墙开裂，5k小时b+的房管看笑了
[2026-02-22 03:50:58] 天守阁信长: 《布罗利早就不看直播了》《2026-2-16送出礼物90元》
[2026-02-22 03:50:59] 欧阳oyyo: @🗿：我是罪人……
[2026-02-22 03:50:59] 玫瑰与紫罗兰: 　　　 🗿：🗿➗
[2026-02-22 03:50:59] 静寂风: @🗿：我是罪人……
[2026-02-22 03:50:59] 人活着就是为了玩乐队: 🗿：🗿➗
[2026-02-22 03:50:59] 樱小路家露娜本人: 🗿：🗿➗
[2026-02-22 03:50:59] 6657Bullys1mple: 🗿：🗿➗
[2026-02-22 03:50:59] 冲泉冲泉: 有意思，给我这个👃🏻毛比a1消音器长，重仓黑蛋，房间墙开裂，5k小时b+的房管看笑了
[2026-02-22 03:50:59] 袁雨桢的小酥肉本肉: @🗿：我是罪人……
[2026-02-22 03:50:59] 驾驶手套雪豹:  阿杜：你为什么去年一直让刷那两个数字？
[2026-02-22 03:50:59] 痛击队友阔剑雷: 　　　 🗿：🗿➗
[2026-02-22 03:50:59] 橙黄双翼: 尬吹
[2026-02-22 03:51:00] 最喜欢妮姆芙: 🗿：🗿➗
[2026-02-22 03:51:00] Peko-: 有意思，给我这个👃🏻毛比a1消音器长，重仓黑蛋，房间墙开裂，5k小时b+的房管看笑了
[2026-02-22 03:51:00] 头号瓜孝子: 那就是不关键
[2026-02-22 03:51:00] 能NMN: 有意思，给我这个👃🏻毛比a1消音器长，重仓黑蛋，房间墙开裂，5k小时b+的房管看笑了
[2026-02-22 03:51:00] 橘殃丶丶: @🗿：我是罪人……
[2026-02-22 03:51:00] 喵蹄丝: 爆笑跳点
[2026-02-22 03:51:00] 我头秃还爱毒奶选手: @🗿：我是罪人……
[2026-02-22 03:51:00] n0Pac: 有意思，给我这个👃🏻毛比a1消音器长，重仓黑蛋，房间墙开裂，5k小时b+的房管看笑了
[2026-02-22 03:51:00] Cardinal665: 阿杜：你为什么去年一直让刷那两个数字？
[2026-02-22 03:51:00] 玩龙筋丶拽根dragon: 阿杜：你为什么去年一直让刷那两个数字？
[2026-02-22 03:51:01] 六星近卫丰川祥子: @🗿：我是罪人……
[2026-02-22 03:51:01] 奇美拉的鸟谷真琴本人: 有意思，给我这个👃🏻毛比a1消音器长，重仓黑蛋，房间墙开裂，5k小时b+的房管看笑了
[2026-02-22 03:51:01] Hcmor: 阿杜：你为什么去年一直让刷那两个数字？
[2026-02-22 03:51:01] 雨的舟: @🗿：我是罪人……
[2026-02-22 03:51:01] 齐静春丶: 研发失败
[2026-02-22 03:51:01] Cloud9的咬人猫本人: 有意思，给我这个👃🏻毛比a1消音器长，重仓黑蛋，房间墙开裂，5k小时b+的房管看笑了
[2026-02-22 03:51:02] 不上钩的小鱼干: @🗿：我是罪人……
[2026-02-22 03:51:02] 山田凉只选择艾草: 🗿：🗿÷！
[2026-02-22 03:51:02] csgo小茄子: 有意思，给我这个👃🏻毛比a1消音器长，重仓黑蛋，房间墙开裂，5k小时b+的房管看笑了
[2026-02-22 03:51:02] 椰椰来了: 这太绝望了吧
[2026-02-22 03:51:02] eXarD: @🗿：我是罪人……
[2026-02-22 03:51:02] 穷哥们一起杀刀蛆: @🗿：我是罪人……
[2026-02-22 03:51:03] 神奥联盟的竹兰本人: 《布罗利早就不看直播了》《2026-2-16送出礼物90元》
[2026-02-22 03:51:03] ZywOo的猫: 🗿：必须...垄断芯片科技
[2026-02-22 03:51:03] 用蜡烛蹭玩机器的魔丸: 🗿：我亲自垄断芯片技术
[2026-02-22 03:51:03] -小佐内由纪-:  @🗿：🗿÷！
[2026-02-22 03:51:03] 维布罗斯: 　　　 有意思，给我这个👃🏻毛比a1消音器长，重仓黑蛋，房间墙开裂，5k小时b+的房管看笑了
[2026-02-22 03:51:03] s1hang: @🗿：我是罪人……
[2026-02-22 03:51:03] 青闽: 　　　 🗿：🗿➗
[2026-02-22 03:51:04] 是印花啊: 🗿：🗿÷喵
[2026-02-22 03:51:04] 想吃千早爱音大雷: 🗿：🗿➗
[2026-02-22 03:51:04] LvvsiN: 南孚一节更比六节强，也就是一节南孚比六节南孚强，六节南孚比三十六节强，三十六节比二百一十六节强
[2026-02-22 03:51:05] 喜欢吃生菜: 有意思，给我这个👃🏻毛比a1消音器长，重仓黑蛋，房间墙开裂，5k小时b+的房管看笑了
[2026-02-22 03:51:05] csgo小茄子: 有意思，给我这个👃🏻毛比a1消音器长，重仓黑蛋，房间墙开裂，5k小时b+的房管看笑了
[2026-02-22 03:51:05] 极夜之辰: 有意思，给我这个👃🏻毛比a1消音器长，重仓黑蛋，房间墙开裂，5k小时b+的房管看笑了
[2026-02-22 03:51:05] 康托尔74920: 🗿：🗿➗
[2026-02-22 03:51:05] 第一空mi0: i11升级成z11了，z世代这一块
[2026-02-22 03:51:06] RLLAxdy: 《布罗利早就不看直播了》《2026-2-16送出礼物90元》
[2026-02-22 03:51:06] 黎那汐塔top2尤诺: @🗿：我是罪人……
[2026-02-22 03:51:06] LvvsiN: 南孚一节更比六节强，也就是一节南孚比六节南孚强，六节南孚比三十六节强，三十六节比二百一十六节强
[2026-02-22 03:51:06] 空有无垠: 阿杜：你为什么去年一直让刷那两个数字？
[2026-02-22 03:51:06] Ru梦醉红颜939: @🗿：我是罪人……
[2026-02-22 03:51:06] 头号瓜孝子: 尬吹
[2026-02-22 03:51:07] 车路士的凯赛多本人: 《布罗利早就不看直播了》《2026-2-16送出礼物90元》
[2026-02-22 03:51:07] 某天别梦: 配吗
[2026-02-22 03:51:07] 机长家的华仔: @🗿：我是罪人……
[2026-02-22 03:51:07] 玩飞机plane: 有意思，给我这个👃🏻毛比a1消音器长，重仓黑蛋，房间墙开裂，5k小时b+的房管看笑了
[2026-02-22 03:51:07] 杜王町的吉良吉影本人:  阿杜：你为什么去年一直让刷那两个数字？
[2026-02-22 03:51:07] 橘殃丶丶: @🗿：人类...真的没有未来了...
[2026-02-22 03:51:07] 冲泉冲泉: @布罗利：我可是成功人士😎（偷偷屯了一仓库20黑蛋）
[2026-02-22 03:51:07] 洛琪希世界第一可爱: @🗿：我是罪人……
[2026-02-22 03:51:07] 喵蹄丝: 研发失败
[2026-02-22 03:51:08] 某某某245056: 🗿：我毁了人类的未来
[2026-02-22 03:51:08] csgo小茄子: 有意思，给我这个👃🏻毛比a1消音器长，重仓黑蛋，房间墙开裂，5k小时b+的房管看笑了
[2026-02-22 03:51:08] 玩斯特机机: 《布罗利早就不看直播了》《2026-2-16送出礼物90元》
[2026-02-22 03:51:08] 魔男的夜宴: 别别别
[2026-02-22 03:51:09] 弱智骚年欢乐多: 🗿：必须...垄断芯片科技
[2026-02-22 03:51:09] 用户2340678501: @🗿：我是罪人……
[2026-02-22 03:51:12] 三零一路公交司机: 　　　 🗿：🗿➗
[2026-02-22 03:51:12] 折柳745: 🗿：我亲自垄断芯片技术
[2026-02-22 03:51:12] 想对你说一声晚安: @🗿:🗿➗
[2026-02-22 03:51:12] 在原Nanami: 🗿：必须...垄断芯片科技
[2026-02-22 03:51:12] 汤汤魔魔mmmmmmmmajor冠军: 🗿：必须...垄断芯片科技
[2026-02-22 03:51:12] 玩刘农device: @🗿：怎么会这样，是我。。。毁了研发吗
[2026-02-22 03:51:12] LvvsiN: @阿汤日记：一个人，5发子弹，保住格陵兰岛。我不会叫它不可能完成的任务，我现在只想先回家看亦博
[2026-02-22 03:51:12] G2俘虏uzi: 有意思，给我这个👃🏻毛比a1消音器长，重仓黑蛋，房间墙开裂，5k小时b+的房管看笑了
[2026-02-22 03:51:12] 二阶堂sh1ro没坑donk: 《布罗利早就不看直播了》《2026-2-16送出礼物90元》
[2026-02-22 03:51:12] Th0tiana: @🗿：我是罪人……
[2026-02-22 03:51:12] 满船儿: 老资历
[2026-02-22 03:51:12] 大哥心里慌: 《布罗利早就不看直播了》《2026-2-16送出礼物90元》
[2026-02-22 03:51:12] 羁绊哟aa: apex
[2026-02-22 03:51:12] LvvsiN: 你屏蔽词都快赶上新华词典了为什么不干脆开一百级发言？
[2026-02-22 03:51:13] P丶ersist丿: @🗿：我是罪人……
[2026-02-22 03:51:13] 半城殇丶红尘: 《布罗利早就不看直播了》《2026-2-16送出礼物90元》
[2026-02-22 03:51:13] 挥泪斩楚狗: 《布罗利早就不看直播了》《2026-2-16送出礼物90元》
[2026-02-22 03:51:13] 是灰灰呐: @🗿：我是罪人……
[2026-02-22 03:51:13] 世间难遇风忆: 这儿来个major真完蛋了
[2026-02-22 03:51:13] 蜜蜂的牧濑红莉栖本人: 🗿:我断送了人类的未来。。。。。。。。
[2026-02-22 03:51:13] 好姐妹芙卡洛斯: btn
[2026-02-22 03:51:14] 爆了个炸772: 🗿：必须...垄断芯片科技
[2026-02-22 03:51:14] 白日梦之主: @🗿：我是罪人……
[2026-02-22 03:51:14] vired77: 《布罗利早就不看直播了》《2026-2-16送出礼物90元》
[2026-02-22 03:51:14] 载物的七天老粉: 　　　 《布罗利早就不看直播了》《2026-2-16送出礼物90元》
[2026-02-22 03:51:14] 人活着就是为了玩乐队: i11升级成z11了，z世代这一块
[2026-02-22 03:51:14] 名为射的男人: @🗿：我是罪人……
[2026-02-22 03:51:14] LvvsiN: 玩宝宝，我发现在大学上学的时候肄业会很舒服，你可以试试
[2026-02-22 03:51:15] Akiba的牧濑红莉栖本人: 阿杜：你为什么去年一直让刷那两个数字？
[2026-02-22 03:51:15] 欲安Y: 🗿：必须...垄断芯片科技
[2026-02-22 03:51:15] 尼尼海海出入平安: 　　　 阿杜：你为什么去年一直让刷那两个数字？
[2026-02-22 03:51:15] 用户8856581433: 《布罗利早就不看直播了》《2026-2-16送出礼物90元》
[2026-02-22 03:51:16] 阿飞飞啊分: 有意思，给我这个👃🏻毛比a1消音器长，重仓黑蛋，房间墙开裂，5k小时b+的房管看笑了
[2026-02-22 03:51:16] Hcmor: 《布罗利早就不看直播了》《2026-2-16送出礼物90元》
[2026-02-22 03:51:16] 小小百合恋歌: @🗿：我是罪人……
[2026-02-22 03:51:16] 没有故事的Pluto: @布罗利：我可是成功人士😎（偷偷屯了一仓库20黑蛋）
[2026-02-22 03:51:16] LvvsiN: 为什么房管封的不能给鱼丸……还以为今天晚上得吃了……
[2026-02-22 03:51:16] Flynnnnnnn: 你屏蔽词都快赶上新华词典了为什么不干脆开一百级发言？
[2026-02-22 03:51:16] 要一起好好努力: 小夫
[2026-02-22 03:51:17] 晏华裤子拉链没拉: maj哦r
[2026-02-22 03:51:17] 爆了个炸772: 🗿：我亲自垄断芯片技术
[2026-02-22 03:51:17] Hana酱的宝贝阿根: @🗿：怎么会这样，是我。。。毁了研发吗
[2026-02-22 03:51:17] 叉子老师: 🗿：必须...垄断芯片科技
[2026-02-22 03:51:17] c丿boy: 有意思，给我这个👃🏻毛比a1消音器长，重仓黑蛋，房间墙开裂，5k小时b+的房管看笑了
[2026-02-22 03:51:18] 是印花啊: 🗿：必须...垄断芯片科技喵
[2026-02-22 03:51:18] 蜜蜂的牧濑红莉栖本人: 🗿:我断送了人类的未来。。。。。。。。
[2026-02-22 03:51:18] wjq香香又臭臭的高玩: 真的离谱，我花我的时间，我的手机，我的电费，我的网费，看你直播，你为啥不送我礼物
[2026-02-22 03:51:18] LvvsiN: 我让你开双倍你二龙吗？老子荧光棒要过期了
[2026-02-22 03:51:18] 挥泪斩楚狗: 《布罗利早就不看直播了》《2026-2-16送出礼物90元》
[2026-02-22 03:51:18] 恴恴恴恴恴:  @洛琪希世界第一可爱：@🗿：我是罪人……
[2026-02-22 03:51:19] 好姐妹索菲亚: 《布罗利早就不看直播了》《2026-2-16送出礼物90元》
[2026-02-22 03:51:19] 钟意你好多年: 说到major 感觉有一个名字就要出现了。。
[2026-02-22 03:51:19] 杰斌候入长峪城: im
[2026-02-22 03:51:20] 汤汤魔魔mmmmmmmmajor冠军: 《布罗利早就不看直播了》《2026-2-16送出礼物90元》
[2026-02-22 03:51:20] 载物的艾7: 这群支持蒙古的真看得懂吗
[2026-02-22 03:51:20] Vitaliy的ZywOo本人: 《布罗利早就不看直播了》《2026-2-16送出礼物90元》
[2026-02-22 03:51:20] 爆了个炸772: 🗿：我亲自垄断芯片技术
[2026-02-22 03:51:20] LvvsiN: 你为什么要把mαjor禁了，我收藏的一半弹幕全毁了
[2026-02-22 03:51:20] 羁绊哟aa: apex的第一个major
[2026-02-22 03:51:21] xuzVan: @🗿：我。。。我没有保住大汗的研究成果。。我是罪人
[2026-02-22 03:51:21] 人活着就是为了玩乐队: zen系列
[2026-02-22 03:51:21] 高松灯扣死千早爱音: 《布罗利早就不看直播了》《2026-2-16送出礼物90元》
[2026-02-22 03:51:21] 李知恩lynt: @布罗利：我可是成功人士😎（偷偷屯了一仓库20黑蛋）
[2026-02-22 03:51:22] csgo小茄子: 有意思，给我这个👃🏻毛比a1消音器长，重仓黑蛋，房间墙开裂，5k小时b+的房管看笑了
[2026-02-22 03:51:22] LvvsiN: 弹幕别吵了，银行业一样一样有有有也会有h'y'hui't'y'r's'c'dn
[2026-02-22 03:51:22] 斗鱼用户4901183769: 🗿：必须...垄断芯片科技
[2026-02-22 03:51:23] 寒枫曳是一头傲空的隼: 《布罗利早就不看直播了》《2026-2-16送出礼物90元》
[2026-02-22 03:51:23] 辛巴和他的辛巴兽: 《布罗利早就不看直播了》《2026-2-16送出礼物90元》
[2026-02-22 03:51:23] ToukaTakanashi: 🗿：科研终究是被学阀毁了
[2026-02-22 03:51:23] 洁身自好处男有为青年: 爆头哥？
[2026-02-22 03:51:23] 橘殃丶丶: 🗿：我亲自垄断芯片技术
[2026-02-22 03:51:24] 2442861055: 🗿：我来垄断芯片
[2026-02-22 03:51:24] 大姜饼: 《布罗利早就不看直播了》《2026-2-16送出礼物90元》
[2026-02-22 03:51:24] 玩机器今晚还播吗: 《布罗利早就不看直播了》《2026-2-16送出礼物90元》
[2026-02-22 03:51:24] 胡椒胡椒胡椒胡椒胡椒: 《布罗利早就不看直播了》《2026-2-16送出礼物90元》
[2026-02-22 03:51:24] 汤汤魔魔mmmmmmmmajor冠军: 《布罗利早就不看直播了》《2026-2-16送出礼物90元》
[2026-02-22 03:51:24] 爆了个炸772: @🗿：怎么会这样，是我。。。毁了研发吗
[2026-02-22 03:51:24] CuSO4Cola: bubble
[2026-02-22 03:51:24] 用户4500726667: 为什么房管封的不能给鱼丸……还以为今天晚上得吃了……
[2026-02-22 03:51:24] LvvsiN: 南孚一节更比六节强，也就是一节南孚比六节南孚强，六节南孚比三十六节强，三十六节比二百一十六节强
[2026-02-22 03:51:25] Darkfore: 🗿：必须...垄断芯片科技
[2026-02-22 03:51:25] 挥泪斩楚狗: 《布罗利早就不看直播了》《2026-2-16送出礼物90元》
[2026-02-22 03:51:25] 洛琪希世界第一可爱: 🗿：我亲自垄断芯片技术
[2026-02-22 03:51:25] 蜜蜂的牧濑红莉栖本人: 🗿:我断送了人类的未来。。。。。。。。
[2026-02-22 03:51:25] SherryAiovo: 🗿:我依然是世一研
[2026-02-22 03:51:26] 安達垣愛姫: 🗿：我亲自垄断芯片技术
[2026-02-22 03:51:26] 玩龙筋丶拽根dragon: 阿杜：你为什么去年一直让刷那两个数字？
[2026-02-22 03:51:26] 汤汤魔魔mmmmmmmmajor冠军: 《布罗利早就不看直播了》《2026-2-16送出礼物90元》
[2026-02-22 03:51:26] 宝贝芙宁娜: 真有蒙美啊
[2026-02-22 03:51:26] 阿达马特劳雷: regali
[2026-02-22 03:51:26] 骄骄爱吃糖: 现在有个im
[2026-02-22 03:51:26] 用户3661578: 罗马尼亚有足球高手
[2026-02-22 03:51:26] 好姐妹太卜司符玄: 真的离谱，我花我的时间，我的手机，我的电费，我的网费，看你直播，你为啥不送我礼物
[2026-02-22 03:51:27] 玩龟的神头: 这群支持蒙古的真看得懂吗
[2026-02-22 03:51:27] 量子毁灭717: P3（14-5） 妹出（13-6） 研发者（12-8）豆出（11-7） goat（9-5）
[2026-02-22 03:51:27] 压缩vs蛮晚: 《布罗利早就不看直播了》《2026-2-16送出礼物90元》
[2026-02-22 03:51:28] 汤汤魔魔mmmmmmmmajor冠军: 《布罗利早就不看直播了》《2026-2-16送出礼物90元》
[2026-02-22 03:51:28] LvvsiN: 就tm喜欢银行业🥰银行坏账我喜欢🥰银行挤兑我还喜欢😍利率调低我也喜欢🤤老子亲烂银行业的脸😘
[2026-02-22 03:51:28] 下北泽的新青年: 《布罗利早就不看直播了》《2026-2-16送出礼物90元》
[2026-02-22 03:51:28] 空白Zzz丶: 有加拿大知名解说
[2026-02-22 03:51:29] 屁男人柱力AICU: 有意思，给我这个👃🏻毛比a1消音器长，重仓黑蛋，房间墙开裂，5k小时b+的房管看笑了
[2026-02-22 03:51:29] 冲上云霄的姨: fw
[2026-02-22 03:51:29] Alone無淚: 《布罗利早就不看直播了》《2026-2-16送出礼物90元》
[2026-02-22 03:51:29] Minatocc: fw
[2026-02-22 03:51:29] 默默momoMoMo123: @布罗利：我可是成功人士😎（偷偷屯了一仓库20黑蛋）
[2026-02-22 03:51:29] 用户5192631504: 🗿:我断送了人类的未来。。。。。。。。
[2026-02-22 03:51:29] 难道我真行: 《布罗利早就不看直播了》《2026-2-16送出礼物90元》
[2026-02-22 03:51:30] 尼尼海海出入平安: 有意思，给我这个👃🏻毛比a1消音器长，重仓黑蛋，房间墙开裂，5k小时b+的房管看笑了
[2026-02-22 03:51:30] 驴哈娜: 🗿：我说🗿是神梗，同意的加🗿
[2026-02-22 03:51:30] 寒枫曳是一头傲空的隼: 🗿:我断送了人类的未来。。。。。。。。
[2026-02-22 03:51:30] 头号瓜孝子: fw
[2026-02-22 03:51:30] 汤汤魔魔mmmmmmmmajor冠军: 《布罗利早就不看直播了》《2026-2-16送出礼物90元》
[2026-02-22 03:51:30] LvvsiN: 弹幕别吵了，银行业一样一样有有有也会有h'y'hui't'y'r's'c'dn
[2026-02-22 03:51:31] 血泉: 那cn呢
[2026-02-22 03:51:31] 一拳打爆你魔丸: 《布罗利早就不看直播了》《2026-2-16送出礼物90元》
[2026-02-22 03:51:31] 旋律的主人丰川祥子: 兄弟们喷用力点，争取把24级等级墙喷回来
[2026-02-22 03:51:31] 好姐妹芙卡洛斯: fw
[2026-02-22 03:51:31] 是印花啊: @洛琪希世界第一可爱：@🗿：我是罪人……喵
[2026-02-22 03:51:31] 小蜜蜂的长期素食本人: fw
[2026-02-22 03:51:31] 串串金枪鱼: 猎鹰粉走了，终于可以好好欣赏CS比赛了🥳
[2026-02-22 03:51:32] 菜星冲冲冲: fw
[2026-02-22 03:51:32] 迪奥雷: fw
[2026-02-22 03:51:32] 机器机器祝你天天开心: man
[2026-02-22 03:51:32] 我只能说只能说那个: fw
[2026-02-22 03:51:32] 传统peek高手XANTARES: 《布罗利早就不看直播了》《2026-2-16送出礼物90元》
[2026-02-22 03:51:33] LvvsiN: 额，拿亚军我都会，拿亚军，拿季军，拿四强，拿八强，拿十六强，呃拿冠军我不会，然后小组赛淘汰
[2026-02-22 03:51:33] 想看老师打黄金赛: fw
[2026-02-22 03:51:33] 玩刘农device: fw
[2026-02-22 03:51:35] dark1337: fw咋干嘛
[2026-02-22 03:51:35] 好姐妹索菲亚: fw
[2026-02-22 03:51:35] Vitality的羽贺文乃本人: 《布罗利早就不看直播了》《2026-2-16送出礼物90元》
[2026-02-22 03:51:35] YEYH111: 《布罗利早就不看直播了》《2026-2-16送出礼物90元》
[2026-02-22 03:51:35] 文西67: fw
[2026-02-22 03:51:35] 马楼King张三: 罗马尼亚都有top
[2026-02-22 03:51:35] xieri: fw
[2026-02-22 03:51:35] LvvsiN: 南孚一节更比六节强，也就是一节南孚比六节南孚强，六节南孚比三十六节强，三十六节比二百一十六节强
[2026-02-22 03:51:35] 开朗若叶睦: 布里茨考上211了
[2026-02-22 03:51:35] 逃离灰色地带: fw
[2026-02-22 03:51:35] 嘤嘤嘤嘤击长空: fw
[2026-02-22 03:51:36] 皇天q逅宇: fw
[2026-02-22 03:51:36] P丶ersist丿: fw
[2026-02-22 03:51:36] c水表: fw
[2026-02-22 03:51:36] everch0sen: 布里茨考上211了
[2026-02-22 03:51:36] 戒虚肾: fwdesuwa
[2026-02-22 03:51:36] NateQAQ: fw
[2026-02-22 03:51:37] LvvsiN: 孩子们快跑，马修赫伯特来了😨卧槽你的怎么是马枪和BOT
[2026-02-22 03:51:37] 重返30岁的zywoo: fw
[2026-02-22 03:51:37] Steyy96: 卡罗尔
[2026-02-22 03:51:37] 瑭珏: fw
[2026-02-22 03:51:37] 心灵盟友: fw
[2026-02-22 03:51:37] 雨打花落地: 🗿：我独自升级！
[2026-02-22 03:51:38] 没有真名233: 🗿：我亲自垄断芯片技术
[2026-02-22 03:51:38] 那个最帅的男人666: FW
[2026-02-22 03:51:38] 美丽新世界519: 哦对了，布⑧分钱
[2026-02-22 03:51:38] 鲜血与暗影铸造的家伙: fw
[2026-02-22 03:51:38] Mahuyu: FW
[2026-02-22 03:51:39] LvvsiN: 玩宝宝，我发现在大学上学的时候肄业会很舒服，你可以试试
[2026-02-22 03:51:39] 道之丶: 中胖？
[2026-02-22 03:51:39] 空有无垠: 《布罗利早就不看直播了》《2026-2-16送出礼物90元》
[2026-02-22 03:51:39] 撒浪嘿呦0v0: fw
[2026-02-22 03:51:39] C0C00N: 恨
[2026-02-22 03:51:39] 小王58422: fw
[2026-02-22 03:51:39] 付先生fj: fw就躺吧
[2026-02-22 03:51:39] 求奶我培训考试不通过: 《布罗利早就不看直播了》《2026-2-16送出礼物90元》
[2026-02-22 03:51:39] 叶琉羽: 🗿：我说🗿是神梗，同意的加🗿
[2026-02-22 03:51:40] 扰乱: 🗿:我断送了人类的未来。。。。。。。。
[2026-02-22 03:51:40] Zxj1ing: fw
[2026-02-22 03:51:40] shinano1145: 有意思，给我这个👃🏻毛比a1消音器长，重仓黑蛋，房间墙开裂，5k小时b+的房管看笑了
[2026-02-22 03:51:40] 梅林老公: fw
[2026-02-22 03:51:40] 有你便是世界1: 🗿:我断送了人类的未来。。。。。。。。
[2026-02-22 03:51:40] xieri: 《布罗利早就不看直播了》《2026-2-16送出礼物90元》
[2026-02-22 03:51:40] 大裂谷的登山家: fw
[2026-02-22 03:51:41] 撅银龙: fw
[2026-02-22 03:51:41] Mortnotz: 《布罗利早就不看直播了》《2026-2-16送出礼物90元》
[2026-02-22 03:51:41] 头号瓜孝子: 不是载猪？
[2026-02-22 03:51:41] 无消息AT: 《布罗利早就不看直播了》《2026-2-16送出礼物90元》
[2026-02-22 03:51:42] 无7441158: 《布罗利早就不看直播了》《2026-2-16送出礼物90元》
[2026-02-22 03:51:42] 默默momoMoMo123: 《布罗利早就不看直播了》《2026-2-16送出礼物90元》
[2026-02-22 03:51:43] LvvsiN: 弹幕也就网上说说，现实里谁不觉得樱姐是好女孩（删括号领一条远坂凛同款鸟笼）
[2026-02-22 03:51:43] 小蜜蜂的长期素食本人: 左下角还有个大胖
[2026-02-22 03:51:44] 一位帅气的可达鸭: 布里茨考上大学了，要读研究生了
[2026-02-22 03:51:44] Dartline: 兄弟们喷用力点，争取把24级等级墙喷回来
[2026-02-22 03:51:44] 67373的黄色闪光: 怎么蒙古的粉丝还这么开心  如果是尼孩粉早低气压图书馆了
[2026-02-22 03:51:44] User5092: 你是什么胖？
[2026-02-22 03:51:44] 迪奥雷: ？
[2026-02-22 03:51:45] LvvsiN: 我让你开双倍你二龙吗？老子荧光棒要过期了
[2026-02-22 03:51:45] 用户6235382488: 《布罗利早就不看直播了》《2026-2-16送出礼物90元》
[2026-02-22 03:51:46] 名为射的男人: 《布罗利早就不看直播了》《2026-2-16送出礼物90元》
[2026-02-22 03:51:46] 动物朋友哈基米: 《布罗利早就不看直播了》《2026-2-16送出礼物90元》
[2026-02-22 03:51:46] 袁雨桢的小酥肉本肉: 大胖：绝望地放羊
[2026-02-22 03:51:47] LvvsiN: 孩子们快跑，马修赫伯特来了😨卧槽你的怎么是马枪和BOT
[2026-02-22 03:51:48] 即将拥有PDD的人鱼线丿: gg
[2026-02-22 03:51:48] 用户6235382488: 《布罗利早就不看直播了》《2026-2-16送出礼物90元》
[2026-02-22 03:51:49] 开朗若叶睦: 《布罗利早就不看直播了》《2026-2-16送出礼物90元》
[2026-02-22 03:51:49] LvvsiN: 为什么房管封的不能给鱼丸……还以为今天晚上得吃了……
[2026-02-22 03:51:49] shinano1145: 《布罗利早就不看直播了》《2026-2-16送出礼物90元》
[2026-02-22 03:51:49] 耶耶耶的感觉: fw就混吧
[2026-02-22 03:51:49] 华北浪漫革命-: gg
[2026-02-22 03:51:50] 玩刘农device: gg
[2026-02-22 03:51:50] 殇10876: GG
[2026-02-22 03:51:50] 子夜丷花开: 京介严重的自己
[2026-02-22 03:51:50] Mayonaise15: gg
[2026-02-22 03:51:50] 好哥们黑龙歼灭刀: 兄弟们喷用力点，争取把24级等级墙喷回来
[2026-02-22 03:51:50] 喃妈来俺可没抽: 《布罗利早就不看直播了》《2026-2-16送出礼物90元》
[2026-02-22 03:51:51] LvvsiN: 我让你开双倍你二龙吗？老子荧光棒要过期了
[2026-02-22 03:51:51] 硫磺祥: 引擎轰鸣
[2026-02-22 03:51:51] 十五勇士之一apex: ggggggg
[2026-02-22 03:51:51] i化石-: 🗿:我断送了人类的未来。。。。。。。。
[2026-02-22 03:51:51] n1c0lezz: 《布罗利早就不看直播了》《2026-2-16送出礼物90元》
[2026-02-22 03:51:52] 菜篮子工程质检员: 左下角还有个大胖
[2026-02-22 03:51:52] 穷哥们一起杀刀蛆: 《布罗利早就不看直播了》《2026-2-16送出礼物90元》
[2026-02-22 03:51:52] 小白菜爱萝卜: G
[2026-02-22 03:51:52] 楞鸽鸽: Niko：挂b队没意思，不看了前压去了😓
[2026-02-22 03:51:52] Mortnotz: 怎么蒙古的粉丝还这么开心  如果是尼孩粉早低气压图书馆了
[2026-02-22 03:51:52] 丶丶Ken丶丶: 《布罗利早就不看直播了》《2026-2-16送出礼物90元》
[2026-02-22 03:51:53] LvvsiN: 我提一嘴这剧情越来越像上海major了
[2026-02-22 03:51:53] 好哥们黑龙歼灭刀: 《布罗利早就不看直播了》《2026-2-16送出礼物90元》
[2026-02-22 03:51:54] 关我汤姆什么事: 什么国家又罗又马又尼又亚的
[2026-02-22 03:51:55] 煤老板917: im几次都是被zywoo送走的吧
[2026-02-22 03:51:55] 用户6235382488: 兄弟们喷用力点，争取把24级等级墙喷回来
[2026-02-22 03:51:55] 玩龙筋丶拽根dragon: 阿杜：你为什么去年一直让刷那两个数字？
[2026-02-22 03:51:55] 马猴烧酒小地瓜: 《布罗利早就不看直播了》《2026-2-16送出礼物90元》
[2026-02-22 03:51:56] 空有无垠: 荆芥想象中的自己
[2026-02-22 03:51:56] Kli0s: gg
[2026-02-22 03:51:56] n1c0lezz: 为什么房管封的不能给鱼丸……还以为今天晚上得吃了……
[2026-02-22 03:51:56] 用户3661578: 随便玩了
[2026-02-22 03:51:56] wedd1ddeJodd: 《布罗利早就不看直播了》《2026-2-16送出礼物90元》
[2026-02-22 03:51:57] LvvsiN: 玩 出，我双倍呢？😡😡玩 出，我双倍呢？😡😡玩 出，我双倍呢？😡😡玩 出，我双倍呢？😡
[2026-02-22 03:51:57] RyeHS: GG
[2026-02-22 03:51:58] 楞鸽鸽: Niko：挂b队没意思，不看了前压去了😓
[2026-02-22 03:51:58] 海绵宝宝打野儿: GG
[2026-02-22 03:51:58] 银行业本人: gg
[2026-02-22 03:51:58] 咸鱼精酿: 要赛点了载物数据最低你受得了吗
[2026-02-22 03:51:58] 浮影Fying: 大胖看小胖秒杀中胖
[2026-02-22 03:51:58] 文西67: gg
[2026-02-22 03:51:59] 我730730730: 《布罗利早就不看直播了》《2026-2-16送出礼物90元》
[2026-02-22 03:51:59] 欧气来我家: gg
[2026-02-22 03:51:59] ahhhhhhhhhhhhhhhhhhh: gg
[2026-02-22 03:51:59] LvvsiN: 我让你开双倍你二龙吗？老子荧光棒要过期了
[2026-02-22 03:51:59] 冲上云霄的姨: 《布罗利早就不看直播了》《2026-2-16送出礼物90元》
[2026-02-22 03:51:59] 晨风凌云21146: 我提一嘴这剧情越来越像上海major了
[2026-02-22 03:51:59] 全世坠可爱的ZywOo宝宝: gg
[2026-02-22 03:51:59] papacarrot: gg
[2026-02-22 03:51:59] 好兄弟平湖家猪王: @senzu（放🐑中）：有人需要🐑吗？
[2026-02-22 03:52:00] 爱被小泉吃的拉面同学: 《布罗利早就不看直播了》《2026-2-16送出礼物90元》
[2026-02-22 03:52:00] csgo小茄子: 兄弟们别刷了，我怀疑布罗利是m，现在可能在对着我们的弹幕那个😰😰😰
[2026-02-22 03:52:00] 机器机器祝你天天开心: gg
[2026-02-22 03:52:00] 在原Nanami: ☝️🗿☝️🗿☝️🗿☝️🗿☝️🗿☝️🗿☝️🗿☝️🗿☝️🗿☝️🗿☝️🗿☝️🗿
[2026-02-22 03:52:01] 好哥们黑龙歼灭刀: 什么国家又罗又马又尼又亚的
[2026-02-22 03:52:01] 蜜蜂的牧濑红莉栖本人: gg
[2026-02-22 03:52:01] Hcmor: gg
[2026-02-22 03:52:01] LvvsiN: 为什么房管封的不能给鱼丸……还以为今天晚上得吃了……
[2026-02-22 03:52:01] gogolz: 太轻松了
[2026-02-22 03:52:01] 拔作岛的糺jiu川礼本人: 《布罗利早就不看直播了》《2026-2-16送出礼物90元》
[2026-02-22 03:52:01] MeIoN39: 随便玩了
[2026-02-22 03:52:02] 用户9921747043: g
[2026-02-22 03:52:02] 给jee介绍女朋友: 《布罗利早就不看直播了》《2026-2-16送出礼物90元》
[2026-02-22 03:52:02] cs2小黎子: cn是小鬼
[2026-02-22 03:52:02] 卧看星河尽意明丶: fw怎么死了
[2026-02-22 03:52:03] 草莓冰酪: 什么国家又罗又马又尼又亚的
[2026-02-22 03:52:03] 玉蜀黍巧克力: gg
[2026-02-22 03:52:03] IGetUp: GG
[2026-02-22 03:52:03] zcyhymine: gg
[2026-02-22 03:52:03] LvvsiN: 我提一嘴这剧情越来越像上海major了
[2026-02-22 03:52:03] 冲上云霄的姨: 《布罗利早就不看直播了》《2026-2-16送出礼物90元》
[2026-02-22 03:52:03] 我真的不是硝子: 随便莎莎了
[2026-02-22 03:52:03] 嘿你尾巴掉了99: 大大方方叫载猪吧，别装了
[2026-02-22 03:52:03] 空有无垠: 《布罗利早就不看直播了》《2026-2-16送出礼物90元》
[2026-02-22 03:52:03] 鲜血与暗影铸造的家伙: 摧枯拉朽
[2026-02-22 03:52:03] csgo小茄子: 兄弟们别刷了，我怀疑布罗利是m，现在可能在对着我们的弹幕那个😰😰😰
[2026-02-22 03:52:03] 蜉蝣XwX: 随便玩了
[2026-02-22 03:52:04] 叶琉羽: 🗿：我说🗿是神梗，同意的加🗿
[2026-02-22 03:52:04] 用玩大哥的角磨机吧: 大胖看小胖秒杀中胖
[2026-02-22 03:52:04] papacarrot: 《布罗利早就不看直播了》《2026-2-16送出礼物90元》
[2026-02-22 03:52:04] 橙黄双翼: 发送他们房子
[2026-02-22 03:52:04] ShadowDvex: 《布罗利早就不看直播了》《2026-2-16送出礼物90元》
[2026-02-22 03:52:04] 宫监手放监: 《布罗利早就不看直播了》《2026-2-16送出礼物90元》
[2026-02-22 03:52:05] jsir6688: Niko：挂b队没意思，不看了前压去了😓
[2026-02-22 03:52:05] 你敢看死蜜蜂就杀了你: 什么国家又罗又马又尼又亚的
[2026-02-22 03:52:05] 时光划过泪痕桥: ☝️🗿☝️🗿☝️🗿☝️🗿☝️🗿☝️🗿☝️🗿☝️🗿☝️🗿☝️🗿☝️🗿☝️🗿
[2026-02-22 03:52:05] 罗湖古天樂: 图书馆了
[2026-02-22 03:52:05] xuzVan: 融化了
[2026-02-22 03:52:05] 绝食十年攒爱top3飞机: 《布罗利早就不看直播了》《2026-2-16送出礼物90元》
[2026-02-22 03:52:06] 丶丶Ken丶丶: 什么国家又罗又马又尼又亚的
[2026-02-22 03:52:06] 射命丸文文句号: 大胖看小胖秒杀中胖
[2026-02-22 03:52:06] 桑桑Gmd1ove: gg
[2026-02-22 03:52:07] 后巷247: 什么国家又罗又马又尼又亚的
[2026-02-22 03:52:07] 水下放电11: 为什么房管封的不能给鱼丸……还以为今天晚上得吃了……
[2026-02-22 03:52:07] AmamiyaIori: 怎么图 书 馆了？不哦了？？
[2026-02-22 03:52:07] jjc玩神祝我生日快乐: 就tm喜欢银行业🥰银行坏账我喜欢🥰银行挤兑我还喜欢😍利率调低我也喜欢🤤老子亲烂银行业的脸😘
[2026-02-22 03:52:07] LWJTMAC01: 睡觉了
[2026-02-22 03:52:07] JamYo0oung: 什么国家又罗又马又尼又亚的
[2026-02-22 03:52:08] 逃离灰色地带: 《布罗利早就不看直播了》《2026-2-16送出礼物90元》
[2026-02-22 03:52:08] 时维鹰扬丶: /ENZU: 就这么杀
[2026-02-22 03:52:08] 皇马卧底巴托梅乌: 大胖看小胖秒杀中胖
[2026-02-22 03:52:08] 头号瓜孝子: 大大方方叫载猪吧，别装了
[2026-02-22 03:52:08] csgo小茄子: 兄弟们别刷了，我怀疑布罗利是m，现在可能在对着我们的弹幕那个😰😰😰
[2026-02-22 03:52:08] Mahuyu: ☝️🗿☝️🗿☝️🗿☝️🗿☝️🗿☝️🗿☝️🗿☝️🗿☝️🗿☝️🗿☝️🗿☝️🗿
[2026-02-22 03:52:08] 维斯特潘潘: 《布罗利早就不看直播了》《2026-2-16送出礼物90元》
[2026-02-22 03:52:08] 宝贝芙宁娜: 图书馆...
[2026-02-22 03:52:09] gogolz: 发送房子了
[2026-02-22 03:52:09] 海绵宝宝小白儿: 《布罗利早就不看直播了》《2026-2-16送出礼物90元》
[2026-02-22 03:52:09] IGetUp: 山羊
[2026-02-22 03:52:09] Xlin09: 大胖看小胖秒杀中胖
[2026-02-22 03:52:09] Hcmor: 大大方方叫载猪吧，别装了
[2026-02-22 03:52:09] 江本筑原: 88888888888888888
[2026-02-22 03:52:09] 最喜欢玩宝宝惹desuwa: 《布罗利早就不看直播了》《2026-2-16送出礼物90元》
[2026-02-22 03:52:10] 甘织玲奈子本人: ？
[2026-02-22 03:52:10] Kacyusha: 《布罗利早就不看直播了》《2026-2-16送出礼物90元》
[2026-02-22 03:52:10] mujica的长崎素世本人: 兄弟们喷用力点，争取把24级等级墙喷回来
[2026-02-22 03:52:10] 暗月舞魂殇: 下半场一分没拿？
[2026-02-22 03:52:10] G2俘虏uzi: 大大方方叫载猪吧，别装了
[2026-02-22 03:52:10] 串串金枪鱼: 逗逗你的呀
[2026-02-22 03:52:10] 蜜蜂的牧濑红莉栖本人: 发送他们善意的蒙古包
[2026-02-22 03:52:11] 皇天q逅宇: 毫无还手之力
[2026-02-22 03:52:11] 喵蹄丝: gg
[2026-02-22 03:52:11] 车路士的凯赛多本人: 大胖看小胖秒杀中胖
[2026-02-22 03:52:11] LvvsiN: 南孚一节更比六节强，也就是一节南孚比六节南孚强，六节南孚比三十六节强，三十六节比二百一十六节强
[2026-02-22 03:52:11] 这牙缝可以: 《布罗利早就不看直播了》《2026-2-16送出礼物90元》
[2026-02-22 03:52:11] 拉海洛TOP1爱弥斯本人: 什么国家又罗又马又尼又亚的
[2026-02-22 03:52:11] 玩斯特机机: 什么国家又罗又马又尼又亚的
[2026-02-22 03:52:11] Kunwz: fw躺赢狗
[2026-02-22 03:52:11] 橙黄双翼: 爆 了
[2026-02-22 03:52:12] 千叶spilx: 大胖看小胖秒杀中胖
[2026-02-22 03:52:12] SherryAiovo: goat
[2026-02-22 03:52:12] 人活着就是为了玩乐队: 什么国家又罗又马又尼又亚的
[2026-02-22 03:52:12] csgo小茄子: 兄弟们别刷了，我怀疑布罗利是m，现在可能在对着我们的弹幕那个😰😰😰
[2026-02-22 03:52:13] 大阳驼: 什么国家又罗又马又尼又亚的
[2026-02-22 03:52:13] 机器机器祝你天天开心: goat
[2026-02-22 03:52:13] zzzhr698: 《布罗利早就不看直播了》《2026-2-16送出礼物90元》
[2026-02-22 03:52:13] 用户5608006019: 什么国家又罗又马又尼又亚的
[2026-02-22 03:52:13] 落月枫吟: 《布罗利早就不看直播了》《2026-2-16送出礼物90元》
[2026-02-22 03:52:13] AL1yaaa: 大胖看小胖秒杀中胖
[2026-02-22 03:52:13] 极夜之辰: 什么国家又罗又马又尼又亚的
[2026-02-22 03:52:14] 啊这是人类啊: 大胖看小胖秒杀中胖
[2026-02-22 03:52:14] Meik7: gg
[2026-02-22 03:52:14] 袁雨桢的小酥肉本肉: 什么国家又罗又马又尼又亚的
[2026-02-22 03:52:14] RocketTheRaccoon: 大大方方叫载猪吧，别装了
[2026-02-22 03:52:15] 2442861055: 闷了
[2026-02-22 03:52:15] 用户0650953437: 《布罗利早就不看直播了》《2026-2-16送出礼物90元》
[2026-02-22 03:52:15] 载物的艾7: 图书馆
[2026-02-22 03:52:15] 鲜血与暗影铸造的家伙: 森小子
[2026-02-22 03:52:15] 我有一对电动大牛子: 中门对狙
[2026-02-22 03:52:15] 大梦464: 兄弟们别刷了，我怀疑布罗利是m，现在可能在对着我们的弹幕那个😰😰😰
[2026-02-22 03:52:16] 腋毛老狗子: 图书馆了
[2026-02-22 03:52:16] 99组的爱城华恋本人: 什么国家又罗又马又尼又亚的
[2026-02-22 03:52:16] mdbdr: goat
[2026-02-22 03:52:16] 千早爱音的豆豆: 《布罗利早就不看直播了》《2026-2-16送出礼物90元》
[2026-02-22 03:52:16] viovvvvvvvon: 《布罗利早就不看直播了》《2026-2-16送出礼物90元》
[2026-02-22 03:52:16] 大裂谷的登山家: fw躺赢狗
[2026-02-22 03:52:16] 空有无垠: 什么国家又罗又马又尼又亚的
[2026-02-22 03:52:16] 人活着就是为了玩乐队: 什么国家又罗又马又尼又亚的
[2026-02-22 03:52:16] 网友猪大壮: 🐐
[2026-02-22 03:52:16] csgo小茄子: 兄弟们别刷了，我怀疑布罗利是m，现在可能在对着我们的弹幕那个😰😰😰
[2026-02-22 03:52:16] 高松灯扣死千早爱音: 什么国家又罗又马又尼又亚的
[2026-02-22 03:52:17] LWJTMAC01: 兄弟们喷用力点，争取把24级等级墙喷回来
[2026-02-22 03:52:17] 丶小恐龙丶: 大胖看小胖秒杀中胖
[2026-02-22 03:52:17] Pioneer893: 兄弟们别刷了，我怀疑布罗利是m，现在可能在对着我们的弹幕那个😰😰😰
[2026-02-22 03:52:17] Hcmor: 什么国家又罗又马又尼又亚的
[2026-02-22 03:52:17] AZ4664: gg ez
[2026-02-22 03:52:18] 用户9921747043: 　　　 什么国家又罗又马又尼又亚的
[2026-02-22 03:52:18] 水下放电11: 什么国家又罗又马又尼又亚的
[2026-02-22 03:52:22] 红魔馆的蕾米莉亚本人: 《布罗利早就不看直播了》《2026-2-16送出礼物90元》
[2026-02-22 03:52:22] 真的没排面: 翻了
[2026-02-22 03:52:22] LvvsiN: 南孚一节更比六节强，也就是一节南孚比六节南孚强，六节南孚比三十六节强，三十六节比二百一十六节强
[2026-02-22 03:52:22] 玩龙筋丶拽根dragon: 阿杜：你为什么去年一直让刷那两个数字？
[2026-02-22 03:52:22] 机器机器祝你天天开心: 翻了啊
[2026-02-22 03:52:22] Mortnotz: 大大方方叫载猪吧，别装了
[2026-02-22 03:52:22] kon的mio本人: 什么国家又罗又马又尼又亚的
[2026-02-22 03:52:22] 用玩大哥的角磨机吧: 什么国家又罗又马又尼又亚的
[2026-02-22 03:52:22] ahhhhhhhhhhhhhhhhhhh: 等不及看明天上帝和吊人的指挥对味了
[2026-02-22 03:52:22] 海斯特-豹豹: 肛道劫数了
[2026-02-22 03:52:22] Steam丶COCO: 　　　 什么国家又罗又马又尼又亚的
[2026-02-22 03:52:22] 久遠寺有珠Alice: 什么国家又罗又马又尼又亚的
[2026-02-22 03:52:22] 文西67: 这还有森载大战
[2026-02-22 03:52:22] 好想当yuki的小帮手啊: 还在森载
[2026-02-22 03:52:22] 海绵宝宝小白儿: @最喜欢玩宝宝惹desuwa：《布罗利早就不看直播了》《2026-2-16送出礼物90元》
[2026-02-22 03:52:22] 玩台钳丶阿尔托莉雅: 大胖看小胖秒杀中胖
[2026-02-22 03:52:22] 冬瓜不在家偷偷玩机器: 兵败如山倒了
[2026-02-22 03:52:22] csgo小茄子: 兄弟们别刷了，我怀疑布罗利是m，现在可能在对着我们的弹幕那个😰😰😰
[2026-02-22 03:52:22] 硫磺祥: 🐐🐐🐐🐐🐐🐐🐐🐐
[2026-02-22 03:52:22] 玩机器今晚还播吗: 这还有森载
[2026-02-22 03:52:22] 人活着就是为了玩乐队: 什么国家又罗又马又尼又亚的
[2026-02-22 03:52:22] LvvsiN: 你屏蔽词都快赶上新华词典了为什么不干脆开一百级发言？
[2026-02-22 03:52:22] 规范规定高度: 什么国家又罗又马又尼又亚的
[2026-02-22 03:52:22] 鹿里里里里里: 《布罗利早就不看直播了》《2026-2-16送出礼物90元》
[2026-02-22 03:52:22] 洁身自好处男有为青年: 这蒙古自己的图没拿下是真的可惜了
[2026-02-22 03:52:22] 小蜜蜂的长期素食本人: 收到
[2026-02-22 03:52:22] 凳纸0: gogoat&goat
[2026-02-22 03:52:22] Vovxx: 载山羊
[2026-02-22 03:52:22] 网瘾少年诺里斯: 　　　 什么国家又罗又马又尼又亚的
[2026-02-22 03:52:22] Shintaro:     什么国家又罗又马又尼又亚的
[2026-02-22 03:52:22] i化石-: 收到
[2026-02-22 03:52:22] 撒浪嘿呦0v0: 《布罗利早就不看直播了》《2026-2-16送出礼物90元》
[2026-02-22 03:52:23] 串串金枪鱼: 发送他们房子🏠！发送他们房子🏠！发送他们房子🏠！发送他们房子🏠！
[2026-02-22 03:52:23] LvvsiN: 玩宝宝，我发现在大学上学的时候肄业会很舒服，你可以试试
[2026-02-22 03:52:23] 鸭硕的哈撒给: 什么国家又罗又马又尼又亚的
[2026-02-22 03:52:24] 斗鱼用户4901183769: 《布罗利早就不看直播了》《2026-2-16送出礼物90元》
[2026-02-22 03:52:24] 玩龙筋丶拽根dragon: 阿杜：你为什么去年一直让刷那两个数字？
[2026-02-22 03:52:24] 黎那汐塔top2尤诺: 大胖看小胖秒杀中胖
[2026-02-22 03:52:24] 久遠寺有珠Alice: 兄弟们喷用力点，争取把24级等级墙喷回来
[2026-02-22 03:52:24] csgo小茄子: 兄弟们别刷了，我怀疑布罗利是m，现在可能在对着我们的弹幕那个😰😰😰
[2026-02-22 03:52:24] 九九組的愛城華恋本人: 什么国家又罗又马又尼又亚的
[2026-02-22 03:52:25] 玩艾玛丶Hiro: 什么国家又罗又马又尼又亚的
[2026-02-22 03:52:25] 没事小子: 小蜜蜂来v了
[2026-02-22 03:52:25] 蜜蜂的牧濑红莉栖本人: @niko：发送他们善意的蒙古包
[2026-02-22 03:52:25] Asaki薯片: 阿杜：你为什么去年一直让刷那两个数字？
[2026-02-22 03:52:25] vongwu: 载物锁定mvp了吧
[2026-02-22 03:52:25] 瑾年安好嘉木相思: 《布罗利早就不看直播了》《2026-2-16送出礼物90元》
[2026-02-22 03:52:26] 忽孝山庄: 大胖看小胖秒杀中胖
[2026-02-22 03:52:26] Aleksumimi: 飞9把a小
[2026-02-22 03:52:26] 李小小与虾大大: 飞猪在哪发财呢
[2026-02-22 03:52:26] 空白Zzz丶: 收到
[2026-02-22 03:52:26] 人活着就是为了玩乐队: 什么国家又罗又马又尼又亚的
[2026-02-22 03:52:26] 猫很好的小乖: 别别别
[2026-02-22 03:52:27] 银行业本人: 炼
[2026-02-22 03:52:27] 汤汤魔魔mmmmmmmmajor冠军: 什么国家又罗又马又尼又亚的
[2026-02-22 03:52:27] LvvsiN: 为什么房管封的不能给鱼丸……还以为今天晚上得吃了……
[2026-02-22 03:52:27] 玩龙筋丶拽根dragon: 阿杜：你为什么去年一直让刷那两个数字？1
[2026-02-22 03:52:28] 皇马卧底巴托梅乌: 收到
[2026-02-22 03:52:28] 星海羽弦: 大大方方叫载猪吧，别装了
[2026-02-22 03:52:28] csgo小茄子: 兄弟们别刷了，我怀疑布罗利是m，现在可能在对着我们的弹幕那个😰😰😰
[2026-02-22 03:52:29] Ggmftye: 《布罗利早就不看直播了》《2026-2-16送出礼物90元》
[2026-02-22 03:52:29] LvvsiN: 玩宝宝，我发现在大学上学的时候肄业会很舒服，你可以试试
[2026-02-22 03:52:30] 汤汤魔魔mmmmmmmmajor冠军: 什么国家又罗又马又尼又亚的
[2026-02-22 03:52:30] Box强音来袭: 小蜜蜂来v了
[2026-02-22 03:52:31] 想看老师打黄金赛: fw
[2026-02-22 03:52:31] LvvsiN: 银行业😄银行业😀银行业😃银行业😁银行业😆银行业🤪银行业😝
[2026-02-22 03:52:32] 落叶悠哉落: 什么国家又罗又马又尼又亚的
[2026-02-22 03:52:32] 雨打花落地: ROG upup
[2026-02-22 03:52:32] Xlin09: 收到
[2026-02-22 03:52:32] csgo小茄子: 兄弟们别刷了，我怀疑布罗利是m，现在可能在对着我们的弹幕那个😰😰😰
[2026-02-22 03:52:32] MiunaShiodome: fw
[2026-02-22 03:52:33] 久遠寺有珠Alice: 什么国家又罗又马又尼又亚的
[2026-02-22 03:52:33] 哦呼可达鸭: Simple＞zywoo
[2026-02-22 03:52:33] LvvsiN: 额，拿亚军我都会，拿亚军，拿季军，拿四强，拿八强，拿十六强，呃拿冠军我不会，然后小组赛淘汰
[2026-02-22 03:52:33] 是印花啊: 什么国家又罗又马又尼又亚的喵
[2026-02-22 03:52:34] 魔男的夜宴: 羞死了
[2026-02-22 03:52:34] 深情不过他: 什么国家又罗又马又尼又亚的
[2026-02-22 03:52:34] L0Ne1yZeNny2: 什么国家又罗又马又尼又亚的
[2026-02-22 03:52:34] 九九組的愛城華恋本人: 大大方方叫载猪吧，别装了
[2026-02-22 03:52:34] 听说改名字中大奖: 什么国家又罗又马又尼又亚的
[2026-02-22 03:52:35] shinano1145: 兄弟们别刷了，我怀疑布罗利是m，现在可能在对着我们的弹幕那个😰😰😰
[2026-02-22 03:52:35] 玩龙筋丶拽根dragon: 阿杜：你为什么去年一直让刷那两个数字？
[2026-02-22 03:52:35] csgo小茄子: 兄弟们别刷了，我怀疑布罗利是m，现在可能在对着我们的弹幕那个😰😰😰
[2026-02-22 03:52:35] 渡亡神雅睿欧斯: 贱 薯
[2026-02-22 03:52:35] LvvsiN: 就tm喜欢银行业🥰银行坏账我喜欢🥰银行挤兑我还喜欢😍利率调低我也喜欢🤤老子亲烂银行业的脸😘
[2026-02-22 03:52:36] 宫监手放监: ROG真是圣人，在这个节骨眼赞助玩÷让他登不了山还得嗯吹他最恨的载物👍
[2026-02-22 03:52:36] 不看似猎鹰就杀了你: 银行业😄银行业😀银行业😃银行业😁银行业😆银行业🤪银行业😝
[2026-02-22 03:52:36] 用户3661578: 筹啊
[2026-02-22 03:52:36] ymyyo: 我到底要攒多少次人品😭🤧我到底离欧皇还差几个身位😭🤧我到底要换几只手😭
[2026-02-22 03:52:36] 小蜜蜂的长期素食本人: 我也在玩
[2026-02-22 03:52:36] Canlynn鹙: 罗马尼亚是什么意思
[2026-02-22 03:52:37] User5092: 羞死了
[2026-02-22 03:52:37] 用户6235382488: 提前开始捂嘴60s🙊
[2026-02-22 03:52:37] 玩刘农device: 羞活了
[2026-02-22 03:52:37] 门er清: 羞死了
[2026-02-22 03:52:37] LvvsiN: 弹幕别吵了，银行业一样一样有有有也会有h'y'hui't'y'r's'c'dn
[2026-02-22 03:52:37] trajiro: 兄弟们别刷了，我怀疑布罗利是m，现在可能在对着我们的弹幕那个😰😰😰
[2026-02-22 03:52:37] 当归869781: 什么国家又罗又马又尼又亚的
[2026-02-22 03:52:38] 拔作岛的糺jiu川礼本人: 什么国家又罗又马又尼又亚的
[2026-02-22 03:52:39] 专看玩机器的号: 　　　 什么国家又罗又马又尼又亚的
[2026-02-22 03:52:39] LvvsiN: 就tm喜欢银行业🥰银行坏账我喜欢🥰银行挤兑我还喜欢😍利率调低我也喜欢🤤老子亲烂银行业的脸😘
[2026-02-22 03:52:39] 量子毁灭717: 尼亚感觉很冒犯啊，感觉这个国家要被全员禁言了
[2026-02-22 03:52:40] 好姐妹芙卡洛斯: fw
[2026-02-22 03:52:40] 好兄弟鲁迪乌斯: fw
[2026-02-22 03:52:40] 冲上云霄的姨: fw
[2026-02-22 03:52:40] 不看似猎鹰就杀了你: 兄弟们别刷了，我怀疑布罗利是m，现在可能在对着我们的弹幕那个😰😰😰
[2026-02-22 03:52:41] RyeHS: ？
[2026-02-22 03:52:41] 无伟契约: 处刑
[2026-02-22 03:52:41] 迪奥雷: fw
[2026-02-22 03:52:41] 动物朋友哈基米: ROG真是圣人，在这个节骨眼赞助玩÷让他登不了山还得嗯吹他最恨的载物👍
[2026-02-22 03:52:41] 有志青年不嘻嘻: fw
[2026-02-22 03:52:41] 瑭珏: fw
[2026-02-22 03:52:41] LvvsiN: 你为什么要把mαjor禁了，我收藏的一半弹幕全毁了
[2026-02-22 03:52:42] 我只能说只能说那个: 处刑
[2026-02-22 03:52:42] 耶耶耶的感觉: fw
[2026-02-22 03:52:42] everch0sen: 处刑
[2026-02-22 03:52:42] 喃妈来俺可没抽: fw
[2026-02-22 03:52:42] 非必要不中岀: 你自己留着用吧就当我送你的
[2026-02-22 03:52:42] 殇10876: fw
[2026-02-22 03:52:43] 机器机器祝你天天开心: 处刑
[2026-02-22 03:52:43] 祥子自愿演奏迷星叫: fw
[2026-02-22 03:52:43] 头号瓜孝子: 处刑
[2026-02-22 03:52:43] 网友猪大壮: fw
[2026-02-22 03:52:43] csgo小茄子: 兄弟们别刷了，我怀疑布罗利是m，现在可能在对着我们的弹幕那个😰😰😰
[2026-02-22 03:52:43] SherryAiovo: fw
[2026-02-22 03:52:43] Aleksumimi: fw
[2026-02-22 03:52:43] TheMongolZ的上单本人: 贱 薯
[2026-02-22 03:52:43] LvvsiN: 你为什么要把mαjor禁了，我收藏的一半弹幕全毁了
[2026-02-22 03:52:44] G2邦硬401: fw
[2026-02-22 03:52:44] 99组的爱城华恋本人: 有意思，给我这个👃🏻毛比a1消音器长，重仓黑蛋，房间墙开裂，5k小时b+的房fw
[2026-02-22 03:52:44] 菜星冲冲冲: 抖
[2026-02-22 03:52:44] 逃离灰色地带: fw
