# room_id=6979222 host=玩机器丶Machine title=小众宝藏结晶直播 晚上八点来 live_time= fetch_time=2026-02-18 19:59:36
[2026-02-18 19:59:43] 宇智波快嘴: 刷新🔄失望😞刷新🔄难过😫刷新🔄心碎💔刷新🔄崩溃😭刷新🔄宝贝你来啦?💕🥰😘
[2026-02-18 19:59:43] 陈千语6657: 玩机器真是一秒都不提前啊 直播真好做啊
[2026-02-18 19:59:43] 燥四你的冯: 你播不播
[2026-02-18 19:59:43] 安和昴的男友本人: 刷新🔄失望😞刷新🔄难过😫刷新🔄心碎💔刷新🔄崩溃😭刷新🔄宝贝你来啦?💕🥰😘
[2026-02-18 19:59:43] 二次箱庭: 刷新🔄失望😞刷新🔄难过😫刷新🔄心碎💔刷新🔄崩溃😭
[2026-02-18 19:59:43] 柯睐: @玩机器：不是这falcons比赛怎么还不开啊？😫@kyxsan：你已急哭✋️👽✋️
[2026-02-18 19:59:43] 玩斯特姬姬: 🗿：你继续登山吧易博 人类科技完蛋了都不要开门！
[2026-02-18 19:59:43] 用户7126642977: 玩机器真是一秒都不提前啊 直播真好做啊
[2026-02-18 19:59:47] 我知道的一点也不多: 玩神没说是八点整还是八点五十九，做人真够可以的
[2026-02-18 19:59:48] 陈千语6657:  @玩机器：不是这falcons比赛怎么还不开啊？😫@kyxsan：你已急哭✋️👽✋️
[2026-02-18 19:59:48] RU6657: 刷新🔄失望😞刷新🔄难过😫刷新🔄心碎💔刷新🔄崩溃😭
[2026-02-18 19:59:49] 红魔馆的芙兰朵路本人: 不播就滚😡
[2026-02-18 19:59:49] 玩斯特姬姬: 🗿：你继续登山吧易博 人类科技完蛋了都不要开门！
[2026-02-18 19:59:50] 青青空空的青空: 🗿：你继续登山吧易博 人类科技完蛋了都不要开门！
[2026-02-18 19:59:50] 一叶青辰: 刷新🔄失望😞刷新🔄难过😫刷新🔄心碎💔刷新🔄崩溃😭刷新🔄宝贝你来啦?💕
[2026-02-18 19:59:50] 安酱没有jj: ？
[2026-02-18 19:59:51] 欧jbk鸦: 滥权！
[2026-02-18 19:59:52] 南宁的EASON本人: 欺骗😡失望😞欺骗😡失望😞欺骗😡失望😞欺骗😡失望😞欺骗
[2026-02-18 19:59:52] 好姐妹德克萨斯: 滥⭕️滥⭕️滥⭕️滥⭕️滥⭕️滥⭕️滥⭕️滥⭕️
[2026-02-18 19:59:53] 菅原小吉: 钱真好赚啊，提前一分钟来都是亏的😅
[2026-02-18 19:59:55] 玩斯特姬姬: 🗿：你继续登山吧易博 人类科技完蛋了都不要开门！
[2026-02-18 19:59:55] 25时的晓山瑞希本人: 刷新🔄失望😞刷新🔄难过😫刷新🔄心碎💔刷新🔄崩溃😭刷新🔄宝宝你人呢😭
[2026-02-18 19:59:55] 用户552302675: 88888888888888888888888888888888888888888888888888
[2026-02-18 19:59:55] 用户4743944990: 玩神没说是八点整还是八点五十九，做人真够可以的
[2026-02-18 19:59:55] 玩指挥丶NiKo: 🗿：你继续登山吧易博 人类科技完蛋了都不要开门！
[2026-02-18 19:59:57] Hakurei-Re1mu: 玩🤖大🤖哥🤖我🤖来🤖上🤖班🤖了玩🤖大🤖哥🤖我🤖来🤖上🤖班🤖了
[2026-02-18 19:59:57] 6657Nik0: 人呢
[2026-02-18 19:59:57] 龙首崖: 🗿：你继续登山吧易博 人类科技完蛋了都不要开门！
[2026-02-18 19:59:58] 枫秋秋: 🗿：你继续登山吧易博 人类科技完蛋了都不要开门！
[2026-02-18 19:59:59] 这里是小天啊: 刷新🔄失望😞刷新🔄难过😫刷新🔄心碎💔刷新🔄崩溃😭刷新🔄宝宝你人呢😭
[2026-02-18 19:59:59] 旅燕没有归途: 播不播
[2026-02-18 19:59:59] 用户552302675: 钱真好赚啊，提前一分钟来都是亏的😅
[2026-02-18 20:00:00] s250b: 滥⭕️滥⭕️滥⭕️滥⭕️滥⭕️滥⭕️滥⭕️滥⭕️
[2026-02-18 20:00:00] 柯睐: 这么优秀的解说在屏幕后面居然是M字腿，脱粉了。。。
[2026-02-18 20:00:01] 25时的晓山瑞希本人: 刷新🔄失望😞刷新🔄难过😫刷新🔄心碎💔刷新🔄崩溃😭刷新🔄宝宝你人呢😭
[2026-02-18 20:00:01] 陈千语6657: 刷新🔄失望😞刷新🔄难过😫刷新🔄心碎💔刷新🔄崩溃😭刷新
[2026-02-18 20:00:01] 有些话总来不及: 钱真好赚啊，提前一分钟来都是亏的😅
[2026-02-18 20:00:02] 刘刘的农: 刷新🔄失望😞刷新🔄难过😫刷新🔄心碎💔刷新🔄崩溃😭刷新🔄宝宝你人呢😭
[2026-02-18 20:00:02] 燥四你的冯: 播不播？
[2026-02-18 20:00:02] 房同学19554: 🗿：你继续登山吧易博 人类科技完蛋了都不要开门！
[2026-02-18 20:00:03] TritiumOxide: 苏神神了🎉苏神神了🎉苏神神了🎉苏神神了🎉苏神神了🎉苏神神了🎉苏神神了🎉苏神神了🎉
[2026-02-18 20:00:04] 玩设备一device: 欺骗😡失望😔欺骗😡失望😔欺骗😡失望😔欺骗😡失望😔欺骗😡
[2026-02-18 20:00:05] 短期素食: 刷新🔄失望😞刷新🔄难过😫刷新🔄心碎💔刷新🔄崩溃😭刷新🔄宝宝你人呢😭
[2026-02-18 20:00:05] 25时的晓山瑞希本人: 钱真好赚啊，提前一分钟来都是亏的😅
[2026-02-18 20:00:05] LucifermsL18064: 🔈消息提醒： 本直播间开播状态已变更，点击刷新重新进入直播间
[2026-02-18 20:00:05] 青二二二二: 刷新🔄失望😞刷新🔄难过😫刷新🔄心碎💔刷新🔄崩溃😭刷新🔄宝宝你人呢😭
[2026-02-18 20:00:06] 青青空空的青空: 小夫宝贝你来啦
[2026-02-18 20:00:07] 南宁的EASON本人: 钱真好赚啊，提前一分钟来都是亏的😅
[2026-02-18 20:00:07] l霜之哀伤l: 欺骗😡失望😞欺骗😡失望😞欺骗😡失望😞欺骗😡失望😞欺骗😡失望😞
[2026-02-18 20:00:08] 一个富含深意的名字: 你去医院吧，像2025-11-07 17:31一样😭
[2026-02-18 20:00:09] UIU的555三闪特别队本队: 钱真好赚啊，提前一分钟来都是亏的😅
[2026-02-18 20:00:09] 失眠写歌: 🗿：你继续登山吧易博 人类科技完蛋了都不要开门！
[2026-02-18 20:00:11] 林北遥Linby: 钱真好赚啊，提前一分钟来都是亏的😅
[2026-02-18 20:00:11] 玩坤坤丶Chicken: 钱真好赚啊，提前一分钟来都是亏的😅
[2026-02-18 20:00:11] 缪尹阾: 玩玩来了（高兴)
[2026-02-18 20:00:11] dmcliuli: 钱真好赚啊，提前一分钟来都是亏的😅
[2026-02-18 20:00:12] 一叶青辰: 刷新🔄失望😞刷新🔄难过😫刷新🔄心碎💔刷新🔄崩溃😭刷新🔄宝贝你来啦?💕
[2026-02-18 20:00:12] 我真的不是硝子: 钱真好赚啊，提前一分钟来都是亏的😅
[2026-02-18 20:00:12] Hakurei-Re1mu: 还有人看这主播啊，早塌房了，假装智力有问题，被扒出来其实是真的。
[2026-02-18 20:00:13] 陈千语6657: 说好的八点整呢，不是吗
[2026-02-18 20:00:14] 红魔馆的芙兰朵路本人: 玩🤖大🤖哥🤖我🤖来🤖上🤖班🤖了玩🤖大🤖哥🤖我🤖来🤖上🤖班🤖了
[2026-02-18 20:00:14] 用户552302675: 你去医院吧，像2025-11-07 17:31一样😭
[2026-02-18 20:00:15] 空中小楼、:  @这里是小天啊：刷新🔄失望😞刷新🔄难过😫刷新🔄心碎💔刷新🔄崩溃😭刷新🔄宝宝你人呢
[2026-02-18 20:00:16] arsQaQ: 刷新🔄失望😞刷新🔄难过😫刷新🔄心碎💔刷新🔄崩溃😭刷新🔄宝贝你来啦?💕
[2026-02-18 20:00:17] 玩斯特姬姬: 🗿：你继续登山吧易博 人类科技完蛋了都不要开门！
[2026-02-18 20:00:18] 一个富含深意的名字: 刷新🔄失望😞刷新🔄难过😫刷新🔄心碎💔刷新🔄崩溃😭刷新🔄宝贝你来啦?💕🥰
[2026-02-18 20:00:19] 玩坤坤丶Chicken: @这里是小天啊：刷新🔄失望😞刷新🔄难过😫刷新🔄心碎💔刷新🔄崩溃😭刷新🔄宝宝你人呢
[2026-02-18 20:00:20] Mako37: A队死了你来了 你怎么不等头7再来呢
[2026-02-18 20:00:20] 陈千语6657: 欺骗😡失望😔欺骗😡失望😔
[2026-02-18 20:00:22] 25时的晓山瑞希本人: 刷新🔄失望😞刷新🔄难过😫刷新🔄心碎💔刷新🔄崩溃😭刷新🔄宝宝你人呢😭
[2026-02-18 20:00:22] kjhhjki: 玩🤖大🤖哥🤖我🤖来🤖上🤖班🤖了玩🤖大🤖哥🤖我🤖来🤖上🤖班🤖了
[2026-02-18 20:00:23] 玩蛇鼠丶stabbi: 开门
[2026-02-18 20:00:23] 玩斯特姬姬: 🗿：你继续登山吧易博 人类科技完蛋了都不要开门！
[2026-02-18 20:00:23] 玩番薯丶ZywOo: 钱真好赚啊，提前一分钟来都是亏的😅
[2026-02-18 20:00:23] 冲上云霄的姨: @这里是小天啊：刷新🔄失望😞刷新🔄难过😫刷新🔄心碎💔刷新🔄崩溃😭刷新🔄宝宝你人呢
[2026-02-18 20:00:24] 尤影: @这里是小天啊：刷新🔄失望😞刷新🔄难过😫刷新🔄心碎💔刷新🔄崩溃😭刷新🔄宝宝你人呢喵
[2026-02-18 20:00:24] 松岛菜菜包: 钱真好赚啊，提前一分钟来都是亏的😅
[2026-02-18 20:00:24] 小峰80878: @这里是小天啊：刷新🔄失望😞刷新🔄难过😫刷新🔄心碎💔刷新🔄崩溃😭刷新🔄宝宝你人呢
[2026-02-18 20:00:26] 玩蛇鼠丶stabbi: 开门开门开门开门开门开门开门
[2026-02-18 20:00:27] 这里是小天啊: 三十多岁 没有社交 没有家庭 只有躲在出租屋看你直播的几小时是每天最幸福的时刻 什么！没有开播😭
[2026-02-18 20:00:28] 玩设备一device: 直播加载失败，请重试或切换线路
[2026-02-18 20:00:28] 25时的晓山瑞希本人: 刷新🔄失望😞刷新🔄难过😫刷新🔄心碎💔刷新🔄崩溃😭刷新🔄宝宝你人呢😭
[2026-02-18 20:00:30] 网友小顺饱饱: 玩🤖大🤖哥🤖我🤖来🤖上🤖班🤖了玩🤖大🤖哥🤖我🤖来🤖上🤖班🤖了
[2026-02-18 20:00:30] Mirecle丶: 玩八分前敢晚吗😡😡😡😡
[2026-02-18 20:00:31] 阡陌ER: 北京市 的当前时间（UTC+8） 8:00 下午
[2026-02-18 20:00:31] 陈千语6657: @这里是小天啊：你来了是吗，我头7都没看到人呢？
[2026-02-18 20:00:31] 用户0351358440: 玩神你怎么还不来，我现实里没有一个朋友，没人和我说话，如果没有直播间我会死的😭😭😭😭
[2026-02-18 20:00:31] 25时的晓山瑞希本人: 玩神你终于走了，我现实里没有一个朋友，没人和我说话，你下播了我就可以走向铁轨了
[2026-02-18 20:00:32] 我变扁了: @这里是小天啊：刷新🔄失望😞刷新🔄难过😫刷新🔄心碎💔刷新🔄崩溃😭刷新🔄宝宝你人呢
[2026-02-18 20:00:32] 永远爱玩宝宝: 宝宝你来啦
[2026-02-18 20:00:33] 红魔馆的芙兰朵路本人: 刷新🔄失望😞刷新🔄难过😫刷新🔄心碎💔刷新🔄崩溃😭刷新🔄宝贝你来啦?💕🥰
[2026-02-18 20:00:33] 雨华鑫: 开门开门开门开门开门开门开门
[2026-02-18 20:00:33] 千年最强突破手爱丽丝: 刷新🔄失望😞刷新🔄难过😫刷新🔄心碎💔刷新🔄崩溃😭刷新🔄宝宝你人呢😭
[2026-02-18 20:00:34] 椎名立希的泪痣: 三十多岁 没有社交 没有家庭 只有躲在出租屋看你直播的几小时是每天最幸福的时刻 什么！没有开播😭
[2026-02-18 20:00:35] 旅燕没有归途: 三十多岁 没有社交 没有家庭 只有躲在出租屋看你直播的几小时是每天最幸福的时刻 什么！没有开播😭
[2026-02-18 20:00:35] 月读的八千代本人: 玩神你怎么还不来，我现实里没有一个朋友，没人和我说话，如果没有直播间我会死的😭😭😭😭
[2026-02-18 20:00:35] 幕后煮屎者的菊花: 🤖玩🤖大🤖哥🤖我🤖来🤖上🤖班🤖了🤖🤖玩🤖大🤖哥🤖我🤖来🤖上🤖班🤖了
[2026-02-18 20:00:35] 好哥们达芬凯: @这里是小天啊：刷新🔄失望😞刷新🔄难过😫刷新🔄心碎💔刷新
[2026-02-18 20:00:37] 网友河南人: 你还敢来？
[2026-02-18 20:00:37] SHUO大的根: 刷新🔄失望😞刷新🔄难过😫刷新🔄心碎💔刷新🔄崩溃😭刷新🔄宝宝你人呢😭
[2026-02-18 20:00:38] Ranze丶: 我选择【6657】作为厕所隔间
[2026-02-18 20:00:38] 幕后煮屎者的菊花: 🤖玩🤖大🤖哥🤖我🤖来🤖上🤖班🤖了🤖🤖玩🤖大🤖哥🤖我🤖来🤖上🤖班🤖了
[2026-02-18 20:00:40] 幕后煮屎者的菊花: 🤖玩🤖大🤖哥🤖我🤖来🤖上🤖班🤖了🤖🤖玩🤖大🤖哥🤖我🤖来🤖上🤖班🤖了
[2026-02-18 20:00:40] 空中小楼、: 🤖玩🤖大🤖哥🤖我🤖来🤖上🤖班🤖了🤖🤖玩🤖大🤖哥🤖我🤖来🤖上🤖班🤖了
[2026-02-18 20:00:40] 25时的晓山瑞希本人: 刷新🔄失望😞刷新🔄难过😫刷新🔄心碎💔刷新🔄崩溃😭刷新🔄宝宝你人呢😭
[2026-02-18 20:00:42] 雨华鑫: 玩神你怎么还不来，我现实里没有一个朋友，没人和我说话，如果没有直播间我会死的😭😭😭😭
[2026-02-18 20:00:42] 永远爱玩宝宝: 刷新🔄失望😞刷新🔄难过😫刷新🔄心碎💔刷新🔄崩溃😭刷新🔄宝宝你人呢😭
[2026-02-18 20:00:42] 一叶青辰: 刷新🔄失望😞刷新🔄难过😫刷新🔄心碎💔刷新🔄崩溃😭刷新🔄宝贝你来啦?💕
[2026-02-18 20:00:42] 安和昴的男友本人: 三十多岁 没有社交 没有家庭 只有躲在出租屋看你直播的几小时是每天最幸福的时刻 什么！没有开播😭
[2026-02-18 20:00:43] 幕后煮屎者的菊花: 🤖玩🤖大🤖哥🤖我🤖来🤖上🤖班🤖了🤖🤖玩🤖大🤖哥🤖我🤖来🤖上🤖班🤖了
[2026-02-18 20:00:43] 吃屎不能忘拉屎人: 🤖玩🤖大🤖哥🤖我🤖来🤖上🤖班🤖了🤖🤖玩🤖大🤖哥🤖我🤖来🤖上🤖班🤖了
[2026-02-18 20:00:43] 求奶我雅思不过6: 🤖玩🤖大🤖哥🤖我🤖来🤖上🤖班🤖了🤖🤖玩🤖大🤖哥🤖我🤖来🤖上🤖班🤖了
[2026-02-18 20:00:43] 尼古拉刘亦博: 欢迎来到二次元の小窝，米娜桑要友善发言哦～
[2026-02-18 20:00:44] 刘刘的农: 玩神你终于走了，我现实里没有一个朋友，没人和我说话，你下播了我就可以走向铁轨了
[2026-02-18 20:00:44] 天剑12138: 三十多岁 没有社交 没有家庭 只有躲在出租屋看你直播的几小时是每天最幸福的时刻 什么！没有开播😭
[2026-02-18 20:00:45] 玩宝宝丶Baby: 🤖玩🤖大🤖哥🤖我🤖来🤖上🤖班🤖了🤖🤖玩🤖大🤖哥🤖我🤖来🤖上🤖班🤖了
[2026-02-18 20:00:45] 安酱没有jj: 刷新🔄失望😞刷新🔄难过😫刷新🔄心碎💔刷新🔄崩溃😭刷新🔄宝宝你人呢😭
[2026-02-18 20:00:45] 幕后煮屎者的菊花: 🤖玩🤖大🤖哥🤖我🤖来🤖上🤖班🤖了🤖🤖玩🤖大🤖哥🤖我🤖来🤖上🤖班🤖了
[2026-02-18 20:00:45] Flynnnnnnn: 散了吧，玩➗说的是加拿大的八点
[2026-02-18 20:00:46] 最最最喜欢的狙击手: 刷新🔄失望😞刷新🔄难过😫刷新🔄心碎💔刷新🔄崩溃😭刷新🔄宝宝你人呢😭
[2026-02-18 20:00:46] 尤里大泽: 玩神你怎么还不来，我现实里没有一个朋友，没人和我说话，如果没有直播间我会死的😭😭😭😭
[2026-02-18 20:00:47] 用户1181920443: 直播间和殡仪馆越来越像了，主角明明已经不在了，大家依然围在旁边聊些不相干的东西，然后热度还很高
[2026-02-18 20:00:47] 陈千语6657: @这里是小天啊：刷新🔄失望😞刷新🔄难过😫刷新
[2026-02-18 20:00:47] 玩坤坤丶Chicken: 刷新🔄失望😞刷新🔄难过😫刷新🔄心碎💔刷新🔄崩溃😭刷新🔄宝宝你人呢😭
[2026-02-18 20:00:48] thluyy: 🤖玩🤖大🤖哥🤖我🤖来🤖上🤖班🤖了🤖🤖玩🤖大🤖哥🤖我🤖来🤖上🤖班🤖了
[2026-02-18 20:00:49] 用户2720831019: 刷新🔄失望😞刷新🔄难过😫刷新🔄心碎💔刷新🔄崩溃😭刷新🔄宝宝你人呢😭
[2026-02-18 20:00:49] 好哥们达芬凯: 玩神你走了就走呗，别拉扯着我一起走行不行，我在现实里没有人跟我说话😭
[2026-02-18 20:00:50] Hakurei-Re1mu: 玩🤖大🤖哥🤖我🤖来🤖上🤖班🤖了玩🤖大🤖哥🤖我🤖来🤖上🤖班🤖了
[2026-02-18 20:00:50] 夏殇109: 三十多岁 没有社交 没有家庭 只有躲在出租屋看你直播的几小时是每天最幸福的时刻 什么！没有开播😭
[2026-02-18 20:00:50] Mirecle丶: 肥🐷肥🐷肥🐷肥🐷肥🐷肥🐷肥🐷肥🐷肥🐷肥🐷肥🐷肥🐷肥🐷肥🐷肥🐷肥🐷
[2026-02-18 20:00:50] HastsuneMiku: 刷新🔄失望😞刷新🔄难过😫刷新🔄心碎💔刷新🔄崩溃😭刷新🔄
[2026-02-18 20:00:51] 千年最强突破手爱丽丝: 🤖玩🤖大🤖哥🤖我🤖来🤖上🤖班🤖了🤖🤖玩🤖大🤖哥🤖我🤖来🤖上🤖班🤖了
[2026-02-18 20:00:51] 幕后煮屎者的菊花: 🤖玩🤖大🤖哥🤖我🤖来🤖上🤖班🤖了🤖🤖玩🤖大🤖哥🤖我🤖来🤖上🤖班🤖了
[2026-02-18 20:00:51] 好女孩李花子: 🤖玩🤖大🤖哥🤖我🤖来🤖上🤖班🤖了🤖🤖玩🤖大🤖哥🤖我🤖来🤖上🤖班🤖了
[2026-02-18 20:00:51] AnonymeC: 刷新🔄失望😞刷新🔄难过😫刷新🔄心碎💔刷新🔄崩溃😭刷新🔄宝贝你来啦?💕
[2026-02-18 20:00:53] 25时的晓山瑞希本人: 刷新🔄失望😞刷新🔄难过😫刷新🔄心碎💔刷新🔄崩溃😭刷新🔄宝宝你人呢😭
[2026-02-18 20:00:53] 欧jbk鸦: 六点斗鱼杀年猪，还好你没播
[2026-02-18 20:00:54] 好女孩李花子: 🤖玩🤖大🤖哥🤖我🤖来🤖上🤖班🤖了🤖🤖玩🤖大🤖哥🤖我🤖来🤖上🤖班🤖了
[2026-02-18 20:00:54] 用户1181920443: 🤖玩🤖大🤖哥🤖我🤖来🤖上🤖班🤖了🤖🤖玩🤖大🤖哥🤖我🤖来🤖上🤖班🤖了
[2026-02-18 20:00:55] 用户0351358440: 不想播就不播吧，哥们也不是特别想看，没有你，我的生活也逐渐走上了铁轨😭😭😭
[2026-02-18 20:00:55] 科比布莱恩克: 三十多岁 没有社交 没有家庭 只有躲在出租屋看你直播的几小时是每天最幸福的时刻 什么！没有开播😭
[2026-02-18 20:00:55] 载物的大裂谷左岸: 玩神你走了就走呗，别拉扯着我一起走行不行，我在现实里没有人跟我说话😭
[2026-02-18 20:00:55] 忽孝山庄: 玩🤖大🤖哥🤖我🤖来🤖上🤖班🤖了玩🤖大🤖哥🤖我🤖来🤖上🤖班🤖了
[2026-02-18 20:00:56] 幕后煮屎者的菊花: 🤖玩🤖大🤖哥🤖我🤖来🤖上🤖班🤖了🤖🤖玩🤖大🤖哥🤖我🤖来🤖上🤖班🤖了
[2026-02-18 20:00:56] 玩斯特姬姬: 🗿：你继续登山吧易博 人类科技完蛋了都不要开门！
[2026-02-18 20:00:56] 龙首崖: 🤖玩🤖大🤖哥🤖我🤖来🤖上🤖班🤖了🤖🤖玩🤖大🤖哥🤖我🤖来🤖上🤖班🤖了
[2026-02-18 20:00:57] 霖磷: 🤖玩🤖大🤖哥🤖我🤖来🤖上🤖班🤖了🤖🤖玩🤖大🤖哥🤖我🤖来🤖上🤖班🤖了
[2026-02-18 20:00:58] Mirecle丶: 肥🐷肥🐷肥🐷肥🐷肥🐷肥🐷肥🐷肥🐷肥🐷肥🐷肥🐷肥🐷肥🐷肥🐷肥🐷肥🐷
[2026-02-18 20:00:58] 遠坂家的衛宮士郎本人: 直播加载失败！直播加载失败！直播加载失败！直播加载失败！直播加载失败！直播加载失败！
[2026-02-18 20:00:58] Astralis的若叶睦本人: 玩神你走了就走呗，别拉扯着我一起走行不行，我在现实里没有人跟我说话😭
[2026-02-18 20:00:58] 25时的晓山瑞希本人: 🤖玩🤖大🤖哥🤖我🤖来🤖上🤖班🤖了🤖🤖玩🤖大🤖哥🤖我🤖来🤖上🤖班🤖了
[2026-02-18 20:00:58] 陈千语6657: 玩神怎么还不来，我现实里没有一个朋友，没人和我说话，如果没有直播间我会死的😭
[2026-02-18 20:00:58] Natsu51776: 🤖玩🤖大🤖哥🤖我🤖来🤖上🤖班🤖了🤖🤖玩🤖大🤖哥🤖我🤖来🤖上🤖班🤖了
[2026-02-18 20:00:59] 一颗超级大的小柚子: 玩🤖大🤖哥🤖我🤖来🤖上🤖班🤖了玩🤖大🤖哥🤖我🤖来🤖上🤖班🤖了
[2026-02-18 20:00:59] 没有故事的Pluto: 🤖玩🤖大🤖哥🤖我🤖来🤖上🤖班🤖了🤖🤖玩🤖大🤖哥🤖我🤖来🤖上🤖班🤖了
[2026-02-18 20:01:00] 安和昴的男友本人: 三十多岁 没有社交 没有家庭 只有躲在出租屋看你直播的几小时是每天最幸福的时刻 什么！没有开播😭
[2026-02-18 20:01:00] accelerans: 玩宝宝玩宝宝玩宝宝，哈基米哈基米哈基米
[2026-02-18 20:01:00] 玩指挥丶NiKo: 玩神你走了就走呗，别拉扯着我一起走行不行，我在现实里没有人跟我说话😭
[2026-02-18 20:01:00] 青青空空的青空: 🤖玩🤖大🤖哥🤖我🤖来🤖上🤖班🤖了🤖🤖玩🤖大🤖哥🤖我🤖来🤖上🤖班🤖了
[2026-02-18 20:01:01] 玩蛇鼠丶stabbi: 🤖玩🤖大🤖哥🤖我🤖来🤖上🤖班🤖了🤖🤖玩🤖大🤖哥🤖我🤖来🤖上🤖班🤖了
[2026-02-18 20:01:01] 好女孩李花子: 🤖玩🤖大🤖哥🤖我🤖来🤖上🤖班🤖了🤖🤖玩🤖大🤖哥🤖我🤖来🤖上🤖班🤖了
[2026-02-18 20:01:01] De1ayN0M0re: 🤖玩🤖大🤖哥🤖我🤖来🤖上🤖班🤖了🤖🤖玩🤖大🤖哥🤖我🤖来🤖上🤖班🤖了
[2026-02-18 20:01:01] 载物的大裂谷左岸: 不想播就不播吧，哥们也不是特别想看，没有你，我的生活也逐渐走上了铁轨😭😭😭
[2026-02-18 20:01:02] 来瓶玻子汽水: 🤖玩🤖大🤖哥🤖我🤖来🤖上🤖班🤖了🤖🤖玩🤖大🤖哥🤖我🤖来🤖上🤖班🤖了
[2026-02-18 20:01:02] Mirecle丶: 肥🐷肥🐷肥🐷肥🐷肥🐷肥🐷肥🐷肥🐷肥🐷肥🐷肥🐷肥🐷肥🐷肥🐷肥🐷肥🐷
[2026-02-18 20:01:02] UIU的555三闪特别队本队: 玩神怎么还不来，我现实里没有一个朋友，没人和我说话，如果没有直播间我会死的😭
[2026-02-18 20:01:02] 用户1181920443: 直播间和殡仪馆越来越像了，主角明明已经不在了，大家依然围在旁边聊些不相干的东西，然后热度还很高
[2026-02-18 20:01:02] Mako37: A队死了你来了 你怎么不等头7再来呢
[2026-02-18 20:01:02] hws123: 4点比赛你6点来，6点比赛你8点来，major决赛你也晚两个小时吧，等Niko捧杯了你再来
[2026-02-18 20:01:03] 缪尹阾: 飞柱来了
[2026-02-18 20:01:04] 拐弯蛇: 玩🤖大🤖哥🤖我🤖来🤖上🤖班🤖了玩🤖大🤖哥🤖我🤖来🤖上🤖班🤖了
[2026-02-18 20:01:04] HisuiHearts: 🤖玩🤖大🤖哥🤖我🤖来🤖上🤖班🤖了🤖🤖玩🤖大🤖哥🤖我🤖来🤖上🤖班🤖了
[2026-02-18 20:01:04] 东云绘名是我妈: 🤖玩🤖大🤖哥🤖我🤖来🤖上🤖班🤖了🤖🤖玩🤖大🤖哥🤖我🤖来🤖上🤖班🤖了
[2026-02-18 20:01:04] TheSaltFish: 烂圈
[2026-02-18 20:01:04] 机器G点疯狂偷吃贡品: 🤖玩🤖大🤖哥🤖我🤖来🤖上🤖班🤖了🤖🤖玩🤖大🤖哥🤖我🤖来🤖上🤖班🤖了
[2026-02-18 20:01:04] Solarnore: 你怎么来了
[2026-02-18 20:01:05] 幕后煮屎者的菊花: 🤖玩🤖大🤖哥🤖我🤖来🤖上🤖班🤖了🤖🤖玩🤖大🤖哥🤖我🤖来🤖上🤖班🤖了
[2026-02-18 20:01:05] Mirecle丶: 肥🐷肥🐷肥🐷肥🐷肥🐷肥🐷肥🐷肥🐷肥🐷肥🐷肥🐷肥🐷肥🐷肥🐷肥🐷肥🐷
[2026-02-18 20:01:05] 6657的zerazao爆本人: 🤖玩🤖大🤖哥🤖我🤖来🤖上🤖班🤖了🤖🤖玩🤖大🤖哥🤖我🤖来🤖上🤖班🤖了
[2026-02-18 20:01:05] 青明宇: 玩机器你等着接受审判吧，别以为我手机里的反诈app是摆设
[2026-02-18 20:01:06] LucifermsL18064: 🤖玩🤖大🤖哥🤖我🤖来🤖上🤖班🤖了🤖🤖玩🤖大🤖哥🤖我🤖来🤖上🤖班🤖了
[2026-02-18 20:01:06] 辽东爱人: 宫监手！准备放监！🏹🏹🏹🏹宫监手！准备放监！🏹🏹🏹🏹宫监手！准备放监！🏹🏹🏹
[2026-02-18 20:01:06] 遠坂家的衛宮士郎本人: 别刷了行吗？没人提玩神2.11完美A+局9-19垫底
[2026-02-18 20:01:06] 刘刘的农: 🤖玩🤖大🤖哥🤖我🤖来🤖上🤖班🤖了🤖🤖玩🤖大🤖哥🤖我🤖来🤖上🤖班🤖了
[2026-02-18 20:01:06] 乌鲁鲁丿高手: 玩神你走了就走呗，别拉扯着我一起走行不行，我在现实里没有人跟我说话😭
[2026-02-18 20:01:06] 蓝星的floppy本人: 🤖玩🤖大🤖哥🤖我🤖来🤖上🤖班🤖了🤖🤖玩🤖大🤖哥🤖我🤖来🤖上🤖班🤖了
[2026-02-18 20:01:07] 玩番薯丶ZywOo: 🤖玩🤖大🤖哥🤖我🤖来🤖上🤖班🤖了🤖🤖玩🤖大🤖哥🤖我🤖来🤖上🤖班🤖了
[2026-02-18 20:01:08] SilhouetteDance: 🤖玩🤖大🤖哥🤖我🤖来🤖上🤖班🤖了🤖🤖玩🤖大🤖哥🤖我🤖来🤖上🤖班🤖了
[2026-02-18 20:01:08] 此人不是盖: 🤖玩🤖大🤖哥🤖我🤖来🤖上🤖班🤖了🤖🤖玩🤖大🤖哥🤖我🤖来🤖上🤖班🤖了
[2026-02-18 20:01:08] MyGO的长期素食本人: 🤖玩🤖大🤖哥🤖我🤖来🤖上🤖班🤖了🤖🤖玩🤖大🤖哥🤖我🤖来🤖上🤖班🤖了
[2026-02-18 20:01:08] 好女孩李花子: 🤖玩🤖大🤖哥🤖我🤖来🤖上🤖班🤖了🤖🤖玩🤖大🤖哥🤖我🤖来🤖上🤖班🤖了
[2026-02-18 20:01:08] Mirecle丶: 肥🐷肥🐷肥🐷肥🐷肥🐷肥🐷肥🐷肥🐷肥🐷肥🐷肥🐷肥🐷肥🐷肥🐷肥🐷肥🐷
[2026-02-18 20:01:09] 田中口三才: 宝宝你来了
[2026-02-18 20:01:09] 玩蛇鼠丶stabbi: 有声音
[2026-02-18 20:01:09] 遠坂家的衛宮士郎本人: 别刷了行吗？没人提玩神2.11完美A+局9-19垫底
[2026-02-18 20:01:09] 玩番薯丶ZywOo: 🤖玩🤖大🤖哥🤖我🤖来🤖上🤖班🤖了🤖🤖玩🤖大🤖哥🤖我🤖来🤖上🤖班🤖了
[2026-02-18 20:01:09] 陈千语6657: 4点比赛你6点来，6点比赛你8点来，major决赛你也晚两个小时吧，等Niko捧杯了你再来
[2026-02-18 20:01:09] 机器我要看老汤: 🤖玩🤖大🤖哥🤖我🤖来🤖上🤖班🤖了🤖🤖玩🤖大🤖哥🤖我🤖来🤖上🤖班🤖了
[2026-02-18 20:01:09] 尤里大泽: 🤖玩🤖大🤖哥🤖我🤖来🤖上🤖班🤖了🤖🤖玩🤖大🤖哥🤖我🤖来🤖上🤖班🤖了
[2026-02-18 20:01:10] 霖磷: 4点比赛你6点来，6点比赛你8点来，major决赛你也晚两个小时吧，等Niko捧杯了你再来
[2026-02-18 20:01:10] Hakurei-Re1mu: 玩🤖大🤖哥🤖我🤖来🤖上🤖班🤖了玩🤖大🤖哥🤖我🤖来🤖上🤖班🤖了
[2026-02-18 20:01:10] 奥利奥利奥dsk: 爱播播不播滚
[2026-02-18 20:01:10] 用户552302675: 超大级爆！超大级爆！超大级爆！超大级爆！超大级爆！超大级爆！
[2026-02-18 20:01:10] kjhhjki: 🤖玩🤖大🤖哥🤖我🤖来🤖上🤖班🤖了🤖🤖玩🤖大🤖哥🤖我🤖来🤖上🤖班🤖了
[2026-02-18 20:01:11] 钠镁铯钌: 别刷了行吗？没人提玩神2.11完美A+局9-19垫底
[2026-02-18 20:01:11] 青青空空的青空: 宫监手！准备放监！🏹🏹🏹🏹宫监手！准备放监！🏹🏹🏹🏹宫监手！准备放监！🏹🏹🏹
[2026-02-18 20:01:11] 蓝星的floppy本人: 玩神怎么还不来，我现实里没有一个朋友，没人和我说话，如果没有直播间我会死的😭
[2026-02-18 20:01:11] 青二二二二: 玩神怎么还不来，我现实里没有一个朋友，没人和我说话，如果没有直播间我会死的😭
[2026-02-18 20:01:11] 科比布莱恩克: 4点比赛你6点来，6点比赛你8点来，major决赛你也晚两个小时吧，等Niko捧杯了你再来
[2026-02-18 20:01:11] Kiok0: 🤖玩🤖大🤖哥🤖我🤖来🤖上🤖班🤖了🤖🤖玩🤖大🤖哥🤖我🤖来🤖上🤖班🤖了
[2026-02-18 20:01:11] 玩曼联的的Bruno本人: 🤖玩🤖大🤖哥🤖我🤖来🤖上🤖班🤖了🤖🤖玩🤖大🤖哥🤖我🤖来🤖上🤖班🤖了
[2026-02-18 20:01:12] 璃月好姐妹刻晴: 🤖玩🤖大🤖哥🤖我🤖来🤖上🤖班🤖了🤖🤖玩🤖大🤖哥🤖我🤖来🤖上🤖班🤖了
[2026-02-18 20:01:12] 玩指挥丶NiKo: 🤖玩🤖大🤖哥🤖我🤖来🤖上🤖班🤖了🤖🤖玩🤖大🤖哥🤖我🤖来🤖上🤖班🤖了
[2026-02-18 20:01:12] 灬花与剑灬: 🤖玩🤖大🤖哥🤖我🤖来🤖上🤖班🤖了🤖🤖玩🤖大🤖哥🤖我🤖来🤖上🤖班🤖了
[2026-02-18 20:01:13] 小紅帽貓: 🤖玩🤖大🤖哥🤖我🤖来🤖上🤖班🤖了🤖🤖玩🤖大🤖哥🤖我🤖来🤖上🤖班🤖了
[2026-02-18 20:01:13] 燥四你的冯: ？
[2026-02-18 20:01:13] 我知道的一点也不多: 宝宝你来了
[2026-02-18 20:01:13] 天马行空梦一场: 🤖玩🤖大🤖哥🤖我🤖来🤖上🤖班🤖了🤖🤖玩🤖大🤖哥🤖我🤖来🤖上🤖班🤖了
[2026-02-18 20:01:14] 好女孩李花子: 🤖玩🤖大🤖哥🤖我🤖来🤖上🤖班🤖了🤖🤖玩🤖大🤖哥🤖我🤖来🤖上🤖班🤖了
[2026-02-18 20:01:14] 幕后煮屎者的菊花: 🤖玩🤖大🤖哥🤖我🤖来🤖上🤖班🤖了🤖🤖玩🤖大🤖哥🤖我🤖来🤖上🤖班🤖了
[2026-02-18 20:01:14] 玩蛇鼠丶stabbi: 听得见
[2026-02-18 20:01:14] 刘亦博之孙: 别刷了行吗？没人提玩神2.11完美A+局9-19垫底
[2026-02-18 20:01:14] 25时的晓山瑞希本人: 刷新🔄失望😞刷新🔄难过😫刷新🔄心碎💔刷新🔄崩溃😭刷新🔄宝贝你来啦?💕🥰😘💖
[2026-02-18 20:01:15] 芝士小子12138: 🤖玩🤖大🤖哥🤖我🤖来🤖上🤖班🤖了🤖🤖玩🤖大🤖哥🤖我🤖来🤖上🤖班🤖了
[2026-02-18 20:01:15] Mirecle丶: 肥🐷肥🐷肥🐷肥🐷肥🐷肥🐷肥🐷肥🐷肥🐷肥🐷肥🐷肥🐷肥🐷肥🐷肥🐷肥🐷
[2026-02-18 20:01:15] 奥利奥利奥dsk: 爱播播不播滚！
[2026-02-18 20:01:15] 用户255420066: 🤖玩🤖大🤖哥🤖我🤖来🤖上🤖
[2026-02-18 20:01:15] WlordNardRhank: 🤖玩🤖大🤖哥🤖我🤖来🤖上🤖班🤖了🤖🤖玩🤖大🤖哥🤖我🤖来🤖上🤖班🤖了
[2026-02-18 20:01:15] 好哥们达芬凯: 🤖玩🤖大🤖哥🤖我🤖来🤖上🤖班🤖了🤖🤖玩🤖大🤖哥🤖我🤖来🤖上🤖班🤖了
[2026-02-18 20:01:15] 钠镁铯钌: 4点比赛你6点来，6点比赛你8点来，major决赛你也晚两个小时吧，等Niko捧杯了你再来
[2026-02-18 20:01:16] 幕后煮屎者的菊花: 🤖玩🤖大🤖哥🤖我🤖来🤖上🤖班🤖了🤖🤖玩🤖大🤖哥🤖我🤖来🤖上🤖班🤖了
[2026-02-18 20:01:17] 玩坤坤丶Chicken: 欺骗😡失望😫欺骗😡失望😫欺骗😡失望😫欺骗😡失望😫欺骗😡失望😫欺骗
[2026-02-18 20:01:17] 祁丿: 玩🤖大🤖哥🤖我🤖来🤖上🤖班🤖了玩🤖大🤖哥🤖我🤖来🤖上🤖班🤖了
[2026-02-18 20:01:17] Ranze丶: 4点比赛你6点来，6点比赛你8点来，major决赛你也晚两个小时吧，等Niko捧杯了你再来
[2026-02-18 20:01:17] 猪猪电电major冠军: 🤖玩🤖大🤖哥🤖我🤖来🤖上🤖班🤖了🤖🤖玩🤖大🤖哥🤖我🤖来🤖上🤖班🤖了
[2026-02-18 20:01:17] 好女孩李花子: 🤖玩🤖大🤖哥🤖我🤖来🤖上🤖班🤖了🤖🤖玩🤖大🤖哥🤖我🤖来🤖上🤖班🤖了
[2026-02-18 20:01:18] 好姐妹若叶睦丶: 4点比赛你6点来，6点比赛你8点来，major决赛你也晚两个小时吧，等Niko捧杯了你再来
[2026-02-18 20:01:18] Mirecle丶: 肥🐷肥🐷肥🐷肥🐷肥🐷肥🐷肥🐷肥🐷肥🐷肥🐷肥🐷肥🐷肥🐷肥🐷肥🐷肥🐷
[2026-02-18 20:01:18] 顶级串子玩机器: 4点比赛你6点来，6点比赛你8点来，major决赛你也晚两个小时吧，等Niko捧杯了你再来
[2026-02-18 20:01:19] 这里是小天啊: 4点比赛你6点来，6点比赛你8点来，major决赛你也晚两个小时吧，等Niko捧杯了你再来
[2026-02-18 20:01:19] 玩弓箭、Arrow: 什么叫下一次
[2026-02-18 20:01:19] 将风、: 🤖玩🤖大🤖哥🤖我🤖来🤖上🤖班🤖了🤖🤖玩🤖大🤖哥🤖我🤖来🤖上🤖班🤖了
[2026-02-18 20:01:19] 對不起該用戶已成仙TT: 🤖玩🤖大🤖哥🤖我🤖来🤖上🤖班🤖了🤖🤖玩🤖大🤖哥🤖我🤖来🤖上🤖班🤖了
[2026-02-18 20:01:19] 青青空空的青空: 4点比赛你6点来，6点比赛你8点来，major决赛你也晚两个小时吧，等Niko捧杯了你再来
[2026-02-18 20:01:19] 玩指挥丶NiKo: 我说实话今天真不敢＋1你们了。本来分就挺少的
[2026-02-18 20:01:20] 机器我要看老汤: 玩神你走了就走呗，别拉扯着我一起走行不行，我在现实里没有人跟我说话😭
[2026-02-18 20:01:20] 好女孩李花子: 🤖玩🤖大🤖哥🤖我🤖来🤖上🤖班🤖了🤖🤖玩🤖大🤖哥🤖我🤖来🤖上🤖班🤖了
[2026-02-18 20:01:21] 嘿嘿嘿491105: 🤖玩🤖大🤖哥🤖我🤖来🤖上🤖班🤖了🤖🤖玩🤖大🤖哥🤖我🤖来🤖上🤖班🤖了
[2026-02-18 20:01:21] 25时的晓山瑞希本人: 别刷了行吗？没人提玩神2.11完美A+局9-19垫底
[2026-02-18 20:01:21] Ranze丶: 玩神怎么还不来，我现实里没有一个朋友，没人和我说话，如果没有直播间我会死的😭
[2026-02-18 20:01:22] Hakurei-Re1mu: 肥🐷肥🐷肥🐷肥🐷肥🐷肥🐷肥🐷肥🐷肥🐷肥🐷肥🐷肥🐷肥🐷肥🐷肥🐷肥🐷
[2026-02-18 20:01:22] 我原神到60级了: 🤖玩🤖大🤖哥🤖我🤖来🤖上🤖班🤖了🤖🤖玩🤖大🤖哥🤖我🤖来🤖上🤖班🤖了
[2026-02-18 20:01:22] 缪尹阾: 宝宝你来了（😀)
[2026-02-18 20:01:22] 蒙面男神王老二: 4点比赛你6点来，6点比赛你8点来，major决赛你也晚两个小时吧，等Niko捧杯了你再来
[2026-02-18 20:01:22] 菅原小吉: 还我A队😭还我A队😭还我A队😭还我A队😭还我A队😭还我A队😭还我A队😭还我A队😭还我A队😭还我A队😭
[2026-02-18 20:01:23] 幕后煮屎者的菊花: 🤖玩🤖大🤖哥🤖我🤖来🤖上🤖班🤖了🤖🤖玩🤖大🤖哥🤖我🤖来🤖上🤖班🤖了
[2026-02-18 20:01:23] 意外5: 🤖玩🤖大🤖哥🤖我🤖来🤖上🤖班🤖了🤖🤖玩🤖大🤖哥🤖我🤖来🤖上🤖班🤖了
[2026-02-18 20:01:23] Mako37: A队死了你来了 你怎么不等头7再来呢
[2026-02-18 20:01:23] l霜之哀伤l: 4点比赛你6点来，6点比赛你8点来，major决赛你也晚两个小时吧，等Niko捧杯了你再来
[2026-02-18 20:01:24] 辽东爱人: 唉，刚做的指甲 不管了🤘🩸🩸唉，刚做的指甲 不管了🤘🩸🩸唉，刚做的指甲 不管了🤘
[2026-02-18 20:01:24] 月落汐上: 4点比赛你6点来，6点比赛你8点来，major决赛你也晚两个小时吧，等Niko捧杯了你再来
[2026-02-18 20:01:24] 好女孩李花子: 🤖玩🤖大🤖哥🤖我🤖来🤖上🤖班🤖了🤖🤖玩🤖大🤖哥🤖我🤖来🤖上🤖班🤖了
[2026-02-18 20:01:25] 短期素食: ？
[2026-02-18 20:01:25] 25时的晓山瑞希本人: 4点比赛你6点来，6点比赛你8点来，major决赛你也晚两个小时吧，等Niko捧杯了你再来
[2026-02-18 20:01:25] 若葉睦Mutsumi: 🤖玩🤖大🤖哥🤖我🤖来🤖上🤖班🤖了🤖🤖玩🤖大🤖哥🤖我🤖来🤖上🤖班🤖了
[2026-02-18 20:01:25] 我是xdd你是谁: 别刷了行吗？没人提玩神2.11完美A+局9-19垫底
[2026-02-18 20:01:26] 用户552302675: 超大级爆！超大级爆！超大级爆！超大级爆！超大级爆！超大级爆！
[2026-02-18 20:01:26] 偶像情酱: 4点比赛你6点来，6点比赛你8点来，major决赛你也晚两个小时吧，等Niko捧杯了你再来
[2026-02-18 20:01:26] 雨华鑫: 4点比赛你6点来，6点比赛你8点来，major决赛你也晚两个小时吧，等Niko捧杯了你再来
[2026-02-18 20:01:26] Aysell: 玩神怎么还不来，我现实里没有一个朋友，没人和我说话，如果没有直播间我会死的😭
[2026-02-18 20:01:26] 一月八百永远支持机器: 4点比赛你6点来，6点比赛你8点来，major决赛你也晚两个小时吧，等Niko捧杯了你再来
[2026-02-18 20:01:26] 用户0351358440: 玩神你终于来了，我现实里没有一个朋友，没人和我说话，如果没有直播间我会死的
[2026-02-18 20:01:27] 田曦薇的小男票: 欺骗😡失望😫欺骗😡失望😫欺骗😡失望😫欺骗😡失望😫欺骗😡失望😫欺骗
[2026-02-18 20:01:27] 伊修塔尔w: 🤖玩🤖大🤖哥🤖我🤖来🤖上🤖班🤖了🤖🤖玩🤖大🤖哥🤖我🤖来🤖上🤖班🤖了
[2026-02-18 20:01:27] GoldenGorgeous: 玩神怎么还不来，我现实里没有一个朋友，没人和我说话，如果没有直播间我会死的😭
[2026-02-18 20:01:27] AVQAQ: 4点比赛你6点来，6点比赛你8点来，major决赛你也晚两个小时吧，等Niko捧杯了你再来
[2026-02-18 20:01:27] 没有故事的Pluto: 不说话耍大牌
[2026-02-18 20:01:30] 玩蛇鼠丶stabbi: 有些无业游民，天天半夜弹幕玩梗很兴奋，白天跟猪一样死睡，真不知道有什么意思
[2026-02-18 20:01:30] 陈千语6657: 说白了，玩神想给A队面子罢了。但是我们A队队员没他这么有面子而已
[2026-02-18 20:01:30] handsomesuperme: 4点比赛你6点来，6点比赛你8点来，major决赛你也晚两个小时吧，等Niko捧杯了你再来
[2026-02-18 20:01:31] 用户20869840: A队死了你来了 你怎么不等头7再来呢
[2026-02-18 20:01:31] 狼学派宗师维瑟米尔: 别刷了行吗？没人提玩神2.11完美A+局9-19垫底
[2026-02-18 20:01:31] 好女孩李花子: 🤖玩🤖大🤖哥🤖我🤖来🤖上🤖班🤖了🤖🤖玩🤖大🤖哥🤖我🤖来🤖上🤖班🤖了
[2026-02-18 20:01:32] Mirecle丶: 肥🐷肥🐷肥🐷肥🐷肥🐷肥🐷肥🐷肥🐷肥🐷肥🐷肥🐷肥🐷肥🐷肥🐷肥🐷肥🐷
[2026-02-18 20:01:32] 雨华鑫: 欺骗😡失望😫欺骗😡失望😫欺骗😡失望😫欺骗😡失望😫欺骗😡失望😫欺骗
[2026-02-18 20:01:33] 玩弓箭、Arrow: 什么叫下一场比赛，你的意思是还有上一场?
[2026-02-18 20:01:33] 小蜜蜂的ropz: 玩神怎么还不来，我现实里没有一个朋友，没人和我说话，如果没有直播间我会死的😭
[2026-02-18 20:01:33] 好姐妹清道夫: 4点比赛你6点来，6点比赛你8点来，major决赛你也晚两个小时吧，等Niko捧杯了你再来
[2026-02-18 20:01:33] 短期素食: 4点比赛你6点来，6点比赛你8点来，major决赛你也晚两个小时吧，等Niko捧杯了你再来
[2026-02-18 20:01:33] 尤影: 4点比赛你6点来，6点比赛你8点来，major决赛你也晚两个小时吧，等Niko捧杯了你再来喵
[2026-02-18 20:01:33] Hakurei-Re1mu: 4点比赛你6点来，6点比赛你8点来，major决赛你也晚两个小时吧，等Niko捧杯了你再来
[2026-02-18 20:01:34] 李小小与虾大大: 两个A队内战你不看，看个上帝带猪吗
[2026-02-18 20:01:34] 千年最强突破手爱丽丝: sv_show_pigface 1
[2026-02-18 20:01:34] 小爱家的北辰: 爹都死了你怎么才来啊😭😭😭😭😭😭
[2026-02-18 20:01:34] NiKkiRain: 4点比赛你6点来，6点比赛你8点来，major决赛你也晚两个小时吧，等Niko捧杯了你再来
[2026-02-18 20:01:34] qwert1968: a
[2026-02-18 20:01:35] 网友盆栽: 🤖玩🤖大🤖哥🤖我🤖来🤖上🤖班🤖了🤖🤖玩🤖大🤖哥🤖我🤖来🤖上🤖班🤖了
[2026-02-18 20:01:35] HastsuneMiku: A队死了你来了 你怎么不等头7再来呢
[2026-02-18 20:01:36] 玩坤坤丶Chicken: 开门啊😭我真的很想融入这个直播间😭 开门啊😭我真的很想融入这个直播间😭
[2026-02-18 20:01:36] 菅原小吉: 听得到
[2026-02-18 20:01:36] 玩指挥丶NiKo: 4点比赛你6点来，6点比赛你8点来，major决赛你也晚两个小时吧，等Niko捧杯了你再来
[2026-02-18 20:01:36] 好哥们达芬凯: 说白了，玩神想给A队面子罢了。但是我们A队队员没他这么有面子而已
[2026-02-18 20:01:36] 暴力卓司: 4点比赛你6点来，6点比赛你8点来，major决赛你也晚两个小时吧，等Niko捧杯了你再来
[2026-02-18 20:01:37] 起个好名好难: 4点比赛你6点来，6点比赛你8点来，major决赛你也晚两个小时吧，等Niko捧杯了你再来
[2026-02-18 20:01:39] 千年最强突破手爱丽丝: sv_show_pigface 1
[2026-02-18 20:01:39] 诗源21537: 别刷了行吗？没人提玩神2.11完美A+局9-19垫底
[2026-02-18 20:01:39] 用户20869840: 两个A队内战你不看，看个上帝带猪吗
[2026-02-18 20:01:39] 用户552302675: 超大级爆！超大级爆！超大级爆！超大级爆！超大级爆！超大级爆！
[2026-02-18 20:01:39] 雨华鑫: 4点比赛你6点来，6点比赛你8点来，major决赛你也晚两个小时吧，等Niko捧杯了你再来
[2026-02-18 20:01:40] 起个好名好难: 爹都死了你怎么才来啊😭😭😭😭😭😭
[2026-02-18 20:01:40] 玩斯特姬姬: 🗿：你继续登山吧易博 人类科技完蛋了都不要开门！
[2026-02-18 20:01:41] 南宁的EASON本人: A队输了你来了
[2026-02-18 20:01:41] 龍仔ww: 4点比赛你6点来，6点比赛你8点来，major决赛你也晚两个小时吧，等Niko捧杯了你再来
[2026-02-18 20:01:42] 用户0351358440: 你来了玩宝宝，我现实里没有朋友，也没有人在乎我，就只有每天看你直播的时候能开心。🥰🥰
[2026-02-18 20:01:42] 林北遥Linby: 滥权
[2026-02-18 20:01:42] 玩蛇鼠丶stabbi: 321321321
[2026-02-18 20:01:43] 安和昴的男友本人: 4点比赛你6点来，6点比赛你8点来，major决赛你也晚两个小时吧，等Niko捧杯了你再来
[2026-02-18 20:01:43] HXCHYH: 4点比赛你6点来，6点比赛你8点来，major决赛你也晚两个小时吧，等Niko捧杯了你再来
[2026-02-18 20:01:43] 千年最强突破手爱丽丝: sv_show_pigface 1
[2026-02-18 20:01:44] UIU的555三闪特别队本队: 开门啊😭我真的很想融入这个直播间😭 开门啊😭我真的很想融入这个直播间😭
[2026-02-18 20:01:44] 樱丘传奇吉他手平泽唯: 4点比赛你6点来，6点比赛你8点来，major决赛你也晚两个小时吧，等Niko捧杯了你再来
[2026-02-18 20:01:44] 林北遥Linby: 滥权
[2026-02-18 20:01:44] 载物的大裂谷左岸: A队死了你来了 你怎么不等头7再来呢
[2026-02-18 20:01:45] 好哥们达芬凯: 别刷了行吗？没人提玩神2.11完美A+局9-19垫底
[2026-02-18 20:01:45] 玩蛇鼠丶stabbi: 321说话
[2026-02-18 20:01:45] 永远爱玩宝宝: 别刷了行吗？没人提玩神2.11完美A+局9-19垫底
[2026-02-18 20:01:47] Mirecle丶: 🧨琓🧨玐🧨坋🧨钳🧨
[2026-02-18 20:01:47] 轻伤酱: 你来了玩宝宝，我现实里没有朋友，也没有人在乎我，就只有每天看你直播的时候能开心。🥰🥰
[2026-02-18 20:01:47] 林北遥Linby: A队输了你来了
[2026-02-18 20:01:48] Hakurei-Re1mu: 超大级爆！超大级爆！超大级爆！超大级爆！超大级爆！超大级爆！超大级爆！超大级爆！超大级爆！超大级爆！
[2026-02-18 20:01:48] dmahjb: sv_show_pigface 1
[2026-02-18 20:01:48] 安酱没有jj: 开门啊😭我真的很想融入这个直播间😭 开门啊😭我真的很想融入这个直播间😭
[2026-02-18 20:01:49] 帅气的小山楂: 4点比赛你6点来，6点比赛你8点来，major决赛你也晚两个小时吧，等Niko捧杯了你再来
[2026-02-18 20:01:50] 玩斯特姬姬: 🗿：你继续登山吧易博 人类科技完蛋了都不要开门！
[2026-02-18 20:01:51] 林北遥Linby: sv_show_pigface 1
[2026-02-18 20:01:52] 尤影: A队死了你来了 你怎么不等头7再来呢喵
[2026-02-18 20:01:52] 奥利奥利奥dsk: 爱播播不播衮
[2026-02-18 20:01:53] 有志青年不嘻嘻: A队死了你来了 你怎么不等头7再来呢
[2026-02-18 20:01:54] 林北遥Linby: 🧨琓🧨玐🧨坋🧨钳🧨
[2026-02-18 20:01:56] 用户2720831019: 4点比赛你6点来，6点比赛你8点来，major决赛你也晚两个小时吧，等Niko捧杯了你再来
[2026-02-18 20:01:56] 起个好名好难: A队死了你来了 你怎么不等头7再来呢喵
[2026-02-18 20:01:56] 机器小心香蕉道: A队死了你来了 你怎么不等头7再来呢喵
[2026-02-18 20:01:56] 霖磷: sv_show_pigface 1
[2026-02-18 20:01:56] 小鳥遊六埖: 4点比赛你6点来，6点比赛你8点来，major决赛你也晚两个小时吧，等Niko捧杯了你再来
[2026-02-18 20:01:56] WA2的冬斯特马马本人: 🗿：你继续登山吧易博 人类科技完蛋了都不要开门！
[2026-02-18 20:01:57] 好姐妹妮可: 哦这是一个轮播🤔，哦这不是轮播😲，这是直播居然😩
[2026-02-18 20:01:57] 北徐: 4点比赛你6点来，6点比赛你8点来，major决赛你也晚两个小时吧，等Niko捧杯了你再来
[2026-02-18 20:01:59] NaiMoTkkk: @汤汤@魔男：感觉我们在不会垫底被淘汰啊
[2026-02-18 20:01:59] 林北遥Linby: A队死了你来了 你怎么不等头7再来呢
[2026-02-18 20:01:59] Soph1re: sv_show_pigface 1
[2026-02-18 20:01:59] 玩坤坤丶Chicken: 🗿：你继续登山吧易博 人类科技完蛋了都不要开门！
[2026-02-18 20:01:59] 玩玩瓜瓜的九九: 您来啦玩大哥可是您头呢
[2026-02-18 20:01:59] 我知道的一点也不多: A队输了你来了
[2026-02-18 20:01:59] 千年最强突破手爱丽丝: sv_show_pigface 1
[2026-02-18 20:02:02] 玩家军的猪头肉本人: A队死了你来了 你怎么不等头7再来呢喵
[2026-02-18 20:02:02] HugeWood未发售版: 银行业一样一样有有有也会有h'y'hui't'y'r's'c'dn
[2026-02-18 20:02:02] 由比滨结衣official: @钟离：哼，欺负玩宝宝？——𒆙——天动万象
[2026-02-18 20:02:02] 阡陌ER: 有声音
[2026-02-18 20:02:02] 玩神直播间的女高中生: A队死了你来了 你怎么不等头7再来呢
[2026-02-18 20:02:02] 帅气的小山楂: A队死了你来了 你怎么不等头7再来呢
[2026-02-18 20:02:04] 玩斯特姬姬: phzy：易博快开门 是继爸😎😎😎
[2026-02-18 20:02:04] 用户0351358440: 吃大份去吧🖕😅🖕吃大份去吧🖕😅🖕吃大份去吧🖕😅🖕
[2026-02-18 20:02:05] 永远爱玩宝宝: 你已被踢出直播间
[2026-02-18 20:02:05] 刘亦博之孙: 🎦当前房间为轮鉴玩机器内容，同样精彩哦～
[2026-02-18 20:02:05] 不想随便起个名: 4点比赛你6点来，6点比赛你8点来，major决赛你也晚两个小时吧，等Niko捧杯了你再来
[2026-02-18 20:02:05] 办公喵: A队死了你来了 你怎么不等头7再来呢
[2026-02-18 20:02:05] 青青空空的青空: 4点比赛你6点来，6点比赛你8点来，major决赛你也晚两个小时吧，等Niko捧杯了你再来
[2026-02-18 20:02:06] 玩神直播间的女高中生: 🧨琓🧨玐🧨坋🧨钳🧨
[2026-02-18 20:02:06] s250b: 烂⭕️烂⭕️烂⭕️烂⭕️烂⭕️烂⭕️烂⭕️烂⭕️
[2026-02-18 20:02:08] UIU的555三闪特别队本队: 🗿：你继续登山吧易博 人类科技完蛋了都不要开门！
[2026-02-18 20:02:08] 下一般化: A队死了你来了 你怎么不等头7再来呢
[2026-02-18 20:02:08] 陈千语6657: @钟离：哼，欺负玩宝宝？——𒆙——天动万象
[2026-02-18 20:02:08] 北徐: A队死了你来了 你怎么不等头7再来呢
[2026-02-18 20:02:08] 玩侄女丶Doloris: A队死了你来了 你怎么不等头7再来呢
[2026-02-18 20:02:08] 你笑么子: 真有人感冒这么多天了还一副死样儿的啊？
[2026-02-18 20:02:08] 玩斯特姬姬: 🗿：你继续登山吧易博 人类科技完蛋了都不要开门！
[2026-02-18 20:02:10] FaZe的伊地知虹夏本人: phzy：易博快开门 是继爸😎😎😎
[2026-02-18 20:02:10] T0PK1NG: 4点比赛你6点来，6点比赛你8点来，major决赛你也晚两个小时吧，等Niko捧杯了你再来
[2026-02-18 20:02:11] Hakurei-Re1mu: 🎦当前房间为轮鉴玩机器内容，同样精彩哦～
[2026-02-18 20:02:11] 这里是小天啊: [让我康康]
[2026-02-18 20:02:12] 我原神到60级了: 你已被踢出直播间
[2026-02-18 20:02:12] 月读的八千代本人: -139
[2026-02-18 20:02:13] HisuiHearts: A队死了你来了 你怎么不等头7再来呢
[2026-02-18 20:02:15] 你成为: 🤤
[2026-02-18 20:02:15] 玩斯特姬姬: 🗿：你继续登山吧易博 人类科技完蛋了都不要开门！
[2026-02-18 20:02:16] 由比滨结衣official: 💺🖥️直播真好做啊💺🖥️直播真好做啊💺🖥️直播真好做啊💺🖥️直播真好做啊
[2026-02-18 20:02:16] 明日方舟夕宝: phzy：易博快开门 是继爸😎😎😎
[2026-02-18 20:02:16] 豆余的machine本人: 别说下一场比赛了，你直接放主播看好吧
[2026-02-18 20:02:16] 青青空空的青空: phzy：易博快开门 是继爸😎😎😎
[2026-02-18 20:02:16] 马楼King张三: a队不考子孙
[2026-02-18 20:02:17] Roselia的友希那本人: 4点比赛你6点来，6点比赛你8点来，major决赛你也晚两个小时吧，等Niko捧杯了你再来
[2026-02-18 20:02:17] MyGo第一剪刀手soyorin: 🎦当前房间为轮鉴玩机器内容，同样精彩哦～
[2026-02-18 20:02:17] 玩神直播间的女高中生: 🎦当前房间为轮鉴玩机器内容，同样精彩哦～
[2026-02-18 20:02:17] C4LLM3L1UN0NG: A队死了你来了 你怎么不等头7再来呢
[2026-02-18 20:02:17] Sigma达达: A队死了你来了 你怎么不等头7再来呢
[2026-02-18 20:02:17] 玩家军的猪头肉本人: 4点比赛你6点来，6点比赛你8点来，major决赛你也晚两个小时吧，等Niko捧杯了你再来
[2026-02-18 20:02:17] 解忧杂货店9527: A队死了你来了 你怎么不等头7再来呢
[2026-02-18 20:02:17] Mirecle丶: 肥🐷肥🐷肥🐷肥🐷肥🐷肥🐷肥🐷肥🐷肥🐷肥🐷肥🐷肥🐷肥🐷肥🐷肥🐷肥🐷
[2026-02-18 20:02:17] buffet的61B本人: @钟离：哼，欺负玩宝宝？——𒆙——天动万象
[2026-02-18 20:02:19] 用户255420066: phzy：易博快开门 是继爸😎😎😎
[2026-02-18 20:02:19] syc84: A队死了你来了 你怎么不等头7再来呢
[2026-02-18 20:02:19] hucctc: A队死了你来了 你怎么不等头7再来呢
[2026-02-18 20:02:21] 下一般化: 4点比赛你6点来，6点比赛你8点来，major决赛你也晚两个小时吧，等Niko捧杯了你再来
[2026-02-18 20:02:22] FaZe的伊地知虹夏本人: A队死了你来了 你怎么不等头7再来呢
[2026-02-18 20:02:22] 狼学派宗师维瑟米尔: @phzy：老子一淘汰你就来了，儿子你做人真的可以
[2026-02-18 20:02:22] 明日方舟夕宝: A队死了你来了 你怎么不等头7再来呢
[2026-02-18 20:02:24] 不受待见的小c: A队死了你来了 你怎么不等头7再来呢
[2026-02-18 20:02:25] HastsuneMiku: 玩大哥你说实话 刚才那场不来是不是因为昨天答应要在那场和大伙聊天？
[2026-02-18 20:02:26] 麻辣头鱼丝: phzy：易博快开门 是继爸😎😎😎
[2026-02-18 20:02:26] 京上施旺: 4点比赛你6点来，6点比赛你8点来，major决赛你也晚两个小时吧，等Niko捧杯了你再来
[2026-02-18 20:02:27] 巴尔的摩甜瓜: 4点比赛你6点来，6点比赛你8点来，major决赛你也晚两个小时吧，等Niko捧杯了你再来
[2026-02-18 20:02:27] 陈千语6657: @钟离：哼，欺负玩宝宝？——𒆙——天动万象@phzy：老子一淘汰你就来了，儿子你做人真的可以
[2026-02-18 20:02:28] 玩宝宝登山后援会: 🎦当前房间为轮鉴玩机器内容，同样精彩哦～
[2026-02-18 20:02:28] GoldenGorgeous: A队死了你来了 你怎么不等头7再来呢
[2026-02-18 20:02:28] 玩大哥舔舔开腥: 玩大哥你说实话 刚才那场不来是不是因为昨天答应要在那场和大伙聊天？
[2026-02-18 20:02:28] 玩斯特姬姬: phzy：易博快开门 是继爸😎😎😎
[2026-02-18 20:02:28] 玩神直播间的女高中生: @phzy：老子一淘汰你就来了，儿子你做人真的可以
[2026-02-18 20:02:29] 红魔馆的芙兰朵路本人: A队死了你来了 你怎么不等头7再来呢
[2026-02-18 20:02:29] 涯风风: 4点比赛你6点来，6点比赛你8点来，major决赛你也晚两个小时吧，等Niko捧杯了你再来
[2026-02-18 20:02:30] 猫帘: A队死了你来了 你怎么不等头7再来呢
[2026-02-18 20:02:30] 由比滨结衣official: 我说出来你们绝对无法反驳好吧，其实，其实我长的有点像梁朝伟
[2026-02-18 20:02:32] 不受待见的小c: 4点比赛你6点来，6点比赛你8点来，major决赛你也晚两个小时吧，等Niko捧杯了你再来
[2026-02-18 20:02:32] 用户0351358440: 尼尼💚孩孩💚尼尼💚孩孩💚尼尼💚孩孩💚尼尼💚孩孩💚
[2026-02-18 20:02:32] 尼头创创子: @phzy：老子一淘汰你就来了，儿子你做人真的可以
[2026-02-18 20:02:32] smh981008: 我说出来你们绝对无法反驳好吧，其实，其实我长的有点像梁朝伟
[2026-02-18 20:02:35] 明日方舟夕宝: 4点比赛你6点来，6点比赛你8点来，major决赛你也晚两个小时吧，等Niko捧杯了你再来
[2026-02-18 20:02:35] Ranze丶: 我在"不骂主播"小游戏中坚持了9秒，获得称号"是没键盘还是没手"，你也快来试试吧！
[2026-02-18 20:02:35] 用户5403993452: 4点比赛你6点来，6点比赛你8点来，major决赛你也晚两个小时吧，等Niko捧杯了你再来
[2026-02-18 20:02:35] 玩宝宝登山后援会: A队死了你来了 你怎么不等头7再来呢
[2026-02-18 20:02:35] XX蔑冉: 玩机器就是一只没有信用的滥犬！玩机器就是一只没有信用的滥犬！玩机器就是一只没有信用的滥犬！
[2026-02-18 20:02:35] 好姐妹妮可: @phzy：亦博快开门，是父贼
[2026-02-18 20:02:35] 玩指挥丶NiKo: @钟离：哼，欺负玩宝宝？——𒆙——天动万象@phzy：老子一淘汰你就来了，儿子你做人真的可以
[2026-02-18 20:02:35] 新津法王丶Mata川: 🎦当前房间为轮鉴玩机器内容，同样精彩哦～
[2026-02-18 20:02:35] 黎羽幻笙: 4点比赛你6点来，6点比赛你8点来，major决赛你也晚两个小时吧，等Niko捧杯了你再来
[2026-02-18 20:02:35] 玩斯特姬姬: phzy：易博快开门 是继爸😎😎😎
[2026-02-18 20:02:35] 尼古拉刘亦博: 你来晚了亦博，ququ那niko已经major夺冠了
[2026-02-18 20:02:37] FaZe的伊地知虹夏本人: 玩大哥你说实话 刚才那场不来是不是因为昨天答应要在那场和大伙聊天？
[2026-02-18 20:02:37] Sable94182: 我说出来你们绝对无法反驳好吧，其实，其实我长的有点像梁朝伟
[2026-02-18 20:02:38] 青青空空的青空: phzy：易博快开门 是继爸😎😎😎
[2026-02-18 20:02:38] 玩机器的弟弟欧金金: 4点比赛你6点来，6点比赛你8点来，major决赛你也晚两个小时吧，等Niko捧杯了你再来
[2026-02-18 20:02:38] 陈千语6657: 谁说的 肥豬是誰說的 @玩宝丶0231：肥🐷肥🐷肥🐷肥🐷肥🐷肥🐷肥🐷肥🐷肥🐷肥🐷
[2026-02-18 20:02:40] Mirecle丶: phzy：易博快开门 是ph爸😎😎😎
[2026-02-18 20:02:41] Sable94182: 4点比赛你6点来，6点比赛你8点来，major决赛你也晚两个小时吧，等Niko捧杯了你再来
[2026-02-18 20:02:42] 用户7126642977: 4点比赛你6点来，6点比赛你8点来，major决赛你也晚两个小时吧，等Niko捧杯了你再来
[2026-02-18 20:02:43] Art3miss: 4点比赛你6点来，6点比赛你8点来，major决赛你也晚两个小时吧，等Niko捧杯了你再来
[2026-02-18 20:02:43] AlexOvQ: 我说出来你们绝对无法反驳好吧，其实，其实我长的有点像梁朝伟
[2026-02-18 20:02:43] kkyon: 4点比赛你6点来，6点比赛你8点来，major决赛你也晚两个小时吧，等Niko捧杯了你再来
[2026-02-18 20:02:43] Mako37: 4点比赛你6点来，6点比赛你8点来，major决赛你也晚两个小时吧，等Niko捧杯了你再来
[2026-02-18 20:02:43] 摆烂小鸽子: 4点比赛你6点来，6点比赛你8点来，major决赛你也晚两个小时吧，等Niko捧杯了你再来
[2026-02-18 20:02:43] 忒斯特賊賊的披肩: phzy：易博快开门 是ph爸😎😎😎
[2026-02-18 20:02:44] 玩指挥丶NiKo: 玩大哥你说实话 刚才那场不来是不是因为昨天答应要在那场和大伙聊天？
[2026-02-18 20:02:45] 想要玩大哥的不死祝福: 你来辣玩大哥
[2026-02-18 20:02:46] 尼古拉刘亦博: 玩大哥你说实话 刚才那场不来是不是因为昨天答应要在那场和大伙聊天？
[2026-02-18 20:02:46] AlexOvQ: 4点比赛你6点来，6点比赛你8点来，major决赛你也晚两个小时吧，等Niko捧杯了你再来
[2026-02-18 20:02:47] 尼头创创子: @phzy：亦博快开门，是父贼
[2026-02-18 20:02:47] 最爱栗宝的小叉: 抓娃娃
[2026-02-18 20:02:48] 房同学19554: 4点比赛你6点来，6点比赛你8点来，major决赛你也晚两个小时吧，等Niko捧杯了你再来
[2026-02-18 20:02:48] 看戏小子0V0: 4点比赛你6点来，6点比赛你8点来，major决赛你也晚两个小时吧，等Niko捧杯了你再来
[2026-02-18 20:02:49] Bean77777: 4点比赛你6点来，6点比赛你8点来，major决赛你也晚两个小时吧，等Niko捧杯了你再来
[2026-02-18 20:02:49] HastsuneMiku: 玩大哥你说实话 刚才那场不来是不是因为昨天答应要在那场和大伙聊天？
[2026-02-18 20:02:50] 求奶我雅思不过6: 4点比赛你6点来，6点比赛你8点来，major决赛你也晚两个小时吧，等Niko捧杯了你再来
[2026-02-18 20:02:50] 豆余的machine本人: 主播看好：PV
[2026-02-18 20:02:50] 陈千语6657:  @phzy：老子一淘汰你就来了，儿子你做人真的可以
[2026-02-18 20:02:50] 麻辣头鱼丝: 4点比赛你6点来，6点比赛你8点来，major决赛你也晚两个小时吧，等Niko捧杯了你再来
[2026-02-18 20:02:51] 古德温iou: 111
[2026-02-18 20:02:51] Ranze丶: 4点比赛你6点来，6点比赛你8点来，major决赛你也晚两个小时吧，等Niko捧杯了你再来
[2026-02-18 20:02:51] 由比滨结衣official: 剪掉WJQ的小揪揪（ ・ω・)✄╰ひ╯ 变成WJO可爱捏喵！
[2026-02-18 20:02:51] 解忧杂货店9527: 　　　 @不是儿子投屏我都不知道网上还有你这种净网行动漏网之鱼的低俗主播。。
[2026-02-18 20:02:52] 1魂星1: a队似了你才来，怎么不等头七再来呢😁😁
[2026-02-18 20:02:52] 杰洛齐贝林3: @陈千语：（猛地转身面向你）（生气地朝你比拳头）（气鼓鼓地朝你嘟嘴）
[2026-02-18 20:02:52] 好女孩李花子: 🤖玩🤖大🤖哥🤖我🤖来🤖上🤖班🤖了🤖🤖玩🤖大🤖哥🤖我🤖来🤖上🤖班🤖了
[2026-02-18 20:02:53] Hakurei-Re1mu: 4点比赛你6点来，6点比赛你8点来，major决赛你也晚两个小时吧，等Niko捧杯了你再来
[2026-02-18 20:02:54] C4LLM3L1UN0NG: 4点比赛你6点来，6点比赛你8点来，major决赛你也晚两个小时吧，等Niko捧杯了
[2026-02-18 20:02:54] 东云绘名是我妈: 4点比赛你6点来，6点比赛你8点来，major决赛你也晚两个小时吧，等Niko捧杯了你再来
[2026-02-18 20:02:54] thluyy: 4点比赛你6点来，6点比赛你8点来，major决赛你也晚两个小时吧，等Niko捧杯了你再来
[2026-02-18 20:02:55] 凯瑟琳123: 4点比赛你6点来，6点比赛你8点来，major决赛你也晚两个小时吧，等Niko捧杯了你再来
[2026-02-18 20:02:56] 述二ER: 4点比赛你6点来，6点比赛你8点来，major决赛你也晚两个小时吧，等Niko捧杯了
[2026-02-18 20:02:56] 银河坠入深谷的梦里: 初生
[2026-02-18 20:02:59] 玩小詹Jamyoung: 4点比赛你6点来，6点比赛你8点来，major决赛你也晚两个小时吧，等Niko捧杯了你再来
[2026-02-18 20:02:59] 好女孩李花子: 🤖玩🤖大🤖哥🤖我🤖来🤖上🤖班🤖了🤖🤖玩🤖大🤖哥🤖我🤖来🤖上🤖班🤖了
[2026-02-18 20:02:59] 顶级窮哥们: 4点比赛你6点来，6点比赛你8点来，major决赛你也晚两个小时吧，等Niko捧杯了你再来
[2026-02-18 20:03:00] zwcorigin: 晚上9点来
[2026-02-18 20:03:00] 就白给桑: 4点比赛你6点来，6点比赛你8点来，major决赛你也晚两个小时吧，等Niko捧杯了你再来
[2026-02-18 20:03:00] 艺中人丶孤寂: 收到 @豆余的machine本人：主播看好：PV
[2026-02-18 20:03:01] 可爱小驴驴donk酱: 扫墓🧹扫墓🧹扫墓🧹扫墓🧹扫墓🧹扫墓🧹扫墓🧹扫墓🧹扫墓🧹
[2026-02-18 20:03:01] 陈千语6657: @陈千语：（猛地转身面向你）（生气地朝你比拳头）（气鼓鼓地朝你嘟嘴）
[2026-02-18 20:03:01] Abc丶Ss: 4点比赛你6点来，6点比赛你8点来，major决赛你也晚两个小时吧，等Niko捧杯了
[2026-02-18 20:03:02] 新津法王丶Mata川: 4点比赛你6点来，6点比赛你8点来，major决赛你也晚两个小时吧，等Niko捧杯了你再来
[2026-02-18 20:03:04] 拐弯蛇: 4点比赛你6点来，6点比赛你8点来，major决赛你也晚两个小时吧，等Niko捧杯了你再来
[2026-02-18 20:03:04] 1魂星1: a队似了你才来，怎么不等头七再来呢😁😁
[2026-02-18 20:03:04] 温岭法师: 4点比赛你6点来，6点比赛你8点来，major决赛你也晚两个小时吧，等Niko捧杯了
[2026-02-18 20:03:05] 解忧杂货店9527: 　　　 @不是儿子投屏我都不知道网上还有你这种净网行动漏网之鱼的低俗主播。。
[2026-02-18 20:03:06] 南宁的EASON本人: 4点比赛你6点来，6点比赛你8点来，major决赛你也晚两个小时吧，等Niko捧杯了
[2026-02-18 20:03:06] 陶芸馝: 4点比赛你6点来，6点比赛你8点来，major决赛你也晚两个小时吧，等Niko捧杯了
[2026-02-18 20:03:07] 永远爱玩宝宝: 玩宝宝你来晚了，faze昨天就回家了，你登不了山了
[2026-02-18 20:03:07] 穗华三千: 4点比赛你6点来，6点比赛你8点来，major决赛你也晚两个小时吧，等Niko捧杯了
[2026-02-18 20:03:08] 小爱家的北辰: 爹都死了你还来有什么用 我恨你一波流😭
[2026-02-18 20:03:09] 英雄少女的晴雯丽本人: 4点比赛你6点来，6点比赛你8点来，major决赛你也晚两个小时吧，等Niko捧杯了
[2026-02-18 20:03:09] 由比滨结衣official: 银行业一样一样的也会有h'y'h'i't'y'r's'c'dn了
[2026-02-18 20:03:10] 麻辣头鱼丝: 扫墓🧹扫墓🧹扫墓🧹扫墓🧹扫墓🧹扫墓🧹扫墓🧹扫墓🧹扫墓🧹
[2026-02-18 20:03:11] Flynnnnnnn: 又迟到了，功课也不做了，你真是不忘初心的好解说
[2026-02-18 20:03:11] 忒斯特賊賊的披肩: a队似了你才来，怎么不等头七再来呢😁😁
[2026-02-18 20:03:11] Mirecle丶: ph八分前敢飞吗
[2026-02-18 20:03:11] 儒雅随和的带带大马猴: 4点比赛你6点来，6点比赛你8点来，major决赛你也晚两个小时吧，等Niko捧杯了你再来
[2026-02-18 20:03:11] 艺中人丶孤寂: 4点比赛你6点来，6点比赛你8点来，major决赛你也晚两个小时吧，等Niko捧杯了
[2026-02-18 20:03:12] N0wAy丶: 4点比赛你6点来，6点比赛你8点来，major决赛你也晚两个小时吧，等Niko捧杯了
[2026-02-18 20:03:12] KirinQi: 4点比赛你6点来，6点比赛你8点来，major决赛你也晚两个小时吧，等Niko捧杯了
[2026-02-18 20:03:13] 1魂星1: a队似了你才来，怎么不等头七再来呢😁😁
[2026-02-18 20:03:13] 陈千语6657: a队似了你才来，怎么不等头七再来呢😁
[2026-02-18 20:03:13] 叁暮森: 4点比赛你6点来，6点比赛你8点来，major决赛你也晚两个小时吧，等Niko捧杯了
[2026-02-18 20:03:13] 独爱大虾114514: 你还知道回来？？？
[2026-02-18 20:03:14] 我只看人机局: 4点比赛你6点来，6点比赛你8点来，major决赛你也晚两个小时吧，等Niko捧杯了
[2026-02-18 20:03:14] 圣德巫女: 4点比赛你6点来，6点比赛你8点来，major决赛你也晚两个小时吧，等Niko捧杯了
[2026-02-18 20:03:15] 赶ddl: 4点比赛你6点来，6点比赛你8点来，major决赛你也晚两个小时吧，等Niko捧杯了
[2026-02-18 20:03:16] 上海一九肆叁: 4点比赛你6点来，6点比赛你8点来，major决赛你也晚两个小时吧，等Niko捧杯了
[2026-02-18 20:03:16] 康托尔74920: 4点比赛你6点来，6点比赛你8点来，major决赛你也晚两个小时吧，等Niko捧杯了
[2026-02-18 20:03:17] 嘿嘿嘿491105: 　　　 4点比赛你6点来，6点比赛你8点来，major决赛你也晚两个小时吧，等Niko捧杯了
[2026-02-18 20:03:17] 1魂星1: a队似了你才来，怎么不等头七再来呢😁😁
[2026-02-18 20:03:17] 甜味汽水y: 4点比赛你6点来，6点比赛你8点来，major决赛你也晚两个小时吧，等Niko捧杯了你再来
[2026-02-18 20:03:18] 钠镁铯钌: 一波b🤯！一波b🤯！一波b🤯！一波b🤯！一波b🤯！一波b🤯！一波b🤯！一波b🤯！
[2026-02-18 20:03:18] N0wAy丶: a队似了你才来，怎么不等头七再来呢😁😁
[2026-02-18 20:03:20] 永远爱玩宝宝: 　　　 4点比赛你6点来，6点比赛你8点来，major决赛你也晚两个小时吧，等Niko捧杯了
[2026-02-18 20:03:20] 南燕swallow: 4点比赛你6点来，6点比赛你8点来，major决赛你也晚两个小时吧，等Niko捧杯了
[2026-02-18 20:03:20] Abc丶Ss: 4点比赛你6点来，6点比赛你8点来，major决赛你也晚两个小时吧，等Niko捧杯了
[2026-02-18 20:03:21] 一一得三: 4点比赛你6点来，6点比赛你8点来，major决赛你也晚两个小时吧，等Niko捧杯了你再来
[2026-02-18 20:03:21] 加仓红宝石刺刀dewasu: 还搁这直播呢？圣主突破封印，布莱克警长正组织反击，其他生肖都到了，就差你这头猪了
[2026-02-18 20:03:22] 鹦侨侨侨侨: 看见还有不够15级就有玩机器牌子的兄弟，真想替他们说一句“玩机器你做人真的可以”
[2026-02-18 20:03:23] 一生只爱常陆茉子: 🤖玩🤖大🤖哥🤖我🤖来🤖上🤖班🤖了🤖🤖玩🤖大🤖哥🤖我🤖来🤖上🤖班🤖了
[2026-02-18 20:03:23] Natsu51776: 4点比赛你6点来，6点比赛你8点来，major决赛你也晚两个小时吧，等Niko捧杯了
[2026-02-18 20:03:24] 阿羞羞i: 4点比赛你6点来，6点比赛你8点来，major决赛你也晚两个小时吧，等Niko捧杯了你再来
[2026-02-18 20:03:25] 旅燕没有归途: 4点比赛你6点来，6点比赛你8点来，major决赛你也晚两个小时吧，等Niko捧杯了你再来
[2026-02-18 20:03:25] Flynnnnnnn: 4点比赛你6点来，6点比赛你8点来，major决赛你也晚两个小时吧，等Niko捧杯了你再来
[2026-02-18 20:03:25] 凯瑟琳123: a队似了你才来，怎么不等头七再来呢😁😁
[2026-02-18 20:03:26] 有痕68836: 4点比赛你6点来，6点比赛你8点来，major决赛你也晚两个小时吧，等Niko捧杯了你再来
[2026-02-18 20:03:26] 几笔成书灬: 原来老汤是你这个不开播的跌啊，我看qu总全力解说A队以为是他的呢😅
[2026-02-18 20:03:26] 陈千语6657: @不是儿子投屏我都不知道网上还有你这种净网行动漏网之鱼的低俗主播。。：a队似了你才来，怎么不等头七再
[2026-02-18 20:03:27] HastsuneMiku: 玩大哥你说实话 刚才那场不来是不是因为昨天答应要在那场和大伙聊天？
[2026-02-18 20:03:28] SP的空门苍本人: 4点比赛你6点来，6点比赛你8点来，major决赛你也晚两个小时吧，等Niko捧杯了你再来
[2026-02-18 20:03:28] 困惑地熊猫: 4点比赛你6点来，6点比赛你8点来，major决赛你也晚两个小时吧，等Niko捧杯了你再来
[2026-02-18 20:03:29] 晰笙frank: 4点比赛你6点来，6点比赛你8点来，major决赛你也晚两个小时吧，等Niko捧杯了你再来
[2026-02-18 20:03:30] bur1n: 4点比赛你6点来，6点比赛你8点来，major决赛你也晚两个小时吧，等Niko捧杯了你再来
[2026-02-18 20:03:30] vitality的亡巴淡本人: 4点比赛你6点来，6点比赛你8点来，major决赛你也晚两个小时吧，等Niko捧杯了你再来
[2026-02-18 20:03:31] 解忧杂货店9527: 4点比赛你6点来，6点比赛你8点来，major决赛你也晚两个小时吧，等Niko捧杯了你再来
[2026-02-18 20:03:31] 尼头创创子: 4点比赛你6点来，6点比赛你8点来，major决赛你也晚两个小时吧，等Niko捧杯了你再来
[2026-02-18 20:03:31] 重庆弹幕大神丶: 这么恨A队啊....
[2026-02-18 20:03:32] 1魂星1: a队似了你才来，怎么不等头七再来呢😁😁
[2026-02-18 20:03:33] 不是很懂怎么取名: 4点比赛你6点来，6点比赛你8点来，major决赛你也晚两个小时吧，等Niko捧杯了你再来
[2026-02-18 20:03:33] 青青空空的青空: 4点比赛你6点来，6点比赛你8点来，major决赛你也晚两个小时吧，等Niko捧杯了你再来
[2026-02-18 20:03:33] 几笔成书灬: 原来老汤是你这个不开播的跌啊，我看qu总全力解说A队以为是他的呢😅
[2026-02-18 20:03:33] 冷寒li: 4点比赛你6点来，6点比赛你8点来，major决赛你也晚两个小时吧，等Niko捧杯了你再来
[2026-02-18 20:03:33] 剁娇渔头: 4点比赛你6点来，6点比赛你8点来，major决赛你也晚两个小时吧，等Niko捧杯了你再来
[2026-02-18 20:03:33] 玩银帕Multi: 4点比赛你6点来，6点比赛你8点来，major决赛你也晚两个小时吧，等Niko捧杯了你再来
[2026-02-18 20:03:33] 一生只爱常陆茉子: 4点比赛你6点来，6点比赛你8点来，major决赛你也晚两个小时吧，等Niko捧杯了你再来
[2026-02-18 20:03:33] 依然有力: 4点比赛你6点来，6点比赛你8点来，major决赛你也晚两个小时吧，等Niko捧杯了你再来
[2026-02-18 20:03:34] 椎名立希的泪痣: 4点比赛你6点来，6点比赛你8点来，major决赛你也晚两个小时吧，等Niko捧杯了你再来
[2026-02-18 20:03:35] 硕official本人: 原来老汤是你这个不开播的跌啊，我看qu总全力解说A队以为是他的呢😅
[2026-02-18 20:03:35] SP的空门苍本人: 4点比赛你6点来，6点比赛你8点来，major决赛你也晚两个小时吧，等Niko捧杯了你再来
[2026-02-18 20:03:36] 好哥们达芬凯: a队似了你才来，怎么不等头七再来呢😁😁
[2026-02-18 20:03:37] 古德温iou: 4点比赛你6点来，6点比赛你8点来，major决赛你也晚两个小时吧，等Niko捧杯了你再来
[2026-02-18 20:03:37] 加仓红宝石刺刀dewasu: 还搁这直播呢？圣主突破封印，布莱克警长正组织反击，其他生肖都到了，就差你这头猪了
[2026-02-18 20:03:37] 刘几博: 4点比赛你6点来，6点比赛你8点来，major决赛你也晚两个小时吧，等Niko捧杯了你再来
[2026-02-18 20:03:37] 南燕swallow: 4点比赛你6点来，6点比赛你8点来，major决赛你也晚两个小时吧，等Niko捧杯了你再来
[2026-02-18 20:03:37] 枫秋秋: 4点比赛你6点来，6点比赛你8点来，major决赛你也晚两个小时吧，等Niko捧杯了你再来
[2026-02-18 20:03:38] Golpeame: 4点比赛你6点来，6点比赛你8点来，major决赛你也晚两个小时吧，等Niko捧杯了你再来
[2026-02-18 20:03:38] 温戾LTnS: 4点比赛你6点来，6点比赛你8点来，major决赛你也晚两个小时吧，等Niko捧杯了你再来
[2026-02-18 20:03:39] Hakurei-Re1mu: 4点比赛你6点来，6点比赛你8点来，major决赛你也晚两个小时吧，等Niko捧杯了你再来
[2026-02-18 20:03:39] 非必要不中岀: 能听见
[2026-02-18 20:03:39] 凯瑟琳123: 4点比赛你6点来，6点比赛你8点来，major决赛你也晚两个小时吧，等Niko捧杯了你再来
[2026-02-18 20:03:39] 狼学派宗师维瑟米尔: 机器，我看这直播间你来不来也不影响弹幕刷烂梗，要不这样吧，你下次左下角放个猪头立绘得了，你别来了
[2026-02-18 20:03:40] TangibleDreams: 4点比赛你6点来，6点比赛你8点来，major决赛你也晚两个小时吧，等Niko捧杯了你再来
[2026-02-18 20:03:40] As1ntO: a队似了你才来，怎么不等头七再来呢😁😁
[2026-02-18 20:03:41] 旅燕没有归途: 听得见
[2026-02-18 20:03:41] 短期素食: 4点比赛你6点来，6点比赛你8点来，major决赛你也晚两个小时吧，等Niko捧杯了你再来
[2026-02-18 20:03:41] 疯狂欧那尼: 嘘……好像在凿，仔细听能听见……
[2026-02-18 20:03:41] 滑铲上天: a队还是厉害，沙二这张匪图防守拿10分，进攻就拿一分
[2026-02-18 20:03:42] 冷落01017: 4点比赛你6点来，6点比赛你8点来，major决赛你也晚两个小时吧，等Niko捧杯了你再来
[2026-02-18 20:03:42] 几笔成书灬: 原来老汤是你这个不开播的跌啊，我看qu总全力解说A队以为是他的呢😅
[2026-02-18 20:03:43] 陈千语6657: 原来老汤是你这个不开播的跌啊，我看qu总全力解说A队以为是他的呢😅
[2026-02-18 20:03:43] 千年最强突破手爱丽丝: 4点比赛你6点来，6点比赛你8点来，major决赛你也晚两个小时吧，等Niko捧杯了你再来
[2026-02-18 20:03:43] CSTG星野源: 挂一排字直播真好做啊
[2026-02-18 20:03:43] 1魂星1: a队似了你才来，怎么不等头七再来呢😁😁
[2026-02-18 20:03:45] 永远亭的辉夜本人: 4点比赛你6点来，6点比赛你8点来，major决赛你也晚两个小时吧，等Niko捧杯了你再来
[2026-02-18 20:03:45] gingk0: 4点比赛你6点来，6点比赛你8点来，major决赛你也晚两个小时吧，等Niko捧杯了你再来
[2026-02-18 20:03:45] HastsuneMiku: 玩大哥你说实话 刚才那场不来是不是因为昨天答应要在那场和大伙聊天？
[2026-02-18 20:03:45] 唱門師: 你把摄像头开开来，我有几个亿的项目要谈
[2026-02-18 20:03:45] 网友能代: 直播间和殡仪馆越来越像了，主角明明已经不在了，大家依然围在旁边聊些不相干的东西，然后热度还很高
[2026-02-18 20:03:46] 玩机器宝宝可爱捏: 4点比赛你6点来，6点比赛你8点来，major决赛你也晚两个小时吧，等Niko捧杯了你再来
[2026-02-18 20:03:46] 左颜And1: 4点比赛你6点来，6点比赛你8点来，major决赛你也晚两个小时吧，等Niko捧杯了你再来
[2026-02-18 20:03:48] LAL的Kobe本人: 挂一排字直播真好做啊
[2026-02-18 20:03:48] 用户5403993452: 能听见
[2026-02-18 20:03:48] 给我打闪秋梨膏: ？
[2026-02-18 20:03:48] 黄河流年: 4点比赛你6点来，6点比赛你8点来，major决赛你也晚两个小时吧，等Niko捧杯了你再来
[2026-02-18 20:03:49] 消失的米果果: 4点比赛你6点来，6点比赛你8点来，major决赛你也晚两个小时吧，等Niko捧杯了你再来
[2026-02-18 20:03:49] 几笔成书灬: 原来老汤是你这个不开播的跌啊，我看qu总全力解说A队以为是他的呢😅
[2026-02-18 20:03:49] 催犬是最低级的犬: 4点比赛你6点来，6点比赛你8点来，major决赛你也晚两个小时吧，等Niko捧杯了你再来
[2026-02-18 20:03:49] 1魂星1: 直播间和殡仪馆越来越像了，主角明明已经不在了，大家依然围在旁边聊些不相干的东西，然后热度还很高
[2026-02-18 20:03:49] 新津法王丶Mata川: 4点比赛你6点来，6点比赛你8点来，major决赛你也晚两个小时吧，等Niko捧杯了你再来
[2026-02-18 20:03:50] 喋喌喍喎喏: 🎦当前房间为轮播内容，同样精彩哦～
[2026-02-18 20:03:50] 陈千语6657: 4点比赛你6点来，6点比赛你8点来，major决赛你也晚两个小时吧，等Niko捧杯了你再来
[2026-02-18 20:03:50] 届不到的冬馬和纱: 4点比赛你6点来，6点比赛你8点来，major决赛你也晚两个小时吧，等Niko捧杯了你再来
[2026-02-18 20:03:50] 南燕swallow: 直播间和殡仪馆越来越像了，主角明明已经不在了，大家依然围在旁边聊些不相干的东西，然后热度还很高
[2026-02-18 20:03:50] 马猴烧酒伊莉雅本人: 4点比赛你6点来，6点比赛你8点来，major决赛你也晚两个小时吧，等Niko捧杯了你再来
[2026-02-18 20:03:50] ikaros522: 听得见
[2026-02-18 20:03:51] 用户5403993452: 4点比赛你6点来，6点比赛你8点来，major决赛你也晚两个小时吧，等Niko捧杯了你再来
[2026-02-18 20:03:51] 玩机器宝宝可爱捏: 4点比赛你6点来，6点比赛你8点来，major决赛你也晚两个小时吧，等Niko捧杯了你再来
[2026-02-18 20:03:52] 月蚀星微: a队似了你才来，怎么不等头七再来呢😁😁
[2026-02-18 20:03:52] 好哥们达芬凯: 4点比赛你6点来，6点比赛你8点来，major决赛你也晚两个小时吧，等Niko捧杯了你再来
[2026-02-18 20:03:52] arsQaQ: 不用头七21号老汤比赛你就看他准不准时吧
[2026-02-18 20:03:52] 克劳德贼贼: 4点比赛你6点来，6点比赛你8点来，major决赛你也晚两个小时吧，等Niko捧杯了你再来
[2026-02-18 20:03:53] 小奏123: 4点比赛你6点来，6点比赛你8点来，major决赛你也晚两个小时吧，等Niko捧杯了你再来
[2026-02-18 20:03:53] 1魂星1: 4点比赛你6点来，6点比赛你8点来，major决赛你也晚两个小时吧，等Niko捧杯了你再来
[2026-02-18 20:03:53] 珠湿落幕: 💺🖥️直播真好做啊💺🖥️直播真好做啊💺🖥️直播真好做啊💺🖥️直播真好做啊
[2026-02-18 20:03:54] 若葉睦Mutsumi: 4点比赛你6点来，6点比赛你8点来，major决赛你也晚两个小时吧，等Niko捧杯了你再来
[2026-02-18 20:03:55] FaZe的伊地知虹夏本人: 直播间和殡仪馆越来越像了，主角明明已经不在了，大家依然围在旁边聊些不相干的东西，然后热度还很高
[2026-02-18 20:03:55] 25时的晓山瑞希本人: 直播间和殡仪馆越来越像了，主角明明已经不在了，大家依然围在旁边聊些不相干的东西，然后热度还很高
[2026-02-18 20:03:55] 月落汐上: 4点比赛你6点来，6点比赛你8点来，major决赛你也晚两个小时吧，等Niko捧杯了你再来
[2026-02-18 20:03:55] 尼古拉刘亦博: 能听见
[2026-02-18 20:03:56] 豆余的machine本人: 机器，我看这直播间你来不来也不影响弹幕刷烂梗，要不这样吧，你下次左下角放个猪头立绘得了
[2026-02-18 20:03:57] shawndrash: 4点比赛你6点来，6点比赛你8点来，major决赛你也晚两个小时吧，等Niko捧杯了你再来
[2026-02-18 20:03:57] I95654: a队似了你才来，怎么不等头七再来呢😁😁
[2026-02-18 20:03:57] 就白给桑: 直播间和殡仪馆越来越像了，主角明明已经不在了，大家依然围在旁边聊些不相干的东西，然后热度还很高
[2026-02-18 20:03:58] 珠湿落幕: 💺🖥️直播真好做啊💺🖥️直播真好做啊💺🖥️直播真好做啊💺🖥️直播真好做啊
[2026-02-18 20:03:58] 几笔成书灬: 原来老汤是你这个不开播的跌啊，我看qu总全力解说A队以为是他的呢😅
[2026-02-18 20:03:58] 不是很懂怎么取名: 💺🖥️直播真好做啊💺🖥️直播真好做啊💺🖥️直播真好做啊💺🖥️直播真好做啊
[2026-02-18 20:04:00] dkalmsda: 4点比赛你6点来，6点比赛你8点来，major决赛你也晚两个小时吧，等Niko捧杯了你再来
[2026-02-18 20:04:00] 25时的晓山瑞希本人: 🎦当前房间为轮播内容，同样精彩哦～
[2026-02-18 20:04:00] 马猴烧酒伊莉雅本人: 直播间和殡仪馆越来越像了，主角明明已经不在了，大家依然围在旁边聊些不相干的东西，然后热度还很高
[2026-02-18 20:04:00] 好哥们右代宫战人: 💺🖥️直播真好做啊💺🖥️直播真好做啊💺🖥️直播真好做啊💺🖥️直播真好做啊
[2026-02-18 20:04:01] 玩小詹Jamyoung: 玩大哥你说实话 刚才那场不来是不是因为昨天答应要在那场和大伙聊天？
[2026-02-18 20:04:01] ikaros522: 直播间和殡仪馆越来越像了，主角明明已经不在了，大家依然围在旁边聊些不相干的东西，然后热度还很高
[2026-02-18 20:04:02] The8little8oNe: 4点比赛你6点来，6点比赛你8点来，major决赛你也晚两个小时吧，等Niko捧杯了你再来
[2026-02-18 20:04:02] 明日方舟夕宝: 💺🖥️直播真好做啊💺🖥️直播真好做啊💺🖥️直播真好做啊💺🖥️直播真好做啊
[2026-02-18 20:04:02] 陈千语6657: 4点比赛你6点来，6点比赛你8点来，major决赛你也晚两个小时吧，等Niko捧杯了你再来
[2026-02-18 20:04:02] 25时的晓山瑞希本人: 4点比赛你6点来，6点比赛你8点来，major决赛你也晚两个小时吧，等Niko捧杯了你再来
[2026-02-18 20:04:02] 永远亭的辉夜本人: 直播间和殡仪馆越来越像了，主角明明已经不在了，大家依然围在旁边聊些不相干的东西，然后热度还很高
[2026-02-18 20:04:02] 珠湿落幕: 💺🖥️直播真好做啊💺🖥️直播真好做啊💺🖥️直播真好做啊💺🖥️直播真好做啊
[2026-02-18 20:04:03] 别来1234: 4点比赛你6点来，6点比赛你8点来，major决赛你也晚两个小时吧，等Niko捧杯了你再来
[2026-02-18 20:04:03] Ranze丶: 🎦当前房间为轮播内容，同样精彩哦～
[2026-02-18 20:04:03] 几笔成书灬: 原来老汤是你这个不开播的跌啊，我看qu总全力解说A队以为是他的呢😅
[2026-02-18 20:04:04] 玩机器的小小蛋: 🎦当前房间为轮播内容，同样精彩哦～
[2026-02-18 20:04:05] BodyDog绿龙zont1x本人: 听得见
[2026-02-18 20:04:06] 若葉睦Mutsumi: 原来老汤是你这个不开播的跌啊，我看qu总全力解说A队以为是他的呢😅
[2026-02-18 20:04:06] 好哥们右代宫战人: 勒布朗来了🦍🏀🦍🏀🦍🏀🦍🏀🦍🏀🦍🏀🦍🏀🦍🏀🦍🏀
[2026-02-18 20:04:06] 用户5387930459: 4点比赛你6点来，6点比赛你8点来，major决赛你也晚两个小时吧，等Niko捧杯了你再来
[2026-02-18 20:04:07] 珠湿落幕: 💺🖥️直播真好做啊💺🖥️直播真好做啊💺🖥️直播真好做啊💺🖥️直播真好做啊
[2026-02-18 20:04:07] 永远亭的辉夜本人: 💺🖥️直播真好做啊💺🖥️直播真好做啊💺🖥️直播真好做啊💺🖥️直播真好做啊
[2026-02-18 20:04:08] HastsuneMiku: 玩大哥你说实话 刚才那场不来是不是因为昨天答应要在那场和大伙聊天？
[2026-02-18 20:04:08] 几笔成书灬: 原来老汤是你这个不开播的跌啊，我看qu总全力解说A队以为是他的呢😅
[2026-02-18 20:04:08] 菅原小吉: 6点的比赛你8点来，那你怎么有脸收6点的礼物的😅6点的比赛你8点来，那你怎么有脸收6点的礼物的😅
[2026-02-18 20:04:09] 陈千语6657: 4点比赛你6点来，6点比赛你8点来，major决赛你也晚两个小时吧，等Niko捧杯了你再来
[2026-02-18 20:04:09] 黄河流年: 🖕🏻🐷🖕🏻🖕🏻🐷🖕🏻 🖕🏻🐷🖕🏻 🖕🏻🐷🖕🏻 🖕🏻🐷
[2026-02-18 20:04:09] LAL的Kobe本人: 4点比赛你6点来，6点比赛你8点来，major决赛你也晚两个小时吧，等Niko捧杯了你再来
[2026-02-18 20:04:10] 好姐妹德克萨斯: 说点大家不知道的
[2026-02-18 20:04:10] FaZe的伊地知虹夏本人: 听得见
[2026-02-18 20:04:10] 我变扁了: 4点比赛你6点来，6点比赛你8点来，major决赛你也晚两个小时吧，等Niko捧杯了你再来
[2026-02-18 20:04:10] 加仓红宝石刺刀dewasu: 💺🖥️直播真好做啊💺🖥️直播真好做啊💺🖥️直播真好做啊💺🖥️直播真好做啊
[2026-02-18 20:04:11] LucifermsL18064: FBI警告⚠️您正在訪問18+成人放映室🎦，若未滿18歲，請離開此放映室🎦不再重復提示
[2026-02-18 20:04:11] syc84: 4点比赛你6点来，6点比赛你8点来，major决赛你也晚两个小时吧，等Niko捧杯了你
[2026-02-18 20:04:13] 刘几博: 4点比赛你6点来，6点比赛你8点来，major决赛你也晚两个小时吧，等Niko捧杯了你再来
[2026-02-18 20:04:13] 几笔成书灬: 原来老汤是你这个不开播的跌啊，我看qu总全力解说A队以为是他的呢😅
[2026-02-18 20:04:13] 明日方舟夕宝: 原来老汤是你这个不开播的跌啊，我看qu总全力解说A队以为是他的呢😅
[2026-02-18 20:04:14] 好哥们右代宫战人: 💺🖥️直播真好做啊💺🖥️直播真好做啊💺🖥️直播真好做啊💺🖥️直播真好做啊
[2026-02-18 20:04:14] 安酱没有jj: 直播间和殡仪馆越来越像了，主角明明已经不在了，大家依然围在旁边聊些不相干的东西，然后热度还很高
[2026-02-18 20:04:14] 陈千语6657: 4点比赛你6点来，6点比赛你8点来，major决赛你也晚两个小时吧，等Niko捧杯了你再来
[2026-02-18 20:04:14] 丢你雷姆吔屎啦你: 6点的比赛你8点来，那你怎么有脸收6点的礼物的😅6点的比赛你8点来，那你怎么有脸收6点的礼物的😅
[2026-02-18 20:04:15] hws123: 最可笑的是兄弟们辛辛苦苦掐着点刷些段子，这头猪推个流又回去躺着去了
[2026-02-18 20:04:15] 马猴烧酒伊莉雅本人: 原来老汤是你这个不开播的跌啊，我看qu总全力解说A队以为是他的呢😅
[2026-02-18 20:04:15] LAL的Kobe本人: 原来老汤是你这个不开播的跌啊，我看qu总全力解说A队以为是他的呢😅
[2026-02-18 20:04:16] 瓜皮老师的蛇皮学生: 4点比赛你6点来，6点比赛你8点来，major决赛你也晚两个小时吧，等Niko捧杯了你再来
[2026-02-18 20:04:16] 青青空空的青空: @神秘园：嘘🤫...好像在登山，仔细找能找到...
[2026-02-18 20:04:16] 水下有人啊: 4点比赛你6点来，6点比赛你8点来，major决赛你也晚两个小时吧，等Niko捧杯了你再来
[2026-02-18 20:04:16] 豆余的machine本人: 绿字以下的低贱弹幕能不能别说话。。。
[2026-02-18 20:04:17] 曦西僖璽翕卌: 4点比赛你6点来，6点比赛你8点来，major决赛你也晚两个小时吧，等Niko捧杯了你再来
[2026-02-18 20:04:17] 玩指挥丶NiKo: 原来老汤是你这个不开播的跌啊，我看qu总全力解说A队以为是他的呢😅
[2026-02-18 20:04:17] 玩斯特姬姬: 🗿：你继续登山吧易博 人类科技完蛋了都不要开门！
[2026-02-18 20:04:17] 专看玩机器的号: FBI警告⚠️您正在訪問18+成人放映室🎦，若未滿18歲，請離開此放映室🎦不再重復提示
[2026-02-18 20:04:17] Ranze丶: 💺🖥️直播真好做啊💺🖥️直播真好做啊💺🖥️直播真好做啊💺🖥️直播真好做啊
[2026-02-18 20:04:18] 这里是小天啊: 玩大哥你说实话 刚才那场不来是不是因为昨天答应要在那场和大伙聊天？
[2026-02-18 20:04:18] 未消失的思念: 4点比赛你6点来，6点比赛你8点来，major决赛你也晚两个小时吧，等Niko捧杯了你再来
[2026-02-18 20:04:19] 黄河流年: 同意弃疗😭 同意拔管😭 同意捐献😭同意宰杀😭同意腌制😭同意烧烤😭别抢我猪腿😡
[2026-02-18 20:04:19] Arknife: 6点的比赛你8点来，那你怎么有脸收6点的礼物的😅6点的比赛你8点来，那你怎么有脸收6点的礼物的😅
[2026-02-18 20:04:20] 几笔成书灬: 原来老汤是你这个不开播的跌啊，我看qu总全力解说A队以为是他的呢😅
[2026-02-18 20:04:20] 绿帽先知: 4点比赛你6点来，6点比赛你8点来，major决赛你也晚两个小时吧，等Niko捧杯了你再来
[2026-02-18 20:04:22] 戸05: 原来老汤是你这个不开播的跌啊，我看qu总全力解说A队以为是他的呢😅
[2026-02-18 20:04:23] 20岁腰酸背痛: 4点比赛你6点来，6点比赛你8点来，major决赛你也晚两个小时吧，等Niko捧杯了你再来
[2026-02-18 20:04:24] arsQaQ: 玩机器收入占比：斗鱼工资23%，直播礼物27%，售卖图包20%，舔30%
[2026-02-18 20:04:24] st3veN0708: 4点比赛你6点来，6点比赛你8点来，major决赛你也晚两个小时吧，等Niko捧杯了你再来
[2026-02-18 20:04:25] 菜星冲冲冲: 4点比赛你6点来，6点比赛你8点来，major决赛你也晚两个小时吧，等Niko捧杯了你再来
[2026-02-18 20:04:25] 世界第一可爱千早爱音: FBI警告⚠️您正在訪問18+成人放映室🎦，若未滿18歲，請離開此放映室🎦不再重復提示
[2026-02-18 20:04:26] Mirecle丶: 臭傻🅱😅👎臭傻🅱😅👎臭傻🅱😅👎臭傻🅱😅👎臭傻🅱😅👎臭傻🅱😅👎
[2026-02-18 20:04:26] 几笔成书灬: 原来老汤是你这个不开播的跌啊，我看qu总全力解说A队以为是他的呢😅
[2026-02-18 20:04:26] 房同学19554: 🎦当前为轮监玩机器内容，同样精彩哦～
[2026-02-18 20:04:26] Ranze丶: FBI警告⚠️您正在訪問18+成人放映室🎦，若未滿18歲，請離開此放映室🎦不再重復提示
[2026-02-18 20:04:26] 咬人猪丶machine: 4点比赛你6点来，6点比赛你8点来，major决赛你也晚两个小时吧，等Niko捧杯了你再来
[2026-02-18 20:04:26] Sallo3zzzzzzzzzzzzzz: 原来老汤是你这个不开播的跌啊，我看qu总全力解说A队以为是他的呢😅
[2026-02-18 20:04:26] 邪邪蝶殇: 好
[2026-02-18 20:04:27] 水下有人啊: 原来老汤是你这个不开播的跌啊，我看qu总全力解说A队以为是他的呢😅
[2026-02-18 20:04:27] 好哥们右代宫战人: 玩大哥你说实话 刚才那场不来是不是因为昨天答应要在那场和大伙聊天？
[2026-02-18 20:04:28] 鹦侨侨侨侨: l
[2026-02-18 20:04:28] 缪尹阾: 宝宝你来啦（😀)
[2026-02-18 20:04:28] 玩斯特姬姬: 🗿：你继续登山吧易博 人类科技完蛋了都不要开门！
[2026-02-18 20:04:29] 玩小詹Jamyoung: @这里是小天啊：玩大哥你说实话 刚才那场不来是不是因为昨天答应要在那场和大伙聊天？
[2026-02-18 20:04:29] 好姐妹德克萨斯: 4点比赛你6点来，6点比赛你8点来，major决赛你也晚两个小时吧，等Niko捧杯了你再来
[2026-02-18 20:04:30] 虾居正: 4点比赛你6点来，6点比赛你8点来，major决赛你也晚两个小时吧，等Niko捧杯了你再来
[2026-02-18 20:04:31] 几笔成书灬: 原来老汤是你这个不开播的跌啊，我看qu总全力解说A队以为是他的呢😅
[2026-02-18 20:04:31] Mirecle丶: 一对猪耳两手抓，三种酱料用力刷，四只猪蹄五香撒，吃完客人笑哈哈
[2026-02-18 20:04:31] PostyCC: 4点比赛你6点来，6点比赛你8点来，major决赛你也晚两个小时吧，等Niko捧杯了你再来
[2026-02-18 20:04:33] 永远爱玩宝宝: 嘘...好像在凿...仔细听能听见
[2026-02-18 20:04:33] 田中口三才: 4点比赛你6点来，6点比赛你8点来，major决赛你也晚两个小时吧，等Niko捧杯了你再来
[2026-02-18 20:04:35] ShanoaM: @这里是小天啊：玩大哥你说实话 刚才那场不来是不是因为昨天答应要在那场和大伙聊天？
[2026-02-18 20:04:36] 几笔成书灬: 原来老汤是你这个不开播的跌啊，我看qu总全力解说A队以为是他的呢😅
[2026-02-18 20:04:37] IlOoOoOoOlI: 4点比赛你6点来，6点比赛你8点来，major决赛你也晚两个小时吧，等Niko捧杯了你再来
[2026-02-18 20:04:37] 南宁的EASON本人: 说话！
[2026-02-18 20:04:38] 就白给桑: 嘘...好像在凿...仔细听能听见
[2026-02-18 20:04:38] 鹦侨侨侨侨: 看见还有不够15级就有玩机器牌子的兄弟，真想替他们说一句“玩机器你做人真的可以”
[2026-02-18 20:04:40] 男神是不会爱上你的: 4点比赛你6点来，6点比赛你8点来，major决赛你也晚两个小时吧，等Niko捧杯了你再来
[2026-02-18 20:04:40] 几笔成书灬: 原来老汤是你这个不开播的跌啊，我看qu总全力解说A队以为是他的呢😅
[2026-02-18 20:04:41] 网友能代: 你们最爱的玩机器，四肢张开趴着，嘴里叼着苹果，在转桌上呢😄
[2026-02-18 20:04:41] IlOoOoOoOlI: ?
[2026-02-18 20:04:41] Ranze丶: 行啊玩机器你小子，好久没看你直播都考上公务员了，我看现在大伙都叫你玩处，混的不错啊
[2026-02-18 20:04:41] 明日方舟夕宝: @这里是小天啊：玩大哥你说实话 刚才那场不来是不是因为昨天答应要在那场和大伙聊天？
[2026-02-18 20:04:42] 好哥们达芬凯: 嘘...好像在凿...仔细听能听见
[2026-02-18 20:04:42] 月读的八千代本人: 🧨琓🧨玐🧨坋🧨钳🧨
[2026-02-18 20:04:42] Flynnnnnnn: 年🐷
[2026-02-18 20:04:42] 青青空空的青空: @这里是小天啊：玩大哥你说实话 刚才那场不来是不是因为昨天答应要在那场和大伙聊天？
[2026-02-18 20:04:43] 喜欢吃生菜: 4点比赛你6点来，6点比赛你8点来，major决赛你也晚两个小时吧，等Niko捧杯了你再来
[2026-02-18 20:04:43] 短期素食: 💺🖥️直播真好做啊💺🖥️直播真好做啊💺🖥️直播真好做啊💺🖥️直播真好做啊💺🖥️
[2026-02-18 20:04:43] 老鼠丶爷爷: 4点比赛你6点来，6点比赛你8点来，major决赛你也晚两个小时吧，等Niko捧杯了你再来
[2026-02-18 20:04:44] 池上雨下: 看见还有不够15级就有玩机器牌子的兄弟，真想替他们说一句“玩机器你做人真的可以”
[2026-02-18 20:04:44] 中奖我是大沙雕: 我聋了吗
[2026-02-18 20:04:44] 法尔孔的鱼鱼本人: 千万别开声音
[2026-02-18 20:04:45] 式微Sama: 嘘🤫好像能听到炒糖色的声音
[2026-02-18 20:04:45] 陈千语6657: FBI警告⚠️您正在訪問18+成人放映室🎦，若未滿18歲，請離開此放映室🎦不再重復提示
[2026-02-18 20:04:45] 几笔成书灬: 原来老汤是你这个不开播的跌啊，我看qu总全力解说A队以为是他的呢😅
[2026-02-18 20:04:46] LucifermsL18064: 已经开启历史弹幕（历史弹幕只在播放器上展示，默认为灰色，可在弹幕设置中关闭）
[2026-02-18 20:04:46] 雨宫优子w: 4点比赛你6点来，6点比赛你8点来，major决赛你也晚两个小时吧，等Niko捧杯了你再来
[2026-02-18 20:04:46] kang786786: 嘘...好像在凿...仔细听能听见
[2026-02-18 20:04:47] LAL的Kobe本人: 嘘...好像在凿...仔细听能听见
[2026-02-18 20:04:47] 好哥们达芬凯: 看见还有不够15级就有玩机器牌子的兄弟，真想替他们说一句“玩机器你做人真的可以”
[2026-02-18 20:04:47] 法尔孔的鱼鱼本人: 我听得到
[2026-02-18 20:04:48] 璃月好姐妹刻晴: 4点比赛你6点来，6点比赛你8点来，major决赛你也晚两个小时吧，等Niko捧杯了你再来
[2026-02-18 20:04:52] d0gnn: 4点比赛你6点来，6点比赛你8点来，major决赛你也晚两个小时吧，等Niko捧杯了你再来
[2026-02-18 20:04:52] 未消失的思念: 让人寒心 只在意流量队的猪
[2026-02-18 20:04:52] 短期素食: 原来老汤是你这个不开播的跌啊，我看qu总全力解说A队以为是他的呢😅
[2026-02-18 20:04:53] LAL的Kobe本人: @这里是小天啊：玩大哥你说实话 刚才那场不来是不是因为昨天答应要在那场和大伙聊天？
[2026-02-18 20:04:53] 丶龙酱丶: 4点比赛你6点来，6点比赛你8点来，major决赛你也晚两个小时吧，等Niko捧杯了你再来
[2026-02-18 20:04:53] 神想的事情你不知道: 🐷呢？
[2026-02-18 20:04:53] 永远亭的辉夜本人: 看见还有不够15级就有玩机器牌子的兄弟，真想替他们说一句“玩机器你做人真的可以”
[2026-02-18 20:04:54] DBJ456: 看见还有不够15级就有玩机器牌子的兄弟，真想替他们说一句“玩机器你做人真的可以”
[2026-02-18 20:04:55] 玩鸡枪丶Machinegun: 4点比赛你6点来，6点比赛你8点来，major决赛你也晚两个小时吧，等Niko捧杯了你再来
[2026-02-18 20:04:56] 噢1布莱克斯: 嘘...好像在凿...仔细听能听见
[2026-02-18 20:04:56] 几笔成书灬: 原来老汤是你这个不开播的跌啊，我看qu总全力解说A队以为是他的呢😅
[2026-02-18 20:04:56] 最喜欢蹲蹲的宗主本人: 4点比赛你6点来，6点比赛你8点来，major决赛你也晚两个小时吧，等Niko捧杯了你再来
[2026-02-18 20:04:56] 月读的八千代本人: 冲刺！♿冲刺！♿冲刺！♿冲刺！♿冲刺！♿冲刺！♿冲刺！♿冲刺！♿冲刺！♿冲刺！♿冲刺！♿冲刺！♿冲刺
[2026-02-18 20:04:57] SeT1c: 嘘🤫好像能听到炒糖色的声音
[2026-02-18 20:04:58] 战场原黑仪丿: 4点比赛你6点来，6点比赛你8点来，major决赛你也晚两个小时吧，等Niko捧杯了你再来
[2026-02-18 20:04:58] 二等饼干ovo: 请主播回答于2018年2月29日于主播【米娜】直播间发送的弹幕“晃的我心慌”是什么意思
[2026-02-18 20:04:58] 旅燕没有归途: 没长嘴?没长嘴?没长嘴?没长嘴?没长嘴?没长嘴?没长嘴?没长嘴?
[2026-02-18 20:04:59] 身旁冷清拥挤丶: 4点比赛你6点来，6点比赛你8点来，major决赛你也晚两个小时吧，等Niko捧杯了你再来
[2026-02-18 20:04:59] Kiracoon: 4点比赛你6点来，6点比赛你8点来，major决赛你也晚两个小时吧，等Niko捧杯了你再来
[2026-02-18 20:04:59] 璃月七星的刻晴本人: 4点比赛你6点来，6点比赛你8点来，major决赛你也晚两个小时吧，等Niko捧杯了你再来
[2026-02-18 20:04:59] 好哥们达芬凯: 已经开启历史弹幕（历史弹幕只在播放器上展示，默认为灰色，可在弹幕设置中关闭）
[2026-02-18 20:05:00] 爱道冠: 4点比赛你6点来，6点比赛你8点来，major决赛你也晚两个小时吧，等Niko捧杯了你再来
[2026-02-18 20:05:00] 鹦侨侨侨侨: 看见还有不够15级就有玩机器牌子的兄弟，真想替他们说一句“玩机器你做人真的可以”
[2026-02-18 20:05:00] 驴驴宗宗买这冠军: 看见还有不够15级就有玩机器牌子的兄弟，真想替他们说一句“玩机器你做人真的可以”
[2026-02-18 20:05:00] 南燕swallow: 嘘...好像在凿...仔细听能听见
[2026-02-18 20:05:01] 晰笙frank: 电死你这头🐖⚡⚡⚡电死你这头🐖⚡⚡⚡电死你这头🐖⚡⚡⚡电死你这头🐖⚡⚡⚡电死你这头🐖⚡⚡⚡
[2026-02-18 20:05:01] 这是在搞什么: 嘘...好像在凿...仔细听能听见
[2026-02-18 20:05:01] 青青空空的青空: 看见还有不够15级就有玩机器牌子的兄弟，真想替他们说一句“玩机器你做人真的可以”
[2026-02-18 20:05:01] 世界第一可爱千早爱音: 嘘🤫好像能听到炒糖色的声音
[2026-02-18 20:05:01] 赶ddl: 玩不放弃
[2026-02-18 20:05:02] Ranze丶: 声音有点大了
[2026-02-18 20:05:03] 几笔成书灬: 原来老汤是你这个不开播的跌啊，我看qu总全力解说A队以为是他的呢😅
[2026-02-18 20:05:04] cheenlinn: 没长嘴?没长嘴?没长嘴?没长嘴?没长嘴?没长嘴?没长嘴?没长嘴?
[2026-02-18 20:05:04] 疯穿箱子dewasu: 4点比赛你6点来，6点比赛你8点来，major决赛你也晚两个小时吧，等Niko捧杯了你再来
[2026-02-18 20:05:04] 永远爱玩宝宝: 请主播回答于2018年2月29日于主播【米娜】直播间发送的弹幕“晃的我心慌”是什么意思
[2026-02-18 20:05:04] 刘几博: 请主播回答于2018年2月29日于主播【米娜】直播间发送的弹幕“晃的我心慌”是什么意思
[2026-02-18 20:05:04] 轻伤酱: 嘘...好像在凿...仔细听能听见
[2026-02-18 20:05:04] 拐弯蛇: 嘘...好像在凿...仔细听能听见
[2026-02-18 20:05:06] 陈千语6657: @我是小天阿：玩大哥你说实话 刚才那场不来是不是因为昨天答应要在那场和大伙聊天？
[2026-02-18 20:05:07] 好哥们芝诺斯: 4点比赛你6点来，6点比赛你8点来，major决赛你也晚两个小时吧，等Niko捧杯了你再来
[2026-02-18 20:05:07] cheenlinn: 4点比赛你6点来，6点比赛你8点来，major决赛你也晚两个小时吧，等Niko捧杯了你再来
[2026-02-18 20:05:07] 强哥让标志改发言到10: 我的猪猪呢
[2026-02-18 20:05:07] 好哥们右代宫战人: 勒布朗来了🦍🏀🦍🏀🦍🏀🦍🏀🦍🏀🦍🏀🦍🏀🦍🏀🦍🏀
[2026-02-18 20:05:07] 好哥们路飞: 声音太大了
[2026-02-18 20:05:08] gingk0: 4点比赛你6点来，6点比赛你8点来，major决赛你也晚两个小时吧，等Niko捧杯了你再来
[2026-02-18 20:05:09] Ranze丶: 嘘...好像在凿...仔细听能听见
[2026-02-18 20:05:09] 缝穿箱子: 4点比赛你6点来，6点比赛你8点来，major决赛你也晚两个小时吧，等Niko捧杯了你再来
[2026-02-18 20:05:09] 海绵宝宝有希儿: 4点比赛你6点来，6点比赛你8点来，major决赛你也晚两个小时吧，等Niko捧杯了你再来
[2026-02-18 20:05:09] 鹦侨侨侨侨: 看见还有不够15级就有玩机器牌子的兄弟，真想替他们说一句“玩机器你做人真的可以”
[2026-02-18 20:05:09] 几笔成书灬: 原来老汤是你这个不开播的跌啊，我看qu总全力解说A队以为是他的呢😅
[2026-02-18 20:05:10] BodyDog绿龙zont1x本人: 听得见，声音很清晰
[2026-02-18 20:05:10] 白天不睡觉0: 4点比赛你6点来，6点比赛你8点来，major决赛你也晚两个小时吧，等Niko捧杯了你再来
[2026-02-18 20:05:10] ShanoaM: 请主播回答于2018年2月29日于主播【米娜】直播间发送的弹幕“晃的我心慌”是什么意思
[2026-02-18 20:05:12] 老鸡骑妪妓qaq: 看见还有不够15级就有玩机器牌子的兄弟，真想替他们说一句“玩机器你做人真的可以”
[2026-02-18 20:05:12] 玩指挥丶NiKo: 有没有人已经是60分了，我好害怕被禁言。。。
[2026-02-18 20:05:12] 额滴神呀: 4点比赛你6点来，6点比赛你8点来，major决赛你也晚两个小时吧，等Niko捧杯了你再来
[2026-02-18 20:05:12] 南燕swallow: 原来老汤是你这个不开播的跌啊，我看qu总全力解说A队以为是他的呢😅
[2026-02-18 20:05:13] 豆余的machine本人: 听得见，声音很清晰
[2026-02-18 20:05:13] 疯狂欧那尼: 嘘...好像在凿...仔细听能听见
[2026-02-18 20:05:14] 小祭他还没有睡: 4点比赛你6点来，6点比赛你8点来，major决赛你也晚两个小时吧，等Niko捧杯了你再来
[2026-02-18 20:05:14] L1vefordreams: 老新粉发个炎😋
[2026-02-18 20:05:14] gingk0: @我是小天阿：玩大哥你说实话 刚才那场不来是不是因为昨天答应要在那场和大伙聊天？
[2026-02-18 20:05:14] 祁丿: 4点比赛你6点来，6点比赛你8点来，major决赛你也晚两个小时吧，等Niko捧杯了你再来
[2026-02-18 20:05:14] 网友能代: 听得见
[2026-02-18 20:05:15] 几笔成书灬: 原来老汤是你这个不开播的跌啊，我看qu总全力解说A队以为是他的呢😅
[2026-02-18 20:05:15] 驴驴宗宗买这冠军: 《❗️您已被弹幕内个，点击了解已被弹幕内个次数》
[2026-02-18 20:05:16] Falcons十天老粉: 4点比赛你6点来，6点比赛你8点来，major决赛你也晚两个小时吧，等Niko捧杯了你再来
[2026-02-18 20:05:17] 十叶: 4点比赛你6点来，6点比赛你8点来，major决赛你也晚两个小时吧，等Niko捧杯了你再来
[2026-02-18 20:05:17] 最喜欢蹲蹲的宗主本人: 看见还有不够15级就有玩机器牌子的兄弟，真想替他们说一句“玩机器你做人真的可以”
