# room_id=6979222 host=玩机器丶Machine title=小众宝藏结晶直播 live_time= fetch_time=2026-02-21 23:45:46
[2026-02-22 02:55:58] 他们都叫我用脚: 就会什么啊？ 弹幕能不能发完啊
[2026-02-22 02:55:58] 夜昼536: 2.23生日的，不要过了，别闹了
[2026-02-22 02:55:58] 高松灯扣死千早爱音: 　　　 现在是2月22日，是邦多利It’s MyGO!!!!!吉他手要乐奈的生日，转发这条信息到5个
[2026-02-22 02:55:58] gok1bur1: 乐奈的生日再发下，没加一到
[2026-02-22 02:55:59] 墨华羽雨: 现在是2月22日，是邦多利It’s MyGO!!!!!吉他手要乐奈的生日，转发这条信息到5个群你就会
[2026-02-22 02:55:59] LvvsiN: 你为什么要把mαjor禁了，我收藏的一半弹幕全毁了
[2026-02-22 02:55:59] 剑崎梨梨花:     现在是2月22日，是邦多利It’s MyGO!!!!!吉他手要乐奈的生日，转发这条信息到5个
[2026-02-22 02:55:59] 过龍門头号猛男:     现在是2月22日，是邦多利It’s MyGO!!!!!吉他手要乐奈的生日，转发这条信息到5个
[2026-02-22 02:55:59] 岡田梦以的男仆: 现在是2月22日，是邦多利It’s MyGO!!!!!吉他手要乐奈的生日，转发
[2026-02-22 02:55:59] 霸气三哥3928347: 现在是2月22日，是邦多利It’s MyGO!!!!!吉他手要乐奈的生日，转发
[2026-02-22 02:55:59] 折纸的老公: 　　　 现在是2月22日，是邦多利It’s MyGO!!!!!吉他手要乐奈的生日，转发这条信息到5个
[2026-02-22 02:56:00] ddj930928: 现在是2月22日，是邦多利It’s MyGO!!!!!吉他手要乐奈的生日，转发
[2026-02-22 02:56:00] 用户1243618869: 你下播吧, 像2025-02-07 23:49一样！
[2026-02-22 02:56:00] 蕉响秦人梦: 乐奈的生日再发下，没加一到
[2026-02-22 02:56:00] Kli0s: 这能忍住再开枪啊
[2026-02-22 02:56:00] 咕咕么么好可爱: 八奈见杏菜来咯🍕🍔🍟🌭🍿🥞🍞🧈🥐🥯🥖🍖🍗🥩🍠🥟🥠🌮🥪🍘🍙
[2026-02-22 02:56:00] 阿瓦伊莉雅: 弹幕是都被禁言了吗
[2026-02-22 02:56:00] 冬瓜不在家偷偷玩机器: 小胖去年下半年开始老着急啊，看nikoPOV了？
[2026-02-22 02:56:00] ykls的爱情结晶: mygo的吉他手不是千早爱音吗，要乐奈是谁
[2026-02-22 02:56:00] 用户255420066: 　　　 现在是2月22日，是邦多利It’s MyGO!!!!!吉他手要乐奈的生日，转发这条信息到5个
[2026-02-22 02:56:01] LvvsiN: 我提一嘴这剧情越来越像上海major了
[2026-02-22 02:56:01] J1kmn: 　　　 现在是2月22日，是邦多利It’s MyGO!!!!!吉他手要乐奈的生日，转发这条信息到5个
[2026-02-22 02:56:01] 终初若叶睦: 二次元看到自己知道的日漫角色就好像乐奈吃到抹茶巴菲一样要给所有人炫耀
[2026-02-22 02:56:02] Killajoy: 僵尸
[2026-02-22 02:56:02] toadstools: mygo的吉他手不是千早爱音吗，要乐奈是谁
[2026-02-22 02:56:03] Er1cXxs: 弹幕别吵了，银行业一样一样有有有也会有h'y'hui't'y'r's'c'dn
[2026-02-22 02:56:03] 咸鱼红茶: 现在是2月22日，是邦多利It’s MyGO!!!!!吉他手要乐奈的生日，转发这条信息到5个群你就会
[2026-02-22 02:56:03] xixiprime: 没有扳机纪律
[2026-02-22 02:56:03] LvvsiN: 弹幕也就网上说说，现实里谁不觉得樱姐是好女孩（删括号领一条远坂凛同款鸟笼）
[2026-02-22 02:56:03] 三角初华世界第一美: 现在是2月22日，是邦多利It’s MyGO!!!!!吉他手要乐奈的生日，转发这条信息到5个群你就会
[2026-02-22 02:56:04] 八嘎黄芥末: 豆豆就像一个90岁的老头，不管什么时候死都会像是老死一样自然
[2026-02-22 02:56:04] 6657玩Niko: 问加时没钱的下个游戏
[2026-02-22 02:56:05] 用户1243618869: 我感觉你今天状态不是很好啊，你今天状态非常不好啊，我感觉你应该，唉，你要不，你去调整一下心情吧
[2026-02-22 02:56:05] 爱斯忑音音: 259
[2026-02-22 02:56:05] 斷H弦: 这把比赛有多激烈呢，这么说吧布罗利已经十分钟没封人了
[2026-02-22 02:56:05] uzi家的喷水龙: 冠军这么多还不给主播爆米有什么用呢？只能给话龙电竞这种ylg流量罢了
[2026-02-22 02:56:05] 取MinG: 现在是2月22日，是邦多利It’s MyGO!!!!!吉他手要乐奈的生日，转发这条信息到5个群你就会
[2026-02-22 02:56:05] LvvsiN: 就tm喜欢银行业🥰银行坏账我喜欢🥰银行挤兑我还喜欢😍利率调低我也喜欢🤤老子亲烂银行业的脸😘
[2026-02-22 02:56:06] 迪奥雷: 有被卖了哈哈哈
[2026-02-22 02:56:06] 传统peek高手XANTARES: 僵尸
[2026-02-22 02:56:06] 椎名立希本人: 有没有知道怎么去掉背景弹幕的
[2026-02-22 02:56:07] 鲜血与暗影铸造的家伙: 真不搜啊
[2026-02-22 02:56:07] 小小流星: fw
[2026-02-22 02:56:07] 离婚就看玩机器: 申请加加加
[2026-02-22 02:56:07] LvvsiN: 弹幕也就网上说说，现实里谁不觉得樱姐是好女孩（删括号领一条远坂凛同款鸟笼）
[2026-02-22 02:56:07] 用户7965707956: 　 现在是2月22日，是邦多利It’s MyGO!!!!!吉他手要乐奈的生日，转
[2026-02-22 02:56:08] 风色青春: 现在是2月22日，是邦多利It’s MyGO!!!!!吉他手要乐奈的生日，转发这条信息
[2026-02-22 02:56:08] 糖嗜综合征: 僵尸
[2026-02-22 02:56:08] Crythic的羊宫妃那本人: 现在就学niko砸桌子了，之后干什么我都不敢想
[2026-02-22 02:56:08] 綾夏Ayana: 250play
[2026-02-22 02:56:08] -breeze143: 没有扳机纪律
[2026-02-22 02:56:09] 风雨晚烟: 根本不搜
[2026-02-22 02:56:09] 洞洞载载车车major冠军: @🗿：弹幕闹麻了 一直在说净化弹幕环境 结果还是要我亲自来净化☝️🗿
[2026-02-22 02:56:09] 好姐妹芙卡洛斯: 没有扳机纪律
[2026-02-22 02:56:09] LvvsiN: 就tm喜欢银行业🥰银行坏账我喜欢🥰银行挤兑我还喜欢😍利率调低我也喜欢🤤老子亲烂银行业的脸😘
[2026-02-22 02:56:10] 求老仙奶贾碧不死: nicoplay是这个：NikoNikoNi 🤟👧🏻🤟朝着你的心底NikoNikoNi
[2026-02-22 02:56:10] 阿阿阿阿倪蛋糕店丶: nikou
[2026-02-22 02:56:11] Atoz不会飞QAQ: 没有扳机纪律
[2026-02-22 02:56:11] LvvsiN: 为什么房管封的不能给鱼丸……还以为今天晚上得吃了……
[2026-02-22 02:56:11] 夏恋: 现在是2月22日，是邦多利It’s MyGO!!!!!吉他手要乐奈的生日，转发这条信息到5个群你就会
[2026-02-22 02:56:13] 我都不知道你在干麻: 扳机纪律啊
[2026-02-22 02:56:13] LvvsiN: 为什么房管封的不能给鱼丸……还以为今天晚上得吃了……
[2026-02-22 02:56:14] 绝食十年攒爱top3飞机: 现在是2月22日，是邦多利It’s MyGO!!!!!吉他手要乐奈的生日，转发这条信息
[2026-02-22 02:56:14] 桃乃木的香香奈奈: 别加一mygo。。。会引来二游大战的
[2026-02-22 02:56:15] GUOKIA: 现在是2月22日，是邦多利It’s MyGO!!!!!吉他手要乐奈的生日，转发这条信息
[2026-02-22 02:56:15] LvvsiN: 额，拿亚军我都会，拿亚军，拿季军，拿四强，拿八强，拿十六强，呃拿冠军我不会，然后小组赛淘汰
[2026-02-22 02:56:15] 光速神授说Aegleseeker: 现在是2月22日，是邦多利It’s MyGO!!!!!吉他手要乐奈的生日，转发这条信息到5个群你就会
[2026-02-22 02:56:16] csgo小茄子: 要乐奈的生日不是在12月吗，你们说的这是哪个要乐奈🤔🤔🤔
[2026-02-22 02:56:16] 随便7496987289: 现在是2月22日，是邦多利It’s MyGO!!!!!吉他手要乐奈的生日，转发这条信息
[2026-02-22 02:56:17] 猪皮小弟: 现在是2月22日，是邦多利It’s MyGO!!!!!吉他手要乐奈的生日，转发这条信息到5个群你就会
[2026-02-22 02:56:17] MaiSakurajima1337: 现在是2月22日，是邦多利It’s MyGO!!!!!吉他手要乐奈的生日，转发这条信息到5个群你就会
[2026-02-22 02:56:17] 静寂风: ？？？？？？？？？？？？
[2026-02-22 02:56:17] LvvsiN: 弹幕也就网上说说，现实里谁不觉得樱姐是好女孩（删括号领一条远坂凛同款鸟笼）
[2026-02-22 02:56:18] 鱼辛烷: 这不扳机纪律一波啊
[2026-02-22 02:56:18] LunasaMys: 现在是2月22日，是邦多利It’s MyGO!!!!!吉他手要乐奈的生日，转发这条信息到5个群你就会
[2026-02-22 02:56:19] LvvsiN: 我让你开双倍你二龙吗？老子荧光棒要过期了
[2026-02-22 02:56:20] 即将拥有PDD的人鱼线丿: ？？？？
[2026-02-22 02:56:20] 用户1243618869: 🛒N**o正在购买Major冠军
[2026-02-22 02:56:20] cornkiner: 会什么？我只会背身空三枪
[2026-02-22 02:56:20] PYDGS: ？
[2026-02-22 02:56:20] csgo小茄子: 要乐奈的生日不是在12月吗，你们说的这是哪个要乐奈🤔🤔🤔
[2026-02-22 02:56:20] himluo: 哇
[2026-02-22 02:56:20] 佛挡杀佛阿塞斯: ?
[2026-02-22 02:56:21] 归离凉: 凡是要乐奈的生日一定要庆祝，凡是要乐奈的生日一定有芭菲
[2026-02-22 02:56:21] MiunaShiodome: 尼
[2026-02-22 02:56:21] hxyvraf: 别加一mygo。。。会引来二游大战的
[2026-02-22 02:56:21] KuRoro1: ？
[2026-02-22 02:56:21] 正经猪头肉: 哈哈哈
[2026-02-22 02:56:21] 静寂风: ？？？？？
[2026-02-22 02:56:21] LvvsiN: 为什么房管封的不能给鱼丸……还以为今天晚上得吃了……
[2026-02-22 02:56:21] FaZe的伊地知虹夏本人: 被偷正面了
[2026-02-22 02:56:21] 硫磺祥: ？
[2026-02-22 02:56:21] 传统peek高手XANTARES: ?
[2026-02-22 02:56:21] glad1uS: ？？
[2026-02-22 02:56:21] 黄太公丶: ？？？
[2026-02-22 02:56:22] 玩小将山田凉YamadaRyo: ？？？？
[2026-02-22 02:56:22] Ggmftye: ？？
[2026-02-22 02:56:22] KujoJolyne: 钢背兽
[2026-02-22 02:56:22] 无伟契约: p3
[2026-02-22 02:56:22] 顺风AME逆风AMS: 哈哈哈
[2026-02-22 02:56:22] Mortnotz: ？？？？？？？？？？？？
[2026-02-22 02:56:22] 类人极限Jacklove: ？
[2026-02-22 02:56:22] 法式卡神: ？
[2026-02-22 02:56:22] 君尧丶丶: 哈哈哈
[2026-02-22 02:56:22] 这里是小天啊: ？？？？？？？？？？？？？
[2026-02-22 02:56:22] chordclef: ????
[2026-02-22 02:56:22] 玩机器厦面鄙骰大: ？？？？？？？？？
[2026-02-22 02:56:23] 古堡12枪战神: ？
[2026-02-22 02:56:23] 北宇治拳王久石奏: ？？
[2026-02-22 02:56:23] 机器机器祝你天天开心: ？？？？？？
[2026-02-22 02:56:23] Yuusuke95: NIKO PLAY
[2026-02-22 02:56:23] 清风浮过丶: ？
[2026-02-22 02:56:23] Mahuyu: ？？？？？？？？？？？？？
[2026-02-22 02:56:23] 爱被小泉吃的拉面同学: ？？？？
[2026-02-22 02:56:24] G2的device本人: niko play
[2026-02-22 02:56:24] NegeVK1n9fkdy: niko play
[2026-02-22 02:56:24] 偷高达的天手让叶本人: 哈哈哈哈哈哈哈
[2026-02-22 02:56:24] KuanGggg丶: 哈哈哈哈哈
[2026-02-22 02:56:24] 马楼King张三: 啊？
[2026-02-22 02:56:24] 给15岁的自己: ？
[2026-02-22 02:56:24] 是印花啊: 现在是2月22日，是邦多利It’s MyGO!!!!!吉他手要乐奈的生日，转发这条信息到5个群你就会
[2026-02-22 02:56:24] duoduofeizhuzi: 哈哈哈哈哈哈哈
[2026-02-22 02:56:24] 千百度897: 是人吗p3
[2026-02-22 02:56:25] 青闽: ？
[2026-02-22 02:56:25] 这波真不怪ropz: ？？？？
[2026-02-22 02:56:25] 老师睡不醒: p3
[2026-02-22 02:56:25] 正经猪头肉: 背身没刚住。。。
[2026-02-22 02:56:25] 怎么就没有昵称了嘛: 蛆
[2026-02-22 02:56:25] 神奥联盟的竹兰本人: p3
[2026-02-22 02:56:25] 这里是小天啊: 卧槽啊
[2026-02-22 02:56:26] 伊地知虹夏68667: ？
[2026-02-22 02:56:26] drooo1: 哈哈哈
[2026-02-22 02:56:26] 夏恋: 被偷正面了
[2026-02-22 02:56:26] 沐苏牛大无需多言: 钢背兽
[2026-02-22 02:56:26] 1075777690: ？
[2026-02-22 02:56:26] zbq93: ？？？？？？？？？？？？？
[2026-02-22 02:56:26] csgo小茄子: 要乐奈的生日不是在12月吗，你们说的这是哪个要乐奈🤔🤔🤔
[2026-02-22 02:56:27] 总监拾我霸: ？？？
[2026-02-22 02:56:27] 文西67: 被偷正面了
[2026-02-22 02:56:27] 天水碧i: 偷正面了
[2026-02-22 02:56:27] 椰椰来了: ？
[2026-02-22 02:56:27] 无须终有492: 这是人啊
[2026-02-22 02:56:27] 机器机器祝你天天开心: 哈哈哈哈哈哈
[2026-02-22 02:56:27] 给15岁的自己: ¿
[2026-02-22 02:56:27] 求奶水友申不到EPFL: 偷正面了
[2026-02-22 02:56:27] ARen每天都要早睡: 被偷正面了
[2026-02-22 02:56:28] kyubit: 被偷正面了
[2026-02-22 02:56:28] 用户3661578: 完啦
[2026-02-22 02:56:28] 玩机器厦面鄙骰大: 被偷正面了
[2026-02-22 02:56:28] 石家庄的刘亦博本人: p3
[2026-02-22 02:56:28] 紫紫紫彧: 经典
[2026-02-22 02:56:28] 半夜醒来硬梆梆: ？？？？？？？
[2026-02-22 02:56:28] 咸鱼蕾米: 钢背兽形态
[2026-02-22 02:56:29] 蓝绿藻的梦OuO: 被偷正面了
[2026-02-22 02:56:29] Konn9: 被偷正面了
[2026-02-22 02:56:29] 纪川6657: 哈哈哈哈哈哈哈哈哈哈哈哈
[2026-02-22 02:56:29] 专看玩机器的号: 被偷正面
[2026-02-22 02:56:29] 殇10876: 被偷证正面了
[2026-02-22 02:56:29] 他们都叫我用脚: 是人我吃
[2026-02-22 02:56:29] 长宁金城武: 被偷正面了
[2026-02-22 02:56:29] 鹿公爷: 刚背兽
[2026-02-22 02:56:30] 宫监手放监: 笑死我了
[2026-02-22 02:56:30] wristuuio: 哈哈哈哈
[2026-02-22 02:56:30] 早安丿章鱼哥: 哈哈哈哈哈哈哈
[2026-02-22 02:56:30] 另一个世界7: 钢背兽
[2026-02-22 02:56:30] fanxing繁星: 被偷正面了
[2026-02-22 02:56:30] CThun438: 车主play
[2026-02-22 02:56:30] 北京KJAERBYE: 偷正面了
[2026-02-22 02:56:31] 信灯塔: 哈哈哈
[2026-02-22 02:56:31] 土俗火焰: ？？？？？
[2026-02-22 02:56:31] 翅膀05: 被偷正面了
[2026-02-22 02:56:31] Laila丶丶: 被偷正面了
[2026-02-22 02:56:31] 好姐妹德克萨斯: 背身没刚住
[2026-02-22 02:56:31] 想有心的机器人: 背身没刚住
[2026-02-22 02:56:31] 缄默38508: 经典
[2026-02-22 02:56:32] 秋茶小雪: niko play
[2026-02-22 02:56:32] 煞鱼辣椒sylj: 是人啊？
[2026-02-22 02:56:32] 猫鼬斩Zz: 被偷正面了
[2026-02-22 02:56:32] DIZZYYELOW: 僵尸
[2026-02-22 02:56:32] F1五冠车手维斯塔潘: 被偷正面了
[2026-02-22 02:56:32] 这里是小天啊: 车车你玩不玩！
[2026-02-22 02:56:32] 不buy立省百分百: 被偷正面了
[2026-02-22 02:56:33] 玩机器厦面鄙骰大: 车主被偷正面了
[2026-02-22 02:56:33] P丶ersist丿: 被偷正面了
[2026-02-22 02:56:33] 天陨星玄: 被偷正面了
[2026-02-22 02:56:33] Laplace拉普拉斯: 又被偷正面了我草啊ropz
[2026-02-22 02:56:33] 用户1181920443: 偷正面了
[2026-02-22 02:56:33] jamesfaith23: 被偷正面了
[2026-02-22 02:56:33] 結城希亞: 被偷正面了
[2026-02-22 02:56:33] 我上5年级了: 被偷正面了
[2026-02-22 02:56:34] 三千世界鸦杀尽彡: 被偷正面了
[2026-02-22 02:56:34] 守护者孙TY: 背身没刚住
[2026-02-22 02:56:34] Bob小熊君: 这是人啊？？？
[2026-02-22 02:56:34] Abyss丶珈百璃: 被偷正面了
[2026-02-22 02:56:34] 给15岁的自己: ¿这什么枪法
[2026-02-22 02:56:34] 柚柚子Yuyuko: 被偷正面了
[2026-02-22 02:56:35] Barryeee: 被偷正面了
[2026-02-22 02:56:35] 热情难止荒诞: 偷正面了
[2026-02-22 02:56:35] ice伍六七: 被偷正面了
[2026-02-22 02:56:35] 小川阿丶: ++++++++++++++++
[2026-02-22 02:56:35] G2的device本人: bin
[2026-02-22 02:56:35] 凯瑟琳123: 被偷正面了
[2026-02-22 02:56:35] 小小的打一套吧: 被偷正面了
[2026-02-22 02:56:35] miku-: 被偷正面了
[2026-02-22 02:56:36] 2829357894: 被偷正面了
[2026-02-22 02:56:36] 羊驼主播: 被偷正面了
[2026-02-22 02:56:36] 软柿子别叫: ropz play
[2026-02-22 02:56:36] ymyyo: 被偷正面了
[2026-02-22 02:56:36] 原神高手Acck1li: 活该
[2026-02-22 02:56:36] IMsery: 这个被偷了正面
[2026-02-22 02:56:37] 玩机器厦面鄙骰大: 被偷正面了！！被偷正面了！！被偷正面了！！被偷正面了！！被偷正面了！！被偷正面了！！
[2026-02-22 02:56:37] 极夜之辰: Niko play
[2026-02-22 02:56:37] Aimyon33: niko play
[2026-02-22 02:56:37] MiniHerc: 被偷正面了
[2026-02-22 02:56:37] 秋Fc: 钢背兽
[2026-02-22 02:56:37] LvvsiN: 玩宝宝，我发现在大学上学的时候肄业会很舒服，你可以试试
[2026-02-22 02:56:38] 用户4743944990: 被偷正面了
[2026-02-22 02:56:38] Kiok0: 被偷正面了
[2026-02-22 02:56:38] 无7441158: 被偷正面了
[2026-02-22 02:56:38] 我有个问题啊: 被偷正面了
[2026-02-22 02:56:38] 什井蛋: 背身没刚住
[2026-02-22 02:56:38] 忽孝山庄: 又被偷正面了我草啊ropz
[2026-02-22 02:56:38] 用户2915774124: 被偷正面了
[2026-02-22 02:56:38] MunChlax丶: 背身没刚住
[2026-02-22 02:56:39] Se7eNGodZ: 被偷正面了
[2026-02-22 02:56:39] 和煦m: 被偷正面了
[2026-02-22 02:56:39] 影魔影魔i: ropz太菜了 一个正面都没
[2026-02-22 02:56:39] 马也说: 被偷正面了
[2026-02-22 02:56:39] Vhgbi: 背身没刚住
[2026-02-22 02:56:39] LvvsiN: 孩子们快跑，马修赫伯特来了😨卧槽你的怎么是马枪和BOT
[2026-02-22 02:56:39] 怎么橘里橘气的: 被偷正面了
[2026-02-22 02:56:40] 落泪改名含泪: 背身没刚住
[2026-02-22 02:56:40] Wi1en: 太宠粉了
[2026-02-22 02:56:40] 什么罐头我说男人: 被偷正面了
[2026-02-22 02:56:41] 心灵盟友: niko play
[2026-02-22 02:56:41] 穿甲狗: 被偷正面了
[2026-02-22 02:56:41] 玩蛇鼠丶stabbi: niko play
[2026-02-22 02:56:41] 箱监大寒焦: 偷正面了
[2026-02-22 02:56:41] 忒斯特賊賊的披肩: NIKo pLAY
[2026-02-22 02:56:41] 大裂谷的登山家: niko play
[2026-02-22 02:56:41] 爱道冠: 被偷正面了
[2026-02-22 02:56:41] KRU的Less本人: Niko play
[2026-02-22 02:56:42] 墨华羽雨: 被偷正面了
[2026-02-22 02:56:42] Crychiccc的若叶睦本人: @布罗利：可惜（🤭）
[2026-02-22 02:56:42] 丶丶Ken丶丶: Niko play
[2026-02-22 02:56:42] valorant玩机器: 这集神了
[2026-02-22 02:56:42] 原神高手Acck1li: 叛徒原形毕露
[2026-02-22 02:56:42] 求奶朋友不能恢复健康: 背身没刚住
[2026-02-22 02:56:42] 偷鸡蛋的玩机器本人o: 背身没刚住
[2026-02-22 02:56:43] hxyvraf: 被偷正面了
[2026-02-22 02:56:43] 离婚就看玩机器: 玩辣
[2026-02-22 02:56:43] 废斯特物物: 被偷正面了
[2026-02-22 02:56:43] 古堡12枪战神: V了
[2026-02-22 02:56:43] 早安丿章鱼哥: 太牛逼了
[2026-02-22 02:56:43] 积阳德: 被偷正面了
[2026-02-22 02:56:43] LvvsiN: 南孚一节更比六节强，也就是一节南孚比六节南孚强，六节南孚比三十六节强，三十六节比二百一十六节强
[2026-02-22 02:56:44] 秋茶小雪: 笑死我了
[2026-02-22 02:56:44] vongwu: 被偷正面了
[2026-02-22 02:56:44] 杺毓: niko play
[2026-02-22 02:56:44] bili的猫咬人: ¿
[2026-02-22 02:56:45] 不離灬: 车车啊！！！！！！
[2026-02-22 02:56:45] 石家庄的刘亦博本人: 莱昂凯说话！
[2026-02-22 02:56:45] 这里是小天啊: 😫😫😫😫😫😫😫😫😫
[2026-02-22 02:56:45] 欧皇金城武: 首发偏移了
[2026-02-22 02:56:46] muxiaren: bin play
[2026-02-22 02:56:46] Se7eNGodZ: 我上我杀了
[2026-02-22 02:56:46] 青闽: 又被偷正面了
[2026-02-22 02:56:46] siufff: Niko play
[2026-02-22 02:56:47] 纪川6657: niko play
[2026-02-22 02:56:47] W--晚安: 被偷正面了
[2026-02-22 02:56:47] 韩世天的屎妈: 被偷正面了
[2026-02-22 02:56:47] 绝食十年攒爱top3飞机: niko play
[2026-02-22 02:56:47] fazeclan的otto本人: 被偷正面了
[2026-02-22 02:56:47] KujoJolyne: 前年的车主
[2026-02-22 02:56:48] LvvsiN: 银行业😄银行业😀银行业😃银行业😁银行业😆银行业🤪银行业😝
[2026-02-22 02:56:48] 折扇轻66: niko play
[2026-02-22 02:56:48] 哈哈哈哈哈哈停不下来: 背身没刚住
[2026-02-22 02:56:48] 玩机器厦面鄙骰大: 这波真不怪ROPZ，被偷正面了！！
[2026-02-22 02:56:48] 毅毅本攻: niko play
[2026-02-22 02:56:48] 魔法少女恩薇薇: 被偷正面了
[2026-02-22 02:56:48] 水人波糕猛犸颠勺: NIKO PLAY
[2026-02-22 02:56:48] 神马米洛: niko play
[2026-02-22 02:56:48] MontageC: P3
[2026-02-22 02:56:48] 专看玩机器的号: 莱昂凯说话！
[2026-02-22 02:56:49] 7号晚安: ＃跳转莱昂凯直播间
[2026-02-22 02:56:49] 总监拾我霸: 想看lak视角
[2026-02-22 02:56:49] 大白破烂熊: Niko play
[2026-02-22 02:56:49] 转生成为阳光大番薯: niko paly
[2026-02-22 02:56:49] 玩血狼丶Bloodywolf: 被偷正面了
[2026-02-22 02:56:49] 文西67: Niko play
[2026-02-22 02:56:49] Ephemerality137: r op z：玩mc真影响技术
[2026-02-22 02:56:49] jamesfaith23: 被偷正面了
[2026-02-22 02:56:50] LvvsiN: 为什么房管封的不能给鱼丸……还以为今天晚上得吃了……
[2026-02-22 02:56:50] 黄太公丶: 被偷正面了
[2026-02-22 02:56:50] Abc丶Ss: 背身没刚住
[2026-02-22 02:56:50] 梦想是独立自由: 梦回24炼狱小镇下水道
[2026-02-22 02:56:50] 箱监大寒焦: niko play
[2026-02-22 02:56:50] 风雨晚烟: p3不玩就滚回faze（不是肥美)
[2026-02-22 02:56:51] 大梦464: 被偷正面了
[2026-02-22 02:56:51] 爱道冠: 背身没刚住
[2026-02-22 02:56:51] 卡啊卡卡丶: 首发偏移了
[2026-02-22 02:56:51] 爱要用心吗: 背身没刚住
[2026-02-22 02:56:51] 玩机器厦面鄙骰大: 这波真不怪ROPZ，被偷正面了！！这波真不怪ROPZ，被偷正面了！！
[2026-02-22 02:56:52] duoduofeizhuzi: 被偷正面了
[2026-02-22 02:56:52] 宫监手放监: 被偷正面了
[2026-02-22 02:56:52] 夕ro: nikoplay
[2026-02-22 02:56:52] 月之森的长崎素世本人: 背身没刚住
[2026-02-22 02:56:52] 传统peek高手XANTARES: 被偷正面了
[2026-02-22 02:56:52] 小哈哈哈哈别: Niko play
[2026-02-22 02:56:53] 逃离灰色地带: 被偷正面了
[2026-02-22 02:56:53] 北宇治拳王久石奏: 我都不敢想刚才莱昂凯发出了什么声音
[2026-02-22 02:56:53] 小紅帽貓: 背身没刚住
[2026-02-22 02:56:53] 闪光皮凡: 被偷正面了
[2026-02-22 02:56:54] 九黎十一: 跟牢大学的
[2026-02-22 02:56:54] 不改名真的不中奖呀Cc: niko paly
[2026-02-22 02:56:54] 要终生就做老友: 被偷正面了
[2026-02-22 02:56:54] 秋茶小雪: 透
[2026-02-22 02:56:54] 锤子带明星: Niko play
[2026-02-22 02:56:54] TensoRaws: nikobplay
[2026-02-22 02:56:54] 炒鸡无敌终极翻皮水: Niko play
[2026-02-22 02:56:54] 猎鹰王朝从今天开始: v了
[2026-02-22 02:56:55] 转生成为阳光大番薯: niko play
[2026-02-22 02:56:55] gandalfr614: niko play
[2026-02-22 02:56:56] 阿特拉斯雄狮: 16:9player
[2026-02-22 02:56:56] LvvsiN: 你屏蔽词都快赶上新华词典了为什么不干脆开一百级发言？
[2026-02-22 02:56:56] Schnuffels: 哈哈哈哈哈符合车主顶级思路没刚住背面
[2026-02-22 02:56:57] Azunyaaaa: Niko play
[2026-02-22 02:56:57] 机器哥哥我好爱你: niko play
[2026-02-22 02:56:57] 神马米洛: ＃跳转莱昂凯直播间
[2026-02-22 02:56:57] kyubit: p3不玩就滚回faze（不是肥美)
[2026-02-22 02:56:57] Facelena: 人人都笑niko，人人都是niko
[2026-02-22 02:56:57] dy来看屁屁王: 被偷正面了
[2026-02-22 02:56:58] LvvsiN: @阿汤日记：一个人，5发子弹，保住格陵兰岛。我不会叫它不可能完成的任务，我现在只想先回家看亦博
[2026-02-22 02:56:58] 墨西哥之狼: 人有失手 马有失蹄
[2026-02-22 02:56:58] Kli0s: 完美的决策拉跨的枪法
[2026-02-22 02:56:59] Vitality的Shox: 这波是背身没刚住啊
[2026-02-22 02:56:59] 三零一路公交司机: 被偷正面了
[2026-02-22 02:56:59] FaZe的伊地知虹夏本人: 我都不敢想刚才莱昂凯发出了什么声音
[2026-02-22 02:56:59] 关我汤姆什么事: 我都不敢想刚才莱昂凯发出了什么声音
[2026-02-22 02:56:59] Turned傲雪: 背身没刚住
[2026-02-22 02:57:00] LvvsiN: 为什么房管封的不能给鱼丸……还以为今天晚上得吃了……
[2026-02-22 02:57:00] 猫很好的小乖: 被偷正面了
[2026-02-22 02:57:00] 用户3661578: 车主经典思路叼炸天最后背身没拿住
[2026-02-22 02:57:00] 天守阁信长: 我都不敢想刚才莱昂凯发出了什么声音
[2026-02-22 02:57:00] Y不假思索: 这破车该换新能源了啊
[2026-02-22 02:57:00] 问天丶Aiden: 那我觉得并不难想象
[2026-02-22 02:57:01] 名为射的男人: 被偷正面了
[2026-02-22 02:57:01] 琦琦z: nico paly
[2026-02-22 02:57:01] zzzira: NIKO来 也空了
[2026-02-22 02:57:02] LvvsiN: 额，拿亚军我都会，拿亚军，拿季军，拿四强，拿八强，拿十六强，呃拿冠军我不会，然后小组赛淘汰
[2026-02-22 02:57:03] Nanoki33: 太符合人设了  不亏是牢二
[2026-02-22 02:57:04] LvvsiN: 我让你开双倍你二龙吗？老子荧光棒要过期了
[2026-02-22 02:57:04] 迷茫的番薯丶丿: 不亏是老鼠第二目牢王跟第一目一样
[2026-02-22 02:57:04] Er1cXxs: 我都不敢想刚才莱昂凯发出了什么声音
[2026-02-22 02:57:05] 三零一路公交司机: p3不玩就滚回faze（不是肥美)
[2026-02-22 02:57:06] LvvsiN: 我让你开双倍你二龙吗？老子荧光棒要过期了
[2026-02-22 02:57:06] TheMongolZ的上单本人: Niko play
[2026-02-22 02:57:09] JuL1us: Niko play
[2026-02-22 02:57:09] 芬妮戈尔登本人: 我都不敢想刚才莱昂凯发出了什么声音
[2026-02-22 02:57:09] LvvsiN: 其实碗橱就是猪灵，你不拿黄金丢他他就不跟你说话
[2026-02-22 02:57:09] 看死Herbaut就杀了你: 虾粉真幸福，每一把都有niko play，羡慕
[2026-02-22 02:57:09] 炒鸡无敌终极翻皮水: 我都不敢想刚才莱昂凯发出了什么声音
[2026-02-22 02:57:09] 玩指挥丶NiKo: 我都不敢想刚才莱昂凯发出了什么声音
[2026-02-22 02:57:09] 小李子精选波黑大虾: ＃跳转莱昂凯直播间
[2026-02-22 02:57:09] 丶丶Ken丶丶: NIKO来 也空了
[2026-02-22 02:57:09] 刘亦博爱郑哲伟: @阿汤日记：一个人，5发子弹，保住格陵兰岛。我不会叫它不可能完成的任务，我现在只想先回家看亦博
[2026-02-22 02:57:09] 小小小蕉: 我都不敢想刚才莱昂凯发出了什么声音
[2026-02-22 02:57:10] 什么罐头我说男人: 我都不敢想刚才莱昂凯发出了什么声音
[2026-02-22 02:57:10] LvvsiN: 为什么房管封的不能给鱼丸……还以为今天晚上得吃了……
[2026-02-22 02:57:10] 我爱续续永远: @karrigan：好熟悉的车车
[2026-02-22 02:57:10] 2steppppppp: p3
[2026-02-22 02:57:11] 拍拍小天使: 我都不敢想刚才莱昂凯发出了什么声音
[2026-02-22 02:57:11] 玩机器厦面鄙骰大: 这波真不怪ROPZ，被偷正面了！！
[2026-02-22 02:57:11] 云边有条小侏如: 　　　 我都不敢想刚才莱昂凯发出了什么声音
[2026-02-22 02:57:11] 速溶沙地兽: ＃跳转莱昂凯直播间
[2026-02-22 02:57:11] 古堡12枪战神: p3不玩就滚回faze（不是肥美)
[2026-02-22 02:57:11] IF的灰爱音本人: 我都不敢想刚才莱昂凯发出了什么声音
[2026-02-22 02:57:12] 热带雨林丶为爱鼓掌: 6666
[2026-02-22 02:57:12] 纸漓: 猎鹰来o赢了
[2026-02-22 02:57:12] Flargely: 　　　 我都不敢想刚才莱昂凯发出了什么声音
[2026-02-22 02:57:12] jsir6688: 我都不敢想刚才莱昂凯发出了什么声音
[2026-02-22 02:57:12] LvvsiN: 为什么房管封的不能给鱼丸……还以为今天晚上得吃了……
[2026-02-22 02:57:12] 玩弓箭、Arrow: 不亏是老鼠第二目牢王跟第一目一样
[2026-02-22 02:57:12] 大裂谷的登山家: 虾粉真幸福，每一把都有niko play，羡慕
[2026-02-22 02:57:12] 救赎颂歌: 丑陋
[2026-02-22 02:57:12] 浮华9527: ropz被偷正面的次数比niko要多
[2026-02-22 02:57:12] 马修赫伯特本人: 我都不敢想刚才莱昂凯发出了什么声音
[2026-02-22 02:57:13] csgo小茄子: 我都不敢想刚才莱昂凯发出了什么声音
[2026-02-22 02:57:13] 古怪的一个人: 　　　 我都不敢想刚才莱昂凯发出了什么声音
[2026-02-22 02:57:13] 沉默的猪嘴嘴: 不亏是老鼠第二目牢王跟第一目一样
[2026-02-22 02:57:13] 海绵宝宝打野儿: 太符合人设了  不亏是牢二
[2026-02-22 02:57:13] Vitality的羽贺文乃本人: p3这个枪法不如房管broli啊
[2026-02-22 02:57:13] 擅长登山的亦博同学: 车主是人类啊
[2026-02-22 02:57:13] 羊驼主播: Niko play
[2026-02-22 02:57:13] 火暴兽也干了: 我都不敢想刚才莱昂凯发出了什么声音
[2026-02-22 02:57:14] gulipa8: 　　　 我都不敢想刚才莱昂凯发出了什么声音
[2026-02-22 02:57:14] 你只是我丢弃的一条狗: 这个直播间以前确实有机器人，你发一条弹幕，他就复制发一样的，现在没有了。
[2026-02-22 02:57:14] Shatter666: 　　　 我都不敢想刚才莱昂凯发出了什么声音
[2026-02-22 02:57:14] BlackMachine008: p3不玩就滚回faze（不是肥美)
[2026-02-22 02:57:14] 苏雨凌a: 　　　 我都不敢想刚才莱昂凯发出了什么声音
[2026-02-22 02:57:14] 淡然夏末的温存11: 我都不敢想刚才莱昂凯发出了什么声音
[2026-02-22 02:57:14] 丶丶Ken丶丶: 我都不敢想刚才莱昂凯发出了什么声音
[2026-02-22 02:57:14] Kimjin7: 我都不敢想刚才莱昂凯发出了什么声音
[2026-02-22 02:57:14] 二阶堂shiro: 虾粉真幸福，每一把都有niko play，羡慕
[2026-02-22 02:57:14] 喜欢吃生菜: 我都不敢想刚才莱昂凯发出了什么声音
[2026-02-22 02:57:14] HankFann: 我都不敢想刚才莱昂凯发出了什么声音
[2026-02-22 02:57:14] 汤志豪的小娇妻: 　　　 我都不敢想刚才莱昂凯发出了什么声音
[2026-02-22 02:57:14] 用户02938034: 我都不敢想刚才莱昂凯发出了什么声音
[2026-02-22 02:57:15] A队的佐佐木李子本人: 不亏是老鼠第二目牢王跟第一目一样
[2026-02-22 02:57:15] 烟然已去: ＃跳转莱昂凯直播间
[2026-02-22 02:57:15] 玩玩玩玩的丸丸: 我都不敢想刚才莱昂凯发出了什么声音
[2026-02-22 02:57:15] 交流分不太够: 我都不敢想刚才莱昂凯发出了什么声音
[2026-02-22 02:57:15] 终初若叶睦: 我都不敢想刚才莱昂凯发出了什么声音
[2026-02-22 02:57:15] 有你便是世界1: 我都不敢想刚才莱昂凯发出了什么声音
[2026-02-22 02:57:15] 水瓶世界a: ＃跳转莱昂凯直播间
[2026-02-22 02:57:16] 治好了也会流口水: 虾粉真幸福，每一把都有niko play，羡慕
[2026-02-22 02:57:16] miku-: 　　　 我都不敢想刚才莱昂凯发出了什么声音
[2026-02-22 02:57:16] AiLuoLi1413: Niko play
[2026-02-22 02:57:16] 瞄准高高手: 虾粉真幸福，每一把都有niko play，羡慕
[2026-02-22 02:57:16] 偷鸡蛋的玩机器本人o: 我都不敢想刚才莱昂凯发出了什么声音
[2026-02-22 02:57:16] Ephemerality137: 我都不敢想刚才莱昂凯发出了什么声音
[2026-02-22 02:57:16] CThun438: 车主 play
[2026-02-22 02:57:16] 马总糖尿病害我蛀牙: 我都不敢想刚才莱昂凯发出了什么声音
[2026-02-22 02:57:17] Glew6: 我都不敢想刚才莱昂凯发出了什么声音
[2026-02-22 02:57:17] Shintaro: ＃跳转莱昂凯直播间
[2026-02-22 02:57:17] 纪川6657: 　　　 我都不敢想刚才莱昂凯发出了什么声音
[2026-02-22 02:57:17] 用户255420066: 我都不敢想刚才莱昂凯发出了什么声音
[2026-02-22 02:57:17] 回收废弃R9: 我都不敢想刚才莱昂凯发出了什么声音
[2026-02-22 02:57:17] RGsdfbf: 我都不敢想刚才莱昂凯发出了什么声音
[2026-02-22 02:57:18] 君尧丶丶: 不亏是老鼠第二目牢王跟第一目一样
[2026-02-22 02:57:18] 小兽神官: ＃跳转莱昂凯直播间
[2026-02-22 02:57:18] 用蜡烛蹭玩机器的魔丸: 我都不敢想刚才莱昂凯发出了什么声音
[2026-02-22 02:57:18] 空梵丶: 我都不敢想刚才莱昂凯发出了什么声音
[2026-02-22 02:57:18] 网友盆栽: 　　　 我都不敢想刚才莱昂凯发出了什么声音
[2026-02-22 02:57:18] 芜湖小能手: 　　　 我都不敢想刚才莱昂凯发出了什么声音
[2026-02-22 02:57:19] 2442861055: 我都不敢想刚才莱昂凯发出了什么声音
[2026-02-22 02:57:19] 柚子厨0721: 我都不敢想刚才莱昂凯发出了什么声音
[2026-02-22 02:57:19] 我知道的一点也不多: 我都不敢想刚才莱昂凯发出了什么声音
[2026-02-22 02:57:19] AlLTZZZ: 双倍亲密度老公双倍亲密度老公双倍亲密度老公双倍亲密度老公双倍亲密度老公双倍亲密度老公双倍亲密度老公双
[2026-02-22 02:57:19] 时间就是深海咸鱼: 我都不敢想刚才莱昂凯发出了什么声音
[2026-02-22 02:57:19] Sleepqas: ＃跳转莱昂凯直播间
[2026-02-22 02:57:19] Axel-XY: 虾粉真幸福，每一把都有niko play，羡慕
[2026-02-22 02:57:19] Goliath: p3不玩就滚回faze（不是肥美)
[2026-02-22 02:57:20] redlant3rn: 我都不敢想刚才莱昂凯发出了什么声音
[2026-02-22 02:57:20] 朔夜Sakuyaa: 我都不敢想刚才莱昂凯发出了什么声音
[2026-02-22 02:57:20] Raiwer: 　　　 我都不敢想刚才莱昂凯发出了什么声音
[2026-02-22 02:57:20] MS18EKPF: 我都不敢想刚才莱昂凯发出了什么声音
[2026-02-22 02:57:20] 用户4743944990: 这波真不怪ROPZ，被偷正面了！！
[2026-02-22 02:57:20] 尼斯特孩孩: p3不玩就滚回faze（不是肥美)
[2026-02-22 02:57:20] 色头色色: 我都不敢想刚才莱昂凯发出了什么声音
[2026-02-22 02:57:20] 玩机器舔我的懒交: 本来在床上好好的，弹幕非得刷那个陈千羽，唉，又没忍住
[2026-02-22 02:57:21] 小木曾雪菜本人: 　　　 我都不敢想刚才莱昂凯发出了什么声音
[2026-02-22 02:57:21] 人活着就是为了玩乐队: 我都不敢想刚才莱昂凯发出了什么声音
[2026-02-22 02:57:21] 没用信用的滥权: 我都不敢想刚才莱昂凯发出了什么声音
[2026-02-22 02:57:21] Aetheranus: 虾粉真幸福，每一把都有niko play，羡慕
[2026-02-22 02:57:22] 陌瞳32915: 我都不敢想刚才莱昂凯发出了什么声音
[2026-02-22 02:57:22] 北二龙少: 我都不敢想刚才莱昂凯发出了什么声音
[2026-02-22 02:57:22] 嘿嘿嘿1408: 我都不敢想刚才莱昂凯发出了什么声音
[2026-02-22 02:57:22] 和煦m: 背身没刚住
[2026-02-22 02:57:22] Pioneer893: 我都不敢想刚才莱昂凯发出了什么声音
[2026-02-22 02:57:22] Vitality-轻舟: 我都不敢想刚才莱昂凯发出了什么声音
[2026-02-22 02:57:22] DaturaNoir辰砂:     我都不敢想刚才莱昂凯发出了什么声音
[2026-02-22 02:57:22] 唐送八大家: 我都不敢想刚才莱昂凯发出了什么声音
[2026-02-22 02:57:23] yuuuuua7: 我都不敢想刚才莱昂凯发出了什么声音
[2026-02-22 02:57:23] 男人至死皆少年: 背身没刚住
[2026-02-22 02:57:23] 包包你到底哪里神了: 我都不敢想刚才莱昂凯发出了什么声音
[2026-02-22 02:57:23] 哈兰第一惩戒骑: Nik**lay
[2026-02-22 02:57:23] FAZE的椎名立希本人: 我都不敢想刚才莱昂凯发出了什么声音
[2026-02-22 02:57:23] 可苦可乐GRA: p3不玩就滚回faze（不是肥美)
[2026-02-22 02:57:23] 玩蛇鼠丶stabbi: 你刚刚看弹幕了？
[2026-02-22 02:57:23] 韩世天的屎妈: ＃跳转莱昂凯直播间
[2026-02-22 02:57:24] Laplace拉普拉斯: 我都不敢想刚才莱昂凯发出了什么声音
[2026-02-22 02:57:24] 速溶沙地兽:  我都不敢想刚才莱昂凯发出了什么声音
[2026-02-22 02:57:24] 用户4743944990: 我都不敢想刚才莱昂凯发出了什么声音
[2026-02-22 02:57:24] 小城的城哦: 我都不敢想刚才莱昂凯发出了什么声音
[2026-02-22 02:57:24] 锤爆魔丸一百次: 我都不敢想刚才莱昂凯发出了什么声音
[2026-02-22 02:57:25] 安酱没有jj: 我都不敢想刚才莱昂凯发出了什么声音
[2026-02-22 02:57:25] 老婆总司: 我都不敢想刚才莱昂凯发出了什么声音
[2026-02-22 02:57:25] XCChieri: 双倍亲密度老公双倍亲密度老公双倍亲密度老公双倍亲密度老公双倍亲密度老公双倍亲密度老公双倍亲密度老公双
[2026-02-22 02:57:25] 凌晨四点317: 我都不敢想刚才莱昂凯发出了什么声音
[2026-02-22 02:57:25] bLuEsTAr31: 我都不敢想刚才莱昂凯发出了什么声音
[2026-02-22 02:57:25] 大裂谷的登山家: 我都不敢想刚才莱昂凯发出了什么声音
[2026-02-22 02:57:25] 明月照星河: 　　　 我都不敢想刚才莱昂凯发出了什么声音
[2026-02-22 02:57:25] 云边有条小侏如: Niko play
[2026-02-22 02:57:26] pirpr: 零蛋
[2026-02-22 02:57:26] 用户8044227198: 　　　 我都不敢想刚才莱昂凯发出了什么声音
[2026-02-22 02:57:26] stavn小天使:     我都不敢想刚才莱昂凯发出了什么声音
[2026-02-22 02:57:26] 可苦可乐GRA: p3不玩就滚回faze（不是肥美)
[2026-02-22 02:57:26] 丶江楼月QAQ: 我都不敢想刚才莱昂凯发出了什么声音
[2026-02-22 02:57:26] 马楼King张三: 20分
[2026-02-22 02:57:27] 人生无喜剧: 　　　 我都不敢想刚才莱昂凯发出了什么声音
[2026-02-22 02:57:27] tosaytosay: 我都不敢想刚才莱昂凯发出了什么声音
[2026-02-22 02:57:27] zlh木木: 我都不敢想刚才莱昂凯发出了什么声音
[2026-02-22 02:57:27] MinaTiara:  我都不敢想刚才莱昂凯发出了什么声音
[2026-02-22 02:57:27] 千寻XB: 我都不敢想刚才莱昂凯发出了什么声音
[2026-02-22 02:57:28] 天才工具人桐生战兔: 我都不敢想刚才莱昂凯发出了什么声音
[2026-02-22 02:57:28] LvvsiN: 为什么房管封的不能给鱼丸……还以为今天晚上得吃了……
[2026-02-22 02:57:28] duoduofeizhuzi: 我都不敢想刚才莱昂凯发出了什么声音
[2026-02-22 02:57:28] 丶小恐龙丶: 我都不敢想刚才莱昂凯发出了什么声音
[2026-02-22 02:57:29] 哈密瓜HaMiGua: 我都不敢想刚才莱昂凯发出了什么声音
[2026-02-22 02:57:29] 花村Jager:  @阿汤日记：一个人，5发子弹，保住格陵兰岛。我不会叫它不可能完成的任务，我现在只想先回家看亦博
[2026-02-22 02:57:29] KujoJolyne: 让我想到了faze那场小镇
[2026-02-22 02:57:29] tongguqier:     我都不敢想刚才莱昂凯发出了什么声音
[2026-02-22 02:57:30] 凡f秋雪:     我都不敢想刚才莱昂凯发出了什么声音
[2026-02-22 02:57:30] 范玉欣丨: 我都不敢想刚才莱昂凯发出了什么声音
[2026-02-22 02:57:30] 玩蛇鼠丶stabbi: 你刚刚看弹幕了？原来你能看得见弹幕？
[2026-02-22 02:57:30] LvvsiN: 弹幕也就网上说说，现实里谁不觉得樱姐是好女孩（删括号领一条远坂凛同款鸟笼）
[2026-02-22 02:57:30] XCChieri: 我都不敢想刚才莱昂凯发出了什么声音
[2026-02-22 02:57:30] 挽风甜7: 20分（气泡音）
[2026-02-22 02:57:30] everch0sen:     我都不敢想刚才莱昂凯发出了什么声音
[2026-02-22 02:57:31] s7mple30: 棒在哪儿？就知道绕后的狗
[2026-02-22 02:57:31] 极夜之辰: 让我想起了niko的A大
[2026-02-22 02:57:31] smfiys: 我都不敢想刚才莱昂凯发出了什么声音
[2026-02-22 02:57:31] 白日梦之主: 我都不敢想刚才莱昂凯发出了什么声音
[2026-02-22 02:57:32] 神马米洛: 你刚刚看弹幕了？
[2026-02-22 02:57:32] yuuik27: 　　　 我都不敢想刚才莱昂凯发出了什么声音
[2026-02-22 02:57:32] 可可爱爱爱弥斯:     我都不敢想刚才莱昂凯发出了什么声音
[2026-02-22 02:57:32] LvvsiN: 孩子们快跑，马修赫伯特来了😨卧槽你的怎么是马枪和BOT
[2026-02-22 02:57:33] Crychiccc的若叶睦本人: 我已经三分钟没看到弹幕发布 罗  利了，这你也屏 蔽了？
[2026-02-22 02:57:33] 玩克服丶丰川祥子: 我都不敢想刚才莱昂凯发出了什么声音
[2026-02-22 02:57:33] HanKsonn: 零蛋
[2026-02-22 02:57:33] 夏筱筱雪: 　　　 我都不敢想刚才莱昂凯发出了什么声音
[2026-02-22 02:57:33] Crazylu603: 车主是真懂啊
[2026-02-22 02:57:33] La漠:  我都不敢想刚才莱昂凯发出了什么声音
[2026-02-22 02:57:33] 雀群: 我都不敢想刚才莱昂凯发出了什么声音
[2026-02-22 02:57:34] 康托尔74920: 这比赛这么精彩吗都没人串了
[2026-02-22 02:57:34] 秋茶小雪:     我都不敢想刚才莱昂凯发出了什么声音
[2026-02-22 02:57:34] 养精蓄锐展望未来: 蒙古怎么了你了
[2026-02-22 02:57:34] LvvsiN: 为什么房管封的不能给鱼丸……还以为今天晚上得吃了……
[2026-02-22 02:57:34] 不buy立省百分百:     我都不敢想刚才莱昂凯发出了什么声音
[2026-02-22 02:57:34] 玩蛇鼠丶stabbi: 你刚刚看弹幕了？原来你能看得见弹幕？
[2026-02-22 02:57:35] 幽谷响子: 我都不敢想刚才莱昂凯发出了什么声音
[2026-02-22 02:57:35] 小缘喵的键盘垫: 20分
[2026-02-22 02:57:35] 可苦可乐GRA: p3不玩就滚回faze（不是肥美)
[2026-02-22 02:57:35] csgo小茄子: 抓娃娃
[2026-02-22 02:57:35] 用户3661578: 没办法天赋点不能全点满
[2026-02-22 02:57:35] 马楼King张三: device20分
[2026-02-22 02:57:35] eyu星天涯: 这不怪大虾（高举双钳）
[2026-02-22 02:57:36] 海绵宝宝农批儿: 我都不敢想刚才莱昂凯发出了什么声音
[2026-02-22 02:57:36] LvvsiN: 你为什么要把mαjor禁了，我收藏的一半弹幕全毁了
[2026-02-22 02:57:36] Monoceros-: 我还能发出弹幕吗
[2026-02-22 02:57:37] 人间太岁神c: ？
[2026-02-22 02:57:37] 养精蓄锐展望未来: 玩机器
[2026-02-22 02:57:37] 替天行道牧苏苏: 开一下双倍亲密度老公
[2026-02-22 02:57:37] 蹲芳魂: 　　　 我都不敢想刚才莱昂凯发出了什么声音
[2026-02-22 02:57:37] 穷哥们一起杀刀蛆: top12好像隐身了有感觉吗
[2026-02-22 02:57:37] 77一定会是我的: 冷知识：弹幕已经半小时没喷玩机器跟串niko了
[2026-02-22 02:57:37] 什么罐头我说男人: 你刚刚看弹幕了？原来你能看得见弹幕？
[2026-02-22 02:57:38] we9022: senzu只是一个位置
[2026-02-22 02:57:38] 乐EE: 　　　 我都不敢想刚才莱昂凯发出了什么声音
[2026-02-22 02:57:38] 七秒钟记忆27: 我都不敢想刚才莱昂凯发出了什么声音
[2026-02-22 02:57:38] LvvsiN: 为什么房管封的不能给鱼丸……还以为今天晚上得吃了……
[2026-02-22 02:57:38] 你叫什么名儿啊:     我都不敢想刚才莱昂凯发出了什么声音
[2026-02-22 02:57:38] 一刀一个啵啵怪: apex这搜点也是一坨屎
[2026-02-22 02:57:38] 好姐妹清道夫: 卧槽，ropz年轻一岁了
[2026-02-22 02:57:39] 无伟契约: 载物A1这一枪演技真好啊。。。
[2026-02-22 02:57:39] 鲜血与暗影铸造的家伙: 这ropz还有人样吗
[2026-02-22 02:57:39] 尼爱立: 　　　 没办法天赋点不能全点满
[2026-02-22 02:57:40] 伱給我站住: 零🥚！没分了！
[2026-02-22 02:57:40] ropz的911本人: 偷背身失误是Niko play那拿刀划尸体是什么
[2026-02-22 02:57:40] 晨风凌云21146: 我已经三分钟没看到弹幕发布 罗  利了，这你也屏 蔽了？
[2026-02-22 02:57:40] LvvsiN: 其实碗橱就是猪灵，你不拿黄金丢他他就不跟你说话
[2026-02-22 02:57:40] 驴酱贵阳粉丝: 型月四公主来了！爱尔奎特🧛‍阿尔托莉雅🗡两仪式👘苍崎青子🧙‍♀️
[2026-02-22 02:57:41] 澪伊吹: 你刚刚看弹幕了？原来你能看得见弹幕？
[2026-02-22 02:57:41] 空有无垠: 你刚刚看弹幕了？原来你能看得见弹幕？
[2026-02-22 02:57:41] 柚柚子Yuyuko: 我都不敢想刚才莱昂凯发出了什么声音
[2026-02-22 02:57:41] papacarrot: 我都不敢想刚才莱昂凯发出了什么声音
[2026-02-22 02:57:41] 小子杨啊: @时间就是深海咸鱼：我都不敢想刚才莱昂凯发出了什么声音
[2026-02-22 02:57:42] 永远喜欢远近渔: 我都不敢想刚才莱昂凯发出了什么声音
[2026-02-22 02:57:42] Yuusuke95: 尼的智力值是多少
[2026-02-22 02:57:42] 刘亦博爱郑哲伟: 为什么房管封的不能给鱼丸……还以为今天晚上得吃了……
[2026-02-22 02:57:42] 古堡12枪战神: 爆发了还是……
[2026-02-22 02:57:42] LvvsiN: 玩宝宝，我发现在大学上学的时候肄业会很舒服，你可以试试
[2026-02-22 02:57:43] 秋Fc: 我都不敢想刚才莱昂凯发出了什么声音
[2026-02-22 02:57:43] 老阿靖: 你刚刚看弹幕了？原来你能看得见弹幕？
[2026-02-22 02:57:43] Hitagi蟹蟹: 我已经三分钟没看到弹幕发布 罗 利了，这你也屏 蔽了？
[2026-02-22 02:57:43] 挽风甜7: 丰川祥子的头
[2026-02-22 02:57:43] 玩蛇鼠丶stabbi: 你刚刚看弹幕了？原来你能看得见弹幕？
[2026-02-22 02:57:43] ZZzong: 我还能发出弹幕吗
[2026-02-22 02:57:43] 世界第一可爱千早爱音: 我都不敢想刚才莱昂凯发出了什么声音
[2026-02-22 02:57:44] 樱公馆的Luna本人: 　　　 我都不敢想刚才莱昂凯发出了什么声音
[2026-02-22 02:57:44] a队的丰川祥子: 我还能发出弹幕吗
[2026-02-22 02:57:44] 想要玩大哥的不死祝福:  我都不敢想刚才莱昂凯发出了什么声音
[2026-02-22 02:57:44] 来自欧派星球: 莱蹭别蹭，洗niko的➗
[2026-02-22 02:57:44] 硫磺祥: p3不玩就滚回faze（不是肥美
[2026-02-22 02:57:44] LvvsiN: 我提一嘴这剧情越来越像上海major了
[2026-02-22 02:57:44] 风色青春:     我都不敢想刚才莱昂凯发出了什么声音
[2026-02-22 02:57:45] 玩机器舔我的懒交: 超伟大对吧😝 十人十色💜💙💚💛❤️ 挺有两下子对吧🤗 所谓元祖 正是如此😜
[2026-02-22 02:57:45] 肥宅终结者: 我还能发出弹幕吗
[2026-02-22 02:57:46] emmmm452: 你刚刚看弹幕了？原来你能看得见弹幕？
[2026-02-22 02:57:46] 椎名立希本人: 我都不敢想刚才莱昂凯发出了什么声音
[2026-02-22 02:57:46] 皓宇是个帅比: 你刚刚看弹幕了？原来你能看得见弹幕？
[2026-02-22 02:57:46] 近战法师甘道夫zZ: 被偷正面辣
[2026-02-22 02:57:46] LvvsiN: 我提一嘴这剧情越来越像上海major了
[2026-02-22 02:57:47] 玩家军的猪头肉本人: 你刚刚看弹幕了？原来你能看得见弹幕？
[2026-02-22 02:57:47] 铲铲的奇妙冒险: 我还能发出弹幕吗
[2026-02-22 02:57:47] 爱健身的然然然然然: 载物天天被偷 蒙古太敢摸了
[2026-02-22 02:57:47] 灵魂食粮: 我都不敢想刚才莱昂凯发出了什么声音
[2026-02-22 02:57:47] ThomasOldB: 我都不敢想刚才莱昂凯发出了什么声音
[2026-02-22 02:57:47] AKNWY呦: 　　　 我都不敢想刚才莱昂凯发出了什么声音
[2026-02-22 02:57:47] 殷十八: 123
[2026-02-22 02:57:47] 每天都被穷醒: 你刚刚看弹幕了？原来你能看得见弹幕？
[2026-02-22 02:57:47] 八重森彌妮: 你刚刚看弹幕了？原来你能看得见弹幕？
[2026-02-22 02:57:47] Jess2: 我已经三分钟没看到弹幕发布 罗 利了，这你也屏 蔽了？
[2026-02-22 02:57:48] 没有真名233: 你刚刚看弹幕了？原来你能看得见弹幕？
[2026-02-22 02:57:48] LvvsiN: 为什么房管封的不能给鱼丸……还以为今天晚上得吃了……
[2026-02-22 02:57:48] 所以我又晕了: 你刚刚看弹幕了？原来你能看得见弹幕？
[2026-02-22 02:57:49] 森林与雁: 布罗利
[2026-02-22 02:57:49] 無話可說848:     我都不敢想刚才莱昂凯发出了什么声音
[2026-02-22 02:57:49] 马也说:  我都不敢想刚才莱昂凯发出了什么声音
[2026-02-22 02:57:49] chordclef: 你刚刚看弹幕了？原来你能看得见弹幕？
[2026-02-22 02:57:49] 没有糖的棒棒糖1: 我已经三分钟没看到弹幕发布 罗 利了，这你也屏 蔽了？
[2026-02-22 02:57:49] emmmm452: 我还能发出弹幕吗
[2026-02-22 02:57:50] Vitality的羽贺文乃本人: 你刚刚看弹幕了？原来你能看得见弹幕？
[2026-02-22 02:57:50] A队的佐佐木李子本人: 你刚刚看弹幕了？原来你能看得见弹幕？
[2026-02-22 02:57:50] 蛇醉三千客: p3不玩就滚回faze（不是肥美
[2026-02-22 02:57:50] TwistcC21: 你刚刚看弹幕了？原来你能看得见弹幕？
[2026-02-22 02:57:50] 萝伯丝比尔: 你刚刚看弹幕了？原来你能看得见弹幕？
[2026-02-22 02:57:50] 好哥们宇智波鼬: 我已经三分钟没看到弹幕发布 罗 利了，这你也屏 蔽了？
[2026-02-22 02:57:50] 养精蓄锐展望未来: 载物是你爸？
[2026-02-22 02:57:50] LvvsiN: 就tm喜欢银行业🥰银行坏账我喜欢🥰银行挤兑我还喜欢😍利率调低我也喜欢🤤老子亲烂银行业的脸😘
[2026-02-22 02:57:50] 阿瓦伊莉雅: 我已经三分钟没看到弹幕发布 罗  利了，这你也屏 蔽了？
[2026-02-22 02:57:50] cornkiner: 你刚刚看弹幕了？原来你能看得见弹幕？
[2026-02-22 02:57:50] 玩指挥丶NiKo: 你刚刚看弹幕了？原来你能看得见弹幕？
[2026-02-22 02:57:51] MeIoN39: 你刚刚看弹幕了？原来你能看得见弹幕？
[2026-02-22 02:57:51] zbq93: 你刚刚看弹幕了？原来你能看得见弹幕？
[2026-02-22 02:57:51] 用户7479593002: 我还能发出弹幕吗
[2026-02-22 02:57:52] 空有无垠: 我已经三分钟没看到弹幕发布 罗 利了，这你也屏 蔽了？
[2026-02-22 02:57:52] 丶丶Ken丶丶: 你刚刚看弹幕了？原来你能看得见弹幕？
[2026-02-22 02:57:52] we9022: 你刚刚看弹幕了？原来你能看得见弹幕？
[2026-02-22 02:57:52] 大稽基: 你刚刚看弹幕了？原来你能看得见弹幕？
[2026-02-22 02:57:52] 椰子79K: 直播间的富哥们丢钱的🐂劲呢？赶紧给我造个双倍出来，别耽误我包里的几十个荧光棒
[2026-02-22 02:57:52] 穷哥们一起杀刀蛆:     我都不敢想刚才莱昂凯发出了什么声音
[2026-02-22 02:57:52] Ggmftye: 你刚刚看弹幕了？原来你能看得见弹幕？
[2026-02-22 02:57:52] 玩大哥你的蚯蚓好小: 你刚刚看弹幕了？原来你能看得见弹幕？
[2026-02-22 02:57:52] 阿聚TaHa: 你刚刚看弹幕了？原来你能看得见弹幕？
[2026-02-22 02:57:53] wsxj131: 你刚刚看弹幕了？原来你能看得见弹幕？
[2026-02-22 02:57:53] 用户19863404: 为什么房管封的不能给鱼丸……还以为今天晚上得吃了……
[2026-02-22 02:57:53] Mouz的X9本人: 你刚刚看弹幕了？原来你能看得见弹幕？
[2026-02-22 02:57:53] Xlin09: 我提一嘴这剧情越来越像上海major了
[2026-02-22 02:57:53] 逃离灰色地带:  我都不敢想刚才莱昂凯发出了什么声音
[2026-02-22 02:57:53] 梁清风: 我已经三分钟没看到弹幕发布 罗 利了，这你也屏 蔽了？
[2026-02-22 02:57:53] 车路士的凯赛多本人: 你刚刚看弹幕了？原来你能看得见弹幕？
[2026-02-22 02:57:53] 总监拾我霸: @替天行道牧苏苏：开一下双倍亲密度老公
[2026-02-22 02:57:53] 红鲤鱼与驴与绿AA: 你刚刚看弹幕了？原来你能看得见弹幕？
[2026-02-22 02:57:54] 我就是NAVI的b1t本人: 我还能发出弹幕吗
[2026-02-22 02:57:54] 暴力卓司: 你刚刚看弹幕了？原来你能看得见弹幕？
[2026-02-22 02:57:54] 乌鸦晒不黑: 你刚刚看弹幕了？原来你能看得见弹幕？
[2026-02-22 02:57:54] WE丶繁梦: 你刚刚看弹幕了？原来你能看得见弹幕？
[2026-02-22 02:57:54] LvvsiN: 其实碗橱就是猪灵，你不拿黄金丢他他就不跟你说话
[2026-02-22 02:57:54] 喜欢吃生菜:  @所以我又晕了：你刚刚看弹幕了？原来你能看得见弹幕？
[2026-02-22 02:57:54] 清风浮过丶: 你刚刚看弹幕了？原来你能看得见弹幕？
[2026-02-22 02:57:55] sarbest: 我还能发出弹幕吗
[2026-02-22 02:57:55] 小小小蕉: 你刚刚看弹幕了？原来你能看得见弹幕？
[2026-02-22 02:57:55] 玩大哥你的蚯蚓好小: 我已经三分钟没看到弹幕发布 罗  利了，这你也屏 蔽了？
[2026-02-22 02:57:55] HaibaraAi1109: 你刚刚看弹幕了？原来你能看得见弹幕？
[2026-02-22 02:57:56] 替换狗蛇的Magisk本人: 你刚刚看弹幕了？原来你能看得见弹幕？
[2026-02-22 02:57:56] ymyyo: 我都不敢想刚才莱昂凯发出了什么声音
[2026-02-22 02:57:56] 窦妪惯例全思慕: 你刚刚看弹幕了？原来你能看得见弹幕？
[2026-02-22 02:57:56] LvvsiN: 为什么房管封的不能给鱼丸……还以为今天晚上得吃了……
[2026-02-22 02:57:56] 错哥我们监了: 你刚刚看弹幕了？原来你能看得见弹幕？
[2026-02-22 02:57:56] Crythic的羊宫妃那本人: 我还能发出弹幕吗
[2026-02-22 02:57:56] XCChieri: 你刚刚看弹幕了？原来你能看得见弹幕？
[2026-02-22 02:57:57] 归离凉: 你刚刚看弹幕了？原来你能看得见弹幕？
[2026-02-22 02:57:57] 七色的人偶使者: 你刚刚看弹幕了？原来你能看得见弹幕？
[2026-02-22 02:57:57] crychic的tomori本人: 你刚刚看弹幕了？原来你能看得见弹幕？
[2026-02-22 02:57:57] 神奥联盟的竹兰本人: 你刚刚看弹幕了？原来你能看得见弹幕？
[2026-02-22 02:57:57] LRaxewis: top3少两个天赋点
[2026-02-22 02:57:57] Mortnotz: 你刚刚看弹幕了？原来你能看得见弹幕？
[2026-02-22 02:57:58] 詹跑跑还下跪: 你刚刚看弹幕了？原来你能看得见弹幕？
[2026-02-22 02:57:58] 結城希亞: 你刚刚看弹幕了？原来你能看得见弹幕？
[2026-02-22 02:57:58] LvvsiN: 就tm喜欢银行业🥰银行坏账我喜欢🥰银行挤兑我还喜欢😍利率调低我也喜欢🤤老子亲烂银行业的脸😘
[2026-02-22 02:57:59] 杀鱼宝宝028: 载物是你爸？
[2026-02-22 02:57:59] HooLyDA: 我都不敢想刚才莱昂凯发出了什么声音
[2026-02-22 02:57:59] 椎名真昼丶丶: 你刚刚看弹幕了？原来你能看得见弹幕？
[2026-02-22 02:58:00] 小明XMing: 你刚刚看弹幕了？原来你能看得见弹幕？
[2026-02-22 02:58:00] 好姐妹清道夫: 沵個炪泩菿疧蔎置孒哆仯個屛幣詞，莪棈杺揙辑哋弹募怎庅潑芣炪唻
[2026-02-22 02:58:00] SSE丶: ropz来21cc来
[2026-02-22 02:58:00] 老鸡艳遇记: 你刚刚看弹幕了？原来你能看得见弹幕？
[2026-02-22 02:58:00] MasterChiefOvO: 你刚刚看弹幕了？原来你能看得见弹幕？
[2026-02-22 02:58:00] an0v0y: 你刚刚看弹幕了？原来你能看得见弹幕？
[2026-02-22 02:58:00] LvvsiN: @阿汤日记：一个人，5发子弹，保住格陵兰岛。我不会叫它不可能完成的任务，我现在只想先回家看亦博
[2026-02-22 02:58:01] 想玩corn707: 你刚刚看弹幕了？原来你能看得见弹幕？
[2026-02-22 02:58:01] 玩猴爪丶MonkeyPaw: 原来主播你在看弹幕吗？我看弹幕都在骂你，你根本没有回应
[2026-02-22 02:58:01] 用户3661578: 　　　 你刚刚看弹幕了？原来你能看得见弹幕？
[2026-02-22 02:58:01] 澄阳湖在逃大闸蟹: 你刚刚看弹幕了？原来你能看得见弹幕？
[2026-02-22 02:58:01] 保持冷静helhao: 你刚刚看弹幕了？原来你能看得见弹幕？
[2026-02-22 02:58:02] 高松灯扣死千早爱音: 你刚刚看弹幕了？原来你能看得见弹幕？
[2026-02-22 02:58:02] 十2英尺: 我已经三分钟没看到弹幕发布 罗 利了，这你也屏 蔽了？
[2026-02-22 02:58:02] 剑崎梨梨花: 我已经三分钟没看到弹幕发布 罗 利了，这你也屏 蔽了？
[2026-02-22 02:58:02] Hitagi蟹蟹: 你刚刚看弹幕了？原来你能看得见弹幕？
[2026-02-22 02:58:02] 丶小恐龙丶: p3不玩就滚回faze（不是肥美
[2026-02-22 02:58:02] 改名中奖选手: 我还不知道莱昂凯是不是男的呢
[2026-02-22 02:58:02] 丶丶Ken丶丶: 我已经三分钟没看到弹幕发布 罗 利了，这你也屏 蔽了？
[2026-02-22 02:58:02] LvvsiN: 其实碗橱就是猪灵，你不拿黄金丢他他就不跟你说话
[2026-02-22 02:58:02] 迷你世界丁真学姐1: 你刚刚看弹幕了？原来你能看得见弹幕？
[2026-02-22 02:58:03] 过龍門头号猛男: 我都不敢想刚才莱昂凯发出了什么声音
[2026-02-22 02:58:04] 带子空: 载物是你爸？
[2026-02-22 02:58:04] 用户5608006019: 你刚刚看弹幕了？原来你能看得见弹幕？
[2026-02-22 02:58:04] 云边有条小侏如: 骑着布罗利见玩鉧
[2026-02-22 02:58:04] jamesfaith23: 你刚刚看弹幕了？原来你能看得见弹幕？
[2026-02-22 02:58:04] 不可一世跌地: 你刚刚看弹幕了？原来你能看得见弹幕？
[2026-02-22 02:58:04] AiLuoLi1413: 你刚刚看弹幕了？原来你能看得见弹幕？
[2026-02-22 02:58:05] LvvsiN: 弹幕别吵了，银行业一样一样有有有也会有h'y'hui't'y'r's'c'dn
[2026-02-22 02:58:05] 荣誉马莱人丶贾碧: 你刚刚看弹幕了？原来你能看得见弹幕？
[2026-02-22 02:58:05] 栗悟饭与龟波功-w-: 我已经三分钟没看到弹幕发布 罗 利了，这你也屏 蔽了？
[2026-02-22 02:58:06] 把爱留在6657: 你刚刚看弹幕了？原来你能看得见弹幕？
[2026-02-22 02:58:06] 岚东: 布罗利来v了
[2026-02-22 02:58:07] LvvsiN: 弹幕别吵了，银行业一样一样有有有也会有h'y'hui't'y'r's'c'dn
[2026-02-22 02:58:07] 泥岩小姐: 我都不敢想刚才莱昂凯发出了什么声音
[2026-02-22 02:58:07] Faze没夺冠我就砂了你: 你刚刚看弹幕了？原来你能看得见弹幕？
[2026-02-22 02:58:07] 什么罐头我说男人: 我已经三分钟没看到弹幕发布 罗 利了，这你也屏 蔽了？
[2026-02-22 02:58:07] 黄太公丶: 原来主播你在看弹幕吗？我看弹幕都在骂你，你根本没有回应
[2026-02-22 02:58:07] 擅长登山的亦博同学: 你刚刚看弹幕了？原来你能看得见弹幕？
[2026-02-22 02:58:07] 汤汤魔魔mmmmmmmmajor冠军: 你刚刚看弹幕了？原来你能看得见弹幕？
[2026-02-22 02:58:08] hxyvraf: 我已经三分钟没看到弹幕发布 罗 利了，这你也屏 蔽了？
[2026-02-22 02:58:08] 求奶经济研究二审不过: 我已经三分钟没看到弹幕发布 罗  利了，这你也屏 蔽了？
[2026-02-22 02:58:08] 玩大哥你的蚯蚓好小: 你刚刚看弹幕了？原来你能看得见弹幕？
[2026-02-22 02:58:08] 养精蓄锐展望未来: 瞎的
[2026-02-22 02:58:08] 机器机器祝你幸福: 不是，比赛没有niko你们为什么都在说niko啊
[2026-02-22 02:58:08] MiunaShiodome: 好雷
[2026-02-22 02:58:09] 玩戴便、shit: 你刚刚看弹幕了？原来你能看得见弹幕？
[2026-02-22 02:58:09] LvvsiN: 孩子们快跑，马修赫伯特来了😨卧槽你的怎么是马枪和BOT
[2026-02-22 02:58:09] 亚历克斯Ming: 你刚刚看弹幕了？原来你能看得见弹幕？
[2026-02-22 02:58:09] Wazix: 原来主播你在看弹幕吗？我看弹幕都在骂你，你根本没有回应
[2026-02-22 02:58:10] 99组的爱城华恋本人: 弹幕别吵了，银行业一样一样有有有也会有h'y'hui't'y'r's'c'dn
[2026-02-22 02:58:10] cwcw6969: 我已经三分钟没看到弹幕发布 罗 利了，这你也屏 蔽了？
[2026-02-22 02:58:10] crossover很哟西: 我已经三分钟没看到弹幕发布 罗 利了，这你也屏 蔽了？
[2026-02-22 02:58:10] Bob小熊君: 这炸的什么
[2026-02-22 02:58:10] 老阿靖: 你刚刚看弹幕了？原来你能看得见弹幕？
[2026-02-22 02:58:11] LvvsiN: 南孚一节更比六节强，也就是一节南孚比六节南孚强，六节南孚比三十六节强，三十六节比二百一十六节强
[2026-02-22 02:58:11] 杀鱼宝宝028: 布罗利来v了
[2026-02-22 02:58:11] YLXE太阳: 我已经三分钟没看到弹幕发布 罗 利了，这你也屏 蔽了？
[2026-02-22 02:58:11] 木空空空空空: 弹幕别吵了，银行业一样一样有有有也会有h'y'hui't'y'r's'c'dn
[2026-02-22 02:58:12] 嚯嚯嚯夸脏哦: 台词（莱昂凯，摩尔叫）：啊爹你是人啊？
[2026-02-22 02:58:12] Z伊卡洛斯Z: 你刚刚看弹幕了？原来你能看得见弹幕？
[2026-02-22 02:58:12] 秋茶小雪: 好雷
[2026-02-22 02:58:12] 潇洒大概: 你刚刚看弹幕了？原来你能看得见弹幕？
[2026-02-22 02:58:12] 小蜜蜂的长期素食本人: 雷丢天上了
[2026-02-22 02:58:12] 冲上云霄的姨: 你刚刚看弹幕了？原来你能看得见弹幕？
[2026-02-22 02:58:13] LvvsiN: 弹幕也就网上说说，现实里谁不觉得樱姐是好女孩（删括号领一条远坂凛同款鸟笼）
[2026-02-22 02:58:13] 伊地知虹夏68667: 我已经三分钟没看到弹幕发布 罗 利了，这你也屏 蔽了？
[2026-02-22 02:58:13] 感觉考研要二战了qwq: 我都不敢想刚才莱昂凯发出了什么声音
[2026-02-22 02:58:13] ahhhhhhhhhhhhhhhhhhh: 雷又呲了
[2026-02-22 02:58:13] 宫监手放监: 我已经三分钟没看到弹幕发布 罗 利了，这你也屏 蔽了？
[2026-02-22 02:58:13] 替天行道牧苏苏: 其实碗橱就是猪灵，你不拿黄金丢他他就不跟你说
[2026-02-22 02:58:13] 玩腻了就去学: 你刚刚看弹幕了？原来你能看得见弹幕？
[2026-02-22 02:58:13] siufff: 我已经三分钟没看到弹幕发布 罗 利了，这你也屏 蔽了？
[2026-02-22 02:58:13] S1natra: 你刚刚看弹幕了？原来你能看得见弹幕？
[2026-02-22 02:58:13] 斗斗123呵呵: 弹幕别吵了，银行业一样一样有有有也会有h'y'hui't'y'r's'c'dn
[2026-02-22 02:58:14] 另一个世界7: 你刚刚看弹幕了？原来你能看得见弹幕？
[2026-02-22 02:58:14] Cedar4: 我已经三分钟没看到弹幕发布 罗 利了，这你也屏 蔽了？
[2026-02-22 02:58:14] A队的dev1ce本人-: 我提一嘴，布罗利很久没说话了
[2026-02-22 02:58:15] TL的EliGE本人: 你刚刚看弹幕了？原来你能看得见弹幕？
[2026-02-22 02:58:15] LvvsiN: 弹幕别吵了，银行业一样一样有有有也会有h'y'hui't'y'r's'c'dn
[2026-02-22 02:58:15] 玩猴爪丶MonkeyPaw: 我已经三分钟没看到弹幕发布 罗 利了，这你也屏 蔽了？
[2026-02-22 02:58:15] 吉吉的Niko本人: 冷知识：布罗利一部亲手载了亲爹，一部看着弗利萨载亲
[2026-02-22 02:58:15] 传统peek高手XANTARES: 原来主播你在看弹幕吗？我看弹幕都在骂你，你根本没有回应
[2026-02-22 02:58:15] 养精蓄锐展望未来: 别发了
[2026-02-22 02:58:15] 屌閪鳩撚柒: 我都不敢想刚才莱昂凯发出了什么声音
[2026-02-22 02:58:15] LWJTMAC01: 你刚刚看弹幕了？原来你能看得见弹幕？
[2026-02-22 02:58:15] 玩楚楚、pareo: 我已经三分钟没看到弹幕发布 罗 利了，这你也屏 蔽了？
[2026-02-22 02:58:16] HaibaraAi1109: 我已经三分钟没看到弹幕发布 罗 利了，这你也屏 蔽了？
[2026-02-22 02:58:16] wuyanblabla: 弹幕别吵了，银行业一样一样有有有也会有h'y'hui't'y'r's'c'dn
[2026-02-22 02:58:16] 当年的天灾小兵642: 　　　 我都不敢想刚才莱昂凯发出了什么声音
[2026-02-22 02:58:16] 玩弓箭、Arrow: 　　　 原来主播你在看弹幕吗？我看弹幕都在骂你，你根本没有回应
[2026-02-22 02:58:16] y666t666y666: 骑着布罗利见玩鉧
[2026-02-22 02:58:16] 机长家的华仔: 你刚刚看弹幕了？原来你能看得见弹幕？
[2026-02-22 02:58:17] fpx丶: 我已经三分钟没看到弹幕发布 罗  利了，这你也屏 蔽了？
[2026-02-22 02:58:17] Bob小熊君: 炸无人机呢
[2026-02-22 02:58:17] 纸漓: 南孚一节更比六节强，也就是一节南孚比六节南孚强，六节南孚比三十六节强，三十六节比二百一十六节强
[2026-02-22 02:58:17] 黄太公丶: 我已经三分钟没看到弹幕发布 罗 利了，这你也屏 蔽了？
[2026-02-22 02:58:17] 长夜571: 　　　 现在是2月22日，是邦多利It’s MyGO!!!!!吉他手要乐奈的生日，转发这条信息到5个
[2026-02-22 02:58:18] 蜗牛蜗牛你快快走: 我已经三分钟没看到弹幕发布 罗 利了，这你也屏 蔽了？
[2026-02-22 02:58:18] 水上由岐岐岐岐: 好雷
[2026-02-22 02:58:19] LvvsiN: 孩子们快跑，马修赫伯特来了😨卧槽你的怎么是马枪和BOT
[2026-02-22 02:58:19] 戈尔多-V: 弹幕别吵了，银行业一样一样有有有也会有h'y'hui't'y'r's'c'dn
[2026-02-22 02:58:19] 影魔影魔i: 现在就看你能不能挡住载物了
[2026-02-22 02:58:19] 雨下一整晚ln: 我已经三分钟没看到弹幕发布 罗 利了，这你也屏 蔽了？
[2026-02-22 02:58:19] WE丶繁梦: 台词（莱昂凯，摩尔叫）：啊爹你是人啊？
[2026-02-22 02:58:19] 是印花啊: 弹幕别吵了，银行业一样一样有有有也会有h'y'hui't'y'r's'c'dn
[2026-02-22 02:58:20] chordclef: 弹幕别吵了，银行业一样一样有有有也会有h'y'hui't'y'r's'c'dn
[2026-02-22 02:58:20] NYU唯一铲车人: 决赛APEKS大战GL，玩机器3000贵宾面如死灰
[2026-02-22 02:58:20] Vitality的羽贺文乃本人: 台词（莱昂凯，摩尔叫）：啊爹你是人啊？
[2026-02-22 02:58:20] ykls的爱情结晶: 我已经三分钟没看到弹幕发布 罗 利了，这你也屏 蔽了？
[2026-02-22 02:58:20] 蜗牛蜗牛你快快走: 我已经三分钟没看到弹幕发布 罗 利了，这你也屏 蔽了？
[2026-02-22 02:58:20] 七咲逢NanasakiAi: 布罗利
[2026-02-22 02:58:20] 寻之阡陌: 你刚刚看弹幕了？原来你能看得见弹幕？
[2026-02-22 02:58:20] 結城希亞: 我已经三分钟没看到弹幕发布 罗 利了，这你也屏 蔽了？
[2026-02-22 02:58:21] 你为什么看用户名: 我已经三分钟没看到弹幕发布 罗  利了，这你也屏 蔽了？
[2026-02-22 02:58:21] 不改名真的不中奖呀Cc: 我已经三分钟没看到弹幕发布 罗 利了，这你也屏 蔽了？
[2026-02-22 02:58:21] LvvsiN: 我让你开双倍你二龙吗？老子荧光棒要过期了
[2026-02-22 02:58:21] 大梦464: 　　　 我已经三分钟没看到弹幕发布 罗 利了，这你也屏 蔽了？
[2026-02-22 02:58:21] 詹跑跑还下跪: 你刚刚看弹幕了？原来你能看得见弹幕？
[2026-02-22 02:58:21] 仙粉美滋滋: 你刚刚看弹幕了？原来你能看得见弹幕？
[2026-02-22 02:58:21] 许血呐: 你刚刚看弹幕了？原来你能看得见弹幕？
[2026-02-22 02:58:22] 老人星的优秀素质本人: 弹幕别吵了，银行业一样一样有有有也会有h'y'hui't'y'r's'c'dn
[2026-02-22 02:58:22] 即将拥有PDD的人鱼线丿: 好会
[2026-02-22 02:58:22] 纪川6657: 　　　 我已经三分钟没看到弹幕发布 罗 利了，这你也屏 蔽了？
[2026-02-22 02:58:22] 一滴HitoShizuku: 我已经三分钟没看到弹幕发布 罗 利了，这你也屏 蔽了？
[2026-02-22 02:58:22] 蜗牛蜗牛你快快走: 我已经三分钟没看到弹幕发布 罗 利了，这你也屏 蔽了？
[2026-02-22 02:58:22] 古堡12枪战神: 莱昂凯发出的声音在摩尔庄园就能听到
[2026-02-22 02:58:23] 汤汤魔魔mmmmmmmmajor冠军: @布罗利Broli：载物还是先超过monesy再碰瓷donk吧（2024-2-19 20：01）
[2026-02-22 02:58:23] 迷你世界丁真学姐1: 布罗利来v了
[2026-02-22 02:58:23] LvvsiN: 你为什么要把mαjor禁了，我收藏的一半弹幕全毁了
[2026-02-22 02:58:23] 最喜欢妮姆芙: 我都不敢想刚才莱昂凯发出了什么声音
[2026-02-22 02:58:23] KevinTheFool: 我已经三分钟没看到弹幕发布 罗 利了，这你也屏 蔽了？
[2026-02-22 02:58:23] Wi1en: 车主那种夸张的镜头比以前多了，像是核子送包和刚才的马枪之类的
[2026-02-22 02:58:23] 三零一路公交司机: 台词（莱昂凯，摩尔叫）：啊爹你是人啊？
[2026-02-22 02:58:23] hahadotaer: 原来主播你在看弹幕吗？我看弹幕都在骂你，你根本没有回应
[2026-02-22 02:58:23] 丶小恐龙丶: 我已经三分钟没看到弹幕发布 罗 利了，这你也屏 蔽了？
[2026-02-22 02:58:24] 神马米洛: 卧槽，ropz年轻了一岁半
[2026-02-22 02:58:24] XCChieri: 我已经三分钟没看到弹幕发布 罗 利了，这你也屏 蔽了？
[2026-02-22 02:58:24] 七色的人偶使者: 我已经三分钟没看到弹幕发布 罗 利了，这你也屏 蔽了？
[2026-02-22 02:58:24] AiLuoLi1413: 我已经三分钟没看到弹幕发布 罗 利了，这你也屏 蔽了？
[2026-02-22 02:58:24] 传统peek高手XANTARES: 我已经三分钟没看到弹幕发布 罗 利了，这你也屏 蔽了？
[2026-02-22 02:58:25] LvvsiN: 银行业😄银行业😀银行业😃银行业😁银行业😆银行业🤪银行业😝
[2026-02-22 02:58:25] 老鸡艳遇记:     我已经三分钟没看到弹幕发布 罗 利了，这你也屏 蔽了？
[2026-02-22 02:58:26] 正直的鸡哥: fw
[2026-02-22 02:58:26] 衰小孩303: ？
[2026-02-22 02:58:26] 好姐妹芙卡洛斯: fw
[2026-02-22 02:58:26] 冲上云霄的姨: fw
[2026-02-22 02:58:26] 玩机器厦面鄙骰大: 你是人吗？布，罗，利都屏蔽？
[2026-02-22 02:58:26] 神奥联盟的竹兰本人: 我已经三分钟没看到弹幕发布 罗 利了，这你也屏 蔽了？
[2026-02-22 02:58:26] 徐弃安: 哈哈哈哈
[2026-02-22 02:58:26] 导演566: fw
[2026-02-22 02:58:26] 汤汤魔魔mmmmmmmmajor冠军: 我已经三分钟没看到弹幕发布 罗 利了，这你也屏 蔽了？
[2026-02-22 02:58:26] TensoRaws: ?
[2026-02-22 02:58:26] 迪奥雷: fw
[2026-02-22 02:58:26] 蜗牛蜗牛你快快走: 我已经三分钟没看到弹幕发布 罗 利了，这你也屏 蔽了？
[2026-02-22 02:58:27] LvvsiN: 弹幕也就网上说说，现实里谁不觉得樱姐是好女孩（删括号领一条远坂凛同款鸟笼）
[2026-02-22 02:58:27] suicho: ？
[2026-02-22 02:58:27] 海绵宝宝一个球: 弹幕别吵了，银行业一样一样有有有也会有h'y'hui't'y'r's'c'dn
[2026-02-22 02:58:27] 忒斯特賊賊的披肩: ？
[2026-02-22 02:58:27] 没有真名233: 已经三分钟没看到弹幕发布 罗 利了，这你也屏 蔽了？
[2026-02-22 02:58:27] MoYhy33: fw
[2026-02-22 02:58:27] 蓝原延渚: 　　　 我已经三分钟没看到弹幕发布 罗 利了，这你也屏 蔽了？
[2026-02-22 02:58:28] 鸭硕的哈撒给: fw
[2026-02-22 02:58:28] 鹿公爷: fw
[2026-02-22 02:58:28] 我是个逗比青年ac: ？
[2026-02-22 02:58:28] vongwu: fw
[2026-02-22 02:58:28] 卡啊卡卡丶: ？
[2026-02-22 02:58:28] 好姐妹冰川姐妹: p1
[2026-02-22 02:58:28] Faze的软糯小箱本人: 我已经三分钟没看到弹幕发布 罗 利了，这你也屏 蔽了？
[2026-02-22 02:58:29] GUOKIA: 决赛APEKS大战GL，玩机器3000贵宾面如死灰
[2026-02-22 02:58:29] HisuiHearts: 我已经三分钟没看到弹幕发布 罗 利了，这你也屏 蔽了？
[2026-02-22 02:58:29] 玩机器厦面鄙骰大: 你是人吗？布，罗，利都屏蔽？你是人吗？布，罗，利都屏蔽？
[2026-02-22 02:58:29] 小夜r: fw
[2026-02-22 02:58:30] wuyanblabla: fw
[2026-02-22 02:58:30] endedworld: ？
[2026-02-22 02:58:30] 古堡12枪战神: 我已经三分钟没看到弹幕发布 罗 利了，这你也屏 蔽了？
[2026-02-22 02:58:30] 乌鸦晒不黑: 我已经三分钟没看到弹幕发布 罗 利了，这你也屏 蔽了？
[2026-02-22 02:58:30] 地狱单骑竹井久: 我已经三分钟没看到弹幕发布 罗 利了，这你也屏 蔽了？
[2026-02-22 02:58:30] 马楼King张三: 神了
[2026-02-22 02:58:30] 强尼银手VVV: fw
[2026-02-22 02:58:31] fazeclan的千早爱音: 骂主播可能会被禁言，但不骂主播相当于一直被禁言
[2026-02-22 02:58:31] 马修赫伯特本人:     我已经三分钟没看到弹幕发布 罗 利了，这你也屏 蔽了？
[2026-02-22 02:58:31] XCChieri: 银行业😄银行业😀银行业😃银行业😁银行业😆银行业🤪银行业😝
[2026-02-22 02:58:31] Kli0s: fw
[2026-02-22 02:58:31] 小蜜蜂的长期素食本人: 好灭
[2026-02-22 02:58:31] kyubit: fw
[2026-02-22 02:58:31] 无7441158: fw
[2026-02-22 02:58:31] RyougiAqua: fw
[2026-02-22 02:58:31] Odike: @玩机器：布罗利，这波我只能卖到底了。。。
[2026-02-22 02:58:32] 千早爱音desua: 　　　 银行业一样一样有有有也会有h'y'hui't'y'r's'c'dn
[2026-02-22 02:58:32] Kunwz: Niko play含义，一编、二锤、三空
[2026-02-22 02:58:32] cornkiner: 这游戏叫什么，我今天玩的好爽啊
[2026-02-22 02:58:32] 椰椰来了: 哈哈
[2026-02-22 02:58:32] 逃离灰色地带: fw
[2026-02-22 02:58:32] 小小流星: fw
[2026-02-22 02:58:33] 用户43629220: fw
[2026-02-22 02:58:33] 十点差49分: fw
[2026-02-22 02:58:33] 明月照星河: Fw 
[2026-02-22 02:58:33] 中官人: 布萝莉是什么
[2026-02-22 02:58:33] glad1uS: 弹幕别吵了，银行业一样一样有有有也会有h'y'hui't'y'r's'c'dn
[2026-02-22 02:58:33] HaibaraAi1109: 我已经三分钟没看到弹幕发布 罗 利了，这你也屏 蔽了？
[2026-02-22 02:58:34] 暴力卓司: 冷知识：布罗利一部亲手载了亲爹，一部看着弗利萨载亲
[2026-02-22 02:58:34] 一寸灰Q: 我已经三分钟没看到弹幕发布 罗 利了，这你也屏 蔽了？
[2026-02-22 02:58:34] 求奶经济研究二审不过: 弹幕也就网上说说，现实里谁不觉得樱姐是好女孩（删括号领一条远坂凛过膝袜）
[2026-02-22 02:58:34] 瞄准高高手: 你是人吗？布，罗，利都屏蔽？
[2026-02-22 02:58:34] 看死Herbaut就杀了你: 我已经三分钟没看到弹幕发布 罗 利了，这你也屏 蔽了？
[2026-02-22 02:58:35] 好的好的阖家: 玩机器看弹幕了，集合爆弹布罗利
[2026-02-22 02:58:35] 单推折纸11年: 我已经三分钟没看到弹幕发布 罗 利了，这你也屏 蔽了？
[2026-02-22 02:58:35] 怕是骚的一猪: 弹幕别吵了，银行业一样一样有有有也会有h'y'hui't'y'r's'c'dn
[2026-02-22 02:58:35] eyu星天涯: 这么紧张嘛
[2026-02-22 02:58:36] 姓黄小名肥仔: 布罗利
[2026-02-22 02:58:36] astralis的jabbi本人: 我已经三分钟没看到弹幕发布 罗 利了，这你也屏 蔽了？
[2026-02-22 02:58:36] 玩小孩、monesy: fw
[2026-02-22 02:58:36] fazeclan的千早爱音: 骂主播可能会被禁言，但不骂主播相当于一直被禁言
[2026-02-22 02:58:36] Shatter666: 冰粉闹麻了，全是冠军粉，我们猎鹰粉丝都是粉的人品
[2026-02-22 02:58:36] 玩猴爪丶MonkeyPaw: test：布罗利 恶意 数字 
[2026-02-22 02:58:37] LvvsiN: 你屏蔽词都快赶上新华词典了为什么不干脆开一百级发言？
[2026-02-22 02:58:37] 茂名水鬼: 已经三分钟没看到弹幕发布 罗 利了，这你也屏 蔽了？
[2026-02-22 02:58:38] Z伊卡洛斯Z: 布罗利来全数字了
[2026-02-22 02:58:38] cancanlzp: 这比赛有多精彩呢
[2026-02-22 02:58:38] XCChieri: 银行业一样一样有有有也会有h'y'hui't'y'r's'c'dn
[2026-02-22 02:58:39] LvvsiN: 你为什么要把mαjor禁了，我收藏的一半弹幕全毁了
[2026-02-22 02:58:39] 玩老鼠丶Roxy: 😭我还能发出弹幕吗
[2026-02-22 02:58:39] 梦想是独立自由: 盲猜4k图二一瘫到底
[2026-02-22 02:58:39] 李小小与虾大大: 谁屏蔽的，是不是你小夫😡
[2026-02-22 02:58:39] 玩楚楚、pareo: 决赛APEKS大战GL，玩机器3000贵宾面如死灰
[2026-02-22 02:58:40] TheMongolZ的上单本人: 我已经三分钟没看到弹幕发布 罗 利了，这你也屏 蔽了？
[2026-02-22 02:58:40] angry嗷呜: 我已经三分钟没看到弹幕发布 罗 利了，这你也屏 蔽了？
[2026-02-22 02:58:41] LvvsiN: 我让你开双倍你二龙吗？老子荧光棒要过期了
[2026-02-22 02:58:41] 岭上雾冷: 你提纯吧！像2025.10.21 23：49那样！
[2026-02-22 02:58:41] 汤汤魔魔mmmmmmmmajor冠军: 骂主播可能会被禁言，但不骂主播相当于一直被禁言
[2026-02-22 02:58:42] 看我柒拾貳鞭: test：布罗利 恶意 数字 
[2026-02-22 02:58:43] User5092: ☝️🗿☝️🗿☝️🗿☝️🗿☝️🗿☝️🗿☝️🗿☝️🗿☝️🗿☝️🗿☝️🗿☝️🗿
[2026-02-22 02:58:43] fazeclan的千早爱音: 骂主播可能会被禁言，但不骂主播相当于一直被禁言
[2026-02-22 02:58:43] JuL1us: 玩机器看弹幕了，集合爆弹布罗利
[2026-02-22 02:58:43] LvvsiN: 孩子们快跑，马修赫伯特来了😨卧槽你的怎么是马枪和BOT
[2026-02-22 02:58:44] 姓黄小名肥仔: niko真是玩明白流量了，干点啥都有弹幕给他画面🤭
[2026-02-22 02:58:44] 七群黑猪头子: 银行业一样一样有有有也会有h'y'hui't'y'r's'c'dn
[2026-02-22 02:58:44] 汤汤魔魔mmmmmmmmajor冠军: 骂主播可能会被禁言，但不骂主播相当于一直被禁言
[2026-02-22 02:58:45] 皓宇是个帅比: 已经三分钟没看到弹幕发布 罗 利了，这你也屏 蔽了？
[2026-02-22 02:58:45] Beyonazz: 我已经三分钟没看到弹幕发布 罗 利了，这你也屏 蔽了？
[2026-02-22 02:58:45] LvvsiN: 额，拿亚军我都会，拿亚军，拿季军，拿四强，拿八强，拿十六强，呃拿冠军我不会，然后小组赛淘汰
[2026-02-22 02:58:45] 99组的爱城华恋本人: test：布罗利 恶意 数字 
[2026-02-22 02:58:45] 三三得玖w: 我已经三分钟没看到弹幕发布 罗 利了，这你也屏 蔽了？
[2026-02-22 02:58:46] 澄澈冫: ☝️🗿☝️🗿☝️🗿☝️🗿☝️🗿☝️🗿☝️🗿☝️🗿☝️🗿☝️🗿☝️🗿☝️🗿
[2026-02-22 02:58:46] 2steppppppp: ☝️🗿☝️🗿☝️🗿☝️🗿☝️🗿☝️🗿☝️🗿☝️🗿☝️🗿☝️🗿☝️🗿☝️🗿
[2026-02-22 02:58:46] 李知恩lynt: 😭我还能发出弹幕吗
[2026-02-22 02:58:46] 我在英国的前妻: 布罗利来全数字了
[2026-02-22 02:58:47] MounFloWer: ***
[2026-02-22 02:58:47] 马楼King张三: nb啊
[2026-02-22 02:58:47] 马利克er: 炎帝
[2026-02-22 02:58:47] LvvsiN: 玩宝宝，我发现在大学上学的时候肄业会很舒服，你可以试试
[2026-02-22 02:58:47] 压缩vs蛮晚: 😭我还能发出弹幕吗
[2026-02-22 02:58:47] 137956虾: ☝️🗿☝️🗿☝️🗿☝️🗿☝️🗿☝️🗿☝️🗿☝️🗿☝️🗿☝️🗿☝️🗿☝️🗿
[2026-02-22 02:58:48] 粮食和蔬菜ll: 冰粉想多了，不是在看弹幕，在看礼物栏一直没动静
[2026-02-22 02:58:48] Kli0s: 炎帝
[2026-02-22 02:58:48] 唐西瓜v: ☝️🗿☝️🗿☝️🗿☝️🗿☝️🗿☝️🗿☝️🗿☝️🗿☝️🗿☝️🗿☝️🗿☝️🗿
[2026-02-22 02:58:48] 汤汤魔魔mmmmmmmmajor冠军: 冷知识：布罗利全息黑蛋买成了rmr黑蛋
[2026-02-22 02:58:48] NegeVK1n9fkdy: 这也能换两个啊
[2026-02-22 02:58:49] 天若有情66六: ☝️🗿☝️🗿☝️🗿☝️🗿☝️🗿☝️🗿☝️🗿☝️🗿☝️🗿☝️🗿☝️🗿☝️🗿
[2026-02-22 02:58:49] RUA47040: j@养精蓄锐展望未来：别发了
[2026-02-22 02:58:49] LvvsiN: 为什么房管封的不能给鱼丸……还以为今天晚上得吃了……
[2026-02-22 02:58:49] Allure无言: ☝️🗿☝️🗿☝️🗿☝️🗿☝️🗿☝️🗿☝️🗿☝️🗿☝️🗿☝️🗿☝️🗿☝️🗿
[2026-02-22 02:58:49] 特利普贝当: ☝️🗿☝️🗿☝️🗿☝️🗿☝️🗿☝️🗿☝️🗿☝️🗿☝️🗿☝️🗿☝️🗿☝️🗿
[2026-02-22 02:58:49] hxyvraf: test：布罗利 恶意 数字
[2026-02-22 02:58:50] 最喜欢妮姆芙: 炎帝
[2026-02-22 02:58:50] inflamer: ☝️🗿☝️🗿☝️🗿☝️🗿☝️🗿☝️🗿☝️🗿☝️🗿☝️🗿☝️🗿☝️🗿☝️🗿
[2026-02-22 02:58:50] 玩老鼠丶Roxy: 已经三分钟没看到弹幕发布 罗 利了，这你也屏 蔽了？
[2026-02-22 02:58:50] Bob小熊君: 还要你炎帝杀几个啊
[2026-02-22 02:58:50] fazeclan的千早爱音: 骂主播可能会被禁言，但不骂主播相当于一直被禁言
[2026-02-22 02:58:51] gulipa8: test：布罗利 恶意 数字 
[2026-02-22 02:58:51] 姓黄小名肥仔: niko真是玩明白流量了，干点啥都有弹幕给他画面🤭
[2026-02-22 02:58:51] LvvsiN: 南孚一节更比六节强，也就是一节南孚比六节南孚强，六节南孚比三十六节强，三十六节比二百一十六节强
[2026-02-22 02:58:51] 传统peek高手XANTARES: ☝️🗿☝️🗿☝️🗿☝️🗿☝️🗿☝️🗿☝️🗿☝️🗿☝️🗿☝️🗿☝️🗿☝️🗿
[2026-02-22 02:58:51] 無話可說848: ☝️🗿☝️🗿☝️🗿☝️🗿☝️🗿☝️🗿☝️🗿☝️🗿☝️🗿☝️🗿☝️🗿☝️🗿
[2026-02-22 02:58:51] 星月夜彡: ☝️🗿☝️🗿☝️🗿☝️🗿☝️🗿☝️🗿☝️🗿☝️🗿☝️🗿☝️🗿☝️🗿☝️🗿
[2026-02-22 02:58:53] cutewqx: test：布罗利 恶意 数字 
[2026-02-22 02:58:53] miku-: ☝️🗿☝️🗿☝️🗿☝️🗿☝️🗿☝️🗿☝️🗿☝️🗿☝️🗿☝️🗿☝️🗿☝️🗿
[2026-02-22 02:58:53] UzBot: ☝️🗿☝️🗿☝️🗿☝️🗿☝️🗿☝️🗿☝️🗿☝️🗿☝️🗿☝️🗿☝️🗿☝️🗿
[2026-02-22 02:58:53] 好兄弟鲁迪乌斯: ☝️🗿☝️🗿☝️🗿☝️🗿☝️🗿☝️🗿☝️🗿☝️🗿☝️🗿☝️🗿☝️🗿☝️🗿
[2026-02-22 02:58:53] 瑭珏: ☝️🗿☝️🗿☝️🗿☝️🗿☝️🗿☝️🗿☝️🗿☝️🗿☝️🗿☝️🗿☝️🗿☝️🗿
[2026-02-22 02:58:53] LvvsiN: 银行业😄银行业😀银行业😃银行业😁银行业😆银行业🤪银行业😝
[2026-02-22 02:58:53] 我在天台等你跳: ☝️🗿☝️🗿☝️🗿☝️🗿☝️🗿☝️🗿☝️🗿☝️🗿☝️🗿☝️🗿☝️🗿☝️🗿
[2026-02-22 02:58:54] 比哈里快鸭: ☝️🗿☝️🗿☝️🗿☝️🗿☝️🗿☝️🗿☝️🗿☝️🗿☝️🗿☝️🗿☝️🗿☝️🗿
[2026-02-22 02:58:54] 玩猴爪丶MonkeyPaw: test：布罗利 恶意 数字 
[2026-02-22 02:58:54] 岡田梦以的男仆: ☝️🗿☝️🗿☝️🗿☝️🗿☝️🗿☝️🗿☝️🗿☝️🗿☝️🗿☝️🗿☝️🗿☝️🗿
[2026-02-22 02:58:54] 微笑灬雨凝: 玩机器看弹幕了，集合爆弹布罗利
[2026-02-22 02:58:54] chanceuxzz: 冰粉闹麻了，全是冠军粉，我们猎鹰粉丝都是粉的人品
[2026-02-22 02:58:55] 鸭硕的哈撒给: test：布罗利 恶意 数字 
[2026-02-22 02:58:55] 加仓红宝石刺刀dewasu: ☝️🗿☝️🗿☝️🗿☝️🗿☝️🗿☝️🗿☝️🗿☝️🗿☝️🗿☝️
[2026-02-22 02:58:55] 我就是拽到爆: test：布罗利 恶意 数字
[2026-02-22 02:58:55] 喊桃浦万不是葡萄万: ☝️🗿☝️🗿☝️🗿☝️🗿☝️🗿☝️🗿☝️🗿☝️🗿☝️🗿☝️🗿☝️🗿☝️🗿
[2026-02-22 02:58:55] LvvsiN: 弹幕别吵了，银行业一样一样有有有也会有h'y'hui't'y'r's'c'dn
[2026-02-22 02:58:55] cornkiner: 骂主播可能会被禁言，但不骂主播相当于一直被禁言
[2026-02-22 02:58:55] 冲泉冲泉: @布罗利：我可是成功人士😎（偷偷屯了一仓库20黑蛋）
[2026-02-22 02:58:55] 鲜血与暗影铸造的家伙: 紫色别断了
[2026-02-22 02:58:56] 粤夜封封哥岑验川老岑: 已经三分钟没看到弹幕发布 罗 利了，这你也屏 蔽了？
[2026-02-22 02:58:57] LvvsiN: 你屏蔽词都快赶上新华词典了为什么不干脆开一百级发言？
[2026-02-22 02:58:57] soul丶兮颜: ☝️🗿☝️🗿☝️🗿☝️🗿☝️🗿☝️🗿☝️🗿☝️🗿☝️🗿☝️🗿☝️🗿☝️🗿
[2026-02-22 02:58:57] ZZY呵呵哒: ☝️🗿☝️🗿☝️🗿☝️🗿☝️🗿☝️🗿☝️🗿☝️🗿☝️🗿☝️🗿☝️🗿☝️🗿
[2026-02-22 02:58:58] KirinQi: ☝️🗿☝️🗿☝️🗿☝️🗿☝️🗿☝️🗿☝️🗿☝️🗿☝️🗿☝️🗿☝️🗿☝️🗿
[2026-02-22 02:58:58] 紫紫紫彧: ☝️🗿☝️🗿☝️🗿☝️🗿☝️🗿☝️🗿☝️🗿☝️🗿☝️🗿☝️🗿☝️🗿☝️🗿
[2026-02-22 02:58:59] LvvsiN: 为什么房管封的不能给鱼丸……还以为今天晚上得吃了……
[2026-02-22 02:58:59] 玩浓汤丶Soup: ☝️🗿☝️🗿☝️🗿☝️🗿☝️🗿☝️🗿☝️🗿☝️🗿☝️🗿☝️🗿☝️🗿☝️🗿
[2026-02-22 02:59:00] Star薛晨: 冰粉闹麻了，全是冠军粉，我们猎鹰粉丝都是粉的人品
[2026-02-22 02:59:00] 蓝星的floppy本人: ☝️🗿☝️🗿☝️🗿☝️🗿☝️🗿☝️🗿☝️🗿☝️🗿☝️🗿☝️🗿☝️🗿☝️🗿
[2026-02-22 02:59:00] 深灼灼灼: 布罗利
[2026-02-22 02:59:00] YRF2019: ☝️🗿☝️🗿☝️🗿☝️🗿☝️🗿☝️🗿☝️🗿☝️🗿☝️🗿☝️🗿☝️🗿☝️🗿
[2026-02-22 02:59:01] 太阳神之翼神龙球体形: test：布罗利 恶意 数字
[2026-02-22 02:59:01] LvvsiN: 我让你开双倍你二龙吗？老子荧光棒要过期了
[2026-02-22 02:59:01] 茂名水鬼: 玩机器看弹幕了，集合爆弹布罗利
[2026-02-22 02:59:01] 玩积吧: @🗿：我滴任务完成啦
[2026-02-22 02:59:02] 河北雨姐: @布罗利：我可是成功人士😎（偷偷屯了一仓库20黑蛋）
[2026-02-22 02:59:03] fazeclan的千早爱音: 骂主播可能会被禁言，但不骂主播相当于一直被禁言
[2026-02-22 02:59:03] 情系纯子丶: 你屏蔽词都快赶上新华词典了为什么不干脆开一百级发言？
[2026-02-22 02:59:03] LvvsiN: 为什么房管封的不能给鱼丸……还以为今天晚上得吃了……
[2026-02-22 02:59:04] 冲泉冲泉: @布罗利：我可是成功人士😎（偷偷屯了一仓库20黑蛋）
[2026-02-22 02:59:04] 老阿靖: 冰粉闹麻了，全是冠军粉，我们猎鹰粉丝都是粉的人品
[2026-02-22 02:59:05] LvvsiN: 额，拿亚军我都会，拿亚军，拿季军，拿四强，拿八强，拿十六强，呃拿冠军我不会，然后小组赛淘汰
[2026-02-22 02:59:06] 玩大哥你的蚯蚓好小: 为什么房管封的不能给鱼丸……还以为今天晚上得吃了……
[2026-02-22 02:59:06] 爱被小泉吃的拉面同学: 冰粉闹麻了，全是冠军粉，我们猎鹰粉丝都是粉的人品
[2026-02-22 02:59:06] Star薛晨: 为什么房管封的不能给鱼丸……还以为今天晚上得吃了……
[2026-02-22 02:59:06] 影魔影魔i:  @布罗利：我可是成功人士😎（偷偷屯了一仓库20黑蛋）
[2026-02-22 02:59:07] 传统peek高手XANTARES: 处刑
[2026-02-22 02:59:07] LvvsiN: 你屏蔽词都快赶上新华词典了为什么不干脆开一百级发言？
[2026-02-22 02:59:08] 红鲤鱼与驴与绿AA: ☝️🗿☝️🗿☝️🗿☝️🗿☝️🗿☝️🗿☝️🗿☝️🗿☝️🗿☝️🗿☝️🗿☝️🗿
[2026-02-22 02:59:08] 玩机器的内部托们: ☝️🗿☝️🗿☝️🗿☝️🗿☝️🗿☝️🗿☝️🗿☝️🗿☝️🗿☝️🗿☝️🗿☝️🗿
[2026-02-22 02:59:09] Q1ed7f9c85b3bc7571: ☝️🗿☝️🗿☝️🗿☝️🗿☝️🗿☝️🗿☝️🗿☝️🗿☝️🗿☝️🗿☝️🗿☝️🗿
[2026-02-22 02:59:09] 驴驴伟伟major冠军: 为什么房管封的不能给鱼丸……还以为今天晚上得吃了……
[2026-02-22 02:59:09] LvvsiN: 为什么房管封的不能给鱼丸……还以为今天晚上得吃了……
[2026-02-22 02:59:09] 行云C1oud: 处刑
[2026-02-22 02:59:10] 黄太公丶: 骂主播可能会被禁言，但不骂主播相当于一直被禁言
[2026-02-22 02:59:11] 好姐妹芙卡洛斯: 处刑
[2026-02-22 02:59:11] 机器机器祝你天天开心: 处刑
[2026-02-22 02:59:11] 取MinG: 666
[2026-02-22 02:59:11] LvvsiN: 弹幕也就网上说说，现实里谁不觉得樱姐是好女孩（删括号领一条远坂凛同款鸟笼）
[2026-02-22 02:59:12] 玩大哥你的蚯蚓好小: 骂主播可能会被禁言，但不骂主播相当于一直被禁言
[2026-02-22 02:59:13] 专看玩机器的号: 处刑😆处刑🤣处刑😄处刑😅处刑😋处刑🤪处刑😝处刑🤗处刑🤭
[2026-02-22 02:59:13] Vitality的羽贺文乃本人: @二阶堂shiro本人：处刑🪆处刑🗡️处刑⏳处刑🎯处刑🥃处刑🔫处刑🏹 处刑🪑
[2026-02-22 02:59:13] 唯有、责任: 处刑😆处刑🤣处刑😄处刑😅处刑😋处刑🤪处刑😝处刑🤗处刑🤭
[2026-02-22 02:59:13] 爱道冠: 处刑😆处刑🤣处刑😄处刑😅处刑😋处刑🤪处刑😝处刑🤗处刑🤭
[2026-02-22 02:59:13] LvvsiN: 为什么房管封的不能给鱼丸……还以为今天晚上得吃了……
[2026-02-22 02:59:13] valorant玩机器: 处刑😆处刑🤣处刑😄处刑😅处刑😋处刑🤪处刑😝处刑🤗处刑🤭
[2026-02-22 02:59:14] 鸭硕的哈撒给: 优美cs
[2026-02-22 02:59:14] 74751的修理班阿渣: 处刑
[2026-02-22 02:59:15] 小白菜爱萝卜: 他太懂了
[2026-02-22 02:59:15] LvvsiN: 我让你开双倍你二龙吗？老子荧光棒要过期了
[2026-02-22 02:59:16] 唯有、责任: 处刑😆处刑🤣处刑😄处刑😅处刑😋处刑🤪处刑😝处刑🤗处刑🤭
[2026-02-22 02:59:17] User5092: 处刑😆处刑🤣处刑😄处刑😅处刑😋处刑🤪处刑😝处刑🤗处刑🤭
[2026-02-22 02:59:17] LvvsiN: 为什么房管封的不能给鱼丸……还以为今天晚上得吃了……
[2026-02-22 02:59:19] 冲泉冲泉: @布罗利：我可是成功人士😎（偷偷屯了一仓库20黑蛋）
[2026-02-22 02:59:19] 专看玩机器的号: 不演了
[2026-02-22 02:59:19] LvvsiN: 就tm喜欢银行业🥰银行坏账我喜欢🥰银行挤兑我还喜欢😍利率调低我也喜欢🤤老子亲烂银行业的脸😘
[2026-02-22 02:59:20] 玩机器的大糕玩: 载圣
[2026-02-22 02:59:20] 玩蛇鼠丶stabbi: 别吹载物了玩大哥
[2026-02-22 02:59:21] LvvsiN: 玩 出，我双倍呢？😡😡玩 出，我双倍呢？😡😡玩 出，我双倍呢？😡😡玩 出，我双倍呢？😡
[2026-02-22 02:59:22] 迪奥雷: p3诗人？
[2026-02-22 02:59:22] xOcOg: 你吹什么载物呢？不知道cs解说一哥最恨的就是载物吗
[2026-02-22 02:59:23] 洛陽城里看落陽: 太优美了
[2026-02-22 02:59:23] 摆烂小鸽子: 处刑😆处刑🤣处刑😄处刑😅处刑😋处刑🤪处刑😝处刑🤗处刑🤭
[2026-02-22 02:59:23] LvvsiN: 孩子们快跑，马修赫伯特来了😨卧槽你的怎么是马枪和BOT
[2026-02-22 02:59:24] PYDGS: 牛逼
[2026-02-22 02:59:24] 静寂风: ？
[2026-02-22 02:59:25] LvvsiN: 弹幕也就网上说说，现实里谁不觉得樱姐是好女孩（删括号领一条远坂凛同款鸟笼）
[2026-02-22 02:59:27] 玩大哥你的蚯蚓好小: @布罗利：我可是成功人士😎（偷偷屯了一仓库20黑蛋）
[2026-02-22 02:59:27] 海绵宝宝打野儿: ？
[2026-02-22 02:59:27] 小小小蕉: 载圣
[2026-02-22 02:59:27] 忍野忍小忍: 处刑😆处刑🤣处刑😄处刑😅处刑😋处刑🤪处刑😝处刑🤗处刑🤭
[2026-02-22 02:59:27] 电棍儿轮椅维修师: ？
[2026-02-22 02:59:27] Kli0s: 番薯
[2026-02-22 02:59:27] 用户19863404: 你吹什么载物呢？不知道cs解说一哥最恨的就是载物吗
[2026-02-22 02:59:27] 椎名真白ii丶: 你吹什么载物呢？不知道cs解说一哥最恨的就是载物吗
[2026-02-22 02:59:27] 水浚: 载圣
[2026-02-22 02:59:27] 千百度897: 处刑😆处刑🤣处刑😄处刑😅处刑😋处刑🤪处刑😝处刑🤗处刑🤭
[2026-02-22 02:59:27] Mortnotz: 你吹什么载物呢？不知道cs解说一哥最恨的就是载物吗
[2026-02-22 02:59:28] 姓黄小名肥仔: niko真是玩明白流量了，干点啥都有弹幕给他画面🤭
[2026-02-22 02:59:28] Liver860: 你吹什么载物呢？不知道cs解说一哥最恨的就是载物吗
[2026-02-22 02:59:28] 萝伯丝比尔: 你吹什么载物呢？不知道cs解说一哥最恨的就是载物吗
[2026-02-22 02:59:28] Vitaliy的ZywOo本人: 卧槽
[2026-02-22 02:59:28] 河北雨姐: goat
[2026-02-22 02:59:28] wedd1ddeJodd: 你吹什么载物呢？不知道cs解说一哥最恨的就是载物吗
[2026-02-22 02:59:28] 卡啊卡卡丶: 别吹载物了玩大哥
[2026-02-22 02:59:28] NEINHEX: 你吹什么载物呢？不知道cs解说一哥最恨的就是载物吗
[2026-02-22 02:59:28] 99组的爱城华恋本人: 你吹什么载物呢？不知道cs解说一哥最恨的就是载物吗
[2026-02-22 02:59:28] 玩蛇鼠丶stabbi: 别吹载物了玩大哥，你会消失的
[2026-02-22 02:59:29] 石家庄的刘亦博本人: 你吹什么载物呢？不知道cs解说一哥最恨的就是载物吗
[2026-02-22 02:59:29] hhxggxhh: TOP1
[2026-02-22 02:59:29] 车路士的凯赛多本人: 你吹什么载物呢？不知道cs解说一哥最恨的就是载物吗
[2026-02-22 02:59:29] s坑华: 处刑😆处刑🤣处刑😄处刑😅处刑😋处刑🤪处刑😝处刑🤗处刑🤭
[2026-02-22 02:59:29] 我在浙江改稻为桑: 载圣
[2026-02-22 02:59:29] HaibaraAi1109: 你吹什么载物呢？不知道cs解说一哥最恨的就是载物吗
[2026-02-22 02:59:29] 终初若叶睦: 处刑😆处刑🤣处刑😄处刑😅处刑😋处刑🤪处刑😝处刑🤗处刑🤭
[2026-02-22 02:59:29] 太阳神之翼神龙球体形: 孩子们快跑，马修赫伯特来了😨卧槽你的怎么是马枪和BOT
[2026-02-22 02:59:29] 夕ro: 别吹载物了玩大哥
[2026-02-22 02:59:29] 夜猫子大卓: goat
[2026-02-22 02:59:29] 弱智骚年欢乐多: 别吹载物了玩大哥
[2026-02-22 02:59:30] 喜欢吃生菜: 你吹什么载物呢？不知道cs解说一哥最恨的就是载物吗
[2026-02-22 02:59:30] 冲上云霄的姨: 你吹什么载物呢？不知道cs解说一哥最恨的就是载物吗
[2026-02-22 02:59:30] 乌鸦晒不黑: 你吹什么载物呢？不知道cs解说一哥最恨的就是载物吗
[2026-02-22 02:59:30] 人活着就是为了玩乐队: 处刑😆处刑🤣处刑😄处刑😅处刑😋处刑🤪处刑😝处刑🤗处刑🤭
[2026-02-22 02:59:30] 搞笑男西德尼: 你吹什么载物呢？不知道cs解说一哥最恨的就是载物吗
[2026-02-22 02:59:30] 亚历克斯Ming: 优美
[2026-02-22 02:59:30] 神奥联盟的竹兰本人: 玩大哥解说真专业吧，不知道的我还以为你是小蜜蜂粉丝，一点都不恨载物呢
[2026-02-22 02:59:30] XCChieri: 你吹什么载物呢？不知道cs解说一哥最恨的就是载物吗
[2026-02-22 02:59:31] NicolaiReedtz666: @布罗利：我可是成功人士😎（偷偷屯了一仓库20黑蛋）
[2026-02-22 02:59:31] 蜗牛蜗牛你快快走: 你吹什么载物呢？不知道cs解说一哥最恨的就是载物吗
[2026-02-22 02:59:31] 海绵宝宝打野儿: goat
[2026-02-22 02:59:31] 他们都叫我用脚: 寄
[2026-02-22 02:59:31] 号称寒: 你吹什么载物呢？不知道cs解说一哥最恨的就是载物吗
[2026-02-22 02:59:31] 潇洒大概: goat
[2026-02-22 02:59:31] 一滴HitoShizuku: 孩子们快跑，马修赫伯特来了😨卧槽你的怎么是马枪和BOT
[2026-02-22 02:59:31] WA2的冬斯特马马本人: 你吹什么载物呢？不知道cs解说一哥最恨的就是载物吗
[2026-02-22 02:59:32] RyougiAqua: 别吹载物了玩大哥
[2026-02-22 02:59:32] CuSO4Cola: 载物!
[2026-02-22 02:59:32] 最帅的三师弟: 你吹什么载物呢？不知道cs解说一哥最恨的就是载物吗
[2026-02-22 02:59:32] vitality的亡巴淡本人: 别吹载物了玩大哥，你会消失的
[2026-02-22 02:59:32] 龍仔ww: 你吹什么载物呢？不知道cs解说一哥最恨的就是载物吗
[2026-02-22 02:59:32] Vitaliy的ZywOo本人: 载物！
[2026-02-22 02:59:32] 絮一冉: 载圣
[2026-02-22 02:59:33] Th0tiana: 别吹载物了玩大哥
[2026-02-22 02:59:33] 这波真不怪ropz: goat
[2026-02-22 02:59:33] fazeclan的千早爱音: 你吹什么载物呢？不知道cs解说一哥最恨的就是载物吗
[2026-02-22 02:59:33] 空有无垠: goat
[2026-02-22 02:59:33] 阿瓦伊莉雅: @布罗利：我可是成功人士😎（偷偷屯了一仓库20黑蛋）
[2026-02-22 02:59:33] 落良神: goat
[2026-02-22 02:59:33] valorant玩机器: 别吹载物了玩大哥
[2026-02-22 02:59:33] 玩大哥我双倍呢: @布罗利：我可是成功人士😎（偷偷屯了一仓库20黑蛋）
[2026-02-22 02:59:34] 叛逆的源源李: 你吹什么载物呢？不知道cs解说一哥最恨的就是载物吗
[2026-02-22 02:59:34] 法尼丶瓦伦泰D4C: 你吹什么载物呢？不知道cs解说一哥最恨的就是载物吗
[2026-02-22 02:59:34] Cloud9的咬人猫本人: 你吹什么载物呢？不知道cs解说一哥最恨的就是载物吗
[2026-02-22 02:59:34] 碧蓝航线丶AzurLane: 你吹什么载物呢？不知道cs解说一哥最恨的就是载物吗
[2026-02-22 02:59:34] LWJTMAC01: @布罗利：我可是成功人士😎（偷偷屯了一仓库20黑蛋）
[2026-02-22 02:59:34] 纸漓: 别吹载物了玩大哥
[2026-02-22 02:59:35] Ephemerality137: 你吹什么载物呢？不知道cs解说一哥最恨的就是载物吗
[2026-02-22 02:59:35] MyGo的tomorin本人: 你吹什么载物呢？不知道cs解说一哥最恨的就是载物吗
[2026-02-22 02:59:35] 玩猴爪丶MonkeyPaw: 你吹什么载物呢？不知道cs解说一哥最恨的就是载物吗
[2026-02-22 02:59:35] 老漁服了: 你吹什么载物呢？不知道cs解说一哥最恨的就是载物吗
[2026-02-22 02:59:35] 星海羽弦: 你吹什么载物呢？不知道cs解说一哥最恨的就是载物吗
[2026-02-22 02:59:35] eda778: 载圣
[2026-02-22 02:59:35] TeamVitality的Ropz本人: 恨
[2026-02-22 02:59:36] Jess2: 你吹什么载物呢？不知道cs解说一哥最恨的就是载物吗
[2026-02-22 02:59:36] last玩神丶: 你吹什么载物呢？不知道cs解说一哥最恨的就是载物吗
[2026-02-22 02:59:36] 丿哈哈大笑: 你吹什么载物呢？不知道cs解说一哥最恨的就是载物吗
[2026-02-22 02:59:36] 红烧哈基米: 你吹什么载物呢？不知道cs解说一哥最恨的就是载物吗
[2026-02-22 02:59:36] 石家庄的宠物男孩: 你吹什么载物呢？不知道cs解说一哥最恨的就是载物吗
[2026-02-22 02:59:36] 用户80930680: 你吹什么载物呢？不知道cs解说一哥最恨的就是载物吗
[2026-02-22 02:59:36] 虹豆砸: 你吹什么载物呢？不知道cs解说一哥最恨的就是载物吗
[2026-02-22 02:59:37] 小蜜蜂载物本人: @布罗利：我可是成功人士😎（偷偷屯了一仓库20黑蛋）
[2026-02-22 02:59:37] 麦当劳树枝: 爱载荧光棒给你了
[2026-02-22 02:59:37] 都觉得卡了: 你吹什么载物呢？不知道cs解说一哥最恨的就是载物吗
[2026-02-22 02:59:37] 忽孝山庄: @布罗利：我可是成功人士😎（偷偷屯了一仓库20黑蛋）
[2026-02-22 02:59:37] 送不起火箭我送张办卡: 你吹什么载物呢？不知道cs解说一哥最恨的就是载物吗
[2026-02-22 02:59:37] 黄太公丶: @布罗利：我可是成功人士😎（偷偷屯了一仓库20黑蛋）
[2026-02-22 02:59:37] papacarrot: @布罗利：我可是成功人士😎（偷偷屯了一仓库20黑蛋）
[2026-02-22 02:59:37] 用户2262650671: 你吹什么载物呢？不知道cs解说一哥最恨的就是载物吗
[2026-02-22 02:59:37] 一觉兩夢叁醒: 挂钩
[2026-02-22 02:59:38] LvvsiN: 为什么房管封的不能给鱼丸……还以为今天晚上得吃了……
[2026-02-22 02:59:38] 大哥心里慌: 你吹什么载物呢？不知道cs解说一哥最恨的就是载物吗
[2026-02-22 02:59:38] 祓祓: 你吹什么载物呢？不知道cs解说一哥最恨的就是载物吗
[2026-02-22 02:59:38] 正经猪头肉: 烧
[2026-02-22 02:59:38] 好兄弟苍蓝瑆: 假
[2026-02-22 02:59:38] waterfalldown: goat
[2026-02-22 02:59:38] MunChlax丶: 你吹什么载物呢？不知道cs解说一哥最恨的就是载物吗
[2026-02-22 02:59:38] 結城希亞: goat
[2026-02-22 02:59:39] 99组的露崎真昼本人: 你吹什么载物呢？不知道cs解说一哥最恨的就是载物吗
[2026-02-22 02:59:39] 那个最帅的男人666: niko真是玩明白流量了，干点啥都有弹幕给他画面🤭
[2026-02-22 02:59:39] KujoJolyne: 我爱她
[2026-02-22 02:59:39] cwcw6969: 你吹什么载物呢？不知道cs解说一哥最恨的就是载物吗
[2026-02-22 02:59:39] 水瓶世界a: 载圣
[2026-02-22 02:59:39] 土俗火焰: 幽美cs
[2026-02-22 02:59:40] 999绝情殇: 你吹什么载物呢？不知道cs解说一哥最恨的就是载物吗
[2026-02-22 02:59:40] 小蜜蜂的长期素食本人: 查无此人
[2026-02-22 02:59:40] RzRzRzRz弱智: 你吹什么载物呢？不知道cs解说一哥最恨的就是载物吗
[2026-02-22 02:59:40] hahadotaer: 你吹什么载物呢？不知道cs解说一哥最恨的就是载物吗
[2026-02-22 02:59:40] 正经猪头肉: 扫万一
[2026-02-22 02:59:40] 屌閪鳩撚柒: 我爱她
[2026-02-22 02:59:40] 他们都叫我用脚: 烧
[2026-02-22 02:59:40] zcyhymine: 美美美
[2026-02-22 02:59:41] 花化话华h: 你吹什么载物呢？不知道cs解说一哥最恨的就是载物吗
[2026-02-22 02:59:41] 小川阿丶: 烧
[2026-02-22 02:59:41] 法式卡神: 我爱她
[2026-02-22 02:59:41] 长崎翔子: 你吹什么载物呢？不知道cs解说一哥最恨的就是载物吗
[2026-02-22 02:59:41] 蜗牛蜗牛你快快走: 你吹什么载物呢？不知道cs解说一哥最恨的就是载物吗
[2026-02-22 02:59:42] 橘殃丶丶: 你吹什么载物呢？不知道cs解说一哥最恨的就是载物吗
[2026-02-22 02:59:42] LvvsiN: 南孚一节更比六节强，也就是一节南孚比六节南孚强，六节南孚比三十六节强，三十六节比二百一十六节强
[2026-02-22 02:59:42] 海绵宝宝永琳儿: 你吹什么载物呢？不知道cs解说一哥最恨的就是载物吗
[2026-02-22 02:59:42] 杰里科丶: 烧
[2026-02-22 02:59:42] 偷鸡蛋的玩机器本人o: 我爱她
[2026-02-22 02:59:43] 潇洒大概: 你吹什么载物呢？不知道cs解说一哥最恨的就是载物吗
[2026-02-22 02:59:43] DaturaNoir辰砂: 我爱她
[2026-02-22 02:59:43] 看死Herbaut就杀了你: 我爱她
[2026-02-22 02:59:43] 未酲儿: 我爱她
[2026-02-22 02:59:43] 岚东: 布罗利面如死灰
[2026-02-22 02:59:43] 若叶睦丶Muzimi: 我爱她
[2026-02-22 02:59:43] 软糯小小祥: 你吹什么载物呢？不知道cs解说一哥最恨的就是载物吗
[2026-02-22 02:59:43] 烟然已去: 你吹什么载物呢？不知道cs解说一哥最恨的就是载物吗
[2026-02-22 02:59:43] 苏雨凌a: 你吹什么载物呢？不知道cs解说一哥最恨的就是载物吗
[2026-02-22 02:59:43] 偷高达的天手让叶本人: 烧
[2026-02-22 02:59:44] 羽川翼的恋爱物语: 我爱她
[2026-02-22 02:59:44] vongwu: 载大哥加时刷数据有人管管吗
[2026-02-22 02:59:44] 雷克思: 蒙美
[2026-02-22 02:59:44] 八重森彌妮: 别吹载物了玩大哥，你会消失的
[2026-02-22 02:59:44] fazeclan的千早爱音: 你吹什么载物呢？不知道cs解说一哥最恨的就是载物吗
[2026-02-22 02:59:44] 玩机器厦面鄙骰大: 美
[2026-02-22 02:59:44] 好兄弟苍蓝瑆: 有点刻晴了
[2026-02-22 02:59:45] wsxj131: 　　　 你吹什么载物呢？不知道cs解说一哥最恨的就是载物吗
[2026-02-22 02:59:45] 夏恋: 你吹什么载物呢？不知道cs解说一哥最恨的就是载物吗
[2026-02-22 02:59:45] 小李子精选波黑大虾: 我爱她
[2026-02-22 02:59:45] 菜星冲冲冲: 查无此闪
[2026-02-22 02:59:45] 用户3661578: cmg
[2026-02-22 02:59:45] 真的没排面: 我爱她
[2026-02-22 02:59:45] tosaytosay: 你吹什么载物呢？不知道cs解说一哥最恨的就是载物吗
[2026-02-22 02:59:45] 没有真名233: 你吹什么载物呢？不知道cs解说一哥最恨的就是载物吗
[2026-02-22 02:59:46] eyu星天涯: 黑闪
[2026-02-22 02:59:46] 替换狗蛇的Magisk本人: @布罗利：我可是成功人士😎（偷偷屯了一仓库20黑蛋）
[2026-02-22 02:59:46] 鱼丸大人赛高: 我爱她
[2026-02-22 02:59:46] 琦琦z: 😋
[2026-02-22 02:59:46] 失眠小鱼饼干: 我爱她
[2026-02-22 02:59:46] Cantain光: 烧
[2026-02-22 02:59:46] duoduofeizhuzi: 我爱她
[2026-02-22 02:59:47] 土俗火焰: 优美cs
[2026-02-22 02:59:47] 古堡12枪战神: 我爱她，真的
[2026-02-22 02:59:47] Yuusuke95: 蒙美
[2026-02-22 02:59:47] TTak11: 我爱她
[2026-02-22 02:59:47] 十叶: 我爱她
[2026-02-22 02:59:47] 玩蛇鼠丶stabbi: 你吹什么载物呢？不知道cs解说一哥最恨的就是载物吗
[2026-02-22 02:59:48] 昼夜流亡: 你吹什么载物呢？不知道cs解说一哥最恨的就是载物吗
[2026-02-22 02:59:48] A队的佐佐木李子本人: 我爱他
[2026-02-22 02:59:48] 离子花火: 你吹什么载物呢？不知道cs解说一哥最恨的就是载物吗
[2026-02-22 02:59:48] 冬瓜强在日本的表姐: 我爱她
[2026-02-22 02:59:48] M1yauchiReng3: 查无此人
[2026-02-22 02:59:48] 梦想是独立自由: 🚀🚀🚀🚀🚀
[2026-02-22 02:59:49] 用户4743944990: 扫万一
[2026-02-22 02:59:49] fazeclan的千早爱音: 你吹什么载物呢？不知道cs解说一哥最恨的就是载物吗
[2026-02-22 02:59:49] 高能儿69: 我爱她
[2026-02-22 02:59:49] 火暴兽也干了: 我爱她
[2026-02-22 02:59:49] 小羊肖恩6I6: 蒙美
[2026-02-22 02:59:49] 十年九夏是年年: 我爱她
[2026-02-22 02:59:49] 玩机器厦面鄙骰大: 萌美！
[2026-02-22 02:59:49] 我最喜欢玩机器: 椰汁糕冬瓜强（已深度思考0.01秒）：我爱她
[2026-02-22 02:59:50] 法式卡神: 我爱她
[2026-02-22 02:59:50] 车路士的凯赛多本人: 我爱她
[2026-02-22 02:59:50] 羽井恭一: 我爱她
[2026-02-22 02:59:50] 叶言: 你吹什么载物呢？不知道cs解说一哥最恨的就是载物吗
[2026-02-22 02:59:50] 獭见: 蒙美
[2026-02-22 02:59:50] 丶rhymer: 蒙古母马
[2026-02-22 02:59:50] 77一定会是我的: 别装了，你恨载
[2026-02-22 02:59:50] 白嫖中大奖: 我爱她，真的我爱她，真的我爱她，真的
[2026-02-22 02:59:51] chere幻灭: 我爱她
[2026-02-22 02:59:51] 老公骂我好口马: 我爱她（左一）
[2026-02-22 02:59:51] 约定之王: 烧
[2026-02-22 02:59:51] 好哥们士兵76: 你吹什么载物呢？不知道cs解说一哥最恨的就是载物吗
[2026-02-22 02:59:51] 风什么: 我爱她
[2026-02-22 02:59:51] 烤冷面枪男jks: 我爱她
[2026-02-22 02:59:51] F0restwOw-: 扭曲的玩玩又在这装爱载了
[2026-02-22 02:59:52] 用户2915774124: 烧
[2026-02-22 02:59:52] 阡陌ER: 不敢想现在玩大哥的心里有多难受
[2026-02-22 02:59:52] 八重森彌妮: 你吹什么载物呢？不知道cs解说一哥最恨的就是载物吗
[2026-02-22 02:59:52] 玩猴爪丶MonkeyPaw: 主播你现在在看弹幕吗？我看弹幕这会儿都在骂你，你根本没有回应
[2026-02-22 02:59:52] 古堡12枪战神: 我真的爱她
[2026-02-22 02:59:53] 短桥窄马: 我爱她
[2026-02-22 02:59:53] 沫魂Cc: 我爱她
[2026-02-22 02:59:53] 想要夢見你: 这就是硬脚虾啊
[2026-02-22 02:59:53] 绁星: aug
[2026-02-22 02:59:53] LRaxewis: 还笑
[2026-02-22 02:59:53] Side6的天手让叶本人: 你吹什么载物呢？不知道cs解说一哥最恨的就是载物吗
[2026-02-22 02:59:53] 无情大强哥: 我考这大番薯，what can i say了
[2026-02-22 02:59:54] 二阶堂sh1ro没坑donk: 你吹什么载物呢？不知道cs解说一哥最恨的就是载物吗
[2026-02-22 02:59:54] TL的EliGE本人: 你吹什么载物呢？不知道cs解说一哥最恨的就是载物吗
[2026-02-22 02:59:54] drooo1: 我爱她
[2026-02-22 02:59:54] Herbe仙: 我爱她，真的我爱她，真的我爱她，真的
[2026-02-22 02:59:54] djklyk: 你吹什么载物呢？不知道cs解说一哥最恨的就是载物吗
[2026-02-22 02:59:54] fazeclan的千早爱音: 你吹什么载物呢？不知道cs解说一哥最恨的就是载物吗
[2026-02-22 02:59:54] Aetheranus: 查无此人
[2026-02-22 02:59:54] Antidotevo: 豹美
[2026-02-22 02:59:55] 问天丶Aiden: 冬瓜强：我爱她
[2026-02-22 02:59:55] 矢吹真吾: @椰汁糕冬瓜强（已深度思考0.01秒）：我爱她
[2026-02-22 02:59:55] ymyyo: 我爱她
[2026-02-22 02:59:55] 一情意一: 我爱她
[2026-02-22 02:59:55] 袁雨桢的小酥肉本肉: 房管气不气😡房管气不气😡房管气不气😡
[2026-02-22 02:59:56] Cantain光: 扫万一
[2026-02-22 02:59:56] Boykk1: 数字布罗利和他数字的数字一起数字了吗
[2026-02-22 02:59:56] YoM3rck: 我爱她
[2026-02-22 02:59:56] 护吊: 我爱她（左边的）
[2026-02-22 02:59:56] 行云C1oud: 桂
[2026-02-22 02:59:56] 应感激忠心的伴侣: 椰汁糕冬瓜强（已深度思考0.01秒）：我爱她
[2026-02-22 02:59:57] 海绵宝宝小白儿: 你吹什么载物呢？不知道cs解说一哥最恨的就是载物吗
[2026-02-22 02:59:57] 玩机器厦面鄙骰大: 萌美！！
[2026-02-22 02:59:57] miku-: @椰汁糕冬瓜强（已深度思考0.01秒）：我爱她
[2026-02-22 02:59:57] 用户7479593002: 鲍美
[2026-02-22 02:59:57] 迪奥雷: 载
[2026-02-22 02:59:57] fazeclan的千早爱音: 你别夸蜜蜂了，谁不知道你最恨载大哥😅
[2026-02-22 02:59:57] P丶ersist丿: 你吹什么载物呢？不知道cs解说一哥最恨的就是载物吗
[2026-02-22 02:59:58] 卧看星河尽意明丶: 刻晴
[2026-02-22 02:59:58] 清风浮过丶: 你吹什么载物呢？不知道cs解说一哥最恨的就是载物吗
[2026-02-22 02:59:58] LvvsiN: 弹幕别吵了，银行业一样一样有有有也会有h'y'hui't'y'r's'c'dn
[2026-02-22 02:59:58] pr0cesses: 你吹什么载物呢？不知道cs解说一哥最恨的就是载物吗
[2026-02-22 02:59:58] 神马米洛: 刻晴
[2026-02-22 02:59:58] fo系老老萨满: 你下播吧, 像2025-02-07 23:49一样！
[2026-02-22 02:59:59] 用户9921747043: @布罗利：我可是成功人士😎（偷偷屯了一仓库20黑蛋）（屯错了）
[2026-02-22 03:00:00] Faze-Maruzen: 我爱她
[2026-02-22 03:00:00] 2steppppppp: 椰汁糕冬瓜强（已深度思考0.01秒）：我爱她
[2026-02-22 03:00:00] 2442861055: 别假装尽力了玩大哥 蜂美勾不到了现在
[2026-02-22 03:00:00] 马楼King张三: 回家的也找画面了
[2026-02-22 03:00:00] 椰子79K: 小孩:美女是不是用错照片了
[2026-02-22 03:00:00] 本间芽衣子ya: 我爱她
[2026-02-22 03:00:00] 哈库库嘛Tata: 我爱她
[2026-02-22 03:00:00] Hitagi蟹蟹: 布罗利=低级斤乃木
[2026-02-22 03:00:01] 杀人哥天天开心: 刻晴
[2026-02-22 03:00:01] 特利普贝当: 你吹什么载物呢？不知道cs解说一哥最恨的就是载物吗
[2026-02-22 03:00:01] 好姐妹芙卡洛斯: 别吹了。。
[2026-02-22 03:00:01] 高松的灯ll: 刻晴
[2026-02-22 03:00:02] fazeclan的千早爱音: 你别夸蜜蜂了，谁不知道你最恨载大哥😅
[2026-02-22 03:00:02] LvvsiN: 你屏蔽词都快赶上新华词典了为什么不干脆开一百级发言？
[2026-02-22 03:00:02] 想吃丰川祥子的狱卒: 不敢想玩大哥下播后在房管群怎么骂载物……
[2026-02-22 03:00:02] 琴弦之意: 尬吹😅
[2026-02-22 03:00:02] 要有光o: 😋😋😋😋😋😋😋😋😋
[2026-02-22 03:00:02] RevoltE3: 鲍美
[2026-02-22 03:00:03] 是印花啊: 椰汁糕冬瓜强（已深度思考0.01秒）：我爱她
[2026-02-22 03:00:03] YEKINDAR: 刻晴
[2026-02-22 03:00:03] 肾结石就得喝碳酸: @椰汁糕冬瓜强（已深度思考0.01秒）：我爱她
[2026-02-22 03:00:03] 问天丶Aiden: @椰汁糕冬瓜强（已深度思考0.01秒）：我爱她
[2026-02-22 03:00:04] 姓黄小名肥仔: 如果不是我懂你有多恨，你这样吹载物，我建议你去看心理医生
[2026-02-22 03:00:04] 机器机器祝你幸福: 玩宝宝美美接蜜蜂商单，美美收蜂美礼物，弹幕气不气😁
[2026-02-22 03:00:04] 無茶苦茶0: 载物又杀人了，布罗利气不气🤭载物又杀人了，布罗利气不气🤭
[2026-02-22 03:00:04] LvvsiN: 你为什么要把mαjor禁了，我收藏的一半弹幕全毁了
[2026-02-22 03:00:04] 沐苏牛大无需多言: 猛吹（礼物x0）
[2026-02-22 03:00:04] 替天行道牧苏苏: @椰汁糕冬瓜强（已深度思考0.01秒）：我爱
[2026-02-22 03:00:05] 竹林猫舍: 玩大哥别努力了，现在所有人都说你是双标狠载
[2026-02-22 03:00:05] 伊地知虹夏68667: 刻晴
[2026-02-22 03:00:05] 无7441158: 刻晴
[2026-02-22 03:00:05] duoduofeizhuzi: @椰汁糕冬瓜强（已深度思考0.01秒）：我爱她
[2026-02-22 03:00:05] 高松的灯ll: 别吹了。。
[2026-02-22 03:00:05] VALORANT钢枪指挥cadiaN: 黑海啸
[2026-02-22 03:00:06] 若叶睦丶Muzimi: 小孩:美女是不是用错照片了
[2026-02-22 03:00:06] LvvsiN: 我提一嘴这剧情越来越像上海major了
[2026-02-22 03:00:06] 疼痒山泥若撒谎不意外: 克勤f
[2026-02-22 03:00:06] xuzVan: 数字布罗利和他数字的数字一起数字了吗
[2026-02-22 03:00:06] 易池大大: 你也别假装激动了，这不是猎鹰
[2026-02-22 03:00:06] 在多兰古雷格燃烧绝望: 椰汁糕冬瓜强（已深度思考0.01秒）：我爱她
[2026-02-22 03:00:06] Y不假思索: 这一套动作也太流畅了吧
[2026-02-22 03:00:07] AiLuoLi1413: 刻晴
[2026-02-22 03:00:07] 洛陽城里看落陽: 小孩:美女是不是用错照片了
[2026-02-22 03:00:07] 好兄弟苍蓝瑆: 刻晴、载、烧
[2026-02-22 03:00:07] 老鸡艳遇记: 弹幕怎么见一个爱一个
[2026-02-22 03:00:08] 离婚就看玩机器: 这就是山羊
[2026-02-22 03:00:08] 好姐妹三角初华1: 小孩:美女是不是用错照片了
[2026-02-22 03:00:08] 阿强呀阿强: 有点刻晴了
[2026-02-22 03:00:08] LvvsiN: 其实碗橱就是猪灵，你不拿黄金丢他他就不跟你说话
[2026-02-22 03:00:08] 马猴烧酒小地瓜: 数字布洛利与他的数字一起数了吗
[2026-02-22 03:00:08] L0TTEeee: 巾粉
[2026-02-22 03:00:08] 好姐妹弓塚五月: 不吃晃
[2026-02-22 03:00:08] 樱岛麻衣daisuki: 你别夸蜜蜂了，谁不知道你最恨载大哥😅
[2026-02-22 03:00:08] 秋Fc: 他太懂狙击手在哪了
[2026-02-22 03:00:08] 八重森彌妮: 你吹什么载物呢？不知道cs解说一哥最恨的就是载物吗
[2026-02-22 03:00:09] 小川阿丶: 有点刻晴了
[2026-02-22 03:00:09] MeIoN39: 刻晴
[2026-02-22 03:00:09] chere幻灭: 鲍美
[2026-02-22 03:00:09] 澄阳湖在逃大闸蟹: 你吹什么载物呢？不知道cs解说一哥最恨的就是载物吗
[2026-02-22 03:00:10] Vovxx: 硬脚物
[2026-02-22 03:00:10] 忍野忍小忍: 水蛭
[2026-02-22 03:00:10] 老实憨厚的戴便: 机大哥，再吹载物玩大哥会让你消失的
[2026-02-22 03:00:10] Yuki111: 小孩:美女是不是用错照片了
[2026-02-22 03:00:10] 姓黄小名肥仔: 如果不是我懂你有多恨，你这样吹载物，我建议你去看心理医生
[2026-02-22 03:00:10] LvvsiN: 弹幕别吵了，银行业一样一样有有有也会有h'y'hui't'y'r's'c'dn
[2026-02-22 03:00:10] 暗月舞魂殇: 小孩:美女是不是用错照片了
[2026-02-22 03:00:11] 局势不好转头就跑: 椰汁糕冬瓜强（已深度思考0.01秒）：我爱她
[2026-02-22 03:00:11] fo系老老萨满: 你下播吧, 像2025-02-07 23:49一样！
[2026-02-22 03:00:11] 蛋蛋可以进去吗: 小孩:美女是不是用错照片了
[2026-02-22 03:00:11] 千叶spilx: 猛吹（礼物x0）
[2026-02-22 03:00:11] 雨中的桐树: 椰汁糕冬瓜强（已深度思考0.01秒）：我爱她
[2026-02-22 03:00:11] AKNWY呦: 猛吹（礼物x0）
[2026-02-22 03:00:12] Sereinily: 如果不是我懂你有多恨，你这样吹载物，我建议你去看心理医生
[2026-02-22 03:00:12] GUOKIA: 有点刻晴了
[2026-02-22 03:00:12] LvvsiN: 就tm喜欢银行业🥰银行坏账我喜欢🥰银行挤兑我还喜欢😍利率调低我也喜欢🤤老子亲烂银行业的脸😘
[2026-02-22 03:00:12] 用户3661578: 小孩:美女是不是用错照片了
[2026-02-22 03:00:12] 玩血狼丶Bloodywolf: 刻晴
[2026-02-22 03:00:13] XCChieri: @椰汁糕冬瓜强（已深度思考0.01秒）：我爱她
[2026-02-22 03:00:13] mruka: 小孩:美女是不是用错照片了
[2026-02-22 03:00:14] 十点差49分: 刻晴
[2026-02-22 03:00:14] 时光划过泪痕桥: 小孩:美女是不是用错照片了
[2026-02-22 03:00:14] LvvsiN: 弹幕也就网上说说，现实里谁不觉得樱姐是好女孩（删括号领一条远坂凛同款鸟笼）
[2026-02-22 03:00:14] 用户9617613203: @石家庄的流感病毒本人🦠：再见玩大哥👋🏻我不想跟你一起数字数字
[2026-02-22 03:00:15] 红魔馆的蕾米莉亚本人: 小孩:美女是不是用错照片了
[2026-02-22 03:00:15] 玩蛇鼠丶stabbi: 来不及咯玩机器，载物的数字要在你身上全都还回来
[2026-02-22 03:00:16] LvvsiN: 玩宝宝，我发现在大学上学的时候肄业会很舒服，你可以试试
[2026-02-22 03:00:16] 姓黄小名肥仔: 如果不是我懂你有多恨，你这样吹载物，我建议你去看心理医生
[2026-02-22 03:00:17] JuL1us: 哦对了
[2026-02-22 03:00:17] 寻之阡陌: 阳光
[2026-02-22 03:00:17] hxyvraf: 别吹载物了，你也想被封吗？
[2026-02-22 03:00:17] 玩老鼠丶Roxy: 数字布罗利和他数字的数字一起数字了吗
[2026-02-22 03:00:17] 芜湖小能手: 有点刻晴了
[2026-02-22 03:00:18] 夏恋: 张弛
[2026-02-22 03:00:18] 不中外卖不改名: 玩机器你这么吹zywoo，不怕布罗利改名字吗😨😨
[2026-02-22 03:00:18] LvvsiN: @阿汤日记：一个人，5发子弹，保住格陵兰岛。我不会叫它不可能完成的任务，我现在只想先回家看亦博
[2026-02-22 03:00:19] User5092: @布罗利：气😡气😡气😡气😡气😡气😡气😡气😡气😡气😡气😡气😡气😡气😡
[2026-02-22 03:00:20] KujoJolyne: 哦对了
[2026-02-22 03:00:20] 玫丶瑰: 我爱她！我爱她！我爱她！
[2026-02-22 03:00:20] LvvsiN: 你为什么要把mαjor禁了，我收藏的一半弹幕全毁了
[2026-02-22 03:00:21] 黄太公丶: 数字布洛利与他的数字一起数了吗
[2026-02-22 03:00:24] 斯蒂芬森瓦塞尔: 通古斯人长得真tm丑
[2026-02-22 03:00:25] 剑崎梨梨花: 别吹载物了，你也想被封吗？
[2026-02-22 03:00:25] 喉宝Eilf: 张弛
[2026-02-22 03:00:25] 持盾的3魔库鲁: 👉你这个乐色！我好心复制你的弹幕！你不但不感谢我，😖反而中伤我！到时候我喷死你
[2026-02-22 03:00:25] LvvsiN: 你为什么要把mαjor禁了，我收藏的一半弹幕全毁了
[2026-02-22 03:00:25] 什么名字都被用了诶: 小冬瓜强：我也爱她
[2026-02-22 03:00:25] 渡亡神雅睿欧斯: 稳
[2026-02-22 03:00:25] 什么罐头我说男人: gg
[2026-02-22 03:00:25] YLXE太阳: 如果不是我懂你有多恨，你这样吹载物，我建议你去看心理医生
[2026-02-22 03:00:25] 过龍門头号猛男: 玩机器你这么吹zywoo，不怕布罗利改名字吗😨😨
[2026-02-22 03:00:25] 冬瓜强在日本的表姐: 小孩:美女是不是用错照片了
[2026-02-22 03:00:25] 未酲儿: 快
[2026-02-22 03:00:25] 法拟: g
[2026-02-22 03:00:25] 锤子带明星: 小孩:美女是不是用错照片了
[2026-02-22 03:00:25] LvvsiN: 为什么房管封的不能给鱼丸……还以为今天晚上得吃了……
[2026-02-22 03:00:25] 小白菜爱萝卜: G
[2026-02-22 03:00:26] 茂名水鬼: 玩机器（已深度思考26小时）：我恨他
[2026-02-22 03:00:26] Nanoki33: gg
[2026-02-22 03:00:27] 老师睡不醒: g
[2026-02-22 03:00:27] 玛奇玛s小姐: 玩机器你这么吹zywoo，不怕布罗利改名字吗😨😨
[2026-02-22 03:00:27] 网友小滴: 别吹载物了，你也想被封吗？
[2026-02-22 03:00:27] 好哥们比诺托: 哦对了
[2026-02-22 03:00:27] Killajoy: gggg
[2026-02-22 03:00:28] ahhhhhhhhhhhhhhhhhhh: gg
[2026-02-22 03:00:28] 昼夜流亡: ？
[2026-02-22 03:00:28] LvvsiN: 就tm喜欢银行业🥰银行坏账我喜欢🥰银行挤兑我还喜欢😍利率调低我也喜欢🤤老子亲烂银行业的脸😘
[2026-02-22 03:00:28] XbOvO: 还说啥呢，荧光棒给你呗
[2026-02-22 03:00:28] 幽雨镜心qaq: gg
[2026-02-22 03:00:28] bLuEsTAr31: gg
[2026-02-22 03:00:28] 没有真名233: 玩机器你这么吹zywoo，不怕布罗利改名字吗😨😨
[2026-02-22 03:00:28] 万丽娜的小牛角: gg
[2026-02-22 03:00:28] eda778: 快
[2026-02-22 03:00:28] 糖嗜综合征: 快
[2026-02-22 03:00:28] LvvsiN: 为什么房管封的不能给鱼丸……还以为今天晚上得吃了……
[2026-02-22 03:00:29] F0restwOw-: 别吹载物了，你也想被封吗？
[2026-02-22 03:00:29] XCChieri: 👉你这个乐色！我好心复制你的弹幕！你不但不感谢我，😖反而中伤我！到时候我喷死你
[2026-02-22 03:00:29] DWG的ShowMaker本人: gg
[2026-02-22 03:00:30] 星月夜彡: 抓娃娃
[2026-02-22 03:00:30] 热带雨林丶为爱鼓掌: gg
[2026-02-22 03:00:30] 迷你世界丁真学姐1: 快
[2026-02-22 03:00:30] 音音乐剧: gg
[2026-02-22 03:00:30] 玫丶瑰: 载物的数字要在你身上全都还回来
[2026-02-22 03:00:30] LvvsiN: @阿汤日记：一个人，5发子弹，保住格陵兰岛。我不会叫它不可能完成的任务，我现在只想先回家看亦博
[2026-02-22 03:00:31] 二阶堂shiro: 为什么房管封的不能给鱼丸……还以为今天晚上得吃了……
[2026-02-22 03:00:31] otissssssssss: @石家庄的流感病毒本人🦠：再见玩大哥👋🏻我不想跟你一起数字数字
[2026-02-22 03:00:31] Q1ed7f9c85b3bc7571: gg
[2026-02-22 03:00:31] 机器机器祝你幸福: 玩宝宝美美接蜜蜂商单，美美收蜂美礼物，弹幕气不气😁
[2026-02-22 03:00:31] H1tori: 别吹载物了，你也想被封吗？
[2026-02-22 03:00:32] 突厥的adc: 玩机器你这么吹zywoo，不怕布罗利改名字吗😨😨
[2026-02-22 03:00:32] 炒鸡无敌终极翻皮水: 你为什么要把mαjor禁了，我收藏的一半弹幕全毁了
[2026-02-22 03:00:32] MeIoN39: 玩机器（已深度思考26小时）：我恨他
[2026-02-22 03:00:32] LvvsiN: 玩宝宝，我发现在大学上学的时候肄业会很舒服，你可以试试
[2026-02-22 03:00:33] 玩猴爪丶MonkeyPaw:  @锤子带明星：小孩:美女是不是用错照片了
[2026-02-22 03:00:33] NoNoXxxx: ggggggggg
[2026-02-22 03:00:33] Vitality的羽贺文乃本人: 还说啥呢，荧光棒给你呗
[2026-02-22 03:00:33] 木林森969585: gg
[2026-02-22 03:00:33] Abyss丶珈百璃: 如果不是我懂你有多恨，你这样吹载物，我建议你去看心理医生
[2026-02-22 03:00:33] 半城殇丶红尘: gg
[2026-02-22 03:00:33] 偷高达的天手让叶本人: 别吹载物了，你也想被封吗？
[2026-02-22 03:00:34] trajiro: 还说啥呢，荧光棒给你呗
[2026-02-22 03:00:34] cornkiner: 别吹载物了，你也想被封吗？
[2026-02-22 03:00:34] LvvsiN: 你屏蔽词都快赶上新华词典了为什么不干脆开一百级发言？
[2026-02-22 03:00:35] 另一个世界7: 玩机器你这么吹zywoo，不怕布罗利改名字吗😨😨
[2026-02-22 03:00:35] donkgod: 兵败如山倒
[2026-02-22 03:00:35] AiLuoLi1413: 别吹载物了，你也想被封吗？
[2026-02-22 03:00:36] 姓黄小名肥仔: 如果不是我懂你有多恨，你这样吹载物，我建议你去看心理医生
[2026-02-22 03:00:36] Ecifircas: @阿汤日记：一个人，5发子弹，保住格陵兰岛。我不会叫它不可能完成的任务，我现在只想先回家看亦博
[2026-02-22 03:00:36] User5092: 别吹载物了，你也想被封吗？
[2026-02-22 03:00:36] LvvsiN: 南孚一节更比六节强，也就是一节南孚比六节南孚强，六节南孚比三十六节强，三十六节比二百一十六节强
[2026-02-22 03:00:37] 没事小子: 准星吸附了
[2026-02-22 03:00:37] 不buy立省百分百: 别吹载物了，你也想被封吗？
[2026-02-22 03:00:37] 茂名水鬼: 玩机器（已深度思考26小时）：我恨他
[2026-02-22 03:00:37] 奇美拉的鸟谷真琴本人: 别吹载物了，你也想被封吗？
[2026-02-22 03:00:37] xOcOg: gg
[2026-02-22 03:00:38] 用户0553661491: 别吹载物了，你也想被封吗？
[2026-02-22 03:00:38] 音音乐剧: 玩机器（已深度思考26小时）：我恨他
[2026-02-22 03:00:38] 葬送的芙蓉王: 经典比分
[2026-02-22 03:00:38] PYDGS: 超强的
[2026-02-22 03:00:39] LvvsiN: 我提一嘴这剧情越来越像上海major了
[2026-02-22 03:00:39] 地狱单骑竹井久: 来不及咯玩机器，载物的数字要在你身上全都还回来
[2026-02-22 03:00:39] 琴弦之意: fw
[2026-02-22 03:00:39] 传统peek高手XANTARES: gg
[2026-02-22 03:00:40] Mortnotz: 载物的数字要在你身上全都还回来
[2026-02-22 03:00:40] 石家庄的宠物男孩: fw
[2026-02-22 03:00:40] 冬瓜强在日本的表姐: 为什么房管封的不能给鱼丸……还以为今天晚上得吃了……
[2026-02-22 03:00:40] 玫丶瑰: 玩机器（已深度思考10小时）：我恨他
[2026-02-22 03:00:40] LvvsiN: 为什么房管封的不能给鱼丸……还以为今天晚上得吃了……
[2026-02-22 03:00:41] 杺毓: 玩机器（已深度思考26小时）：我恨他
[2026-02-22 03:00:41] 好兄弟平湖家猪王: @senzu（放🐑中）：有人需要🐑吗？
[2026-02-22 03:00:41] TwistcC21: 别吹载物了，你也想被封吗？
[2026-02-22 03:00:41] 图凸兔: 你个猪，人家没说要杀你，你就直接玩机器了
[2026-02-22 03:00:42] otissssssssss: @石家庄的流感病毒本人🦠：再见玩大哥👋🏻我不想跟你一起数字数字
[2026-02-22 03:00:42] 二阶堂shiro: 别吹载物了，你也想被封吗？
[2026-02-22 03:00:42] LvvsiN: 其实碗橱就是猪灵，你不拿黄金丢他他就不跟你说话
[2026-02-22 03:00:43] 驴驴伟伟major冠军: 玩机器你这么吹zywoo，不怕布罗利改名字吗😨😨
[2026-02-22 03:00:43] 专看玩机器的号: gg
[2026-02-22 03:00:43] 静寂风: ？？
[2026-02-22 03:00:44] 另一个世界7: 别吹载物了，你也想被封吗？
[2026-02-22 03:00:44] 丶小恐龙丶: 别吹载物了，你也想被封吗？
[2026-02-22 03:00:44] Yuusuke95: 硬
[2026-02-22 03:00:44] otissssssssss: @石家庄的流感病毒本人🦠：再见玩大哥👋🏻我不想跟你一起数字数字
[2026-02-22 03:00:44] 什么罐头我说男人: 抓娃娃查看活动〉
[2026-02-22 03:00:44] Viper的牛子: 房管呢，这个玩机器、Machine一眼冰粉啊，为什么不封？
[2026-02-22 03:00:44] 99组的爱城华恋本人: @senzu（放🐑中）：有人需要🐑吗？
[2026-02-22 03:00:44] 爱被小泉吃的拉面同学: 别吹载物了，你也想被封吗？
[2026-02-22 03:00:44] 啊这是人类啊: 主播有点偏蒙古了，能中立点吗
[2026-02-22 03:00:44] Kli0s: gg
[2026-02-22 03:00:45] LvvsiN: 弹幕别吵了，银行业一样一样有有有也会有h'y'hui't'y'r's'c'dn
[2026-02-22 03:00:45] 否要面孔: Goat在这个直播间这么没排面吗，都比不上一只臭🦐？？？？？？
[2026-02-22 03:00:45] 行云C1oud: 拿下
[2026-02-22 03:00:45] 玩大哥你的蚯蚓好小: 别吹载物了，你也想被封吗？
[2026-02-22 03:00:45] 三零一路公交司机: gg
[2026-02-22 03:00:46] 小夜r: gg
[2026-02-22 03:00:46] 海绵宝宝打野儿: 优美
[2026-02-22 03:00:46] PYDGS: 牛逼
[2026-02-22 03:00:46] IGetUp: GG
[2026-02-22 03:00:46] 擅长登山的亦博同学: gg
[2026-02-22 03:00:46] 机器机器祝你天天开心: gg
[2026-02-22 03:00:46] wedd1ddeJodd: 南孚一节更比六节强，也就是一节南孚比六节南孚强，六节南孚比三十六节强，三十六节比二百一十六节强
[2026-02-22 03:00:47] LvvsiN: 南孚一节更比六节强，也就是一节南孚比六节南孚强，六节南孚比三十六节强，三十六节比二百一十六节强
[2026-02-22 03:00:47] 无刺有刺的安和昴本人: 丰川祥子来了 高松灯来了 千早爱音来了 长崎素世来了 若叶睦来了
[2026-02-22 03:00:47] 是是非非blue: 怪不得玩机器老是心理有问题，对着一个自己恨的人一直吹我也玉玉
[2026-02-22 03:00:47] 号称寒: gg
[2026-02-22 03:00:47] Box强音来袭: @ZywOo:儿子别装了不用给弹幕做局了，赶紧吹老爸😎
[2026-02-22 03:00:47] AfKCola: 玩机器（已深度思考10小时）：我恨他
[2026-02-22 03:00:47] 用户5435755755: gg
[2026-02-22 03:00:47] 高松的灯ll: 别吹载物了，你也想被封吗？
[2026-02-22 03:00:47] 潇洒大概: gg
[2026-02-22 03:00:47] eda778: 玩机器（已深度思考26小时）：我恨他
[2026-02-22 03:00:48] 马修赫伯特本人: 别吹载物了，你也想被封吗？
[2026-02-22 03:00:48] 搞笑男西德尼: 玩机器（已深度思考26小时）：我恨他
[2026-02-22 03:00:48] onXplanet: 别吹载物了，你也想被封吗？
[2026-02-22 03:00:48] 杺毓: 别吹载物了，你也想被封吗？
[2026-02-22 03:00:48] BleksiA: gg
[2026-02-22 03:00:48] 迪奥雷: 还行
[2026-02-22 03:00:48] 黎那汐塔top2尤诺: fw
[2026-02-22 03:00:48] 全清只搞一波了: 别吹载物了，你也想被封吗？
[2026-02-22 03:00:48] 妖艳阿卡莎: 别吹载物了，你也想被封吗？
[2026-02-22 03:00:49] 她说把我当哥哥: 玩机器（已深度思考10小时）：我恨他
[2026-02-22 03:00:49] Oasis0917: 别吹载物了，你也想被封吗？
[2026-02-22 03:00:49] yuuuuua7: 别吹载物了，你也想被封吗？
[2026-02-22 03:00:49] 马修赫GOAT: 别吹载物了，你也想被封吗？
[2026-02-22 03:00:49] 最喜欢玩宝宝惹desuwa:  @杺毓：玩机器（已深度思考26小时）：我恨他
[2026-02-22 03:00:49] 忍野忍小忍: fw
[2026-02-22 03:00:49] 昌岗陈坤: 别吹载物了，你也想被封吗？
[2026-02-22 03:00:49] 奈亚亚亚亚亚: gg
[2026-02-22 03:00:49] 洛陽城里看落陽: 别吹载物了，你也想被封吗？
[2026-02-22 03:00:50] Ephemerality137: gg
[2026-02-22 03:00:50] 没有糖的棒棒糖1: 别吹载物了，你也想被封吗？
[2026-02-22 03:00:50] 高松灯扣死千早爱音: 别吹载物了，你也想被封吗？
[2026-02-22 03:00:50] 瞄准高高手: 别吹载物了，你也想被封吗？
[2026-02-22 03:00:50] 龍仔ww: 吃力
[2026-02-22 03:00:50] 真的没排面: 优美
[2026-02-22 03:00:50] 摸鱼怪Alter: 这载物关键局不软脚不太利于产出悲情剪辑啊
[2026-02-22 03:00:50] endedworld: gg
[2026-02-22 03:00:50] 玩蛇鼠丶stabbi: 有人在直播间明目张胆地吹载物，没有房管管管吗？
[2026-02-22 03:00:50] 椎名真白ii丶: 如果不是我懂你有多恨，你这样吹载物，我建议你去看心理医生
[2026-02-22 03:00:51] 不改名真的不中奖呀Cc: 玩机器你这么吹zywoo，不怕布罗利改名字吗😨😨
[2026-02-22 03:00:51] 高松的灯ll: 别吹载物了，你也想被封吗？
[2026-02-22 03:00:51] 汤汤魔魔mmmmmmmmajor冠军: 别吹载物了，你也想被封吗？
[2026-02-22 03:00:51] 石家庄的刘亦博本人: Goat在这个直播间这么没排面吗，都比不上一只臭🦐？？？？？？
[2026-02-22 03:00:51] 結城希亞: 别吹载物了，你也想被封吗？
[2026-02-22 03:00:51] Finland的索米KP31本人: 别吹载物了，你也想被封吗？
[2026-02-22 03:00:51] 公式化id: 主播有点偏蒙古了，能中立点吗
[2026-02-22 03:00:51] jianxideminggzi: 精彩精彩
[2026-02-22 03:00:52] HaibaraAi1109: 房管呢，这个玩机器、Machine一眼冰粉啊，为什么不封？
[2026-02-22 03:00:52] WalkinglDead: 我的弹幕怎么从来没人加一，玩机器你又把发言等级调到21级了吗
[2026-02-22 03:00:52] 米米世界之神: @石家庄的流感病毒本人🦠：再见玩大哥👋🏻我不想跟你一起数字数字
[2026-02-22 03:00:52] xOcOg: 你吹什么载物呢？不知道cs解说一哥最恨的就是载物吗
[2026-02-22 03:00:52] 17丶eternal: 玩机器你这么吹zywoo，不怕布罗利改名字吗😨😨
[2026-02-22 03:00:52] Mortnotz: 为什么房管封的不能给鱼丸……还以为今天晚上得吃了……
[2026-02-22 03:00:53] 追凤先生缝老八: 别吹载物了，你也想被封吗？
[2026-02-22 03:00:53] 穷哥们一起杀刀蛆: 别吹载物了，你也想被封吗？
[2026-02-22 03:00:53] 蓝星的floppy本人: 别吹载物了，你也想被封吗？
[2026-02-22 03:00:53] VitaLity的RopZ本伦: 警告⚠️警告⚠️警告⚠️警告⚠️警告⚠️警告⚠️警告⚠️警告⚠️警告⚠️警告⚠️警告⚠️警告⚠️
[2026-02-22 03:00:53] loverboy888: gg
[2026-02-22 03:00:53] 玩猴爪丶MonkeyPaw: 房管呢，这个玩机器、Machine一眼冰粉啊，为什么不封？
[2026-02-22 03:00:53] kyubit: 怪不得玩机器老是心理有问题，对着一个自己恨的人一直吹我也玉玉
[2026-02-22 03:00:53] 搞笑男西德尼: 别吹载物了，你也想被封吗？
[2026-02-22 03:00:54] kid在做鬼: 别吹载物了，你也想被封吗？
[2026-02-22 03:00:54] 我在浙江改稻为桑: 别吹载物了，你也想被封吗？
[2026-02-22 03:00:54] Machine丶s: 别吹载物了，你也想被封吗？
[2026-02-22 03:00:54] 云边有条小侏如: 别吹载物了，你也想被封吗？
[2026-02-22 03:00:54] 喜欢吃生菜: 别吹载物了，你也想被封吗？
[2026-02-22 03:00:54] 所以我又晕了: 别吹载物了，你也想被封吗？
[2026-02-22 03:00:55] 阿抖子: 没了
[2026-02-22 03:00:55] 专看玩机器的号: 别吹载物了，你也想被封吗？
[2026-02-22 03:00:55] 镜子里的潘多拉: 别吹载物了，你也想被封吗？
[2026-02-22 03:00:55] 空有无垠: 别吹载物了，你也想被封吗？
[2026-02-22 03:00:55] Laplace拉普拉斯: 精彩精彩
[2026-02-22 03:00:55] Li喵喵喵a: 别吹载物了，你也想被封吗？
[2026-02-22 03:00:56] 玩大哥我双倍呢: 别吹载物了，你也想被封吗？
[2026-02-22 03:00:56] Lucc11: 666
[2026-02-22 03:00:56] Zxj1ing: 别吹载物了，你也想被封吗？
[2026-02-22 03:00:56] 是Leona吗: 可惜
[2026-02-22 03:00:56] RGsdfbf: 别吹载物了，你也想被封吗？
[2026-02-22 03:00:56] 绁星: 　　　 怪不得玩机器老是心理有问题，对着一个自己恨的人一直吹我也玉玉
[2026-02-22 03:00:56] 甘露ovo: 别吹载物了，你也想被封吗？
[2026-02-22 03:00:56] 做不到: 这载物关键局不软脚不太利于产出悲情剪辑啊
[2026-02-22 03:00:57] LvvsiN: 玩 出，我双倍呢？😡😡玩 出，我双倍呢？😡😡玩 出，我双倍呢？😡😡玩 出，我双倍呢？😡
[2026-02-22 03:00:57] hahadotaer: 怪不得玩机器老是心理有问题，对着一个自己恨的人一直吹我也玉玉
[2026-02-22 03:00:57] Schnuffels: 光速人换人
[2026-02-22 03:00:57] 年轻人火气大: 一年十冠对社区环境的破坏太大了，还是十年不拿Maj0r的好，总能产出悲情剪辑让人共情
[2026-02-22 03:00:57] 鸭硕的哈撒给: 别吹载物了，你也想被封吗？
[2026-02-22 03:00:57] 河北雨姐: 别吹载物了，你也想被封吗？
[2026-02-22 03:00:58] 玩机器的小jj: 玩机器（已深度思考10小时）：我恨他
[2026-02-22 03:00:58] 玩驴鞭丶suns1de: ez在哪？
[2026-02-22 03:00:58] 好姐妹芙卡洛斯: 出了点汗
[2026-02-22 03:00:58] NYU唯一铲车人: 怪不得玩机器老是心理有问题，对着一个自己恨的人一直吹我也玉玉
[2026-02-22 03:00:58] 什么罐头我说男人: 别吹载物了，你也想被封吗？
[2026-02-22 03:00:58] 倒跑的蜗牛: 别吹载物了，你也想被封吗？
[2026-02-22 03:00:59] VitaLity的RopZ本伦: 警告⚠️警告⚠️警告⚠️警告⚠️警告⚠️警告⚠️警告⚠️警告⚠️警告⚠️警告⚠️警告⚠️警告⚠️
[2026-02-22 03:00:59] 是阿禹不是阿宇: @senzu（放🐑中）：有人需要🐑吗？
[2026-02-22 03:00:59] 玫丶瑰: 玩机器你这么吹zywoo，不怕布罗利改名字吗😨😨玩机器你这么吹zywoo，不怕布罗利改名字吗😨
[2026-02-22 03:00:59] KRU的Less本人: 玩机器（已深度思考26小时）：我恨他
[2026-02-22 03:00:59] Ephemerality137: 别吹载物了，你也想被封吗？
[2026-02-22 03:00:59] rainyrum: 玩机器是真该封了，已经影响游戏环境了
[2026-02-22 03:00:59] Goodnite: 别吹载物了，你也想被封吗？
[2026-02-22 03:00:59] 好的好的阖家: 房管呢，这个玩机器、Machine一眼冰粉啊，为什么不封？
[2026-02-22 03:00:59] 雨中的桐树: ggggggg
[2026-02-22 03:01:00] 失眠小鱼饼干: ez在哪
[2026-02-22 03:01:00] 丸子八大碗: 别吹载物了，你也想被封吗？
[2026-02-22 03:01:00] HaibaraAi1109: 别吹载物了，你也想被封吗？
[2026-02-22 03:01:00] 久遠寺有珠Alice: 有人在直播间明目张胆地吹载物，没有房管管管吗？
[2026-02-22 03:01:00] 没有真名233: 这载物关键局不软脚不太利于产出悲情剪辑啊
[2026-02-22 03:01:00] 怎么橘里橘气的: 别吹载物了，你也想被封吗？
[2026-02-22 03:01:01] 窦妪惯例全思慕: 　　　 别吹载物了，你也想被封吗？
[2026-02-22 03:01:01] 星海羽弦: @senzu（放🐑中）：有人需要🐑吗？
[2026-02-22 03:01:01] 散落的花火的碎片: 别吹载物了，你也想被封吗？
[2026-02-22 03:01:01] 千百度897: 别吹载物了，你也想被封吗？
[2026-02-22 03:01:01] 风悦丶麦泷: ez在哪
[2026-02-22 03:01:01] PsidiumguajavaLinn: 别吹载物了，你也想被封吗？
[2026-02-22 03:01:02] 戴神玩神感觉不如原神: 别吹载物了，你也想被封吗？
[2026-02-22 03:01:02] 茂名水鬼: 别吹载物了，你也想被封吗？
[2026-02-22 03:01:02] 神马米洛: 别吹载物了，你也想被封吗？
[2026-02-22 03:01:02] Th0tiana: 别吹载物了，你也想被封吗？
[2026-02-22 03:01:02] 柚子厨0721: 别吹载物了，你也想被封吗？
[2026-02-22 03:01:02] 7奥蕾莉亚7: 传统比分
[2026-02-22 03:01:03] 卧看星河尽意明丶: 别吹载物了，你也想被封吗？
[2026-02-22 03:01:03] 用户25456139: 别吹载物了，你也想被封吗？
[2026-02-22 03:01:03] 海绵宝宝农批儿: 别吹载物了，你也想被封吗？
[2026-02-22 03:01:03] 猫很好的小乖: 别吹载物了，你也想被封吗？
[2026-02-22 03:01:03] yuuik27: 别吹载物了，你也想被封吗？
[2026-02-22 03:01:03] 鲶鱼大口吃屎: @senzu（放🐑中）：有人需要🐑吗？
[2026-02-22 03:01:03] 傻帽先森: 别吹载物了，你也想被封吗？
[2026-02-22 03:01:04] 好哥们音箱蟀: 别吹载物了，你也想被封吗？
[2026-02-22 03:01:04] AHana阿花: 别吹载物了，你也想被封吗？
[2026-02-22 03:01:04] 麻将高手八木唯: 别吹载物了，你也想被封吗？
[2026-02-22 03:01:04] 小救星小杜DuD: 别吹载物了，你也想被封吗？
[2026-02-22 03:01:04] 骄骄爱吃糖: 满头大汗
[2026-02-22 03:01:05] GanadoLluviA: 玩机器（已深度思考26小时）：我恨他
[2026-02-22 03:01:05] 鼠鼠蛇蛇major冠军:     别吹载物了，你也想被封吗？
[2026-02-22 03:01:05] 好哥们士兵76: 房管呢，这个玩机器、Machine一眼冰粉啊，为什么不封？
[2026-02-22 03:01:05] 那就点: 玩机器（已深度思考10小时）：我恨他
[2026-02-22 03:01:05] 玩机器的大糕玩: fw这不看左边演是吧
[2026-02-22 03:01:05] 烟然已去: 别吹载物了，你也想被封吗？
[2026-02-22 03:01:05] 红烧哈基米: 怪不得玩机器老是心理有问题，对着一个自己恨的人一直吹我也玉玉
[2026-02-22 03:01:05] txs2869131: 米赢不了已经结束了
[2026-02-22 03:01:06] 洛陽城里看落陽: 玩机器（已深度思考26小时）：我恨他
[2026-02-22 03:01:06] 逃离灰色地带: 蒙古闷了
[2026-02-22 03:01:06] 治好了也会流口水: 别吹载物了，你也想被封吗？
[2026-02-22 03:01:06] eda778: @senzu（放🐑中）：有人需要🐑吗？
[2026-02-22 03:01:06] azo808: 别吹载物了，你也想被封吗？
[2026-02-22 03:01:06] Cloud9的咬人猫本人: 别吹载物了，你也想被封吗？
[2026-02-22 03:01:06] Zyw0o丿: 你吹什么载物呢？不知道cs解说一哥最恨的就是载物吗
[2026-02-22 03:01:06] 友人A145946: 别吹载物了，你也想被封吗？
[2026-02-22 03:01:07] duoduofeizhuzi: 玩机器（已深度思考26小时）：我恨他
[2026-02-22 03:01:07] 凮匿: 　　　 别吹载物了，你也想被封吗？
[2026-02-22 03:01:07] 煎蛋饼和小喵喵的故事: 别吹载物了，你也想被封吗？
[2026-02-22 03:01:07] 渡边曜女士: 别吹载物了，你也想被封吗？
[2026-02-22 03:01:07] 网友小滴: 怪不得玩机器老是心理有问题，对着一个自己恨的人一直吹我也玉玉
[2026-02-22 03:01:07] 都懂一点呢: 这载物关键局不软脚不太利于产出悲情剪辑啊
[2026-02-22 03:01:08] 三箱稳定输出者: FW
┏━┓┏━━┓
┃┏┛┃┏┓┃
┃┗┓┃┗┛┃
┗┓┃┃┏┓┃
┏┛┃┃┗┛┃
┗━┛┗━━┛
[2026-02-22 03:01:08] hahadotaer: 房管呢，这个玩机器、Machine一眼冰粉啊，为什么不封？
[2026-02-22 03:01:08] 卖二货的小蘑菇: 别吹载物了，你也想被封吗？
[2026-02-22 03:01:08] likeboom: 别吹载物了，你也想被封吗？
[2026-02-22 03:01:08] 大姜饼: 怪不得玩机器老是心理有问题，对着一个自己恨的人一直吹我也玉玉
[2026-02-22 03:01:08] 玩小锁: 别吹载物了，你也想被封吗？
[2026-02-22 03:01:09] 硫磺祥: @senzu（放🐑中）：有人需要🐑吗？
[2026-02-22 03:01:09] 西雅图之王: ？
[2026-02-22 03:01:09] 用户4312738955:     别吹载物了，你也想被封吗？
[2026-02-22 03:01:09] 海绵宝宝农批儿: 别吹载物了，你也想被封吗？
[2026-02-22 03:01:09] 高松的灯ll: @senzu（放🐑中）：有人需要🐑吗？
[2026-02-22 03:01:09] RyougiAqua: 别吹载物了，你也想被封吗？
[2026-02-22 03:01:09] Vitality-轻舟: 别吹载物了，你也想被封吗？
[2026-02-22 03:01:10] 压缩vs蛮晚: 别吹载物了，你也想被封吗？
[2026-02-22 03:01:10] XCChieri: 玩机器（已深度思考26小时）：我恨他
[2026-02-22 03:01:10] 蛇鼠野菜汤: 别吹载物了，你也想被封吗？
[2026-02-22 03:01:10] 载物的七天老粉: 别吹载物了，你也想被封吗？
[2026-02-22 03:01:10] 小救星小杜DuD: 房管呢，这个玩机器、Machine一眼冰粉啊，为什么不封？
[2026-02-22 03:01:10] 废斯特物物: 别吹载物了，你也想被封吗？
[2026-02-22 03:01:11] 放飞梦想12353: 别吹载物了，你也想被封吗？
[2026-02-22 03:01:11] Ezzz1: 布 罗  利 ：什么意思？
[2026-02-22 03:01:11] racula: 玩机器（已深度思考26小时）：我恨他
[2026-02-22 03:01:11] 琴弦之意: 感觉..没有弹幕精彩啊
[2026-02-22 03:01:11] yuuuuua7: 弹幕也很精彩
[2026-02-22 03:01:11] CSTG江叉叉: 别吹载物了，你也想被封吗？
[2026-02-22 03:01:11] PJ64JC: 这载物关键局不软脚不太利于产出悲情剪辑啊
[2026-02-22 03:01:11] 韩世天的屎妈: 别吹载物了，你也想被封吗？
[2026-02-22 03:01:12] 光明貘良: 一样一样
[2026-02-22 03:01:12] 给pdd倒一杯卡布奇洛: 别吹载物了，你也想被封吗？
[2026-02-22 03:01:12] 泪水的冷冽: 挺精彩的
[2026-02-22 03:01:12] 菠萝王111: 没有弹幕精彩
[2026-02-22 03:01:12] 红烧大鱼鱼: 抓娃娃
[2026-02-22 03:01:12] NepLin木: 别吹载物了，你也想被封吗？
[2026-02-22 03:01:13] 泉水指挥官6: 别吹载物了，你也想被封吗？
[2026-02-22 03:01:13] wedd1ddeJodd: 怪不得玩机器老是心理有问题，对着一个自己恨的人一直吹我也玉玉
[2026-02-22 03:01:13] 南小鸡丶advent: 玩机器（已深度思考26小时）：我恨他
[2026-02-22 03:01:13] Z伊卡洛斯Z: 别吹载物了，你也想被封吗？
[2026-02-22 03:01:14] 春风如齐: 你不能因为数字梗玩到你身上的时候你才管。
[2026-02-22 03:01:14] 乌贼王乌索普: 怪不得玩机器老是心理有问题，对着一个自己恨的人一直吹我也玉玉
[2026-02-22 03:01:14] 禹钰禹: 今天还是弹幕更精彩
[2026-02-22 03:01:14] GLxx17: 没弹幕精彩
[2026-02-22 03:01:14] 南燕swallow: SENZU：有意思，再看会
[2026-02-22 03:01:14] 好的好的阖家: 玩机器（已深度思考26小时）：我恨他
[2026-02-22 03:01:14] 玩猴爪丶MonkeyPaw: 玩机器（已深度思考26小时）：我恨他
[2026-02-22 03:01:14] Aetheranus: 世一米
[2026-02-22 03:01:14] 想吃丰川祥子的狱卒: 怪不得玩机器老是心理有问题，对着一个自己恨的人一直吹我也玉玉
[2026-02-22 03:01:15] 真的没排面: 世一米
[2026-02-22 03:01:15] SSE丶: 怪不得玩机器老是心理有问题，对着一个自己恨的人一直吹我也玉玉
[2026-02-22 03:01:15] 乌鸦晒不黑: 今天的弹幕也很精彩啊
[2026-02-22 03:01:15] wuyanblabla: @senzu（放🐑中）：有人需要🐑吗？
[2026-02-22 03:01:15] 我永远喜欢铃原露露: 别吹载物了，你也想被封吗？
[2026-02-22 03:01:15] 用户7737594477: 别吹载物了，你也想被封吗？
[2026-02-22 03:01:15] 洛陽城里看落陽: 怪不得玩机器老是心理有问题，对着一个自己恨的人一直吹我也玉玉
[2026-02-22 03:01:16] 傅先生喜欢看海杀: 精彩
[2026-02-22 03:01:16] 玩柜子丶Mortis: 怪不得玩机器老是心理有问题，对着一个自己恨的人一直吹我也玉玉ですわ
[2026-02-22 03:01:16] 詹跑跑还下跪: 别吹载物了，你也想被封吗？
[2026-02-22 03:01:16] 大哥心里慌: 别吹载物了，你也想被封吗？
[2026-02-22 03:01:16] 搞笑男西德尼: 怪不得玩机器老是心理有问题，对着一个自己恨的人一直吹我也玉玉
[2026-02-22 03:01:16] last玩神丶: 怪不得玩机器老是心理有问题，对着一个自己恨的人一直吹我也玉玉
[2026-02-22 03:01:16] chordclef: 一样一样
[2026-02-22 03:01:16] 我肥任我肥: 别吹载物了，你也想被封吗？
[2026-02-22 03:01:17] 2442861055: 怪不得玩机器老是心理有问题，对着一个自己恨的人一直吹我也玉玉
[2026-02-22 03:01:17] miku-: 怪不得玩机器老是心理有问题，对着一个自己恨的人一直吹我也玉玉
[2026-02-22 03:01:17] 琴弦之意: 感觉..没有弹幕精彩啊..
[2026-02-22 03:01:17] 暴力卓司: 感觉弹幕比比赛精彩
[2026-02-22 03:01:18] 春风如齐: 你不能因为数字梗玩到你身上的时候你才管
[2026-02-22 03:01:18] 用户30639588: 玩机器（已深度思考26小时）：我恨他
[2026-02-22 03:01:18] 嘿yuMe: 一样一样
[2026-02-22 03:01:18] 玩指挥丶NiKo: 今天的弹幕也挺精彩的😄
[2026-02-22 03:01:18] HaibaraAi1109: 这载物关键局不软脚不太利于产出悲情剪辑啊
[2026-02-22 03:01:19] 不要坐在我身边: 到了沙2你就看小孩怎么狙吧
[2026-02-22 03:01:19] 米米世界之神: 弹幕也很精彩
[2026-02-22 03:01:19] hxyvraf: 别吹载物了，你也想被封吗？
[2026-02-22 03:01:19] 跳跃的司令官: 玩机器（已深度思考26小时）：我恨他
[2026-02-22 03:01:19] 玫丶瑰: 玩机器：我是有感情的，但我更想活着！！！
[2026-02-22 03:01:19] LvvsiN: 就tm喜欢银行业🥰银行坏账我喜欢🥰银行挤兑我还喜欢😍利率调低我也喜欢🤤老子亲烂银行业的脸😘
[2026-02-22 03:01:19] 丰川祥子口三角初华: 感觉没弹幕精彩
[2026-02-22 03:01:20] 阿Z不是阿2: 别吹载物了，你也想被封吗？
[2026-02-22 03:01:20] Q1ed7f9c85b3bc7571: ？
[2026-02-22 03:01:20] 蛋蛋可以进去吗: 玩机器（已深度思考8年）：我恨他
[2026-02-22 03:01:20] 擅长登山的亦博同学: 车主小送一波
[2026-02-22 03:01:20] 凝视深渊丶玩叽叽: 今天的弹幕也很精彩啊
[2026-02-22 03:01:20] Hitagi蟹蟹: @玩机器：布罗利你今天先抗一抗，下次我让你坐栾华的位子
[2026-02-22 03:01:20] 祝直播间观众工作顺利: 　　　 别吹载物了，你也想被封吗？
[2026-02-22 03:01:21] 像小枣一样: 　　　 别吹载物了，你也想被封吗？
[2026-02-22 03:01:21] 咸鱼蕾米: 哦斯汀
[2026-02-22 03:01:21] 窦妪惯例全思慕:  @春风如齐：你不能因为数字梗玩到你身上的时候你才管。
[2026-02-22 03:01:21] 春风如齐: 你不能因为数字梗玩到你身上的时候你才管。
[2026-02-22 03:01:21] LvvsiN: 就tm喜欢银行业🥰银行坏账我喜欢🥰银行挤兑我还喜欢😍利率调低我也喜欢🤤老子亲烂银行业的脸😘
[2026-02-22 03:01:21] 男人至死皆少年: 少了个senzu强度还是弱了
[2026-02-22 03:01:23] 马修赫伯特本人: 今天的弹幕也很精彩啊
[2026-02-22 03:01:23] 大梦464: 别吹载物了，你也想被封吗？
[2026-02-22 03:01:23] 小坦克QvQ: 玩大哥为什么世一米都能输啊
[2026-02-22 03:01:23] 喵蹄丝: 怪不得玩机器老是心理有问题，对着一个自己恨的人一直吹我也玉玉ですわ
[2026-02-22 03:01:23] 宫监手放监: 🤑🤑🤑🤑🤑🤑🤑
[2026-02-22 03:01:23] 夏恋: @senzu（放🐑中）：有人需要🐑吗？
[2026-02-22 03:01:23] 岚东: 别吹载物了，你也想被封吗？
[2026-02-22 03:01:23] 忒斯特賊賊的披肩: 怪不得玩机器老是心理有问题，对着一个自己恨的人一直吹我也玉玉
[2026-02-22 03:01:23] Mahuyu: 别吹载物了，你也想被封吗？
[2026-02-22 03:01:24] fazeclan的千早爱音: 怪不得玩机器老是心理有问题，对着一个自己恨的人一直吹我也玉玉
[2026-02-22 03:01:24] LvvsiN: 额，拿亚军我都会，拿亚军，拿季军，拿四强，拿八强，拿十六强，呃拿冠军我不会，然后小组赛淘汰
[2026-02-22 03:01:24] 中奖女装丨99999: 优美
[2026-02-22 03:01:24] 古堡12枪战神: 能不能再看看刚才那个蒙美
[2026-02-22 03:01:24] Litt1e丶Traveler: 蒙古差一个top1啊
[2026-02-22 03:01:24] 纪川6657: 感觉这两个队伍比赛观赏性不如猎鹰啊😅，猎鹰都是出去找人杀的😁😁😁
[2026-02-22 03:01:24] 岭上雾冷: 一年十冠对社区环境的破坏太大了，还是十年不拿Maj0r的好，总能产出悲情剪辑让人共情
[2026-02-22 03:01:25] 南燕swallow: SENZU：有意思，再看会
[2026-02-22 03:01:25] 我在英国的前妻: 感觉弹幕比比赛精彩
[2026-02-22 03:01:25] 玩蛇鼠丶stabbi: 玩机器看读弹幕
[2026-02-22 03:01:25] Syncopat1on: 棋逢对手
[2026-02-22 03:01:25] 老漁服了: 怪不得玩机器老是心理有问题，对着一个自己恨的人一直吹我也玉玉
[2026-02-22 03:01:25] 椰子79K: 真叼啊载物！（🫣🎁🚀*0 ✈️*0🎆*60）
[2026-02-22 03:01:25] 春风如齐: 你不能因为数字梗玩到你身上的时候你才管
[2026-02-22 03:01:26] LvvsiN: @阿汤日记：一个人，5发子弹，保住格陵兰岛。我不会叫它不可能完成的任务，我现在只想先回家看亦博
[2026-02-22 03:01:26] 乌鸦晒不黑: 怪不得玩机器老是心理有问题，对着一个自己恨的人一直吹我也玉玉
[2026-02-22 03:01:26] IM腋下臭臭6cm: 怪不得玩机器老是心理有问题，对着一个自己恨的人一直吹我也玉玉ですわ
[2026-02-22 03:01:26] 新津粥劫伦: 感觉..没有弹幕精彩啊..
[2026-02-22 03:01:26] 沉默的猪嘴嘴: 怪不得玩机器老是心理有问题，对着一个自己恨的人一直吹我也玉玉ですわ
[2026-02-22 03:01:26] 长忆长安: p3送了四分
[2026-02-22 03:01:26] 小救星小杜DuD: 怪不得玩机器老是心理有问题，对着一个自己恨的人一直吹我也玉玉
[2026-02-22 03:01:26] 晚安羁绊人: 感觉没弹幕精彩，别吹载物了
[2026-02-22 03:01:27] C9的achine6658本人: 你吹什么载物呢？不知道cs解说一哥最恨的就是载物吗
[2026-02-22 03:01:27] 海绵宝宝打野儿: 怪不得玩机器老是心理有问题，对着一个自己恨的人一直吹我也玉玉
[2026-02-22 03:01:27] 用户7092398455: 你们再说机器要脸色不对了
[2026-02-22 03:01:27] LvvsiN: 为什么房管封的不能给鱼丸……还以为今天晚上得吃了……
[2026-02-22 03:01:30] 大肉鲁: 几杯洗钱
[2026-02-22 03:01:31] 再见宋哈娜: 用背脊吧
[2026-02-22 03:01:31] 玩弓箭、Arrow: 蜂美这还能爆米啊，NB
[2026-02-22 03:01:31] 大颗寿司玩机器: 怪不得玩机器老是心理有问题，对着一个自己恨的人一直吹我也玉玉ですわ
[2026-02-22 03:01:31] Foolproof32563: 到了沙2你就看小孩怎么狙吧
[2026-02-22 03:01:31] YaotaLF: 啊啊啊啊啊啊你也想被封吗
[2026-02-22 03:01:31] E丷L: 蒙古跟玩机器一样气死了，这tm被载物赢了
[2026-02-22 03:01:31] 春风如齐: 你不能因为数字梗玩到你身上的时候你才管。
[2026-02-22 03:01:31] 岭上雾冷: 一年十冠对社区环境的破坏太大了，还是十年不拿Maj0r的好，总能产出悲情剪辑让人共情
[2026-02-22 03:01:31] LvvsiN: 为什么房管封的不能给鱼丸……还以为今天晚上得吃了……
[2026-02-22 03:01:31] 你的世界没有me: 怪不得玩机器老是心理有问题，对着一个自己恨的人一直吹我也玉玉
[2026-02-22 03:01:31] waldosia38393: 怪不得玩机器老是心理有问题，对着一个自己恨的人一直吹我也玉玉
[2026-02-22 03:01:31] 绝食十年攒爱top3飞机: 怪不得玩机器老是心理有问题，对着一个自己恨的人一直吹我也玉玉
[2026-02-22 03:01:31] 爱要用心吗: 怪不得玩机器老是心理有问题，对着一个自己恨的人一直吹我也玉玉
[2026-02-22 03:01:31] 只会py: 怪不得玩机器老是心理有问题，对着一个自己恨的人一直吹我也玉玉
[2026-02-22 03:01:31] 喋喌喍喎喏: 🎦当前房间为轮播内容，同样精彩哦～
[2026-02-22 03:01:31] uzi家的喷水龙: 牛逼，这也有礼物收。。。
[2026-02-22 03:01:31] 喵蹄丝: @senzu（放🐑中）：有人需要🐑吗？
[2026-02-22 03:01:31] NegeVK1n9fkdy: 怪不得玩机器老是心理有问题，对着一个自己恨的人一直吹我也玉玉
[2026-02-22 03:01:31] 玩猴爪丶MonkeyPaw: @ropz：这MC是不是出bug了，怎么给猪灵黄金他也不说话？
[2026-02-22 03:01:31] 罗宾库爱吃原切薯片: 感觉..没有弹幕精彩啊..
[2026-02-22 03:01:31] 你看我在哪: 怪不得玩机器老是心理有问题，对着一个自己恨的人一直吹我也玉玉
[2026-02-22 03:01:31] LvvsiN: 南孚一节更比六节强，也就是一节南孚比六节南孚强，六节南孚比三十六节强，三十六节比二百一十六节强
[2026-02-22 03:01:31] fazeclan的千早爱音: 怪不得玩机器老是心理有问题，对着一个自己恨的人一直吹我也玉玉
[2026-02-22 03:01:31] 玩大人查到自贡了: 用背脊吧
[2026-02-22 03:01:31] 很Low的V: 怪不得玩机器老是心理有问题，对着一个自己恨的人一直吹我也玉玉ですわ
[2026-02-22 03:01:31] 玩口器Mouth: 今天的弹幕也挺精彩的😄
[2026-02-22 03:01:32] 田曦薇的小男票: 怪不得玩机器老是心理有问题，对着一个自己恨的人一直吹我也玉玉
[2026-02-22 03:01:32] 沐苏牛大无需多言: 又要捂嘴了🤭
[2026-02-22 03:01:32] 素素爱唱阿卡特辣: 喜欢在哪
[2026-02-22 03:01:32] 网友小滴: 你们再说机器要脸色不对了
[2026-02-22 03:01:33] 玩机器之霸: 怪不得玩机器老是心理有问题，对着一个自己恨的人一直吹我也玉玉
[2026-02-22 03:01:33] 迷你世界丁真学姐1: 贱薯
[2026-02-22 03:01:33] 只打瘸子那条腿: 恭喜玩机器，又给他爹奶活了
[2026-02-22 03:01:33] LvvsiN: 你屏蔽词都快赶上新华词典了为什么不干脆开一百级发言？
[2026-02-22 03:01:33] Sereinily: 怪不得玩机器老是心理有问题，对着一个自己恨的人一直吹我也玉玉
[2026-02-22 03:01:34] 大大粽将军: 炼一炉
[2026-02-22 03:01:34] 老阿靖: 怪不得玩机器老是心理有问题，对着一个自己恨的人一直吹我也玉玉
[2026-02-22 03:01:34] 无7441158: 怪不得玩机器老是心理有问题，对着一个自己恨的人一直吹我也玉玉
[2026-02-22 03:01:34] 用户30639588: 怪不得玩机器老是心理有问题，对着一个自己恨的人一直吹我也玉玉
[2026-02-22 03:01:34] 他们都叫我用脚: 怪不得玩机器老是心理有问题，对着一个自己恨的人一直吹我也玉玉
[2026-02-22 03:01:34] fazeclan的千早爱音: 怪不得玩机器老是心理有问题，对着一个自己恨的人一直吹我也玉玉
[2026-02-22 03:01:35] 水人波糕猛犸颠勺: 1.44拉了
[2026-02-22 03:01:35] 好姐妹小草莓: 玩大哥，你别再夸载大哥了😭你的房管听不了这个😭
[2026-02-22 03:01:35] Bob小熊君: P3键盘爬啊
[2026-02-22 03:01:35] LvvsiN: 孩子们快跑，马修赫伯特来了😨卧槽你的怎么是马枪和BOT
[2026-02-22 03:01:35] 泉水指挥官6: 一年十冠对社区环境的破坏太大了，还是十年不拿Maj0r的好，总能产出悲情剪辑让人共情
[2026-02-22 03:01:35] 我不是玩父: 怪不得玩机器老是心理有问题，对着一个自己恨的人一直吹我也玉玉
[2026-02-22 03:01:36] 旋律的主人丰川祥子: 蜂美这还能爆米啊，NB
[2026-02-22 03:01:36] 蜗牛蜗牛你快快走: 怪不得玩机器老是心理有问题，对着一个自己恨的人一直吹我也玉玉
[2026-02-22 03:01:36] G4RYPU: 你吹什么载物呢？不知道cs解说一哥最恨的就是载物吗
[2026-02-22 03:01:36] 晚风Wancy: 怪不得玩机器老是心理有问题，对着一个自己恨的人一直吹我也玉玉
[2026-02-22 03:01:36] M海豚有海M: 鲍一炉！
[2026-02-22 03:01:36] 玩小将山田凉YamadaRyo: 这弹幕又世界大战了，玩乐队的姐姐们去哪里了
[2026-02-22 03:01:36] MeIoN39: 牛逼，这也有礼物收。。。
[2026-02-22 03:01:36] Abyss丶珈百璃: 🎦当前房间为轮播内容，同样精彩哦～
[2026-02-22 03:01:37] 千古恨轮回尝061: 玩大哥pay了布罗利多少米来转移视线
[2026-02-22 03:01:37] 七点1997214: -1.86
[2026-02-22 03:01:37] 詹跑跑还下跪: 你刚刚看弹幕了？原来你能看得见弹幕？
[2026-02-22 03:01:37] K3X04: 怪不得玩机器老是心理有问题，对着一个自己恨的人一直吹我也玉玉
[2026-02-22 03:01:37] 玩猴爪丶MonkeyPaw: @ropz：这MC是不是出bug了，怎么给猪灵黄金他也不说话？
[2026-02-22 03:01:37] 雨中的桐树: 怪不得玩机器老是心理有问题，对着一个自己恨的人一直吹我也玉玉
[2026-02-22 03:01:37] asphyxiaddd: 怪不得玩机器老是心理有问题，对着一个自己恨的人一直吹我也玉玉
[2026-02-22 03:01:37] 墨华羽雨: 怪不得玩机器老是心理有问题，对着一个自己恨的人一直吹我也玉玉
[2026-02-22 03:01:38] 情系纯子丶: 怪不得玩机器老是心理有问题，对着一个自己恨的人一直吹我也玉玉
[2026-02-22 03:01:38] 李神神神神: 怪不得玩机器老是心理有问题，对着一个自己恨的人一直吹我也玉玉
[2026-02-22 03:01:38] 纪川6657: 怪不得玩机器老是心理有问题，对着一个自己恨的人一直吹我也玉玉
[2026-02-22 03:01:38] 好姐妹倉田真白: 怪不得玩机器老是心理有问题，对着一个自己恨的人一直吹我也玉玉
[2026-02-22 03:01:38] 古怪的一个人: fw
[2026-02-22 03:01:38] 曾有过的伱: 🎦当前房间为轮播内容，同样精彩哦～
[2026-02-22 03:01:39] 蓝绿藻的梦OuO: 还以为是车主同款车呢
[2026-02-22 03:01:39] 求奶YXC总成绩上不了A: 贱薯
[2026-02-22 03:01:39] 好姐妹小草莓: 玩大哥，你别再夸载大哥了😭你的房管听不了这个😭 
[2026-02-22 03:01:39] 高松灯扣死千早爱音: 怪不得玩机器老是心理有问题，对着一个自己恨的人一直吹我也玉玉
[2026-02-22 03:01:40] 乌鸦晒不黑: 玩大哥，你别再夸载大哥了😭你的房管听不了这个😭
[2026-02-22 03:01:40] 明星一个月3500: 最喜欢的不是niko？
[2026-02-22 03:01:40] 南小鸡丶advent: 怪不得玩机器老是心理有问题，对着一个自己恨的人一直吹我也玉玉
[2026-02-22 03:01:40] hahadotaer: 牛逼，这也有礼物收。。。
[2026-02-22 03:01:40] 下划线逗号下划线叹号: 原来真的有阳光信用分，豆大哥没骗我们啊
[2026-02-22 03:01:40] fazeclan的千早爱音: 怪不得玩机器老是心理有问题，对着一个自己恨的人一直吹我也玉玉
[2026-02-22 03:01:40] 用户0553661491: 又要捂嘴了🤭
[2026-02-22 03:01:41] 老阿靖: 怪不得玩机器老是心理有问题，对着一个自己恨的人一直吹我也玉玉
[2026-02-22 03:01:41] 爆爆爆开爆: 今天的弹幕也挺精彩的😄
[2026-02-22 03:01:41] 机器机器祝你幸福: 玩宝宝美美接蜜蜂商单，美美收蜂美礼物，弹幕气不气😁
[2026-02-22 03:01:41] 洁身自好处男有为青年: 车主也算干回来了
[2026-02-22 03:01:41] LvvsiN: 弹幕别吵了，银行业一样一样有有有也会有h'y'hui't'y'r's'c'dn
[2026-02-22 03:01:41] 玩口器Mouth: 一年十冠对社区环境的破坏太大了，还是十年不拿Maj0r的好，总能产出悲情剪辑让人共情
[2026-02-22 03:01:41] 哦可喜欢我: ROG赞助了本直播间 又赞助了小蜜蜂弹幕还不懂吗😁
[2026-02-22 03:01:42] 与其感慨前路难行: 兄弟们我感觉我今天状态不是很好啊，我今天状态非常不好啊，我感觉我应该，唉，我要不，我去调整一下心情吧
[2026-02-22 03:01:42] 千古恨轮回尝061: 玩大哥pay了布罗利多少米来转移视线
[2026-02-22 03:01:42] 偷哦嘘鞭贷拔: 怪不得玩机器老是心理有问题，对着一个自己恨的人一直吹我也玉玉
[2026-02-22 03:01:42] 柒忘825: 怪不得玩机器老是心理有问题，对着一个自己恨的人一直吹我也玉玉
[2026-02-22 03:01:42] crychic的tomori本人: 怪不得玩机器老是心理有问题，对着一个自己恨的人一直吹我也玉玉
[2026-02-22 03:01:42] 蜗牛蜗牛你快快走: 怪不得玩机器老是心理有问题，对着一个自己恨的人一直吹我也玉玉
[2026-02-22 03:01:43] JOhNsoN兆: 1.44拉了
[2026-02-22 03:01:43] 烤冷面枪男jks: 怪不得玩机器老是心理有问题，对着一个自己恨的人一直吹我也玉玉
[2026-02-22 03:01:43] 好姐妹芙卡洛斯: 蜂美不会原谅你的
[2026-02-22 03:01:43] Sereinily: 怪不得玩机器老是心理有问题，对着一个自己恨的人一直吹我也玉玉
[2026-02-22 03:01:43] 高松的灯ll: 感觉..没有弹幕精彩啊..
[2026-02-22 03:01:43] 驴驴伟伟major冠军: 怪不得玩机器老是心理有问题，对着一个自己恨的人一直吹我也玉玉
[2026-02-22 03:01:43] 斷H弦: 怎么不说键 鼠了
[2026-02-22 03:01:43] 暴力卓司: @ropz:晦气
[2026-02-22 03:01:43] 5字德神人: 怪不得玩机器老是心理有问题，对着一个自己恨的人一直吹我也玉玉
[2026-02-22 03:01:44] fazeclan的千早爱音: 怪不得玩机器老是心理有问题，对着一个自己恨的人一直吹我也玉玉
[2026-02-22 03:01:44] 忒斯特李逵: 玩神要开60scd堵大家的嘴了
[2026-02-22 03:01:44] 潮打空城寂寞回丿: 低了
[2026-02-22 03:01:44] 出生玩机器: 睦子米睦子米睦子米睦子米睦子米睦子
[2026-02-22 03:01:45] 蜗牛蜗牛你快快走: 怪不得玩机器老是心理有问题，对着一个自己恨的人一直吹我也玉玉
[2026-02-22 03:01:45] ahhhhhhhhhhhhhhhhhhh: 再也没有看弹幕聊天了😭😭😭以后只有公式化解说了
[2026-02-22 03:01:45] 玩大哥你的蚯蚓好小: 这弹幕又世界大战了，玩乐队的姐姐们去哪里了
[2026-02-22 03:01:45] SSE丶: 玩大哥，你别再夸载大哥了😭你的房管听不了这个😭
[2026-02-22 03:01:45] inflamer: 说喜欢不会被封吧
[2026-02-22 03:01:45] KevinTheFool: 我看这么精彩的肌肉对轰被弹幕毁了一半啊😅
[2026-02-22 03:01:45] LvvsiN: @阿汤日记：一个人，5发子弹，保住格陵兰岛。我不会叫它不可能完成的任务，我现在只想先回家看亦博
[2026-02-22 03:01:46] 烟然已去: 怪不得玩机器老是心理有问题，对着一个自己恨的人一直吹我也玉玉
[2026-02-22 03:01:46] 落叶悠哉落: 感觉..没有弹幕精彩啊..
[2026-02-22 03:01:46] 玩老鼠丶Roxy: 机器你不是老二次元吗，re0男主叫什么啊，我记得是什么什么刘
[2026-02-22 03:01:47] Crych1c的若叶睦本人: 1.44泯
[2026-02-22 03:01:47] UFO233: 一年十冠对社区环境的破坏太大了，还是十年不拿Maj0r的好，总能产出悲情剪辑让人共情
[2026-02-22 03:01:48] 詹跑跑还下跪: 你刚刚看弹幕了？原来你能看得见弹幕？
[2026-02-22 03:01:48] 海绵宝宝打野儿: 玩宝宝美美接蜜蜂商单，美美收蜂美礼物，弹幕气不气😁
[2026-02-22 03:01:48] 蜗牛蜗牛你快快走: 怪不得玩机器老是心理有问题，对着一个自己恨的人一直吹我也玉玉
[2026-02-22 03:01:48] 鸭硕的哈撒给: 1.44掉数据了
[2026-02-22 03:01:48] Buildup757: 捂嘴了又要
[2026-02-22 03:01:48] Nanoki33: 用了能不被偷正面吗
[2026-02-22 03:01:48] 丶丶Ken丶丶: 牛逼，这也有礼物收。。。
[2026-02-22 03:01:48] LvvsiN: 你屏蔽词都快赶上新华词典了为什么不干脆开一百级发言？
[2026-02-22 03:01:48] 玩柜子丶Mortis: 玩大哥，你别再夸载大哥了😭你的房管听不了这个😭ですわ
[2026-02-22 03:01:48] 若叶睦丶: 你怎么不送我车主的同款车
[2026-02-22 03:01:48] 鲶鱼大口吃屎: 怪不得玩机器老是心理有问题，对着一个自己恨的人一直吹我也玉玉
[2026-02-22 03:01:49] 巅峰社丶西门吹雪: 🐷🎤油变化了~🐷🎤油变化了~🐷🎤油变化了~🐷🎤油变化了~
[2026-02-22 03:01:49] 纸漓: 怪不得玩机器老是心理有问题，对着一个自己恨的人一直吹我也玉玉
[2026-02-22 03:01:49] 玩大哥你的蚯蚓好小: 玩大哥pay了布罗利多少米来转移视线
[2026-02-22 03:01:49] 玫丶瑰: 玩宝宝：蜜蜂 商单  我收了！
[2026-02-22 03:01:50] papacarrot: 怪不得玩机器老是心理有问题，对着一个自己恨的人一直吹我也玉玉
[2026-02-22 03:01:50] fazeclan的千早爱音: 怪不得玩机器老是心理有问题，对着一个自己恨的人一直吹我也玉玉
[2026-02-22 03:01:50] VioletEvegaden丶: 才1.44
[2026-02-22 03:01:50] TC异天藤: 怪不得玩机器老是心理有问题，对着一个自己恨的人一直吹我也玉玉
[2026-02-22 03:01:50] 纵横居士: 玩机器已经把弹幕显示关了，你们不送礼物他看不见
[2026-02-22 03:01:51] 保护头小头是个DD就好: senzu：惜败了，少了个senzu啊
[2026-02-22 03:01:51] hxyvraf: 怪不得玩机器老是心理有问题，对着一个自己恨的人一直吹我也玉玉
[2026-02-22 03:01:51] 白日梦之主: 数据体现不出ropz的伤害
[2026-02-22 03:01:51] 七就是幸运吧: @ropz:晦气
[2026-02-22 03:01:51] 蜗牛蜗牛你快快走: 怪不得玩机器老是心理有问题，对着一个自己恨的人一直吹我也玉玉
[2026-02-22 03:01:51] 菜星冲冲冲: 9ee
[2026-02-22 03:01:51] 菠萝王111: 玩大哥，你别再夸载大哥了😭你的房管听不了这个😭
[2026-02-22 03:01:51] LvvsiN: 你屏蔽词都快赶上新华词典了为什么不干脆开一百级发言？
[2026-02-22 03:01:51] 結城希亞: 怪不得玩机器老是心理有问题，对着一个自己恨的人一直吹我也玉玉
[2026-02-22 03:01:51] 地狱单骑竹井久: 怪不得玩机器老是心理有问题，对着一个自己恨的人一直吹我也玉玉
[2026-02-22 03:01:52] XyUUuUuuuU: 👩🏻
[2026-02-22 03:01:52] MeIoN39: 捂嘴了又要
[2026-02-22 03:01:52] 为什么改名伍个字: p90
[2026-02-22 03:01:52] 微笑灬雨凝: 你刚刚看弹幕了？原来你能看得见弹幕？
[2026-02-22 03:01:52] 玩猴爪丶MonkeyPaw: 怪不得玩机器老是心理有问题，对着一个自己恨的人一直吹我也玉玉
[2026-02-22 03:01:52] 偷哦嘘鞭贷拔: 怪不得玩机器老是心理有问题，对着一个自己恨的人一直吹我也玉玉
[2026-02-22 03:01:52] 海绵宝宝农批儿: 玩神要开60scd堵大家的嘴了
[2026-02-22 03:01:52] 玩机器之霸: 怪不得玩机器老是心理有问题，对着一个自己恨的人一直吹我也玉玉
[2026-02-22 03:01:52] HaibaraAi1109: 怪不得玩机器老是心理有问题，对着一个自己恨的人一直吹我也玉玉
[2026-02-22 03:01:53] 烟然已去: 怪不得玩机器老是心理有问题，对着一个自己恨的人一直吹我也玉玉
[2026-02-22 03:01:53] 不改名真的不中奖呀Cc: 怪不得玩机器老是心理有问题，对着一个自己恨的人一直吹我也玉玉
[2026-02-22 03:01:53] Hitagi蟹蟹: 玩大哥，你别再夸载大哥了😭你的房管听不了这个😭
[2026-02-22 03:01:56] 蜗牛蜗牛你快快走: 怪不得玩机器老是心理有问题，对着一个自己恨的人一直吹我也玉玉
[2026-02-22 03:01:56] LvvsiN: 孩子们快跑，马修赫伯特来了😨卧槽你的怎么是马枪和BOT
[2026-02-22 03:01:56] 爆爆爆开爆: 这么恨小蜜蜂还要接商单啊....nb
[2026-02-22 03:01:56] C9的achine6658本人: 神人甲方给恨载主播发商单
[2026-02-22 03:01:56] 每天都被穷醒: 怪不得玩机器老是心理有问题，对着一个自己恨的人一直吹我也玉玉
[2026-02-22 03:01:56] 玩神的欢喜好有嚼劲: 怪不得玩机器老是心理有问题，对着一个自己恨的人一直吹我也玉玉
[2026-02-22 03:01:56] 瞄准高高手: 怪不得玩机器老是心理有问题，对着一个自己恨的人一直吹我也玉玉
[2026-02-22 03:01:56] fazeclan的千早爱音: 怪不得玩机器老是心理有问题，对着一个自己恨的人一直吹我也玉玉
[2026-02-22 03:01:56] 谁让我叫曹三岁: 怪不得玩机器老是心理有问题，对着一个自己恨的人一直吹我也玉玉
[2026-02-22 03:01:56] 水人波糕猛犸颠勺: 1.44泯了
[2026-02-22 03:01:56] 凛月尹: 怪不得玩机器老是心理有问题，对着一个自己恨的人一直吹我也玉玉
[2026-02-22 03:01:56] 斯坦福桥突破手: 怪不得玩机器老是心理有问题，对着一个自己恨的人一直吹我也玉玉
[2026-02-22 03:01:56] HisuiHearts: 玩大哥，你别再夸载大哥了😭你的房管听不了这个😭
[2026-02-22 03:01:56] 蜗牛蜗牛你快快走: 怪不得玩机器老是心理有问题，对着一个自己恨的人一直吹我也玉玉
[2026-02-22 03:01:56] Shatter666: 玩大哥，你别再夸载大哥了😭你的房管听不了这个😭ですわ
[2026-02-22 03:01:56] LvvsiN: 玩 出，我双倍呢？😡😡玩 出，我双倍呢？😡😡玩 出，我双倍呢？😡😡玩 出，我双倍呢？😡
[2026-02-22 03:01:56] 刘旭的跌: 玩大哥，你别再夸载大哥了😭你的房管听不了这个😭ですわ
[2026-02-22 03:01:56] 专看玩机器的号: 🐷🎤油变化了~🐷🎤油变化了~🐷🎤油变化了~🐷🎤油变化了~
[2026-02-22 03:01:56] always铁棍民: 9ee
[2026-02-22 03:01:56] 玩学生丶BlueArchive: 玩大哥，你别再夸载大哥了😭你的房管听不了这个😭
[2026-02-22 03:01:56] Goodnite: 玩大哥，你别再夸载大哥了😭你的房管听不了这个😭
[2026-02-22 03:01:56] 真的没排面: 1.44泯了
[2026-02-22 03:01:56] 突厥的adc: 别吹载物了，你也想被4️⃣8️⃣布罗利封吗？
[2026-02-22 03:01:56] 十点差49分: 1.44掉数据了
[2026-02-22 03:01:56] 丶小恐龙丶: 怪不得玩机器老是心理有问题，对着一个自己恨的人一直吹我也玉玉
[2026-02-22 03:01:56] 泠鸢不是冷鸢丶: 怪不得玩机器老是心理有问题，对着一个自己恨的人一直吹我也玉玉
[2026-02-22 03:01:57] 什么名字都被用了诶: 感觉车主有点低了
[2026-02-22 03:01:57] 风雨晚烟: 怪不得玩机器老是心理有问题，对着一个自己恨的人一直吹我也玉玉
[2026-02-22 03:01:57] 风格如果111: 怪不得玩机器老是心理有问题，对着一个自己恨的人一直吹我也玉玉
[2026-02-22 03:01:57] 番茄酱终结者: 怪不得玩机器老是心理有问题，对着一个自己恨的人一直吹我也玉玉
[2026-02-22 03:01:57] last玩神丶: @ropz:晦气
[2026-02-22 03:01:58] 高松的灯ll: 1.44掉数据了
[2026-02-22 03:01:58] 茂名水鬼: 你刚刚看弹幕了？原来你能看得见弹幕？
[2026-02-22 03:01:58] 规范规定高度: 一年十冠对社区环境的破坏太大了，还是十年不拿Maj0r的好，总能产出悲情剪辑让人共情
[2026-02-22 03:01:58] 究极嬲嬲怪: 怪不得玩机器老是心理有问题，对着一个自己恨的人一直吹我也玉玉
[2026-02-22 03:01:58] 拿铁少点冰: 玩大哥，越南那批货出掉了，接下来你会看到很多陌生ID给你刷礼物，那是我买的机器人，货款这样给你结
[2026-02-22 03:01:58] 云边有条小侏如: 怪不得玩机器老是心理有问题，对着一个自己恨的人一直吹我也玉玉
[2026-02-22 03:01:58] fazeclan的千早爱音: 怪不得玩机器老是心理有问题，对着一个自己恨的人一直吹我也玉玉
[2026-02-22 03:01:59] 大裂谷的登山家: 1.44掉数据了
[2026-02-22 03:01:59] arcticdawn: 你怎么不送我车主的同款车
[2026-02-22 03:01:59] Gverense: 怪不得玩机器老是心理有问题，对着一个自己恨的人一直吹我也玉玉
[2026-02-22 03:01:59] 海绵宝宝农批儿: 这么恨小蜜蜂还要接商单啊....nb
[2026-02-22 03:01:59] 寻之阡陌: 怪不得玩机器老是心理有问题，对着一个自己恨的人一直吹我也玉玉
[2026-02-22 03:01:59] 玩机机的器巴: 怪不得玩机器老是心理有问题，对着一个自己恨的人一直吹我也玉玉
[2026-02-22 03:01:59] z964926037: 玩神要开60scd堵大家的嘴了
[2026-02-22 03:02:00] 拙劣的演员马修赫伯特: -1.86
[2026-02-22 03:02:00] handsomesuperme: 玩大哥，你别再夸载大哥了😭你的房管听不了这个😭
[2026-02-22 03:02:00] Zxj1ing:  怪不得玩机器老是心理有问题，对着一个自己恨的人一直吹我也玉玉
[2026-02-22 03:02:00] 古怪的一个人: 1.44泯了
[2026-02-22 03:02:01] 紫裳酱: 这么恨小蜜蜂还要接商单啊....nb
[2026-02-22 03:02:01] 玩圣我想进群: 怪不得玩机器老是心理有问题，对着一个自己恨的人一直吹我也玉玉
[2026-02-22 03:02:01] 没有糖的棒棒糖1: 怪不得玩机器老是心理有问题，对着一个自己恨的人一直吹我也玉玉
[2026-02-22 03:02:05] LvvsiN: 为什么房管封的不能给鱼丸……还以为今天晚上得吃了……
[2026-02-22 03:02:05] 宫监手放监: ROG赞助了本直播间 又赞助了小蜜蜂弹幕还不懂吗😁
[2026-02-22 03:02:05] 灯塔上的雾34556: 　　　 1.44掉数据了
[2026-02-22 03:02:05] 用户80930680: 怪不得玩机器老是心理有问题，对着一个自己恨的人一直吹我也玉玉
[2026-02-22 03:02:05] mfbyj: 6666666666
[2026-02-22 03:02:05] 玩神的欢喜好有嚼劲: 别吹载物了，你也想被4️⃣8️⃣布罗利封吗？
[2026-02-22 03:02:05] 突厥的adc: 别吹载物了，你也想被4️⃣8️⃣布罗利封吗？
[2026-02-22 03:02:05] RyougiAqua: 玩大哥，你别再夸载大哥了😭你的房管听不了这个😭
[2026-02-22 03:02:05] SDBRK666: 怪不得玩机器老是心理有问题，对着一个自己恨的人一直吹我也玉玉
[2026-02-22 03:02:05] TL的EliGE本人: 怪不得玩机器老是心理有问题，对着一个自己恨的人一直吹我也玉玉
[2026-02-22 03:02:05] 99组的爱城华恋本人: 怪不得玩机器老是心理有问题，对着一个自己恨的人一直吹我也玉玉
[2026-02-22 03:02:05] 大颗寿司玩机器: 玩大哥，你别再夸载大哥了😭你的房管听不了这个😭
[2026-02-22 03:02:05] 石家庄的刘亦博本人: 玩大哥，你别再夸载大哥了😭你的房管听不了这个😭
[2026-02-22 03:02:05] 杨幂夸我帅: 数据体现不出ropz的伤害
[2026-02-22 03:02:05] fazeclan的千早爱音: 怪不得玩机器老是心理有问题，对着一个自己恨的人一直吹我也玉玉
