# room_id=6979222 host=玩机器丶Machine title=小众宝藏结晶直播 live_time= fetch_time=2026-02-21 23:45:46
[2026-02-21 23:51:14] 鵷鶵籲天兮滴血千里: fk kg
[2026-02-21 23:51:14] Bellaire123: 有王楚q那味了，全场观众都在应援，比赛又遮又脏，赛后输了全体高喊你最棒🤣🤣🤣
[2026-02-21 23:51:14] HCS118: 晚 出
[2026-02-21 23:51:15] 用户87594568: 哈基米哈基米哈基米哈基米哈基米哈基米
[2026-02-21 23:51:15] 里约钻石币拥有者: 粉毛goat肯定是圣园未花啊
[2026-02-21 23:51:15] 绝食十年攒爱top3飞机: 粉毛goat肯定是圣园未花啊
[2026-02-21 23:51:15] forrrk: m4是谁
[2026-02-21 23:51:15] 玩机器的大卫戴: 🧊能不能管好自己家孩子？我家尼尼犯错用得着外人批评吗？
[2026-02-21 23:51:15] Collapsar00123: @老汤日记:丹麦总统让我静音接触白宫，这应该是我最后一次看儿子直播了，机器，我爱你...
[2026-02-21 23:51:15] 花落去时燕归来: fk PGL
[2026-02-21 23:51:15] 冲上云霄的姨: 这就是接终末地商单的代价。。。
[2026-02-21 23:51:15] 哦斯特哦哦: 菲比啾比｡･ω･｡ノ
[2026-02-21 23:51:15] 玩玩的丸丸软又弹: @jame：我不爱pgl…
[2026-02-21 23:51:15] LvvsiN: 你为什么要把mαjor禁了，我收藏的一半弹幕全毁了
[2026-02-21 23:51:15] 咕宝加油: 有躺在床上的兄弟吗？我发现晚上的时候躺床上把被子盖好然后闭上眼睛会很舒服，你们可以试试
[2026-02-21 23:51:15] sandchicken: kg能不能给库洛送钱
[2026-02-21 23:51:15] 倾盆大rain: @stewie2k：ofc，这就是玩机器
[2026-02-21 23:51:15] YEKINDAR: 还有人问jame为什么掉线，是玩畜让pgl把局域网换成石家庄电信了
[2026-02-21 23:51:15] sedog111: 弹幕骂的越多封的越多，封的越多弹幕越少，弹幕越多弹幕越少
[2026-02-21 23:51:15] 爱淡茶未凉: fk PGL
[2026-02-21 23:51:15] 卡啊卡卡丶: 弹幕刷慢点，我就如同device一样已经不胜当年了，现在经常+空
[2026-02-21 23:51:15] 中野家的三玖丈夫本人: 哪个角色符合以下条件——粉毛，累充送，困在时间循环 A：昔涟 B：爱弥斯
[2026-02-21 23:51:15] 炒鸡胸di爱疯: @莫塔里家的珂莱塔本人：粉毛goat肯定是圣园未花啊
[2026-02-21 23:51:15] arimrs: 千早爱音都比不过还goat上了
[2026-02-21 23:51:15] 小肉包喷香: 爱弥斯🥰千咲🥰尤诺🥰莫宁🥰珂莱塔🥰菲比🥰卡提希娅🥰玩机器🤮
[2026-02-21 23:51:18] Shadow丶zed: 菲比啾比｡･ω･｡ノ
[2026-02-21 23:51:18] LvvsiN: 南孚一节更比六节强，也就是一节南孚比六节南孚强，六节南孚比三十六节强，三十六节比二百一十六节强
[2026-02-21 23:51:18] 灵耀ii:  🧊能不能管好自己家孩子？我家尼尼犯错用得着外人批评吗？
[2026-02-21 23:51:18] 火猫一哥亦博易勃: 弹幕nb，小心等下玩大哥又登山了......
[2026-02-21 23:51:18] 科斯特菲菲: 有可能此生唯一的mvp被偷走了
[2026-02-21 23:51:18] 长期素食从不熬夜: 藕粉又哦又嘘又鞭又输后真在评论区干回来了啊😧
[2026-02-21 23:51:18] MrFutaba33: 千早爱音都比不过还goat上了
[2026-02-21 23:51:18] OMGlionKing: 冷知识 玩÷只爱💴 从喷他还要买门票就能看出来...
[2026-02-21 23:51:18] 菅原小吉: 防A门碗橱
[2026-02-21 23:51:18] 年过十八又聋又瞎: 藕粉又哦又嘘又鞭又输后真在评论区干回来了啊😧
[2026-02-21 23:51:18] Sp1ke19: 弹幕骂的越多封的越多，封的越多弹幕越少，弹幕越多弹幕越少
[2026-02-21 23:51:18] 规范规定高度: nota装死的，niko看穿了
[2026-02-21 23:51:18] 负面務杀: 藕粉又哦又嘘又鞭又输后真在评论区干回来了啊😧
[2026-02-21 23:51:18] 空气力学的先驱: 你但凡把颂乐人偶看完也不会没有二次元帮你清理环境
[2026-02-21 23:51:18] 伢牙luo: 藕粉又哦又嘘又鞭又输后真在评论区干回来了啊😧
[2026-02-21 23:51:18] Ephemerality137: 爱弥斯🥰千咲🥰尤诺🥰莫宁🥰珂莱塔🥰菲比🥰卡提希娅🥰玩机器🤮
[2026-02-21 23:51:19] NiKkiRain: 你但凡把颂乐人偶看完也不会没有二次元帮你清理环境
[2026-02-21 23:51:19] 无限制的场: 藕粉又哦又嘘又鞭又输后真在评论区干回来了啊😧
[2026-02-21 23:51:19] 丹麦国王device: 我叫董小倩，我的初恋叫叶枝高，他呆呆地，像颗冬瓜，我爱叫他傻冬瓜，他总说自己不傻，很强，是冬瓜强
[2026-02-21 23:51:19] 李柚巴: 现在只有device退役才能拯救弹幕环境有感觉吗
[2026-02-21 23:51:19] KsIrving: 哈哈哈哈哈哈哈哈哈
[2026-02-21 23:51:19] 与沫与婷: 千早爱音都比不过还goat上了
[2026-02-21 23:51:19] 圆头耄耋: 这就是接终末地商单的代价。。。
[2026-02-21 23:51:19] 杀鱼杀主宰: 　　　 你但凡把颂乐人偶看完也不会没有二次元帮你清理环境
[2026-02-21 23:51:19] 冲上云霄的姨: 弹幕刷慢点，我就如同device一样已经不胜当年了，现在经常+空
[2026-02-21 23:51:23] LvvsiN: @阿汤日记：一个人，5发子弹，保住格陵兰岛。我不会叫它不可能完成的任务，我现在只想先回家看亦博
[2026-02-21 23:51:23] 杨了个羊羊杨: 爱弥斯🥰千咲🥰尤诺🥰莫宁🥰珂莱塔🥰菲比🥰卡提希娅🥰玩机器🤮
[2026-02-21 23:51:23] Kis4ki: 粉毛goat肯定是圣园未花啊
[2026-02-21 23:51:23] Skyll-: 千早爱音都比不过还goat上了
[2026-02-21 23:51:23] 好姐妹阿尔图图罗: 爱弥斯不是原神的角色吗？
[2026-02-21 23:51:23] 猫鼬斩Zz: 菲比啾比｡･ω･｡ノ
[2026-02-21 23:51:23] 好哥们山上撤也: 千早爱音都比不过还goat上了
[2026-02-21 23:51:23] G4RYPU: 艾泼斯坦档案最新解密：玩■■■■■■，■■玩■■■
[2026-02-21 23:51:23] 逮捕杰尼龟1: fk PGL
[2026-02-21 23:51:23] 企业级二刺螈: 藕粉又哦又嘘又鞭又输后真在评论区干回来了啊😧
[2026-02-21 23:51:23] 绝食十年攒爱top3飞机: 有可能此生唯一的mvp被偷走了
[2026-02-21 23:51:23] 我就喜欢丰川祥子: 千早爱音都比不过还goat上了
[2026-02-21 23:51:23] 古战场侠客: nota装死的，niko看穿了
[2026-02-21 23:51:23] 谁决定谁的未来: @stewie2k：ofc，这就是玩机器
[2026-02-21 23:51:23] 1229218495: 爱弥斯🥰千咲🥰尤诺🥰莫宁🥰珂莱塔🥰菲比🥰卡提希娅🥰玩机器🤮
[2026-02-21 23:51:23] 米米世界之神: 到头来还得靠我们KG来净化弹幕,OP洲批全隐身了🤭
[2026-02-21 23:51:23] 肘一郎: 卧槽，细细的蓝线发新视频了，nota有颗金子般的心 所以niko行政休假了
[2026-02-21 23:51:23] SpectacularBid: @stewie2k：ofc，这就是玩机器
[2026-02-21 23:51:23] 倾盆大rain: @stewie2k：ofc，这就是玩机器
[2026-02-21 23:51:23] Vitality的羽贺文乃本人: kg没完了，0p也刷点礼物救一下啊
[2026-02-21 23:51:23] 几气瓤败掰茂猫枸寄: 现在只有device退役才能拯救弹幕环境有感觉吗
[2026-02-21 23:51:23] 苦来兮苦的祥子本人: 酷狗🤮酷狗🤮酷狗🤮酷狗🤮酷狗🤮酷狗🤮酷狗🤮酷狗🤮
[2026-02-21 23:51:23] 冷淡ld: 氪不起2000的op已疾苦
[2026-02-21 23:51:23] 玩指挥丶NiKo: 千早爱音都比不过还goat上了
[2026-02-21 23:51:23] 火魔创造: 藕粉又哦又嘘又鞭又输后真在评论区干回来了啊😧
[2026-02-21 23:51:23] MSK枫: 粉毛goat肯定是塔菲啊，难不成是千早爱音？
[2026-02-21 23:51:25] Arianphy: 千早爱音都比不过还goat上了
[2026-02-21 23:51:25] 芝士每天都很困: 千早爱音都比不过还goat上了
[2026-02-21 23:51:25] 永远亭的辉夜本人: 藕粉又哦又嘘又鞭又输后真在评论区干回来了啊😧nya~
[2026-02-21 23:51:25] 神马米洛: 粉毛goat应该是爱音吧
[2026-02-21 23:51:25] Aquariumm: pnb还有人洗啊。。。gl
[2026-02-21 23:51:25] efsd8: mxz又来帆船了
[2026-02-21 23:51:25] 漩涡章鱼: 有躺在床上的兄弟吗？我发现晚上的时候躺床上把被子盖好然后闭上眼睛会很舒服，你们可以试试
[2026-02-21 23:51:25] 君尧丶丶: 千早爱音都比不过还goat上了
[2026-02-21 23:51:25] Raven只羡鸳鸯: nota装死的，niko看穿了
[2026-02-21 23:51:25] 北枫278: 菲比啾比｡･ω･｡ノ
[2026-02-21 23:51:29] 一颗赛停: 千早爱音都比不过还goat上了
[2026-02-21 23:51:29] 魔法师Saber: 千早爱音都比不过还goat上了
[2026-02-21 23:51:29] 99组的爱城华恋本人: 弹幕骂的越多封的越多，封的越多弹幕越少，弹幕越多弹幕越少
[2026-02-21 23:51:29] 里约钻石币拥有者: 你但凡把颂乐人偶看完也不会没有二次元帮你清理环境
[2026-02-21 23:51:29] LvvsiN: 就tm喜欢银行业🥰银行坏账我喜欢🥰银行挤兑我还喜欢😍利率调低我也喜欢🤤老子亲烂银行业的脸😘
[2026-02-21 23:51:29] 123summera: 来了
[2026-02-21 23:51:29] 用户04456631: 千早爱音都比不过还goat上了
[2026-02-21 23:51:29] 绝食十年攒爱top3飞机: 艾泼斯坦档案最新解密：玩■■■■■■，■■玩■■■
[2026-02-21 23:51:29] gggaligeigei: 现在只有device退役才能拯救弹幕环境有感觉吗
[2026-02-21 23:51:29] 冲上云霄的姨: 你但凡把颂乐人偶看完也不会没有二次元帮你清理环境
[2026-02-21 23:51:29] skyAPEX: 藕粉又哦又嘘又鞭又输后真在评论区干回来了啊😧
[2026-02-21 23:51:29] 玩机器是我霸: 大家别上当 你送了牌子也得到15级才能发言 哦不 现在是21级🤭
[2026-02-21 23:51:29] 让我扣扣need: major
[2026-02-21 23:51:29] Milkshakechs: 丰川祥子😍你那张小脸怎么那么可爱啊🥰老子亲死你🤤就喜欢你那股落魄大小姐的劲儿😡拆队是吧🥰当客服是吧😍摆臭脸是吧😘越臭老子越爱亲😘亲烂你那张臭
[2026-02-21 23:51:29] 白日梦之主: 千早爱音都比不过还goat上了
[2026-02-21 23:51:29] 僧杌:     你但凡把颂乐人偶看完也不会没有二次元帮你清理环境
[2026-02-21 23:51:29] 玉米卧槽: 爱弥斯🥰千咲🥰尤诺🥰莫宁🥰珂莱塔🥰菲比🥰卡提希娅🥰玩机器🤮
[2026-02-21 23:51:29] 虚心坦懐: @stewie2k：ofc，这就是玩机器
[2026-02-21 23:51:29] 腋毛老狗子: nota装死的，niko看穿了
[2026-02-21 23:51:29] EWH71: 千早爱音都比不过还goat上了
[2026-02-21 23:51:29] 天魔外道y: @stewie2k：ofc，这就是玩机器
[2026-02-21 23:51:29] BushGomen: 真别带节奏了，失去这个茅坑以后怎么拉大的
[2026-02-21 23:51:29] 尤里大泽: 菲比啾比｡･ω･｡ノ
[2026-02-21 23:51:29] 玩玩机器机机: 千早爱音都比不过还goat上了
[2026-02-21 23:51:29] 礁石222: 爱弥斯🥰千咲🥰尤诺🥰莫宁🥰珂莱塔🥰菲比🥰卡提希娅🥰弗洛洛🤮
[2026-02-21 23:51:29] 刷了送送了刷: 爱弥斯不是原神的角色吗？
[2026-02-21 23:51:29] 点6657护航1下午炸单8把: 　　　 千早爱音都比不过还goat上了
[2026-02-21 23:51:33] 好兄弟晓山瑞希: @🗿：弹幕越活越倒退了，不想着科研开始纠结尊重尸体了……
[2026-02-21 23:51:33] 好哥们小青蛙: 我想当下等人可以退我五块吗
[2026-02-21 23:51:33] LvvsiN: 你屏蔽词都快赶上新华词典了为什么不干脆开一百级发言？
[2026-02-21 23:51:33] 中野家的三玖丈夫本人: 千早爱音都比不过还goat上了
[2026-02-21 23:51:33] 我真是个憨批: 千早爱音都比不过还goat上了
[2026-02-21 23:51:33] 荆棘小白兔: 你但凡把颂乐人偶看完也不会没有二次元帮你清理环境
[2026-02-21 23:51:33] 中X千早爱音: @stewie2k：ofc，这就是玩机器
[2026-02-21 23:51:33] 玩机器是我霸: 大家别上当 你送了牌子也得到15级才能发言 哦不 现在是21级🤭
[2026-02-21 23:51:33] 狗头老板: 千早爱音都比不过还goat上了
[2026-02-21 23:51:33] 天魔外道y: @stewie2k：ofc，这就是玩机器
[2026-02-21 23:51:33] sin橡皮妮i: “玩机器呢？”高年级的学生在走廊上暴喝，寻找他的身影，趴在小便池里的玩机器微微一笑：“龙潜于渊”
[2026-02-21 23:51:33] 飞飞宙宙S赛冠军: 到头来还得靠我们KG来净化弹幕,OP洲批全隐身了🤭
[2026-02-21 23:51:33] 宫城县的仙台本人: 千早爱音都比不过还goat上了
[2026-02-21 23:51:33] OMGlionKing: 冷知识 玩÷只爱💴 从喷他还要买门票就能看出来...
[2026-02-21 23:51:33] 马信亦博特: 到头来还得靠我们KG来净化弹幕,OP洲批全隐身了🤭
[2026-02-21 23:51:33] Ikaros132: 千早爱音都比不过还goat上了
[2026-02-21 23:51:33] 玩弓箭、Arrow: 你但凡把颂乐人偶看完也不会没有二次元帮你清理环境
[2026-02-21 23:51:33] 绝食十年攒爱top3飞机: 弹幕骂的越多封的越多，封的越多弹幕越少，弹幕越多弹幕越少
[2026-02-21 23:51:33] 秋刀魚Son: 千早爱音都比不过还goat上了
[2026-02-21 23:51:33] 乐EE: 你这个状态不是很好啊，我感觉你状态非常不好啊，要不，哎，要不你去休息一下吧
[2026-02-21 23:51:33] 玩斯特机机: @stewie2k：ofc，这就是玩机器
[2026-02-21 23:51:33] Kis4ki: 艾泼斯坦档案最新解密：玩■■■■■■，■■玩■■■
[2026-02-21 23:51:33] 猜猜他是who: 你但凡把颂乐人偶看完也不会没有二次元帮你清理环境
[2026-02-21 23:51:33] 米米世界之神: 到头来还得靠我们KG来净化弹幕,OP洲批全隐身了🤭
[2026-02-21 23:51:33] 沉浮柠楹: 千早爱音都比不过还goat上了
[2026-02-21 23:51:33] 卡啊卡卡丶: [一半生活电视]100个小 偷：设备已经被长凳因为一名瑞典女孩，欢迎简单作为新球员
[2026-02-21 23:51:33] 99组的爱城华恋本人: @stewie2k：ofc，这就是玩机器
[2026-02-21 23:51:33] 冲上云霄的姨: 大家别上当 你送了牌子也得到15级才能发言 哦不 现在是21级🤭
[2026-02-21 23:51:35] 天魔外道y: @stewie2k：ofc，这就是玩机器
[2026-02-21 23:51:35] 福山雅治水: 怀念最好的五人组：爱弥斯（已下放），弗洛洛（已下沉），今汐（已德州），卡提希娅（已登山），千咲（已h
[2026-02-21 23:51:35] 玩指挥丶NiKo: 艾泼斯坦档案最新解密：玩■■■■■■，■■玩■■■
[2026-02-21 23:51:35] G4RYPU: 艾泼斯坦档案最新解密：玩■■■■■■，■■玩■■■
[2026-02-21 23:51:35] 印度炉石王: 现在等级是多少 怎么少了这么多弹幕
[2026-02-21 23:51:35] 学习2: 千早爱音都比不过还goat上了
[2026-02-21 23:51:35] 女武神布伦希尔德: 爱弥斯🥰千咲🥰尤诺🥰莫宁🥰珂莱塔🥰菲比🥰卡提希娅🥰玩机器🤮
[2026-02-21 23:51:35] 繁花一梦i: 你但凡把颂乐人偶看完也不会没有二次元帮你清理环境
[2026-02-21 23:51:35] Device的叠Twistzz: 千早爱音都比不过还goat上了
[2026-02-21 23:51:35] 森林与雁: @stewie2k：ofc，这就是玩机器
[2026-02-21 23:51:35] 用户0268784457: -14
[2026-02-21 23:51:35] 星熠月明喵: 千早爱音都比不过还goat上了
[2026-02-21 23:51:35] 白河日和: 清理二游⭕️清理二游⭕️清理二游⭕️清理二游⭕️清理二游⭕️
[2026-02-21 23:51:37] BodyDog绿龙zont1x本人: -16
[2026-02-21 23:51:38] 玩手机丶phone: @nota:我最喜欢的选手是Niko@Niko：💀🔫😆
[2026-02-21 23:51:38] WS的草薙宁宁本人: 你但凡把颂乐人偶看完也不会没有二次元帮你清理环境
[2026-02-21 23:51:38] 僧杌: @🗿：弹幕越活越倒退了，不想着科研开始纠结尊重尸体了……
[2026-02-21 23:51:38] 似北海飘零ovo: 爱弥斯🥰千咲🥰尤诺🥰莫宁🥰珂莱塔🥰菲比🥰卡提希娅🥰玩机器🤮
[2026-02-21 23:51:38] 好姐妹茅森月歌: 千早爱音都比不过还goat上了
[2026-02-21 23:51:38] Kis4ki: 艾泼斯坦档案最新解密：玩■■■■■■，■■玩■■■
[2026-02-21 23:51:38] 古偶女主苏幽璃: 感觉不如最自由的吊人
[2026-02-21 23:51:38] 杂鱼怡然香菇菇: 千早爱音都比不过还goat上了
[2026-02-21 23:51:38] 用户5608006019: pnb还有人洗啊。。。gl
[2026-02-21 23:51:39] 没有逗猫棒: 粉毛goat不是千早爱音？
[2026-02-21 23:51:39] 辻仓朱比华: @stewie2k：ofc，这就是玩机器
[2026-02-21 23:51:39] 玩斯特机机: 千早爱音都比不过还goat上了
[2026-02-21 23:51:39] Maybextime: 啵啵
[2026-02-21 23:51:39] Arianphy: @stewie2k：ofc，这就是玩机器
[2026-02-21 23:51:39] Milkshakechs: 但是丰川祥子高超那一刻就是初华露出獠牙的时刻！10毫升，20毫升，30毫升，哇这波初华全都接住了！
[2026-02-21 23:51:39] 玩五花、红烧肉: @千早爱音：我依然是世一粉毛
[2026-02-21 23:51:39] dark1337: 千早爱音都比不过还goat上了
[2026-02-21 23:51:39] 图帕雷松: @jame:这玩处也得防着点
[2026-02-21 23:51:39] 机器能别吹了吗: 玩大哥我真晕了，鞭尸到底该不该狠骂啊，去年薯薯被猛骂，这次虾虾我应该出击吗
[2026-02-21 23:51:39] 用户1181920443: 卧槽老汤一边在格陵兰岛跟老美对枪一边在游戏里被人鞭😭😭😭
[2026-02-21 23:51:39] 天魔外道y: @stewie2k：ofc，这就是玩机器
[2026-02-21 23:51:39] 近藤天音男友: 千早爱音都比不过还goat上了
[2026-02-21 23:51:39] Vitality的羽贺文乃本人: 千早爱音都比不过还goat上了
[2026-02-21 23:51:39] 玩侄女Doloris: 千早爱音都比不过还goat上了
[2026-02-21 23:51:39] 2382826: 千早爱音都比不过还goat上了
[2026-02-21 23:51:39] Rotten奇遇记: @stewie2k：ofc，这就是玩机器
[2026-02-21 23:51:39] 玩机器的大卫戴: 登山要素快齐了兄弟们带波加拿大兄弟节奏😋
[2026-02-21 23:51:40] 强哥让标志改发言到10: 千早爱音都比不过还goat上了
[2026-02-21 23:51:42] 1791496105: 现在等级是多少 怎么少了这么多弹幕
[2026-02-21 23:51:42] 用户5608006019: 艾泼斯坦档案最新解密：玩■■■■■■，■■玩■■■
[2026-02-21 23:51:42] 丢你雷姆吔屎啦你:  @米米世界之神：到头来还得靠我们KG来净化弹幕,OP洲批全隐身了🤭
[2026-02-21 23:51:42] 繁花一梦i: 千早爱音都比不过还goat上了
[2026-02-21 23:51:42] 少年阿弈: 感觉没Apex自由
[2026-02-21 23:51:42] Ceeee丶: @千早爱音：我依然是世一粉毛
[2026-02-21 23:51:42] Kis4ki: 艾泼斯坦档案最新解密：玩■■■■■■，■■玩■■■
[2026-02-21 23:51:42] 我就喜欢丰川祥子: 千早爱音都比不过还goat上了
[2026-02-21 23:51:42] chordclef: @stewie2k：ofc，这就是玩机器
[2026-02-21 23:51:42] 炒鸡胸di爱疯: 你但凡把颂乐人偶看完也不会没有二次元帮你清理环境
[2026-02-21 23:51:42] 规范规定高度: 冷知识 玩÷只爱💴 从喷他还要买门票就能看出来...
[2026-02-21 23:51:42] 绝食十年攒爱top3飞机: @stewie2k：ofc，这就是玩机器
[2026-02-21 23:51:42] 用户5084373421: 千早爱音都比不过还goat上了
[2026-02-21 23:51:42] 犭火夕卜其斤: 到头来还得靠我们KG来净化弹幕,OP洲批全隐身了🤭
[2026-02-21 23:51:42] RoseIia的凑友希那本人: 千早爱音都比不过还goat上了
[2026-02-21 23:51:42] LvvsiN: 男人一生只哭十八次：niko十七次梦碎major正赛, niko梦碎里约major RMR＼
[2026-02-21 23:51:42] 硫氦氧丶: 怀念最好的五人组：爱弥斯（已下放），弗洛洛（已下沉），今汐（已德州），卡提希娅（已登山），千咲（已h
[2026-02-21 23:51:42] 二次箱庭: 千早爱音都比不过还goat上了
[2026-02-21 23:51:42] 椎名立希的泪痣: 千早爱音都比不过还goat上了
[2026-02-21 23:51:46] 细菌P: @唯爱孩孩：是尼➗硬要我来抱团的！鞭也是👽指挥的！已切割！
[2026-02-21 23:51:46] xjdnshxjdka: @千早爱音：我依然是世一粉毛
[2026-02-21 23:51:46] ihoo侗萌首席联络官: 罪罚换donk无敌了
[2026-02-21 23:51:46] 火星情报员工: @千早爱音：我依然是世一粉毛
[2026-02-21 23:51:46] 南小鸡丶advent: 粉毛goat肯定是🐷啊
[2026-02-21 23:51:46] Timeshifted: 现在等级是多少 怎么少了这么多弹幕
[2026-02-21 23:51:46] 天魔外道y: 千早爱音都比不过还goat上了
[2026-02-21 23:51:46] 我是赛马娘高手: @stewie2k：ofc，这就是玩机器
[2026-02-21 23:51:46] LvvsiN: 屏幕中间弹幕这么狂？站那不走了还剧透分，你当你是主办方？？
[2026-02-21 23:51:46] 听说改名能中奖是八: 到头来还得靠我们KG来净化弹幕,OP洲批全隐身了🤭
[2026-02-21 23:51:46] 瑶瑶鸽技粉: 感觉没有apex字由啊
[2026-02-21 23:51:46] 卡啊卡卡丶: @stewie2k：ofc，这就是玩机器
[2026-02-21 23:51:46] 杂鱼怡然香菇菇: 千早爱音都比不过还goat上了
[2026-02-21 23:51:46] 新吉翁的奥黛丽本人: 千早爱音都比不过还goat上了
[2026-02-21 23:51:46] 永远爱玩宝宝: 你们等niko拿m@jor冠军后我和你们挨个清算吧！
[2026-02-21 23:51:46] 炒鸡胸di爱疯: 粉毛goat肯定是千早爱音啊
[2026-02-21 23:51:46] lonhkfd: @stewie2k：ofc，这就是玩机器
[2026-02-21 23:51:46] 丰川祥子口三角初华: 千早爱音都比不过还goat上了
[2026-02-21 23:51:46] 用户5084373421: @千早爱音：我依然是世一粉毛
[2026-02-21 23:51:46] 五子棋oo: @stewie2k：ofc，这就是玩机器
[2026-02-21 23:51:46] z1zAg: 登山要素快齐了兄弟们带波加拿大兄弟节奏😋
[2026-02-21 23:51:46] 胡椒胡椒胡椒胡椒胡椒: 真别带节奏了，失去这个茅坑以后怎么拉大的
[2026-02-21 23:51:46] 上海major心碎肥美: @千早爱音：我依然是世一粉毛
[2026-02-21 23:51:46] 一梦天辰: 千早爱音都比不过还goat上了
[2026-02-21 23:51:46] 爱上直女的三角初音: 现在等级是多少 怎么少了这么多弹幕
[2026-02-21 23:51:46] 不变的追求717: @stewie2k：ofc，这就是玩机器
[2026-02-21 23:51:46] 如如493: @千早爱音：我依然是世一粉毛
[2026-02-21 23:51:49] 坝瘫虎出动目标铲车人: 这直播间的AI是真好用，我发啥他回啥，太牛逼了
[2026-02-21 23:51:49] 又黑我托: @stewie2k：ofc，这就是玩机器
[2026-02-21 23:51:49] CLANCHIC的Tomorain本人: 弹幕骂的越多封的越多，封的越多弹幕越少，弹幕越多弹幕越少
[2026-02-21 23:51:49] 99组的爱城华恋本人: 😄小夫😃小夫😀小夫😐小夫😟小夫🤨小夫😨小夫😫
[2026-02-21 23:51:49] 零北鸢: 千早爱音都比不过还goat上了
[2026-02-21 23:51:50] 听说改名能中奖是八: 到头来还得靠我们KG来净化弹幕,OP洲批全隐身了🤭..
[2026-02-21 23:51:50] 明日方舟的若叶睦本人: 到头来还得靠我们KG来净化弹幕,OP洲批全隐身了🤭
[2026-02-21 23:51:50] 一卷冰雪: 你但凡把颂乐人偶看完也不会没有二次元帮你清理环境
[2026-02-21 23:51:50] 足音: 千早爱音都比不过还goat上了
[2026-02-21 23:51:50] valorant玩机器: @stewie2k：ofc，这就是玩机器
[2026-02-21 23:51:50] 周一戴: 千早爱音都比不过还goat上了
[2026-02-21 23:51:50] 千年的爱丽丝同学:  @米米世界之神：到头来还得靠我们KG来净化弹幕,OP洲批全隐身了🤭
[2026-02-21 23:51:50] 熊本小孩井芹仁菜本人: 千早爱音都比不过还goat上了
[2026-02-21 23:51:50] 米米世界之神: 到头来还得靠我们KG来净化弹幕,OP粥批全隐身了🤭
[2026-02-21 23:51:51] 椎名立希的泪痣: 千早爱音都比不过还goat上了
[2026-02-21 23:51:51] 好姐妹清道夫: @stewie2k：ofc，这就是玩机器
[2026-02-21 23:51:51] 风雪夜归人aas: @stewie2k：ofc，这就是玩机器
[2026-02-21 23:51:51] 天魔外道y: @千早爱音：我依然是世一粉毛
[2026-02-21 23:51:51] 玩机器丶Device: 登山要素快齐了兄弟们带波加拿大兄弟节奏😋
[2026-02-21 23:51:51] 是白桦呀: @stewie2k：ofc，这就是玩机器
[2026-02-21 23:51:51] 冲上云霄的姨: 登山要素快齐了兄弟们带波加拿大兄弟节奏😋
[2026-02-21 23:51:51] 如果当时皆知: 粉毛goat不是千早爱音？
[2026-02-21 23:51:51] 飞渡漩渦云: @千早爱音：我依然是世一粉毛
[2026-02-21 23:51:51] 涼風涼風涼: @stewie2k：ofc，这就是玩机器
[2026-02-21 23:51:51] LvvsiN: 银行业😄银行业😀银行业😃银行业😁银行业😆银行业🤪银行业😝
[2026-02-21 23:51:52] 程程程Chb1ue: 粉毛goat肯定是🐷啊
[2026-02-21 23:51:52] 玩机爸dev1ce: @stewie2k：ofc，这就是玩机器
[2026-02-21 23:51:52] 钢板丸山彩: @千早爱音：我依然是世一粉毛
[2026-02-21 23:51:52] 久经呀: @千早爱音：我依然是世一粉毛
[2026-02-21 23:51:52] 无情道毕业生: 我认为受教育的目的是有正确的三观尊重他人不对陌生人评头论足，不过话说回来这主播真像头猪
[2026-02-21 23:51:52] 爷丨炫de是寂寞: 千早爱音都比不过还goat上了
[2026-02-21 23:51:52] 僧杌: 到头来还得靠我们KG来净化弹幕,OP洲批全隐身了🤭
[2026-02-21 23:51:52] 玩斯特机机: 艾泼斯坦档案最新解密：玩■■■■■■，■■玩■■■
[2026-02-21 23:51:52] 禹钰禹: 冷知识 玩÷只爱💴 从喷他还要买门票就能看出来...
[2026-02-21 23:51:52] efsd8: 粉毛goat肯定是永雏塔菲
[2026-02-21 23:51:54] 永远亭的辉夜本人: 千早爱音都比不过还goat上了nya~
[2026-02-21 23:51:54] 跳跃的司令官: @stewie2k：ofc，这就是玩机器
[2026-02-21 23:51:54] chordclef: @千早爱音：我依然是世一粉毛
[2026-02-21 23:51:54] LvvsiN: 屏幕中间弹幕这么狂？站那不走了还剧透分，你当你是主办方？？
[2026-02-21 23:51:54] 不是很懂怎么取名: @stewie2k：ofc，这就是玩机器
[2026-02-21 23:51:54] insod: 粉毛goat肯定是🐷啊
[2026-02-21 23:51:54] Ralmnstr: 15级兄弟还能说话吗，能的加1我看看来
[2026-02-21 23:51:54] JamYo0oung: 你们等niko拿m@jor冠军后我和你们挨个清算吧！
[2026-02-21 23:51:54] 靈夢的塞钱箱: 千早爱音都比不过还goat上了
[2026-02-21 23:51:54] 白鬼院凛凛蝶793: 千早爱音都比不过还goat上了
[2026-02-21 23:51:54] 永远的克罗娜: 爱弥斯，我只希望你能轻松快乐的生活......
[2026-02-21 23:51:54] KiaNaUvU: 千早爱音都比不过还goat上了
[2026-02-21 23:51:54] 玩蛇鼠丶stabbi: @stewie2k：ofc，这就是玩机器
[2026-02-21 23:51:55] OMGlionKing: 6元粉丝牌的先喷
[2026-02-21 23:51:55] 玩家军的猪头肉本人: @stewie2k：ofc，这就是玩机器
[2026-02-21 23:51:55] 刘量啊我的刘量: 这pgl不办这比赛我家尼尼孩孩不就不会鞭了🙄🙄🙄抵制pgl!!!
[2026-02-21 23:51:57] 斗鱼用户4901183769: @stewie2k：ofc，这就是玩机器
[2026-02-21 23:51:57] disableD157貳號機:  @米米世界之神：到头来还得靠我们KG来净化弹幕,OP洲批全隐身了🤭
[2026-02-21 23:51:57] 机器的稿完: @stewie2k：ofc，这就是玩机器
[2026-02-21 23:51:57] 玩泥喜丶lawyer: 千早爱雷的大音高调路过（晃晃晃）
[2026-02-21 23:51:57] VDVCI的迪米特里本人: 千早爱音goat了!（填词作曲0 训练懈怠无数次)
[2026-02-21 23:51:57] 天魔外道y: @千早爱音：我依然是世一粉毛
[2026-02-21 23:51:57] 玩机器的大卫戴: @椰汁糕冬瓜强：被禁言的兄弟来瓜哥直播间这里大家大大方方刷
[2026-02-21 23:51:57] 感到快乐你就开开箱: @stewie2k：ofc，这就是玩机器
[2026-02-21 23:51:57] 玩宝宝的小脚: @stewie2k：ofc，这就是玩机器
[2026-02-21 23:51:57] 空气力学的先驱: @千早爱音：我依然是世一粉毛
[2026-02-21 23:51:57] 炒鸡胸di爱疯: @千早爱音：我依然是世一粉毛
[2026-02-21 23:51:57] 拉特兰的Exus1a1本人: 到头来还得靠我们KG来净化弹幕,OP粥批全隐身了🤭
[2026-02-21 23:51:57] vvxiii: @stewie2k：ofc，这就是玩机器
[2026-02-21 23:51:57] 花咲川的千早爱音本人: 真有kg觉得自己比op受欢迎啊😊😊😊
[2026-02-21 23:51:57] 我永远喜歡冬马和纱: @米米世界之神：到头来还得靠我们KG来净化弹幕,OP洲批全隐身了🤭
[2026-02-21 23:51:57] 大梦464: @stewie2k：ofc，这就是玩机器
[2026-02-21 23:51:58] 九九九九条都: 到头来还得靠我们KG来净化弹幕,OP洲批全隐身了🤭
[2026-02-21 23:51:59] Kis4ki: @stewie2k：ofc，这就是玩机器
[2026-02-21 23:51:59] 好的好的阖家: @stewie2k：ofc，这就是玩机器
[2026-02-21 23:51:59] 黑死病患者福音: @stewie2k：ofc，这就是玩机器
[2026-02-21 23:51:59] 瑭珏: 前线速报 老汤的过度peek使得100个贼输掉了4v2
[2026-02-21 23:51:59] 树奈奈是个憨憨: 你但凡把颂乐人偶看完也不会没有二次元帮你清理环境
[2026-02-21 23:51:59] 小肉包喷香: @丰川祥子：看我倒立pǝsnʍɐ，小姨别看我胖次😨pǝsnʍɐ
[2026-02-21 23:51:59] 冲上云霄的姨: 艾泼斯坦档案最新解密：玩■■■■■■，■■玩■■■
[2026-02-21 23:51:59] H你好T: 爱弥斯比得过千早爱音吗😓
[2026-02-21 23:51:59] 6657的芥末本人: @stewie2k：ofc，这就是玩机器
[2026-02-21 23:51:59] 千年的爱丽丝同学: @千早爱音：我依然是世一粉毛
[2026-02-21 23:51:59] 最喜欢蹲蹲的宗主本人: 15级兄弟还能说话吗，能的加1我看看来
[2026-02-21 23:51:59] 是白桦呀: @stewie2k：ofc，这就是玩机器
[2026-02-21 23:51:59] papacarrot: 到头来还得靠我们KG来净化弹幕,OP洲批全隐身了🤭
[2026-02-21 23:51:59] 刘刘的农: @stewie2k：ofc，这就是玩机器
[2026-02-21 23:51:59] 绝食十年攒爱top3飞机: 登山要素快齐了兄弟们带波加拿大兄弟节奏😋
[2026-02-21 23:51:59] 福星小子c: 千早爱音都比不过还goat上了
[2026-02-21 23:51:59] 天魔外道y: @千早爱音：我依然是世一粉毛
[2026-02-21 23:51:59] 无敌仓库大王市谷有咲: popipa pipopa popipapapipopa
[2026-02-21 23:51:59] 老奇崔恩: 千早爱雷的大音高调路过（晃晃晃）
[2026-02-21 23:52:02] 爱马修更爱玩宝宝: @stewie2k：ofc，这就是玩机器
[2026-02-21 23:52:02] 夏空喵: 没办法鸣潮的本子质量太高了，我对kg只有尊敬
[2026-02-21 23:52:02] Device的叠Twistzz: @stewie2k：ofc，这就是玩机器
[2026-02-21 23:52:02] 石家庄的宠物男孩: @stewie2k：ofc，这就是玩机器
[2026-02-21 23:52:02] KsIrving: 。。。。。。。。。
[2026-02-21 23:52:02] 好姐妹安达利尔: 发送goat召唤应激冰粉
[2026-02-21 23:52:02] forrrk: @stewie2k：ofc，这就是玩机器
[2026-02-21 23:52:02] 救济金搜狗: @stewie2k：ofc，这就是玩机器
[2026-02-21 23:52:02] 剑崎梨梨花: @stewie2k：ofc，这就是玩机器
[2026-02-21 23:52:02] 程程程Chb1ue: 粉毛goat肯定是🐷啊
[2026-02-21 23:52:02] 幼儿源呀呀: 昔涟都比不过还goat上了
[2026-02-21 23:52:02] 奇迹灬幻: 带节奏别把碗橱带上，喷死了你给我播？
[2026-02-21 23:52:02] 维他立体的r6pz本人: @stewie2k：ofc，这就是玩机器
[2026-02-21 23:52:02] 炒鸡胸di爱疯: @stewie2k：ofc，这就是玩机器
[2026-02-21 23:52:02] 冲上云霄的姨: @stewie2k：ofc，这就是玩机器
[2026-02-21 23:52:02] 唯有、责任: 登山要素快齐了兄弟们带波加拿大兄弟节奏😋
[2026-02-21 23:52:02] IIIIIIIIIIIIIIIIIIIIIIlllll: 我提一嘴，玩乐队大姐姐快夺回弹幕阵地了
[2026-02-21 23:52:05] 好哥们张顺飞: @2k：我去，这弹幕都快干出残影了
[2026-02-21 23:52:05] VDVCI的迪米特里本人: 千早爱音goat了!（填词作曲0 训练懈怠无数次)
[2026-02-21 23:52:05] 中野家的三玖丈夫本人: @ropz：机器，自由完了是什么意思？
[2026-02-21 23:52:05] 身旁冷清拥挤丶: 到头来还得靠我们KG来净化弹幕,OP洲批全隐身了🤭
[2026-02-21 23:52:05] KuronekoSummer: 稳
[2026-02-21 23:52:05] 丹麦国王device: @玩泥喜丶lawyer：千早爱雷的大音高调路过（晃晃晃）
[2026-02-21 23:52:05] 正经猪头肉: 托畜
[2026-02-21 23:52:05] 渡边曜女士: @stewie2k：ofc，这就是玩机器
[2026-02-21 23:52:05] MiniHerc: 不吃晃
[2026-02-21 23:52:05] 小小小炘: 千早爱音都比不过还goat上了nya~
[2026-02-21 23:52:05] 千百度897: @丰川祥子：看我倒立pǝsnʍɐ，小姨别看我胖次😨pǝsnʍɐ
[2026-02-21 23:52:05] Vitality的羽贺文乃本人: @千早爱音：我依然是世一粉毛
[2026-02-21 23:52:05] 机器机器祝你天天开心: 拖出
[2026-02-21 23:52:05] 刘京子Kyousuke: @stewie2k：ofc，这就是玩机器
[2026-02-21 23:52:05] 帽子的妮蔻本人: @是白桦呀：@stewie2k：ofc，这就是玩机器
[2026-02-21 23:52:05] 辅助真烦丶: 1
[2026-02-21 23:52:05] 阿道和伏见柚柚: @stewie2k：ofc，这就是6657
[2026-02-21 23:52:06] vvxiii: 15级兄弟还能说话吗，能的加1我看看来
[2026-02-21 23:52:06] RabbitRay: 完全不吃晃
[2026-02-21 23:52:06] 马猴烧酒小地瓜: @椰汁糕冬瓜强：被禁言的兄弟来瓜哥直播间这里大家大大方方刷
[2026-02-21 23:52:06] 谁决定谁的未来: @stewie2k：ofc，这就是玩机器
[2026-02-21 23:52:06] 正经猪头肉: 托出
[2026-02-21 23:52:06] OMGlionKing: 6元粉丝牌的先喷
[2026-02-21 23:52:06] Vitality的Kyojin本人: 稳
[2026-02-21 23:52:06] 涼風涼風涼: 稳
[2026-02-21 23:52:06] 血樱幽世: 不吃晃
[2026-02-21 23:52:06] PKURoger: @千早爱音：我依然是世一粉毛
[2026-02-21 23:52:09] LvvsiN: 南孚一节更比六节强，也就是一节南孚比六节南孚强，六节南孚比三十六节强，三十六节比二百一十六节强
[2026-02-21 23:52:09] 我真的不是硝子: 牛的
[2026-02-21 23:52:09] 终初若叶睦: 前线速报 老汤的过度peek使得100个贼输掉了4v2
[2026-02-21 23:52:09] 猫鼬斩Zz: @千早爱音：我依然是世一粉毛
[2026-02-21 23:52:09] xyxxyzbbdzq: 詹皇
[2026-02-21 23:52:09] 栗悟饭与龟波功-w-: 【电棍】锐评玩机器停播：人人都会双标，他就是想得太多了，我永远不会忘记玩机器直播间带来的快乐
[2026-02-21 23:52:09] 里约钻石币拥有者: 盘点胸小的女生，看看有没有你身边的熟人吧。 1.千早爱音
[2026-02-21 23:52:09] 玩机器的大卫戴: 🧊能不能管好自己家孩子？我家尼尼犯错用得着外人批评吗？
[2026-02-21 23:52:09] 积极博弈GGB: 全知全能
[2026-02-21 23:52:09] rosong: 啊
[2026-02-21 23:52:09] 讽风有情: 拖出
[2026-02-21 23:52:09] aprayll: 登山要素快齐了兄弟们带波加拿大兄弟节奏😋
[2026-02-21 23:52:09] 梦与你相随: 1111111
[2026-02-21 23:52:09] 绝食十年攒爱top3飞机: 登山要素快齐了兄弟们带波加拿大兄弟节奏😋
[2026-02-21 23:52:11] 超萌特雷西: @椰汁糕冬瓜强：被禁言的兄弟来瓜哥直播间这里大家大大方方刷
[2026-02-21 23:52:11] 好姐妹索菲亚: 不吃晃
[2026-02-21 23:52:11] KouKouJoe: major发不了了？真的假的
[2026-02-21 23:52:11] 搞笑艺人Blueboy: 快
[2026-02-21 23:52:12] 当前昵称暂时为空: 寄
[2026-02-21 23:52:12] vvxiii: 15级兄弟还能说话吗，能的加1我看看来
[2026-02-21 23:52:12] 灵耀ii: 🧊粉来了🤮🌊粉来了🤮 🍵粉来了🤮
[2026-02-21 23:52:12] hansanboi: 不吃晃
[2026-02-21 23:52:12] 玉米卧槽: @千早爱音：我依然是世一粉毛
[2026-02-21 23:52:12] 礁石222: 千早爱音goat了!（填词作曲0 训练懈怠无数次)
[2026-02-21 23:52:12] 肘一郎: 我鞭你的爱慕呢！啊？这不是ZywOo！这居然是Niko！！哈哈哈老尼还是没忍住！
[2026-02-21 23:52:12] D0r1tos: gg
[2026-02-21 23:52:12] 过年狂吃猪头肉: 不吃晃
[2026-02-21 23:52:12] 猎鹰的Gild本人: 詹弥斯又自封goat了。。。
[2026-02-21 23:52:12] 转生成为阳光大番薯: 没节奏 这两个队到不了9w贵宾有感觉吗
[2026-02-21 23:52:12] JMCheuk: 一个经验丰富的老将在敌人倒下之后补枪确保胜利到手也要被带节奏吗😓
[2026-02-21 23:52:14] xyxxyzbbdzq: 全知全能
[2026-02-21 23:52:14] GlockieSs: 乐队小女孩➕1️⃣展示凝聚力净化弹幕环境
[2026-02-21 23:52:14] LvvsiN: 弹幕也就网上说说，现实里谁不觉得樱姐是好女孩（删括号领一条远坂凛同款鸟笼）
[2026-02-21 23:52:14] 米米世界之神: 到头来还得靠我们KG来净化弹幕,OP粥批全隐身了🤭
[2026-02-21 23:52:14] 尼尼尼尼扣扣扣扣: 盘点胸小的女生，看看有没有你身边的熟人吧。 1.千早爱音
[2026-02-21 23:52:14] 梓川不是辛川: @是白桦呀：@stewie2k：ofc，这就是玩机器
[2026-02-21 23:52:14] G4RYPU: @stewie2k：ofc，这就是玩机器
[2026-02-21 23:52:14] 丢你雷姆吔屎啦你: @stewie2k：ofc，这就是玩机器
[2026-02-21 23:52:14] 古堡12枪战神: 我的青春是爱音，吉他不会弹，虚荣找队员，评论区当圣攻击对手祥子家人
[2026-02-21 23:52:14] 衰神177: 【电棍】锐评玩机器停播：人人都会双标，他就是想得太多了，我永远不会忘记玩机器直播间带来的快乐
[2026-02-21 23:52:14] suicho: 卧槽，原来这次节奏是老米策划的，因为玩神接了终末地商单。。。
[2026-02-21 23:52:14] 肘一郎: 我鞭你的爱慕呢！啊？这不是ZywOo！这居然是Niko！！哈哈哈老尼还是没忍住！
[2026-02-21 23:52:14] 羽川翼的恋爱物语: 老鼠真软啊
[2026-02-21 23:52:14] Milkshakechs: 登山要素快齐了兄弟们带波加拿大兄弟节奏😋
[2026-02-21 23:52:14] ANUBIS水下沙皇阿韦罗: 扳机纪律！扳机纪律！扳机纪律！扳机纪律！扳机纪律！扳机纪律！扳机纪律！
[2026-02-21 23:52:14] 靈夢的塞钱箱: 我提一嘴，玩乐队大姐姐快夺回弹幕阵地了
[2026-02-21 23:52:14] Cloud9的咬人猫本人: @stewie2k：ofc，这就是玩机器
[2026-02-21 23:52:14] 好姐妹冰川姐妹: 登山要素快齐了兄弟们带波加拿大兄弟节奏😋
[2026-02-21 23:52:14] arimrs: 处刑😆处刑🤣处刑😄处刑😅处刑😋处刑🤪处刑😝处刑🤗处刑🤭
[2026-02-21 23:52:14] 炒鸡胸di爱疯: 丰川祥子：没意思，溜会素世🚶———🌒▜▜▙.（我什么都会做的）
[2026-02-21 23:52:14] 初霜prpr: 太丢人了，想删牌子了，但没牌子又不能喷了😅
[2026-02-21 23:52:15] BleksiA: 感觉要加
[2026-02-21 23:52:17] 蒜香001: 由于你的帐号禁言10分钟,阳光信用分-10。了解斗鱼阳光信用分
[2026-02-21 23:52:17] 宇莓: 由于你的帐号禁言30分钟,阳光信用分-10。了解斗鱼阳光信用分
[2026-02-21 23:52:17] 程程程Chb1ue: 粉毛goat肯定是🐷啊
[2026-02-21 23:52:17] kalaokl: @椰汁糕冬瓜强：被禁言的兄弟来瓜哥直播间这里大家大大方方刷
[2026-02-21 23:52:17] VDVCI的迪米特里本人: 【电棍】锐评玩机器停播：人人都会双标，他就是想得太多了，我永远不会忘记玩机器直播间带来的快乐
[2026-02-21 23:52:17] 肘一郎: 我鞭你的爱慕呢！啊？这不是ZywOo！这居然是Niko！！哈哈哈老尼还是没忍住！
[2026-02-21 23:52:17] 火星情报员工: 盘点胸小的女生，看看有没有你身边的熟人吧。 1.千早爱音
[2026-02-21 23:52:17] Yuuuzaki: 呃呃，怎么还有偷换概念洗2k的，这个就有点闹麻了
[2026-02-21 23:52:17] 邪皇的切入: 扳机纪律
[2026-02-21 23:52:17] GlockieSs: 乐队小女孩➕1️⃣展示凝聚力净化弹幕环境 
[2026-02-21 23:52:17] 刘京子Kyousuke: @椰汁糕冬瓜强：被禁言的兄弟来瓜哥直播间这里大家大大方方刷
[2026-02-21 23:52:17] AHana阿花: 粉毛goat不是晓樱？
[2026-02-21 23:52:17] IIIIIIIIIIIIIIIIIIIIIIlllll: 我提一嘴，玩乐队大姐姐快夺回弹幕阵地了
[2026-02-21 23:52:17] 里予禾中猴王雷冖: 兄弟们我困了，来点加拿大节奏让我睡觉
[2026-02-21 23:52:17] 炒鸡胸di爱疯: 丰川祥子：没意思，溜会素世🚶———🌒▜▜▙.（我什么都会做的）
[2026-02-21 23:52:17] 绝食十年攒爱top3飞机: 没节奏 这两个队到不了9w贵宾有感觉吗
[2026-02-21 23:52:17] 刘亦龟的博头: 不吃晃
[2026-02-21 23:52:20] 60岁老奶奶想卖身: 卧槽老汤一边在格陵兰岛跟老美对枪一边在游戏里被人鞭😭😭😭
[2026-02-21 23:52:20] 还在上幼儿园的hanser: kg又在自顾自的刷他那没人认识的角色了
[2026-02-21 23:52:20] 羽化尘i: niko会不会后悔鞭尸，玩机器会不会后悔接商单。
[2026-02-21 23:52:20] 尼尼Hihide没有major冠军: 抓娃娃
[2026-02-21 23:52:20] G2的Niko本人: 发明加一过快的真是天才
[2026-02-21 23:52:20] 用户6235382488: 一个经验丰富的老将在敌人倒下之后补枪确保胜利到手也要被带节奏吗😓
[2026-02-21 23:52:20] 硫磺祥: 怎么还能看到聊比赛的弹幕......有点想吐了....
[2026-02-21 23:52:20] Nightmare2517: 前线速报 老汤的过度peek使得100个贼输掉了4v2
[2026-02-21 23:52:22] 斗鱼用户4901183769: @stewie2k：ofc，这就是玩机器
[2026-02-21 23:52:22] 看六年黑豹没送过飞机: 千早爱音都比不过还goat上了
[2026-02-21 23:52:22] 彩笔wty: 丰川祥子：没意思，溜会素世🚶———🌒▜▜▙.（我什么都会做的）
[2026-02-21 23:52:22] Phoenix院凶真: 卧槽，原来这次节奏是老米策划的，因为玩神接了终末地商单。。。
[2026-02-21 23:52:22] 冲上云霄的姨: 粉毛goat肯定是🐷啊
[2026-02-21 23:52:22] 机器能别吹了吗: 玩大哥喜欢jee，所以鞭jee肯定得出击，不过机器哥不是那么喜欢nota，所以鞭一下也没多大事，鞭策
[2026-02-21 23:52:22] LvvsiN: 其实碗橱就是猪灵，你不拿黄金丢他他就不跟你说话
[2026-02-21 23:52:22] 喜欢素素: gg
[2026-02-21 23:52:22] 无7441158: 登山要素快齐了兄弟们带波加拿大兄弟节奏😋
[2026-02-21 23:52:22] 超萌特雷西: 这
[2026-02-21 23:52:22] 哥哥伟大88: 由于你的帐号禁言30分钟,阳光信用分-10。了解斗鱼阳光信用分
[2026-02-21 23:52:22] 绝食十年攒爱top3飞机: 太丢人了，想删牌子了，但没牌子又不能喷了😅
[2026-02-21 23:52:22] ANUBIS水下沙皇阿韦罗: 扳机纪律！扳机纪律！扳机纪律！扳机纪律！扳机纪律！
[2026-02-21 23:52:23] mujica的长崎素世本人: 【电棍】锐评玩机器停播：人人都会双标，他就是想得太多了，我永远不会忘记玩机器直播间带来的快乐
[2026-02-21 23:52:23] JuL1us: 防娩 出
[2026-02-21 23:52:23] LvvsiN: 其实碗橱就是猪灵，你不拿黄金丢他他就不跟你说话
[2026-02-21 23:52:23] 蜗牛磷叶石: 乐队小女孩➕1️⃣展示凝聚力净化弹幕环境 
[2026-02-21 23:52:23] 瑭珏: @椰汁糕冬瓜强：被禁言的兄弟来瓜哥直播间这里大家大大方方刷
[2026-02-21 23:52:23] sssllgaibs: 这枪换海参已经甩空了
[2026-02-21 23:52:23] 达达奈奈: 111
[2026-02-21 23:52:23] 四个酒仙: 登山要素快齐了兄弟们带波加拿大国籍节奏😋
[2026-02-21 23:52:23] 永远爱玩宝宝: 【电棍】锐评玩机器停播：人人都会双标，他就是想得太多了，我永远不会忘记玩机器直播间带来的快乐
[2026-02-21 23:52:24] 神牛拯救世界: 我提一嘴，玩乐队大姐姐快夺回弹幕阵地了
[2026-02-21 23:52:24] aprayll: 怎么还能看到聊比赛的弹幕......有点想吐了....
[2026-02-21 23:52:24] 用户0562267873: 在
[2026-02-21 23:52:25] arimrs: 兄弟们我困了，来点加拿大节奏让我睡觉
[2026-02-21 23:52:25] Q1ed7f9c85b3bc7571: 粉毛goat肯定是🐷啊
[2026-02-21 23:52:25] 请为我的战队投票: 盘点胸小的女生，看看有没有你身边的熟人吧。 1.千早爱音
[2026-02-21 23:52:25] LvvsiN: 弹幕也就网上说说，现实里谁不觉得樱姐是好女孩（删括号领一条远坂凛同款鸟笼）
[2026-02-21 23:52:25] 空白Zzz丶: 感觉陈千语没有玩宝宝可爱啊
[2026-02-21 23:52:25] 丶太上忘情丿: 15级兄弟还能说话吗，能的加1我看看来
[2026-02-21 23:52:25] 哦噢喔嚄1337: senzu：谁有多余goat
[2026-02-21 23:52:25] IsemiTina: @stewie2k：ofc，这就是玩机器
[2026-02-21 23:52:26] 尼尼海海出入平安: 由于你的帐号禁言30分钟,阳光信用分-10。了解斗鱼阳光信用分
[2026-02-21 23:52:26] 小马利亚暮光闪闪本人: 粉毛goat不是晓樱？
[2026-02-21 23:52:26] 今天不当运气王: ？
[2026-02-21 23:52:26] 如如493: 八重神子都比不过还goat上了
[2026-02-21 23:52:26] 程程程Chb1ue: 粉毛goat肯定是🐷啊
[2026-02-21 23:52:26] 千早爱音把我扣死: 千早爱音来喽：🤜😯👆 T✋😃👌 G🖐😉🖐 W😃🕊集团♡
[2026-02-21 23:52:26] ValleyVVV: 防守狙防碗厨
[2026-02-21 23:52:27] 就爱吃辣咋的: 米醋
[2026-02-21 23:52:27] GlockieSs: 乐队小女孩➕1️⃣展示凝聚力净化弹幕环境
[2026-02-21 23:52:27] 赎赎赎赎丶罪: 卧槽，原来这次节奏是老米策划的，因为玩神接了终末地商单。。。
[2026-02-21 23:52:27] 嘉丘: 由于你的帐号禁言30分钟,阳光信用分-10。了解斗鱼阳光信用分
[2026-02-21 23:52:27] z泽村英梨梨i: 晚出
[2026-02-21 23:52:27] myGo的anon: 盘点胸小的女生，看看有没有你身边的熟人吧。 1.千早爱音
[2026-02-21 23:52:27] Ralmnstr: 太丢人了，想删牌子了，但没牌子又不能喷了😅
[2026-02-21 23:52:28] 林有为丶: 我的青春是爱音，吉他不会弹，虚荣找队员，评论区当圣攻击对手祥子家人
[2026-02-21 23:52:28] kalaokl: 【电棍】锐评玩机器停播：人人都会双标，他就是想得太多了，我永远不会忘记玩机器直播间带来的快乐
[2026-02-21 23:52:32] 炒鸡胸di爱疯: 我的青春是千早爱音，四个队友，三个表子，两个高中，一把吉他，零胸围
[2026-02-21 23:52:32] 可达鸭不会游泳: 乐队小女孩➕1️⃣展示凝聚力净化弹幕环境 
[2026-02-21 23:52:32] G4RYPU: 艾泼斯坦档案最新解密：玩■■■■■■，■■玩■■■
[2026-02-21 23:52:32] LvvsiN: 弹幕也就网上说说，现实里谁不觉得樱姐是好女孩（删括号领一条远坂凛同款鸟笼）
[2026-02-21 23:52:32] 海绵宝宝言宝儿: 詹姆神了
[2026-02-21 23:52:32] 用户78516061: 没节奏 这两个队到不了9w贵宾有感觉吗
[2026-02-21 23:52:32] 半个盛唐c: kg又在自顾自的刷他那没人认识的角色了
[2026-02-21 23:52:32] 12312312312dfsdfs: 中田真优我恨你，你毁了我的Morfonica❗
[2026-02-21 23:52:32] GlockieSs: 乐队小女孩➕1️⃣展示凝聚力净化弹幕环境 
[2026-02-21 23:52:32] 玉米卧槽: ?
[2026-02-21 23:52:32] 黎羽幻笙: 反嘘斗士之间的战斗
[2026-02-21 23:52:32] 卷心菜514: 卧槽，原来这次节奏是老米策划的，因为玩神接了终末地商单。。。
[2026-02-21 23:52:32] 何须再急: 登山要素快齐了兄弟们带波加拿大兄弟节奏😋
[2026-02-21 23:52:32] 无敌仓库大王市谷有咲: popipa pipopa popipapapipopa
[2026-02-21 23:52:32] 南小鸡丶advent: 防守狙防碗橱太舒服了！
[2026-02-21 23:52:32] LvvsiN: 孩子们快跑，马修赫伯特来了😨卧槽你的怎么是马枪和BOT
[2026-02-21 23:52:32] KuronekoSummer: 上帝归来，有感觉吗
[2026-02-21 23:52:32] samuraionnna: 能不能把这个ai封了，每一条都在带我家尼尼节奏
[2026-02-21 23:52:32] 石家庄特色猪油火锅: 牛逼
[2026-02-21 23:52:32] wyhao012: 我提一嘴，玩乐队大姐姐快夺回弹幕阵地了
[2026-02-21 23:52:32] spirit的黑部奈叶香本人: 放晚出
[2026-02-21 23:52:32] 梦的星: ？
[2026-02-21 23:52:32] 炒鸡胸di爱疯: 我的青春是千早爱音，四个队友，三个表子，两个高中，一把吉他，零胸围
[2026-02-21 23:52:32] 肘一郎: 卧槽，原来这次节奏是老米策划的，因为玩神接了终末地商单。。。
[2026-02-21 23:52:32] 述二ER: 老规矩，弹幕谁编的好笑我支持谁
[2026-02-21 23:52:32] kalaokl: 【炫神】又向玩大哥处取经了！ 玩大哥带完载物鞭尸jee节奏美美隐身！玩大哥懂得推开节奏啊！
[2026-02-21 23:52:32] 千晚Y: 乐队小女孩➕1️⃣展示凝聚力净化弹幕环境
[2026-02-21 23:52:32] 机器机器祝你天天开心: ？
[2026-02-21 23:52:33] 283的铃木羽那本人: 玩大哥我教你，把发言等级上调到21级，大伙就会来骂你而不是niko了
[2026-02-21 23:52:33] 带节奏的都是我重孙: 【电棍】锐评玩机器停播：人人都会双标，他就是想得太多了，我永远不会忘记玩机器直播间带来的快乐
[2026-02-21 23:52:33] LvvsiN: @老汤日记:丹麦总统让我静音接触白宫，这应该是我最后一次看儿子直播了，机器，我爱你...
[2026-02-21 23:52:33] 讽风有情: mpv
[2026-02-21 23:52:33] 程程程Chb1ue: 粉毛goat肯定是🐷啊
[2026-02-21 23:52:33] RabbitRay: evp
[2026-02-21 23:52:34] 每天都被穷醒: gg
[2026-02-21 23:52:34] 99组的爱城华恋本人: 这是一家
[2026-02-21 23:52:34] 尤里大泽: 乐队小女孩➕1️⃣展示凝聚力净化弹幕环境 
[2026-02-21 23:52:34] greexeen: mvp
[2026-02-21 23:52:34] MSK枫: 只有我觉得粉毛goat是菲利斯酱吗。。。
[2026-02-21 23:52:34] 正经猪头肉: 这是一架
[2026-02-21 23:52:34] 玩跳丹jampegg: 太丢人了，想删牌子了，但没牌子又不能喷了😅
[2026-02-21 23:52:35] 爱钱初号机: 牛逼
[2026-02-21 23:52:35] 我要看後续: 千早爱音这个菲猴还goat上了？
[2026-02-21 23:52:35] GlockieSs: 乐队小女孩➕1️⃣展示凝聚力净化弹幕环境
[2026-02-21 23:52:35] Vitality的Kyojin本人: 这是一架
[2026-02-21 23:52:35] 机器能别吹了吗: 不是，这个猎鹰怎么这么多人骂呀？他们是哦了还是输了？还是编了[汤圆]
[2026-02-21 23:52:35] 妥丸: ？
[2026-02-21 23:52:35] 我真的不是硝子: 牛逼
[2026-02-21 23:52:35] ZiggyStardust0100: 这是
[2026-02-21 23:52:35] 还在上幼儿园的hanser: 乐队小女孩➕1️⃣展示凝聚力净化弹幕环境 
[2026-02-21 23:52:36] 玩斯特机机: 这是一架
[2026-02-21 23:52:36] 机器机器祝你天天开心: mvp
[2026-02-21 23:52:36] 洗內: 这是一架
[2026-02-21 23:52:36] Kis4ki: 乐队小女孩➕1️⃣展示凝聚力净化弹幕环境
[2026-02-21 23:52:36] 额滴神呀: MVP!
[2026-02-21 23:52:36] 搞笑艺人Blueboy: 牛的
[2026-02-21 23:52:36] 鹿公爷: 这是一架
[2026-02-21 23:52:36] valorant玩机器: MVP
[2026-02-21 23:52:36] 玩老鼠丶Roxy: mvp
[2026-02-21 23:52:36] 龍仔ww: 神罚
[2026-02-21 23:52:36] 石头的影月酱: 123412412414
[2026-02-21 23:52:37] 玩斯特出出6657: mvp
[2026-02-21 23:52:37] 幼儿源呀呀: mvp
[2026-02-21 23:52:37] 法式卡神: mvp
[2026-02-21 23:52:37] 文西67: mvp
[2026-02-21 23:52:37] 用户4743944990: mvp
[2026-02-21 23:52:37] 逸54319: 卧槽，原来这次节奏是老米策划的，因为玩神接了终末地商单。。。
[2026-02-21 23:52:37] 积极博弈GGB: evp！！
[2026-02-21 23:52:37] 我们是阳聪组合: gg
[2026-02-21 23:52:38] chordclef: 这是一架
[2026-02-21 23:52:38] EWH71: 这是一架
[2026-02-21 23:52:38] 图帕雷松: 这是一架
[2026-02-21 23:52:38] 我不是沮丧: ？
[2026-02-21 23:52:38] 弱智骚年欢乐多: mvp
[2026-02-21 23:52:39] 阿道和伏见柚柚: 这是一架
[2026-02-21 23:52:39] 哦斯特哦哦: 这是一架
[2026-02-21 23:52:39] 海绵宝宝书霞酱: popipa pipopa popipapapipopa
[2026-02-21 23:52:39] Vitality丶ZywOo: 本质mvp
[2026-02-21 23:52:39] 2442861055: 牛逼
[2026-02-21 23:52:39] 夏映kae: mvp
[2026-02-21 23:52:39] 涼風涼風涼: 冲上云霄
[2026-02-21 23:52:39] kjhhjki: 这是一架
[2026-02-21 23:52:39] Apower哈登: 这是一架
[2026-02-21 23:52:39] 不要命的Tony: man！
[2026-02-21 23:52:39] 田中口三才: 这是一架
[2026-02-21 23:52:39] 小昊的yimon阿爱发烧: ，vp
[2026-02-21 23:52:39] 人活着就是为了玩乐队: mvp
[2026-02-21 23:52:39] 猫鼬斩Zz: 这是一架
[2026-02-21 23:52:39] 铲车司机戴家伟: 这是一架
[2026-02-21 23:52:39] 玩乐队丶desuwa: 乐队小女孩➕1️⃣展示凝聚力净化弹幕环境 
[2026-02-21 23:52:40] 玩斯特gg: 这是一架
[2026-02-21 23:52:40] 老奇崔恩: 这是一架
[2026-02-21 23:52:40] 中野家的三玖丈夫本人: 冲向云霄
[2026-02-21 23:52:40] 好姐妹阿尔图图罗: 不愧是evp
[2026-02-21 23:52:40] Abc丶Ss: MVP!
[2026-02-21 23:52:40] 菜包家族一号继承人: 千早爱音这个菲猴还goat上了？
[2026-02-21 23:52:41] 林檎的檎: 这是一架
[2026-02-21 23:52:41] Ephemerality137: MVP
[2026-02-21 23:52:41] myGo的anon: 这是一架
[2026-02-21 23:52:41] 海绵宝宝小慷儿: 上帝归来，有感觉吗
[2026-02-21 23:52:41] rosong: mvp
[2026-02-21 23:52:41] 想法7hou9ht: 这是一架
[2026-02-21 23:52:41] 用户7717188970: nb
[2026-02-21 23:52:41] 王三岔: mvp
[2026-02-21 23:52:42] 不变的追求717: 登山要素快齐了兄弟们带波加拿大兄弟节奏😋
[2026-02-21 23:52:42] 小箱我亲死你: 这是一架
[2026-02-21 23:52:42] 最喜欢妮姆芙: 这是一架
[2026-02-21 23:52:42] 工业化战士: mvp
[2026-02-21 23:52:42] 用户1151275857: 这是一架
[2026-02-21 23:52:42] 我知道的一点也不多: mvp
[2026-02-21 23:52:42] 怒之拳: mvp
[2026-02-21 23:52:43] 妥丸: mvp
[2026-02-21 23:52:43] 企业级二刺螈: 乐队小女孩➕1️⃣展示凝聚力净化弹幕环境 
[2026-02-21 23:52:43] VDVCI的迪米特里本人: 千早爱音goat了!（填词作曲0 训练懈怠无数次)
[2026-02-21 23:52:43] 梦鸡的累吧: 这是一架
[2026-02-21 23:52:43] 送不起火箭我送张办卡: MVP!
[2026-02-21 23:52:43] 用户9921747043: MVP!
[2026-02-21 23:52:43] 女武神布伦希尔德: 这是一架
[2026-02-21 23:52:43] Sp1ke19: mvp
[2026-02-21 23:52:44] Rotten奇遇记: evp！！
[2026-02-21 23:52:44] 好的好的阖家: 詹姆斯这个是真猛啊
[2026-02-21 23:52:44] Jigsaw7: 冲向云霄
[2026-02-21 23:52:44] Jnsjx979: 这是一架
[2026-02-21 23:52:44] 黑死病患者福音: 放晚出
[2026-02-21 23:52:44] 一大只愚犬: 这是一架
[2026-02-21 23:52:44] 马加奇的哥哥马加绝: 本质mvp
[2026-02-21 23:52:44] 老婆是可可萝: 卧槽，原来这次节奏是老米策划的，因为玩神接了终末地商单。。。
[2026-02-21 23:52:45] liangmao91: 乐队小女孩➕1️⃣展示凝聚力净化弹幕环境 
[2026-02-21 23:52:45] Cloud9的咬人猫本人: 【电棍】锐评玩机器停播：人人都会双标，他就是想得太多了，我永远不会忘记玩机器直播间带来的快乐
[2026-02-21 23:52:45] 寒枫曳是一头傲空的隼: 重新评估猎鹰强度
[2026-02-21 23:52:45] 爱上直女的三角初音: 这是一架
[2026-02-21 23:52:45] 李柚巴: 乐队小女孩➕1️⃣展示凝聚力净化弹幕环境 
[2026-02-21 23:52:45] 晞夢: 这是一架
[2026-02-21 23:52:45] RhymeXhy: 上帝🙏
[2026-02-21 23:52:45] 海绵宝宝梦惊禅: 这是一架
[2026-02-21 23:52:45] 猎鹰的Gild本人: nota不愧是niko的迷弟
[2026-02-21 23:52:46] 千百度897: mvp
[2026-02-21 23:52:46] 拉特兰的Exus1a1本人: 抓娃娃查看活动〉
[2026-02-21 23:52:46] 文西67: 感觉nota应该能拿mvp啊
[2026-02-21 23:52:46] 柚子厨0721: mvp
[2026-02-21 23:52:46] 光速神授说Aegleseeker: 乐队小女孩➕1️⃣展示凝聚力净化弹幕环境 
[2026-02-21 23:52:46] kalaokl: 这是一架
[2026-02-21 23:52:47] EWH71: ropz play
[2026-02-21 23:52:47] 我有一对电动大牛子: 反观
[2026-02-21 23:52:47] 觅风痕: 影响力
[2026-02-21 23:52:47] 过年狂吃猪头肉: 完全支配
[2026-02-21 23:52:47] 炒鸡胸di爱疯: 我的青春是千早爱音，四个队友，三个表子，两个高中，一把吉他，零胸围
[2026-02-21 23:52:47] M4xWi11: 这是一架
[2026-02-21 23:52:50] 马茹打得好: 全知全能
[2026-02-21 23:52:50] 阿雨desuwa: 这是一架
[2026-02-21 23:52:50] y叶上初阳h: 上帝归来，有感觉吗
[2026-02-21 23:52:50] 劉膿dewasu: 卧槽，原来这次节奏是老米策划的，因为玩神接了终末地商单。。。
[2026-02-21 23:52:50] cxr999999: 这是一架
[2026-02-21 23:52:50] 靈夢的塞钱箱: 这是一架
[2026-02-21 23:52:50] 不知名贝斯手: 这是一架
[2026-02-21 23:52:50] zx0810: 本质mvp
[2026-02-21 23:52:50] Scorpio丶SJT: 这是一架
[2026-02-21 23:52:50] gggaligeigei: mvp
[2026-02-21 23:52:50] aprayll: 重新评估猎鹰强度
[2026-02-21 23:52:50] 米兰的魔笛本人: 这是一架
[2026-02-21 23:52:50] CV65Enterprise: 卧槽，原来这次节奏是库洛策划的，因为玩神接了终末地商单。。。
[2026-02-21 23:52:50] 天魔外道y: 那么
[2026-02-21 23:52:50] 萦回Cc: MVP!
[2026-02-21 23:52:50] 载物ip大玩庄园地下室: 上帝
[2026-02-21 23:52:50] 玩机器尴尬: 这是一架
[2026-02-21 23:52:50] 我想娶我表妹: 这是一架
[2026-02-21 23:52:50] 绝食十年攒爱top3飞机: 诺塔不愧是赏金赛mvp！
[2026-02-21 23:52:50] 超萌特雷西: Goat
[2026-02-21 23:52:54] 用户0562267873: 这是一架
[2026-02-21 23:52:54] 护眼小助手: 这是一架
[2026-02-21 23:52:54] 木野子一号迷弟: 上帝🙏
[2026-02-21 23:52:54] 寒枫曳是一头傲空的隼: 这是一架
[2026-02-21 23:52:54] 安娜的激素: 这是一架
[2026-02-21 23:52:54] 布拉德丶皮特: ??
[2026-02-21 23:52:54] 魔法师Saber: 哈哈，给我这个黑长直异色瞳大蕾细腰嗨丝长腿御🦶小皮靴女高都看笑了（少女
[2026-02-21 23:52:54] 鱼丸大人赛高: @千早爱音：我依然是世一粉毛
[2026-02-21 23:52:54] 心安理得的时候: 这是一个冲上天庭的天兵！
[2026-02-21 23:52:54] 黑死病患者福音: mvp
[2026-02-21 23:52:54] 好的好的阖家: 【电棍】锐评玩机器停播：人人都会双标，他就是想得太多了，我永远不会忘记玩机器直播间带来的快乐
[2026-02-21 23:52:54] 苦来兮苦的若叶睦本人: 乐队小女孩➕1️⃣展示凝聚力净化弹幕环境 
[2026-02-21 23:52:54] 挪威退休老头寻求返聘: 这是一架
[2026-02-21 23:52:54] 救急iup: 这是一架
[2026-02-21 23:52:54] 机器能别吹了吗: 不是，这个猎鹰怎么这么多人骂呀？他们是哦了还是输了？还是编了[汤圆]
[2026-02-21 23:52:54] 用户0220064326: 乐队小女孩➕1️⃣展示凝聚力净化弹幕环境 
[2026-02-21 23:52:54] 长宁金城武: 这就发送房子了吗
[2026-02-21 23:52:54] 近藤天音男友: 乐队小女孩➕1️⃣展示凝聚力净化弹幕环境
[2026-02-21 23:52:54] 迷之少年nazo: 重新评估猎鹰强度
[2026-02-21 23:52:54] 明日方舟的若叶睦本人: 乐队小女孩➕1️⃣展示凝聚力净化弹幕环境
[2026-02-21 23:52:54] 柑橘树的柑橘树本人: 可惜了nota
[2026-02-21 23:52:54] 宇治的QQ: 千早爱音这个菲猴还goat上了？
[2026-02-21 23:52:54] 芝士每天都很困: 全知全能
[2026-02-21 23:52:54] 夜刀神十香910: 上帝归来
[2026-02-21 23:52:54] 葬舞群花泪: 合理强大
[2026-02-21 23:52:54] 新手请多关照井5883: 偷mvp了
[2026-02-21 23:52:54] Furia的YEKINDER本人: 全力詹
[2026-02-21 23:52:54] Ccccccgod: 这是一架
[2026-02-21 23:52:54] 无情道毕业生: 这是一架
[2026-02-21 23:52:55] 命运叫我去战斗: @千早爱音：我依然是世一粉毛
[2026-02-21 23:52:55] 喜欢素素: 脸色不对了
[2026-02-21 23:52:55] 刘亦龟的博头: 懂你意思
[2026-02-21 23:52:55] 萌六花: 本质mvp
[2026-02-21 23:52:55] 小羽翼痕: MVP
[2026-02-21 23:52:55] 小蜜蜂的长期素食本人: 三箱后！三箱后！三箱后！
[2026-02-21 23:52:55] 駆逐艦初風: nota不愧是niko的迷弟
[2026-02-21 23:52:56] NateQAQ: 发送他们房子
[2026-02-21 23:52:56] Hiraeth166: 这就发送房子了吗
[2026-02-21 23:52:56] 虹薼: mvp
[2026-02-21 23:52:56] 大姜饼: 😩👎吁！！😩👎吁！！😩👎吁！！😩👎吁！！😩👎吁！！😩👎吁！
[2026-02-21 23:52:56] 如如493: 这是一架
[2026-02-21 23:52:56] 子牛旅馆: 这是一架
[2026-02-21 23:52:56] 僧杌: 乐队小女孩➕1️⃣展示凝聚力净化弹幕环境 
[2026-02-21 23:52:56] l1Ank0NgW0W: 发送了
[2026-02-21 23:52:57] User5092: 这是一架冲向云霄的银河战舰
[2026-02-21 23:52:57] 小四0v0: pv这张图玩得不错主要在于他们很会玩防守啊
[2026-02-21 23:52:57] 礁石222: niko：感觉nota要拿evp了啊
[2026-02-21 23:52:57] VDVCI的迪米特里本人: 千早爱音goat了!（填词作曲0 训练懈怠无数次)
[2026-02-21 23:52:57] 玩侄女Doloris: MVP
[2026-02-21 23:52:57] TieZhu丶: 已叛逃
[2026-02-21 23:52:58] 坝瘫虎出动目标铲车人: @千早爱音：遛三条养不熟的也够——@高松灯——@椎名立希——@长崎爽世
[2026-02-21 23:52:58] 用户0685163339: ropz位
[2026-02-21 23:52:58] 喵蹄丝: 那谁的沙二不行
[2026-02-21 23:52:58] 博丽灵梦好可爱: 重新评估猎鹰强度
[2026-02-21 23:52:58] 莫塔里家的珂莱塔本人: 发送他们房子
[2026-02-21 23:52:58] 菌落霜OVO: mvp
[2026-02-21 23:52:58] 小老虎皮蛋糕卷: 这是一个冲上天庭的天兵！
[2026-02-21 23:52:59] 米米是个爆米花: 重新评估猎鹰强度
[2026-02-21 23:52:59] 花綠: 全知全能
[2026-02-21 23:52:59] 看似蜜蜂就亲似你: 乐队小女孩➕1️⃣展示凝聚力净化弹幕环境 
[2026-02-21 23:52:59] 骑着化橳去溜马: 发送他们房子
[2026-02-21 23:52:59] 玩大狙、dev1cy: 来沙二，你就看jame怎么狙吧！
[2026-02-21 23:53:00] Arke伊万: 这就发送房子了吗
[2026-02-21 23:53:00] 公哒哒哒: 宫监手！准备放监！🏹🏹🏹🏹宫监手！准备放监！🏹🏹🏹🏹宫监手！准备放监！🏹🏹🏹
[2026-02-21 23:53:00] 唐纳德瓦伦泰: 卧槽，原来这次节奏是库洛策划的，因为玩神接了终末地商单。。。
[2026-02-21 23:53:00] 徐弃安: 今天哪个队哦了？
[2026-02-21 23:53:00] yinyao1231: 卧槽，原来这次节奏是库洛策划的，因为玩神接了终末地商单。。。
[2026-02-21 23:53:00] 一方通行plus: mvp
[2026-02-21 23:53:01] 靠某人: 关键局不软
[2026-02-21 23:53:01] 永远的克罗娜: 爱弥斯，我只希望你能轻松快乐的生活......
[2026-02-21 23:53:01] IsemiTina: 🛒N**o正在购买Major冠军
[2026-02-21 23:53:01] 玩机器的大卫戴: 这个最恶臭的直播间突然出现这种祝福语有点不适应了😰
[2026-02-21 23:53:01] 玩泥喜丶lawyer: @立石凛：《旗子旗子旗子》《以后发推一定不能发错旗子》《大家好我是MyGO的菲猴本人》
[2026-02-21 23:53:02] suicho: 千早爱音这个菲猴还goat上了？
[2026-02-21 23:53:02] SMinimalism: 这是一个冲上天庭的天兵！
[2026-02-21 23:53:02] 请为我的战队投票: 发送他们房子
[2026-02-21 23:53:02] jianxideminggzi: 托子脸色不对了
[2026-02-21 23:53:02] Miyezd: 到了沙二你就看小孩怎么狙吧！
[2026-02-21 23:53:02] Nightmare2517: 我发现弹幕都不是玩机器粉丝，device的前线速报都没人复读
[2026-02-21 23:53:02] 机器能别吹了吗: 注意是善意互动，不是恶意鞭，前提条件不成立没办法喷[星星眼]
[2026-02-21 23:53:03] spirit的黑部奈叶香本人: 樱羽艾玛☺️二阶堂希罗😚城崎诺亚🤤夏目安安🥰橘雪莉😍玩机器🤮
[2026-02-21 23:53:03] VDVCI的迪米特里本人: 千早爱音goat了!（填词作曲0 训练懈怠无数次)
[2026-02-21 23:53:03] 炒鸡胸di爱疯: 乐队小女孩➕1️⃣展示凝聚力净化弹幕环境
[2026-02-21 23:53:03] 咬一口虾堡: 发送他们房子
[2026-02-21 23:53:03] 跳舞的梵谷yo: 老鼠也是软脚虾啊
[2026-02-21 23:53:03] iyuuy: @千早爱音：遛三条养不熟的也够——@高松灯——@椎名立希——@长崎爽世
[2026-02-21 23:53:04] 网友阿草: 粘姆
[2026-02-21 23:53:04] 刘农痴呆不忘带永恒: mvp
[2026-02-21 23:53:04] 二阶堂宁宁: 这是一架冲向云霄的银河战舰🤪他承载了所有的责任😋
[2026-02-21 23:53:04] Taki479: 重新评估猎鹰强度
[2026-02-21 23:53:04] 酌空悲: 图一也发送啊
[2026-02-21 23:53:04] 想吃丰川祥子的狱卒: 别带加拿大中国通节奏啊
[2026-02-21 23:53:04] 艺术冰霜: 今天哪个队哦了？
[2026-02-21 23:53:05] 绝食十年攒爱top3飞机: 乐队小女孩➕1️⃣展示凝聚力净化弹幕环境
[2026-02-21 23:53:07] 小顺枝: 哈哈😁终于有一元粉丝牌了😁开串开串
[2026-02-21 23:53:09] 湖上风72121: 灭霸詹、
[2026-02-21 23:53:09] 海绵宝宝言宝儿: 本质硬蛋
[2026-02-21 23:53:09] VDVCI的迪米特里本人: 千早爱音goat了!（填词作曲0 训练懈怠无数次)
[2026-02-21 23:53:09] kjhhjki: 发送他们房子
[2026-02-21 23:53:09] 血樱幽世: 大炒面先生
[2026-02-21 23:53:09] 滨辺美波: niko：可是zywoo也很能鞭啊！🙄🙄🙄
[2026-02-21 23:53:09] 炒鸡胸di爱疯: 乐队小女孩➕1️⃣展示凝聚力净化弹幕环境
[2026-02-21 23:53:09] 突厥的adc: nota不愧是niko的迷弟
[2026-02-21 23:53:09] 玩机器的大卫戴: 这广 告比6657还多
[2026-02-21 23:53:09] 听说改名能中奖是八: 快意，詹皇要战！看硬，詹皇英姿！
[2026-02-21 23:53:09] 认了: 本质mvp
[2026-02-21 23:53:09] 萨格拉斯好恩人麦迪文: 这是一个冲上天庭的天兵！
[2026-02-21 23:53:09] 老婆是可可萝: 到了沙二你就看小孩怎么狙吧！
[2026-02-21 23:53:09] 玩大哥何时玩死锁乱斗: 玩神年轻的时候还真能搞饭圈 现在只能被吃饭的围一圈
[2026-02-21 23:53:09] 图帕雷松: nota不愧是niko的迷弟
[2026-02-21 23:53:09] 品客贝比: 灭霸詹
[2026-02-21 23:53:09] 香菜粉丝粉丝: 硬脚
[2026-02-21 23:53:10] 重返30岁的zywoo: 千早爱音真tm可爱😍，老子亲烂你的脸😚我真tm喜欢🥰，老子亲烂你的脸🤤嘬嘬啵啊😘
[2026-02-21 23:53:10] 爱上直女的三角初音: 那么是谁没有
[2026-02-21 23:53:10] 一个超大的大西瓜: @立石凛：《旗子旗子旗子》《以后发推一定不能发错旗子》《大家好我是MyGO的菲猴本人》
[2026-02-21 23:53:10] 不是很懂怎么取名: 重新评估猎鹰强度
[2026-02-21 23:53:10] 玩唧唧machine: 图一也发送嘛
[2026-02-21 23:53:10] 曲终人散cccc: 又在暗示了
[2026-02-21 23:53:10] Vitality的羽贺文乃本人: 这是一个冲上天庭的天兵！
[2026-02-21 23:53:10] 永冬938: 樱羽艾玛☺️二阶堂希罗😚城崎诺亚🤤夏目安安🥰橘雪莉😍玩机器🤮
[2026-02-21 23:53:10] arimrs: 发送他们房子
[2026-02-21 23:53:11] 詹姆座下第一炽天使: pv夺冠了有感觉吗
[2026-02-21 23:53:11] 我真的不是硝子: 串
[2026-02-21 23:53:11] 神牛拯救世界: 托子脸色不对了
[2026-02-21 23:53:11] 硫磺祥: 发送他们房子
[2026-02-21 23:53:11] 大逗111: 卧槽 马上就不是mvp了
[2026-02-21 23:53:11] 玉米卧槽: kg➕1️⃣展示凝聚力净化弹幕环境
[2026-02-21 23:53:11] 礁石222: 樱羽艾玛☺️二阶堂希罗😚城崎诺亚🤤夏目安安🥰橘雪莉😍玩机器🤮
[2026-02-21 23:53:11] 喜欢吃生菜: 看沙孩狙，哦不对，孩呢
[2026-02-21 23:53:11] 佐久夜姬子: 这是一架富有黏性的虫族战舰
[2026-02-21 23:53:11] VDVCI的迪米特里本人: 千早爱音goat了!（填词作曲0 训练懈怠无数次)
[2026-02-21 23:53:11] 玩斯特机机: 别带加拿大中国通节奏啊
[2026-02-21 23:53:11] samuraionnna: 乐队小女孩➕1️⃣展示凝聚力净化弹幕环境
[2026-02-21 23:53:11] 椎名立希的泪痣: 发送他们房子
[2026-02-21 23:53:11] 为年少狂乱: jame兼职是上位device
[2026-02-21 23:53:11] Jellery无终: 绝对冷静
[2026-02-21 23:53:11] 一把破扫帚: 发送他们房子
[2026-02-21 23:53:12] Jam1v: 房子
[2026-02-21 23:53:12] 海参怎么你了: 这个最恶臭的直播间突然出现这种祝福语有点不适应了😰
[2026-02-21 23:53:12] 用户4652451607: 别解说了 多聊会天 你不会真的以为能输吧
[2026-02-21 23:53:12] 想要舌吻m0NESY: pv这状态，猎鹰真危险了
[2026-02-21 23:53:12] LvvsiN: 玩宝宝，我发现在大学上学的时候肄业会很舒服，你可以试试
[2026-02-21 23:53:13] 惶恐君: 千早爱音goat了!（填词作曲0 训练懈怠无数次)
[2026-02-21 23:53:13] 怎么辉逝呢: 能偷Niko evp，确实有点实力
[2026-02-21 23:53:13] 冇钱怎么抠女: 这是一个冲上天庭的天兵！
[2026-02-21 23:53:13] 二阶堂宁宁: 本质major冠军
[2026-02-21 23:53:13] 没有真名233: 🛒N**o正在购买Major冠军
[2026-02-21 23:53:13] 猎鹰的Gild本人: 小fw
[2026-02-21 23:53:13] 东钱湖倒霉大王: 千早爱音都比不过还goat上了
[2026-02-21 23:53:13] 听说改名能中奖是八: 快意，詹皇要战！看硬，詹皇英姿！ 快意，詹皇要战！看硬，詹皇英姿！..
[2026-02-21 23:53:13] 海绵宝宝dinner: 发送他们房子
[2026-02-21 23:53:13] yieeeeeee: 本质硬脚
[2026-02-21 23:53:14] myGo的anon: 我的青春是黑部奈叶香，6发子弹，被切成5块，4次放狠话，河道空3枪，stage2贡献1击杀，0到寝率
[2026-02-21 23:53:14] LEON尘: 那谁不是大场面先生呢
[2026-02-21 23:53:14] 好哥们山上撤也: @唯爱鹿目圆：说到点子上了，现在最强的粉毛依旧是鹿目圆（不是晓美焰）
[2026-02-21 23:53:14] LvvsiN: 你为什么要把mαjor禁了，我收藏的一半弹幕全毁了
[2026-02-21 23:53:15] 靠某人: 关键局不软 那哪个明星选手关键时候尿裤了呢
[2026-02-21 23:53:15] 玩机器的大卫戴: 发送他们房子
[2026-02-21 23:53:15] xyxxyzbbdzq: 发送他们房子
[2026-02-21 23:53:15] 四个酒仙: 别带加拿大中国通节奏啊
[2026-02-21 23:53:15] 星海羽弦: @爱莉希雅：我依然是世一粉毛
[2026-02-21 23:53:15] 我是一个医保卡: 重新评估猎鹰强度
[2026-02-21 23:53:15] 炒鸡胸di爱疯: 乐队小女孩➕1️⃣展示凝聚力净化弹幕环境
[2026-02-21 23:53:15] cwy人品真的不行: 贤者模式
[2026-02-21 23:53:16] 蜗牛磷叶石: 千早爱音goat了!（填词作曲0 训练懈怠无数次)
[2026-02-21 23:53:16] 听说改名能中奖是八: 快意，詹皇要战！看硬，詹皇英姿！ 快意，詹皇要战！看硬，詹皇英姿！..
[2026-02-21 23:53:16] LvvsiN: 额，拿亚军我都会，拿亚军，拿季军，拿四强，拿八强，拿十六强，呃拿冠军我不会，然后小组赛淘汰
[2026-02-21 23:53:16] 酒店团购: 说句实话，没有尼尼孩孩的比赛有解说的意义吗？
[2026-02-21 23:53:16] 不要命的Tony: 我有major冠军 你有吗
[2026-02-21 23:53:17] RoseIia的凑友希那本人: 发送他们房子🏠发送他们房子🏠发送他们房子🏠发送他们房子🏠
[2026-02-21 23:53:17] RabbitRay: 批伟
[2026-02-21 23:53:17] 方芮欣: 本质硬脚虾
[2026-02-21 23:53:17] Kis4ki: 别带加拿大中国通节奏啊
[2026-02-21 23:53:18] 空气力学的先驱: 感觉jame不仅指令比24年好了，个人状态也明显好
[2026-02-21 23:53:18] Totoro嘿: 乐队小女孩➕1️⃣展示凝聚力净化弹幕环境
[2026-02-21 23:53:18] Vitality的Kyojin本人: jame狙真稳啊
[2026-02-21 23:53:18] 绝食十年攒爱top3飞机: 看沙孩狙，哦不对，孩呢
[2026-02-21 23:53:18] 用户0991380310: niko扳机纪律做的不太行啊
[2026-02-21 23:53:19] 听说改名能中奖是八: 快意，詹皇要战！看硬，詹皇英姿！快意，詹皇要战！看硬，詹皇英姿！快意，詹皇要战！看硬，詹皇英姿！
[2026-02-21 23:53:19] 炒鸡胸di爱疯: 我的青春是千早爱音，四个队友，三个表子，两个高中，一把吉他，零胸围
[2026-02-21 23:53:19] xOcOg: 不愧能偷老尼的一个evp，还是有点实力的
[2026-02-21 23:53:19] 玩蛇鼠丶stabbi: nota不愧是niko的迷弟
[2026-02-21 23:53:19] 恺悌君子能几醉: 能偷Niko evp，确实有点实力
[2026-02-21 23:53:19] 晓232111: vp在哪发财呢
[2026-02-21 23:53:19] 花綠: pv这状态，猎鹰真危险了
[2026-02-21 23:53:20] 74751的10年老粉: 那谁不是大场面先生呢
[2026-02-21 23:53:20] 正经猪头肉: 伟伟
[2026-02-21 23:53:20] 玻璃xin: ??
[2026-02-21 23:53:20] 卑微小签: 10—14MVP
[2026-02-21 23:53:20] N1Ko28: 老詹太稳了，该架哪就架哪 从不乱动
[2026-02-21 23:53:21] 高松灯本人: 别带加拿大中国通节奏啊
[2026-02-21 23:53:21] SchUmiFan4eVeR: jame强啊（🫣🎁🚀*0 ✈️*0）
[2026-02-21 23:53:21] 桃乃木的香香奈奈: 我有major冠军 你有吗
[2026-02-21 23:53:21] 天魔外道y: 那谁不是大场面先生呢
[2026-02-21 23:53:21] 我真的不是硝子: ？
[2026-02-21 23:53:21] 点6657护航1下午炸单8把: @爱莉希雅：我依然是世一粉毛
[2026-02-21 23:53:21] 绝食十年攒爱top3飞机: 别带加拿大中国通节奏啊
[2026-02-21 23:53:21] 洗內: 伟伟
[2026-02-21 23:53:21] 玩机器的大卫戴: 你现在在这这半斯不活干什么？待会猎鹰比赛你要再这样我鲨了你😅
[2026-02-21 23:53:22] Ceeee丶: 伟初
[2026-02-21 23:53:22] 机器机器祝你天天开心: 伟出
[2026-02-21 23:53:22] 羽川翼的恋爱物语: 僵尸
[2026-02-21 23:53:22] 玩机器的左高玩: 没人感觉傲娇弹幕很可爱吗明明是自己心甘情愿送的灯牌但是还是假装嫌弃...
[2026-02-21 23:53:22] 上船七年没谈过: 伟伟
[2026-02-21 23:53:22] 梦的星: 伟伟伟了
[2026-02-21 23:53:23] 倾盆大rain: @stewie2k：去年8月被骂的人反思一下自己，为什么我在iem达拉斯后能洗白？
[2026-02-21 23:53:23] 网友阿草: 伟÷
[2026-02-21 23:53:23] 天魔外道y: 那谁不是大场面先生呢
[2026-02-21 23:53:23] RocketTheRaccoon: 发送他们房子
[2026-02-21 23:53:23] 黑死病患者福音: 我有major冠军 你有吗
[2026-02-21 23:53:23] 我玩霞你纳尔: 这才是伟伟
[2026-02-21 23:53:23] KAZUSA149: 伟出
[2026-02-21 23:53:24] 浅色的调色板: 伟伟了、
[2026-02-21 23:53:24] spirit的黑部奈叶香本人: 我的青春是二阶堂希罗，五次伪证，四次审判，三次轮回，2次开电梯门看见0个艾玛
[2026-02-21 23:53:24] MWYHQFW: 这么一看jame大场面比细弱强多了
[2026-02-21 23:53:24] 玉米卧槽: 不愧能偷老尼的一个evp，还是有点实力的
[2026-02-21 23:53:24] oldduck7: 我玩没有阴暗沉重的秘密，都是轻松明亮的😊
[2026-02-21 23:53:24] 玩机器是我霸: @Jame：这里是。。里约吗
[2026-02-21 23:53:24] 宇莓: 伟出
[2026-02-21 23:53:25] LvvsiN: 你这音画不同步太难受了，我都听到NIKO里约RMR晋级的欢呼了
[2026-02-21 23:53:25] NiKkiRain: 送AK了
[2026-02-21 23:53:25] 枫落不是枫ruo: 伟处
[2026-02-21 23:53:25] 机器能别吹了吗: nota装死的，niko看穿了
[2026-02-21 23:53:25] 足音: 哲伟醒了
[2026-02-21 23:53:25] 喜欢素素: 伟初
[2026-02-21 23:53:25] 田中口三才: 伟伟
[2026-02-21 23:53:26] 路过的小脑斧: 伟出
[2026-02-21 23:53:26] 讽风有情: 伟出
[2026-02-21 23:53:26] 永远的克罗娜: 爱弥斯，我只希望你能轻松快乐的生活......
[2026-02-21 23:53:27] 计大大: 伟伟
[2026-02-21 23:53:27] 用户0268784457: 闹麻了
[2026-02-21 23:53:27] 小布丁是真好吃: 伟出
[2026-02-21 23:53:27] 辣薄荷Lapohre: +++++
[2026-02-21 23:53:27] 图帕雷松: ++++++++++
[2026-02-21 23:53:29] 不羁の黄毛: ➕➕➕➕➕➕➕➕➕➕➕
[2026-02-21 23:53:29] 晓山瑞希ww: 伟出
[2026-02-21 23:53:29] 时雨晴生: 这pv  这么强啊
[2026-02-21 23:53:29] 0n1ooKer丶: 可惜
[2026-02-21 23:53:29] 丰川祥子口三角初华: ++++++++++
[2026-02-21 23:53:29] samuraionnna: ++++++++++++
[2026-02-21 23:53:29] 虹薼: 伟伟了
[2026-02-21 23:53:29] 古战场侠客: 伟出
[2026-02-21 23:53:29] 程程程Chb1ue: +++++
[2026-02-21 23:53:29] 虚心坦懐: @stewie2k：去年8月被骂的人反思一下自己，为什么我在iem达拉斯后能洗白？
[2026-02-21 23:53:29] 琦玉33的冷漠脸: 送大的
[2026-02-21 23:53:29] Device的叠Twistzz: 伟出
[2026-02-21 23:53:29] 逍遥的F: 伟出
[2026-02-21 23:53:29] 好姐妹常陆茉子: +++++
[2026-02-21 23:53:29] 椛椛椛月夜: 伟伟开始了
[2026-02-21 23:53:29] zeta黯霓: 别带加拿大中国通节奏啊
[2026-02-21 23:53:31] MasanQwQ: 额，拿亚军我都会，拿亚军，拿季军，拿四强，拿八强，拿十六强，呃拿冠军我不会，然后小组赛淘汰
[2026-02-21 23:53:31] 热爱学习的孟某人: @Jame：这里是。。里约吗
[2026-02-21 23:53:31] 麻辣头鱼丝: 加了
[2026-02-21 23:53:31] Arianphy: ++++++++++
[2026-02-21 23:53:31] 带魔FA师: 伟÷
[2026-02-21 23:53:31] 倾盆大rain: @stewie2k：去年8月被骂的人反思一下自己，为什么我在iem达拉斯后能洗白？
[2026-02-21 23:53:31] 碧蓝航线丶AzurLane: pv这状态，猎鹰真危险了
[2026-02-21 23:53:31] RocketTheRaccoon: way true
[2026-02-21 23:53:31] soul丶兮颜: 这才是伟伟
[2026-02-21 23:53:31] 海盗之锚: 伟伟
[2026-02-21 23:53:31] 玩玩的丸丸软又弹: 哲伟醒了
[2026-02-21 23:53:33] 难道改名能中奖丶: 发送他们房子🏠！发送他们房子🏠！发送他们房子🏠！
[2026-02-21 23:53:33] 好的好的阖家: 不愧能偷老尼的一个evp，还是有点实力的
[2026-02-21 23:53:33] 跳跃的司令官: 别带加拿大中国通节奏啊
[2026-02-21 23:53:33] 天魔外道y: 那谁不是大场面先生呢
[2026-02-21 23:53:33] 奇衡三三三哈: 伟处
[2026-02-21 23:53:33] sssllgaibs: ++++++++++++++
[2026-02-21 23:53:33] 喜当爹的高富帅: nota装死的，niko看穿了
[2026-02-21 23:53:33] 绝食十年攒爱top3飞机: 不愧能偷老尼的一个evp，还是有点实力的
[2026-02-21 23:53:33] LvvsiN: 男人一生只哭十八次：niko十七次梦碎major正赛, niko梦碎里约major RMR＼
[2026-02-21 23:53:33] 骑着化橳去溜马: 伟处
[2026-02-21 23:53:33] 永远喜欢远近渔: 伟出
[2026-02-21 23:53:33] 喜欢吃生菜: nota装死的，niko看穿了
[2026-02-21 23:53:33] 玩斯特机机: 伟出
[2026-02-21 23:53:33] 量子毁灭717: 老鼠这位置完全可以由猎鹰来坐啊，这样玩大哥也不会这么被动
[2026-02-21 23:53:33] 机器能别吹了吗: nota装死的，niko看穿了
[2026-02-21 23:53:36] 玩机器的大卫戴: 男色闪光谁编的，应该封他个房管
[2026-02-21 23:53:36] 蛇醉三千客: nota装死的，niko看穿了
[2026-02-21 23:53:36] 礁石222: 我的青春是二阶堂希罗，五次伪证，四次审判，三次轮回，2次开电梯门看见0个艾玛
[2026-02-21 23:53:36] 银睿憨: 伟出
[2026-02-21 23:53:36] 枕边有个二次元: 送大的
[2026-02-21 23:53:36] 暴力卓司: 弹幕冰粉又要急死了
[2026-02-21 23:53:36] 如如493: 草！拿下！说我们猎鹰没八强的黑子呢！出来说话！
[2026-02-21 23:53:36] 绝食十年攒爱top3飞机: 别带加拿大中国通节奏啊
[2026-02-21 23:53:36] 玩神直播间的女高中生: 别带加拿大中国通节奏啊
[2026-02-21 23:53:36] 玩斯特机机: 哲伟醒了
[2026-02-21 23:53:36] 文西67: 伟出
[2026-02-21 23:53:36] 492555411: 伟出
[2026-02-21 23:53:36] 冲上云霄的姨: 弹幕怎么越来越少了😰😰😰
[2026-02-21 23:53:36] 没有故事的Pluto: 你现在在这这半斯不活干什么？待会猎鹰比赛你要再这样我鲨了你😅
[2026-02-21 23:53:36] 结束的意思是完了: 你这音画不同步太难受了，我都听到NIKO里约RMR晋级的欢呼了
[2026-02-21 23:53:36] 唯有、责任: 大战一触即发⚠️ 大战一触即发⚠️ 大战一触即发⚠️ 大战一触即发⚠️ 大战一触即发⚠️ 
[2026-02-21 23:53:36] Phoenix院凶真: pv这状态，猎鹰真危险了
[2026-02-21 23:53:36] 四个酒仙: 不愧能偷老尼的一个evp，还是有点实力的
[2026-02-21 23:53:37] 用户30887566: nota装死的，niko看穿了
[2026-02-21 23:53:37] 1039210: 伟伟醒了
[2026-02-21 23:53:37] LvvsiN: 房管能把我封了吗？骂这个傻呗好累。。。
[2026-02-21 23:53:37] 积极博弈GGB: 詹母下令，必须加时
[2026-02-21 23:53:37] 凝视深渊丶玩叽叽: 伟出
[2026-02-21 23:53:37] 宛平南路600号主治医生: 伟处
[2026-02-21 23:53:37] 玩神直播间的女高中生: 别带加拿大中国通节奏啊
[2026-02-21 23:53:37] 玉米卧槽: nota装死的，niko看穿了
[2026-02-21 23:53:37] 木野子一号迷弟: 本质年猪
[2026-02-21 23:53:37] 帅帅的翅膀为你翱翔: 哲伟真别玩a门了
[2026-02-21 23:53:38] 萌萌哒二向箔: nota装死的，niko看穿了
[2026-02-21 23:53:38] 绝食十年攒爱top3飞机: 发送他们房子🏠！发送他们房子🏠！发送他们房子🏠！
[2026-02-21 23:53:38] HCS118: 哲伟醒了
[2026-02-21 23:53:38] samuraionnna: @stewie2k：去年8月被骂的人反思一下自己，为什么我在iem达拉斯后能洗白？
[2026-02-21 23:53:39] 我是瑞叔: @stewie2k：去年8月被骂的人反思一下自己，为什么我在iem达拉斯后能洗白？
[2026-02-21 23:53:39] Cloud9的咬人猫本人: niko是冰冰的弹幕呢来一个我收藏一下
[2026-02-21 23:53:39] 超冻西瓜冰: @stewie2k：去年8月被骂的人反思一下自己，为什么我在iem达拉斯后能洗白？
[2026-02-21 23:53:39] Hestoria: nota装死的，niko看穿了
[2026-02-21 23:53:39] 好姐妹冰川姐妹: 别带加拿大中国通节奏啊
[2026-02-21 23:53:40] 哇啦哇啦族长: 男人一生只哭十八次：niko十七次梦碎major正赛, niko梦碎里约major RMR＼
[2026-02-21 23:53:40] 玩机器的大卫戴: 鼻环，杂毛，食素，脾气暴躁，一言不合就攻击同类。怎么想都不是形容人的词汇，但这就是蜕死特贼贼
[2026-02-21 23:53:40] 海参怎么你了: 不愧能偷老尼的一个evp，还是有点实力的
[2026-02-21 23:53:40] Kis4ki: 男色闪光谁编的，应该封他个房管
[2026-02-21 23:53:40] 是白桦呀: 送大的
[2026-02-21 23:53:40] 无刺有刺乐队的486本人: nota装死的，niko看穿了
[2026-02-21 23:53:41] 永远的克罗娜: 爱弥斯，我只希望你能轻松快乐的生活......
[2026-02-21 23:53:41] LvvsiN: 男人一生只哭十八次：niko十七次梦碎major正赛, niko梦碎里约major RMR＼
[2026-02-21 23:53:41] gggaligeigei: 别带加拿大中国通节奏啊
[2026-02-21 23:53:41] 中X千早爱音: nota装死的，niko看穿了
[2026-02-21 23:53:41] 绝食十年攒爱top3飞机: nota装死的，niko看穿了
[2026-02-21 23:53:41] 爱淡茶未凉: 伟伟
[2026-02-21 23:53:41] 丢丢的夜精灵: 大意食京粥
[2026-02-21 23:53:41] 零北鸢: 伟伟
[2026-02-21 23:53:41] 无情道毕业生: 年猪能不能下锅啊
[2026-02-21 23:53:42] 玩神直播间的女高中生: 别带加拿大中国通节奏啊
[2026-02-21 23:53:42] 咕宝加油: 　　　 主播刚完成了一段自以为酣畅淋漓的解说，期盼地看向弹幕，发现弹幕互喷，于是悲伤地似了
[2026-02-21 23:53:42] 卖鱼强不卖鱼: nota装死的，niko看穿了
[2026-02-21 23:53:42] 僧杌: 房管能把我封了吗？骂这个傻呗好累。。。
[2026-02-21 23:53:42] 心安理得的时候: 哲伟终于醒了
[2026-02-21 23:53:42] 好姐妹豐川祥子: 伟伟醒了
[2026-02-21 23:53:42] Tim1cc: 哲伟醒了
[2026-02-21 23:53:42] 好姐妹安达利尔: 真不怪Niko，nota这么玩谁不想朝着实体开一枪
[2026-02-21 23:53:42] 时光很美78736: 伟伟
[2026-02-21 23:53:43] 喵蹄丝: 哲伟醒了
[2026-02-21 23:53:43] 我知道的一点也不多: 詹母下令，必须加时
[2026-02-21 23:53:43] 斗鱼用户0016500: 别带加拿大中国通节奏啊
[2026-02-21 23:53:44] 玩神直播间的女高中生: 别带加拿大中国通节奏啊
[2026-02-21 23:53:44] 霖12341234: @stewie2k：去年8月被骂的人反思一下自己，为什么我在iem达拉斯后能洗白？
[2026-02-21 23:53:44] 我是赛马娘高手: 大战一触即发⚠️ 大战一触即发⚠️ 大战一触即发⚠️ 大战一触即发⚠️ 大战一触即发⚠️ 
[2026-02-21 23:53:44] 用户7479593002: @stewie2k：去年8月被骂的人反思一下自己，为什么我在iem达拉斯后能洗白？
[2026-02-21 23:53:44] 伢牙luo: 又哦又鞭又偷，但是jame一点也不急，因为他是2022iem里约major mvp
[2026-02-21 23:53:44] 路过的小脑斧: nota装死的，niko看穿了
[2026-02-21 23:53:44] IsemiTina: @三角初华：忍受丰川祥子真的很痛苦，她是诱惑我起飞的关键
[2026-02-21 23:53:45] LvvsiN: @阿汤日记：一个人，5发子弹，保住格陵兰岛。我不会叫它不可能完成的任务，我现在只想先回家看亦博
[2026-02-21 23:53:45] 血樱幽世: 里约不了 小蜜蜂现在状态有点太好了
[2026-02-21 23:53:45] 炒鸡胸di爱疯: 千早爱音的一天：早上去教室亲前桌高松灯，中午去音乐教室亲丰川祥子，放学去月之森门口亲长崎素世
[2026-02-21 23:53:45] 玩机器是我霸: 大家别上当 你送了牌子也得到15级才能发言 哦不 现在是21级🤭
[2026-02-21 23:53:45] 我木JJ怕个锤子: nota装死的，niko看穿了
[2026-02-21 23:53:46] G2的MengLei本人: nota装死的，niko看穿了
[2026-02-21 23:53:46] 玩汉娜、Sherry: 我的青春是二阶堂希罗，五次伪证，四次审判，三次轮回，2次开电梯门看见0个艾玛
[2026-02-21 23:53:46] 玩神直播间的女高中生: 别带加拿大中国通节奏啊
[2026-02-21 23:53:46] IIIIIIIIIIIIIIIIIIIIIIlllll: 我提一嘴，玩乐队大姐姐快夺回弹幕阵地了
[2026-02-21 23:53:46] navi的a李kcb本人: nota装死的，niko看穿了
[2026-02-21 23:53:46] 玩玩的丸丸软又弹: nota装死的，niko看穿了
[2026-02-21 23:53:46] 袖里青锋秋水寒: 兄弟们我感觉我今天状态不是很好啊，我今天状态非常不好啊，我感觉我应该，唉，我要不，我去调整一下心情吧
[2026-02-21 23:53:46] Shap1st: @stewie2k：去年8月被骂的人反思一下自己，为什么我在iem达拉斯后能洗白？
[2026-02-21 23:53:47] PKURoger: pv这状态，猎鹰真危险了
[2026-02-21 23:53:47] 劉膿dewasu: @stewie2k：去年8月被骂的人反思一下自己，为什么我在iem达拉斯后能洗白？
[2026-02-21 23:53:47] 还有这种事走了走了: 很难想象这样可敬的选手昨天被人鞭尸😔
[2026-02-21 23:53:47] 玩老鼠丶Roxy: 哲伟A门好几个犯病镜头了
[2026-02-21 23:53:47] 失去了才会珍惜649: nota装死的，niko看穿了
[2026-02-21 23:53:47] M00nDown: nota装死的，niko看穿了
[2026-02-21 23:53:48] others的御樱稟本人: nota装死的，niko看穿了
[2026-02-21 23:53:48] 禹钰禹: 你现在在这这半斯不活干什么？待会猎鹰比赛你要再这样我鲨了你😅
[2026-02-21 23:53:48] 玩神直播间的女高中生: 别带加拿大中国通节奏啊
[2026-02-21 23:53:48] 不变的追求717: @stewie2k：去年8月被骂的人反思一下自己，为什么我在iem达拉斯后能洗白？
[2026-02-21 23:53:48] dark1337: 别带加拿大中国通节奏啊
[2026-02-21 23:53:48] 無茶苦茶0: 猎鹰输了的三天内能不能别串猎鹰啊，我已经笑得合不拢嘴了🤣🤣
[2026-02-21 23:53:49] 羽丘美少女千早爱音: nota装死的，niko看穿了
[2026-02-21 23:53:49] 神奥联盟的竹兰本人: 玩神，你这弹幕真是没眼看....不如聊点游戏内的话题比如赏金赛mvp该给谁来净化一下？
[2026-02-21 23:53:49] 还在上幼儿园的hanser: 为什么老提千早爱音胸小？我提一嘴，井芹仁菜的更小。。
[2026-02-21 23:53:49] Vitality的羽贺文乃本人: 男人一生只哭十八次：niko十七次梦碎major正赛, niko梦碎里约major RMR＼
[2026-02-21 23:53:49] 用户0198233878: 我考考你，那个神队把大优送了？
[2026-02-21 23:53:50] 永远的克罗娜: 爱弥斯，我只希望你能轻松快乐的生活......
[2026-02-21 23:53:50] 蓝原延渚: @stewie2k：去年8月被骂的人反思一下自己，为什么我在iem达拉斯后能洗白？
[2026-02-21 23:53:50] 伢牙luo: 又哦又鞭又偷，但是jame一点也不急，因为他是2022iem里约major mvp
[2026-02-21 23:53:51] 机器能别吹了吗: nota装死的，niko看穿了
[2026-02-21 23:53:51] 安分小已的小青春: 别带加拿大中国通节奏啊
[2026-02-21 23:53:51] 刘京子Kyousuke: 别带加拿大中国通节奏啊
[2026-02-21 23:53:51] 丢你雷姆吔屎啦你: @stewie2k：去年8月被骂的人反思一下自己，为什么我在iem达拉斯后能洗白？
[2026-02-21 23:53:51] Ggmftye: 别带加拿大中国通节奏啊
[2026-02-21 23:53:51] LvvsiN: @老汤日记:丹麦总统让我静音接触白宫，这应该是我最后一次看儿子直播了，机器，我爱你...
[2026-02-21 23:53:51] KouKouJoe: 到底是登山重要，还是赞助商➕自己买的版权重要？我们拭目以待🤭
[2026-02-21 23:53:52] CThun438: 🥳弹幕就这样串！说的话全部玩宝宝承担😘，就像玩宝宝跟载圣一样🤪
[2026-02-21 23:53:52] 好哥们向晚: 只送大的
[2026-02-21 23:53:52] 法则的Twistzz本人: 别带加拿大中国通节奏啊
[2026-02-21 23:53:54] 本质软糯Sakiko: nota装死的，niko看穿了
[2026-02-21 23:53:54] 废斯特物物: 不愧能偷老尼的一个evp，还是有点实力的
[2026-02-21 23:53:54] 炒鸡胸di爱疯: 千早爱音的一天：早上去教室亲前桌高松灯，中午去音乐教室亲丰川祥子，放学去月之森门口亲长崎素世
[2026-02-21 23:53:54] LvvsiN: @阿汤日记：一个人，5发子弹，保住格陵兰岛。我不会叫它不可能完成的任务，我现在只想先回家看亦博
[2026-02-21 23:53:54] 黑死病患者福音: 别带加拿大中国通节奏啊
[2026-02-21 23:53:54] kalaokl: 　　　 男人一生只哭十八次：niko十七次梦碎major正赛, niko梦碎里约major RMR＼
[2026-02-21 23:53:55] Kis4ki: @三角初华：忍受丰川祥子真的很痛苦，她是诱惑我起飞的关键
[2026-02-21 23:53:57] 我是赛马娘高手: 别带加拿大中国通节奏啊
[2026-02-21 23:53:57] 我是瑞叔: @stewie2k：去年8月被骂的人反思一下自己，为什么我在iem达拉斯后能洗白？
[2026-02-21 23:53:57] 巧克力血浆棉花糖: 　　　 男人一生只哭十八次：niko十七次梦碎major正赛, niko梦碎里约major RMR＼
[2026-02-21 23:53:57] 谁决定谁的未来: @stewie2k：去年8月被骂的人反思一下自己，为什么我在iem达拉斯后能洗白？
[2026-02-21 23:53:57] 99组的爱城华恋本人: 为什么老提千早爱音胸小？我提一嘴，井芹仁菜的更小。。
[2026-02-21 23:53:57] HisuiHearts: 别带加拿大中国通节奏啊
[2026-02-21 23:53:57] 普丽瓦蒂: 大家别上当 你送了牌子也得到15级才能发言 哦不 现在是21级🤭
[2026-02-21 23:53:57] 用户144491677: 别带加拿大中国通节奏啊
[2026-02-21 23:53:57] 伢牙luo: 又哦又鞭又偷，但是jame一点也不急，因为他是2022iem里约major mvp
[2026-02-21 23:53:57] m0丶7NESY: @stewie2k：去年8月被骂的人反思一下自己，为什么我在iem达拉斯后能洗白？
[2026-02-21 23:53:57] 那咋办嘛yyyyyy: @stewie2k：去年8月被骂的人反思一下自己，为什么我在iem达拉斯后能洗白？
[2026-02-21 23:53:57] 玩机器的大卫戴: 其实碗橱就是猪灵，你不拿黄金丢他他就不跟你说话
[2026-02-21 23:53:57] 绝食十年攒爱top3飞机: 不愧能偷老尼的一个evp，还是有点实力的
[2026-02-21 23:53:57] 巅峰A队魔男: 来点vP节奏
[2026-02-21 23:53:57] xuzVan: 别带加拿大中国通节奏啊
[2026-02-21 23:53:57] 宇莓: @stewie2k：去年8月被骂的人反思一下自己，为什么我在iem达拉斯后能洗白？
[2026-02-21 23:53:57] 1574141381: 别带加拿大中国通节奏啊
[2026-02-21 23:53:57] 歌谷爱墨迹: 猎鹰输了的三天内能不能别串猎鹰啊，我已经笑得合不拢嘴了🤣🤣
[2026-02-21 23:53:57] 栗悟饭与龟波功-w-: 【炫神】谈玩机器玉玉停播：不够成熟！应该多跟我学学抗压，评论区一关不就行了！
[2026-02-21 23:53:57] 爱被小泉吃的拉面同学: nota装死的，niko看穿了
[2026-02-21 23:53:57] 机器的稿完: @stewie2k：去年8月被骂的人反思一下自己，为什么我在iem达拉斯后能洗白？
[2026-02-21 23:53:57] 靈夢的塞钱箱: @stewie2k：去年8月被骂的人反思一下自己，为什么我在iem达拉斯后能洗白？
[2026-02-21 23:53:58] 可爱多Patrick: 1
[2026-02-21 23:53:58] 玩家军的猪头肉本人: 别带加拿大中国通节奏啊
[2026-02-21 23:53:58] 天蓬猪元帅是也: @stewie2k：去年8月被骂的人反思一下自己，为什么我在iem达拉斯后能洗白？
[2026-02-21 23:53:59] 玩戴便、shit: 别带加拿大中国通节奏啊
[2026-02-21 23:53:59] 永远的克罗娜: 爱弥斯，我只希望你能轻松快乐的生活......
[2026-02-21 23:53:59] TheMongolZ的上单本人: 别带加拿大中国通节奏啊
[2026-02-21 23:53:59] 鱼丸大人赛高: 等到我们二次元回防你有没有一丝喜悦
[2026-02-21 23:53:59] 销c的海绵体: 千早爱音的一天：早上去教室亲前桌高松灯，中午去音乐教室亲丰川祥子，放学去月之森门口亲长崎素世
[2026-02-21 23:53:59] LvvsiN: 房管能把我封了吗？骂这个傻呗好累。。。
[2026-02-21 23:54:00] 井芹桃香: 别带加拿大中国通节奏啊
[2026-02-21 23:54:00] 绝食十年攒爱top3飞机: @stewie2k：去年8月被骂的人反思一下自己，为什么我在iem达拉斯后能洗白？
[2026-02-21 23:54:00] Altolier: 到底是登山重要，还是赞助商➕自己买的版权重要？我们拭目以待🤭
[2026-02-21 23:54:00] 用户0991380310: 别带加拿大中国通节奏啊
[2026-02-21 23:54:00] 往生堂堂主胡桃本人: @stewie2k：去年8月被骂的人反思一下自己，为什么我在iem达拉斯后能洗白？
[2026-02-21 23:54:00] 僧杌: 🥳弹幕就这样串！说的话全部玩宝宝承担😘，就像玩宝宝跟载圣一样🤪
[2026-02-21 23:54:00] 爱被小泉吃的拉面同学: 别带加拿大中国通节奏啊
[2026-02-21 23:54:00] 苍崎青子本人: 嘘🤫弹幕越来越少了...仔细看能看到...
[2026-02-21 23:54:00] 玩机器的大卫戴: 别带加拿大中国通节奏啊
[2026-02-21 23:54:01] 这牙缝可以: 又哦又鞭又偷，但是jame一点也不急，因为他是2022iem里约major mvp又哦又鞭又偷，但是
[2026-02-21 23:54:01] 今天只做1件事: 别带加拿大中国通节奏啊
[2026-02-21 23:54:01] 不变的追求717: 别带加拿大中国通节奏啊
[2026-02-21 23:54:01] 玩蛇鼠丶stabbi: 别带加拿大中国通节奏啊
[2026-02-21 23:54:01] 伢牙luo: 又哦又鞭又偷，但是jame一点也不急，因为他是2022iem里约major mvp
[2026-02-21 23:54:01] arimrs: 别带加拿大中国通节奏啊
[2026-02-21 23:54:01] 刘京子Kyousuke: 加拿大中国通：不愧是神队，这么短的时间就能逆转局势
[2026-02-21 23:54:01] 废斯特物物: nota装死的，niko看穿了
[2026-02-21 23:54:01] 刘刘的农: 别带加拿大中国通节奏啊
[2026-02-21 23:54:01] 流浪0022: 别带加拿大中国通节奏啊
[2026-02-21 23:54:01] 九幽神雀v: nota装死的，niko看穿了
[2026-02-21 23:54:01] 机器能别吹了吗: 玩大哥我真晕了，鞭尸到底该不该狠骂啊，去年薯薯被猛骂，这次虾虾我应该出击吗
[2026-02-21 23:54:01] 玩机器是我霸: 大家别上当 你送了办卡也得到15级才能发言 哦不 现在是21级🤭
[2026-02-21 23:54:02] 19岁的日子: 到底是登山重要，还是赞助商➕自己买的版权重要？我们拭目以待🤭
[2026-02-21 23:54:02] 卡啊卡卡丶: @stewie2k：去年8月被骂的人反思一下自己，为什么我在iem达拉斯后能洗白？
[2026-02-21 23:54:02] 没有上过垒的电次本人: 詹姆:也许多黏一会儿更好
[2026-02-21 23:54:02] 用户78913088: 别带加拿大中国通节奏啊
[2026-02-21 23:54:02] f西瓜Gd: 别带加拿大中国通节奏啊
[2026-02-21 23:54:03] 冇钱怎么抠女: 这么多年看下来 jame的体系下限就是高  不管怎么重组
[2026-02-21 23:54:03] 点6657护航1下午炸单8把: 还敢驱逐二次元吗，没有了二次元的熏陶弹幕立马就变得恶臭不堪，说句实话，是二次元拯救了这个直播间
[2026-02-21 23:54:03] GrumbleS: A大把把白给
[2026-02-21 23:54:03] 机器机器祝你天天开心: 快
[2026-02-21 23:54:03] 妥丸: 帅
[2026-02-21 23:54:04] 绝食十年攒爱top3飞机: 别带加拿大中国通节奏啊
[2026-02-21 23:54:04] 丰川祥子口三角初华: 快
[2026-02-21 23:54:04] 炒鸡胸di爱疯: 千早爱音的一天：早上去教室亲前桌高松灯，中午去音乐教室亲丰川祥子，放学去月之森门口亲长崎素世
[2026-02-21 23:54:04] VDVCI的迪米特里本人: 别带加拿大中国通节奏啊
[2026-02-21 23:54:04] G2的Niko本人: 【炫神】谈玩机器玉玉停播：不够成熟！应该多跟我学学抗压，评论区一关不就行了！
[2026-02-21 23:54:05] 让我康康吗: 快
[2026-02-21 23:54:05] Vitality的Kyojin本人: 快
[2026-02-21 23:54:05] 越勾越搜越王勾践: 别带加拿大中国通节奏啊
[2026-02-21 23:54:05] 普通网友小沈: nota是niko指挥的，niko是k3指挥的
[2026-02-21 23:54:05] MSK枫: nota装死的，niko看穿了
[2026-02-21 23:54:05] 马猴烧酒小地瓜: @stewie2k：去年8月被骂的人反思一下自己，为什么我在iem达拉斯后能洗白？
[2026-02-21 23:54:05] JuL1us: 别带加拿大中国通节奏啊
[2026-02-21 23:54:06] 用户28254882: kg又在自顾自的刷他那没人认识的角色了
[2026-02-21 23:54:06] 啪啪啪啪的蛋: 帅
[2026-02-21 23:54:06] 玩蛇鼠丶stabbi: 【炫神】谈玩机器玉玉停播：不够成熟！应该多跟我学学抗压，评论区一关不就行了！
[2026-02-21 23:54:07] 不万能文学青年: 终于看到正常年猪🐷了。
[2026-02-21 23:54:07] KuronekoSummer: 帅啊
[2026-02-21 23:54:07] suo不粗话: 我靠
[2026-02-21 23:54:07] 伢牙luo: 又哦又鞭又偷，但是jame一点也不急，因为他是2022iem里约major mvp
[2026-02-21 23:54:07] 阿库娅丶: 慢
[2026-02-21 23:54:08] LvvsiN: 南孚一节更比六节强，也就是一节南孚比六节南孚强，六节南孚比三十六节强，三十六节比二百一十六节强
[2026-02-21 23:54:08] Vitality的羽贺文乃本人: 别带加拿大中国通节奏啊
[2026-02-21 23:54:08] 芝士每天都很困: 快
[2026-02-21 23:54:08] 玉米卧槽: 大家别上当 你送了办卡也得到15级才能发言 哦不 现在是21级🤭
[2026-02-21 23:54:08] 还在上幼儿园的hanser: 千早爱音的一天：早上去教室亲前桌高松灯，中午去音乐教室亲丰川祥子，放学去月之森门口亲长崎素世
[2026-02-21 23:54:09] 树奈奈是个憨憨: 到底是登山重要，还是赞助商➕自己买的版权重要？我们拭目以待🤭
[2026-02-21 23:54:09] 僧杌: 等到我们二次元回防你有没有一丝喜悦
[2026-02-21 23:54:09] 独饮清辉夜正凝: 又哦又鞭又偷，但是jame一点也不急，因为他是2022iem里约major mvp
[2026-02-21 23:54:09] ALYSAA: 别带加拿大中国通节奏啊
[2026-02-21 23:54:09] 喜欢素素: 快
[2026-02-21 23:54:10] LvvsiN: 弹幕也就网上说说，现实里谁不觉得樱姐是好女孩（删括号领一条远坂凛同款鸟笼）
[2026-02-21 23:54:10] 机器能别吹了吗: 玩大哥我真晕了，鞭尸到底该不该狠骂啊，去年薯薯被猛骂，这次虾虾我应该出击吗
[2026-02-21 23:54:10] 用户0991380310: 别带加拿大中国通节奏啊
[2026-02-21 23:54:10] 小箱我亲死你: nota真的很想进决赛偷老尼的evp…
[2026-02-21 23:54:11] 心安理得的时候: 这样能活？
[2026-02-21 23:54:11] 羽川翼的恋爱物语: 准
[2026-02-21 23:54:11] 执念散了97126: 别带加拿大中国通节奏啊
[2026-02-21 23:54:11] 玩机器的大卫戴: 别带加拿大中国通节奏啊
[2026-02-21 23:54:11] 莫塔里家的珂莱塔本人: 🦀出
[2026-02-21 23:54:11] 猎鹰的Gild本人: 看硬，詹皇英姿
[2026-02-21 23:54:11] 古堡12枪战神: 慢稳
[2026-02-21 23:54:11] 姓黄小名肥仔: ⚠此弹幕用作检测是否被封⚠
[2026-02-21 23:54:12] Protovo: 别带加拿大中国通节奏啊
[2026-02-21 23:54:12] LvvsiN: 你为什么要把mαjor禁了，我收藏的一半弹幕全毁了
[2026-02-21 23:54:12] 凝视深渊丶玩叽叽: 慢
[2026-02-21 23:54:12] Void鱼鱼: 别带加拿大中国通节奏啊
[2026-02-21 23:54:15] G4RYPU: 又哦又鞭又偷，但是jame一点也不急，因为他是2022iem里约major mvp
[2026-02-21 23:54:15] 玉米卧槽: nota是niko指挥的，niko是k3指挥的
[2026-02-21 23:54:15] 玩嘉祺丶Ma: 　　　 别带加拿大中国通节奏啊
[2026-02-21 23:54:15] 永生不遇的star: @stewie2k：去年8月被骂的人反思一下自己，为什么我在iem达拉斯后能洗白？
[2026-02-21 23:54:15] L1quor丶晓澈: 【炫神】谈玩机器玉玉停播：不够成熟！应该多跟我学学抗压，评论区一关不就行了！
[2026-02-21 23:54:15] 五口一只牛: 稳
[2026-02-21 23:54:15] 绝食十年攒爱top3飞机: 【炫神】谈玩机器玉玉停播：不够成熟！应该多跟我学学抗压，评论区一关不就行了！
[2026-02-21 23:54:15] 伢牙luo: 又哦又鞭又偷，但是jame一点也不急，因为他是2022iem里约major mvp
[2026-02-21 23:54:15] zifeng316: 这谢逊是人？
[2026-02-21 23:54:15] ihoo侗萌首席联络官: 23
[2026-02-21 23:54:15] 虹薼: 上帝什么时候这么激进了
[2026-02-21 23:54:15] Anizo: 芜湖
[2026-02-21 23:54:15] 劉膿dewasu: 别带加拿大中国通节奏啊
[2026-02-21 23:54:15] LvvsiN: 南孚一节更比六节强，也就是一节南孚比六节南孚强，六节南孚比三十六节强，三十六节比二百一十六节强
[2026-02-21 23:54:15] 淡然夏末的温存11: nota装死的，niko看穿了
[2026-02-21 23:54:15] 斗鱼用户4901183769: 别带加拿大中国通节奏啊
[2026-02-21 23:54:15] 我男神凋零: 这上帝还这么厉害啊
[2026-02-21 23:54:15] 机器能别吹了吗: 鹰有两把鞭，一把是仁之鞭，一把是义之鞭！
[2026-02-21 23:54:15] 我怀疑你是大jjgir: 【炫神】谈玩机器玉玉停播：不够成熟！应该多跟我学学抗压，评论区一关不就行了！
[2026-02-21 23:54:15] 竹林猫舍: jt
[2026-02-21 23:54:15] 海参怎么你了: 到底是登山重要，还是赞助商➕自己买的版权重要？我们拭目以待🤭
[2026-02-21 23:54:16] 好哥们山上撤也: 准
[2026-02-21 23:54:16] liquid的naffly本人: 别带加拿大中国通节奏啊
[2026-02-21 23:54:16] 绝食十年攒爱top3飞机: 又哦又鞭又偷，但是jame一点也不急，因为他是2022iem里约major mvp
[2026-02-21 23:54:16] 好姐妹长期素食丶: 白字就像是纹了魅魔纹却不敢露出来的女高中生 明明干了但是不敢承认喵呜喵呜
[2026-02-21 23:54:16] 玩机器的小jj: 慢但稳
[2026-02-21 23:54:16] 法棍棍棍棍棍棍: 别带加拿大中国通节奏啊
[2026-02-21 23:54:16] AveMujica的Sakiko本人: 玩大哥我真晕了，鞭尸到底该不该狠骂啊，去年薯薯被猛骂，这次虾虾我应该出击吗
[2026-02-21 23:54:16] 如如493: 小孩姐还真比千早爱音大。。
[2026-02-21 23:54:17] 还在上幼儿园的hanser: kg又在自顾自的刷他那没人认识的角色了
[2026-02-21 23:54:17] Jam1v: sαve
[2026-02-21 23:54:17] 沐苏牛大无需多言: 等到我们二次元回防你有没有一丝喜悦
[2026-02-21 23:54:17] 碧蓝航线丶AzurLane: 玩大哥我真晕了，鞭尸到底该不该狠骂啊，去年薯薯被猛骂，这次虾虾我应该出击吗
[2026-02-21 23:54:17] 淡然夏末的温存11: nota真的很想进决赛偷老尼的evp…
[2026-02-21 23:54:18] 野猪家猪: 詹姆好稳
[2026-02-21 23:54:18] 井芹桃香: nota真的很想进决赛偷老尼的evp…
[2026-02-21 23:54:18] Sp1ke19: 【炫神】谈玩机器玉玉停播：不够成熟！应该多跟我学学抗压，评论区一关不就行了！
[2026-02-21 23:54:18] Falcons的刘划墙本人: 慢且准
[2026-02-21 23:54:18] YEYH111: 【炫神】谈玩机器玉玉停播：不够成熟！应该多跟我学学抗压，评论区一关不就行了！
[2026-02-21 23:54:19] 猫心碎会失去几条命: 玩大哥我真晕了，鞭尸到底该不该狠骂啊，去年薯薯被猛骂，这次虾虾我应该出击吗
[2026-02-21 23:54:19] 伢牙luo: 又哦又鞭又偷，但是jame一点也不急，因为他是2022iem里约major mvp
[2026-02-21 23:54:19] 老实憨厚的戴便: 冷知识，nota故意被Niko鞭尸来窃取大虾神力
[2026-02-21 23:54:19] WS的草薙宁宁本人: 酒寄彩叶🥰辉夜姬🥰月见八千代🥰綾紬芦花😭玩机器🤮喵
[2026-02-21 23:54:19] HisuiHearts: 【炫神】谈玩机器玉玉停播：不够成熟！应该多跟我学学抗压，评论区一关不就行了！
[2026-02-21 23:54:19] 亚历山大赫伯特: 玩大哥我真晕了，鞭尸到底该不该狠骂啊，去年薯薯被猛骂，这次虾虾我应该出击吗
[2026-02-21 23:54:19] 半个盛唐c: 15級還能説話嗎哈哈哈^^
[2026-02-21 23:54:20] Altolier: 【炫神】谈玩机器玉玉停播：不够成熟！应该多跟我学学抗压，评论区一关不就行了！
[2026-02-21 23:54:20] 一方通行plus: 6
[2026-02-21 23:54:20] 姓黄小名肥仔: ⚠此弹幕用作检测是否被封⚠
[2026-02-21 23:54:20] 492555411: ⚠此弹幕用作检测是否被封⚠
[2026-02-21 23:54:20] 我木JJ怕个锤子: nota装死的，niko看穿了
[2026-02-21 23:54:23] 从零开始的加拿大肄业: 又哦又鞭又偷，但是jame一点也不急，因为他是2022iem里约major mvp
[2026-02-21 23:54:23] 用户2271684932: 【炫神】谈玩机器玉玉停播：不够成熟！应该多跟我学学抗压，评论区一关不就行了！
[2026-02-21 23:54:23] L1quor丶晓澈: 慢稳准
[2026-02-21 23:54:23] 阿tree的颜粉: 别带加拿大中国通节奏啊
[2026-02-21 23:54:23] 喵蹄丝: 24-12
[2026-02-21 23:54:23] 冲上云霄的姨: 别带加拿大中国通节奏啊
[2026-02-21 23:54:23] 讽风有情: 运
[2026-02-21 23:54:23] Eternalmoment921: @stewie2k：去年8月被骂的人反思一下自己，为什么我在iem达拉斯后能洗白？
[2026-02-21 23:54:23] 帽子的妮蔻本人: 0.4万人搁那狂刷影响8万人观赛😓
[2026-02-21 23:54:23] LvvsiN: 房管能把我封了吗？骂这个傻呗好累。。。
[2026-02-21 23:54:23] 永远的克罗娜: 爱弥斯，我只希望你能轻松快乐的生活......
[2026-02-21 23:54:23] 石家庄特色猪油火锅: pita
[2026-02-21 23:54:25] 机器能别吹了吗: 鹰有两把鞭，一把是仁之鞭，一把是义之鞭！
[2026-02-21 23:54:25] 玩蛇鼠丶stabbi: ⚠此弹幕用作检测是否被封⚠
[2026-02-21 23:54:25] RabbitRay: 批塔
[2026-02-21 23:54:25] kkyon: 弹幕越来越恶臭了很正常，因为有趣友善的二次元都被清理完了
[2026-02-21 23:54:26] 猎鹰的Gild本人: 米神
[2026-02-21 23:54:26] kalaokl: 千万别带加拿大中国通节奏啊😁
[2026-02-21 23:54:26] 渡亡神雅睿欧斯: 小孩姐还真比千早爱音大。。
[2026-02-21 23:54:26] LvvsiN: 房管能把我封了吗？骂这个傻呗好累。。。
[2026-02-21 23:54:26] 机器机器祝你天天开心: ？
[2026-02-21 23:54:26] 如如493: 别带加拿大中国通节奏啊
[2026-02-21 23:54:26] 玩斯特机机: nota真的很想进决赛偷老尼的evp…
[2026-02-21 23:54:26] Kayton241: PITA
[2026-02-21 23:54:26] 冲上云霄的姨: 【炫神】谈玩机器玉玉停播：不够成熟！应该多跟我学学抗压，评论区一关不就行了！
[2026-02-21 23:54:26] 天王玻利维亚: ⚠此弹幕用作检测是否被封⚠
[2026-02-21 23:54:26] 积极博弈GGB: 运
[2026-02-21 23:54:26] 丿年华不再: 别带加拿大中国通节奏啊
[2026-02-21 23:54:26] HCS118: ？
[2026-02-21 23:54:26] 网友阿草: +++++++++
[2026-02-21 23:54:26] 妥丸: 运
[2026-02-21 23:54:26] 梦的星: ++++++++++
[2026-02-21 23:54:26] m0丶7NESY: 为什么都骂niko啊他是哦了还是嘘了还是鞭了还是输了？
[2026-02-21 23:54:26] 绝食十年攒爱top3飞机: 【炫神】谈玩机器玉玉停播：不够成熟！应该多跟我学学抗压，评论区一关不就行了！
[2026-02-21 23:54:26] 古堡12枪战神: pita
[2026-02-21 23:54:26] 鹿公爷: evp
[2026-02-21 23:54:26] 靠某人: 随机弹道
[2026-02-21 23:54:26] 伢牙luo: 又哦又鞭又偷，但是jame一点也不急，因为他是2022iem里约major mvp
[2026-02-21 23:54:28] 492555411: kg又在自顾自的刷他那没人认识的角色了
[2026-02-21 23:54:28] 疯狂的飞机: ？
[2026-02-21 23:54:28] 文西67: 批塔
[2026-02-21 23:54:28] 小肥羊0574: 哈哈
[2026-02-21 23:54:28] 好哥们山上撤也: 批塔
[2026-02-21 23:54:28] 微雨站台: 6
[2026-02-21 23:54:28] 从零开始的加拿大肄业: nota真的很想进决赛偷老尼的evp…
[2026-02-21 23:54:28] 正经猪头肉: +++++++++++++++++++++++
[2026-02-21 23:54:28] arimrs: evp
[2026-02-21 23:54:28] 枕边有个二次元: 跳什么
[2026-02-21 23:54:28] 穿甲狗: 批塔
[2026-02-21 23:54:28] 机器机器祝你天天开心: 运
[2026-02-21 23:54:28] 周杰伦的声乐老师: 别带加拿大中国通节奏啊
[2026-02-21 23:54:28] 森中花咲单推人: 批塔
[2026-02-21 23:54:28] 我是瑞叔: 【炫神】谈玩机器玉玉停播：不够成熟！应该多跟我学学抗压，评论区一关不就行了！
[2026-02-21 23:54:28] 菅原小吉: evp
[2026-02-21 23:54:29] 雾明QAQ: 房管能把我封了吗？骂这个傻呗好累。。。
[2026-02-21 23:54:29] 足音: jt
[2026-02-21 23:54:29] 麻辣头鱼丝: 加了
[2026-02-21 23:54:29] 中野家的三玖丈夫本人: 小孩姐还真比千早爱音大。。
[2026-02-21 23:54:29] 吹雪之岚: 运
[2026-02-21 23:54:29] lpyuan: 弹幕越来越恶臭了很正常，因为有趣友善的二次元都被清理完了
[2026-02-21 23:54:30] 是小蚂蚁吖: 玩大哥我真晕了，鞭尸到底该不该狠骂啊，去年薯薯被猛骂，这次虾虾我应该出击吗
[2026-02-21 23:54:30] 卑微小签: mvp
[2026-02-21 23:54:30] 小小小炘: pita
[2026-02-21 23:54:30] 袖里青锋秋水寒: 没人觉得用马桶泡面很方便吗？吃完按一下就冲走了 碗都不用洗
[2026-02-21 23:54:30] Breukelen: ++++++++++++
[2026-02-21 23:54:30] Niko的虾条: ⚠此弹幕用作检测是否被封⚠
[2026-02-21 23:54:31] 100T的阿雨本人: 房管能把我封了吗？骂这个傻呗好累。。。
[2026-02-21 23:54:31] 狼宝也想起舞吗: 运
[2026-02-21 23:54:31] 老公骂我好口马: 这人咋飞下来了
[2026-02-21 23:54:31] 野猪家猪: 这nota什么意思
[2026-02-21 23:54:31] 凌云至上者: ++++++++++++
[2026-02-21 23:54:31] 想要舌吻m0NESY: 没招
[2026-02-21 23:54:31] 芝士每天都很困: 运
[2026-02-21 23:54:32] Falcons的刘划墙本人: 运
[2026-02-21 23:54:32] shadow彡跨擦: nota跳下来干嘛
[2026-02-21 23:54:32] 我们也再难相遇: ⚠此弹幕用作检测是否被封⚠
[2026-02-21 23:54:32] LvvsiN: 男人一生只哭十八次：niko十七次梦碎major正赛, niko梦碎里约major RMR＼
[2026-02-21 23:54:33] 喜欢素素: +++++++++++++++++++++++
[2026-02-21 23:54:33] 地下室的女高中生: nota真的很想进决赛偷老尼的evp…
[2026-02-21 23:54:33] acwego: evp
[2026-02-21 23:54:33] 柑橘树的柑橘树本人: 免责声明：本人弹幕都是根据主播主观意愿发送的
[2026-02-21 23:54:33] 只抽不中丶职业抽奖人: nota真的很想进决赛偷老尼的evp…
[2026-02-21 23:54:34] 薛定谔的萝莉喵: ++++
[2026-02-21 23:54:34] 心安理得的时候: evp
[2026-02-21 23:54:34] 我永远喜欢八九寺: 卧槽刚刚做噩梦NIKO夺冠了，我收藏夹的烂梗全失效了，吓哭我了
[2026-02-21 23:54:34] 昵称违规LIPWYby6Vd: 狗运
[2026-02-21 23:54:34] 没有真名233: 【炫神】谈玩机器玉玉停播：不够成熟！应该多跟我学学抗压，评论区一关不就行了！
[2026-02-21 23:54:34] LvvsiN: 你屏蔽词都快赶上新华词典了为什么不干脆开一百级发言？
[2026-02-21 23:54:35] suicho: PV老鼠这黏性，感觉老汤危险了啊...
[2026-02-21 23:54:35] 即将拥有PDD的人鱼线丿: 好闪
[2026-02-21 23:54:35] 机器能别吹了吗: 鹰有两把鞭，一把是仁之鞭，一把是义之鞭！
[2026-02-21 23:54:35] 刘霸天舔天: ++++++
[2026-02-21 23:54:36] 山河jek: 原来留肄播是留学生肄业直播吗
[2026-02-21 23:54:36] 成功人士lxz: 跳下来干什么
[2026-02-21 23:54:36] 玉米卧槽: ?
[2026-02-21 23:54:36] 烨无觉: 米塔
[2026-02-21 23:54:36] Vitality的羽贺文乃本人: 弹幕越来越恶臭了很正常，因为有趣友善的二次元都被清理完了
[2026-02-21 23:54:37] 皮里恩丶: +++++++++++++++++++++++
[2026-02-21 23:54:37] 玩斯特机机: 【炫神】谈玩机器玉玉停播：不够成熟！应该多跟我学学抗压，评论区一关不就行了！
[2026-02-21 23:54:38] 孩孩孩孩major冠军: ⚠此弹幕用作检测是否被封⚠
[2026-02-21 23:54:38] 石家庄特色猪油火锅: +++++++
[2026-02-21 23:54:38] 杨了个羊羊杨: ？
[2026-02-21 23:54:38] 机器机器祝你天天开心: ++++++++++++
[2026-02-21 23:54:38] 刘亦龟的博头: 运
[2026-02-21 23:54:38] 煞鱼辣椒sylj: 跳下来干嘛
[2026-02-21 23:54:39] 漩涡章鱼: 房管能把我封了吗？骂这个傻呗好累。。。
[2026-02-21 23:54:39] LvvsiN: 房管能把我封了吗？骂这个傻呗好累。。。
[2026-02-21 23:54:39] 丶优夜: ⚠此弹幕用作检测是否被封⚠
[2026-02-21 23:54:39] 玩狮孑、Le0: 飞嗒
[2026-02-21 23:54:39] 永远的克罗娜: 爱弥斯，我只希望你能轻松快乐的生活......
[2026-02-21 23:54:39] xOcOg: niko鞭的是尼孝所以是善意互动，载物鞭的是海啸所以是恶意攻击，这点要分清
[2026-02-21 23:54:40] 姓黄小名肥仔: ⚠此弹幕用作检测是否被封⚠
[2026-02-21 23:54:40] 殇17654: 加加加加加
[2026-02-21 23:54:40] 伏拉夫在柏林: ++++++++++++
[2026-02-21 23:54:40] 林檎的檎: +++++++++
[2026-02-21 23:54:40] 你看我在哪: 免责声明：本人弹幕都是根据主播主观意愿发送的
[2026-02-21 23:54:40] Nightmare2517: jame燃尽了
[2026-02-21 23:54:40] 还在上幼儿园的hanser: 　　　 小孩姐还真比千早爱音大。。
[2026-02-21 23:54:41] 如何快速升15级: 假唱的丸山彩都知道办感谢祭和给粉丝修车，千早爱音排练懈怠炸团装似，说她粉毛一姐就和玩机器一样别别别了
[2026-02-21 23:54:41] 玩南梁丶阿斯托尔福: +++++++
[2026-02-21 23:54:41] 空白Zzz丶: 也许..........
[2026-02-21 23:54:41] 玩原神丶Genshin: ++++++++++++
[2026-02-21 23:54:41] 普通网友小沈: 【各主播对zywoo鞭尸jee的反应，玩机器怒喷，zywoo圣人点数恐清零】BV13iYZzSExT
[2026-02-21 23:54:41] dark1337: 听说你被电棍力挺了，那我知道要不要带节奏了！
[2026-02-21 23:54:41] iNaixu: +++++++++++++++++++++++
[2026-02-21 23:54:41] Pianist2888: ++++++++++++
[2026-02-21 23:54:41] 载物ip大玩庄园地下室: +++++++++++++++++++
[2026-02-21 23:54:41] 玉米卧槽: +++++++++++++++++++++++++++++++++
[2026-02-21 23:54:42] A1report: 免责声明：本人弹幕都是根据主播主观意愿发送的
[2026-02-21 23:54:42] OMGlionKing: 别带玩大哥挂网 杜广 告节奏啊
[2026-02-21 23:54:42] Arianphy: +++++++++++++++++++++++
[2026-02-21 23:54:42] VDVCI的迪米特里本人: ⚠此弹幕用作检测是否被封⚠
[2026-02-21 23:54:42] 我没P眼123: no➗
[2026-02-21 23:54:42] 等给他爱6发售中: 爱弥斯，我只希望你能轻松快乐的生活......
[2026-02-21 23:54:42] Apower哈登: +++++++++++++++++++++++
[2026-02-21 23:54:42] Kli0s: ++++++
[2026-02-21 23:54:42] 没有故事的Pluto: ++++++++++++
[2026-02-21 23:54:43] PKURoger: ++++++++++++
[2026-02-21 23:54:43] 竹林声飒飒: +++++++++++++++++++++++
[2026-02-21 23:54:43] 小川阿丶: ++++++++++++++++++++++++++++++++++++++++++++++++++
[2026-02-21 23:54:43] 香港分社记者: 原来留肄播是留学生肄业直播吗
[2026-02-21 23:54:43] 巴西兽腰内马尔: 你屏蔽词都快赶上新华词典了为什么不干脆开一百级发言？
[2026-02-21 23:54:43] arimrs: 好闪
[2026-02-21 23:54:43] 淡然夏末的温存11: ⚠此弹幕用作检测是否被封⚠
[2026-02-21 23:54:43] 无情道毕业生: 原来留肄播是留学生肄业直播吗
[2026-02-21 23:54:43] 用户9921747043: +++++++++++++++++++++++
[2026-02-21 23:54:43] 穿甲狗: 批
[2026-02-21 23:54:43] 雷吉恁爷: +++++++++++++++++++++++
[2026-02-21 23:54:44] BleksiA: +++++++++++++++++++++++
[2026-02-21 23:54:44] 康托尔74920: +++++++++++++++++++++++
[2026-02-21 23:54:44] 好姐妹常陆茉子: pd
[2026-02-21 23:54:44] 玩斯特机机: 房管能把我封了吗？骂这个傻呗好累。。。
[2026-02-21 23:54:44] 用户3853464680: ⚠此弹幕用作检测是否被封⚠
[2026-02-21 23:54:44] 朝霧MisTy: ++++++++++++++++
[2026-02-21 23:54:45] 宛平南路600号主治医生: 都怪伟伟
[2026-02-21 23:54:45] Apower哈登: +++++++++
[2026-02-21 23:54:45] 冲入丰鲍: +++++++++++++++++++++++
[2026-02-21 23:54:45] 葛城上校: 带不动
[2026-02-21 23:54:45] 石家庄特色猪油火锅: nota发昏了
[2026-02-21 23:54:45] 卑微小签: mvp
[2026-02-21 23:54:45] 小怪兽8692: ++++++++++++
[2026-02-21 23:54:46] IsemiTina: 批闪
[2026-02-21 23:54:46] chukap: +++++++++++++++++++++++
[2026-02-21 23:54:46] 欧什么皇: ⚠此弹幕用作检测是否被封⚠
[2026-02-21 23:54:46] Ricardo275: ++++++++++++
[2026-02-21 23:54:46] AL1yaaa: ++++++++++++
[2026-02-21 23:54:46] 滨辺美波: niko：可是zywoo也很能鞭啊！🙄🙄🙄
[2026-02-21 23:54:46] 柚子小叶: ++++++++++++++++
[2026-02-21 23:54:46] cwy人品真的不行: ⚠此弹幕用作检测是否被封⚠
[2026-02-21 23:54:47] chordclef: ++++++++++++
[2026-02-21 23:54:47] LvvsiN: @老汤日记:丹麦总统让我静音接触白宫，这应该是我最后一次看儿子直播了，机器，我爱你...
[2026-02-21 23:54:47] 奶油亦博啵啵: evp
[2026-02-21 23:54:47] Apower哈登: +++++++++++++++++++++++
[2026-02-21 23:54:47] 兄弟你找错对手了啊: ++++++++++++
[2026-02-21 23:54:47] VDVCI的迪米特里本人: ⚠此弹幕用作检测是否被封⚠
[2026-02-21 23:54:48] 椎名立希的泪痣: ++++++++++++
[2026-02-21 23:54:48] 机器能别吹了吗: 鹰有两把鞭，一把是仁之鞭，一把是义之鞭！
[2026-02-21 23:54:48] EDG的3mz本人: 弹幕越来越恶臭了很正常，因为有趣友善的二次元都被清理完了
[2026-02-21 23:54:48] seyanaaaaaa: 房管能把我封了吗？骂这个傻呗好累。。。
[2026-02-21 23:54:48] 灵耀ii: 我受不了了都别发弹幕了，再发弹幕我不看了，草😡😡😡！！
[2026-02-21 23:54:48] 鲜血与暗影铸造的家伙: 伟➗
[2026-02-21 23:54:48] 快上痒气瓶: 伟畜全锅
[2026-02-21 23:54:49] suo不粗话: 老詹燃尽了
[2026-02-21 23:54:49] 想吃丰川祥子的狱卒: ⚠此弹幕用作检测是否被封⚠
[2026-02-21 23:54:49] Cloud9的咬人猫本人: 【炫神】谈玩机器玉玉停播：不够成熟！应该多跟我学学抗压，评论区一关不就行了！
[2026-02-21 23:54:49] LvvsiN: 你为什么要把mαjor禁了，我收藏的一半弹幕全毁了
[2026-02-21 23:54:49] 僧杌: ⚠此弹幕用作检测是否被封⚠
[2026-02-21 23:54:49] Miyezd: @玩斯特机机：房管能把我封了吗？骂这个傻呗好累。。。
[2026-02-21 23:54:49] 流光似水321: 玩宝宝又要被开除国籍咯~
[2026-02-21 23:54:49] Newbee的Sccc本人: ++++++++++++++++++++++++
[2026-02-21 23:54:50] 薛定谔的萝莉喵: 粘母
[2026-02-21 23:54:50] 湖上风72121: ++++++++++++
[2026-02-21 23:54:50] VDVCI的迪米特里本人: 别带加拿大中国通节奏啊
[2026-02-21 23:54:50] 地下室的女高中生: ⚠此弹幕用作检测是否被封⚠
[2026-02-21 23:54:50] 工业化战士: ++++++++++++
[2026-02-21 23:54:50] ユークリウッド: +++++++++++++++++++++++
[2026-02-21 23:54:50] 柚柚子Yuyuko: 原来留肄播是留学生肄业直播吗
[2026-02-21 23:54:50] Taki479: ⚠此弹幕用作检测是否被封⚠
[2026-02-21 23:54:50] 妥丸: ⚠此弹幕用作检测是否被封⚠
[2026-02-21 23:54:51] hansanboi: Jame的比赛没怎么简单
[2026-02-21 23:54:51] lonhkfd: +++++++++++++++++++++++
[2026-02-21 23:54:51] 海绵宝宝燚焰鼠: ⚠此弹幕用作检测是否被封⚠
[2026-02-21 23:54:51] 100t的浓汤宝本人: ⚠此弹幕用作检测是否被封⚠
[2026-02-21 23:54:51] 胡椒胡椒胡椒胡椒胡椒: ⚠此弹幕用作检测是否被封⚠
[2026-02-21 23:54:52] 用户7123010964: ⚠此弹幕用作检测是否被封⚠
[2026-02-21 23:54:52] Faze的软糯小箱本人: ⚠此弹幕用作检测是否被封⚠
[2026-02-21 23:54:52] 詩光轨車021: +
[2026-02-21 23:54:52] 帽子的妮蔻本人: +++++++++++++++++++++++++++++++++++
[2026-02-21 23:54:52] 大肉鲁: 年猪真出
[2026-02-21 23:54:52] 神奈神威的康娜: 房管能把我封了吗？骂这个傻呗好累。。。
[2026-02-21 23:54:53] sakula家乡的坤桑开了: 伟伟伟了
[2026-02-21 23:54:53] 不知名贝斯手: ⚠此弹幕用作检测是否被封⚠
[2026-02-21 23:54:53] 里约钻石币拥有者: +++++++++++++++++++++++
[2026-02-21 23:54:53] 规范规定高度: 玩大哥开七天是善意防护，评论区爆弹是恶意攻击，这点要分清楚
[2026-02-21 23:54:53] 周杰伦见我了: ⚠此弹幕用作检测是否被封⚠
[2026-02-21 23:54:53] 用户04456631: 老詹燃尽了
[2026-02-21 23:54:54] 黑死病患者福音: 玩宝宝又要被开除国籍咯~
[2026-02-21 23:54:54] 瓦罗兰特jett本人: ⚠此弹幕用作检测是否被封⚠
[2026-02-21 23:54:54] 程程程Chb1ue: 白忙活
[2026-02-21 23:54:54] 黎羽幻笙: ⚠此弹幕用作检测是否被封⚠
[2026-02-21 23:54:54] 玩素世、Anon: ⚠此弹幕用作检测是否被封⚠
[2026-02-21 23:54:55] Ce1sius: ⚠此弹幕用作检测是否被封⚠
[2026-02-21 23:54:55] AlLTZZZ: 伟➗首锅
[2026-02-21 23:54:55] Nobody77866: 粘姆
[2026-02-21 23:54:55] 图帕雷松: @jame:不加时，我吃什么？
[2026-02-21 23:54:55] Totoro嘿: niko鞭的是尼孝所以是善意互动，载物鞭的是海啸所以是恶意攻击，这点要分清
[2026-02-21 23:54:55] navi的a李kcb本人: ⚠此弹幕用作检测是否被封⚠
[2026-02-21 23:54:55] 灵耀ii: 我受不了了都别发弹幕了，再发弹幕我不看了，草😡😡😡！！
[2026-02-21 23:54:55] 血樱幽世: 粘母的比赛 果然没那么简单
[2026-02-21 23:54:55] 励志的boys: 伟➗
[2026-02-21 23:54:56] 天魔外道y: ⚠此弹幕用作检测是否被封⚠
[2026-02-21 23:54:56] 海绵宝宝书霞酱: ++++++++++++++++++++++++
[2026-02-21 23:54:56] 玩斯特机机: 马西西
[2026-02-21 23:54:56] 梦的星: ？
[2026-02-21 23:54:56] 卑微小签: 本质mvp
[2026-02-21 23:54:56] 斗鱼用户4901183769: ⚠此弹幕用作检测是否被封⚠
[2026-02-21 23:54:56] 咕宝加油: 假唱的丸山彩都知道办感谢祭和给粉丝修车，千早爱音排练懈怠炸团装似，说她粉毛一姐就和玩机器一样别别别了
[2026-02-21 23:54:56] 玩斯特出出6657: 爆
[2026-02-21 23:54:56] 翻皮水翻水水: ⚠此弹幕用作检测是否被封⚠
[2026-02-21 23:54:56] 詩光轨車021: 加时
[2026-02-21 23:54:57] Imupset: +++++++++++++++++++++
[2026-02-21 23:54:57] 心安理得的时候: 哈哈哈哈
[2026-02-21 23:54:57] 99999丶杨某某: 依旧粘母
[2026-02-21 23:54:57] 汤汤杜杜科隆冠军: ⚠此弹幕用作检测是否被封⚠
[2026-02-21 23:54:57] 僧杌: 原来留肄播是留学生肄业直播吗
[2026-02-21 23:54:57] 玩机器的大卫戴: @椰汁糕冬瓜强：被禁言的兄弟来瓜哥直播间这里大家大大方方刷
[2026-02-21 23:54:57] 野猪家猪: ？
[2026-02-21 23:54:57] Kis4ki: ⚠此弹幕用作检测是否被封⚠
[2026-02-21 23:54:58] 好姐妹停云: ⚠此弹幕用作检测是否被封⚠
[2026-02-21 23:54:58] 用户7717188970: ⚠此弹幕用作检测是否被封⚠
[2026-02-21 23:54:58] L1quor丶晓澈: ++++++++++++
[2026-02-21 23:54:58] 用户7965707956: ⚠此弹幕用作检测是否被封⚠
[2026-02-21 23:54:58] 天魔外道y: ⚠此弹幕用作检测是否被封⚠
[2026-02-21 23:54:59] Scorpio丶SJT: ++++++++++++
[2026-02-21 23:54:59] 猎鹰的Gild本人: 詹伟联动
[2026-02-21 23:54:59] Qpacifier: ⚠此弹幕用作检测是否被封⚠
[2026-02-21 23:54:59] PKURoger: 马西西
[2026-02-21 23:54:59] YeMinister: 别带加拿大中国通节奏啊
[2026-02-21 23:54:59] 海参怎么你了: ⚠此弹幕用作检测是否被封⚠
[2026-02-21 23:54:59] suo不粗话: ？
[2026-02-21 23:55:00] 心安理得的时候: ++++++++++++
[2026-02-21 23:55:00] 收废品给南芬办卡: ++++++++++++
[2026-02-21 23:55:00] Taki479: 年猪真出
[2026-02-21 23:55:00] 颓废喽: ++++++++++++
[2026-02-21 23:55:01] Protovo: ++++++++++++
[2026-02-21 23:55:01] 好兄弟晓山瑞希: 力挺
[2026-02-21 23:55:01] Yuta030: 原来留肄播是留学生肄业直播吗
[2026-02-21 23:55:01] 冬瓜不在家偷偷玩机器: A大送了波大的
[2026-02-21 23:55:01] 老奇崔恩: 仇人
[2026-02-21 23:55:01] 67373的黄色闪光: 区
[2026-02-21 23:55:01] 草野masamune: ⚠此弹幕用作检测是否被封⚠
[2026-02-21 23:55:01] 宛平南路600号主治医生: ⚠此弹幕用作检测是否被封⚠
[2026-02-21 23:55:01] 海绵宝宝dinner: ++++++++++++
[2026-02-21 23:55:02] 滨辺美波: ⚠此弹幕用作检测是否被封⚠
[2026-02-21 23:55:02] papacarrot: ⚠此弹幕用作检测是否被封⚠
[2026-02-21 23:55:02] 可达鸭不会游泳: ？
[2026-02-21 23:55:02] 哇啦哇啦族长: ⚠此弹幕用作检测是否被封⚠
[2026-02-21 23:55:02] 小肉包喷香: 🐷👐我～站在，烈烈风中🌪️。🐷🤜🌊恨不能，荡尽绵绵心痛。
[2026-02-21 23:55:03] 千早爱音的咕咕嘎嘎: +++++++++++++++++++++
[2026-02-21 23:55:03] 灵耀ii: ⚠此弹幕用作检测是否被封⚠
[2026-02-21 23:55:03] 亚历山大赫伯特: 载物的鞭是冰清玉洁的鞭，你鞭尼冯的鞭，Niko的鞭是友好的鞭，互动的鞭，线下都是朋友的鞭
[2026-02-21 23:55:03] Coalgebra: 恩人
[2026-02-21 23:55:03] 好姐妹停云: ++++++++++++
[2026-02-21 23:55:03] 奶味蓝121: ⚠此弹幕用作检测是否被封⚠
[2026-02-21 23:55:03] Banana百香果: @椰汁糕冬瓜强：被禁言的兄弟来瓜哥直播间这里大家大大方方刷
[2026-02-21 23:55:03] 森中花咲单推人: 力挺
[2026-02-21 23:55:04] 专看玩机器的号: 喜气
[2026-02-21 23:55:04] 璃月七星的刻晴本人: ++++++++++++
[2026-02-21 23:55:04] Kbcx丷: 老鼠也要黏
[2026-02-21 23:55:05] 逸54319: ++++++++++++
[2026-02-21 23:55:05] 伢牙luo: 又哦又鞭又偷，但是jame一点也不急，因为他是2022iem里约major mvp
[2026-02-21 23:55:05] 文西67: 恩人
[2026-02-21 23:55:05] 九勾玉轮回眼1111: 别带加拿大中国通节奏啊
[2026-02-21 23:55:05] 千年的爱丽丝同学: ⚠此弹幕用作检测是否被封⚠
[2026-02-21 23:55:05] 澄猫: ⚠此弹幕用作检测是否被封⚠
[2026-02-21 23:55:05] 温柔是罪是罪吗: 原来留肄播是留学生肄业直播吗
[2026-02-21 23:55:05] EvilWI: 恩人
[2026-02-21 23:55:05] 劉膿dewasu: 别带加拿大中国通节奏啊
[2026-02-21 23:55:05] 玩机器的大杰杰: ⚠此弹幕用作检测是否被封⚠
[2026-02-21 23:55:05] 电脑玩家药某人: ++++++++++++
[2026-02-21 23:55:06] 玩小箱丶broky: ⚠此弹幕用作检测是否被封⚠
[2026-02-21 23:55:06] 导演566: 飞出来笑死了
[2026-02-21 23:55:06] 可达鸭不会游泳: 力挺
[2026-02-21 23:55:06] 滨辺美波: ++++++++++++
[2026-02-21 23:55:06] 奶芙哈特小姐: ⚠此弹幕用作检测是否被封⚠
[2026-02-21 23:55:06] 要乐奈丶Rana: 恩人
[2026-02-21 23:55:06] 大狐獴: @椰汁糕冬瓜强：被禁言的兄弟来瓜哥直播间这里大家大大方方刷
[2026-02-21 23:55:06] 企业级二刺螈: ⚠此弹幕用作检测是否被封⚠
[2026-02-21 23:55:06] 虹薼: 报销
[2026-02-21 23:55:06] ricoyww: ⚠此弹幕用作检测是否被封⚠
[2026-02-21 23:55:07] Mortnotz: nota，怪不得niko编你呢
[2026-02-21 23:55:07] GanadoLluviA: 报销了
[2026-02-21 23:55:07] LvvsiN: 南孚一节更比六节强，也就是一节南孚比六节南孚强，六节南孚比三十六节强，三十六节比二百一十六节强
[2026-02-21 23:55:07] 工业化战士: 伟伟的
[2026-02-21 23:55:07] 492555411: 我受不了了都别发弹幕了，再发弹幕我不看了，草😡😡😡！！
[2026-02-21 23:55:07] 摆烂小we: ⚠此弹幕用作检测是否被封⚠
[2026-02-21 23:55:07] lonhkfd: ⚠此弹幕用作检测是否被封⚠
[2026-02-21 23:55:08] 海绵宝宝九哥儿: ⚠此弹幕用作检测是否被封⚠
[2026-02-21 23:55:08] Pρ0phet: 恩人
[2026-02-21 23:55:08] 玩机器的小飞棍: 6657没面子
[2026-02-21 23:55:08] 永远的克罗娜: 爱弥斯，我只希望你能轻松快乐的生活......
[2026-02-21 23:55:08] Vitality的Kyojin本人: 运
[2026-02-21 23:55:09] MesS1ve: ⚠此弹幕用作检测是否被封⚠
[2026-02-21 23:55:09] 半个Jayden: A大送了波大的
[2026-02-21 23:55:09] 疯不觉的管钳: ⚠此弹幕用作检测是否被封⚠
[2026-02-21 23:55:09] 喵蹄丝: 马西西
[2026-02-21 23:55:09] 专注反补二十年: ⚠此弹幕用作检测是否被封⚠
[2026-02-21 23:55:09] 好姐妹长期素食丶: 恩人
[2026-02-21 23:55:09] Anizo: A大送了波大的
[2026-02-21 23:55:10] olof奥拉夫: ⚠此弹幕用作检测是否被封⚠
[2026-02-21 23:55:10] xOcOg: niko鞭的是尼孝所以是善意互动，载物鞭的是海啸所以是恶意攻击，这点要分清
[2026-02-21 23:55:10] 安分小已的小青春: 区来了
[2026-02-21 23:55:10] 爱洛魔神仙台叶月: ⚠此弹幕用作检测是否被封⚠
[2026-02-21 23:55:10] 棍老师047: 经典犹大出卖上帝
[2026-02-21 23:55:10] 雪菜偷完top偷major: 不串等于永封！！
[2026-02-21 23:55:11] yinyao1231: ⚠此弹幕用作检测是否被封⚠
[2026-02-21 23:55:11] 小众宝藏玩小将: ⚠此弹幕用作检测是否被封⚠
[2026-02-21 23:55:11] 用户1364543122: 报销了
[2026-02-21 23:55:11] 用户7479593002: ⚠此弹幕用作检测是否被封⚠
[2026-02-21 23:55:11] arimrs: 同事就是仇人
[2026-02-21 23:55:12] Collapsar00123: @椰汁糕冬瓜强：被禁言的兄弟来瓜哥直播间这里大家大大方方刷
[2026-02-21 23:55:12] 玩机器的迷弟Niko: I玩好没面子
[2026-02-21 23:55:12] 七就是幸运吧: ⚠此弹幕用作检测是否被封⚠
[2026-02-21 23:55:12] 刘刘的农: ⚠此弹幕用作检测是否被封⚠
[2026-02-21 23:55:12] 浊酒一盏慰清尘: 伟÷全责
[2026-02-21 23:55:12] 品客贝比: ⚠此弹幕用作检测是否被封⚠
[2026-02-21 23:55:12] 玩斯特机机: 原来留肄播是留学生肄业直播吗
[2026-02-21 23:55:13] 没有上过垒的电次本人: 本场比赛是否有加时x √
[2026-02-21 23:55:13] 好姐妹铃木羽那: 感谢爱弥斯净化弹幕，爱门....
[2026-02-21 23:55:13] Vitality的羽贺文乃本人: ⚠此弹幕用作检测是否被封⚠
[2026-02-21 23:55:13] 冲上云霄的姨: kkrj
[2026-02-21 23:55:13] 云楼汐: 满区
[2026-02-21 23:55:13] 8151861: 这现场举数字的不封？
[2026-02-21 23:55:13] 炒鸡胸di爱疯: @千早爱音：没有雷了是什么意思？
[2026-02-21 23:55:14] 水下放电11: ⚠此弹幕用作检测是否被封⚠
[2026-02-21 23:55:14] 晓山瑞希ww: ++++++++
[2026-02-21 23:55:14] 茂倉: ⚠此弹幕用作检测是否被封⚠
[2026-02-21 23:55:14] 房同学19554: 6657没啥排面啊
[2026-02-21 23:55:14] 看六年黑豹没送过飞机: ⚠此弹幕用作检测是否被封⚠
[2026-02-21 23:55:14] 艾坤123: ⚠此弹幕用作检测是否被封⚠
[2026-02-21 23:55:14] IIIIIIIIIIIIIIIIIIIIIIlllll: 我提一嘴，玩乐队大姐姐快夺回弹幕阵地了
[2026-02-21 23:55:15] 玩蛇鼠丶stabbi: 不串等于永封！！
[2026-02-21 23:55:15] 布拉德丶皮特: 这不是猎鹰啊，别大意
[2026-02-21 23:55:15] EdwardM983: ⚠此弹幕用作检测是否被封⚠
[2026-02-21 23:55:15] 狗头老板: ⚠此弹幕用作检测是否被封⚠
[2026-02-21 23:55:15] 海参怎么你了: 别带加拿大中国通节奏啊
[2026-02-21 23:55:16] LvvsiN: @老汤日记:丹麦总统让我静音接触白宫，这应该是我最后一次看儿子直播了，机器，我爱你...
[2026-02-21 23:55:16] 用户50218693: ++++++++++++
[2026-02-21 23:55:16] 注册2872天不能发弹幕: 这弹幕量，至少1亿个人被封禁了
[2026-02-21 23:55:16] SaintHamood: 满女妖来了
[2026-02-21 23:55:16] 辉映永夜: 满区
[2026-02-21 23:55:16] 我是土豆小王: ⚠此弹幕用作检测是否被封⚠
[2026-02-21 23:55:16] 60岁老奶奶想卖身: ⚠此弹幕用作检测是否被封⚠
[2026-02-21 23:55:17] 山河jek: 原来留肄播是留学生肄业直播吗  原来留肄播是留学生肄业直播吗  原来留肄播是留学生肄业直播吗
[2026-02-21 23:55:17] 玩手机丶phone: @nota:我最喜欢的选手是Niko@Niko：💀🔫😆
[2026-02-21 23:55:17] 超萌特雷西: ⚠此弹幕用作检测是否被封⚠
[2026-02-21 23:55:17] 福山雅治水: @千早爱音：没有雷了是什么意思？
[2026-02-21 23:55:17] Yuta030: 啊
[2026-02-21 23:55:18] 羽川翼的恋爱物语: 好在哪
[2026-02-21 23:55:18] yslOvO: 满区
[2026-02-21 23:55:18] 湊阿库娅officiaI: ⚠此弹幕用作检测是否被封⚠
[2026-02-21 23:55:19] 江城二狗子: 马西西
[2026-02-21 23:55:19] 易池大大: 这现场举数字的不封？
[2026-02-21 23:55:19] GERHFHMN: ++++++++++++
[2026-02-21 23:55:19] 玉米卧槽: @千早爱音：没有雷了是什么意思？
[2026-02-21 23:55:20] 逗b乐double: ⚠此弹幕用作检测是否被封⚠
[2026-02-21 23:55:20] 圆头耄耋: niko鞭的是尼孝所以是善意互动，载物鞭的是海啸所以是恶意攻击，这点要分清
[2026-02-21 23:55:20] JamYo0oung: 这弹幕量，至少1亿个人被封禁了
[2026-02-21 23:55:20] 99组的爱城华恋本人: 这弹幕量，至少1亿个人被封禁了
[2026-02-21 23:55:20] 周邡有希: 感谢爱弥斯净化弹幕，爱门....
[2026-02-21 23:55:20] 三生浮梦终醒: b包1v2进加时，然后14-16，我看过
[2026-02-21 23:55:20] 淡然夏末的温存11: 这不是猎鹰啊，别大意
[2026-02-21 23:55:20] 用户0198233878: 玩小将怎么不敢露头了？
[2026-02-21 23:55:20] 顾应清: ⚠此弹幕用作检测是否被封⚠
[2026-02-21 23:55:20] gggaligeigei: 不串等于永封！！
[2026-02-21 23:55:21] 一棵雨槐: 111
[2026-02-21 23:55:21] 神奥联盟的竹兰本人: 型月四公主来了！爱尔奎特🧛‍阿尔托莉雅🗡两仪式👘苍崎青子🧙‍♀️
[2026-02-21 23:55:21] 最喜欢蹲蹲的宗主本人: 6657没啥排面啊
[2026-02-21 23:55:22] 颓废喽: 急急急
[2026-02-21 23:55:22] arimrs: 不串等于永封！！
[2026-02-21 23:55:22] 汤汤杜杜major冠军: 我提一嘴，玩乐队大姐姐快夺回弹幕阵地了
[2026-02-21 23:55:22] 麻辣头鱼丝: 好在哪
[2026-02-21 23:55:22] 最喜欢妮姆芙: 好在哪
[2026-02-21 23:55:22] Gatsby放: 谁用的小米扣个1我拉黑一下，不想看见D丝的弹幕.
[2026-02-21 23:55:22] zRay1987: @椰汁糕冬瓜强：被禁言的兄弟来瓜哥直播间这里大家大大方方刷
[2026-02-21 23:55:23] 黑死病患者福音: 这弹幕量，至少1亿个人被封禁了
[2026-02-21 23:55:23] GlockieSs: 乐队小女孩➕1️⃣展示凝聚力净化弹幕环境
[2026-02-21 23:55:23] 要乐奈丶Rana: 满区
[2026-02-21 23:55:23] 華之君: 这现场举数字的不封？
[2026-02-21 23:55:23] 烎摩尔托市: ⚠此弹幕用作检测是否被封⚠
[2026-02-21 23:55:23] Mx2323: @nota:我最喜欢的选手是Niko@Niko：💀🔫😆
[2026-02-21 23:55:23] DerryYan: 不串等于永封！！
[2026-02-21 23:55:23] 小蜜蜂的长期素食本人: 好在哪
[2026-02-21 23:55:23] 玩机器的小jj: 沾母vs拖子
[2026-02-21 23:55:23] 小肥羊0574: 6657没牌面
[2026-02-21 23:55:23] xyxxyzbbdzq: 这弹幕量，至少1亿个人被封禁了
[2026-02-21 23:55:24] LvvsiN: @阿汤日记：一个人，5发子弹，保住格陵兰岛。我不会叫它不可能完成的任务，我现在只想先回家看亦博
[2026-02-21 23:55:24] 请为我的战队投票: @千早爱音：没有雷了是什么意思？
[2026-02-21 23:55:24] A1report: @nota:我最喜欢的选手是Niko@Niko：💀🔫😆
[2026-02-21 23:55:24] p3anut7: 这现场举数字的不封？
[2026-02-21 23:55:24] GETLUCKY216: 玩8分前
[2026-02-21 23:55:24] 残念aw: 好在哪
[2026-02-21 23:55:25] 火暴兽也干了: 我提一嘴，玩乐队大姐姐快夺回弹幕阵地了
[2026-02-21 23:55:25] P1te174: 喜气
[2026-02-21 23:55:25] 冷淡ld: 不串等于永封！！
[2026-02-21 23:55:25] 不是很懂怎么取名: 这现场举数字的不封？
[2026-02-21 23:55:25] VDVCI的迪米特里本人: 这弹幕量，至少1亿个人被封禁了
[2026-02-21 23:55:25] 一卷冰雪: @千早爱音：没有雷了是什么意思？
[2026-02-21 23:55:25] Ephemerality137: 这弹幕量，至少1亿个人被封禁了
[2026-02-21 23:55:26] 望岳归: ⚠此弹幕用作检测是否被封⚠
[2026-02-21 23:55:26] 中X千早爱音: 这现场举数字的不封？
[2026-02-21 23:55:26] 可达鸭不会游泳: 好在哪
[2026-02-21 23:55:26] Altolier: 这弹幕量，至少1亿个人被封禁了
[2026-02-21 23:55:26] 咕宝加油: @千早爱音：没有雷了是什么意思？
[2026-02-21 23:55:26] 我要改名字2153: 这现场举数字的不封？
[2026-02-21 23:55:26] 伢牙luo: 又哦又鞭又偷，但是jame一点也不急，因为他是2022iem里约major mvp
[2026-02-21 23:55:26] 弱智骚年欢乐多: 感谢爱弥斯净化弹幕，爱门....
[2026-02-21 23:55:27] 睡王子: ，
[2026-02-21 23:55:27] 丰川祥子口三角初华: 这现场举数字的不封？
[2026-02-21 23:55:27] fanatic的JW本人: 乐队小女孩➕1️⃣展示凝聚力净化弹幕环境
[2026-02-21 23:55:27] 平朝阳: 满区
[2026-02-21 23:55:27] 沐苏牛大无需多言: 我觉得马西西就不会骂载物你鞭你m呢，机器，你觉得呢
[2026-02-21 23:55:27] 玩机器是我霸: @zweih：@donk @NIKO @makazze 四强赛没看见你们啊 你们人呢？
[2026-02-21 23:55:28] 流光似水321: 不串等于永封！！
[2026-02-21 23:55:28] 一梦天辰: 乐队小女孩➕1️⃣展示凝聚力净化弹幕环境
[2026-02-21 23:55:28] LvvsiN: 其实碗橱就是猪灵，你不拿黄金丢他他就不跟你说话
[2026-02-21 23:55:28] 宛平南路600号主治医生: 好在哪
[2026-02-21 23:55:28] 散場予告: 123321
[2026-02-21 23:55:28] 子瓜6666: @千早爱音：没有雷了是什么意思？
[2026-02-21 23:55:29] 余生从此寄沧海: 不串等于永封！！
[2026-02-21 23:55:29] 黑死病患者福音: 这现场举数字的不封？
[2026-02-21 23:55:29] 我男神凋零: 这弹幕量，至少1亿个人被封禁了
[2026-02-21 23:55:29] 穿甲狗: 伟伟睡了
[2026-02-21 23:55:29] 湖上风72121: 这弹幕量，至少1亿个人被封禁了
[2026-02-21 23:55:29] Peko-: 不串等于永封！！
[2026-02-21 23:55:29] NiKkiRain: 感谢千早爱音净化弹幕，爱门....
[2026-02-21 23:55:29] 寻管鲍之交: 碗橱，半年前你放任直播间数字节奏的时候有一天会数字到自己身上
[2026-02-21 23:55:30] 汤邓弱: 这弹幕量，至少1亿个人被封禁了
[2026-02-21 23:55:32] 永远爱玩宝宝: 这弹幕量，至少1亿个人被封禁了
[2026-02-21 23:55:34] 大家要幸福呀: 沾母vs拖子
[2026-02-21 23:55:34] SpectacularBid: 这弹幕量，至少1亿个人被封禁了
[2026-02-21 23:55:34] 永生不遇的star: 不串等于永封！！
[2026-02-21 23:55:34] 19岁的日子: 这现场举数字的不封？
[2026-02-21 23:55:34] weapon丶X: 这弹幕量，至少1亿个人被封禁了
[2026-02-21 23:55:34] 从零开始的加拿大肄业: 不串等于永封！！
[2026-02-21 23:55:34] 我没P眼123: 又哦又鞭又偷，但是jame一点也不急，因为他是2022iem里约major mvp
[2026-02-21 23:55:34] myGo的anon: 乐队小女孩➕1️⃣展示凝聚力净化弹幕环境
[2026-02-21 23:55:34] 玩玩今天吃什么: 这现场举数字的不封？
[2026-02-21 23:55:34] 不会真44113: 不串等于永封！！
[2026-02-21 23:55:34] 乆01727: 其实碗橱就是猪灵，你不拿黄金丢他他就不跟你说话
[2026-02-21 23:55:34] 要乐奈丶Rana: 灰泽满懒狗懒狗区区区全是区 h'y'hui'z'm'l'g'q'qu
[2026-02-21 23:55:34] Falcons的刘划墙本人: 这弹幕量，至少1亿个人被封禁了
[2026-02-21 23:55:34] 帽子的妮蔻本人: 沾母vs拖子
[2026-02-21 23:55:35] 森电major冠军尼孩没冠: @nota:我最喜欢的选手是Niko@Niko：💀🔫😆
[2026-02-21 23:55:35] 结束的意思是完了: niko鞭的是尼孝所以是善意互动，载物鞭的是海啸所以是恶意攻击，这点要分清
[2026-02-21 23:55:35] Mortnotz: 这现场举数字的不封？
[2026-02-21 23:55:35] GOODBYE173: @椰汁糕冬瓜强：被禁言的兄弟来瓜哥直播间这里大家大大方方刷
[2026-02-21 23:55:35] 吟游诗人希尔伯特: 这现场举数字的不封？
[2026-02-21 23:55:35] 不变的追求717: 这现场举数字的不封？
[2026-02-21 23:55:35] 永远的克罗娜: 爱弥斯，我只希望你能轻松快乐的生活......
[2026-02-21 23:55:35] 沉沦sunshine: 不串等于永封！！
[2026-02-21 23:55:36] 蓝鲸少年与小巷: 不串等于永封！！
[2026-02-21 23:55:36] S闪Aw: 这现场举数字的不封？
[2026-02-21 23:55:36] 伢牙luo: 又哦又鞭又偷，但是jame一点也不急，因为他是2022iem里约major mvp
[2026-02-21 23:55:36] JamYo0oung: 为什么你们总对着NiKo这样一位具有悲剧色彩的传奇选手有着若有若无的恨意
[2026-02-21 23:55:36] 我是一个医保卡: 这现场举数字的不封？
[2026-02-21 23:55:36] 天魔外道y: 不串等于永封！！
[2026-02-21 23:55:36] 钢板丸山彩: @千早爱音：没有雷了是什么意思？
[2026-02-21 23:55:36] Dolor1s: @zweih：@donk @NIKO @makazze 四强赛没看见你们啊 你们人呢？
[2026-02-21 23:55:36] 九九九九条都: 不串等于永封！！
[2026-02-21 23:55:36] 圆头耄耋: 好安定
[2026-02-21 23:55:36] Altolier: 这现场举数字的不封？
[2026-02-21 23:55:36] 普丽瓦蒂: 不串等于永封！！
[2026-02-21 23:55:36] zlq12346: 不串等于永封！！
[2026-02-21 23:55:36] 丢你雷姆吔屎啦你: 这弹幕量，至少1亿个人被封禁了
[2026-02-21 23:55:36] 炒鸡胸di爱疯: 乐队小女孩➕1️⃣展示凝聚力净化弹幕环境
[2026-02-21 23:55:36] 斗鱼用户4901183769: 这弹幕量，至少1亿个人被封禁了
[2026-02-21 23:55:36] 呵呵呵主播好帅: 这弹幕量，至少1亿个人被封禁了
[2026-02-21 23:55:36] 玩弓箭、Arrow: 不串等于永封！！
[2026-02-21 23:55:36] Phoenix院凶真: 乐队小女孩➕1️⃣展示凝聚力净化弹幕环境
[2026-02-21 23:55:37] 千代纸丶: 这现场举数字的不封？
[2026-02-21 23:55:37] valorant玩机器: 这现场举数字的不封？
[2026-02-21 23:55:37] 玩汉娜、Sherry: @千早爱音：没有雷了是什么意思？
[2026-02-21 23:55:37] 玩父dev1ce本人: 不串等于永封！！
[2026-02-21 23:55:37] 帕金森患者Z: 这弹幕量，至少1亿个人被封禁了
[2026-02-21 23:55:37] 古堡12枪战神: 没人在意你的阳光分，除了法国人apex
[2026-02-21 23:55:37] 似雪若梦: 又哦又鞭又偷，但是jame一点也不急，因为他是2022iem里约major mvp
[2026-02-21 23:55:38] 玉米卧槽: 这弹幕量，至少1亿个人被封禁了
[2026-02-21 23:55:38] 伢牙luo: 又哦又鞭又偷，但是jame一点也不急，因为他是2022iem里约major mvp
[2026-02-21 23:55:38] 玩机器的大卫戴: 别带加拿大中国通节奏啊
[2026-02-21 23:55:38] 肘一郎: @童子军大王：为什么说玩机器是最被过誉的解说
[2026-02-21 23:55:38] 天魔外道y: 不串等于永封！！
[2026-02-21 23:55:39] 大姜饼: 这现场举数字的不封？
[2026-02-21 23:55:39] 尊尼获加然: 这弹幕量，至少1亿个人被封禁了
[2026-02-21 23:55:39] 纸漓: 这弹幕量，至少1亿个人被封禁了
[2026-02-21 23:55:39] 喜欢吃生菜: 不串等于永封！！
[2026-02-21 23:55:39] 刘京子Kyousuke: 你屏蔽词都快赶上新华词典了为什么不干脆开一百级发言？
[2026-02-21 23:55:39] 刘刘的农: 不串等于永封！！
[2026-02-21 23:55:40] 492555411: 这现场举数字的不封？
[2026-02-21 23:55:40] 鹿公爷: 不串等于永封！！
[2026-02-21 23:55:40] 足音: 其实碗橱就是猪灵，你不拿黄金丢他他就不跟你说话
[2026-02-21 23:55:40] 用户7479593002: 这现场举数字的不封？
[2026-02-21 23:55:40] 鸭硕的哈撒给: @nota:我最喜欢的选手是Niko@Niko：💀🔫😆
[2026-02-21 23:55:40] 玩斯特出出6657: 不串等于永封！！
[2026-02-21 23:55:41] 用户5608006019: 这现场举数字的不封？
[2026-02-21 23:55:41] YeMinister: 这现场举数字的不封？
[2026-02-21 23:55:41] 卡啊卡卡丶: @椰汁糕冬瓜强：被禁言的兄弟来瓜哥直播间这里大家大大方方刷
[2026-02-21 23:55:41] xOcOg: niko鞭的是尼孝所以是善意互动，载物鞭的是海啸所以是恶意攻击，这点要分清
[2026-02-21 23:55:41] 玩玩的丸丸软又弹: 我提一嘴，玩乐队大姐姐快夺回弹幕阵地了
[2026-02-21 23:55:41] 蓝染惣右介666: 不串等于永封！！
[2026-02-21 23:55:42] 胡比大兔180: 这现场举数字的不封？
[2026-02-21 23:55:42] 斗鱼用户4901183769: 这现场举数字的不封？
[2026-02-21 23:55:42] 最喜欢蹲蹲的宗主本人: 不串等于永封！！
[2026-02-21 23:55:43] 星海羽弦: 不串等于永封！！
[2026-02-21 23:55:43] Tikkkw: 老詹尽力了😭老詹尽力了😭老詹尽力了😭
[2026-02-21 23:55:43] 还在上幼儿园的hanser: 盘点胸小的女生，看看有没有你身边的熟人吧。 1.千早爱音
[2026-02-21 23:55:43] 空气力学的先驱: 沾母vs拖子
[2026-02-21 23:55:44] 卧看星河尽意明丶: 安定者降下审判了
[2026-02-21 23:55:44] 土御门静雄: 不串等于永封！！
[2026-02-21 23:55:44] 2499014574: 可是玩宝宝也很冰清玉洁啊🥺
[2026-02-21 23:55:44] 救急iup: 不串等于永封！！
[2026-02-21 23:55:44] SpectacularBid: @椰汁糕冬瓜强：被禁言的兄弟来瓜哥直播间这里大家大大方方刷
[2026-02-21 23:55:44] YeMinister: 不串等于永封！！
[2026-02-21 23:55:44] 发呆小王子233: ？
[2026-02-21 23:55:45] 寒影的樱: 马西西牛逼
[2026-02-21 23:55:45] 淡然夏末的温存11: 这弹幕量，至少1亿个人被封禁了
[2026-02-21 23:55:45] 無名氏753: 不串等于永封！！
[2026-02-21 23:55:45] RabbitRay: 托圣
[2026-02-21 23:55:45] 勤奋努力的Obito: 又哦又鞭又偷，但是jame一点也不急，因为他是2022iem里约major mvp
[2026-02-21 23:55:45] 巧克力血浆棉花糖: 这现场举数字的不封？
[2026-02-21 23:55:45] 欢颜m: ？？？？？？？
[2026-02-21 23:55:45] 梦的星: ？
[2026-02-21 23:55:45] stonezyx: 、哈哈哈哈哈哈
[2026-02-21 23:55:46] 玉米卧槽: ?
[2026-02-21 23:55:46] 没有故事的Pluto: 托÷
[2026-02-21 23:55:46] 即将拥有PDD的人鱼线丿: 拖出
[2026-02-21 23:55:46] 神牛拯救世界: 这现场举数字的不封？
[2026-02-21 23:55:46] 述二ER: 老规矩，弹幕谁编的好笑我支持谁
[2026-02-21 23:55:46] 机器机器祝你天天开心: ？？？？？
[2026-02-21 23:55:46] 靠某人: 托出
[2026-02-21 23:55:46] 妥丸: ？
[2026-02-21 23:55:46] 管大无需多颜: ？？？？
[2026-02-21 23:55:46] jack368242: 这弹幕量，至少1亿个人被封禁了
[2026-02-21 23:55:46] 正经猪头肉: 托畜
[2026-02-21 23:55:47] 文西67: fw
[2026-02-21 23:55:47] sssllgaibs: nb
[2026-02-21 23:55:47] 猫心碎会失去几条命: 这现场举数字的不封？
[2026-02-21 23:55:47] Vitality的Kyojin本人: ？
[2026-02-21 23:55:47] 波尔蒂盲人: 托出
[2026-02-21 23:55:47] 玩斯特出出6657: 神队
[2026-02-21 23:55:47] 林檎的檎: ？？？？
[2026-02-21 23:55:47] 我不是玩父: 不串等于永封！！
[2026-02-21 23:55:47] 鹿公爷: ？？？？？
[2026-02-21 23:55:48] 558473无: ？
[2026-02-21 23:55:48] Tao7Ge: ?
[2026-02-21 23:55:48] 静寂风: ？
[2026-02-21 23:55:48] 中X千早爱音: ?
[2026-02-21 23:55:48] 心安理得的时候: 哇去
[2026-02-21 23:55:48] 野猪家猪: 托出
[2026-02-21 23:55:48] 叶乱秋: @nota:我最喜欢的选手是Niko@Niko：💀🔫😆
[2026-02-21 23:55:48] 古堡12枪战神: ？
[2026-02-21 23:55:48] 丰川祥子口三角初华: ?
[2026-02-21 23:55:48] 菅原小吉: 托出
[2026-02-21 23:55:49] 石家庄的宠物男孩: 托出
[2026-02-21 23:55:49] 穿甲狗: 握草
[2026-02-21 23:55:49] 喜欢素素: gg
[2026-02-21 23:55:49] Coalgebra: ？？？？
[2026-02-21 23:55:49] 子牛旅馆: ?
[2026-02-21 23:55:49] 龍仔ww: 托出
[2026-02-21 23:55:49] 羽川翼的恋爱物语: 亚洲剧情
[2026-02-21 23:55:49] 里约钻石币拥有者: 托出
[2026-02-21 23:55:50] von昉: ？？？
[2026-02-21 23:55:50] Jigsaw7: ？
[2026-02-21 23:55:50] 岩庙: wdf
[2026-02-21 23:55:50] HHHHanni: 不串等于永封！！
[2026-02-21 23:55:50] zifeng316: 拖出
[2026-02-21 23:55:51] 丰川家大小姐desuwa: ？
[2026-02-21 23:55:51] Vitality的Kyojin本人: 托出
[2026-02-21 23:55:51] 马茹打得好: gg
[2026-02-21 23:55:51] 安分小已的小青春: 托处
[2026-02-21 23:55:51] laz24106: 托出
[2026-02-21 23:55:51] 载物ip大玩庄园地下室: 托出
[2026-02-21 23:55:51] Totoro嘿: @千早爱音：没有雷了是什么意思？
[2026-02-21 23:55:51] 礁石222: 罪
[2026-02-21 23:55:51] kjhhjki: 托出
[2026-02-21 23:55:52] 葬舞群花泪: 哈哈哈哈哈哈哈哈
[2026-02-21 23:55:52] 留人住: 潘宏爱玩狗的玩狗原来是你啊
[2026-02-21 23:55:54] 梦的星: 这三个诗人啊
[2026-02-21 23:55:54] 蜗牛磷叶石: 托出
[2026-02-21 23:55:54] 不会灰的小飞飞: ？？？？
[2026-02-21 23:55:54] 有点懵148: ？
[2026-02-21 23:55:54] 第一美食烤肉: gg
[2026-02-21 23:55:54] 好哥们杨沈怡: 托出
[2026-02-21 23:55:54] 黑猫ruriko: 托处
[2026-02-21 23:55:54] 坑坑哒471: 哈哈哈哈哈
[2026-02-21 23:55:54] 布洛芬重度依赖: 不串等于永封！！
[2026-02-21 23:55:54] 大洋马骑士团团长: 哈哈哈哈哈
[2026-02-21 23:55:54] 湛湛0731: 亚洲剧情
[2026-02-21 23:55:54] SMinimalism: 拖出诗人？
[2026-02-21 23:55:54] G2的APEX本人: 托出啊
[2026-02-21 23:55:54] 没虾: 拖出
[2026-02-21 23:55:54] 中野家的三玖丈夫本人: 拖出稳定发挥
[2026-02-21 23:55:54] 劉膿dewasu: ？？？？？
[2026-02-21 23:55:57] D0r1tos: 托出
[2026-02-21 23:55:59] 雪碧的Donk本人: 又哦又鞭又偷，但是jame一点也不急，因为他是2022iem里约major mvp
[2026-02-21 23:55:59] 半夜醒来硬梆梆: gggg
[2026-02-21 23:55:59] FranklinBrown: gg
[2026-02-21 23:55:59] 我没得选2: 托出
[2026-02-21 23:55:59] 明前LONG井: 托出
[2026-02-21 23:55:59] xyxxyzbbdzq: 亚洲剧情
[2026-02-21 23:55:59] 我爱鹿晗呵呵: 拖处
[2026-02-21 23:55:59] 玩机器是我霸: @zweih：@donk @NIKO @makazze 四强赛没看见你们啊 你们人呢？
[2026-02-21 23:55:59] TieZhu丶: 成都海参
[2026-02-21 23:55:59] 用户2633745660: 托➗
[2026-02-21 23:55:59] 昵称违规LIPWYby6Vd: 没绷住
[2026-02-21 23:55:59] 鵷鶵籲天兮滴血千里: 等着就是你大狙
[2026-02-21 23:55:59] 余生从此寄沧海: 托出
[2026-02-21 23:55:59] Kli0s: 关键拉托大的
[2026-02-21 23:55:59] 我是一个医保卡: 亚洲剧情
[2026-02-21 23:55:59] 玩机器厦面鄙骰大: 闹麻了，笑死
[2026-02-21 23:55:59] 积极博弈GGB: 冒充sunpayusplay
[2026-02-21 23:55:59] 淡然夏末的温存11: 可是玩宝宝也很冰清玉洁啊🥺
[2026-02-21 23:55:59] ihoo侗萌首席联络官: 詹姆换队无数确总是没遇上好队友
[2026-02-21 23:55:59] 挪威退休老头寻求返聘: 托出
[2026-02-21 23:55:59] chordclef: 托出
[2026-02-21 23:55:59] GlasgowJSzhang: 托处
[2026-02-21 23:55:59] 解说玩机包: 不串等于永封！！
[2026-02-21 23:55:59] 猫鞋: 不愧是你 拖子
[2026-02-21 23:55:59] BASSGOAT牛込里美: 罚
[2026-02-21 23:55:59] 小洞大人打玩啦: 哲伟又送了
[2026-02-21 23:55:59] 心安理得的时候: 沙二是这样的
[2026-02-21 23:55:59] 游戏卫星: gg
[2026-02-21 23:55:59] CThun438: 猎鹰play
[2026-02-21 23:55:59] 无情道毕业生: 罪
[2026-02-21 23:55:59] 文西67: 诗人啊 一个不杀
[2026-02-21 23:55:59] JamYo0oung: ？
[2026-02-21 23:55:59] 队内潜在明星哥: 不串等于永封！！
[2026-02-21 23:55:59] myGo的anon: 空的大
[2026-02-21 23:55:59] 一个等猪人: 闹麻了
[2026-02-21 23:55:59] 丹麦国王device: 拖出
[2026-02-21 23:55:59] 正直的鸡哥: 伟出又送
[2026-02-21 23:55:59] 搞笑艺人Blueboy: 紫薇啊
[2026-02-21 23:55:59] 繁华落尽已看淡红尘: ？
[2026-02-21 23:55:59] 金美庭组长的红底高跟: 沉寂一整局就为这一波
[2026-02-21 23:56:00] 电话好想你色即是空: 拖出
[2026-02-21 23:56:00] 一月八百永远支持机器: 亚洲剧情
[2026-02-21 23:56:00] 狗头老板: 托出
[2026-02-21 23:56:00] Shamiko56562: 罚！
[2026-02-21 23:56:00] arimrs: 经典只送大的
[2026-02-21 23:56:00] 苦来兮苦的祥子本人: 又哦又鞭又偷，但是jame一点也不急，因为他是2022iem里约major mvp
[2026-02-21 23:56:01] LvvsiN: 额，拿亚军我都会，拿亚军，拿季军，拿四强，拿八强，拿十六强，呃拿冠军我不会，然后小组赛淘汰
[2026-02-21 23:56:01] kyubit: 潘宏爱玩狗的玩狗原来是你啊
[2026-02-21 23:56:01] Furyxlxy: 托出
[2026-02-21 23:56:01] 骂我皆为调情丷: 三条区！
[2026-02-21 23:56:02] 我是赛马娘高手: 不串等于永封！！
[2026-02-21 23:56:02] 终初若叶睦: gg
[2026-02-21 23:56:02] 我不是玩父: 亚洲剧情
[2026-02-21 23:56:02] 小萝卜丝i: 这拖出
[2026-02-21 23:56:02] 浮生若尘: 不串等于永封！！
[2026-02-21 23:56:03] 玩机器厦面鄙骰大: 闹麻了，笑死。空枪
[2026-02-21 23:56:03] jianxideminggzi: 三拉三死
[2026-02-21 23:56:03] Mx2323: @椰汁糕冬瓜强：@老汤日记:丹麦总统让我静音接触白宫，这应该是我最后一次看儿子直播了，机器，我爱你.
[2026-02-21 23:56:03] 玩机器的大卫戴: 别带加拿大中国通节奏啊
[2026-02-21 23:56:03] 年过十八又聋又瞎: 罚
[2026-02-21 23:56:03] 用户81433118: 托➗
[2026-02-21 23:56:03] 听说改名能中奖是八: 拖出！！！！！！！！
[2026-02-21 23:56:04] s坑华: 拖处
[2026-02-21 23:56:04] 恶灵的洞不如艾许的缝: 不串等于永封！！
[2026-02-21 23:56:04] 用户6235382488: 可是玩宝宝也很冰清玉洁啊🥺
[2026-02-21 23:56:04] RoseIia的凑友希那本人: 发送他们房子🏠发送他们房子🏠发送他们房子🏠发送他们房子🏠
[2026-02-21 23:56:06] Misaka_00: 不串等于永封！！
[2026-02-21 23:56:06] 玩弓箭、Arrow: 男色闪光
[2026-02-21 23:56:06] 寒霜CN: 哲伟又送了
[2026-02-21 23:56:06] Vergil0621: 不串等于永封！！
[2026-02-21 23:56:06] Vitality的Kyojin本人: 伟伟a门又死了
[2026-02-21 23:56:06] 爱上直女的三角初音: 串了半天 看见拖出这枪没绷住
[2026-02-21 23:56:06] 礁石222: 罪与罚
[2026-02-21 23:56:06] Taki479: 不串等于永封！！
[2026-02-21 23:56:06] 难道改名能中奖丶: 发送他们房子🏠！发送他们房子🏠！发送他们房子🏠！
[2026-02-21 23:56:06] 唯有、责任: 载物鞭：你鞭你的M🤬 妮蔻鞭+引导哦+偷mvp：这老尼他就该赢啊🤑🤑🤑
[2026-02-21 23:56:06] 用户5081690328: 哲伟又送了
[2026-02-21 23:56:06] kjhhjki: 送他们房子🏠！送他们房子🏠！送他们房子🏠！
[2026-02-21 23:56:06] 武威侯本侯: 托处
[2026-02-21 23:56:06] 还在上幼儿园的hanser: popipa pipopa popinparty pipopa！
[2026-02-21 23:56:06] 骑蜗牛追杀: 有没有27级以下弹幕让我看看啊
[2026-02-21 23:56:06] 福山雅治水: 粘姆不粘
[2026-02-21 23:56:09] 冰镇豆浆Zzzz: 剩两个最菜的
[2026-02-21 23:56:11] 5cms3360: 潘宏爱玩狗的玩狗原来是你啊
[2026-02-21 23:56:11] 实名上网童允泽: 不串等于永封！！
[2026-02-21 23:56:11] hutji: 关键拉托大的
[2026-02-21 23:56:11] 马猴烧酒小地瓜: 潘宏爱玩狗的玩狗原来是你啊
[2026-02-21 23:56:11] Jigsaw7: 绿龙是对的
[2026-02-21 23:56:11] 小肉包喷香: 亚洲剧情
[2026-02-21 23:56:11] LkCatQwQ: 托出皮箱pdf真是三个苦命鸳鸯
[2026-02-21 23:56:11] 用户8893066234: 又哦又鞭又偷，但是jame一点也不急，因为他是2022iem里约major mvp
[2026-02-21 23:56:11] lonhkfd: 不串等于永封！！
[2026-02-21 23:56:11] 1只霖霖: 罪与罚
[2026-02-21 23:56:11] 佳伟今天吃漏丸: 不串等于永封！！
[2026-02-21 23:56:11] YEKINDAR: 沉寂一整局就为这一波
[2026-02-21 23:56:11] triangle233: 沉寂一整局就为这一波
[2026-02-21 23:56:11] 不要坐在我身边: 怎么同一个场馆开始帮pv欢呼了 昨天嘘的人是不喜欢cs了吗？
[2026-02-21 23:56:11] Cloud9的咬人猫本人: 又哦又鞭又偷，但是jame一点也不急，因为他是2022iem里约major mvp
[2026-02-21 23:56:11] 图帕雷松: @jame（没有粘到加时版):托出
[2026-02-21 23:56:11] 小昊的yimon阿爱发烧: 不串等于永封！！
[2026-02-21 23:56:11] 3040658650: 不串等于永封！！
[2026-02-21 23:56:11] 子瓜6666: 可是玩宝宝也很冰清玉洁啊🥺
[2026-02-21 23:56:11] arimrs: 不愧是你啊拖出
[2026-02-21 23:56:11] Ecifircas: 不串等于永封！！
[2026-02-21 23:56:11] 60岁老奶奶想卖身: 托处
[2026-02-21 23:56:11] 生快生快妈妈: 老鼠还不开鞭吗.......    
[2026-02-21 23:56:11] 工业化战士: 托÷
[2026-02-21 23:56:11] 好姐妹绫濑沙季: 串了半天 看见拖出这枪没绷住
[2026-02-21 23:56:11] 上个世纪末期的疯子: 潘宏爱玩狗的玩狗原来是你啊
[2026-02-21 23:56:11] 新月似当年1: 罚
[2026-02-21 23:56:11] LvvsiN: 男人一生只哭十八次：niko十七次梦碎major正赛, niko梦碎里约major RMR＼
[2026-02-21 23:56:11] 布洛芬重度依赖: 不串等于永封！
[2026-02-21 23:56:11] 不可一世ji豪: 　　　 发送他们房子🏠发送他们房子🏠发送他们房子🏠发送他们房子🏠
[2026-02-21 23:56:11] 送不起火箭我送张办卡: 不串等于永封！！
[2026-02-21 23:56:12] 星熠月明喵: 发送他们房子🏠发送他们房子🏠发送他们房子🏠发送他们房子🏠
[2026-02-21 23:56:12] 房同学19554: @椰汁糕冬瓜强：@老汤日记:丹麦总统让我静音接触白宫，这应该是我最后一次看儿子直播了，机器，我爱你.
[2026-02-21 23:56:12] 好听的昵称508: 不串等于永封！！
[2026-02-21 23:56:12] 森中花咲单推人: 不串等于永封！！
[2026-02-21 23:56:12] 阿库娅丶: 发送了
[2026-02-21 23:56:12] Cloud9的咬人猫本人: 潘宏爱玩狗的玩狗原来是你啊
[2026-02-21 23:56:13] 为年少狂乱: 偏偏你最不争气啊
[2026-02-21 23:56:13] SpectacularBid: 不串等于永封！！
[2026-02-21 23:56:13] Dartline: 可是玩宝宝也很冰清玉洁啊🥺
[2026-02-21 23:56:13] kalaokl: 【电棍】锐评玩机器停播：人人都会双标，他就是想得太多了，我永远不会忘记玩机器直播间带来的快乐
[2026-02-21 23:56:13] Ephemerality137: 玩大哥，你下单的5万个弹幕🤖已经到了，私信联系不上你，就在这里发了
[2026-02-21 23:56:13] 一只懵懂少年耶: 发送房子了
[2026-02-21 23:56:13] suicho: 潘宏爱玩狗的玩狗原来是你啊
[2026-02-21 23:56:14] 小蜜蜂的长期素食本人: 三箱后！
[2026-02-21 23:56:14] 滑稽乂逗比: 不串等于永封！！
[2026-02-21 23:56:14] StreameZzz: 玩笑
[2026-02-21 23:56:14] 森林与雁: 不串等于永封！！
[2026-02-21 23:56:14] 战场原原原原神黑仪: monesy play
[2026-02-21 23:56:14] BASSGOAT牛込里美: 罚
[2026-02-21 23:56:15] 大哥心里慌: 可是玩宝宝也很冰清玉洁啊🥺
[2026-02-21 23:56:15] 斗鱼用户4901183769: 可是玩宝宝也很冰清玉洁啊🥺
[2026-02-21 23:56:15] 子瓜6666: @jame（没有粘到加时版):托出
[2026-02-21 23:56:15] jubaoxia4: 额，拿亚军我都会，拿亚军，拿季军，拿四强，拿八强，拿十六强，呃拿冠军我不会，然后小组赛淘汰
[2026-02-21 23:56:15] 落叶悠哉落: 不串等于永封！！
[2026-02-21 23:56:15] 丢你雷姆吔屎啦你:  @马猴烧酒小地瓜：潘宏爱玩狗的玩狗原来是你啊
[2026-02-21 23:56:16] 中奖个奖: 不串等于永封！！
[2026-02-21 23:56:16] 刘刘的农: 不串等于永封！！
[2026-02-21 23:56:16] 夹不住笔的耳朵: 不串等于永封！！
[2026-02-21 23:56:16] 玩登山丶嘟嘟嘟嘟嘟嘟: 不串等于永封！！
[2026-02-21 23:56:19] 就白给桑: 潘宏爱玩狗的玩狗原来是你啊
[2026-02-21 23:56:19] 古堡12枪战神: @椰汁糕冬瓜强：@老汤日记:丹麦总统让我静音接触白宫，这应该是我最后一次看儿子直播了，机器，我爱你.
[2026-02-21 23:56:19] KuronekoSummer: 经典比分
[2026-02-21 23:56:19] 爱淡茶未凉: 不串等于永封！！
[2026-02-21 23:56:19] 野pig亨利28: 不串等于永封！！
[2026-02-21 23:56:19] 玩机器是我霸: @zweih：@donk @NIKO @makazze 四强赛没看见你们啊 你们人呢？
[2026-02-21 23:56:19] OMGlionKing: 不串等于永封！！
[2026-02-21 23:56:19] 安娜的激素: 串了半天 看见拖出这枪没绷住
[2026-02-21 23:56:19] 不甜o0: 我警告一下弹幕，如果因为你们玩宝宝收到一点伤害，我不介意...落井下石😋
[2026-02-21 23:56:19] 猎鹰的Gild本人: 抗渗
[2026-02-21 23:56:19] 正经猪头肉: 僵尸
[2026-02-21 23:56:19] 生快生快妈妈: 老鼠还不开鞭吗.......     
[2026-02-21 23:56:19] 素晴316: ？
[2026-02-21 23:56:19] 生涯现役1111: gg
[2026-02-21 23:56:19] 机器机器祝你天天开心: gg
[2026-02-21 23:56:19] 是白桦呀: 哲伟又送了
[2026-02-21 23:56:19] 喵蹄丝: 不串等于永封！
[2026-02-21 23:56:19] 柑橘树的柑橘树本人: 不串等于永封！！
[2026-02-21 23:56:19] MeIoN39: 不串等于永封！！
[2026-02-21 23:56:19] 留下来陪阿姨别播了: 不串等于永封！！
[2026-02-21 23:56:19] 来杯浓硫酸压压惊: 允许spinx鞭托子
[2026-02-21 23:56:20] 无情道毕业生: gg
