# room_id=6979222 host=玩机器丶Machine title=小众宝藏结晶直播 live_time= fetch_time=2026-02-21 23:45:46
[2026-02-22 03:32:22] richardlee97: 你说编诗赢了被黑大半年？那编诗输了得啥样我都不敢想😨😨😨
[2026-02-22 03:32:23] 峰城大高中的冬马本人: ROG真是圣人，在这个节骨眼赞助玩÷让他登不了山还得嗯吹他最恨的载物👍
[2026-02-22 03:32:23] 不看似猎鹰就杀了你: 银行业😄银行业😀银行业😃银行业😁银行业😆银行业🤪银行业😝
[2026-02-22 03:32:23] 不改名真的不中奖呀Cc: 你说编诗赢了被黑大半年？那编诗输了得啥样我都不敢想😨😨😨
[2026-02-22 03:32:23] LvvsiN: 你为什么要把mαjor禁了，我收藏的一半弹幕全毁了
[2026-02-22 03:32:23] 瑭珏: 　　　 ROG真是圣人，在这个节骨眼赞助玩÷让他登不了山还得嗯吹他最恨的载物👍
[2026-02-22 03:32:24] 冰封丨丨: 你说编诗赢了被黑大半年？那编诗输了得啥样我都不敢想😨😨😨
[2026-02-22 03:32:25] humb1e78: 无汤无杜新爹载物都不知道？直播间好多ylg。。
[2026-02-22 03:32:25] LvvsiN: 为什么房管封的不能给鱼丸……还以为今天晚上得吃了……
[2026-02-22 03:32:25] Box强音来袭: 你说编诗赢了被黑大半年？那编诗输了得啥样我都不敢想😨😨😨
[2026-02-22 03:32:25] 不变的追求717: 你说编诗赢了被黑大半年？那编诗输了得啥样我都不敢想😨😨😨
[2026-02-22 03:32:27] 我谢谢我自己: 快
[2026-02-22 03:32:27] 玩斯特机机: ？
[2026-02-22 03:32:27] 一拳打爆你魔丸: 你说编诗赢了被黑大半年？那编诗输了得啥样我都不敢想😨😨😨
[2026-02-22 03:32:27] 殇10876: ？
[2026-02-22 03:32:27] 用户6235382488: 玩神你看载物比赛难受到坐立难安扶着椅子的样子太有韧性了👍
[2026-02-22 03:32:27] 正直的鸡哥: ／
[2026-02-22 03:32:27] LvvsiN: 额，拿亚军我都会，拿亚军，拿季军，拿四强，拿八强，拿十六强，呃拿冠军我不会，然后小组赛淘汰
[2026-02-22 03:32:28] 好哥们汉阳造: 无汤无杜新爹载物都不知道？直播间好多ylg。。
[2026-02-22 03:32:28] 非必要不中岀: 爆
[2026-02-22 03:32:28] 机器机器祝你天天开心: ？？？
[2026-02-22 03:32:29] 马楼King张三: 我测
[2026-02-22 03:32:29] LvvsiN: 额，拿亚军我都会，拿亚军，拿季军，拿四强，拿八强，拿十六强，呃拿冠军我不会，然后小组赛淘汰
[2026-02-22 03:32:29] 用户6235382488: 玩神你看载物比赛难受到坐立难安扶着椅子的样子太有韧性了👍
[2026-02-22 03:32:29] 殇10876: 责任
[2026-02-22 03:32:29] 南宁霍家拳: 紫色
[2026-02-22 03:32:31] 偷高达的天手让叶本人: ？
[2026-02-22 03:32:31] 玩家军的猪头肉本人: 你说编诗赢了被黑大半年？那编诗输了得啥样我都不敢想😨😨😨
[2026-02-22 03:32:31] Kli0s: 责任
[2026-02-22 03:32:31] LvvsiN: @阿汤日记：一个人，5发子弹，保住格陵兰岛。我不会叫它不可能完成的任务，我现在只想先回家看亦博
[2026-02-22 03:32:31] 用户6235382488: 玩神你看载物比赛难受到坐立难安扶着椅子的样子太有韧性了👍
[2026-02-22 03:32:32] 比哈里快鸭: 你说编诗赢了被黑大半年？那编诗输了得啥样我都不敢想😨😨😨
[2026-02-22 03:32:33] LvvsiN: 为什么房管封的不能给鱼丸……还以为今天晚上得吃了……
[2026-02-22 03:32:33] 大姜饼: 你说编诗赢了被黑大半年？那编诗输了得啥样我都不敢想😨😨😨
[2026-02-22 03:32:34] 用户6235382488: 玩神你看载物比赛难受到坐立难安扶着椅子的样子太有韧性了👍
[2026-02-22 03:32:34] 即将拥有PDD的人鱼线丿: ?
[2026-02-22 03:32:35] LvvsiN: 我让你开双倍你二龙吗？老子荧光棒要过期了
[2026-02-22 03:32:35] 我谢谢我自己: 责任
[2026-02-22 03:32:36] 玩斯特机机: 9ee
[2026-02-22 03:32:36] humb1e78: 无汤无杜新爹载物都不知道？直播间好多ylg。。
[2026-02-22 03:32:36] 用户6235382488: 玩神你看载物比赛难受到坐立难安扶着椅子的样子太有韧性了👍
[2026-02-22 03:32:37] User5092: 9ee
[2026-02-22 03:32:37] 魔男的夜宴: ？？？
[2026-02-22 03:32:37] LvvsiN: 我提一嘴这剧情越来越像上海major了
[2026-02-22 03:32:38] 寄驶者: 9ee
[2026-02-22 03:32:38] MichaelJackson: ？
[2026-02-22 03:32:39] 用户6235382488: 玩神你看载物比赛难受到坐立难安扶着椅子的样子太有韧性了👍
[2026-02-22 03:32:39] 橙黄双翼: 9ee
[2026-02-22 03:32:39] LvvsiN: 为什么房管封的不能给鱼丸……还以为今天晚上得吃了……
[2026-02-22 03:32:39] Kli0s: 9ee
[2026-02-22 03:32:40] 99组的爱城华恋本人: 对三
[2026-02-22 03:32:40] 想看老师打黄金赛: 对三
[2026-02-22 03:32:40] 强尼银手VVV: 9ee
[2026-02-22 03:32:41] 狐狸来在此: 9ee
[2026-02-22 03:32:41] 用户6235382488: 玩神你看载物比赛难受到坐立难安扶着椅子的样子太有韧性了👍
[2026-02-22 03:32:41] 好姐妹芙卡洛斯: 3V5有懂得吗
[2026-02-22 03:32:41] LvvsiN: 就tm喜欢银行业🥰银行坏账我喜欢🥰银行挤兑我还喜欢😍利率调低我也喜欢🤤老子亲烂银行业的脸😘
[2026-02-22 03:32:42] User5092: 对三
[2026-02-22 03:32:42] 无7441158: 9ee
[2026-02-22 03:32:42] YEYH111: 你说编诗赢了被黑大半年？那编诗输了得啥样我都不敢想😨😨😨
[2026-02-22 03:32:42] 小蜜蜂的长期素食本人: 9ee
[2026-02-22 03:32:42] glad1uS: p90
[2026-02-22 03:32:42] 白北川玉子的大路饼藏: 9ee
[2026-02-22 03:32:42] 我褴褛你彩绘: 卧槽
[2026-02-22 03:32:42] ymyyo: @阿汤日记：一个人，5发子弹，保住格陵兰岛。我不会叫它不可能完成的任务，我现在只想先回家看亦博
[2026-02-22 03:32:43] 李小小与虾大大: 9ee
[2026-02-22 03:32:43] 擅长登山的亦博同学: 蜀黍
[2026-02-22 03:32:43] 用户6235382488: 玩神你看载物比赛难受到坐立难安扶着椅子的样子太有韧性了👍
[2026-02-22 03:32:43] Killajoy: ？
[2026-02-22 03:32:43] 锦城ropz: 对三
[2026-02-22 03:32:43] LvvsiN: 玩宝宝，我发现在大学上学的时候肄业会很舒服，你可以试试
[2026-02-22 03:32:43] 丶小恐龙丶: 责任
[2026-02-22 03:32:43] 下划线逗号下划线叹号: 以前只是恨森所以吹载，现在发现载粉爆不出米未必不能恨载
[2026-02-22 03:32:44] 阿羞羞i: 9ee
[2026-02-22 03:32:44] 疯穿箱子dewasu: 皮箱
[2026-02-22 03:32:45] LvvsiN: @阿汤日记：一个人，5发子弹，保住格陵兰岛。我不会叫它不可能完成的任务，我现在只想先回家看亦博
[2026-02-22 03:32:46] wsdle: 9ee
[2026-02-22 03:32:46] 洁身自好处男有为青年: 9ee
[2026-02-22 03:32:46] Hana酱的宝贝阿根: 玩神你看载物比赛难受到坐立难安扶着椅子的样子太有韧性了👍
[2026-02-22 03:32:47] AKA箱宾监雨味真族: 银行业一样一样有有有也会有h'y'hui't'y'r's'c'dn
[2026-02-22 03:32:47] 下北沢涼桑: 怀念最好的五个人：辉夜（已登月）彩叶（已未亡）八千代（已皮套）芦花（已败犬）真实（已吃饱）
[2026-02-22 03:32:47] Kli0s: 对三
[2026-02-22 03:32:47] LvvsiN: 南孚一节更比六节强，也就是一节南孚比六节南孚强，六节南孚比三十六节强，三十六节比二百一十六节强
[2026-02-22 03:32:48] 硫磺祥: 9ee
[2026-02-22 03:32:48] 用户6235382488: 玩神你看载物比赛难受到坐立难安扶着椅子的样子太有韧性了👍
[2026-02-22 03:32:48] 好姐妹弓塚五月: 9ee
[2026-02-22 03:32:48] 绝食十年攒爱top3飞机: 你说编诗赢了被黑大半年？那编诗输了得啥样我都不敢想😨😨😨
[2026-02-22 03:32:48] 琦琦z: 猎鹰 play
[2026-02-22 03:32:49] 丶小恐龙丶: 9ee
[2026-02-22 03:32:50] LvvsiN: 弹幕别吵了，银行业一样一样有有有也会有h'y'hui't'y'r's'c'dn
[2026-02-22 03:32:50] 最强反派Vitality: 对三
[2026-02-22 03:32:50] 鸭硕的哈撒给: ？
[2026-02-22 03:32:50] 静寂风: ?
[2026-02-22 03:32:50] 看死Herbaut就杀了你: 玩神你看载物比赛难受到坐立难安扶着椅子的样子太有韧性了👍
[2026-02-22 03:32:50] 无能青年旅店: 比那个人牛逼
[2026-02-22 03:32:50] 橙黄双翼: 3V5有懂的吗
[2026-02-22 03:32:50] 玩斯特机机: 责任
[2026-02-22 03:32:50] 用户6235382488: 玩神你看载物比赛难受到坐立难安扶着椅子的样子太有韧性了👍
[2026-02-22 03:32:51] 魔男的夜宴: ？？？？？
[2026-02-22 03:32:51] Minatocc: 责任！
[2026-02-22 03:32:51] 海绵宝宝打野儿: 卧槽？
[2026-02-22 03:32:51] 影白灬loli: 怎么现在还有人在刷银行业这种过时烂梗
[2026-02-22 03:32:51] xOcOg: 你吹什么载物呢？不知道cs解说一哥最恨的就是载物吗
[2026-02-22 03:32:51] 剑崎梨梨花: 3v5
[2026-02-22 03:32:51] 99组的爱城华恋本人: 责任
[2026-02-22 03:32:52] LvvsiN: 为什么房管封的不能给鱼丸……还以为今天晚上得吃了……
[2026-02-22 03:32:52] Asaki薯片: 玩神你看载物比赛难受到坐立难安扶着椅子的样子太有韧性了👍
[2026-02-22 03:32:52] 殇10876: 责任
[2026-02-22 03:32:52] 迪奥雷: 对三
[2026-02-22 03:32:52] 玩蛇鼠丶stabbi: 玩神你看载物比赛难受到坐立难安扶着椅子的样子太有韧性了👍
[2026-02-22 03:32:52] 糖嗜综合征: 车！
[2026-02-22 03:32:53] 好兄弟鲁迪乌斯: 卧槽车主
[2026-02-22 03:32:53] 用户6235382488: 玩神你看载物比赛难受到坐立难安扶着椅子的样子太有韧性了👍
[2026-02-22 03:32:53] 风雨晚烟: 啊，这也能输啊？
[2026-02-22 03:32:53] SherryAiovo: 责任
[2026-02-22 03:32:53] 卡啊卡卡丶: 对三
[2026-02-22 03:32:53] 秋茶小雪: ？
[2026-02-22 03:32:53] 小夜r: 对三
[2026-02-22 03:32:54] 鲜血与暗影铸造的家伙: ？？？
[2026-02-22 03:32:54] 偷高达的天手让叶本人: 跑打
[2026-02-22 03:32:54] 黑白玄鸟: 责任
[2026-02-22 03:32:54] 银行业本人: 对3
[2026-02-22 03:32:54] 小小小蕉: 责任
[2026-02-22 03:32:54] 神奥联盟的竹兰本人: 责任
[2026-02-22 03:32:54] 玩台钳丶阿尔托莉雅: 责任
[2026-02-22 03:32:55] 想看老师打黄金赛: 对三残局
[2026-02-22 03:32:55] 小蜜蜂的长期素食本人: 责任
[2026-02-22 03:32:55] 椎名真白ii丶: 玩神你看载物比赛难受到坐立难安扶着椅子的样子太有韧性了👍
[2026-02-22 03:32:55] 专看玩机器的号: 责任
[2026-02-22 03:32:55] 人活着就是为了玩乐队: 责任！
[2026-02-22 03:32:55] 用户6235382488: 玩神你看载物比赛难受到坐立难安扶着椅子的样子太有韧性了👍
[2026-02-22 03:32:55] 星海羽弦: 责任
[2026-02-22 03:32:55] 石家庄的宠物男孩: 责任
[2026-02-22 03:32:56] 马楼King张三: 我测撕
[2026-02-22 03:32:56] 头号瓜孝子: 9ee
[2026-02-22 03:32:56] Imupset: 3!
[2026-02-22 03:32:56] 古怪的一个人: 泥头车
[2026-02-22 03:32:56] 忍野忍小忍: 漂移
[2026-02-22 03:32:56] Zxj1ing: 2+3
[2026-02-22 03:32:56] Killajoy: 对三残局
[2026-02-22 03:32:56] 杜王町的吉良吉影本人: 停了？
[2026-02-22 03:32:56] 好姐妹冰川姐妹: ？
[2026-02-22 03:32:56] 偷猫的鱼丶丶: donk play
[2026-02-22 03:32:57] 小橙子橙99999: 对三
[2026-02-22 03:32:57] 玩柜子丶Mortis: 责任ですわ
[2026-02-22 03:32:57] 时光划过泪痕桥: @阿汤日记：一个人，5发子弹，保住格陵兰岛。我不会叫它不可能完成的任务，我现在只想先回家看亦博
[2026-02-22 03:32:57] 十点差49分: 3v5
[2026-02-22 03:32:57] 天际之光90830: 无敌了
[2026-02-22 03:32:57] 自闭自闭了: 醒了醒了
[2026-02-22 03:32:57] 机器机器祝你天天开心: 对三
[2026-02-22 03:32:58] LvvsiN: 南孚一节更比六节强，也就是一节南孚比六节南孚强，六节南孚比三十六节强，三十六节比二百一十六节强
[2026-02-22 03:32:58] 阿聚TaHa: 责任
[2026-02-22 03:32:58] 齐静春丶: 对三
[2026-02-22 03:32:58] NearrrR: ？
[2026-02-22 03:32:59] 洛陽城里看落陽: 法拉利
[2026-02-22 03:32:59] 爱躺赢的载大哥: 对三残局
[2026-02-22 03:32:59] kios真绪: 责任
[2026-02-22 03:32:59] Abc丶Ss: 责任
[2026-02-22 03:32:59] hahadotaer: 玩神你看载物比赛难受到坐立难安扶着椅子的样子太有韧性了👍
[2026-02-22 03:33:00] 门er清: 丸辣
[2026-02-22 03:33:00] S1natra: 玩神你看载物比赛难受到坐立难安扶着椅子的样子太有韧性了👍
[2026-02-22 03:33:00] 宫监手放监: @ropz：i drive😎🚗🚙🚕🚜🚚🚓🚐🚑🚒🏎🚎🚌🚃🏍🛴🛵🏍
[2026-02-22 03:33:00] 奈亚亚亚亚亚: 责任
[2026-02-22 03:33:00] 梁清风: 早干嘛去了
[2026-02-22 03:33:00] Ch1Sa-: ？兵败如山倒
[2026-02-22 03:33:01] 阿飞飞啊分: 玩神你看载物比赛难受到坐立难安扶着椅子的样子太有韧性了👍
[2026-02-22 03:33:01] 椎名真白ii丶: 你说编诗赢了被黑大半年？那编诗输了得啥样我都不敢想😨😨😨
[2026-02-22 03:33:01] 閷琿: ？？？？？？？
[2026-02-22 03:33:01] 我不知道owo: 玩神你看载物比赛难受到坐立难安扶着椅子的样子太有韧性了👍
[2026-02-22 03:33:02] 李小小与虾大大: @莱昂凯：好好好😁👍
[2026-02-22 03:33:02] papacarrot: 查无此车
[2026-02-22 03:33:02] 在原Nanami: 收到
[2026-02-22 03:33:02] IM丶知白守黑: 油门踩到底
[2026-02-22 03:33:02] 刘刘的农: 玩神你看载物比赛难受到坐立难安扶着椅子的样子太有韧性了👍
[2026-02-22 03:33:02] 搞笑男西德尼: 对三残局
[2026-02-22 03:33:03] vongwu: 猎鹰play 3v5
[2026-02-22 03:33:03] ShadowDvex: 停了？
[2026-02-22 03:33:03] KRU的Less本人: 对3
[2026-02-22 03:33:03] valorant玩机器: 这是ropz的正面?
[2026-02-22 03:33:03] 我最喜欢玩机器: 太牛了 ropz
[2026-02-22 03:33:03] 麦克里斯特尔: 4 9
[2026-02-22 03:33:03] xuzVan: 还得是对三
[2026-02-22 03:33:03] S1natra: 你说编诗赢了被黑大半年？那编诗输了得啥样我都不敢想😨😨😨
[2026-02-22 03:33:04] 多喝热水9点睡: 玩神你看载物比赛难受到坐立难安扶着椅子的样子太有韧性了👍
[2026-02-22 03:33:04] 用户3661578: 责任
[2026-02-22 03:33:04] 下划线逗号下划线叹号: 玩神你看载物比赛难受到坐立难安扶着椅子的样子太有韧性了👍
[2026-02-22 03:33:04] 杂鱼怡然香菇菇: 3v5
[2026-02-22 03:33:04] Hcmor: 玩神你看载物比赛难受到坐立难安扶着椅子的样子太有韧性了👍
[2026-02-22 03:33:04] OECN2: 玩神你看载物比赛难受到坐立难安扶着椅子的样子太有韧性了👍
[2026-02-22 03:33:04] kotoyosefumino: 玩神你看载物比赛难受到坐立难安扶着椅子的样子太有韧性了👍
[2026-02-22 03:33:05] 永远的zgg01: 3+2
[2026-02-22 03:33:05] 依羽逐荣: 没座
[2026-02-22 03:33:05] 袁百事Pepsi: 飞驰人生3
[2026-02-22 03:33:06] LvvsiN: 就tm喜欢银行业🥰银行坏账我喜欢🥰银行挤兑我还喜欢😍利率调低我也喜欢🤤老子亲烂银行业的脸😘
[2026-02-22 03:33:06] 白曦黎: 玩神你看载物比赛难受到坐立难安扶着椅子的样子太有韧性了👍
[2026-02-22 03:33:06] 空有无垠: 玩神你看载物比赛难受到坐立难安扶着椅子的样子太有韧性了👍
[2026-02-22 03:33:06] 非必要不中岀: 已下单
[2026-02-22 03:33:06] ymyyo: @ropz：i drive😎🚗🚙🚕🚜🚚🚓🚐🚑🚒🏎🚎🚌🚃🏍スクーター
[2026-02-22 03:33:06] 落天华: @莱昂凯：好好好😁👍
[2026-02-22 03:33:07] wdmonkey: 传统对三
[2026-02-22 03:33:07] 串串金枪鱼: 对三牛逼👍
[2026-02-22 03:33:07] 橘殃丶丶: 责任
[2026-02-22 03:33:07] 剑崎梨梨花: 玩神你看载物比赛难受到坐立难安扶着椅子的样子太有韧性了👍
[2026-02-22 03:33:07] 八海小黄鱼: 已撞毁
[2026-02-22 03:33:07] 丶丶Ken丶丶: @莱昂凯：好好好😁👍
[2026-02-22 03:33:08] 鸽子川: 太离谱了这两个人头杀的
[2026-02-22 03:33:08] 卧看星河尽意明丶: 你一分我一分
[2026-02-22 03:33:08] 八嘎黄芥末: 9ee 
[2026-02-22 03:33:08] KujoJolyne: 保时捷peek
[2026-02-22 03:33:08] 玩斯特机机: @莱昂凯：好好好😁👍
[2026-02-22 03:33:08] 宫监手放监: @ropz：i drive😎🚗🚙🚕🚜🚚🚓🚐🚑🚒🏎🚎🚌🚃🏍🛴🛵🏍
[2026-02-22 03:33:08] SSE丶: 玩神你看载物比赛难受到坐立难安扶着椅子的样子太有韧性了👍
[2026-02-22 03:33:09] 说得道理: 总算醒了😭
[2026-02-22 03:33:09] 人人称我小潘安: 9ee
[2026-02-22 03:33:09] 大梦464: 玩神你看载物比赛难受到坐立难安扶着椅子的样子太有韧性了👍
[2026-02-22 03:33:09] 包包你到底哪里神了: @莱昂凯：好好好😁👍
[2026-02-22 03:33:10] 三楼不如三箱: 布雷博刹车无敌了
[2026-02-22 03:33:10] 黎那汐塔top2尤诺: 责任
[2026-02-22 03:33:10] LvvsiN: 我提一嘴这剧情越来越像上海major了
[2026-02-22 03:33:10] AKA箱宾监雨味真族: 叛徒神气什么
[2026-02-22 03:33:10] 头号瓜孝子: 感觉不如su7
[2026-02-22 03:33:10] FaZeClan-Ropz: 世界上最好的自由人
[2026-02-22 03:33:11] 阿飞飞啊分: 你说编诗赢了被黑大半年？那编诗输了得啥样我都不敢想😨😨😨
[2026-02-22 03:33:12] 拉海洛TOP1爱弥斯本人: 飞驰人生3
[2026-02-22 03:33:12] 心生闸念: 依旧4v5
[2026-02-22 03:33:12] LvvsiN: 为什么房管封的不能给鱼丸……还以为今天晚上得吃了……
[2026-02-22 03:33:12] wristuuio: @ropz：i drive😎🚗🚙🚕🚜🚚🚓🚐🚑🚒🏎🚎🚌🚃🏍スクーター
[2026-02-22 03:33:13] 对着光说话: @ropz：i drive😎🚗🚙🚕🚜🚚🚓🚐🚑🚒🏎🚎🚌🚃🏍スクーター
[2026-02-22 03:33:13] 众星遗忘: 我不看了睡了
[2026-02-22 03:33:13] Vitaliy的ZywOo本人: @ropz：i drive😎🚗🚙🚕🚜🚚🚓🚐🚑🚒🏎🚎🚌🚃🏍スクーター
[2026-02-22 03:33:13] 用户6235382488: 玩神你看载物比赛难受到坐立难安扶着椅子的样子太有韧性了👍
[2026-02-22 03:33:14] 速溶沙地兽: @莱昂凯：好好好😁👍
[2026-02-22 03:33:14] LvvsiN: 玩宝宝，我发现在大学上学的时候肄业会很舒服，你可以试试
[2026-02-22 03:33:14] 飛鳥蘭: 你为什么不把major禁了
[2026-02-22 03:33:14] Box强音来袭: 　　　 @莱昂凯：好好好😁👍
[2026-02-22 03:33:14] 与凌晨相爱: 瞬间刹停
[2026-02-22 03:33:14] 文西67: 飞驰人生3
[2026-02-22 03:33:14] 男人至死皆少年: 这小胖a门这样乱动的
[2026-02-22 03:33:15] 我谢谢我自己: 这定位
[2026-02-22 03:33:15] 玩斯特机机: 玩神你看载物比赛难受到坐立难安扶着椅子的样子太有韧性了👍
[2026-02-22 03:33:15] 用户3661578: 梦回18岁
[2026-02-22 03:33:16] LvvsiN: 银行业😄银行业😀银行业😃银行业😁银行业😆银行业🤪银行业😝
[2026-02-22 03:33:17] Aleksumimi: 传统fpl教官
[2026-02-22 03:33:17] 麦克里斯特尔: @罗布：i drive😎🚗🚙🚕🚜🚚🚓🚐🚑🚒🏎🚎🚌🚃🏍スクーター
[2026-02-22 03:33:17] 海绵宝宝打野儿: 一脚地板油给人创死了啊
[2026-02-22 03:33:18] 阿飞飞啊分: 为什么房管封的不能给鱼丸……还以为今天晚上得吃了……
[2026-02-22 03:33:18] LvvsiN: @阿汤日记：一个人，5发子弹，保住格陵兰岛。我不会叫它不可能完成的任务，我现在只想先回家看亦博
[2026-02-22 03:33:18] 无伟契约: 吹其他人的时候语气明显没有那么刻意了
[2026-02-22 03:33:18] 玩比赛丶bet: 玩神你看载物比赛难受到坐立难安扶着椅子的样子太有韧性了👍
[2026-02-22 03:33:19] 老猎人Tender: 对3
[2026-02-22 03:33:20] LvvsiN: 就tm喜欢银行业🥰银行坏账我喜欢🥰银行挤兑我还喜欢😍利率调低我也喜欢🤤老子亲烂银行业的脸😘
[2026-02-22 03:33:20] 七就是幸运吧: 玩神你看载物比赛难受到坐立难安扶着椅子的样子太有韧性了👍
[2026-02-22 03:33:20] 偶像歌手Zzz: 这小胖动什么，包点有人a大有狙
[2026-02-22 03:33:20] 柒医:     @莱昂凯：好好好😁👍
[2026-02-22 03:33:21] 时团的马嘉祺本人: 飞驰人生3
[2026-02-22 03:33:21] 胆小如鼠孙一峰: 对3 3+2
[2026-02-22 03:33:21] 正直的鸡哥: 好快的秒杀啊
[2026-02-22 03:33:21] 神奥联盟的竹兰本人: 玩神你看载物比赛难受到坐立难安扶着椅子的样子太有韧性了👍
[2026-02-22 03:33:21] 只打瘸子那条腿: 玩神你看载物比赛难受到坐立难安扶着椅子的样子太有韧性了👍
[2026-02-22 03:33:22] 辛巴和他的辛巴兽: 玩神你看载物比赛难受到坐立难安扶着椅子的样子太有韧性了👍
[2026-02-22 03:33:22] 闪光皮凡: 跑打
[2026-02-22 03:33:22] LvvsiN: 我提一嘴这剧情越来越像上海major了
[2026-02-22 03:33:23] 想成为咸鱼的阿涵: wc，真停了
[2026-02-22 03:33:23] G2邦硬401: 脸色对了
[2026-02-22 03:33:24] 西雅图之王: 玩神你看载物比赛难受到坐立难安扶着椅子的样子太有韧性了👍
[2026-02-22 03:33:24] 胡椒胡椒胡椒胡椒胡椒: 玩神你看载物比赛难受到坐立难安扶着椅子的样子太有韧性了👍
[2026-02-22 03:33:24] LvvsiN: 银行业😄银行业😀银行业😃银行业😁银行业😆银行业🤪银行业😝
[2026-02-22 03:33:24] 欧气来我家: 下不了单
[2026-02-22 03:33:24] 狐狸来在此: 太有数值了
[2026-02-22 03:33:24] 落月枫吟: 吹其他人的时候语气明显没有那么刻意了
[2026-02-22 03:33:24] 大哥心里慌: 为什么房管封的不能给鱼丸……还以为今天晚上得吃了……
[2026-02-22 03:33:24] Crych1c的若叶睦本人: 飞驰人生3
[2026-02-22 03:33:24] 玩大手的大手: 玩神你看载物比赛难受到坐立难安扶着椅子的样子太有韧性了👍
[2026-02-22 03:33:24] 洛陽城里看落陽: 吹其他人的时候语气明显没有那么刻意了
[2026-02-22 03:33:25] 深情不过他: 玩神你看载物比赛难受到坐立难安扶着椅子的样子太有韧性了👍
[2026-02-22 03:33:25] 土俗火焰: 运
[2026-02-22 03:33:25] Cardinal665: 玩神你看载物比赛难受到坐立难安扶着椅子的样子太有韧性了👍
[2026-02-22 03:33:26] 柒医: 吹其他人的时候语气明显没有那么刻意了
[2026-02-22 03:33:26] LvvsiN: 为什么房管封的不能给鱼丸……还以为今天晚上得吃了……
[2026-02-22 03:33:26] 彼岸无妖: 吹其他人的时候语气明显没有那么刻意了
[2026-02-22 03:33:26] 永远喜欢远近渔: 玩神你看载物比赛难受到坐立难安扶着椅子的样子太有韧性了👍
[2026-02-22 03:33:26] beyond743739: 玩神你看载物比赛难受到坐立难安扶着椅子的样子太有韧性了👍
[2026-02-22 03:33:27] 绝食十年攒爱top3飞机: 玩神你看载物比赛难受到坐立难安扶着椅子的样子太有韧性了👍
[2026-02-22 03:33:27] SuperNIP的黑部奈叶香: 不是这停了？
[2026-02-22 03:33:27] 默默momoMoMo123: 玩➗怎么急得团团转啊
[2026-02-22 03:33:27] 落天华: 玩神你看载物比赛难受到坐立难安扶着椅子的样子太有韧性了👍
[2026-02-22 03:33:27] 乌鸦晒不黑: 玩神你看载物比赛难受到坐立难安扶着椅子的样子太有韧性了👍
[2026-02-22 03:33:27] 鸭硕的哈撒给: 停了
[2026-02-22 03:33:28] LvvsiN: 其实碗橱就是猪灵，你不拿黄金丢他他就不跟你说话
[2026-02-22 03:33:28] Kacyusha: 玩神你看载物比赛难受到坐立难安扶着椅子的样子太有韧性了👍
[2026-02-22 03:33:28] 开朗若叶睦: 玩神你看载物比赛难受到坐立难安扶着椅子的样子太有韧性了👍
[2026-02-22 03:33:28] 古怪的一个人:     @莱昂凯：好好好😁👍
[2026-02-22 03:33:29] 麦克里斯特尔: 为什么房管封的不能给鱼丸……还以为今天晚上得吃了……
[2026-02-22 03:33:29] 忽孝山庄: 玩神你看载物比赛难受到坐立难安扶着椅子的样子太有韧性了👍
[2026-02-22 03:33:29] 空青丶: 玩神你看载物比赛难受到坐立难安扶着椅子的样子太有韧性了👍
[2026-02-22 03:33:29] 搞笑男西德尼: 吹其他人的时候语气明显没有那么刻意了
[2026-02-22 03:33:29] 车车薯薯major冠军: 吹其他人的时候语气明显没有那么刻意了
[2026-02-22 03:33:29] 说得道理: 飞驰人生3
[2026-02-22 03:33:29] 椎名立希本人: 玩神你看载物比赛难受到坐立难安扶着椅子的样子太有韧性了👍
[2026-02-22 03:33:30] 不变的追求717: 玩神你看载物比赛难受到坐立难安扶着椅子的样子太有韧性了👍
[2026-02-22 03:33:30] 袁雨桢的小酥肉本肉: 🗿：嘘...研发要悄悄进行...
[2026-02-22 03:33:30] 七就是幸运吧: 吹其他人的时候语气明显没有那么刻意了
[2026-02-22 03:33:30] last玩神丶: 吹其他人的时候语气明显没有那么刻意了
[2026-02-22 03:33:30] LvvsiN: 就tm喜欢银行业🥰银行坏账我喜欢🥰银行挤兑我还喜欢😍利率调低我也喜欢🤤老子亲烂银行业的脸😘
[2026-02-22 03:33:30] 星saki: 回归基本功
[2026-02-22 03:33:30] 千早anon本人: 玩神你看载物比赛难受到坐立难安扶着椅子的样子太有韧性了👍
[2026-02-22 03:33:31] 柒医: 玩神你看载物比赛难受到坐立难安扶着椅子的样子太有韧性了👍
[2026-02-22 03:33:31] 化身汉堡猛入pite嘴: 玩神你看载物比赛难受到坐立难安扶着椅子的样子太有韧性了👍
[2026-02-22 03:33:31] 用户144491677: 玩神你看载物比赛难受到坐立难安扶着椅子的样子太有韧性了👍
[2026-02-22 03:33:31] 忍野忍小忍: 玩神你看载物比赛难受到坐立难安扶着椅子的样子太有韧性了👍
[2026-02-22 03:33:31] PJ64JC: 吹其他人的时候语气明显没有那么刻意了
[2026-02-22 03:33:32] 压缩vs蛮晚: 吹其他人的时候语气明显没有那么刻意了
[2026-02-22 03:33:32] 蜗牛蜗牛你快快走: 玩神你看载物比赛难受到坐立难安扶着椅子的样子太有韧性了👍
[2026-02-22 03:33:32] uuuuu99999: 玩神你看载物比赛难受到坐立难安扶着椅子的样子太有韧性了👍
[2026-02-22 03:33:32] LvvsiN: 弹幕也就网上说说，现实里谁不觉得樱姐是好女孩（删括号领一条远坂凛同款鸟笼）
[2026-02-22 03:33:32] FaZeClan-Ropz: 吹其他人的时候语气明显没有那么刻意了
[2026-02-22 03:33:32] 弱智骚年欢乐多: 玩神你看载物比赛难受到坐立难安扶着椅子的样子太有韧性了👍
[2026-02-22 03:33:32] 最爱的马卡龙: 我算看明白了，niko老汤这些随时可以拿出来挡枪，你要是说到玩机器身上他真跟你急
[2026-02-22 03:33:32] 宫监手放监: 玩神你看载物比赛难受到坐立难安扶着椅子的样子太有韧性了👍
[2026-02-22 03:33:32] 大颗寿司玩机器: 玩神你看载物比赛难受到坐立难安扶着椅子的样子太有韧性了👍
[2026-02-22 03:33:32] 专看玩机器的号:     @莱昂凯：好好好😁👍
[2026-02-22 03:33:33] 蛋蛋可以进去吗: 玩神你看载物比赛难受到坐立难安扶着椅子的样子太有韧性了👍
[2026-02-22 03:33:33] 白血球FJL: 玩神你看载物比赛难受到坐立难安扶着椅子的样子太有韧性了👍
[2026-02-22 03:33:33] papacarrot: 为什么房管封的不能给鱼丸……还以为今天晚上得吃了……
[2026-02-22 03:33:33] 夕ro: 🗿：嘘...研发要悄悄进行...
[2026-02-22 03:33:33] Jess2: 玩神你看载物比赛难受到坐立难安扶着椅子的样子太有韧性了👍
[2026-02-22 03:33:33] 助理ququ别凶流星: 玩神你看载物比赛难受到坐立难安扶着椅子的样子太有韧性了👍
[2026-02-22 03:33:33] last玩神丶: 吹其他人的时候语气明显没有那么刻意了
[2026-02-22 03:33:33] 花也烂漫: 载物赛太有数值了 你看看对面是不是疯了
[2026-02-22 03:33:34] LvvsiN: 为什么房管封的不能给鱼丸……还以为今天晚上得吃了……
[2026-02-22 03:33:34] Asaki薯片: 玩神你看载物比赛难受到坐立难安扶着椅子的样子太有韧性了👍
[2026-02-22 03:33:34] 菜星冲冲冲: 🗿：嘘...研发要悄悄进行...
[2026-02-22 03:33:34] 果内:     @莱昂凯：好好好😁👍
[2026-02-22 03:33:35] 初霜prpr: 玩神你看载物比赛难受到坐立难安扶着椅子的样子太有韧性了👍
[2026-02-22 03:33:35] 玩大哥我双倍呢: 玩神你看载物比赛难受到坐立难安扶着椅子的样子太有韧性了👍
[2026-02-22 03:33:35] ymyyo:  @莱昂凯：好好好😁👍
[2026-02-22 03:33:35] AL1yaaa: 玩神你看载物比赛难受到坐立难安扶着椅子的样子太有韧性了👍
[2026-02-22 03:33:35] RyougiAqua: 玩神你看载物比赛难受到坐立难安扶着椅子的样子太有韧性了👍
[2026-02-22 03:33:35] 丶小恐龙丶:     @莱昂凯：好好好😁👍
[2026-02-22 03:33:35] 好姐妹冰川姐妹: 吹其他人的时候语气明显没有那么刻意了
[2026-02-22 03:33:36] 好兄弟玩机器machine: 玩神你看载物比赛难受到坐立难安扶着椅子的样子太有韧性了👍
[2026-02-22 03:33:36] 窝法25年零分冠: 玩神你看载物比赛难受到坐立难安扶着椅子的样子太有韧性了👍
[2026-02-22 03:33:36] 沸物贝利亚大王: 玩神你看载物比赛难受到坐立难安扶着椅子的样子太有韧性了👍
[2026-02-22 03:33:36] 康托尔74920: 吹其他人的时候语气明显没有那么刻意了
[2026-02-22 03:33:36] LvvsiN: 我提一嘴这剧情越来越像上海major了
[2026-02-22 03:33:36] 只打瘸子那条腿: 瞬发奶这一块还是太权威了
[2026-02-22 03:33:36] 星海羽弦: 玩神你看载物比赛难受到坐立难安扶着椅子的样子太有韧性了👍
[2026-02-22 03:33:36] 某天别梦: 玩神你看载物比赛难受到坐立难安扶着椅子的样子太有韧性了👍
[2026-02-22 03:33:36] 啊这是人类啊: 玩神你看载物比赛难受到坐立难安扶着椅子的样子太有韧性了👍
[2026-02-22 03:33:37] ericzxc: 玩神你看载物比赛难受到坐立难安扶着椅子的样子太有韧性了👍
[2026-02-22 03:33:37] 一只红捏捏: 吹其他人的时候语气明显没有那么刻意了
[2026-02-22 03:33:37] dark1337: 有ropz一个能谈的，载物发挥就闭口不谈了😄
[2026-02-22 03:33:37] 洛陽城里看落陽: 玩神你看载物比赛难受到坐立难安扶着椅子的样子太有韧性了👍
[2026-02-22 03:33:37] 柚子厨0721: 玩神你看载物比赛难受到坐立难安扶着椅子的样子太有韧性了👍
[2026-02-22 03:33:37] Vercreek: 🗿：嘘...研发要悄悄进行...
[2026-02-22 03:33:37] ahhhhhhhhhhhhhhhhhhh: 对3太猛咯
[2026-02-22 03:33:37] ZninET9: 玩神你看载物比赛难受到坐立难安扶着椅子的样子太有韧性了👍
[2026-02-22 03:33:38] 殇10876: 玩神你看载物比赛难受到坐立难安扶着椅子的样子太有韧性了👍
[2026-02-22 03:33:38] Ecifircas: 玩神你看载物比赛难受到坐立难安扶着椅子的样子太有韧性了👍
[2026-02-22 03:33:38] x椒叔人x: 玩神你看载物比赛难受到坐立难安扶着椅子的样子太有韧性了👍
[2026-02-22 03:33:38] 电子厂表演艺术家: 玩神你看载物比赛难受到坐立难安扶着椅子的样子太有韧性了👍
[2026-02-22 03:33:38] onXplanet: 玩神你看载物比赛难受到坐立难安扶着椅子的样子太有韧性了👍
[2026-02-22 03:33:38] LvvsiN: 你为什么要把mαjor禁了，我收藏的一半弹幕全毁了
[2026-02-22 03:33:38] Th0tiana: 玩神你看载物比赛难受到坐立难安扶着椅子的样子太有韧性了👍
[2026-02-22 03:33:38] 南枝难知句: 🗿：嘘...研发要悄悄进行...
[2026-02-22 03:33:39] 机长家的华仔: 玩神你看载物比赛难受到坐立难安扶着椅子的样子太有韧性了👍
[2026-02-22 03:33:39] 宫原雪岳: 玩神你看载物比赛难受到坐立难安扶着椅子的样子太有韧性了👍
[2026-02-22 03:33:39] 泠鸢不是冷鸢丶: 玩神你看载物比赛难受到坐立难安扶着椅子的样子太有韧性了👍
[2026-02-22 03:33:40] 爱你啵啵Midori: 🗿：嘘...研发要悄悄进行...
[2026-02-22 03:33:40] 蓝星的floppy本人: 玩神你看载物比赛难受到坐立难安扶着椅子的样子太有韧性了👍
[2026-02-22 03:33:40] 春风如齐: 大家不要再说了感觉玩大哥语气已经不对了再这样下去我都不敢想象载大哥接下来要遭什么罪😭😭
[2026-02-22 03:33:40] 风雨晚烟: 玩神你看载物比赛难受到坐立难安扶着椅子的样子太有韧性了👍
[2026-02-22 03:33:40] 斗鱼用户4901183769: 玩神你看载物比赛难受到坐立难安扶着椅子的样子太有韧性了👍
[2026-02-22 03:33:40] wantrue: 玩神你看载物比赛难受到坐立难安扶着椅子的样子太有韧性了👍
[2026-02-22 03:33:41] 魔男的夜宴: 肺子咳烂
[2026-02-22 03:33:41] 用户91227835: 玩神你看载物比赛难受到坐立难安扶着椅子的样子太有韧性了👍
[2026-02-22 03:33:41] Alone無淚: 玩神你看载物比赛难受到坐立难安扶着椅子的样子太有韧性了👍
[2026-02-22 03:33:41] Niko的虾条: 吹其他人的时候语气明显没有那么刻意了
[2026-02-22 03:33:41] 宫斯特监监监: 玩神你看载物比赛难受到坐立难安扶着椅子的样子太有韧性了👍
[2026-02-22 03:33:42] 飞天玉虎zzZ: 　　　 玩神你看载物比赛难受到坐立难安扶着椅子的样子太有韧性了👍
[2026-02-22 03:33:42] 折柳745: 🗿：嘘...研发要悄悄进行...
[2026-02-22 03:33:42] 主播像咆哮魔: 弹幕也就网上说说，现实里谁不觉得樱姐是好女孩（删括号领一条远坂凛同款鸟笼）
[2026-02-22 03:33:42] 文西67: 🗿：嘘...研发要悄悄进行...
[2026-02-22 03:33:43] 玩海贼、mOnesy: 玩神你看载物比赛难受到坐立难安扶着椅子的样子太有韧性了👍
[2026-02-22 03:33:43] 好兄弟鲁迪乌斯: 玩神你看载物比赛难受到坐立难安扶着椅子的样子太有韧性了👍
[2026-02-22 03:33:43] 沉默的猪嘴嘴: 🗿：嘘...研发要悄悄进行...
[2026-02-22 03:33:43] 不可一世丶小橘子: 玩神你看载物比赛难受到坐立难安扶着椅子的样子太有韧性了👍
[2026-02-22 03:33:43] Peko-: 玩神你看载物比赛难受到坐立难安扶着椅子的样子太有韧性了👍
[2026-02-22 03:33:43] Leonisss丶: 玩神你看载物比赛难受到坐立难安扶着椅子的样子太有韧性了👍
[2026-02-22 03:33:44] Jaindow: 🗿：嘘...研发要悄悄进行...
[2026-02-22 03:33:44] 速溶沙地兽:  @🗿：嘘...研发要悄悄进行...
[2026-02-22 03:33:44] HankFann: 🗿：嘘...研发要悄悄进行...
[2026-02-22 03:33:44] 青春i纪行: 玩神你看载物比赛难受到坐立难安扶着椅子的样子太有韧性了👍
[2026-02-22 03:33:45] 墨痕丿: 玩神你看载物比赛难受到坐立难安扶着椅子的样子太有韧性了👍
[2026-02-22 03:33:45] 恩基爱萌萌哒的牢狗贼: 🗿：队友好强，开始研发
[2026-02-22 03:33:45] 名为射的男人: 🗿：嘘...研发要悄悄进行...
[2026-02-22 03:33:45] 你的能量超乎你想象啊: 玩神你看载物比赛难受到坐立难安扶着椅子的样子太有韧性了👍
[2026-02-22 03:33:45] 山田凉只选择艾草: 玩神你看载物比赛难受到坐立难安扶着椅子的样子太有韧性了👍
[2026-02-22 03:33:45] 我是个逗比青年ac: 责任神（真心的）goat（不情愿）
[2026-02-22 03:33:45] 载物的艾7: 🗿：嘘...研发要悄悄进行...
[2026-02-22 03:33:46] 忽孝山庄: 玩神你看载物比赛难受到坐立难安扶着椅子的样子太有韧性了👍
[2026-02-22 03:33:46] 蜗牛蜗牛你快快走: 玩神你看载物比赛难受到坐立难安扶着椅子的样子太有韧性了👍
[2026-02-22 03:33:46] 初心在吗: 吹其他人的时候语气明显没有那么刻意了
[2026-02-22 03:33:46] 喵蹄丝: 🗿：嘘...研发要悄悄进行...
[2026-02-22 03:33:46] 千叶spilx: 你为什么要把mαjor禁了，我收藏的一半弹幕全毁了
[2026-02-22 03:33:46] humb1e78: 无汤无杜新爹载物都不知道？直播间好多ylg。。
[2026-02-22 03:33:47] 天若有情66六: 🗿：嘘...研发要悄悄进行...
[2026-02-22 03:33:47] 河北雨姐: 🗿：嘘...研发要悄悄进行...
[2026-02-22 03:33:48] 放手是自由233: 玩神你看载物比赛难受到坐立难安扶着椅子的样子太有韧性了👍
[2026-02-22 03:33:48] Vercreek: 玩神你看载物比赛难受到坐立难安扶着椅子的样子太有韧性了👍
[2026-02-22 03:33:48] 棋侠小飞: 小胖全锅
[2026-02-22 03:33:48] 蜗牛蜗牛你快快走: 玩神你看载物比赛难受到坐立难安扶着椅子的样子太有韧性了👍
[2026-02-22 03:33:48] 玩浓汤丶Soup: 🗿：嘘...研发要悄悄进行...
[2026-02-22 03:33:48] 李梦别: 玩神你看载物比赛难受到坐立难安扶着椅子的样子太有韧性了👍
[2026-02-22 03:33:48] mujica的长崎素世本人: 🗿：嘘...研发要悄悄进行...
[2026-02-22 03:33:48] LvvsiN: 其实碗橱就是猪灵，你不拿黄金丢他他就不跟你说话
[2026-02-22 03:33:48] 蛋炒饭orz: 玩神你看载物比赛难受到坐立难安扶着椅子的样子太有韧性了👍
[2026-02-22 03:33:49] 桃酱今天白给了吗: 🗿：嘘...研发要悄悄进行...
[2026-02-22 03:33:49] 陪小将: 玩神你看载物比赛难受到坐立难安扶着椅子的样子太有韧性了👍
[2026-02-22 03:33:49] 使劲吃使劲吃: 🗿：嘘...研发要悄悄进行...
[2026-02-22 03:33:49] 不改名真的不中奖呀Cc: 玩神你看载物比赛难受到坐立难安扶着椅子的样子太有韧性了👍
[2026-02-22 03:33:49] 默默momoMoMo123: 　　　 玩神你看载物比赛难受到坐立难安扶着椅子的样子太有韧性了👍
[2026-02-22 03:33:49] 結城希亞: 🗿：嘘...研发要悄悄进行...
[2026-02-22 03:33:49] 沸物贝利亚大王: 玩神你看载物比赛难受到坐立难安扶着椅子的样子太有韧性了👍
[2026-02-22 03:33:49] 苏雨凌a: 刘椅播
[2026-02-22 03:33:49] YEYH111: 玩神你看载物比赛难受到坐立难安扶着椅子的样子太有韧性了👍
[2026-02-22 03:33:50] 玩斯特机机: 🗿：嘘...研发要悄悄进行...
[2026-02-22 03:33:50] 强尼银手VVV: @🗿：嘘...研发要悄悄进行...
[2026-02-22 03:33:50] Darkfore: 🗿：嘘...研发要悄悄进行...
[2026-02-22 03:33:50] 子瓜6666: 玩神你看载物比赛难受到坐立难安扶着椅子的样子太有韧性了👍
[2026-02-22 03:33:50] 蜗牛蜗牛你快快走: 玩神你看载物比赛难受到坐立难安扶着椅子的样子太有韧性了👍
[2026-02-22 03:33:50] 好哥们汉阳造: 🗿：嘘...研发要悄悄进行...
[2026-02-22 03:33:50] zzzhr698: 玩神你看载物比赛难受到坐立难安扶着椅子的样子太有韧性了👍
[2026-02-22 03:33:50] 罕见阴暗大铁牛: 玩神你看载物比赛难受到坐立难安扶着椅子的样子太有韧性了👍
[2026-02-22 03:33:51] dark1337: 🗿：嘘...研发要悄悄进行...
[2026-02-22 03:33:51] 大姜饼: 玩神你看载物比赛难受到坐立难安扶着椅子的样子太有韧性了👍
[2026-02-22 03:33:51] 纸漓: 玩神你看载物比赛难受到坐立难安扶着椅子的样子太有韧性了👍
[2026-02-22 03:33:51] JuL1us: 🗿：嘘...研发要悄悄进行...
[2026-02-22 03:33:52] 扣比布莱嗯特: 主播吹载物吹的自己都想吐了
[2026-02-22 03:33:52] Duftbrine: 　　　 🗿：嘘...研发要悄悄进行...
[2026-02-22 03:33:52] LvvsiN: 孩子们快跑，马修赫伯特来了😨卧槽你的怎么是马枪和BOT
[2026-02-22 03:33:52] 蜗牛蜗牛你快快走: 玩神你看载物比赛难受到坐立难安扶着椅子的样子太有韧性了👍
[2026-02-22 03:33:52] i化石-: ropz撞的是gt3不是turbos
[2026-02-22 03:33:53] 卧看星河尽意明丶: major
[2026-02-22 03:33:53] 总监的教练: 🗿：嘘...研发要悄悄进行...
[2026-02-22 03:33:53] sghlp: 🗿：嘘...研发要悄悄进行...
[2026-02-22 03:33:53] 臭狗熊友邻: 来个阿汤日记
[2026-02-22 03:33:54] LvvsiN: 弹幕别吵了，银行业一样一样有有有也会有h'y'hui't'y'r's'c'dn
[2026-02-22 03:33:54] 蜗牛蜗牛你快快走: 玩神你看载物比赛难受到坐立难安扶着椅子的样子太有韧性了👍
[2026-02-22 03:33:55] 拉海洛TOP1爱弥斯本人: 🗿：嘘...研发要悄悄进行...
[2026-02-22 03:33:55] ymyyo: @🗿：嘘...研发要悄悄进行...@🗿：嘘...研发要悄悄进行...
[2026-02-22 03:33:55] 没有真名233: 玩神你看载物比赛难受到坐立难安扶着椅子的样子太有韧性了👍
[2026-02-22 03:33:56] papacarrot: @布罗利：为什么房管封的不能给鱼丸……还以为今天晚上得吃了……
[2026-02-22 03:33:56] 用户6235382488: 玩神你看载物比赛难受到坐立难安扶着椅子的样子太有韧性了👍
[2026-02-22 03:33:56] 最爱的马卡龙: 我算看明白了，niko老汤这些随时可以拿出来挡枪，你要是说到玩机器身上他真跟你急
[2026-02-22 03:33:56] 午时丿已到: 🗿：嘘...研发要悄悄进行...
[2026-02-22 03:33:56] LvvsiN: @阿汤日记：一个人，5发子弹，保住格陵兰岛。我不会叫它不可能完成的任务，我现在只想先回家看亦博
[2026-02-22 03:33:56] 玩原神、Genshin: 　　　 🗿：嘘...研发要悄悄进行...
[2026-02-22 03:33:56] 灭丶红尘: 🗿：嘘...研发要悄悄进行...
[2026-02-22 03:33:57] Hcmor: 🗿：嘘...研发要悄悄进行...
[2026-02-22 03:33:57] 想看老师打黄金赛: 数值碾压
[2026-02-22 03:33:57] 蜗牛蜗牛你快快走: 玩神你看载物比赛难受到坐立难安扶着椅子的样子太有韧性了👍
[2026-02-22 03:33:57] 载物的艾7: ???
[2026-02-22 03:33:58] 比哈里快鸭: 🗿：嘘...研发要悄悄进行...
[2026-02-22 03:33:58] LvvsiN: 银行业😄银行业😀银行业😃银行业😁银行业😆银行业🤪银行业😝
[2026-02-22 03:33:58] 羞死了的小萌妹: 玩神你看载物比赛难受到坐立难安扶着椅子的样子太有韧性了👍
[2026-02-22 03:33:59] 即将拥有PDD的人鱼线丿: 1
[2026-02-22 03:33:59] humb1e78: 无汤无杜新爹载物都不知道？直播间好多ylg。。
[2026-02-22 03:33:59] 小夜r: ？
[2026-02-22 03:33:59] 机器机器祝你天天开心: 尬
[2026-02-22 03:33:59] Box强音来袭: 🗿：嘘...研发要悄悄进行...
[2026-02-22 03:34:00] 陌襲: @🗿：嘘...研发要悄悄进行...@🗿：嘘...研发要悄悄进行...
[2026-02-22 03:34:00] 静寂风: 1
[2026-02-22 03:34:00] 玩鸡气: major
[2026-02-22 03:34:00] 好兄弟鲁迪乌斯: fw
[2026-02-22 03:34:00] 殇10876: 十分钟
[2026-02-22 03:34:00] 海绵宝宝打野儿: -99
[2026-02-22 03:34:00] LvvsiN: 玩宝宝，我发现在大学上学的时候肄业会很舒服，你可以试试
[2026-02-22 03:34:00] SakuraiHiroyoshi: 1
[2026-02-22 03:34:01] 专看玩机器的号: 快
[2026-02-22 03:34:01] 玩斯特机机: -101
[2026-02-22 03:34:01] Mahuyu: -109
[2026-02-22 03:34:01] Vercreek: @布罗利：为什么房管封的不能给鱼丸……还以为今天晚上得吃了……
[2026-02-22 03:34:02] 糖嗜综合征: -109
[2026-02-22 03:34:02] 我谢谢我自己: -99
[2026-02-22 03:34:02] 空谷幽兰丶月影残: 🗿：嘘...研发要悄悄进行...
[2026-02-22 03:34:02] 殇10876: 收费站
[2026-02-22 03:34:02] User5092: -109
[2026-02-22 03:34:02] LvvsiN: 就tm喜欢银行业🥰银行坏账我喜欢🥰银行挤兑我还喜欢😍利率调低我也喜欢🤤老子亲烂银行业的脸😘
[2026-02-22 03:34:03] 丨Connor: 109
[2026-02-22 03:34:03] 卧看星河尽意明丶: 1
[2026-02-22 03:34:03] Kli0s: 1
[2026-02-22 03:34:03] 好姐妹索菲亚: -109
[2026-02-22 03:34:04] 耶耶耶的感觉: fw
[2026-02-22 03:34:04] 冲上云霄的姨: 玩神你吹完ropz补的两大高手太刻晴了
[2026-02-22 03:34:04] 名为射的男人: @🗿:悄悄的研发 之后震惊世界
[2026-02-22 03:34:04] 强尼银手VVV: -109
[2026-02-22 03:34:04] LvvsiN: 孩子们快跑，马修赫伯特来了😨卧槽你的怎么是马枪和BOT
[2026-02-22 03:34:05] eyu星天涯: 纯e爆拿分，不如别起枪了呗
[2026-02-22 03:34:05] 夏恋: 🗿：嘘...研发要悄悄进行...
[2026-02-22 03:34:05] 正直的鸡哥: 拿个破胶带糊弄人
[2026-02-22 03:34:05] humb1e78: 无汤无杜新爹载物都不知道？直播间好多ylg。。
[2026-02-22 03:34:05] Zxj1ing: -109
[2026-02-22 03:34:05] 用户5608006019: 🗿：嘘...研发要悄悄进行...
[2026-02-22 03:34:06] 99组的爱城华恋本人: -109
[2026-02-22 03:34:06] 撅银龙: ,1
[2026-02-22 03:34:06] 李小小与虾大大: 大过年的高速都不收费了，这个叫载物的又在哪建了个收费站？
[2026-02-22 03:34:06] LvvsiN: 玩宝宝，我发现在大学上学的时候肄业会很舒服，你可以试试
[2026-02-22 03:34:07] 玩积吧: -109
[2026-02-22 03:34:07] 叫我晚舟就好啦: -109
[2026-02-22 03:34:08] 古怪的一个人: —109
[2026-02-22 03:34:08] 哥帅气爷们男人丶勇: -1
[2026-02-22 03:34:08] 下划线逗号下划线叹号: @niko：死去的nota也很恐怖啊😖😖😖
[2026-02-22 03:34:08] i化石-: -109
[2026-02-22 03:34:08] robertonly1: -109
[2026-02-22 03:34:08] LvvsiN: 其实碗橱就是猪灵，你不拿黄金丢他他就不跟你说话
[2026-02-22 03:34:09] ymyyo: 玩宝宝，我发现在大学上学的时候肄业会很舒服，你可以试试。玩宝宝，我发现在大学上学的时候肄业会很舒
[2026-02-22 03:34:09] 晏华裤子拉链没拉: -101
[2026-02-22 03:34:09] Aleksumimi: -101
[2026-02-22 03:34:10] 橙黄双翼: 本
[2026-02-22 03:34:10] 67373的黄色闪光: -99的上过学吗
[2026-02-22 03:34:10] 寒枫曳是一头傲空的隼: =149
[2026-02-22 03:34:10] dev1ce不拿top1不改名: 🗿:我也要研发吗？🗿:对
[2026-02-22 03:34:10] humb1e78: 玩神你看载物比赛难受到坐立难安扶着椅子的样子太有韧性了👍
[2026-02-22 03:34:11] LvvsiN: 你屏蔽词都快赶上新华词典了为什么不干脆开一百级发言？
[2026-02-22 03:34:11] Star薛晨: 🗿：嘘...研发要悄悄进行...
[2026-02-22 03:34:11] ANCHO2: 💺：机器你的那个顶到我了 羞死了
[2026-02-22 03:34:11] 鲜血与暗影铸造的家伙: -99的上过学吗
[2026-02-22 03:34:12] 三角初华世界第一美: -99的上过学吗。。。
[2026-02-22 03:34:12] Rene5863: 🗿：嘘...研发要悄悄进行...
[2026-02-22 03:34:12] LvvsiN: 我让你开双倍你二龙吗？老子荧光棒要过期了
[2026-02-22 03:34:13] dark1337: ？？？
[2026-02-22 03:34:14] humb1e78: 无汤无杜新爹载物都不知道？直播间好多ylg。。
[2026-02-22 03:34:14] 时光划过泪痕桥: @🗿：嘘...研发要悄悄进行...@🗿：嘘...研发要悄悄进行...
[2026-02-22 03:34:14] QU总的双下巴: -101的上过学吗？
[2026-02-22 03:34:15] LvvsiN: 银行业😄银行业😀银行业😃银行业😁银行业😆银行业🤪银行业😝
[2026-02-22 03:34:16] NearrrR: -99的上过学吗
[2026-02-22 03:34:16] Ggmftye: =99的是肄业生吗
[2026-02-22 03:34:17] LvvsiN: 为什么房管封的不能给鱼丸……还以为今天晚上得吃了……
[2026-02-22 03:34:17] 用户5608006019: 🗿:我也要研发吗？🗿:对
[2026-02-22 03:34:18] 虚空丶卡丶比兽: -99的上过学吗。。。
[2026-02-22 03:34:18] 量子毁灭717: 2-4就是冰粉天天吹的goat吗？感觉先过monesy吧
[2026-02-22 03:34:18] ANCHO2: 💺：机器你的那个顶到我了 羞死了
[2026-02-22 03:34:19] LvvsiN: 玩 出，我双倍呢？😡😡玩 出，我双倍呢？😡😡玩 出，我双倍呢？😡😡玩 出，我双倍呢？😡
[2026-02-22 03:34:19] 玩斯特机机: -99的上过学吗
[2026-02-22 03:34:19] 橙黄双翼: 本 本
[2026-02-22 03:34:20] 这个人还彳亍吧: -99的上过学吗
[2026-02-22 03:34:21] 一套二一套二: 尼可死了
[2026-02-22 03:34:21] LvvsiN: 就tm喜欢银行业🥰银行坏账我喜欢🥰银行挤兑我还喜欢😍利率调低我也喜欢🤤老子亲烂银行业的脸😘
[2026-02-22 03:34:21] 无7441158: @🗿：嘘...研发要悄悄进行...@🗿：嘘...研发要悄悄进行...
[2026-02-22 03:34:21] 用户3661578: 滑溜的
[2026-02-22 03:34:21] 想看老师打黄金赛: a出
[2026-02-22 03:34:21] 洁身自好处男有为青年: GT3RS都撞报废了还在GT3
[2026-02-22 03:34:23] 宫监手放监: 感觉不如玩大哥的奔驰啊
[2026-02-22 03:34:23] LvvsiN: 其实碗橱就是猪灵，你不拿黄金丢他他就不跟你说话
[2026-02-22 03:34:23] 想舔刘大哥蜡烛: =99的是肄业生吗
[2026-02-22 03:34:23] ANCHO2: 💺：机器你的那个顶到我了 羞死了
[2026-02-22 03:34:25] LvvsiN: 你为什么要把mαjor禁了，我收藏的一半弹幕全毁了
[2026-02-22 03:34:26] 你的能量超乎你想象啊: gt3rs
[2026-02-22 03:34:26] ez4sasha: 他都有
[2026-02-22 03:34:26] 琳达波哈挖摸嘎啦: -109
[2026-02-22 03:34:26] 金美庭组长的红底高跟: 是GT3 RS
[2026-02-22 03:34:29] LvvsiN: 为什么房管封的不能给鱼丸……还以为今天晚上得吃了……
[2026-02-22 03:34:31] LvvsiN: 为什么房管封的不能给鱼丸……还以为今天晚上得吃了……
[2026-02-22 03:34:31] 失眠写歌: ☝️🗿☝️🗿☝️🗿☝️🗿☝️🗿☝️🗿☝️🗿☝️🗿☝️🗿☝️🗿☝️🗿☝️🗿
[2026-02-22 03:34:31] 我饿了648:  @量子毁灭717：2-4就是冰粉天天吹的goat吗？感觉先过monesy吧
[2026-02-22 03:34:31] XXXTentacion77777: 扶椅播哥 唉扶椅播哥
[2026-02-22 03:34:31] uzi家的喷水龙: 吹别人还会用动词，吹载物只会用名词夸赞。区别太明显了
[2026-02-22 03:34:32] 琴弦之意: 特
[2026-02-22 03:34:33] LvvsiN: 为什么房管封的不能给鱼丸……还以为今天晚上得吃了……
[2026-02-22 03:34:33] CheZed: 我记得两辆都有
[2026-02-22 03:34:33] User5092: 憨豆特工
[2026-02-22 03:34:34] Blupanda: -的上过学吗，这不是+？
[2026-02-22 03:34:35] LvvsiN: 为什么房管封的不能给鱼丸……还以为今天晚上得吃了……
[2026-02-22 03:34:35] 瑭珏: 特
[2026-02-22 03:34:36] 逆世而为: ？
[2026-02-22 03:34:36] 用户3661578: 豆特
[2026-02-22 03:34:36] uzi家的喷水龙: 吹别人还会用动词，吹载物只会用名词夸赞。区别太明显了
[2026-02-22 03:34:37] LvvsiN: @阿汤日记：一个人，5发子弹，保住格陵兰岛。我不会叫它不可能完成的任务，我现在只想先回家看亦博
[2026-02-22 03:34:37] 好姐妹砂狼白子: -99的上过学？
[2026-02-22 03:34:37] 马楼King张三: ？
[2026-02-22 03:34:38] 橙黄双翼: 自由
[2026-02-22 03:34:38] 玩斯特机机: 僵尸
[2026-02-22 03:34:38] 糖嗜综合征: ？
[2026-02-22 03:34:38] 玩蛇鼠丶stabbi: ？
[2026-02-22 03:34:38] F0restwOw-: 吊人
[2026-02-22 03:34:38] 僧间理亚official: 僵尸
[2026-02-22 03:34:38] emberry: 哈哈哈哈
[2026-02-22 03:34:38] 正直的鸡哥: 自由
[2026-02-22 03:34:38] 串串金枪鱼: ？
[2026-02-22 03:34:38] SherryAiovo: 憨豆特工
[2026-02-22 03:34:39] 海绵宝宝打野儿: 特
[2026-02-22 03:34:39] Minatocc: 疯狗
[2026-02-22 03:34:39] 三千世界鸦杀尽彡: 憨豆特工
[2026-02-22 03:34:39] 绝食十年攒爱top3飞机: GT3没了，只剩个tubros
[2026-02-22 03:34:39] 好姐妹冰川姐妹: ？
[2026-02-22 03:34:39] 光明貘良: 发狂了
[2026-02-22 03:34:39] 阿飞飞啊分: 吹别人还会用动词，吹载物只会用名词夸赞。区别太明显了
[2026-02-22 03:34:40] 想看老师打黄金赛: 开特
[2026-02-22 03:34:40] 徐弃安: GT3rs更纯粹
[2026-02-22 03:34:40] Killajoy: 太自由了
[2026-02-22 03:34:40] 用户8044227198: ？
[2026-02-22 03:34:40] 烧瓜不烧: 吊人
[2026-02-22 03:34:41] 石家庄的宠物男孩: 神人
[2026-02-22 03:34:41] pirpr: 哈哈哈哈哈
[2026-02-22 03:34:41] LvvsiN: 你为什么要把mαjor禁了，我收藏的一半弹幕全毁了
[2026-02-22 03:34:41] 阿羞羞i: ？
[2026-02-22 03:34:41] 好姐妹芙卡洛斯: 什么吊动作
[2026-02-22 03:34:42] 牧瀨紅莉栖awa: 🐷:小心把我家车型号说出来了
[2026-02-22 03:34:42] MichaelJackson: 。。。
[2026-02-22 03:34:42] 99组的爱城华恋本人: 憨豆特工
[2026-02-22 03:34:42] 好哥们烈永周: ？
[2026-02-22 03:34:42] 小夜r: 闹麻了
[2026-02-22 03:34:42] Aleksumimi: 僵尸
[2026-02-22 03:34:42] 魔男的夜宴: 吃力
[2026-02-22 03:34:43] Wi1en: 疯狂
[2026-02-22 03:34:43] Vovxx: 麻绳play
[2026-02-22 03:34:43] G2邦硬401: 特
[2026-02-22 03:34:43] 智力亡: 憨豆特工
[2026-02-22 03:34:43] 超级爱大户爱: 憨豆特工
[2026-02-22 03:34:44] 载物的艾7: ?????
[2026-02-22 03:34:44] 白日梦之主: 特
[2026-02-22 03:34:44] MightBeYou: 疯狂跑打
[2026-02-22 03:34:44] ahhhhhhhhhhhhhhhhhhh: 抢人头了
[2026-02-22 03:34:44] 好哥们黑龙歼灭刀: 憨豆特工
[2026-02-22 03:34:44] dark1337: 哈哈哈
[2026-02-22 03:34:44] 用户5608006019: ☝️🗿☝️🗿☝️🗿☝️🗿☝️🗿☝️🗿☝️🗿☝️🗿☝️🗿☝️🗿☝️🗿☝️🗿
[2026-02-22 03:34:44] Asaki薯片: 这视角闹麻
[2026-02-22 03:34:44] 丶小恐龙丶: 特
[2026-02-22 03:34:44] 小小小蕉: 疯狗
[2026-02-22 03:34:44] 玩蛇鼠丶stabbi: 急死了
[2026-02-22 03:34:45] 亚历克斯Ming: 哈哈哈哈
[2026-02-22 03:34:45] 静寂风: ?
[2026-02-22 03:34:45] 马楼King张三: 乱瞄的
[2026-02-22 03:34:45] 电棍儿轮椅维修师: 急死了
[2026-02-22 03:34:46] 不要坐在我身边: 最狂的🐕
[2026-02-22 03:34:46] 土俗火焰: 发狂了
[2026-02-22 03:34:46] 啵啵啵123321: 特
[2026-02-22 03:34:46] 竹林猫舍: 急着特
[2026-02-22 03:34:46] 北二龙少: 疯狗这一块
[2026-02-22 03:34:47] ToukaTakanashi: te
[2026-02-22 03:34:47] 银行业本人: 疯了
[2026-02-22 03:34:47] LvvsiN: @阿汤日记：一个人，5发子弹，保住格陵兰岛。我不会叫它不可能完成的任务，我现在只想先回家看亦博
[2026-02-22 03:34:47] MSK枫: 特豆
[2026-02-22 03:34:47] 是英梨梨哦: 憨豆特工
[2026-02-22 03:34:47] 玩积吧: -99的跟主播一样肄业了？
[2026-02-22 03:34:47] ericzxc: 这视角是人类啊
[2026-02-22 03:34:47] 橙黄双翼: 特豆
[2026-02-22 03:34:47] 神奥联盟的竹兰本人: 吊人
[2026-02-22 03:34:47] 射命丸文文句号: 憨豆特工
[2026-02-22 03:34:48] 时团的马嘉祺本人: 憨豆特工
[2026-02-22 03:34:48] 黑白玄鸟: 特
[2026-02-22 03:34:48] Zxj1ing: 憨豆特工
[2026-02-22 03:34:48] 卧看星河尽意明丶: 急死了
[2026-02-22 03:34:48] 我最喜欢玩机器: @🗿：人类...真的没有未来了...
[2026-02-22 03:34:48] Kacyusha: 疯狗
[2026-02-22 03:34:48] ANCHO2: 💺：机器你的那个顶到我了 羞死了
[2026-02-22 03:34:48] 牧瀨紅莉栖awa: 🐷:小心把我家车型号说出来了
[2026-02-22 03:34:48] xieri: 这是人啊
[2026-02-22 03:34:49] 海绵宝宝打野儿: 疯狂跑打
[2026-02-22 03:34:49] 古怪的一个人: 特
[2026-02-22 03:34:49] 感谢这个碧: 憨豆特工
[2026-02-22 03:34:49] AlLTZZZ: ☝️🗿☝️🗿☝️🗿☝️🗿☝️🗿☝️🗿☝️🗿☝️🗿☝️🗿☝️🗿☝️🗿☝️🗿
[2026-02-22 03:34:49] 丨Connor: 疯狂跑打
[2026-02-22 03:34:49] 锤爆魔丸一百次: 憨豆特工
[2026-02-22 03:34:49] 好兄弟平湖家猪王: 特种僵尸
[2026-02-22 03:34:49] 骄骄爱吃糖: 专业的人做专业的事
[2026-02-22 03:34:50] 千叶spilx: 急死了
[2026-02-22 03:34:50] river66799: 特
[2026-02-22 03:34:50] 热情难止荒诞: 特
[2026-02-22 03:34:50] 男人至死皆少年: 憨豆特工
[2026-02-22 03:34:50] 洛陽城里看落陽: 太喜欢特了
[2026-02-22 03:34:50] 魔男的夜宴: 急
[2026-02-22 03:34:51] 水中树懒: 特派员
[2026-02-22 03:34:51] 玩大哥我双倍呢: 疯狗
[2026-02-22 03:34:51] 寄驶者: 憨豆急死了
[2026-02-22 03:34:51] 玩机器的黑仁男友: 憨豆特工
[2026-02-22 03:34:51] 2442861055: 狂特
[2026-02-22 03:34:52] Kli0s: 憨豆特工
[2026-02-22 03:34:52] 石家庄的宠物男孩: 神人视角
[2026-02-22 03:34:52] 用户3661578: 憨豆特工
[2026-02-22 03:34:52] xuzVan: 专业的人干专业的事
[2026-02-22 03:34:52] zcyhymine: 特
[2026-02-22 03:34:52] 约定之王: 发狂了
[2026-02-22 03:34:52] 心灵盟友: 憨豆特工
[2026-02-22 03:34:52] 硫磺祥: ？
[2026-02-22 03:34:52] 车车薯薯major冠军: 憨豆特工
[2026-02-22 03:34:52] 初霜prpr: @🗿：科研，智慧赢战
[2026-02-22 03:34:52] phgwaf00: 憨豆这个视角笑死我了
[2026-02-22 03:34:53] 心生闸念: 特
[2026-02-22 03:34:53] 果内: 发狂了
[2026-02-22 03:34:53] LvvsiN: 玩宝宝，我发现在大学上学的时候肄业会很舒服，你可以试试
[2026-02-22 03:34:53] 说得道理: 🗿：🗿
[2026-02-22 03:34:53] 似北海飘零ovo: 僵尸
[2026-02-22 03:34:54] BUG丶Cone: 闹麻了
[2026-02-22 03:34:54] 玩斯特机机: ？
[2026-02-22 03:34:54] 不看似猎鹰就杀了你: 憨豆特工
[2026-02-22 03:34:54] 骄骄爱吃糖: 憨豆特工
[2026-02-22 03:34:54] 袁雨桢的小酥肉本肉: @🗿：都怪弹幕把我的研发计划给曝光了
[2026-02-22 03:34:54] uzi家的喷水龙: 吹别人还会用动词，吹载物只会用名词夸赞。区别太明显了
[2026-02-22 03:34:54] 好哥们黑龙歼灭刀: 急
[2026-02-22 03:34:55] 放飞梦想12353: 哈哈哈
[2026-02-22 03:34:55] qw12340867: 憨豆特工
[2026-02-22 03:34:55] 时间夹层中的纸箱: -+
[2026-02-22 03:34:55] 芒果桔子汁: 这tm是什么东西 发狂了
[2026-02-22 03:34:55] LvvsiN: 弹幕别吵了，银行业一样一样有有有也会有h'y'hui't'y'r's'c'dn
[2026-02-22 03:34:55] mujica的长崎素世本人: 特种僵尸
[2026-02-22 03:34:55] 三零一路公交司机: 憨豆特工
[2026-02-22 03:34:56] 玩斯特机机: 发狂了
[2026-02-22 03:34:56] NearrrR: 特不到好急
[2026-02-22 03:34:56] 墨本海人: 哈哈哈哈
[2026-02-22 03:34:57] 佐仓绫音i: 敲烂了？
[2026-02-22 03:34:57] ichkrim: 　　　 憨豆特工
[2026-02-22 03:34:57] 电棍儿轮椅维修师: 不祥之兆
[2026-02-22 03:34:57] 午时丿已到: 憨豆特工
[2026-02-22 03:34:57] 小小小蕉: V
[2026-02-22 03:34:57] 狐狸来在此: 憨豆特工
[2026-02-22 03:34:57] MichaelJackson: 吊人
[2026-02-22 03:34:57] 鱼丸大人赛高: 憨豆特工
[2026-02-22 03:34:58] 做米米列: 　　　 憨豆特工
[2026-02-22 03:34:58] 麦克里斯特尔: @科研：这不叫智慧，这是疯狗！ @科研：这不叫智慧，这是疯狗！
[2026-02-22 03:34:58] Ephem3ra: 上过学的上过学？
[2026-02-22 03:34:58] 雨的舟: 神人视角
[2026-02-22 03:34:58] 一套二一套二: 发狂
[2026-02-22 03:34:58] 听风丶随来: 🗿：🗿
[2026-02-22 03:34:58] ANCHO2: 💺：机器你的那个顶到我了 羞死了
[2026-02-22 03:34:58] 冲上云霄的姨: 蒙鼓烂了
[2026-02-22 03:34:59] 银行业本人: 破了
[2026-02-22 03:34:59] 喵蹄丝: 🗿：🗿
[2026-02-22 03:34:59] 八嘎黄芥末: 憨豆特工
[2026-02-22 03:34:59] LvvsiN: 孩子们快跑，马修赫伯特来了😨卧槽你的怎么是马枪和BOT
[2026-02-22 03:34:59] Hzinc: 乐
[2026-02-22 03:35:00] suicho: 黏住
[2026-02-22 03:35:00] f0rest灬: V
[2026-02-22 03:35:00] ymyyo:  @🗿：都怪弹幕把我的研发计划给曝光了
[2026-02-22 03:35:00] 橙黄双翼: V for vitality
[2026-02-22 03:35:00] 说得道理: 憨豆特工
[2026-02-22 03:35:00] 果内: 憨豆特工
[2026-02-22 03:35:00] 静寂风: 憨豆特工
[2026-02-22 03:35:01] 爱音铁板双架冒充素世: @🗿：都怪弹幕把我的研发计划给曝光了
[2026-02-22 03:35:01] 零北鸢: 　　　 憨豆特工
[2026-02-22 03:35:01] 人活着就是为了玩乐队: 憨豆特工
[2026-02-22 03:35:01] Q1ed7f9c85b3bc7571: 憨豆特工
[2026-02-22 03:35:01] 暗月舞魂殇: 不祥之兆
[2026-02-22 03:35:02] 瑭珏: @🗿：都怪弹幕把我的研发计划给曝光了
[2026-02-22 03:35:02] 吃烧烤得吃烤茄子: 纯疯狗
[2026-02-22 03:35:02] astralis的jabbi本人: 　　　 憨豆特工
[2026-02-22 03:35:03] lucky發發發: 一个没死说是
[2026-02-22 03:35:03] 玩斯特机机: 蒙鼓烂了
[2026-02-22 03:35:03] 用户2262650671: V
[2026-02-22 03:35:03] 富甲天下好几年没玩了: 鼓浪了，输定了
[2026-02-22 03:35:04] 丶小恐龙丶: 憨豆特工
[2026-02-22 03:35:04] 三角初华世界第一美: 　　　 憨豆特工
[2026-02-22 03:35:04] 12312312312dfsdfs: @科研：这不叫智慧，这是疯狗！ @科研：这不叫智慧，这是疯狗！
[2026-02-22 03:35:04] 载物的艾7: 蒙鼓烂了
[2026-02-22 03:35:04] 玩龟的神头: 吹别人还会用动词，吹载物只会用名词夸赞。区别太明显了
[2026-02-22 03:35:04] kios真绪: 特
[2026-02-22 03:35:04] 5字德神人: 憨豆特工
[2026-02-22 03:35:04] 皮特pite174: 蒙鼓烂了
[2026-02-22 03:35:05] 爱你啵啵Midori: 🗿：🗿
[2026-02-22 03:35:05] 我刘坤是秃头: 憨豆特工
[2026-02-22 03:35:05] 李黑说话: 憨豆特工
[2026-02-22 03:35:05] 忍野忍小忍: @🗿：🗿➗
[2026-02-22 03:35:05] 玩机器的室友: 憨豆特工
[2026-02-22 03:35:05] 规范规定高度: 蒙鼓烂了
[2026-02-22 03:35:06] 鹅地霸霸: 蒙鼓烂了
[2026-02-22 03:35:06] 魔男的夜宴: 蒙鼓烂了
[2026-02-22 03:35:06] 粮食和蔬菜ll: 蒙鼓烂了
[2026-02-22 03:35:06] pangge99: 蒙鼓烂了
[2026-02-22 03:35:06] 在我脸上喷满雪花膏: 蒙鼓烂了
[2026-02-22 03:35:06] 大梦464:  @🗿：都怪弹幕把我的研发计划给曝光了
[2026-02-22 03:35:06] 零北鸢: 憨豆特工
[2026-02-22 03:35:06] 初霜prpr: @🗿：都怪弹幕把我的研发计划给曝光了
[2026-02-22 03:35:06] 北纬37度雨: 蒙鼓烂了
[2026-02-22 03:35:06] 东莞的天上没有星星: 专业的人干专业的事儿
[2026-02-22 03:35:07] 叫我全蛋吧QwQ: 蒙鼓烂了
[2026-02-22 03:35:07] F1五冠车手维斯塔潘: 🗿：🗿
[2026-02-22 03:35:07] 无能狂辣: 蒙鼓烂了
[2026-02-22 03:35:07] 玩柜子丶Mortis: 蒙鼓烂了ですわ
[2026-02-22 03:35:08] ahhhhhhhhhhhhhhhhhhh: 鼓敲烂了难绷
[2026-02-22 03:35:08] 煤老板917: 少特一个跟输了一样
[2026-02-22 03:35:08] 机智小陆: 憨豆特工
[2026-02-22 03:35:08] 扰乱: V for vitality
[2026-02-22 03:35:08] 忒斯特李逵: 蒙鼓烂了
[2026-02-22 03:35:08] 灯火灬阑珊处2: 蒙鼓烂了
[2026-02-22 03:35:08] 有志青年不嘻嘻:     憨豆特工
[2026-02-22 03:35:09] 夏恋: 憨豆特工
[2026-02-22 03:35:09] 沸物贝利亚大王: 蒙鼓烂了
[2026-02-22 03:35:09] 草野masamune: @🗿：都怪弹幕把我的研发计划给曝光了
[2026-02-22 03:35:09] 玩台钳丶阿尔托莉雅: 蒙鼓烂了
[2026-02-22 03:35:09] crychic的tomori本人: 蒙鼓烂了
[2026-02-22 03:35:09] 绝食十年攒爱top3飞机: 蒙鼓烂了
[2026-02-22 03:35:09] 丨Connor: 蒙鼓烂了
[2026-02-22 03:35:09] Faze的明日香本人: 蒙鼓烂了
[2026-02-22 03:35:09] 阿乐v515: 蒙鼓烂了
[2026-02-22 03:35:09] 虹豆砸: 蒙鼓烂了
[2026-02-22 03:35:10] 99组的爱城华恋本人: 蒙鼓烂了
[2026-02-22 03:35:10] 最爱的马卡龙: 我算看明白了，niko老汤这些随时可以拿出来挡枪，你要是说到玩机器身上他真跟你急
[2026-02-22 03:35:10] 加加加非猫: 蒙鼓烂了
[2026-02-22 03:35:10] 文西67: 法国疯狗
[2026-02-22 03:35:10] 玩机器的室友: 憨豆特工
[2026-02-22 03:35:10] 兔子Usaki: 蒙鼓烂了
[2026-02-22 03:35:10] Jaindow: @🗿：🗿➗
[2026-02-22 03:35:10] 玩大哥很硬很粗很大: 蒙鼓烂了
[2026-02-22 03:35:10] 星海羽弦: 蒙鼓烂了
[2026-02-22 03:35:11] 花美未必摘: 蒙鼓烂了
[2026-02-22 03:35:11] 大裂谷的登山家: 蒙鼓烂了
[2026-02-22 03:35:11] 麦克里斯特尔: @🗿：🗿➗
[2026-02-22 03:35:11] sghlp: 蒙鼓烂了
[2026-02-22 03:35:11] 白熊小飞: 送胶带补鼓神了
[2026-02-22 03:35:11] 不是梧桐丶: 蒙鼓烂了
[2026-02-22 03:35:11] 空有无垠: 鼓也是妮扣煸烂的。。。
[2026-02-22 03:35:12] 好哥们汉阳造: 蒙鼓烂了
[2026-02-22 03:35:12] Leonisss丶: 蒙鼓烂了
[2026-02-22 03:35:12] 我似谁我崽哪: 蒙鼓烂了
[2026-02-22 03:35:12] 深情不过他: 憨豆特工
[2026-02-22 03:35:12] 伽蓝之堂的两仪式本人: 蒙鼓烂了
[2026-02-22 03:35:12] 靠咖啡活命: 蒙鼓烂了
[2026-02-22 03:35:13] 用户2262650671: 蒙鼓烂了
[2026-02-22 03:35:13] 忽孝山庄: 蒙鼓烂了
[2026-02-22 03:35:13] Aleksumimi: 想特想疯了
[2026-02-22 03:35:13] 夕ro: 憨豆特工
[2026-02-22 03:35:13] IGetUp: 蒙鼓烂了
[2026-02-22 03:35:13] 风雨晚烟: 蒙鼓烂了
[2026-02-22 03:35:13] 瑞格思: 蒙鼓烂了
[2026-02-22 03:35:13] 玩机器今晚还播吗: 间桐樱:要是我也能补就好了。。。
[2026-02-22 03:35:13] SunJuice: 蒙鼓烂了
[2026-02-22 03:35:14] 永远的zgg01: 想特的心
[2026-02-22 03:35:14] xx道老二xx: 蒙鼓烂了
[2026-02-22 03:35:14] dark1337: 蒙鼓烂了
[2026-02-22 03:35:14] 第五原宿: 蒙鼓烂了
[2026-02-22 03:35:14] ZywOo的猫: ropz：rog刹车片借物喻人
[2026-02-22 03:35:15] 橙黄双翼: 蒙鼓烂了
[2026-02-22 03:35:15] Minatocc: fw
[2026-02-22 03:35:15] LvvsiN: 为什么房管封的不能给鱼丸……还以为今天晚上得吃了……
[2026-02-22 03:35:15] 玩比赛丶bet: 玩神只365数字梗，看过蜜蜂比赛就知道常数警告没事，以后刷机器常数警告就行
[2026-02-22 03:35:16] 好兄弟鲁迪乌斯: fw
[2026-02-22 03:35:16] 刘刘的农: 蒙鼓烂了
[2026-02-22 03:35:16] 大肉鲁: 鼓就暗示蒙古
[2026-02-22 03:35:16] 电棍儿轮椅维修师: fw
[2026-02-22 03:35:16] ANCHO2: @💺：机器你的那个顶到我了 羞死了
[2026-02-22 03:35:17] Vc丶糖: 蒙鼓烂了
[2026-02-22 03:35:17] YEYH111: 蒙鼓烂了
[2026-02-22 03:35:17] 黄太公丶: 蒙鼓烂了
[2026-02-22 03:35:18] 玩斯特机机: fw
[2026-02-22 03:35:18] 橙黄双翼: 慢
[2026-02-22 03:35:18] xuzVan: fw
[2026-02-22 03:35:18] 古怪的一个人: fw
[2026-02-22 03:35:18] 秋茶小雪: fw
[2026-02-22 03:35:18] 不是梧桐丶: fw
[2026-02-22 03:35:18] 冲上云霄的姨: fw
[2026-02-22 03:35:18] Monologue11897: 抓娃娃
[2026-02-22 03:35:19] P1nkMatter: fw
[2026-02-22 03:35:19] TeamVitality的Ropz本人: fw
[2026-02-22 03:35:19] 叛逆的源源李: fw
[2026-02-22 03:35:19] 没有故事的Pluto: 睡着了
[2026-02-22 03:35:19] 是英梨梨哦: 睡着了
[2026-02-22 03:35:19] sjtu的musketeers本人: fw
[2026-02-22 03:35:19] LvvsiN: 为什么房管封的不能给鱼丸……还以为今天晚上得吃了……
[2026-02-22 03:35:19] 拉海洛TOP1爱弥斯本人: @🗿：🗿➗
[2026-02-22 03:35:20] 皮神皮神勇猛超神: 蒙鼓烂了
[2026-02-22 03:35:20] 丿葬爱叶良辰: 蒙鼓烂了
[2026-02-22 03:35:20] 玉蜀黍巧克力: fw
[2026-02-22 03:35:20] i化石-: 　　　 鼓就暗示蒙古
[2026-02-22 03:35:21] 温眸ind: 蒙鼓烂了
[2026-02-22 03:35:21] Asaki薯片: fw
[2026-02-22 03:35:21] M1yauchiReng3: fw
[2026-02-22 03:35:21] 头号瓜孝子: fw
[2026-02-22 03:35:21] LvvsiN: 你屏蔽词都快赶上新华词典了为什么不干脆开一百级发言？
[2026-02-22 03:35:21] 阿飞飞啊分: 蒙鼓烂了
[2026-02-22 03:35:22] 果内: fw
[2026-02-22 03:35:22] 付先生fj: 这也菲比啊，牛物
[2026-02-22 03:35:22] 用户91227835: fw
[2026-02-22 03:35:22] 長22222: fw
[2026-02-22 03:35:22] 禹过天晴ElemenT: 毕竟以前是疯狗突破
[2026-02-22 03:35:23] Mahuyu: fw
[2026-02-22 03:35:23] JOhNsoN兆: fw
[2026-02-22 03:35:23] AKA箱宾监雨味真族: 蒙鼓烂了
[2026-02-22 03:35:23] 鲜血与暗影铸造的家伙: 鼓破了可不是好兆头啊
[2026-02-22 03:35:23] Wi1en: fw
[2026-02-22 03:35:23] 丹cin: 　　　 蒙鼓烂了
[2026-02-22 03:35:24] Th0tiana: 蒙鼓烂了
[2026-02-22 03:35:24] 十点差49分: 蒙鼓烂了
[2026-02-22 03:35:24] MSK枫: @apex：我就是要对活人狠狠开枪啊
[2026-02-22 03:35:25] 深情不过他: 蒙鼓烂了
[2026-02-22 03:35:25] 丶小恐龙丶: 蒙鼓烂了
[2026-02-22 03:35:25] ANCHO2: @💺：机器你的那个顶到我了 羞死了
[2026-02-22 03:35:25] LvvsiN: @阿汤日记：一个人，5发子弹，保住格陵兰岛。我不会叫它不可能完成的任务，我现在只想先回家看亦博
[2026-02-22 03:35:26] 用户6235382488: 玩神你看载物比赛难受到坐立难安扶着椅子的样子太有韧性了👍
[2026-02-22 03:35:26] Yiiid: 蒙鼓烂了
[2026-02-22 03:35:26] 用户4933290078: 蒙鼓烂了
[2026-02-22 03:35:27] 灰机黑机的飞机: 蒙鼓烂了
[2026-02-22 03:35:27] 忽孝山庄: fw
[2026-02-22 03:35:27] 你的能量超乎你想象啊: 这也菲比啊，牛物
[2026-02-22 03:35:27] 檬檬哒的叶芝: 蒙鼓烂了
[2026-02-22 03:35:27] LvvsiN: 为什么房管封的不能给鱼丸……还以为今天晚上得吃了……
[2026-02-22 03:35:28] 滑稽乂逗比: fw
[2026-02-22 03:35:28] 虹彩: 大凶之兆
[2026-02-22 03:35:29] 我在天台等你跳: 蒙鼓烂了
[2026-02-22 03:35:29] 落叶悠哉落: 蒙鼓烂了
[2026-02-22 03:35:29] 夕ro: 蒙鼓烂了
[2026-02-22 03:35:29] 文西67: 蒙鼓烂了
[2026-02-22 03:35:29] 小哈哈哈哈别: 蒙鼓烂了
[2026-02-22 03:35:29] LvvsiN: 银行业😄银行业😀银行业😃银行业😁银行业😆银行业🤪银行业😝
[2026-02-22 03:35:30] 用户6235382488: 玩神你看载物比赛难受到坐立难安扶着椅子的样子太有韧性了👍
[2026-02-22 03:35:31] 缱绻mao: 1
[2026-02-22 03:35:31] Akiyama的Mio本人: 这tm是调音
[2026-02-22 03:35:31] 丧心病狂的玩游戏: 蒙鼓烂了
[2026-02-22 03:35:31] LvvsiN: 为什么房管封的不能给鱼丸……还以为今天晚上得吃了……
[2026-02-22 03:35:32] Peko-: 蒙鼓烂了
[2026-02-22 03:35:32] ahhhhhhhhhhhhhhhhhhh: 蒙鼓烂了
[2026-02-22 03:35:33] PlumAR: 蒙鼓烂了
[2026-02-22 03:35:33] 江本筑原: 鼓被敲烂了？这力道，是谁在观众席？
[2026-02-22 03:35:33] 落天华: 玩神你看载物比赛难受到坐立难安扶着椅子的样子太有韧性了👍
[2026-02-22 03:35:33] 冰封丨丨: 这也菲比啊，牛物
[2026-02-22 03:35:34] LvvsiN: 我让你开双倍你二龙吗？老子荧光棒要过期了
[2026-02-22 03:35:34] 实习生sxs: ECO闹麻了
[2026-02-22 03:35:35] 莫情123: 蒙鼓烂了
[2026-02-22 03:35:36] LvvsiN: 玩宝宝，我发现在大学上学的时候肄业会很舒服，你可以试试
[2026-02-22 03:35:37] 红星的二阶堂SH1RO本人: 玩机器，还我命来👻玩机器，还我命来👻
[2026-02-22 03:35:38] LvvsiN: 弹幕也就网上说说，现实里谁不觉得樱姐是好女孩（删括号领一条远坂凛同款鸟笼）
[2026-02-22 03:35:38] 八神丿男人: 这也菲比啊，牛物
[2026-02-22 03:35:39] 黑色圣衣BAKA: 为什么房管封的不能给鱼丸……还以为今天晚上得吃了……
[2026-02-22 03:35:39] 想看老师打黄金赛: ？
[2026-02-22 03:35:39] User5092: 僵尸
[2026-02-22 03:35:39] 马楼King张三: ？
[2026-02-22 03:35:40] 文西67: 不吃晃
[2026-02-22 03:35:40] LvvsiN: 弹幕别吵了，银行业一样一样有有有也会有h'y'hui't'y'r's'c'dn
[2026-02-22 03:35:40] 玩斯特机机: 神人
[2026-02-22 03:35:40] 石家庄的宠物男孩: 僵尸
[2026-02-22 03:35:40] 机器机器祝你天天开心: 僵尸
[2026-02-22 03:35:41] 拉海洛TOP1爱弥斯本人: 玩神你看载物比赛难受到坐立难安扶着椅子的样子太有韧性了👍
[2026-02-22 03:35:42] LvvsiN: 我提一嘴这剧情越来越像上海major了
[2026-02-22 03:35:43] 殇10876: 僵尸
[2026-02-22 03:35:43] 白日梦之主: a出
[2026-02-22 03:35:44] LvvsiN: 孩子们快跑，马修赫伯特来了😨卧槽你的怎么是马枪和BOT
[2026-02-22 03:35:44] Jaindow: ？？？
[2026-02-22 03:35:44] 用户3661578: 豆÷
[2026-02-22 03:35:45] 迪奥雷: 快
[2026-02-22 03:35:45] rem3dy: 太干燥了吧
[2026-02-22 03:35:46] LvvsiN: 你为什么要把mαjor禁了，我收藏的一半弹幕全毁了
[2026-02-22 03:35:46] 想看老师打黄金赛: 神队
[2026-02-22 03:35:46] 用户6235382488: 玩神你看载物比赛难受到坐立难安扶着椅子的样子太有韧性了👍
[2026-02-22 03:35:48] LvvsiN: 我提一嘴这剧情越来越像上海major了
[2026-02-22 03:35:48] 12312312312dfsdfs: 处刑😆处刑🤣处刑😄处刑😅处刑😋处刑🤪处刑😝处刑🤗处刑🤭
[2026-02-22 03:35:49] 马楼King张三: 为什么啊
[2026-02-22 03:35:50] himluo: ？
[2026-02-22 03:35:50] LvvsiN: 额，拿亚军我都会，拿亚军，拿季军，拿四强，拿八强，拿十六强，呃拿冠军我不会，然后小组赛淘汰
[2026-02-22 03:35:50] 门er清: 透
[2026-02-22 03:35:50] 逆世而为: 指望apex搜点
[2026-02-22 03:35:50] 玩斯特机机: 😮哦？😮哦？😮哦？😮哦？😮哦？😮哦？😮哦？😮哦？😮哦？
[2026-02-22 03:35:50] 即将拥有PDD的人鱼线丿: 哦？
[2026-02-22 03:35:51] 糖嗜综合征: ？？？
[2026-02-22 03:35:51] 红星的二阶堂SH1RO本人: 玩机器，还我命来👻玩机器，还我命来👻玩机器，还我命来👻
[2026-02-22 03:35:52] LvvsiN: 为什么房管封的不能给鱼丸……还以为今天晚上得吃了……
[2026-02-22 03:35:52] 拉海洛TOP1爱弥斯本人: 😮哦？😮哦？😮哦？😮哦？😮哦？😮哦？😮哦？😮哦？😮哦？
[2026-02-22 03:35:52] 殇10876: 哦？😮哦？😮哦？😮哦？😮哦？😮哦？😮哦？😮哦？😮哦？😮哦？😮哦？😮哦？😮哦？
[2026-02-22 03:35:52] 这个人还彳亍吧: 哦哦哦哦哦哦哦哦哦哦哦哦哦哦哦噢噢噢噢
[2026-02-22 03:35:53] ahhhhhhhhhhhhhhhhhhh: 吊人又吊了
[2026-02-22 03:35:53] 死神塔的特莉波卡本人: 处刑😆处刑🤣处刑😄处刑😅处刑😋处刑🤪处刑😝处刑🤗处刑🤭
[2026-02-22 03:35:53] 彼岸无妖: 哦？😮哦？😮哦？😮哦？😮哦？😮哦？😮哦？😮哦？😮哦？😮哦？😮哦？😮哦
[2026-02-22 03:35:53] bsqqaq: 😮哦？😮哦？😮哦？😮哦？😮哦？😮哦？😮哦？😮哦？😮哦？
[2026-02-22 03:35:53] 小王58422: 　　　 😮哦？😮哦？😮哦？😮哦？😮哦？😮哦？😮哦？😮哦？😮哦？
[2026-02-22 03:35:53] gogolz: 你的名字
[2026-02-22 03:35:54] 在原Nanami: 哦？😮哦？😮哦？😮哦？😮哦？😮哦？😮哦？😮哦？😮哦？😮哦？😮哦？😮哦？😮哦？
[2026-02-22 03:35:54] LvvsiN: 银行业😄银行业😀银行业😃银行业😁银行业😆银行业🤪银行业😝
[2026-02-22 03:35:54] 偷高达的天手让叶本人: 哦
[2026-02-22 03:35:54] 丽娜imbas: 哈哈哈哈哈哈
[2026-02-22 03:35:55] User5092: 哦？😮哦？😮哦？😮哦？😮哦？😮哦？😮哦？😮哦？😮哦？😮哦？😮
[2026-02-22 03:35:55] 心生闸念: 哦？😮哦？😮哦？😮哦？😮哦？😮哦？😮哦？😮哦？😮哦？😮哦？😮哦？
[2026-02-22 03:35:55] 好哥们黑龙歼灭刀: 😮哦？😮哦？😮哦？😮哦？😮哦？😮哦？😮哦？😮哦？😮哦？
[2026-02-22 03:35:56] 不变的追求717: 哦？😮哦？😮哦？😮哦？😮哦？😮哦？😮哦？😮哦？😮哦？😮哦？😮哦？😮哦
[2026-02-22 03:35:56] LvvsiN: 其实碗橱就是猪灵，你不拿黄金丢他他就不跟你说话
[2026-02-22 03:35:56] 提瓦特也是瓦: 哦哦哦哦哦哦哦哦哦哦哦哦哦哦哦噢噢噢噢
[2026-02-22 03:35:56] 好兄弟平湖家猪王: 　　　 😮哦？😮哦？😮哦？😮哦？😮哦？😮哦？😮哦？😮哦？😮哦？
[2026-02-22 03:35:56] 千古恨轮回尝061: 😮哦？😮哦？😮哦？😮哦？😮哦？😮哦？😮哦？😮哦？😮哦？😮哦？😮哦？😮哦？
[2026-02-22 03:35:56] 锤子带明星: 😮哦？😮哦？😮哦？😮哦？😮哦？😮哦？😮哦？😮哦？😮哦？
[2026-02-22 03:35:57] 金美庭组长的红底高跟:  哦？😮哦？😮哦？😮哦？😮哦？😮哦？😮哦？😮哦？😮哦？😮哦？😮
[2026-02-22 03:35:57] 六星近卫丰川祥子: 😮哦？😮哦？😮哦？😮哦？😮哦？😮哦？😮哦？😮哦？😮哦？
[2026-02-22 03:35:57] 瑭珏: 哦？😮哦？😮哦？😮哦？😮哦？😮哦？😮哦？😮哦？😮哦？😮哦？😮哦？
[2026-02-22 03:35:57] 叛逆的源源李: 😮哦？😮哦？😮哦？😮哦？😮哦？😮哦？😮哦？😮哦？😮哦？
[2026-02-22 03:35:57] 吃烧烤得吃烤茄子: 说上海major的，faze在哪发财呢
[2026-02-22 03:35:57] 匕匕叭叭: 😮哦？😮哦？😮哦？😮哦？😮哦？😮哦？😮哦？😮哦？😮哦？
[2026-02-22 03:35:57] Abc丶Ss: 😮哦？😮哦？😮哦？😮哦？😮哦？😮哦？😮哦？😮哦？😮哦？
[2026-02-22 03:35:58] LvvsiN: 银行业😄银行业😀银行业😃银行业😁银行业😆银行业🤪银行业😝
[2026-02-22 03:35:58] JuL1us: 😮哦？😮哦？😮哦？😮哦？😮哦？😮哦？😮哦？😮哦？😮哦？
[2026-02-22 03:35:59] 我谢谢我自己: 哦？
[2026-02-22 03:35:59] MichaelJackson: 都懂了
[2026-02-22 03:35:59] 小呱批: 哈哈哈哈哈哈哈哈哈哈哈哈哈哈
[2026-02-22 03:35:59] 可怜的怕怕: 哦哦哦哦哦
[2026-02-22 03:36:00] 是英梨梨哦: 别碰我车！
[2026-02-22 03:36:00] 丨Connor: 😮哦？😮哦？😮哦？😮哦？😮哦？😮哦？😮哦？😮哦？😮哦？
[2026-02-22 03:36:00] LvvsiN: 为什么房管封的不能给鱼丸……还以为今天晚上得吃了……
[2026-02-22 03:36:00] 擅长登山的亦博同学: 哦？😮哦？😮哦？😮哦？😮哦？😮哦？😮哦？😮哦？😮哦？😮哦？😮哦？
[2026-02-22 03:36:01] 冲上云霄的姨: 哦？😮哦？😮哦？😮哦？😮哦？😮哦？😮哦？😮哦？😮哦？😮哦？😮哦？😮哦
[2026-02-22 03:36:01] Minatocc: 哦
[2026-02-22 03:36:01] Sy11abear: 😮哦？😮哦？😮哦？😮哦？😮哦？😮哦？😮哦？😮哦？😮哦？
[2026-02-22 03:36:01] dark1337: 😮哦？😮哦？😮哦？😮哦？😮哦？😮哦？😮哦？😮哦？😮哦？
[2026-02-22 03:36:01] 好兄弟鲁迪乌斯: 噢噢噢噢噢噢噢噢哦哦哦
[2026-02-22 03:36:01] Rider丶舞: 😮哦？😮哦？😮哦？😮哦？😮哦？😮哦？😮哦？😮哦？😮哦？
[2026-02-22 03:36:01] eda778: 哦？😮哦？😮哦？😮哦？😮哦？😮哦？😮哦？😮哦？😮哦？😮哦？😮哦？
[2026-02-22 03:36:01] 传统peek高手XANTARES: 😮哦？😮哦？😮哦？😮哦？😮哦？😮哦？😮哦？😮哦？😮哦？
[2026-02-22 03:36:01] 萌萌哒的基丹炳: 😮哦？😮哦？😮哦？😮哦？😮哦？😮哦？😮哦？😮哦？😮哦？
[2026-02-22 03:36:01] HirasawaaYui: 😮哦？😮哦？😮哦？😮哦？😮哦？😮哦？😮哦？😮哦？😮哦？
[2026-02-22 03:36:01] 喃妈来俺可没抽: 😮哦？😮哦？😮哦？😮哦？😮哦？😮哦？😮哦？😮哦？😮哦？
[2026-02-22 03:36:02] 交流分不太够: 😮哦？😮哦？😮哦？😮哦？😮哦？😮哦？😮哦？😮哦？😮哦？
[2026-02-22 03:36:02] 99组的爱城华恋本人: 😮哦？😮哦？😮哦？😮哦？😮哦？😮哦？😮哦？😮哦？😮哦？
[2026-02-22 03:36:02] 結城希亞: 😮哦？😮哦？😮哦？😮哦？😮哦？😮哦？😮哦？😮哦？😮哦？
[2026-02-22 03:36:02] valorant玩机器: 😮哦？😮哦？😮哦？😮哦？😮哦？😮哦？😮哦？😮哦？😮哦？
[2026-02-22 03:36:02] 玩机器的小jj: 哦？😮哦？😮哦？😮哦？😮哦？😮哦？😮哦？😮哦？😮哦？😮哦？😮哦？😮哦
[2026-02-22 03:36:02] ymyyo: 处刑😆处刑🤣处刑😄处刑😅处刑😋处刑🤪处刑😝处刑🤗处刑🤭
[2026-02-22 03:36:02] ArZhe阿哲:  哦？😮哦？😮哦？😮哦？😮哦？😮哦？😮哦？😮哦？😮哦？😮哦？😮
[2026-02-22 03:36:02] 靠咖啡活命: 😮哦？😮哦？😮哦？😮哦？😮哦？😮哦？😮哦？😮哦？😮哦？
[2026-02-22 03:36:02] 话说不完s: 😮哦？😮哦？😮哦？😮哦？😮哦？😮哦？😮哦？😮哦？😮哦？
[2026-02-22 03:36:02] 梦殇374: 😮哦？😮哦？😮哦？😮哦？😮哦？😮哦？😮哦？😮哦？😮哦？
[2026-02-22 03:36:02] 头号瓜孝子: 哦？😮哦？😮哦？😮哦？😮哦？😮哦？😮哦？😮哦？😮哦？😮哦？😮哦？😮哦？😮哦？
[2026-02-22 03:36:02] 专看玩机器的号: 😮哦？😮哦？😮哦？😮哦？😮哦？😮哦？😮哦？😮哦？😮哦？
[2026-02-22 03:36:02] 温眸ind: 😮哦？😮哦？😮哦？😮哦？😮哦？😮哦？😮哦？😮哦？😮哦？
[2026-02-22 03:36:02] 欧气来我家: 😮哦？😮哦？😮哦？😮哦？😮哦？😮哦？😮哦？😮哦？😮哦？
[2026-02-22 03:36:02] 付先生fj: 😮哦？😮哦？😮哦？😮哦？😮哦？😮哦？😮哦？😮哦？😮哦？
[2026-02-22 03:36:02] 暗月舞魂殇: 😮哦？😮哦？😮哦？😮哦？😮哦？😮哦？😮哦？😮哦？😮哦？
[2026-02-22 03:36:02] 车路士的凯赛多本人:  哦？😮哦？😮哦？😮哦？😮哦？😮哦？😮哦？😮哦？😮哦？😮哦？😮
[2026-02-22 03:36:02] 载物的艾7: 😮哦？😮哦？😮哦？😮哦？😮哦？😮哦？😮哦？😮哦？😮哦？
[2026-02-22 03:36:02] 静寂风: 😮哦？😮哦？😮哦？😮哦？😮哦？😮哦？😮哦？😮哦？😮哦？
[2026-02-22 03:36:02] 用户4312738955: 😮哦？😮哦？😮哦？😮哦？😮哦？😮哦？😮哦？😮哦？😮哦？😮哦？😮哦？😮
[2026-02-22 03:36:03] 卧看星河尽意明丶: 😮哦？😮哦？😮哦？😮哦？😮哦？😮哦？😮哦？😮哦？😮哦？
[2026-02-22 03:36:03] 12312312312dfsdfs: 哦🥴都🥴是🥴双🥴向🥴的，怪🥴就🥴怪🥴你🥴们🥴没🥴经🥴验🥴
[2026-02-22 03:36:03] 魔男的夜宴: 😮哦？😮哦？😮哦？😮哦？😮哦？😮哦？😮哦？😮哦？😮哦？😮哦？😮哦？😮哦？
[2026-02-22 03:36:03] 电子厂表演艺术家: 😮哦？😮哦？😮哦？😮哦？😮哦？😮哦？😮哦？😮哦？😮哦？
[2026-02-22 03:36:03] 用户5608006019: 说上海major的，faze在哪发财呢
[2026-02-22 03:36:03] 鹿公爷: 哦？😮哦？😮哦？😮哦？😮哦？😮哦？😮哦？😮哦？😮哦？😮哦？😮
[2026-02-22 03:36:03] 阿飞飞啊分: 哦？😮哦？😮哦？😮哦？😮哦？😮哦？😮哦？😮哦？😮哦？😮哦？😮哦？
[2026-02-22 03:36:03] 玩道歉丶44min: 😮哦？😮哦？😮哦？😮哦？😮哦？😮哦？😮哦？😮哦？😮哦？
[2026-02-22 03:36:04] 好姐妹索菲亚: 😮哦？😮哦？😮哦？😮哦？😮哦？😮哦？😮哦？😮哦？😮哦？
[2026-02-22 03:36:04] Asaki薯片: 哦？😮哦？😮哦？😮哦？😮哦？😮哦？😮哦？😮哦？😮哦？😮哦？😮哦？
[2026-02-22 03:36:04] 顾北辰sup: 😮哦？😮哦？😮哦？😮哦？😮哦？😮哦？😮哦？😮哦？😮哦？
[2026-02-22 03:36:04] 有些话总来不及: 😮哦？😮哦？😮哦？😮哦？😮哦？😮哦？😮哦？😮哦？😮哦？
[2026-02-22 03:36:04] 剑崎梨梨花: 😮哦？😮哦？😮哦？😮哦？😮哦？😮哦？😮哦？😮哦？😮哦？
[2026-02-22 03:36:04] 迪奥雷: 真正的双向哦
[2026-02-22 03:36:04] 易池大大: 😮哦？😮哦？😮哦？😮哦？😮哦？😮哦？😮哦？😮哦？😮哦？
[2026-02-22 03:36:04] 洛陽城里看落陽: 懂哦大师
[2026-02-22 03:36:05] 果内: 😮哦？😮哦？😮哦？😮哦？😮哦？😮哦？😮哦？😮哦？😮哦？
[2026-02-22 03:36:05] 柚子厨0721: 😮哦？😮哦？😮哦？😮哦？😮哦？😮哦？😮哦？😮哦？😮哦？
[2026-02-22 03:36:05] 丰川祥子口三角初华: 哦？😮哦？😮哦？😮哦？😮哦？😮哦？😮哦？😮哦？😮哦？😮哦？😮哦？😮哦
[2026-02-22 03:36:05] DreamK1ng: 哦？😮哦？😮哦？😮哦？😮哦？😮哦？😮哦？😮哦？😮哦？😮哦？😮哦？😮哦
[2026-02-22 03:36:05] 纸漓: 😮哦？😮哦？😮哦？😮哦？😮哦？😮哦？😮哦？😮哦？😮哦？😮哦？😮哦？😮哦？
[2026-02-22 03:36:05] NoNoXxxx: 😮哦？😮哦？😮哦？😮哦？😮哦？😮哦？😮哦？😮哦？😮哦？
[2026-02-22 03:36:05] 塔贡山33: 😮哦？😮哦？😮哦？😮哦？😮哦？😮哦？😮哦？😮哦？😮哦？
[2026-02-22 03:36:05] 极夜之辰: 😮哦？😮哦？😮哦？😮哦？😮哦？😮哦？😮哦？😮哦？😮哦？
[2026-02-22 03:36:05] 忽孝山庄: 😮哦？😮哦？😮哦？😮哦？😮哦？😮哦？😮哦？😮哦？😮哦？
[2026-02-22 03:36:06] rem3dy: 哦哦哦哦哦哦哦哦哦哦哦哦哦哦哦哦
[2026-02-22 03:36:06] aminous: 😮哦？😮哦？😮哦？😮哦？😮哦？😮哦？😮哦？😮哦？😮哦？
[2026-02-22 03:36:06] 浅滩搁浅船: 😮哦？😮哦？😮哦？😮哦？😮哦？😮哦？😮哦？😮哦？😮哦？
[2026-02-22 03:36:06] 射命丸文文句号: 😮哦？😮哦？😮哦？😮哦？😮哦？😮哦？😮哦？😮哦？😮哦？
[2026-02-22 03:36:06] 撅银龙: 哦？😮哦？😮哦？😮哦？😮哦？😮哦？😮哦？😮哦？😮哦？😮哦？😮哦？
[2026-02-22 03:36:07] 卡啊卡卡丶: 反哦斗士
[2026-02-22 03:36:07] 玩姬气的隆更: 哦？😮哦？😮哦？😮哦？😮哦？😮哦？😮哦？😮哦？😮哦？😮哦？😮哦？😮哦
[2026-02-22 03:36:07] MSK枫: 😮哦？😮哦？😮哦？😮哦？😮哦？😮哦？😮哦？😮哦？😮哦？
[2026-02-22 03:36:07] 玉蜀黍巧克力: 😮哦？😮哦？😮哦？😮哦？😮哦？😮哦？😮哦？😮哦？😮哦？
[2026-02-22 03:36:07] 鸽佬kartoloTG: 😮哦？😮哦？😮哦？😮哦？😮哦？😮哦？😮哦？😮哦？😮哦？
[2026-02-22 03:36:07] 鲜血与暗影铸造的家伙:  哦？😮哦？😮哦？😮哦？😮哦？😮哦？😮哦？😮哦？😮哦？😮哦？😮
[2026-02-22 03:36:07] 丿哈哈大笑: 小蜜蜂也干了
[2026-02-22 03:36:07] 江本筑原: 😮哦？😮哦？😮哦？😮哦？😮哦？😮哦？😮哦？😮哦？😮哦？
[2026-02-22 03:36:07] 老漁服了: 反哦了
[2026-02-22 03:36:08] 千古恨轮回尝061: 处刑😆处刑🤣处刑😄处刑😅处刑😋处刑🤪处刑😝处刑🤗处刑🤭
[2026-02-22 03:36:08] 完美老公-: 😮哦？😮哦？😮哦？😮哦？😮哦？😮哦？😮哦？😮哦？😮哦？
[2026-02-22 03:36:08] 古怪的一个人: 😮哦？😮哦？😮哦？😮哦？😮哦？😮哦？😮哦？😮哦？😮哦？
[2026-02-22 03:36:08] 斗鱼用户4901183769: 😮哦？😮哦？😮哦？😮哦？😮哦？😮哦？😮哦？😮哦？😮哦？
[2026-02-22 03:36:08] 土俗火焰: 😮哦？😮哦？😮哦？😮哦？😮哦？😮哦？😮哦？😮哦？😮哦？
[2026-02-22 03:36:08] everch0sen: falcons play
[2026-02-22 03:36:09] 薛定谔的萝莉喵: 哦？😮哦？😮哦？😮哦？😮哦？😮哦？😮哦？😮哦？😮哦？😮哦？😮哦？😮哦
[2026-02-22 03:36:09] 奈亚亚亚亚亚: 😮哦？😮哦？😮哦？😮哦？😮哦？😮哦？😮哦？😮哦？😮哦？
[2026-02-22 03:36:09] 大裂谷的登山家: 😮哦？😮哦？😮哦？😮哦？😮哦？😮哦？😮哦？😮哦？😮哦？
[2026-02-22 03:36:09] 玩机器的小jj: 这真双向哦了
[2026-02-22 03:36:09] 烧瓜不烧: 😮哦？😮哦？😮哦？😮哦？😮哦？😮哦？😮哦？😮哦？😮哦？
[2026-02-22 03:36:10] 橙黄双翼: 这是真双向
[2026-02-22 03:36:10] 撒浪嘿呦0v0: 懂哦大师
[2026-02-22 03:36:10] 丶小恐龙丶: 批胖
[2026-02-22 03:36:10] Kacyusha: 都懂了
[2026-02-22 03:36:10] yuuuuua7: 哦？😮哦？😮哦？😮哦？😮哦？😮哦？😮哦？😮哦？😮哦？😮哦？😮哦？
[2026-02-22 03:36:10] 想和载物玩机器3p: 哦？😮哦？😮哦？😮哦？😮哦？😮哦？😮哦？😮哦？😮哦？😮哦？😮哦？
[2026-02-22 03:36:11] 我饿了648: 善意哦
[2026-02-22 03:36:11] 抓住肉肉啃:  哦？😮哦？😮哦？😮哦？😮哦？😮哦？😮哦？😮哦？😮哦？😮哦？😮
[2026-02-22 03:36:11] 零北鸢: 😮哦？😮哦？😮哦？😮哦？😮哦？😮哦？😮哦？😮哦？😮哦？
[2026-02-22 03:36:11] 文西67: 😮哦？😮哦？😮哦？😮哦？😮哦？😮哦？😮哦？😮哦？😮哦？
[2026-02-22 03:36:11] 说得道理: 😮哦？😮哦？😮哦？😮哦？😮哦？😮哦？😮哦？😮哦？😮哦？
[2026-02-22 03:36:11] 马楼King张三: 给小胖o撕了
[2026-02-22 03:36:11] 用户6235382488: falcons play
[2026-02-22 03:36:11] 大梦464: 哦？😮哦？😮哦？😮哦？😮哦？😮哦？😮哦？😮哦？😮哦？😮哦？😮哦？
[2026-02-22 03:36:12] 温眸ind: 小蜜蜂也干了
[2026-02-22 03:36:12] 煜煜毛毛ti冠军: 怎么没人哦啊，感觉换niko来回头了啊
[2026-02-22 03:36:12] MiunaShiodome: @monesy：别哦了!
[2026-02-22 03:36:12] al9527:  哦？😮哦？😮哦？😮哦？😮哦？😮哦？😮哦？😮哦？😮哦？😮哦？😮
[2026-02-22 03:36:12] 虹豆砸: 😮哦？😮哦？😮哦？😮哦？😮哦？😮哦？😮哦？😮哦？😮哦？😮哦？😮哦？😮哦？
[2026-02-22 03:36:12] LvvsiN: 你为什么要把mαjor禁了，我收藏的一半弹幕全毁了
[2026-02-22 03:36:12] 初霜prpr: 😮哦？😮哦？😮哦？😮哦？😮哦？😮哦？😮哦？😮哦？😮哦？
[2026-02-22 03:36:12] bsqqaq: 海啸又开始哦了，真没素质。
[2026-02-22 03:36:12] 穷哥们一起杀刀蛆: 😮哦？😮哦？😮哦？😮哦？😮哦？😮哦？😮哦？😮哦？😮哦？
[2026-02-22 03:36:13] 卡啊卡卡丶: 懂哦大师
[2026-02-22 03:36:13] Leonisss丶: 真正的双向哦
[2026-02-22 03:36:13] 爱道冠: 哦？😮哦？😮哦？😮哦？😮哦？😮哦？😮哦？😮哦？😮哦？😮哦？😮哦？😮哦？
[2026-02-22 03:36:13] 蚰蜒official: 　　　 😮哦？😮哦？😮哦？😮哦？😮哦？😮哦？😮哦？😮哦？😮哦？
[2026-02-22 03:36:13] Zxj1ing: 😮哦？😮哦？😮哦？😮哦？😮哦？😮哦？😮哦？😮哦？😮哦？
[2026-02-22 03:36:13] 我想玩小蜜蜂: 😮哦？😮哦？😮哦？😮哦？😮哦？😮哦？😮哦？😮哦？😮哦？
[2026-02-22 03:36:13] VitaLity的RopZ本伦: 😮哦？😮哦？😮哦？😮哦？😮哦？😮哦？😮哦？😮哦？😮哦？
[2026-02-22 03:36:13] emberry: 😮哦？😮哦？😮哦？😮哦？😮哦？😮哦？😮哦？😮哦？😮哦？
[2026-02-22 03:36:14] DmeiJ: 笑死我了
[2026-02-22 03:36:14] 歌谷爱墨迹: 反哦斗士
[2026-02-22 03:36:14] 巴甫洛夫的滥犬: 异曲同工
[2026-02-22 03:36:14] RyougiAqua: falcons play
[2026-02-22 03:36:14] D1azepam: 哦？😮哦？😮
[2026-02-22 03:36:15] Alone無淚: falcons play
[2026-02-22 03:36:15] 海绵宝宝打野儿: 懂哦大师
[2026-02-22 03:36:15] 绝食十年攒爱top3飞机: 😮哦？😮哦？😮哦？😮哦？😮哦？😮哦？😮哦？😮哦？😮哦？
[2026-02-22 03:36:15] IGetUp: 喜欢哦
[2026-02-22 03:36:15] 暗月舞魂殇: 藕粉发力
[2026-02-22 03:36:15] 靠咖啡活命: 双向哦
[2026-02-22 03:36:15] 星海羽弦:  哦？😮哦？😮哦？😮哦？😮哦？😮哦？😮哦？😮哦？😮哦？😮哦？😮
[2026-02-22 03:36:16] A队的佐佐木李子本人: falcons play
[2026-02-22 03:36:16] 最后波纹: 羞死了
[2026-02-22 03:36:16] bsqqaq: 海啸又开始哦了，真没素质。
[2026-02-22 03:36:16] 旋律的主人丰川祥子: 没有rog：zywoo没反应的。接了商单：想跟中门对狙吗？
[2026-02-22 03:36:16] Jaindow: 😮哦？😮哦？😮哦？😮哦？😮哦？😮哦？😮哦？😮哦？😮哦？
[2026-02-22 03:36:17] 梅林老公: 这真双向哦了
[2026-02-22 03:36:17] 粮食和蔬菜ll: 哦？😮哦？😮哦？😮哦？😮哦？😮哦？😮哦？😮哦？😮哦？😮哦？😮哦？😮哦
[2026-02-22 03:36:17] AmamiyaIori: 喜欢哦
[2026-02-22 03:36:17] 天守阁信长: falcons play
[2026-02-22 03:36:17] 最强反派Vitality: 反哦斗士
[2026-02-22 03:36:17] 没有故事的Pluto: 致敬传奇反哦斗士ropz
[2026-02-22 03:36:18] weapon丶X: 懂哦大师
[2026-02-22 03:36:18] 苏清淼:  哦？😮哦？😮哦？😮哦？😮哦？😮哦？😮哦？😮哦？😮哦？😮哦？😮
[2026-02-22 03:36:18] LvvsiN: 其实碗橱就是猪灵，你不拿黄金丢他他就不跟你说话
[2026-02-22 03:36:18] 破浪的松鼠: 😮哦？😮哦？😮哦？😮哦？😮哦？😮哦？😮哦？😮哦？😮哦？
[2026-02-22 03:36:19] 冲上云霄的姨: 真正的双向哦
[2026-02-22 03:36:19] 我想吃海苔了: niko play
[2026-02-22 03:36:19] 对对对i太对啦: 真正的双向哦
[2026-02-22 03:36:19] 玩机器今晚还播吗: 异曲同工
[2026-02-22 03:36:19] 拉森跟: 善意噢
[2026-02-22 03:36:19] 八重森彌妮: falcons play
[2026-02-22 03:36:20] 不改名真的不中奖呀Cc: falcons play
[2026-02-22 03:36:20] 小小小蕉: 这真双向哦了
[2026-02-22 03:36:20] 刘刘的农: 😮哦？😮哦？😮哦？😮哦？😮哦？😮哦？😮哦？😮哦？😮哦？
[2026-02-22 03:36:20] 用户144491677: niko play
[2026-02-22 03:36:20] 岭上雾冷: 懒得喷了，都差求不多
[2026-02-22 03:36:20] bsqqaq: 海啸又开始哦了，真没素质。
[2026-02-22 03:36:20] Hitagi蟹蟹: 原来蜜蜂也是作弊队吗
[2026-02-22 03:36:20] 白嫖中大奖: @阿汤日记：一个人，5发子弹，保住格陵兰岛。我不会叫它不可能完成的任务，我现在只想先回家看亦博
[2026-02-22 03:36:20] Kacyusha: 　　　 这真双向哦了
[2026-02-22 03:36:21] 丰川祥子口三角初华: falcons play
[2026-02-22 03:36:21] 佚名人员: 小蜜蜂也干了
[2026-02-22 03:36:21] 废斯特物物: 这真双向哦了
[2026-02-22 03:36:21] 杨幂夸我帅: 懂哦大师
[2026-02-22 03:36:21] 蓝星的floppy本人: 蒙古真能哦😯
[2026-02-22 03:36:21] 用户2381770840: falcons play
[2026-02-22 03:36:21] 丶丶桔梗丶: 海啸又开始哦了，真没素质。
[2026-02-22 03:36:22] 兔子Usaki: r😮pz
[2026-02-22 03:36:22] 老漁服了: 最懂哦的选手
[2026-02-22 03:36:22] 拉海洛TOP1爱弥斯本人: falcons play
[2026-02-22 03:36:22] LvvsiN: 为什么房管封的不能给鱼丸……还以为今天晚上得吃了……
[2026-02-22 03:36:22] 人活着就是为了玩乐队: 懂哦大师
[2026-02-22 03:36:23] 白井黑子x: 海啸又开始哦了，真没素质。
[2026-02-22 03:36:23] 只打瘸子那条腿: 这场馆观众素质太差了
[2026-02-22 03:36:23] 玩龟的神头: 真正的双向哦
[2026-02-22 03:36:23] 冲上云霄的姨: 致敬传奇反哦斗士ropz
[2026-02-22 03:36:23] DmeiJ: 小胖也在找真的没绷住
[2026-02-22 03:36:23] 99组的爱城华恋本人: 善意噢
[2026-02-22 03:36:23] bsqqaq: 海啸又开始哦了，真没素质。
[2026-02-22 03:36:23] ZninET9: 真正的双向哦
[2026-02-22 03:36:23] 丿哈哈大笑: 　　　 这真双向哦了
[2026-02-22 03:36:23] Monologue11897: 😐
[2026-02-22 03:36:24] AmamiyaIori: 喜欢哦喜欢哦喜欢哦喜欢哦喜欢哦喜欢哦喜欢哦喜欢哦喜欢哦喜欢哦喜欢哦喜欢哦喜欢哦喜欢哦
[2026-02-22 03:36:24] 爆爆爆开爆: falcons play
[2026-02-22 03:36:24] 茉华jasm: falcons play
[2026-02-22 03:36:24] 时光划过泪痕桥: 真正的双向哦
[2026-02-22 03:36:24] 好哥们黑龙歼灭刀: 清理😯粉 清理😯粉 清理😯粉 清理😯粉 清理😯粉 清理😯粉 清理😯粉 清理😯粉
[2026-02-22 03:36:24] 靠咖啡活命: 善意噢
[2026-02-22 03:36:25] 岭上雾冷: 懒得喷了，都差求不多
[2026-02-22 03:36:25] 好兄弟鲁迪乌斯: 这真双向哦了
[2026-02-22 03:36:25] Ggmftye: falcons play
[2026-02-22 03:36:25] 棍神南极服登顶: 原来真有双向哦的，牛批
[2026-02-22 03:36:25] JOhNsoN兆: 这真双向哦了
[2026-02-22 03:36:25] 丨Connor: falcons play
[2026-02-22 03:36:25] 风雨晚烟: falcons play
[2026-02-22 03:36:26] 玩大人查到自贡了: 哦的作用是相互的
[2026-02-22 03:36:26] 偶尔也让她上桌吃饭: 真正的双向哦
[2026-02-22 03:36:26] Aleksumimi: 全世界最懂哦的人
[2026-02-22 03:36:26] 嵐千砂都: 哦？😮哦？😮哦？😮哦？😮哦？😮哦？😮哦？😮哦？😮哦？😮哦？😮
[2026-02-22 03:36:26] 鹿公爷: 这是真的双向哦
[2026-02-22 03:36:26] LvvsiN: 银行业😄银行业😀银行业😃银行业😁银行业😆银行业🤪银行业😝
[2026-02-22 03:36:26] 鲜血与暗影铸造的家伙: 后花园还给烟，这就是细节
[2026-02-22 03:36:26] 丶小恐龙丶: falcons play
[2026-02-22 03:36:26] 文西67: 这真双向哦了
[2026-02-22 03:36:27] 煜煜毛毛ti冠军: niko来回头了
[2026-02-22 03:36:27] 卡啊卡卡丶: 致敬传奇反哦斗士ropz
[2026-02-22 03:36:27] Box强音来袭: falcons play
[2026-02-22 03:36:27] QU总的双下巴: Niko play
[2026-02-22 03:36:27] pirpr: 懒得喷了，都差求不多
[2026-02-22 03:36:28] myself0725: 留战术了
[2026-02-22 03:36:28] 马猴烧酒小地瓜: 这是单向哦还是双向哦
[2026-02-22 03:36:28] 你可以永远相信Twistzz: 万人破B
[2026-02-22 03:36:28] arsQaQ: 这才是双向哦
[2026-02-22 03:36:29] 死神塔的特莉波卡本人: falcons play
[2026-02-22 03:36:29] 昼夜流亡: 真正的双向哦
[2026-02-22 03:36:29] wedd1ddeJodd: 喜欢哦😁喜欢哦😁喜欢哦😁喜欢哦😁喜欢哦😁喜欢哦😁喜欢哦😁
[2026-02-22 03:36:29] BUG丶Cone: 欢迎来到线下
[2026-02-22 03:36:29] 大裂谷的登山家: 致敬传奇反哦斗士ropz
[2026-02-22 03:36:29] 12312312312dfsdfs: 海啸又开始哦了，真没素质。
[2026-02-22 03:36:29] 好姐妹太卜司符玄:  哦？😮哦？😮哦？😮哦？😮哦？😮哦？😮哦？😮哦？😮哦？😮哦？😮
[2026-02-22 03:36:29] 丶陪你直到世界尽头: 海啸又开始哦了，真没素质。
[2026-02-22 03:36:29] P1nkMatter: falcons play
[2026-02-22 03:36:29] Jess2: 　　　 喜欢哦喜欢哦喜欢哦喜欢哦喜欢哦喜欢哦喜欢哦喜欢哦喜欢哦喜欢哦喜欢哦喜欢哦喜欢哦喜欢哦
[2026-02-22 03:36:30] 玩机器的二十年老粉: 真正的双向哦
[2026-02-22 03:36:30] 獭见: 真正的双向哦
[2026-02-22 03:36:30] bsqqaq: 海啸又开始哦了，真没素质。
[2026-02-22 03:36:30] 驾驶手套雪豹: 这个是善意哦
[2026-02-22 03:36:30] RGsdfbf:     这真双向哦了
[2026-02-22 03:36:30] 徐弃安: 蒙古还是元朝人头拿少了
[2026-02-22 03:36:31] 煦哥哥22: 😮哦？😮哦？😮哦？😮哦？😮哦？😮哦？😮哦？😮哦？😮哦？
[2026-02-22 03:36:31] 栗悟饭与龟波功-w-: 布罗利Broli：提示一下 冰粉的哦是善意的哦2025-11-14 20:10:50
[2026-02-22 03:36:31] 擅长登山的亦博同学: 藏战术了
[2026-02-22 03:36:32] 8151861: 奇招断网
[2026-02-22 03:36:32] 用户3661578: 这是真的双向哦
[2026-02-22 03:36:32] LvvsiN: 就tm喜欢银行业🥰银行坏账我喜欢🥰银行挤兑我还喜欢😍利率调低我也喜欢🤤老子亲烂银行业的脸😘
[2026-02-22 03:36:32] 踩马灯: 尼孩play
[2026-02-22 03:36:32] 刘刘的农: falcons play
[2026-02-22 03:36:33] serpent22: 单人哦 b
[2026-02-22 03:36:33] 好兄弟鲁迪乌斯: ？
[2026-02-22 03:36:33] 阵雨天o: 致敬传奇反哦斗士ropz
[2026-02-22 03:36:33] wsxj131: @ropz：感觉观众不如墨尔本。。。会哦
[2026-02-22 03:36:34] 玩机器的小jj: ？
[2026-02-22 03:36:34] 殇10876: ？
[2026-02-22 03:36:34] 想对你说一声晚安: 懂哦带师
[2026-02-22 03:36:34] LvvsiN: 弹幕也就网上说说，现实里谁不觉得樱姐是好女孩（删括号领一条远坂凛同款鸟笼）
[2026-02-22 03:36:35] 是英梨梨哦: ？？？
[2026-02-22 03:36:35] 玩蛋蛋丶egg: ？
[2026-02-22 03:36:35] 海绵宝宝打野儿: ？？？
[2026-02-22 03:36:35] SakuraiHiroyoshi: ？
[2026-02-22 03:36:35] 静寂风: ?
[2026-02-22 03:36:35] 小夜r: ？
[2026-02-22 03:36:35] 沉默灬Sheath: 不愧是上海的反哦大师吃过尼孩的亏
[2026-02-22 03:36:35] 祥子自愿演奏迷星叫: ？
[2026-02-22 03:36:36] 魔男的夜宴: 喜欢哦😁喜欢哦😁喜欢哦😁喜欢哦😁喜欢哦😁喜欢哦😁喜欢哦😁
[2026-02-22 03:36:36] bsqqaq: 海啸又开始哦了，真没素质。
[2026-02-22 03:36:36] 三零一路公交司机:     这真双向哦了
[2026-02-22 03:36:36] 重返30岁的zywoo: niko play
[2026-02-22 03:36:36] 热心好邻居: ?
[2026-02-22 03:36:36] 专看玩机器的号: ?
[2026-02-22 03:36:37] 想看老师打黄金赛: apex想送冠军了
[2026-02-22 03:36:37] 心生闸念: ？
[2026-02-22 03:36:37] valorant玩机器: ?
[2026-02-22 03:36:37] dark1337: ？？？
[2026-02-22 03:36:37] 撒浪嘿呦0v0: ？
[2026-02-22 03:36:37] 用户6235382488: ？
[2026-02-22 03:36:37] 六星近卫丰川祥子: 透
[2026-02-22 03:36:37] Niko305355: ？
[2026-02-22 03:36:37] 机器机器祝你天天开心: ？
[2026-02-22 03:36:37] Aolite: ？？
[2026-02-22 03:36:38] 撅银龙: ？
[2026-02-22 03:36:38] 薛定谔的萝莉喵: 问题是都在哦啊
[2026-02-22 03:36:38] LvvsiN: 你为什么要把mαjor禁了，我收藏的一半弹幕全毁了
[2026-02-22 03:36:38] 星之卡比2333: 这真双向哦了
[2026-02-22 03:36:39] 神奥联盟的竹兰本人: ？
[2026-02-22 03:36:39] LenG丨清风: 哦哦哦哦哦哦
[2026-02-22 03:36:39] 微笑灬雨凝: ？
[2026-02-22 03:36:39] 岊嵥: 这个是善意哦
[2026-02-22 03:36:40] 踩马灯: 尼孩play
[2026-02-22 03:36:40] HotNigga666: 这真双向哦了
[2026-02-22 03:36:40] Hitagi蟹蟹: falcons play
[2026-02-22 03:36:40] 竹林猫舍: 哦是双向的，要怪就怪你没经验
[2026-02-22 03:36:40] 天际之光90830: ？
[2026-02-22 03:36:40] 卧看星河尽意明丶: 卧槽
[2026-02-22 03:36:40] 灰与幻想格林姆加尔: 开了
[2026-02-22 03:36:40] bsqqaq: 海啸又开始哦了，真没素质。
[2026-02-22 03:36:40] 用户3661578: 疯了
[2026-02-22 03:36:40] LvvsiN: 弹幕也就网上说说，现实里谁不觉得樱姐是好女孩（删括号领一条远坂凛同款鸟笼）
[2026-02-22 03:36:40] A半生丶: Apex想玩炼狱小镇了
[2026-02-22 03:36:41] 大裂谷的登山家: @ropz：感觉观众不如墨尔本。。。会哦
[2026-02-22 03:36:41] 马楼King张三: 没意思
[2026-02-22 03:36:41] 身本憂: 不是大满贯赛事随便科研罢了
[2026-02-22 03:36:41] 椰子79K: ✍原来是这样✍哦哦原来如此受教了✍哦哦哦太妙了✍简直是真理
[2026-02-22 03:36:41] 无能青年旅店: 这又是双相哦了？nb
[2026-02-22 03:36:42] 苏清淼: Rooooooooooooooooooooooopz
[2026-02-22 03:36:42] where0714: 这真双向哦了
[2026-02-22 03:36:42] LvvsiN: 你屏蔽词都快赶上新华词典了为什么不干脆开一百级发言？
[2026-02-22 03:36:43] 云雀舌15297: ？？？
[2026-02-22 03:36:43] 西莉尔Celia: 海啸又开始哦了，真没素质。
[2026-02-22 03:36:43] 杜王町的吉良吉影本人: 没死过？
[2026-02-22 03:36:44] 小蜜蜂唯一GOAT: 一人一下啊
[2026-02-22 03:36:44] NearrrR: 臭开子来了
[2026-02-22 03:36:44] 长崎素世的本人: 不是大满贯赛事随便科研罢了
[2026-02-22 03:36:44] Pt730: 你敢跟他作对
[2026-02-22 03:36:44] 无7441158: 这个是善意哦
[2026-02-22 03:36:45] LvvsiN: 银行业😄银行业😀银行业😃银行业😁银行业😆银行业🤪银行业😝
[2026-02-22 03:36:45] 濹0790338: 透
[2026-02-22 03:36:45] efsd8: 开源
[2026-02-22 03:36:45] DmeiJ: 这看到双向哦啊，都在找
[2026-02-22 03:36:45] 一砚寒清: ？
[2026-02-22 03:36:45] 男人至死皆少年: 小胖还是年轻啊，这哦了还能回头找人的
[2026-02-22 03:36:46] 0220069: 鹰美是单向哦，蜂美是双向哦
[2026-02-22 03:36:46] Goodnite: 一人一枪
[2026-02-22 03:36:46] 用户6235382488: ？？
[2026-02-22 03:36:46] 这个就是本人: ？？？
[2026-02-22 03:36:46] VRin7878: 这真双向哦了
[2026-02-22 03:36:46] Oo杨霸霸oO: 这个是善意哦
[2026-02-22 03:36:46] LvvsiN: 你为什么要把mαjor禁了，我收藏的一半弹幕全毁了
[2026-02-22 03:36:47] 起什么名字223: 挂！
[2026-02-22 03:36:47] ropz的911本人: 右上角击杀图标太难绷了
[2026-02-22 03:36:47] 冬瓜不在家偷偷玩机器: 被俩挂穿了
[2026-02-22 03:36:47] 户儒娃: 不愧是上海的反哦大师吃过尼孩的亏
[2026-02-22 03:36:47] 笑颜一番黄婷婷: 这是真的双向哦
[2026-02-22 03:36:47] 香洲古天乐: 这真双向哦了
[2026-02-22 03:36:47] 阿飞飞啊分: 不愧是上海的反哦大师吃过尼孩的亏
[2026-02-22 03:36:47] 粮食和蔬菜ll: 这又是双相哦了？nb
[2026-02-22 03:36:48] 爱被小泉吃的拉面同学: 这又是双相哦了？nb
[2026-02-22 03:36:48] MSK枫: “这不是有双向哦吗？”，niko说完在烟里猛回头击杀了ct
[2026-02-22 03:36:48] 看cyc得高血压: 这个是善意哦
[2026-02-22 03:36:48] 很久以前Ty: 不想让jame研究他们
[2026-02-22 03:36:49] LvvsiN: @阿汤日记：一个人，5发子弹，保住格陵兰岛。我不会叫它不可能完成的任务，我现在只想先回家看亦博
[2026-02-22 03:36:49] 丶小恐龙丶: 夸脏哦
[2026-02-22 03:36:49] 喵蹄丝: 藏战术了
[2026-02-22 03:36:50] Shiki1111: 冰队是双向哦 这个要分清楚
[2026-02-22 03:36:50] 顾念心z: 这个是善意哦
[2026-02-22 03:36:50] Hana酱的宝贝阿根: ？
[2026-02-22 03:36:50] ymyyo: @ropz：感觉观众不如墨尔本。。。会哦
[2026-02-22 03:36:50] Th0tiana: ✍原来是这样✍哦哦原来如此受教了✍哦哦哦太妙了✍简直是真理
[2026-02-22 03:36:50] 废斯特物物: 一人一枪
[2026-02-22 03:36:50] 印书林竹节虫: 海啸又开始哦了，真没素质。
[2026-02-22 03:36:50] 天际之光90830: zywoo play
[2026-02-22 03:36:50] 柿子yo0: 海啸又开始哦了，真没素质。
[2026-02-22 03:36:50] 玩大哥的户外呢: 鹰美是单向哦，蜂美是双向哦
[2026-02-22 03:36:50] Schnuffels: 忘了猎鹰怎么哦被车主反利用的了
[2026-02-22 03:36:51] LvvsiN: 为什么房管封的不能给鱼丸……还以为今天晚上得吃了……
[2026-02-22 03:36:51] 速溶沙地兽: 这真双向哦了
[2026-02-22 03:36:51] Ephem3ra: 海啸又开始哦了，真没素质。
[2026-02-22 03:36:52] 机机子的鼻涕: 蒙古只要前期拿首杀就不会玩，一定开送
[2026-02-22 03:36:52] 我们往后: 一人一枪
[2026-02-22 03:36:52] NoNoXxxx: 作弊
[2026-02-22 03:36:52] XXXTentacion77777: 扶椅播哥 唉扶椅播哥
[2026-02-22 03:36:52] 千古恨轮回尝061: 鹰美是单向哦，蜂美是双向哦
[2026-02-22 03:36:52] gogolz: 蜜蜂又又又又又王朝了
[2026-02-22 03:36:53] LvvsiN: 玩宝宝，我发现在大学上学的时候肄业会很舒服，你可以试试
[2026-02-22 03:36:53] 时光不改旧人心: 这信息太场外了，把他们x光关了吧
[2026-02-22 03:36:53] 头号瓜孝子: 鹰美是单向哦，蜂美是双向哦
[2026-02-22 03:36:53] 窝喜欢大莱莱: 布罗利Broli：提示一下 冰粉的哦是善意的哦2025-11-14 20:10:50
[2026-02-22 03:36:54] ShadowDvex: 鹰美是单向哦，蜂美是双向哦
[2026-02-22 03:36:54] 殇10876: R哦哦哦哦哦哦哦哦哦哦哦哦哦哦哦哦哦pz
[2026-02-22 03:36:54] 默默momoMoMo123: 你屏蔽词都快赶上新华词典了为什么不干脆开一百级发言？
[2026-02-22 03:36:54] 企业级嘉心糖: 哥本哈根奇招断网
[2026-02-22 03:36:54] 战场原黑仪丿: 海啸又开始哦了，真没素质。
[2026-02-22 03:36:55] 好哥们黑龙歼灭刀: 不愧是上海的反哦大师吃过尼孩的亏
[2026-02-22 03:36:55] LvvsiN: 为什么房管封的不能给鱼丸……还以为今天晚上得吃了……
[2026-02-22 03:36:55] 终末地干员陈千语: @zywoo：robin穿这里
[2026-02-22 03:36:55] 沸物贝利亚大王: @ropz：感觉观众不如墨尔本。。。会哦
[2026-02-22 03:36:55] 信灯塔: 2个透视
[2026-02-22 03:36:55] 我的我的sorry:  /hiki1111：冰队是双向哦 这个要分清楚
[2026-02-22 03:36:56] 文西67: ？
[2026-02-22 03:36:56] 绿龙的身体狗本人: 海啸又开始哦了，真没素质。
[2026-02-22 03:36:56] Asaki薯片: @ropz：感觉观众不如墨尔本。。。会哦
[2026-02-22 03:36:57] 卡啊卡卡丶: @ropz：感觉观众不如墨尔本。。。会哦
[2026-02-22 03:36:57] 爱喝乌龙茶Tiz: 这又是双相哦了？nb
[2026-02-22 03:36:57] LvvsiN: 南孚一节更比六节强，也就是一节南孚比六节南孚强，六节南孚比三十六节强，三十六节比二百一十六节强
[2026-02-22 03:36:57] 何先抑: 海啸又开始哦了，真没素质。
[2026-02-22 03:36:57] Kacyusha: pv粉丝还在哦
[2026-02-22 03:36:57] 塔科夫市里的菜鸡: 布罗利Broli：提示一下 冰粉的哦是善意的哦2025-11-14 20:10:50
[2026-02-22 03:36:57] 洛陽城里看落陽: 一人一枪是最搞的
[2026-02-22 03:36:57] 丶绵绵: @ropz：感觉观众不如墨尔本。。。会哦
[2026-02-22 03:36:57] xhwspdd: “这不是有双向哦吗？”，niko说完在烟里猛回头击杀了ct
[2026-02-22 03:36:57] 暗夜吶: 冰队是双向哦 这个要分清楚
[2026-02-22 03:36:58] 鹅地霸霸: 藏战术了
[2026-02-22 03:36:58] Yiiid: 不愧是上海的反哦大师吃过尼孩的亏
[2026-02-22 03:36:58] 少女与狗丶丶: @ropz：感觉观众不如墨尔本。。。会哦
[2026-02-22 03:36:58] 蛟反骨: @ropz：感觉观众不如墨尔本。。。会哦
[2026-02-22 03:36:58] 星海羽弦: 这个是善意哦
[2026-02-22 03:36:58] Peko-: 忘了猎鹰怎么哦被车主反利用的了
[2026-02-22 03:36:58] 北宇治拳王久石奏: 888888
[2026-02-22 03:36:58] 车车薯薯major冠军: @ropz：感觉观众不如墨尔本。。。会哦
[2026-02-22 03:36:59] LvvsiN: 玩 出，我双倍呢？😡😡玩 出，我双倍呢？😡😡玩 出，我双倍呢？😡😡玩 出，我双倍呢？😡
[2026-02-22 03:36:59] 炽雪星: 鹰美是单向哦，蜂美是双向哦
[2026-02-22 03:36:59] df的护盾电池: @ropz：感觉观众不如墨尔本。。。会哦
[2026-02-22 03:36:59] 唱给软妹听: 鹰美是单向哦，蜂美是双向哦
[2026-02-22 03:37:00] 理想零星: 鹰美是单向哦，蜂美是双向哦
[2026-02-22 03:37:00] User5092: 布罗利Broli：提示一下 冰粉的哦是善意的哦2025-11-14 20:10:50
[2026-02-22 03:37:00] 99组的爱城华恋本人: 海啸又开始哦了，真没素质。
[2026-02-22 03:37:00] 射命丸文文句号: 两个3v5了
[2026-02-22 03:37:00] 我要看後续: 冰队是双向哦 这个要分清楚
[2026-02-22 03:37:01] LvvsiN: @阿汤日记：一个人，5发子弹，保住格陵兰岛。我不会叫它不可能完成的任务，我现在只想先回家看亦博
[2026-02-22 03:37:01] 月光下魔術師30281: 猎鹰的哦是双向哦，蜜蜂的哦是单向哦，这点要分清楚
[2026-02-22 03:37:01] 冲上云霄的姨: 这又是双相哦了？nb
[2026-02-22 03:37:01] 果内: 这又是双相哦了？nb
[2026-02-22 03:37:01] 鸭硕的哈撒给: 不愧是上海的反哦大师吃过尼孩的亏
[2026-02-22 03:37:01] 皮神皮神勇猛超神: 记住，蜜蜂哦了就是双向的，猎鹰哦了就是单向的
[2026-02-22 03:37:01] 萌六花: @ropz：感觉观众不如墨尔本。。。会哦
[2026-02-22 03:37:02] 海绵宝宝打野儿: @zywoo：robin穿这里
[2026-02-22 03:37:02] 忽孝山庄: @zywoo：robin穿这里
[2026-02-22 03:37:02] 好哥们黑龙歼灭刀: @ropz：感觉观众不如墨尔本。。。会哦
[2026-02-22 03:37:02] 丨Connor: @ropz：感觉观众不如墨尔本。。。会哦
[2026-02-22 03:37:02] 全世坠可爱的ZywOo宝宝: 胆子挺大的
[2026-02-22 03:37:02] 猎鹰最自由的屌人: 这真双向哦了
[2026-02-22 03:37:02] 玩大哥很硬很粗很大: @ropz：感觉观众不如墨尔本。。。会哦
[2026-02-22 03:37:02] JOhNsoN兆: /hiki1111：冰队是双向哦 这个要分清楚
[2026-02-22 03:37:03] 我是隔壁老王我好累: @zywoo：robin穿这里
[2026-02-22 03:37:03] 付先生fj: 鹰美是单向哦，蜂美是双向哦
[2026-02-22 03:37:03] 踩马灯: 尼孩play
[2026-02-22 03:37:03] ZninET9: @zywoo：robin穿这里
[2026-02-22 03:37:03] 文西67: 臭开子
[2026-02-22 03:37:03] 兔子Usaki: @zywoo：车主对着那个点，再高一点，对
[2026-02-22 03:37:03] 粮食和蔬菜ll: 海啸又开始哦了，真没素质。
[2026-02-22 03:37:03] 墨色丶残阳: 不要过度解读，观众的哦，是谁住在深海的大菠萝里
[2026-02-22 03:37:04] 小小百合恋歌: 海啸又开始哦了，真没素质。
[2026-02-22 03:37:04] 冲上云霄的姨: 鹰美是单向哦，蜂美是双向哦
[2026-02-22 03:37:04] MYGO的A0N0本人: 冰队是双向哦 这个要分清楚
[2026-02-22 03:37:04] 冬瓜强在日本的表姐: 你屏蔽词都快赶上新华词典了为什么不干脆开一百级发言？
[2026-02-22 03:37:05] 冰晶蝶灵Q梦灵殇: 不愧是上海的反哦大师吃过尼孩的亏
[2026-02-22 03:37:05] 玩斯特机机: @ropz：感觉观众不如墨尔本。。。会哦
[2026-02-22 03:37:05] LvvsiN: 弹幕别吵了，银行业一样一样有有有也会有h'y'hui't'y'r's'c'dn
[2026-02-22 03:37:05] 夕ro: @ropz：感觉观众不如墨尔本。。。会哦
[2026-02-22 03:37:05] 神奥联盟的竹兰本人: 不愧是上海的反哦大师吃过尼孩的亏
[2026-02-22 03:37:05] ThanatosSystem: @ropz：感觉观众不如墨尔本。。。会哦
[2026-02-22 03:37:05] CuteNekokk: 鹰美是单向哦，蜂美是双向哦
[2026-02-22 03:37:05] 章鱼长得帅: @zywoo：robin穿这里
[2026-02-22 03:37:05] 6657Bullys1mple: 不愧是上海的反哦大师吃过尼孩的亏
[2026-02-22 03:37:06] KevinTheFool: 布罗利Broli：提示一下 冰粉的哦是善意的哦2025-11-14 20:10:50
[2026-02-22 03:37:06] Ecifircas: 布罗利Broli：提示一下 冰粉的哦是善意的哦2025-11-14 20:10:50
[2026-02-22 03:37:06] 宫监手放监: @ropz：感觉观众不如墨尔本。。。会哦
[2026-02-22 03:37:06] 那个最帅的男人666: 冰队是双向哦 这个要分清楚
[2026-02-22 03:37:06] 伽蓝之堂的两仪式本人: @ropz：感觉观众不如墨尔本。。。会哦
[2026-02-22 03:37:07] DreamK1ng: @zywoo：robin穿这里
[2026-02-22 03:37:07] 我的我的sorry: 鹰美是单向哦，蜂美是双向哦
[2026-02-22 03:37:07] 印书林竹节虫: 鹰美是单向哦，蜂美是双向哦
[2026-02-22 03:37:07] ZywOo的猫: 小胖要是没听见哦就不会摸回来了
[2026-02-22 03:37:08] 猪肉佬的青春: @zywoo：robin穿这里
[2026-02-22 03:37:08] 玩神爱吃猪头肉: 冰队是双向哦 这个要分清楚
[2026-02-22 03:37:08] 顾应清: major？
[2026-02-22 03:37:08] -半生瓜Z: 鹰美是单向哦，蜂美是双向哦
[2026-02-22 03:37:08] 丿哈哈大笑:  @我要看後续：冰队是双向哦 这个要分清楚
[2026-02-22 03:37:08] 在原Nanami: @ropz：感觉观众不如墨尔本。。。会哦
[2026-02-22 03:37:08] 橙黄双翼: 蒙古是善意哦，冰队是恶意哦
[2026-02-22 03:37:08] 搞笑男西德尼: @ropz：感觉观众不如墨尔本。。。会哦
[2026-02-22 03:37:08] 好哥们黑龙歼灭刀: /hiki1111：冰队是双向哦 这个要分清楚
[2026-02-22 03:37:08] 冲上云霄的姨: 冰队是双向哦 这个要分清楚
[2026-02-22 03:37:08] 千古恨轮回尝061: 鹰美是单向哦，蜂美是双向哦
[2026-02-22 03:37:09] 梦殇374:  鹰美是单向哦，蜂美是双向哦，这点要分清楚
[2026-02-22 03:37:09] 载物的艾7: 鹰美是单向哦，蜂美是双向哦
[2026-02-22 03:37:09] 狄狄吖: @zywoo：robin穿这里
[2026-02-22 03:37:09] 缨只会嘤嘤嘤: @ropz：感觉观众不如墨尔本。。。会哦
[2026-02-22 03:37:09] 风雨晚烟: 海啸确实没素质
[2026-02-22 03:37:09] MeIoN39: @ropz：感觉观众不如墨尔本。。。会哦
[2026-02-22 03:37:09] 玩原神、Genshin: 鹰美是单向哦，蜂美是双向哦
[2026-02-22 03:37:09] 玩大哥我双倍呢: ／hiki1111：冰队是双向哦 这个要分清楚
[2026-02-22 03:37:10] 想添donk的小驴蹄: 这又是双相哦了？nb
[2026-02-22 03:37:10] 喃妈来俺可没抽: @ropz：感觉观众不如墨尔本。。。会哦
[2026-02-22 03:37:10] 提瓦特也是瓦: 鹰美是单向哦，蜂美是双向哦
[2026-02-22 03:37:10] 菜包家族一号继承人: 不愧是上海的反哦大师吃过尼孩的亏
[2026-02-22 03:37:10] 毛竹长在竹林里: 哦没用啊  有X光怎么玩
[2026-02-22 03:37:10] 爱被小泉吃的拉面同学: 不愧是上海的反哦大师吃过尼孩的亏
[2026-02-22 03:37:11] 送不起火箭我送张办卡: 不愧是上海的反哦大师吃过尼孩的亏
[2026-02-22 03:37:11] wedd1ddeJodd: 不愧是上海的反哦大师吃过尼孩的亏
[2026-02-22 03:37:11] 神Vt1me: 本来开挂瞄着没理由开枪的你一穿不是给机会吗
[2026-02-22 03:37:11] 一只红捏捏: 冰队是双向哦 这个要分清楚
[2026-02-22 03:37:11] 茉华jasm: @ropz：感觉观众不如墨尔本。。。会哦
[2026-02-22 03:37:11] 牢大与小布丁: 　　　 @ropz：感觉观众不如墨尔本。。。会哦
[2026-02-22 03:37:11] ykls的爱情结晶: @ropz：感觉观众不如墨尔本。。。会哦
[2026-02-22 03:37:12] 六月槿: @ropz：感觉观众不如墨尔本。。。会哦
[2026-02-22 03:37:12] 椰椰来了: @zywoo：我不穿你就行了，你还来劲了？
[2026-02-22 03:37:12] 花也烂漫: @ropz：感觉观众不如墨尔本。。。会哦
[2026-02-22 03:37:12] 可怜的怕怕: oooopz
[2026-02-22 03:37:12] 头号瓜孝子: 这又是双相哦了？nb
[2026-02-22 03:37:12] 皮皮SNAKE: 尼孩play
[2026-02-22 03:37:12] 剑崎梨梨花: @ropz：感觉观众不如墨尔本。。。会哦
[2026-02-22 03:37:13] Vitaliy的ZywOo本人: 鹰美是单向哦，蜂美是双向哦
[2026-02-22 03:37:13] 空有无垠: 不愧是上海的反哦大师吃过尼孩的亏
[2026-02-22 03:37:13] 治好了也会流口水: 鹰美是单向哦，蜂美是双向哦
[2026-02-22 03:37:13] 大颗寿司玩机器: @ropz：感觉观众不如墨尔本。。。会哦
[2026-02-22 03:37:13] Koutarou1010: 冰队是双向哦 这个要分清楚
[2026-02-22 03:37:13] 梅林老公: @zywoo：robin穿这里
[2026-02-22 03:37:14] CuteNekokk: 鹰美是单向哦，蜂美是双向哦
[2026-02-22 03:37:14] C9的牧濑红莉栖本人: 鹰美是单向哦，蜂美是双向哦
[2026-02-22 03:37:14] 一刀一个啵啵怪: 海啸这点微不足道的反击 还不如去喷布罗利转移焦点
[2026-02-22 03:37:14] an0v0y: @ropz：感觉观众不如墨尔本。。。会哦
[2026-02-22 03:37:14] 沉默的猪嘴嘴: 　　　 @ropz：感觉观众不如墨尔本。。。会哦
[2026-02-22 03:37:14] Vitality的Zyw0o本人: @ropz：感觉观众不如墨尔本。。。会哦
[2026-02-22 03:37:14] 吊人日子不过了: 🗿：👀
[2026-02-22 03:37:15] 暗月舞魂殇: @ropz：感觉观众不如墨尔本。。。会哦
[2026-02-22 03:37:15] 精神病狼: @ropz：感觉观众不如墨尔本。。。会哦
[2026-02-22 03:37:15] last玩神丶: 布罗利Broli：提示一下 冰粉的哦是善意的哦2025-11-14 20:10:50
[2026-02-22 03:37:15] 魔男的夜宴: @ropz：感觉观众不如墨尔本。。。会哦
[2026-02-22 03:37:15] 琉璃一世转身白: @zywoo：robin穿这里
[2026-02-22 03:37:15] dark1337: 没人知道这一把将是蜜蜂王朝的开始。。。
[2026-02-22 03:37:15] QU总的双下巴: @ropz：感觉观众不如墨尔本。。。会哦
[2026-02-22 03:37:15] Zekegod: 臭⌚️子！
[2026-02-22 03:37:16] 辛巴和他的辛巴兽: 布罗利Broli：提示一下 冰粉的哦是善意的哦2025-11-14 20:10:50
[2026-02-22 03:37:16] 静寂风: ？
[2026-02-22 03:37:16] 爱道冠: 鹰美是单向哦，蜂美是双向哦
[2026-02-22 03:37:16] 镜子里的潘多拉: 不愧是上海的反哦大师吃过尼孩的亏
[2026-02-22 03:37:17] 网友猪大壮: 被动哦了
[2026-02-22 03:37:17] ZninET9: 蒙古是善意哦，冰队是恶意哦
[2026-02-22 03:37:17] 李小小与虾大大: 感觉不如，巴黎major能哦啊
[2026-02-22 03:37:17] 拉海洛TOP1爱弥斯本人: 鹰美是单向哦，蜂美是双向哦
[2026-02-22 03:37:17] 用户2262650671: 不愧是上海的反哦大师吃过尼孩的亏
[2026-02-22 03:37:17] 是姬巧安啊: 鹰美是单向哦，蜂美是双向哦
[2026-02-22 03:37:18] 果内: @ropz：感觉观众不如墨尔本。。。会哦
[2026-02-22 03:37:18] 鹿公爷: @ropz：感觉观众不如墨尔本。。。会哦
[2026-02-22 03:37:18] 李知恩lynt: 不愧是上海的反哦大师吃过尼孩的亏
[2026-02-22 03:37:18] W--晚安: 鹰美是单向哦，蜂美是双向哦
[2026-02-22 03:37:18] 没事小子: 罗宾对着我的弹孔开枪
[2026-02-22 03:37:18] VitaLity的RopZ本伦: 不愧是上海的反哦大师吃过尼孩的亏
[2026-02-22 03:37:18] 这个人还彳亍吧: 炸死一个
[2026-02-22 03:37:18] 冲上云霄的姨: fw
[2026-02-22 03:37:19] 洞洞载载车车major冠军: @ropz：感觉观众不如墨尔本。。。会哦
[2026-02-22 03:37:19] 玩机器今晚还播吗: 鹰美是单向哦，蜂美是双向哦
[2026-02-22 03:37:19] 几度迎合02908: 鹰美是单向哦，蜂美是双向哦
[2026-02-22 03:37:19] 绝食十年攒爱top3飞机: @ropz：感觉观众不如墨尔本。。。会哦
[2026-02-22 03:37:19] BOYPaxson: O哦
[2026-02-22 03:37:19] 灯灭人未眠: @ropz：感觉观众不如墨尔本。。。会哦
[2026-02-22 03:37:20] KaiAsBefore: 这又是双相哦了？nb
[2026-02-22 03:37:20] ltachi7: 。。。
[2026-02-22 03:37:20] 专看玩机器的号: 这又是双相哦了？nb
[2026-02-22 03:37:20] 十点差49分: @ropz：感觉观众不如墨尔本。。。会哦
[2026-02-22 03:37:21] 李当心z: 鹰美是单向哦，蜂美是双向哦
[2026-02-22 03:37:21] 乱世浮沉ら: 鹰美是单向哦，蜂美是双向哦
[2026-02-22 03:37:21] 妖孽就看到: 鹰美是单向哦，蜂美是双向哦
[2026-02-22 03:37:21] 卡啊卡卡丶: 不愧是上海的反哦大师吃过尼孩的亏
[2026-02-22 03:37:21] 大聪兔: 布罗利Broli：提示一下 冰粉的哦是善意的哦2025-11-14 20:10:50
[2026-02-22 03:37:21] CSTG江叉叉: @ropz：感觉观众不如墨尔本。。。会哦
[2026-02-22 03:37:22] 粮食和蔬菜ll: 冰队是双向哦 这个要分清楚
[2026-02-22 03:37:22] Minatocc: fw
[2026-02-22 03:37:22] 能不能去洗头太恶心了: 冷知识，现在鹰美和玩美才是冰粉。。。
[2026-02-22 03:37:22] xuzVan: 虽然是蒙古人哦的但是对小蜜蜂一定是有利的这个要分清楚
[2026-02-22 03:37:22] 微笑灬雨凝: 不愧是上海的反哦大师吃过尼孩的亏
[2026-02-22 03:37:22] 灯火灬阑珊处2: 单双向哦分不清我看是真不玩cs啊
[2026-02-22 03:37:22] 我要看後续: 哦？哦？哦？哦？哦？哦？哦？哦？哦？哦？哦？哦？
[2026-02-22 03:37:23] 头号瓜孝子: 被动哦了
[2026-02-22 03:37:23] RGsdfbf: @ropz：感觉观众不如墨尔本。。。会哦
[2026-02-22 03:37:23] 丨Connor: P3
[2026-02-22 03:37:23] 初霜prpr: @ropz：感觉观众不如墨尔本。。。会哦
[2026-02-22 03:37:23] 可怜的怕怕: zywoooooooo
[2026-02-22 03:37:23] JOhNsoN兆: @冲上云霄的姨：冰队是双向哦 这个要分清楚
[2026-02-22 03:37:24] 瘤道仙人: @ropz：感觉观众不如墨尔本。。。会哦
[2026-02-22 03:37:24] 想吃千早爱音大雷: 不会有队哦了还输了吧
[2026-02-22 03:37:24] donk的金色插座: 鹰美是单向哦，蜂美是双向哦
[2026-02-22 03:37:25] 绝食十年攒爱top3飞机: 这真双向哦了
[2026-02-22 03:37:25] 大梦464: @ropz：感觉观众不如墨尔本。。。会哦
[2026-02-22 03:37:25] 腋毛老狗子: @ropz：感觉观众不如墨尔本。。。会哦
[2026-02-22 03:37:25] 用户91227835: 不愧是上海的反哦大师吃过尼孩的亏
[2026-02-22 03:37:25] AL1yaaa: @ropz：感觉观众不如墨尔本。。。会哦
[2026-02-22 03:37:25] 大二土木狗叫旺财: @罗宾：不愧是上海的反哦大师吃过尼孩的亏
[2026-02-22 03:37:25] G2俘虏uzi: @ropz：感觉不如上海的观众会哦
[2026-02-22 03:37:26] 2霸好长哦: @ropz：感觉观众不如墨尔本。。。会哦
[2026-02-22 03:37:26] Hana酱的宝贝阿根: 罗宾对着我的弹孔开枪
[2026-02-22 03:37:26] 不改名真的不中奖呀Cc: 鹰美是单向哦，蜂美是双向哦
[2026-02-22 03:37:27] 瑭珏:  @布罗利Broli：提示一下 冰粉的哦是善意的哦2025-11-14 20:10:
[2026-02-22 03:37:27] 玖歌233XD: 不愧是上海的反哦大师吃过尼孩的亏
[2026-02-22 03:37:27] Zxj1ing: @ropz：感觉观众不如墨尔本。。。会哦
[2026-02-22 03:37:27] 忽孝山庄: 鹰美是单向哦，蜂美是双向哦
[2026-02-22 03:37:27] 能不能去洗头太恶心了: 冷知识，现在鹰美和玩美才是冰粉。。。
[2026-02-22 03:37:27] qisini222: 我人晕了
[2026-02-22 03:37:27] 包包你到底哪里神了: @ropz：感觉观众不如墨尔本。。。会哦
[2026-02-22 03:37:28] sayhelloalone: 鹰美是单向哦，蜂美是双向哦
[2026-02-22 03:37:28] rem3dy: 猎鹰是定向给尼孩鲍点，弹幕懂个屁啊
[2026-02-22 03:37:29] 玩龟的神头: 玩宝宝别吹蜜蜂了，已经没有蜂美给你爆米了
[2026-02-22 03:37:29] 暗月凌: 布罗利Broli：提示一下 冰粉的哦是善意的哦2025-11-14 20:10:50
[2026-02-22 03:37:29] 20岁的大鹰精: @ropz：感觉观众不如墨尔本。。。会哦
[2026-02-22 03:37:29] LvvsiN: 银行业😄银行业😀银行业😃银行业😁银行业😆银行业🤪银行业😝
[2026-02-22 03:37:29] 阵雨天o: 哪个冰队 无冠的那个还是王朝的那个
[2026-02-22 03:37:30] c0ldzera: @ropz：感觉观众不如墨尔本。。。会哦
[2026-02-22 03:37:30] 夏一可四大皆空啊: 这真双向哦了
[2026-02-22 03:37:30] 用户61702167: 经典警家被炸死
[2026-02-22 03:37:30] 是英梨梨哦: 峰美闹麻了，major冠军真不如直播间礼物吧
[2026-02-22 03:37:30] B1kita: 鹰美是单向哦，蜂美是双向哦
[2026-02-22 03:37:31] Aleksumimi: @ropz：感觉观众哦的纪律性不如上海major遗迹...
[2026-02-22 03:37:31] 愿你此生勿忘你: WWE
[2026-02-22 03:37:31] LvvsiN: 玩宝宝，我发现在大学上学的时候肄业会很舒服，你可以试试
[2026-02-22 03:37:31] 撅银龙: 爆🥚反清喽
[2026-02-22 03:37:31] 量子毁灭717: @zywoo：吓我一跳，我以为我的透视被观众发现了，哦个毛啊
[2026-02-22 03:37:32] 柚子厨0721: @ropz：感觉观众不如墨尔本。。。会哦
[2026-02-22 03:37:32] 无限制的场: 单双向哦分不清我看是真不玩cs啊
[2026-02-22 03:37:32] 小哈哈哈哈别: @ropz：感觉观众不如墨尔本。。。会哦
[2026-02-22 03:37:32] 欧阳oyyo: @zywoo：罗宾穿歪了，对就是这里！
[2026-02-22 03:37:33] 洞洞载载车车major冠军: @ropz：感觉观众不如墨尔本。。。会哦
[2026-02-22 03:37:33] 看死Herbaut就杀了你: 冷知识，现在鹰美和玩美才是冰粉。。。
[2026-02-22 03:37:33] 一只菜菜鸟丶: @ropz：感觉观众不如墨尔本。。。会哦
[2026-02-22 03:37:33] PJ64JC: 布罗利Broli：提示一下 冰粉的哦是善意的哦2025-11-14 20:10:50
[2026-02-22 03:37:33] 唯爱初遇i: 不愧是上海的反哦大师吃过尼孩的亏
[2026-02-22 03:37:33] LvvsiN: 南孚一节更比六节强，也就是一节南孚比六节南孚强，六节南孚比三十六节强，三十六节比二百一十六节强
[2026-02-22 03:37:33] 腋毛老狗子: 懂哦大师
[2026-02-22 03:37:33] 晏华裤子拉链没拉: 大虾逆风输出能力能有尼孝一半就好了
[2026-02-22 03:37:33] 小叶月痕: 哦就哦了，又不丢人……弹幕还在双标……😓真不愧是6657😓
[2026-02-22 03:37:34] 67373的黄色闪光: 怎么还有布洛克
[2026-02-22 03:37:34] 欲安Y: 爆
[2026-02-22 03:37:34] JOhNsoN兆: @粮食和蔬菜ll：冰队是双向哦 这个要分清楚
[2026-02-22 03:37:34] himluo: 大布
[2026-02-22 03:37:34] 欧气来我家: 说蜂美哦的，蒙美哦没哦
[2026-02-22 03:37:34] 齐格哈尔德: 鹰美是单向哦，蜂美是双向哦
[2026-02-22 03:37:34] 男人至死皆少年: 这老哦的场馆能不能把x光关了啊这pgl
[2026-02-22 03:37:34] 丶丶Ken丶丶: 鹰美是单向哦，蜂美是双向哦
[2026-02-22 03:37:34] ZninET9: 不愧是上海的反哦大师吃过尼孩的亏
[2026-02-22 03:37:34] 不变的追求717: @ropz：感觉观众不如墨尔本。。。会哦
[2026-02-22 03:37:34] 用户9921747043: 虽然蜜蜂哦是双向的，但pv嘘是单向的
[2026-02-22 03:37:35] lhfhybxm: 鹰美是单向哦，蜂美是双向哦
[2026-02-22 03:37:35] 蓝星的floppy本人: 猎鹰是善意哦，蒙古是恶意哦这个得分清
[2026-02-22 03:37:35] 顾念心z: 没办法现场都是蒙古粉丝在哦，车主经验还是丰富
[2026-02-22 03:37:35] 马楼King张三: goat
[2026-02-22 03:37:35] Vitaliy的ZywOo本人: 蜂美
[2026-02-22 03:37:35] 潮打空城寂寞回丿: 大布
[2026-02-22 03:37:36] 斗鱼用户4901183769: 鹰美是单向哦，蜂美是双向哦
[2026-02-22 03:37:37] 玩迩妈丶master: 孩怕
[2026-02-22 03:37:37] 就帅的亚批: 峰美哦的夸张哦 看到这了观众支持谁看不出来
[2026-02-22 03:37:37] 玩台钳丶阿尔托莉雅: 哪个冰队 无冠的那个还是王朝的那个
[2026-02-22 03:37:37] 西莉尔Celia: 鹰美是单向哦，蜂美是双向哦
[2026-02-22 03:37:37] LvvsiN: 银行业😄银行业😀银行业😃银行业😁银行业😆银行业🤪银行业😝
[2026-02-22 03:37:37] 1x2c3: 大布
[2026-02-22 03:37:37] Falcons十天老粉: 全场观众是为蒙古欢呼的，但是哦都是冰粉哦的，这个要分清楚
[2026-02-22 03:37:38] 蜉蝣XwX: brock
[2026-02-22 03:37:38] 深情不过他: 哪个冰队 无冠的那个还是王朝的那个
[2026-02-22 03:37:38] 小叶月痕: 哦就哦了，又不丢人……弹幕还在双标……😓真不愧是6657😓
[2026-02-22 03:37:38] 北纬37度雨: 鹰美是单向哦，蜂美是双向哦
[2026-02-22 03:37:38] 不变的追求717: 鹰美是单向哦，蜂美是双向哦
[2026-02-22 03:37:38] 这个人还彳亍吧: 大番薯怎么做观战席
[2026-02-22 03:37:38] 飛鳥蘭: 鹰美是单向哦，蜂美是双向哦
[2026-02-22 03:37:38] User5092: 蒙美
[2026-02-22 03:37:39] 嫖猛男: 感觉不如G美上海哦死海参
[2026-02-22 03:37:39] Imupset: 大布
[2026-02-22 03:37:39] LvvsiN: 你为什么要把mαjor禁了，我收藏的一半弹幕全毁了
[2026-02-22 03:37:40] 殇10876: 蒙古怎么那么多粉丝
[2026-02-22 03:37:40] Ephem3ra: 弹幕好多哦哦哦给我看成饿看饿了...
[2026-02-22 03:37:40] rem3dy: 猎鹰哦是定向给尼孩鲍点，弹幕懂个屁啊（不是蒙古粉）
[2026-02-22 03:37:40] 白井黑子x: 鹰美是单向哦，蜂美是双向哦
[2026-02-22 03:37:40] 香洲古天乐: 哪个冰队 无冠的那个还是王朝的那个
[2026-02-22 03:37:40] 99组的爱城华恋本人: yekindar
[2026-02-22 03:37:40] 雨天禽兽: 懂你意思
[2026-02-22 03:37:41] ZHR留学失败: 鹰美是双向哦，蜂美是单向哦
[2026-02-22 03:37:41] 用户3661578: 蒙古粉丝确实不少
[2026-02-22 03:37:41] 能不能去洗头太恶心了: 冷知识，现在鹰美和玩美才是冰粉。。。
[2026-02-22 03:37:41] 我饿了648:  @JOhNsoN兆：@冲上云霄的姨：冰队是双向哦 这个要分清楚
[2026-02-22 03:37:41] LvvsiN: 我提一嘴这剧情越来越像上海major了
[2026-02-22 03:37:42] MSK枫: 鹰美是回家哦，蜂美是晋级哦
[2026-02-22 03:37:42] 捌幺零玖柒伍: 润人
[2026-02-22 03:37:42] 橙黄双翼: 懂你意思，蜂美哦的
[2026-02-22 03:37:42] Leonisss丶: @ropz：感觉观众不如墨尔本。。。会哦
[2026-02-22 03:37:42] 好兄弟鲁迪乌斯: 单双向哦分不清我看是真不玩cs啊
[2026-02-22 03:37:42] 月光下魔術師30281: @ropz：感觉观众不如墨尔本。。。会哦
[2026-02-22 03:37:42] 银行业本人: 蒙男
[2026-02-22 03:37:42] 风铃幽幽: 布罗利Broli：提示一下 冰粉的哦是善意的哦2025-11-14 20:10:50
[2026-02-22 03:37:42] 大二土木狗叫旺财: 哦就是害人的哦，蜂蜜才是善的哦
[2026-02-22 03:37:43] LvvsiN: 你为什么要把mαjor禁了，我收藏的一半弹幕全毁了
[2026-02-22 03:37:43] 撒浪嘿呦0v0: 爆 了
[2026-02-22 03:37:43] 小提琴杀人手: 哪个冰队 无冠的那个还是王朝的那个
[2026-02-22 03:37:43] suicho: 哪个冰队 无冠的那个还是王朝的那个
[2026-02-22 03:37:44] 欧阳oyyo: @zywoo：罗宾穿歪了……对，就是穿这里！
[2026-02-22 03:37:44] 花也烂漫: 你屏蔽词都快赶上新华词典了为什么不干脆开一百级发言？
[2026-02-22 03:37:45] mujica的长崎素世本人: 鹰美是单向哦，蜂美是双向哦
[2026-02-22 03:37:45] 最爱的马卡龙: 我算看明白了，niko老汤这些随时可以拿出来挡枪，你要是说到玩机器身上他真跟你急
[2026-02-22 03:37:45] 屌閪鳩撚柒: 全世界都是蒙古的后人
[2026-02-22 03:37:45] 车路士的凯赛多本人: brock
[2026-02-22 03:37:45] LvvsiN: 银行业😄银行业😀银行业😃银行业😁银行业😆银行业🤪银行业😝
[2026-02-22 03:37:45] IF的灰爱音本人: 感觉不如G美上海哦死海参
[2026-02-22 03:37:46] LWJTMAC01: 哪个冰队 无冠的那个还是王朝的那个
[2026-02-22 03:37:46] 爱被小泉吃的拉面同学: 峰美哦的夸张哦 看到这了观众支持谁看不出来
[2026-02-22 03:37:46] 明月夜无涯: 哦就是害人的哦，蜂蜜才是善的哦
[2026-02-22 03:37:46] 好哥们华子: 弹幕还在笑，想想你哪天买的杯子突然收紧，把你的那里绞坏了，你还笑得出来吗？
[2026-02-22 03:37:46] 工藤里没静香了: 爆
[2026-02-22 03:37:46] 顾念心z: 没办法现场都是蒙古粉丝在哦，车主比赛经验还是丰富啊
[2026-02-22 03:37:46] 欧阳oyyo: @zywoo：罗宾穿歪了……对，就是穿这里！
[2026-02-22 03:37:46] eyu星天涯: 肌肉cs
[2026-02-22 03:37:46] 葬送的芙蓉王: 蒙古都要输了 这些人还这么高兴
[2026-02-22 03:37:47] 星海羽弦: 全球主场
[2026-02-22 03:37:47] Abyss丶珈百璃: 哪个冰队 无冠的那个还是王朝的那个
[2026-02-22 03:37:47] mikeycu: @ropz：感觉观众不如墨尔本。。。会哦
[2026-02-22 03:37:47] 好姐妹芙卡洛斯: 单纯恨蜂 和你一样
[2026-02-22 03:37:47] 玩神爱吃猪头肉: 哪个冰队 无冠的那个还是王朝的那个
[2026-02-22 03:37:47] 蒂花之秀洗发水u: 白皮猪是这样的
[2026-02-22 03:37:47] LvvsiN: 其实碗橱就是猪灵，你不拿黄金丢他他就不跟你说话
[2026-02-22 03:37:48] 我们往后: 原来现场是蜜蜂粉丝哦嘛
[2026-02-22 03:37:48] 马楼King张三: 鹰美是回家哦，蜂美是晋级哦
[2026-02-22 03:37:48] 玩猴爪丶MonkeyPaw: 冷知识，现在鹰美和玩美才是冰粉。。。
[2026-02-22 03:37:48] Litt1e丶Traveler: 小蜜蜂王朝太久了
[2026-02-22 03:37:48] 串串金枪鱼: 冷知识，现在鹰美和玩美才是冰粉。。。
[2026-02-22 03:37:48] gogolz: 学到了
[2026-02-22 03:37:49] Vitality的羽贺文乃本人: @zywoo：罗宾穿歪了……对，就是穿这里！
[2026-02-22 03:37:49] 用户20038267: 这波是哦给小蜜蜂的吗，藕粉有点蠢啊
[2026-02-22 03:37:49] 战场原黑仪丿: 蒙古只有上海major和iem成都没粉丝
[2026-02-22 03:37:49] 洛杉矶究极风暴: 有没有可能是恨小蜜蜂的人太多了
[2026-02-22 03:37:49] LvvsiN: 弹幕也就网上说说，现实里谁不觉得樱姐是好女孩（删括号领一条远坂凛同款鸟笼）
[2026-02-22 03:37:49] Hzinc: 蒙古怎么那么多粉丝
[2026-02-22 03:37:50] 飛鳥蘭: mvp和冰粉分不清 你是真的不玩cs吗
[2026-02-22 03:37:50] 锤子带明星: 哪个冰队 无冠的那个还是王朝的那个
[2026-02-22 03:37:51] Re灬琉年惘反: 感觉不如G美上海哦死海参
[2026-02-22 03:37:51] 大稽基: 哪个冰队 无冠的那个还是王朝的那个
[2026-02-22 03:37:51] 海绵宝宝农批儿: 峰美哦的夸张哦 看到这了观众支持谁看不出来
[2026-02-22 03:37:51] 野战斯巴达三百勇士: 啊？他们也在采访吃冰淇淋吗
[2026-02-22 03:37:51] LvvsiN: 你屏蔽词都快赶上新华词典了为什么不干脆开一百级发言？
[2026-02-22 03:37:52] 欧阳oyyo: @zywoo：罗宾穿歪了……对，就是穿这里！
[2026-02-22 03:37:52] 大二土木狗叫旺财: 冷知识，现在鹰美和玩美才是冰粉。。。
[2026-02-22 03:37:52] 2442861055: 鹰美是回家哦，蜂美是晋级哦
[2026-02-22 03:37:52] 杨幂夸我帅: 都是冰冰串的
[2026-02-22 03:37:53] bsqqaq: 海啸尸*又开始哦了，真没素质。
[2026-02-22 03:37:53] trajiro: 感觉不如G美上海哦死海参
[2026-02-22 03:37:53] NearrrR: 感觉不如猎鹰粉丝多
[2026-02-22 03:37:53] 拉海洛TOP1爱弥斯本人: 其实碗橱就是猪灵，你不拿黄金丢他他就不跟你说话
[2026-02-22 03:37:53] LvvsiN: 玩宝宝，我发现在大学上学的时候肄业会很舒服，你可以试试
[2026-02-22 03:37:54] Niko305355: 国内粉丝少而已
[2026-02-22 03:37:54] 爱被小泉吃的拉面同学: 哪个冰队 无冠的那个还是王朝的那个
[2026-02-22 03:37:54] TeamVitality的Ropz本人: fw
[2026-02-22 03:37:54] RickOwens丶: 2楼穿穿
[2026-02-22 03:37:54] 门er清: 就不能把线上观赛的X光关了嘛，他们哦的时候我都不紧张啊
[2026-02-22 03:37:55] 没有真名233: 哪个冰队 无冠的那个还是王朝的那个
[2026-02-22 03:37:55] RyougiAqua: 学到了
[2026-02-22 03:37:55] 用户6235382488: 哪个冰队 无冠的那个还是王朝的那个
[2026-02-22 03:37:55] 大姜饼: 冷知识，现在鹰美和玩美才是冰粉。。。
[2026-02-22 03:37:55] 白井黑子x: 鹰美是单向哦，蜂美是双向哦
[2026-02-22 03:37:55] JOhNsoN兆: 鹰美是回家哦，蜂美是晋级哦
[2026-02-22 03:37:55] LvvsiN: 我提一嘴这剧情越来越像上海major了
[2026-02-22 03:37:56] Jess2: 峰美哦的夸张哦 看到这了观众支持谁看不出来
[2026-02-22 03:37:56] 双刀牛TMac: 满场给蒙古加油的也能说是蜂美哦的呀，那你无敌了
[2026-02-22 03:37:56] 最强反派Vitality: 哪个冰队 无冠的那个还是王朝的那个
[2026-02-22 03:37:56] 落叶悠哉落: 哪个冰队 无冠的那个还是王朝的那个
[2026-02-22 03:37:56] 飛鳥蘭: @ropz：感觉观众不如墨尔本。。。会哦
[2026-02-22 03:37:56] 用户0650953437: 哪个冰队 无冠的那个还是王朝的那个
[2026-02-22 03:37:56] 青闽: 哪个冰队 无冠的那个还是王朝的那个
[2026-02-22 03:37:56] 魔男的夜宴: 东欧人最严厉的父亲
[2026-02-22 03:37:57] 窦妪惯例全思慕: 哪个冰队 无冠的那个还是王朝的那个
[2026-02-22 03:37:57] 能不能去洗头太恶心了:  @锤子带明星：哪个冰队 无冠的那个还是王朝的那个
[2026-02-22 03:37:57] 搞笑男西德尼: 感觉不如G美上海哦死海参
[2026-02-22 03:37:57] Asaki薯片: 有没有可能是恨小蜜蜂的人太多了
[2026-02-22 03:37:57] 顾念心z: 没办法现场都是蒙古粉丝在哦，车主比赛经验还是丰富啊
[2026-02-22 03:37:58] LvvsiN: @阿汤日记：一个人，5发子弹，保住格陵兰岛。我不会叫它不可能完成的任务，我现在只想先回家看亦博
[2026-02-22 03:37:58] HirasawaaYui: 蒙古只有上海major和iem成都没粉丝
[2026-02-22 03:37:58] 靠咖啡活命: 哪个冰队 无冠的那个还是王朝的那个
[2026-02-22 03:37:58] 捌幺零玖柒伍: 在美国的都是入群人
[2026-02-22 03:37:58] 远坂凛1111: 哪个冰队 无冠的那个还是王朝的那个
[2026-02-22 03:37:58] 巴甫洛夫的滥犬: 现场不是蒙美吗，怎么成冰粉哦了
[2026-02-22 03:37:59] 冲上云霄的姨: 哪个冰队 无冠的那个还是王朝的那个
[2026-02-22 03:37:59] 共难共难: 感觉不如G美上海哦死海参
[2026-02-22 03:37:59] 煜煜毛毛ti冠军: 冷知识，现在鹰美和玩美才是冰粉。。。
[2026-02-22 03:37:59] 爱喝乌龙茶Tiz: 海啸的哦是单向的哦 冰粉的哦是双向的哦 要分清楚哦
[2026-02-22 03:37:59] LvvsiN: 我让你开双倍你二龙吗？老子荧光棒要过期了
[2026-02-22 03:38:00] 车路士的凯赛多本人: 哪个冰队 无冠的那个还是王朝的那个
[2026-02-22 03:38:00] 和泉千晶MAo: 冷知识，现在鹰美和玩美才是冰粉。。。
[2026-02-22 03:38:00] 罕见阴暗大铁牛: 哪个冰队 无冠的那个还是王朝的那个
[2026-02-22 03:38:00] QU总的双下巴: 哦美
[2026-02-22 03:38:00] a队的丰川祥子: 哪个冰队 无冠的那个还是王朝的那个
[2026-02-22 03:38:01] 茂名水鬼: 冷知识，现在鹰美和玩美才是冰粉。。。
[2026-02-22 03:38:01] DmeiJ: 闹麻了，PV赢了都被嘘，这把全在给蒙古加油你说谁是单向哦？
[2026-02-22 03:38:01] kios真绪: 哪个冰队 无冠的那个还是王朝的那个
[2026-02-22 03:38:01] LvvsiN: 就tm喜欢银行业🥰银行坏账我喜欢🥰银行挤兑我还喜欢😍利率调低我也喜欢🤤老子亲烂银行业的脸😘
[2026-02-22 03:38:01] 玩大哥很硬很粗很大: 哪个冰队 无冠的那个还是王朝的那个
[2026-02-22 03:38:01] Kacyusha: 　　　 哪个冰队 无冠的那个还是王朝的那个
[2026-02-22 03:38:02] G2俘虏uzi: 哪个冰队 无冠的那个还是王朝的那个
[2026-02-22 03:38:02] 橙黄双翼: 哪个冰队 无冠的那个还是王朝的那个
[2026-02-22 03:38:02] 神奥联盟的竹兰本人: 哪个冰队 无冠的那个还是王朝的那个
[2026-02-22 03:38:02] 用户6235382488: 哪个冰队 无冠的那个还是王朝的那个
[2026-02-22 03:38:02] wakumizu: 哪个冰队 无冠的那个还是王朝的那个
[2026-02-22 03:38:03] LvvsiN: 弹幕别吵了，银行业一样一样有有有也会有h'y'hui't'y'r's'c'dn
[2026-02-22 03:38:04] Hcmor: 感觉不如G美上海哦死海参
[2026-02-22 03:38:04] 玩机器今晚还播吗: 草根崛起谁不喜欢呢，也就cn喜欢流量队了
[2026-02-22 03:38:04] 用户2381770840: 哪个冰队 无冠的那个还是王朝的那个
[2026-02-22 03:38:04] 445440: 　　　 哪个冰队 无冠的那个还是王朝的那个
[2026-02-22 03:38:05] Zxj1ing: 哪个冰队 无冠的那个还是王朝的那个
[2026-02-22 03:38:05] 左右丨摇摆: 粉丝多是大家只想FK apex
[2026-02-22 03:38:05] 咩力羊: 哪个冰队 无冠的那个还是王朝的那个
[2026-02-22 03:38:05] rem3dy: 猎鹰哦是定向给尼孩鲍点，弹幕懂个屁啊（不是蒙古粉）
[2026-02-22 03:38:05] 宫监手放监: 哪个冰队 无冠的那个还是王朝的那个
[2026-02-22 03:38:05] LvvsiN: 孩子们快跑，马修赫伯特来了😨卧槽你的怎么是马枪和BOT
[2026-02-22 03:38:06] M1yauchiReng3: 白皮慕强成吉思汗粉呐我看是
[2026-02-22 03:38:06] JOhNsoN兆: 哪个冰队 无冠的那个还是王朝的那个
[2026-02-22 03:38:06] 伽蓝之堂的两仪式本人: 冷知识，现在鹰美和玩美才是冰粉。。。
[2026-02-22 03:38:07] 鸽佬kartoloTG: 吊人
[2026-02-22 03:38:07] 0夜雨十年灯0: 海啸又扫转了。。
[2026-02-22 03:38:07] Aleksumimi: 哪个冰队 无冠的那个还是王朝的那个
[2026-02-22 03:38:07] 空有无垠: 现场不是蒙美吗，怎么成冰粉哦了
[2026-02-22 03:38:07] wakumizu: 冷知识，现在鹰美和玩美才是冰粉。。。
[2026-02-22 03:38:08] LvvsiN: 玩 出，我双倍呢？😡😡玩 出，我双倍呢？😡😡玩 出，我双倍呢？😡😡玩 出，我双倍呢？😡
[2026-02-22 03:38:08] 散金: 哪个冰队 无冠的那个还是王朝的那个
[2026-02-22 03:38:08] Cloud9的咬人猫本人: 哪个冰队 无冠的那个还是王朝的那个
[2026-02-22 03:38:08] 天守阁信长: 记住猎鹰哦了没搜的点是双向 蜜蜂两个错过哦了是单向
[2026-02-22 03:38:08] 玩龟的神头: 哪个冰队 无冠的那个还是王朝的那个
[2026-02-22 03:38:09] 北宇治拳王久石奏: 我还以为老外针对亚裔，原来只是针对...
[2026-02-22 03:38:09] 玩大哥我双倍呢: 神队
[2026-02-22 03:38:09] bsqqaq: 海啸尸*又开始哦了，真没素质。
[2026-02-22 03:38:10] LvvsiN: 我提一嘴这剧情越来越像上海major了
[2026-02-22 03:38:10] 镜子里的潘多拉: 哪个冰队 无冠的那个还是王朝的那个
[2026-02-22 03:38:11] 不变的追求717: 哪个冰队 无冠的那个还是王朝的那个
[2026-02-22 03:38:11] wedd1ddeJodd: 鹰美是单向哦，蜂美是双向哦，这是结果论不是因果论😁
[2026-02-22 03:38:11] 皮特pite174: 蜜蜂的哦😐是双向哦😐，这一点要搞清楚
[2026-02-22 03:38:11] 咩咩口: 冷知识，现在鹰美和玩美才是冰粉。。。
[2026-02-22 03:38:11] 用户3661578: 感觉不如G美上海哦死海参
[2026-02-22 03:38:11] 空有无垠: 海啸又扫转了。。
[2026-02-22 03:38:12] LvvsiN: 孩子们快跑，马修赫伯特来了😨卧槽你的怎么是马枪和BOT
[2026-02-22 03:38:12] 是英梨梨哦: 恐怖乱摸人
[2026-02-22 03:38:12] 椰子79K: 主队回家了默认变蒙古粉丝
[2026-02-22 03:38:12] 载物的艾7: 哪个冰队 无冠的那个还是王朝的那个
[2026-02-22 03:38:14] LvvsiN: 我让你开双倍你二龙吗？老子荧光棒要过期了
[2026-02-22 03:38:14] 愤怒的火猴: 抓娃娃
[2026-02-22 03:38:14] 兔子Usaki: 欧洲人被蒙古人征服的远古基因激活了
[2026-02-22 03:38:14] 量子毁灭717: 观众看到猎鹰被淘汰了就给蒙古哦，真没素质啊
[2026-02-22 03:38:15] 瑭珏: 哪个冰队 无冠的那个还是王朝的那个
[2026-02-22 03:38:15] C1aymore7754: 不是因为是蒙古粉丝o的 ？
[2026-02-22 03:38:15] TC异天藤: 哪个冰队 无冠的那个还是王朝的那个
[2026-02-22 03:38:16] LvvsiN: 你为什么要把mαjor禁了，我收藏的一半弹幕全毁了
[2026-02-22 03:38:16] 小韩想要个对象: 哪个冰队 无冠的那个还是王朝的那个
[2026-02-22 03:38:16] 双刀牛TMac: 哪个冰队 无冠的那个还是王朝的那个
[2026-02-22 03:38:16] 蓝鲸少年与小巷: 现场不是蒙美吗，怎么成冰粉哦了
[2026-02-22 03:38:17] 爱健身的然然然然然: apex在23的绝技 静音干啦
[2026-02-22 03:38:17] 用户3606237177: 哪个冰队 无冠的那个还是王朝的那个
[2026-02-22 03:38:17] rem3dy: 猎鹰哦是定向给尼孩鲍点，弹幕懂个屁啊（不是蒙古粉）
[2026-02-22 03:38:18] 想看老师打黄金赛: ？
[2026-02-22 03:38:18] wudild: 提醒一下，只要哦的都是🧊队粉丝，这一点要分清楚
[2026-02-22 03:38:18] LvvsiN: 我让你开双倍你二龙吗？老子荧光棒要过期了
[2026-02-22 03:38:18] Wi1en: 把把静音摸a小，藏战术了
[2026-02-22 03:38:18] bsqqaq: 哪个冰队 无冠的那个还是王朝的那个
[2026-02-22 03:38:19] 李神神神神: 哪个冰队 无冠的那个还是王朝的那个
[2026-02-22 03:38:20] LvvsiN: 南孚一节更比六节强，也就是一节南孚比六节南孚强，六节南孚比三十六节强，三十六节比二百一十六节强
[2026-02-22 03:38:20] gogolz: 干摸战术
[2026-02-22 03:38:22] LvvsiN: 弹幕别吵了，银行业一样一样有有有也会有h'y'hui't'y'r's'c'dn
[2026-02-22 03:38:22] 玩猴爪丶MonkeyPaw: 哪个冰队 无冠的那个还是王朝的那个还是CN一哥的那个
[2026-02-22 03:38:23] 茂名水鬼: 哪个冰队 无冠的那个还是王朝的那个
[2026-02-22 03:38:24] LvvsiN: 银行业😄银行业😀银行业😃银行业😁银行业😆银行业🤪银行业😝
[2026-02-22 03:38:24] 李神神神神: 哪个冰队 无冠的那个还是王朝的那个
[2026-02-22 03:38:24] bsqqaq: 哪个冰队 无冠的那个还是王朝的那个
[2026-02-22 03:38:25] Wardel: 哪个冰队 无冠的那个还是王朝的那个
[2026-02-22 03:38:25] richardlee97: 哪个冰队 无冠的那个还是王朝的那个还是CN一哥的那个
[2026-02-22 03:38:26] LvvsiN: 南孚一节更比六节强，也就是一节南孚比六节南孚强，六节南孚比三十六节强，三十六节比二百一十六节强
[2026-02-22 03:38:26] JuL1us: 考 死
[2026-02-22 03:38:26] rem3dy: 猎鹰哦是定向给尼孩鲍点，弹幕懂个屁啊（不是蒙古粉）
[2026-02-22 03:38:27] 深情不过他: 哪个冰队 无冠的那个还是王朝的那个
[2026-02-22 03:38:27] 爱喝乌龙茶Tiz: 蜜蜂的哦😐是双向哦😐，这一点要搞清楚
[2026-02-22 03:38:27] 好哥们黑龙歼灭刀: 哪个冰队 无冠的那个还是王朝的那个
[2026-02-22 03:38:28] LvvsiN: 孩子们快跑，马修赫伯特来了😨卧槽你的怎么是马枪和BOT
[2026-02-22 03:38:28] 尼尼海海出入平安: 哪个冰队 无冠的那个还是王朝的那个
[2026-02-22 03:38:29] NearrrR: 考死
[2026-02-22 03:38:29] bsqqaq: 海啸尸*又开始哦了，真没素质。
[2026-02-22 03:38:29] 小蜜蜂的长期素食本人: 考死了
[2026-02-22 03:38:30] 看死Herbaut就杀了你: 现场蒙古粉喊成啥样了，还是蜂美哦吗
[2026-02-22 03:38:30] LvvsiN: 玩宝宝，我发现在大学上学的时候肄业会很舒服，你可以试试
[2026-02-22 03:38:30] 不变的追求717: 哪个冰队 无冠的那个还是王朝的那个
[2026-02-22 03:38:31] 橙黄双翼: 哪个冰队 无冠的那个还是王朝的那个
[2026-02-22 03:38:31] 99组的爱城华恋本人: 猎鹰哦是定向给尼孩鲍点，弹幕懂个屁啊（不是蒙古粉）
[2026-02-22 03:38:31] 撒浪嘿呦0v0: 边
[2026-02-22 03:38:32] 马楼King张三: 考死
[2026-02-22 03:38:32] LvvsiN: 玩宝宝，我发现在大学上学的时候肄业会很舒服，你可以试试
[2026-02-22 03:38:32] 天守阁信长: 哪个冰队 无冠的那个还是王朝的那个还是CN一哥的那个
[2026-02-22 03:38:32] 机长家的华仔: 哪个冰队 无冠的那个还是王朝的那个
[2026-02-22 03:38:32] 问天丶Aiden: 说白了就是你们太菜，不尊重你别人随便静音接触
[2026-02-22 03:38:34] 小韩想要个对象: 哪个冰队 无冠的那个还是王朝的那个
[2026-02-22 03:38:34] 冲上云霄的姨: 现场不是蒙美吗，怎么成冰粉哦了
[2026-02-22 03:38:34] 好姐妹芙卡洛斯: 孝
[2026-02-22 03:38:34] LvvsiN: 为什么房管封的不能给鱼丸……还以为今天晚上得吃了……
[2026-02-22 03:38:34] 扣1少活十天: 🧊队不是指GL吗？都叫玩家军了。。。
[2026-02-22 03:38:34] 皮特pite174: 蜜蜂的哦😐是双向哦😐，这一点要搞清楚
[2026-02-22 03:38:34] 死神塔的特莉波卡本人: 考死
[2026-02-22 03:38:35] MYGO的A0N0本人: 蜜蜂的哦😐是双向哦😐，这一点要搞清楚
[2026-02-22 03:38:35] 洛陽城里看落陽: 数值
[2026-02-22 03:38:35] bsqqaq: 海啸尸*又开始哦了，真没素质。
[2026-02-22 03:38:36] Akiyama的Mio本人: meizi
[2026-02-22 03:38:36] 最好的天赐: 现场谁粉丝多我不说，反正都在骂豆豆
[2026-02-22 03:38:36] LvvsiN: 南孚一节更比六节强，也就是一节南孚比六节南孚强，六节南孚比三十六节强，三十六节比二百一十六节强
[2026-02-22 03:38:36] 用户61702167: 藏战术了
[2026-02-22 03:38:36] 爱被小泉吃的拉面同学: 哪个冰队 无冠的那个还是王朝的那个还是CN一哥的那个
[2026-02-22 03:38:36] triangle233: 哪个冰队 无冠的那个还是王朝的那个
[2026-02-22 03:38:36] 李小小与虾大大: Niko play
[2026-02-22 03:38:37] 落天华: 哪个冰队 无冠的那个还是王朝的那个还是CN一哥的那个
[2026-02-22 03:38:38] LvvsiN: 为什么房管封的不能给鱼丸……还以为今天晚上得吃了……
[2026-02-22 03:38:38] 泪水的冷冽: 绿龙play
[2026-02-22 03:38:38] JOhNsoN兆: 哪个冰队 无冠的那个还是王朝的那个
[2026-02-22 03:38:39] Summer鹰001: 藏战术了
[2026-02-22 03:38:39] 空有无垠: 现场蒙古粉喊成啥样了，还是蜂美哦吗
[2026-02-22 03:38:39] 古怪的一个人: cn play
[2026-02-22 03:38:39] 电子厂表演艺术家: 哪个冰队 无冠的那个还是王朝的那个
[2026-02-22 03:38:39] 嫖猛男: 法式干拉
[2026-02-22 03:38:39] 爱载物更爱玩机器: 哪个冰队 无冠的那个还是王朝的那个
[2026-02-22 03:38:40] 言羽zzz: 😅头次见到串自己主队的粉丝，冰粉真被串疯了
[2026-02-22 03:38:40] LvvsiN: 为什么房管封的不能给鱼丸……还以为今天晚上得吃了……
[2026-02-22 03:38:40] 玩大哥我双倍呢: 哪个冰队 无冠的那个还是王朝的那个
[2026-02-22 03:38:41] 北纬37度雨: 编
[2026-02-22 03:38:41] Box强音来袭: 哪个冰队 无冠的那个还是王朝的那个还是CN一哥的那个
[2026-02-22 03:38:42] 99组的爱城华恋本人: 哪个冰队 无冠的那个还是王朝的那个
[2026-02-22 03:38:42] SideChannel: 太bt了
[2026-02-22 03:38:42] wsxj131: 🧊队不是指GL吗？都叫玩家军了。。。
[2026-02-22 03:38:42] 可怜的怕怕: ？
[2026-02-22 03:38:42] sjtu的musketeers本人: 藏战术
[2026-02-22 03:38:42] LvvsiN: 为什么房管封的不能给鱼丸……还以为今天晚上得吃了……
[2026-02-22 03:38:42] 好哥们黑龙歼灭刀: 🧊队不是指GL吗？都叫玩家军了。。。
[2026-02-22 03:38:42] xuzVan: 原来这蒙古人都是冰粉特意哦似自己国家队，太坏了
[2026-02-22 03:38:42] 一只菜菜鸟丶: 现场蒙古粉喊成啥样了，还是蜂美哦吗
[2026-02-22 03:38:42] fairy游龙归海: 别考了别考了
[2026-02-22 03:38:43] 爱喝乌龙茶Tiz: 猎鹰哦是定向给尼孩鲍点，弹幕懂个屁啊（不是蒙古粉）
[2026-02-22 03:38:43] soul丶兮颜: 不暴露战术
[2026-02-22 03:38:43] 千早anon本人: 哪个冰队 无冠的那个还是王朝的那个
[2026-02-22 03:38:43] 鹿公爷: 哪个冰队 无冠的那个还是王朝的那个
[2026-02-22 03:38:43] 不改名真的不中奖呀Cc: 哪个冰队 无冠的那个还是王朝的那个
[2026-02-22 03:38:43] 玩斯特机机: 哪个冰队 无冠的那个还是王朝的那个还是CN一哥的那个
[2026-02-22 03:38:44] LvvsiN: 你屏蔽词都快赶上新华词典了为什么不干脆开一百级发言？
[2026-02-22 03:38:44] 粮食和蔬菜ll: 蜜蜂的哦😐是双向哦😐，这一点要搞清楚
[2026-02-22 03:38:44] 默默momoMoMo123: 海啸尸*又开始哦了，真没素质。
[2026-02-22 03:38:45] 斗鱼用户4901183769: 哪个冰队 无冠的那个还是王朝的那个
[2026-02-22 03:38:45] 春花敲可爱的啦: 🧊队不是指GL吗？都叫玩家军了。。。
[2026-02-22 03:38:46] 空有无垠: 哪个冰队 无冠的那个还是王朝的那个
[2026-02-22 03:38:46] 罕见阴暗大铁牛: 法式干拉
[2026-02-22 03:38:46] 蜉蝣XwX: 藏战术了
[2026-02-22 03:38:46] 时间就是深海咸鱼: 哪个冰队 无冠的那个还是王朝的那个
[2026-02-22 03:38:46] ericzxc:  藏战术了
[2026-02-22 03:38:46] LvvsiN: 其实碗橱就是猪灵，你不拿黄金丢他他就不跟你说话
[2026-02-22 03:38:46] User5092: 🧊队不是指GL吗？都叫玩家军了。。。
[2026-02-22 03:38:46] 星海羽弦: 🧊队不是指GL吗？都叫玩家军了。。。
[2026-02-22 03:38:46] Leonisss丶: 哪个冰队 无冠的那个还是王朝的那个
[2026-02-22 03:38:46] 用玩大哥的角磨机吧: 为什么房管封的不能给鱼丸……还以为今天晚上得吃了……
[2026-02-22 03:38:47] 洞洞载载车车major冠军: 现场蒙古粉喊成啥样了，还是蜂美哦吗
[2026-02-22 03:38:47] 2442861055: a处又开始动鬼脑了
[2026-02-22 03:38:47] 骄骄爱吃糖: 玩的太bt了这沙二
[2026-02-22 03:38:47] 搞笑男西德尼: 现场蒙古粉喊成啥样了，还是蜂美哦吗
[2026-02-22 03:38:47] gogolz: 天禄PLAY
[2026-02-22 03:38:48] bsqqaq: 海啸尸*又开始哦了，真没素质。
[2026-02-22 03:38:48] 最强反派Vitality: 哪个冰队 无冠的那个还是王朝的那个
[2026-02-22 03:38:48] 玩斯特机机: 🧊队不是指GL吗？都叫玩家军了。。。
[2026-02-22 03:38:48] 茂名水鬼: 🧊队不是指GL吗？都叫玩家军了。。。
[2026-02-22 03:38:48] LvvsiN: 为什么房管封的不能给鱼丸……还以为今天晚上得吃了……
[2026-02-22 03:38:48] TheMongolZ的上单本人: 🧊队不是指GL吗？都叫玩家军了。。。
[2026-02-22 03:38:48] 玩猴爪丶MonkeyPaw: 🧊队不是指GL吗？都叫玩家军了。。。
[2026-02-22 03:38:48] 拉海洛TOP1爱弥斯本人: 🧊队不是指GL吗？都叫玩家军了。。。
[2026-02-22 03:38:48] 爱被小泉吃的拉面同学: 🧊队不是指GL吗？都叫玩家军了。。。
[2026-02-22 03:38:48] 大哥心里慌: 哪个冰队 无冠的那个还是王朝的那个
[2026-02-22 03:38:48] Mortnotz: 哪个冰队 无冠的那个还是王朝的那个
[2026-02-22 03:38:49] 好姐妹太卜司符玄: 蜜蜂的哦😐是双向哦😐，这一点要搞清楚
[2026-02-22 03:38:49] 用户8856581433: 🧊队不是指GL吗？都叫玩家军了。。。
[2026-02-22 03:38:49] 撒浪嘿呦0v0: 🧊队不是指GL吗？都叫玩家军了。。。
[2026-02-22 03:38:49] 咩咩口: 🧊队不是指GL吗？都叫玩家军了。。。
[2026-02-22 03:38:50] 好哥们黑龙歼灭刀: 原来这蒙古人都是冰粉特意哦似自己国家队，太坏了
[2026-02-22 03:38:50] 爆爆爆开爆: 哪个冰队 无冠的那个还是王朝的那个还是CN一哥的那个
[2026-02-22 03:38:50] 天守阁信长: 原来这蒙古人都是冰粉特意哦似自己国家队，太坏了
[2026-02-22 03:38:50] 忽孝山庄: 🧊队不是指GL吗？都叫玩家军了。。。
[2026-02-22 03:38:50] ZninET9: 海啸尸*又开始哦了，真没素质。
[2026-02-22 03:38:50] 无伟契约: 藏战术
[2026-02-22 03:38:50] LvvsiN: 孩子们快跑，马修赫伯特来了😨卧槽你的怎么是马枪和BOT
[2026-02-22 03:38:51] 笑颜一番黄婷婷: 现场谁粉丝多我不说，反正都在骂豆豆
[2026-02-22 03:38:51] bsqqaq: 海啸尸*又开始哦了，真没素质。
[2026-02-22 03:38:51] 玩台钳丶阿尔托莉雅: 🧊队不是指GL吗？都叫玩家军了。。。
[2026-02-22 03:38:51] 用户6235382488: 原来这蒙古人都是冰粉特意哦似自己国家队，太坏了
[2026-02-22 03:38:51] 听风丶随来: lvg play
[2026-02-22 03:38:52] Zxj1ing: 哪个冰队 无冠的那个还是王朝的那个
[2026-02-22 03:38:52] 第三猪白猪玩斯曼: ？
[2026-02-22 03:38:52] 99组的爱城华恋本人: 🧊队不是指GL吗？都叫玩家军了。。。
[2026-02-22 03:38:52] LvvsiN: 你为什么要把mαjor禁了，我收藏的一半弹幕全毁了
[2026-02-22 03:38:52] 静寂风: ？？
[2026-02-22 03:38:53] wantrue: 🧊队不是指GL吗？都叫玩家军了。。。
[2026-02-22 03:38:53] 橙黄双翼: 🧊队不是指GL吗？都叫玩家军了。。。
[2026-02-22 03:38:53] Box强音来袭: 🧊队不是指GL吗？都叫玩家军了。。。
[2026-02-22 03:38:53] 77一定会是我的: 透视
[2026-02-22 03:38:53] astralis的jabbi本人: 🧊队不是指GL吗？都叫玩家军了。。。
[2026-02-22 03:38:54] 十点差49分: 藏战术
[2026-02-22 03:38:54] dark1337: 🧊队不是指GL吗？都叫玩家军了。。。
[2026-02-22 03:38:54] 卧看星河尽意明丶: 针对研究蜜蜂的猎鹰了
[2026-02-22 03:38:54] Aurorayyyy: 哪个冰队 无冠的那个还是王朝的那个
[2026-02-22 03:38:54] TwistcC21: 🧊队不是指GL吗？都叫玩家军了。。。
[2026-02-22 03:38:54] 跳水女王C罗: 🧊队不是指GL吗？都叫玩家军了。。。
[2026-02-22 03:38:54] LvvsiN: 玩宝宝，我发现在大学上学的时候肄业会很舒服，你可以试试
[2026-02-22 03:38:54] Asaki薯片: 🧊队不是指GL吗？都叫玩家军了。。。
[2026-02-22 03:38:55] 绝食十年攒爱top3飞机: 🧊队不是指GL吗？都叫玩家军了。。。
[2026-02-22 03:38:55] 搞笑男西德尼: 🧊队不是指GL吗？都叫玩家军了。。。
[2026-02-22 03:38:55] bsqqaq: 海啸尸*又开始哦了，真没素质。
[2026-02-22 03:38:55] 用户6235382488: 原来这蒙古人都是冰粉特意哦似自己国家队，太坏了
[2026-02-22 03:38:55] 纸漓: 　　　 哪个冰队 无冠的那个还是王朝的那个
[2026-02-22 03:38:55] M1yauchiReng3: 藏战术了
[2026-02-22 03:38:55] river66799: 🧊队不是指GL吗？都叫玩家军了。。。
[2026-02-22 03:38:55] 好哥们黑龙歼灭刀: 🧊队不是指GL吗？都叫玩家军了。。。
[2026-02-22 03:38:55] 划算小划: 🧊队不是指GL吗？都叫玩家军了。。。
[2026-02-22 03:38:56] 剑崎梨梨花: 🧊队不是指GL吗？都叫玩家军了。。。
[2026-02-22 03:38:56] 洛陽城里看落陽: 藏战术
[2026-02-22 03:38:56] 天帝哒哒子: 藏战术
[2026-02-22 03:38:56] 江本筑原: 总决赛吗？
[2026-02-22 03:38:56] 佐仓绫音i: 藏！
[2026-02-22 03:38:56] 心生闸念: 藏战术
[2026-02-22 03:38:56] 丶小恐龙丶: 🧊队不是指GL吗？都叫玩家军了。。。
[2026-02-22 03:38:57] 绝食十年攒爱top3飞机: 哪个冰队 无冠的那个还是王朝的那个
[2026-02-22 03:38:57] Shahriar丶Shinva: 拿分大招
[2026-02-22 03:38:57] 红色有角三倍速的夏亚: 🧊队不是指GL吗？都叫玩家军了。。。
[2026-02-22 03:38:57] RyougiAqua: 🧊队不是指GL吗？都叫玩家军了。。。
[2026-02-22 03:38:57] 缨只会嘤嘤嘤: 🧊队不是指GL吗？都叫玩家军了。。。
[2026-02-22 03:38:57] 用户6235382488: 原来这蒙古人都是冰粉特意哦似自己国家队，太坏了
[2026-02-22 03:38:57] 专看玩机器的号: 🧊队不是指GL吗？都叫玩家军了。。。
[2026-02-22 03:38:58] 最喜欢玩宝宝惹desuwa: 🧊队不是指GL吗？都叫玩家军了。。。
[2026-02-22 03:38:58] 玩机器的小jj: 给总决赛？给major看来是
[2026-02-22 03:38:58] ropz的911本人: 🧊队不是指GL吗？都叫玩家军了。。。
[2026-02-22 03:38:58] 一拳打爆你魔丸: 🧊队不是指GL吗？都叫玩家军了。。。
[2026-02-22 03:38:58] 靠咖啡活命: 🧊队不是指GL吗？都叫玩家军了。。。
[2026-02-22 03:38:58] 玩神爱吃猪头肉: 🧊队不是指GL吗？都叫玩家军了。。。
[2026-02-22 03:38:58] 冲上云霄的姨: 不是icy在哪个队哪个队才是冰队吗
[2026-02-22 03:38:58] 好姐妹索菲亚: 🧊队不是指GL吗？都叫玩家军了。。。
[2026-02-22 03:38:59] Lee西关少爷: 🧊队不是指GL吗？都叫玩家军了。。。
[2026-02-22 03:38:59] ZHR留学失败: 🧊队不是指GL吗？都叫玩家军了。。。
[2026-02-22 03:38:59] 欧气来我家: 追踪雷
[2026-02-22 03:38:59] 石家庄的宠物男孩: 🧊队不是指GL吗？都叫玩家军了。。。
[2026-02-22 03:38:59] 人活着就是为了玩乐队: 藏战术了
[2026-02-22 03:38:59] 用户6235382488: 原来这蒙古人都是冰粉特意哦似自己国家队，太坏了
[2026-02-22 03:38:59] 初霜prpr: 🧊队不是指GL吗？都叫玩家军了。。。
[2026-02-22 03:38:59] 大梦464: 🧊队不是指GL吗？都叫玩家军了。。。
[2026-02-22 03:39:00] 所以我又晕了: 🧊队不是指GL吗？都叫玩家军了。。。
[2026-02-22 03:39:00] bsqqaq: 海啸尸*又开始哦了，真没素质。
[2026-02-22 03:39:00] 雨天禽兽: 收到
[2026-02-22 03:39:00] 老漁服了: 🧊队不是指GL吗？都叫玩家军了。。。
[2026-02-22 03:39:00] wedd1ddeJodd: 🧊队不是指GL吗？都叫玩家军了。。。
