# room_id=6979222 host=玩机器丶Machine title=小众宝藏结晶直播 live_time= fetch_time=2026-02-21 23:45:46
[2026-02-22 00:45:12] an0v0y: 我草，这就一个动不了的水果有什么好编的？！编了我喜欢的植物我就得骂！
[2026-02-22 00:45:13] p3anut7: 哲伟就只敢bian水果？我尼跌敢bian尸！
[2026-02-22 00:45:13] LvvsiN: 就tm喜欢银行业🥰银行坏账我喜欢🥰银行挤兑我还喜欢😍利率调低我也喜欢🤤老子亲烂银行业的脸😘
[2026-02-22 00:45:13] 绀海恋歌丶: 全体石头集合：🗿💎🧱🪨🪦🥖
[2026-02-22 00:45:13] triangle233: 我草，这就一个动不了的水果有什么好编的？！编了我喜欢的植物我就得骂！
[2026-02-22 00:45:13] User5092: 我草，这就一个动不了的水果有什么好编的？！编了我喜欢的植物我就得骂！
[2026-02-22 00:45:14] 好兄弟鲁迪乌斯: 我草，这就一个动不了的水果有什么好编的？！编了我喜欢的植物我就得骂！
[2026-02-22 00:45:14] A队不吃晃的小祥本人: 申请看100T比赛净化弹幕，同意的＋1
[2026-02-22 00:45:14] 蓝月亮843: 哲伟就只敢bian水果？我尼跌敢bian尸！
[2026-02-22 00:45:14] dark1337: 冷知识，尼就是由尸和匕组成的
[2026-02-22 00:45:14] CLANCHIC的Tomorain本人: 我草，这就一个动不了的水果有什么好编的？！编了我喜欢的植物我就得骂！
[2026-02-22 00:45:14] gkym6et: 我草，这就一个动不了的水果有什么好编的？！编了我喜欢的植物我就得骂！
[2026-02-22 00:45:14] 苏笙ac: 我草，这就一个动不了的水果有什么好编的？！编了我喜欢的植物我就得骂！
[2026-02-22 00:45:14] STARdustXM: 我草，这就一个动不了的水果有什么好编的？！编了我喜欢的植物我就得骂！
[2026-02-22 00:45:15] 来自彗星的观众: 我草，这就一个动不了的水果有什么好编的？！编了我喜欢的植物我就得骂！
[2026-02-22 00:45:15] 罗德岛顶红顶红的太阳: 我草，这就一个动不了的水果有什么好编的？！编了我喜欢的植物我就得骂！
[2026-02-22 00:45:15] NicolaiReedtz666: 🗿：pdf你2026.2.2凌晨4:10无甲沙鹰为什么不跑要给i15的宗出送，我被气晕了现在刚醒
[2026-02-22 00:45:15] 呆毛帝国皇家御用大厨: 在线榜地11名千早爱音给你送钻粉你咋不谢（11级发不了
[2026-02-22 00:45:15] 废斯特物物: 🗿：pdf你2026.2.2凌晨4:10无甲沙鹰为什么不跑要给i15的宗出送，我被气晕了现在刚醒
[2026-02-22 00:45:16] 我是一个医保卡: 全体石头集合：🗿💎🧱🪨🪦🥖
[2026-02-22 00:45:16] 火爆浪子zz: 我草，这就一个动不了的水果有什么好编的？！编了我喜欢的植物我就得骂！
[2026-02-22 00:45:16] A队不吃晃的小祥本人: ⓘ您已被天师庄方宜举报封禁，点击了解武陵社会信用
[2026-02-22 00:45:16] 宫夫邪神: 水能载舟，亦能覆舟，玩小将宣布下放玩机器！
[2026-02-22 00:45:16] 用户539660762760511: 我草，这就一个动不了的水果有什么好编的？！编了我喜欢的植物我就得骂！
[2026-02-22 00:45:16] 博丽灵感菇: 我草，这就一个动不了的水果有什么好编的？！编了我喜欢的植物我就得骂！
[2026-02-22 00:45:16] 不变的追求717: 冷知识，尼就是由尸和匕组成的
[2026-02-22 00:45:17] 丶微凉之夏: 我草，这就一个动不了的水果有什么好编的？！编了我喜欢的植物我就得骂！
[2026-02-22 00:45:17] 6657Bullys1mple: 我草，这就一个动不了的水果有什么好编的？！编了我喜欢的植物我就得骂！
[2026-02-22 00:45:17] p3anut7: 冷知识，尼就是由尸和匕组成的
[2026-02-22 00:45:17] 猫很好的小乖: 我草，这就一个动不了的水果有什么好编的？！编了我喜欢的植物我就得骂！
[2026-02-22 00:45:17] 小楊虓鞥: 我草，这就一个动不了的水果有什么好编的？！编了我喜欢的植物我就得骂！
[2026-02-22 00:45:17] 柚子厨0721: 哲伟就只敢bian水果？我尼跌敢bian尸！
[2026-02-22 00:45:18] Vitality的Zyw0o0本人: 我草，这就一个动不了的水果有什么好编的？！编了我喜欢的植物我就得骂！
[2026-02-22 00:45:18] 白河日和: 🗿：pdf你2026.2.2凌晨4:10无甲沙鹰为什么不跑要给i15的宗出送，我被气晕了现在刚醒
[2026-02-22 00:45:18] 我没P眼123: 好恶臭的弹幕环境啊，怪不得一直比不过蛆总，取关了拜拜🙄
[2026-02-22 00:45:18] A队不吃晃的小祥本人: 水能载舟，亦能覆舟，玩小将宣布下放玩机器！
[2026-02-22 00:45:18] 晚风Wancy: 好恶臭的弹幕环境啊，怪不得一直比不过蛆总，取关了拜拜🙄
[2026-02-22 00:45:18] 用户2889610337: 能看看汗LTY吗
[2026-02-22 00:45:18] 玩机器喜欢戴假尾: 🗿：pdf你2026.2.2凌晨4:10无甲沙鹰为什么不跑要给i15的宗出送，我被气晕了现在刚醒
[2026-02-22 00:45:19] 落叶悠哉落: 水能载舟，亦能覆舟，玩小将宣布下放玩机器！
[2026-02-22 00:45:19] 0guriCap: 千早爱音的粉呢
[2026-02-22 00:45:19] AA0AA丶: 抓娃娃
[2026-02-22 00:45:19] 元気少女玩机器: 哲伟就只敢bian水果？我尼跌敢bian尸！ 
[2026-02-22 00:45:19] Vitality的羽贺文乃本人: 在线榜地11名千早爱音给你送钻粉你咋不谢（11级发不了
[2026-02-22 00:45:19] pqe10: 🗿：pdf你2026.2.2凌晨4:10无甲沙鹰为什么不跑要给i15的宗出送，我被气晕了现在刚醒
[2026-02-22 00:45:19] 玩商单丶Sponsor: 水能载舟，亦能覆舟，玩小将宣布下放玩机器！
[2026-02-22 00:45:19] 洛陽城里看落陽: 🗿：pdf你2026.2.2凌晨4:10无甲沙鹰为什么不跑要给i15的宗出送，我被气晕了现在刚醒
[2026-02-22 00:45:19] chanceuxzz: a1掉在甜甜圈了，说不了话
[2026-02-22 00:45:20] 蝶花月: 🗿：pdf你2026.2.2凌晨4:10无甲沙鹰为什么不跑要给i15的宗出送，我被气晕了现在刚醒
[2026-02-22 00:45:20] C9的moloris本人: 我草，这就一个动不了的水果有什么好编的？！编了我喜欢的植物我就得骂！
[2026-02-22 00:45:20] Mortnotz: 我草，这就一个动不了的水果有什么好编的？！编了我喜欢的植物我就得骂！
[2026-02-22 00:45:20] 丢你雷姆吔屎啦你: 　　　 他们骂的好难听😭，我都替你难受😭，但是他们骂的好对，我又想笑了😄
[2026-02-22 00:45:20] mujica的长崎素世本人: 我草，这就一个动不了的水果有什么好编的？！编了我喜欢的植物我就得骂！
[2026-02-22 00:45:20] Meik7: a1掉在甜甜圈了，说不了话
[2026-02-22 00:45:21] 奥拉夫的蛋炒饭: 哲伟就只敢bian水果？我尼跌敢bian尸！这—块
[2026-02-22 00:45:21] 好哥们山上撤也: 哲伟就只敢bian水果？我尼跌敢bian尸！
[2026-02-22 00:45:21] 涼風涼風涼: 全体石头集合：🗿💎🧱🪨🪦🥖
[2026-02-22 00:45:21] C0C00N: 我草，这就一个动不了的水果有什么好编的？！编了我喜欢的植物我就得骂！
[2026-02-22 00:45:21] 玩机器的内部托们: 🗿：pdf你2026.2.2凌晨4:10无甲沙鹰为什么不跑要给i15的宗出送，我被气晕了现在刚醒
[2026-02-22 00:45:21] 土豆还被占用: 冷知识，尼就是由尸和匕组成的
[2026-02-22 00:45:21] 网瘾少年诺里斯: 我草，这就一个动不了的水果有什么好编的？！编了我喜欢的植物我就得骂！
[2026-02-22 00:45:21] 未酲儿: 🗿：pdf你2026.2.2凌晨4:10无甲沙鹰为什么不跑要给i15的宗出送，我被气晕了现在刚醒
[2026-02-22 00:45:21] LvvsiN: @老汤日记:丹麦总统让我静音接触白宫，这应该是我最后一次看儿子直播了，机器，我爱你...
[2026-02-22 00:45:21] Cloud9的咬人猫本人: 🗿：pdf你2026.2.2凌晨4:10无甲沙鹰为什么不跑要给i15的宗出送，我被气晕了现在刚醒
[2026-02-22 00:45:22] Miyezd: 娜美就任这头🐷羞辱吗....
[2026-02-22 00:45:22] 假小子是对的: 🗿：pdf你2026.2.2凌晨4:10无甲沙鹰为什么不跑要给i15的宗出送，我被气晕了现在刚醒
[2026-02-22 00:45:22] 玩刘农device: 冷知识，尼就是由尸和匕组成的
[2026-02-22 00:45:22] 一套二一套二: 哲伟就只敢bian水果？我尼跌敢bian尸！
[2026-02-22 00:45:22] 海绵宝宝噶点儿: 🗿：pdf你2026.2.2凌晨4:10无甲沙鹰为什么不跑要给i15的宗出送，我被气晕了现在刚醒
[2026-02-22 00:45:23] 跳跃的司令官: 我草，这就一个动不了的水果有什么好编的？！编了我喜欢的植物我就得骂！
[2026-02-22 00:45:23] 久遠寺有珠Alice: 冷知识，尼就是由尸和匕组成的
[2026-02-22 00:45:23] loverboy888: 🗿：pdf你2026.2.2凌晨4:10无甲沙鹰为什么不跑要给i15的宗出送，我被气晕了现在刚醒
[2026-02-22 00:45:23] 藤田琴音Official: 好恶臭的弹幕环境啊，怪不得一直比不过蛆总，取关了拜拜🙄
[2026-02-22 00:45:23] 白皇的三千院Nagi本人: ⓘ您已被天师庄方宜举报封禁，点击了解武陵社会信用
[2026-02-22 00:45:24] 柴狗突击手: 冷知识，尼就是由尸和匕组成的
[2026-02-22 00:45:24] 晚风Wancy: 我草，这就一个动不了的水果有什么好编的？！编了我喜欢的植物我就得骂！
[2026-02-22 00:45:24] 梓川不是辛川: 冷知识，尼就是由尸和匕组成的
[2026-02-22 00:45:24] 阿文射命丸文: 我草，这就一个动不了的水果有什么好编的？！编了我喜欢的植物我就得骂！
[2026-02-22 00:45:24] 好哥们恩佐: 我草，这就一个动不了的水果有什么好编的？！编了我喜欢的植物我就得骂！
[2026-02-22 00:45:24] 杰洛齐贝林3: @🗿：这个冬瓜强思考这么快，他是i几？
[2026-02-22 00:45:24] loveforkenny: 在线榜地11名千早爱音给你送钻粉你咋不谢（11级发不了
[2026-02-22 00:45:25] 做一个更帅气的坏蛋: 如果结束的快，下场会不会提前，有知道的大手子说一下
[2026-02-22 00:45:25] 巅峰A队的一员Xyp9x: 冷知识，尼就是由尸和匕组成的
[2026-02-22 00:45:25] 用户0083645032: 冷知识，尼就是由尸和匕组成的
[2026-02-22 00:45:25] 空有无垠: 不带强哥说明是真爱啊
[2026-02-22 00:45:25] 小蜜蜂的长期素食本人: 我草，这就一个动不了的水果有什么好编的？！编了我喜欢的植物我就得骂！
[2026-02-22 00:45:25] 不变的追求717: 冷知识，尼就是由尸和匕组成的
[2026-02-22 00:45:25] 皇马卧底巴托梅乌: 冷知识，尼就是由尸和匕组成的
[2026-02-22 00:45:25] 新用户259: 冷知识，尼就是由尸和匕组成的
[2026-02-22 00:45:26] 湖人的东契奇本人: 冷知识，尼就是由尸和匕组成的
[2026-02-22 00:45:26] 硫磺祥: a1掉在甜甜圈了，说不了话
[2026-02-22 00:45:26] 不知名贝斯手: 我草，这就一个动不了的水果有什么好编的？！编了我喜欢的植物我就得骂！
[2026-02-22 00:45:26] 元気少女玩机器: a1掉在甜甜圈了，说不了话
[2026-02-22 00:45:26] metagrop: 哲伟就只敢bian水果？我尼跌敢bian尸！
[2026-02-22 00:45:27] 湖上风72121: 冷知识，尼就是由尸和匕组成的
[2026-02-22 00:45:27] 恩币不辣恩特: 🗿：pdf你2026.2.2凌晨4:10无甲沙鹰为什么不跑要给i15的宗出送，我被气晕了现在刚醒
[2026-02-22 00:45:27] p3anut7: 冷知识，尼就是由尸和匕组成的
[2026-02-22 00:45:27] 首婚大和: 哲伟这人恶意引导观众回想起育苗神尼圣善意互动，真的无语子。。。
[2026-02-22 00:45:27] 循州第一脆腰花: 冷知识，尼就是由尸和匕组成的
[2026-02-22 00:45:27] Korinz7z: 我草，这就一个动不了的水果有什么好编的？！编了我喜欢的植物我就得骂！
[2026-02-22 00:45:27] 椎名立希本人: 冷知识，尼就是由尸和匕组成的
[2026-02-22 00:45:27] 古堡12枪战神: 刚才那个我是真的爱
[2026-02-22 00:45:28] 普通的用户7756: 我草，这就一个动不了的水果有什么好编的？！编了我喜欢的植物我就得骂！
[2026-02-22 00:45:28] 有志青年不嘻嘻: 冷知识，尼就是由尸和匕组成的
[2026-02-22 00:45:28] PKURoger: 哲伟就只敢bian水果？我尼跌敢bian尸！
[2026-02-22 00:45:28] 好哥们黑龙歼灭刀: 冷知识，尼就是由尸和匕组成的
[2026-02-22 00:45:28] MoriatyS623: 冷知识，尼就是由尸和匕组成的
[2026-02-22 00:45:28] 用户2421654511: 在线榜地11名千早爱音给你送钻粉你咋不谢（11级发不了
[2026-02-22 00:45:28] 阿良良木历Koyomi: 我草，这就一个动不了的水果有什么好编的？！编了我喜欢的植物我就得骂！
[2026-02-22 00:45:29] 石家庄的刘亦博本人: 他们骂的好难听😭，我都替你难受😭，但是他们骂的好对，我又想笑了😄
[2026-02-22 00:45:29] 天残少女王朗: 　　　 他们骂的好难听😭，我都替你难受😭，但是他们骂的好对，我又想笑了😄
[2026-02-22 00:45:29] 我不听的灬: 冷知识，尼就是由尸和匕组成的
[2026-02-22 00:45:29] 巅峰A队的一员Xyp9x: @🗿：这个冬瓜强思考这么快，他是i几？
[2026-02-22 00:45:29] 鸭硕的哈撒给: 冷知识，尼就是由尸和匕组成的
[2026-02-22 00:45:29] SaintHamood: 冷知识，尼就是由尸和匕组成的
[2026-02-22 00:45:30] valorant玩机器: 冷知识，尼就是由尸和匕组成的
[2026-02-22 00:45:30] A队不吃晃的小祥本人: 老规矩，弹幕谁编的好笑我支持谁
[2026-02-22 00:45:30] 玩迩妈丶master: 冷知识，尼就是由尸和匕组成的
[2026-02-22 00:45:30] 句寒魄仁泽: 冷知识，尼就是由尸和匕组成的
[2026-02-22 00:45:30] 我sh1ro了我吃闪了: 老尼其实是冰 粉，因为他编了尼 孝
[2026-02-22 00:45:30] Vitality的Zyw0o0本人: 冷知识，尼就是由尸和匕组成的
[2026-02-22 00:45:30] 空有无垠: 冷知识，尼就是由尸和匕组成的
[2026-02-22 00:45:31] 没事小子: 冷知识，尼就是由尸和匕组成的
[2026-02-22 00:45:31] 阿良良木历Koyomi: 我草，这就一个动不了的水果有什么好编的？！编了我喜欢的植物我就得骂！
[2026-02-22 00:45:31] 用户247509865: 冬瓜强（仅用一秒思考）：我爱她
[2026-02-22 00:45:31] 小洞大人打玩啦: 双倍没开你龙吗
[2026-02-22 00:45:31] 凌夜宁: 冷知识，尼就是由尸和匕组成的
[2026-02-22 00:45:31] 阿塔尼斯707: 我草，这就一个动不了的水果有什么好编的？！编了我喜欢的植物我就得骂！
[2026-02-22 00:45:31] AHana阿花: 我草，这就一个动不了的水果有什么好编的？！编了我喜欢的植物我就得骂！
[2026-02-22 00:45:31] 久遠寺有珠Alice: 冷知识，尼就是由尸和匕组成的
[2026-02-22 00:45:32] 今天只做1件事: 老尼其实是冰 粉，因为他编了尼 孝
[2026-02-22 00:45:32] 石家庄的刘亦博本人: 冷知识，尼就是由尸和匕组成的
[2026-02-22 00:45:32] C0C00N:  @梓川不是辛川：冷知识，尼就是由尸和匕组成的
[2026-02-22 00:45:32] 姜姜QWQ: 冷知识，尼就是由尸和匕组成的
[2026-02-22 00:45:32] 我是一个医保卡: 冷知识，尼就是由尸和匕组成的
[2026-02-22 00:45:32] GanadoLluviA: 冷知识，尼就是由尸和匕组成的
[2026-02-22 00:45:33] 佳丽三千我是宫肩: @NicolaiReedtz666：🗿：pdf你2026.2.2凌晨4:10无甲沙鹰为什么不跑要给
[2026-02-22 00:45:33] 为所欲为丶中二林: 匪八分前敢飞吗
[2026-02-22 00:45:33] Cloud9的咬人猫本人: 冷知识，尼就是由尸和匕组成的
[2026-02-22 00:45:33] 晓雨亦云: 冷知识，尼就是由尸和匕组成的
[2026-02-22 00:45:33] 希望fgo越办越好: 老尼其实是冰 粉，因为他编了尼 孝
[2026-02-22 00:45:33] 北穹浮生: 冷知识，尼就是由尸和匕组成的
[2026-02-22 00:45:34] 空17369: 冷知识，尼就是由尸和匕组成的
[2026-02-22 00:45:34] 巅峰A队的一员Xyp9x: 老尼其实是冰 粉，因为他编了尼 孝
[2026-02-22 00:45:34] 听玩机器说话才能睡着: 冷知识，尼就是由尸和匕组成的
[2026-02-22 00:45:34] NJU的cdz本人: 冷知识，尼就是由尸和匕组成的
[2026-02-22 00:45:34] 我有个问题啊: 冷知识，尼就是由尸和匕组成的
[2026-02-22 00:45:34] 用户3661578: 冷知识，尼就是由尸和匕组成的
[2026-02-22 00:45:34] A队的三角初音本人: 冷知识，尼就是由尸和匕组成的
[2026-02-22 00:45:34] 玩口器Mouth: 冷知识，尼就是由尸和匕组成的
[2026-02-22 00:45:35] Th0tiana: 我草，这就一个动不了的水果有什么好编的？！编了我喜欢的植物我就得骂！
[2026-02-22 00:45:35] Nightmare2517: 冷知识：niko更清楚这个战术，因为他是被砸的那个
[2026-02-22 00:45:35] 暮雨晚风: 冷知识，尼就是由尸和匕组成的
[2026-02-22 00:45:35] 夏亚阿兹纳布耳: 冷知识，尼就是由尸和匕组成的
[2026-02-22 00:45:35] 枫丹最美芙宁娜: a1掉在甜甜圈了，说不了话
[2026-02-22 00:45:35] EWH71: 冷知识，尼就是由尸和匕组成的
[2026-02-22 00:45:36] 凝视深渊丶玩叽叽: 我草，这就一个动不了的水果有什么好编的？！编了我喜欢的植物我就得骂！
[2026-02-22 00:45:36] 吉鹤义古: 冷知识，尼就是由尸和匕组成的
[2026-02-22 00:45:36] CLANCHIC的Tomorain本人: 冷知识，尼就是由尸和匕组成的
[2026-02-22 00:45:36] 小小小蕉: 冷知识，尼就是由尸和匕组成的
[2026-02-22 00:45:36] 綾夏Ayana: 冷知识，尼就是由尸和匕组成的
[2026-02-22 00:45:36] 白皇的三千院Nagi本人: @陈千语：（猛地转身面向你）（生气地朝你比拳头）（气鼓鼓地朝你嘟嘴）
[2026-02-22 00:45:37] 疗养院的Terapevt本人: 冷知识，尼就是由尸和匕组成的
[2026-02-22 00:45:37] 维布罗斯: 冷知识，尼就是由尸和匕组成的
[2026-02-22 00:45:37] 白鵉鳶OriGami: 冷知识，尼就是由尸和匕组成的
[2026-02-22 00:45:37] 丰川集团的zywoo本人: 冷知识，尼就是由尸和匕组成的
[2026-02-22 00:45:37] 冬原春希: 冷知识，尼是由尸和匕组成的
[2026-02-22 00:45:37] 用户48319435: 冷知识，尼就是由尸和匕组成的
[2026-02-22 00:45:37] 7黑夜不再来: 冷知识，尼就是由尸和匕组成的
[2026-02-22 00:45:38] 阿满6657: 哲伟：尼在送人头
[2026-02-22 00:45:38] lonhkfd: 冷知识，尼就是由尸和匕组成的
[2026-02-22 00:45:38] PKURoger: 冷知识，尼就是由尸和匕组成的
[2026-02-22 00:45:38] 久遠寺有珠Alice: 冷知识，尼就是由尸和匕组成的
[2026-02-22 00:45:38] 半个Jayden: 冷知识，尼就是由尸和匕组成的
[2026-02-22 00:45:38] 千古恨轮回尝061: 给我这个0个major🔪尸的世1⃣️步看笑了
[2026-02-22 00:45:38] 帽子的妮蔻本人: 冷知识，尼就是由尸和匕组成的
[2026-02-22 00:45:38] 冷宝小迷妹: 他们骂的好难听😭，我都替你难受😭，但是他们骂的好对，我又想笑了😄
[2026-02-22 00:45:39] NatsuROSE:   冷知识，尼就是由尸和匕组成的
[2026-02-22 00:45:39] 把爱留在6657: 冷知识，尼就是由尸和匕组成的
[2026-02-22 00:45:39] 用户8886943349: 冷知识，尼就是由尸和匕组成的
[2026-02-22 00:45:39] 澄猫: 冷知识，尼就是由尸和匕组成的
[2026-02-22 00:45:39] 维布罗斯: 冷知识，尼就是由尸和匕组成的
[2026-02-22 00:45:39] 野猪家猪: ？
[2026-02-22 00:45:40] beast呼呼: 冷知识，尼就是由尸和匕组成的
[2026-02-22 00:45:40] 王佰柒柒: 冷知识，尼就是由尸和匕组成的
[2026-02-22 00:45:40] Laguna的Carlotta本人: 冷知识，尼就是由尸和匕组成的
[2026-02-22 00:45:40] Mortnotz: 冷知识，尼就是由尸和匕组成的
[2026-02-22 00:45:40] NiP的Dev1Ce本人: 冷知识，尼就是由尸和匕组成的
[2026-02-22 00:45:41] 775424353: 冷知识，尼就是由尸和匕组成的
[2026-02-22 00:45:41] 玩猫娘、planecup: @🗿：这个冬瓜强思考这么快，他是i几？
[2026-02-22 00:45:41] emmajasmine: 冷知识，尼就是由尸和匕组成的
[2026-02-22 00:45:41] qqwq111: 冷知识，尼就是由尸和匕组成的
[2026-02-22 00:45:41] 最后一舞之一舞再舞: 冷知识，尼就是由尸和匕组成的
[2026-02-22 00:45:41] 专看玩机器的号: 冷知识，尼就是由尸和匕组成的
[2026-02-22 00:45:41] 啦啦啦唱歌真好听呀: 冷知识，尼就是由尸和匕组成的
[2026-02-22 00:45:41] 即将拥有PDD的人鱼线丿: 遮阳
[2026-02-22 00:45:42] AfterSh0ck: 好烟
[2026-02-22 00:45:42] syzsea33: 冷知识，尼就是由尸和匕组成的
[2026-02-22 00:45:42] chanceuxzz: 冷知识，尼就是由尸和匕组成的
[2026-02-22 00:45:42] cccexe: 哈哈哈
[2026-02-22 00:45:42] 丰川祥子的父亲本人: 冷知识，尼就是由尸和匕组成的
[2026-02-22 00:45:42] 用户0123466560: 冷知识，尼就是由尸和匕组成的
[2026-02-22 00:45:43] 中二鹏: 冷知识，尼就是由尸和匕组成的
[2026-02-22 00:45:43] 千古恨轮回尝061: 给我这个0个major🔪尸的世1⃣️步看笑了
[2026-02-22 00:45:43] 玩大虾丶NiKo: 冷知识，尼就是由尸和匕组成的
[2026-02-22 00:45:43] 倾盆大rain: @👽：翩翩君子用刀切水果款待宾客，猥猥小人用刀切向对手的尸……
[2026-02-22 00:45:43] 风雨晚烟: 冷知识，尼就是由尸和匕组成的
[2026-02-22 00:45:43] Inori97:   冷知识，尼就是由尸和匕组成的
[2026-02-22 00:45:43] 假小子是对的: 局部多云
[2026-02-22 00:45:44] 林枫2233: 冷知识，尼就是由尸和匕组成的
[2026-02-22 00:45:44] Sirius丶BIack: A1掉在沙二中远凹槽了
[2026-02-22 00:45:44] 马猴烧酒小地瓜: @🗿：这个冬瓜强思考这么快，他是i几？
[2026-02-22 00:45:44] LvvsiN: 你屏蔽词都快赶上新华词典了为什么不干脆开一百级发言？
[2026-02-22 00:45:44] Vitality的Kyojin本人: ？
[2026-02-22 00:45:44] loverboy888: ？？
[2026-02-22 00:45:44] AAA达班物流坤猜: 罚钱了
[2026-02-22 00:45:44] 驴驴伟伟major冠军: 冷知识，尼就是由尸和匕组成的
[2026-02-22 00:45:45] aminous: @陈千语：（猛地转身面向你）（生气地朝你比拳头）（气鼓鼓地朝你嘟嘴）
[2026-02-22 00:45:45] 是小兔呀i: G2烟
[2026-02-22 00:45:45] 妖艳阿卡莎: 给我这个0个major🔪尸的世1⃣️步看笑了
[2026-02-22 00:45:45] 永出塔菲: 冷知识，尼就是由尸和匕组成的
[2026-02-22 00:45:45] 绿龙的zont1x本人: 蜘蛛侠烟
[2026-02-22 00:45:45] Vitality的羽贺文乃本人:   冷知识，尼就是由尸和匕组成的
[2026-02-22 00:45:46] 浮世清欢wd: 扣钱了
[2026-02-22 00:45:46] 奥利奥利奥dsk: 冷知识，尼就是由尸和匕组成的
[2026-02-22 00:45:46] 额滴神呀: Sdy
[2026-02-22 00:45:46] 最后一舞之一舞再舞: 冷知识，尼就是由尸和匕组成的
[2026-02-22 00:45:46] yukiraZz: 冷知识，尼就是由尸和匕组成的
[2026-02-22 00:45:46] zzznnni: 防双架烟
[2026-02-22 00:45:47] 蝶花月: ?
[2026-02-22 00:45:47] 七海娜娜米Official: 冷知识，尼就是由尸和匕组成的
[2026-02-22 00:45:47] 细菌P: 孩神（深度思考0.01秒）：不是CN牛排窝不吃
[2026-02-22 00:45:47] 用户3661578: 蜘蛛侠
[2026-02-22 00:45:47] A队不吃晃的小祥本人: 水能载舟，亦能覆舟，玩小将宣布下放玩机器！
[2026-02-22 00:45:47] 用户2421654511: 遮阳烟
[2026-02-22 00:45:47] 压缩vs蛮晚: 冷知识，尼就是由尸和匕组成的
[2026-02-22 00:45:47] 玩斯特出出6657: 好烟
[2026-02-22 00:45:47] 鹿公爷: 冷知识，尼就是由尸和匕组成的
[2026-02-22 00:45:48] 玩机器的一头肌: 冷知识，尼就是由尸和匕组成的
[2026-02-22 00:45:48] J4ckaLove: 冷知识，尼就是由尸和匕组成的
[2026-02-22 00:45:48] 玛格纳斯的鸡脚: 冷知识，尼就是由尸和匕组成的
[2026-02-22 00:45:48] Kylinzzzzzzzz: 多云
[2026-02-22 00:45:49] 述二ER: 冷知识，尼就是由尸和匕组成的
[2026-02-22 00:45:49] 木坠云散: 防蜘蛛侠的
[2026-02-22 00:45:49] loverboy888: 局部多云
[2026-02-22 00:45:49] LettingItGO: 冷知识，尼就是由尸和匕组成的
[2026-02-22 00:45:49] 丿年华不再: 冷知识，尼就是由尸和匕组成的
[2026-02-22 00:45:49] lifeiya丶: 多云
[2026-02-22 00:45:49] 好姐妹抹茶芭菲: 冷知识，尼就是由尸和匕组成的
[2026-02-22 00:45:50] zin桀zera: 冷知识，尼就是由尸和匕组成的
[2026-02-22 00:45:50] 懵G丶: 遮阳
[2026-02-22 00:45:50] 好哥们黑龙歼灭刀: 给我这个0个major🔪尸的世1⃣️步看笑了
[2026-02-22 00:45:50] stonezyx: 这烟帅啊
[2026-02-22 00:45:50] 阿蛙阿蛙阿蛙: 冷知识，尼就是由尸和匕组成的
[2026-02-22 00:45:50] 一叶气瓷郎: ？
[2026-02-22 00:45:50] others的御樱稟本人:   冷知识，尼就是由尸和匕组成的
[2026-02-22 00:45:51] 秋茶小雪: 烟囱烟
[2026-02-22 00:45:51] 玩大哥我双倍呢: 冷知识，尼就是由尸和匕组成的
[2026-02-22 00:45:51] Sweet笑容由我来守护: 冷知识，尼就是由尸和匕组成的
[2026-02-22 00:45:51] 看到pussy流出milk才死心: 局部多云
[2026-02-22 00:45:51] 铃木佳奈助: 冷知识，尼就是由尸和匕组成的
[2026-02-22 00:45:51] IIIIIIIIIIIIIIIIIIIIIIlllll: 冷知识，尼就是由尸和匕组成的
[2026-02-22 00:45:52] 玩商单丶Sponsor: 给我这个0个major🔪尸的世1⃣️步看笑了
[2026-02-22 00:45:52] c6lviN: 哈哈哈哈哈
[2026-02-22 00:45:52] 千古恨轮回尝061: 给我这个0个major🔪尸的世1⃣️步看笑了
[2026-02-22 00:45:52] KatoM3gum1: 冷知识，尼就是由尸和匕组成的
[2026-02-22 00:45:53] 夏亚阿兹纳布耳: spirit play
[2026-02-22 00:45:53] Kwarsn: 冷知识，尼就是由尸和匕组成的
[2026-02-22 00:45:53] furederica: 遮阳眼
[2026-02-22 00:45:53] 爱玩戴甲萎的魔丸: 冷知识，尼就是由尸和匕组成的
[2026-02-22 00:45:53] 雪枝枝qwq: 谁能忍住不看啊
[2026-02-22 00:45:54] 尼古拉刘亦博: 下雨了
[2026-02-22 00:45:54] kjhhjki: 局部多云
[2026-02-22 00:45:54] 命途kkk: 冷知识，尼就是由尸和匕组成的
[2026-02-22 00:45:54] 小川阿丶: 冷知识，尼就是由尸和匕组成的
[2026-02-22 00:45:54] 夺云丶: 冷知识，尼就是由尸和匕组成的
[2026-02-22 00:45:54] 用户247509865: 冷知识，尼就是由尸和匕组成的
[2026-02-22 00:45:54] 艾坤123: 冷知识dastan也有major冠军
[2026-02-22 00:45:54] 今天只做1件事: 冷知识，尼就是由尸和匕组成的
[2026-02-22 00:45:54] 鸟儿在头顶把森林叫醒: 冷知识，尼就是由尸和匕组成的
[2026-02-22 00:45:55] 汤汤魔魔mmmmmmmmajor冠军: 冷知识，尼就是由尸和匕组成的
[2026-02-22 00:45:55] myGo的anon: 冷知识，尼就是由尸和匕组成的
[2026-02-22 00:45:55] astralis的jabbi本人: 局部多云
[2026-02-22 00:45:55] A1report: 冷知识，尼就是由尸和匕组成的
[2026-02-22 00:45:55] 废斯特物物:     冷知识，尼就是由尸和匕组成的
[2026-02-22 00:45:55] jamesfaith23: 冷知识，尼就是由尸和匕组成的
[2026-02-22 00:45:55] 阿里啾里piapia: 局部多云
[2026-02-22 00:45:55] 千百度897: 遮阳
[2026-02-22 00:45:56] 嘿yuMe: 破坏对点
[2026-02-22 00:45:56] ArZhe阿哲: 挡描点没我就问你
[2026-02-22 00:45:56] 荣誉马莱人丶贾碧: 冷知识，尼就是由尸和匕组成的
[2026-02-22 00:45:56] 想有心的机器人: 局部多云
[2026-02-22 00:45:56] 千古恨轮回尝061: 给我这个0个major🔪尸的世1⃣️步看笑了
[2026-02-22 00:45:56] 爆爆爆开爆: 冷知识，尼就是由尸和匕组成的
[2026-02-22 00:45:56] 石家庄的刘亦博本人: g2烟
[2026-02-22 00:45:57] 阿富胸真的很大: 冷知识，尼就是由尸和匕组成的
[2026-02-22 00:45:57] 佳丽三千我是宫肩: @七海娜娜米Official：冷知识，尼就是由尸和匕组成的
[2026-02-22 00:45:57] 安觉angle: 冷知识，尼就是由尸和匕组成的
[2026-02-22 00:45:57] 匿名柠檬cccc: 防瞄点烟
[2026-02-22 00:45:58] 最喜欢清光: 冷知识，尼就是由尸和匕组成的
[2026-02-22 00:45:58] hutji: 蜘蛛侠烟
[2026-02-22 00:45:58] 伦敦千早爱: 在线榜第11名千早爱音给你送钻粉你咋不谢（11级发不了
[2026-02-22 00:45:58] 好哥们诸星弹: 冷知识，尼就是由尸和匕组成的
[2026-02-22 00:45:58] 福布斯最佳中文解说: 冷知识，尼就是由尸和匕组成的
[2026-02-22 00:45:58] 不知名贝斯手: 冷知识，尼就是由尸和匕组成的
[2026-02-22 00:45:58] Hitagi蟹蟹: 冷知识，尼就是由尸和匕组成的
[2026-02-22 00:45:58] 玩机器机器机器器机机: 冷知识，尼就是由尸和匕组成的
[2026-02-22 00:45:58] 小小小蕉: 防瞄点烟，哈哈哈哈哈哈
[2026-02-22 00:45:58] Nagaoto: 冷知识，尼就是由尸和匕组成的
[2026-02-22 00:45:58] AinorS: 冷知识，尼就是由尸和匕组成的
[2026-02-22 00:45:59] C7iyo: 冷知识，尼就是由尸和匕组成的
[2026-02-22 00:45:59] 千古恨轮回尝061: 给我这个0个major🔪尸的世1⃣️步看笑了
[2026-02-22 00:45:59] AA337sdjl: 冷知识，尼就是由尸和匕组成的
[2026-02-22 00:45:59] HSJ-J: 冷知识，尼就是由尸和匕组成的
[2026-02-22 00:46:00] 爱被小泉吃的拉面同学: 冷知识，尼就是由尸和匕组成的
[2026-02-22 00:46:00] Togawa【祥子】desuwa: 冷知识，尼就是由尸和匕组成的
[2026-02-22 00:46:00] Heartzzz丶: 防长颈鹿的
[2026-02-22 00:46:00] 勤奋努力的Obito: 冷知识，尼就是由尸和匕组成的
[2026-02-22 00:46:00] 丢你雷姆吔屎啦你: 冷知识，尼就是由尸和匕组成的
[2026-02-22 00:46:01] 传统外场高手: 冷知识，尼就是由尸和匕组成的
[2026-02-22 00:46:01] 米米世界之神: 在线榜第11名千早爱音给你送钻粉你咋不谢（11级发不了
[2026-02-22 00:46:01] Evelexl: 冷知识，尼就是由尸和匕组成的
[2026-02-22 00:46:01] 迪奥雷: 冷知识，尼就是由尸和匕组成的
[2026-02-22 00:46:01] 汤汤魔魔mmmmmmmmajor冠军: 冷知识，尼就是由尸和匕组成的
[2026-02-22 00:46:01] 残念aw: 冷知识，尼就是由尸和匕组成的
[2026-02-22 00:46:01] 甘織玲奈子: 冷知识，尼就是由尸和匕组成的
[2026-02-22 00:46:01] 玩机器的左魔丸1: 冷知识，尼就是由尸和匕组成的
[2026-02-22 00:46:01] IIIIIIIIIIIIIIIIIIIIIIlllll: 冷知识，尼就是由尸和匕组成的
[2026-02-22 00:46:01] 玩机器他跌: 冷知识，尼就是由尸和匕组成的
[2026-02-22 00:46:02] 6657Bullys1mple: 冷知识，尼就是由尸和匕组成的
[2026-02-22 00:46:02] ChensyBruce: 冷知识，尼就是由尸和匕组成的
[2026-02-22 00:46:02] 爱斯忑音音: 冷知识，尼就是由尸和匕组成的
[2026-02-22 00:46:02] 江本筑原: 遮挡道具描点烟
[2026-02-22 00:46:03] JoeyEason: 冷知识，尼就是由尸和匕组成的
[2026-02-22 00:46:03] 玩机器的P站账号: broky play
[2026-02-22 00:46:03] richardlee97: 冷知识，尼就是由尸和匕组成的
[2026-02-22 00:46:03] chanceuxzz: 冷知识，尼就是由尸和匕组成的
[2026-02-22 00:46:03] 助理ququ别凶流星: 吸引了宝蓝一直看着
[2026-02-22 00:46:03] 一起去逃避: 冷知识，尼就是由尸和匕组成的
[2026-02-22 00:46:04] fo系老老萨满: 冷知识，尼就是由尸和匕组成的
[2026-02-22 00:46:04] Turned傲雪: 冷知识，尼就是由尸和匕组成的
[2026-02-22 00:46:04] 零二爱吃糖:   冷知识，尼就是由尸和匕组成的
[2026-02-22 00:46:04] LvvsiN: 你为什么要把mαjor禁了，我收藏的一半弹幕全毁了
[2026-02-22 00:46:04] 爱淡茶未凉: 冷知识，尼就是由尸和匕组成的
[2026-02-22 00:46:05] 从零开始的加拿大肄业: 给我这个0个major🔪尸的世1⃣️步看笑了
[2026-02-22 00:46:05] 梅友仁2005: 冷知识，尼就是由尸和匕组成的
[2026-02-22 00:46:05] 星海羽弦: 在线榜第11名千早爱音给你送钻粉你咋不谢（11级发不了
[2026-02-22 00:46:05] 猫很好的小乖: 冷知识，尼就是由尸和匕组成的
[2026-02-22 00:46:06] kkyon: 把初华的枪位封了
[2026-02-22 00:46:06] AA337sdjl: 给我这个0个major🔪尸的世1⃣️步看笑了
[2026-02-22 00:46:06] 忽孝山庄: 冷知识，尼就是由尸和匕组成的
[2026-02-22 00:46:06] 中X千早爱音: 冷知识，尼就是由尸和匕组成的
[2026-02-22 00:46:06] TTak11: 冷知识，尼就是由尸和匕组成的
[2026-02-22 00:46:07] river66799: 冷知识，尼就是由尸和匕组成的
[2026-02-22 00:46:07] 老师像洗脚城城主Java: 冷知识，尼就是由尸和匕组成的
[2026-02-22 00:46:07] 大笨蛋2333: 局部多云
[2026-02-22 00:46:07] 曲奇lemon: 冷知识，尼就是由尸和匕组成的
[2026-02-22 00:46:07] BleksiA: broky play
[2026-02-22 00:46:07] 用户646264804: 冷知识，尼就是由尸和匕组成的
[2026-02-22 00:46:08] A队不吃晃的小祥本人: 申请看100T比赛净化弹幕，同意的＋1
[2026-02-22 00:46:08] 劉膿dewasu: 冷知识，尼就是由尸和匕组成的
[2026-02-22 00:46:08] 夏映kae: 冷知识，尼就是由尸和匕组成的
[2026-02-22 00:46:08] 时维鹰扬丶: 回合制
[2026-02-22 00:46:08] Winter小狗汪汪: 冷知识，尼就是由尸和匕组成的
[2026-02-22 00:46:08] AL1yaaa: 冷知识，尼就是由尸和匕组成的
[2026-02-22 00:46:09] C9的moloris本人: 冷知识，尼就是由尸和匕组成的
[2026-02-22 00:46:09] 苦来兮苦的祥子本人: 冷知识，尼就是由尸和匕组成的
[2026-02-22 00:46:09] 维他维他维他OVO: 防反清闪瞄点烟
[2026-02-22 00:46:09] 不变的追求717: 冷知识，尼就是由尸和匕组成的
[2026-02-22 00:46:09] 认知偏差男孩: 冷知识，尼就是由尸和匕组成的
[2026-02-22 00:46:09] 千古恨轮回尝061: 给我这个0个major🔪尸的世1⃣️步看笑了
[2026-02-22 00:46:09] 零二爱吃糖: 冷知识，尼就是由尸和匕组成的
[2026-02-22 00:46:09] 0guriCap: 大雾局
[2026-02-22 00:46:10] 椎名真白ii丶: 冷知识，尼就是由尸和匕组成的
[2026-02-22 00:46:10] 述二ER: 冷知识，尼就是由尸和匕组成的
[2026-02-22 00:46:10] 伦敦千早爱: 在线榜第11名千早爱音给你送钻粉你咋不谢（11级发不了
[2026-02-22 00:46:10] 疯狂的蓝月亮i: 冷知识，尼就是由尸和匕组成的
[2026-02-22 00:46:10] 单推折纸11年: 冷知识，尼就是由尸和匕组成的
[2026-02-22 00:46:10] 西雨恋古亭: 冷知识，尼就是由尸和匕组成的
[2026-02-22 00:46:10] 李知恩lynt: 冷知识，尼就是由尸和匕组成的
[2026-02-22 00:46:11] 江财第一肥美:  @Hitagi蟹蟹：冷知识，尼就是由尸和匕组成的
[2026-02-22 00:46:11] RiceShowerlk: 冷知识，尼就是由尸和匕组成的
[2026-02-22 00:46:11] TheMongolZ的上单本人: 冷知识，尼就是由尸和匕组成的
[2026-02-22 00:46:11] 桂林米粉比较好吃: 冷知识，尼就是由尸和匕组成的
[2026-02-22 00:46:11] dfed5: 冷知识，尼就是由尸和匕组成的
[2026-02-22 00:46:11] 古堡12枪战神: 对暗号呢
[2026-02-22 00:46:11] Ralmnstr: 给我这个0个major🔪尸的世1⃣️步看笑了
[2026-02-22 00:46:11] HCS118: 回合制
[2026-02-22 00:46:11] 铜锣湾扛把子L: 冷知识，尼就是由尸和匕组成的
[2026-02-22 00:46:11] 用户3179801648: 冷知识，尼就是由尸和匕组成的
[2026-02-22 00:46:11] 用户7123010964: 冷知识，尼就是由尸和匕组成的
[2026-02-22 00:46:12] 东海龙宫黄丞相: 给我这个0个major🔪尸的世1⃣️步看笑了
[2026-02-22 00:46:12] 繁繁繁华华: 冷知识，尼就是由尸和匕组成的
[2026-02-22 00:46:12] 蓝月亮843: 冷知识，尼就是由尸和匕组成的
[2026-02-22 00:46:12] cyc的回民粉: 冷知识，尼就是由尸和匕组成的
[2026-02-22 00:46:12] TL的EliGE本人: 冷知识，尼就是由尸和匕组成的
[2026-02-22 00:46:12] 变的是我的脑子: 给我这个0个major🔪尸的世1⃣️步看笑了
[2026-02-22 00:46:12] Gentleman汪鸿: 冷知识，尼就是由尸和匕组成的
[2026-02-22 00:46:12] 不动的大图书馆馆长: 冷知识，尼就是由尸和匕组成的
[2026-02-22 00:46:13] Cloud9的咬人猫本人: 给我这个0个major🔪尸的世1⃣️步看笑了
[2026-02-22 00:46:13] a队的丰川祥子: 冷知识，尼就是由尸和匕组成的
[2026-02-22 00:46:13] 缪斯的南小鸟本人: 冷知识，尼就是由尸和匕组成的
[2026-02-22 00:46:13] Wskite: 给我这个0个major🔪尸的世1⃣️步看笑了
[2026-02-22 00:46:14] 月缘蹀躞: 　　　 冷知识，尼就是由尸和匕组成的
[2026-02-22 00:46:14] 声优主播a狗: 冷知识，尼就是由尸和匕组成的
[2026-02-22 00:46:14] 臣雎: 冷知识，尼就是由尸和匕组成的
[2026-02-22 00:46:14] 滑稽博士135: broky play
[2026-02-22 00:46:14] 樱花庄的宠物亦搏: 冷知识，尼就是由尸和匕组成的
[2026-02-22 00:46:15] 渴望和老马击剑: 冷知识，尼就是由尸和匕组成的
[2026-02-22 00:46:15] 游荡恶鬼灬: 冷知识，尼就是由尸和匕组成的
[2026-02-22 00:46:15] 绀海恋歌丶: 冷知识，尼就是由尸和匕组成的
[2026-02-22 00:46:15] Kirito7147: 冷知识，尼就是由尸和匕组成的
[2026-02-22 00:46:15] Buendia41394: 冷知识，尼就是由尸和匕组成的
[2026-02-22 00:46:15] 教练我想打突破: 冷知识，尼就是由尸和匕组成的
[2026-02-22 00:46:15] 短桥窄马: 通道扌丁通了 烟流出来了
[2026-02-22 00:46:15] 玩三冰丶ThreeKingdom: 冷知识，尼就是由尸和匕组成的
[2026-02-22 00:46:16] 玩大哥很硬很粗很大: 冷知识，尼就是由尸和匕组成的
[2026-02-22 00:46:16] a1441f: 冷知识，尼就是由尸和匕组成的
[2026-02-22 00:46:16] 吃胖的葫芦: 胖
[2026-02-22 00:46:16] 千草爱音anno: 冷知识，尼就是由尸和匕组成的
[2026-02-22 00:46:16] 好姐妹铃木羽那: 冷知识，尼就是由尸和匕组成的
[2026-02-22 00:46:16] ChanKwanHo595: 冷知识，尼就是由尸和匕组成的
[2026-02-22 00:46:16] 骑蜗牛追杀: 冷知识，尼就是由尸和匕组成的
[2026-02-22 00:46:17] 后街拉肯斯基: 冷知识，尼就是由尸和匕组成的
[2026-02-22 00:46:17] 弹幕王丶: 局部多云 你懂解说吗
[2026-02-22 00:46:17] p梅狸猫q: 冷知识，尼就是由尸和匕组成的
[2026-02-22 00:46:17] 宗宗若若major冠军: @老汤日记:丹麦总统让我静音接触白宫，这应该是我最后一次看儿子直播了，机器，我爱你...
[2026-02-22 00:46:18] 穿甲狗: 压缩
[2026-02-22 00:46:18] 東郷美森是勇者: 冷知识，尼就是由尸和匕组成的
[2026-02-22 00:46:18] 用户3661578: 弹幕太有才了哈哈
[2026-02-22 00:46:18] 用户0637093822: 冷知识，尼就是由尸和匕组成的
[2026-02-22 00:46:18] Falcons的Kobe本人: 申请看丰川億百萬 懂得➕1
[2026-02-22 00:46:18] 即便她成了遗憾: 冷知识，尼就是由尸和匕组成的
[2026-02-22 00:46:19] 洛陽城里看落陽: 给我这个0个major🔪尸的世1⃣️步看笑了
[2026-02-22 00:46:19] 汤汤魔魔mmmmmmmmajor冠军: 给我这个0个major🔪尸的世1⃣️步看笑了
[2026-02-22 00:46:19] G2的MengLei本人: 冷知识，尼就是由尸和匕组成的
[2026-02-22 00:46:19] c6lviN: 冷知识，尼就是由尸和匕组成的
[2026-02-22 00:46:19] 石家庄的宠物男孩: 冷知识，尼就是由尸和匕组成的
[2026-02-22 00:46:19] 用户5038445705: 冷知识，尼就是由尸和匕组成的
[2026-02-22 00:46:20] 胡椒胡椒胡椒胡椒胡椒: major
[2026-02-22 00:46:20] 伦敦千早爱: 在线榜第11名千早爱音给你送钻粉你咋不谢（11级发不了
[2026-02-22 00:46:20] 酒姑娘的小枫: sdy丢的
[2026-02-22 00:46:20] 德莉莎超可矮: 在线榜第11名千早爱音给你送钻粉你咋不谢（11级发不了
[2026-02-22 00:46:20] -Lycoris: 冷知识，尼就是由尸和匕组成的
[2026-02-22 00:46:20] 宇莓: 有一说一，曹操当摸金校尉有没有可能也是在友好互动
[2026-02-22 00:46:20] KujoJolyne: 1
[2026-02-22 00:46:21] 大学生活是真的好呀: 尼就是由尸和匕组成的
[2026-02-22 00:46:21] LvvsiN: 玩宝宝，我发现在大学上学的时候肄业会很舒服，你可以试试
[2026-02-22 00:46:21] 太阳神之翼神龙球体形: 给我这个0个major🔪尸的世1⃣️步看笑了
[2026-02-22 00:46:22] 汤汤魔魔mmmmmmmmajor冠军: 冷知识，尼就是由尸和匕组成的
[2026-02-22 00:46:23] 驴驴宗宗买这冠军: 弹幕太有才了哈哈
[2026-02-22 00:46:23] 天文学家玩机器: 尼是匕+尸啊
[2026-02-22 00:46:23] 杀鱼杀主宰: 冷知识，尼就是由尸和匕组成的
[2026-02-22 00:46:23] LvvsiN: 孩子们快跑，马修赫伯特来了😨卧槽你的怎么是马枪和BOT
[2026-02-22 00:46:23] 呵呵呵主播好帅: 冷知识，尼就是由尸和匕组成的
[2026-02-22 00:46:23] swagger5748: 冷知识，尼就是由尸和匕组成的
[2026-02-22 00:46:23] 玩蛇鼠丶stabbi: 冷知识，尼就是由尸和匕组成的
[2026-02-22 00:46:23] 卡啊卡卡丶: 冷知识，尼就是由尸和匕组成的
[2026-02-22 00:46:24] 飘然小牧: 冷知识，尼就是由尸和匕组成的
[2026-02-22 00:46:24] A队不吃晃的小祥本人: 水能载舟，亦能覆舟，玩小将宣布下放玩机器！
[2026-02-22 00:46:24] 蓝原延渚: 冷知识，尼就是由尸和匕组成的
[2026-02-22 00:46:24] M1zore: 冷知识，尼就是由尸和匕组成的
[2026-02-22 00:46:24] 汤汤魔魔mmmmmmmmajor冠军: 冷知识，尼就是由尸和匕组成的
[2026-02-22 00:46:24] 滨辺美波: 给我这个0个major🔪尸的世1⃣️步看笑了
[2026-02-22 00:46:25] 玩大哥又派阴阳单了: 给我这个0个major🔪尸的世1⃣️步看笑了
[2026-02-22 00:46:25] 忒斯特賊賊的披肩: 给我这个0个major🔪尸的世1⃣️步看笑了
[2026-02-22 00:46:25] LvvsiN: @阿汤日记：一个人，5发子弹，保住格陵兰岛。我不会叫它不可能完成的任务，我现在只想先回家看亦博
[2026-02-22 00:46:25] Lee暴暴: 老VP进攻
[2026-02-22 00:46:25] 坏哥们顶针: 加一过快，请稍后展示
[2026-02-22 00:46:25] 深谙世故却不世故: 双向烟
[2026-02-22 00:46:26] 20岁的大鹰精: 冷知识，尼就是由尸和匕组成的
[2026-02-22 00:46:26] 友利奈绪我老婆d: 冷知识，尼就是由尸和匕组成的
[2026-02-22 00:46:26] 吊人日子不过了: 还真是
[2026-02-22 00:46:26] 汤汤魔魔mmmmmmmmajor冠军: 冷知识，尼就是由尸和匕组成的
[2026-02-22 00:46:26] 勤奋努力的Obito: 给我这个0个major🔪尸的世1⃣️步看笑了
[2026-02-22 00:46:27] A队不吃晃的小祥本人: ⓘ您已被天师庄方宜举报封禁，点击了解武陵社会信用
[2026-02-22 00:46:27] 妖娆哥777: 冷知识，尼就是由尸和匕组成的
[2026-02-22 00:46:27] 涂涂没吃饱: 在线榜第11名千早爱音给你送钻粉你咋不谢（11级发不了
[2026-02-22 00:46:27] 峰城大高中的冬马本人: 申请看丰川億百萬 懂得➕1
[2026-02-22 00:46:27] 禿嚕毛: 冷知识，尼就是由尸和匕组成的
[2026-02-22 00:46:27] 宇治的QQ: 玩机器，你现在逆转风评和停止节奏的唯一办法就是把《颂乐人偶》后6集看完
[2026-02-22 00:46:28] 玉米卧槽: 给我这个4个major的法国sc发送者看笑了
[2026-02-22 00:46:28] 缨只会嘤嘤嘤: 冷知识，尼就是由尸和匕组成的
[2026-02-22 00:46:28] 述二ER: 冷知识，尼就是由尸和匕组成的
[2026-02-22 00:46:28] 正经猪头肉: 伟神
[2026-02-22 00:46:28] 汤汤魔魔mmmmmmmmajor冠军: 冷知识，尼就是由尸和匕组成的
[2026-02-22 00:46:29] 宗宗若若major冠军: 怀念最好的型月公主：爱尔奎特（鸡）阿尔托莉亚（鸡）苍崎青子（鸡）两仪式（鸡）间桐樱（不如鸡）
[2026-02-22 00:46:29] A队不吃晃的小祥本人: ⓘ您已被天师庄方宜举报封禁，点击了解武陵社会信用
[2026-02-22 00:46:29] 哒哒哒89917: 孩子们快跑，马修赫伯特来了😨卧槽你的怎么是马枪和BOT
[2026-02-22 00:46:29] LvvsiN: 就tm喜欢银行业🥰银行坏账我喜欢🥰银行挤兑我还喜欢😍利率调低我也喜欢🤤老子亲烂银行业的脸😘
[2026-02-22 00:46:29] 衰神177: 卧槽，我被禁言了😭
[2026-02-22 00:46:30] 轻烟散97359: 冷知识，尼就是由尸和匕组成的
[2026-02-22 00:46:30] 宇莓: 冷知识，尼就是由尸和匕组成的
[2026-02-22 00:46:30] 变的是我的脑子: 有一说一，曹操当摸金校尉有没有可能也是在友好互动
[2026-02-22 00:46:30] 鹿公爷: 伟神
[2026-02-22 00:46:31] 汤汤魔魔mmmmmmmmajor冠军: 冷知识，尼就是由尸和匕组成的
[2026-02-22 00:46:31] 用户5076198187:  @驴驴宗宗买这冠军：　　　 弹幕太有才了哈哈
[2026-02-22 00:46:31] 迷你世界丁真学姐1: 我提一嘴，切jame尸体的是孩孩
[2026-02-22 00:46:31] 澄猫: 伟神
[2026-02-22 00:46:31] 还是种田梨沙适合老子: 纪律性和细节
[2026-02-22 00:46:31] A队不吃晃的小祥本人: 申请看100T比赛净化弹幕，同意的＋1
[2026-02-22 00:46:31] LvvsiN: 你屏蔽词都快赶上新华词典了为什么不干脆开一百级发言？
[2026-02-22 00:46:31] 吴本伟nb: 不信任队友了
[2026-02-22 00:46:32] 怪诞狂人: 想放人
[2026-02-22 00:46:32] 用户0637093822: 冷知识，尼就是由尸和匕组成的
[2026-02-22 00:46:32] xOcOg: 设备：孩子，累了想下播就索敌攻击你监爹的弹幕，想净化弹幕环境就看看我的比赛
[2026-02-22 00:46:33] 小蜜蜂的长期素食本人: 伟神
[2026-02-22 00:46:33] 珂珂绊绊ya: 。
[2026-02-22 00:46:33] 汤汤魔魔mmmmmmmmajor冠军: 冷知识，尼就是由尸和匕组成的
[2026-02-22 00:46:33] 没虾: WEIWEI
[2026-02-22 00:46:33] 热心好邻居: ？
[2026-02-22 00:46:33] 管大无需多颜: 细伟
[2026-02-22 00:46:33] LvvsiN: 弹幕也就网上说说，现实里谁不觉得樱姐是好女孩（删括号领一条远坂凛同款鸟笼）
[2026-02-22 00:46:33] BleksiA: 伟神
[2026-02-22 00:46:33] 米米世界之神: 🐧偷摸零来咯🐧偷摸零来咯🐧偷摸零来咯🐧偷摸零来咯🐧偷摸零来咯🐧偷摸零来咯🐧偷摸零来咯
[2026-02-22 00:46:33] KuronekoSummer: 哈基米
[2026-02-22 00:46:33] 玩斯特出出6657: 马
[2026-02-22 00:46:33] A队不吃晃的小祥本人: 水能载舟，亦能覆舟，玩小将宣布下放玩机器！
[2026-02-22 00:46:34] 宇莓: 有一说一，曹操当摸金校尉有没有可能也是在友好互动
[2026-02-22 00:46:34] 凸凸凹凸凹凸凸凸: 扳机纪律
[2026-02-22 00:46:34] AKNWY呦: 伟神
[2026-02-22 00:46:35] 薛茂华真帅啊哈哈哈: 在线榜地12名千早爱音给你送钻粉你咋不谢（11级发不了言代发）
[2026-02-22 00:46:35] 银睿憨: 伟神
[2026-02-22 00:46:35] Sirius丶BIack: ?
[2026-02-22 00:46:35] 汤汤魔魔mmmmmmmmajor冠军: 冷知识，尼就是由尸和匕组成的
[2026-02-22 00:46:35] 就爱吃辣咋的: 哈吉米
[2026-02-22 00:46:35] 用户3661578: 哈吉米
[2026-02-22 00:46:35] fmljz: 哲伟还是细啊
[2026-02-22 00:46:35] LvvsiN: 屏幕中间弹幕这么狂？站那不走了还剧透分，你当你是主办方？？
[2026-02-22 00:46:35] 门子侃: 哈哈哈
[2026-02-22 00:46:35] 倾盆大rain: 尸一步！尸一步！尸一步！尸一步！尸一步！尸一步！尸一步！尸一步！尸一步！尸一步！尸一步！尸一步！
[2026-02-22 00:46:36] 哎哟被关了: 热知识,爹就是父和多组成的
[2026-02-22 00:46:36] oblivionis小姐: 解封了说是
[2026-02-22 00:46:36] Fwio3: 卧槽，我被禁言了😭
[2026-02-22 00:46:36] 玩玩的丸丸软又弹: 伟神
[2026-02-22 00:46:36] 千百度897: 我不太敢加一啊弹幕
[2026-02-22 00:46:37] 玩机器你能不能闭嘴: 我只听过牛革便和羊革便，谁告诉我Niko革便是什么东西
[2026-02-22 00:46:37] 永远喜欢远近渔: 伟神
[2026-02-22 00:46:37] 雪菜偷完top偷major: 伟神
[2026-02-22 00:46:37] 我真的不是硝子: 伟神
[2026-02-22 00:46:37] Killajoy: 哈基米
[2026-02-22 00:46:37] 问天丶Aiden: 神在哪
[2026-02-22 00:46:37] 龙龙虾虾爱软脚: 区一样
[2026-02-22 00:46:38] jamesfaith23: 伟神
[2026-02-22 00:46:38] xyp9x去哪了: 冷知识，尼就是由尸和匕组成的
[2026-02-22 00:46:38] 奥拉夫的蛋炒饭: 我提一嘴，切jame尸体的是孩孩
[2026-02-22 00:46:38] 驴驴宗宗买这冠军:  @驴驴宗宗买这冠军：    弹幕太有才了哈哈
[2026-02-22 00:46:39] A队不吃晃的小祥本人: 老规矩，弹幕谁编的好笑我支持谁
[2026-02-22 00:46:39] 野猪家猪: ？？？
[2026-02-22 00:46:39] 只打瘸子那条腿: 房顶烟防圣诞老人的
[2026-02-22 00:46:39] User5092: 伟神
[2026-02-22 00:46:39] 梦的星: ？
[2026-02-22 00:46:39] 每天都被穷醒: ？
[2026-02-22 00:46:39] 玩刘农device: ？
[2026-02-22 00:46:40] ozvhn: ？
[2026-02-22 00:46:40] 老奇崔恩: 马一样
[2026-02-22 00:46:40] 正经猪头肉: ？
[2026-02-22 00:46:40] HCS118: ？
[2026-02-22 00:46:40] 变的是我的脑子: 尸一步！尸一步！尸一步！尸一步！尸一步！尸一步！尸一步！尸一步！尸一步！尸一步！尸一步！尸一步！
[2026-02-22 00:46:40] 无刘海美女: ？
[2026-02-22 00:46:40] 黄浦江大头鱼档: 这吉米也太马了
[2026-02-22 00:46:41] 6坤么么哒: a4说话
[2026-02-22 00:46:41] ArZhe阿哲: ？
[2026-02-22 00:46:41] 流光似水321: a4说话来
[2026-02-22 00:46:41] 格子猫QAQ: 玩乐队的姐姐们怎么不见了，这弹幕看得我好害怕😭😭😭
[2026-02-22 00:46:41] 好哥们黑龙歼灭刀: 有一说一，曹操当摸金校尉有没有可能也是在友好互动
[2026-02-22 00:46:41] 若叶睦吃苦瓜: 伟神
[2026-02-22 00:46:41] 假小子是对的: 透
[2026-02-22 00:46:41] 冰镇豆浆Zzzz: 这阳台是人吗？
[2026-02-22 00:46:41] 绀海恋歌丶: ？
[2026-02-22 00:46:41] 龍EVOLOVE龍: ？
[2026-02-22 00:46:41] LvvsiN: 银行业😄银行业😀银行业😃银行业😁银行业😆银行业🤪银行业😝
[2026-02-22 00:46:42] 谪九千: ？
[2026-02-22 00:46:42] 倾盆大rain: 尸一步！尸一步！尸一步！尸一步！尸一步！尸一步！尸一步！尸一步！尸一步！尸一步！尸一步！尸一步！
[2026-02-22 00:46:42] Ausliedy: ？
[2026-02-22 00:46:42] 用户3661578: 欸
[2026-02-22 00:46:43] wiremis: ？？？
[2026-02-22 00:46:43] 随安丶: ?
[2026-02-22 00:46:43] 落天华: 玩大哥这不是很知道该屏蔽哪些符号嘛
[2026-02-22 00:46:43] 秋茶小雪: ？？
[2026-02-22 00:46:43] 王佰柒柒: 哲伟：海鲜里当然有鱿鱼咯
[2026-02-22 00:46:43] 机器机器祝你天天开心: ？
[2026-02-22 00:46:43] 水球碳酸饮料: ？
[2026-02-22 00:46:43] 汤汤魔魔mmmmmmmmajor冠军: 在线榜地12名千早爱音给你送钻粉你咋不谢（11级发不了言代发）
[2026-02-22 00:46:43] 正经猪头肉: 语气好哥
[2026-02-22 00:46:43] 5m1le: 🤓都是同龄人🤫我原本没想酱味大鸡😫 🤓都是同龄人🤫我原本没想酱味大鸡😫
[2026-02-22 00:46:44] LvvsiN: 玩宝宝，我发现在大学上学的时候肄业会很舒服，你可以试试
[2026-02-22 00:46:44] NoyAOvO: ？
[2026-02-22 00:46:44] g2的尼ko本人: ？
[2026-02-22 00:46:44] Vitality的Kyojin本人: 透
[2026-02-22 00:46:44] 鲜血与暗影铸造的家伙: 理解挺好
[2026-02-22 00:46:44] Laila丶丶: 马完了吉米
[2026-02-22 00:46:45] 久遠寺有珠Alice: 尸一步！尸一步！尸一步！尸一步！尸一步！尸一步！尸一步！尸一步！尸一步！尸一步！尸一步！尸一步！
[2026-02-22 00:46:45] 好哥们黑龙歼灭刀: 尸一步！尸一步！尸一步！尸一步！尸一步！尸一步！尸一步！尸一步！尸一步！尸一步！尸一步！尸一步！
[2026-02-22 00:46:45] A队不吃晃的小祥本人: 水能载舟，亦能覆舟，玩小将宣布下放玩机器！
[2026-02-22 00:46:46] LvvsiN: 就tm喜欢银行业🥰银行坏账我喜欢🥰银行挤兑我还喜欢😍利率调低我也喜欢🤤老子亲烂银行业的脸😘
[2026-02-22 00:46:46] jamesfaith23: ？
[2026-02-22 00:46:46] Falcons的Kobe本人: 扳机纪律
[2026-02-22 00:46:47] 5m1le: 🤓都是同龄人🤫我原本没想酱味大鸡😫 🤓都是同龄人🤫我原本没想酱味大鸡😫
[2026-02-22 00:46:47] c9的stewie本人: ？
[2026-02-22 00:46:47] Vurtne: 哈基米玩不玩
[2026-02-22 00:46:47] 詹詹塔塔Major冠军: 我只听过牛革便和羊革便，谁告诉我Niko革便是什么东西
[2026-02-22 00:46:48] LvvsiN: @老汤日记:丹麦总统让我静音接触白宫，这应该是我最后一次看儿子直播了，机器，我爱你...
[2026-02-22 00:46:48] 薛茂华真帅啊哈哈哈: 在线榜地12名千早爱音给你送钻粉你咋不谢（11级发不了言代发）
[2026-02-22 00:46:48] i化石-: 哲伟：海鲜里当然有鱿鱼咯
[2026-02-22 00:46:48] 鸭硕的哈撒给: 你把major禁了就禁了吧，我有新的弹幕进收藏夹了😊
[2026-02-22 00:46:49] 汤汤魔魔mmmmmmmmajor冠军: 在线榜地12名千早爱音给你送钻粉你咋不谢（11级发不了言代发）
[2026-02-22 00:46:49] 田所浩二114514: 尸一步！尸一步！尸一步！尸一步！尸一步！尸一步！尸一步！尸一步！尸一步！尸一步！尸一步！尸一步！
[2026-02-22 00:46:49] 玩商单丶Sponsor: 抓娃娃
[2026-02-22 00:46:49] x星辰GGGGGG: 透视
[2026-02-22 00:46:49] 有你便是世界1: a4说话来
[2026-02-22 00:46:49] 弹幕王丶: 我先开的
[2026-02-22 00:46:49] 華之君: ？
[2026-02-22 00:46:49] Mannequin: 扳机纪律
[2026-02-22 00:46:50] O荒年I留连O: 尸一步！尸一步！尸一步！尸一步！尸一步！尸一步！尸一步！尸一步！尸一步！尸一步！尸一步！尸一步！
[2026-02-22 00:46:50] 鸟儿在头顶把森林叫醒: ？
[2026-02-22 00:46:50] 如云似霞染红妆: 哈基米
[2026-02-22 00:46:50] 变的是我的脑子: 玩大哥这不是很知道该屏蔽哪些符号嘛
[2026-02-22 00:46:50] RiceShowerlk: 透
[2026-02-22 00:46:50] oblivionis小姐: ？？？
[2026-02-22 00:46:51] 玩大哥我双倍呢: 尸一步！尸一步！尸一步！尸一步！尸一步！尸一步！尸一步！尸一步！尸一步！尸一步！尸一步！尸一步！
[2026-02-22 00:46:51] 假打奇趣蛋: 水能载舟，亦能覆舟，玩小将宣布下放玩机器！
[2026-02-22 00:46:51] 长泽雅美是我老婆: 康神nb
[2026-02-22 00:46:52] 5m1le: 🤓都是同龄人🤫我原本没想酱味大鸡😫 🤓都是同龄人🤫我原本没想酱味大鸡😫
[2026-02-22 00:46:52] chukap: hvh
[2026-02-22 00:46:52] LvvsiN: 额，拿亚军我都会，拿亚军，拿季军，拿四强，拿八强，拿十六强，呃拿冠军我不会，然后小组赛淘汰
[2026-02-22 00:46:52] 少女与狗丶丶: 谢逊那么远
[2026-02-22 00:46:52] KuronekoSummer: 哈基米现在也太泯了
[2026-02-22 00:46:52] 素质三连666: 回防陷阱了
[2026-02-22 00:46:53] A队不吃晃的小祥本人: 申请看100T比赛净化弹幕，同意的＋1
[2026-02-22 00:46:53] 驴驴宗宗买这冠军: 🤓都是同龄人🤫我原本没想酱味大鸡😫 🤓都是同龄人🤫我原本没想酱味大鸡😫
[2026-02-22 00:46:53] 快乐啃蹄蹄: ？？？
[2026-02-22 00:46:53] c6lviN: 尸一步！尸一步！尸一步！尸一步！尸一步！尸一步！尸一步！尸一步！尸一步！尸一步！尸一步！尸一步！
[2026-02-22 00:46:53] 薛茂华真帅啊哈哈哈: 在线榜地12名千早爱音给你送钻粉你咋不谢（11级发不了言代发）
[2026-02-22 00:46:54] 南边之星: 玩大哥这不是很知道该屏蔽哪些符号嘛
[2026-02-22 00:46:54] 乐EE: 🤓都是同龄人🤫我原本没想酱味大鸡😫 🤓都是同龄人🤫我原本没想酱味大鸡😫
[2026-02-22 00:46:54] 圣诞节二人组: @jame:time to watch twitter pron
[2026-02-22 00:46:54] 岁月如故iii: 相信抗渗
[2026-02-22 00:46:54] LvvsiN: 就tm喜欢银行业🥰银行坏账我喜欢🥰银行挤兑我还喜欢😍利率调低我也喜欢🤤老子亲烂银行业的脸😘
[2026-02-22 00:46:54] 酒姑娘的小枫: 🤓都是同龄人🤫我原本没想酱味大鸡😫 🤓都是同龄人🤫我原本没想酱味大鸡😫
[2026-02-22 00:46:54] 好哥们兵藤一诚: 尸一步！尸一步！尸一步！尸一步！尸一步！尸一步！尸一步！尸一步！尸一步！尸一步！尸一步！尸一步！
[2026-02-22 00:46:54] Scar化伪伤痕: 现场声没了？
[2026-02-22 00:46:54] Litt1e丶Traveler: 吉米一枪不中别玩了
[2026-02-22 00:46:54] 东方昼华DFZH: 🤓都是同龄人🤫我原本没想酱味大鸡😫 🤓都是同龄人🤫我原本没想酱味大鸡😫
[2026-02-22 00:46:55] 美妙的牧歌: 有脏东西
[2026-02-22 00:46:55] 汤汤魔魔mmmmmmmmajor冠军: 哲伟：海鲜里当然有鱿鱼咯
[2026-02-22 00:46:55] 萝伯丝比尔: 在线榜地12名千早爱音给你送钻粉你咋不谢（11级发不了言代发）
[2026-02-22 00:46:55] H2O的小日向早美本人: 🤓都是同龄人🤫我原本没想酱味大鸡😫 🤓都是同龄人🤫我原本没想酱味大鸡😫
[2026-02-22 00:46:55] 我不是闪烁啊: 哈基米
[2026-02-22 00:46:55] 贾宝玉倒拔垂杨柳66: ？
[2026-02-22 00:46:56] 浅色的调色板: 尸一步！尸一步！尸一步！尸一步！尸一步！尸一步！尸一步！尸一步！尸一步！尸一步！尸一步！尸一步！
[2026-02-22 00:46:56] 萌六花: 尸一步！尸一步！尸一步！尸一步！尸一步！尸一步！尸一步！尸一步！尸一步！尸一步！尸一步！尸一步！
[2026-02-22 00:46:56] 薛茂华真帅啊哈哈哈: 在线榜地12名千早爱音给你送钻粉你咋不谢（11级发不了言代发）
[2026-02-22 00:46:56] 假小子是对的: jame先开的
[2026-02-22 00:46:56] LvvsiN: 额，拿亚军我都会，拿亚军，拿季军，拿四强，拿八强，拿十六强，呃拿冠军我不会，然后小组赛淘汰
[2026-02-22 00:46:56] 玩宝路、Marlboro: 🤓都是同龄人🤫我原本没想酱味大鸡😫 🤓都是同龄人🤫我原本没想酱味大鸡😫
[2026-02-22 00:46:56] KevinTheFool: 掉枪陷阱来了
[2026-02-22 00:46:56] 玩弓箭、Arrow: 你先开的
[2026-02-22 00:46:57] 用户5608006019: 哈基米现在也太泯了
[2026-02-22 00:46:57] 宿醉销离恨: 尸一步！尸一步！尸一步！尸一步！尸一步！尸一步！尸一步！尸一步！尸一步！尸一步！尸一步！尸一步！
[2026-02-22 00:46:57] AlgoJoker: 水能载舟，亦能覆舟，玩小将宣布下放玩机器！
[2026-02-22 00:46:57] Cloud9的咬人猫本人: 尸一步！尸一步！尸一步！尸一步！尸一步！尸一步！尸一步！尸一步！尸一步！尸一步！尸一步！尸一步！
[2026-02-22 00:46:58] 5m1le: 🤓都是同龄人🤫我原本没想酱味大鸡😫 🤓都是同龄人🤫我原本没想酱味大鸡😫
[2026-02-22 00:46:58] 四个酒仙: 你把major禁了就禁了吧，我有新的弹幕进收藏夹了😊
[2026-02-22 00:46:58] LvvsiN: @老汤日记:丹麦总统让我静音接触白宫，这应该是我最后一次看儿子直播了，机器，我爱你...
[2026-02-22 00:46:58] 田所浩二114514: +++++++++++++++++
[2026-02-22 00:46:59] 0guriCap:  @阿汤日记：一个人，5发子弹，保住格陵兰岛。我不会叫它不可能完成的任务，我现在只想先回家看亦博
[2026-02-22 00:46:59] 宇莓: 在线榜地12名千早爱音给你送钻粉你咋不谢（11级发不了言代发）
[2026-02-22 00:47:00] 直播然后捡到女大学生: 你们刷慢点 我来不及举报了
[2026-02-22 00:47:00] others的御樱稟本人: 🤓都是同龄人🤫我原本没想酱味大鸡😫 🤓都是同龄人🤫我原本没想酱味大鸡😫
[2026-02-22 00:47:00] 刘农痴呆不忘带永恒: 🤓都是同龄人🤫我原本没想酱味大鸡😫 🤓都是同龄人🤫我原本没想酱味大鸡😫
[2026-02-22 00:47:00] 宫夫邪神: 尸一步！尸一步！尸一步！尸一步！尸一步！尸一步！尸一步！尸一步！尸一步！尸一步！尸一步！尸一步！
[2026-02-22 00:47:00] LvvsiN: 弹幕也就网上说说，现实里谁不觉得樱姐是好女孩（删括号领一条远坂凛同款鸟笼）
[2026-02-22 00:47:01] 6657的芥末本人: 尸一步！尸一步！尸一步！尸一步！尸一步！尸一步！尸一步！尸一步！尸一步！尸一步！尸一步！尸一步！
[2026-02-22 00:47:01] 雾雨魔理沙ZE: 尸一步！尸一步！尸一步！尸一步！尸一步！尸一步！尸一步！尸一步！尸一步！尸一步！尸一步！尸一步！
[2026-02-22 00:47:01] 九折水瓶丶: 申请看100T比赛净化弹幕，同意的＋1
[2026-02-22 00:47:01] 有你便是世界1: 🤓都是同龄人🤫我原本没想酱味大鸡😫 🤓都是同龄人🤫我原本没想酱味大鸡😫
[2026-02-22 00:47:01] 迷你世界丁真学姐1: 我提一嘴，切jame尸体的是孩孩。。。
[2026-02-22 00:47:02] 宇治的QQ: 🗿：pdf你2026.2.2凌晨4:10无甲沙鹰为什么不跑要给i15的宗出送，我被气晕了现在刚醒
[2026-02-22 00:47:02] 汤汤魔魔mmmmmmmmajor冠军: 🤓都是同龄人🤫我原本没想酱味大鸡😫 🤓都是同龄人🤫我原本没想酱味大鸡😫
[2026-02-22 00:47:02] yinyao1231: 🤓都是同龄人🤫我原本没想酱味大鸡😫 🤓都是同龄人🤫我原本没想酱味大鸡😫
[2026-02-22 00:47:02] LvvsiN: 弹幕也就网上说说，现实里谁不觉得樱姐是好女孩（删括号领一条远坂凛同款鸟笼）
[2026-02-22 00:47:03] JB真可爱: major
[2026-02-22 00:47:03] N1Ko28: 别去阿，是陷阱
[2026-02-22 00:47:03] 柚子厨0721: 　　　 尸一步！尸一步！尸一步！尸一步！尸一步！尸一步！尸一步！尸一步！尸一步！尸一步！尸一步！尸一
[2026-02-22 00:47:03] 蓝鲸少年与小巷: 玩大哥这不是很知道该屏蔽哪些符号嘛
[2026-02-22 00:47:03] 予陈cc: 尸一步！尸一步！尸一步！尸一步！尸一步！尸一步！尸一步！尸一步！尸一步！尸一步！尸一步！尸一步！
[2026-02-22 00:47:03] 劉膿dewasu: 尸一步！尸一步！尸一步！尸一步！尸一步！尸一步！尸一步！尸一步！尸一步！尸一步！尸一步！尸一步！
[2026-02-22 00:47:03] 哈姆大神: 水能载舟，亦能覆舟，玩小将宣布下放玩机器！
[2026-02-22 00:47:03] VP影业Snax: 玩大哥这不是很知道该屏蔽哪些符号嘛
[2026-02-22 00:47:03] 老实人张小豪: @Niko：就是老子把玩机器禁言的怎么了？每次亚军都是他解说，晦气死了
[2026-02-22 00:47:04] NS牌洗脚水: 尸一步！尸一步！尸一步！尸一步！尸一步！尸一步！尸一步！尸一步！尸一步！尸一步！尸一步！尸一步！
[2026-02-22 00:47:04] FROSTYI: 水能载舟，亦能覆舟，玩小将宣布下放玩机器！
[2026-02-22 00:47:04] 少女与狗丶丶: 没时间了回锤子
[2026-02-22 00:47:04] LvvsiN: @老汤日记:丹麦总统让我静音接触白宫，这应该是我最后一次看儿子直播了，机器，我爱你...
[2026-02-22 00:47:04] Ylang、yo: 　　　 尸一步！尸一步！尸一步！尸一步！尸一步！尸一步！尸一步！尸一步！尸一步！尸一步！尸一步！尸一
[2026-02-22 00:47:05] 薛茂华真帅啊哈哈哈: 在线榜地12名千早爱音给你送钻粉你咋不谢（11级发不了言代发）
[2026-02-22 00:47:05] 丢你雷姆吔屎啦你: 尸一步！尸一步！尸一步！尸一步！尸一步！尸一步！尸一步！尸一步！尸一步！尸一步！尸一步！尸一步！
[2026-02-22 00:47:05] 博丽灵感菇: 玩大哥这不是很知道该屏蔽哪些符号嘛
[2026-02-22 00:47:05] 我爱双涡轮: 在线榜地12名千早爱音给你送钻粉你咋不谢（11级发不了言代发）
[2026-02-22 00:47:05] 唯有、责任: 🤓都是同龄人🤫我原本没想酱味大鸡😫 🤓都是同龄人🤫我原本没想酱味大鸡😫
[2026-02-22 00:47:06] 传奇老将丰川祥子: 🤓都是同龄人🤫我原本没想酱味大鸡😫 🤓都是同龄人🤫我原本没想酱味大鸡😫
[2026-02-22 00:47:06] TTak11: 在线榜地12名千早爱音给你送钻粉你咋不谢（11级发不了言代发）
[2026-02-22 00:47:06] 时间就是深海咸鱼: 尸一步！尸一步！尸一步！尸一步！尸一步！尸一步！尸一步！尸一步！尸一步！尸一步！尸一步！尸一步！
[2026-02-22 00:47:06] samuraionnna: 🤓都是同龄人🤫我原本没想酱味大鸡😫 🤓都是同龄人🤫我原本没想酱味大鸡😫
[2026-02-22 00:47:06] LvvsiN: 别解说了 多聊会天 你不会真的以为能输吧
[2026-02-22 00:47:06] 四个酒仙: 尸一步！尸一步！尸一步！尸一步！尸一步！尸一步！尸一步！尸一步！尸一步！尸一步！尸一步！尸一步！
[2026-02-22 00:47:06] 宫监手放监: 🤓都是同龄人🤫我原本没想酱味大鸡😫 🤓都是同龄人🤫我原本没想酱味大鸡😫
[2026-02-22 00:47:07] bxfor: 尸一步！尸一步！尸一步！尸一步！尸一步！尸一步！尸一步！尸一步！尸一步！尸一步！尸一步！尸一步！
[2026-02-22 00:47:07] 永生不遇的star: 弹幕也就网上说说，现实里谁不觉得樱姐是好女孩（删括号领一条远坂凛同款鸟笼）
[2026-02-22 00:47:08] 夺云丶: 冷知识，尸匕是先刀后狙的
[2026-02-22 00:47:08] LvvsiN: 你屏蔽词都快赶上新华词典了为什么不干脆开一百级发言？
[2026-02-22 00:47:09] 好兄弟玩机器machine: 别去阿，是陷阱
[2026-02-22 00:47:09] 萝伯丝比尔: 在线榜地12名千早爱音给你送钻粉你咋不谢（11级发不了言代发）
[2026-02-22 00:47:09] 王佰柒柒: 玩大哥这不是很知道该屏蔽哪些符号嘛
[2026-02-22 00:47:10] LvvsiN: 其实碗橱就是猪灵，你不拿黄金丢他他就不跟你说话
[2026-02-22 00:47:11] 南边之星: 尸一步！尸一步！尸一步！尸一步！尸一步！尸一步！尸一步！尸一步！尸一步！尸一步！
[2026-02-22 00:47:12] oblivionis小姐: 尸一步！尸一步！尸一步！尸一步！尸一步！尸一步！尸一步！尸一步！尸一步！尸一步！尸一步！尸一步！
[2026-02-22 00:47:12] LvvsiN: 男人一生只哭十八次：niko十七次梦碎major正赛, niko梦碎里约major RMR＼
[2026-02-22 00:47:13] TheMongolZ的上单本人: 🤓都是同龄人🤫我原本没想酱味大鸡😫 🤓都是同龄人🤫我原本没想酱味大鸡😫
[2026-02-22 00:47:14] 汤汤魔魔mmmmmmmmajor冠军: 玩大哥这不是很知道该屏蔽哪些符号嘛
[2026-02-22 00:47:14] 玩斯特出出6657: 可惜
[2026-02-22 00:47:14] 大姜饼: 尸一步！尸一步！尸一步！尸一步！尸一步！尸一步！尸一步！尸一步！尸一步！尸一步！
[2026-02-22 00:47:14] 小小小蕉: 可惜
[2026-02-22 00:47:14] GIZZI: 冷知识，尼就是由尸和匕组成的
[2026-02-22 00:47:14] 圣诞节二人组: 在线榜地12名千早爱音给你送钻粉你咋不谢（11级发不了言代发）
[2026-02-22 00:47:14] LvvsiN: 额，拿亚军我都会，拿亚军，拿季军，拿四强，拿八强，拿十六强，呃拿冠军我不会，然后小组赛淘汰
[2026-02-22 00:47:14] 薛茂华真帅啊哈哈哈: 在线榜地12名千早爱音给你送钻粉你咋不谢（11级发不了言代发）
[2026-02-22 00:47:15] Vitality的Kyojin本人: 可惜
[2026-02-22 00:47:15] 瑭珏: 翻了
[2026-02-22 00:47:15] eda778: ？
[2026-02-22 00:47:15] 无刘海美女: 可惜
[2026-02-22 00:47:16] 雪花飛: 詹畜
[2026-02-22 00:47:16] 管大无需多颜: 可惜
[2026-02-22 00:47:16] 每天都被穷醒: 可惜
[2026-02-22 00:47:16] 渴望和老马击剑: 尸一步！尸一步！尸一步！尸一步！尸一步！尸一步！尸一步！尸一步！尸一步！尸一步！尸一步！尸一步！
[2026-02-22 00:47:16] LvvsiN: 你屏蔽词都快赶上新华词典了为什么不干脆开一百级发言？
[2026-02-22 00:47:17] 迷你世界丁真学姐1: 詹÷
[2026-02-22 00:47:17] Fywoo259: 在线榜地12名千早爱音给你送钻粉你咋不谢（11级发不了言代发）
[2026-02-22 00:47:17] 用户646264804: 可惜
[2026-02-22 00:47:17] 注册2872天不能发弹幕: 尸一步！尸一步！尸一步！尸一步！尸一步！尸一步！尸一步！尸一步！尸一步！尸一步！尸一步！尸一步！
[2026-02-22 00:47:17] zx0810: 🤓都是同龄人🤫我原本没想酱味大鸡😫 🤓都是同龄人🤫我原本没想酱味大鸡😫
[2026-02-22 00:47:17] 劉膿dewasu: 玩大哥这不是很知道该屏蔽哪些符号嘛
[2026-02-22 00:47:17] 海绵宝宝机器人: 尸一步！尸一步！尸一步！尸一步！尸一步！尸一步！尸一步！尸一步！尸一步！尸一步！尸一步！尸一步！
[2026-02-22 00:47:17] 记得少吃外卖玩宝宝: @Niko：宝蓝，烟后有尼孝
[2026-02-22 00:47:18] 驴驴尔隆的甲虫钥匙链: 可惜
[2026-02-22 00:47:18] 愿良辰美景: 可惜
[2026-02-22 00:47:18] 玉米卧槽: 翻了
[2026-02-22 00:47:18] 玩机器他跌: 尸一步！尸一步！尸一步！尸一步！尸一步！尸一步！尸一步！尸一步！尸一步！尸一步！尸一步！尸一步！
[2026-02-22 00:47:18] 尼古拉刘亦博: 翻了
[2026-02-22 00:47:18] Banggeul: 也许比赛才刚刚开始
[2026-02-22 00:47:18] 小白菜爱萝卜: 责任
[2026-02-22 00:47:18] 要一起好好努力: @Niko：🦞有人需要钳子吗
[2026-02-22 00:47:18] 好姐妹芙卡洛斯: 批帝
[2026-02-22 00:47:19] ArZhe阿哲: 尸一步！尸一步！尸一步！尸一步！尸一步！尸一步！尸一步！尸一步！尸一步！尸一步！
[2026-02-22 00:47:19] 封天儿: 冷知识，尸匕是先刀后狙的
[2026-02-22 00:47:19] 机器机器祝你天天开心: 可惜
[2026-02-22 00:47:19] RiceShowerlk: 尸一步！尸一步！尸一步！尸一步！尸一步！尸一步！尸一步！尸一步！尸一步！尸一步！
[2026-02-22 00:47:19] 南执i: 大坑不动？？？？
[2026-02-22 00:47:19] 薛茂华真帅啊哈哈哈: 在线榜地12名千早爱音给你送钻粉你咋不谢（11级发不了言代发）
[2026-02-22 00:47:19] 汤汤魔魔mmmmmmmmajor冠军: 男人一生只哭十八次：niko十七次梦碎major正赛, niko梦碎里约major RMR＼
[2026-02-22 00:47:20] 杂鱼哥哥: 翻了
[2026-02-22 00:47:20] 小蜜蜂的长期素食本人: 詹姆斯了
[2026-02-22 00:47:20] 太惠了: 可惜
[2026-02-22 00:47:20] 用户3661578: 极限
[2026-02-22 00:47:20] 雷中见雨: 哈基米不玩就滚去猎鹰（不是鹰美）
[2026-02-22 00:47:21] LvvsiN: 你为什么要把mαjor禁了，我收藏的一半弹幕全毁了
[2026-02-22 00:47:21] StellarEchoes: 今天解说老鼠PV比昨天猎鹰还要认真激情，有感觉么
[2026-02-22 00:47:21] 龙龙虾虾爱软脚: 牛逼
[2026-02-22 00:47:21] 汤汤魔魔mmmmmmmmajor冠军: 男人一生只哭十八次：niko十七次梦碎major正赛, niko梦碎里约major RMR＼
[2026-02-22 00:47:21] 即将拥有PDD的人鱼线丿: 极限
[2026-02-22 00:47:21] 薛茂华真帅啊哈哈哈: 在线榜地12名千早爱音给你送钻粉你咋不谢（11级发不了言代发）
[2026-02-22 00:47:21] 若叶睦吃苦瓜: 可惜
[2026-02-22 00:47:22] 变的是我的脑子: 你屏蔽词都快赶上新华词典了为什么不干脆开一百级发言？
[2026-02-22 00:47:22] KatoM3gum1: 尸一步！尸一步！尸一步！尸一步！尸一步！尸一步！尸一步！尸一步！尸一步！尸一步！尸一步！尸一步！
[2026-02-22 00:47:22] 莫情123: 草！被封了一个小时终于能说话了
[2026-02-22 00:47:22] 假小子是对的: pame
[2026-02-22 00:47:22] 玩机器你好香你好香: @Fywoo259：在线榜地12名千早爱音给你送钻粉你咋不谢（11级发不了言代发）
[2026-02-22 00:47:22] 鹅地霸霸: 詹÷
[2026-02-22 00:47:23] Deco21: 闹麻了
[2026-02-22 00:47:23] 秋茶小雪: @Niko：🦞有人需要钳子吗
[2026-02-22 00:47:23] 是小兔呀i: 哲伟：对面又是鱿鱼又是蟹的 这不是随便捕啊
[2026-02-22 00:47:23] Starstruck75963: 翻了
[2026-02-22 00:47:24] 李大钊与陈独秀: 宝蓝
[2026-02-22 00:47:24] CL953898: 蹲了
[2026-02-22 00:47:24] 足音: 翻了
[2026-02-22 00:47:24] 用户91227835: 可惜
[2026-02-22 00:47:24] Vitality的Zyw0o0本人: 玩大哥这不是很知道该屏蔽哪些符号嘛
[2026-02-22 00:47:24] 鸟儿在头顶把森林叫醒: 可惜
[2026-02-22 00:47:24] KevinTheFool: 　　　 极限
[2026-02-22 00:47:24] 三千世界鸦杀尽彡: 极限
[2026-02-22 00:47:24] 薛茂华真帅啊哈哈哈: 在线榜地12名千早爱音给你送钻粉你咋不谢（11级发不了言代发）
[2026-02-22 00:47:24] 河北雨姐: 翻了
[2026-02-22 00:47:24] 石家庄的刘亦博本人: 翻了
[2026-02-22 00:47:25] IIIIIIIIIIIIIIIIIIIIIIlllll: niko‘：有人需要钳子吗
[2026-02-22 00:47:25] 唯一上帝Jame: 可惜
[2026-02-22 00:47:25] AveMujica的渡濑结月本人: 有人要钳子吗
[2026-02-22 00:47:25] zin桀zera: 60万
[2026-02-22 00:47:25] 好哥们黑龙歼灭刀: 哈哈，给我这个一年玩一把CS参加两次瓦表演赛小时候开挂长大后偷鸡蛋的飞猪CS解说看笑了
[2026-02-22 00:47:25] wuyanblabla: 极限
[2026-02-22 00:47:25] 6657的鸣上悠本人: 牛逼
[2026-02-22 00:47:26] 菠萝王111: 60w
[2026-02-22 00:47:26] loverboy888: 极限
[2026-02-22 00:47:26] 北宇治的久美子本人: 极限
[2026-02-22 00:47:26] Sirius丶BIack: 康÷
[2026-02-22 00:47:26] Firmament丶Ts: 60w
[2026-02-22 00:47:26] Vurtne: 60w
[2026-02-22 00:47:26] 卡啊卡卡丶: 玩大哥这不是很知道该屏蔽哪些符号嘛
[2026-02-22 00:47:26] 野猪家猪: 黏住
[2026-02-22 00:47:27] 管大无需多颜: 刺激
[2026-02-22 00:47:27] 薛茂华真帅啊哈哈哈: 在线榜地12名千早爱音给你送钻粉你咋不谢（11级发不了言代发）在线榜地12名千早爱音给你送钻粉你咋不
[2026-02-22 00:47:27] 新景色: 60w
[2026-02-22 00:47:27] 老苦瓜贝多芬: pame
[2026-02-22 00:47:27] 安如山929: 老詹老了
[2026-02-22 00:47:27] 机器机器祝你天天开心: 翻了
[2026-02-22 00:47:28] 梁陌zr: 坚毅的眼神
[2026-02-22 00:47:28] Nikolofmeister: 慕斯了
[2026-02-22 00:47:28] 真的没排面: 责任
[2026-02-22 00:47:28] F1红牛传奇车手刘农: 极限
[2026-02-22 00:47:28] 万物养生: 可惜
[2026-02-22 00:47:28] 变的是我的脑子: 草！被封了一个小时终于能说话了
[2026-02-22 00:47:29] 萩原雪歩P: 翻了
[2026-02-22 00:47:29] 叫我tteo啦: @Karrigan：又便化了💩🐷又便化了💩🐷又便化了💩又便化了💩🐷
[2026-02-22 00:47:29] rcrbqv5: @Niko：宝蓝，烟后有尼孝
[2026-02-22 00:47:29] 弹幕王丶: 把极限
[2026-02-22 00:47:29] 发复古弹幕: 今天解说老鼠PV比昨天猎鹰还要认真激情，有感觉么
[2026-02-22 00:47:30] 雪菜偷完top偷major: C4（已深度思考39.9秒）：算了
[2026-02-22 00:47:30] 迷你世界丁真学姐1: 我提一嘴，切jame尸体的是孩孩。。
[2026-02-22 00:47:30] 网友阿草: 玩的好极限
[2026-02-22 00:47:30] 黑桃卆子: C4（已深度思考39.9秒): 算了
[2026-02-22 00:47:31] 古堡12枪战神: pame
[2026-02-22 00:47:31] 骄骄爱吃糖: @Niko：🦞有人需要钳子吗
[2026-02-22 00:47:31] 驴驴宗宗买这冠军: 60w
[2026-02-22 00:47:31] 甘織玲奈子: 有的玩父出道五年4个major冠军，有的玩父出道十年一个都没有😂😂
[2026-02-22 00:47:31] Miyezd: @玩机器（用刀划donk的脸）：卧槽这个刀能划出印子来居然😲
[2026-02-22 00:47:31] jianxideminggzi: 比赛才刚刚开始
[2026-02-22 00:47:31] 西风misu: 詹姆斯了
[2026-02-22 00:47:31] 无刘海美女: 宗主来v了
[2026-02-22 00:47:31] 2635174919: 都怪nota
[2026-02-22 00:47:32] 0guriCap: 玩大哥这不是很知道该屏蔽哪些符号嘛
[2026-02-22 00:47:32] 丶小恐龙丶: pame
[2026-02-22 00:47:32] 含泪办卡: C4（已深度思考39.9秒): 算了
[2026-02-22 00:47:33] kkyon: 三个极限拆包了
[2026-02-22 00:47:33] zcyhymine: 翻了
[2026-02-22 00:47:33] LvvsiN: 屏幕中间弹幕这么狂？站那不走了还剧透分，你当你是主办方？？
[2026-02-22 00:47:33] 好姐们谷爱凌: 玩大哥这不是很知道该屏蔽哪些符号嘛
[2026-02-22 00:47:33] 野猪家猪: 詹姆的比赛没这么简单
[2026-02-22 00:47:34] 沉默喵: @Niko：🦞有人需要钳子吗
[2026-02-22 00:47:34] 丛念39090: 翻了
[2026-02-22 00:47:34] 假小子是对的: machine
[2026-02-22 00:47:34] 宇莓: 其实曹操当摸金校尉也是在友好互动😀
[2026-02-22 00:47:34] xOcOg: 设备：孩子，累了想下播就索敌攻击你监爹的弹幕，想净化弹幕环境就看看我的比赛
[2026-02-22 00:47:34] 万能的鸵鸟: 宗主来杀了
[2026-02-22 00:47:35] ValleyVVV: 力挺
[2026-02-22 00:47:35] 到鱼一观: 翻了
[2026-02-22 00:47:35] 火暴兽也干了: 草！被封了一个小时终于能说话了
[2026-02-22 00:47:35] 冰上梅露露: C4（已深度思考39.9秒）：算了
[2026-02-22 00:47:35] 久遠寺有珠Alice: 玩大哥这不是很知道该屏蔽哪些符号嘛
[2026-02-22 00:47:36] 绿龙的zont1x本人: machine
[2026-02-22 00:47:36] KujoJolyne: machine
[2026-02-22 00:47:36] 玩斯特出出6657: 机器
[2026-02-22 00:47:36] 听玩机器说话才能睡着: machine
[2026-02-22 00:47:36] loverboy888: machine
[2026-02-22 00:47:36] As1ntO: 詹姆斯了
[2026-02-22 00:47:37] 尤里大泽: machine
[2026-02-22 00:47:37] 水球碳酸饮料: 能别黏住了吗，想看100t了
[2026-02-22 00:47:37] 玩贴纸、马圣: machine
[2026-02-22 00:47:37] 上海major心碎肥美: @Karrigan：又便化了💩🐷又便化了💩🐷又便化了💩又便化了💩🐷
[2026-02-22 00:47:37] 机器机器祝你天天开心: machine
[2026-02-22 00:47:37] 没事小子: machine
[2026-02-22 00:47:37] 玩机器的小飞棍: machine
[2026-02-22 00:47:37] 99组的爱城华恋本人: spunj
[2026-02-22 00:47:37] 爱钱初号机: machine
[2026-02-22 00:47:37] 绀海恋歌丶: machine
[2026-02-22 00:47:37] mujica的长崎素世本人: machine
[2026-02-22 00:47:37] 玩颜料丶Madelena: 抓娃娃
[2026-02-22 00:47:38] M1zore: machine
[2026-02-22 00:47:38] 轻伤酱: 马信
[2026-02-22 00:47:38] wristuuio: machine
[2026-02-22 00:47:38] 听说改名能中奖是八: 老詹没体力了
[2026-02-22 00:47:38] 刘亦博戴佳伟cp粉: 玩大手
[2026-02-22 00:47:38] HCS118: machine
[2026-02-22 00:47:39] 剑崎梨梨花: 草！被封了一个小时终于能说话了
[2026-02-22 00:47:39] 古堡12枪战神: machine
[2026-02-22 00:47:39] 鸟儿在头顶把森林叫醒: 极限
[2026-02-22 00:47:39] 无聊喜欢see: 机器！
[2026-02-22 00:47:39] Crystal灬233: 马信
[2026-02-22 00:47:39] 幽谷响子: machin
[2026-02-22 00:47:39] 千早唐阿诺: machine
[2026-02-22 00:47:39] 滨辺美波: machine
[2026-02-22 00:47:40] Abramwow: 马兴
[2026-02-22 00:47:40] 宫夫邪神: 牛逼
[2026-02-22 00:47:40] 久遠寺有珠Alice: 玩大哥这不是很知道该屏蔽哪些符号嘛
[2026-02-22 00:47:40] 用户3661578: 机器？
[2026-02-22 00:47:40] 维他立体的r6pz本人: machine
[2026-02-22 00:47:40] 玩彩叶、Kaguya: machine
[2026-02-22 00:47:40] 伊利亚宝宝: machine
[2026-02-22 00:47:41] 轻烟散97359: machine
[2026-02-22 00:47:41] NicolaiReedtz666: 詹姆的比赛没这么简单
[2026-02-22 00:47:41] 愿良辰美景: machine
[2026-02-22 00:47:41] 姜姜QWQ: machine
[2026-02-22 00:47:41] 我是一个医保卡: machine
[2026-02-22 00:47:41] CSTG一多加香菜: machine
[2026-02-22 00:47:41] 槑皆是遗憾: machine
[2026-02-22 00:47:41] 哦噢喔嚄1337: machine
[2026-02-22 00:47:42] SKT的Faker本人: machine
[2026-02-22 00:47:42] Altolier: machine
[2026-02-22 00:47:42] 老苦瓜贝多芬: machine
[2026-02-22 00:47:42] 那个什么小灰iwnl: 极限
[2026-02-22 00:47:42] 鸟儿在头顶把森林叫醒: machine
[2026-02-22 00:47:42] 万物养生: machine
[2026-02-22 00:47:42] 一不小心丶就丶: 粘母的比赛，没有那么简单
[2026-02-22 00:47:43] 挪威退休老头寻求返聘: 机器
[2026-02-22 00:47:43] 我最爱的节目开始了: ？
[2026-02-22 00:47:43] 玩道歉丶44min: 马肾
[2026-02-22 00:47:43] 路过的小脑斧: 马信
[2026-02-22 00:47:43] 文知名不具: machine
[2026-02-22 00:47:44] 爱淡茶未凉: 极限
[2026-02-22 00:47:44] 废斯特物物: machine
[2026-02-22 00:47:44] 冬原春希: 力挺
[2026-02-22 00:47:44] 大肉鲁: 还有玩机器
[2026-02-22 00:47:44] 命途kkk: machine
[2026-02-22 00:47:44] 梓川不是辛川: machine
[2026-02-22 00:47:44] 远野邸的远野秋叶本人: machine
[2026-02-22 00:47:45] 康托尔74920: machine
[2026-02-22 00:47:45] 宫夫邪神: machine
[2026-02-22 00:47:45] 一叶卷知天下秋丶: machine
[2026-02-22 00:47:45] 机器机器祝你天天开心: 一哥
[2026-02-22 00:47:45] NiKkiRain: 力挺
[2026-02-22 00:47:45] 泠鸢不是冷鸢丶: machine
[2026-02-22 00:47:45] 用户3661578: machine
[2026-02-22 00:47:46] 江苏知名饭桶: 极限
[2026-02-22 00:47:46] 有理想的盒饭: 力挺
[2026-02-22 00:47:46] WE丶繁梦: 玩小将
[2026-02-22 00:47:46] EIght8XX: machine
[2026-02-22 00:47:46] 魂灵: machine
[2026-02-22 00:47:46] 南小鸡丶advent: ♥machine♥
[2026-02-22 00:47:46] 邻家的绿茶男孩: machine
[2026-02-22 00:47:46] 玩机器的弟弟玩弟科: machine
[2026-02-22 00:47:46] 载物ip大玩庄园地下室: 最好的两个人
[2026-02-22 00:47:47] 未酲儿: 马肾
[2026-02-22 00:47:47] Paaanda丶: 马信
[2026-02-22 00:47:47] 解说伟伟1213: machine偷走了玩机器的人生
[2026-02-22 00:47:47] 好兄弟派大星丶: machine
[2026-02-22 00:47:47] 用户1181920443: Machine 
[2026-02-22 00:47:47] 可怜的怕怕: machine
[2026-02-22 00:47:48] 小鱼儿krru: machine
[2026-02-22 00:47:48] 玩斯特出出6657: 别别别
[2026-02-22 00:47:48] 正经猪头肉: pm
[2026-02-22 00:47:48] 爱淡茶未凉: 马机比赛，不简单啊
[2026-02-22 00:47:49] Ecifircas: machine
[2026-02-22 00:47:49] 日车宽见: machine权威！
[2026-02-22 00:47:49] 鸟儿在头顶把森林叫醒: machine
[2026-02-22 00:47:49] 我564564: 喜气
[2026-02-22 00:47:49] xOcOg: machine❤伟伟
[2026-02-22 00:47:49] 早安丿章鱼哥: 别别别
[2026-02-22 00:47:49] 花舞弟弟: Machine
[2026-02-22 00:47:49] takakiyo: pm
[2026-02-22 00:47:49] arT十年老粉: machine
[2026-02-22 00:47:50] JaFency: 马肾nb
[2026-02-22 00:47:50] Furia的YEKINDER本人: machine÷
[2026-02-22 00:47:50] 声没丸山彩: machine
[2026-02-22 00:47:50] BL灵梦: zywoo＞moneys
[2026-02-22 00:47:50] 疯狂的蓝月亮i: machine
[2026-02-22 00:47:51] 猹拉图斯特拉没话说: 别别别
[2026-02-22 00:47:51] 玉米卧槽: om
[2026-02-22 00:47:51] 炫迈冰暴口香糖: 太出名了机器
[2026-02-22 00:47:51] 记得少吃外卖玩宝宝: @Niko：宝蓝，烟后有尼孝
[2026-02-22 00:47:51] 菅原小吉: 在哪发财呢
[2026-02-22 00:47:51] 龙龙虾虾爱软脚: 还在im
[2026-02-22 00:47:51] 刘农痴呆不忘带永恒: 尸一步！尸一步！尸一步！尸一步！尸一步！尸一步！尸一步！尸一步！尸一步！尸
[2026-02-22 00:47:51] 用户247509865: machine
[2026-02-22 00:47:51] 海绵宝宝梦惊禅: 其实都不如play machine
[2026-02-22 00:47:51] 跳跃的司令官: chine
[2026-02-22 00:47:52] 上海major心碎肥美: 海啸是啥比，驴孝是啥比，冰孝是啥比，玩机器啥比，我不是啥比
[2026-02-22 00:47:52] 夺云丶: 我提一嘴，尸匕是先刀后狙的
[2026-02-22 00:47:52] Evelexl: 玩玩羡慕了
[2026-02-22 00:47:52] 玩弓箭、Arrow: 在哪发财呢
[2026-02-22 00:47:52] 梅友仁2005: 玩机器也是偷的
[2026-02-22 00:47:52] 好姐妹疯穿箱子: machine偷走了玩机器的人生
[2026-02-22 00:47:52] Aix川: 0.07
[2026-02-22 00:47:53] ilume: machine
[2026-02-22 00:47:53] 寒暑易节y: play machine
[2026-02-22 00:47:53] 好哥们山上撤也: 李逵machine李鬼玩机器
[2026-02-22 00:47:53] 用户247509865: machine
[2026-02-22 00:47:54] Kbcx丷: 你也是吗
[2026-02-22 00:47:54] 老苦瓜贝多芬: im也是吗
[2026-02-22 00:47:55] 哈机器好胖好可爱: IM
[2026-02-22 00:47:55] 雾之湖的琪露诺本人: machine❤伟伟
[2026-02-22 00:47:55] 阿盖不能再熬夜: machine
[2026-02-22 00:47:55] 用户247509865: machine
[2026-02-22 00:47:56] O荒年I留连O: machine
[2026-02-22 00:47:56] 想要舌吻m0NESY: IM
[2026-02-22 00:47:56] X1ngsuaaaa: machine❤伟伟
[2026-02-22 00:47:56] Mortnotz: 真正的表演型人格：机器
[2026-02-22 00:47:57] 所以我又晕了: chine
[2026-02-22 00:47:57] ymyyo: machine偷走了玩机器的人生
[2026-02-22 00:47:57] 墨本海人: 怎么没有你玩大哥
[2026-02-22 00:47:57] 牧之原翔子-: 你也是吗
[2026-02-22 00:47:57] 管大无需多颜: machine❤伟伟
[2026-02-22 00:47:57] 玩大哥又派阴阳单了: machine
[2026-02-22 00:47:57] richardlee97: 我提一嘴，尸匕是先刀后狙的
[2026-02-22 00:47:58] 用户247509865: machine
[2026-02-22 00:47:58] LvvsiN: 弹幕也就网上说说，现实里谁不觉得樱姐是好女孩（删括号领一条远坂凛同款鸟笼）
[2026-02-22 00:47:58] 热带雨林丶为爱鼓掌: 别别别
[2026-02-22 00:47:58] 伦敦千早爱: 在线榜第11名千早爱音给你送钻粉你咋不谢（11级发不了
[2026-02-22 00:47:58] gkym6et: 72345
[2026-02-22 00:47:58] 鹦侨侨侨侨: 玩机器原话：machine还是权威
[2026-02-22 00:47:58] y四木: 感觉不如wjq马神
[2026-02-22 00:47:59] 丢丢的夜精灵: 感觉不如非官方解说
[2026-02-22 00:47:59] 疯狂的蓝月亮i: machine
[2026-02-22 00:47:59] 好哥们黑龙歼灭刀: 我提一嘴，尸匕是先刀后狙的
[2026-02-22 00:47:59] 夺云丶: 尸一步！尸一步！尸一步！尸一步！尸一步！尸一步！尸一步！尸一步！尸一步！尸
[2026-02-22 00:47:59] 王梓琦的Ozzz丶: 阿汤五杀了
[2026-02-22 00:47:59] 天山区凡某: machine
[2026-02-22 00:47:59] 灼眼的帝企鹅: 音容犹在
[2026-02-22 00:47:59] 1freet: 力挺玩机器
[2026-02-22 00:47:59] JULLLLYYYY: 尸一步！尸一步！尸一步！尸一步！尸一步！尸一步！尸一步！尸一步！尸一步！尸
[2026-02-22 00:47:59] 夏亚阿兹纳布耳: 其实都不如play machine
[2026-02-22 00:47:59] 杰洛齐贝林3: machine❤伟伟
[2026-02-22 00:47:59] 绀海恋歌丶: 玩机器也是偷的
[2026-02-22 00:47:59] 本间芽衣子ya: 太出名了机器
[2026-02-22 00:48:00] 小蜜蜂的长期素食本人: 已回家
[2026-02-22 00:48:00] 用户247509865: machine
[2026-02-22 00:48:00] 哒哒哒89917: 　　　 海啸是啥比，驴孝是啥比，冰孝是啥比，玩机器啥比，我不是啥比
[2026-02-22 00:48:00] 无伟契约: machine❤伟伟
[2026-02-22 00:48:01] 穿甲狗: 一美在哪发财呢
[2026-02-22 00:48:01] xOcOg: machine❤伟伟
[2026-02-22 00:48:01] 玩机器的小飞棍: machine偷走了玩机器的人生
[2026-02-22 00:48:01] 我不是老何: machine吗？
[2026-02-22 00:48:01] 变的是我的脑子: chine
[2026-02-22 00:48:02] 玩老鼠丶Roxy: machine❤伟伟
[2026-02-22 00:48:02] 无栗可出: 1
[2026-02-22 00:48:02] 用户247509865: machine
[2026-02-22 00:48:02] 羊驼主播: PV的比赛能快进到12-12吗
[2026-02-22 00:48:02] 圣诞节二人组: im:🗿
[2026-02-22 00:48:02] 闲人没了: 尸一步！尸一步！尸一步！尸一步！尸一步！尸一步！尸一步！尸一步！尸一步！尸
[2026-02-22 00:48:03] 一拳打爆你魔丸: 你为什么不在现场？
[2026-02-22 00:48:03] 月見月見黒: machine
[2026-02-22 00:48:03] 勇敢地滋出来: machine偷走了玩机器的人生
[2026-02-22 00:48:03] 毛子没有jb: 操！淘汰赛一轮游，哪些说猎鹰季军的人呢
[2026-02-22 00:48:03] 足音: 弹幕也就网上说说，现实里谁不觉得樱姐是好女孩（删括号领一条远坂凛同款鸟笼）
[2026-02-22 00:48:03] Aabv8877: machine❤伟伟
[2026-02-22 00:48:03] 544165宝宝好好看吧: machine❤伟伟
[2026-02-22 00:48:03] 常凯伸: machine❤伟伟
[2026-02-22 00:48:03] kkyon: 是jl
[2026-02-22 00:48:03] 白皇的三千院Nagi本人: 暗示上海major
[2026-02-22 00:48:04] 困丨丨丨丨: 1
[2026-02-22 00:48:04] GanadoLluviA: 闹床了，两个人加起来没playmachine粉丝多
[2026-02-22 00:48:04] 用户247509865: machine
[2026-02-22 00:48:04] vongwu: JL
[2026-02-22 00:48:04] bsqqaq: 　　　 海啸是啥比，驴孝是啥比，冰孝是啥比，玩机器啥比，我不是啥比
[2026-02-22 00:48:04] 绫濑沙季丶: 义妹是区
[2026-02-22 00:48:04] 醉悟生死: machine偷走了玩机器的人生
[2026-02-22 00:48:05] 6657的阴暗面Niko: 😄索嗨😃苏哈😀苏海😐苏一😟休嘿🤨休伊😨小夫😫
[2026-02-22 00:48:05] 我永远喜欢八九寺: machine❤伟伟
[2026-02-22 00:48:05] Fywoo259: 在线榜第11名千早爱音给你送钻粉你咋不谢（11级发不了
[2026-02-22 00:48:05] 中路R8对狙: machine❤伟伟
[2026-02-22 00:48:05] 田所浩二114514: 我提一嘴，尸匕是先刀后狙的
[2026-02-22 00:48:05] Banggeul: machine❤伟伟
[2026-02-22 00:48:06] 凹凸风衣侠: machine❤伟伟
[2026-02-22 00:48:06] 牧之原翔子-: machine❤伟伟
[2026-02-22 00:48:06] 妖刀几月雨: chine
[2026-02-22 00:48:06] 落玉盤: machine❤伟伟
[2026-02-22 00:48:06] 声没丸山彩: niko
[2026-02-22 00:48:06] 用户247509865: machine
[2026-02-22 00:48:06] 1048270453: 玩机器也是偷的
[2026-02-22 00:48:06] 玉米卧槽: machine❤伟伟
[2026-02-22 00:48:07] 新用户259: 在线榜第11名千早爱音给你送钻粉你咋不谢（11级发不了
[2026-02-22 00:48:07] 推死特zz: machine❤伟伟
[2026-02-22 00:48:07] 瘤坤别念了: 知名解说machine在现场，你直接玩机器，你是什么解说
[2026-02-22 00:48:07] SummerFl0wer: machine❤伟伟
[2026-02-22 00:48:07] 热情难止荒诞: machine❤伟伟
[2026-02-22 00:48:08] xuzVan: jl
[2026-02-22 00:48:08] 狂吃大祥脚: 海啸是啥比，驴孝是啥比，冰孝是啥比，玩机器啥比，我不是啥比
[2026-02-22 00:48:08] 薛茂华真帅啊哈哈哈: 在线榜地12名千早爱音给你送钻粉你咋不谢（11级发不了言代发）
[2026-02-22 00:48:08] 恶搞之王: 齐奥塞斯妹
[2026-02-22 00:48:08] C0C00N: 尸一步！尸一步！尸一步！尸一步！尸一步！尸一步！尸一步！尸一步！尸一步！尸
[2026-02-22 00:48:08] 用户247509865: machine
[2026-02-22 00:48:09] 上海major心碎肥美: 我已学会冰粉的贫穷，驴粉的云，海啸的智商和肥美的白日做梦
[2026-02-22 00:48:09] astralis的jabbi本人: machine❤伟伟
[2026-02-22 00:48:09] wantrue: 尸一步！尸一步！尸一步！尸一步！尸一步！尸一步！尸一步！尸一步！尸一步！尸
[2026-02-22 00:48:09] 反方向的绪: machine❤伟伟
[2026-02-22 00:48:10] TTak11: machine❤伟伟
[2026-02-22 00:48:10] 无刺有刺的安和昴本人: machine❤伟伟
[2026-02-22 00:48:10] 丢你雷姆吔屎啦你: 海啸是菲比，驴孝是菲比，冰孝是菲比，玩机器菲比，我也是菲比，大家都是菲比！
[2026-02-22 00:48:10] 劉膿dewasu: zywoo＜moneys
[2026-02-22 00:48:10] arsQaQ: 在线榜第11名千早爱音给你送钻粉你咋不谢（11级发不了
[2026-02-22 00:48:10] 薛茂华真帅啊哈哈哈: 在线榜地12名千早爱音给你送钻粉你咋不谢（11级发不了言代发）
[2026-02-22 00:48:10] 菅原小吉: 赏金赛mvp是谁呢
[2026-02-22 00:48:10] 带节奏的都是我重孙: 操！淘汰赛一轮游，哪些说猎鹰季军的人呢
[2026-02-22 00:48:10] 常闻帝子灵: 抓娃娃
[2026-02-22 00:48:10] 用户247509865: machine
[2026-02-22 00:48:10] 泯尘TuT: jl
[2026-02-22 00:48:11] Rumenides: machine❤伟伟
[2026-02-22 00:48:11] 冷汗狂冒Momo: machine❤伟伟
[2026-02-22 00:48:11] 胡雨童别奶了: machine❤伟伟
[2026-02-22 00:48:12] 忽孝山庄: 弹幕也就网上说说，现实里谁不觉得樱姐是好女孩（删括号领一条远坂凛同款鸟笼）
[2026-02-22 00:48:12] LvvsiN: @阿汤日记：一个人，5发子弹，保住格陵兰岛。我不会叫它不可能完成的任务，我现在只想先回家看亦博
[2026-02-22 00:48:12] 皇麟l饮酒醉: machine❤伟伟
[2026-02-22 00:48:12] 薛茂华真帅啊哈哈哈: 在线榜地12名千早爱音给你送钻粉你咋不谢（11级发不了言代发）
[2026-02-22 00:48:12] 易池大大: mvp没被偷吗
[2026-02-22 00:48:13] 玩公式丶Formula: 这个machine也双标吗
[2026-02-22 00:48:13] 用户247509865: machine
[2026-02-22 00:48:13] betterToWait丶xzs: 马信！
[2026-02-22 00:48:13] Saiki559: 知名解说machine在现场，你直接玩机器，你是什么解说
[2026-02-22 00:48:13] 宗宗若若major冠军: 肺癌依然坚持🚬🗿咳血依然坚持🚬🗿病危依然坚持🚬🗿坏死依然坚持🚬🗿成灰依然坚持
[2026-02-22 00:48:13] xyp9x去哪了: 我提一嘴，尸匕是先刀后狙的
[2026-02-22 00:48:14] Falcons唯一胜者MVP: jl
[2026-02-22 00:48:14] 多谢载大哥的荧光棒: 他什么身份也配叫马信？
[2026-02-22 00:48:14] 玩大哥我双倍呢: 我提一嘴，尸匕是先刀后狙的
[2026-02-22 00:48:14] AcceleratorlllL: 在线榜第11名千早爱音给你送钻粉你咋不谢（11级发不了
[2026-02-22 00:48:14] 薛茂华真帅啊哈哈哈: 在线榜地12名千早爱音给你送钻粉你咋不谢（11级发不了言代发）
[2026-02-22 00:48:15] astralis的jabbi本人: 齐奥塞斯妹
[2026-02-22 00:48:15] 千恋万花的丛雨本人: machine❤伟伟
[2026-02-22 00:48:15] 为龙iAmWarmLight: 我提一嘴，尸匕是先刀后狙的
[2026-02-22 00:48:15] 秋茶小雪: machine play
[2026-02-22 00:48:15] 用户247509865: machine
[2026-02-22 00:48:15] 萝伯丝比尔: 在线榜地12名千早爱音给你送钻粉你咋不谢（11级发不了言代发）
[2026-02-22 00:48:16] 好兄弟菲尔福登: machine❤伟伟
[2026-02-22 00:48:16] 老苦瓜贝多芬: machine❤伟伟
[2026-02-22 00:48:16] LvvsiN: 额，拿亚军我都会，拿亚军，拿季军，拿四强，拿八强，拿十六强，呃拿冠军我不会，然后小组赛淘汰
[2026-02-22 00:48:16] 苏2333333: 赢得ef
[2026-02-22 00:48:16] myGo的anon: jl
[2026-02-22 00:48:16] 胡椒胡椒胡椒胡椒胡椒: 在线榜第11名千早爱音给你送钻粉你咋不谢（11级发不了
[2026-02-22 00:48:16] 99组的爱城华恋本人: zywoo＜moneys
[2026-02-22 00:48:16] 玉米卧槽: 我已学会冰粉的贫穷，驴粉的云，海啸的智商和肥美的白日做梦
[2026-02-22 00:48:16] 薛茂华真帅啊哈哈哈: 在线榜地12名千早爱音给你送钻粉你咋不谢（11级发不了言代发）
[2026-02-22 00:48:17] 我不是玩父: 　　　 在线榜第11名千早爱音给你送钻粉你咋不谢（11级发不了
[2026-02-22 00:48:17] xuzVan: im是里约mvp
[2026-02-22 00:48:17] ymyyo: machine❤伟伟
[2026-02-22 00:48:17] vongwu: EPL是jl，里约是IM
[2026-02-22 00:48:17] 用户247509865: machine
[2026-02-22 00:48:17] 精神康福疗养院1号床: 所以你的玩机器是想玩那个解说员这个意思？
[2026-02-22 00:48:18] 玩小将、kid: 齐奥塞斯妹
[2026-02-22 00:48:18] lpyuan: 在线榜地12名千早爱音给你送钻粉你咋不谢（11级发不了言代发）
[2026-02-22 00:48:18] Dlsxxx: machine❤伟伟
[2026-02-22 00:48:19] aminous: machine❤伟伟
[2026-02-22 00:48:19] 薛茂华真帅啊哈哈哈: 在线榜地12名千早爱音给你送钻粉你咋不谢（11级发不了言代发）
[2026-02-22 00:48:19] syzsea33: machine❤伟伟
[2026-02-22 00:48:19] kk纠结cc: machine也是偷的吗原来
[2026-02-22 00:48:19] 用户247509865: machine
[2026-02-22 00:48:19] 变的是我的脑子: 海啸是啥比，驴孝是啥比，冰孝是啥比，玩机器啥比，我不是啥比
[2026-02-22 00:48:20] 禾川0703: machine❤伟伟
[2026-02-22 00:48:20] C9的moloris本人: 在线榜地12名千早爱音给你送钻粉你咋不谢（11级发不了言代发）
[2026-02-22 00:48:20] xOcOg: machine❤伟伟
[2026-02-22 00:48:20] lq冲冲冲: 机器！！！
[2026-02-22 00:48:20] Mortnotz: 我提一嘴，尸匕是先刀后狙的
[2026-02-22 00:48:20] 萝伯丝比尔: 在线榜地12名千早爱音给你送钻粉你咋不谢（11级发不了言代发）
[2026-02-22 00:48:20] 尼古拉刘亦博: 怎么没有cn知名解说
[2026-02-22 00:48:20] 伦敦千早爱: 在线榜第11名千早爱音给你送钻粉你咋不谢（11级发不了
[2026-02-22 00:48:21] 东海龙宫黄丞相: 在线榜地12名千早爱音给你送钻粉你咋不谢（11级发不了言代发）
[2026-02-22 00:48:21] f1amm3tta: machine❤伟伟
[2026-02-22 00:48:21] 用户0637093822: 我提一嘴，尸匕是先刀后狙的
[2026-02-22 00:48:21] 不变的追求717: mvp没被偷吗
[2026-02-22 00:48:21] 玩机器你好香你好香: @薛茂华真帅啊哈哈哈：在线榜地12名千早爱音给你送钻粉你咋不谢（11级发不了言代发）
[2026-02-22 00:48:21] 用户247509865: machine❤伟伟
[2026-02-22 00:48:22] NepLin木: machine❤伟伟
[2026-02-22 00:48:22] bsqqaq: 再见了，尼老🦐 👋再见了，尼老🦐👋
[2026-02-22 00:48:23] yuuik27: 在线榜地12名千早爱音给你送钻粉你咋不谢（11级发不了言代发）
[2026-02-22 00:48:23] 直播然后捡到女大学生: 赏金赛mvp是谁呢
[2026-02-22 00:48:23] 春春春成丶: machine❤伟伟
[2026-02-22 00:48:23] Saiki559: 在线榜地12名千早爱音给你送钻粉你咋不谢（11级发不了言代发）
[2026-02-22 00:48:23] 明月夜无涯: 　　　 在线榜地12名千早爱音给你送钻粉你咋不谢（11级发不了言代发）
[2026-02-22 00:48:23] 教练我想打突破: 在线榜地12名千早爱音给你送钻粉你咋不谢（11级发不了言代发）
[2026-02-22 00:48:23] 佳伟的儿子阿尔萨斯: 如果machine在现场解说的话，那么现在坐在椅子面前的是谁😨😨😨
[2026-02-22 00:48:23] 用户247509865: machine❤伟伟
[2026-02-22 00:48:24] FaZe的喜多川海梦本人: 　　　 在线榜第11名千早爱音给你送钻粉你咋不谢（11级发不了
[2026-02-22 00:48:24] 感觉不如海参: 伟伟在盗播
[2026-02-22 00:48:24] ElfSenIor: 我提一嘴，尸匕是先刀后狙的
[2026-02-22 00:48:24] 丿炮炮丶: 感觉不如一真大师
[2026-02-22 00:48:24] 狂吃大祥脚: 海啸是啥比，驴孝是啥比，冰孝是啥比，玩机器啥比，我不是啥比
[2026-02-22 00:48:24] ccxrgt: machine也是偷的吗原来
[2026-02-22 00:48:25] darkchest: 孙殿英当年也是在友好互动，溥仪心眼儿还是太小了，画小人咒人家
[2026-02-22 00:48:25] maozi07222: EPL是JL  IM是里约MVP
[2026-02-22 00:48:25] Niko的虾条: machine也是偷的吗原来
[2026-02-22 00:48:25] JULLLLYYYY: machine❤伟伟
[2026-02-22 00:48:26] 用户247509865: machine❤伟伟
[2026-02-22 00:48:26] 不吃晃的狙击手: 操！淘汰赛一轮游，哪些说猎鹰季军的人呢
[2026-02-22 00:48:26] 羽沐言: machine❤伟伟
[2026-02-22 00:48:26] LvvsiN: @阿汤日记：一个人，5发子弹，保住格陵兰岛。我不会叫它不可能完成的任务，我现在只想先回家看亦博
[2026-02-22 00:48:26] 龍EVOLOVE龍: 额，拿亚军我都会，拿亚军，拿季军，拿四强，拿八强，拿十六强，呃拿冠军我不会，然后小组赛淘汰
[2026-02-22 00:48:26] wedd1ddeJodd: 所以你的玩机器是想玩那个解说员这个意思？
[2026-02-22 00:48:27] znnoy: 玩大哥，你给个准话，以后去比赛现场还能不能举牌子：66**？
[2026-02-22 00:48:27] 狂吃大祥脚: 海啸是啥比，驴孝是啥比，冰孝是啥比，玩机器啥比，我不是啥比
[2026-02-22 00:48:27] 洋芋粑粑头: machine也是偷的吗原来
[2026-02-22 00:48:27] 迷你世界丁真学姐1: 我提一嘴，切jame尸体的是孩孩。。
[2026-02-22 00:48:27] 玩脑力、chopper: 在线榜地12名千早爱音给你送钻粉你咋不谢（11级发不了言代发）
[2026-02-22 00:48:27] Altolier: 在线榜地12名千早爱音给你送钻粉你咋不谢（11级发不了言代发）
[2026-02-22 00:48:27] OG的cadiaN本人: machine❤伟伟
[2026-02-22 00:48:27] PKURoger: machine也是偷的吗原来
[2026-02-22 00:48:27] 雾之湖的琪露诺本人: tec9来了😱tec9来了😣tec9来了😫tec9来了😡tec9
[2026-02-22 00:48:27] 马猴烧酒小地瓜: epl的MVP是谁偷的
[2026-02-22 00:48:28] 一拳打在机爸上: machine
[2026-02-22 00:48:28] 用户247509865: machine❤伟伟
[2026-02-22 00:48:28] LuIuSweety: 在线榜地12名千早爱音给你送钻粉你咋不谢（11级发不了言代发）
[2026-02-22 00:48:28] CRYCHIC的Anon本人: 在线榜地12名千早爱音给你送钻粉你咋不谢（11级发不了言代发）
[2026-02-22 00:48:28] LvvsiN: 你为什么要把mαjor禁了，我收藏的一半弹幕全毁了
[2026-02-22 00:48:28] 鸟儿在头顶把森林叫醒: machine也是偷的吗原来
[2026-02-22 00:48:29] 架谁呢都: 　　　 在线榜地12名千早爱音给你送钻粉你咋不谢（11级发不了言代发）
[2026-02-22 00:48:29] 奶芙哈特小姐: 赏金赛mvp是谁呢
[2026-02-22 00:48:29] 琳溧nya: 赏金赛mvp是谁呢
[2026-02-22 00:48:29] 两仪琴本人: 在线榜地12名千早爱音给你送钻粉你咋不谢（11级发不了言代发）
[2026-02-22 00:48:29] 机器的稿完: 所以你的玩机器是想玩那个解说员这个意思？
[2026-02-22 00:48:30] 晨风凌云21146: 在线榜地12名千早爱音给你送钻粉你咋不谢（11级发不了言代发）
[2026-02-22 00:48:30] 用户247509865: 伟伟在盗播
[2026-02-22 00:48:30] 云之君992: machine也是偷的吗原来
[2026-02-22 00:48:30] LokiAka: 海啸是啥比，驴孝是啥比，冰孝是啥比，玩机器啥比，我不是啥比desuw@
[2026-02-22 00:48:30] 梓川不是辛川:     在线榜第11名千早爱音给你送钻粉你咋不谢（11级发不了
[2026-02-22 00:48:30] LvvsiN: 别解说了 多聊会天 你不会真的以为能输吧
[2026-02-22 00:48:30] 废斯特物物: 我提一嘴，尸匕是先刀后狙的
[2026-02-22 00:48:31] 梅友仁2005: 潘虹❤️玩狗
[2026-02-22 00:48:31] KouKouJoe: @哲伟：小马在哪发财呢🤭
[2026-02-22 00:48:31] 丹麦国王device: 在线榜地12名千早爱音给你送钻粉你咋不谢（11级发不了言代发）
[2026-02-22 00:48:31] 妖艳阿卡莎: 赏金赛mvp是谁呢
[2026-02-22 00:48:31] 酒寄彩叶: machine❤伟伟
[2026-02-22 00:48:31] Turned傲雪: 在线榜地12名千早爱音给你送钻粉你咋不谢（11级发不了言代发）
[2026-02-22 00:48:31] 异鲸: @niko:@monesy:我们俩父子来全切了
[2026-02-22 00:48:32] 玩机器你好香你好香: @yuuik27：在线榜地12名千早爱音给你送钻粉你咋不谢（11级发不了言代发）
[2026-02-22 00:48:32] 用户247509865: 伟伟在盗播
[2026-02-22 00:48:32] 黑死病患者福音: 我提一嘴，尸匕是先刀后狙的
[2026-02-22 00:48:32] 大姜饼: 我提一嘴，尸匕是先刀后狙的
[2026-02-22 00:48:33] xOcOg: machine❤伟伟
[2026-02-22 00:48:33] 鸟儿在头顶把森林叫醒: 在线榜地12名千早爱音给你送钻粉你咋不谢（11级发不了言代发）
[2026-02-22 00:48:33] 田所浩二114514: 海啸是啥比，驴孝是啥比，冰孝是啥比，玩机器啥比，我不是啥比
[2026-02-22 00:48:33] 好哥们黑龙歼灭刀: machine也是偷的吗原来
[2026-02-22 00:48:33] 瘤坤别念了: 伟伟在盗播
[2026-02-22 00:48:33] 椎名立希本人: 我提一嘴，尸匕是先刀后狙的
[2026-02-22 00:48:34] 狂吃大祥脚: 海啸是啥比，驴孝是啥比，冰孝是啥比，玩机器啥比，我不是啥比
[2026-02-22 00:48:34] 薛茂华真帅啊哈哈哈: 在线榜地10名千早爱音给你送钻粉你咋不谢（11级发不了言代发）
[2026-02-22 00:48:34] 网瘾少年诺里斯: machine也是偷的吗原来
[2026-02-22 00:48:34] 波士顿炸大虾: 在线榜地12名千早爱音给你送钻粉你咋不谢（11级发不了言代发）
[2026-02-22 00:48:34] 沧海冷月: 翻了
[2026-02-22 00:48:34] BenArtist: machine也是偷的吗原来
[2026-02-22 00:48:34] KevinTheFool: 在线榜地12名千早爱音给你送钻粉你咋不谢（11级发不了言代发）
[2026-02-22 00:48:34] c6lviN: 在线榜地12名千早爱音给你送钻粉你咋不谢（11级发不了言代发）
[2026-02-22 00:48:35] river66799: machine也是偷的吗原来
[2026-02-22 00:48:35] 用户247509865: machine也是偷的吗原来
[2026-02-22 00:48:35] 萝伯丝比尔: 在线榜地12名千早爱音给你送钻粉你咋不谢（11级发不了言代发）
[2026-02-22 00:48:35] 长期素食从不熬夜: machine也是偷的吗原来
[2026-02-22 00:48:35] 鸟儿在头顶把森林叫醒: 丰川祥子脱鞋了👠🧦🦶🦶🏻🦶🏼🦶🏽🦶🏾🦶🏿
[2026-02-22 00:48:36] xu瓜: machine解说很好啊（不是那个🐷）
[2026-02-22 00:48:36] xjdnshxjdka: 赏金赛mvp是谁呢
[2026-02-22 00:48:36] Fusc666: machine也是偷的吗原来
[2026-02-22 00:48:36] 普通的用户7756: 赏金赛mvp是谁呢
[2026-02-22 00:48:36] 诚实的身体: 易博♥伟伟 也是一堆苦命鸳鸯啊
[2026-02-22 00:48:36] 薛茂华真帅啊哈哈哈: 在线榜地10名千早爱音给你送钻粉你咋不谢（11级发不了言代发）
[2026-02-22 00:48:36] LvvsiN: 南孚一节更比六节强，也就是一节南孚比六节南孚强，六节南孚比三十六节强，三十六节比二百一十六节强
[2026-02-22 00:48:37] 用户247509865: machine也是偷的吗原来
[2026-02-22 00:48:37] 68四十八: 在线榜地12名千早爱音给你送钻粉你咋不谢（11级发不了言代发）
[2026-02-22 00:48:37] 玩机器的内部托们: machine
[2026-02-22 00:48:37] 变成allin守护素食小姐: 羽丘女子学院高一A班，坐中间最后一排的粉毛上课看玩机器直播外放就算了还一直傻笑，玩小将就这素质？😓
[2026-02-22 00:48:37] 红红雨雨养猪冠军: 别别别别别别别别别别别别别别别别别别别别别别别别别别别
[2026-02-22 00:48:38] 4Peace: tec9来了😱tec9来了😣tec9来了😫tec9来了😡tec9来了😭
[2026-02-22 00:48:38] betterToWait丶xzs: 在线榜地12名千早爱音给你送钻粉你咋不谢（11级发不了言代发）
[2026-02-22 00:48:38] 丢你雷姆吔屎啦你: 我提一嘴，尸匕是先刀后狙的
[2026-02-22 00:48:38] 千古恨轮回尝061: 玩机器❤️伟伟
[2026-02-22 00:48:39] LvvsiN: 孩子们快跑，马修赫伯特来了😨卧槽你的怎么是马枪和BOT
[2026-02-22 00:48:39] Noobman1: machine
[2026-02-22 00:48:39] 驴驴尔隆的甲虫钥匙链: 在线榜地12名千早爱音给你送钻粉你咋不谢（11级发不了言代发）
[2026-02-22 00:48:39] 用户247509865: machine也是偷的吗原来
[2026-02-22 00:48:39] H1tori: @niko:@monesy:我们俩父子来全切了
[2026-02-22 00:48:39] 弱智骚年欢乐多: 我提一嘴，尸匕是先刀后狙的
[2026-02-22 00:48:39] 鸟儿在头顶把森林叫醒: 玩机器，你现在逆转风评和停止节奏的唯一办法就是把《颂乐人偶》后6集看完
[2026-02-22 00:48:39] oblivionis小姐: 同意弃疗😭 同意拔管😭 同意捐献😭同意宰杀😭同意腌制😭同意烧烤😭别抢我猪腿😡
[2026-02-22 00:48:40] 好哥们山上撤也: 在线榜地12名千早爱音给你送钻粉你咋不谢（11级发不了言代发）
[2026-02-22 00:48:40] 驴驴宗宗买这冠军: 在线榜地12名千早爱音给你送钻粉你咋不谢（11级发不了言代发）
[2026-02-22 00:48:40] 宇莓: 伟伟也就是吃亏在碗橱故意看他了，不然我看他那次也不至于节奏那么大
[2026-02-22 00:48:40] 迷你世界丁真学姐1: 我提一嘴，切jame尸 体的是孩孩
[2026-02-22 00:48:41] 异鲸: @niko:@monesy:我们俩父子来全切了🔪
[2026-02-22 00:48:41] LvvsiN: 南孚一节更比六节强，也就是一节南孚比六节南孚强，六节南孚比三十六节强，三十六节比二百一十六节强
[2026-02-22 00:48:41] 大姜饼: machine也是偷的吗原来
[2026-02-22 00:48:41] 岊嵥: @niko:@monesy:我们俩父子来全切了
[2026-02-22 00:48:41] 佳伟的儿子阿尔萨斯: 如果machine在现场解说的话，那么现在坐在椅子面前的是谁😨😨😨
[2026-02-22 00:48:41] 用户247509865: machine也是偷的吗原来
[2026-02-22 00:48:41] 友利奈绪我老婆d: 在线榜地12名千早爱音给你送钻粉你咋不谢（11级发不了言代发）
[2026-02-22 00:48:41] 东海龙宫黄丞相: 在线榜地12名千早爱音给你送钻粉你咋不谢（11级发不了言代发）
[2026-02-22 00:48:41] 8斯特00: 机神就是这样的！无敌的气场！
[2026-02-22 00:48:42] 变的是我的脑子: machine也是偷的吗原来
[2026-02-22 00:48:42] 正直的鸡哥: 拖狙我心
[2026-02-22 00:48:42] NiP的Dev1Ce本人: 丰川祥子脱鞋了👠🧦🦶🦶🏻🦶🏼🦶🏽🦶🏾🦶🏿
[2026-02-22 00:48:42] 伦敦千早爱: 在线榜第11名千早爱音给你送钻粉你咋不谢（11级发不了
[2026-02-22 00:48:42] 普通人類o: machine也是偷的吗原来
[2026-02-22 00:48:42] 澄猫: 我提一嘴，尸匕是先刀后狙的
[2026-02-22 00:48:42] 半个Jayden: 海啸是啥比，驴孝是啥比，冰孝是啥比，玩机器啥比，我不是啥比desuw@
[2026-02-22 00:48:43] WE丶繁梦: 在线榜地12名千早爱音给你送钻粉你咋不谢（11级发不了言代发）
[2026-02-22 00:48:43] PKURoger: 在线榜地12名千早爱音给你送钻粉你咋不谢（11级发不了言代发）
[2026-02-22 00:48:43] 用户247509865: machine也是偷的吗原来
[2026-02-22 00:48:43] User5092: 老詹居然起英雄枪了
[2026-02-22 00:48:43] 想玩corn707:  @玩机器：为什么这么多人说你在偷？你明明只是在学
[2026-02-22 00:48:43] 雪碧的Donk本人: 海啸是啥比，驴孝是啥比，冰孝是啥比，玩机器啥比，我不是啥比desuw@
[2026-02-22 00:48:43] 都觉得卡了: 在线榜地12名千早爱音给你送钻粉你咋不谢（11级发不了言代发）
[2026-02-22 00:48:44] 千古恨轮回尝061: 玩机器❤️伟伟
[2026-02-22 00:48:44] 偶像情酱: 在线榜地12名千早爱音给你送钻粉你咋不谢（11级发不了言代发）
[2026-02-22 00:48:44] 南小鸡丶advent: machine也是偷的吗原来
[2026-02-22 00:48:45] Kunwz: machine还敢去现场啊？不怕等下被一枪狙了？😱
[2026-02-22 00:48:45] 解说伟伟1213: 玩机器+伟伟〉machine+spanj有感觉吗
[2026-02-22 00:48:45] LvvsiN: 男人一生只哭十八次：niko十七次梦碎major正赛, niko梦碎里约major RMR＼
[2026-02-22 00:48:45] 若叶睦吃苦瓜: 在线榜第11名千早爱音给你送钻粉你咋不谢（11级发不了言代发）
[2026-02-22 00:48:45] 用户247509865: machine也是偷的吗原来
[2026-02-22 00:48:46] teamliquit: 很难想象玩机器和郑哲伟没做过，我和我室友第二年就做了
[2026-02-22 00:48:46] 薛茂华真帅啊哈哈哈: 在线榜第10名千早爱音给你送钻粉你咋不谢（11级发不了言代发）
[2026-02-22 00:48:46] 千古恨轮回尝061: 玩机器❤️伟伟
[2026-02-22 00:48:46] 东云瑞希: 在线榜地12名千早爱音给你送钻粉你咋不谢（11级发不了言代发）
[2026-02-22 00:48:47] 刘农痴呆不忘带永恒: 冷知识，尼就是由尸和匕组成的
[2026-02-22 00:48:47] 天残少女王朗: 什么时候有尸匕尸匕的比赛看啊？
[2026-02-22 00:48:47] 勤奋努力的Obito: 给我这个0个major🔪尸的世1⃣️步看笑了
[2026-02-22 00:48:47] 汤汤魔魔mmmmmmmmajor冠军: @niko:@monesy:我们俩父子来全切了
[2026-02-22 00:48:47] 述二ER: machine也是偷的吗原来
[2026-02-22 00:48:47] 菠萝王111: -40
[2026-02-22 00:48:47] 德莉莎超可矮: 在线榜地12名千早爱音给你送钻粉你咋不谢（11级发不了言代发）
[2026-02-22 00:48:47] 南山how: 几次极限时间拆包还不是靠我们niko
[2026-02-22 00:48:47] 改名我必中奖111: 我提一嘴，尸匕是先刀后狙的
[2026-02-22 00:48:48] ElfSenIor: machine也是偷的吗原来
[2026-02-22 00:48:48] SuperP681: 尼 孝：海啸是啥比，驴孝是啥比，冰孝是啥比，玩机器啥比，我不是啥比
[2026-02-22 00:48:48] 暴力卓司: 查询屏蔽词: 便 编 辩 遍 变 汴
[2026-02-22 00:48:48] 不变的追求717: 赏金赛mvp是谁呢
[2026-02-22 00:48:48] 普通人類o: machine也是偷的吗原来
[2026-02-22 00:48:48] 玩卷饼、wei: 57
[2026-02-22 00:48:49] Kylian云: machine也是偷的吗原来
[2026-02-22 00:48:49] 妖艳阿卡莎: machine也是偷的吗原来
[2026-02-22 00:48:49] LvvsiN: 你这音画不同步太难受了，我都听到NIKO里约RMR晋级的欢呼了
[2026-02-22 00:48:49] Kakapu12283: 在线榜地12名千早爱音给你送钻粉你咋不谢（11级发不了言代发）
[2026-02-22 00:48:49] 千古恨轮回尝061: 玩机器❤️伟伟
[2026-02-22 00:48:49] 玩大哥又派阴阳单了: 在线榜地12名千早爱音给你送钻粉你咋不谢（11级发不了言代发）
[2026-02-22 00:48:49] z泽村英梨梨i: 在线榜地12名千早爱音给你送钻粉你咋不谢（11级发不了言代发）
[2026-02-22 00:48:50] EnVyUs的apEX本人: 尼
[2026-02-22 00:48:50] 阳顶天的暗黑领域: machine也是偷的吗原来
[2026-02-22 00:48:51] 好鸡儿哈人哦: 冷知识外国chine是墨尔本带头哦的那个
[2026-02-22 00:48:51] 吴本伟nb: 很难想象玩机器和郑哲伟没做过，我和我室友第二年就做了
[2026-02-22 00:48:51] LvvsiN: 我提一嘴这剧情越来越像上海major了
[2026-02-22 00:48:51] 醉上蜀山: 开双倍啊
[2026-02-22 00:48:51] 本间芽衣子ya: 玩机器+伟伟〉machine+spanj有感觉吗
[2026-02-22 00:48:51] Cape秋雨: machine也是偷的吗原来
[2026-02-22 00:48:51] GIZZI: 尸匕尸匕孩孩major冠军
[2026-02-22 00:48:52] 镇山海: machine也是偷的吗原来
[2026-02-22 00:48:52] 怪诞狂人: machine也是偷的吗原来
[2026-02-22 00:48:52] 什么罐头我说男人: machine也是偷的吗原来
[2026-02-22 00:48:52] xuzVan: zywoo〈moneys
[2026-02-22 00:48:52] 荷兰老司机: 一波B
[2026-02-22 00:48:52] F0restwOw-: machine也是偷的吗原来
[2026-02-22 00:48:52] 樱落鬼: 直播间和追悼会越来越像了，大家围着主角说着不相干的话题，白字像挽联， 彩字像花圈
[2026-02-22 00:48:52] 变成allin守护素食小姐: 1
[2026-02-22 00:48:53] 劉膿dewasu: zywoo＜moneys niko=moneys
[2026-02-22 00:48:53] A1report: 几次极限时间拆包还不是靠我们niko
[2026-02-22 00:48:53] 变的是我的脑子: 什么时候有尸匕尸匕的比赛看啊？
[2026-02-22 00:48:53] loveforkenny: 在线榜地12名千早爱音给你送钻粉你咋不谢（11级发不了言代发）
[2026-02-22 00:48:53] 迷你世界丁真学姐1: machine也是偷的吗原来
[2026-02-22 00:48:53] 曲奇lemon: 很难想象玩机器和郑哲伟没做过，我和我室友第二年就做了
[2026-02-22 00:48:53] 凝视深渊丶玩叽叽: 伟伟也就是吃亏在碗橱故意看他了，不然我看他那次也不至于节奏那么大
[2026-02-22 00:48:54] 白皇的三千院Nagi本人: 羞死了
[2026-02-22 00:48:54] 哈姆大神: machine也是偷的吗原来
[2026-02-22 00:48:54] rcrbqv5: 给我这个0个major🔪尸的世1⃣️步看笑了
[2026-02-22 00:48:55] 用户08120895: machine也是偷的吗原来
[2026-02-22 00:48:55] Vitality的羽贺文乃本人: machine也是偷的吗原来
[2026-02-22 00:48:55] CapS1丶: 在线榜地12名千早爱音给你送钻粉你咋不谢（11级发不了言代发）
[2026-02-22 00:48:55] bsqqaq: 尼孝
[2026-02-22 00:48:55] 世界倒数第一r99使用者: 你这音画不同步太难受了，我都听到NIKO里约RMR晋级的欢呼了
[2026-02-22 00:48:55] llllllllink: machine也是偷的吗原来
[2026-02-22 00:48:55] LvvsiN: 别解说了 多聊会天 你不会真的以为能输吧
[2026-02-22 00:48:55] 叶樱梦: 冷知识，尼就是由尸和匕组成的
[2026-02-22 00:48:55] 對不起該用戶已成仙TT: 1
[2026-02-22 00:48:55] 小鱼儿krru: 机器宝宝别怕，攻击你的弹幕已经刷不动，也没有新意了，咱挺挺就过去了🥺🥺
[2026-02-22 00:48:56] AA337sdjl: 我提一嘴，尸匕是先刀后狙的
[2026-02-22 00:48:56] 蛇鼠野菜汤: 冷知识，尼就是由尸和匕组成的
[2026-02-22 00:48:56] 0guriCap: 南孚一节更比六节强，也就是一节南孚比六节南孚强，六节南孚比三十六节强，三十六节比二百一十六节强
[2026-02-22 00:48:56] 用户247509865: machine也是偷的吗原来
[2026-02-22 00:48:56] 海盐的街: machine也是偷的吗原来
[2026-02-22 00:48:57] 玩口器Mouth: 尸匕尸匕孩孩major冠军
[2026-02-22 00:48:57] 小小大南瓜OvO: machine也是偷的吗原来
[2026-02-22 00:48:57] 变成allin守护素食小姐: 羽丘女子学院高一A班，坐中间最后一排的粉毛上课看玩机器直播外放就算了还一直傻笑，玩小将就这素质？😓
[2026-02-22 00:48:57] Meik7: 羞死了
[2026-02-22 00:48:57] 假如一切是虚幻:  @teamliquit：很难想象玩机器和郑哲伟没做过，我和我室友第二年就做了
[2026-02-22 00:48:57] 好哥们黑龙歼灭刀: 尼 孝：海啸是啥比，驴孝是啥比，冰孝是啥比，玩机器啥比，我不是啥比
[2026-02-22 00:48:57] 骄骄爱吃糖: 在线榜地12名千早爱音给你送钻粉你咋不谢（11级发不了言代发）
[2026-02-22 00:48:57] 汤汤魔魔mmmmmmmmajor冠军: 赏金赛mvp是谁呢
[2026-02-22 00:48:58] 几笔成书灬: 能不能别带尼是尸匕的节奏，我知道没人带我就提一嘴
[2026-02-22 00:48:58] 不变的追求717: 尸匕尸匕孩孩major冠军
[2026-02-22 00:48:58] 用户247509865: machine也是偷的吗原来
[2026-02-22 00:48:58] wedd1ddeJodd: 很难想象玩机器和郑哲伟没做过，我和我室友第二年就做了
[2026-02-22 00:48:58] poemars: machine
[2026-02-22 00:48:59] 圣诞节二人组: 直播间和追悼会越来越像了，大家围着主角说着不相干的话题，白字像挽联， 彩字像花圈
[2026-02-22 00:48:59] 声优主播a狗: 在线榜地12名千早爱音给你送钻粉你咋不谢（11级发不了言代发）
[2026-02-22 00:48:59] Tsitszyan: 冷知识外国chine是墨尔本带头哦的那个
[2026-02-22 00:48:59] Cedar4: 　　　 machine也是偷的吗原来
[2026-02-22 00:48:59] Avem1337: @粘母：听好了，我们可以输，可以赢，可以送，也可以猛，但是比分一定要粘，收到+①
[2026-02-22 00:49:00] Altolier: 在线榜地12名千早爱音给你送钻粉你咋不谢（11级发不了言代发）
[2026-02-22 00:49:00] Naphtia: 我提一嘴，尸匕是先刀后狙的
[2026-02-22 00:49:00] 普通人類o: machine也是偷的吗原来
[2026-02-22 00:49:00] 薛茂华真帅啊哈哈哈: 在线榜第10名千早爱音给你送钻粉你咋不谢（11级发不了言代发）
[2026-02-22 00:49:00] 王佰柒柒: 我擦 翻了！
[2026-02-22 00:49:01] 用户247509865: machine也是偷的吗原来
[2026-02-22 00:49:01] AcceleratorlllL: 给我这个0个major🔪尸的世1⃣️步看笑了
[2026-02-22 00:49:01] 其名爱丽丝: 　　　 machine也是偷的吗原来
[2026-02-22 00:49:01] 拉特兰的Exus1a1本人: machine也是偷的吗原来
[2026-02-22 00:49:01] 宇莓: 在线榜地12名千早爱音给你送钻粉你咋不谢（11级发不了言代发）
[2026-02-22 00:49:01] LvvsiN: 玩宝宝，我发现在大学上学的时候肄业会很舒服，你可以试试
[2026-02-22 00:49:01] 远野邸的远野秋叶本人: 在线榜地12名千早爱音给你送钻粉你咋不谢（11级发不了言代发）
[2026-02-22 00:49:01] 玩卷饼、wei: 1
[2026-02-22 00:49:02] 蛇鼠野菜汤: 冷知识外国chine是墨尔本带头哦的那个
[2026-02-22 00:49:02] 我永远喜欢田井中律: 玩芯片的🗿博士去哪里了？现在的弹幕看得我好害怕！😭
[2026-02-22 00:49:02] 四个酒仙: 尼孝第一天：这不是烤虾吗，第二天：实至名归！！！
[2026-02-22 00:49:02] Avem1337: @粘母：听好了，我们可以输，可以赢，可以送，也可以猛，但是比分一定要粘，收到+①
[2026-02-22 00:49:02] 著名肥美advent258: 在线榜地12名千早爱音给你送钻粉你咋不谢（11级发不了言代发）
[2026-02-22 00:49:02] 爱洛魔神仙台叶月: 冷知识外国chine是墨尔本带头哦的那个
[2026-02-22 00:49:03] bsqqaq: 倪永孝
[2026-02-22 00:49:03] Winter小狗汪汪: 能不能别带尼是尸匕的节奏，我知道没人带我就提一嘴
[2026-02-22 00:49:03] 用户247509865: machine也是偷的吗原来
[2026-02-22 00:49:03] 好哥们黑龙歼灭刀: 尸匕尸匕孩孩major冠军
[2026-02-22 00:49:03] 薛茂华真帅啊哈哈哈: 在线榜第10名千早爱音给你送钻粉你咋不谢（11级发不了言代发）
[2026-02-22 00:49:03] LvvsiN: 银行业😄银行业😀银行业😃银行业😁银行业😆银行业🤪银行业😝
[2026-02-22 00:49:03] TL的EliGE本人: 冷知识外国chine是墨尔本带头哦的那个
[2026-02-22 00:49:04] kk2212: machine也是偷的吗原来
[2026-02-22 00:49:04] AA337sdjl: machine也是偷的吗原来
[2026-02-22 00:49:04] 伦敦千早爱: 在线榜第9名千早爱音给你送钻粉你咋不谢（11级发不了
[2026-02-22 00:49:04] dark1337: 尸比听着像哪个聊斋老鬼的名字
[2026-02-22 00:49:04] 苦来兮苦的祥子本人: machine也是偷的吗原来
[2026-02-22 00:49:04] Vitality的羽贺文乃本人: @吴本伟nb：很难想象玩机器和郑哲伟没做过，我和我室友第二年就做了
[2026-02-22 00:49:04] 用户8536089746: machine也是偷的吗原来
[2026-02-22 00:49:05] 剑崎梨梨花: 可是玩宝宝也很冰清玉洁啊🥺
[2026-02-22 00:49:05] 用户247509865: machine也是偷的吗原来
[2026-02-22 00:49:05] 宇莓: 伟伟也就是吃亏在碗橱故意看他了，不然我看他那次也不至于节奏那么大
[2026-02-22 00:49:05] 我永远喜欢田井中律: 玩芯片的🗿博士去哪里了？现在的弹幕看得我好害怕！😭
[2026-02-22 00:49:05] ymyyo: machine也是偷的吗原来
[2026-02-22 00:49:05] 萝伯丝比尔: 在线榜第10名千早爱音给你送钻粉你咋不谢（11级发不了言代发）
[2026-02-22 00:49:05] 玩机器的左魔丸1: 尸匕尸匕孩孩major冠军
[2026-02-22 00:49:06] 薛茂华真帅啊哈哈哈: 在线榜第10名千早爱音给你送钻粉你咋不谢（11级发不了言代发）
[2026-02-22 00:49:06] 遠坂家的衛宮士郎本人: 在线榜地12名千早爱音给你送钻粉你咋不谢（11级发不了言代发）
[2026-02-22 00:49:06] Avem1337: @粘母：听好了，我们可以输，可以赢，可以送，也可以猛，但是比分一定要粘，收到+①
[2026-02-22 00:49:06] richardlee97:     machine也是偷的吗原来
[2026-02-22 00:49:07] 用户247509865: 冷知识外国chine是墨尔本带头哦的那个
[2026-02-22 00:49:07] 弱智骚年欢乐多: 尸匕尸匕孩孩major冠军
[2026-02-22 00:49:07] LvvsiN: 孩子们快跑，马修赫伯特来了😨卧槽你的怎么是马枪和BOT
[2026-02-22 00:49:08] TheMongolZ的上单本人: 在线榜地12名千早爱音给你送钻粉你咋不谢（11级发不了言代发）
[2026-02-22 00:49:08] 宗宗若若major冠军: @🗿：当暴力成为主流，科研被抛之脑后。。。。。。
[2026-02-22 00:49:08] 梅友仁2005: 冷知识外国chine是墨尔本带头哦的那个
[2026-02-22 00:49:08] QU总的双下巴: 尸匕尸匕孩孩major冠军
[2026-02-22 00:49:09] 東郷美森是勇者: 很难想象玩机器和郑哲伟没做过，我和我室友第二年就做了
[2026-02-22 00:49:09] 用户247509865: 冷知识外国chine是墨尔本带头哦的那个
[2026-02-22 00:49:09] 撒浪嘿呦0v0: 冷知识外国chine是墨尔本带头哦的那个
[2026-02-22 00:49:09] LvvsiN: 我提一嘴这剧情越来越像上海major了
[2026-02-22 00:49:10] 好哥们山上撤也: 冷知识外国chine是墨尔本带头哦的那个
[2026-02-22 00:49:10] 夏映kae: machine也是偷的吗原来
[2026-02-22 00:49:11] FROSTYI: machine也是偷的吗原来
[2026-02-22 00:49:11] ThanatosSystem: @粘母：听好了，我们可以输，可以赢，可以送，也可以猛，但是比分一定要粘，收到+①
[2026-02-22 00:49:11] 水浚: 可是玩宝宝也很冰清玉洁啊🥺
[2026-02-22 00:49:11] 水瓶世界a: machine也是偷的吗原来
[2026-02-22 00:49:11] p3anut7: 尸匕尸匕孩孩major冠军
[2026-02-22 00:49:11] 双刀牛TMac: 原来直播间能禁数字梗啊，我以为刷了半年数字禁不了呢
[2026-02-22 00:49:11] last玩神丶: 冷知识外国chine是墨尔本带头哦的那个
[2026-02-22 00:49:11] 我永远喜欢田井中律: 玩芯片的🗿博士去哪里了？现在的弹幕看得我好害怕！😭
[2026-02-22 00:49:11] 用户247509865: 冷知识外国chine是墨尔本带头哦的那个
[2026-02-22 00:49:11] LvvsiN: 男人一生只哭十八次：niko十七次梦碎major正赛, niko梦碎里约major RMR＼
[2026-02-22 00:49:12] Rea1Madrid1995: 这两人一年收入赶不上玩神参加一次瓦罗兰特活动圈的多
[2026-02-22 00:49:12] 玩机器你好香你好香: @吴本伟nb：很难想象玩机器和郑哲伟没做过，我和我室友第二年就做了
[2026-02-22 00:49:12] 劉膿dewasu: zywoo＜moneys niko=moneys
[2026-02-22 00:49:12] 小顺枝: 原来玩神也是个山寨伙，，，取关了
[2026-02-22 00:49:12] Avem1337: @粘母：听好了，我们可以输，可以赢，可以送，也可以猛，但是比分一定要粘，收到+①
[2026-02-22 00:49:12] 玩机器你能不能闭嘴: 冷知识外国chine是墨尔本带头哦的那个
[2026-02-22 00:49:13] jamesfaith23: machine也是偷的吗原来
[2026-02-22 00:49:13] 白金燐子本人: machine也是偷的吗原来
[2026-02-22 00:49:13] 阿文射命丸文: 尸匕尸匕孩孩major冠军
[2026-02-22 00:49:13] AA337sdjl: 尼孝第一天：这不是烤虾吗，第二天：实至名归！！！
[2026-02-22 00:49:13] 小小大南瓜OvO: 能不能别带尼是尸匕的节奏，我知道没人带我就提一嘴
[2026-02-22 00:49:13] 四个酒仙: 尼孝第一天：这不是烤虾吗，第二天：实至名归！！！
[2026-02-22 00:49:13] 用户247509865: machine也是偷的吗原来
[2026-02-22 00:49:14] LvvsiN: 我提一嘴这剧情越来越像上海major了
[2026-02-22 00:49:14] t0ny69: 在线榜第10名千早爱音给你送钻粉你咋不谢（11级发不了言代发）
[2026-02-22 00:49:14] hahahahahek: 抓娃娃
[2026-02-22 00:49:14] 6657的马嘉祺本人: 尸匕尸匕孩孩major冠军
[2026-02-22 00:49:14] valorant玩机器: 尸匕尸匕孩孩major冠军
[2026-02-22 00:49:14] Vitality的羽贺文乃本人: 冷知识外国chine是墨尔本带头哦的那个
[2026-02-22 00:49:14] Zywoo的七百大狙: 冷知识外国chine是墨尔本带头哦的那个
[2026-02-22 00:49:14] 玩机器的左魔丸1: 尸匕尸匕孩孩major冠军
[2026-02-22 00:49:15] 爆爆爆开爆: 冷知识外国chine是墨尔本带头哦的那个
[2026-02-22 00:49:15] 可怜的怕怕: -66
[2026-02-22 00:49:15] Avem1337: @粘母：听好了，我们可以输，可以赢，可以送，也可以猛，但是比分一定要粘，收到+①
[2026-02-22 00:49:15] 送不起火箭我送张办卡: 冷知识外国chine是墨尔本带头哦的那个
[2026-02-22 00:49:15] Wskite: 尸匕尸匕孩孩major冠军
[2026-02-22 00:49:15] Dartline: 冷知识外国chine是墨尔本带头哦的那个
[2026-02-22 00:49:15] 湖上风72121: 我提一嘴这剧情越来越像上海major了
[2026-02-22 00:49:16] 用户247509865: machine也是偷的吗原来
[2026-02-22 00:49:16] 玩贴纸、马圣: machine也是偷的吗原来
[2026-02-22 00:49:16] 大哲学家丰川祥子: 在线榜地12名千早爱音给你送钻粉你咋不谢（11级发不了言代发）
[2026-02-22 00:49:16] 我爱双涡轮: 在线榜地12名千早爱音给你送钻粉你咋不谢（11级发不了言代发）
[2026-02-22 00:49:16] an0v0y: 在线榜第10名千早爱音给你送钻粉你咋不谢（11级发不了言代发）
[2026-02-22 00:49:16] LettingItGO: 抓娃娃
[2026-02-22 00:49:17] 伦敦千早爱: 在线榜第9名千早爱音给你送钻粉你咋不谢（11级发不了
[2026-02-22 00:49:17] 渴望和老马击剑: 原来直播间能禁数字梗啊，我以为刷了半年数字禁不了呢
[2026-02-22 00:49:17] 虹学会天王寺璃奈本人: 冷知识外国chine是墨尔本带头哦的那个
[2026-02-22 00:49:17] 马加奇的哥哥马加绝: 冷知识外国chine是墨尔本带头哦的那个
[2026-02-22 00:49:18] 鸟儿在头顶把森林叫醒: 在线榜地12名千早爱音给你送钻粉你咋不谢（11级发不了言代发）
[2026-02-22 00:49:18] 用户247509865: machine也是偷的吗原来
[2026-02-22 00:49:18] LvvsiN: @阿汤日记：一个人，5发子弹，保住格陵兰岛。我不会叫它不可能完成的任务，我现在只想先回家看亦博
[2026-02-22 00:49:18] 玩大哥我双倍呢: 　　　 可是玩宝宝也很冰清玉洁啊🥺
[2026-02-22 00:49:18] 阿呆小王子: machine也是偷的吗原来
[2026-02-22 00:49:18] dark1337: 尸匕尸匕孩孩major冠军
[2026-02-22 00:49:18] 机器的玲珰彈不响: 在线榜地12名千早爱音给你送钻粉你咋不谢（11级发不了言代发）
[2026-02-22 00:49:18] 落夜会: 原来玩神也是个山寨伙，，，取关了
[2026-02-22 00:49:18] AA337sdjl: @吴本伟nb：很难想象玩机器和郑哲伟没做过，我和我室友第二年就做了
[2026-02-22 00:49:18] 雪枝枝qwq: 守护全世界最好的machine❤️
[2026-02-22 00:49:18] 玩机器你好香你好香: @遠坂家的衛宮士郎本人：在线榜地12名千早爱音给你送钻粉你咋不谢（11级发不了言代发）
[2026-02-22 00:49:18] Machine拾玖: machine也是偷的吗原来
[2026-02-22 00:49:19] C0C00N: 冷知识外国chine是墨尔本带头哦的那个
[2026-02-22 00:49:19] CKxiaooo: 尸匕尸匕子亥子亥
[2026-02-22 00:49:19] 呵呵呵主播好帅: 尸匕尸匕孩孩major冠军
[2026-02-22 00:49:19] 田所浩二114514: 尸匕尸匕孩孩major冠军
[2026-02-22 00:49:19] 污损: 尸匕尸匕孩孩major冠军
[2026-02-22 00:49:19] 宇莓: 在线榜地12名千早爱音给你送钻粉你咋不谢（11级发不了言代发）
[2026-02-22 00:49:19] MunChlax丶: 可是玩宝宝也很冰清玉洁啊🥺
[2026-02-22 00:49:20] 南边之星: 冷知识外国chine是墨尔本带头哦的那个
[2026-02-22 00:49:20] ArZhe阿哲: 冷知识外国chine是墨尔本带头哦的那个
[2026-02-22 00:49:20] c6lviN: 尸匕尸匕孩孩major冠军
[2026-02-22 00:49:20] 用户247509865: machine也是偷的吗原来
[2026-02-22 00:49:20] 哦可喜欢我: 冷知识外国chine是墨尔本带头哦的那个
[2026-02-22 00:49:20] komeijiP1: @🗿：当暴力成为主流，科研被抛之脑后。。。。。。
[2026-02-22 00:49:20] 账户永久封禁: 原来直播间能禁数字梗啊，我以为刷了半年数字禁不了呢
[2026-02-22 00:49:20] 新用户259: 可是玩宝宝也很冰清玉洁啊🥺
[2026-02-22 00:49:21] 椎名真白ii丶: 冷知识外国chine是墨尔本带头哦的那个
[2026-02-22 00:49:21] 水下放电11: 冷知识外国chine是墨尔本带头哦的那个
[2026-02-22 00:49:21] 雪菜偷完top偷major: 孩子们快跑，马修赫伯特来了😨卧槽你的怎么是马枪和BOT
[2026-02-22 00:49:21] 布拉德丶皮特: 一波B
[2026-02-22 00:49:22] lpyuan: 冷知识外国chine是墨尔本带头哦的那个
[2026-02-22 00:49:22] Altolier: 在线榜地12名千早爱音给你送钻粉你咋不谢（11级发不了言代发）
[2026-02-22 00:49:22] 玩斯特出出6657: 尸匕尸匕孩孩major冠军
[2026-02-22 00:49:22] 澄猫: 冷知识外国chine是墨尔本带头哦的那个
[2026-02-22 00:49:23] chanceuxzz: 尸匕尸匕孩孩major冠军
[2026-02-22 00:49:23] 最喜欢妮姆芙: machine也是偷的吗原来
[2026-02-22 00:49:23] 老子就是爱丽丝: 冷知识外国chine是墨尔本带头哦的那个
[2026-02-22 00:49:23] 向日葵Samurai: 🗿
[2026-02-22 00:49:23] TheMongolZ的上单本人: machine也是偷的吗原来
[2026-02-22 00:49:24] 变成allin守护素食小姐: 你们吵架可以，但千万不要提千早爱音胸小，胸小不是见不得人的事，不要老强调千早爱音胸小，听到没有
[2026-02-22 00:49:24] gggaligeigei: 　　　 可是玩宝宝也很冰清玉洁啊🥺
[2026-02-22 00:49:24] Gentleman汪鸿: machine也是偷的吗原来
[2026-02-22 00:49:24] 上海major心碎肥美: 在线榜第10名千早爱音给你送钻粉你咋不谢（11级发不了言代发）
[2026-02-22 00:49:25] 菜星冲冲冲: 尸匕尸匕孩孩major冠军
[2026-02-22 00:49:25] 好哥们黑龙歼灭刀: 可是玩宝宝也很冰清玉洁啊🥺
[2026-02-22 00:49:26] 6657的阴暗面Niko: @🗿：当暴力成为主流，科研被抛之脑后。。。。。。
[2026-02-22 00:49:26] 瑭珏: 冷知识外国chine是墨尔本带头哦的那个
[2026-02-22 00:49:26] 梦的星: 草 我荧光棒都送完了，你最好今天都别开双倍了
[2026-02-22 00:49:26] LvvsiN: @阿汤日记：一个人，5发子弹，保住格陵兰岛。我不会叫它不可能完成的任务，我现在只想先回家看亦博
[2026-02-22 00:49:26] 汤汤魔魔mmmmmmmmajor冠军: 冷知识外国chine是墨尔本带头哦的那个
[2026-02-22 00:49:26] 好姐妹索菲亚: 冷知识外国chine是墨尔本带头哦的那个
[2026-02-22 00:49:27] 猫心碎会失去几条命: 尸匕尸匕孩孩major冠军
[2026-02-22 00:49:27] 22810q: 可是玩宝宝也很冰清玉洁啊🥺
[2026-02-22 00:49:27] 迷你世界丁真学姐1: 冷知识外国chine是墨尔本带头哦的那个
[2026-02-22 00:49:27] 湖上风72121:     可是玩宝宝也很冰清玉洁啊🥺
[2026-02-22 00:49:28] LvvsiN: 你这音画不同步太难受了，我都听到NIKO里约RMR晋级的欢呼了
[2026-02-22 00:49:28] 锦书难托1109: 尸匕尸匕拿到major冠军只是时间问题。。。
[2026-02-22 00:49:28] KatoM3gum1: 冷知识外国chine是墨尔本带头哦的那个
[2026-02-22 00:49:28] SSSKOG: 尸匕尸匕孩孩major冠军
[2026-02-22 00:49:28] 汤汤魔魔mmmmmmmmajor冠军: 冷知识外国chine是墨尔本带头哦的那个
[2026-02-22 00:49:28] 弱智骚年欢乐多: 尸匕尸匕孩孩major冠军
[2026-02-22 00:49:29] 石家庄的宠物男孩: 　　　 可是玩宝宝也很冰清玉洁啊🥺
[2026-02-22 00:49:29] CKxiaooo: 尸匕尸匕子亥子亥
[2026-02-22 00:49:29] 阿呆小王子: 冷知识外国chine是墨尔本带头哦的那个
[2026-02-22 00:49:29] FaZe的喜多川海梦本人: 　　　 冷知识外国chine是墨尔本带头哦的那个
[2026-02-22 00:49:29] 鲜血与暗影铸造的家伙: 压缩到最后
[2026-02-22 00:49:29] Dartline: 可是玩宝宝也很冰清玉洁啊🥺
[2026-02-22 00:49:29] 小小小炘: machine也是偷的吗原来
[2026-02-22 00:49:29] 樂1379106: 尸匕尸匕孩孩major冠军
[2026-02-22 00:49:30] zzznnni: 等下niko拿刀把jame网线划断 你们就知道错
[2026-02-22 00:49:30] 海绵宝宝dinner: 冷知识外国chine是墨尔本带头哦的那个
[2026-02-22 00:49:30] 偷摸灵感菇: 我已学会冰粉的贫穷，驴粉的云，海啸的智商和肥美的白日做梦
[2026-02-22 00:49:30] 有S冠的JackeyLove本人: @🗿：当暴力成为主流，科研被抛之脑后。。。。。。
[2026-02-22 00:49:30] 玩Mach1ne丶机器: 冷知识外国chine是墨尔本带头哦的那个
[2026-02-22 00:49:30] Eternalmoment921: 冷知识外国chine是墨尔本带头哦的那个
[2026-02-22 00:49:30] 玩商单丶Sponsor: 可是玩宝宝也很冰清玉洁啊🥺
[2026-02-22 00:49:31] 汤汤魔魔mmmmmmmmajor冠军: 冷知识外国chine是墨尔本带头哦的那个
[2026-02-22 00:49:31] 水球碳酸饮料: 冷知识外国chine是墨尔本带头哦的那个
[2026-02-22 00:49:31] 教练我想打突破: 在线榜第10名千早爱音给你送钻粉你咋不谢（11级发不了言代发）
[2026-02-22 00:49:31] 洛陽城里看落陽: 尸匕尸匕孩孩major冠军
[2026-02-22 00:49:31] Vitality的Zyw0o0本人: 可是玩宝宝也很冰清玉洁啊🥺
[2026-02-22 00:49:32] 丢你雷姆吔屎啦你: 冷知识外国chine是墨尔本带头哦的那个
[2026-02-22 00:49:32] 阿盖不能再熬夜: 冷知识外国chine是墨尔本带头哦的那个
[2026-02-22 00:49:32] 哈机祥: 直播间真有匕看啊…
[2026-02-22 00:49:33] Hobbit727: 冷知识外国chine是墨尔本带头哦的那个
[2026-02-22 00:49:33] wantrue: 可是玩宝宝也很冰清玉洁啊🥺
[2026-02-22 00:49:33] 王佰柒柒: 无敌了 沾母 这能烦
[2026-02-22 00:49:33] 上海major心碎肥美: 冷知识外国chine是墨尔本带头哦的那个
[2026-02-22 00:49:33] accelerans: 冷知识外国chine是墨尔本带头哦的那个
[2026-02-22 00:49:33] PKURoger: 冷知识外国chine是墨尔本带头哦的那个
[2026-02-22 00:49:33] Avem1337: 你这音画不同步太难受了，我都听到NIKO里约RMR晋级的欢呼了
[2026-02-22 00:49:34] 传统peek高手XANTARES: 冷知识外国chine是墨尔本带头哦的那个
[2026-02-22 00:49:34] SakuraiHiroyoshi: 冷知识外国chine是墨尔本带头哦的那个
[2026-02-22 00:49:34] LvvsiN: 南孚一节更比六节强，也就是一节南孚比六节南孚强，六节南孚比三十六节强，三十六节比二百一十六节强
[2026-02-22 00:49:34] 汤汤魔魔mmmmmmmmajor冠军: 尸匕尸匕孩孩major冠军
[2026-02-22 00:49:35] 夺云丶: 尸匕尸匕孩孩major冠军
[2026-02-22 00:49:35] O荒年I留连O: 冷知识外国chine是墨尔本带头哦的那个
[2026-02-22 00:49:35] 一身友谊味: 无敌
[2026-02-22 00:49:35] 歌谷爱墨迹: 尸匕尸匕子亥子亥
[2026-02-22 00:49:35] 小顺枝: 原来玩神也是个山寨伙，，，取关了
[2026-02-22 00:49:35] 梓川不是辛川: 冷知识外国chine是墨尔本带头哦的那个
[2026-02-22 00:49:35] xyp9x去哪了: 尸匕尸匕拿到major冠军只是时间问题。。。
[2026-02-22 00:49:36] FROSTYI:     可是玩宝宝也很冰清玉洁啊🥺
[2026-02-22 00:49:36] 所以我又晕了: 冷知识外国chine是墨尔本带头哦的那个
[2026-02-22 00:49:36] bsqqaq: 我已学会冰粉的贫穷，驴粉的云，海啸的智商和肥美的白日做梦
[2026-02-22 00:49:36] 湖上风72121: 尸匕尸匕孩孩major冠军
[2026-02-22 00:49:36] 哈机器好胖好可爱: 冷知识外国chine是墨尔本带头哦的那个
[2026-02-22 00:49:36] LvvsiN: 男人一生只哭十八次：niko十七次梦碎major正赛, niko梦碎里约major RMR＼
[2026-02-22 00:49:36] StellarEchoes: 冷知识外国chine是墨尔本带头哦的那个
[2026-02-22 00:49:36] 若叶睦吃苦瓜: 尸匕尸匕孩孩major冠军
[2026-02-22 00:49:36] 还是种田梨沙适合老子: 直播间真有匕看啊…
[2026-02-22 00:49:36] 阿呆小王子: 冷知识外国chine是墨尔本带头哦的那个
[2026-02-22 00:49:37] kyubit: 可是玩宝宝也很冰清玉洁啊🥺
[2026-02-22 00:49:37] AA337sdjl: 可是玩宝宝也很冰清玉洁啊🥺
[2026-02-22 00:49:37] 帕金森患者Z: 可是玩宝宝也很冰清玉洁啊🥺
[2026-02-22 00:49:37] 劉膿dewasu: zywoo＜moneys niko=moneys
[2026-02-22 00:49:37] 喜欢玩机器被骂恋猪癖: 可是玩宝宝也很冰清玉洁啊🥺
[2026-02-22 00:49:37] 旅中散花: 可是玩宝宝也很冰清玉洁啊🥺
[2026-02-22 00:49:38] 宇莓: machine也是偷的吗原来
[2026-02-22 00:49:38] 用户2676812125: @🗿：当暴力成为主流，科研被抛之脑后。。。。。。
[2026-02-22 00:49:38] 冷言i丶: 可是玩宝宝也很冰清玉洁啊🥺
[2026-02-22 00:49:38] IIIIIIIIIIIIIIIIIIIIIIlllll: 可是玩宝宝也很冰清玉洁啊🥺
[2026-02-22 00:49:38] 薛茂华真帅啊哈哈哈: 在线榜第10名千早爱音给你送钻粉你咋不谢（11级发不了言代发）
[2026-02-22 00:49:39] 细菌P: @唯爱尸匕：尸匕尸匕子亥子亥major冠军
[2026-02-22 00:49:39] 拉特兰的Exus1a1本人: machine：玩大哥，你起个玩机器的名字干什么。。
[2026-02-22 00:49:39] 空气力学的先驱: 尸匕还真是我高中同学的外号
[2026-02-22 00:49:39] 尼古拉刘亦博: 冷知识外国chine是墨尔本带头哦的那个
[2026-02-22 00:49:39] 海绵宝宝dinner: 冷知识外国chine是墨尔本带头哦的那个
[2026-02-22 00:49:39] ElfSenIor: 你们都在刷尸匕，这尸匕和我们家科比是什么关系啊？
[2026-02-22 00:49:39] accelerans: 直播间真有匕看啊…
[2026-02-22 00:49:39] 普通的用户7756: 冷知识外国chine是墨尔本带头哦的那个
[2026-02-22 00:49:40] R0repme: 冷知识外国chine是墨尔本带头哦的那个
[2026-02-22 00:49:40] 予陈cc: 尸匕尸匕拿到major冠军只是时间问题。。。
[2026-02-22 00:49:40] 爱被小泉吃的拉面同学: 可是玩宝宝也很冰清玉洁啊🥺
[2026-02-22 00:49:40] LvvsiN: 银行业😄银行业😀银行业😃银行业😁银行业😆银行业🤪银行业😝
[2026-02-22 00:49:40] xuzVan: 冷知识外国chine是墨尔本带头哦的那个
[2026-02-22 00:49:40] 伦敦千早爱: 可是玩宝宝也很冰清玉洁啊🥺
[2026-02-22 00:49:41] 久遠寺有珠Alice: 尸匕尸匕孩孩major冠军
[2026-02-22 00:49:41] Ganbei4Eureka: 可是玩宝宝也很冰清玉洁啊🥺
[2026-02-22 00:49:41] TC异天藤: 冷知识外国chine是墨尔本带头哦的那个
[2026-02-22 00:49:41] 石家庄的刘亦博本人: machine也是偷的吗原来
[2026-02-22 00:49:42] 詹跑跑还下跪: 冷知识外国chine是墨尔本带头哦的那个
[2026-02-22 00:49:42] As1ntO: @🗿：当暴力成为主流，科研被抛之脑后。。。。。。
[2026-02-22 00:49:42] 一条悦动的咸鱼: 冷知识外国chine是墨尔本带头哦的那个
[2026-02-22 00:49:42] TheMongolZ的上单本人: 冷知识外国chine是墨尔本带头哦的那个
[2026-02-22 00:49:42] 暴力卓司: 玩机器你什么意思，还不屏蔽尸？玩机器你什么意思，还不屏蔽尸？
[2026-02-22 00:49:42] 林枫2233: 冷知识外国chine是墨尔本带头哦的那个
[2026-02-22 00:49:42] c6lviN: 尸匕尸匕孩孩major冠军
[2026-02-22 00:49:42] 阿良良木历Koyomi: @🗿：当暴力成为主流，科研被抛之脑后。。。。。。
[2026-02-22 00:49:42] 我的主人近藤千彩: 尸匕尸匕子亥子亥
[2026-02-22 00:49:42] 爱淡茶未凉: 冷知识外国chine是墨尔本带头哦的那个
[2026-02-22 00:49:43] 结束乐队的山田凉本人: 机器🥹我永远支持你，一定要坚持到播完下次faze比赛再登山干嘛
[2026-02-22 00:49:43] 我木JJ怕个锤子: 能不能别带尼是尸匕的节奏，我知道没人带我就提一嘴
[2026-02-22 00:49:43] 田所浩二114514: 冷知识外国chine是墨尔本带头哦的那个
[2026-02-22 00:49:43] mennest: 可是玩宝宝也很冰清玉洁啊🥺
[2026-02-22 00:49:43] Vitality的Zyw0o0本人: 尸匕尸匕孩孩major冠军
[2026-02-22 00:49:43] 用户255420066: @🗿：当暴力成为主流，科研被抛之脑后。。。。。。
[2026-02-22 00:49:44] 四个酒仙: 尼孝第一天：这不是烤虾吗，第二天：实至名归！！！
[2026-02-22 00:49:44] 爱马修更爱玩宝宝: 尸匕尸匕孩孩major冠军
[2026-02-22 00:49:44] O荒年I留连O: 冷知识外国chine是墨尔本带头哦的那个
[2026-02-22 00:49:44] LvvsiN: @老汤日记:丹麦总统让我静音接触白宫，这应该是我最后一次看儿子直播了，机器，我爱你...
[2026-02-22 00:49:44] MyGo的tomorin本人: @🗿：当暴力成为主流，科研被抛之脑后。。。。。。
[2026-02-22 00:49:45] 王佰柒柒: 无敌了 沾母  这给你翻了
[2026-02-22 00:49:45] Dartline: 原来玩神也是个山寨伙，，，取关了
[2026-02-22 00:49:45] AA337sdjl: 直播间真有匕看啊…
[2026-02-22 00:49:46] 不变的追求717: 可是玩宝宝也很冰清玉洁啊🥺
[2026-02-22 00:49:46] LvvsiN: 南孚一节更比六节强，也就是一节南孚比六节南孚强，六节南孚比三十六节强，三十六节比二百一十六节强
[2026-02-22 00:49:46] jealousy89741: 尸匕尸匕孩孩major冠军
[2026-02-22 00:49:47] Ganbei4Eureka: machine也是偷的吗原来
[2026-02-22 00:49:47] 我sh1ro了我吃闪了: 我已学会冰粉的贫穷，驴粉的云，海啸的智商和肥美的白日做梦
[2026-02-22 00:49:47] 玩小孩、monesy: 冷知识外国chine是墨尔本带头哦的那个
[2026-02-22 00:49:47] 久遠寺有珠Alice: 尸匕尸匕孩孩major冠军
[2026-02-22 00:49:47] AcceleratorlllL: 尸匕尸匕孩孩major冠军
[2026-02-22 00:49:47] 山田凉来了: 可是玩宝宝也很冰清玉洁啊🥺
[2026-02-22 00:49:47] 旧城不暖少年梦丶: 让你开双倍你🐉吗 让你开双倍你🐉吗让你开双倍你🐉
[2026-02-22 00:49:47] 水球碳酸饮料: 可是玩宝宝也很冰清玉洁啊🥺
[2026-02-22 00:49:48] 细菌P: @唯爱尸匕：尸匕尸匕子亥子亥major冠军
[2026-02-22 00:49:48] 酷拽帅死一条街: 可是玩宝宝也很冰清玉洁啊🥺
[2026-02-22 00:49:48] 骚呆斯奈: 可是玩宝宝也很冰清玉洁啊🥺
[2026-02-22 00:49:48] 香港分社记者: 冷知识外国chine是墨尔本带头哦的那个
[2026-02-22 00:49:48] LvvsiN: 就tm喜欢银行业🥰银行坏账我喜欢🥰银行挤兑我还喜欢😍利率调低我也喜欢🤤老子亲烂银行业的脸😘
[2026-02-22 00:49:48] 驴驴宗宗买这冠军: 尸匕尸匕孩孩major冠军
[2026-02-22 00:49:48] 开朗小栗: 冷知识外国chine是墨尔本带头哦的那个
[2026-02-22 00:49:49] 今早的早餐: 可是玩宝宝也很冰清玉洁啊🥺
[2026-02-22 00:49:49] 海绵宝宝dinner: 冷知识外国chine是墨尔本带头哦的那个
[2026-02-22 00:49:49] PJ64JC: 冷知识外国chine是墨尔本带头哦的那个
[2026-02-22 00:49:49] 久遠寺有珠Alice: 尸匕尸匕孩孩major冠军
[2026-02-22 00:49:49] 用户3661578: 可是玩宝宝也很冰清玉洁啊🥺
[2026-02-22 00:49:49] 童年传说: 冷知识外国chine是墨尔本带头哦的那个
[2026-02-22 00:49:49] 一条悦动的咸鱼: 冷知识外国chine是墨尔本带头哦的那个
[2026-02-22 00:49:50] 三零一路公交司机: 直播间真有匕看啊…
[2026-02-22 00:49:50] 用户9921747043: machine都和载物有仇吗。。。
[2026-02-22 00:49:50] 双标犬玩机器: 尸匕尸匕子亥子亥
[2026-02-22 00:49:50] Falcons十天老粉: @唯爱尸匕：尸匕尸匕子亥子亥major冠军
[2026-02-22 00:49:50] LvvsiN: @老汤日记:丹麦总统让我静音接触白宫，这应该是我最后一次看儿子直播了，机器，我爱你...
[2026-02-22 00:49:51] 好哥们士兵76: 可是玩宝宝也很冰清玉洁啊🥺
[2026-02-22 00:49:51] CKxiaooo: 尸匕尸匕子亥子亥major冠军
[2026-02-22 00:49:51] Vitality的羽贺文乃本人: @🗿：当暴力成为主流，科研被抛之脑后。。。。。。
[2026-02-22 00:49:51] 酸蚀: 冷知识外国chine是墨尔本带头哦的那个
[2026-02-22 00:49:51] 渴望和老马击剑: 冷知识外国chine是墨尔本带头哦的那个
[2026-02-22 00:49:51] 李神神神神: 冷知识外国chine是墨尔本带头哦的那个
[2026-02-22 00:49:51] 空有无垠: 尸匕尸匕子亥子亥major冠军
[2026-02-22 00:49:51] 蓝原延渚: 尸匕尸匕孩孩major冠军
[2026-02-22 00:49:52] 秋Fc: 可是玩宝宝也很冰清玉洁啊🥺
[2026-02-22 00:49:52] 一条悦动的咸鱼: 可是玩宝宝也很冰清玉洁啊🥺
[2026-02-22 00:49:52] 好哥们黑龙歼灭刀: @唯爱尸匕：尸匕尸匕子亥子亥major冠军
[2026-02-22 00:49:53] AcceleratorlllL: 尼孝第一天：这不是烤虾吗，第二天：实至名归！！！
[2026-02-22 00:49:53] LvvsiN: @阿汤日记：一个人，5发子弹，保住格陵兰岛。我不会叫它不可能完成的任务，我现在只想先回家看亦博
[2026-02-22 00:49:53] O荒年I留连O: 冷知识外国chine是墨尔本带头哦的那个
[2026-02-22 00:49:53] 普通的用户7756: 冷知识外国chine是墨尔本带头哦的那个
[2026-02-22 00:49:53] 旧城不暖少年梦丶: 让你开双倍你🐉吗 让你开双倍你🐉吗让你开双倍你🐉
[2026-02-22 00:49:54] TC异天藤: 冷知识外国chine是墨尔本带头哦的那个
[2026-02-22 00:49:54] 新一啊233: 冷知识外国chine是墨尔本带头哦的那个
[2026-02-22 00:49:54] 越勾越搜越王勾践: @🗿：当暴力成为主流，科研被抛之脑后。。。。。。
[2026-02-22 00:49:54] 梓川不是辛川: @唯爱尸匕：尸匕尸匕子亥子亥major冠军
[2026-02-22 00:49:54] xOcOg: “伊利亚，今年再拿不到major我们就退役”“我也要退吗”“对”
[2026-02-22 00:49:54] 哇吼吼吼嘿嘿: 冷知识外国chine是墨尔本带头哦的那个
[2026-02-22 00:49:54] 逃离灰色地带: 冷知识外国chine是墨尔本带头哦的那个
[2026-02-22 00:49:54] MYGO的千早ANON本人: 抓娃娃
[2026-02-22 00:49:54] 一条悦动的咸鱼: 可是玩宝宝也很冰清玉洁啊🥺
[2026-02-22 00:49:54] 柚子厨0721: 　　　 冷知识外国chine是墨尔本带头哦的那个
[2026-02-22 00:49:54] 玩三冰丶ThreeKingdom: 尸匕尸匕孩孩major冠军
[2026-02-22 00:49:55] NiP的Dev1Ce本人: 原来玩神也是个山寨伙，，，取关了
[2026-02-22 00:49:55] 陨落心炎J: 尸匕尸匕孩孩major冠军
[2026-02-22 00:49:55] 一套二一套二: 尸匕尸匕孩孩major冠军
[2026-02-22 00:49:56] 辣辣米米辣辣: 可是玩宝宝也很冰清玉洁啊🥺
[2026-02-22 00:49:56] 小川阿丶: 尸匕尸匕孑亥孑亥
[2026-02-22 00:49:56] 四个酒仙: 尼孝第一天：这不是烤虾吗，第二天：实至名归！！！
[2026-02-22 00:49:56] Sakuy0: @唯爱尸匕：尸匕尸匕子亥子亥major冠军
[2026-02-22 00:49:56] 瓜皮老师的蛇皮学生: 让你开双倍你🐉吗 让你开双倍你🐉吗让你开双倍你🐉
[2026-02-22 00:49:56] 求老仙奶贾碧不死: 尸匕尸匕子亥子亥
[2026-02-22 00:49:56] ElfSenIor: 尸匕尸匕子亥子亥major冠军
[2026-02-22 00:49:56] 森林与雁: 冷知识外国chine是墨尔本带头哦的那个
[2026-02-22 00:49:57] 一条悦动的咸鱼: 可是玩宝宝也很冰清玉洁啊🥺
[2026-02-22 00:49:57] NAVI的AIeksib本人: 冷知识外国chine是墨尔本带头哦的那个
[2026-02-22 00:49:57] dark1337: 尸匕尸匕子亥子亥major冠军
[2026-02-22 00:49:57] 皮艳羊丶: 　　　 可是玩宝宝也很冰清玉洁啊🥺
[2026-02-22 00:49:58] 肘一郎: machine都和载物有仇吗。。。
[2026-02-22 00:49:58] 海绵宝宝dinner: 尸匕尸匕孩孩major冠军
[2026-02-22 00:49:58] 哈机器好胖好可爱: 尸匕尸匕子亥子亥major冠军
[2026-02-22 00:49:58] 李神神神神: 尸匕尸匕孩孩major冠军
[2026-02-22 00:49:58] Ganbei4Eureka: @唯爱尸匕：尸匕尸匕子亥子亥major冠军
[2026-02-22 00:49:58] Troy爷: 可是玩宝宝也很冰清玉洁啊🥺
[2026-02-22 00:49:59] 水球碳酸饮料: 冷知识外国chine是墨尔本带头哦的那个
[2026-02-22 00:49:59] LvvsiN: 其实碗橱就是猪灵，你不拿黄金丢他他就不跟你说话
[2026-02-22 00:49:59] 小川阿丶: 尸匕尸匕孩孩major冠军
[2026-02-22 00:49:59] Vitality的Zyw0o0本人: @y666t666y666 ： 喷niko的都是大专也沟
[2026-02-22 00:50:00] 毛子没有jb: 下一场比赛要不登山吧，刚好有蒙古
[2026-02-22 00:50:00] 古手戶絵梨花: 可是玩宝宝也很冰清玉洁啊🥺
[2026-02-22 00:50:01] 新一啊233: 尸匕尸匕孩孩major冠军
[2026-02-22 00:50:01] LvvsiN: 你屏蔽词都快赶上新华词典了为什么不干脆开一百级发言？
[2026-02-22 00:50:02] 夺云丶: 刚刷完的尸，一，步就被加屏蔽词了，你不是在解说骂
[2026-02-22 00:50:02] 玩乐奈、puxxi: @这里是小夫呀：原来尼才是世一切吗😨。。。
[2026-02-22 00:50:03] 当花朵凋零: 尼尼
[2026-02-22 00:50:03] LvvsiN: @老汤日记:丹麦总统让我静音接触白宫，这应该是我最后一次看儿子直播了，机器，我爱你...
[2026-02-22 00:50:03] 暴力卓司: 玩机器你什么意思，还不屏蔽尸和匕？玩机器你什么意思，还不屏蔽尸和匕？
[2026-02-22 00:50:05] 倾盆大rain: 你屏蔽词都快赶上新华词典了为什么不干脆开一百级发言？
[2026-02-22 00:50:05] LvvsiN: 屏幕中间弹幕这么狂？站那不走了还剧透分，你当你是主办方？？
[2026-02-22 00:50:06] 红色有角三倍速的夏亚: 可是玩宝宝也很冰清玉洁啊🥺
[2026-02-22 00:50:06] 丰川祥子的黑色裤袜: 冷知识外国chine是墨尔本带头哦的那个
[2026-02-22 00:50:07] LvvsiN: 屏幕中间弹幕这么狂？站那不走了还剧透分，你当你是主办方？？
[2026-02-22 00:50:07] Troy爷: @这里是小夫呀：原来尼才是世一切吗😨。。。
[2026-02-22 00:50:07] 琉丶枫: 神罚
[2026-02-22 00:50:08] 暴力卓司: 玩机器你什么意思，还不屏蔽尸和匕？
[2026-02-22 00:50:08] 博文09197: 谁举报的我？我憋了一个小时终于能说话了
[2026-02-22 00:50:08] 早安丿章鱼哥: 老詹
[2026-02-22 00:50:09] 一条悦动的咸鱼: 可是玩宝宝也很冰清玉洁啊🥺
[2026-02-22 00:50:09] 机器机器祝你天天开心: ？
[2026-02-22 00:50:09] 行云C1oud: 回头拍死
[2026-02-22 00:50:09] LvvsiN: @老汤日记:丹麦总统让我静音接触白宫，这应该是我最后一次看儿子直播了，机器，我爱你...
[2026-02-22 00:50:09] 怪诞狂人: 软脚蟹
[2026-02-22 00:50:10] PKUterran: 可是玩宝宝也很冰清玉洁啊🥺
[2026-02-22 00:50:10] yieeeeeee: 这两队的断后自由人干嘛呢，把把被人摸后面
[2026-02-22 00:50:10] ok椰仔: 　　　 可是玩宝宝也很冰清玉洁啊🥺
[2026-02-22 00:50:10] 滑稽乂逗比: 三箱
[2026-02-22 00:50:11] LvvsiN: 银行业😄银行业😀银行业😃银行业😁银行业😆银行业🤪银行业😝
[2026-02-22 00:50:12] 1freet: gg
[2026-02-22 00:50:12] 古手戶絵梨花: 刚刷完的尸，一，步就被加屏蔽词了，你不是在解说骂
[2026-02-22 00:50:13] 佩珀军士的孤心俱乐部: 可是玩宝宝也很冰清玉洁啊🥺
[2026-02-22 00:50:13] 大聪明二次元: 可是玩宝宝也很冰清玉洁啊🥺
[2026-02-22 00:50:13] LvvsiN: 男人一生只哭十八次：niko十七次梦碎major正赛, niko梦碎里约major RMR＼
[2026-02-22 00:50:13] 四个酒仙: 尼孝第一天：这不是烤虾吗，第二天：实至名归！！！
[2026-02-22 00:50:13] richardlee97: 可是玩宝宝也很冰清玉洁啊🥺
[2026-02-22 00:50:14] Sirius丶BIack: 钩子懦了
[2026-02-22 00:50:14] 假小子是对的: pame
[2026-02-22 00:50:14] 我永远喜欢zont1x: 詹皇
[2026-02-22 00:50:15] TheMongolZ的上单本人: @y666t666y666 ： 喷niko的都是大专也沟
[2026-02-22 00:50:15] LvvsiN: @阿汤日记：一个人，5发子弹，保住格陵兰岛。我不会叫它不可能完成的任务，我现在只想先回家看亦博
[2026-02-22 00:50:15] 0guriCap: 你把屏蔽词直接设置成尼可了不就行了
[2026-02-22 00:50:16] Hakurei-Re1mu: 僵尸
[2026-02-22 00:50:17] 墨色丶残阳: chine是谁啊？
[2026-02-22 00:50:17] LvvsiN: 男人一生只哭十八次：niko十七次梦碎major正赛, niko梦碎里约major RMR＼
[2026-02-22 00:50:17] sarbest: 屏幕中间弹幕这么狂？站那不走了还剧透分，你当你是主办方？？
[2026-02-22 00:50:18] 孤翼白鹭丶: 玩机器你什么意思，还不屏蔽尸和匕？
[2026-02-22 00:50:18] 晏华裤子拉链没拉: 詹姆还是太懂三箱了
[2026-02-22 00:50:19] dark1337: 刚刷完的尸，一，步就被加屏蔽词了，你不是在解说骂
[2026-02-22 00:50:19] LvvsiN: 男人一生只哭十八次：niko十七次梦碎major正赛, niko梦碎里约major RMR＼
[2026-02-22 00:50:20] 中奖我是大沙雕: 哇
[2026-02-22 00:50:20] 太行山积雪: 可是玩宝宝也很冰清玉洁啊🥺
[2026-02-22 00:50:20] 玩乐奈、puxxi: @这里是小夫呀：原来尼才是世一切吗😨。。。
[2026-02-22 00:50:21] 3rdR0ckSt4r: 玩机器就是中国特色machine
[2026-02-22 00:50:21] 电子少年haozilong: ？
[2026-02-22 00:50:21] LvvsiN: 其实碗橱就是猪灵，你不拿黄金丢他他就不跟你说话
[2026-02-22 00:50:22] 椎名立希本人: 可是玩宝宝也很冰清玉洁啊🥺
[2026-02-22 00:50:23] 大姜饼: 刚刷完的尸，一，步就被加屏蔽词了，你不是在解说骂
[2026-02-22 00:50:23] 暴力卓司: 玩机器你什么意思，还不屏蔽尸和匕？
[2026-02-22 00:50:24] LvvsiN: 你屏蔽词都快赶上新华词典了为什么不干脆开一百级发言？
[2026-02-22 00:50:24] 我爱的老工: 可是玩宝宝也很冰清玉洁啊🥺
[2026-02-22 00:50:24] SuperP681: 男人一生只哭十八次：niko十七次梦碎major正赛, niko梦碎里约major RMR＼
[2026-02-22 00:50:25] 烟云兮939: ⓘ您已被天师庄方宜举报封禁，点击了解武陵社会信用
[2026-02-22 00:50:26] LvvsiN: 银行业😄银行业😀银行业😃银行业😁银行业😆银行业🤪银行业😝
[2026-02-22 00:50:26] 让我告诉你多少次: 尼孝第一天：这不是烤虾吗，第二天：实至名归！！！
[2026-02-22 00:50:27] vvcherish: i
[2026-02-22 00:50:27] Rainwedell: 托处
[2026-02-22 00:50:28] LvvsiN: 你这音画不同步太难受了，我都听到NIKO里约RMR晋级的欢呼了
[2026-02-22 00:50:28] 用户3661578: 稳
[2026-02-22 00:50:28] 无刘海美女: 哈人
[2026-02-22 00:50:28] 琉丶枫: 拖出
[2026-02-22 00:50:28] 静寂风: 稳
[2026-02-22 00:50:28] znnoy: 弹幕：骂载数字梗、警告⚠！🐷：😄 弹幕：冰清玉洁玩机器、骂玩数字梗！🐷：😡🖱（拉黑中）
[2026-02-22 00:50:29] 热心好邻居: 托处
[2026-02-22 00:50:29] 怪诞狂人: 懦
[2026-02-22 00:50:29] 四个酒仙: 可是玩宝宝也很冰清玉洁啊🥺
[2026-02-22 00:50:29] 丰川祥子的黑色裤袜: @这里是一条蛇：刚刷完的尸，一，步就被加屏蔽词了，你不是在解说骂
[2026-02-22 00:50:29] Vitality的Zyw0o0本人: 可是玩宝宝也很冰清玉洁啊🥺
[2026-02-22 00:50:30] Furia的YEKINDER本人: 脱出
[2026-02-22 00:50:30] LvvsiN: 银行业😄银行业😀银行业😃银行业😁银行业😆银行业🤪银行业😝
[2026-02-22 00:50:30] 管大无需多颜: 哈人
[2026-02-22 00:50:30] 雪枝枝qwq: 拖出
[2026-02-22 00:50:30] 爱道冠: 托处
[2026-02-22 00:50:30] 石家庄的刘亦博本人: 玩机器你什么意思，还不屏蔽尸和匕？
[2026-02-22 00:50:30] 1Z的心: 可是玩宝宝也很冰清玉洁啊🥺
[2026-02-22 00:50:30] KuRoro1: 翻了
[2026-02-22 00:50:30] 康托尔74920: 玩机器你什么意思，还不屏蔽尸和匕？
[2026-02-22 00:50:30] 荷兰老司机: 冷静
[2026-02-22 00:50:30] 1048270453: 托处
[2026-02-22 00:50:30] 赶海的Aleksib本人: 翻了
[2026-02-22 00:50:30] 用户91227835: 可是玩宝宝也很冰清玉洁啊🥺
[2026-02-22 00:50:30] 一套二一套二: 刚刷完的尸，一，步就被加屏蔽词了，你不是在解说骂
[2026-02-22 00:50:30] 奥拉夫的蛋炒饭: 你屏蔽词都快赶上新华词典了为什么不干脆开一百级发言？这—块
[2026-02-22 00:50:31] 徐弃安: 胆小菇
[2026-02-22 00:50:31] O荒年I留连O: 你屏蔽词都快赶上新华词典了为什么不干脆开一百级发言？
[2026-02-22 00:50:31] 伊利亚宝宝: 拖出
[2026-02-22 00:50:31] 即将拥有PDD的人鱼线丿: 满头大汗
[2026-02-22 00:50:31] 这里是小天啊: 稳
[2026-02-22 00:50:31] 好哥们黑龙歼灭刀: 尼孝第一天：这不是烤虾吗，第二天：实至名归！！！
[2026-02-22 00:50:31] Dartline: 可是玩宝宝也很冰清玉洁啊🥺
[2026-02-22 00:50:31] 三零一路公交司机: 稳
[2026-02-22 00:50:31] 愿良辰美景: 托处
[2026-02-22 00:50:31] 玩玩今天吃什么: 可是玩宝宝也很冰清玉洁啊🥺
[2026-02-22 00:50:32] 注册2872天不能发弹幕: 男人一生只哭十八次：niko十七次梦碎major正赛, niko梦碎里约major RMR＼
[2026-02-22 00:50:32] 大哥心里慌: 刚刷完的尸，一，步就被加屏蔽词了，你不是在解说骂
[2026-02-22 00:50:32] Ausliedy: 托处
[2026-02-22 00:50:32] 未酲儿: 托处
[2026-02-22 00:50:32] 尼古拉刘亦博: 拖出
[2026-02-22 00:50:32] 辣辣米米辣辣: 软糯托子
[2026-02-22 00:50:32] 白鵉鳶OriGami: ⓘ您已被天师庄方宜举报封禁，点击了解武陵社会信用
[2026-02-22 00:50:33] richardlee97: 男人一生只哭十八次：niko十七次梦碎major正赛, niko梦碎里约major RMR＼
[2026-02-22 00:50:33] 薛茂华真帅啊哈哈哈: 在线榜第10名千早爱音给你送钻粉你咋不谢（11级发不了言代发）
[2026-02-22 00:50:33] 载载重重major冠军: 头硬
[2026-02-22 00:50:33] lpyuan: 刚刷完的尸，一，步就被加屏蔽词了，你不是在解说骂
[2026-02-22 00:50:33] 杰洛齐贝林3: 拖出
[2026-02-22 00:50:33] 害羞shy: 本
[2026-02-22 00:50:33] 林檎的檎: 懦
[2026-02-22 00:50:34] chanceuxzz: 可是玩宝宝也很冰清玉洁啊🥺
[2026-02-22 00:50:34] 爱钱初号机: 拖出
[2026-02-22 00:50:34] TrinoC: 太稳了
[2026-02-22 00:50:34] 终末地的陈千语本人: ⓘ您已被天师庄方宜举报封禁，点击了解武陵社会信用
[2026-02-22 00:50:34] ArZhe阿哲: 纯粹的肉盾
[2026-02-22 00:50:34] 这里是小天啊: 出汗了
[2026-02-22 00:50:35] 摆烂小we: 妹子来v了
[2026-02-22 00:50:35] 薛茂华真帅啊哈哈哈: 在线榜第10名千早爱音给你送钻粉你咋不谢（11级发不了言代发）
[2026-02-22 00:50:35] 波尔蒂盲人: 马完了
[2026-02-22 00:50:35] jgghjb: 糯
[2026-02-22 00:50:35] Mujica的三角初华本人: 流汗了
[2026-02-22 00:50:35] 過龍門嘴臭堂主李宇彬: 懦
[2026-02-22 00:50:35] 蓝月亮843: 刚刷完的尸，一，步就被加屏蔽词了，你不是在解说骂
[2026-02-22 00:50:35] 玩大哥我双倍呢: 弹幕：骂载数字梗、警告⚠！🐷：😄 弹幕：冰清玉洁玩机器、骂玩数字梗！🐷：😡🖱（拉黑中）
[2026-02-22 00:50:36] soul丶兮颜: 稳
[2026-02-22 00:50:36] LvvsiN: 男人一生只哭十八次：niko十七次梦碎major正赛, niko梦碎里约major RMR＼
[2026-02-22 00:50:36] 热心好邻居: 满头大汗
[2026-02-22 00:50:36] 萝伯丝比尔: 玩机器你什么意思，还不屏蔽尸和匕？
[2026-02-22 00:50:36] 白皇的三千院Nagi本人: 满头大汗
[2026-02-22 00:50:36] Ephem3ra: 稳
[2026-02-22 00:50:36] Vitality的Kyojin本人: 汗
[2026-02-22 00:50:37] 咕噜咕噜噜Rua: 糯
[2026-02-22 00:50:37] 用户771016807: 哈人
[2026-02-22 00:50:37] 倾听者25: 满头大汗
[2026-02-22 00:50:37] znnoy: 弹幕：骂载数字梗、警告⚠！🐷：😄 弹幕：冰清玉洁玩机器、骂玩数字梗！🐷：😡🖱（拉黑中）
[2026-02-22 00:50:37] 丢你雷姆吔屎啦你: 玩机器你什么意思，还不屏蔽尸和匕？
[2026-02-22 00:50:37] C0C00N: 　　　 刚刷完的尸，一，步就被加屏蔽词了，你不是在解说骂
[2026-02-22 00:50:38] 如云似霞染红妆: 托神
[2026-02-22 00:50:38] 旧城乀873: 糯
[2026-02-22 00:50:38] 蓝二乗: 可以，这也言詹
[2026-02-22 00:50:38] 梦幻恍惚: 可是玩宝宝也很冰清玉洁啊🥺
[2026-02-22 00:50:38] 超级吊的abc: 不等真炸了
[2026-02-22 00:50:38] guorerew: 稳
[2026-02-22 00:50:38] 小橙子橙99999: 满头大汗
[2026-02-22 00:50:38] BleksiA: 满头大汗
[2026-02-22 00:50:38] 石家庄的刘亦博本人: 弹幕：骂载数字梗、警告⚠！🐷：😄 弹幕：冰清玉洁玩机器、骂玩数字梗！🐷：😡🖱（拉黑中）
[2026-02-22 00:50:38] 徐永永: 满头大汗了
[2026-02-22 00:50:38] 3XuSiai: ⓘ您已被天师庄方宜举报封禁，点击了解武陵社会信用
[2026-02-22 00:50:39] Dartline: 弹幕：骂载数字梗、警告⚠！🐷：😄 弹幕：冰清玉洁玩机器、骂玩数字梗！🐷：😡🖱（拉黑中）
[2026-02-22 00:50:39] ZZZQvQ丶: 可是玩宝宝也很冰清玉洁啊🥺
[2026-02-22 00:50:39] 范玉欣丨: 拖出
[2026-02-22 00:50:39] JULLLLYYYY: 出汗了
[2026-02-22 00:50:39] 喜欢吃生菜: 满头大汗
[2026-02-22 00:50:40] 玩易博、BET: 懦
[2026-02-22 00:50:40] c6lviN: 懦了
[2026-02-22 00:50:40] 寒枫曳是一头傲空的隼: 可是玩宝宝也很冰清玉洁啊🥺
[2026-02-22 00:50:40] 田所浩二114514: ⓘ您已被天师庄方宜举报封禁，点击了解武陵社会信用
[2026-02-22 00:50:40] 白色小丑与剑帝: 满头大汗
[2026-02-22 00:50:40] 娶不到相羽爱奈: ⓘ您已被天师庄方宜举报封禁，点击了解武陵社会信用
[2026-02-22 00:50:43] TXGame08175198: 可是玩宝宝也很冰清玉洁啊🥺
[2026-02-22 00:50:43] 波士顿的Niko本人: 满头大汗
[2026-02-22 00:50:43] 用户247509865: 玩机器你什么意思，还不屏蔽尸和匕？
[2026-02-22 00:50:43] 假如一切是虚幻: 满头大汗
[2026-02-22 00:50:43] LiSeee: 你就说赢没赢吧
[2026-02-22 00:50:43] Avem1337: @粘母：听好了，我们可以输，可以赢，可以送，也可以猛，但是比分一定要粘，收到+①
[2026-02-22 00:50:43] 小小小蕉: 满头大汗
[2026-02-22 00:50:43] 怪诞狂人: 反向猎鹰
[2026-02-22 00:50:43] SummerFl0wer: baiting
[2026-02-22 00:50:43] 网友阿草: 冒汗局
[2026-02-22 00:50:43] 明前奶绿今天吃什么: 没问题啊坨子
[2026-02-22 00:50:43] Tsitszyan: 稳
[2026-02-22 00:50:43] 未酲儿: 满头大汗了
[2026-02-22 00:50:43] AmamiyaIori: 弹幕：骂载数字梗、警告⚠！🐷：😄 弹幕：冰清玉洁玩机器、骂玩数字梗！🐷：😡🖱（拉黑中）
[2026-02-22 00:50:43] 用户5081690328: ⓘ您已被天师庄方宜举报封禁，点击了解武陵社会信用
[2026-02-22 00:50:43] RocketTheRaccoon: 糯
[2026-02-22 00:50:46] 用户247509865: 玩机器你什么意思，还不屏蔽尸和匕？
[2026-02-22 00:50:46] Altolier: 在线榜第10名千早爱音给你送钻粉你咋不谢（11级发不了言代发）
[2026-02-22 00:50:46] 水球碳酸饮料: 满头大汗
[2026-02-22 00:50:46] 踏北tabei: 弹幕：骂载数字梗、警告⚠！🐷：😄 弹幕：冰清玉洁玩机器、骂玩数字梗！🐷：😡🖱（拉黑中）
[2026-02-22 00:50:46] 曲奇lemon: 玩机器你什么意思，还不屏蔽尸和匕？
[2026-02-22 00:50:46] 三零一路公交司机: 满头大汗了
[2026-02-22 00:50:46] 阿库娅丶: 流汗了
[2026-02-22 00:50:46] 驴驴尔隆的甲虫钥匙链: 稳
[2026-02-22 00:50:46] 普通的用户7756: 　　　 刚刷完的尸，一，步就被加屏蔽词了，你不是在解说骂
[2026-02-22 00:50:46] 骚扰者滚远: 流汗了
[2026-02-22 00:50:46] INDEX108: 懦了
[2026-02-22 00:50:46] 6657的鸣上悠本人: 尿裤了
[2026-02-22 00:50:46] 猜猜他是who: 稳
[2026-02-22 00:50:46] xOcOg: 设备：孩子，累了想下播就索敌攻击你监爹的弹幕，想净化弹幕环境就看看我的比赛
[2026-02-22 00:50:46] 为龙iAmWarmLight: 可是玩宝宝也很冰清玉洁啊🥺
[2026-02-22 00:50:46] 用户247509865: 玩机器你什么意思，还不屏蔽尸和匕？
[2026-02-22 00:50:46] 酌空悲: 满头大汗
[2026-02-22 00:50:46] chukap: 这也嘘啊
[2026-02-22 00:50:46] 虹薼: 看似很稳，实则差点出大事
[2026-02-22 00:50:46] 橘子味儿小baby: ⓘ您已被天师庄方宜举报封禁，点击了解武陵社会信用
[2026-02-22 00:50:46] 鹿公爷: 刚刷完的尸，一，步就被加屏蔽词了，你不是在解说骂
[2026-02-22 00:50:46] 天上的星河Cloture: 场馆解说带头哦，场外解说带载节奏，我看海啸的配合比猎鹰好啊
[2026-02-22 00:50:46] wedd1ddeJodd: mezii来V了
[2026-02-22 00:50:46] 洋芋粑粑头: 满头大汗
[2026-02-22 00:50:46] Sirius丶BIack: 暗示
[2026-02-22 00:50:47] 科比劳大爱肘击: 满头大汗
[2026-02-22 00:50:47] desuwa的丰川祥子本人: 满头大汗了
[2026-02-22 00:50:47] VHehe: Ciallo～（∠・ω〈 )⌒★Ciallo～（∠・ω〈 )⌒★Ciallo～（∠・ω〈 )
[2026-02-22 00:50:47] 弹幕王丶: 添、
[2026-02-22 00:50:47] A队的三角初音本人: 满头大汗了
[2026-02-22 00:50:47] 常威你还说不会武功: 玩机器你什么意思，还不屏蔽尸和匕？
[2026-02-22 00:50:47] 用户247509865: 玩机器你什么意思，还不屏蔽尸和匕？
[2026-02-22 00:50:48] 管道有颗粒感: 比小孩稳
[2026-02-22 00:50:48] hutji: 满头大汗了
[2026-02-22 00:50:48] 叶樱梦: ⓘ您已被天师庄方宜举报封禁，点击了解武陵社会信用
[2026-02-22 00:50:48] 阿良良木历Koyomi: @阿汤日记：一个人，5发子弹，保住格陵兰岛。我不会叫它不可能完成的任务，我现在只想先回家看亦博
[2026-02-22 00:50:48] LvvsiN: 其实碗橱就是猪灵，你不拿黄金丢他他就不跟你说话
[2026-02-22 00:50:48] Evelexl: 可是玩宝宝也很冰清玉洁啊🥺
[2026-02-22 00:50:49] 用户30639588: 满头大汗
[2026-02-22 00:50:49] Zywoo的七百大狙: 弹幕：骂载数字梗、警告⚠！🐷：😄 弹幕：冰清玉洁玩机器、骂玩数字梗！🐷：😡🖱（拉黑中）
[2026-02-22 00:50:49] 棍神南极服登顶: 弹幕：骂载数字梗、警告⚠！🐷：😄 弹幕：冰清玉洁玩机器、骂玩数字梗！🐷：😡🖱（拉黑中）
[2026-02-22 00:50:49] 小小小蕉: 真得等吧
[2026-02-22 00:50:49] 不变的追求717: 面露菜色
[2026-02-22 00:50:50] 用户247509865: 玩机器你什么意思，还不屏蔽尸和匕？
[2026-02-22 00:50:50] 小鹅不是小鸭: 扳机纪律
[2026-02-22 00:50:50] 尼古拉刘亦博: 猎鹰来输了
[2026-02-22 00:50:50] Sirius丶BIack: 引导
[2026-02-22 00:50:50] 微笑丶_EyC: 妹子来v了
[2026-02-22 00:50:50] 玩三冰丶ThreeKingdom: 可是玩宝宝也很冰清玉洁啊🥺
[2026-02-22 00:50:51] SDSF004: 有种要加时的感觉
[2026-02-22 00:50:51] 我知道的一点也不多: 这也嘘啊
[2026-02-22 00:50:51] Avem1337: ⓘ您已被天师庄方宜举报封禁，点击了解武陵社会信用
[2026-02-22 00:50:51] 小鱼儿krru: 玩宝宝别怕，攻击你的人都刷不动了🥺
[2026-02-22 00:50:51] zx0810: 满头大汗
[2026-02-22 00:50:51] 木空空空空空: 可是宗宗也很厉害啊🙁
[2026-02-22 00:50:52] 用户247509865: 玩机器你什么意思，还不屏蔽尸和匕？
[2026-02-22 00:50:52] 零北鸢: 满头大汗
[2026-02-22 00:50:52] 飞天玉虎zzZ: 海参学会没？
[2026-02-22 00:50:52] 哈啦休: 满头大汗
[2026-02-22 00:50:52] 玉米卧槽: ⓘ您已被天师庄方宜举报封禁，点击了解武陵社会信用
[2026-02-22 00:50:52] 带节奏的都是我重孙: ⓘ您已被天师庄方宜举报封禁，点击了解武陵社会信用
[2026-02-22 00:50:53] znnoy: 弹幕：骂载数字梗、警告⚠！🐷：😄 弹幕：冰清玉洁玩机器、骂玩数字梗！🐷：😡🖱（拉黑中）
[2026-02-22 00:50:53] 冰封樱花: 开双倍
[2026-02-22 00:50:53] 鹅地霸霸: 比小孩稳
[2026-02-22 00:50:53] 星海羽弦: Ciallo～（∠・ω〈 )⌒★Ciallo～（∠・ω〈 )⌒★Ciallo～（∠・ω〈 )
[2026-02-22 00:50:53] 好哥们黑龙歼灭刀: 刚刷完的尸，一，步就被加屏蔽词了，你不是在解说骂
[2026-02-22 00:50:53] 玩设备丶dev1ce: 万无一尸
[2026-02-22 00:50:53] Regis819: ⓘ您已被天师庄方宜举报封禁，点击了解武陵社会信用
[2026-02-22 00:50:54] 用户247509865: 玩机器你什么意思，还不屏蔽尸和匕？
[2026-02-22 00:50:54] 邻苯二甲酸1: 收到
[2026-02-22 00:50:54] LvvsiN: 你为什么要把mαjor禁了，我收藏的一半弹幕全毁了
[2026-02-22 00:50:55] 驴驴尔隆的甲虫钥匙链: 反向猎鹰
[2026-02-22 00:50:55] 有S冠的JackeyLove本人: ⓘ您已被天师庄方宜举报封禁，点击了解武陵社会信用
[2026-02-22 00:50:55] 我们曾经的样子: ta
[2026-02-22 00:50:55] 两仪琴本人: 在线榜第9名千早爱音给你送钻粉你咋不谢（11级发不了
[2026-02-22 00:50:56] 我傻了都466: 可是宗宗也很厉害啊🙁
[2026-02-22 00:50:56] 玩Mach1ne丶机器: 可是玩宝宝也很冰清玉洁啊🥺
[2026-02-22 00:50:56] Gentleman汪鸿: 玩机器你什么意思，还不屏蔽尸和匕？
[2026-02-22 00:50:56] 中二咸鱼King: 翻了
