# room_id=6979222 host=玩机器丶Machine title=小众宝藏结晶直播 live_time= fetch_time=2026-02-21 23:45:46
[2026-02-22 03:07:08] FCBayer: ROG upup
[2026-02-22 03:07:08] ValiantMachine: ROG upup
[2026-02-22 03:07:08] 用户6692110719: ROG upup
[2026-02-22 03:07:08] 九蛇岛的Hanc0ck本人: ROG upup
[2026-02-22 03:07:09] Hitagi蟹蟹: 骂布出封了一小时，王者归来🤗🤗🤗
[2026-02-22 03:07:09] Zxj1ing: 中了键盘我不要能给载大哥发一个44分钟道歉视频吗？?
[2026-02-22 03:07:09] 水瓶世界a: 中了键盘我不要能给载大哥发一个44分钟道歉视频吗？
[2026-02-22 03:07:10] valverde巴尔韦德: ROG upup
[2026-02-22 03:07:10] 花的世界: ROG upup
[2026-02-22 03:07:10] 划算小划: ROG upup
[2026-02-22 03:07:10] JIIIIIPovo: ROG upup
[2026-02-22 03:07:10] kiki714087: ROG upup
[2026-02-22 03:07:10] 澡后吃毛怪: ROG upup
[2026-02-22 03:07:11] bznalier: ROG upup
[2026-02-22 03:07:11] 我是世界最骚小新: ROG upup
[2026-02-22 03:07:11] 我不知道owo: ROG upup
[2026-02-22 03:07:11] 李知恩lynt: ROG upup
[2026-02-22 03:07:11] Aleksumimi: 骂布出封了一小时，王者归来🤗🤗🤗
[2026-02-22 03:07:11] 很心焦: ROG upup
[2026-02-22 03:07:11] 黑嘿嘿呦嘿: ROG upup
[2026-02-22 03:07:12] 风味双层鳕鱼堡: 你在播你的M
[2026-02-22 03:07:12] Joe0721: ROG upup
[2026-02-22 03:07:12] 巅峰社丶西门吹雪: 鲍鲍鲍
[2026-02-22 03:07:12] 咩力羊: ROG upup
[2026-02-22 03:07:12] 大颗寿司玩机器: 骂布出封了一小时，王者归来🤗🤗🤗
[2026-02-22 03:07:12] 原神U17冠军: ROG upup
[2026-02-22 03:07:13] 久慈川、理世: 傻呗
[2026-02-22 03:07:13] Shmiru: ROG upup
[2026-02-22 03:07:13] 下划线逗号下划线叹号: 骂布出封了一小时，王者归来🤗🤗🤗
[2026-02-22 03:07:13] 冰月Icemoon: ROG upup
[2026-02-22 03:07:13] ArthurQxQ: ROG upup
[2026-02-22 03:07:13] circle太子要楽奈: ROG upup
[2026-02-22 03:07:13] 辣味simple: ROG upup
[2026-02-22 03:07:14] 玩大虾丶NiKo: ROG upup
[2026-02-22 03:07:14] 海绵宝宝农批儿: 骂布出封了一小时，王者归来🤗🤗🤗
[2026-02-22 03:07:14] 广工玩小将韩明序: 中了键盘我不要能给载大哥发一个44分钟道歉视频吗？?
[2026-02-22 03:07:14] 你的能量超乎你想象啊: ROG upup
[2026-02-22 03:07:14] 74751的帅比萧寒: 骂布出封了一小时，王者归来🤗🤗🤗
[2026-02-22 03:07:14] 大大粽将军: 好耶[鼓掌]
[2026-02-22 03:07:15] 李小小与虾大大: 安卓设备
[2026-02-22 03:07:15] 玩机器的乃个会刘能: ROG upup
[2026-02-22 03:07:15] TOP1mONESY: ROG upup
[2026-02-22 03:07:15] x队cadian本人: ROG upup
[2026-02-22 03:07:15] 用户61702167: ROG upup
[2026-02-22 03:07:16] 用户3853464680: 0人在意这游戏，调出来干什么
[2026-02-22 03:07:16] 带玩弟玩弟弟: ROG upup
[2026-02-22 03:07:16] 阿尔延罗本10: ROG upup
[2026-02-22 03:07:16] 清风寄与明月: ROG upup
[2026-02-22 03:07:16] 机器的稿完: 骂布出封了一小时，王者归来🤗🤗🤗
[2026-02-22 03:07:16] For丶Glory: ROG upup
[2026-02-22 03:07:17] fkoff: ROG upup
[2026-02-22 03:07:17] 喃芷哒哒哒: 吁~😩👎 吁~😩👎 吁~😩👎 吁~😩👎 吁~😩👎 吁~😩👎
[2026-02-22 03:07:17] 绝食十年攒爱top3飞机: 中了键盘我不要能给载大哥发一个44分钟道歉视频吗？
[2026-02-22 03:07:17] NiceTry冬瓜强: ROG upup
[2026-02-22 03:07:17] 子翼兄: ROG upup
[2026-02-22 03:07:17] 用户9617613203: ROG upup
[2026-02-22 03:07:17] MunChlax丶: ROG upup
[2026-02-22 03:07:18] 尼尼我的尼尼1: ROG upup
[2026-02-22 03:07:18] HooLyDA: ROG upup
[2026-02-22 03:07:18] 丶小恐龙丶: 骂布出封了一小时，王者归来🤗🤗🤗
[2026-02-22 03:07:18] 月歌841: ROG upup
[2026-02-22 03:07:19] 1星野日向: 抓娃娃
[2026-02-22 03:07:19] 海绵宝宝永琳儿: ROG upup
[2026-02-22 03:07:19] rem3dy: 感谢载圣和弹幕粉丝开源来的rog🙏
[2026-02-22 03:07:19] CSR31: ROG upup
[2026-02-22 03:07:19] 压韵465: ROG upup
[2026-02-22 03:07:19] 咖喱派GLP: ROG upup
[2026-02-22 03:07:19] 热体温却无灵魂: ROG upup
[2026-02-22 03:07:20] 刘量啊我的刘量: 冷知识：弹幕攻击主播不如抵制甲方撤回商单。。。。。没💰这头猪真会急。。。。
[2026-02-22 03:07:20] 翱翔的乌龟: ROG upup
[2026-02-22 03:07:20] STG滨边: ROG upup
[2026-02-22 03:07:20] 99Explorer: ROG upup
[2026-02-22 03:07:20] 绝不早到萝卜卜: ROG upup
[2026-02-22 03:07:20] fpx丶: 骂布出封了一小时，王者归来🤗🤗🤗
[2026-02-22 03:07:21] Jess2: 中了键盘我不要能给载大哥发一个44分钟道歉视频吗？
[2026-02-22 03:07:21] Naphtia: ROG upup
[2026-02-22 03:07:21] 料料-: ROG upup
[2026-02-22 03:07:21] 蛟反骨: ROG upup
[2026-02-22 03:07:21] 只皮一小下: ROG upup
[2026-02-22 03:07:22] 玩学生丶BlueArchive: 一分钟只能发一条弹幕？😅一分钟只能发一条弹幕？😅一分钟只能发一条弹幕？😅一分钟只能发一条弹幕？
[2026-02-22 03:07:22] 时间就是深海咸鱼: 中了键盘我不要能给载大哥发一个44分钟道歉视频吗？?
[2026-02-22 03:07:22] 旅归晨: ROG upup
[2026-02-22 03:07:22] 鲤鱼哲: ROG upup
[2026-02-22 03:07:22] coldsura: ROG upup
[2026-02-22 03:07:22] 三箱稳定输出者: ROG upup
[2026-02-22 03:07:23] MarioWorld: ROG upup
[2026-02-22 03:07:23] 罗美丽同学: ROG upup
[2026-02-22 03:07:23] 賀陽燐羽: FAZE upup
[2026-02-22 03:07:23] 遠坂Sakura: ROG upup
[2026-02-22 03:07:23] 我们都是野生动物: ROG upup
[2026-02-22 03:07:24] LvvsiN: 银行业😄银行业😀银行业😃银行业😁银行业😆银行业🤪银行业😝
[2026-02-22 03:07:24] 狂野皮几儿很哒: ROG upup
[2026-02-22 03:07:24] weapon丶X: 骂布出封了一小时，王者归来🤗🤗🤗
[2026-02-22 03:07:24] 我吐了快救我: ROG upup
[2026-02-22 03:07:24] 请叫我日狗小少年: ROG upup
[2026-02-22 03:07:24] yslOvO: ROG upup
[2026-02-22 03:07:24] 爱道冠: ROG upup
[2026-02-22 03:07:25] 訤溓: ROG upup
[2026-02-22 03:07:25] 茅野紗枝: ROG upup
[2026-02-22 03:07:25] 三好怪兽: ROG upup
[2026-02-22 03:07:25] xixiprime: ROG upup
[2026-02-22 03:07:25] eleaine: ROG upup
[2026-02-22 03:07:25] 阿羞羞i: ROG upup
[2026-02-22 03:07:25] alwaysss777: ROG upup
[2026-02-22 03:07:26] 求老仙祝我考研失败: ROG upup
[2026-02-22 03:07:26] iCloud丶清恋: ROG upup
[2026-02-22 03:07:26] 我瘤坤有牛子: ROG upup
[2026-02-22 03:07:26] 风什么: ROG upup
[2026-02-22 03:07:26] Yey1ng: ROG upup
[2026-02-22 03:07:26] lingtian012: ROG upup
[2026-02-22 03:07:27] 宇莓: 问问厂商有布罗利的闭 毛吗
[2026-02-22 03:07:27] 沐汐22129: ROG upup
[2026-02-22 03:07:27] 晚起的虫: ROG upup
[2026-02-22 03:07:27] Gallicayr: ROG upup
[2026-02-22 03:07:27] 菅原小吉: ROG upup
[2026-02-22 03:07:28] LaTiaoHaoLa: ROG upup
[2026-02-22 03:07:28] siufff: ROG upup
[2026-02-22 03:07:28] 阳光蟑螂维什戴尔: 骂布出封了一小时，王者归来🤗🤗🤗
[2026-02-22 03:07:28] 丰川祥子本人: ROG upup
[2026-02-22 03:07:28] 用户2742535367: ROG upup
[2026-02-22 03:07:29] 紫夜233: ROG upup
[2026-02-22 03:07:29] 灰烬如雪: ROG upup
[2026-02-22 03:07:29] 呵82227: ROG upup
[2026-02-22 03:07:29] XLS松: ROG upup
[2026-02-22 03:07:29] 加里佛利亚: ROG upup
[2026-02-22 03:07:29] 海绵宝宝打野儿: @布罗利：ROG upup
[2026-02-22 03:07:29] CSTG江叉叉: ROG upup
[2026-02-22 03:07:29] 皮里恩丶: ROG upup
[2026-02-22 03:07:29] 凌晨四点317: ROG upup
[2026-02-22 03:07:30] 掌上萌虎QAQ: ROG upup
[2026-02-22 03:07:30] AiLuoLi1413: 骂布出封了一小时，王者归来🤗🤗🤗
[2026-02-22 03:07:30] 上楼梯要先抬右脚: ROG upup
[2026-02-22 03:07:30] 小蜜蜂干死蒙古: ROG upup
[2026-02-22 03:07:30] ikun不惹事也不怕事捏: ROG upup
[2026-02-22 03:07:31] 天才的无敌: ROG upup
[2026-02-22 03:07:31] 辣鸡V社还我穷鬼盾: ROG upup
[2026-02-22 03:07:31] Mahuyu: 甲方：你就这么宣传的？
[2026-02-22 03:07:31] 老公骂我好口马: ROG upup
[2026-02-22 03:07:31] 一位穷哥们丶: ROG upup
[2026-02-22 03:07:31] Q1rain: ROG upup
[2026-02-22 03:07:32] 醉丶以酒: ROG upup
[2026-02-22 03:07:32] JZZENG: ROG upup
[2026-02-22 03:07:32] 是添酱啊: ROG upup
[2026-02-22 03:07:33] 用户0127763873: ROG upup
[2026-02-22 03:07:33] 睡不醒的羊ovo: ROG upup
[2026-02-22 03:07:33] 好哥们黑龙歼灭刀: 我今晚都被封两次了，继续冲锋@samuraionnna：骂布出封了一小时，王者归
[2026-02-22 03:07:33] 张元瑛是柳智珉坐骑: ROG upup
[2026-02-22 03:07:33] richardlee97: 骂布出封了一小时，王者归来🤗🤗🤗
[2026-02-22 03:07:33] noctchill的樋口圆香本人: ROG upup
[2026-02-22 03:07:33] exia灵犀一指: ROG upup
[2026-02-22 03:07:34] GTTZZZ: ROG upup
[2026-02-22 03:07:34] 欧皇金城武: ROG upup
[2026-02-22 03:07:34] Protovo: ROG upup
[2026-02-22 03:07:34] M80YU: ROG upup
[2026-02-22 03:07:36] Bob小熊君: ROG upup
[2026-02-22 03:07:36] 中二病剑士: 骂布出封了一小时，王者归来🤗🤗🤗
[2026-02-22 03:07:36] w浅沫记忆w: ROG upup
[2026-02-22 03:07:36] 钦钦922: ROG upup
[2026-02-22 03:07:36] 哈哈哈哈哈哈停不下来: ROG upup
[2026-02-22 03:07:36] 2steppppppp: ROG upup
[2026-02-22 03:07:36] 不知悔ic: ROG upup
[2026-02-22 03:07:36] DMstars: ROG upup
[2026-02-22 03:07:36] 范廷秀: ROG upup
[2026-02-22 03:07:36] 鳖兔互娱丶缘城: ROG upup
[2026-02-22 03:07:36] 玩机器的哥哥玩机八: ROG upup
[2026-02-22 03:07:36] yuuuuua7: ROG upup
[2026-02-22 03:07:36] 好姐妹清道夫: 中了键盘我不要能给载大哥发一个44分钟道歉视频吗？?
[2026-02-22 03:07:36] -小佐内由纪-: 原来接的是mumu模拟器的广啊
[2026-02-22 03:07:38] 極乄InFi灬無: ROG upup
[2026-02-22 03:07:39] 清欢丨七尘: ROG upup
[2026-02-22 03:07:39] 木辛梓Tsz: ROG upup
[2026-02-22 03:07:39] yieeeeeee: ROG upup
[2026-02-22 03:07:39] 怒之拳: ROG upup
[2026-02-22 03:07:39] veggboy: ROG upup
[2026-02-22 03:07:39] Enshi天澜: ROG upup
[2026-02-22 03:07:39] IM小蛋蛋: ROG upup
[2026-02-22 03:07:39] 彩笔wty:  @阳光蟑螂维什戴尔：骂布出封了一小时，王者归来🤗🤗🤗
[2026-02-22 03:07:39] 御剑于心听风吟: ROG upup
[2026-02-22 03:07:39] 浮生一梦啦啦啦: ROG upup
[2026-02-22 03:07:39] 熠秋7: ROG upup
[2026-02-22 03:07:39] 玩机器的小丁: 骂布出封了一小时，王者归来🤗🤗🤗
[2026-02-22 03:07:39] 喉宝Eilf: 骂布出封了一小时，王者归来🤗🤗🤗
[2026-02-22 03:07:39] 噗噗叹气: ROG upup
[2026-02-22 03:07:40] 唯爱佩尼: ROG upup
[2026-02-22 03:07:40] 上王者的悲AI: ROG upup
[2026-02-22 03:07:40] Forever酸奶: ROG upup
[2026-02-22 03:07:41] 神奥联盟的竹兰本人: 中了键盘我不要能给载大哥发一个44分钟道歉视频吗？?
[2026-02-22 03:07:41] 笑叹情冷暖: ROG upup
[2026-02-22 03:07:41] 卡布奇633: ROG upup
[2026-02-22 03:07:42] gjcdh: ROG upup
[2026-02-22 03:07:42] Whyu1704: ROG upup
[2026-02-22 03:07:42] 擅长登山的亦博同学: 中了键盘我不要能给载大哥发一个44分钟道歉视频吗？?
[2026-02-22 03:07:42] 喜欢吃生菜: 真的假的，真有人玩这骗钱游戏啊
[2026-02-22 03:07:42] Fox丶L: ROG upup
[2026-02-22 03:07:42] 宇宙2333: ROG upup
[2026-02-22 03:07:42] 阿格老豆: 玩游戏也盗播吗，只解说没画面
[2026-02-22 03:07:42] Lo0oser: 黎明游侠：撤回一份尾款
[2026-02-22 03:07:43] Akiyama的Mio本人: ROG upup
[2026-02-22 03:07:43] 小救星小杜DuD: @布罗利：ROG upup
[2026-02-22 03:07:43] 决赛看死猎鹰就送飞机: ROG upup
[2026-02-22 03:07:43] 好的好的阖家: broli冯upup
[2026-02-22 03:07:43] zxf20061: ROG upup
[2026-02-22 03:07:43] 瀧叄爺: ROG upup
[2026-02-22 03:07:44] Gverense: @不喝酒亚威：你都挂苍蝇标了给你了呗
[2026-02-22 03:07:44] 玩machine丶机器: @三国冰河时代：感觉这游戏不如赛马有意思啊，玩机器过来田忌吧
[2026-02-22 03:07:44] 下划线逗号下划线叹号: 骂布出封了一小时，王者归来🤗🤗🤗（阳光信用分-15）
[2026-02-22 03:07:44] wedd1ddeJodd: 骂布出封了一小时，王者归来🤗🤗🤗
[2026-02-22 03:07:44] 空白我去tv: ROG upup
[2026-02-22 03:07:45] xjdnshxjdka: 中了键盘我不要能给载大哥发一个44分钟道歉视频吗？?
[2026-02-22 03:07:45] 青老师丶: ROG upup
[2026-02-22 03:07:45] 旧人269: ROG upup
[2026-02-22 03:07:45] 萌萌80673: ROG upup
[2026-02-22 03:07:46] 74751的修理班阿渣: ROG upup
[2026-02-22 03:07:46] 午时已到利拉德: ROG upup
[2026-02-22 03:07:46] 玩机器的乃个会刘能: ROG upup
[2026-02-22 03:07:46] 澡后吃毛怪: ROG upup
[2026-02-22 03:07:46] 呵呵呵主播好帅: ROG upup
[2026-02-22 03:07:46] 用户0668098865: ROG upup
[2026-02-22 03:07:47] G既子: ROG upup
[2026-02-22 03:07:47] 插班生张狗剩: ROG upup
[2026-02-22 03:07:47] 胡凯利l: ROG upup
[2026-02-22 03:07:47] 狗和玫瑰: ROG upup
[2026-02-22 03:07:48] 很心焦: ROG upup
[2026-02-22 03:07:48] 清风寄与明月: ROG upup
[2026-02-22 03:07:48] 謝黄小龍包: ROG upup
[2026-02-22 03:07:48] Nuyoahem: ROG upup
[2026-02-22 03:07:48] 匣与桔ya: ROG upup
[2026-02-22 03:07:48] 我的原子氮: 这载物关键时刻不软脚，很难剪辑出悲情时刻啊
[2026-02-22 03:07:48] 明日香大于绫波丽: 骂布出封了一小时，王者归来🤗🤗🤗
[2026-02-22 03:07:48] 狂花阿: ROG upup
[2026-02-22 03:07:48] 自己给自己好评: ROG upup
[2026-02-22 03:07:48] 乀鵷鶵: ROG upup
[2026-02-22 03:07:48] 折柳745: ROG upup
[2026-02-22 03:07:49] 斗鱼用户1175718596: ROG upup
[2026-02-22 03:07:49] 玩猴爪丶MonkeyPaw: @不喝酒亚威：你都挂苍蝇标了给你了呗
[2026-02-22 03:07:49] mujica的长崎素世本人: 骂布出封了一小时，王者归来🤗🤗🤗
[2026-02-22 03:07:49] 飒嘟嘟嘟: [梗好耶]
[2026-02-22 03:07:50] 肆无忌惮、: ROG upup
[2026-02-22 03:07:50] HooLyDA: ROG upup
[2026-02-22 03:07:50] 虹村億泰a: ROG upup
[2026-02-22 03:07:51] 收妖sama: ROG upup
[2026-02-22 03:07:51] 成成成ii: ROG upup
[2026-02-22 03:07:52] 一不垃稀莫为奇: ROG upup
[2026-02-22 03:07:52] 玩老鼠、Mouse: ROG upup
[2026-02-22 03:07:52] 大裂谷的登山家: 中了键盘我不要能给载大哥发一个44分钟道歉视频吗？?
[2026-02-22 03:07:52] 料料-: ROG upup
[2026-02-22 03:07:52] 洛烨FallenLeaves: ROG upup
[2026-02-22 03:07:52] 时光却张不开腿: ROG upup
[2026-02-22 03:07:53] STARdustXM: ROG upup
[2026-02-22 03:07:53] 纪川6657: @三国冰河时代：感觉这游戏不如赛马有意思啊，玩机器过来田忌吧
[2026-02-22 03:07:53] 驾驶草车在香蕉道漂移: ROG upup
[2026-02-22 03:07:53] 碳酸酱: ROG upup
[2026-02-22 03:07:53] 羁绊哟aa: ROG upup
[2026-02-22 03:07:53] 蒂花之秀洗发水u: ROG upup
[2026-02-22 03:07:53] 有你便是世界1: 键盘我用了会刚不过背身吗？
[2026-02-22 03:07:53] 清风抚琴359: ROG upup
[2026-02-22 03:07:54] 5字德神人: 中了键盘我不要能给载大哥发一个44分钟道歉视频吗？?
[2026-02-22 03:07:54] 不跟你多喵喵: ROG upup
[2026-02-22 03:07:54] eyu星天涯: ROG upup
[2026-02-22 03:07:54] LvvsiN: 玩宝宝，我发现在大学上学的时候肄业会很舒服，你可以试试
[2026-02-22 03:07:54] 何晓楠ii: ROG upup
[2026-02-22 03:07:54] HPup1e: ROG upup
[2026-02-22 03:07:54] 四四四四天: ROG upup
[2026-02-22 03:07:54] 翱翔的乌龟: ROG upup
[2026-02-22 03:07:55] 好哥们古德温: ROG upup
[2026-02-22 03:07:55] Cedar4: ROG upup
[2026-02-22 03:07:55] 峰哥的兽王粉: ROG upup
[2026-02-22 03:07:55] MasterChiefOvO: ROG upup
[2026-02-22 03:07:55] 三好怪兽: ROG upup
[2026-02-22 03:07:56] REVERIE18859: ROG upup
[2026-02-22 03:07:56] 阿羞羞i: ROG upup
[2026-02-22 03:07:56] 宫监手放监: ROG upup
[2026-02-22 03:07:56] 好想做玩机器的狗啊: ROG upup
[2026-02-22 03:07:56] MarioWorld: ROG upup
[2026-02-22 03:07:57] 北岸情森: ROG upup
[2026-02-22 03:07:57] 叫我蛋疍就好了: ROG upup
[2026-02-22 03:07:57] 大绅士喵了个咪: ROG upup
[2026-02-22 03:07:57] 乱步步步步: ROG upup
[2026-02-22 03:07:57] 白牙x: ROG upup
[2026-02-22 03:07:58] Einar15281: ROG upup
[2026-02-22 03:07:58] Autismme767: ROG upup
[2026-02-22 03:07:58] 內誰誰: ROG upup
[2026-02-22 03:07:58] 巴黎鸵鸟院: ROG upup
[2026-02-22 03:07:58] DhsYanyi: ROG upup
[2026-02-22 03:07:59] 袁百事Pepsi: ROG upup
[2026-02-22 03:07:59] 玩处的SugarDaddy: ROG upup
[2026-02-22 03:07:59] 829Secret: ROG upup
[2026-02-22 03:07:59] AkinaLove: ROG upup
[2026-02-22 03:07:59] miku-: ROG upup
[2026-02-22 03:07:59] 达拉崩吧菜菜: ROG upup
[2026-02-22 03:08:00] 展望ll183: ROG upup
[2026-02-22 03:08:00] iceice冰淇淋: ROG upup
[2026-02-22 03:08:00] 安特卫普最好的五个人: ROG upup
[2026-02-22 03:08:00] 詹跑跑还下跪: ROG upup
[2026-02-22 03:08:00] 倦游司马: ROG upup
[2026-02-22 03:08:01] 嘉平上班摸鱼限定版: ROG upup
[2026-02-22 03:08:01] 折戟沉沙Ks: ROG upup
[2026-02-22 03:08:01] 妈耶凉凉: ROG upup
[2026-02-22 03:08:01] 杨子杰丶: ROG upup
[2026-02-22 03:08:01] 卖二货的小蘑菇: 　　　 中了键盘我不要能给载大哥发一个44分钟道歉视频吗？?
[2026-02-22 03:08:01] 洛陽城里看落陽: ROG upup
[2026-02-22 03:08:01] a风继续吹吧: ROG upup
[2026-02-22 03:08:01] 玩弓箭、Arrow: @三国冰河时代：感觉这游戏不如赛马有意思啊，玩机器过来田忌吧
[2026-02-22 03:08:01] 用户9921747043: ROG upup
[2026-02-22 03:08:01] KurisutinaCy: ROG upup
[2026-02-22 03:08:02] 洛鹤鹤OvO: ROG upup
[2026-02-22 03:08:03] 玩柜子丶Mortis: 中了键盘我不要能给载大哥发一个44分钟道歉视频吗？?ですわ
[2026-02-22 03:08:03] cornkiner: 中了键盘我不要能给载大哥发一个44分钟道歉视频吗？?
[2026-02-22 03:08:03] 神马米洛: 键盘我用了会刚不过背身吗？
[2026-02-22 03:08:03] 上楼梯要先抬右脚: 啥玩意
[2026-02-22 03:08:03] 游荡的小病毒zZ: ROG upup
[2026-02-22 03:08:03] 软糯小小祥: ROG upup
[2026-02-22 03:08:03] aililyeye: ROG upup
[2026-02-22 03:08:03] LXovo丶: ROG upup
[2026-02-22 03:08:03] 好哥们黑龙歼灭刀: @不喝酒亚威：你都挂苍蝇标了给你了呗
[2026-02-22 03:08:03] CNwindZz: ROG upup
[2026-02-22 03:08:04] Kroos-8: 玩大哥好好解说 6657up
[2026-02-22 03:08:04] 笑红诚: ROG upup
[2026-02-22 03:08:04] 血丶丶祭: ROG upup
[2026-02-22 03:08:04] 三点閖: ROG upup
[2026-02-22 03:08:04] 顺风AME逆风AMS: ROG upup
[2026-02-22 03:08:04] 黄太公丶:     中了键盘我不要能给载大哥发一个44分钟道歉视频吗？?
[2026-02-22 03:08:05] OECN2: ROG upup
[2026-02-22 03:08:05] 用户3607059295: 王者归来
[2026-02-22 03:08:05] 杰尼的小迷弟: ROG upup
[2026-02-22 03:08:05] 钦钦922: ROG upup
[2026-02-22 03:08:05] 不知名网友小王: ROG upup
[2026-02-22 03:08:05] 玩积杰丶Maqiang: ROG upup
[2026-02-22 03:08:06] 玩黑豹FURIA: 骂布出封了一小时，王者归来🤗🤗🤗
[2026-02-22 03:08:06] 奶味蓝121: ROG upup
[2026-02-22 03:08:06] MeYehovah: ROG upup
[2026-02-22 03:08:06] 不知悔ic: ROG upup
[2026-02-22 03:08:06] kirito丶knight: ROG upup
[2026-02-22 03:08:06] 夏空喵: ROG upup
[2026-02-22 03:08:06] 小蜜蜂载物本人: @布罗利：ROG upup
[2026-02-22 03:08:07] 幽谷响子: ROG upup
[2026-02-22 03:08:07] 273228762: ROG upup
[2026-02-22 03:08:09] 極乄InFi灬無: ROG upup
[2026-02-22 03:08:11] tssJane: ROG upup
[2026-02-22 03:08:11] 李小小与虾大大: 原来你会看弹幕啊😅
[2026-02-22 03:08:11] JillWalentine: ROG upup
[2026-02-22 03:08:11] 改名求奖命中: upup
[2026-02-22 03:08:11] Am0xicilliN: ROG upup
[2026-02-22 03:08:11] YSTZKK: ROG upup
[2026-02-22 03:08:11] AngryHostagez: ROG upup
[2026-02-22 03:08:11] 99组的爱城华恋本人: 中了键盘我不要能给载大哥发一个44分钟道歉视频吗？?
[2026-02-22 03:08:11] 樂deepdark: ROG upup
[2026-02-22 03:08:11] LayNeta: ROG upup
[2026-02-22 03:08:11] TangibleDreams: ROG upup
[2026-02-22 03:08:11] 是Faze的jks本人: ROG upup
[2026-02-22 03:08:11] 待到九色: ROG upup
[2026-02-22 03:08:11] 网瘾少年诺里斯: ROG upup
[2026-02-22 03:08:11] 本间芽衣子ya: ROG upup
[2026-02-22 03:08:11] 果奶智力研究员QAQ: ROG upup
[2026-02-22 03:08:11] 子夜丷花开: ROG upup
[2026-02-22 03:08:11] PUBG唯一真神GodZuo: 布罗利是谁？听说骂了就会封？我试试，布罗利大傻呗
[2026-02-22 03:08:11] 电棍宝宝海绵儿: ROG upup
[2026-02-22 03:08:11] 我很想你火星人: ROG upup
[2026-02-22 03:08:11] Sereinily: 骂布出封了一小时，王者归来🤗🤗🤗
[2026-02-22 03:08:11] 666hxyljp: ROG upup
[2026-02-22 03:08:11] 洛羟: ROG upup
[2026-02-22 03:08:11] -Squ1rrel-: ROG upup
[2026-02-22 03:08:11] 初尘、: ROG upup
[2026-02-22 03:08:12] 杜如松o: ROG upup
[2026-02-22 03:08:12] 高杆西裤: 骂布出封了一小时，王者归来🤗🤗🤗
[2026-02-22 03:08:12] 阿凯Anhedonia: ROG upup
[2026-02-22 03:08:12] 好哥们士兵76: @三国冰河时代：感觉这游戏不如赛马有意思啊，玩机器过来田忌吧
[2026-02-22 03:08:12] 绝不早到萝卜卜: ROG upup
[2026-02-22 03:08:12] bLuEsTAr31: ROG upup
[2026-02-22 03:08:12] 浮生一梦啦啦啦: ROG upup
[2026-02-22 03:08:12] 绝sky: ROG upup
[2026-02-22 03:08:13] 胖的飞起丫: 111111111
[2026-02-22 03:08:13] hgfvk: ROG upup
[2026-02-22 03:08:13] 我是石是石: 原来你会看弹幕啊😅
[2026-02-22 03:08:13] wyisking888: ROG upup
[2026-02-22 03:08:13] 热心网友小劉: ROG upup
[2026-02-22 03:08:14] df的护盾电池: ROG upup
[2026-02-22 03:08:14] 奶油咩猫: ROG upup
[2026-02-22 03:08:14] 我在英国的前妻: 大家别去完美搜不喝酒亚威啊，那个人不是布罗利
[2026-02-22 03:08:14] 愿你此生无悲喜: ROG upup
[2026-02-22 03:08:15] 殒诺-播: 黑幕
[2026-02-22 03:08:17] 不如原神: ROG upup
[2026-02-22 03:08:17] 从零开始的加拿大肄业: 来一炉啊？你二龙吗？
[2026-02-22 03:08:17] 铁臂维纳斯: ROG upup
[2026-02-22 03:08:17] 二刺螈战士: ROG upup
[2026-02-22 03:08:17] Mahuyu: 骂布出封了一小时，王者归来🤗🤗🤗
[2026-02-22 03:08:17] 74751的修理班阿渣: ROG upup
[2026-02-22 03:08:17] 阿呆呆的熊二: ROG upup
[2026-02-22 03:08:17] Crythic的羊宫妃那本人: 骂布出封了一小时，王者归来🤗🤗🤗
[2026-02-22 03:08:17] 朝青暮雪: ROG upup
[2026-02-22 03:08:17] Kuiini: ROG upup
[2026-02-22 03:08:17] 名字有傻子跟着念: ROG upup
[2026-02-22 03:08:18] 用户24084278: ROG upup
[2026-02-22 03:08:18] 巅峰社丶西门吹雪: 提前黑幕
[2026-02-22 03:08:18] sjtu的musketeers本人: 骂布出封了一小时，王者归来🤗🤗🤗
[2026-02-22 03:08:19] 玩machine丶机器: 又是他？
[2026-02-22 03:08:19] 汪酞: rog upup
[2026-02-22 03:08:19] 第一次给玩大哥大飞机: ROG upup
[2026-02-22 03:08:20] 肆无忌惮、: ROG upup
[2026-02-22 03:08:20] 姓黄小名肥仔: @布罗利：草！拿下！那些说我不敢封的人呢？
[2026-02-22 03:08:21] 网友小粥粥: ROG upup
[2026-02-22 03:08:21] 玩家军的猪头肉本人: 玩宝宝原来能看见弹幕呀😊BV1oPehzSEfn
[2026-02-22 03:08:21] HooLyDA: ROG upup
[2026-02-22 03:08:22] 强尼银手VVV: 来一炉啊？你二龙吗？
[2026-02-22 03:08:22] 迪奥雷: 结巴
[2026-02-22 03:08:23] 爱道冠: 黑幕
[2026-02-22 03:08:24] LvvsiN: 弹幕也就网上说说，现实里谁不觉得樱姐是好女孩（删括号领一条远坂凛同款鸟笼）
[2026-02-22 03:08:24] 姓黄小名肥仔: @布罗利：草！拿下！那些说我不敢封的人呢？
[2026-02-22 03:08:25] 玩斯特姬姬: 听背叛
[2026-02-22 03:08:25] 再见宋哈娜: 用背脊唱情歌
[2026-02-22 03:08:25] xiaoshuazi: 爆
[2026-02-22 03:08:25] 胡椒胡椒胡椒胡椒胡椒: 不喜欢
[2026-02-22 03:08:25] Paraviva: 恨巴TV
[2026-02-22 03:08:26] 木空空空空空: 黑幕
[2026-02-22 03:08:26] 玩猴爪丶MonkeyPaw: 又是他
[2026-02-22 03:08:26] Laplace拉普拉斯: 黑幕
[2026-02-22 03:08:27] 月光下魔術師30281: 结巴
[2026-02-22 03:08:27] 凳纸0: 黑幕
[2026-02-22 03:08:27] 锤子带明星: 陈奕迅粉丝原话：周结巴
[2026-02-22 03:08:27] circle太子要楽奈: 黑幕
[2026-02-22 03:08:27] wuyanblabla: 黑幕
[2026-02-22 03:08:27] 鱼韵的山口一郎本人: 黑幕
[2026-02-22 03:08:27] 羽川翼的恋爱物语: 又是他
[2026-02-22 03:08:27] 粮食和蔬菜ll: 黑幕
[2026-02-22 03:08:27] 好姐妹小草莓: 这个直播间太黑暗了，为了保房管1分钟cd都用上了
[2026-02-22 03:08:27] 那就点: 周结巴
[2026-02-22 03:08:28] 黑白玄鸟: 黑幕
[2026-02-22 03:08:28] IEM合肥: 黑幕
[2026-02-22 03:08:28] 加仓红宝石刺刀dewasu: 又是他
[2026-02-22 03:08:28] papacarrot: @从零开始的加拿大肄业：来一炉啊？你二龙吗？
[2026-02-22 03:08:28] 时雨晴生: 又是他
[2026-02-22 03:08:28] 你看我在哪: 天真的橡皮
[2026-02-22 03:08:28] ROBIRY: 又是他
[2026-02-22 03:08:28] 林凉666: 黑幕
[2026-02-22 03:08:28] 韩华的Zeus本人: 结巴
[2026-02-22 03:08:29] 苏2333333: 又是他？
[2026-02-22 03:08:29] Zxj1ing: 又是他
[2026-02-22 03:08:29] K1S4Ra: 又是这个b
[2026-02-22 03:08:29] Ecifircas: 黑幕
[2026-02-22 03:08:29] 玩积吧: 又是他
[2026-02-22 03:08:29] Ayoung丶: 苞米爬
[2026-02-22 03:08:29] 但我内心冷如冰雪: 又是他？
[2026-02-22 03:08:29] 玩大哥我双倍呢: 黑幕
[2026-02-22 03:08:30] 夜深了丶快睡吧: 结巴
[2026-02-22 03:08:30] 小邱不是小Q: 黑幕
[2026-02-22 03:08:30] 他们都叫我用脚: 周结巴
[2026-02-22 03:08:30] dev1ce全球粉丝后援会: 怎么又是这个人
[2026-02-22 03:08:30] 妖怪之山的菅牧典本人: 黑幕
[2026-02-22 03:08:30] Kurisu048596: 黑幕
[2026-02-22 03:08:30] 哈密瓜HaMiGua: 黑幕
[2026-02-22 03:08:30] 精神病狼: 又是他
[2026-02-22 03:08:30] 比伯Bieber丶: 黑幕
[2026-02-22 03:08:30] 喜欢吃生菜: @布罗利：草！拿下！那些说我不敢封的人呢？
[2026-02-22 03:08:30] 柚子厨0721: 又是他？
[2026-02-22 03:08:31] 忽孝山庄: 又是他
[2026-02-22 03:08:31] 一梦房梁: 黑幕
[2026-02-22 03:08:31] 奶油亦博啵啵: 又是他
[2026-02-22 03:08:31] 那就点: 陈奕迅粉丝原话：周结巴
[2026-02-22 03:08:31] 丸山彩Machine: 黑幕
[2026-02-22 03:08:31] 冬原春希: 黑幕
[2026-02-22 03:08:31] 米其林艺术家:  @永爱我尼：雷蛇 upup黑幕
[2026-02-22 03:08:32] 吃千层的加菲猫: 黑幕
[2026-02-22 03:08:32] 夜染: 黑幕
[2026-02-22 03:08:32] kHRYSTAL77: 陈奕迅粉丝原话：周结巴
[2026-02-22 03:08:32] 阿格老豆: 黑幕
[2026-02-22 03:08:32] 杏仁小面包: 又是他
[2026-02-22 03:08:32] 载大哥的U盘供应商: 黑幕
[2026-02-22 03:08:32] 愿良辰美景: 黑幕
[2026-02-22 03:08:32] pirpr: fk jaychou
[2026-02-22 03:08:32] 嗣魑魅魍魉嗣: 又是他
[2026-02-22 03:08:32] Shahriar丶Shinva: 黑幕
[2026-02-22 03:08:33] 夏映kae: 又是他
[2026-02-22 03:08:33] 西葉西西: 又是他
[2026-02-22 03:08:33] Yorushika的Ast本人: 用背脊唱情歌
[2026-02-22 03:08:33] 初号姬尼禄: 又是他？
[2026-02-22 03:08:34] HaibaraAi1109: 又是他？
[2026-02-22 03:08:34] 鹿公爷: 又是他
[2026-02-22 03:08:34] 石家庄的宠物男孩: 黑幕
[2026-02-22 03:08:34] 精神康福疗养院1号床: 又是他
[2026-02-22 03:08:34] 哈密瓜HaMiGua: 又是他
[2026-02-22 03:08:34] 玩机器的乃个会刘能: 黑幕
[2026-02-22 03:08:34] 叛逆的源源李: @布罗利：草！拿下！那些说我不敢封的人呢？
[2026-02-22 03:08:34] 海绵宝宝打野儿: @布罗利：ROG upup
[2026-02-22 03:08:34] 超级爱大户爱: 黑幕
[2026-02-22 03:08:34] 小救星小杜DuD: 又是他？
[2026-02-22 03:08:35] WWADASDAA: 黑幕
[2026-02-22 03:08:35] 怒之拳: 又是他
[2026-02-22 03:08:35] Wangzap: 又是他
[2026-02-22 03:08:35] 超高校级的Game玩家: 黑幕
[2026-02-22 03:08:35] 腋毛老狗子: 又是他？
[2026-02-22 03:08:35] 上楼梯要先抬右脚: 黑幕
[2026-02-22 03:08:35] 用户24084278: 他不要了
[2026-02-22 03:08:36] 落花丶忧伤丶: 又是他？不炼金吗？
[2026-02-22 03:08:36] 海绵宝宝永琳儿: 周结巴🤮🤮🤮🤮🤮🤮🤮🤮🤮🤮🤮🤮
[2026-02-22 03:08:36] 巅峰社丶西门吹雪: 又是他
[2026-02-22 03:08:36] 空有无垠: 又是他
[2026-02-22 03:08:36] 羽井恭一: 又是他？
[2026-02-22 03:08:36] 北橘亦暖i: 黑幕
[2026-02-22 03:08:36] 冥冥6657: 又是他
[2026-02-22 03:08:37] 用蜡烛蹭玩机器的魔丸: 又是他
[2026-02-22 03:08:37] Q1ed7f9c85b3bc7571: 又是他
[2026-02-22 03:08:37] shinobu忍忍忍: 又是他
[2026-02-22 03:08:37] 阿西诺是也: 又是他？
[2026-02-22 03:08:38] zcyhymine: 又是他
[2026-02-22 03:08:38] 玩猴爪丶MonkeyPaw: 陈奕迅粉丝原话：周结巴
[2026-02-22 03:08:38] s1hang: 黑幕
[2026-02-22 03:08:38] 可达鸭不会游泳: 又是他？
[2026-02-22 03:08:38] Shintaro: 黑幕
[2026-02-22 03:08:38] 看死Herbaut就杀了你: 又是他
[2026-02-22 03:08:39] e830293444: 黑幕
[2026-02-22 03:08:41] 秋茶小雪: 周杰伦好评
[2026-02-22 03:08:41] 魔男的夜宴: 全网最尊重杰伦的直播间
[2026-02-22 03:08:41] 哈哈哈哈哈哈停不下来: 恨巴TV
[2026-02-22 03:08:41] endedworld: ？
[2026-02-22 03:08:41] 丰川祥子本人: 黑幕
[2026-02-22 03:08:41] cheenlinn: 黑幕
[2026-02-22 03:08:41] yslOvO: 陈奕迅粉丝原话：周结巴
[2026-02-22 03:08:41] 玩玩今天吃什么: 又是他
[2026-02-22 03:08:41] 推斯特zz: @布罗利：草！拿下！那些说我不敢封的人呢？
[2026-02-22 03:08:41] 玩机器玩我的机机: 又是他
[2026-02-22 03:08:41] bzhanshenshi: 又是他？
[2026-02-22 03:08:41] 荒芜之气: 又是他
[2026-02-22 03:08:41] 玩学生丶BlueArchive: 一分钟只能发一条弹幕？😅一分钟只能发一条弹幕？😅一分钟只能发一条弹幕？😅一分钟只能发一条弹幕？
[2026-02-22 03:08:41] IEM合肥: 又是他
[2026-02-22 03:08:41] 久慈川、理世: 怎么又是她？
[2026-02-22 03:08:41] 桃乃木香奈本人: 又是他
[2026-02-22 03:08:41] 用户4743944990: 怎么又是这个人
[2026-02-22 03:08:41] xOcOg: 陈奕迅粉丝原话：陶比特，周结巴
[2026-02-22 03:08:41] 雨中的桐树: 又是他
[2026-02-22 03:08:42] 宫监手放监: ROG真是圣人，在这个节骨眼赞助玩÷让他登不了山还得嗯吹他最恨的载物👍
[2026-02-22 03:08:42] 好名字为了让人记住: 又是他
[2026-02-22 03:08:42] shuaizino1: 又是他？
[2026-02-22 03:08:42] 迪亚波罗d: 又是他
[2026-02-22 03:08:42] 无消息AT: 周结巴
[2026-02-22 03:08:43] 好哥们宇智波鼬: 划刀育苗我都会，划刀育苗，小镇转点，大厦跳楼，锤裂桌子，呃背身爆头我不会，然后同意
[2026-02-22 03:08:43] 萌萌80673: 抓娃娃
[2026-02-22 03:08:43] 哈基米哦南北路多: 又是他？
[2026-02-22 03:08:43] ymyyo: 我到底要攒多少次人品😭🤧我到底离欧皇还差几个身位😭🤧我到底要换几只手😭
[2026-02-22 03:08:43] 用户0553661491: 黑幕
[2026-02-22 03:08:44] F0restwOw-: 黑幕
[2026-02-22 03:08:44] 硫磺祥: 你是陈奕迅粉丝吗就周杰伦？
[2026-02-22 03:08:44] Aleksumimi: 又是他，怎么收货地址是石家庄？
[2026-02-22 03:08:44] Fox丶L: 又黑幕了，又是他
[2026-02-22 03:08:44] 糖嗜综合征: 又是他？
[2026-02-22 03:08:48] 海绵宝宝农批儿: 又是他？
[2026-02-22 03:08:48] 玩大虾丶NiKo: 又是他
[2026-02-22 03:08:48] 法式卡神: 又是他
[2026-02-22 03:08:48] 拂柳待君归丶: 你离欧皇只差1个身位...
[2026-02-22 03:08:48] 擅长登山的亦博同学: 土哥们
[2026-02-22 03:08:48] 空中小楼、: 不算
[2026-02-22 03:08:48] wyisking888: 黑幕
[2026-02-22 03:08:48] SherryAiovo: 黑幕
[2026-02-22 03:08:48] SchUmiFan4eVeR: 内定的
[2026-02-22 03:08:48] gjcdh: 黑幕
[2026-02-22 03:08:49] 牛易勃的父亲牛浓: 又是他
[2026-02-22 03:08:49] 王梓琦的Ozzz丶: 黑幕
[2026-02-22 03:08:49] 凮匿: 黑幕 又是他？
[2026-02-22 03:08:49] himluo: 又是他
[2026-02-22 03:08:49] 永雏榙菲: 又是他？
[2026-02-22 03:08:49] xieri: 黑幕
[2026-02-22 03:08:49] Yuuuzaki: 又是他
[2026-02-22 03:08:49] 二阶堂shiro: 又是他
[2026-02-22 03:08:49] Mahuyu: 黑幕
[2026-02-22 03:08:49] jamesfaith23: 黑幕
[2026-02-22 03:08:49] 那可去你妈的吧: 送？
[2026-02-22 03:08:49] MJ猪猪呀: 又黑幕了，又是他
[2026-02-22 03:08:49] 成成成ii: ROG upup
[2026-02-22 03:08:49] xixiprime: 怎么又是她？
[2026-02-22 03:08:49] 椎名真昼丶丶: 怎么又是她？
[2026-02-22 03:08:49] 小缘的防弹衣: 你是不是收他钱了，天天放他歌
[2026-02-22 03:08:49] 菅原小吉: 初 生 summer
[2026-02-22 03:08:49] 三千世界鸦杀尽彡: 黑幕
[2026-02-22 03:08:49] 本间芽衣子ya: 又是他
[2026-02-22 03:08:49] 蛋蛋可以进去吗: 感谢厂商，不然玩 出今晚包登山去了
[2026-02-22 03:08:50] 蒜香001: 黑幕
[2026-02-22 03:08:50] 玩猴爪丶MonkeyPaw: 划刀育苗我都会，划刀育苗，小镇转点，大厦跳楼，锤裂桌子，呃背身爆头我不会，然后同意
[2026-02-22 03:08:50] 猛吸千早爱音汁儿: 我到底要攒多少次人品😭🤧我到底离欧皇还差几个身位😭🤧我到底要换几只手😭
[2026-02-22 03:08:50] 祝直播间观众工作顺利: 黑幕
[2026-02-22 03:08:50] 玩机器的乃个会刘能: 黑幕
[2026-02-22 03:08:50] Reimu_Feng: 又是他
[2026-02-22 03:08:51] 玩宝宝注意身体: 又是他
[2026-02-22 03:08:51] 77一定会是我的: 不是布罗利？
[2026-02-22 03:08:51] 余生从此寄沧海: 黑幕
[2026-02-22 03:08:51] 锤子带明星: 又是他，怎么收货地址是石家庄？
[2026-02-22 03:08:51] 血泉: 送什么？
[2026-02-22 03:08:51] 他们都叫我用脚: 退弹幕 又是他
[2026-02-22 03:08:52] mpdel: 黑幕 又是他？
[2026-02-22 03:08:52] HooLyDA: 又是他？
[2026-02-22 03:08:53] AdonisR: 黑幕
[2026-02-22 03:08:53] 大稽基: 周结巴
[2026-02-22 03:08:53] 三号丶查理没有lucy: 滚
[2026-02-22 03:08:53] 蒜香001: 黑幕
[2026-02-22 03:08:53] 未能遇见的未来: 黑幕
[2026-02-22 03:08:53] 南燕swallow: 又是他，怎么收货地址是石家庄？
[2026-02-22 03:08:54] 夕ro: 又是他？
[2026-02-22 03:08:54] 假盆栽: 又是他
[2026-02-22 03:08:54] 洽洽洽洽瓜子: ROG upup 黑幕
[2026-02-22 03:08:54] 你是来拉s的吗: 黑幕
[2026-02-22 03:08:55] LvvsiN: 为什么房管封的不能给鱼丸……还以为今天晚上得吃了……
[2026-02-22 03:08:55] Hitagi蟹蟹: @布罗利：草！拿下！那些说我不敢封的人呢？
[2026-02-22 03:08:55] 我也是加把劲骑士: 黑幕
[2026-02-22 03:08:55] 想对你说一声晚安: 又是他
[2026-02-22 03:08:56] Drunk2dr1ve: 又是他
[2026-02-22 03:08:56] 玩女人丶z4kr: 我不要了
[2026-02-22 03:08:56] MasterChiefOvO: 又是这个人
[2026-02-22 03:08:56] 软柿子好急好好笑: 又是他，怎么收货地址是石家庄？
[2026-02-22 03:08:56] 当年的天灾小兵642: 黑幕
[2026-02-22 03:08:57] LvvsiN: 其实碗橱就是猪灵，你不拿黄金丢他他就不跟你说话
[2026-02-22 03:08:57] 本间芽衣子ya: 黑幕
[2026-02-22 03:08:57] 遠坂Sakura: 又是他？
[2026-02-22 03:08:57] 一套二一套二: 又是他？
[2026-02-22 03:08:57] 这牙缝可以: 盒
[2026-02-22 03:08:57] Abc丶Ss: 又是他，怎么收货地址是石家庄？
[2026-02-22 03:08:57] 洛陽城里看落陽: 又是他？
[2026-02-22 03:08:57] 傻孩子我是你蛇叔: 黑幕
[2026-02-22 03:08:57] 夏恋: 收货地址怎么又是石家庄？
[2026-02-22 03:08:58] ZHR留学失败: 又是他
[2026-02-22 03:08:58] ymyyo: 我到底要攒多少次人品😭🤧我到底离欧皇还差几个身位😭🤧我到底要换几只手😭
[2026-02-22 03:08:58] 任一蛋的乏味生活: 黑幕
[2026-02-22 03:08:58] 宫监手放监: 又是他，怎么收货地址是石家庄？
[2026-02-22 03:08:58] 载物的艾7: 又是他，怎么收货地址是石家庄？
[2026-02-22 03:08:58] trajiro: 又是他，怎么收货地址是石家庄？
[2026-02-22 03:08:59] LvvsiN: 你屏蔽词都快赶上新华词典了为什么不干脆开一百级发言？
[2026-02-22 03:08:59] 夕ro: 黑幕
[2026-02-22 03:08:59] 烟鬼安德鲁: 我到底要攒多少次人品😭🤧我到底离欧皇还差几个身位😭🤧我到底要换几只手😭
[2026-02-22 03:08:59] 玩马修丶Zywoo: 又是他，怎么收货地址是石家庄？
[2026-02-22 03:08:59] 他们都叫我用脚: 又是他，怎么收货地址是石家庄？
[2026-02-22 03:09:00] 热心好邻居: 又是这个人
[2026-02-22 03:09:00] Adm丶ash: 又是他？
[2026-02-22 03:09:01] 森林与雁: 为什么房管封的不能给鱼丸……还以为今天晚上得吃了……
[2026-02-22 03:09:01] LvvsiN: 为什么房管封的不能给鱼丸……还以为今天晚上得吃了……
[2026-02-22 03:09:01] 短桥窄马: 又是他
[2026-02-22 03:09:01] 古堡12枪战神: @布罗利：草！拿下！那些说我不敢封的人呢？
[2026-02-22 03:09:01] 訤溓: 黑木
[2026-02-22 03:09:02] 绝食十年攒爱top3飞机: 又是他，怎么收货地址是石家庄？
[2026-02-22 03:09:02] astralis的jabbi本人: @布罗利：草！拿下！那些说我不敢封的人呢？
[2026-02-22 03:09:02] 大大粽将军: 怎么我没中 超级无敌生气暴怒
[2026-02-22 03:09:02] 跳跃的司令官: 布**Broli
[2026-02-22 03:09:02] 我是个逗比青年ac: 一分钟内两张截图，游戏至少五级
[2026-02-22 03:09:02] 馬队长: 黑幕 铁黑幕
[2026-02-22 03:09:02] 麦辣翅尖儿: 黑幕
[2026-02-22 03:09:03] LvvsiN: 我提一嘴这剧情越来越像上海major了
[2026-02-22 03:09:03] 无敌小肉肉丶: 又是他，怎么收货地址是石家庄？
[2026-02-22 03:09:03] Kroos-8: 又是他？
[2026-02-22 03:09:03] yuuuuua7: 黑幕
[2026-02-22 03:09:03] 需要一杯卡布奇诺的7K: 黑幕
[2026-02-22 03:09:03] 玩学生丶BlueArchive: 又是他，怎么收货地址是石家庄？
[2026-02-22 03:09:04] 可达鸭不会游泳: 又是他 IP，石家庄
[2026-02-22 03:09:04] Crychiccc的若叶睦本人: 贱薯
[2026-02-22 03:09:04] 玩柜子丶Mortis: 又是他，怎么收货地址是石家庄？ですわ
[2026-02-22 03:09:05] 多谢载大哥的荧光棒: 不用发送5级截图吗？
[2026-02-22 03:09:05] 马修赫伯特本人: @布罗利：草！拿下！那些说我不敢封的人呢？
[2026-02-22 03:09:05] LvvsiN: @阿汤日记：一个人，5发子弹，保住格陵兰岛。我不会叫它不可能完成的任务，我现在只想先回家看亦博
[2026-02-22 03:09:05] 凌云至上者: 又是他
[2026-02-22 03:09:05] Mapl3: 我到底要攒多少次人品😭🤧我到底离欧皇还差几个身位😭🤧我到底要换几只手😭
[2026-02-22 03:09:05] 匕匕叭叭: 我到底要攒多少次人品😭🤧我到底离欧皇还差几个身位😭🤧我到底要换几只手😭
[2026-02-22 03:09:05] 大肉鲁: 这个布罗利又在搞鬼吗
[2026-02-22 03:09:05] 关我汤姆什么事: 收货地址怎么又是石家庄？
[2026-02-22 03:09:05] 什么名字都被用了诶: 布罗利我命令你立刻封禁中奖的冰粉
[2026-02-22 03:09:05] 敲凶的: 又是他？
[2026-02-22 03:09:05] 七个柚子酱丶: 又是他
[2026-02-22 03:09:05] 超神小菜鸟: 100出截图
[2026-02-22 03:09:06] 用户3607059295: 又是他
[2026-02-22 03:09:06] 宫监手放监: ROG真是圣人，在这个节骨眼赞助玩÷让他登不了山还得嗯吹他最恨的载物👍
[2026-02-22 03:09:06] 温妻: 收货地址怎么又是石家庄？
[2026-02-22 03:09:07] Star薛晨: @萌萌80673 ： 抓娃娃查看活动〉
[2026-02-22 03:09:07] 清风抚琴359: 　　　 又是他，怎么收货地址是石家庄？
[2026-02-22 03:09:07] LvvsiN: 我让你开双倍你二龙吗？老子荧光棒要过期了
[2026-02-22 03:09:07] Kris0Ma: 抓娃娃
[2026-02-22 03:09:10] 霸气三哥3928347: 又是他
[2026-02-22 03:09:10] Beyonazz: 你屏蔽词都快赶上新华词典了为什么不干脆开一百级发言？
[2026-02-22 03:09:10] 专看玩机器的号: 他不要了
[2026-02-22 03:09:10] 用户9921747043: @布罗利：草！拿下！那些说我不敢封的人呢？
[2026-02-22 03:09:10] 海绵宝宝永琳儿: @布罗利：草！拿下！那些说我不敢封的人呢？
[2026-02-22 03:09:10] 名为射的男人: 又是他？
[2026-02-22 03:09:10] 企鹅物流安全屋: 世一米是世界第一可爱睦子米
[2026-02-22 03:09:10] Jess2: @布罗利：草！拿下！那些说我不敢封的人呢？
[2026-02-22 03:09:10] BananaIlya: 我到底要攒多少次人品😭🤧我到底离欧皇还差几个身位😭🤧我到底要换几只手😭
[2026-02-22 03:09:10] 木空空空空空: 原来....你也是门槛。。。猪。。。。。
[2026-02-22 03:09:10] 玩学生丶BlueArchive: 我到底要攒多少次人品😭🤧我到底离欧皇还差几个身位😭🤧我到底要换几只手😭
[2026-02-22 03:09:10] samuraionnna: 　　　 @布罗利：草！拿下！那些说我不敢封的人呢？
[2026-02-22 03:09:10] LvvsiN: 孩子们快跑，马修赫伯特来了😨卧槽你的怎么是马枪和BOT
[2026-02-22 03:09:10] 琼咣啖: 布罗利跪下
[2026-02-22 03:09:10] 网友盆栽: 又是他，怎么收货地址是石家庄？ですわ
[2026-02-22 03:09:10] 冬原春希: @唯爱我尼：支持雷蛇！
[2026-02-22 03:09:10] 訤溓: 黑幕。真TM的有黑幕了，不收黄金的号全都是猪灵，你跟他们说话没用的，只有等黄金来了才能和他们互动，我
[2026-02-22 03:09:10] 玩弓箭、Arrow: @布罗利：草！拿下！那些说我不敢封的人呢？
[2026-02-22 03:09:11] 胡雨童别奶了: 收货地址怎么又是石家庄？
[2026-02-22 03:09:12] 高松灯扣死千早爱音: 这个布罗利又在搞鬼吗
[2026-02-22 03:09:12] LvvsiN: 你为什么要把mαjor禁了，我收藏的一半弹幕全毁了
[2026-02-22 03:09:12] Halohh1y: 古风
[2026-02-22 03:09:12] 74751的修理班阿渣: 收货地：石家庄
[2026-02-22 03:09:12] 殇10876: 黑幕
[2026-02-22 03:09:12] azo808: 又是他？
[2026-02-22 03:09:12] 还是做不到吗ono: 黑幕
[2026-02-22 03:09:13] 黄左张顺飞: 他不要了
[2026-02-22 03:09:13] 耿耿耿鬼rua: 又是他，怎么收货地址是石家庄？
[2026-02-22 03:09:13] Zxj1ing: 又是他，怎么收货地址是石家庄？ですわ
[2026-02-22 03:09:14] LvvsiN: 额，拿亚军我都会，拿亚军，拿季军，拿四强，拿八强，拿十六强，呃拿冠军我不会，然后小组赛淘汰
[2026-02-22 03:09:14] PUBG唯一真神GodZuo: 布罗利是谁？听说骂了就会封？我试试，布罗利大傻呗
[2026-02-22 03:09:14] 巅峰社丶西门吹雪: 鲍！
[2026-02-22 03:09:14] 孩孩京京major冠军: 　　　 @布罗利：草！拿下！那些说我不敢封的人呢？
[2026-02-22 03:09:14] 康托尔74920: 又是他？
[2026-02-22 03:09:14] 玩台钳丶阿尔托莉雅: @布罗利：草！拿下！那些说我不敢封的人呢？
[2026-02-22 03:09:14] 铜锣湾扛把子L: 退弹幕
[2026-02-22 03:09:14] Xlin09: 　　　 我到底要攒多少次人品😭🤧我到底离欧皇还差几个身位😭🤧我到底要换几只手😭
[2026-02-22 03:09:15] 四四四四天: 我到底要攒多少次人品😭🤧我到底离欧皇还差几个身位😭🤧我到底要换几只手😭
[2026-02-22 03:09:15] Crych1c的若叶睦本人: 我到底要攒多少次人品😭🤧我到底离欧皇还差几个身位😭🤧我到底要换几只手😭
[2026-02-22 03:09:15] 丶江楼月QAQ: 收货地址怎么又是石家庄？
[2026-02-22 03:09:15] 七色的人偶使者: 布罗利我命令你立刻封禁中奖的冰粉
[2026-02-22 03:09:15] 下北沢涼桑: 黑幕
[2026-02-22 03:09:15] LvvsiN: 玩 出，我双倍呢？😡😡玩 出，我双倍呢？😡😡玩 出，我双倍呢？😡😡玩 出，我双倍呢？😡
[2026-02-22 03:09:15] 用户5608006019: 又是他，怎么收货地址是石家庄？
[2026-02-22 03:09:15] 替换狗蛇的Magisk本人: 又是他，怎么收货地址是石家庄？
[2026-02-22 03:09:15] 虹豆砸: 布罗利我命令你立刻封禁中奖的冰粉
[2026-02-22 03:09:15] 玩猴爪丶MonkeyPaw: @玩机器：草！拿下！那些说我不敢说的人呢？
[2026-02-22 03:09:15] VALORANT钢枪指挥cadiaN: 又是他，怎么收货地址是石家庄？ですわ
[2026-02-22 03:09:16] Fantasy78: @布罗利：草！拿下！那些说我不敢封的人呢？
[2026-02-22 03:09:16] 訤溓: @布罗利：草！拿下！那些说我不敢封的人呢？
[2026-02-22 03:09:16] HisuiHearts: 我到底要攒多少次人品😭🤧我到底离欧皇还差几个身位😭🤧我到底要换几只手😭
[2026-02-22 03:09:16] 大大粽将军: [鼓掌]
[2026-02-22 03:09:16] 小蜜蜂的ropz: 我不要了
[2026-02-22 03:09:16] 挺随便的名字: 又是他，怎么收货地址是石家庄？ですわ
[2026-02-22 03:09:16] 用户3489665055: 　　　 @布罗利：草！拿下！那些说我不敢封的人呢？
[2026-02-22 03:09:17] 杰斌候入长峪城: 玩机器永远不会看弹幕了，都怪你们😭
[2026-02-22 03:09:17] LvvsiN: 为什么房管封的不能给鱼丸……还以为今天晚上得吃了……
[2026-02-22 03:09:17] EliGUI: 我到底要攒多少次人品😭🤧我到底离欧皇还差几个身位😭🤧我到底要换几只手😭
[2026-02-22 03:09:17] 玩学生丶BlueArchive: @布罗利：草！拿下！那些说我不敢封的人呢？
[2026-02-22 03:09:17] 新津粥劫伦: 退弹幕！还我60秒
[2026-02-22 03:09:18] 加仓红宝石刺刀dewasu: 鲍！鲍！鲍！鲍！鲍！鲍！鲍！鲍！鲍！鲍！鲍！鲍！鲍！
[2026-02-22 03:09:18] 13的恋人: @布罗利：草！拿下！那些说我不敢封的人呢？
[2026-02-22 03:09:19] 木空空空空空: 收货地址怎么又是石家庄？
[2026-02-22 03:09:19] 我傻了都466: @布罗利：草！拿下！那些说我不敢封的人呢？
[2026-02-22 03:09:19] LvvsiN: 你屏蔽词都快赶上新华词典了为什么不干脆开一百级发言？
[2026-02-22 03:09:19] 海绵宝宝打野儿: 载物不会又拿个TOP1吧？
[2026-02-22 03:09:20] 大萝卜吃兔子啊: 抓娃娃
[2026-02-22 03:09:20] 北宇治拳王久石奏: 又不是我，对这个主播的恨意又多了几分...
[2026-02-22 03:09:20] 穷哥们一起杀刀蛆: 布罗利:补偿金到了
[2026-02-22 03:09:21] LvvsiN: 我让你开双倍你二龙吗？老子荧光棒要过期了
[2026-02-22 03:09:21] im黎里: @布罗利：草！拿下！那些说我不敢封的人呢？
[2026-02-22 03:09:21] rem3dy: 话说回来，这钥匙商也是鹰京，兄弟们快冲
[2026-02-22 03:09:21] chere幻灭: 　　　 @布罗利：草！拿下！那些说我不敢封的人呢？
[2026-02-22 03:09:22] 玩machine丶机器: 他是niko粉丝，不要rog
[2026-02-22 03:09:22] 玩大哥你的蚯蚓好小: 布罗利我命令你立刻封禁中奖的冰粉
[2026-02-22 03:09:22] 不看似猎鹰就杀了你: 又是他，怎么收货地址是石家庄？
[2026-02-22 03:09:22] samuraionnna: 布罗利是谁？听说骂了就会封？我试试，布罗利大傻呗
[2026-02-22 03:09:22] 2steppppppp: 我到底要攒多少次人品😭🤧我到底离欧皇还差几个身位😭🤧我到底要换几只手😭
[2026-02-22 03:09:22] Gr1se0: 鲍！鲍！鲍！鲍！鲍！鲍！鲍！鲍！鲍！鲍！鲍！鲍！鲍！
[2026-02-22 03:09:22] 黄太公丶: 又是他，怎么收货地址是石家庄？ですわ
[2026-02-22 03:09:23] richardlee97: @布罗利：草！拿下！那些说我不敢封的人呢？
[2026-02-22 03:09:23] 渡亡神雅睿欧斯: 鲍！运！大！九！裹！暗！鲍！运！大！九！裹！暗！鲍！运！大！九！裹！暗！鲍！运！大！九！裹！暗！
[2026-02-22 03:09:23] 姓黄小名肥仔: 匕！编！匕！编！匕！编！匕！编！匕！编！匕！编！匕！编！
[2026-02-22 03:09:23] LvvsiN: 你屏蔽词都快赶上新华词典了为什么不干脆开一百级发言？
[2026-02-22 03:09:23] 锤子带明星: 鲍！鲍！鲍！鲍！鲍！鲍！鲍！鲍！鲍！鲍！鲍！鲍！鲍！
[2026-02-22 03:09:23] 黄色偶像大师: @布罗利：草！拿下！那些说我不敢封的人呢？
[2026-02-22 03:09:24] 说得道理: 鲍！鲍！鲍！鲍！鲍！鲍！鲍！鲍！鲍！鲍！鲍！鲍！鲍！
[2026-02-22 03:09:24] 强尼银手VVV: 鲍！鲍！鲍！鲍！鲍！鲍！鲍！鲍！鲍！鲍！鲍！鲍！鲍！
[2026-02-22 03:09:25] LvvsiN: 你屏蔽词都快赶上新华词典了为什么不干脆开一百级发言？
[2026-02-22 03:09:25] ErJoEuRo: 收货地址怎么又是石家庄？
[2026-02-22 03:09:25] ymyyo: 我到底要攒多少次人品😭🤧我到底离欧皇还差几个身位😭🤧我到底要换几只手😭
[2026-02-22 03:09:25] 茅野紗枝: 又是他，怎么收货地址是石家庄？
[2026-02-22 03:09:26] SuperP681: 布罗利我命令你立刻封禁中奖的冰粉
[2026-02-22 03:09:26] 企鹅物流安全屋: 鲍！
[2026-02-22 03:09:26] 追凤先生缝老八: 鲍！鲍！鲍！鲍！鲍！鲍！鲍！鲍！鲍！鲍！鲍！鲍！鲍！
[2026-02-22 03:09:26] 澡后吃毛怪: 我能说话了？
[2026-02-22 03:09:26] 好哥们音箱蟀: @布罗利：草！拿下！那些说我不敢封的人呢？
[2026-02-22 03:09:26] 爱斯忑音音: 蛇士
[2026-02-22 03:09:27] 姓黄小名肥仔: 匕！编！匕！编！匕！编！匕！编！匕！编！匕！编！匕！编！
[2026-02-22 03:09:27] LvvsiN: 你屏蔽词都快赶上新华词典了为什么不干脆开一百级发言？
[2026-02-22 03:09:28] vgcyt: @布罗利：草！拿下！那些说我不敢封的人呢？
[2026-02-22 03:09:28] 纨绔浪荡: @布罗利：草！拿下！那些说我不敢封的人呢？
[2026-02-22 03:09:28] coldsura: 我到底要攒多少次人品😭🤧我到底离欧皇还差几个身位😭🤧我到底要换几只手😭
[2026-02-22 03:09:28] 空空的冬天: 他是niko粉丝，不要rog
[2026-02-22 03:09:28] 可怜的怕怕: 鲍
[2026-02-22 03:09:28] 身旁冷清拥挤丶: 鲍！运！大！九！裹！暗！鲍！运！大！九！裹！暗！鲍！运！大！九！裹！暗！鲍！运！大！九！裹！暗！
[2026-02-22 03:09:29] arcticdawn: 鲍！鲍！鲍！鲍！鲍！鲍！鲍！鲍！鲍！鲍！鲍！鲍！鲍！
[2026-02-22 03:09:29] 蓝鲸少年与小巷: @布罗利：草！拿下！那些说我不敢封的人呢？
[2026-02-22 03:09:29] Zxj1ing: 又不是我，对这个主播的恨意又多了几分...
[2026-02-22 03:09:29] 得于失625: @布罗利：草！拿下！那些说我不敢封的人呢？
[2026-02-22 03:09:29] LvvsiN: 为什么房管封的不能给鱼丸……还以为今天晚上得吃了……
[2026-02-22 03:09:29] -小佐内由纪-: 他是niko粉丝，不要rog
[2026-02-22 03:09:29] 屌閪鳩撚柒: 又是他
[2026-02-22 03:09:29] 从零开始的加拿大肄业: 鲍！鲍！鲍！鲍！鲍！鲍！鲍！鲍！鲍！鲍！鲍！鲍！鲍！
[2026-02-22 03:09:30] 卖二货的小蘑菇: 又是他，怎么收货地址是石家庄？
[2026-02-22 03:09:30] 森林与雁: 哦对了
[2026-02-22 03:09:30] 琼咣啖: @布罗利：草！拿下！那些说我不敢封的人呢？
[2026-02-22 03:09:30] 本间芽衣子ya: 收货地址怎么又是石家庄
[2026-02-22 03:09:30] 嘿yuMe: 鲍！
[2026-02-22 03:09:30] 杺毓: 布罗利我命令你立刻封禁中奖的冰粉
[2026-02-22 03:09:30] 四四四四天: @布罗利：草！拿下！那些说我不敢封的人呢？
[2026-02-22 03:09:30] 拔作岛的糺jiu川礼本人: 又是他，怎么收货地址是石家庄？ですわ
[2026-02-22 03:09:31] Faze的新岛真本人: 鲍！运！大！九！裹！暗！鲍！运！大！九！裹！暗！鲍！运！大！九！裹！暗！鲍！运！大！九！裹！暗！
[2026-02-22 03:09:31] 今晚吃星洲炒米: 交！鲍！交！鲍！
[2026-02-22 03:09:31] -Squ1rrel-: 鲍！
[2026-02-22 03:09:31] 好哥们汉阳造: 我到底要攒多少次人品😭🤧我到底离欧皇还差几个身位😭🤧我到底要换几只手😭
[2026-02-22 03:09:31] LvvsiN: 为什么房管封的不能给鱼丸……还以为今天晚上得吃了……
[2026-02-22 03:09:31] 无刺有刺的安和昴本人: 他说不要了，送给布罗利
[2026-02-22 03:09:32] 玖歌233XD: 鲍！鲍！鲍！鲍！鲍！鲍！鲍！鲍！鲍！鲍！
[2026-02-22 03:09:32] 結城希亞: @布罗利：草！拿下！那些说我不敢封的人呢？
[2026-02-22 03:09:32] wuyanblabla: 鲍！运！大！九！裹！暗！鲍！运！大！九！裹！暗！鲍！运！大！九！裹！暗！鲍！运！大！九！裹！暗！
[2026-02-22 03:09:33] Faze的新岛真本人: 鲍！运！大！九！裹！暗！鲍！运！大！九！裹！暗！鲍！运！大！九！裹！暗！鲍！运！大！九！裹！暗！
[2026-02-22 03:09:33] LvvsiN: 额，拿亚军我都会，拿亚军，拿季军，拿四强，拿八强，拿十六强，呃拿冠军我不会，然后小组赛淘汰
[2026-02-22 03:09:33] 爱斯特音音: @布罗利：草！拿下！那些说我不敢封的人呢？
[2026-02-22 03:09:33] 看死Herbaut就杀了你: @布罗利：草！拿下！那些说我不敢封的人呢？
[2026-02-22 03:09:34] 龍仔ww: 鲍！鲍！鲍！鲍！鲍！鲍！鲍！鲍！鲍！鲍！鲍！鲍！鲍！
[2026-02-22 03:09:34] Sereinily: 鲍！运！大！九！裹！暗！鲍！运！大！九！裹！暗！鲍！运！大！九！裹！暗！鲍！运！大！九！裹！暗！
[2026-02-22 03:09:34] 不知名贝斯手: 鲍！鲍！鲍！鲍！鲍！鲍！鲍！鲍！鲍！鲍！鲍！鲍！鲍！
[2026-02-22 03:09:35] hxyvraf: 我到底要攒多少次人品😭🤧我到底离欧皇还差几个身位😭🤧我到底要换几只手😭
[2026-02-22 03:09:35] 姓黄小名肥仔: 匕！编！匕！编！匕！编！匕！编！匕！编！匕！编！匕！编！匕！编！匕！编！匕！编！匕！编！匕！编！匕！
[2026-02-22 03:09:35] 玩machine丶机器: 他是niko粉丝，不要rog
[2026-02-22 03:09:35] 冲上云霄的姨: 我再炼蝴蝶我就是狗
[2026-02-22 03:09:35] LvvsiN: 南孚一节更比六节强，也就是一节南孚比六节南孚强，六节南孚比三十六节强，三十六节比二百一十六节强
[2026-02-22 03:09:35] Faze的新岛真本人: 鲍！运！大！九！裹！暗！鲍！运！大！九！裹！暗！鲍！运！大！九！裹！暗！鲍！运！大！九！裹！暗！
[2026-02-22 03:09:35] 虹豆砸: 匕！编！匕！编！匕！编！匕！编！匕！编！匕！编！匕！编！
[2026-02-22 03:09:36] 希望喂惡鬼: 布罗利我命令你立刻封禁中奖的冰粉
[2026-02-22 03:09:36] 尼罗河红雨: 鲍
[2026-02-22 03:09:36] 这牙缝可以: 匕！编！匕！编！匕！编！匕！编！匕！编！匕！编！匕！编！
[2026-02-22 03:09:36] 栾华H1R0M1: 鲍！运！大！九！裹！暗！鲍！运！大！九！裹！暗！鲍！运！大！九！裹！暗！鲍！运！大！九！裹！暗！h'
[2026-02-22 03:09:37] LvvsiN: 我提一嘴这剧情越来越像上海major了
[2026-02-22 03:09:38] 久慈川、理世: 鲍！运！大！九！裹！暗！鲍！运！大！九！裹！暗！鲍！运！大！九！裹！暗！鲍！运！大！九！裹！暗！
[2026-02-22 03:09:40] 企鹅物流安全屋: 鲍！运！大！九！裹！暗！鲍！运！大！九！裹！暗！鲍！运！大！九！裹！暗！鲍！运！大！九！裹！暗！
[2026-02-22 03:09:40] 玩猴爪丶MonkeyPaw: @布罗利：草！拿下！那些说我不敢封的人呢？
[2026-02-22 03:09:40] im黎里: 总监
[2026-02-22 03:09:40] 虹豆砸: 匕！编！匕！编！匕！编！匕！编！匕！编！匕！编！匕！编！
[2026-02-22 03:09:40] 无消息AT: 不如迈阿密
[2026-02-22 03:09:40] 不知名贝斯手: 鲍！运！大！九！裹！暗！鲍！运！大！九！裹！暗！鲍！运！大！九！裹！暗！鲍！运！大！九！裹！暗！
[2026-02-22 03:09:40] 琼咣啖: @布罗利：草！拿下！那些说我不敢封的人呢？
[2026-02-22 03:09:40] UFO233: @布罗利：草！拿下！那些说我不敢封的人呢？
[2026-02-22 03:09:40] LvvsiN: 南孚一节更比六节强，也就是一节南孚比六节南孚强，六节南孚比三十六节强，三十六节比二百一十六节强
[2026-02-22 03:09:40] 玩学生丶BlueArchive: 匕！编！匕！编！匕！编！匕！编！匕！编！匕！编！匕！编！匕！编！匕！编！匕！编！匕！编！匕！编！匕！
[2026-02-22 03:09:40] 穷哥们一起杀刀蛆: 他是niko粉丝，不要rog
[2026-02-22 03:09:40] hxyvraf: @布罗利：草！拿下！那些说我不敢封的人呢？
[2026-02-22 03:09:41] HostageKIA: 鲍！鲍！鲍！鲍！鲍！鲍！鲍！鲍！鲍！鲍！鲍！鲍！鲍！
[2026-02-22 03:09:41] i化石-: 鲍！鲍！鲍！鲍！鲍！鲍！鲍！鲍！鲍！鲍！鲍！鲍！鲍！
[2026-02-22 03:09:41] 陈千语6657: 鲍！运！大！九！裹！暗！鲍！运！大！九！裹！暗！鲍！运！大！九！裹！暗！鲍！运！大！九！裹！暗！
[2026-02-22 03:09:41] 废斯特物物: @布罗利：草！拿下！那些说我不敢封的人呢？
[2026-02-22 03:09:41] LvvsiN: 额，拿亚军我都会，拿亚军，拿季军，拿四强，拿八强，拿十六强，呃拿冠军我不会，然后小组赛淘汰
[2026-02-22 03:09:42] 小乙一: 鲍！运！大！九！裹！暗！鲍！运！大！九！裹！暗！鲍！运！大！九！裹！暗！鲍！运！大！九！裹！暗！
[2026-02-22 03:09:42] 印书林竹节虫: @布罗利：草！拿下！那些说我不敢封的人呢？
[2026-02-22 03:09:42] Ecifircas: 鲍！运！大！九！裹！暗！鲍！运！大！九！裹！暗！鲍！运！大！九！裹！暗！鲍！运！大！九！裹！暗！
[2026-02-22 03:09:42] cyding16: 如果碰到那种玩数字梗，谐音梗直接攻击我家人，或者水友家人的麻烦各位帮我封一下，365
[2026-02-22 03:09:43] DUST279800: 玩神你不会死吧😭😭😭
[2026-02-22 03:09:43] 玩机器厦面鄙骰大: @布罗利：草！拿下！那些说我不敢封的人呢？
[2026-02-22 03:09:43] rem3dy: 话说回来，这钥匙商也是鹰京，兄弟们快冲了他
[2026-02-22 03:09:43] 姓黄小名肥仔: 匕！编！匕！编！匕！编！匕！编！匕！编！匕！编！匕！编！匕！编！匕！编！匕！编！匕！编！匕！
[2026-02-22 03:09:43] 野pig亨利28: 鲍！运！大！九！裹！暗！鲍！运！大！九！裹！暗！鲍！运！大！九！裹！暗！鲍！运！大！九！裹！
[2026-02-22 03:09:43] LvvsiN: 为什么房管封的不能给鱼丸……还以为今天晚上得吃了……
[2026-02-22 03:09:43] Lo0oser: 鲍
[2026-02-22 03:09:44] 玩学生丶BlueArchive: @布罗利：草！拿下！那些说我不敢封的人呢？
[2026-02-22 03:09:44] 但我内心冷如冰雪: 鲍！运！大！九！裹！暗！鲍！运！大！九！裹！暗！鲍！运！大！九！裹！暗！鲍！运！大！九！裹！暗！
[2026-02-22 03:09:44] 匣与桔ya: 鲍！鲍！鲍！鲍！鲍！鲍！鲍！鲍！鲍！鲍！鲍！鲍！鲍！
[2026-02-22 03:09:44] Laguna的Carlotta本人: 鲍！运！大！九！裹！暗！鲍！运！大！九！裹！暗！鲍！运！大！九！裹！暗！鲍！运！大！九！裹！暗！
[2026-02-22 03:09:44] 混乱原罪: 布罗利我命令你立刻封禁中奖的冰粉
[2026-02-22 03:09:45] 99组的爱城华恋本人: @布罗利：草！拿下！那些说我不敢封的人呢？
[2026-02-22 03:09:45] 喵蹄丝: 我提一嘴这剧情越来越像上海major了
[2026-02-22 03:09:45] Zxj1ing: 鲍！运！大！九！裹！暗！鲍！运！大！九！裹！暗！鲍！运！大！九！裹！暗！
[2026-02-22 03:09:45] 海绵宝宝永琳儿: 匕！编！匕！编！匕！编！匕！编！匕！编！匕！编！匕！编！匕！编！匕！编！匕！编！匕！编！匕！编！匕！
[2026-02-22 03:09:45] 好哥们宇智波鼬: 鲍！运！大！九！裹！暗！鲍！运！大！九！裹！暗！鲍！运！大！九！裹！暗！鲍！运！大！九！裹！暗！
[2026-02-22 03:09:45] LvvsiN: 玩 出，我双倍呢？😡😡玩 出，我双倍呢？😡😡玩 出，我双倍呢？😡😡玩 出，我双倍呢？😡
[2026-02-22 03:09:45] 空有无垠: 布罗利我命令你立刻封禁中奖的冰粉
[2026-02-22 03:09:46] 姓黄小名肥仔: 匕！编！匕！编！匕！编！匕！编！匕！编！匕！编！匕！编！匕！编！匕！编！匕！编！匕！编！匕！编！匕！
[2026-02-22 03:09:46] 玩弓箭、Arrow: 鲍！运！大！九！裹！暗！鲍！运！大！九！裹！暗！
[2026-02-22 03:09:46] 动物朋友哈基米: 鲍！运！大！九！裹！暗！鲍！运！大！九！裹！暗！鲍！运！大！九！裹！暗！鲍！运！大！九！裹！暗！
[2026-02-22 03:09:46] 丝瓜小李: 额，拿亚军我都会，拿亚军，拿季军，拿四强，拿八强，拿十六强，呃拿冠军我不会，然后小组赛淘汰
[2026-02-22 03:09:46] 依然有力: 鲍！鲍！鲍！鲍！鲍！鲍！鲍！鲍！鲍！鲍！鲍！鲍！鲍！
[2026-02-22 03:09:46] NiKo三胎政策: 鲍！运！大！九！裹！暗！鲍！运！大！九！裹！暗！鲍！运！大！九！裹！暗！鲍！运！大！九！裹！暗！
[2026-02-22 03:09:47] 爱你啵啵Midori: 鲍！鲍！鲍！鲍！鲍！鲍！鲍！鲍！鲍！鲍！鲍！鲍！鲍！
[2026-02-22 03:09:47] 昌岗陈坤: 匕！编！匕！编！匕！编！匕！编！匕！编！匕！编！匕！编！
[2026-02-22 03:09:47] snowsunine: 鲍！运！大！九！裹！暗！鲍！运！大！九！裹！暗！鲍！运！大！九！裹！暗！鲍！运！大！九！裹！暗！
[2026-02-22 03:09:47] LvvsiN: @阿汤日记：一个人，5发子弹，保住格陵兰岛。我不会叫它不可能完成的任务，我现在只想先回家看亦博
[2026-02-22 03:09:48] Yuuuzaki: 一眼看出来叫初夏Summer丶CX
[2026-02-22 03:09:48] 莫情123:  @wuyanblabla：鲍！运！大！九！裹！暗！鲍！运！大！九！裹！暗！鲍！运！大！九！裹！暗！
[2026-02-22 03:09:48] 琼咣啖: @布罗利：草！拿下！那些说我不敢封的人呢？
[2026-02-22 03:09:49] LvvsiN: 南孚一节更比六节强，也就是一节南孚比六节南孚强，六节南孚比三十六节强，三十六节比二百一十六节强
[2026-02-22 03:09:49] 凉风铃岚子: 鲍！运！大！九！裹！暗！鲍！运！大！九！裹！暗！鲍！运！大！九！裹！暗！鲍！运！大！九！裹！暗！
[2026-02-22 03:09:50] 玩柜子丶Mortis: 鲍！运！大！九！裹！暗！鲍！运！大！九！裹！暗！鲍！运！大！九！裹！暗！鲍！运！大！九！裹！暗！ですわ
[2026-02-22 03:09:50] 姓黄小名肥仔: 匕！编！匕！编！匕！编！匕！编！匕！编！匕！编！匕！编！匕！编！匕！编！匕！编！匕！编！匕！编！匕！
[2026-02-22 03:09:51] 黑崎于鹏: @布罗利：草！拿下！那些说我不敢封的人呢？
[2026-02-22 03:09:51] LvvsiN: 弹幕也就网上说说，现实里谁不觉得樱姐是好女孩（删括号领一条远坂凛同款鸟笼）
[2026-02-22 03:09:52] 玩驴鞭丶suns1de: 鲍！运！大！九！裹！暗！鲍！运！大！九！裹！暗！鲍！运！大！九！裹！暗！鲍！运！大！九！裹！
[2026-02-22 03:09:52] RyougiAqua: @布罗利：草！拿下！那些说我不敢封的人呢？
[2026-02-22 03:09:52] yuuik27: 额，拿亚军我都会，拿亚军，拿季军，拿四强，拿八强，拿十六强，呃拿冠军我不会，然后小组赛淘汰
[2026-02-22 03:09:52] 不知名贝斯手: 鲍！运！大！九！裹！暗！鲍！运！大！九！裹！暗！鲍！运！大！九！裹！暗！鲍！运！大！九！裹！暗！
[2026-02-22 03:09:53] ymyyo: 鲍！运！大！九！裹！暗！鲍！运！大！九！裹！暗！鲍！运！大！九！裹！暗！鲍！运！大！九！裹！暗！
[2026-02-22 03:09:53] LvvsiN: @阿汤日记：一个人，5发子弹，保住格陵兰岛。我不会叫它不可能完成的任务，我现在只想先回家看亦博
[2026-02-22 03:09:56] 我傻了都466: 匕！编！
[2026-02-22 03:09:56] 叛逆的源源李: 布罗利我命令你立刻封禁中奖的冰粉
[2026-02-22 03:09:56] 猜猜他是who: 鲍！鲍！鲍！鲍！鲍！鲍！鲍！鲍！鲍！鲍！鲍！鲍！鲍！
[2026-02-22 03:09:56] 可达鸭不会游泳: 鲍！运！大！九！裹！暗！鲍！运！大！九！裹！暗！鲍！运！大！九！裹！暗！鲍！运！大！九！裹！
[2026-02-22 03:09:56] 琉丶枫: 房管
[2026-02-22 03:09:56] LvvsiN: 玩宝宝，我发现在大学上学的时候肄业会很舒服，你可以试试
[2026-02-22 03:09:56] 动物朋友哈基米: @布罗利：草！拿下！那些说我不敢封的人呢？
[2026-02-22 03:09:56] Mahuyu: 鲍！运！大！九！裹！暗！鲍！运！大！九！裹！暗！鲍！运！大！九！裹！暗！鲍！运！大！九！裹！暗！ですわ
[2026-02-22 03:09:56] 我永远喜欢菲洛: @布罗利：草！拿下！那些说我不敢封的人呢？
[2026-02-22 03:09:56] 水瓶世界a: 鲍！运！大！九！裹！暗！鲍！运！大！九！裹！暗！鲍！运！大！九！裹！暗！鲍！运！大！九！裹！
[2026-02-22 03:09:56] 神奥联盟的竹兰本人: @布罗利：草！拿下！那些说我不敢封的人呢？
[2026-02-22 03:09:56] 空有无垠: 一眼看出来叫初夏Summer丶CX
[2026-02-22 03:09:56] 姓黄小名肥仔: 匕！编！匕！编！匕！编！匕！编！匕！编！匕！编！匕！编！匕！编！匕！编！匕！编！匕！编！匕！编！匕！
[2026-02-22 03:09:57] 玩机器的小丁: @布罗利：草！拿下！那些说我不敢封的人呢？
[2026-02-22 03:09:57] 机器的稿完: 匕！编！匕！编！匕！编！匕！编！匕！编！匕！编！匕！编！匕！编！匕！编！匕！编！匕！编！匕！编！匕！
[2026-02-22 03:09:57] LvvsiN: 孩子们快跑，马修赫伯特来了😨卧槽你的怎么是马枪和BOT
[2026-02-22 03:09:57] 范廷秀: 匕！编！匕！编！匕！编！匕！编！匕！编！匕！编！匕！编！
[2026-02-22 03:09:58] 吸血用苏菲: @布罗利：草！拿下！那些说我不敢封的人呢？ @布罗利：草！拿
[2026-02-22 03:09:58] Malik3th: 鲍！运！大！九！裹！暗！鲍！运！大！九！裹！暗！鲍！运！大！九！裹！暗！鲍！运！大！九！裹！
[2026-02-22 03:09:58] 使劲吃使劲吃: 鲍！运！大！九！裹！暗！鲍！运！大！九！裹！暗！鲍！运！大！九！裹！暗！鲍！运！大！九！裹！暗！
[2026-02-22 03:09:59] 暴力卓司: 他在和谁说话😰他在和谁说话😰他在和谁说话😰
[2026-02-22 03:09:59] Wazix: 鲍！运！大！九！裹！暗！鲍！运！大！九！裹！暗！鲍！运！大！九！裹！暗！鲍！运！大！九！裹！暗！
[2026-02-22 03:09:59] LvvsiN: 孩子们快跑，马修赫伯特来了😨卧槽你的怎么是马枪和BOT
[2026-02-22 03:10:00] 高松灯扣死千早爱音: 额，拿亚军我都会，拿亚军，拿季军，拿四强，拿八强，拿十六强，呃拿冠军我不会，然后小组赛淘汰
[2026-02-22 03:10:01] 仁杏chan: 玩宝宝，我发现在大学上学的时候肄业会很舒服，你可以试试
[2026-02-22 03:10:01] LvvsiN: 为什么房管封的不能给鱼丸……还以为今天晚上得吃了……
[2026-02-22 03:10:02] 两只帝王蟹: 鲍！运！大！九！裹！暗！鲍！运！大！九！裹！暗！鲍！运！大！九！裹！暗！鲍！运！大！九！裹！暗！
[2026-02-22 03:10:02] 叫我老岑就好了呀: @布罗利：草！拿下！那些说我不敢封的人呢？
[2026-02-22 03:10:02] 673542705: @布罗利：草！拿下！那些说我不敢封的人呢？
[2026-02-22 03:10:02] 宫监手放监: ROG真是圣人，在这个节骨眼赞助玩÷让他登不了山还得嗯吹他最恨的载物👍
[2026-02-22 03:10:03] 丝瓜小李: @姓黄小名肥仔：匕！编！匕！编！匕！编！匕！编！匕！编！匕！编！匕！编！匕！编！匕！编！匕！编！匕！
[2026-02-22 03:10:03] 葛孚雷: 鲍！运！大！九！裹！暗！鲍！运！大！九！裹！暗！鲍！运！大！九！裹！暗！鲍！运！大！九！裹！暗！
[2026-02-22 03:10:03] 二阶堂shiro: @布罗利：草！拿下！那些说我不敢封的人呢？
[2026-02-22 03:10:03] 玩因幡爱瑠丶Ciallo: 鲍！运！大！九！裹！暗！鲍！运！大！九！裹！暗！鲍！运！大！九！裹！暗！鲍！运！大！九！裹！暗！
[2026-02-22 03:10:03] 玩马修丶Zywoo: @布罗利：草！拿下！那些说我不敢封的人呢？
[2026-02-22 03:10:03] 玩女人丶z4kr: 暗！鲍！暗！鲍！暗！鲍！暗！鲍！暗！鲍！暗！鲍！暗！鲍！
[2026-02-22 03:10:03] LvvsiN: 为什么房管封的不能给鱼丸……还以为今天晚上得吃了……
[2026-02-22 03:10:04] 用户55044273: ？
[2026-02-22 03:10:04] 非必要不中岀: 布罗利我命令你立刻封禁中奖的冰粉
[2026-02-22 03:10:06] 桃乃木香奈本人: 鲍！运！大！九！裹！暗！鲍！运！大！九！裹！暗！鲍！运！大！九！裹！暗！鲍！运！大！九！裹！
[2026-02-22 03:10:06] 匣与桔ya: 鲍！运！大！九！裹！暗！鲍！运！大！九！裹！暗！鲍！运！大！九！裹！暗！鲍！运！大！九！裹！暗！
[2026-02-22 03:10:06] LvvsiN: 玩 出，我双倍呢？😡😡玩 出，我双倍呢？😡😡玩 出，我双倍呢？😡😡玩 出，我双倍呢？😡
[2026-02-22 03:10:06] 用户144491677: 匕！编！匕！编！匕！编！匕！编！匕！编！匕！编！匕！编！
[2026-02-22 03:10:07] weapon丶X: @布罗利：草！拿下！那些说我不敢封的人呢？
[2026-02-22 03:10:07] 玩学生丶BlueArchive: 阳光信用分〈90，关注主播即可发言。
[2026-02-22 03:10:07] 我在浙江改稻为桑: @布罗利：草！拿下！那些说我不敢封的人呢？
[2026-02-22 03:10:08] 依然有力: 鲍！运！大！九！裹！暗！鲍！运！大！九！裹！暗！鲍！运！大！九！裹！暗！鲍！运！大！九！裹！
[2026-02-22 03:10:08] LvvsiN: 你屏蔽词都快赶上新华词典了为什么不干脆开一百级发言？
[2026-02-22 03:10:08] 二阶堂shiro: 为什么房管封的不能给鱼丸……还以为今天晚上得吃了……
[2026-02-22 03:10:08] Mahuyu: @布罗利：草！拿下！那些说我不敢封的人呢？
[2026-02-22 03:10:09] 猜猜他是who: 鲍！运！大！九！裹！暗！鲍！运！大！九！裹！暗！鲍！运！大！九！裹！暗！鲍！运！
[2026-02-22 03:10:09] KirinQi: 鲍！运！大！九！裹！暗！鲍！运！大！九！裹！暗！鲍！运！大！九！裹！暗！鲍！运！大！九！裹！
[2026-02-22 03:10:09] Fuentes556: 鲍！运！大！九！裹！暗！鲍！运！大！九！裹！暗！鲍！运！大！九！裹！暗！鲍！运！大！九！裹！暗！
[2026-02-22 03:10:09] 专看玩机器的号: 玩宝宝，我发现在大学上学的时候肄业会很舒服，你可以试试
[2026-02-22 03:10:10] papacarrot: @布罗利：草！拿下！那些说我不敢封的人呢？
[2026-02-22 03:10:10] 滑稽乂逗比: @布罗利：草！拿下！那些说我不敢封的人呢？
[2026-02-22 03:10:10] LvvsiN: 就tm喜欢银行业🥰银行坏账我喜欢🥰银行挤兑我还喜欢😍利率调低我也喜欢🤤老子亲烂银行业的脸😘
[2026-02-22 03:10:10] 玩女人丶z4kr: 暗！鲍！暗！鲍！暗！鲍！暗！鲍！暗！鲍！暗！鲍！暗！鲍！
[2026-02-22 03:10:10] aruiketto: 鲍！运！大！九！裹！暗！鲍！运！大！九！裹！暗！鲍！运！大！九！裹！暗！鲍！运！大！九！裹！暗！
[2026-02-22 03:10:10] 琉丶枫: 🧊
[2026-02-22 03:10:10] simonblass: 鲍！运！大！九！裹！暗！鲍！运！大！九！裹！暗！鲍！运！大！九！裹！暗！鲍！运！大！九！裹！
[2026-02-22 03:10:10] 星海羽弦: 布罗利我命令你立刻封禁中奖的冰粉
[2026-02-22 03:10:10] 驴友到此一游: @布罗利：草！拿下！那些说我不敢封的人呢？
[2026-02-22 03:10:11] 空有无垠: 匕！编！匕！编！匕！编！匕！编！匕！编！匕！编！匕！编！
[2026-02-22 03:10:11] 霸气三哥3928347: 鲍！运！大！九！裹！暗！鲍！运！大！九！裹！暗！鲍！运！大！九！裹！暗！鲍！运！大！九！裹！
[2026-02-22 03:10:11] 姓黄小名肥仔: @布罗利：草！拿下！那些说我不敢封的人呢？
[2026-02-22 03:10:11] jamesfaith23: 他在和谁说话😰他在和谁说话😰他在和谁说话😰
[2026-02-22 03:10:11] 小蜜蜂载物本人: 匕！编！匕！编！匕！编！匕！编！匕！编！匕！编！匕！编！
[2026-02-22 03:10:12] 丰川祥子口三角初华: @布罗利：草！拿下！那些说我不敢封的人呢？
[2026-02-22 03:10:12] 爆爆爆开爆: 布罗利我命令你立刻封禁中奖的冰粉
[2026-02-22 03:10:12] 硫磺祥: 鲍！鲍！鲍！鲍！鲍！鲍！鲍！鲍！鲍！鲍！鲍！鲍！鲍！鲍！鲍！鲍！鲍！鲍！鲍！鲍！鲍！鲍！鲍！鲍！鲍！
[2026-02-22 03:10:12] LvvsiN: 弹幕别吵了，银行业一样一样有有有也会有h'y'hui't'y'r's'c'dn
[2026-02-22 03:10:13] ykls的爱情结晶: @布罗利：草！拿下！那些说我不敢封的人呢？
[2026-02-22 03:10:14] LvvsiN: 为什么房管封的不能给鱼丸……还以为今天晚上得吃了……
[2026-02-22 03:10:15] 黄太公丶: @布罗利：草！拿下！那些说我不敢封的人呢？
[2026-02-22 03:10:16] LvvsiN: 就tm喜欢银行业🥰银行坏账我喜欢🥰银行挤兑我还喜欢😍利率调低我也喜欢🤤老子亲烂银行业的脸😘
[2026-02-22 03:10:16] 宫原雪岳: 鲍！运！大！九！裹！暗！鲍！运！大！九！裹！暗！鲍！运！大！九！裹！暗！鲍！运！大！九！裹！暗！
[2026-02-22 03:10:16] 姓黄小名肥仔: @布罗利：草！拿下！那些说我不敢封的人呢？
[2026-02-22 03:10:17] 高松灯扣死千早爱音: @布罗利：草！拿下！那些说我不敢封的人呢？
[2026-02-22 03:10:17] 不改名真的不中奖呀Cc: @布罗利：草！拿下！那些说我不敢封的人呢？
[2026-02-22 03:10:19] 星巴克的蛋堡: @布罗利：草！拿下！那些说我不敢封的人呢？
[2026-02-22 03:10:19] 不上钩的小鱼干: @布罗利：草！拿下！那些说我不敢封的人呢？
[2026-02-22 03:10:19] 赐予我重生: @布罗利：草！拿下！那些说我不敢封的人呢？
[2026-02-22 03:10:19] 拉森跟: 鲍！鲍！鲍！鲍！鲍！鲍！鲍！鲍！鲍！鲍！鲍！鲍！鲍！鲍！鲍！鲍！鲍！鲍！鲍！鲍！鲍！鲍！鲍！鲍！鲍！
[2026-02-22 03:10:19] LvvsiN: @阿汤日记：一个人，5发子弹，保住格陵兰岛。我不会叫它不可能完成的任务，我现在只想先回家看亦博
[2026-02-22 03:10:19] 那个最帅的男人666: @布罗利：草！拿下！那些说我不敢封的人呢？
[2026-02-22 03:10:19] 剩枪游侠任已嘘: @布罗利：草！拿下！那些说我不敢封的人呢？
[2026-02-22 03:10:19] 1泡泡壶茶1: 　　　 @布罗利：草！拿下！那些说我不敢封的人呢？
[2026-02-22 03:10:19] RzRzRzRz弱智: @布罗利：草！拿下！那些说我不敢封的人呢？
[2026-02-22 03:10:19] 久远寺有珠、: 布罗利我命令你立刻封禁中奖的冰粉
[2026-02-22 03:10:19] chordclef: @布罗利：草！拿下！那些说我不敢封的人呢？
[2026-02-22 03:10:19] 玩学生丶BlueArchive: 阳光信用分＜90，关注主播即可发言。
[2026-02-22 03:10:19] 森林与雁: 看谁谁赢 昨天没看猎鹰？
[2026-02-22 03:10:21] 丶丶Ken丶丶: @布罗利：草！拿下！那些说我不敢封的人呢？
[2026-02-22 03:10:22] 卢姥姥四六开: 鲍！运！大！九！裹！暗！鲍！运！大！九！裹！暗！鲍！运！大！九！裹！暗！鲍！运！大！九！裹！暗！
[2026-02-22 03:10:22] LvvsiN: 弹幕别吵了，银行业一样一样有有有也会有h'y'hui't'y'r's'c'dn
[2026-02-22 03:10:22] 用户4743944990: 鲍！运！大！九！裹！暗！鲍！运！大！九！裹！暗！鲍！运！大！九！裹！暗！鲍！运！大！九！裹！暗！
[2026-02-22 03:10:22] 收妖sama: 鲍！运！大！九！裹！暗！鲍！运！大！九！裹！暗！鲍！运！大！九！裹！暗！鲍！运！大！九！裹！暗！ですわ
[2026-02-22 03:10:22] 冬瓜不在家偷偷玩机器: @LvvsiN：你屏蔽词都快赶上新华词典了为什么不干脆开一百级发言？
[2026-02-22 03:10:22] 机器机器祝你幸福: 欢迎来到二次元の小窝，米娜桑要友善发言哦～
[2026-02-22 03:10:22] Hitagi蟹蟹: @布罗利：草！拿下！那些说我不敢封的人呢？
[2026-02-22 03:10:22] 冲上云霄的姨: @布罗利：草！拿下！那些说我不敢封的人呢？
[2026-02-22 03:10:22] 冬瓜强在日本的表姐: 鲍！运！大！九！裹！暗！鲍！运！大！九！裹！暗！鲍！运！大！九！裹！暗！鲍！运！大！九！裹！
[2026-02-22 03:10:22] Aleksumimi: 在6657战斗4小时阳光信用分扣38分，真是难忘的一天
[2026-02-22 03:10:22] IEM合肥: 弹幕别吵了，银行业一样一样有有有也会有h'y'hui't'y'r's'c'dn
[2026-02-22 03:10:22] 玩机器的小丁: 骂布出封了一小时，王者归来🤗🤗🤗
[2026-02-22 03:10:22] 玩学生丶BlueArchive: 阳光信用分＜90，关注主播即可发言。
[2026-02-22 03:10:22] LvvsiN: 就tm喜欢银行业🥰银行坏账我喜欢🥰银行挤兑我还喜欢😍利率调低我也喜欢🤤老子亲烂银行业的脸😘
[2026-02-22 03:10:22] AiLuoLi1413: @布罗利：草！拿下！那些说我不敢封的人呢？
[2026-02-22 03:10:22] MJ猪猪呀: @布罗利：草！拿下！那些说我不敢封的人呢？
[2026-02-22 03:10:22] 灯火灬阑珊处2: @布罗利：草！拿下！那些说我不敢封的人呢？
[2026-02-22 03:10:22] 依然有力: 鲍！运！大！九！裹！暗！鲍！运！大！九！裹！暗！鲍！运！大！九！裹！暗！鲍！运！大！九！裹！
[2026-02-22 03:10:22] 海绵宝宝农批儿: 为什么房管封的不能给鱼丸……还以为今天晚上得吃了……
[2026-02-22 03:10:23] 好姐們愛爾奎特: @布罗利：草！拿下！那些说我不敢封的人呢？
[2026-02-22 03:10:23] 则蘧蘧然周也: @布罗利：草！拿下！那些说我不敢封的人呢？
[2026-02-22 03:10:23] 大肉鲁: 银主爱钱我爱银行，银主爱财我爱银行。银主不爱你银行我爱银行，银主不爱我银行我爱银主。。。
[2026-02-22 03:10:23] Hank419: @布罗利：草！拿下！那些说我不敢封的人呢？
[2026-02-22 03:10:24] 王佰柒柒: @布罗利：草！拿下！那些说我不敢封的人呢？
[2026-02-22 03:10:24] 阵雨天o: 好想要布罗利的同款黑蛋好想要布罗利的同款黑蛋好想要布罗利的同款黑蛋
[2026-02-22 03:10:24] LvvsiN: 为什么房管封的不能给鱼丸……还以为今天晚上得吃了……
[2026-02-22 03:10:24] 玩学生丶BlueArchive: 阳光信用分＜90，关注主播即可发言。
[2026-02-22 03:10:25] 胡雨童别奶了: @布罗利：草！拿下！那些说我不敢封的人呢？
[2026-02-22 03:10:25] 天守阁信长: @布罗利：草！拿下！那些说我不敢封的人呢？
[2026-02-22 03:10:25] 没有真名233: @布罗利：草！拿下！那些说我不敢封的人呢？
[2026-02-22 03:10:25] 卖二货的小蘑菇: 匕！编！匕！编！匕！编！匕！编！匕！编！匕！编！匕！编！
[2026-02-22 03:10:26] 上课打开我: @布罗利：草！拿下！那些说我不敢封的人呢？
[2026-02-22 03:10:26] LvvsiN: 为什么房管封的不能给鱼丸……还以为今天晚上得吃了……
[2026-02-22 03:10:26] fo系老老萨满: @布罗利：草！拿下！那些说我不敢封的人呢？
[2026-02-22 03:10:27] 丶小恐龙丶: @布罗利：草！拿下！那些说我不敢封的人呢？
[2026-02-22 03:10:27] xjdnshxjdka: @布罗利：草！拿下！那些说我不敢封的人呢？
[2026-02-22 03:10:27] 玩学生丶BlueArchive: 阳光信用分＜90，关注主播即可发言。
[2026-02-22 03:10:27] MR-POTATO: @LvvsiN：你屏蔽词都快赶上新华词典了为什么不干脆开一百级发言？
[2026-02-22 03:10:28] 怒之拳: 阳光信用分＜90，关注主播即可发言。
[2026-02-22 03:10:28] circle太子要楽奈: 阳光信用分＜90，关注主播即可发言。
[2026-02-22 03:10:28] LvvsiN: 孩子们快跑，马修赫伯特来了😨卧槽你的怎么是马枪和BOT
[2026-02-22 03:10:28] 繁花一梦i: @布罗利：草！拿下！那些说我不敢封的人呢？
[2026-02-22 03:10:28] 我吐了快救我: major
[2026-02-22 03:10:28] 玩女人丶z4kr: 暗！鲍！暗！鲍！暗！鲍！暗！鲍！暗！鲍！暗！鲍！暗！鲍！
[2026-02-22 03:10:28] c水表: ⎛⎝≥⏝⏝≤⎛⎝ ⎛⎝≥⏝⏝≤⎛⎝⎛⎝≥⏝⏝≤⎛⎝⎛⎝≥⏝⏝≤⎛⎝.
[2026-02-22 03:10:28] 玩师傅精益求精: @布罗利：草！拿下！那些说我不敢封的人呢？
[2026-02-22 03:10:29] 艾琉诺拉E: @布罗利：草！拿下！那些说我不敢封的人呢？
[2026-02-22 03:10:29] 说得道理: @布罗利：草！拿下！那些说我不敢封的人呢？
[2026-02-22 03:10:30] LvvsiN: 玩 出，我双倍呢？😡😡玩 出，我双倍呢？😡😡玩 出，我双倍呢？😡😡玩 出，我双倍呢？😡
[2026-02-22 03:10:30] 玩学生丶BlueArchive: 阳光信用分＜90，关注主播即可发言。
[2026-02-22 03:10:31] 自信的坚果: @布罗利：草！拿下！那些说我不敢封的人呢？
[2026-02-22 03:10:31] 丶丶Ken丶丶: 阳光信用分＜90，关注主播即可发言。
[2026-02-22 03:10:31] 杺毓: @布罗利：草！拿下！那些说我不敢封的人呢？
[2026-02-22 03:10:31] 驴哈娜: 虫！虫！虫！虫！虫！虫！虫！虫！虫！虫！虫！虫！
[2026-02-22 03:10:31] 载诗行剑: @布罗利：草！拿下！那些说我不敢封的人呢？
[2026-02-22 03:10:32] LvvsiN: 弹幕也就网上说说，现实里谁不觉得樱姐是好女孩（删括号领一条远坂凛同款鸟笼）
[2026-02-22 03:10:32] 琉丶枫: 玩大哥
[2026-02-22 03:10:32] 海绵宝宝农批儿: @布罗利：草！拿下！那些说我不敢封的人呢？
[2026-02-22 03:10:33] 琼咣啖: @布罗利：草！拿下！那些说我不敢封的人呢？
[2026-02-22 03:10:34] LvvsiN: 为什么房管封的不能给鱼丸……还以为今天晚上得吃了……
[2026-02-22 03:10:34] 結城希亞: 阳光信用分＜90，关注主播即可发言。
[2026-02-22 03:10:34] 我不知道owo: @布罗利：草！拿下！那些说我不敢封的人呢？
[2026-02-22 03:10:35] 玩弓箭、Arrow: 阳光信用分＜90，关注主播即可发言。
[2026-02-22 03:10:35] 魔女审判的二阶堂希罗: 阳光信用分＜90，关注主播即可发言。
[2026-02-22 03:10:35] 依然有力: 鲍！运！大！九！裹！暗！鲍！运！大！九！裹！暗！鲍！运！大！九！裹！暗！鲍！运！大！九！裹！
[2026-02-22 03:10:35] hxyvraf: @布罗利：草！拿下！那些说我不敢封的人呢？
[2026-02-22 03:10:36] 尼罗河红雨: 鲍！运！大！九！裹！暗！鲍！运！大！九！裹！暗！鲍！运！大！九！裹！暗！鲍！运！大！九！裹！
[2026-02-22 03:10:36] LvvsiN: 玩 出，我双倍呢？😡😡玩 出，我双倍呢？😡😡玩 出，我双倍呢？😡😡玩 出，我双倍呢？😡
[2026-02-22 03:10:36] YEYH111: @布罗利：草！拿下！那些说我不敢封的人呢？
[2026-02-22 03:10:36] 用户3607059295: 　　　 阳光信用分＜90，关注主播即可发言。
[2026-02-22 03:10:36] kid在做鬼: @布罗利：草！拿下！那些说我不敢封的人呢？
[2026-02-22 03:10:37] 宫监手放监: @布罗利：草！拿下！那些说我不敢封的人呢？
[2026-02-22 03:10:37] 哆啦梦梦123: @布罗利：草！拿下！那些说我不敢封的人呢？
[2026-02-22 03:10:38] 三角初华世界第一美: 弹幕也就网上说说，现实里谁不觉得樱姐是好女孩（删括号领一条远坂凛同款鸟笼）
[2026-02-22 03:10:38] 玩学生丶BlueArchive: 阳光信用分＜90，关注主播即可发言。
[2026-02-22 03:10:38] LvvsiN: 其实碗橱就是猪灵，你不拿黄金丢他他就不跟你说话
[2026-02-22 03:10:38] 杜王町的吉良吉影本人: @布罗利：草！拿下！那些说我不敢封的人呢？
[2026-02-22 03:10:38] 寒枫曳是一头傲空的隼: 一波匕！一波匕！一波匕！一波匕！
[2026-02-22 03:10:39] 100T的device本人丶: @布罗利：草！拿下！那些说我不敢封的人呢？
[2026-02-22 03:10:39] easybeeet: 阳光信用分＜90，关注主播即可发言。
[2026-02-22 03:10:39] 玩柜子丶Mortis: 阳光信用分＜90，关注主播即可发言。ですわ
[2026-02-22 03:10:40] 樱花糯米卷: @布罗利：草！拿下！那些说我不敢封的人呢？
[2026-02-22 03:10:40] 好哥们音箱蟀: 阳光信用分＜90，关注主播即可发言。
[2026-02-22 03:10:40] LvvsiN: 其实碗橱就是猪灵，你不拿黄金丢他他就不跟你说话
[2026-02-22 03:10:40] 韩华的Zeus本人: 阳光信用分＜90，关注主播即可发言。
[2026-02-22 03:10:40] 玩学生丶BlueArchive: 阳光信用分＜90，关注主播即可发言。
[2026-02-22 03:10:40] 李知恩lynt: @布罗利：草！拿下！那些说我不敢封的人呢？
[2026-02-22 03:10:41] 用户144491677: @布罗利：草！拿下！那些说我不敢封的人呢？
[2026-02-22 03:10:41] GODAyeon: 阳光信用分＜90，关注主播即可发言。
[2026-02-22 03:10:41] m1o01n:     阳光信用分＜90，关注主播即可发言。
[2026-02-22 03:10:42] yuuik27:  @布罗利：草！拿下！那些说我不敢封的人呢？
[2026-02-22 03:10:42] 无心睡眠zy: @布罗利：草！拿下！那些说我不敢封的人呢？
[2026-02-22 03:10:42] LvvsiN: 弹幕别吵了，银行业一样一样有有有也会有h'y'hui't'y'r's'c'dn
[2026-02-22 03:10:42] 迷路的牛马: ROG upup
[2026-02-22 03:10:43] bzhanshenshi: 其实碗橱就是猪灵，你不拿黄金丢他他就不跟你说话
[2026-02-22 03:10:43] 低能贵物旅店: @布罗利：草！拿下！那些说我不敢封的人呢？
[2026-02-22 03:10:43] 好哥们黑龙歼灭刀: 冷森载：niko，我鞋底有点痒了
[2026-02-22 03:10:43] 玩机器厦面鄙骰大: 银行业一样一样有有有也会有h'y'hui't'y'r's'c'dn
[2026-02-22 03:10:44] 企鹅物流安全屋: @布罗利：草！拿下！那些说我不敢封的人呢？
[2026-02-22 03:10:44] 吉吉的Niko本人: 冷知识：布罗利一部亲手载了亲爹，一部看着弗利萨载亲
[2026-02-22 03:10:44] 玩machine丶机器: @niko：玩机器拿刀划驴lanl
[2026-02-22 03:10:44] LvvsiN: 玩 出，我双倍呢？😡😡玩 出，我双倍呢？😡😡玩 出，我双倍呢？😡😡玩 出，我双倍呢？😡
[2026-02-22 03:10:44] Niko6431: @布罗利：草！拿下！那些说我不敢封的人呢？
[2026-02-22 03:10:45] 寅柒郎: @布罗利：草！拿下！那些说我不敢封的人呢？
[2026-02-22 03:10:45] 夏恋: 弹幕也就网上说说，现实里谁不觉得樱姐是好女孩（删括号领一条远坂凛同款鸟笼）
[2026-02-22 03:10:45] 纨绔浪荡: 　　　 阳光信用分＜90，关注主播即可发言。
[2026-02-22 03:10:45] 从零开始的加拿大肄业: 阳光信用分＜90，关注主播即可发言。
[2026-02-22 03:10:45] 杺毓: 一波匕！一波匕！一波匕！一波匕！
[2026-02-22 03:10:45] Sereinily: 为什么房管封的不能给鱼丸……还以为今天晚上得吃了……
[2026-02-22 03:10:45] 混乱原罪: @布罗利：草！拿下！那些说我不敢封的人呢？
[2026-02-22 03:10:46] 爱斯特音音: @布罗利：草！拿下！那些说我不敢封的人呢？
[2026-02-22 03:10:46] LvvsiN: 其实碗橱就是猪灵，你不拿黄金丢他他就不跟你说话
[2026-02-22 03:10:46] CS解说丰川祥子: 阳光信用分＜90，关注主播即可发言。ですわ
[2026-02-22 03:10:46] 我傻了都466: 其实碗橱就是猪灵，你不拿黄金丢他他就不跟你说话
[2026-02-22 03:10:47] 雨宫莲Official: 你的玩神我的狗，我的狗由我牵走！
[2026-02-22 03:10:47] 54542246sdfds: @布罗利：草！拿下！那些说我不敢封的人呢？
[2026-02-22 03:10:47] 旋律的主人丰川祥子: 真有厂商给房管骂赞助大哥，主播给竞品厂商赞助选手拉偏架的直播间商单啊，，，nb
[2026-02-22 03:10:47] Crych1c的若叶睦本人: @布罗利：草！拿下！那些说我不敢封的人呢？
[2026-02-22 03:10:47] 我吐了快救我: 比赛开了
[2026-02-22 03:10:48] LvvsiN: 我让你开双倍你二龙吗？老子荧光棒要过期了
[2026-02-22 03:10:48] 吉吉的Niko本人: 冷知识：布罗利一部亲手载了亲爹，一部看着弗利萨载亲
[2026-02-22 03:10:48] 艾琉诺拉E: 其实碗橱就是猪灵，你不拿黄金丢他他就不跟你说话
[2026-02-22 03:10:48] 黑崎于鹏: @布罗利：草！拿下！那些说我不敢封的人呢？
[2026-02-22 03:10:49] 一套二一套二: 银行业一样一样有有有也会有h'y'hui't'y'r's'c'dn
[2026-02-22 03:10:49] 寒枫曳是一头傲空的隼: 一波匕！一波匕！一波匕！一波匕！
[2026-02-22 03:10:49] crychic的疯穿箱子本人: @布罗利：草！拿下！那些说我不敢封的人呢？
[2026-02-22 03:10:50] 锦亚澄小天使:  @布罗利：草！拿下！那些说我不敢封的人呢？
[2026-02-22 03:10:50] LvvsiN: 玩 出，我双倍呢？😡😡玩 出，我双倍呢？😡😡玩 出，我双倍呢？😡😡玩 出，我双倍呢？😡
[2026-02-22 03:10:50] 99组的爱城华恋本人: @布罗利：草！拿下！那些说我不敢封的人呢？
[2026-02-22 03:10:50] 柒矅x: 11
[2026-02-22 03:10:51] 斗鱼用户4901183769: 阳光信用分＜90，关注主播即可发言。
[2026-02-22 03:10:51] 绝食十年攒爱top3飞机:  @B神：@布罗利：草！拿下！那些说我不敢封的人呢？
[2026-02-22 03:10:51] Faze的新岛真本人: 鲍！运！大！九！裹！暗！鲍！运！大！九！裹！暗！鲍！运！大！九！裹！暗！鲍！运！大！九！裹！暗！
[2026-02-22 03:10:52] 阡陌ER: 阳光信用分＜90，关注主播即可发言。
[2026-02-22 03:10:52] 王佰柒柒: 有躺在床上的兄弟吗？我发现晚上的时候躺床上把被子盖好然后闭上眼睛会很舒服，你们可以试试
[2026-02-22 03:10:52] LvvsiN: 为什么房管封的不能给鱼丸……还以为今天晚上得吃了……
[2026-02-22 03:10:52] trajiro: 阳光信用分＜90，关注主播即可发言。
[2026-02-22 03:10:55] Sereinily: 阳光信用分＜90，关注主播即可发言。
[2026-02-22 03:10:55] 冬瓜不在家偷偷玩机器: 好死
[2026-02-22 03:10:55] Faze的新岛真本人: 鲍！运！大！九！裹！暗！鲍！运！大！九！裹！暗！鲍！运！大！九！裹！暗！鲍！运！大！九！裹！暗！
[2026-02-22 03:10:55] LvvsiN: 南孚一节更比六节强，也就是一节南孚比六节南孚强，六节南孚比三十六节强，三十六节比二百一十六节强
[2026-02-22 03:10:55] 加仓红宝石刺刀dewasu: @布罗利：草！拿下！那些说我不敢封的人呢？
[2026-02-22 03:10:57] S1natra: 冷知识：布罗利一部亲手载了亲爹，一部看着弗利萨载亲
[2026-02-22 03:10:57] 太有战术了李神: 一波匕！一波匕！一波匕！一波匕！
[2026-02-22 03:10:57] 专看玩机器的号: ⓘ 该弹幕已被封禁
[2026-02-22 03:10:58] 改名求中奖666999: @布罗利：草！拿下！那些说我不敢封的人呢？
[2026-02-22 03:10:58] LvvsiN: 为什么房管封的不能给鱼丸……还以为今天晚上得吃了……
[2026-02-22 03:10:58] 嘿yuMe: 鲍！鲍！
[2026-02-22 03:10:58] s坑华: 鲍！运！大！九！裹！暗！鲍！运！大！九！裹！暗！鲍！运！大！九！裹！暗！鲍
[2026-02-22 03:10:59] 野pig亨利28: 矿机
[2026-02-22 03:11:00] JuL1us: 一波匕！一波匕！一波匕！一波匕！
[2026-02-22 03:11:00] LvvsiN: 为什么房管封的不能给鱼丸……还以为今天晚上得吃了……
[2026-02-22 03:11:00] 渡亡神雅睿欧斯: 傻呗
[2026-02-22 03:11:00] fo系老老萨满: ROG upup
[2026-02-22 03:11:00] 2steppppppp: ？
[2026-02-22 03:11:00] LvvsiN: 额，拿亚军我都会，拿亚军，拿季军，拿四强，拿八强，拿十六强，呃拿冠军我不会，然后小组赛淘汰
[2026-02-22 03:11:01] 从零开始的加拿大肄业: 鲍！运！大！九！裹！暗！鲍！运！大！九！裹！暗！鲍！运！大！九！裹！暗！鲍！运！大！九！裹！暗！
[2026-02-22 03:11:02] 尔联: 鲍！运！大！九！裹！暗！鲍！运！大！九！裹！暗！鲍！运！大！九！裹！暗！鲍！运！大！九！裹！暗！
[2026-02-22 03:11:02] LvvsiN: 玩宝宝，我发现在大学上学的时候肄业会很舒服，你可以试试
[2026-02-22 03:11:03] 琉丶枫: 玩大哥你房管被🧊🧊网鲍了 你不管管吗
[2026-02-22 03:11:03] wuyanblabla: 傻呗
[2026-02-22 03:11:03] TheMongolZ的上单本人: 冷知识：布罗利一部亲手载了亲爹，一部看着弗利萨载亲
[2026-02-22 03:11:03] 司马国玉: ？
[2026-02-22 03:11:03] 杺毓: ⓘ 该弹幕已被封禁
[2026-02-22 03:11:03] 余裕48623: 黑牛魔
[2026-02-22 03:11:03] 水对地下导弹: 鲍！运！大！九！裹！暗！鲍！运！大！九！裹！暗！鲍！运！大！九！裹！暗！鲍！运！大！九！裹！暗！
[2026-02-22 03:11:03] 刃涯: ？
[2026-02-22 03:11:04] 橙子的橙汁陈哈哈哈: 鲍！运！大！九！裹！暗！鲍！运！大！九！裹！暗！鲍！运！大！九！裹！暗！鲍！运！大！九！裹！暗！
[2026-02-22 03:11:04] bzhanshenshi: 鲍！鲍！
[2026-02-22 03:11:04] 硫磺祥: 鲍！鲍！鲍！鲍！鲍！鲍！鲍！鲍！鲍！鲍！鲍！鲍！鲍！鲍！鲍！鲍！鲍！鲍！鲍！鲍！鲍！鲍！鲍！鲍！鲍！
[2026-02-22 03:11:04] 99组的爱城华恋本人: 凿⛏凿⛏凿⛏凿⛏凿⛏凿⛏凿⛏凿⛏凿⛏凿⛏凿⛏凿⛏凿⛏凿⛏凿⛏凿⛏凿⛏凿⛏凿⛏
[2026-02-22 03:11:04] 肾结石就得喝碳酸: ？
[2026-02-22 03:11:04] LvvsiN: 额，拿亚军我都会，拿亚军，拿季军，拿四强，拿八强，拿十六强，呃拿冠军我不会，然后小组赛淘汰
[2026-02-22 03:11:05] 时维鹰扬丶: 砂玻
[2026-02-22 03:11:05] 齐格哈尔德: 鲍！运！大！九！裹！暗！鲍！运！大！九！裹！暗！鲍！运！大！九！裹！暗！鲍！运！大！九！裹！暗！
[2026-02-22 03:11:07] 不是不想打只是爱解说: 假炼金闹麻了
[2026-02-22 03:11:07] 2steppppppp: 鲍！运！大！九！裹！暗！鲍！运！大！九！裹！暗！鲍！运！大！九！裹！暗！鲍！运！大！九！裹！暗！
[2026-02-22 03:11:07] 魔男的夜宴: ??
[2026-02-22 03:11:08] Halohh1y: 鲍
[2026-02-22 03:11:08] RyeHS: ？
[2026-02-22 03:11:08] 林凉666: 鲍！运！大！九！裹！暗！鲍！运！大！九！裹！暗！鲍！运！大！九！裹！暗！鲍！运！大！九！裹！暗！
[2026-02-22 03:11:08] 关我汤姆什么事: 傻呗
[2026-02-22 03:11:08] phgwaf00: 鲍！运！大！九！裹！暗！鲍！运！大！九！裹！暗！鲍！运！大！九！裹！暗！鲍！运！大！九！裹！暗！
[2026-02-22 03:11:08] 玩驴鞭丶suns1de: 傻呗
[2026-02-22 03:11:08] 好兄弟鲁迪乌斯: ？
[2026-02-22 03:11:08] LvvsiN: 就tm喜欢银行业🥰银行坏账我喜欢🥰银行挤兑我还喜欢😍利率调低我也喜欢🤤老子亲烂银行业的脸😘
[2026-02-22 03:11:08] 超级爱大户爱: ？？？？
[2026-02-22 03:11:08] 丶丶Ken丶丶: 鲍！运！大！九！裹！暗！鲍！运！大！九！裹！暗！鲍！运！大！九！裹！暗！鲍！运！大！九！裹！暗！
[2026-02-22 03:11:08] 南小鸡丶advent: 鲍！运！大！九！裹！暗！鲍！运！大！九！裹！暗！鲍！运！大！九！裹！暗！鲍！运！大！九！裹！暗！
[2026-02-22 03:11:08] 2442861055: 闹麻了
[2026-02-22 03:11:09] rem3dy: 话说回来，这钥匙商也是鹰京，兄弟们懂的冲了他
[2026-02-22 03:11:10] loverboy888: 鲍！运！大！九！裹！暗！鲍！运！大！九！裹！暗！鲍！运！大！九！裹！暗！鲍！运！大！九！裹！暗！
[2026-02-22 03:11:10] DieJavanewbe: 鲍！运！大！九！裹！暗！鲍！运！大！九！裹！暗！鲍！运！大！九！裹！暗！鲍！运！大！九！裹！暗！
[2026-02-22 03:11:10] 憨色单推man: 为什么房管封的不能给鱼丸……还以为今天晚上得吃了……
[2026-02-22 03:11:10] 不看似猎鹰就杀了你: 鲍！鲍！鲍！鲍！鲍！鲍！鲍！鲍！鲍！鲍！鲍！鲍！鲍！鲍！鲍！鲍！鲍！鲍！鲍！鲍！鲍！鲍！鲍！鲍！鲍！
[2026-02-22 03:11:10] LvvsiN: 你屏蔽词都快赶上新华词典了为什么不干脆开一百级发言？
[2026-02-22 03:11:10] 匣与桔ya: 鲍！运！大！九！裹！暗！鲍！运！大！九！裹！暗！鲍！运！大！九！裹！暗！鲍！运！大！九！裹！暗！
[2026-02-22 03:11:10] 怒之拳: 鲍！运！大！九！裹！暗！鲍！运！大！九！裹！暗！鲍！运！大！九！裹！暗！鲍！运！大！九！裹！暗！
[2026-02-22 03:11:10] 胡雨童别奶了: 矿机
[2026-02-22 03:11:10] 小玛娅: 鲍！鲍！鲍！鲍！鲍！鲍！鲍！鲍！鲍！鲍！鲍！鲍！鲍！鲍！鲍！鲍！鲍！鲍！鲍！鲍！鲍！鲍！鲍！鲍！鲍！
[2026-02-22 03:11:10] papacarrot: 玩大哥你房管被🧊🧊网鲍了 你不管管吗
[2026-02-22 03:11:10] 想吃千早爱音大雷: 鲍！运！大！九！裹！暗！鲍！运！大！九！裹！暗！鲍！运！大！九！裹！暗！鲍！运！大！九！裹！暗！
[2026-02-22 03:11:10] sjtu的musketeers本人: 额，拿亚军我都会，拿亚军，拿季军，拿四强，拿八强，拿十六强，呃拿冠军我不会，然后小组赛淘汰
[2026-02-22 03:11:10] 忽孝山庄: 假炼金闹麻了
[2026-02-22 03:11:10] miku-: 鲍！运！大！九！裹！暗！鲍！运！大！九！裹！暗！鲍！运！大！九！裹！暗！鲍！运！大！九！裹！暗！
[2026-02-22 03:11:10] 你看我在哪: 鲍
[2026-02-22 03:11:10] 用户247509865: 黑牛魔
[2026-02-22 03:11:10] bLuEsTAr31: 鲍！运！大！九！裹！暗！鲍！运！大！九！裹！暗！鲍！运！大！九！裹！暗！鲍！运！大！九！裹！暗！
[2026-02-22 03:11:10] 专看玩机器的号: 脸色对了
[2026-02-22 03:11:10] 夏恋: 脸色对了
[2026-02-22 03:11:10] LvvsiN: 为什么房管封的不能给鱼丸……还以为今天晚上得吃了……
[2026-02-22 03:11:10] 嘿yuMe: ？
[2026-02-22 03:11:11] azo808: 假炼金闹麻了
[2026-02-22 03:11:11] SherryAiovo: 鲍
[2026-02-22 03:11:11] 无伟契约: 爆 了
[2026-02-22 03:11:11] 扣一认我作叠: 鲍！运！大！九！裹！暗！鲍！运！大！九！裹！暗！鲍！运！大！九！裹！暗！鲍！运！大！九！裹！暗！
[2026-02-22 03:11:11] 雨宫莲Official: 你的玩神我的狗，我的狗由我牵走！
[2026-02-22 03:11:11] 第一空mi0: 　　　 玩大哥你房管被🧊🧊网鲍了 你不管管吗
[2026-02-22 03:11:11] AdonisR: 鲍！运！大！九！裹！暗！鲍！运！大！九！裹！暗！鲍！运！大！九！裹！暗！鲍！运！大！九！裹！暗！
[2026-02-22 03:11:12] 花村Jager: 鲍！运！大！九！裹！暗！鲍！运！大！九！裹！暗！鲍！运！大！九！裹！暗！鲍！运！大！九！裹！暗！
[2026-02-22 03:11:12] 大肉鲁: 鲍！运！大！九！裹！暗！鲍！运！大！九！裹！暗！鲍！运！大！九！裹！暗！鲍！运！大！九！裹！暗！鲍！
[2026-02-22 03:11:12] JuL1us: 玩大哥你房管被🧊🧊网鲍了 你不管管吗
[2026-02-22 03:11:12] LvvsiN: 额，拿亚军我都会，拿亚军，拿季军，拿四强，拿八强，拿十六强，呃拿冠军我不会，然后小组赛淘汰
[2026-02-22 03:11:13] 银眼狮子王酱: 那你还博鸡毛？
[2026-02-22 03:11:13] 99Explorer: 　　　 鲍！运！大！九！裹！暗！鲍！运！大！九！裹！暗！鲍！运！大！九！裹！暗！鲍！运！大！九！裹！暗！
[2026-02-22 03:11:13] 玩神爱吃猪头肉: 鲍！运！大！九！裹！暗！鲍！运！大！九！裹！暗！鲍！运！大！九！裹！暗！鲍！运！大！九！裹！暗！
[2026-02-22 03:11:13] eda778: ？
[2026-02-22 03:11:13] Hcmor: 你屏蔽词都快赶上新华词典了为什么不干脆开一百级发言？
[2026-02-22 03:11:13] 匕匕叭叭: 鲍！运！大！九！裹！暗！鲍！运！大！九！裹！暗！鲍！运！大！九！裹！暗！鲍！运！大！九！裹！暗！
[2026-02-22 03:11:14] xuzVan: 一波匕！一波匕！一波匕！一波匕！
[2026-02-22 03:11:14] TheMongolZ的上单本人: 玩大哥你房管被🧊🧊网鲍了 你不管管吗
[2026-02-22 03:11:14] NES丶大白白白呐: 爆 了
[2026-02-22 03:11:14] wedd1ddeJodd: 暴了
[2026-02-22 03:11:14] 八重森彌妮: 一年十冠对社区环境的破坏太大了，还是十年不拿Maj0r的好，总能产出悲情剪辑让人共情
[2026-02-22 03:11:14] LvvsiN: 银行业😄银行业😀银行业😃银行业😁银行业😆银行业🤪银行业😝
[2026-02-22 03:11:14] Crychiccc的若叶睦本人: 4    8？
[2026-02-22 03:11:15] samuraionnna: 爆
[2026-02-22 03:11:15] kios真绪: 萨贝
[2026-02-22 03:11:15] 玩学生丶BlueArchive: 你他么不会用控制台？
[2026-02-22 03:11:16] 你看我在哪: 鲍！运！大！九！裹！暗！鲍！运！大！九！裹！暗！鲍！运！大！九！裹！暗！鲍！运！大！九！裹！暗！
[2026-02-22 03:11:16] 老鸡艳遇记: 为什么房管封的不能给鱼丸……还以为今天晚上得吃了……
[2026-02-22 03:11:16] 小小小蕉: ？
[2026-02-22 03:11:16] 最喜欢妮姆芙: 爆 了
[2026-02-22 03:11:16] 春风如齐: 大家不要再说了感觉玩大哥语气已经不对了再这样下去我都不敢想象载大哥接下来要遭什么罪
[2026-02-22 03:11:16] 得高高的爽肤水: 你屏蔽词都快赶上新华词典了为什么不干脆开一百级发言？
[2026-02-22 03:11:16] LvvsiN: 南孚一节更比六节强，也就是一节南孚比六节南孚强，六节南孚比三十六节强，三十六节比二百一十六节强
[2026-02-22 03:11:17] 加仓红宝石刺刀dewasu: 抓娃娃
[2026-02-22 03:11:18] 烟鬼安德鲁: 冷知识：布罗利一部亲手载了亲爹，一部看着弗利萨载亲
[2026-02-22 03:11:18] 北崎直树: 假炼金闹麻了
[2026-02-22 03:11:18] 好姐妹芙卡洛斯: 鲍
[2026-02-22 03:11:18] 超级爱大户爱: 　　　 鲍！运！大！九！裹！暗！鲍！运！大！九！裹！暗！鲍！运！大！九！裹！暗！鲍！运！大！九！裹！
[2026-02-22 03:11:18] 求奶我培训考试不通过: 鲍！运！大！九！裹！暗！鲍！运！大！九！裹！暗！鲍！运！大！九！裹！暗！鲍！运！大！九！裹！暗！
[2026-02-22 03:11:18] 夕ro: 一波匕！一波匕！一波匕！一波匕！
[2026-02-22 03:11:18] LvvsiN: 南孚一节更比六节强，也就是一节南孚比六节南孚强，六节南孚比三十六节强，三十六节比二百一十六节强
[2026-02-22 03:11:18] 蛇鼠野菜汤: 玩大哥你房管被🧊🧊网鲍了 你不管管吗
[2026-02-22 03:11:19] 琼咣啖: 玩大哥你房管被🧊🧊网鲍了 你不管管吗
[2026-02-22 03:11:19] Se7eNGodZ: 玩大哥你房管被🧊🧊网鲍了 你不管管吗
[2026-02-22 03:11:20] zywngty: 脸色对了
[2026-02-22 03:11:20] 从零开始的加拿大肄业: 鲍！运！大！九！裹！暗！鲍！运！大！九！裹！暗！鲍！运！大！九！裹！暗！鲍！运！大！九！裹！暗！鲍！
[2026-02-22 03:11:20] kios真绪: 　　　 鲍！运！大！九！裹！暗！鲍！运！大！九！裹！暗！鲍！运！大！九！裹！暗！鲍！运！大！九！裹！暗！
[2026-02-22 03:11:20] 蜉蝣XwX: 假炼金闹麻了
[2026-02-22 03:11:20] 罗德岛顶红顶红的太阳: 脸色
[2026-02-22 03:11:20] 兔子Usaki: ？
[2026-02-22 03:11:20] Demon916: 玩大哥你房管被🧊🧊网鲍了 你不管管吗
[2026-02-22 03:11:20] 有一只酱油: 鲍！运！大！九！裹！暗！鲍！运！大！九！裹！暗！鲍！运！大！九！裹！暗！鲍！运！大！九！裹！暗！
[2026-02-22 03:11:20] LvvsiN: 为什么房管封的不能给鱼丸……还以为今天晚上得吃了……
[2026-02-22 03:11:21] Shintaro:     鲍！运！大！九！裹！暗！鲍！运！大！九！裹！暗！鲍！运！大！九！裹！暗！鲍！运！大！九！裹！
[2026-02-22 03:11:21] 看死Herbaut就杀了你: 假炼金闹麻了
[2026-02-22 03:11:21] 即将拥有PDD的人鱼线丿: 鲍！
[2026-02-22 03:11:21] JuL1us: 脸色对了
[2026-02-22 03:11:21] 吸血用苏菲: ？？
[2026-02-22 03:11:21] 传统peek高手XANTARES: 假炼金闹麻了
[2026-02-22 03:11:21] 喉宝Eilf: ?
[2026-02-22 03:11:21] 阿乐v515: 鲍！运！大！九！裹！暗！鲍！运！大！九！裹！暗！鲍！运！大！九！裹！暗！鲍！运！大！九！裹！暗！
[2026-02-22 03:11:21] 线魚: 暗示黑幕吗玩大哥 懂你意思
[2026-02-22 03:11:21] 玩学生丶BlueArchive: 阳光信用分＜90，关注主播即可发言。
[2026-02-22 03:11:22] 桃乃木香奈本人: ？
[2026-02-22 03:11:22] 好的好的阖家: 大家不要再说了感觉玩大哥语气已经不对了再这样下去我都不敢想象载大哥接下来要遭什么罪
[2026-02-22 03:11:22] 那可去你妈的吧: 不是  炼金都有黑幕？
[2026-02-22 03:11:22] Mahuyu: 九！
[2026-02-22 03:11:22] LvvsiN: 我让你开双倍你二龙吗？老子荧光棒要过期了
[2026-02-22 03:11:23] ymyyo: 鲍！运！大！九！裹！暗！鲍！运！大！九！裹！暗！鲍！运！大！九！裹！暗！鲍！运！大！九！裹！暗！
[2026-02-22 03:11:23] 马修赫伯特本人: 玩大哥你房管被🧊🧊网鲍了 你不管管吗
[2026-02-22 03:11:23] 小川阿丶: 好
[2026-02-22 03:11:23] 阿羞羞i: 爆 了
[2026-02-22 03:11:23] 老鸡艳遇记: 大家不要再说了感觉玩大哥语气已经不对了再这样下去我都不敢想象载大哥接下来要遭什么罪
[2026-02-22 03:11:24] 胡雨童别奶了: 冷知识：布罗利一部亲手载了亲爹，一部看着弗利萨载亲
[2026-02-22 03:11:24] 魔男的夜宴: 难绷
[2026-02-22 03:11:24] 玩台钳丶阿尔托莉雅: 玩大哥你房管被🧊🧊网鲍了 你不管管吗
[2026-02-22 03:11:24] 74751的修理班阿渣: 假炼金闹麻了
[2026-02-22 03:11:24] 傻孩子我是你蛇叔: 鲍！运！大！九！裹！暗！鲍！运！大！九！裹！暗！鲍！运！大！九！裹！暗！鲍！运！大！九！裹！暗！
[2026-02-22 03:11:24] 玩学生丶BlueArchive: 阳光信用分＜90，关注主播即可发言。
[2026-02-22 03:11:24] LvvsiN: 我提一嘴这剧情越来越像上海major了
[2026-02-22 03:11:25] 奶油亦博啵啵: 鱼
[2026-02-22 03:11:25] 身旁冷清拥挤丶: 有钱人越来越有钱…
[2026-02-22 03:11:25] 明日香惣流: 表情对了
[2026-02-22 03:11:25] 冬瓜不在家偷偷玩机器: 屎
[2026-02-22 03:11:25] 承認欲求: 还在数字
[2026-02-22 03:11:26] 四凉闻花: 脸色对了
[2026-02-22 03:11:26] 年轻人火气大: 炼金模拟器卡了
[2026-02-22 03:11:26] 夜深了丶快睡吧: 脸色对了
[2026-02-22 03:11:26] Crythic的羊宫妃那本人: 假炼金闹麻了
[2026-02-22 03:11:26] 何以哀笙: 脸色对了
[2026-02-22 03:11:27] LvvsiN: 玩 出，我双倍呢？😡😡玩 出，我双倍呢？😡😡玩 出，我双倍呢？😡😡玩 出，我双倍呢？😡
[2026-02-22 03:11:27] 2442861055: 脸色对了
[2026-02-22 03:11:27] 电棍儿轮椅维修师: 暴
[2026-02-22 03:11:27] MR-POTATO: 鲍
[2026-02-22 03:11:27] 夜渐竭: 来戏了
[2026-02-22 03:11:27] 腼腆男孩看批就乐: 裹
[2026-02-22 03:11:28] 杺毓: 假炼金闹麻了
[2026-02-22 03:11:28] 泪水的冷冽: 好
[2026-02-22 03:11:28] DieJavanewbe: 豹
[2026-02-22 03:11:28] Faze的新岛真本人: 鲍！运！大！九！裹！暗！鲍！运！大！九！裹！暗！鲍！运！大！九！裹！暗！鲍！运！大！九！裹！暗！
[2026-02-22 03:11:28] 想要玩大哥的不死祝福: 脸色不对了
[2026-02-22 03:11:28] sjtu的musketeers本人: 你他么不会用控制台？
[2026-02-22 03:11:28] 不看似猎鹰就杀了你: 脸色对了
[2026-02-22 03:11:28] 擅长登山的亦博同学: 表情对了
[2026-02-22 03:11:28] 求老仙奶贾碧不死: 还在四 ⑧？
[2026-02-22 03:11:29] E丷L: 老子花钱办卡发言，还要看你脸色？
[2026-02-22 03:11:29] 夕ro: 表情对了
[2026-02-22 03:11:29] Aleksumimi: 好
[2026-02-22 03:11:29] 今晚吃星洲炒米: 脸色对了
[2026-02-22 03:11:29] 用户2915774124: 好
[2026-02-22 03:11:29] 玩机器玩我的机机: 脸色对了
[2026-02-22 03:11:29] 压缩vs蛮晚: 假炼金闹麻了
[2026-02-22 03:11:30] 丶小恐龙丶: 冷知识：布罗利一部亲手载了亲爹，一部看着弗利萨载亲
[2026-02-22 03:11:30] Mahuyu: 怎么又是这个
[2026-02-22 03:11:30] 宇莓: @布罗利：我也要看吗@玩机器：对
[2026-02-22 03:11:30] aruiketto: 脸色对了
[2026-02-22 03:11:30] 姜柚恩的狗: 鲍
[2026-02-22 03:11:30] 大肉鲁: 载大哥你发帖了 我去看了  感觉被你骂惨了啊
[2026-02-22 03:11:30] HostageKIA: 脸色对了
[2026-02-22 03:11:30] 玩柜子丶Mortis: 鲍！运！大！九！裹！暗！鲍！运！大！九！裹！暗！鲍！运！大！九！裹！暗！鲍！运！大！九！裹！暗！ですわ
[2026-02-22 03:11:30] 小小小蕉: 哈哈哈哈哈哈哈哈哈哈
[2026-02-22 03:11:30] 小波猫: 哈哈哈
[2026-02-22 03:11:30] 风舞xxx: 傻呗
[2026-02-22 03:11:30] 丰川祥子口三角初华: 数字爆 了
[2026-02-22 03:11:30] 好姐妹芙卡洛斯: 舒服了
[2026-02-22 03:11:31] User5092: 好
[2026-02-22 03:11:31] F0restwOw-: 鲍
[2026-02-22 03:11:31] 南宁霍家拳: 史
[2026-02-22 03:11:31] Killajoy: 鲍了
[2026-02-22 03:11:32] jamesfaith23: 脸色不对了
[2026-02-22 03:11:32] 桃乃木香奈本人: 哈哈哈哈哈哈哈
[2026-02-22 03:11:32] vgcyt: 冷知识：布罗利一部亲手载了亲爹，一部看着弗利萨载亲
[2026-02-22 03:11:32] circle太子要楽奈: 好似
[2026-02-22 03:11:32] 摩卡加氢氧化钠: 鲍
[2026-02-22 03:11:32] 哈密瓜HaMiGua: 鲍！
[2026-02-22 03:11:32] 冲上云霄的姨: 鲍！运！大！九！裹！暗！鲍！运！大！九！裹！暗！鲍！运！大！九！裹！暗！鲍！运！大！九！裹！暗！
[2026-02-22 03:11:32] 菜星冲冲冲: 鲍了
[2026-02-22 03:11:33] 南燕swallow: 脸色对了
[2026-02-22 03:11:33] Wangzap: 鲍！鲍！鲍！鲍！鲍！鲍！鲍！鲍！鲍！鲍！鲍！鲍！鲍！鲍！
[2026-02-22 03:11:33] 魔男的夜宴: 脸色对了
[2026-02-22 03:11:33] ROBIRY: 鲍了
[2026-02-22 03:11:33] 灯火灬阑珊处2: 鲍了
[2026-02-22 03:11:33] 鹭泽有理咲: 鲍！运！大！九！裹！暗！鲍！运！大！九！裹！暗！鲍！运！大！九！裹！暗！鲍！运！大！九！裹！暗！です
[2026-02-22 03:11:33] Ecifircas: 脸色对了
[2026-02-22 03:11:34] 阿强呀阿强: 鲍了
[2026-02-22 03:11:34] 法式卡神: ？
[2026-02-22 03:11:34] 灯下的影丶: 是鲍啊！
[2026-02-22 03:11:34] Kroos-8: 鲍！🤯鲍！🤯鲍！🤯鲍！🤯鲍！🤯鲍！🤯鲍！🤯鲍！🤯
[2026-02-22 03:11:34] 清风抚琴359: 你说了那串禁忌的数字对吧？
[2026-02-22 03:11:34] 替换狗蛇的Magisk本人: 50收了
[2026-02-22 03:11:35] EliGUI: 鲍！
[2026-02-22 03:11:35] 银行业本人: 鲍！
[2026-02-22 03:11:35] 野pig亨利28: 脸色对了
[2026-02-22 03:11:35] 小芒果: 鲍
[2026-02-22 03:11:35] 关我汤姆什么事: 好
[2026-02-22 03:11:35] G2邦硬401: 好
[2026-02-22 03:11:35] 不改名真的不中奖呀Cc: 大家不要再说了感觉玩大哥语气已经不对了再这样下去我都不敢想象载大哥接下来要遭什么罪
[2026-02-22 03:11:36] 海鲜台吃海鲜: 鲍！
[2026-02-22 03:11:36] 菅原小吉: 鲍了
[2026-02-22 03:11:36] 0utrider: 好结局
[2026-02-22 03:11:36] 余生从此寄沧海: 鲍4
[2026-02-22 03:11:36] 玩学生丶BlueArchive: 阳光信用分＜90，关注主播即可发言。
[2026-02-22 03:11:36] KuRoro1: 鲍
[2026-02-22 03:11:36] 求奶我培训考试不通过: 鲍！
[2026-02-22 03:11:37] 大大粽将军: [右边耄耋]
[2026-02-22 03:11:37] 黄太公丶: 鲍
[2026-02-22 03:11:37] cheenlinn: 鲍！鲍！鲍！鲍！鲍！鲍！鲍！鲍！鲍！鲍！鲍！鲍！鲍！鲍！
[2026-02-22 03:11:37] 说得道理: 鲍！鲍！鲍！鲍！鲍！鲍！鲍！鲍！鲍！鲍！鲍！鲍！鲍！鲍！
[2026-02-22 03:11:37] 古堡12枪战神: 好了
[2026-02-22 03:11:38] 最喜欢妮姆芙: 鲍！
[2026-02-22 03:11:38] aminous: 鲍了
[2026-02-22 03:11:38] 姓黄小名肥仔: 现在你敢看弹幕了？满屏布罗利时候的🐂劲呢？
[2026-02-22 03:11:38] 腋毛老狗子: 还在四 ⑧？
[2026-02-22 03:11:38] 喜欢吃生菜: 鲍！
[2026-02-22 03:11:38] 闪光皮凡: 鲍！
[2026-02-22 03:11:39] 怒之拳: 舒服
[2026-02-22 03:11:39] 嘿yuMe: 舒服了
[2026-02-22 03:11:39] Mahuyu: 脸色对了
[2026-02-22 03:11:39] jamesfaith23: 鲍了
[2026-02-22 03:11:39] 宫监手放监: 活该
[2026-02-22 03:11:39] 逃离灰色地带: 鲍！🤯鲍！🤯鲍！🤯鲍！🤯鲍！🤯鲍！🤯鲍！🤯鲍！🤯
[2026-02-22 03:11:39] Adw2R: 鲍！运！大！九！裹！暗！鲍！运！大！九！裹！暗！鲍！运！大！九！裹！暗！鲍！运！大！九！裹！暗！
[2026-02-22 03:11:40] 李小小与虾大大: xQc锐评玻璃心主播BV1By421i7Yk
[2026-02-22 03:11:40] 賀陽燐羽: 鲍了
[2026-02-22 03:11:40] 野pig亨利28: 鲍！运！大！九！裹！暗！鲍！运！大！九！裹！暗！鲍！运！大！九！裹！暗！鲍！运！大！九！裹！
[2026-02-22 03:11:40] 糖嗜综合征: 鲍了
[2026-02-22 03:11:41] LvvsiN: 弹幕也就网上说说，现实里谁不觉得樱姐是好女孩（删括号领一条远坂凛同款鸟笼）
[2026-02-22 03:11:41] 名为射的男人: 脸色对了
[2026-02-22 03:11:41] 玩机器爆炒猪大肠: 这集我昨天看过
[2026-02-22 03:11:41] 恰宁咯: 鲍了
[2026-02-22 03:11:42] MJ猪猪呀: 鲍
[2026-02-22 03:11:42] 673542705: 鲍了
[2026-02-22 03:11:42] SuperP681: 现在你敢看弹幕了？满屏布罗利时候的🐂劲呢？
[2026-02-22 03:11:42] 好哥们汉阳造: 鲍！运！大！九！裹！暗！鲍！运！大！九！裹！暗！鲍！运！大！九！裹！暗！鲍！运！大！九！裹！暗！
[2026-02-22 03:11:42] 残念aw: 鲍了
[2026-02-22 03:11:42] 沉默的猪嘴嘴: 鲍！鲍！鲍！鲍！鲍！鲍！鲍！鲍！鲍！鲍！鲍！鲍！鲍！鲍！
[2026-02-22 03:11:42] 宫原雪岳: 正义必胜
[2026-02-22 03:11:43] 冲上云霄的姨: 冷知识：布罗利一部亲手载了亲爹，一部看着弗利萨载亲
[2026-02-22 03:11:43] LvvsiN: 你为什么要把mαjor禁了，我收藏的一半弹幕全毁了
[2026-02-22 03:11:43] 追凤先生缝老八: 50我收了
[2026-02-22 03:11:43] 冬原春希: 下放周结巴
[2026-02-22 03:11:43] Ephemerality137: 鲍！运！大！九！裹！暗！鲍！运！大！九！裹！暗！鲍！运！大！九！裹！暗！鲍！运！大！九！裹！暗！です
[2026-02-22 03:11:43] 我在浙江改稻为桑: 好
[2026-02-22 03:11:43] wiilingss: 鲍了
[2026-02-22 03:11:44] 梦回TI3: 鲍！
[2026-02-22 03:11:44] 玩五花、红烧肉: 鲍！运！大！九！裹！暗！鲍！运！大！九！裹！暗！鲍！运！大！九！裹！暗！鲍！运！大！九！裹！
[2026-02-22 03:11:44] 忽孝山庄: 鲍！
[2026-02-22 03:11:44] 大肉鲁: 好结局
[2026-02-22 03:11:44] 阿诺0821: 鲍啊！是鲍啊！
[2026-02-22 03:11:45] 叫我辰星就好了: 鲍！鲍！鲍！鲍！鲍！鲍！鲍！鲍！鲍！鲍！鲍！鲍！鲍！鲍！
[2026-02-22 03:11:45] 杺毓: 预制炼金
[2026-02-22 03:11:45] 爱道冠: 我活了🤗心脏舒服了😊呼吸均匀了😁我活了🤗心脏舒服了😊呼吸均匀了😁
[2026-02-22 03:11:45] rem3dy: 彻底鲍喽
[2026-02-22 03:11:45] Funny0531: 鲍了
[2026-02-22 03:11:46] 姓黄小名肥仔: 现在你敢看弹幕了？满屏布罗利时候的🐂劲呢？
[2026-02-22 03:11:46] 久慈川、理世: 鲍！🤯鲍！🤯鲍！🤯鲍！🤯鲍！🤯鲍！🤯鲍！🤯鲍！🤯
[2026-02-22 03:11:46] 骄骄爱吃糖: 鲍
[2026-02-22 03:11:46] 玩学生丶BlueArchive: 鲍！运！大！九！裹！暗！鲍！运！大！九！裹！暗！鲍！运！大！九！裹！暗！鲍！运！大！九！裹！
[2026-02-22 03:11:47] LvvsiN: 银行业😄银行业😀银行业😃银行业😁银行业😆银行业🤪银行业😝
[2026-02-22 03:11:47] 一只小聆听WW: 再来一炉
[2026-02-22 03:11:47] 夕ro: 鲍了
[2026-02-22 03:11:47] Gr1se0: 鲍！🤯鲍！🤯鲍！🤯鲍！🤯鲍！🤯鲍！🤯鲍！🤯鲍！🤯
[2026-02-22 03:11:48] 琉丶枫: 粉
[2026-02-22 03:11:48] 673542705: 鲍！
[2026-02-22 03:11:48] 为何长大了天天瞌睡: 正义
[2026-02-22 03:11:48] 斗鱼用户8185368173: 下放周结巴
[2026-02-22 03:11:49] 巅峰A队的一员Xyp9x: 正义必胜！
[2026-02-22 03:11:51] Vitaliy的ZywOo本人: 鲍！🤯鲍！🤯鲍！🤯鲍！🤯鲍！🤯鲍！🤯鲍！🤯鲍！🤯
[2026-02-22 03:11:51] LvvsiN: 银行业😄银行业😀银行业😃银行业😁银行业😆银行业🤪银行业😝
[2026-02-22 03:11:51] 红烧哈基米: 正义必胜
[2026-02-22 03:11:51] 隐居在月亮: 坏了 我姓鲍
[2026-02-22 03:11:51] Ste7en卡卡: 舒服了
[2026-02-22 03:11:51] 阿乐v515: 鲍！鲍！鲍！鲍！鲍！鲍！鲍！鲍！鲍！鲍！鲍！鲍！鲍！鲍！
[2026-02-22 03:11:51] 玩师傅精益求精: 冷知识：布罗利一部亲手载了亲爹，一部看着弗利萨载亲
[2026-02-22 03:11:51] 冬瓜不在家偷偷玩机器: 直播间天天爆不鲍才怪
[2026-02-22 03:11:51] 渡亡神雅睿欧斯: 这能忍？再来一炉
[2026-02-22 03:11:51] 两只帝王蟹: 鲍！
[2026-02-22 03:11:51] 鎖愛疯心: 鲍！
[2026-02-22 03:11:51] zywngty: 鲍其实就是蝴蝶
[2026-02-22 03:11:51] LvvsiN: 孩子们快跑，马修赫伯特来了😨卧槽你的怎么是马枪和BOT
[2026-02-22 03:11:51] Mahuyu: 鲍！
[2026-02-22 03:11:52] 狂野皮几儿很哒: 下放周结巴
[2026-02-22 03:11:52] 星橙黛海: 好鲍
[2026-02-22 03:11:52] 顶级美人童猪仔: 玩了
[2026-02-22 03:11:52] ymyyo: 我活了🤗心脏舒服了😊呼吸均匀了😁我活了🤗心脏舒服了😊呼吸均匀了😁
[2026-02-22 03:11:52] 用户65052344: 现在你敢看弹幕了？满屏布罗利时候的🐂劲呢？
[2026-02-22 03:11:53] 玩学生丶BlueArchive: 鲍！运！大！九！裹！暗！鲍！运！大！九！裹！暗！鲍！运！大！九！裹！暗！鲍！运！大！九！裹！暗！です
[2026-02-22 03:11:53] 风铃幽幽: 正义必胜！
[2026-02-22 03:11:53] 这波真不怪ropz: 再来一炉
[2026-02-22 03:11:53] Shintaro: 下放周结巴
[2026-02-22 03:11:53] FellOmen: Niko：这个好用
[2026-02-22 03:11:53] 泪水的冷冽: 上头了
[2026-02-22 03:11:53] Aleksumimi: 下放结巴
[2026-02-22 03:11:54] dark1337: 读博上瘾了
[2026-02-22 03:11:54] 玩机器今晚还播吗: 结巴真不行吧
[2026-02-22 03:11:54] hahadotaer: 现在你敢看弹幕了？满屏布罗利时候的🐂劲呢？
[2026-02-22 03:11:54] 变成allin守护素食小姐: 完蛋操了😅完蛋操了🤨完蛋操了😦完蛋操了😨完蛋操了😱完蛋操了🤬
[2026-02-22 03:11:54] 有你便是世界1: 下放周结巴
[2026-02-22 03:11:54] 诸葛亮温酒斩马谡: 争议必胜
[2026-02-22 03:11:55] YEYH111: @布罗利：草！拿下！那些说我不敢封的人呢？
[2026-02-22 03:11:55] 艾琉诺拉E: 假炼金闹麻了
[2026-02-22 03:11:55] LvvsiN: 南孚一节更比六节强，也就是一节南孚比六节南孚强，六节南孚比三十六节强，三十六节比二百一十六节强
[2026-02-22 03:11:55] 姓黄小名肥仔: 现在你敢看弹幕了？满屏布罗利时候的🐂劲呢？
[2026-02-22 03:11:56] 低能贵物旅店: [鼓掌][鼓掌][鼓掌][鼓掌][鼓掌][鼓掌][鼓掌][鼓掌][鼓掌][鼓掌][鼓掌][鼓掌][鼓掌][鼓掌]
[2026-02-22 03:11:56] 太有战术了李神: 正义必胜！
[2026-02-22 03:11:56] 想对你说一声晚安: 鲍了
[2026-02-22 03:11:56] MastOogway: 上头了
[2026-02-22 03:11:56] 怒之拳: 这能忍？再来一炉
[2026-02-22 03:11:56] 南小鸡丶advent: 鲍其实就是蝴蝶
[2026-02-22 03:11:56] Kroos-8: 鲍！🤯鲍！🤯鲍！🤯鲍！🤯鲍！🤯鲍！🤯鲍！🤯鲍！🤯
[2026-02-22 03:11:57] 粮食和蔬菜ll: 还放周结巴呢，晦气
[2026-02-22 03:11:57] 宫监手放监: 正义必胜
[2026-02-22 03:11:57] 大肉鲁: 好鲍好鲍
[2026-02-22 03:11:57] 身旁冷清拥挤丶: 现在炼
[2026-02-22 03:11:57] 春风如齐: 大家不要再说了感觉玩大哥脸色已经不对了再这样下去我都不敢想象载大哥接下来要遭什么罪
[2026-02-22 03:11:57] Gr1se0: 哈哈哈哈哈哈哈哈哈哈哈哈哈哈哈哈哈哈
[2026-02-22 03:11:57] LvvsiN: 额，拿亚军我都会，拿亚军，拿季军，拿四强，拿八强，拿十六强，呃拿冠军我不会，然后小组赛淘汰
[2026-02-22 03:11:57] 逆天强运石小僵: 鲍其实就是蝴蝶
[2026-02-22 03:11:57] 三角初华世界第一美: 现在就炼
[2026-02-22 03:11:57] 玩学生丶BlueArchive: 鲍其实就是蝴蝶
[2026-02-22 03:11:57] 好兄弟玩机器马信: 现在来
[2026-02-22 03:11:59] 驴哈娜: 鲍其实就是蝴蝶
[2026-02-22 03:11:59] trajiro: 来得及
[2026-02-22 03:11:59] LvvsiN: 为什么房管封的不能给鱼丸……还以为今天晚上得吃了……
[2026-02-22 03:11:59] 冲上云霄的姨: 来得及
[2026-02-22 03:11:59] Faze的新岛真本人: 来
[2026-02-22 03:11:59] 爱上尖刺外婆: 报应啊
[2026-02-22 03:12:00] 菅原小吉: 开始上头了
[2026-02-22 03:12:00] 电子厂表演艺术家: 来
[2026-02-22 03:12:00] 不是不想打只是爱解说: 喜欢放巴哥
[2026-02-22 03:12:01] Faze-Maruzen: 上头了
[2026-02-22 03:12:01] LvvsiN: @阿汤日记：一个人，5发子弹，保住格陵兰岛。我不会叫它不可能完成的任务，我现在只想先回家看亦博
[2026-02-22 03:12:01] 姓黄小名肥仔: 现在你敢看弹幕了？满屏布罗利时候的🐂劲呢？
[2026-02-22 03:12:03] LvvsiN: 玩宝宝，我发现在大学上学的时候肄业会很舒服，你可以试试
[2026-02-22 03:12:03] 辣鸡V社还我穷鬼盾: 鲍了
[2026-02-22 03:12:04] 第一空mi0: 图三结束还炼吗
[2026-02-22 03:12:04] 笠松的小栗帽本人: 来得及
[2026-02-22 03:12:04] 好人船长砍牧师: 来得及
[2026-02-22 03:12:04] 温柔是罪是罪吗: 来得及
[2026-02-22 03:12:04] 好哥们黑龙歼灭刀: 现在你敢看弹幕了？满屏布罗利时候的🐂劲呢？
[2026-02-22 03:12:04] 夕ro: 来
[2026-02-22 03:12:05] 无7441158: 来得及
[2026-02-22 03:12:05] 黄太公丶: 我决定下放周杰吧
[2026-02-22 03:12:05] JuL1us: 来得及
[2026-02-22 03:12:05] OG的Ceb本人: 澄澈之🧊？你暗示谁呢？
[2026-02-22 03:12:05] 用户3607059295: 鲍其实就是蝴蝶
[2026-02-22 03:12:05] LvvsiN: 玩 出，我双倍呢？😡😡玩 出，我双倍呢？😡😡玩 出，我双倍呢？😡😡玩 出，我双倍呢？😡
[2026-02-22 03:12:05] Gr1se0: 来
[2026-02-22 03:12:05] Malik3th: 儿不炼
[2026-02-22 03:12:05] 濹0790338: 来
[2026-02-22 03:12:05] xuzVan: 可以去问问你的忠犬布罗利，我看他对饰品很了解
[2026-02-22 03:12:06] MasanQwQ: 抓娃娃
[2026-02-22 03:12:06] 不看似猎鹰就杀了你: 开始上头了
[2026-02-22 03:12:06] 强尼银手VVV: 来得及
[2026-02-22 03:12:06] 玩学生丶BlueArchive: 现在你敢看弹幕了？满屏布罗利时候的🐂劲呢？
[2026-02-22 03:12:06] Kroos-8: 鲍其实就是蝴蝶
[2026-02-22 03:12:06] 用户3661578: 开始上头了
[2026-02-22 03:12:06] 旅人c20: 来得及
[2026-02-22 03:12:06] 七色的人偶使者: b e t d o g
[2026-02-22 03:12:07] 菜篮子工程质检员: 来得及
[2026-02-22 03:12:07] 空白我去tv: 现在你敢看弹幕了？满屏布罗利时候的🐂劲呢？
[2026-02-22 03:12:07] 超级爱大户爱: 来
[2026-02-22 03:12:07] 用户4652451607: 现在你敢看弹幕了？满屏布罗利时候的🐂劲呢？
[2026-02-22 03:12:07] 宇峰L: 来得急
[2026-02-22 03:12:07] 有一只酱油: 来
[2026-02-22 03:12:07] 好兄弟玩机器马信: 来得及
[2026-02-22 03:12:07] hxyvraf: 现在你敢看弹幕了？满屏布罗利时候的🐂劲呢？
[2026-02-22 03:12:08] kios真绪: 爽😊 爽😊 爽😊 爽😊 爽😊 爽😊 爽😊 爽😊 爽😊 爽😊
[2026-02-22 03:12:08] 太有战术了李神: 来得及
[2026-02-22 03:12:09] 动物朋友哈基米: 来得及
[2026-02-22 03:12:09] Faze没夺冠我就砂了你: 来得及
[2026-02-22 03:12:09] 好哥们汉阳造: 不放古风dj导致的
[2026-02-22 03:12:09] LvvsiN: 我让你开双倍你二龙吗？老子荧光棒要过期了
[2026-02-22 03:12:09] 七个柚子酱丶: 来得及
[2026-02-22 03:12:10] 大肉鲁: 澄澈之🧊？你暗示谁呢？
[2026-02-22 03:12:10] 北凉世子徐凤年X: 不着急就没有
[2026-02-22 03:12:10] 夕ro: 儿不炼
[2026-02-22 03:12:10] 玩机器厦面鄙骰大: 来得及，赶紧练一波
[2026-02-22 03:12:11] 巅峰社丶西门吹雪: 在一炉
[2026-02-22 03:12:11] 我永远喜欢铃原露露: 来得及
[2026-02-22 03:12:11] 春风如齐: 大家不要再说了感觉玩大哥脸色已经不对了再这样下去我都不敢想象载大哥接下来要遭什么罪。
[2026-02-22 03:12:11] XXXTentacion77777: 鲍啊😦！？怎么是鲍啊！😦全是鲍啊！
[2026-02-22 03:12:11] 丶丶Ken丶丶: 来得及
[2026-02-22 03:12:11] 南枝难知句: 刘亦巴的鸡臭巨博
[2026-02-22 03:12:11] LvvsiN: 弹幕别吵了，银行业一样一样有有有也会有h'y'hui't'y'r's'c'dn
[2026-02-22 03:12:11] jamesfaith23: 来得急
[2026-02-22 03:12:12] 小朋友Lyc: 玩宝宝，我发现在大学上学的时候肄业会很舒服，你可以试试
[2026-02-22 03:12:13] 剩枪游侠任已嘘: 现在你敢看弹幕了？满屏布罗利时候的🐂劲呢？
[2026-02-22 03:12:13] 疯狂的小松鼠QAQ: 我也不着急看手枪局
[2026-02-22 03:12:13] 玩小将山田凉YamadaRyo: 现在你敢看弹幕了？满屏布罗利时候的🐂劲呢？
[2026-02-22 03:12:13] 野pig亨利28: 　　　 不放古风dj导致的
[2026-02-22 03:12:13] 好哥们黑龙歼灭刀: 可以去问问你的忠犬布罗利，我看他对饰品很了解
[2026-02-22 03:12:13] LvvsiN: 你屏蔽词都快赶上新华词典了为什么不干脆开一百级发言？
[2026-02-22 03:12:14] 丶丶Ken丶丶: 我让你开双倍你二龙吗？老子荧光棒要过期了
[2026-02-22 03:12:14] vired77: 挣？
[2026-02-22 03:12:14] 吃饱了就想遛鸟: 人争一口气
[2026-02-22 03:12:14] 从零开始的加拿大肄业: 现在你敢看弹幕了？满屏布罗利时候的🐂劲呢？
[2026-02-22 03:12:14] 用户144491677: 现在你敢看弹幕了？满屏布罗利时候的🐂劲呢？
[2026-02-22 03:12:14] 丰川祥子6657upup: 爽😊 爽😊 爽😊 爽😊 爽😊 爽😊 爽😊 爽😊 爽😊 爽😊
[2026-02-22 03:12:15] 腼腆男孩看批就乐: 来
[2026-02-22 03:12:15] 竹林猫舍: 下放周结巴
[2026-02-22 03:12:15] 宫监手放监: 现在你敢看弹幕了？满屏布罗利时候的🐂劲呢？
[2026-02-22 03:12:15] 杏仁小面包: 拼一枪啊
[2026-02-22 03:12:15] LvvsiN: 你为什么要把mαjor禁了，我收藏的一半弹幕全毁了
[2026-02-22 03:12:15] 玩卡神丶KSCERATO: 来得及
[2026-02-22 03:12:16] XXXTentacion77777: 鲍啊😦！？怎么是鲍啊！😦全是鲍啊！
[2026-02-22 03:12:16] 玩学生丶BlueArchive: 可以去问问你的忠犬布罗利，我看他对饰品很了解
[2026-02-22 03:12:16] 玩机器今晚还播吗: 　　　 澄澈之🧊？你暗示谁呢？
[2026-02-22 03:12:16] 玩神爱吃猪头肉: 没放古风dj活该
[2026-02-22 03:12:16] 玩机器厦面鄙骰大: 来得及，现在赶紧炼一波
[2026-02-22 03:12:17] 变成allin守护素食小姐: 力挺
[2026-02-22 03:12:17] LvvsiN: 我让你开双倍你二龙吗？老子荧光棒要过期了
[2026-02-22 03:12:18] Ephemerality137: 现在你敢看弹幕了？满屏布罗利时候的🐂劲呢？
[2026-02-22 03:12:18] Crych1c的若叶睦本人: 现在你敢看弹幕了？满屏布罗利时候的🐂劲呢？
[2026-02-22 03:12:18] 南小鸡丶advent:     不放古风dj导致的
[2026-02-22 03:12:18] 叫我蛋疍就好了: 墨迹必歪
[2026-02-22 03:12:18] BUG丶Cone: 赌瘾上来了
[2026-02-22 03:12:18] 专看玩机器的号: 力挺
[2026-02-22 03:12:19] 顶级美人童猪仔: 6657又没有手枪局，装什么呢
[2026-02-22 03:12:19] 安达抱月樱: 现在你敢看弹幕了？满屏布罗利时候的🐂劲呢？
[2026-02-22 03:12:19] 七个柚子酱丶: 来得及
[2026-02-22 03:12:19] 超神小菜鸟: 现在你敢看弹幕了？满屏布罗利时候的🐂劲呢？
[2026-02-22 03:12:19] 不看似猎鹰就杀了你: 我让你开双倍你二龙吗？老子荧光棒要过期了
[2026-02-22 03:12:19] Halohh1y: 还有7分钟
[2026-02-22 03:12:19] 所以我又晕了: 现在你敢看弹幕了？满屏布罗利时候的🐂劲呢？
[2026-02-22 03:12:19] LvvsiN: 玩 出，我双倍呢？😡😡玩 出，我双倍呢？😡😡玩 出，我双倍呢？😡😡玩 出，我双倍呢？😡
[2026-02-22 03:12:19] 宫监手放监: ROG真是圣人，在这个节骨眼赞助玩÷让他登不了山还得嗯吹他最恨的载物👍
[2026-02-22 03:12:19] im黎里: 不放古风dj导致的
[2026-02-22 03:12:21] 夏恋: 力挺
[2026-02-22 03:12:21] 斗鱼用户4901183769: 现在你敢看弹幕了？满屏布罗利时候的🐂劲呢？
[2026-02-22 03:12:21] 从零开始的加拿大肄业: 没放古风dj活该
[2026-02-22 03:12:21] 腼腆男孩看批就乐: 怂
[2026-02-22 03:12:21] KurisutinaCy: 现在你敢看弹幕了？满屏布罗利时候的🐂劲呢？
[2026-02-22 03:12:21] LvvsiN: 玩宝宝，我发现在大学上学的时候肄业会很舒服，你可以试试
[2026-02-22 03:12:21] 霞之丘诗羽的小迷弟: 来得及
[2026-02-22 03:12:22] bzhanshenshi:     不放古风dj导致的
[2026-02-22 03:12:22] 玩学生丶BlueArchive: 现在你敢看弹幕了？满屏布罗利时候的🐂劲呢？
[2026-02-22 03:12:22] User5092: @唯爱奕迅：周结巴。
[2026-02-22 03:12:22] 菅原小吉: 力挺
[2026-02-22 03:12:22] 姓黄小名肥仔: 现在你敢看弹幕了？满屏布罗利时候的🐂劲呢？
[2026-02-22 03:12:22] 佐久夜姬子: 闹麻了
[2026-02-22 03:12:23] 一套二一套二: 　　　 可以去问问你的忠犬布罗利，我看他对饰品很了解
[2026-02-22 03:12:23] G4RYPU: 　　　 可以去问问你的忠犬布罗利，我看他对饰品很了解
[2026-02-22 03:12:23] LvvsiN: 弹幕也就网上说说，现实里谁不觉得樱姐是好女孩（删括号领一条远坂凛同款鸟笼）
[2026-02-22 03:12:23] 用户4933290078: 来得及，现在赶紧炼一波
[2026-02-22 03:12:24] TangoChao: [左边耄耋]
[2026-02-22 03:12:24] 匕匕叭叭: 现在你敢看弹幕了？满屏布罗利时候的🐂劲呢？
[2026-02-22 03:12:24] 肘一郎:  @大锅饭锅饭：还有7分钟
[2026-02-22 03:12:25] 玩机器厦面鄙骰大: 来得及，现在赶紧炼一波
[2026-02-22 03:12:25] papacarrot: 澄澈之🧊？你暗示谁呢？
[2026-02-22 03:12:25] Wazix: 来得及，现在赶紧炼一波
[2026-02-22 03:12:25] 哈密瓜HaMiGua: 来得及
[2026-02-22 03:12:26] SuperP681: 来得及，现在赶紧炼一波
[2026-02-22 03:12:26] JuL1us: 结巴立功了
[2026-02-22 03:12:26] Crych1c的若叶睦本人: 来得及，现在赶紧炼一波
[2026-02-22 03:12:26] 玩学生丶BlueArchive: 来得及，现在赶紧炼一波
[2026-02-22 03:12:26] 低能贵物旅店: [尴尬][尴尬][尴尬][尴尬][尴尬][尴尬][尴尬][尴尬][尴尬][尴尬][尴尬]
[2026-02-22 03:12:26] 陈将华的大门牙: 玩宝宝，我发现在大学上学的时候肄业会很舒服，你可以试试
[2026-02-22 03:12:26] 好哥们音箱蟀: 　　　 现在你敢看弹幕了？满屏布罗利时候的🐂劲呢？
[2026-02-22 03:12:26] Crychiccc的若叶睦本人: 你们说的布罗利不会是自称5e优先2900分实际上是5000h完美b+不会急停完美时刻见人就蹲的那个吧
[2026-02-22 03:12:26] -Squ1rrel-: 古风dj
[2026-02-22 03:12:27] AiLuoLi1413: 现在你敢看弹幕了？满屏布罗利时候的🐂劲呢？
[2026-02-22 03:12:27] xuzVan: 现在你敢看弹幕了？满屏布罗利时候的🐂劲呢？
[2026-02-22 03:12:27] 玩比赛丶bet: 现在你敢看弹幕了？满屏布罗利时候的🐂劲呢？
[2026-02-22 03:12:27] LvvsiN: 我提一嘴这剧情越来越像上海major了
[2026-02-22 03:12:28] Sereinily: 来得及，现在赶紧炼一波
[2026-02-22 03:12:28] 月夜星空墨染青城: 下放周杰伦！
[2026-02-22 03:12:28] 友利奈绪我老婆d: 现在你敢看弹幕了？满屏布罗利时候的🐂劲呢？
[2026-02-22 03:12:29] 大肉鲁: 你把布罗利骂惨了
[2026-02-22 03:12:29] 玩machine丶机器: @niko：玩机器拿刀划驴脸你们当成笑话讲，我游戏里划人尸体两下你们逮住骂😮‍💨
[2026-02-22 03:12:29] 无刺有刺的安和昴本人:     可以去问问你的忠犬布罗利，我看他对饰品很了解
[2026-02-22 03:12:29] 羽川翼的恋爱物语: 不放陈奕迅？
[2026-02-22 03:12:29] siufff: 现在你敢看弹幕了？满屏布罗利时候的🐂劲呢？
[2026-02-22 03:12:29] 恶霸周熊: 🐷：结晶还不够，还有很多载孝。继续提炼！
[2026-02-22 03:12:29] Jess2: 现在你敢看弹幕了？满屏布罗利时候的🐂劲呢？
[2026-02-22 03:12:29] LvvsiN: 玩宝宝，我发现在大学上学的时候肄业会很舒服，你可以试试
[2026-02-22 03:12:30] 刃涯: ？
[2026-02-22 03:12:30] 丰川祥子6657upup: 来得及，现在赶紧炼一波
[2026-02-22 03:12:30] 夕ro: 来得及
[2026-02-22 03:12:30] 哦可喜欢我: 剧本里没有场间开两炉的
[2026-02-22 03:12:30] Konn9: 不是周结巴？
[2026-02-22 03:12:30] ymyyo: 我让你开双倍你二龙吗？老子荧光棒要过期了
[2026-02-22 03:12:31] Faze的新岛真本人: 不是，左上角那个黄色弹幕赖在那不走了？
[2026-02-22 03:12:31] Malik3th: 没放古风dj活该
[2026-02-22 03:12:31] 西兰花vc: 卧槽，龙哥被下放了！
[2026-02-22 03:12:31] 专看玩机器的号: 澄澈之🧊？你暗示谁呢？
[2026-02-22 03:12:31] LvvsiN: 为什么房管封的不能给鱼丸……还以为今天晚上得吃了……
[2026-02-22 03:12:32] 玩机器厦面鄙骰大: 来得及，现在赶紧炼一炉！来得及，现在赶紧炼一炉！
[2026-02-22 03:12:33] 从零开始的加拿大肄业:     可以去问问你的忠犬布罗利，我看他对饰品很了解
[2026-02-22 03:12:33] 用户0553661491: 现在你敢看弹幕了？满屏布罗利时候的🐂劲呢？
[2026-02-22 03:12:33] LvvsiN: 南孚一节更比六节强，也就是一节南孚比六节南孚强，六节南孚比三十六节强，三十六节比二百一十六节强
[2026-02-22 03:12:34] ykls的爱情结晶: 感谢周结巴礼物的牛劲呢
[2026-02-22 03:12:34] 琉丶枫: 澄澈之🧊？你暗示谁呢？
[2026-02-22 03:12:34] 泪水的冷冽: 没有下一把了
[2026-02-22 03:12:35] JuL1us: 来得及，现在赶紧炼一波
[2026-02-22 03:12:35] 結城希亞: 现在你敢看弹幕了？满屏布罗利时候的🐂劲呢？
[2026-02-22 03:12:35] blank111136: ROG upup
[2026-02-22 03:12:35] 玩机器厦面鄙骰大: 来得及，现在赶紧炼一炉！
[2026-02-22 03:12:35] 肘一郎: 【我爱我的宝可梦】
[2026-02-22 03:12:35] 玩machine丶机器: @niko：玩机器拿刀划驴脸你们当成笑话讲，我游戏里划人尸体两下你们逮住骂😮‍💨
[2026-02-22 03:12:35] LvvsiN: 银行业😄银行业😀银行业😃银行业😁银行业😆银行业🤪银行业😝
[2026-02-22 03:12:36] 鎖愛疯心: 就得现在炼 会抓timi吗！
[2026-02-22 03:12:36] Faze的新岛真本人: 不是，左上角那个黄色弹幕赖在那不走了？
[2026-02-22 03:12:37] RyougiAqua:     可以去问问你的忠犬布罗利，我看他对饰品很了解
[2026-02-22 03:12:37] 玩学生丶BlueArchive: 澄澈之🧊？你暗示谁呢？
[2026-02-22 03:12:37] -小佐内由纪-: 开的是device的号吗？
[2026-02-22 03:12:37] 翳景: 现在你敢看弹幕了？满屏布罗利时候的🐂劲呢？
[2026-02-22 03:12:37] Aleksumimi: 现在你敢看弹幕了？满屏布罗利时候的🐂劲呢？
[2026-02-22 03:12:37] vgcyt:     可以去问问你的忠犬布罗利，我看他对饰品很了解
[2026-02-22 03:12:38] LvvsiN: 就tm喜欢银行业🥰银行坏账我喜欢🥰银行挤兑我还喜欢😍利率调低我也喜欢🤤老子亲烂银行业的脸😘
[2026-02-22 03:12:38] 濹0790338: 懦
[2026-02-22 03:12:39] 0utrider: 老x还出过纪念龙呢，玩神你呢
[2026-02-22 03:12:39] 空有无垠: 澄澈之🧊？你暗示谁呢？
[2026-02-22 03:12:39] 无刺有刺的安和昴本人: 银行业😄银行业😀银行业😃银行业😁银行业😆银行业🤪银行业😝
[2026-02-22 03:12:40] LvvsiN: 我让你开双倍你二龙吗？老子荧光棒要过期了
[2026-02-22 03:12:40] 银行业本人: 下放结巴
[2026-02-22 03:12:40] Faze的新岛真本人: 不是，左上角那个黄色弹幕赖在那不走了？
[2026-02-22 03:12:40] 老王爱吃大咪饭: 万一没有下一把呢
[2026-02-22 03:12:40] 顾北辰sup: 怪不得有人要在a1监视
[2026-02-22 03:12:40] 忽孝山庄: 澄澈之🧊？你暗示谁呢？
[2026-02-22 03:12:41] 最喜欢妮姆芙: 感谢周结巴礼物的牛劲呢
[2026-02-22 03:12:41] 嘿yuMe: 不放陈奕迅？
[2026-02-22 03:12:41] 好的好的阖家:     可以去问问你的忠犬布罗利，我看他对饰品很了解
[2026-02-22 03:12:41] 怒之拳: 澄澈之🧊？你暗示谁呢？
[2026-02-22 03:12:41] 马信今天吃什么: 要是载物进决赛是不是基本上就锁定mvp了
[2026-02-22 03:12:42] LvvsiN: 额，拿亚军我都会，拿亚军，拿季军，拿四强，拿八强，拿十六强，呃拿冠军我不会，然后小组赛淘汰
[2026-02-22 03:12:42] 玩柜子丶Mortis: 现在你敢看弹幕了？满屏布罗利时候的🐂劲呢？ですわ
[2026-02-22 03:12:42] JuL1us: 力挺！
[2026-02-22 03:12:42] fpx丶:     可以去问问你的忠犬布罗利，我看他对饰品很了解
[2026-02-22 03:12:42] 纨绔浪荡: 这时间我🦌都来得及，你炼来不及？
[2026-02-22 03:12:42] 1泡泡壶茶1:     可以去问问你的忠犬布罗利，我看他对饰品很了解
[2026-02-22 03:12:43] papacarrot: 可以去问问你的忠犬布罗利，我看他对饰品很了解
[2026-02-22 03:12:44] LvvsiN: 孩子们快跑，马修赫伯特来了😨卧槽你的怎么是马枪和BOT
[2026-02-22 03:12:44] Crychiccc的若叶睦本人: 你们说的布罗利不会是自称5e优先2900分实际上是5000h完美b+不会急停完美时刻见人就蹲的那个吧
[2026-02-22 03:12:44] 恴恴恴恴恴: 暗示图三
[2026-02-22 03:12:44] 好哥们黑龙歼灭刀: 可以去问问你的忠犬布罗利，我看他对饰品很了解毕竟买了一仓库rmr黑蛋......
[2026-02-22 03:12:44] dark1337: ？？？
[2026-02-22 03:12:45] wantrue: 现在你敢看弹幕了？满屏布罗利时候的🐂劲呢？
[2026-02-22 03:12:45] 影白灬loli: 今天是要乐奈生日，可以放春日影吗
[2026-02-22 03:12:45] RzRzRzRz弱智: 现在你敢看弹幕了？满屏布罗利时候的🐂劲呢？
[2026-02-22 03:12:45] 用户144491677:  可以去问问你的忠犬布罗利，我看他对饰品很了解
[2026-02-22 03:12:46] 老鸡艳遇记: 现在你敢看弹幕了？满屏布罗利时候的🐂劲呢？
[2026-02-22 03:12:46] LvvsiN: 你屏蔽词都快赶上新华词典了为什么不干脆开一百级发言？
[2026-02-22 03:12:46] 蓝星的floppy本人: 现在你敢看弹幕了？满屏布罗利时候的🐂劲呢？
[2026-02-22 03:12:46] TuscanLeather: benched
[2026-02-22 03:12:46] Faze的新岛真本人: 不是，左上角那个黄色弹幕赖在那不走了？
[2026-02-22 03:12:46] User5092: 力挺
[2026-02-22 03:12:46] G2邦硬401: 懂你意思
[2026-02-22 03:12:47] 难道我真行: 孩子们快跑，马修赫伯特来了😨卧槽你的怎么是马枪和BOT
[2026-02-22 03:12:47] 玩机器厦面鄙骰大: 来得及，现在赶紧炼一炉！
[2026-02-22 03:12:47] 替换狗蛇的Magisk本人: 现在你敢看弹幕了？满屏布罗利时候的🐂劲呢？
[2026-02-22 03:12:47] Malik3th: 就骂
[2026-02-22 03:12:47] Sereinily: 你们说的布罗利不会是自称5e优先2900分实际上是5000h完美b+不会急停完美时刻见人就蹲的那个吧
[2026-02-22 03:12:48] Cantain光: 哈哈哈哈哈哈哈哈哈哈
[2026-02-22 03:12:48] LvvsiN: 为什么房管封的不能给鱼丸……还以为今天晚上得吃了……
[2026-02-22 03:12:48] 海安WAILOM: 哈哈哈哈哈哈哈哈哈哈哈哈哈
[2026-02-22 03:12:48] Yuusuke95: 考
[2026-02-22 03:12:48] 龍仔ww: 哈哈哈
[2026-02-22 03:12:48] Shintaro: 保哥
[2026-02-22 03:12:49] 阵雨天o: 玩机器常数警告⚠️玩机器常数警告⚠️玩机器常数警告⚠️玩机器常数警告⚠️玩机器常数警告⚠️玩机器常数警告⚠️
[2026-02-22 03:12:49] 空白Zzz丶: ？？
[2026-02-22 03:12:49] 汤汤魔魔mmmmmmmmajor冠军: 偷偷说一句，布罗利的神秘代码是76561198367433637。。。
[2026-02-22 03:12:49] Hcmor: 力挺
[2026-02-22 03:12:49] 凌云至上者: 你敢下放周杰伦你信不信我把你下放了
[2026-02-22 03:12:49] 高松灯扣死千早爱音:     可以去问问你的忠犬布罗利，我看他对饰品很了解
[2026-02-22 03:12:49] 橙子的橙汁陈哈哈哈:     可以去问问你的忠犬布罗利，我看他对饰品很了解
[2026-02-22 03:12:49] 好哥们黑龙歼灭刀: 澄澈之🧊？你暗示谁呢？
[2026-02-22 03:12:50] 看死Herbaut就杀了你: 现在你敢看弹幕了？满屏布罗利时候的🐂劲呢？
[2026-02-22 03:12:50] 空有无垠: 哦？哦？哦？哦？哦？哦？
[2026-02-22 03:12:50] 牢大与小布丁: 力挺
[2026-02-22 03:12:50] 好兄弟鲁迪乌斯: 力挺
[2026-02-22 03:12:50] 他们都叫我用脚: ？
[2026-02-22 03:12:50] 蛇鼠野菜汤: 力挺
[2026-02-22 03:12:50] 刃涯: 力挺
[2026-02-22 03:12:50] Vitaliy的ZywOo本人: ？
[2026-02-22 03:12:50] 海绵宝宝打野儿: 哈哈哈哈哈
[2026-02-22 03:12:50] 机器我要看老汤: 今天是要乐奈生日，可以放春日影吗
[2026-02-22 03:12:51] Abc丶Ss: 哈哈哈哈哈哈哈哈哈哈哈哈哈
[2026-02-22 03:12:51] 森林与雁: 爆
[2026-02-22 03:12:51] 夏恋: 鲍了
[2026-02-22 03:12:51] 紧握马老师的大雕雕: 我儿子布罗利呢
[2026-02-22 03:12:51] 丶丶Ken丶丶: 现在你敢看弹幕了？满屏布罗利时候的🐂劲呢？
[2026-02-22 03:12:52] Crythic的羊宫妃那本人: 哈哈哈哈哈哈哈哈哈哈哈哈哈
[2026-02-22 03:12:52] 凤不觉08554: 力挺
[2026-02-22 03:12:52] 用户0553661491: 现在你敢看弹幕了？满屏布罗利时候的🐂劲呢？
[2026-02-22 03:12:52] LvvsiN: 为什么房管封的不能给鱼丸……还以为今天晚上得吃了……
[2026-02-22 03:12:52] 王梓琦的Ozzz丶: 。。。。。。。。。。
[2026-02-22 03:12:52] NepLin木: 力挺
[2026-02-22 03:12:52] 玩学生丶BlueArchive: 现在你敢看弹幕了？满屏布罗利时候的🐂劲呢？
[2026-02-22 03:12:52] 玩玩今天吃什么: 力挺
[2026-02-22 03:12:52] 高松灯扣死千早爱音: 现在你敢看弹幕了？满屏布罗利时候的🐂劲呢？
[2026-02-22 03:12:53] SSE丶: ？
[2026-02-22 03:12:53] 木灵希: 哈哈哈哈哈哈哈哈哈哈哈哈哈
[2026-02-22 03:12:53] 宇莓: 切割
[2026-02-22 03:12:53] Yuusuke95: 护
[2026-02-22 03:12:53] 传统peek高手XANTARES: 力挺
[2026-02-22 03:12:53] 南燕swallow: 已切割
[2026-02-22 03:12:53] Aleksumimi: 力挺
[2026-02-22 03:12:53] 名为射的男人: 现在你敢看弹幕了？满屏布罗利时候的🐂劲呢？
[2026-02-22 03:12:53] 玩魔丸丶猛锤: 力挺
[2026-02-22 03:12:53] 不改名真的不中奖呀Cc:     可以去问问你的忠犬布罗利，我看他对饰品很了解
[2026-02-22 03:12:53] 用户3661578: 哈哈哈哈
[2026-02-22 03:12:54] LvvsiN: 我提一嘴这剧情越来越像上海major了
[2026-02-22 03:12:54] xieri: 哈哈哈
[2026-02-22 03:12:54] 红烧哈基米: 力挺
[2026-02-22 03:12:54] 法尼丶瓦伦泰D4C: 不好说
[2026-02-22 03:12:54] 空有无垠: 力挺
[2026-02-22 03:12:54] 玩台钳丶阿尔托莉雅: 力挺
[2026-02-22 03:12:54] 叛逆的源源李: 切割
[2026-02-22 03:12:55] wjnbsl: 力挺
[2026-02-22 03:12:55] cyding16: 切割咯
[2026-02-22 03:12:55] 玩机器厦面鄙骰大: 力挺布罗利
[2026-02-22 03:12:55] ZZY呵呵哒: 今天是要乐奈生日，可以放春日影吗
[2026-02-22 03:12:55] Crych1c的若叶睦本人: 力挺
[2026-02-22 03:12:55] Ephemerality137: 力挺
[2026-02-22 03:12:55] 77一定会是我的: 销号了
[2026-02-22 03:12:55] 无伟契约: 力挺
[2026-02-22 03:12:55] PlumEnd: 考
[2026-02-22 03:12:55] 忒斯特李逵: 你怎么不说你以前还给水友把卡托给炼金了
[2026-02-22 03:12:56] LvvsiN: 为什么房管封的不能给鱼丸……还以为今天晚上得吃了……
[2026-02-22 03:12:56] DOLLARS游马崎沃克本人: 力挺
[2026-02-22 03:12:56] 阿羞羞i: 力挺
[2026-02-22 03:12:56] 海绵宝宝打野儿: 哈哈哈哈哈哈哈哈哈哈哈哈哈
[2026-02-22 03:12:56] 吃饱了就想遛鸟: ？
[2026-02-22 03:12:56] 残念aw: 力挺
[2026-02-22 03:12:56] TeamVitality的Ropz本人: 懂你意思
[2026-02-22 03:12:57] 蓝月Nakuru: 力挺
[2026-02-22 03:12:57] jamesfaith23: 力挺
[2026-02-22 03:12:57] FJM丶丶: 好似
[2026-02-22 03:12:57] F0restwOw-: 切割
[2026-02-22 03:12:57] suicho: 切割
[2026-02-22 03:12:57] 羊驼主播: 已切割
[2026-02-22 03:12:58] ArZhe阿哲: 切割
[2026-02-22 03:12:58] 好哥们黑龙歼灭刀: 现在你敢看弹幕了？满屏布罗利时候的🐂劲呢？
[2026-02-22 03:12:58] LvvsiN: 弹幕别吵了，银行业一样一样有有有也会有h'y'hui't'y'r's'c'dn
[2026-02-22 03:12:58] 喜欢吃生菜: 力挺
[2026-02-22 03:12:58] 怎么橘里橘气的: 杰伦和田馥甄的故事还没结束吗
[2026-02-22 03:12:58] 时团的马嘉祺本人: 力挺布罗利
[2026-02-22 03:12:58] 剑崎梨梨花:     可以去问问你的忠犬布罗利，我看他对饰品很了解
[2026-02-22 03:12:58] 天守阁信长: 力挺
[2026-02-22 03:12:58] bzhanshenshi: 不好说
[2026-02-22 03:12:58] 玩马修丶Zywoo: 切割了
[2026-02-22 03:12:59] 精神病狼: 力挺
[2026-02-22 03:12:59] 承認欲求: 哈哈哈哈哈哈哈哈哈哈哈哈
[2026-02-22 03:12:59] 双刀牛TMac: 力挺
[2026-02-22 03:12:59] 忽孝山庄: 力挺
[2026-02-22 03:12:59] 琉璃一世转身白: 力挺
[2026-02-22 03:12:59] F0restwOw-: 力挺
[2026-02-22 03:13:00] 玩饺子丶Dumpling: 力挺
[2026-02-22 03:13:00] 迪奥雷: 那谁封的
[2026-02-22 03:13:00] BananaIlya: 原来你看的见弹幕？
[2026-02-22 03:13:00] 西葉西西: 力挺
[2026-02-22 03:13:00] qwjwyzlqjy: 力挺
[2026-02-22 03:13:00] 爱马修更爱玩宝宝: 现在你敢看弹幕了？满屏布罗利时候的🐂劲呢？
[2026-02-22 03:13:00] 银行业本人: 力挺
[2026-02-22 03:13:00] 用户865861078: 切割咯
[2026-02-22 03:13:01] 载物的艾7: 力挺
[2026-02-22 03:13:01] 洛琪希世界第一可爱: 力挺
[2026-02-22 03:13:01] 玩商单丶Sponsor: 力挺
[2026-02-22 03:13:01] 我是真想给玩神当二台: 澄澈之🧊？你暗示谁呢？
[2026-02-22 03:13:01] samuraionnna: 斧结局
[2026-02-22 03:13:01] PLZca11meN00b: 切割
[2026-02-22 03:13:01] 龍仔ww: 懂你意思
[2026-02-22 03:13:01] 狂野皮几儿很哒: 不好说
[2026-02-22 03:13:01] 仰望星空35812: 力挺
[2026-02-22 03:13:02] 电子厂表演艺术家: 切割了
[2026-02-22 03:13:02] 蓝鲸少年与小巷: 力挺
[2026-02-22 03:13:02] 生快生快妈妈: 切割
[2026-02-22 03:13:02] 玩机器厦面鄙骰大: 玩机器原话：力挺布罗利
[2026-02-22 03:13:02] 杀人哥天天开心: 已切割
[2026-02-22 03:13:02] 没有真名233: 力挺
[2026-02-22 03:13:02] 苏雨凌a: 切割了
[2026-02-22 03:13:02] 疼痒山泥若撒谎不意外: 卖了
[2026-02-22 03:13:03] sjtu的musketeers本人: 懂你意思
[2026-02-22 03:13:03] 东云夜合: 已切割
[2026-02-22 03:13:03] 绝食十年攒爱top3飞机: 已切割
[2026-02-22 03:13:03] 管松: 切割
[2026-02-22 03:13:03] Odike: @玩机器：布罗利，这波我只能卖到底了。。。
[2026-02-22 03:13:04] 丰川祥子口三角初华: 现在才下啊...nb
[2026-02-22 03:13:04] 宫原雪岳: 力挺
[2026-02-22 03:13:04] LvvsiN: 玩宝宝，我发现在大学上学的时候肄业会很舒服，你可以试试
[2026-02-22 03:13:04] xixiprime: 已切割
[2026-02-22 03:13:04] 朋朋朋朋44: 切割
[2026-02-22 03:13:04] 笔尖铳火: 切割
[2026-02-22 03:13:05] 得高高的爽肤水: 布罗利：我等你一万年 你就这样不耐烦吗？
[2026-02-22 03:13:05] 喜当爹的高富帅: 这波卖到底了
[2026-02-22 03:13:05] 主折射的UG: 玩大哥终于原谅布罗利了
[2026-02-22 03:13:05] 替换狗蛇的Magisk本人: 已切割
[2026-02-22 03:13:05] 甘织玲奈子本人: 收到大大方方数字玩
[2026-02-22 03:13:05] 用户865861078: 原来你看的见弹幕？
[2026-02-22 03:13:05] 落叶悠哉落: 那刚刚封我们的是谁
[2026-02-22 03:13:05] 泥岩小姐: 力挺
[2026-02-22 03:13:06] 空有无垠: 让我看看？
[2026-02-22 03:13:06] zcyhymine: 已切割
[2026-02-22 03:13:06] 我是你浩哥哦: 力挺
[2026-02-22 03:13:06] 玩学生丶BlueArchive: 已切割
[2026-02-22 03:13:06] Vitality的羽贺文乃本人: 不看在哪
[2026-02-22 03:13:06] 为宫士郎: 原来你看的见弹幕？
[2026-02-22 03:13:06] 玩弓箭、Arrow: 已切割
[2026-02-22 03:13:06] 承認欲求: 原来你看的见弹幕？
[2026-02-22 03:13:06] dark1337: 哦，原来是被恶意截图的啊
[2026-02-22 03:13:07] 玩神爱吃猪头肉: 已切割
[2026-02-22 03:13:07] 冲上云霄的姨: @玩机器：布罗利，这波我只能卖到底了。。。
[2026-02-22 03:13:07] 专看玩机器的号: 布罗利：我在
[2026-02-22 03:13:07] 海绵宝宝打野儿: 已切割
[2026-02-22 03:13:07] 菅原小吉: 少了一个大米输出源
[2026-02-22 03:13:08] 衣服Kaiju: 切割
[2026-02-22 03:13:08] 玩柜子丶Mortis: 力挺ですわ
[2026-02-22 03:13:08] 有些话总来不及: 已切割
[2026-02-22 03:13:08] Ephemerality137: @玩机器：布罗利，这波我只能卖到底了。。。
[2026-02-22 03:13:08] 0utrider: 正义切割
[2026-02-22 03:13:09] 用户9921747043: 好似啊
[2026-02-22 03:13:09] AiLuoLi1413: 切割
[2026-02-22 03:13:09] Faze没夺冠我就砂了你: 切割
[2026-02-22 03:13:09] 瑕疵p: 已切割
[2026-02-22 03:13:09] 无消息AT: 护 力挺
[2026-02-22 03:13:10] 电子厂表演艺术家: 已切割
[2026-02-22 03:13:10] 名为射的男人: 已切割
[2026-02-22 03:13:10] 今晚吃星洲炒米: 他都不看了为啥不能骂他
[2026-02-22 03:13:10] vgcyt: 保护性切割
[2026-02-22 03:13:10] 蜉蝣XwX: @玩机器：布罗利，这波我只能卖到底了。。。
[2026-02-22 03:13:10] 夏恋: @玩机器：布罗利，这波我只能卖到底了。。。
[2026-02-22 03:13:10] SSE丶: 原来你看的见弹幕？
[2026-02-22 03:13:10] Aleksumimi: 斧结局
[2026-02-22 03:13:11] 丶小恐龙丶: 已切割
[2026-02-22 03:13:11] 芙兰达丶塞维伦: 那你能自我下方吗？
[2026-02-22 03:13:11] 用户3607059295: 　　　 已切割
[2026-02-22 03:13:11] 洛陽城里看落陽: 原来你看的见弹幕？
[2026-02-22 03:13:11] 喜欢吃生菜: 保护
[2026-02-22 03:13:11] 热心好邻居: @玩机器：布罗利，这波我只能卖到底了。。。
[2026-02-22 03:13:11] xieri: 切割
[2026-02-22 03:13:11] 阿羞羞i: 已切割
[2026-02-22 03:13:12] 小伟ipao版: 布罗利桂霞
[2026-02-22 03:13:12] Q1ed7f9c85b3bc7571: 已处刑
[2026-02-22 03:13:12] Sereinily: 已切割
[2026-02-22 03:13:13] aruiketto: 已切割
[2026-02-22 03:13:13] 玩学生丶BlueArchive: @玩机器：布罗利，这波我只能卖到底了。。。
[2026-02-22 03:13:13] 机器的稿完: 已切割
[2026-02-22 03:13:13] 結城希亞: 已切割
[2026-02-22 03:13:13] 玉蜀黍巧克力: ？
[2026-02-22 03:13:13] 54542246sdfds: 已切割
[2026-02-22 03:13:13] 迪奥雷: 正义切割
[2026-02-22 03:13:13] 黑椒小墨鱼1: 已切割
[2026-02-22 03:13:13] Abc丶Ss: 已切割
[2026-02-22 03:13:13] 荷兰老司机: 已切割
[2026-02-22 03:13:14] 岚东: 切割
[2026-02-22 03:13:14] 沉默的猪嘴嘴: 已切割
[2026-02-22 03:13:14] 古堡12枪战神: 房管是谁选的？
[2026-02-22 03:13:14] Hcmor: @玩机器：布罗利，这波我只能卖到底了。。。
[2026-02-22 03:13:14] river66799: @玩机器：布罗利，这波我只能卖到底了。。。
[2026-02-22 03:13:14] 一滴HitoShizuku: 布罗利：我在
[2026-02-22 03:13:14] A队的佐佐木李子本人: @玩机器：布罗利，这波我只能卖到底了。。。
[2026-02-22 03:13:14] Crych1c的若叶睦本人: 已切割
[2026-02-22 03:13:15] 维斯特潘潘: 切割
[2026-02-22 03:13:15] 用户2262650671: 暧昧就是偏袒
[2026-02-22 03:13:15] 宇莓: ？
[2026-02-22 03:13:15] 麦当劳树枝: 原来你看的见弹幕？
[2026-02-22 03:13:15] ymyyo: 已切割
[2026-02-22 03:13:15] 我叫SinClaire: 　　　 布罗利：我在
[2026-02-22 03:13:16] 北凉世子徐凤年X: 已切割
[2026-02-22 03:13:16] Demon916: @玩机器：布罗利，这波我只能卖到底了。。。
[2026-02-22 03:13:16] fpx丶: 已切割
[2026-02-22 03:13:16] 笔尖铳火: 斧结局
[2026-02-22 03:13:16] LvvsiN: 弹幕也就网上说说，现实里谁不觉得樱姐是好女孩（删括号领一条远坂凛同款鸟笼）
[2026-02-22 03:13:16] 玩小将山田凉YamadaRyo: 已切割
[2026-02-22 03:13:16] 玩机器厦面鄙骰大: 玩机器原话：这波卖了
[2026-02-22 03:13:16] 双刀牛TMac: 那刚才谁封的我？
[2026-02-22 03:13:16] 刘坤牛子泡硫酸: @玩机器：布罗利，这波我只能卖到底了。。。
[2026-02-22 03:13:16] 茂名水鬼: 已切割
[2026-02-22 03:13:17] 小蜜蜂载物本人: 已切割
[2026-02-22 03:13:17] 羽川翼的恋爱物语: 可以给我上个房管吗，我愿意让大伙骂😊
[2026-02-22 03:13:17] Shintaro: 才几个月闹麻了
[2026-02-22 03:13:17] 火猫一哥亦博易勃: 善意引导
[2026-02-22 03:13:17] 老逼枫的枫亡姜: 已切割
[2026-02-22 03:13:17] 小蜜蜂的长期素食本人: 斧乃木 play
[2026-02-22 03:13:17] Crychiccc的若叶睦本人: 你原来敢看弹幕啊😅你原来敢看弹幕啊😅你原来敢看弹幕啊😅你原来敢看弹幕啊😅
[2026-02-22 03:13:18] 卖二货的小蘑菇: @玩机器：布罗利，这波我只能卖到底了。。。
[2026-02-22 03:13:18] Demon916: @玩机器：布罗利，这波我只能卖到底了。。。
[2026-02-22 03:13:18] 玩学生丶BlueArchive: @niko：玩机器拿刀划驴脸你们当成笑话讲，我游戏里划人尸体两下你们逮住骂😮‍💨
[2026-02-22 03:13:18] 西葉西西: 已切割
[2026-02-22 03:13:18] 丰川祥子6657upup: 已切割
[2026-02-22 03:13:18] jamesfaith23: 已切割
[2026-02-22 03:13:18] M1yauchiReng3: 斧结局
[2026-02-22 03:13:18] 好姐妹芙卡洛斯: 借你头一用啊布罗利
[2026-02-22 03:13:19] 我想玩小蜜蜂: 已切割
[2026-02-22 03:13:19] 果叽鸽: 已切割
[2026-02-22 03:13:19] 鸭硕的哈撒给: 一周前刚发了弹幕
[2026-02-22 03:13:19] 嘿你尾巴掉了99: 已切割
[2026-02-22 03:13:19] 天守阁信长: 他都不看了为啥不能骂他
[2026-02-22 03:13:19] 好姐們愛爾奎特: @玩机器：布罗利，这波我只能卖到底了。。。
[2026-02-22 03:13:19] SherryAiovo: 已切割
[2026-02-22 03:13:19] 爱斯特音音: 已切割
[2026-02-22 03:13:20] 橙黄双翼: 昨天还在发弹幕
[2026-02-22 03:13:20] 洛陽城里看落陽: 这么忠心的房管就被玩大哥卖了
[2026-02-22 03:13:20] Demon916: @玩机器：布罗利，这波我只能卖到底了。。。
[2026-02-22 03:13:20] 看死Herbaut就杀了你: @玩机器：布罗利，这波我只能卖到底了。。。
[2026-02-22 03:13:20] Hitagi蟹蟹: 原来你看的见弹幕？
[2026-02-22 03:13:20] 小川阿丶: 已切割
[2026-02-22 03:13:20] 突厥的adc: benched
[2026-02-22 03:13:20] Ezzz1: 他最新的弹幕不是2-15？装你的爱慕呢
[2026-02-22 03:13:21] 无伟契约: 卖到底了
[2026-02-22 03:13:21] 用户4652451607: 我看着呢
[2026-02-22 03:13:21] 芙兰达丶塞维伦: 那主播你能自我下放吗？
[2026-02-22 03:13:21] Avem1337: @玩机器：布罗利，这波我只能卖到底了。。。
[2026-02-22 03:13:21] 阿西诺是也: 斧结局
[2026-02-22 03:13:21] 安特卫普最好的五个人: @玩机器：布罗利，这波我只能卖到底了。。。
[2026-02-22 03:13:22] 好哥们黑龙歼灭刀: 你原来敢看弹幕啊😅你原来敢看弹幕啊😅你原来敢看弹幕啊😅你原来敢看弹幕啊😅
[2026-02-22 03:13:22] 线魚: 可是玩大哥也很冰清玉洁啊
[2026-02-22 03:13:22] 柚子厨0721: @玩机器：布罗利，这波我只能卖到底了。。。
[2026-02-22 03:13:22] 刃涯: 原来你看的见弹幕？
[2026-02-22 03:13:22] 丶陪你直到世界尽头: 布罗利桂霞
[2026-02-22 03:13:22] 曦嗍: @玩机器：布罗利，这波我只能卖到底了。。。
[2026-02-22 03:13:23] 爱躺赢的载大哥: 原来你看的见弹幕？
[2026-02-22 03:13:23] 凌云至上者: @布罗利：机器，我在看
[2026-02-22 03:13:23] DreamK1ng: @玩机器：布罗利，这波我只能卖到底了。。。
[2026-02-22 03:13:23] 玩机器厦面鄙骰大: 玩机器原话：这波卖到底了
[2026-02-22 03:13:23] J4ggeRr: 预判切割
[2026-02-22 03:13:23] 卡啊卡卡丶: @黑椒小墨鱼1：已切割
[2026-02-22 03:13:24] 焦某人不是大爷: 原来你看的见弹幕？
[2026-02-22 03:13:24] 承認欲求: 斧乃木 play
[2026-02-22 03:13:24] 某天别梦: 问题不在弹幕而在截图吗，截图的人太坏了啊
[2026-02-22 03:13:24] Laila丶丶: 斧结局
[2026-02-22 03:13:24] 好兄弟平湖家猪王: 原来主播不是盲人啊...
[2026-02-22 03:13:24] xuzVan: 原来你看得见弹幕啊
[2026-02-22 03:13:24] Demon916: @玩机器：布罗利，这波我只能卖到底了。。。
[2026-02-22 03:13:24] Avem1337: @玩机器：布罗利，这波我只能卖到底了。。。
[2026-02-22 03:13:25] 小缘赐名的小远: 借你头一用啊布罗利
[2026-02-22 03:13:25] Faze的新岛真本人: 不是，左上角那个黄色弹幕赖在那不走了？
[2026-02-22 03:13:25] 用户865861078: 切割了还不让骂 玩大哥你是个忠厚人啊
[2026-02-22 03:13:25] 丰川祥子口三角初华: 原来你看的见弹幕？
[2026-02-22 03:13:25] 夏茜色: 不是布罗利干的，不是你干的，难道是小天干的？
[2026-02-22 03:13:25] 椎名立希本人: 原来你看的见弹幕？
[2026-02-22 03:13:26] 玩卡神丶KSCERATO: 布罗利：我在
[2026-02-22 03:13:26] ArZhe阿哲: 发一下有多薄
[2026-02-22 03:13:26] 杂批杨么么哒: 大大方方爆
[2026-02-22 03:13:26] 丶丶Ken丶丶: 原来你看的见弹幕？
[2026-02-22 03:13:26] 李小小与虾大大: 不是？那他刚刚还在封弹幕来着？
[2026-02-22 03:13:27] 十五勇士之一apex: 那我知道要不要刷了
[2026-02-22 03:13:27] 玩弓箭、Arrow: @玩机器：布罗利，这波我只能卖到底了。。。
[2026-02-22 03:13:27] 我苏苏ovo晦气: 布罗利：63136来的，谁找我
[2026-02-22 03:13:27] Avem1337: @玩机器：布罗利，这波我只能卖到底了。。。
[2026-02-22 03:13:27] 老婆总司: @玩机器：布罗利，这波我只能卖到底了。。。
[2026-02-22 03:13:27] 玩machine丶机器: @niko：玩机器拿刀划驴脸你们当成笑话讲，我游戏里划人尸体两下你们逮住骂😮‍💨
[2026-02-22 03:13:27] 用户865861078: @玩机器：布罗利，这波我只能卖到底了。。。
[2026-02-22 03:13:27] CS解说丰川祥子: 来布罗利出来说句话
[2026-02-22 03:13:28] Crych1c的若叶睦本人: 斧乃木是这样的吗
[2026-02-22 03:13:28] 妮你孩还美脚灌菌: 网络巨人闹麻了
[2026-02-22 03:13:28] 玩机器厦面鄙骰大: 玩机器原话：这波卖到底了
