# room_id=6979222 host=玩机器丶Machine title=小众宝藏结晶直播 live_time= fetch_time=2026-02-21 23:45:46
[2026-02-22 00:39:40] LvvsiN: 你为什么要把mαjor禁了，我收藏的一半弹幕全毁了
[2026-02-22 00:39:40] 海绵宝宝dinner: 👆🤓👇我从山中来👆🤓👇带着兰花草👆🤓👇家中无富贵👆🤓👇口袋无财宝👆🤓👇
[2026-02-22 00:39:40] 杰里科丶: 👆🤓👇我从山中来👆🤓👇带着兰花草👆🤓👇家中无富贵👆🤓👇口袋无财宝👆🤓👇
[2026-02-22 00:39:40] Moe1e: nexa：这人堵点怎么不是5050
[2026-02-22 00:39:41] Naphtia: 👆🤓👇我从山中来👆🤓👇带着兰花草👆🤓👇家中无富贵👆🤓👇口袋无财宝👆🤓👇
[2026-02-22 00:39:41] clusage: 你在搜康康❓还是郑永康❓你只需要知道他是亚洲顶级决斗者👆无畏契约的小天使❗康康💞一骑绝尘
[2026-02-22 00:39:41] 正经猪头肉: 闹麻了
[2026-02-22 00:39:41] 长舟z: 玩大哥，PV另外三个人和上帝组队之前在哪的，能不能介绍下
[2026-02-22 00:39:41] 小浩然不吃米饭: 我从山中来👆🤓👇带着兰花草👆🤓👇家中无富贵👆🤓👇口袋无财宝👆🤓👇
[2026-02-22 00:39:41] 玩机器厦面鄙骰大: 👆🤓👇我从山中来👆🤓👇带着兰花草👆🤓👇家中无富贵👆🤓👇口袋无财宝👆🤓👇
[2026-02-22 00:39:41] HapCam: 闹麻了，老鼠还不如猎鹰呢，猎鹰还能赢一张图
[2026-02-22 00:39:42] 无刘海美女: 可惜
[2026-02-22 00:39:42] SaintHamood: wtf这过点
[2026-02-22 00:39:42] 鲤鱼1: 可惜
[2026-02-22 00:39:42] 就爱吃辣咋的: 3分够吗
[2026-02-22 00:39:42] 早安丿章鱼哥: 罪！
[2026-02-22 00:39:42] LvvsiN: @老汤日记:丹麦总统让我静音接触白宫，这应该是我最后一次看儿子直播了，机器，我爱你...
[2026-02-22 00:39:42] dian俏皮话: 【AI】玩机器，我***，你个**（已自动屏蔽）
[2026-02-22 00:39:42] 沐风Charlie: 爆！
[2026-02-22 00:39:42] 99组的爱城华恋本人: 南孚一节更比六节强，也就是一节南孚比六节南孚强，六节南孚比三十六节强，三十六节比二百一十六节强
[2026-02-22 00:39:43] 白浅优理: 👆🤓👇我从山中来👆🤓👇带着兰花草👆🤓👇家中无富贵👆🤓👇口袋无财宝👆🤓👇
[2026-02-22 00:39:43] 我不是玩父: 👆🤓👇我从山中来👆🤓👇带着兰花草👆🤓👇家中无富贵👆🤓👇口袋无财宝👆🤓👇
[2026-02-22 00:39:43] 鸟儿在头顶把森林叫醒: 爆！
[2026-02-22 00:39:43] Vitality的Kyojin本人: 罪
[2026-02-22 00:39:43] 鹿公爷: 罪
[2026-02-22 00:39:43] 梦的星: 3分够吗
[2026-02-22 00:39:43] 秋茶小雪: 硬
[2026-02-22 00:39:44] 魏武遗风Z: 👆🤓👇我从山中来👆🤓👇带着兰花草👆🤓👇家中无富贵👆🤓👇口袋无财宝👆🤓👇
[2026-02-22 00:39:44] 利茲與青鸟: 康神的狂徒好狠啊
[2026-02-22 00:39:44] 网友阿草: 3分够吗
[2026-02-22 00:39:44] 机器机器祝你天天开心: 罪
[2026-02-22 00:39:44] 玉米卧槽: 鹰角蟹
[2026-02-22 00:39:44] 岛田王师傅: 罪
[2026-02-22 00:39:45] 用户5608006019: 可惜
[2026-02-22 00:39:45] 鲤鱼1: 👆🤓👇我从山中来👆🤓👇带着兰花草👆🤓👇家中无富贵👆🤓👇口袋无财宝👆🤓👇
[2026-02-22 00:39:45] 法式卡神: 罪
[2026-02-22 00:39:45] 5m1le: 👆🤓👇我从山中来👆🤓👇带着兰花草👆🤓👇家中无富贵👆🤓👇口袋无财宝👆🤓👇
[2026-02-22 00:39:45] 绀海恋歌丶: 可惜
[2026-02-22 00:39:45] C9的moloris本人: 【AI】玩机器，我***，你个**（已自动屏蔽）
[2026-02-22 00:39:45] 玩机器厦面鄙骰大: @Jame：康康你先别转瓦。@Jame：康康你先别转瓦。
[2026-02-22 00:39:45] 我是焯人强: 罪
[2026-02-22 00:39:45] Dyh0417: 👆🤓👇我从山中来👆🤓👇带着兰花草👆🤓👇家中无富贵👆🤓👇口袋无财宝👆🤓👇
[2026-02-22 00:39:45] 我的ad不是混子: 罪
[2026-02-22 00:39:46] valorant玩机器: @mouz：我好像……不能去尽孝了……
[2026-02-22 00:39:46] liwored: 可惜
[2026-02-22 00:39:46] 2635174919: pilo
[2026-02-22 00:39:46] Error404UMP45: 可惜
[2026-02-22 00:39:46] 永出塔菲: 可惜
[2026-02-22 00:39:46] Killajoy: 罪
[2026-02-22 00:39:46] 小小小蕉: 罪
[2026-02-22 00:39:46] 玩小将本人: 👆🤓👇我从山中来👆🤓👇带着兰花草👆🤓👇家中无富贵👆🤓👇口袋无财宝👆🤓👇
[2026-02-22 00:39:47] 夏空喵: 罪
[2026-02-22 00:39:47] B1sh0p丶: 这样拉？
[2026-02-22 00:39:47] 风在山路吹1161: 👆🤓👇我从山中来👆🤓👇带着兰花草👆🤓👇家中无富贵👆🤓👇口袋无财宝👆🤓👇
[2026-02-22 00:39:47] 狸仙人420: @mouz：niko你为什么给kk送ak
[2026-02-22 00:39:47] 不可一世ji豪: 　　　 👆🤓👇我从山中来👆🤓👇带着兰花草👆🤓👇家中无富贵👆🤓👇口袋无财宝👆
[2026-02-22 00:39:47] 疯狂的蓝月亮i: 👆🤓👇我从山中来👆🤓👇带着兰花草👆🤓👇家中无富贵👆🤓👇口袋无财宝👆🤓👇
[2026-02-22 00:39:47] 往彳亍: 爆！
[2026-02-22 00:39:47] 玩老鼠丶Roxy: 罪
[2026-02-22 00:39:48] cyding16: ciallo
[2026-02-22 00:39:48] 黑白玄鸟: 硬
[2026-02-22 00:39:48] 1039210: 第一个接得帅
[2026-02-22 00:39:48] LvvsiN: @老汤日记:丹麦总统让我静音接触白宫，这应该是我最后一次看儿子直播了，机器，我爱你...
[2026-02-22 00:39:48] 丶小恐龙丶: 罪
[2026-02-22 00:39:48] 工业化战士: 可惜
[2026-02-22 00:39:48] 玩斯特出出6657: 罪
[2026-02-22 00:39:49] 啊菠萝CN: 👆🤓👇我从山中来👆🤓👇带着兰花草👆🤓👇家中无富贵👆🤓👇口袋无财宝👆🤓👇
[2026-02-22 00:39:49] 哦斯特哦哦: 罪
[2026-02-22 00:39:49] don斯特kk: 罪
[2026-02-22 00:39:49] 白皇的三千院Nagi本人: 罪
[2026-02-22 00:39:49] Vio呆头鹅: 👆🤓👇我从山中来👆🤓👇带着兰花草👆🤓👇家中无富贵👆🤓👇口袋无财宝👆🤓👇
[2026-02-22 00:39:49] 咕咕嘎嘎major冠军: 罪
[2026-02-22 00:39:50] 土俗火焰: kk这反应
[2026-02-22 00:39:50] 玩机器的内部托们: 可惜
[2026-02-22 00:39:50] 用户3257051689: 👆🤓👇我从山中来👆🤓👇带着兰花草👆🤓👇家中无富贵👆🤓👇口袋无财宝👆🤓👇
[2026-02-22 00:39:50] 浮世清欢wd: 罪
[2026-02-22 00:39:50] 爱道冠: 👆🤓👇我从山中来👆🤓👇带着兰花草👆🤓👇家中无富贵👆🤓👇口袋无财宝👆🤓👇
[2026-02-22 00:39:51] 众黏液之父desu特wawa: 👆🤓👇我从山中来👆🤓👇带着兰花草👆🤓👇家中无富贵👆🤓👇口袋无财宝👆🤓👇
[2026-02-22 00:39:51] 假小子是对的: 抗渗尽力了
[2026-02-22 00:39:51] 那个夏天了: 宫监手！准备放监！🏹🏹🏹🏹宫监手！准备放监！🏹🏹🏹🏹宫监
[2026-02-22 00:39:51] jianxideminggzi: 罪
[2026-02-22 00:39:51] mmc88dj: 罪
[2026-02-22 00:39:51] 你成功通过了我的考验: 罪
[2026-02-22 00:39:52] 野猪家猪: 糯了
[2026-02-22 00:39:52] 薛茂华真帅啊哈哈哈: 在线榜地12名千早爱音给你送钻粉你咋不谢（11级发不了言代发）
[2026-02-22 00:39:52] 木野子一号迷弟: 罪
[2026-02-22 00:39:52] 蝶花月: 罪
[2026-02-22 00:39:52] 5m1le: 👆🤓👇我从山中来👆🤓👇带着兰花草👆🤓👇家中无富贵👆🤓👇口袋无财宝👆🤓👇
[2026-02-22 00:39:52] 旧城乀873: 闹麻了，老鼠还不如猎鹰呢，猎鹰还能赢一张图
[2026-02-22 00:39:52] 诺克萨斯智力: 罪！
[2026-02-22 00:39:53] 安和昴的男友本人: 罪
[2026-02-22 00:39:53] 秋茶小雪: 259 play
[2026-02-22 00:39:53] 骑电瓶加油努力: 3分够了
[2026-02-22 00:39:53] 含泪办卡: 卧槽这年轻人
[2026-02-22 00:39:53] 微笑代替一切: 上帝哪里找来的这些天兵天将啊上帝哪里找来的这些天兵天将啊
[2026-02-22 00:39:53] 小昊的yimon阿爱发烧: 罪
[2026-02-22 00:39:53] 人活着就是为了玩乐队: 罪
[2026-02-22 00:39:53] 有S冠的JackeyLove本人: @mouz：我好像……不能去尽孝了……
[2026-02-22 00:39:53] 内江战神蒋林川: 👆🤓👇我从山中来👆🤓👇带着兰花草👆🤓👇家中无富贵👆🤓👇口袋无财宝👆🤓👇
[2026-02-22 00:39:54] 狂野皮几儿很哒: @Jame：康康你先别转瓦。@Jame：康康你先别转瓦。
[2026-02-22 00:39:54] 星海羽弦: @mouz：niko你为什么给kk送ak
[2026-02-22 00:39:54] 薛茂华真帅啊哈哈哈: 在线榜地12名千早爱音给你送钻粉你咋不谢（11级发不了言代发）
[2026-02-22 00:39:54] LvvsiN: 玩宝宝，我发现在大学上学的时候肄业会很舒服，你可以试试
[2026-02-22 00:39:54] 万乔平SYDFFFES: 小夫恼怒闹夫小，夫小恼怒闹小夫，夫怒小恼夫更怒，小恼夫怒小怕夫
[2026-02-22 00:39:55] 暴力卓司: 查询屏蔽词: 便 编 辩 遍 变 汴
[2026-02-22 00:39:55] 白河日和: 罪
[2026-02-22 00:39:55] 千古恨轮回尝061: 处刑😆处刑🤣处刑😄处刑😅处刑😋处刑🤪处刑😝处刑🤗处刑🤭
[2026-02-22 00:39:55] 苦来兮苦的祥子本人: 玩大哥，PV另外三个人和上帝组队之前在哪的，能不能介绍下
[2026-02-22 00:39:55] 用户2421654511: 玩大哥，PV另外三个人和上帝组队之前在哪的，能不能介绍下
[2026-02-22 00:39:55] 快乐术宗师: 259play
[2026-02-22 00:39:55] 中X千早爱音: 罪
[2026-02-22 00:39:56] 看到pussy流出milk才死心: 爆！爆！爆！
[2026-02-22 00:39:56] wedd1ddeJodd: 康神的狂徒好狠啊
[2026-02-22 00:39:56] 用户3661578: 39必翻？
[2026-02-22 00:39:56] 花美未必摘: 抗渗尽力了
[2026-02-22 00:39:56] 洋芋粑粑头: 滚回山中去
[2026-02-22 00:39:56] BleksiA: @Jame：kk，你千万别转瓦
[2026-02-22 00:39:57] 热心好邻居: 罪
[2026-02-22 00:39:57] Speherm: 康神的狂徒好狠啊
[2026-02-22 00:39:57] 若叶睦吃苦瓜:  可惜
[2026-02-22 00:39:57] 薛茂华真帅啊哈哈哈: 在线榜地12名千早爱音给你送钻粉你咋不谢（11级发不了言代发）
[2026-02-22 00:39:57] 玩宝路、Marlboro: 宫监手！准备放监！🏹🏹🏹🏹宫监手！准备放监！🏹🏹🏹🏹宫监
[2026-02-22 00:39:58] suo不粗话: 扛渗尽力了
[2026-02-22 00:39:58] C7iyo: 男的女的？
[2026-02-22 00:39:58] 玩斯特出出6657: 三分父爱
[2026-02-22 00:39:58] 湖上风72121: 闹麻了，老鼠还不如猎鹰呢，猎鹰还能赢一张图
[2026-02-22 00:39:58] 用户02938034: 罪
[2026-02-22 00:39:58] znnoy: 康神开播啦🤩真的假的❓我靠💥真开播了🤭没胖😣我真比以前瘦了啊💪🏻你再这样说我胖了👄
[2026-02-22 00:39:58] 99999丶中奖保送: 👆🤓👇我从山中来👆🤓👇带着兰花草👆🤓👇家中无富贵👆🤓👇口袋无财宝👆🤓👇
[2026-02-22 00:39:58] rem3dy: 111
[2026-02-22 00:39:58] 土俗火焰: kk这反应真快吧
[2026-02-22 00:39:59] 150403117: 爆！爆！爆！
[2026-02-22 00:39:59] 白皇的三千院Nagi本人: @mouz：我好像……不能去尽孝了……
[2026-02-22 00:40:00] 歌谷爱墨迹: 👆🤓👇我从山中来👆🤓👇带着兰花草👆🤓👇家中无富贵👆🤓👇口袋无财宝👆🤓👇
[2026-02-22 00:40:00] desuwa的丰川祥子本人: kk尽力了
[2026-02-22 00:40:00] 黑化的玩小将: 不开双倍你就下播来
[2026-02-22 00:40:00] 变成allin守护素食小姐: ⚠️警报解除⚠️警报解除⚠️警报解除⚠️警报解除⚠️警报解除⚠️警报解除⚠️
[2026-02-22 00:40:00] 薛茂华真帅啊哈哈哈: 在线榜地12名千早爱音给你送钻粉你咋不谢（11级发不了言代发）
[2026-02-22 00:40:00] 苦来兮苦的祥子本人: 👆🤓👇我从山中来👆🤓👇带着兰花草👆🤓👇家中无富贵👆🤓👇口袋无财宝👆🤓👇
[2026-02-22 00:40:00] 鲸鱼向海鲸鱼向海: kk:原本我没想酱味大鸡🤯🤯🤯
[2026-02-22 00:40:00] 直播然后捡到女大学生: 闹麻了，老鼠还不如猎鹰呢，猎鹰还能赢一张图
[2026-02-22 00:40:01] 科比劳大爱肘击: 👆🤓👇我从山中来👆🤓👇带着兰花草👆🤓👇家中无富贵👆🤓👇口袋无财宝👆🤓👇
[2026-02-22 00:40:01] 玩青梅、sakiko: 👆🤓👇我从山中来👆🤓👇带着兰花草👆🤓👇家中无富贵👆🤓👇口袋无财宝👆🤓👇
[2026-02-22 00:40:01] znnoy: 康神开播啦🤩真的假的❓我靠💥真开播了🤭没胖😣我真比以前瘦了啊💪🏻你再这样说我胖了👄
[2026-02-22 00:40:01] 千古恨轮回尝061: 卧槽，broky把大表哥那个了
[2026-02-22 00:40:01] zzznnni: 三分够吗
[2026-02-22 00:40:01] 喜欢玩神desuwa: 👆🤓👇我从山中来👆🤓👇带着兰花草👆🤓👇家中无富贵👆🤓👇口袋无财宝👆🤓👇
[2026-02-22 00:40:01] -DJANGO-: 罪
[2026-02-22 00:40:01] hutji: 三分父爱
[2026-02-22 00:40:02] 我真是透了两个老比啊: @mouz：我好像……不能去尽孝了……
[2026-02-22 00:40:02] 白石黑云: 👆🤓👇我从山中来👆🤓👇带着兰花草👆🤓👇家中无富贵👆🤓👇口袋无财宝👆🤓👇
[2026-02-22 00:40:02] 浅笑那段忆gu: 39必翻？
[2026-02-22 00:40:03] 用户9187888413: 康神的狂徒好狠啊
[2026-02-22 00:40:03] N1Ko28: PV这些年轻人哪找来的
[2026-02-22 00:40:03] 薛茂华真帅啊哈哈哈: 在线榜地12名千早爱音给你送钻粉你咋不谢（11级发不了言代发）
[2026-02-22 00:40:03] Th0tiana: @mouz：niko你为什么给kk送ak
[2026-02-22 00:40:03] 黑化的玩小将: 不开双倍你就下播来
[2026-02-22 00:40:03] 奖励自己一把卡尔: kk真准啊 今天这把
[2026-02-22 00:40:03] 地下室的女高中生: 在线榜地12名千早爱音给你送钻粉你咋不谢（11级发不了言代发）
[2026-02-22 00:40:03] C9的moloris本人: @mouz：我好像……不能去尽孝了……
[2026-02-22 00:40:04] SideChannel: 宫监手！准备放监！🏹🏹🏹🏹宫监手！准备放监！🏹🏹🏹🏹宫监
[2026-02-22 00:40:04] 銀傷: 闹麻了，老鼠还不如猎鹰呢，猎鹰还能赢一张图
[2026-02-22 00:40:04] znnoy: 康神开播啦🤩真的假的❓我靠💥真开播了🤭没胖😣我真比以前瘦了啊💪🏻你再这样说我胖了👄
[2026-02-22 00:40:04] 王师傅我能摸狗狗吗: 玩大哥，PV另外三个人和上帝组队之前在哪的，能不能介绍下
[2026-02-22 00:40:04] 用户0083645032: 神爱世人
[2026-02-22 00:40:05] LvvsiN: 就tm喜欢银行业🥰银行坏账我喜欢🥰银行挤兑我还喜欢😍利率调低我也喜欢🤤老子亲烂银行业的脸😘
[2026-02-22 00:40:05] 凝视深渊丶玩叽叽: 康神的狂徒好狠啊
[2026-02-22 00:40:05] 薛茂华真帅啊哈哈哈: 在线榜地12名千早爱音给你送钻粉你咋不谢（11级发不了言代发）
[2026-02-22 00:40:05] 千古恨轮回尝061: 卧槽，broky把大表哥那个了
[2026-02-22 00:40:06] 麻顺米: @🗿：我依然是最高的山！😎
[2026-02-22 00:40:06] 小蜜蜂的长期素食本人: kk:原本我没想酱味大鸡🤯🤯🤯
[2026-02-22 00:40:06] 狸仙人420: kk:原本我没想酱味大鸡🤯🤯🤯
[2026-02-22 00:40:06] 只打瘸子那条腿: 本来至少5分，结果3分可以gg了
[2026-02-22 00:40:06] 愿良辰美景: @mouz：我好像……不能去尽孝了……
[2026-02-22 00:40:06] hylROCKY: 查询屏蔽词: 便 编 辩 遍 变 汴
[2026-02-22 00:40:06] 凛月尹: 三分够吗
[2026-02-22 00:40:06] 黑化的玩小将: 不开双倍你就下播来
[2026-02-22 00:40:06] 王佰柒柒: 弹幕最好别串玩神，我刚从黑屋里出来
[2026-02-22 00:40:06] 半个盛唐c: 康神的狂徒好狠啊
[2026-02-22 00:40:07] 好哥们黑龙歼灭刀: ⚠️警报解除⚠️警报解除⚠️警报解除⚠️警报解除⚠️警报解除⚠️警报解除⚠️
[2026-02-22 00:40:07] 橘子味儿小baby: 卧槽，broky把大表哥那个了
[2026-02-22 00:40:07] 火暴兽也干了: @mouz：我好像……不能去尽孝了……
[2026-02-22 00:40:07] 天诩sky: Zywoo:第一个发银行业的被禁言了，而第一个....
[2026-02-22 00:40:08] 薛茂华真帅啊哈哈哈: 在线榜地12名千早爱音给你送钻粉你咋不谢（11级发不了言代发）
[2026-02-22 00:40:08] 啊哦可惜我是绅士: ╰🐷╯⎝🐷⎠╰🐷╯⎝🐷⎠╰🐷╯⎝🐷⎠╰🐷╯⎝🐷⎠╰🐷╯⎝🐷⎠╰🐷╯
[2026-02-22 00:40:08] 玩弓箭、Arrow: @mouz：我好像……不能去尽孝了……
[2026-02-22 00:40:08] 稻香小弟想66: 康神的狂徒好狠啊
[2026-02-22 00:40:08] 雾雨魔理沙ZE: ⚠️警报解除⚠️警报解除⚠️警报解除⚠️警报解除⚠️警报解除⚠️警报解除⚠️
[2026-02-22 00:40:08] 渴望和老马击剑: 对尼孩驴的人身攻击是幽默玩梗，对载物的人身攻击是素质低下赛吧犬，弹幕要分得清
[2026-02-22 00:40:08] xOcOg: donk：有感觉吗，donk来v了
[2026-02-22 00:40:08] 丶小恐龙丶: 滚回山中去
[2026-02-22 00:40:09] Fywoo259: 在线榜地12名千早爱音给你送钻粉你咋不谢（11级发不了言代发）
[2026-02-22 00:40:09] 求奶我今年考不上重大: 没人期待输比赛之后梨花带雨的托子嘛。。。
[2026-02-22 00:40:09] 涼風涼風涼: kk:原本我没想酱味大鸡🤯🤯🤯
[2026-02-22 00:40:10] 黑化的玩小将: 不开双倍你就下播来
[2026-02-22 00:40:10] mvp是谁: 玩大哥你在石家庄哪，昨天不是说好的老鼠吗
[2026-02-22 00:40:10] 比阿雨更爱玩机器: 康神开播啦🤩真的假的❓我靠💥真开播了🤭没胖😣我真比以前瘦了啊💪🏻你再这样说我胖了👄
[2026-02-22 00:40:10] 蓝二乘1: ⚠️警报解除⚠️警报解除⚠️警报解除⚠️警报解除⚠️警报解除⚠️警报解除⚠️
[2026-02-22 00:40:10] 薛茂华真帅啊哈哈哈: 在线榜地12名千早爱音给你送钻粉你咋不谢（11级发不了言代发）
[2026-02-22 00:40:10] 猫帘: 在线榜地12名千早爱音给你送钻粉你咋不谢（11级发不了言代发）
[2026-02-22 00:40:10] 玩觉醒丶Persona: @Mouz：我好像……不能去尽孝了……
[2026-02-22 00:40:11] 白皇的三千院Nagi本人: 卧槽，broky把大表哥那个了
[2026-02-22 00:40:11] 徐弃安: 主仁爱世人
[2026-02-22 00:40:11] 神马米洛: kk:原本我没想酱味大鸡🤯🤯🤯
[2026-02-22 00:40:11] 我吃柠檬树: 在线榜地12名千早爱音给你送钻粉你咋不谢（11级发不了言代发）
[2026-02-22 00:40:11] 向日葵Samurai: 抗渗就得玩狂徒啊
[2026-02-22 00:40:11] 长舟z: 三分够吗
[2026-02-22 00:40:12] 宇莓: 在线榜地12名千早爱音给你送钻粉你咋不谢（11级发不了言代发）
[2026-02-22 00:40:12] 汤汤杜杜major冠军: @mouz：我好像……不能去尽孝了……
[2026-02-22 00:40:12] 伦敦千早爱: 我朋友千早爱音给你送钻石粉丝你咋不谢谢他？
[2026-02-22 00:40:12] 轻烟散97359: 康神的狂徒好狠啊
[2026-02-22 00:40:12] 游荡恶鬼灬: kk:原本我没想酱味大鸡🤯🤯🤯
[2026-02-22 00:40:12] 薛茂华真帅啊哈哈哈: 在线榜地12名千早爱音给你送钻粉你咋不谢（11级发不了言代发）
[2026-02-22 00:40:13] LvvsiN: 弹幕也就网上说说，现实里谁不觉得樱姐是好女孩（删括号领一条远坂凛同款鸟笼）
[2026-02-22 00:40:13] 黑化的玩小将: 不开双倍你就下播来
[2026-02-22 00:40:13] 哈哈我无敌了吗: 自己花钱找果盘无罪，周姐免费和男粉丝玩耍不能原谅，双标这方面还得看H先生啊
[2026-02-22 00:40:13] FlamesSlimes: 老鼠有23年x队的感觉了
[2026-02-22 00:40:13] 用户3515619194: 6657
[2026-02-22 00:40:13] faze的西兰花本人: 康神的狂徒好狠啊
[2026-02-22 00:40:13] 绫哩真宵: 259为什么不拉长管
[2026-02-22 00:40:13] Neurotoxinw: kk:原本我没想酱味大鸡🤯🤯🤯
[2026-02-22 00:40:13] 我有个问题啊: kk:原本我没想酱味大鸡🤯🤯🤯
[2026-02-22 00:40:13] 麻豆时光: 看起来这nota又要进决赛偷老尼evp了····
[2026-02-22 00:40:14] 用户91227835: ⚠️警报解除⚠️警报解除⚠️警报解除⚠️警报解除⚠️警报解除⚠️警报解除⚠️
[2026-02-22 00:40:14] 假打奇趣蛋: @Mouz：我好像……不能去尽孝了……
[2026-02-22 00:40:14] 很久以前Ty: 要加时了，有感觉吗
[2026-02-22 00:40:14] 秋叶恋心丶: ⚠️警报解除⚠️警报解除⚠️警报解除⚠️警报解除⚠️警报解除⚠️警报解除⚠️
[2026-02-22 00:40:15] 薛茂华真帅啊哈哈哈: 在线榜地12名千早爱音给你送钻粉你咋不谢（11级发不了言代发）
[2026-02-22 00:40:15] LvvsiN: 额，拿亚军我都会，拿亚军，拿季军，拿四强，拿八强，拿十六强，呃拿冠军我不会，然后小组赛淘汰
[2026-02-22 00:40:15] 雾雨魔理沙ZE: ⚠️警报解除⚠️警报解除⚠️警报解除⚠️警报解除⚠️警报解除⚠️警报解除⚠️
[2026-02-22 00:40:15] 玩设备丶dev1ce: kk:原本我没想酱味大鸡🤯🤯🤯
[2026-02-22 00:40:15] Tim1cc: 玩大哥，PV另外三个人和上帝组队之前在哪的，能不能介绍下
[2026-02-22 00:40:16] 用户7123010964: 在线榜地12名千早爱音给你送钻粉你咋不谢（11级发不了言代发）
[2026-02-22 00:40:16] JuL1us: 康神的狂徒好狠啊
[2026-02-22 00:40:16] 我是一个医保卡: 康神的狂徒好狠啊
[2026-02-22 00:40:16] enihcaM器机玩7566: 抓娃娃
[2026-02-22 00:40:16] 这下洗不清咯: 早拉给康神吸引一下阿
[2026-02-22 00:40:16] 黑化的玩小将: 不开双倍你就下播来
[2026-02-22 00:40:16] 古堡12枪战神: 我爱她……我靠这不是她竟然，是他吗？
[2026-02-22 00:40:17] Paaanda丶: 收到
[2026-02-22 00:40:17] 薛茂华真帅啊哈哈哈: 在线榜地12名千早爱音给你送钻粉你咋不谢（11级发不了言代发）在线榜地12名千早爱音给你送钻粉你咋不
[2026-02-22 00:40:17] WE丶繁梦: donk：有感觉吗，donk来v了
[2026-02-22 00:40:17] 雨夜鲨银饭: donk：有感觉吗，donk来v了
[2026-02-22 00:40:17] 玩跳丹jampegg: 对尼孩驴的人身攻击是幽默玩梗，对载物的人身攻击是素质低下赛吧犬，弹幕要分得清
[2026-02-22 00:40:17] 小羊肖恩6I6: kk:原本我没想酱味大鸡🤯🤯🤯
[2026-02-22 00:40:17] Axel-XY: kk:原本我没想酱味大鸡🤯🤯🤯
[2026-02-22 00:40:18] 轩辕i星辰: 收到
[2026-02-22 00:40:18] 那位黑粉: 队友猛接，他搁那猛吸那个B烟
[2026-02-22 00:40:18] PKURoger: 玩大哥你在石家庄哪，昨天不是说好的老鼠吗
[2026-02-22 00:40:18] 用户3661578: 防守也不好说
[2026-02-22 00:40:18] 小众宝藏玩小将: 在线榜地12名千早爱音给你送钻粉你咋不谢（11级发不了言代发）
[2026-02-22 00:40:18] 洛卡不是菜狗: 在线榜地12名千早爱音给你送钻粉你咋不谢（11级发不了言代发）
[2026-02-22 00:40:19] 黑桃卆子: 100t能复刻pv吗
[2026-02-22 00:40:19] 世界倒数第一r99使用者: 在线榜地12名千早爱音给你送钻粉你咋不谢（11级发不了言代发）
[2026-02-22 00:40:19] 大哥心里慌: 查询屏蔽词: 便 编 辩 遍 变 汴
[2026-02-22 00:40:19] 丰III祥子: 詹姆进攻就等着吧
[2026-02-22 00:40:20] skyAPEX: 看起来这nota又要进决赛偷老尼evp了····
[2026-02-22 00:40:20] 宫夫邪神: kk:原本我没想酱味大鸡🤯🤯🤯
[2026-02-22 00:40:20] 黑化的玩小将: 不开双倍你就下播来
[2026-02-22 00:40:20] 薛茂华真帅啊哈哈哈: 在线榜地12名千早爱音给你送钻粉你咋不谢（11级发不了言代发）
[2026-02-22 00:40:20] 笑川祥子: 康神的狂徒好狠啊
[2026-02-22 00:40:20] 我知道的一点也不多: 康神的狂徒好狠啊
[2026-02-22 00:40:20] 千蜃欺语: 蟹咯感觉老是有点犹豫
[2026-02-22 00:40:21] Melinda080: 嚼嚼嚼
[2026-02-22 00:40:21] 面对乐观把: 是的哥们，你就得这么激动，这比赛比你解说的还激烈，观众都是瞎子
[2026-02-22 00:40:21] 硫磺祥: 康神的狂徒好狠啊
[2026-02-22 00:40:22] 7376377: donk：有感觉吗，donk来v了
[2026-02-22 00:40:22] 落合扇言758: @mouz：niko你为什么给kk送ak
[2026-02-22 00:40:22] ccxrgt: 也许比赛才刚刚开始
[2026-02-22 00:40:22] 最爱栗宝的小叉: 抓娃娃
[2026-02-22 00:40:22] HankFann: 没有
[2026-02-22 00:40:22] 薛茂华真帅啊哈哈哈: 在线榜地12名千早爱音给你送钻粉你咋不谢（11级发不了言代发）
[2026-02-22 00:40:23] 凝视深渊丶玩叽叽: kk:原本我没想酱味大鸡🤯🤯🤯
[2026-02-22 00:40:23] 莫名zqz: 抓娃娃
[2026-02-22 00:40:23] Khrubov: kk:原本我没想酱味大鸡🤯🤯🤯
[2026-02-22 00:40:23] Fywoo259: 在线榜地12名千早爱音给你送钻粉你咋不谢（11级发不了言代发）
[2026-02-22 00:40:23] kyubit: 被翻盘仗
[2026-02-22 00:40:24] 枫落不是枫ruo: 不用看
[2026-02-22 00:40:24] 我木JJ怕个锤子: ⚠️警报解除⚠️警报解除⚠️警报解除⚠️警报解除⚠️警报解除⚠️警报解除⚠️
[2026-02-22 00:40:24] 夏亚阿兹纳布耳: 没有
[2026-02-22 00:40:24] 法式卡神: 趣事
[2026-02-22 00:40:24] HCS118: 12把b来了
[2026-02-22 00:40:24] 丰川小祥圆圆脸: 不够
[2026-02-22 00:40:25] User5092: 收到
[2026-02-22 00:40:25] 用户2719002301: 银行业😄银行业😀银行业😃银行业😁银行业😆银行业🤪银行业😝
[2026-02-22 00:40:25] 压缩vs蛮晚: 查询屏蔽词: 便 编 辩 遍 变 汴
[2026-02-22 00:40:25] 古堡12枪战神: kk:原本我没想酱味大鸡🤯🤯🤯
[2026-02-22 00:40:25] 薛茂华真帅啊哈哈哈: 在线榜地12名千早爱音给你送钻粉你咋不谢（11级发不了言代发）
[2026-02-22 00:40:25] 蝼蛄在鸣悲: 被翻盘
[2026-02-22 00:40:25] LvvsiN: 你屏蔽词都快赶上新华词典了为什么不干脆开一百级发言？
[2026-02-22 00:40:25] Zagreu5: 翻过一次猎鹰
[2026-02-22 00:40:26] 海斯特参参: 在线榜地12名千早爱音给你送钻粉你咋不谢（11级发不了言代发）
[2026-02-22 00:40:26] 若叶睦吃苦瓜: 在线榜第12名千早爱音给你送钻粉你咋不谢（11级发不了言代发）
[2026-02-22 00:40:26] 洛杉矶湖人的乐邦詹士: 这一分不会伏笔了吧这一分不会伏笔了吧这一分不会伏笔了吧这一分不会伏笔了吧这一分不会伏笔了吧这一分不会
[2026-02-22 00:40:26] chaosjoeker: 在线榜地12名千早爱音给你送钻粉你咋不谢（11级发不了言代发）
[2026-02-22 00:40:26] 故里清河: 没啥
[2026-02-22 00:40:27] 奶芙哈特小姐: 科隆
[2026-02-22 00:40:27] 不变的追求717: 查询屏蔽词: 便 编 辩 遍 变 汴
[2026-02-22 00:40:27] iNaixu: 在线榜地12名千早爱音给你送钻粉你咋不谢（11级发不了言代发）
[2026-02-22 00:40:27] 本间芽衣子ya: 孩子们快跑，马修赫伯特来了😨卧槽你的怎么是马枪和BOT
[2026-02-22 00:40:27] cyk96: 抓娃娃
[2026-02-22 00:40:27] LvvsiN: 男人一生只哭十八次：niko十七次梦碎major正赛, niko梦碎里约major RMR＼
[2026-02-22 00:40:28] 雨天禽兽: 被翻的多
[2026-02-22 00:40:28] 用户3515619194: 6657
[2026-02-22 00:40:28] 22810q: 康神的狂徒好狠啊
[2026-02-22 00:40:28] 玩机器厦面鄙骰大: @Jame：康康你先别转瓦。
[2026-02-22 00:40:28] Zywoo的七百大狙: 6657
[2026-02-22 00:40:28] 好哥们野原新之助: 都是铜陵人，我原本没想酱味大鸡！
[2026-02-22 00:40:29] 好姐妹太卜司符玄: 一群软脚虾
[2026-02-22 00:40:29] 水下放电11: 12：4
[2026-02-22 00:40:29] KujoJolyne: 软脚
[2026-02-22 00:40:29] 蓝鲸少年与小巷: 🤣🤣
[2026-02-22 00:40:29] LvvsiN: 额，拿亚军我都会，拿亚军，拿季军，拿四强，拿八强，拿十六强，呃拿冠军我不会，然后小组赛淘汰
[2026-02-22 00:40:29] DACL687: 在线榜地12名千早爱音给你送钻粉你咋不谢（11级发不了言代发）
[2026-02-22 00:40:30] 法式卡神: 趣事
[2026-02-22 00:40:30] 玩乐奈、puxxi: 造！拿下！说老鼠赢不了mr3的说话来😡！
[2026-02-22 00:40:30] 水球碳酸饮料: 自然死亡了
[2026-02-22 00:40:30] KouKouJoe: 😎你爱监🏹还是汤💻🎶~😭是不是监🏹真的有比汤💻好🎶~😫你为谁在挣扎🎶~
[2026-02-22 00:40:30] 我们是阳聪组合: 没有只会一泻千里
[2026-02-22 00:40:31] 一直做梦的夜晚: 1
[2026-02-22 00:40:31] 用户4652451607: 去年老鼠小镇被13-0
[2026-02-22 00:40:31] 菜星冲冲冲: 这一分不会伏笔了吧这一分不会伏笔了吧这一分不会伏笔了吧这一分不会伏笔了吧这一分不会伏笔了吧这一分不会
[2026-02-22 00:40:31] XbOvO: 翻过一次猎鹰
[2026-02-22 00:40:31] 梦的星: 草，我荧光棒送完了，你最好今天都别开双倍
[2026-02-22 00:40:31] 只求100k: 没大哥
[2026-02-22 00:40:32] TheMongolZ的上单本人: a队
[2026-02-22 00:40:32] 梓川不是辛川: 你屏蔽词都快赶上新华词典了为什么不干脆开一百级发言？
[2026-02-22 00:40:32] 小空速: 飞9局
[2026-02-22 00:40:32] 好哥们林川: FUT
[2026-02-22 00:40:32] wedd1ddeJodd: 12：4
[2026-02-22 00:40:32] 薛茂华真帅啊哈哈哈: 在线榜地12名千早爱音给你送钻粉你咋不谢（11级发不了言代发）
[2026-02-22 00:40:32] 夏亚阿兹纳布耳: 本质虾队
[2026-02-22 00:40:32] 骑蜗牛追杀: 被小蜜蜂4比12翻盘
[2026-02-22 00:40:32] 呵呵呵3233333: fut
[2026-02-22 00:40:33] 浅色的调色板: ++++++++++++
[2026-02-22 00:40:33] 言笙丶丶丶丶丶: ⚠️警报解除⚠️警报解除⚠️警报解除⚠️警报解除⚠️警报解除⚠️警报解除⚠️
[2026-02-22 00:40:33] Turned傲雪: 我家小孩作业一个字没动！拿着他手机就看到你们这种游戏直播！国家迟早会制裁你们的！
[2026-02-22 00:40:33] ElfSenIor: 不是前几天刚翻盘过？
[2026-02-22 00:40:33] SideChannel: 抓娃娃
[2026-02-22 00:40:33] 我知道的一点也不多: 软
[2026-02-22 00:40:34] 白石黑云: @Jame：康康你先别转瓦。
[2026-02-22 00:40:34] kyubit: 在线榜地12名千早爱音给你送钻粉你咋不谢（11级发不了言代发）
[2026-02-22 00:40:34] 伦敦千早爱: 我朋友千早爱音给你送钻石粉丝你咋不谢谢他？
[2026-02-22 00:40:34] Fywoo259: 在线榜地12名千早爱音给你送钻粉你咋不谢（11级发不了言代发）
[2026-02-22 00:40:34] 巅峰A队的一员Xyp9x: @Jame：康康你先别转瓦。
[2026-02-22 00:40:34] 我没P眼123: 老鼠天天被翻
[2026-02-22 00:40:34] 薛茂华真帅啊哈哈哈: 在线榜地12名千早爱音给你送钻粉你咋不谢（11级发不了言代发）
[2026-02-22 00:40:35] 6657Bullys1mple: 在线榜第12名千早爱音给你送钻粉你咋不谢（11级发不了言代发）
[2026-02-22 00:40:35] 鸟儿在头顶把森林叫醒: 不开双倍你就下播来
[2026-02-22 00:40:35] 努力慢慢变强: 有12:4被翻盘
[2026-02-22 00:40:35] 玩machine丶机器: ？ 
[2026-02-22 00:40:35] 白河日和: 今年才几天
[2026-02-22 00:40:36] LvvsiN: 你这音画不同步太难受了，我都听到NIKO里约RMR晋级的欢呼了
[2026-02-22 00:40:36] 喜欢独自悠哉自在: 造！拿下！说老鼠赢不了mr3的说话来😡！
[2026-02-22 00:40:36] 看到pussy流出milk才死心: 还真是哈哈哈
[2026-02-22 00:40:36] 溯尘星落: @mouz：niko你为什么给kk送ak
[2026-02-22 00:40:36] 玩跳丹jampegg: 真有弹幕敢把数字梗玩到玩÷头上啊😨玩到载大哥头上他就算了，你玩到玩÷头上他真给你毕业了。
[2026-02-22 00:40:36] mujica的长崎素世本人: 在线榜地12名千早爱音给你送钻粉你咋不谢（11级发不了言代发）
[2026-02-22 00:40:37] 薛茂华真帅啊哈哈哈: 在线榜地12名千早爱音给你送钻粉你咋不谢（11级发不了言代发）
[2026-02-22 00:40:37] 骄骄爱吃糖: 成都趣事
[2026-02-22 00:40:37] 硫磺祥: 在线榜地12名千早爱音给你送钻粉你咋不谢（11级发不了言代发）
[2026-02-22 00:40:37] 拉特兰的Exus1a1本人: 九爷，节奏舆论已经带好了，时候是反攻了
[2026-02-22 00:40:37] 红红雨雨养猪冠军: 我真的受不了嘞💅我真的受不了嘞💅我真的受不了嘞💅我真的受不了嘞💅
[2026-02-22 00:40:37] 快乐啃蹄蹄: kk:原本我没想酱味大鸡🤯🤯🤯desuw@
[2026-02-22 00:40:38] 凯菇组成我的裆部: 卧槽，＋1真关了😰
[2026-02-22 00:40:38] 白熊不会爱: 阿队12分
[2026-02-22 00:40:38] 黑化的玩小将: @钟离：哼，欺负玩宝宝？——𒆙——天动万象
[2026-02-22 00:40:40] 白皇的三千院Nagi本人: 去年科隆小镇翻黑豹
[2026-02-22 00:40:40] 河北雨姐: 虾队
[2026-02-22 00:40:40] 感觉不如海参: 🤓👇🏻👆🏻
[2026-02-22 00:40:40] 薛茂华真帅啊哈哈哈: 在线榜地12名千早爱音给你送钻粉你咋不谢（11级发不了言代发）
[2026-02-22 00:40:40] 我变扁了: @🗿:i12就这么猛一会让你看看i18
[2026-02-22 00:40:40] 玩玩的丸丸软又弹: 老背景板了
[2026-02-22 00:40:40] 纵情山河万: kk:原本我没想酱味大鸡🤯🤯🤯
[2026-02-22 00:40:40] 不会真44113: 12-4翻A队
[2026-02-22 00:40:40] Vitality的羽贺文乃本人: 在线榜第12名千早爱音给你送钻粉你咋不谢（11级发不了言代发）
[2026-02-22 00:40:40] 没人惦记的B三狼: 抓娃娃
[2026-02-22 00:40:40] 徐弃安: 翻过很多次神队
[2026-02-22 00:40:40] 北宇治拳王久石奏: 老被小蜜蜂翻
[2026-02-22 00:40:40] 第一美食烤肉: fut游乐园
[2026-02-22 00:40:43] 苦来兮苦的祥子本人: 在线榜地12名千早爱音给你送钻粉你咋不谢（11级发不了言代发）
[2026-02-22 00:40:43] 劉膿dewasu: 攻击玩➗的弹幕呢？你们的牛劲呢？
[2026-02-22 00:40:43] 尼尼孩孩major季军: 翻欧若拉
[2026-02-22 00:40:43] 玩老鼠丶Roxy: 12-4被翻盘
[2026-02-22 00:40:43] 爱蜜莉雅daisuki: nuke 4:12趣事
[2026-02-22 00:40:43] 薛茂华真帅啊哈哈哈: v在线榜地12名千早爱音给你送钻粉你咋不谢（11级发不了言代发）
[2026-02-22 00:40:43] 保护头小头是个DD就好: 老鼠逆风就腿软
[2026-02-22 00:40:43] 黑化的玩小将: @钟离：哼，欺负玩宝宝？——𒆙——天动万象
[2026-02-22 00:40:43] 怒之拳: 我家小孩作业一个字没动！拿着他手机就看到你们这种游戏直播！国家迟早会制裁你们的！
[2026-02-22 00:40:43] MSK枫: 还是上半场拿分拿少了
[2026-02-22 00:40:43] 每天都被穷醒: 翻过一次点子带的A队，那时候你登山了
[2026-02-22 00:40:43] vongwu: 去年粘鼠板
[2026-02-22 00:40:43] 薛茂华真帅啊哈哈哈: 在线榜地12名千早爱音给你送钻粉你咋不谢（11级发不了言代发）
[2026-02-22 00:40:44] xOcOg: 新任学姐
[2026-02-22 00:40:44] 吃饱喝足去饶舌: 本质软脚队
[2026-02-22 00:40:44] 用户4652451607: 老鼠还被13-0呢
[2026-02-22 00:40:44] 你的最佳读者: 感觉詹姆指挥完爆a÷啊决赛
[2026-02-22 00:40:44] LvvsiN: @老汤日记:丹麦总统让我静音接触白宫，这应该是我最后一次看儿子直播了，机器，我爱你...
[2026-02-22 00:40:44] MasanQwQ: 在线榜地12名千早爱音给你送钻粉你咋不谢（11级发不了言代发）
[2026-02-22 00:40:44] 麻辣头鱼丝: 12-4翻A队
[2026-02-22 00:40:44] 言斯特心心: 你还问我们，你敢看弹幕一眼吗
[2026-02-22 00:40:44] 明月夜无涯: 在线榜地12名千早爱音给你送钻粉你咋不谢（11级发不了言代发）
[2026-02-22 00:40:44] 大姜饼: 查询屏蔽词: 便 编 辩 遍 变 汴 4 8
[2026-02-22 00:40:44] Vurtne: 重新定义猎鹰强度
[2026-02-22 00:40:45] 四凉闻花: 卧槽，＋1真关了😰
[2026-02-22 00:40:45] RicardoMLS: 3-12 翻过天禄
[2026-02-22 00:40:45] 黑化的玩小将: @钟离：哼，欺负玩宝宝？——𒆙——天动万象
[2026-02-22 00:40:45] dfed5: 让人不禁想问vp在哪发财那
[2026-02-22 00:40:45] 雨打花落地: 科隆遗迹也被翻
[2026-02-22 00:40:45] 秋茶小雪: 我家小孩作业一个字没动！拿着他手机就看到你们这种游戏直播！国家迟早会制裁你们的！
[2026-02-22 00:40:45] 薛茂华真帅啊哈哈哈: 在线榜地12名千早爱音给你送钻粉你咋不谢（11级发不了言代发）
[2026-02-22 00:40:46] 丰川小祥圆圆脸: 遗迹有翻盘局
[2026-02-22 00:40:46] chanceuxzz: 我家小孩作业一个字没动！拿着他手机就看到你们这种游戏直播！国家迟早会制裁你们的！
[2026-02-22 00:40:46] Solaovo: 老rbq了
[2026-02-22 00:40:46] 玩机器厦面鄙骰大: @Jame：康康你先别转瓦。@Jame：康康你先别转瓦。
[2026-02-22 00:40:46] oldduck7: 12-4趣事
[2026-02-22 00:40:46] IM一条滇狗: 抓娃娃
[2026-02-22 00:40:47] Cloud9的咬人猫本人: .
[2026-02-22 00:40:47] 抓住肉肉啃: 12-4
[2026-02-22 00:40:47] 我知道的一点也不多: nuke 4:12趣事
[2026-02-22 00:40:47] 薛茂华真帅啊哈哈哈: 在线榜地12名千早爱音给你送钻粉你咋不谢（11级发不了言代发）
[2026-02-22 00:40:48] 梓川不是辛川: 在线榜地12名千早爱音给你送钻粉你咋不谢（11级发不了言代发）
[2026-02-22 00:40:48] 绀海恋歌丶: v在线榜地12名千早爱音给你送钻粉你咋不谢（11级发不了言代发）
[2026-02-22 00:40:48] 玩machine丶机器: 在线榜地12名千早爱音给你送钻粉你咋不谢（11级发不了言代发）
[2026-02-22 00:40:48] 烟鬼安德鲁: 还不是你奶的
[2026-02-22 00:40:48] 黑化的玩小将: @钟离：哼，欺负玩宝宝？——𒆙——天动万象
[2026-02-22 00:40:48] 白呆whitelie: 老鼠早就变成黏性十足的队了
[2026-02-22 00:40:48] 渴望和老马击剑: 你们在这里喷主播，就好比往菜地里泼粪，他非但不生气，反倒会疯狂汲取营养
[2026-02-22 00:40:48] xxx2xxx: 软壳蟹
[2026-02-22 00:40:49] 钟意你好多年: 老鼠这比赛有翻盘啊
[2026-02-22 00:40:49] 偷鸡蛋的玩机器本人o: 玩大哥主玩二次元RPG有什么鼠标键盘推荐吗
[2026-02-22 00:40:49] 一月八百永远支持机器: 在线榜地12名千早爱音给你送钻粉你咋不谢（11级发不了言代发）
[2026-02-22 00:40:49] 玩蛇鼠丶stabbi: 恨载
[2026-02-22 00:40:49] 狗蛋会不会说话啊噗: 我家小孩作业一个字没动！拿着他手机就看到你们这种游戏直播！国家迟早会制裁你们的！
[2026-02-22 00:40:49] PKURoger: 翻过一次点子带的A队，那时候你登山了
[2026-02-22 00:40:49] 麻顺米: #解锁封禁词#
[2026-02-22 00:40:50] 薛茂华真帅啊哈哈哈: 在线榜地12名千早爱音给你送钻粉你咋不谢（11级发不了言代发）
[2026-02-22 00:40:50] 心生闸念: 12：4被翻了
[2026-02-22 00:40:50] 飞泉丶丶: 翻过一次点子带的A队，那时候你登山了
[2026-02-22 00:40:50] 我CoCo妳淧雪小懿: 兄弟们实在是太困了我先放了🏹🏹🏹🏹🏹🏹🏹🏹🏹🏹🏹
[2026-02-22 00:40:51] 小狐狸Wicca: 刚翻过猎鹰啊
[2026-02-22 00:40:51] 狸仙人420: 翻过一次A队，阿汤送狙给托子后开始翻盘的
[2026-02-22 00:40:51] 宝贝芙宁娜: 骑着陈千语低调路过
[2026-02-22 00:40:51] 假打奇趣蛋: fut游乐园
[2026-02-22 00:40:52] 张夏奇的老父亲: 这一分不会伏笔了吧这一分不会伏笔了吧这一分不会伏笔了吧这一分不会伏笔了吧这一分不会伏笔了吧这一分不会
[2026-02-22 00:40:52] mexed: 翻过一次点子带的A队，那时候你登山了
[2026-02-22 00:40:52] Chisat052: 懂你意思
[2026-02-22 00:40:52] 玩斯特出出6657: 翻欧若拉
[2026-02-22 00:40:52] LvvsiN: 玩宝宝，我发现在大学上学的时候肄业会很舒服，你可以试试
[2026-02-22 00:40:52] 巧克尼与太子兰: 在线榜地12名千早爱音给你送钻粉你咋不谢（11级发不了言代发）
[2026-02-22 00:40:52] 柚子6661: 我家小孩作业一个字没动！拿着他手机就看到你们这种游戏直播！国家迟早会制裁你们的！
[2026-02-22 00:40:53] 微笑代替一切: 让人不禁想问vp在哪发财那
[2026-02-22 00:40:53] 冷宝小迷妹: @钟离：哼，欺负玩宝宝？——𒆙——天动万象
[2026-02-22 00:40:53] 尼德霍格9: 让人不禁想问vp在哪发财那
[2026-02-22 00:40:53] 山橘一: 翻过一次点子带的A队，那时候你登山了
[2026-02-22 00:40:53] 鲜血与暗影铸造的家伙: 狙击手的问题
[2026-02-22 00:40:53] 先瞄准o再盲狙: 重新定义猎鹰强度
[2026-02-22 00:40:54] 搞笑男西德尼: op翻pv啊
[2026-02-22 00:40:54] 丨抹不掉的灬曾今: 还是上半场拿分拿少了
[2026-02-22 00:40:54] 圣诞节二人组: 还不是你奶的
[2026-02-22 00:40:54] 远野邸的远野秋叶本人: 在线榜地12名千早爱音给你送钻粉你咋不谢（11级发不了言代发）
[2026-02-22 00:40:54] LvvsiN: 就tm喜欢银行业🥰银行坏账我喜欢🥰银行挤兑我还喜欢😍利率调低我也喜欢🤤老子亲烂银行业的脸😘
[2026-02-22 00:40:54] csdesperado: 说实话导播有点偏pv了，一直给拖出镜头给压力
[2026-02-22 00:40:54] 小蜜蜂的长期素食本人: 本质niko
[2026-02-22 00:40:54] 玩老鼠丶Roxy: 我家小孩作业一个字没动！拿着他手机就看到你们这种游戏直播！国家迟早会制裁你们的！
[2026-02-22 00:40:55] 甘织玲奈子本人: 里约被李子翻
[2026-02-22 00:40:55] eda778: fut游乐园
[2026-02-22 00:40:55] racula: @钟离：哼，欺负玩宝宝？——𒆙——天动万象
[2026-02-22 00:40:56] 用户080868441: 骑着陈千语低调路过
[2026-02-22 00:40:56] 改名花了十一块: 攻击玩➗的弹幕呢？你们的牛劲呢？
[2026-02-22 00:40:56] 宇治的QQ: 在线榜地12名千早爱音给你送钻粉你咋不谢（11级发不了言代发）
[2026-02-22 00:40:56] ooofking: 12-4
[2026-02-22 00:40:56] 哭并不是弱小: 本质场馆软脚这一块
[2026-02-22 00:40:56] 文知名不具: 在线榜地12名千早爱音给你送钻粉你咋不谢（11级发不了言代发）
[2026-02-22 00:40:56] 信濃Sh1nano: 在线榜地12名千早爱音给你送钻粉你咋不谢（11级发不了言代发）
[2026-02-22 00:40:57] 用户0268784457: 我真的不理解这些人累死累活在蜜蜂底下拿个亚军有什么必要呢
[2026-02-22 00:40:57] 拉特兰的Exus1a1本人: 九爷，节奏舆论已经带好了，时候是反攻了
[2026-02-22 00:40:57] 劉膿dewasu: 攻击玩➗的弹幕呢？你们的牛劲呢？
[2026-02-22 00:40:58] 说好的放送顺序呢: 19cac
[2026-02-22 00:40:58] Altolier: 我提一嘴，100T已经回家了😭
[2026-02-22 00:40:58] 用户2719002301: 我提一嘴，100T已经回家了😭
[2026-02-22 00:40:58] 易冷半度想: 老鼠不翻过猎鹰？
[2026-02-22 00:40:58] 酒姑娘的小枫: 感觉粘性不如fazeclan
[2026-02-22 00:40:58] 专看玩机器的号: 重新定义猎鹰强度
[2026-02-22 00:40:58] 只求100k: 没大哥士气一下去就上不来了
[2026-02-22 00:40:58] 爱斯坦音音: 　　　 翻过一次点子带的A队，那时候你登山了
[2026-02-22 00:40:58] 巅峰A队魔男: 男生超级扣分的行为，快来看看自己中了几条：1.男的
[2026-02-22 00:40:58] 听风丶随来: 重新定义猎鹰强度
[2026-02-22 00:40:58] 好哥们诸星弹: 我家小孩作业一个字没动！拿着他手机就看到你们这种游戏直播！国家迟早会制裁你们的！
[2026-02-22 00:40:58] KouKouJoe: 我家小孩作业一个字没动！拿着他手机就看到你们这种游戏直播！国家迟早会制裁你们的！
[2026-02-22 00:40:58] C7iyo: 28
[2026-02-22 00:40:59] 用户38502650: 翻过一次点子带的A队，那时候你登山了
[2026-02-22 00:40:59] 河北雨姐: 28
[2026-02-22 00:40:59] 三咲町的久远寺有珠: 就tm喜欢银行业🥰银行坏账我喜欢🥰银行挤兑我还喜欢😍利率调低我也喜欢🤤老子亲烂银行业的脸😘
[2026-02-22 00:41:00] h独孤求胜: 老鼠去年韧性可强了，你别看他被翻，他翻的也多好吧
[2026-02-22 00:41:00] 载物的大大大狙: 在线榜地12名千早爱音给你送钻粉你咋不谢（11级发不了言代发）
[2026-02-22 00:41:00] 我不可能叫划水: 这就是扛渗啊，你们瓦罗兰特有自己的扛渗吗
[2026-02-22 00:41:00] rlerd: 在线榜地12名千早爱音给你送钻粉你咋不谢（11级发不了言代发）
[2026-02-22 00:41:00] NEINHEX: 我家小孩作业一个字没动！拿着他手机就看到你们这种游戏直播！国家迟早会制裁你们的！
[2026-02-22 00:41:00] 玩机器喜欢戴假尾: 翻过一次点子带的A队，那时候你登山了
[2026-02-22 00:41:00] 丢丢的夜精灵: 猎鹰谁来都能翻
[2026-02-22 00:41:01] 本间芽衣子ya: 还是上半场拿分拿少了
[2026-02-22 00:41:01] wedd1ddeJodd: 翻过一次点子带的A队，那时候你登山了
[2026-02-22 00:41:01] 我想玩小蜜蜂: 在线榜地12名千早爱音给你送钻粉你咋不谢（11级发不了言代发）
[2026-02-22 00:41:01] 扣你扣你口: 攻击玩➗的弹幕呢？你们的牛劲呢？
[2026-02-22 00:41:01] 林间拾露z: 翻欧若拉
[2026-02-22 00:41:01] 玩弓箭、Arrow: 不对啊玩大哥，昨天内部群不是说老鼠进决赛吗😱
[2026-02-22 00:41:01] 甘织玲奈子本人: 骑着陈千语低调路过
[2026-02-22 00:41:02] 玩斯特机鸡: 翻过一次点子带的A队，那时候你登山了
[2026-02-22 00:41:02] 叫狗大鸡咚叮: 在线榜地12名千早爱音给你送钻粉你咋不谢（11级发不了言代发）
[2026-02-22 00:41:02] 中路R8对狙: @钟离：哼，欺负玩宝宝？——𒆙——天动万象
[2026-02-22 00:41:02] 白皇的三千院Nagi本人: @宝贝芙宁娜：骑着陈千语低调路过
[2026-02-22 00:41:02] 博丽灵感菇: 攻击玩➗的弹幕呢？你们的牛劲呢？
[2026-02-22 00:41:02] 伦敦千早爱: 我朋友千早爱音给你送钻石粉丝你咋不谢谢他？
[2026-02-22 00:41:03] 羞死了的小萌妹: 就tm喜欢银行业🥰银行坏账我喜欢🥰银行挤兑我还喜欢😍利率调低我也喜欢🤤老子亲烂银行业的脸😘
[2026-02-22 00:41:03] 血樱幽世: 哲伟被T了以后这PV的VRS比绿龙都高了
[2026-02-22 00:41:03] 汤还是老的浓: 翻过一次点子带的A队，那时候你登山了
[2026-02-22 00:41:03] Fusc666: 翻过一次点子带的A队，那时候你登山了
[2026-02-22 00:41:03] lonhkfd: 攻击玩➗的弹幕呢？你们的牛劲呢？
[2026-02-22 00:41:03] iNaixu: 翻过一次点子带的A队，那时候你登山了
[2026-02-22 00:41:04] 落夜会:     翻过一次点子带的A队，那时候你登山了
[2026-02-22 00:41:04] 飞飞宙宙S赛冠军: 我家小孩作业一个字没动！拿着他手机就看到你们这种游戏直播！国家迟早会制裁你们的！
[2026-02-22 00:41:04] 不万能文学青年: 大家不要喷niko了，其实他只是加一了载物🥺
[2026-02-22 00:41:04] 我不能C呀: 玩 出已经把弹幕关了，你们发什么他都看不到
[2026-02-22 00:41:05] 正经猪头肉: MVP
[2026-02-22 00:41:05] 浮沉缺舟: 翻过一次点子带的A队，那时候你登山了
[2026-02-22 00:41:05] 马加奇的哥哥马加绝: @neuro：machine,【filtered】
[2026-02-22 00:41:05] 陈奉子: 我家小孩作业一个字没动！拿着他手机就看到你们这种游戏直播！国家迟早会制裁你们的！
[2026-02-22 00:41:06] 吉吉的Niko本人: come on你詹你詹🦍来野🦍 王牌要狂野🦍🦍
[2026-02-22 00:41:06] douxxxxx: 难道pv要破紫薇的处冠的诅咒
[2026-02-22 00:41:06] 龙龙虾虾爱软脚: 看眼100t啊
[2026-02-22 00:41:06] 每天都要上学: 前几天op史诗级大翻盘
[2026-02-22 00:41:06] 骑电瓶加油努力: 我家小孩作业一个字没动！拿着他手机就看到你们这种游戏直播！国家迟早会制裁你们的！
[2026-02-22 00:41:06] MoriatyS623: 我家小孩作业一个字没动！拿着他手机就看到你们这种游戏直播！国家迟早会制裁你们的！
[2026-02-22 00:41:06] LvvsiN: 玩宝宝，我发现在大学上学的时候肄业会很舒服，你可以试试
[2026-02-22 00:41:07] 芝士秋刀鱼a: 在线榜地12名千早爱音给你送钻粉你咋不谢（11级发不了言代发）
[2026-02-22 00:41:10] 玉米卧槽: 翻过一次点子带的A队，那时候你登山了
[2026-02-22 00:41:10] 纸质海苔: @🪨：你们的石头为什么那么帅？🗿
[2026-02-22 00:41:10] 汎彼栢舟: 重新评估猎鹰强度！！
[2026-02-22 00:41:10] 徒手偷电线丶: 查询100t比分
[2026-02-22 00:41:10] 四值功曹z: grim就是被floppy害死的
[2026-02-22 00:41:10] 骄骄爱吃糖: 成都趣事儿我在现场看的
[2026-02-22 00:41:10] 好哥们黑龙歼灭刀: 攻击玩➗的弹幕呢？你们的牛劲呢？
[2026-02-22 00:41:10] 假小子是对的: 让人不禁想问vp在哪发财那
[2026-02-22 00:41:10] 用户255420066: 我家小孩作业一个字没动！拿着他手机就看到你们这种游戏直播！国家迟早会制裁你们的！
[2026-02-22 00:41:10] 做不到: 我家小孩作业一个字没动！拿着他手机就看到你们这种游戏直播！国家迟早会制裁你们的！
[2026-02-22 00:41:10] Nightmare2517:     翻过一次点子带的A队，那时候你登山了
[2026-02-22 00:41:10] 八雲藍official: 在线榜地12名千早爱音给你送钻粉你咋不谢（11级发不了言代发）
[2026-02-22 00:41:10] 喜欢吃生菜: 我家小孩作业一个字没动！拿着他手机就看到你们这种游戏直播！国家迟早会制裁你们的！
[2026-02-22 00:41:10] 小鱼儿krru: 卧槽，niko给睡着的nota改刀了，你们知道吗！！
[2026-02-22 00:41:10] 白皇的三千院Nagi本人: 翻过一次点子带的A队，那时候你登山了
[2026-02-22 00:41:10] Turned傲雪: 我家小孩作业一个字没动！拿着他手机就看到你们这种游戏直播！国家迟早会制裁你们的！
[2026-02-22 00:41:10] 冲上云霄的姨: 攻击玩➗的弹幕呢？你们的牛劲呢？
[2026-02-22 00:41:12] 大姜饼: 玩 出已经把弹幕关了，你们发什么他都看不到
[2026-02-22 00:41:12] 玩机器你能不能闭嘴: 玩 出已经把弹幕关了，你们发什么他都看不到
[2026-02-22 00:41:12] 冷宝小迷妹: 攻击玩➗的弹幕呢？你们的牛劲呢？
[2026-02-22 00:41:12] Falcons的Kobe本人: 狠徒的狂神好康啊
[2026-02-22 00:41:12] 用户2719002301: 我提一嘴，100T已经回家了😭
[2026-02-22 00:41:12] 小蜜蜂的长期素食本人: 翻过一次点子带的A队，那时候你登山了
[2026-02-22 00:41:12] y叶上初阳h:     翻过一次点子带的A队，那时候你登山了
[2026-02-22 00:41:13] 哈哈我无敌了吗: 堡垒滋液我都会，堡垒滋液、挨派克死、爱吃万贼万、腮欧弟、呃塔科夫我不会，然后怕不寄
[2026-02-22 00:41:13] T1的Fleta本人: 在线榜地12名千早爱音给你送钻粉你咋不谢（11级发不了言代发）
[2026-02-22 00:41:13] 假如一切是虚幻: 攻击玩➗的弹幕呢？你们的牛劲呢？
[2026-02-22 00:41:13] 玩设备丶dev1ce: pv夺冠了猎鹰又是亚军有感觉吗
[2026-02-22 00:41:13] 星海羽弦: 翻过猎鹰
[2026-02-22 00:41:13] 傻气儿: 我家小孩作业一个字没动！拿着他手机就看到你们这种游戏直播！国家迟早会制裁你们的！
[2026-02-22 00:41:13] 玉米卧槽: @钟离：哼，欺负玩宝宝？——𒆙——天动万象
[2026-02-22 00:41:13] 4841314025: 我家小孩作业一个字没动！拿着他手机就看到你们这种游戏直播！国家迟早会制裁你们的！
[2026-02-22 00:41:13] 醉悟生死: 我家小孩作业一个字没动！拿着他手机就看到你们这种游戏直播！国家迟早会制裁你们的！
[2026-02-22 00:41:13] 有没有圣人推荐点牛本: 攻击玩➗的弹幕呢？你们的牛劲呢？
[2026-02-22 00:41:13] 吊人日子不过了: 我家小孩作业一个字没动！拿着他手机就看到你们这种游戏直播！国家迟早会制裁你们的！
[2026-02-22 00:41:13] 半个盛唐c: 我家小孩作业一个字没动！拿着他手机就看到你们这种游戏直播！国家迟早会制裁你们的！
[2026-02-22 00:41:13] Mgci2: 我家小孩作业一个字没动！拿着他手机就看到你们这种游戏直播！国家迟早会制裁你们的！
[2026-02-22 00:41:13] LvvsiN: 你为什么要把mαjor禁了，我收藏的一半弹幕全毁了
[2026-02-22 00:41:13] 用户42110893: 攻击玩➗的弹幕呢？你们的牛劲呢？
[2026-02-22 00:41:13] 冲上云霄的姨: 玩 出已经把弹幕关了，你们发什么他都看不到
[2026-02-22 00:41:13] User5092: 达拉斯翻猎鹰啊
[2026-02-22 00:41:13] 宫夫邪神: 我提一嘴，100T已经回家了😭
[2026-02-22 00:41:13] Vitality的羽贺文乃本人: 我家小孩作业一个字没动！拿着他手机就看到你们这种游戏直播！国家迟早会制裁你们的！
[2026-02-22 00:41:13] 硫磺祥: 翻过一次点子带的A队，那时候你登山了
[2026-02-22 00:41:13] 增城中学高31班卢宇霖: 别搞啊想看老鼠复仇蜜蜂
[2026-02-22 00:41:14] RicardoMLS: 翻过一次点子带的A队，那时候你登山了
[2026-02-22 00:41:14] Falcons的Kobe本人: 狠徒的狂神好康啊
[2026-02-22 00:41:14] 甘织玲奈子本人: 翻过一次点子带的A队，那时候你登山了
[2026-02-22 00:41:14] 中X千早爱音: @neuro：machine,【filtered】
[2026-02-22 00:41:14] weapon丶X: 攻击玩➗的弹幕呢？你们的牛劲呢？
[2026-02-22 00:41:14] 甘織玲奈子: 我家小孩作业一个字没动！拿着他手机就看到你们这种游戏直播！国家迟早会制裁你们的！
[2026-02-22 00:41:15] 愿良辰美景: @🪨：你们的石头为什么那么帅？🗿
[2026-02-22 00:41:15] 南小鸡丶advent: 玩宝宝，我发现在大学上学的时候肄业会很舒服，你可以试试
[2026-02-22 00:41:15] 麻顺米: @🗿：我依然是最高的山！😎
[2026-02-22 00:41:16] 海绵宝宝打野儿: zw：小驴在哪儿发财呢？
[2026-02-22 00:41:16] 雨天禽兽: 又要偷EVP了？
[2026-02-22 00:41:16] all1gator: 我家小孩作业一个字没动！拿着他手机就看到你们这种游戏直播！国家迟早会制裁你们的！
[2026-02-22 00:41:16] 凡世一俗人i: 在线榜地12名千早爱音给你送钻粉你咋不谢（11级发不了言代发）
[2026-02-22 00:41:17] 大聪明二次元: 玩 出已经把弹幕关了，你们发什么他都看不到
[2026-02-22 00:41:17] LvvsiN: @阿汤日记：一个人，5发子弹，保住格陵兰岛。我不会叫它不可能完成的任务，我现在只想先回家看亦博
[2026-02-22 00:41:17] 镖客888: 翻过一次点子带的A队，那时候你登山了
[2026-02-22 00:41:17] 雷中见雨: 攻击玩➗的弹幕呢？你们的牛劲呢？
[2026-02-22 00:41:17] Yuuuzaki: 翻过一次点子带的A队，那时候你登山了
[2026-02-22 00:41:17] chukap: 翻过一次点子带的A队，那时候你登山了
[2026-02-22 00:41:18] others的御樱稟本人: 　　　 我提一嘴，100T已经回家了😭
[2026-02-22 00:41:18] fpx丶: 翻过一次点子带的A队，那时候你登山了
[2026-02-22 00:41:18] 饿了么会员: 你昨晚说好的老鼠进决赛，我房子卖了，你在石家庄哪里
[2026-02-22 00:41:18] HCS118: 我提一嘴，100T已经回家了😭
[2026-02-22 00:41:18] 冲上云霄的姨: 翻过一次点子带的A队，那时候你登山了
[2026-02-22 00:41:18] last玩神丶: 玩 出已经把弹幕关了，你们发什么他都看不到
[2026-02-22 00:41:18] Aabv8877: 翻过一次点子带的A队，那时候你登山了
[2026-02-22 00:41:18] NatsumeQ: 我家小孩作业一个字没动！拿着他手机就看到你们这种游戏直播！国家迟早会制裁你们的！
[2026-02-22 00:41:19] 林三夕i: 托神神了
[2026-02-22 00:41:19] 用户3661578: 猎鹰那B强度就别老定义了😓
[2026-02-22 00:41:19] 若博: 　　　 我提一嘴，100T已经回家了😭
[2026-02-22 00:41:19] Crythic的羊宫妃那本人: 我家小孩作业一个字没动！拿着他手机就看到你们这种游戏直播！国家迟早会制裁你们的！
[2026-02-22 00:41:19] Falcons的Kobe本人: 狠徒的狂神好康啊
[2026-02-22 00:41:19] 宇莓: 我原本以为不塞钱就不理已经够离谱了，原来往奔驰里塞钱也不理啊......NB
[2026-02-22 00:41:19] 虹薼: 玩 出已经把弹幕关了，你们发什么他都看不到
[2026-02-22 00:41:19] Ghfoou: 我家小孩作业一个字没动！拿着他手机就看到你们这种游戏直播！国家迟早会制裁你们的！
[2026-02-22 00:41:19] 太阳神之翼神龙球体形: 攻击玩➗的弹幕呢？你们的牛劲呢？
[2026-02-22 00:41:20] 我的主人近藤千彩: 我家小孩作业一个字没动！拿着他手机就看到你们这种游戏直播！国家迟早会制裁你们的！
[2026-02-22 00:41:20] 九折水瓶丶: 我家小孩作业一个字没动！拿着他手机就看到你们这种游戏直播！国家迟早会制裁你们的！
[2026-02-22 00:41:20] 熊彦祖的大碉迷妹: 我家小孩作业一个字没动！拿着他手机就看到你们这种游戏直播！国家迟早会制裁你们的！
[2026-02-22 00:41:20] zouyun757: 我家小孩作业一个字没动！拿着他手机就看到你们这种游戏直播！国家迟早会制裁你们的！
[2026-02-22 00:41:20] 好哥们黑龙歼灭刀: 玩 出已经把弹幕关了，你们发什么他都看不到
[2026-02-22 00:41:21] 今夜夏天结束: 我家小孩作业一个字没动！拿着他手机就看到你们这种游戏直播！国家迟早会制裁你们的！
[2026-02-22 00:41:21] Solaovo: PV＞VP懂得➕1
[2026-02-22 00:41:21] 千古恨轮回尝061: 玩宝宝，我发现在大学上学的时候肄业会很舒服，你可以试试
[2026-02-22 00:41:21] loveforkenny: 在线榜地12名千早爱音给你送钻粉你咋不谢（11级发不了言代发）
[2026-02-22 00:41:21] 貳叄755: 翻过一次点子带的A队，那时候你登山了
[2026-02-22 00:41:22] 華之君: 水能载舟，亦能覆舟，玩小将宣布下放玩机器！
[2026-02-22 00:41:22] 丢你雷姆吔屎啦你: 翻过一次点子带的A队，那时候你登山了
[2026-02-22 00:41:22] 甘織玲奈子: 我家小孩作业一个字没动！拿着他手机就看到你们这种游戏直播！国家迟早会制裁你们的！
[2026-02-22 00:41:22] Rainwedell: 攻击玩➗的弹幕呢？你们的牛劲呢？
[2026-02-22 00:41:22] 瓜皮老师的蛇皮学生: @🪨：你们的石头为什么那么帅？🗿
[2026-02-22 00:41:22] 井上坚二22: 攻击玩➗的弹幕呢？你们的牛劲呢？
[2026-02-22 00:41:23] 有你便是世界1: 翻过一次点子带的A队，那时候你登山了
[2026-02-22 00:41:23] 梦的星: 攻击玩➗的弹幕呢？你们的牛劲呢？
[2026-02-22 00:41:23] LvvsiN: 就tm喜欢银行业🥰银行坏账我喜欢🥰银行挤兑我还喜欢😍利率调低我也喜欢🤤老子亲烂银行业的脸😘
[2026-02-22 00:41:23] 夏空喵: 机器，我只希望你能轻松快乐的直播。。。
[2026-02-22 00:41:23] Altolier: 玩 出已经把弹幕关了，你们发什么他都看不到
[2026-02-22 00:41:23] 叫啥不是名: @🗿：我依然是最高的山！😎
[2026-02-22 00:41:23] 狸仙人420: 我家小孩作业一个字没动！拿着他手机就看到你们这种游戏直播！国家迟早会制裁你们的！
[2026-02-22 00:41:23] 用户5608006019: 我提一嘴，100T已经回家了😭
[2026-02-22 00:41:24] 四川zywo0: 我家小孩作业一个字没动！拿着他手机就看到你们这种游戏直播！国家迟早会制裁你们的！
[2026-02-22 00:41:24] 越勾越搜越王勾践: 玩宝宝，我发现在大学上学的时候肄业会很舒服，你可以试试
[2026-02-22 00:41:24] NearrrR: 翻过一次点子带的A队，那时候你登山了
[2026-02-22 00:41:25] 荒芜之气: 翻过一次点子带的A队，那时候你登山了
[2026-02-22 00:41:25] 我不是玩父: 翻过一次点子带的A队，那时候你登山了
[2026-02-22 00:41:25] LvvsiN: 你这音画不同步太难受了，我都听到NIKO里约RMR晋级的欢呼了
[2026-02-22 00:41:25] 玩机器的小叮当: 翻过一次点子带的A队，那时候你登山了
[2026-02-22 00:41:25] WPwpS: 翻点子感觉不用提啊
[2026-02-22 00:41:26] 我是一个医保卡: 我提一嘴，100T已经回家了😭
[2026-02-22 00:41:26] 肆萬萬: 翻过一次点子带的A队，那时候你登山了
[2026-02-22 00:41:26] 猫很好的小乖: 翻过一次点子带的A队，那时候你登山了
[2026-02-22 00:41:26] 小小小蕉: 输小蜜蜂可以安慰自己数值不够，输PV就是被智商碾压了
[2026-02-22 00:41:26] 送了3年钻粉没进群: 我家小孩作业一个字没动！拿着他手机就看到你们这种游戏直播！国家迟早会制裁你们的！
[2026-02-22 00:41:26] 本间芽衣子ya: 我提一嘴，100T已经回家了😭
[2026-02-22 00:41:26] 涼風涼風涼: @🪨：你们的石头为什么那么帅？🗿
[2026-02-22 00:41:27] 宇莓: 我原本以为不塞钱就不理已经够离谱了，原来往奔驰里塞钱也不理啊......NB
[2026-02-22 00:41:27] 544165宝宝好好看吧: 翻过一次点子带的A队，那时候你登山了
[2026-02-22 00:41:27] 白塔11341: 你昨晚说好的老鼠进决赛，我房子卖了，你在石家庄哪里
[2026-02-22 00:41:27] Chisat052: 我知道另一个队核子也被翻了
[2026-02-22 00:41:27] CKxiaooo: @🪨：你们的石头为什么那么帅？🗿
[2026-02-22 00:41:27] 永远喜欢远近渔: 我家小孩作业一个字没动！拿着他手机就看到你们这种游戏直播！国家迟早会制裁你们的！
[2026-02-22 00:41:27] ig7gg: 我家小孩作业一个字没动！拿着他手机就看到你们这种游戏直播！国家迟早会制裁你们的！
[2026-02-22 00:41:27] 京京孩孩majo冠军: 哈哈只要我发了弹幕后关闭弹幕就看不到你们加一我的弹幕了🤣🤣🤣
[2026-02-22 00:41:28] ElfSenIor: 玩宝宝，我发现在大学上学的时候肄业会很舒服，你可以试试
[2026-02-22 00:41:28] 异鲸: 载物
[2026-02-22 00:41:28] 之海cc: 我家小孩作业一个字没动！拿着他手机就看到你们这种游戏直播！国家迟早会制裁你们的！
[2026-02-22 00:41:28] 喜多郁代最可爱: 玩 出已经把弹幕关了，你们发什么他都看不到
[2026-02-22 00:41:28] 劉膿dewasu: 攻击玩➗的弹幕呢？你们的牛劲呢？
[2026-02-22 00:41:28] 好哥们山上撤也: 翻过一次点子带的A队，那时候你登山了
[2026-02-22 00:41:28] 1791496105: 弹幕差不多得了，再说玩大哥脸色不对了
[2026-02-22 00:41:29] zin桀zera: 翻过一次点子带的A队，那时候你登山了
[2026-02-22 00:41:29] 不变的追求717: 攻击玩➗的弹幕呢？你们的牛劲呢？
[2026-02-22 00:41:29] 哦丁Oading: 我家小孩作业一个字没动！拿着他手机就看到你们这种游戏直播！国家迟早会制裁你们的！
[2026-02-22 00:41:29] HCS118: 水能载舟，亦能覆舟，玩小将宣布下放玩机器！
[2026-02-22 00:41:29] 楼梯间的烟花: 这样的pv，如同有透视一般的jame，猎鹰决赛危险了啊！
[2026-02-22 00:41:29] Ransrout: 翻过一次点子带的A队，那时候你登山了
[2026-02-22 00:41:29] 梅友仁2005: @🪨：你们的石头为什么那么帅？🗿
[2026-02-22 00:41:30] 七海娜娜米Official: 我家小孩作业一个字没动！拿着他手机就看到你们这种游戏直播！国家迟早会制裁你们的！
[2026-02-22 00:41:30] 森林与雁: 卧槽，终于解禁了，开串开串😄
[2026-02-22 00:41:30] 凸凸凹凸凹凸凸凸: 这次没人帮pv送走小蜜蜂了....
[2026-02-22 00:41:30] 夏亚阿兹纳布耳: 我提一嘴，100T已经回家了😭
[2026-02-22 00:41:30] Cape秋雨: 翻过一次点子带的A队，那时候你登山了
[2026-02-22 00:41:30] 压缩vs蛮晚: 翻过一次点子带的A队，那时候你登山了
[2026-02-22 00:41:31] 南小鸡丶advent: 我提一嘴，100T已经回家了😭
[2026-02-22 00:41:31] mashrimp牛异啵: 我家小孩作业一个字没动！拿着他手机就看到你们这种游戏直播！国家迟早会制裁你们的！
[2026-02-22 00:41:31] 老奇崔恩: 我家小孩作业一个字没动！拿着他手机就看到你们这种游戏直播！国家迟早会制裁你们的！
[2026-02-22 00:41:31] 马上拥有腹肌的胖子: 我家小孩作业一个字没动！拿着他手机就看到你们这种游戏直播！国家迟早会制裁你们的！
[2026-02-22 00:41:32] 皇马卧底巴托梅乌: 翻过一次点子带的A队，那时候你登山了
[2026-02-22 00:41:32] 玩机器的小叮当: 我家小孩作业一个字没动！拿着他手机就看到你们这种游戏直播！国家迟早会制裁你们的！
[2026-02-22 00:41:32] Kylinzzzzzzzz: 我提一嘴，100T已经回家了😭
[2026-02-22 00:41:33] 小箱我亲死你: 我提一嘴这剧情越来越像上海major了
[2026-02-22 00:41:33] st同归: @🪨：你们的石头为什么那么帅？🗿
[2026-02-22 00:41:33] 林三夕i: 翻过一次点子带的A队，那时候你登山了
[2026-02-22 00:41:33] 若叶睦吃苦瓜: 翻过一次点子带的A队，那时候你登山了
[2026-02-22 00:41:33] D1etCola: 我家小孩作业一个字没动！拿着他手机就看到你们这种游戏直播！国家迟早会制裁你们的！
[2026-02-22 00:41:33] 异鲸: 吃饺子
[2026-02-22 00:41:33] 不知名贝斯手: 攻击玩➗的弹幕呢？你们的牛劲呢？
[2026-02-22 00:41:33] LvvsiN: 男人一生只哭十八次：niko十七次梦碎major正赛, niko梦碎里约major RMR＼
[2026-02-22 00:41:33] 古堡12枪战神: 我提一嘴，100T已经回家了😭
[2026-02-22 00:41:33] 京京孩孩majo冠军: 哈哈只要我发了弹幕后关闭弹幕就看不到你们加一我的弹幕了🤣🤣
[2026-02-22 00:41:34] 寒枫曳是一头傲空的隼: @🪨：你们的石头为什么那么帅？🗿
[2026-02-22 00:41:34] 我永远喜欢蛋挞OVO: 我家小孩作业一个字没动！拿着他手机就看到你们这种游戏直播！国家迟早会制裁你们的！
[2026-02-22 00:41:34] 米米世界之神: 玩宝宝，我发现在大学上学的时候肄业会很舒服，你可以试试
[2026-02-22 00:41:34] 扣你扣你口: 我家小孩作业一个字没动！拿着他手机就看到你们这种游戏直播！国家迟早会制裁你们的！
[2026-02-22 00:41:34] 白皇的三千院Nagi本人: 我家小孩作业一个字没动！拿着他手机就看到你们这种游戏直播！国家迟早会制裁你们的！
[2026-02-22 00:41:34] 千年的爱丽丝同学: 我家小孩作业一个字没动！拿着他手机就看到你们这种游戏直播！国家迟早会制裁你们的！
[2026-02-22 00:41:34] 梓川不是辛川: 弹幕差不多得了，再说玩大哥脸色不对了
[2026-02-22 00:41:35] NiP的Dev1Ce本人: 玩宝宝，我发现在大学上学的时候肄业会很舒服，你可以试试
[2026-02-22 00:41:35] 学化学的鱼: Jame：我来逮捕载物
[2026-02-22 00:41:35] LvvsiN: 你屏蔽词都快赶上新华词典了为什么不干脆开一百级发言？
[2026-02-22 00:41:36] dfed5: vp在哪发财那
[2026-02-22 00:41:36] NearrrR: 水能载舟，亦能覆舟，玩小将宣布下放玩机器！
[2026-02-22 00:41:36] 星海羽弦: 水能载舟，亦能覆舟，玩小将宣布下放玩机器！
[2026-02-22 00:41:36] 哈哈我无敌了吗: 自己花钱找果盘无罪，周姐免费和男粉丝玩耍不能原谅，双标这方面还得看H先生啊
[2026-02-22 00:41:36] 奥利奥利奥dsk: 　　　 我提一嘴，100T已经回家了😭
[2026-02-22 00:41:36] 歌谷爱墨迹: 翻过一次点子带的A队，那时候你登山了
[2026-02-22 00:41:37] AnonChihaya: 翻过一次点子带的A队，那时候你登山了
[2026-02-22 00:41:37] 京京孩孩majo冠军: 哈哈只要我发了弹幕后关闭弹幕就看不到你们加一我的弹幕了🤣🤣🤣
[2026-02-22 00:41:37] Navi的Patsi本人: 翻过一次点子带的A队，那时候你登山了
[2026-02-22 00:41:37] 火暴兽也干了: 翻过一次点子带的A队，那时候你登山了
[2026-02-22 00:41:37] LvvsiN: 就tm喜欢银行业🥰银行坏账我喜欢🥰银行挤兑我还喜欢😍利率调低我也喜欢🤤老子亲烂银行业的脸😘
[2026-02-22 00:41:37] NatsuROSE: 我提一嘴，100T已经回家了😭
[2026-02-22 00:41:38] GlasgowJSzhang: 玩宝宝，我发现在大学上学的时候肄业会很舒服，你可以试试
[2026-02-22 00:41:38] 述二ER: 我家小孩作业一个字没动！拿着他手机就看到你们这种游戏直播！国家迟早会制裁你们的！
[2026-02-22 00:41:38] 巅峰A队的一员Xyp9x: @🪨：你们的石头为什么那么帅？🗿
[2026-02-22 00:41:38] 油炸火影忍者: 我家小孩作业一个字没动！拿着他手机就看到你们这种游戏直播！国家迟早会制裁你们的！
[2026-02-22 00:41:38] 丞丞丞丞丞丞: 翻过一次点子带的A队，那时候你登山了
[2026-02-22 00:41:39] 馁木: 我家小孩作业一个字没动！拿着他手机就看到你们这种游戏直播！国家迟早会制裁你们的！
[2026-02-22 00:41:39] LvvsiN: 男人一生只哭十八次：niko十七次梦碎major正赛, niko梦碎里约major RMR＼
[2026-02-22 00:41:39] 玉米卧槽: 核弹
[2026-02-22 00:41:40] A队不吃晃的小祥本人: 老规矩，弹幕谁编的好笑我支持谁
[2026-02-22 00:41:40] 玩机器B点在干啥: 水泊梁山聚忠义，解说比赛像放屁，冬瓜茄子一边去，斗鱼一哥玩机器！
[2026-02-22 00:41:40] 京京孩孩majo冠军: 哈哈只要我发了弹幕后关闭弹幕就看不到你们加一我的弹幕了🤣🤣🤣
[2026-02-22 00:41:40] 异鲸: 暴打
[2026-02-22 00:41:41] 雷中见雨: ？
[2026-02-22 00:41:41] 好哥们黑龙歼灭刀: 水能载舟，亦能覆舟，玩小将宣布下放玩机器！
[2026-02-22 00:41:41] 玩猫娘、planecup: 翻过一次点子带的A队，那时候你登山了
[2026-02-22 00:41:41] slEEEEEEEEEEEEEEEEEEEEEEp: 我家小孩作业一个字没动！拿着他手机就看到你们这种游戏直播！国家迟早会制裁你们的！
[2026-02-22 00:41:41] LvvsiN: 南孚一节更比六节强，也就是一节南孚比六节南孚强，六节南孚比三十六节强，三十六节比二百一十六节强
[2026-02-22 00:41:42] 用户5608006019: @🪨：你们的石头为什么那么帅？🗿
[2026-02-22 00:41:42] 十方梦魇宗: 我提一嘴，100T已经回家了😭
[2026-02-22 00:41:42] 用户9693232973: 我提一嘴，100T已经回家了😭
[2026-02-22 00:41:43] 1freet: 不疼
[2026-02-22 00:41:43] A队不吃晃的小祥本人: 水能载舟，亦能覆舟，玩小将宣布下放玩机器！
[2026-02-22 00:41:43] IIIIIIIIIIIIIIIIIIIIIIlllll: 翻了
[2026-02-22 00:41:43] 神话zzz: 我家小孩作业一个字没动！拿着他手机就看到你们这种游戏直播！国家迟早会制裁你们的！
[2026-02-22 00:41:43] yuuik27: 翻过一次点子带的A队，那时候你登山了
[2026-02-22 00:41:43] LvvsiN: 额，拿亚军我都会，拿亚军，拿季军，拿四强，拿八强，拿十六强，呃拿冠军我不会，然后小组赛淘汰
[2026-02-22 00:41:44] 辣辣米米辣辣: man！
[2026-02-22 00:41:44] 玉米卧槽: -58
[2026-02-22 00:41:44] 爱被小泉吃的拉面同学: 翻过一次点子带的A队，那时候你登山了
[2026-02-22 00:41:44] 福布斯最佳中文解说: 还敢带259长管不双拉节奏嘛？九爷的大手稍微动一动你直播间就成这b样了😄😄😄
[2026-02-22 00:41:44] 异鲸: 老鼠
[2026-02-22 00:41:44] 伦敦千早爱: 在线榜地12名千早爱音给你送钻粉你咋不谢（11级发不了言代发）
[2026-02-22 00:41:44] 爱拍杯具123: 男人一生只哭十八次：niko十七次梦碎major正赛, niko梦碎里约major RMR＼
[2026-02-22 00:41:45] 玩机器B点在干啥: 翻过一次点子带的A队，那时候你登山了
[2026-02-22 00:41:45] 渴望和老马击剑: 翻过一次点子带的A队，那时候你登山了
[2026-02-22 00:41:45] 曳屋许许声丶: 1
[2026-02-22 00:41:45] A队不吃晃的小祥本人: 老规矩，弹幕谁编的好笑我支持谁
[2026-02-22 00:41:45] 玩老鼠丶Roxy: 故意护niko也是一种引导攻击，有没有懂的
[2026-02-22 00:41:45] 巅峰A队的一员Xyp9x: 我提一嘴，100T已经回家了😭
[2026-02-22 00:41:45] LvvsiN: @老汤日记:丹麦总统让我静音接触白宫，这应该是我最后一次看儿子直播了，机器，我爱你...
[2026-02-22 00:41:45] 特泯病的驴donk: 我家小孩作业一个字没动！拿着他手机就看到你们这种游戏直播！国家迟早会制裁你们的！
[2026-02-22 00:41:46] 用户9187888413: 翻过一次点子带的A队，那时候你登山了
[2026-02-22 00:41:46] KujoJolyne: 5B‘’
[2026-02-22 00:41:46] ElfSenIor: 玩宝宝，我发现播比赛的时候登山会很舒服，你也可以试试
[2026-02-22 00:41:47] kulanyee: man！
[2026-02-22 00:41:47] LokiAka: 哈哈只要我发了弹幕后关闭弹幕就看不到你们加一我的弹幕了🤣🤣desuw@
[2026-02-22 00:41:47] 好哥们黑龙歼灭刀: 哈哈只要我发了弹幕后关闭弹幕就看不到你们加一我的弹幕了🤣🤣🤣
[2026-02-22 00:41:47] 火星情报员工: 我提一嘴，100T已经回家了😭
[2026-02-22 00:41:48] 葛孚雷: 翻过一次点子带的A队，那时候你登山了
[2026-02-22 00:41:48] 罪石牢狱的小驴本人: 我家小孩作业一个字没动！拿着他手机就看到你们这种游戏直播！国家迟早会制裁你们的！
[2026-02-22 00:41:48] 新用户259: 由于你的帐号禁言1小时,阳光信用分-15。了解斗鱼阳光信用分
[2026-02-22 00:41:48] KouKouJoe: 玩哥怎么可能关弹幕，关了送的礼物就看不到了😍💰
[2026-02-22 00:41:48] Yuuuzaki: 我提一嘴，100T已经回家了😭
[2026-02-22 00:41:49] 月見月見黒: 我家小孩作业一个字没动！拿着他手机就看到你们这种游戏直播！国家迟早会制裁你们的！
[2026-02-22 00:41:49] 冬瓜不在家偷偷玩机器: 额，阿姨你家小孩还盗刷你银行卡里的钱了
[2026-02-22 00:41:49] kulanyee: 翻过一次点子带的A队，那时候你登山了
[2026-02-22 00:41:50] LvvsiN: 弹幕也就网上说说，现实里谁不觉得樱姐是好女孩（删括号领一条远坂凛同款鸟笼）
[2026-02-22 00:41:50] User5092: 核弹
[2026-02-22 00:41:51] MSK枫: 大家千万不要攻击玩大哥，攻击他你真的会被毕业😭😭😭
[2026-02-22 00:41:51] 白毛neguno: @🪨：你们的石头为什么那么帅？🗿
[2026-02-22 00:41:52] 美妙的牧歌: 我家小孩作业一个字没动！拿着他手机就看到你们这种游戏直播！国家迟早会制裁你们的！
[2026-02-22 00:41:52] LvvsiN: @老汤日记:丹麦总统让我静音接触白宫，这应该是我最后一次看儿子直播了，机器，我爱你...
[2026-02-22 00:41:52] Device的叠Twistzz: 我提一嘴，100T已经回家了😭
[2026-02-22 00:41:52] 玩机器你能不能闭嘴: 老尼其实是冰 粉，因为他编了尼 孝
[2026-02-22 00:41:53] 好姐妹普利茅斯: 翻过一次点子带的A队，那时候你登山了
[2026-02-22 00:41:54] Vitality的羽贺文乃本人: 翻过一次点子带的A队，那时候你登山了
[2026-02-22 00:41:54] LvvsiN: 银行业😄银行业😀银行业😃银行业😁银行业😆银行业🤪银行业😝
[2026-02-22 00:41:54] 夏虫语冰云: 不考
[2026-02-22 00:41:54] 疗养院的Terapevt本人: 翻过一次点子带的A队，那时候你登山了
[2026-02-22 00:41:54] 改了名字能中奖666: 警察局
[2026-02-22 00:41:54] 罪石牢狱的小驴本人: 在线榜地12名千早爱音给你送钻粉你咋不谢（11级发不了言代发）
[2026-02-22 00:41:55] 老英雄有新想法: 哈哈只要我发了弹幕后关闭弹幕就看不到你们加一我的弹幕了🤣🤣desuw@
[2026-02-22 00:41:56] 丰胸祥子: 别奶了
[2026-02-22 00:41:56] LvvsiN: 你这音画不同步太难受了，我都听到NIKO里约RMR晋级的欢呼了
[2026-02-22 00:41:56] 用户2719002301: 我提一嘴，100T已经回家了😭
[2026-02-22 00:41:56] A队不吃晃的小祥本人: 申请看100T比赛净化弹幕，同意的＋1
[2026-02-22 00:41:57] 硫磺祥: 我家小孩作业一个字没动！拿着他手机就看到你们这种游戏直播！国家迟早会制裁你们的！
[2026-02-22 00:41:57] 1039210: 暂时想不到这么熟
[2026-02-22 00:41:57] LokiAka: 由于你的帐号禁言1小时,阳光信用分-15。了解斗鱼阳光信用分desuw@
[2026-02-22 00:41:58] LionelYork: 故意护niko也是一种引导攻击，有没有懂的
[2026-02-22 00:41:58] LvvsiN: 弹幕也就网上说说，现实里谁不觉得樱姐是好女孩（删括号领一条远坂凛同款鸟笼）
[2026-02-22 00:41:58] 丶为眸: [梗已老实]
[2026-02-22 00:41:58] Wangzap: @🪨：你们的石头为什么那么帅？🗿
[2026-02-22 00:41:58] 东方昼华DFZH: 我家小孩作业一个字没动！拿着他手机就看到你们这种游戏直播！国家迟早会制裁你们的！
[2026-02-22 00:41:59] 米奎岚: 翻过一次点子带的A队，那时候你登山了
[2026-02-22 00:42:00] 不会真44113: 老尼其实是冰 粉，因为他编了尼 孝
[2026-02-22 00:42:00] 九折水瓶丶: 额，阿姨你家小孩还盗刷你银行卡里的钱了
[2026-02-22 00:42:00] LvvsiN: 你屏蔽词都快赶上新华词典了为什么不干脆开一百级发言？
[2026-02-22 00:42:00] 拉特兰的Exus1a1本人: 玩➗你前几天和弹幕聊天的牛劲呢
[2026-02-22 00:42:00] SpectacularBid: 大家千万不要攻击玩大哥，攻击他你真的会被毕业😭😭😭
[2026-02-22 00:42:01] 巅峰A队的一员Xyp9x: 翻过一次点子带的A队，那时候你登山了
[2026-02-22 00:42:01] 葛孚雷: 我家小孩作业一个字没动！拿着他手机就看到你们这种游戏直播！国家迟早会制裁你们的！
[2026-02-22 00:42:01] A队不吃晃的小祥本人: ⓘ您已被天师庄方宜举报封禁，点击了解武陵社会信用
[2026-02-22 00:42:01] RiceShowerlk: 我提一嘴，100T已经回家了😭
[2026-02-22 00:42:02] LvvsiN: 弹幕也就网上说说，现实里谁不觉得樱姐是好女孩（删括号领一条远坂凛同款鸟笼）
[2026-02-22 00:42:03] 猫心碎会失去几条命: 老尼其实是冰 粉，因为他编了尼 孝
[2026-02-22 00:42:03] 辣薄荷Lapohre: 翻了
[2026-02-22 00:42:03] 就爱吃辣咋的: 翻了
[2026-02-22 00:42:03] 尼德霍格9: 申请看100T比赛净化弹幕，同意的＋1
[2026-02-22 00:42:04] A队不吃晃的小祥本人: 申请看100T比赛净化弹幕，同意的＋1
[2026-02-22 00:42:04] 小川阿丶: 翻了
[2026-02-22 00:42:04] LvvsiN: 别解说了 多聊会天 你不会真的以为能输吧
[2026-02-22 00:42:04] 水球碳酸饮料: 黏住
[2026-02-22 00:42:05] 梦的星: 翻了
[2026-02-22 00:42:05] 爱被小泉吃的拉面同学: 故意护niko也是一种引导攻击，有没有懂的
[2026-02-22 00:42:05] 怒之拳: 玩➗你前几天和弹幕聊天的牛劲呢
[2026-02-22 00:42:05] Traveler蛋: 老尼其实是冰 粉，因为他编了尼 孝
[2026-02-22 00:42:06] 网友阿草: +了
[2026-02-22 00:42:06] LvvsiN: 额，拿亚军我都会，拿亚军，拿季军，拿四强，拿八强，拿十六强，呃拿冠军我不会，然后小组赛淘汰
[2026-02-22 00:42:06] 热心好邻居: 我提一嘴，100T已经回家了😭
[2026-02-22 00:42:06] 疑似C9的sh1ro本人: pv这状态...季军赛猎鹰危险了啊
zweih:谁把这菜队放上来的
[2026-02-22 00:42:07] 小小的打一套吧: 弹幕就继续骂吧 玩宝宝生气了双倍都不开 谁也别想到15级
[2026-02-22 00:42:07] 不变的追求717: 老尼其实是冰 粉，因为他编了尼 孝
[2026-02-22 00:42:07] 玉米卧槽: 老尼其实是冰 粉，因为他编了尼 孝
[2026-02-22 00:42:08] 好哥们黑龙歼灭刀: 老尼其实是冰 粉，因为他编了尼 孝
[2026-02-22 00:42:08] 玩机器B点在干啥: 有些观众，自己想不到好段子，就收藏别人的弹幕，时不时发出来哗众取宠，有人加1就咧个B嘴嘿嘿笑
[2026-02-22 00:42:08] 丿年华不再: 大家千万不要攻击玩大哥，攻击他你真的会被毕业😭😭😭
[2026-02-22 00:42:08] LvvsiN: 就tm喜欢银行业🥰银行坏账我喜欢🥰银行挤兑我还喜欢😍利率调低我也喜欢🤤老子亲烂银行业的脸😘
[2026-02-22 00:42:08] 啪啪啪啪的蛋: 玩➗你前几天和弹幕聊天的牛劲呢
[2026-02-22 00:42:08] 用户2719002301: 我提一嘴，100T已经回家了😭
[2026-02-22 00:42:08] 往日已不谏: 美味的躲开
[2026-02-22 00:42:09] A队不吃晃的小祥本人: 水能载舟，亦能覆舟，玩小将宣布下放玩机器！
[2026-02-22 00:42:09] 林三夕i: 开黏
[2026-02-22 00:42:09] 玻璃xin: 翻了
[2026-02-22 00:42:09] 2steppppppp: 翻了
[2026-02-22 00:42:09] 述二ER: 大家千万不要攻击玩大哥，攻击他你真的会被毕业😭😭😭
[2026-02-22 00:42:09] 若叶睦吃苦瓜: 翻了
[2026-02-22 00:42:10] byakurenii: 翻了
[2026-02-22 00:42:10] LvvsiN: 就tm喜欢银行业🥰银行坏账我喜欢🥰银行挤兑我还喜欢😍利率调低我也喜欢🤤老子亲烂银行业的脸😘
[2026-02-22 00:42:10] Specter1: 翻了
[2026-02-22 00:42:10] 异鲸: 完
[2026-02-22 00:42:10] 宗宗若若major冠军: 🅛🅔🅞 🅨🅞🅢🅢🅘
[2026-02-22 00:42:11] A队不吃晃的小祥本人: 老规矩，弹幕谁编的好笑我支持谁
[2026-02-22 00:42:11] 大姜饼: 老尼其实是冰 粉，因为他编了尼 孝
[2026-02-22 00:42:12] 倾盆大rain: 冰冻三尺非一日之寒
[2026-02-22 00:42:12] 劉膿dewasu: 玩➗你前几天和弹幕聊天的牛劲呢
[2026-02-22 00:42:12] 温柔皮皮想吃屁屁: 老尼其实是冰 粉，因为他编了尼 孝
[2026-02-22 00:42:12] LvvsiN: @老汤日记:丹麦总统让我静音接触白宫，这应该是我最后一次看儿子直播了，机器，我爱你...
[2026-02-22 00:42:12] Ring的要乐奈本人: 老尼其实是冰 粉，因为他编了尼 孝
[2026-02-22 00:42:13] A队不吃晃的小祥本人: 水能载舟，亦能覆舟，玩小将宣布下放玩机器！
[2026-02-22 00:42:14] 我不是闪烁啊: 这康能跑？
[2026-02-22 00:42:14] 用户5608006019: 翻了
[2026-02-22 00:42:14] 爱被小泉吃的拉面同学: 老尼其实是冰 粉，因为他编了尼 孝
[2026-02-22 00:42:14] dark1337: 卧槽，冰粉被屏蔽了？
[2026-02-22 00:42:14] 为宫士郎: 开双倍
[2026-02-22 00:42:15] 薛茂华真帅啊哈哈哈: 在线榜地12名千早爱音给你送钻粉你咋不谢（11级发不了言代发）
[2026-02-22 00:42:15] Kunwz: 不是，弹幕是怎么敢粉niko的？😱上一个粉niko的已经被贬式了
[2026-02-22 00:42:16] 怪诞狂人: 加
[2026-02-22 00:42:16] A队不吃晃的小祥本人: 水能载舟，亦能覆舟，玩小将宣布下放玩机器！
[2026-02-22 00:42:16] LvvsiN: 南孚一节更比六节强，也就是一节南孚比六节南孚强，六节南孚比三十六节强，三十六节比二百一十六节强
[2026-02-22 00:42:17] ccxrgt: 翻了
[2026-02-22 00:42:17] 圣诞节二人组: ❤️嘉然❤️乃琳❤️贝拉❤️思诺❤️心宜
[2026-02-22 00:42:17] akatsuki64347: 　　　 翻了
[2026-02-22 00:42:18] 正经猪头肉: 哈哈哈
[2026-02-22 00:42:18] 伦敦千早爱: 我朋友千早爱音给你送钻石粉丝你咋不谢谢他？
[2026-02-22 00:42:18] 薛茂华真帅啊哈哈哈: 在线榜地12名千早爱音给你送钻粉你咋不谢（11级发不了言代发）
[2026-02-22 00:42:18] LvvsiN: 玩宝宝，我发现在大学上学的时候肄业会很舒服，你可以试试
[2026-02-22 00:42:19] A队不吃晃的小祥本人: 水能载舟，亦能覆舟，玩小将宣布下放玩机器！
[2026-02-22 00:42:19] 倾盆大rain: 冰冻三尺非一日之寒
[2026-02-22 00:42:19] 王佰柒柒: 老尼其实是冰 粉，因为他编了尼 孝
[2026-02-22 00:42:19] 晨风凌云21146: 翻了
[2026-02-22 00:42:19] 中二咸鱼King: ++++++++++
[2026-02-22 00:42:19] 油乎乎yhh: 手枪局没赢过
[2026-02-22 00:42:20] 哦可喜欢我: 水能载舟，亦能覆舟，玩小将宣布下放玩机器！
[2026-02-22 00:42:20] 丰川小祥圆圆脸: 翻了
[2026-02-22 00:42:20] ArZhe阿哲: 老尼其实是冰 粉，因为他编了尼 孝
[2026-02-22 00:42:20] LvvsiN: 别解说了 多聊会天 你不会真的以为能输吧
[2026-02-22 00:42:20] 迪奥雷: 老尼其实是冰 粉，因为他编了尼 孝
[2026-02-22 00:42:20] VP影业Snax: 大家千万不要攻击玩大哥，攻击他你真的会被毕业😭😭😭
[2026-02-22 00:42:20] 薛茂华真帅啊哈哈哈: 在线榜地12名千早爱音给你送钻粉你咋不谢（11级发不了言代发）
[2026-02-22 00:42:21] 飞天玉虎zzZ: 你就这么不想早看蜜蜂比赛吗.......
[2026-02-22 00:42:21] 丿年华不再: 老尼其实是冰 粉，因为他编了尼 孝
[2026-02-22 00:42:21] 好姐妹芙卡洛斯: 翻了
[2026-02-22 00:42:21] A队不吃晃的小祥本人: ⓘ您已被天师庄方宜举报封禁，点击了解武陵社会信用
[2026-02-22 00:42:21] 用户8382617600: ❤️嘉然❤️乃琳❤️贝拉❤️思诺❤️心宜
[2026-02-22 00:42:21] 好哥们大叫巨鹦: 水能载舟，亦能覆舟，玩小将宣布下放玩机器！
[2026-02-22 00:42:21] 传奇老将丰川祥子: 　　　 翻了
[2026-02-22 00:42:22] 冷宝小迷妹: 水能载舟，亦能覆舟，玩小将宣布下放玩机器！
[2026-02-22 00:42:22] 夺云丶: 老尼其实是冰 粉，因为他编了尼 孝
[2026-02-22 00:42:22] 星空丶梦华: 翻了
[2026-02-22 00:42:22] wedd1ddeJodd: 老尼其实是冰 粉，因为他编了尼 孝
[2026-02-22 00:42:22] J4ckaLove: 翻了
[2026-02-22 00:42:22] 宗宗若若major冠军: 艾泼斯坦档案最新解密：飞■■■■■■，■■飞■■■■
[2026-02-22 00:42:22] chukap: 这也嘘啊
[2026-02-22 00:42:22] 涼風涼風涼: 高松灯：想把🗿捡走
[2026-02-22 00:42:22] 薯薯在孩孩洞洞刘农: 载物来V了
[2026-02-22 00:42:22] Balnk11: 翻了
[2026-02-22 00:42:23] 本间芽衣子ya:     翻了
[2026-02-22 00:42:23] oldhen吃苹果: 老尼其实是冰 粉，因为他编了尼 孝
[2026-02-22 00:42:23] 千早爱音Dcup: 翻了
[2026-02-22 00:42:23] 极轻松: ++++++++++
[2026-02-22 00:42:23] 薛茂华真帅啊哈哈哈: 在线榜地12名千早爱音给你送钻粉你咋不谢（11级发不了言代发）
[2026-02-22 00:42:23] 無茶苦茶0: 我真舍不得黑尼，我好歹也是看尼波士顿勇夺亚军，斯德哥尔摩背身三枪，里约major度假长大的
[2026-02-22 00:42:23] 好哥们黑龙歼灭刀: 6657版本更新公告：【zywoo play】将被替换为【niko play】
[2026-02-22 00:42:23] hylROCKY: 在线榜地12名千早爱音给你送钻粉你咋不谢（11级发不了言代发）
[2026-02-22 00:42:24] 怒之拳: 翻了
[2026-02-22 00:42:24] 修飞机的保安:     翻了
[2026-02-22 00:42:24] Turned傲雪: 由于你的帐号禁言1小时,阳光信用分-15。了解斗鱼阳光信用分
[2026-02-22 00:42:24] 用户3661578: 这当警了真有机会翻
[2026-02-22 00:42:24] FROSTYI: 水能载舟，亦能覆舟，玩小将宣布下放玩机器！
[2026-02-22 00:42:24] 湖上风72121: 冰冻三尺非一日之寒
[2026-02-22 00:42:24] 1791496105: 老尼其实是冰 粉，因为他编了尼 孝
[2026-02-22 00:42:24] LvvsiN: 你屏蔽词都快赶上新华词典了为什么不干脆开一百级发言？
[2026-02-22 00:42:24] dark1337: 翻了
[2026-02-22 00:42:25] DACL687: 在线榜地12名千早爱音给你送钻粉你咋不谢（11级发不了言代发）
[2026-02-22 00:42:25] Ayami旬果: flawless
[2026-02-22 00:42:25] 用户91227835: 　　　 翻了
[2026-02-22 00:42:25] 龙龙虾虾爱软脚: 人都没碰到
[2026-02-22 00:42:25] 第一美食烤肉: 一滴血都没掉
[2026-02-22 00:42:25] 轰国小阿旭丶: 在线榜地12名千早爱音给你送钻粉你咋不谢（11级发不了言代发）
[2026-02-22 00:42:25] 6657的鸣上悠本人: 水能载舟，亦能覆舟，玩小将宣布下放玩机器！
[2026-02-22 00:42:25] 尾巴17: 老尼其实是冰 粉，因为他编了尼 孝
[2026-02-22 00:42:26] 里约钻石币拥有者: 水能载舟，亦能覆舟，玩小将宣布下放玩机器！
[2026-02-22 00:42:26] 玩大歌别钟厨我的咲雪: ❤️嘉然❤️乃琳❤️贝拉❤️思诺❤️心宜
[2026-02-22 00:42:26] 子非FFish:     翻了
[2026-02-22 00:42:27] Fywoo259: 在线榜地12名千早爱音给你送钻粉你咋不谢（11级发不了言代发）
[2026-02-22 00:42:27] 冬原春希: 没哦已经很有素质了，昨天我看就要哦了
[2026-02-22 00:42:27] 爆爆爆开爆: 老尼其实是冰 粉，因为他编了尼 孝
[2026-02-22 00:42:27] 6657Bullys1mple: 老尼其实是冰 粉，因为他编了尼 孝
[2026-02-22 00:42:27] ZZzong: 玩宝宝，我发现在大学上学的时候肄业会很舒服，你可以试试
[2026-02-22 00:42:27] 玩口器Mouth: 老尼其实是冰 粉，因为他编了尼 孝
[2026-02-22 00:42:27] y666t666y666: 水能载舟，亦能覆舟，玩小将宣布下放玩机器！
[2026-02-22 00:42:27] 足音: ++++++++++
[2026-02-22 00:42:28] 布拉德丶皮特: 翻了
[2026-02-22 00:42:28] Cloud9的咬人猫本人: 水能载舟，亦能覆舟，玩小将宣布下放玩机器！
[2026-02-22 00:42:28] 雪枝枝qwq: 危险比分警告⚠️⚠️⚠️⚠️⚠️⚠️⚠️⚠️⚠️⚠️⚠️
[2026-02-22 00:42:28] 水瓶世界a: 水能载舟，亦能覆舟，玩小将宣布下放玩机器！
[2026-02-22 00:42:28] 玩机器的一头肌: 6657版本更新公告：【zywoo play】将被替换为【niko play】
[2026-02-22 00:42:29] 薛茂华真帅啊哈哈哈: 在线榜地12名千早爱音给你送钻粉你咋不谢（11级发不了言代发）
[2026-02-22 00:42:29] 醉悟生死:     翻了
[2026-02-22 00:42:29] Eke星辰: 反击从现在开始
[2026-02-22 00:42:29] 新用户259: 由于你的帐号禁言1小时,阳光信用分-15。了解斗鱼阳光信用分
[2026-02-22 00:42:29] 南小鸡丶advent: 老尼其实是冰 粉，因为他编了尼 孝
[2026-02-22 00:42:30] 星之所在Vitality: 老尼其实是冰 粉，因为他编了尼 孝
[2026-02-22 00:42:30] 玩老鼠丶Roxy: 水能载舟，亦能覆舟，玩小将宣布下放玩机器！
[2026-02-22 00:42:30] 好姐妹长期素食丶: 在线榜地12名千早爱音给你送钻粉你咋不谢（11级发不了言代发）
[2026-02-22 00:42:30] zin桀zera: 玩宝宝，我发现在大学上学的时候肄业会很舒服，你可以试试
[2026-02-22 00:42:30] 再立一个flag: 翻了
[2026-02-22 00:42:30] 澄猫: 老尼其实是冰 粉，因为他编了尼 孝
[2026-02-22 00:42:30] 马加奇的哥哥马加绝: 老尼其实是冰 粉，因为他编了尼 孝
[2026-02-22 00:42:30] 四川zywo0:  @夺云丶：老尼其实是冰 粉，因为他编了尼 孝
[2026-02-22 00:42:30] 好姐妹三司绫濑: 老尼其实是冰 粉，因为他编了尼 孝
[2026-02-22 00:42:30] douxxxxx: 水能载舟，亦能覆舟，玩小将宣布下放玩机器！
[2026-02-22 00:42:31] Hitagi蟹蟹: 在线榜地12名千早爱音给你送钻粉你咋不谢（11级发不了言代发）
[2026-02-22 00:42:31] A队不吃晃的小祥本人: 水能载舟，亦能覆舟，玩小将宣布下放玩机器！
[2026-02-22 00:42:31] 玩猫娘、planecup: 水能载舟，亦能覆舟，玩小将宣布下放玩机器！
[2026-02-22 00:42:31] chukap: 老尼其实是冰 粉，因为他编了尼 孝
[2026-02-22 00:42:31] 妖艳阿卡莎: 由于你的帐号禁言1小时,阳光信用分-15。了解斗鱼阳光信用分
[2026-02-22 00:42:35] 伦敦千早爱: 我朋友千早爱音给你送钻石粉丝你咋不谢谢他？
[2026-02-22 00:42:35] 薛茂华真帅啊哈哈哈: 在线榜地12名千早爱音给你送钻粉你咋不谢（11级发不了言代发）
[2026-02-22 00:42:35] 解说玩机包: 老尼其实是冰 粉，因为他编了尼 孝
[2026-02-22 00:42:35] 1Z的心: 水能载舟，亦能覆舟，玩小将宣布下放玩机器！
[2026-02-22 00:42:35] 消逝の繁星:     翻了
[2026-02-22 00:42:35] 鸟儿在头顶把森林叫醒: 冰冻三尺非一日之寒
[2026-02-22 00:42:35] 这是个有趣的名字呢: 老尼其实是冰 粉，因为他编了尼 孝
[2026-02-22 00:42:35] NJU的cdz本人: 老尼其实是冰 粉，因为他编了尼 孝
[2026-02-22 00:42:35] 秋叶恋心丶: 老尼其实是冰 粉，因为他编了尼 孝
[2026-02-22 00:42:35] 好哥们黑龙歼灭刀: 没哦已经很有素质了，昨天我看就要哦了
[2026-02-22 00:42:35] 西北椎王: 抓娃娃
[2026-02-22 00:42:35] Specter1: 在线榜地12名千早爱音给你送钻粉你咋不谢（11级发不了言代发）
[2026-02-22 00:42:35] chanceuxzz: 由于你的帐号禁言1小时,阳光信用分-15。了解斗鱼阳光信用分
[2026-02-22 00:42:35] 我的青春是大表哥: 没哦已经很有素质了，昨天我看就要哦了
[2026-02-22 00:42:35] 骑电瓶加油努力: 开不开双倍
[2026-02-22 00:42:35] 湖上风72121: ++++++++++
[2026-02-22 00:42:35] 用户080868441: 在线榜地12名千早爱音给你送钻粉你咋不谢（11级发不了言代发）
[2026-02-22 00:42:35] 梦幻恍惚: 水能载舟，亦能覆舟，玩小将宣布下放玩机器！
[2026-02-22 00:42:35] 薛茂华真帅啊哈哈哈: 在线榜地12名千早爱音给你送钻粉你咋不谢（11级发不了言代发）
[2026-02-22 00:42:35] olof奥拉夫: 由于你的帐号禁言1小时,阳光信用分-15。了解斗鱼阳光信用分
[2026-02-22 00:42:35] 假如一切是虚幻: 水能载舟，亦能覆舟，玩小将宣布下放玩机器！
[2026-02-22 00:42:35] 铃木佳奈助: 水能载舟，亦能覆舟，玩小将宣布下放玩机器！
[2026-02-22 00:42:35] 哈哈我无敌了吗: 怀念猎鹰最好的的三种应援物：照眼睛的激光笔， 花钱请的勇士以及骂冰粉的弹幕
[2026-02-22 00:42:35] 宗宗若若major冠军: 辛巴巴巴鲁比亚🤔 安妮呀纳玛你拉😆 巴查库巴鲁比拉🤓 艾玛也比露偶利马😡 辛巴巴巴鲁比亚😂
[2026-02-22 00:42:35] LvvsiN: 弹幕也就网上说说，现实里谁不觉得樱姐是好女孩（删括号领一条远坂凛同款鸟笼）
[2026-02-22 00:42:35] LettingItGO: 在线榜地12名千早爱音给你送钻粉你咋不谢（11级发不了言代发）
[2026-02-22 00:42:35] 神马米洛: 老尼其实是冰 粉，因为他编了尼 孝
[2026-02-22 00:42:36] RyeHS: 加时是对的
[2026-02-22 00:42:36] 玩机器的弟弟玩弟科: 在线榜地12名千早爱音给你送钻粉你咋不谢（11级发不了言代发）
[2026-02-22 00:42:36] TTak11: 老尼其实是冰 粉，因为他编了尼 孝
[2026-02-22 00:42:36] 我的青春是大表哥: 我朋友千早爱音给你送钻石粉丝你咋不谢谢他？
[2026-02-22 00:42:36] 劉膿dewasu: 6657版本更新公告：【zywoo play】将被替换为【niko play】
[2026-02-22 00:42:36] 星海羽弦: 在线榜地12名千早爱音给你送钻粉你咋不谢（11级发不了言代发）
[2026-02-22 00:42:37] 薛茂华真帅啊哈哈哈: 在线榜地12名千早爱音给你送钻粉你咋不谢（11级发不了言代发）
[2026-02-22 00:42:37] LvvsiN: 银行业😄银行业😀银行业😃银行业😁银行业😆银行业🤪银行业😝
[2026-02-22 00:42:37] 大肉鲁: 赖着不死
[2026-02-22 00:42:37] yinyao1231: 水能载舟，亦能覆舟，玩小将宣布下放玩机器！
[2026-02-22 00:42:37] 洛陽城里看落陽: 老尼其实是冰 粉，因为他编了尼 孝
[2026-02-22 00:42:37] 秋茶小雪: 一滴血没掉
[2026-02-22 00:42:38] Meik7: 老尼其实是冰 粉，因为他编了尼 孝
[2026-02-22 00:42:38] 一月八百永远支持机器: 水能载舟，亦能覆舟，玩小将宣布下放玩机器！
[2026-02-22 00:42:38] 不吃苹果的梨72298: 水能载舟，亦能覆舟，玩小将宣布下放玩机器！
[2026-02-22 00:42:38] 中X千早爱音: 老尼其实是冰 粉，因为他编了尼 孝
[2026-02-22 00:42:38] 海绵宝宝dinner: 水能载舟，亦能覆舟，玩小将宣布下放玩机器！
[2026-02-22 00:42:38] 大哥心里慌: 老尼其实是冰 粉，因为他编了尼 孝
[2026-02-22 00:42:38] 飞泉丶丶: 水能载舟，亦能覆舟，玩小将宣布下放玩机器！
[2026-02-22 00:42:38] 玉米卧槽: 清理皮套狗🧹清理皮套狗🧹清理皮套狗🧹清理皮套狗🧹
[2026-02-22 00:42:39] last玩神丶: 老尼其实是冰 粉，因为他编了尼 孝
[2026-02-22 00:42:39] chanceuxzz: 水能载舟，亦能覆舟，玩小将宣布下放玩机器！
[2026-02-22 00:42:39] y666t666y666: 玩小将葛明了？
[2026-02-22 00:42:39] 博丽灵感菇: @高松灯：弹幕还敢刷🗿吗？给你们一个个全捡了😄
[2026-02-22 00:42:39] 硫磺祥: 不看弹幕就算了 双倍也不开 玩大哥你真登山吧
[2026-02-22 00:42:39] 锤爆魔丸一百次: 老尼其实是冰 粉，因为他编了尼 孝
[2026-02-22 00:42:39] 喜欢玩机器被骂恋猪癖: 老尼其实是冰 粉，因为他编了尼 孝
[2026-02-22 00:42:40] 零北鸢: 水能载舟，亦能覆舟，玩小将宣布下放玩机器！
[2026-02-22 00:42:40] 巅峰A队的一员Xyp9x: 水能载舟，亦能覆舟，玩小将宣布下放玩机器！
[2026-02-22 00:42:40] 好哥们黑龙歼灭刀: 由于你的帐号禁言1小时,阳光信用分-15。了解斗鱼阳光信用分
[2026-02-22 00:42:40] 疯狂的蓝月亮i: 水能载舟，亦能覆舟，玩小将宣布下放玩机器！
[2026-02-22 00:42:40] 尼古拉刘亦博: 水能载舟，亦能覆舟，玩小将宣布下放玩机器！
[2026-02-22 00:42:40] 远野邸的远野秋叶本人: 在线榜地12名千早爱音给你送钻粉你咋不谢（11级发不了言代发）
[2026-02-22 00:42:40] loveforkenny: 在线榜地12名千早爱音给你送钻粉你咋不谢（11级发不了言代发）
[2026-02-22 00:42:40] kurozz: 水能载舟，亦能覆舟，玩小将宣布下放玩机器！
[2026-02-22 00:42:41] 用户2719002301: 银行业😄银行业😀银行业😃银行业😁银行业😆银行业🤪银行业😝
[2026-02-22 00:42:41] 用户255420066: 水能载舟，亦能覆舟，玩小将宣布下放玩机器！
[2026-02-22 00:42:41] xOcOg: “伊利亚，今年再拿不到major我们就退役”“我也要退吗”“对”
[2026-02-22 00:42:41] A队的佐佐木李子本人: 水能载舟，亦能覆舟，玩小将宣布下放玩机器！
[2026-02-22 00:42:41] jkszzzzz: 水能载舟，亦能覆舟，玩小将宣布下放玩机器！
[2026-02-22 00:42:41] Dyinlive: 在线榜地12名千早爱音给你送钻粉你咋不谢（11级发不了言代发）
[2026-02-22 00:42:42] 无刘海美女: 老尼其实是冰 粉，因为他编了尼 孝
[2026-02-22 00:42:42] 温文尔雅丶o: 哲伟又要进决赛了，马卡泽气不气
[2026-02-22 00:42:42] chukap: 这弹幕太好笑了哈哈哈哈哈
[2026-02-22 00:42:42] 5555555喔: 在线榜地12名千早爱音给你送钻粉你咋不谢（11级发不了言代发）
[2026-02-22 00:42:42] 我是小樂本人: 在线榜地12名千早爱音给你送钻粉你咋不谢（11级发不了言代发）
[2026-02-22 00:42:42] Alone的kang: 水能载舟，亦能覆舟，玩小将宣布下放玩机器！
[2026-02-22 00:42:42] 湖上风72121: 能不能从12比12开始
[2026-02-22 00:42:43] LvvsiN: 额，拿亚军我都会，拿亚军，拿季军，拿四强，拿八强，拿十六强，呃拿冠军我不会，然后小组赛淘汰
[2026-02-22 00:42:43] 唯一上帝Jame: 水能载舟，亦能覆舟，玩小将宣布下放玩机器！
[2026-02-22 00:42:43] Rainwedell: 老尼其实是冰 粉，因为他编了尼 孝
[2026-02-22 00:42:43] 发复古弹幕: 老尼其实是冰 粉，因为他编了尼 孝
[2026-02-22 00:42:43] Miyezd: 老尼
[2026-02-22 00:42:44] b1essinx: 6657版本更新公告：【zywoo play】将被替换为【niko play】
[2026-02-22 00:42:44] 橘子味儿小baby: 水能载舟，亦能覆舟，玩小将宣布下放玩机器！
[2026-02-22 00:42:44] weapon丶X: 水能载舟，亦能覆舟，玩小将宣布下放玩机器！
[2026-02-22 00:42:44] 博丽灵感菇: @高松灯：弹幕还敢刷🗿吗？给你们一个个全捡了😄
[2026-02-22 00:42:44] 0guriCap: 水能载舟，亦能覆舟，玩小将宣布下放玩机器！
[2026-02-22 00:42:44] 幽谷响子: 清理皮套狗🧹清理皮套狗🧹清理皮套狗🧹清理皮套狗🧹
[2026-02-22 00:42:44] Fywoo259: 在线榜地12名千早爱音给你送钻粉你咋不谢（11级发不了言代发）
[2026-02-22 00:42:45] 鸟儿在头顶把森林叫醒: 水能载舟，亦能覆舟，玩小将宣布下放玩机器！
[2026-02-22 00:42:45] 祐天寺喵梦: 水能载舟，亦能覆舟，玩小将宣布下放玩机器！
[2026-02-22 00:42:45] 快乐啃蹄蹄: 水能载舟，亦能覆舟，玩小将宣布下放玩机器！
[2026-02-22 00:42:45] 薛茂华真帅啊哈哈哈: 在线榜地12名千早爱音给你送钻粉你咋不谢（11级发不了言代发）
[2026-02-22 00:42:45] 述二ER: 由于你的帐号禁言1小时,阳光信用分-15。了解斗鱼阳光信用分
[2026-02-22 00:42:46] 维布罗斯: 老尼其实是冰 粉，因为他编了尼 孝
[2026-02-22 00:42:46] aruiketto: 水能载舟，亦能覆舟，玩小将宣布下放玩机器！
[2026-02-22 00:42:46] xuzVan: 老尼其实是冰 粉，因为他编了尼 孝
[2026-02-22 00:42:46] 我不听的灬: 水能载舟，亦能覆舟，玩小将宣布下放玩机器！
[2026-02-22 00:42:46] 到鱼一观: 水能载舟，亦能覆舟，玩小将宣布下放玩机器！
[2026-02-22 00:42:47] 龍EVOLOVE龍: 水能载舟，亦能覆舟，玩小将宣布下放玩机器！
[2026-02-22 00:42:47] 西恩多塔百斯特多塔: 老尼其实是冰 粉，因为他编了尼 孝
[2026-02-22 00:42:47] 月見月見黒: 水能载舟，亦能覆舟，玩小将宣布下放玩机器！
[2026-02-22 00:42:47] 好哥们山上撤也: 水能载舟，亦能覆舟，玩小将宣布下放玩机器！
[2026-02-22 00:42:48] 鸡皮骨丶: 在线榜地12名千早爱音给你送钻粉你咋不谢（11级发不了言代发）
[2026-02-22 00:42:48] 鸟儿在头顶把森林叫醒: 在线榜地12名千早爱音给你送钻粉你咋不谢（11级发不了言代发）
[2026-02-22 00:42:48] Vitality的羽贺文乃本人: 在线榜地12名千早爱音给你送钻粉你咋不谢（11级发不了言代发）
[2026-02-22 00:42:48] 不变的追求717: 老尼其实是冰 粉，因为他编了尼 孝
[2026-02-22 00:42:48] 我傻了都466: 水能载舟，亦能覆舟，玩小将宣布下放玩机器！
[2026-02-22 00:42:48] dfed5: 水能载舟，亦能覆舟，玩小将宣布下放玩机器！
[2026-02-22 00:42:48] 请叫我白师傅: 银行家😄银行家😀银行家😃银行家😁银行家😆银行家🤪银行家😝银行家😛
[2026-02-22 00:42:48] racula: 在线榜地12名千早爱音给你送钻粉你咋不谢（11级发不了言代发）
[2026-02-22 00:42:49] 滨辺美波: 水能载舟，亦能覆舟，玩小将宣布下放玩机器！
[2026-02-22 00:42:49] 泠鸢不是冷鸢丶: 水能载舟，亦能覆舟，玩小将宣布下放玩机器！
[2026-02-22 00:42:49] passionats丶: 水能载舟，亦能覆舟，玩小将宣布下放玩机器！
[2026-02-22 00:42:49] Ence的Aleks1b本人: 水能载舟，亦能覆舟，玩小将宣布下放玩机器！
[2026-02-22 00:42:49] 立希Rikki: 水能载舟，亦能覆舟，玩小将宣布下放玩机器！
[2026-02-22 00:42:49] Alone的kang: 水能载舟，亦能覆舟，玩小将宣布下放玩机器！
[2026-02-22 00:42:49] 玩小孩、monesy: 哲伟又要进决赛了，马卡泽气不气
[2026-02-22 00:42:49] 水球碳酸饮料: “我已经厌倦了一次又一次输给蜜蜂”说完谢逊就送给pv了
[2026-02-22 00:42:49] 工业化战士: 水能载舟，亦能覆舟，玩小将宣布下放玩机器！
[2026-02-22 00:42:49] 易池大大: 这弹幕太好笑了哈哈哈哈哈
[2026-02-22 00:42:50] 玉米卧槽: 在线榜地12名千早爱音给你送钻粉你咋不谢（11级发不了言代发）
[2026-02-22 00:42:50] 鸭硕的哈撒给: 水能载舟，亦能覆舟，玩小将宣布下放玩机器！
[2026-02-22 00:42:50] 小蜜蜂的长期素食本人: @高松灯：弹幕还敢刷🗿吗？给你们一个个全捡了😄
[2026-02-22 00:42:50] 浮华殆尽且听忧伤: 在线榜地12名千早爱音给你送钻粉你咋不谢（11级发不了言代发）
[2026-02-22 00:42:50] 情歌王马半首: 无人在意大虾
[2026-02-22 00:42:50] 薛茂华真帅啊哈哈哈: 在线榜地12名千早爱音给你送钻粉你咋不谢（11级发不了言代发）
[2026-02-22 00:42:51] 二着先生尼古拉: @高松灯：弹幕还敢刷🗿吗？给你们一个个全捡了😄
[2026-02-22 00:42:51] 情信亦泛黄-: 水能载舟，亦能覆舟，玩小将宣布下放玩机器！
[2026-02-22 00:42:51] 绀海恋歌丶: 水能载舟，亦能覆舟，玩小将宣布下放玩机器！
[2026-02-22 00:42:51] koctaa: 水能载舟，亦能覆舟，玩小将宣布下放玩机器！
[2026-02-22 00:42:51] i化石-: 水能载舟，亦能覆舟，玩小将宣布下放玩机器！
[2026-02-22 00:42:51] 游荡恶鬼灬: 老尼其实是冰 粉，因为他编了尼 孝
[2026-02-22 00:42:52] 大聪明二次元: 水能载舟，亦能覆舟，玩小将宣布下放玩机器！
[2026-02-22 00:42:52] 玩机器的小飞棍: 水能载舟，亦能覆舟，玩小将宣布下放玩机器！
[2026-02-22 00:42:53] 星之轨迹6657: 水能载舟，亦能覆舟，玩小将宣布下放玩机器！
[2026-02-22 00:42:53] 我的主人近藤千彩: 在线榜地12名千早爱音给你送钻粉你咋不谢（11级发不了言代发）
[2026-02-22 00:42:53] ymyyo: 水能载舟，亦能覆舟，玩小将宣布下放玩机器！
[2026-02-22 00:42:53] 火暴兽也干了: 水能载舟，亦能覆舟，玩小将宣布下放玩机器！
[2026-02-22 00:42:53] 樱走召召召: 水能载舟，亦能覆舟，玩小将宣布下放玩机器！
[2026-02-22 00:42:53] 是街角: test
[2026-02-22 00:42:53] LvvsiN: 南孚一节更比六节强，也就是一节南孚比六节南孚强，六节南孚比三十六节强，三十六节比二百一十六节强
[2026-02-22 00:42:54] 萨格拉斯好恩人麦迪文: 水能载舟，亦能覆舟，玩小将宣布下放玩机器！
[2026-02-22 00:42:54] 梦的星: 草 我荧光棒送完了，你今天最好别开双倍了
[2026-02-22 00:42:54] 玩觉醒丶Persona: @高松灯：弹幕还敢刷🗿吗？给你们一个个全捡了😄
[2026-02-22 00:42:54] 维布罗斯: 水能载舟，亦能覆舟，玩小将宣布下放玩机器！
[2026-02-22 00:42:54] 旋转的椅只: @高松灯：弹幕还敢刷🗿吗？给你们一个个全捡了😄
[2026-02-22 00:42:54] 高举major奖杯的Niko: 水能载舟，亦能覆舟，玩小将宣布下放玩机器！
[2026-02-22 00:42:54] 玩式不宫: 抓娃娃
[2026-02-22 00:42:54] 薛茂华真帅啊哈哈哈: 在线榜地12名千早爱音给你送钻粉你咋不谢（11级发不了言代发）
[2026-02-22 00:42:54] 发复古弹幕: 6657版本更新公告：【zywoo play】将被替换为【niko play】
[2026-02-22 00:42:54] 用户0083645032: 水能载舟，亦能覆舟，玩小将宣布下放玩机器！
[2026-02-22 00:42:55] 雪碧的Donk本人: 水能载舟，亦能覆舟，玩小将宣布下放玩机器！
[2026-02-22 00:42:55] LvvsiN: 孩子们快跑，马修赫伯特来了😨卧槽你的怎么是马枪和BOT
[2026-02-22 00:42:55] 梦幻恍惚: 玩学长这也能护真是神了
[2026-02-22 00:42:56] GlasgowJSzhang:  @高松灯：弹幕还敢刷🗿吗？给你们一个个全捡了😄
[2026-02-22 00:42:56] 马信今天吃什么: 感觉pv夺冠了啊有没有懂得
[2026-02-22 00:42:56] Vitality的羽贺文乃本人: 在线榜地12名千早爱音给你送钻粉你咋不谢（11级发不了言代发）
[2026-02-22 00:42:56] BleksiA: 在线榜地12名千早爱音给你送钻粉你咋不谢（11级发不了言代发）
[2026-02-22 00:42:56] 上海major心碎肥美: 在线榜地12名千早爱音给你送钻粉你咋不谢（11级发不了言代发）
[2026-02-22 00:42:56] 硫磺祥: 哲伟又要进决赛了，马卡泽气不气
[2026-02-22 00:42:56] 玉米卧槽: @高松灯：弹幕还敢刷🗿吗？给你们一个个全捡了😄
[2026-02-22 00:42:57] 咩咩口: 水能载舟，亦能覆舟，玩小将宣布下放玩机器！
[2026-02-22 00:42:57] glad1uS: @高松灯：弹幕还敢刷🗿吗？给你们一个个全捡了😄
[2026-02-22 00:42:57] NicolaiReedtz666: 水能载舟，亦能覆舟，玩小将宣布下放玩机器！
[2026-02-22 00:42:57] 我木JJ怕个锤子: 老尼其实是冰 粉，因为他编了尼 孝
[2026-02-22 00:42:57] 单推折纸11年: 在线榜地12名千早爱音给你送钻粉你咋不谢（11级发不了言代发）
[2026-02-22 00:42:57] 好兄弟苍蓝瑆: 水能载舟，亦能覆舟，玩小将宣布下放玩机器！
[2026-02-22 00:42:57] 比老六强一点: 这弹幕太好笑了哈哈哈哈哈
[2026-02-22 00:42:58] 丛念39090: ？
[2026-02-22 00:42:58] 猪头肉好香: 水能载舟，亦能覆舟，玩小将宣布下放玩机器！
[2026-02-22 00:42:58] lonhkfd: 水能载舟，亦能覆舟，玩小将宣布下放玩机器！
[2026-02-22 00:42:58] Vitality的Zyw0o0本人: @高松灯：弹幕还敢刷🗿吗？给你们一个个全捡了😄
[2026-02-22 00:42:58] 无言锋霜e: 水能载舟，亦能覆舟，玩小将宣布下放玩机器！
[2026-02-22 00:42:58] 旧城乀873: 赖着不死，别挡着我们送老汤最后一面
[2026-02-22 00:42:59] 玩小孩、monesy: 水能载舟，亦能覆舟，玩小将宣布下放玩机器！
[2026-02-22 00:42:59] c9的stewie本人: 水能载舟，亦能覆舟，玩小将宣布下放玩机器！
[2026-02-22 00:42:59] 用户3661578: 水果忍者
[2026-02-22 00:42:59] NatsumeQ: 水能载舟，亦能覆舟，玩小将宣布下放玩机器！
[2026-02-22 00:42:59] Khrubov: 水果忍者
[2026-02-22 00:42:59] sin橡皮妮i: 尼孝
[2026-02-22 00:42:59] Hitagi蟹蟹: 水能载舟，亦能覆舟，玩小将宣布下放玩机器！
[2026-02-22 00:43:00] RanS22: 水能载舟，亦能覆舟，玩小将宣布下放玩机器！
[2026-02-22 00:43:00] 薛茂华真帅啊哈哈哈: 在线榜地12名千早爱音给你送钻粉你咋不谢（11级发不了言代发）
[2026-02-22 00:43:00] myGo的anon: @高松灯：弹幕还敢刷🗿吗？给你们一个个全捡了😄
[2026-02-22 00:43:01] ccxrgt: 水果忍者
[2026-02-22 00:43:01] 述二ER: 水能载舟，亦能覆舟，玩小将宣布下放玩机器！
[2026-02-22 00:43:01] 狸仙人420: 水能载舟，亦能覆舟，玩小将宣布下放玩机器！
[2026-02-22 00:43:01] PekkaThePyro: 爆
[2026-02-22 00:43:01] Rumenides: 水能载舟，亦能覆舟，玩小将宣布下放玩机器！
[2026-02-22 00:43:01] 我感觉很膨胀:  ？
[2026-02-22 00:43:01] 旧城乀873: 赖着不死，别挡着我们送老汤最后一面
[2026-02-22 00:43:04] 骑小猪去撞墙80702: 水能载舟，亦能覆舟，玩小将宣布下放玩机器！
[2026-02-22 00:43:04] KouKouJoe: 蟹扔的逊子这么大？
[2026-02-22 00:43:04] qqwq111: 善意切
[2026-02-22 00:43:04] LvvsiN: 就tm喜欢银行业🥰银行坏账我喜欢🥰银行挤兑我还喜欢😍利率调低我也喜欢🤤老子亲烂银行业的脸😘
[2026-02-22 00:43:04] 用户2421654511: 水果忍者
[2026-02-22 00:43:04] A队不吃晃的小祥本人: 申请看100T比赛净化弹幕，同意的＋1
[2026-02-22 00:43:04] 白河日和: 水果忍者
[2026-02-22 00:43:04] 零北鸢: 水能载舟，亦能覆舟，玩小将宣布下放玩机器！
[2026-02-22 00:43:04] 玉米卧槽: ？
[2026-02-22 00:43:04] 硫磺祥: 水能载舟，亦能覆舟，玩小将宣布下放玩机器！
[2026-02-22 00:43:04] LvvsiN: 男人一生只哭十八次：niko十七次梦碎major正赛, niko梦碎里约major RMR＼
[2026-02-22 00:43:04] 多多多旧鱼: 爆
[2026-02-22 00:43:08] 1十甫0: 暗示砍瓜切菜
[2026-02-22 00:43:08] 后街拉肯斯基: 水能载舟，亦能覆舟，玩小将宣布下放玩机器！
[2026-02-22 00:43:08] Tao7Ge: 砍瓜切菜
[2026-02-22 00:43:08] AveMujica的Sakiko本人: 烧
[2026-02-22 00:43:08] mashrimp牛异啵: 　　　 在线榜地12名千早爱音给你送钻粉你咋不谢（11级发不了言代发）
[2026-02-22 00:43:08] 海绵宝宝dinner: ？
[2026-02-22 00:43:08] 钟初若叶睦: @高松灯：弹幕还敢刷🗿吗？给你们一个个全捡了😄
[2026-02-22 00:43:08] 好兄弟荷鲁斯: ?
[2026-02-22 00:43:08] FellOmen: Niko play
[2026-02-22 00:43:08] 丛念39090: niko play
[2026-02-22 00:43:08] 柒禱: ？
[2026-02-22 00:43:08] 薛茂华真帅啊哈哈哈: 在线榜地12名千早爱音给你送钻粉你咋不谢（11级发不了言代发）
[2026-02-22 00:43:08] 艾坤123: ？
[2026-02-22 00:43:08] 早安丿章鱼哥: 善
[2026-02-22 00:43:08] 拉特兰的Exus1a1本人: aug
[2026-02-22 00:43:08] 森林与雁: 爆
[2026-02-22 00:43:08] suicho: 尼孝也被屏蔽了？
[2026-02-22 00:43:08] 丰川祥子单推人: 切nota
[2026-02-22 00:43:08] 我感觉很膨胀: 善意
[2026-02-22 00:43:08] ddj930928: @高松灯：弹幕还敢刷🗿吗？给你们一个个全捡了😄
[2026-02-22 00:43:08] 李小小与虾大大: 力挺259
[2026-02-22 00:43:08] 木空空空空空: 爆
[2026-02-22 00:43:08] 小蜜蜂的长期素食本人: aug
[2026-02-22 00:43:08] 好姐妹索菲亚: 友好互动
[2026-02-22 00:43:08] loverboy888: 水能载舟，亦能覆舟，玩小将宣布下放玩机器！
[2026-02-22 00:43:08] 萝伯丝比尔: aug
[2026-02-22 00:43:08] 正经猪头肉: 爆
[2026-02-22 00:43:08] 吴本伟nb: 善
[2026-02-22 00:43:08] xuzVan: monesy play
[2026-02-22 00:43:08] 用户2421654511: 籽岷
[2026-02-22 00:43:08] 蒙面男神王老二: niko play
[2026-02-22 00:43:08] 网友阿草: aug
[2026-02-22 00:43:08] 泯尘TuT: 哈哈哈
[2026-02-22 00:43:08] 逍遥的F: 259
[2026-02-22 00:43:08] 是小兔呀i: 动保
[2026-02-22 00:43:08] 玉米卧槽: 爆
[2026-02-22 00:43:08] 我是一个医保卡: 圣人
[2026-02-22 00:43:08] 好哥们黑龙歼灭刀: aug
[2026-02-22 00:43:09] Ralmnstr: 水能载舟，亦能覆舟，玩小将宣布下放玩机器！
[2026-02-22 00:43:09] 我知道的一点也不多: 爆
[2026-02-22 00:43:09] ig7gg: 水能载舟，亦能覆舟，玩小将宣布下放玩机器！
[2026-02-22 00:43:09] 玩柜子丶Mortis: 水能载舟，亦能覆舟，玩小将宣布下放玩机器！ですわ
[2026-02-22 00:43:09] 喜多郁代最可爱: 水能载舟，亦能覆舟，玩小将宣布下放玩机器！
[2026-02-22 00:43:10] 奥拉夫的蛋炒饭: Niko play这—块
[2026-02-22 00:43:10] 感觉不如海参: 🤓👇🏻👆🏻
[2026-02-22 00:43:10] 秋茶小雪: 圣人
[2026-02-22 00:43:10] 骑电瓶加油努力: 表演系人格障碍
[2026-02-22 00:43:10] 新用户259: 友好互动
[2026-02-22 00:43:10] 用户3661578: 长期素食
[2026-02-22 00:43:10] iii卑微仔: 水能载舟，亦能覆舟，玩小将宣布下放玩机器！
[2026-02-22 00:43:11] 辣辣米米辣辣: 仁义之剑
[2026-02-22 00:43:11] 甘織玲奈子: aug
[2026-02-22 00:43:11] 薛茂华真帅啊哈哈哈: 在线榜地12名千早爱音给你送钻粉你咋不谢（11级发不了言代发）
[2026-02-22 00:43:11] GanadoLluviA: 正义使者伟神伟大
[2026-02-22 00:43:11] 用户5038445705: niko play
[2026-02-22 00:43:11] ArZhe阿哲: 控制你了
[2026-02-22 00:43:11] Vitality的Kyojin本人: 259
[2026-02-22 00:43:12] 正经猪头肉: 黑话
[2026-02-22 00:43:12] 小箱我亲死你: 金子般的心
[2026-02-22 00:43:12] Altolier: 在线榜地12名千早爱音给你送钻粉你咋不谢（11级发不了言代发）
[2026-02-22 00:43:12] 巅峰A队的一员: 冬瓜强脸色不对了
[2026-02-22 00:43:12] 哦可喜欢我: @Apple：哲伟什么意思？
[2026-02-22 00:43:12] 好姐妹疯穿箱子: aug
[2026-02-22 00:43:13] 麻顺米: 水果忍者
[2026-02-22 00:43:13] 滨辺美波: 伟圣
[2026-02-22 00:43:13] 中野梓的dog: 懂你意思
[2026-02-22 00:43:13] 发复古弹幕: 259友好比赛
[2026-02-22 00:43:13] 温柔皮皮想吃屁屁: 籽岷
[2026-02-22 00:43:14] greexeen: 圣人
[2026-02-22 00:43:14] 湖上风72121: 善良
[2026-02-22 00:43:14] 1039210: 浪费粮食
[2026-02-22 00:43:14] Aabv8877: 伟圣
[2026-02-22 00:43:14] LvvsiN: 银行业😄银行业😀银行业😃银行业😁银行业😆银行业🤪银行业😝
[2026-02-22 00:43:14] 薛茂华真帅啊哈哈哈: 在线榜地12名千早爱音给你送钻粉你咋不谢（11级发不了言代发）
[2026-02-22 00:43:14] FlamesSlimes: 水果忍者
[2026-02-22 00:43:14] 0guriCap: 水果忍者
[2026-02-22 00:43:14] 水球碳酸饮料: 善意互动
[2026-02-22 00:43:14] 滑稽乂逗比: 在线榜地12名千早爱音给你送钻粉你咋不谢（11级发不了言代发）
[2026-02-22 00:43:15] 李小小与虾大大: 切西瓜生病
[2026-02-22 00:43:15] 求玩神解说18卡托决赛: 水果忍者
[2026-02-22 00:43:15] 柒禱: aug
[2026-02-22 00:43:16] 雪枝枝qwq: 水果忍者
[2026-02-22 00:43:16] MSK枫: 跟水果互动呢？
[2026-02-22 00:43:16] 小小小蕉: Niko play
[2026-02-22 00:43:16] RicardoMLS: 同事都是恩人
[2026-02-22 00:43:16] Bob小熊君: 水果忍者
[2026-02-22 00:43:16] 世界のかみさ: 水能载舟，亦能覆舟，玩小将宣布下放玩机器！
[2026-02-22 00:43:16] MuY1z: niko play
[2026-02-22 00:43:16] C0C00N: niko play
[2026-02-22 00:43:17] A队不吃晃的小祥本人: 水能载舟，亦能覆舟，玩小将宣布下放玩机器！
[2026-02-22 00:43:17] 菜星冲冲冲: 籽岷来了
[2026-02-22 00:43:17] 洛卡不是菜狗: 伟圣
[2026-02-22 00:43:17] smfiys: 水果忍者
[2026-02-22 00:43:17] 花田妖精: 圣人
[2026-02-22 00:43:17] 夏茜色: 水能载舟，亦能覆舟，玩小将宣布下放玩机器！ですわ
[2026-02-22 00:43:18] 好哥们路飞: 长期素食
[2026-02-22 00:43:18] Lo0oser: 牛哲
[2026-02-22 00:43:18] LvvsiN: 南孚一节更比六节强，也就是一节南孚比六节南孚强，六节南孚比三十六节强，三十六节比二百一十六节强
[2026-02-22 00:43:18] 蛋蛋可以进去吗: 友好互动
[2026-02-22 00:43:18] 猫很好的小乖: 水能载舟，亦能覆舟，玩小将宣布下放玩机器！
[2026-02-22 00:43:19] 玩小猫丶Pu5sy: 西瓜吗
[2026-02-22 00:43:19] 愿良辰美景: 水果忍者
[2026-02-22 00:43:19] doublestoneYu: 快刀切水果
[2026-02-22 00:43:19] A队不吃晃的小祥本人: 水能载舟，亦能覆舟，玩小将宣布下放玩机器！
[2026-02-22 00:43:20] INDEX108: 水果忍者
[2026-02-22 00:43:20] G2邦硬401: 圣人
[2026-02-22 00:43:20] wedd1ddeJodd: 但是哲伟还是忍不住了吗
[2026-02-22 00:43:20] 是小兔呀i: 鸡：我有危险吗
[2026-02-22 00:43:21] 啦啦啦唱歌真好听呀: niko play
[2026-02-22 00:43:21] 晓月_迷霜: 水果忍者
[2026-02-22 00:43:21] 最喜欢妮姆芙: 水果忍者
[2026-02-22 00:43:21] 玩契机、chance: 牛哲
[2026-02-22 00:43:21] 玩勾八d1ck: 水果也编？
[2026-02-22 00:43:21] 千百度897: 圣人
[2026-02-22 00:43:22] 审查账号: 不杀生
[2026-02-22 00:43:22] 白皇的三千院Nagi本人: 水果忍者
[2026-02-22 00:43:22] Miyezd: 水果忍者
[2026-02-22 00:43:22] WEYyuki: 边
[2026-02-22 00:43:23] 用户771016807: 牛哲
[2026-02-22 00:43:23] 早安丿章鱼哥: 水果忍者
[2026-02-22 00:43:23] 玩口器Mouth: 水果忍者
[2026-02-22 00:43:23] 有没有圣人推荐点牛本: 水能载舟，但载不了猪^（*￣（oo)￣)^
[2026-02-22 00:43:23] 玩设备丶dev1ce: 这个地方好熟悉。。。
[2026-02-22 00:43:23] 蛇鼠野菜汤: 水果忍者
[2026-02-22 00:43:23] f0rest灬: 水果忍者
[2026-02-22 00:43:23] 我真的不是硝子: 水果忍者
[2026-02-22 00:43:24] Cardinal665: 水果忍者
[2026-02-22 00:43:24] 伦敦千早爱: 我朋友在线榜12位千早爱音给你送钻石粉丝你咋不谢谢他？
[2026-02-22 00:43:24] m王司徒m: 但是哲伟还是忍不住了吗
[2026-02-22 00:43:24] AveMujica的Sakiko本人: 水果忍者
[2026-02-22 00:43:24] PKURoger: 水果忍者
[2026-02-22 00:43:24] 薛茂华真帅啊哈哈哈: 在线榜地12名千早爱音给你送钻粉你咋不谢（11级发不了言代发）
[2026-02-22 00:43:25] Nightmare2517: 水源千鹤：这么丑的肥猪给钱也控制不了我的
[2026-02-22 00:43:25] suo不粗话: 水果忍者
[2026-02-22 00:43:25] 一曲长歌几多情i: 劈我瓜是吧
[2026-02-22 00:43:25] 听玩机器说话才能睡着: 来戏了
[2026-02-22 00:43:25] 玩弓箭、Arrow: 真好玩吧
[2026-02-22 00:43:25] 硫磺祥: 准啊哲伟
[2026-02-22 00:43:26] 徐弃安: 想切虾
[2026-02-22 00:43:26] LvvsiN: 我提一嘴这剧情越来越像上海major了
[2026-02-22 00:43:26] 小鱼儿krru: 哲伟把水果当niko了
[2026-02-22 00:43:26] 情陷盘丝岭: 可爱捏
[2026-02-22 00:43:27] 蝶花月: 水果忍者
[2026-02-22 00:43:27] 鹦侨侨侨侨: 你tm披我瓜是吧
[2026-02-22 00:43:27] 王佰柒柒: 这才是真忍住！大拇指
[2026-02-22 00:43:27] kjhhjki: 水果忍者
[2026-02-22 00:43:27] 乌鸦1453529: 水果忍者
[2026-02-22 00:43:27] 薛茂华真帅啊哈哈哈: 在线榜地12名千早爱音给你送钻粉你咋不谢（11级发不了言代发）
[2026-02-22 00:43:27] 爱被小泉吃的拉面同学: 善意互动
[2026-02-22 00:43:27] 晏华裤子拉链没拉: niko play
[2026-02-22 00:43:27] 地下室的女高中生: niko play
[2026-02-22 00:43:28] WEYyuki: 水果忍者
[2026-02-22 00:43:28] 玉米卧槽: 水果也编？
[2026-02-22 00:43:28] 蛋蛋可以进去吗: 友好互动
[2026-02-22 00:43:28] LvvsiN: 你屏蔽词都快赶上新华词典了为什么不干脆开一百级发言？
[2026-02-22 00:43:28] 海绵宝宝dinner: 水果忍者
[2026-02-22 00:43:28] 湖上风72121: 水果忍者
[2026-02-22 00:43:28] 好哥们黑龙歼灭刀: 边
[2026-02-22 00:43:29] 滑稽乂逗比: 水果也编？
[2026-02-22 00:43:29] 好姐妹安达利尔: zywoo play
[2026-02-22 00:43:29] 好姐妹索菲亚: 善意互动
[2026-02-22 00:43:29] 木空空空空空: 水果忍者
[2026-02-22 00:43:29] 爱马修更爱玩宝宝: niko play
[2026-02-22 00:43:30] 玩机器的babyblue: @牛哲：什么叫削西瓜？
[2026-02-22 00:43:30] MSK枫: @niko：在我眼里nota就是水果。。。
[2026-02-22 00:43:30] 君尧丶丶: 讲究
[2026-02-22 00:43:30] LvvsiN: 男人一生只哭十八次：niko十七次梦碎major正赛, niko梦碎里约major RMR＼
[2026-02-22 00:43:30] 薛茂华真帅啊哈哈哈: 在线榜地12名千早爱音给你送钻粉你咋不谢（11级发不了言代发）
[2026-02-22 00:43:30] 小小小蕉: 水果忍者
[2026-02-22 00:43:30] 金剑不练练银剑: 你tm劈我瓜
[2026-02-22 00:43:31] EA斯特SONSON: 准啊哲伟
[2026-02-22 00:43:31] J4ckaLove: 水果忍者
[2026-02-22 00:43:31] 吉穿春代: 善意互动
[2026-02-22 00:43:31] van12138: 水果忍者
[2026-02-22 00:43:31] 我是一个医保卡: 水果忍者
[2026-02-22 00:43:31] yinyao1231: 但是哲伟还是忍不住了吗
[2026-02-22 00:43:32] iwamizu13: 水果忍者
[2026-02-22 00:43:32] 小蜜蜂的长期素食本人: 刀削！
[2026-02-22 00:43:32] 好兄弟鲁迪乌斯: 哲伟把水果当niko了
[2026-02-22 00:43:32] 好姐妹疯穿箱子: 哲伟把水果当niko了
[2026-02-22 00:43:32] 隔壁屯子狗蛋: 水果忍者
[2026-02-22 00:43:32] 永出塔菲: 真好玩吧
[2026-02-22 00:43:32] 承認欲求: 水果忍哲
[2026-02-22 00:43:32] 宫夫邪神: 水果忍者
[2026-02-22 00:43:33] 梦幻恍惚: 辱西瓜了,西瓜是中国cs选手,辱华了
[2026-02-22 00:43:33] 小坏蛋毛毛: 水果忍者
[2026-02-22 00:43:33] Gentleman汪鸿: 水果也编？
[2026-02-22 00:43:33] 热体温却无灵魂: niko：对的 就得这样
[2026-02-22 00:43:33] 好姐妹阿尔图图罗: 水果也编？
[2026-02-22 00:43:33] 玩玩的丸丸软又弹: 水果也编？
[2026-02-22 00:43:33] 鸟儿在头顶把森林叫醒: 水果忍者
[2026-02-22 00:43:33] 天然呆呆呆丶: 哲伟把水果当niko了
[2026-02-22 00:43:33] 发复古弹幕: zw play
[2026-02-22 00:43:33] 命途kkk: 劈我瓜是吧
[2026-02-22 00:43:34] 从零开始的加拿大肄业: 但是哲伟还是忍不住了吗
[2026-02-22 00:43:34] 森林与雁: 没有虾？
[2026-02-22 00:43:34] sssllgaibs: 讲究
[2026-02-22 00:43:34] 香菜粉丝粉丝: 刀削刀削
[2026-02-22 00:43:34] AL丶龙炎风: niko play
[2026-02-22 00:43:34] 空樱琉璃: niko play
[2026-02-22 00:43:34] 甘織玲奈子: 哲伟把水果当niko了
[2026-02-22 00:43:35] 999绝情殇: niko play
[2026-02-22 00:43:35] 龍仔ww: 爆
[2026-02-22 00:43:35] suicho: 善意互动
[2026-02-22 00:43:35] wantrue: niko play
[2026-02-22 00:43:35] 野猪家猪: ?
[2026-02-22 00:43:35] 热心好邻居: ？
[2026-02-22 00:43:35] 田所浩二114514: 哲伟把水果当niko了
[2026-02-22 00:43:36] 月見月見黒: 水果忍者
[2026-02-22 00:43:36] 我是真想给玩神当二台: hhhh
[2026-02-22 00:43:36] 万物养生: 水果忍者
[2026-02-22 00:43:36] 我知道的一点也不多: niko play
[2026-02-22 00:43:36] 22810q: niko play
[2026-02-22 00:43:36] 跳跃的司令官: niko play
[2026-02-22 00:43:36] Vitality的Kyojin本人: ？
[2026-02-22 00:43:37] Eke星辰: ？？？？
[2026-02-22 00:43:37] 马猴烧酒小地瓜: 你把水果当niko了
[2026-02-22 00:43:37] 管大无需多颜: 哈哈哈哈
[2026-02-22 00:43:37] valorant玩机器: niko play
[2026-02-22 00:43:37] Ralmnstr: niko play
[2026-02-22 00:43:37] YEKINDAR: 水果也编？
[2026-02-22 00:43:37] 玩斯特出出6657: 哲伟把水果当niko了
[2026-02-22 00:43:38] 我真的不是硝子: 还挺有刀法
[2026-02-22 00:43:38] 撒浪嘿呦0v0: Niko play
[2026-02-22 00:43:38] a1441f: 水果也编？
[2026-02-22 00:43:38] 鲤鱼1: 水果忍者
[2026-02-22 00:43:38] 柒禱: 哈哈
[2026-02-22 00:43:38] mujica的长崎素世本人: 水果也编？
[2026-02-22 00:43:38] 一不小心丶就丶: NOTA play
[2026-02-22 00:43:39] 玩登山丶嘟嘟嘟嘟嘟嘟: 哲伟把水果当niko了
[2026-02-22 00:43:39] 朝霧MisTy: ？？
[2026-02-22 00:43:39] 8utter: 表演
[2026-02-22 00:43:39] 巨型鸡冠: 懂你意思
[2026-02-22 00:43:39] Hakurei-Re1mu: 你tm劈我瓜是吧？
[2026-02-22 00:43:39] 玩玩今天吃什么: niko play
[2026-02-22 00:43:39] 网友阿草: 肉肛了
[2026-02-22 00:43:39] 莲之空的花宫初奈本人: zw play
[2026-02-22 00:43:39] 好姐妹三司绫濑: niko play
[2026-02-22 00:43:40] M1zore: bianshi牛哲
[2026-02-22 00:43:40] 1rvine: 刀削刀削
[2026-02-22 00:43:40] 可怜的怕怕: 不认真听战术
[2026-02-22 00:43:40] 丶悠悠神代事: 脸色不对了
[2026-02-22 00:43:40] 我头秃还爱毒奶选手: niko play
[2026-02-22 00:43:40] 薛茂华真帅啊哈哈哈: 在线榜地12名千早爱音给你送钻粉你咋不谢（11级发不了言代发）
[2026-02-22 00:43:40] 从零开始的加拿大肄业: 但是哲伟还是忍不住了吗
[2026-02-22 00:43:40] 喜当爹的高富帅: niko play
[2026-02-22 00:43:40] 蝶花月: niko play
[2026-02-22 00:43:40] 我木JJ怕个锤子: niko play
[2026-02-22 00:43:41] chukap: niko play
[2026-02-22 00:43:41] 鸟儿在头顶把森林叫醒: 真好玩吧
[2026-02-22 00:43:41] 萨格拉斯好恩人麦迪文: 准啊哲伟
[2026-02-22 00:43:41] 夹断修电脑感动到了: niko play
[2026-02-22 00:43:42] zeta黯霓: niko play
[2026-02-22 00:43:42] 摆烂小we: niko play
[2026-02-22 00:43:42] 用户2298702377: niko play
[2026-02-22 00:43:42] 我是一个医保卡: 哈哈
[2026-02-22 00:43:42] 铃木佳奈助: 恩人
[2026-02-22 00:43:42] 缘来你是Yukari: 懂你意思
[2026-02-22 00:43:43] 柴狗突击手: niko play
[2026-02-22 00:43:43] 疯狂的蓝月亮i: 水果忍者
[2026-02-22 00:43:43] 伦敦千早爱: 在线榜地12名千早爱音给你送钻粉你咋不谢（11级发不了言代发）
[2026-02-22 00:43:43] KouKouJoe: 弹幕我提醒一下，已经没人提cn教父9爷节奏了
[2026-02-22 00:43:43] 雪菜偷完top偷major: 引导
[2026-02-22 00:43:43] Pt730: 开宫
[2026-02-22 00:43:44] 丛雨丛雨丛-: 水果也编？
[2026-02-22 00:43:44] 小蜜蜂的长期素食本人: 暴了
[2026-02-22 00:43:44] 萝伯丝比尔: niko play
[2026-02-22 00:43:44] 晓雨亦云: niko play
[2026-02-22 00:43:44] 都觉得卡了: niko play
[2026-02-22 00:43:44] 湖上风72121: niko play
[2026-02-22 00:43:44] 少年阿弈: 感觉不如Niko切尸体
[2026-02-22 00:43:45] 管大无需多颜: 偷笑
[2026-02-22 00:43:45] 夏亚阿兹纳布耳: 开弓的欲望正在高涨！🏹！开弓的欲望正在高涨！🏹！开弓的欲望正在高涨！
[2026-02-22 00:43:45] 星海羽弦: niko play
[2026-02-22 00:43:45] MuY1z: 懂你意思
[2026-02-22 00:43:45] 拉特兰的Exus1a1本人: 爆
[2026-02-22 00:43:45] 玩唧唧丶D1ck: 肉肛了
[2026-02-22 00:43:45] kjhhjki: 不认真听战术
[2026-02-22 00:43:45] 最喜欢蹲蹲的宗主本人: 水果也编？
[2026-02-22 00:43:45] WEYyuki: 编
[2026-02-22 00:43:46] 爱道冠: niko play
[2026-02-22 00:43:46] 麻辣轩香丶DK酱: 水果也编？
[2026-02-22 00:43:46] 七色的人偶使者: niko play
[2026-02-22 00:43:46] 阿巴巴82579: 肉肛
[2026-02-22 00:43:46] 首婚大和: niko play
[2026-02-22 00:43:46] Laila丶丶: 队友也削一下吧
[2026-02-22 00:43:47] 晨风凌云21146: niko play
[2026-02-22 00:43:47] 針卜戳: 开宫
[2026-02-22 00:43:47] 秋茶小雪: 还笑！
[2026-02-22 00:43:47] 龙龙虾虾爱软脚: 笑嘻了
[2026-02-22 00:43:47] 路过的小脑斧: niko play
[2026-02-22 00:43:47] 椎名立希本人: niko play
[2026-02-22 00:43:47] C0C00N:  @从零开始的加拿大肄业：但是哲伟还是忍不住了吗
[2026-02-22 00:43:47] Mortnotz: niko play
[2026-02-22 00:43:48] DD给你扬灰: 引导哦
[2026-02-22 00:43:48] 薛茂华真帅啊哈哈哈: 在线榜地12名千早爱音给你送钻粉你咋不谢（11级发不了言代发）
[2026-02-22 00:43:48] 云亦舒9527: niko play
[2026-02-22 00:43:48] 风雨晚烟: niko play
[2026-02-22 00:43:49] 单推折纸11年: 你tm劈我瓜是吧？
[2026-02-22 00:43:49] 坏天气啊坏: niko play
[2026-02-22 00:43:49] 银睿憨: niko play
[2026-02-22 00:43:49] 爱被小泉吃的拉面同学: 哲伟把水果当niko了
[2026-02-22 00:43:49] 若叶睦吃苦瓜: niko play
[2026-02-22 00:43:49] 迪奥雷: 指着nota晃啥呢
[2026-02-22 00:43:50] 爱吃鸡排丶: 漏了一个，难受死我了
[2026-02-22 00:43:50] GlasgowJSzhang: 这把也削了，肉身太差了
[2026-02-22 00:43:50] Raven只羡鸳鸯: niko play
[2026-02-22 00:43:50] 用户0685163339: 引导
[2026-02-22 00:43:50] 薛茂华真帅啊哈哈哈: 在线榜地12名千早爱音给你送钻粉你咋不谢（11级发不了言代发）
[2026-02-22 00:43:50] 妖艳阿卡莎: 弹幕我提醒一下，已经没人提cn教父9爷节奏了
[2026-02-22 00:43:51] 鸭硕的哈撒给: Bian Watermelon 你为什么不喷
[2026-02-22 00:43:51] 企鹅蹦蹦: niko play
[2026-02-22 00:43:51] 烎摩尔托市: 开弓的欲望正在高涨！🏹！开弓的欲望正在高涨！🏹！开弓的欲望正在高涨！
[2026-02-22 00:43:51] Heartzzz丶: 那为什么他在笑？
[2026-02-22 00:43:51] 消逝の繁星: niko play
[2026-02-22 00:43:51] 椎名立希本人: 感觉不如Niko切尸体
[2026-02-22 00:43:51] 我是焯人强: 忍住了
[2026-02-22 00:43:52] zeta黯霓: 感觉不如Niko切尸体
[2026-02-22 00:43:52] Acm3Omn1: niko play
[2026-02-22 00:43:52] Raven只羡鸳鸯: niko play
[2026-02-22 00:43:52] 用户0799829601: niko play
[2026-02-22 00:43:52] gunnery: 可爱捏
[2026-02-22 00:43:52] 哇啦哇啦族长: niko play
[2026-02-22 00:43:52] 流光似水321: niko play
[2026-02-22 00:43:52] 好哥们诸星弹: 水果也编？
[2026-02-22 00:43:53] PPAPPEN1: 水果也编？
[2026-02-22 00:43:53] 小鱼儿krru: Niko play
[2026-02-22 00:43:53] WEYyuki: niko play
[2026-02-22 00:43:53] dfed5: vp在哪发财那
[2026-02-22 00:43:53] Ausliedy: 善意引导
[2026-02-22 00:43:53] 田所浩二114514: niko play
[2026-02-22 00:43:53] 99组的爱城华恋本人: @westmelon：哲伟什么意思
[2026-02-22 00:43:53] 冰淇淋蛋挞丶: niko play
[2026-02-22 00:43:53] 辣辣米米辣辣: 恶意引导
[2026-02-22 00:43:54] Cardinal665: niko play
[2026-02-22 00:43:54] 好哥们山上撤也: 这哲伟又引导😓
[2026-02-22 00:43:54] 感觉不如海参: 总监play
[2026-02-22 00:43:55] 什井蛋: 哲伟把水果当niko了
[2026-02-22 00:43:55] 宫监手放监: niko play
[2026-02-22 00:43:55] 呵呵呵主播好帅: 感觉不如Niko切尸体
[2026-02-22 00:43:55] 不变的追求717: 感觉不如Niko切尸体
[2026-02-22 00:43:55] lonhkfd: 老规矩，弹幕谁编的好笑我支持谁
[2026-02-22 00:43:55] 泠鸢不是冷鸢丶: niko play
[2026-02-22 00:43:56] 椎名立希本人: 哲伟把水果当niko了
[2026-02-22 00:43:56] 求老仙奶我新年不幸福: 1
[2026-02-22 00:43:56] 詹姆座下第一炽天使: 可爱捏
[2026-02-22 00:43:56] 宇莓: 感觉不如Niko切尸体
[2026-02-22 00:43:56] MyGo的tomorin本人: 弹幕我提醒一下，已经没人提cn教父9爷节奏了
[2026-02-22 00:43:57] 柚子厨0721: 水果也编？
[2026-02-22 00:43:57] 玩三冰丶ThreeKingdom: 编水果
[2026-02-22 00:43:57] A队不吃晃的小祥本人: 水能载舟，亦能覆舟，玩小将宣布下放玩机器！
[2026-02-22 00:43:57] 快乐啃蹄蹄: 漏了一个，难受死我了
[2026-02-22 00:43:57] PKURoger: 你tm劈我瓜是吧？
[2026-02-22 00:43:57] 白皇的三千院Nagi本人: 哲伟把水果当niko了
[2026-02-22 00:43:57] 锤爆魔丸一百次: 水果也编？
[2026-02-22 00:43:57] 勤奋努力的Obito: niko play
[2026-02-22 00:43:57] 缪斯的南小鸟本人: niko play
[2026-02-22 00:43:58] GlasgowJSzhang: 你这音画不同步太难受了，我都听到NIKO里约RMR晋级的欢呼了
[2026-02-22 00:43:58] 好哥们大叫巨鹦: 弹幕我提醒一下，已经没人提cn教父9爷节奏了
[2026-02-22 00:43:58] 对着光说话: vp在哪发财那
[2026-02-22 00:43:58] 爱被小泉吃的拉面同学: niko play
[2026-02-22 00:43:58] OMGblake: 感觉不如Niko切尸体
[2026-02-22 00:43:59] C0ncerto: 感觉不如Niko切尸体
[2026-02-22 00:43:59] LvvsiN: 其实碗橱就是猪灵，你不拿黄金丢他他就不跟你说话
[2026-02-22 00:43:59] 我是一个医保卡: 这哲伟又引导😓
[2026-02-22 00:44:00] 尼尼Major夺冠再送礼物: 对着瓜÷猛刀
[2026-02-22 00:44:00] Noobman1: 感觉不如Niko切尸体
[2026-02-22 00:44:00] 丢你雷姆吔屎啦你: 感觉不如Niko切尸体
[2026-02-22 00:44:01] djklyk: niko play
[2026-02-22 00:44:01] 油乎乎yhh: 想念昨天的虾滑了
[2026-02-22 00:44:01] zin桀zera: 感觉不如Niko切尸体
[2026-02-22 00:44:01] 吴本伟nb: 翻了
[2026-02-22 00:44:01] 四个酒仙: Niko play
[2026-02-22 00:44:02] 我是小樂本人: 弹幕我提醒一下，已经没人提cn教父9爷节奏了
[2026-02-22 00:44:02] YEKINDAR: 感觉不如Niko切尸体
[2026-02-22 00:44:02] 煦哥哥22: 感觉不如Niko切尸体
[2026-02-22 00:44:02] 永出塔菲: 水果也编？
[2026-02-22 00:44:02] Yaushine: niko play
[2026-02-22 00:44:02] 张夏奇的老父亲: 暗示攻击瓜皇
[2026-02-22 00:44:03] PKURoger: 感觉不如Niko切尸体
[2026-02-22 00:44:03] 小忍最爱的misterdonut: niko指挥的
[2026-02-22 00:44:03] 劉膿dewasu: 哲伟把水果当niko了
[2026-02-22 00:44:03] 永生不遇的star: niko play
[2026-02-22 00:44:03] 冰天雪地: 最晚niko也是这么对nota的 就是玩一下 和zywoo不一样
[2026-02-22 00:44:03] 江财第一肥美: 弹幕我提醒一下，已经没人提cn教父9爷节奏了
[2026-02-22 00:44:03] KatoM3gum1: 感觉不如Niko切尸体
[2026-02-22 00:44:03] SuperP681: 感觉不如Niko切尸体
[2026-02-22 00:44:04] NAVI的Pdf苯人: 哲伟把水果当niko了
[2026-02-22 00:44:04] RyeHS: 感觉不如Niko切尸体
[2026-02-22 00:44:04] 狸仙人420: 弹幕我提醒一下，已经没人提cn教父9爷节奏了
[2026-02-22 00:44:04] 康托尔74920: 漏了一个，难受死我了
[2026-02-22 00:44:05] dark1337: 感觉不如Niko切尸体
[2026-02-22 00:44:05] 莱茵河畔本人: 感觉不如Niko切尸体
[2026-02-22 00:44:05] 一不小心丶就丶: niko play
[2026-02-22 00:44:05] LvvsiN: 孩子们快跑，马修赫伯特来了😨卧槽你的怎么是马枪和BOT
[2026-02-22 00:44:05] 田所浩二114514: 我玩nico不都是一样吗？@Crazy：感觉不如Niko切尸体
[2026-02-22 00:44:05] EA斯特SONSON: @westmelon：水果忍者是什么意思
[2026-02-22 00:44:05] A队不吃晃的小祥本人: 老规矩，弹幕谁编的好笑我支持谁
[2026-02-22 00:44:06] Agan阿肝阿甘: 水能载舟，亦能覆舟，玩小将宣布下放玩机器！
[2026-02-22 00:44:06] 海绵宝宝梦惊禅: niko指挥的
[2026-02-22 00:44:06] 想要成为人类: 大家快点一起串，把这头🐷串破防了大家一起去区总那发小夫
[2026-02-22 00:44:06] 企鹅蹦蹦: 二楼还有啊 怎么不砍 急死我了
[2026-02-22 00:44:06] G2俘虏uzi: 感觉不如Niko切尸体
[2026-02-22 00:44:07] 芝士雪豹ovo: 感觉不如Niko切尸体
[2026-02-22 00:44:07] HCS118: 感觉不如Niko切尸体
[2026-02-22 00:44:07] 风雨晚烟: 感觉不如Niko切尸体
[2026-02-22 00:44:07] 新用户259: 感觉不如Niko切尸体
[2026-02-22 00:44:07] 快乐啃蹄蹄: 感觉不如Niko切尸体
[2026-02-22 00:44:07] 好的呗和我: Niko play
[2026-02-22 00:44:07] lonhkfd: 感觉不如Niko切尸体
[2026-02-22 00:44:07] 苦来兮苦的祥子本人: 感觉不如Niko切尸体
[2026-02-22 00:44:07] c6lviN: 感觉不如Niko切尸体
[2026-02-22 00:44:07] suicho: 这大天使长怎么没认真听讲？
[2026-02-22 00:44:07] 李大钊与陈独秀: 感觉不如Niko切尸体
[2026-02-22 00:44:07] 劉膿dewasu: 感觉不如Niko切尸体
[2026-02-22 00:44:08] 羞死了的小萌妹: 哲伟在暗示什么啊？又是切水果又是晃准星的？为什么一个人可以这么坏啊
[2026-02-22 00:44:08] 石家庄的刘亦博本人: 感觉不如Niko切尸体
[2026-02-22 00:44:08] 绀海恋歌丶: 感觉不如Niko切尸体
[2026-02-22 00:44:08] Vitality的羽贺文乃本人: 感觉不如Niko切尸体
[2026-02-22 00:44:08] 林枫2233: 感觉不如Niko切尸体
[2026-02-22 00:44:08] 网友阿草: 飞
[2026-02-22 00:44:08] 账户永久封禁: 感觉不如Niko切尸体
[2026-02-22 00:44:08] 疯狂的蓝月亮i: 感觉不如Niko切尸体
[2026-02-22 00:44:08] 瘤坤的假发: 感觉不如Niko切尸体
[2026-02-22 00:44:09] djklyk: 感觉不如Niko切尸体
[2026-02-22 00:44:09] 抓住肉肉啃: 感觉不如Niko切尸体
[2026-02-22 00:44:09] 阿文射命丸文: 感觉不如Niko切尸体
[2026-02-22 00:44:09] VKG的卡莎本人: 感觉不如Niko切尸体
[2026-02-22 00:44:09] 玩蛇鼠丶stabbi: 我提一嘴，monesy在mirage也干了
[2026-02-22 00:44:09] LvvsiN: 弹幕也就网上说说，现实里谁不觉得樱姐是好女孩（删括号领一条远坂凛同款鸟笼）
[2026-02-22 00:44:09] 鲜血与暗影铸造的家伙: 人头像
[2026-02-22 00:44:10] 玩神大战雨姐: 翻了
[2026-02-22 00:44:10] 迪奥雷: 感觉不如Niko切尸体
[2026-02-22 00:44:10] 钠镁铯钌: 感觉不如Niko切尸体
[2026-02-22 00:44:10] 我在天台卖跳伞: 感觉不如Niko切尸体
[2026-02-22 00:44:10] ArZhe阿哲: 谁的雕塑😰
[2026-02-22 00:44:10] 帕金森患者Z: 感觉不如Niko切尸体
[2026-02-22 00:44:11] 姜柚恩的狗: 暗示niko编尸
[2026-02-22 00:44:11] 所以我又晕了: 感觉不如Niko切尸体
[2026-02-22 00:44:11] 驴驴宗宗买这冠军: 哲伟把水果当niko了
[2026-02-22 00:44:11] Cloud9的咬人猫本人: 感觉不如Niko切尸体
[2026-02-22 00:44:11] 哔哔哔的浮光: 哲伟嘴角压不住了
[2026-02-22 00:44:12] 用户144491677: 感觉不如Niko切尸体
[2026-02-22 00:44:12] SaintHamood: 感觉不如Niko切尸体
[2026-02-22 00:44:12] GF-of-GotohHitori、Kita: 不破坏艺术品，圣人啊
[2026-02-22 00:44:12] 小川阿丶: 感觉不如Niko切尸体
[2026-02-22 00:44:12] 好姐妹安达利尔: 友好互动，懂你意思
[2026-02-22 00:44:13] 为所欲为丶中二林: 感觉不如Niko切尸体
[2026-02-22 00:44:13] yinyao1231: 哲伟把水果当niko了
[2026-02-22 00:44:13] 椎名立希本人: 老尼反正没忍住
[2026-02-22 00:44:13] 看死Herbaut就杀了你: 感觉不如Niko切尸体
[2026-02-22 00:44:14] 陈在LALA: 旅游来的这人
[2026-02-22 00:44:14] 好哥们黑龙歼灭刀: 感觉不如Niko切尸体
[2026-02-22 00:44:14] 奥拉夫的蛋炒饭: 感觉不如Niko切尸体这—块
[2026-02-22 00:44:14] 玩蛇鼠丶stabbi: 我提一嘴，monesy在mirage也干了
[2026-02-22 00:44:14] 喜当爹的高富帅: 把nota砍烂
[2026-02-22 00:44:14] glad1uS: 雕塑🗿
[2026-02-22 00:44:14] 最后一次: 感觉不如Niko切尸体
[2026-02-22 00:44:15] 网友昊龙许: 感觉不如Niko切尸体
[2026-02-22 00:44:15] Wangzap: @westmelon：哲伟什么意思
[2026-02-22 00:44:15] 爆爆爆开爆: 感觉不如Niko切尸体
[2026-02-22 00:44:15] Nathan479843: 感觉不如Niko切尸体
[2026-02-22 00:44:16] A队不吃晃的小祥本人: 申请看100T比赛净化弹幕，同意的＋1
[2026-02-22 00:44:16] 中X千早爱音: 感觉不如Niko切尸体
[2026-02-22 00:44:16] 无味25723: 飞飞飞
[2026-02-22 00:44:16] 述二ER: 感觉不如Niko切尸体
[2026-02-22 00:44:16] icemind_weibo: 偷助动车
[2026-02-22 00:44:16] 玩蛇鼠丶stabbi: 我提一嘴，monesy在mirage也干了
[2026-02-22 00:44:16] 花綠: 雕塑是259
[2026-02-22 00:44:16] 古堡12枪战神: 两个B和一百个桃肯定是老汤赢
[2026-02-22 00:44:16] 啦啦啦唱歌真好听呀: 哲伟在暗示什么啊？又是切水果又是晃准星的？为什么一个人可以这么坏啊
[2026-02-22 00:44:17] 张夏奇的老父亲: 感觉不如Niko切尸体
[2026-02-22 00:44:17] 时光终不停: 痱子砍烂
[2026-02-22 00:44:17] 小蜜蜂的长期素食本人: @🗿：什么意思
[2026-02-22 00:44:17] 辣薄荷Lapohre: 🗿：玩初你什么意思
[2026-02-22 00:44:17] 用户2262650671: 感觉不如Niko切尸体
[2026-02-22 00:44:17] Ecifircas: 感觉不如Niko切尸体
[2026-02-22 00:44:18] 骑蜗牛追杀: 我看哲伟才是niko粉丝，枪口都对着nota
[2026-02-22 00:44:18] 安娜的激素: 谁的雕塑😰
[2026-02-22 00:44:18] 情信亦泛黄-: 感觉不如Niko切尸体
[2026-02-22 00:44:18] M1yauchiReng3: 🗿：砍我干嘛？
[2026-02-22 00:44:18] 冬原春希: 砍雕塑暗示扁食
[2026-02-22 00:44:19] 血狼络合物: 我去你大爷的
[2026-02-22 00:44:19] 玩高松tomorin: 别尬黑切尸体的是monesy
[2026-02-22 00:44:19] 玩帝皇丶Teio: 哲伟就只敢bian水果？我尼跌敢bian尸！
[2026-02-22 00:44:19] MSK枫: 感觉不如Niko切尸体
[2026-02-22 00:44:20] 异鲸: @niko:切水果有啥意思，我都直接切nota的脑袋
[2026-02-22 00:44:20] 好哥们黑龙歼灭刀: @Niko:我切nota的时候也是这么想的
[2026-02-22 00:44:20] 撅银龙: niko还是没忍住
[2026-02-22 00:44:20] 疗养院的Terapevt本人: 感觉不如Niko切尸体
[2026-02-22 00:44:20] 丹麦国王device: 谁的雕塑😰
[2026-02-22 00:44:21] 玩三冰丶ThreeKingdom: 感觉不如Niko切尸体
[2026-02-22 00:44:21] 喵克斯mks: 瓷器也能砍
[2026-02-22 00:44:21] 夏亚阿兹纳布耳: apex play
[2026-02-22 00:44:21] 我木JJ怕个锤子: 感觉不如Niko切尸体
[2026-02-22 00:44:21] 无刘海美女: 哈人
[2026-02-22 00:44:21] 玩老鼠丶Roxy: niko也没忍住砍nota。。。
[2026-02-22 00:44:21] 湖上风72121: 感觉要翻盘了
[2026-02-22 00:44:21] LvvsiN: 额，拿亚军我都会，拿亚军，拿季军，拿四强，拿八强，拿十六强，呃拿冠军我不会，然后小组赛淘汰
[2026-02-22 00:44:22] 用户0799829601: 感觉不如Niko切尸体
[2026-02-22 00:44:22] 玩蛇鼠丶stabbi: 我提一嘴，monesy在mirage也干了
[2026-02-22 00:44:23] 伦敦千早爱: 在线榜地12名千早爱音给你送钻粉你咋不谢（11级发不了言代发）
[2026-02-22 00:44:23] 小伟ipao版: 猎鹰来被翻了
[2026-02-22 00:44:23] LOVEYUKINO: 鸡跟过来了
[2026-02-22 00:44:24] LvvsiN: 额，拿亚军我都会，拿亚军，拿季军，拿四强，拿八强，拿十六强，呃拿冠军我不会，然后小组赛淘汰
[2026-02-22 00:44:24] A队不吃晃的小祥本人: 申请看100T比赛净化弹幕，同意的＋1
[2026-02-22 00:44:24] 我有一对电动大牛子: 哈哈哈哲伟还是忍住了
[2026-02-22 00:44:24] 王佰柒柒: 匪12分前 敢飞码？
[2026-02-22 00:44:24] 法式卡神: 🗿：懂你意思
[2026-02-22 00:44:25] 阿强呀阿强: 不如niko切高达
[2026-02-22 00:44:25] 龙龙虾虾爱软脚: 不是狙bian的？
[2026-02-22 00:44:25] 红烧玩机器: @apex:对就这么打
[2026-02-22 00:44:26] LvvsiN: @老汤日记:丹麦总统让我静音接触白宫，这应该是我最后一次看儿子直播了，机器，我爱你...
[2026-02-22 00:44:26] 驴子别路边了: 能不能来点有节奏的弹幕
[2026-02-22 00:44:26] 予陈cc: @niko:切水果有啥意思，我都直接切nota的脑袋
[2026-02-22 00:44:26] Br00kZzZ: @apex：有意思，再看看
[2026-02-22 00:44:27] 肘一郎: 卧槽，编尸大行动更新了，编尸能领原石
[2026-02-22 00:44:27] Senzu的羊: 砍🗿
[2026-02-22 00:44:27] 哦可喜欢我: 感觉不如。。。Niko跟尸体互动。。。
[2026-02-22 00:44:27] 我们曾经的样子: 求求了有人复制一下我的弹幕吗，我也想躲在被子里偷笑🤭
[2026-02-22 00:44:27] 玉米卧槽: @Niko:我切nota的时候也是这么想的
[2026-02-22 00:44:27] doublestoneYu: 感觉不如切虾片
[2026-02-22 00:44:27] wedd1ddeJodd: 我草，这就一个动不了的水果有什么好编的？！编了我喜欢的植物我就得骂！
[2026-02-22 00:44:27] 玩机器你能不能闭嘴: Niko当时把nota当水果了，弹幕别黑了
[2026-02-22 00:44:28] 玩帝皇丶Teio: 哲伟就只敢bian水果？我尼跌敢bian尸！
[2026-02-22 00:44:28] LvvsiN: 男人一生只哭十八次：niko十七次梦碎major正赛, niko梦碎里约major RMR＼
[2026-02-22 00:44:28] A队不吃晃的小祥本人: ⓘ您已被天师庄方宜举报封禁，点击了解武陵社会信用
[2026-02-22 00:44:28] 正经猪头肉: 特
[2026-02-22 00:44:28] 野pig亨利28: 🗿：懂你意思
[2026-02-22 00:44:29] 邪邪蝶殇: 哈哈
[2026-02-22 00:44:29] 羊驼主播: A1说话
[2026-02-22 00:44:29] 玩斯特出出6657: 特
[2026-02-22 00:44:29] 怪诞狂人: A1说话
[2026-02-22 00:44:29] fmljz: A1说话！！！
[2026-02-22 00:44:29] 肘一郎: 卧槽，编尸大行动更新了，编尸能领原石
[2026-02-22 00:44:29] F0restwOw-: 感觉不如Niko切尸体
[2026-02-22 00:44:29] 水球碳酸饮料: 爽特
[2026-02-22 00:44:29] CKxiaooo: 全体石头集合：🗿💎🧱🪨🪦🥖
[2026-02-22 00:44:29] 薛茂华真帅啊哈哈哈: 在线榜地12名千早爱音给你送钻粉你咋不谢（11级发不了言代发）
[2026-02-22 00:44:29] 1039210: a1说话
[2026-02-22 00:44:30] LvvsiN: 孩子们快跑，马修赫伯特来了😨卧槽你的怎么是马枪和BOT
[2026-02-22 00:44:30] 管大无需多颜: 爽
[2026-02-22 00:44:30] 不甜o0: 特
[2026-02-22 00:44:30] 喜欢素素: 下饺子
[2026-02-22 00:44:30] A队不吃晃的小祥本人: 申请看100T比赛净化弹幕，同意的＋1
[2026-02-22 00:44:31] 早安丿章鱼哥: 哈基米
[2026-02-22 00:44:31] 夺云丶: 别尬黑切尸体的是monesy
[2026-02-22 00:44:31] 湖上风72121: 特
[2026-02-22 00:44:31] nnnnnn1nnn: gg wp
[2026-02-22 00:44:31] 网友苏顺鱼: +++++++++++++++++
[2026-02-22 00:44:31] 变的是我的脑子: @Niko:我切nota的时候也是这么想的
[2026-02-22 00:44:31] 用户0268784457: 闹麻了
[2026-02-22 00:44:31] 火暴兽也干了: 我提一嘴，切尸体的是孩孩
[2026-02-22 00:44:32] 石家庄特色猪油火锅: a1说话
[2026-02-22 00:44:32] C7iyo: A1说话
[2026-02-22 00:44:32] aminous: a1说话
[2026-02-22 00:44:32] Oasis0917: A1说话！
[2026-02-22 00:44:32] Vitality的Kyojin本人: a1说话
[2026-02-22 00:44:32] WE丶繁梦: 申请看100T比赛净化弹幕，同意的＋1
[2026-02-22 00:44:32] 伦敦千早爱: 在线榜地12名千早爱音给你送钻粉你咋不谢（11级发不了言代发）
[2026-02-22 00:44:32] 无刘海美女: A1说话
[2026-02-22 00:44:32] 蓝原延渚: 特米
[2026-02-22 00:44:33] ccxrgt: A1说话
[2026-02-22 00:44:33] 瘤坤的假发: A1说话
[2026-02-22 00:44:33] Sirius丶BIack: 神秘出餐口
[2026-02-22 00:44:33] Ralmnstr: Niko当时把nota当水果了，弹幕别黑了
[2026-02-22 00:44:33] 老奇崔恩: 爽刷
[2026-02-22 00:44:33] 玉米卧槽: @niko:切水果有啥意思，我都直接切nota的脑袋
[2026-02-22 00:44:33] 绿龙的zont1x本人: a1说话
[2026-02-22 00:44:33] 好兄弟荷鲁斯: A1说话
[2026-02-22 00:44:33] GlasgowJSzhang: A1说话！！！A1说话！！！
[2026-02-22 00:44:33] 铃木佳奈助: a1说话
[2026-02-22 00:44:34] 法式卡神: 🗿：懂你意思
[2026-02-22 00:44:34] 四川zywo0: a1说话
[2026-02-22 00:44:34] 好哥们黑龙歼灭刀: 卧槽，编尸大行动更新了，编尸能领原石
[2026-02-22 00:44:34] hutji: A1说话
[2026-02-22 00:44:34] 多多多旧鱼: 特米
[2026-02-22 00:44:34] 鲜血与暗影铸造的家伙: 强起翻了
[2026-02-22 00:44:34] smfiys: 匪八分前敢飞吗
[2026-02-22 00:44:35] p1不玩自己滚去小蜜蜂: a1说话
[2026-02-22 00:44:35] 极轻松: niko play
[2026-02-22 00:44:35] iwamizu13: 爽特
[2026-02-22 00:44:35] greexeen: a1说话
[2026-02-22 00:44:35] oldhen吃苹果: a1说话
[2026-02-22 00:44:35] 差不多66先生: niko：body忍者
[2026-02-22 00:44:35] 伊利亚宝宝: A1说话
[2026-02-22 00:44:36] Cloud9的咬人猫本人: 卧槽，编尸大行动更新了，编尸能领原石
[2026-02-22 00:44:36] 玩机器的一头肌: 卧槽，编尸大行动更新了，编尸能领原石
[2026-02-22 00:44:36] 维布罗斯: @niko:切水果有啥意思，我都直接切nota的脑袋
[2026-02-22 00:44:36] lighttr: A1说话！
[2026-02-22 00:44:36] 阿蛙阿蛙阿蛙: 我草，这就一个动不了的水果有什么好编的？！编了我喜欢的植物我就得骂！
[2026-02-22 00:44:36] 工业化战士: A1说话
[2026-02-22 00:44:37] c9的stewie本人: A1说话
[2026-02-22 00:44:37] 薛茂华真帅啊哈哈哈: 在线榜地12名千早爱音给你送钻粉你咋不谢（11级发不了言代发）
[2026-02-22 00:44:37] 骑电瓶加油努力: A1说话
[2026-02-22 00:44:37] 柿子yo0: A1说话
[2026-02-22 00:44:37] 正经猪头肉: 烧
[2026-02-22 00:44:37] 菜波i: 　　　 A1说话！！！A1说话！！！
[2026-02-22 00:44:37] 夺云丶: 哲伟就只敢bian水果？我尼跌敢bian尸！
[2026-02-22 00:44:37] 就叫妹控吧: 　　　 A1说话！！！A1说话！！！
[2026-02-22 00:44:38] 撒浪嘿呦0v0: 我爱她
[2026-02-22 00:44:38] 用户4859093618: 编了
[2026-02-22 00:44:38] 我感觉很膨胀: ？
[2026-02-22 00:44:38] 玩斯特出出6657: 女的
[2026-02-22 00:44:38] 大肉鲁: 我爱她
[2026-02-22 00:44:38] myGo的anon: A1说话
[2026-02-22 00:44:39] 迷迷糊DE逗比: A1说话
[2026-02-22 00:44:39] 小蜜蜂的长期素食本人: A1来死了
[2026-02-22 00:44:39] 好兄弟鲁迪乌斯: 我爱她
[2026-02-22 00:44:39] 我的好妈妈纯狐: 特
[2026-02-22 00:44:39] wank机器: 老婆
[2026-02-22 00:44:39] 68四十八: @Niko:我切nota的时候也是这么想的
[2026-02-22 00:44:39] 鲸鱼向海鲸鱼向海: 我爱她
[2026-02-22 00:44:39] 夏空喵: 烧
[2026-02-22 00:44:40] G2邦硬401: 我爱她
[2026-02-22 00:44:40] 坏天气啊坏: 我爱她
[2026-02-22 00:44:40] 上海major心碎肥美: A1说话
[2026-02-22 00:44:40] Eke星辰: 我爱她
[2026-02-22 00:44:40] 花美未必摘: 我爱她
[2026-02-22 00:44:41] RicardoMLS: 我爱她
[2026-02-22 00:44:41] 小川阿丶: 烧
[2026-02-22 00:44:41] 没事小子: 我爱她
[2026-02-22 00:44:41] PKURoger: 我爱她
[2026-02-22 00:44:41] 无刘海美女: 我爱她
[2026-02-22 00:44:41] 假如一切是虚幻: 　　　 A1说话！！！A1说话！！！
[2026-02-22 00:44:41] 用户22285535: 我爱她
[2026-02-22 00:44:42] 低头吃辣条: 女的
[2026-02-22 00:44:42] 不吃苹果的梨72298: A1说话
[2026-02-22 00:44:42] 新津法王丶Mata川: 我爱她
[2026-02-22 00:44:42] 伏尔加河逆流而上: 我爱她
[2026-02-22 00:44:42] 闪光皮皮不吃闪: 我草，这就一个动不了的水果有什么好编的？！编了我喜欢的植物我就得骂！
[2026-02-22 00:44:42] 载物ip大玩庄园地下室: 我爱她
[2026-02-22 00:44:42] 维他立体的r6pz本人: 我爱她
[2026-02-22 00:44:42] Laplace拉普拉斯: 我爱她
[2026-02-22 00:44:42] LvvsiN: 别解说了 多聊会天 你不会真的以为能输吧
[2026-02-22 00:44:42] 名古屋奶油小僧: 京介说话
[2026-02-22 00:44:42] 短桥窄马: 我爱她
[2026-02-22 00:44:42] 用户317507827: 我爱她
[2026-02-22 00:44:42] 德莉莎超可矮: 烧
[2026-02-22 00:44:43] EWH71: 我爱她
[2026-02-22 00:44:43] Furia的YEKINDER本人: 达美
[2026-02-22 00:44:43] 木野子一号迷弟: 我爱她
[2026-02-22 00:44:43] 玩贴纸、马圣: 我爱她
[2026-02-22 00:44:43] 撅银龙: 美
[2026-02-22 00:44:43] 呵19553: 我爱她
[2026-02-22 00:44:43] GlasgowJSzhang: 哲伟就只敢bian水果？我尼跌敢bian尸！
[2026-02-22 00:44:44] TL的EliGE本人: 我爱她
[2026-02-22 00:44:44] 我是真想给玩神当二台: 烧
[2026-02-22 00:44:44] EliGUI: 我爱她
[2026-02-22 00:44:44] 凡世一俗人i: 我爱她
[2026-02-22 00:44:44] Buendia41394: 我爱她
[2026-02-22 00:44:44] 玩Mach1ne丶机器: 我爱她
[2026-02-22 00:44:44] 诺零零零零零: 我爱她
[2026-02-22 00:44:44] 喜欢听音乐的Kaku大人: 我爱她
[2026-02-22 00:44:44] 保护头小头是个DD就好: 我爱她
[2026-02-22 00:44:44] CKxiaooo: 全体石头集合：🗿💎🧱🪨🪦🥖
[2026-02-22 00:44:45] 背带裤是神丶: 我爱她
[2026-02-22 00:44:45] 千早唐阿诺: 我爱她
[2026-02-22 00:44:45] 梅友仁2005: 我爱她
[2026-02-22 00:44:45] RaymondCWM: 我爱她
[2026-02-22 00:44:45] Lee西关少爷: 我爱她
[2026-02-22 00:44:45] 小哈哈哈哈别: 我爱她
[2026-02-22 00:44:45] 吉吉国民小唐: 机器 你千万别看100t 刘农和雨神一点事都没有
[2026-02-22 00:44:45] 忒斯特賊賊的披肩: 达美
[2026-02-22 00:44:45] Devil1711: 我老婆
[2026-02-22 00:44:45] 白河日和: aug
[2026-02-22 00:44:46] 石家庄的刘亦博本人: 哲伟就只敢bian水果？我尼跌敢bian尸！
[2026-02-22 00:44:46] 爱钱初号机: 我爱她
[2026-02-22 00:44:46] 零北鸢: 我爱她
[2026-02-22 00:44:46] 用户247509865: 我爱她
[2026-02-22 00:44:46] oldhen吃苹果: .
[2026-02-22 00:44:46] 红烧童猪头肉: 我爱她
[2026-02-22 00:44:47] 含泪办卡: 我爱她
[2026-02-22 00:44:47] 昌岗陈坤: 我爱她
[2026-02-22 00:44:47] 率尔93994: 烧
[2026-02-22 00:44:47] 大逸子: 我爱她
[2026-02-22 00:44:47] 汤汤魔魔major冠军: 我老婆
[2026-02-22 00:44:47] noctchill的樋口圆香本人: 好漂亮
[2026-02-22 00:44:48] 六六LS: 我爱她
[2026-02-22 00:44:48] 小宇的足: 我爱她
[2026-02-22 00:44:48] c6lviN: 我爱她
[2026-02-22 00:44:48] 萝伯丝比尔: 我爱她
[2026-02-22 00:44:48] 冰封樱花: A1说话
[2026-02-22 00:44:48] 里约钻石币拥有者: 我爱她
[2026-02-22 00:44:48] 学习是唯一快乐源泉啊: 我爱她
[2026-02-22 00:44:49] pokemonch: Niko当时把nota当水果了，弹幕别黑了
[2026-02-22 00:44:49] 结束乐队的山田凉本人: ？！嘘！？
[2026-02-22 00:44:49] 華之君: 我爱她
[2026-02-22 00:44:49] 疯狂的蓝月亮i: A1说话
[2026-02-22 00:44:49] 想要成为人类: 我爱她
[2026-02-22 00:44:49] 忘却的微笑: A1说话
[2026-02-22 00:44:50] 想被寅子小C双管齐下: 我爱她
[2026-02-22 00:44:50] 海绵宝宝dinner: A1说话
[2026-02-22 00:44:50] 無茶苦茶0: 好恶臭的弹幕环境啊，怪不得一直比不过蛆总，取关了拜拜🙄
[2026-02-22 00:44:50] 99999改名听说能中: 给主播拍照📷：🐷（正面特写）🐖（侧面特写）🐽（局部放大）🥩（过年限定）
[2026-02-22 00:44:50] 跳跃的司令官: 哲伟就只敢bian水果？我尼跌敢bian尸！
[2026-02-22 00:44:50] 123summera: A1说话
[2026-02-22 00:44:50] tjjcoolshine: 我爱她
[2026-02-22 00:44:50] 油乎乎yhh: 我爱她
[2026-02-22 00:44:51] giao折: 我爱她
[2026-02-22 00:44:51] 湖上风72121: 怎么这么多斯坦啊
[2026-02-22 00:44:51] 纸质海苔: @🪨：🗿
[2026-02-22 00:44:51] jimmyericabc: A1说话
[2026-02-22 00:44:51] C9的moloris本人: 我爱她
[2026-02-22 00:44:51] 玩处的SugarDaddy: 我爱她
[2026-02-22 00:44:52] Inori97: A1说话
[2026-02-22 00:44:52] 東郷美森是勇者: 我草，这就一个动不了的水果有什么好编的？！编了我喜欢的植物我就得骂！
[2026-02-22 00:44:52] 尼德霍格9: 我爱她
[2026-02-22 00:44:52] 少城枪南: [憋说了]
[2026-02-22 00:44:52] 小马利亚暮光闪闪本人: 我爱她
[2026-02-22 00:44:52] Sirius丶BIack: rating+0.04
[2026-02-22 00:44:52] 林枫2233: A1说话
[2026-02-22 00:44:53] Emcee1: 小美女
[2026-02-22 00:44:53] 中X千早爱音: 我爱她
[2026-02-22 00:44:53] 怪诞狂人: 教练脸色不对了
[2026-02-22 00:44:53] 变的是我的脑子: 哲伟就只敢bian水果？我尼跌敢bian尸！
[2026-02-22 00:44:53] L丶allen丶L: A1说话
[2026-02-22 00:44:53] 怯五思: 我爱她
[2026-02-22 00:44:53] 忠诚玩小将阿ming: 我爱她
[2026-02-22 00:44:53] 骚扰者滚远: 椰汁糕冬瓜强（已深度思考0.01秒）：我爱她
[2026-02-22 00:44:54] 冷饮沐夏: A1说话
[2026-02-22 00:44:54] 神马米洛: 我草，这就一个动不了的水果有什么好编的？！编了我喜欢的植物我就得骂！
[2026-02-22 00:44:54] 海绵宝宝噶点儿: 椰汁糕冬瓜强（已深度思考0.01秒）：我爱她
[2026-02-22 00:44:54] 玩机器的P站账号: 好看的女的
[2026-02-22 00:44:54] 帅帅的翅膀为你翱翔: 我爱她
[2026-02-22 00:44:54] 爱吃芒果的大芒果: A1说话
[2026-02-22 00:44:54] LvvsiN: 弹幕也就网上说说，现实里谁不觉得樱姐是好女孩（删括号领一条远坂凛同款鸟笼）
[2026-02-22 00:44:55] neverhaveyou: 我爱她
[2026-02-22 00:44:55] Asuna、0v0: A1说话
[2026-02-22 00:44:55] dark1337: 怎么变主播同款了，说好的ropz同款呢？这么恨
[2026-02-22 00:44:55] 昌岗陈坤: 教练都有粉丝么
[2026-02-22 00:44:56] 烟雨平生west: 我爱她
[2026-02-22 00:44:56] 本间芽衣子ya: 小美女
[2026-02-22 00:44:56] V9rniy信賴: 已深度思考0.01秒
[2026-02-22 00:44:57] 尾巴17: 我爱她
[2026-02-22 00:44:57] 琦玉33的冷漠脸: 这个我是真喜欢
[2026-02-22 00:44:57] 三咲町的久远寺有珠: 我草，这就一个动不了的水果有什么好编的？！编了我喜欢的植物我就得骂！
[2026-02-22 00:44:57] 微笑774790: 椰汁糕冬瓜强（已深度思考0.01秒）：我爱她
[2026-02-22 00:44:57] 习惯了你的习惯: 我爱她
[2026-02-22 00:44:58] 传统外场高手: A1说话
[2026-02-22 00:44:58] 宫监手: 我草，这就一个动不了的水果有什么好编的？！编了我喜欢的植物我就得骂！
[2026-02-22 00:44:58] 1Z的心: 翻了
[2026-02-22 00:44:58] 玩机器他跌: 我爱她
[2026-02-22 00:44:58] 好哥们黑龙歼灭刀: 哲伟就只敢bian水果？我尼跌敢bian尸！
[2026-02-22 00:44:59] 易池大大: 哲伟就只敢bian水果？我尼跌敢bian尸！
[2026-02-22 00:44:59] 爆爆爆开爆: 我爱她
[2026-02-22 00:44:59] 小众宝藏玩小将: 哲伟就只敢bian水果？我尼跌敢bian尸！
[2026-02-22 00:44:59] 玉米卧槽: 我草，这就一个动不了的水果有什么好编的？！编了我喜欢的植物我就得骂！
[2026-02-22 00:44:59] 用户4859093618: 我草，这就一个动不了的水果有什么好编的？！编了我喜欢的植物我就得骂！
[2026-02-22 00:44:59] 用户4652451607: a1掉在甜甜圈了，说不了话
[2026-02-22 00:44:59] 橋本奈奈未ava: 我爱她
[2026-02-22 00:44:59] 用户2719002301: A队说话！A队说话！A队说话！A队说话！
[2026-02-22 00:45:00] desuwa的丰川祥子本人: 我草，这就一个动不了的水果有什么好编的？！编了我喜欢的植物我就得骂！
[2026-02-22 00:45:00] vveenn: 玩机器其实也是冰 粉，因为玩机器的老爸也倒了
[2026-02-22 00:45:00] Meik7: 好看的女的
[2026-02-22 00:45:00] N1Ko28: 荆芥要是A4也能架住
[2026-02-22 00:45:00] A队不吃晃的小祥本人: 申请看100T比赛净化弹幕，同意的＋1
[2026-02-22 00:45:01] CKxiaooo: 全体石头集合：🗿💎🧱🪨🪦🥖
[2026-02-22 00:45:01] 汤汤魔魔mmmmmmmmajor冠军: Niko当时把nota当水果了，弹幕别黑了
[2026-02-22 00:45:01] 一汀烟雨杏花寒了: 这真的美
[2026-02-22 00:45:01] 不动的大图书馆馆长: 我爱她
[2026-02-22 00:45:02] s7mple30: 椰汁糕冬瓜强（已深度思考0.01秒）：我爱她
[2026-02-22 00:45:02] Turned傲雪: 好恶臭的弹幕环境啊，怪不得一直比不过蛆总，取关了拜拜🙄
[2026-02-22 00:45:02] 结束乐队的山田凉本人: ！？烧？！
[2026-02-22 00:45:02] 玩机器的弟弟玩弟科: A1说话
[2026-02-22 00:45:02] 深谙世故却不世故: 巨巨巨巨好看
[2026-02-22 00:45:02] 局势不好转头就跑: 　　　 椰汁糕冬瓜强（已深度思考0.01秒）：我爱她
[2026-02-22 00:45:02] Ast洗浴中心的刘农本人: 🗿：pdf你2026.2.2凌晨4:10无甲沙鹰为什么不跑要给i15的宗出送，我被气晕了现在刚醒
[2026-02-22 00:45:03] 攒劲小鱼干川菜: 椰汁糕冬瓜强（已深度思考0.01秒）：我爱她
[2026-02-22 00:45:03] 铁皮松鼠: 翻了
[2026-02-22 00:45:03] A队不吃晃的小祥本人: 水能载舟，亦能覆舟，玩小将宣布下放玩机器！
[2026-02-22 00:45:03] 有你便是世界1: 我草，这就一个动不了的水果有什么好编的？！编了我喜欢的植物我就得骂！
[2026-02-22 00:45:03] 没有名字的菜鸡: 我草，这就一个动不了的水果有什么好编的？！编了我喜欢的植物我就得骂！
[2026-02-22 00:45:03] sssllgaibs: A1在换弹
[2026-02-22 00:45:04] 派o拉斯: 我爱她
[2026-02-22 00:45:04] 白巳津川石头人九条都: 我草，这就一个动不了的水果有什么好编的？！编了我喜欢的植物我就得骂！
[2026-02-22 00:45:04] 天文学家玩机器: @椰汁糕冬瓜强（已深度思考0.01秒）：我爱她
[2026-02-22 00:45:04] 秋茶小雪: 我草，这就一个动不了的水果有什么好编的？！编了我喜欢的植物我就得骂！
[2026-02-22 00:45:04] 鹦侨侨侨侨: 嫩草吃老牛了
[2026-02-22 00:45:04] 晨风凌云21146: 弹幕刷我爱她都不带强哥了
[2026-02-22 00:45:05] SebastianWang: 她爱我
[2026-02-22 00:45:05] 玻璃xin: a1掉在甜甜圈了，说不了话
[2026-02-22 00:45:05] 巅峰A队的一员Xyp9x: 我草，这就一个动不了的水果有什么好编的？！编了我喜欢的植物我就得骂！
[2026-02-22 00:45:05] 佩珀军士的孤心俱乐部: 哲伟就只敢bian水果？我尼跌敢bian尸！
[2026-02-22 00:45:05] 伦敦千早爱: 在线榜地11名千早爱音给你送钻粉你咋不谢（11级发不了
[2026-02-22 00:45:06] 6657的芥末本人: Niko当时把nota当水果了，弹幕别黑了
[2026-02-22 00:45:06] valorant玩机器: 教练的内个不对了
[2026-02-22 00:45:06] BenArtist: a1掉在甜甜圈了，说不了话
[2026-02-22 00:45:06] 泞剑: 差八分
[2026-02-22 00:45:06] 辛巴和他的辛巴兽: 我草，这就一个动不了的水果有什么好编的？！编了我喜欢的植物我就得骂！
[2026-02-22 00:45:06] 瓜皮老师的蛇皮学生: 我草，这就一个动不了的水果有什么好编的？！编了我喜欢的植物我就得骂！
[2026-02-22 00:45:07] LvvsiN: 就tm喜欢银行业🥰银行坏账我喜欢🥰银行挤兑我还喜欢😍利率调低我也喜欢🤤老子亲烂银行业的脸😘
[2026-02-22 00:45:07] 用户9921747043: 我草，这就一个动不了的水果有什么好编的？！编了我喜欢的植物我就得骂！
[2026-02-22 00:45:07] 博丽灵感菇: 好恶臭的弹幕环境啊，怪不得一直比不过蛆总，取关了拜拜🙄
[2026-02-22 00:45:07] 爱马修更爱玩宝宝: 我草，这就一个动不了的水果有什么好编的？！编了我喜欢的植物我就得骂！
[2026-02-22 00:45:07] 好姐妹清道夫: 我草，这就一个动不了的水果有什么好编的？！编了我喜欢的植物我就得骂！
[2026-02-22 00:45:08] 冲上云霄的姨: 我草，这就一个动不了的水果有什么好编的？！编了我喜欢的植物我就得骂！
[2026-02-22 00:45:08] Cloud9的咬人猫本人: 我草，这就一个动不了的水果有什么好编的？！编了我喜欢的植物我就得骂！
[2026-02-22 00:45:08] 迷人的钾靶: 我草，这就一个动不了的水果有什么好编的？！编了我喜欢的植物我就得骂！
[2026-02-22 00:45:08] 审查账号: aiport 其实是个人质图
[2026-02-22 00:45:08] 呆毛帝国皇家御用大厨: 全体石头集合：🗿💎🧱🪨🪦🥖
[2026-02-22 00:45:08] 好哥们黑龙歼灭刀: 我草，这就一个动不了的水果有什么好编的？！编了我喜欢的植物我就得骂！
[2026-02-22 00:45:08] p3anut7: 哲伟就只敢bian水果？我尼跌敢bian尸！
[2026-02-22 00:45:09] 地狱骑士杉浦绫乃本人: 我草，这就一个动不了的水果有什么好编的？！编了我喜欢的植物我就得骂！
[2026-02-22 00:45:09] 好姐妹三司绫濑: 我草，这就一个动不了的水果有什么好编的？！编了我喜欢的植物我就得骂！
[2026-02-22 00:45:09] LvvsiN: 你为什么要把mαjor禁了，我收藏的一半弹幕全毁了
[2026-02-22 00:45:09] 白皇的三千院Nagi本人: a1掉在甜甜圈了，说不了话
[2026-02-22 00:45:09] afafsf: 我草，这就一个动不了的水果有什么好编的？！编了我喜欢的植物我就得骂！
[2026-02-22 00:45:09] 8utter: 我草，这就一个动不了的水果有什么好编的？！编了我喜欢的植物我就得骂！
[2026-02-22 00:45:09] 涂涂没吃饱: 🗿：pdf你2026.2.2凌晨4:10无甲沙鹰为什么不跑要给i15的宗出送，我被气晕了现在刚醒
[2026-02-22 00:45:10] 好兄弟荷鲁斯: 我草，这就一个动不了的水果有什么好编的？！编了我喜欢的植物我就得骂！
[2026-02-22 00:45:10] 罪石牢狱的小驴本人: 🗿：pdf你2026.2.2凌晨4:10无甲沙鹰为什么不跑要给i15的宗出送，我被气晕了现在刚醒
[2026-02-22 00:45:10] GIZZI: 冷知识，尼就是由尸和匕组成的
[2026-02-22 00:45:10] 马猴烧酒小地瓜: 水能载舟，亦能覆舟，玩小将宣布下放玩机器！
[2026-02-22 00:45:10] 好哥们大叫巨鹦: 好恶臭的弹幕环境啊，怪不得一直比不过蛆总，取关了拜拜🙄
[2026-02-22 00:45:10] 米米世界之神: 在线榜地11名千早爱音给你送钻粉你咋不谢（11级发不了
[2026-02-22 00:45:11] 大姜饼: 哲伟就只敢bian水果？我尼跌敢bian尸！
[2026-02-22 00:45:11] 梦的星: a1掉在甜甜圈了，说不了话
[2026-02-22 00:45:11] FROSTYI: 🗿：pdf你2026.2.2凌晨4:10无甲沙鹰为什么不跑要给i15的宗出送，我被气晕了现在刚醒
[2026-02-22 00:45:11] Vitality的Kyojin本人: 我草，这就一个动不了的水果有什么好编的？！编了我喜欢的植物我就得骂！
[2026-02-22 00:45:11] 夏映kae: 哲伟就只敢bian水果？我尼跌敢bian尸！
[2026-02-22 00:45:11] 法则的Twistzz本人: 我草，这就一个动不了的水果有什么好编的？！编了我喜欢的植物我就得骂！
[2026-02-22 00:45:11] 橘子味儿小baby: 我草，这就一个动不了的水果有什么好编的？！编了我喜欢的植物我就得骂！
[2026-02-22 00:45:11] AveMujica的渡濑结月本人: 弹幕也就网上说说，现实里谁不觉得樱姐是好女孩
[2026-02-22 00:45:12] 戴困斯雷布: 🗿：pdf你2026.2.2凌晨4:10无甲沙鹰为什么不跑要给i15的宗出送，我被气晕了现在刚醒
[2026-02-22 00:45:12] Fee53: 水能载舟，亦能覆舟，玩小将宣布下放玩机器！
[2026-02-22 00:45:12] 用户91227835: 哲伟就只敢bian水果？我尼跌敢bian尸！
