# room_id=6979222 host=玩机器丶Machine title=小众宝藏结晶直播 live_time= fetch_time=2026-02-21 23:45:46
[2026-02-22 01:01:55] 白皇的三千院Nagi本人: @京介：什么叫该赢的局 对面纯E吗
[2026-02-22 01:01:55] 北宇治拳王久石奏: 玩神你喝水的杯子好像上次杰士邦活动的那个....
[2026-02-22 01:01:55] Back6751: @房管布罗利：刚刚刷的起劲的那几个，还能叫唤吗？
[2026-02-22 01:01:55] sy辣椒666: 抓娃娃
[2026-02-22 01:01:55] 孤独时代的红红火火: 真有房管拿自己当土皇帝了😮
[2026-02-22 01:01:56] A队不吃晃的小祥本人: faze
[2026-02-22 01:01:56] 田机器的志窗: bnnn
[2026-02-22 01:01:56] 爱吃芒果的大芒果: 没人觉得Niko进决赛却不夺冠也是在编maj0r尸吗
[2026-02-22 01:01:56] 好哥们兵藤一诚: @房管布罗利：刚刚刷的起劲的那几个，还能叫唤吗？
[2026-02-22 01:01:56] hutji: 没人觉得Niko进决赛却不夺冠也是在编maj0r尸吗
[2026-02-22 01:01:56] 九幽噬天霸主: 没人觉得Niko进决赛却不夺冠也是在编maj0r尸吗
[2026-02-22 01:01:56] 清风yyo: boy
[2026-02-22 01:01:57] AmamiyaIori: 玩大哥原来能管直播间的啊，我还以为警告刷半年是玩大哥想搞百家争鸣呢
[2026-02-22 01:01:57] 猎魔人莫德凯撒: 抓娃娃查看活动〉
[2026-02-22 01:01:57] 衰神177: @房管布罗利：刚刚刷的起劲的那几个，还能叫唤吗？
[2026-02-22 01:01:57] Thatsgood961: 真有房管拿自己当土皇帝了😮
[2026-02-22 01:01:57] 妖怪之山的菅牧典本人: @房管布罗利：刚刚刷的起劲的那几个，还能叫唤吗？
[2026-02-22 01:01:57] 秋夜凭窗听风雨: 真有房管拿自己当土皇帝了😮
[2026-02-22 01:01:58] 我傻了都466: 真有房管拿自己当土皇帝了😮
[2026-02-22 01:01:58] 老师的一号男仆: @房管布罗利：刚刚刷的起劲的那几个，还能叫唤吗？
[2026-02-22 01:01:58] jsir6688: @房管布罗利：刚刚刷的起劲的那几个，还能叫唤吗？
[2026-02-22 01:01:58] 鹿公爷: @房管布罗利：刚刚刷的起劲的那几个，还能叫唤吗？
[2026-02-22 01:01:58] 管大无需多颜: boddy
[2026-02-22 01:01:58] 苏笙ac: 真有房管拿自己当土皇帝了😮
[2026-02-22 01:01:59] 间桐樱本人: letsgo法拉利
[2026-02-22 01:01:59] 安道51898: @房管布罗利：刚刚刷的起劲的那几个，还能叫唤吗？
[2026-02-22 01:01:59] 墨西哥之狼: PV真的有东西啊
[2026-02-22 01:01:59] kkyon: 对
[2026-02-22 01:01:59] LvvsiN: 你屏蔽词都快赶上新华词典了为什么不干脆开一百级发言？
[2026-02-22 01:01:59] RAK1-: 老汤怎么样了有人管管吗
[2026-02-22 01:01:59] 宛平南路600号主治医生: 适才相戏耳
[2026-02-22 01:02:00] 青大一路6邢道荣: 真有房管拿自己当土皇帝了😮
[2026-02-22 01:02:00] 戴神玩神感觉不如原神: 真有房管拿自己当土皇帝了😮
[2026-02-22 01:02:00] 偷哦嘘鞭贷拔: 没人觉得Niko进决赛却不夺冠也是在编maj0r尸吗
[2026-02-22 01:02:00] 卫宫家的后辈樱: @房管布罗利：刚刚刷的起劲的那几个，还能叫唤吗？
[2026-02-22 01:02:01] 小狗吱吱: 仔细听…语气不对了…好像真快破了…🤭🤭
[2026-02-22 01:02:01] Falcons十天老粉: @房管布罗利：刚刚刷的起劲的那几个，还能叫唤吗？
[2026-02-22 01:02:01] 鸟儿在头顶把森林叫醒: 没人觉得Niko进决赛却不夺冠也是在编maj0r尸吗
[2026-02-22 01:02:01] 魔法师Saber: lets go falcons
[2026-02-22 01:02:01] 朴昊龙本人: ==4==8==5==专==属==弹==幕==
[2026-02-22 01:02:01] Halohh1y: sth
[2026-02-22 01:02:01] 爱吃芒果的大芒果: 没人觉得Niko进决赛却不夺冠也是在编maj0r尸吗
[2026-02-22 01:02:01] 清风yyo: boy
[2026-02-22 01:02:01] 好姐妹一色伊吕波: 主播主播，100t粘不住了，能去看最后一眼么？
[2026-02-22 01:02:02] Z伊卡洛斯Z: 真有房管拿自己当土皇帝了😮
[2026-02-22 01:02:02] Wangzap: nv
[2026-02-22 01:02:02] 雪菜偷完top偷major: 没人觉得Niko进决赛却不夺冠也是在编maj0r尸吗
[2026-02-22 01:02:02] kios真绪: 真有房管拿自己当土皇帝了😮
[2026-02-22 01:02:02] 习习1314: 没人觉得Niko进决赛却不夺冠也是在编maj0r尸吗
[2026-02-22 01:02:02] bsqqaq: @son_sun：这个叫布罗利的有我那味了😄
[2026-02-22 01:02:02] 用户5387930459: 玩神你喝水的杯子好像上次杰士邦活动的那个....
[2026-02-22 01:02:02] 哦丁Oading: 真有房管拿自己当土皇帝了😮
[2026-02-22 01:02:02] zcyhymine: @房管布罗利：刚刚刷的起劲的那几个，还能叫唤吗？
[2026-02-22 01:02:03] 叫我二丫就好了: 真有房管拿自己当土皇帝了😮
[2026-02-22 01:02:03] 无刘海美女: 没人觉得Niko进决赛却不夺冠也是在编maj0r尸吗
[2026-02-22 01:02:03] fab厂的device本人: 真有房管拿自己当土皇帝了😮
[2026-02-22 01:02:03] 用户0268784457: 娜美
[2026-02-22 01:02:03] 田所浩二114514: 没人觉得Niko进决赛却不夺冠也是在编maj0r尸吗
[2026-02-22 01:02:03] p1不玩自己滚去小蜜蜂: 那位
[2026-02-22 01:02:04] 用户5608006019: boddy
[2026-02-22 01:02:04] 羽丘的千早爱音本人: 真有房管拿自己当土皇帝了😮
[2026-02-22 01:02:04] 海豹突击队-冷锋: 没人觉得Niko进决赛却不夺冠也是在编maj0r尸吗
[2026-02-22 01:02:04] 林有为丶: nv
[2026-02-22 01:02:04] Magixx-已下放: pv还是有东西
[2026-02-22 01:02:05] CV65Enterprise: 真有房管拿自己当土皇帝了😮
[2026-02-22 01:02:05] Zagreu5: 没人觉得Niko进决赛却不夺冠也是在编maj0r尸吗
[2026-02-22 01:02:05] 大裂谷的登山家: @房管布罗利：刚刚刷的起劲的那几个，还能叫唤吗？
[2026-02-22 01:02:05] 玩宝路、Marlboro: 真有房管拿自己当土皇帝了😮
[2026-02-22 01:02:05] Dartline: broly
[2026-02-22 01:02:05] 海绵宝宝小能儿: @房管布罗利：刚刚刷的起劲的那几个，还能叫唤吗？
[2026-02-22 01:02:06] MikeXGS: 真有房管拿自己当土皇帝了😮
[2026-02-22 01:02:06] 玩斯特出出6657: 给c4玩寸止
[2026-02-22 01:02:06] 朴昊龙本人: ==4==8==5==专==属==弹==幕==
[2026-02-22 01:02:06] 小众宝藏玩小将: 真有房管拿自己当土皇帝了😮
[2026-02-22 01:02:06] MeIoN39: 真有房管拿自己当土皇帝了😮
[2026-02-22 01:02:06] hutji: Niko，别怕，我是你最爱的王思聪，我来救你了。
[2026-02-22 01:02:06] 海绵宝宝打野儿: let go 法尔孔 let go
[2026-02-22 01:02:06] bsqqaq: @son_sun：这个叫布罗利的有我那味了😄
[2026-02-22 01:02:07] 想和阿飞抹茶三披: 仔细听…语气不对了…好像真快破了…🤭🤭
[2026-02-22 01:02:07] 宫原雪岳: 真有房管拿自己当土皇帝了😮
[2026-02-22 01:02:07] IlOoOoOoOlI: let's go poi
[2026-02-22 01:02:07] 清风yyo: 你🐉吗
[2026-02-22 01:02:07] 最后有一个刺客567: @房管布罗利：刚刚刷的起劲的那几个，还能叫唤吗？
[2026-02-22 01:02:07] 假小子是对的: 借pv3分，100T换
[2026-02-22 01:02:08] cyclonecreator: 真有房管拿自己当土皇帝了😮
[2026-02-22 01:02:08] 大哥心里慌: 没人觉得Niko进决赛却不夺冠也是在编maj0r尸吗
[2026-02-22 01:02:08] Halohh1y: sth
[2026-02-22 01:02:08] 仙粉美滋滋: 没人觉得Niko进决赛却不夺冠也是在编maj0r尸吗
[2026-02-22 01:02:08] DBJ456: 真有房管拿自己当土皇帝了😮
[2026-02-22 01:02:08] DB狮狒龙: 真有房管拿自己当土皇帝了😮
[2026-02-22 01:02:08] 天魔外道y: 真有房管拿自己当土皇帝了😮
[2026-02-22 01:02:09] 雨台ty: 真有房管拿自己当土皇帝了😮
[2026-02-22 01:02:09] 汤汤魔魔mmmmmmmmajor冠军: 真有房管拿自己当土皇帝了😮
[2026-02-22 01:02:09] AL丶龙炎风: 真有房管拿自己当土皇帝了😮
[2026-02-22 01:02:09] 華之君: 主播主播，100t粘不住了，能去看最后一眼么？
[2026-02-22 01:02:09] 海绵宝宝有希儿: n@vi
[2026-02-22 01:02:09] 落叶悠哉落: 真有房管拿自己当土皇帝了😮
[2026-02-22 01:02:09] 玩机爸、dev1CE: lets go falcons
[2026-02-22 01:02:10] 丸子八大碗: 真有房管拿自己当土皇帝了😮
[2026-02-22 01:02:10] 钢角bigking: lets go falcons
[2026-02-22 01:02:10] 监狱的二阶堂sh1ro本人: 感觉+了啊
[2026-02-22 01:02:10] 陪伴豆丶小啵: @房管布罗利：刚刚刷的起劲的那几个，还能叫唤吗？
[2026-02-22 01:02:10] 忽孝山庄: 真有房管拿自己当土皇帝了😮
[2026-02-22 01:02:10] 狂野银幕长崎素世: @son_sun：这个叫布罗利的有我那味了😄
[2026-02-22 01:02:10] Sereinily: @son_sun：这个叫布罗利的有我那味了😄
[2026-02-22 01:02:11] 山河jek: 没人觉得Niko进决赛却不夺冠也是在编maj0r尸吗
[2026-02-22 01:02:11] 玩坤坤丶Chicken: 没人觉得Niko进决赛却不夺冠也是在编maj0r尸吗
[2026-02-22 01:02:11] Crych1c的若叶睦本人: na vi
[2026-02-22 01:02:11] 我有主播一半帅: 主播主播，100t粘不住了，能去看最后一眼么？
[2026-02-22 01:02:11] 高举major奖杯的Niko: ==4==8==5==专==属==弹==幕==
[2026-02-22 01:02:11] 闸北第一solo:  @青大一路6邢道荣：真有房管拿自己当土皇帝了😮
[2026-02-22 01:02:12] 叫啥不是名: 没人觉得Niko进决赛却不夺冠也是在编maj0r尸吗
[2026-02-22 01:02:12] C9的moloris本人: 没人觉得Niko进决赛却不夺冠也是在编maj0r尸吗
[2026-02-22 01:02:12] 尼尼hihimajor冠军: 真有房管拿自己当土皇帝了😮
[2026-02-22 01:02:12] 咸鱼蕾米: 真有房管拿自己当土皇帝了😮
[2026-02-22 01:02:12] 哔哔哔的浮光: 怎么感觉现场屏幕比你这清楚啊
[2026-02-22 01:02:12] 好哥们黑龙歼灭刀: 没人觉得Niko进决赛却不夺冠也是在编maj0r尸吗
[2026-02-22 01:02:12] Subto: 借pv3分，100T换
[2026-02-22 01:02:13] 你给我灰来: let go 法尔孔 let go
[2026-02-22 01:02:13] wedd1ddeJodd: 考
[2026-02-22 01:02:13] 玩驴鞭丶suns1de: 房管多封几个展示官威
[2026-02-22 01:02:13] hutji: @京介：什么叫该赢的局 对面纯E吗 @京介：什么叫该赢的局 对面纯E吗
[2026-02-22 01:02:14] 3040658650: 0.0
[2026-02-22 01:02:14] zardl991: lets go falcons
[2026-02-22 01:02:14] RoseIia的凑友希那本人: @son_sun：这个叫布罗利的有我那味了😄
[2026-02-22 01:02:14] 无伟契约: lets go falcons
[2026-02-22 01:02:14] UsedKiwi: @son_sun：这个叫布罗利的有我那味了😄
[2026-02-22 01:02:14] laz24106: 没人觉得Niko进决赛却不夺冠也是在编maj0r尸吗
[2026-02-22 01:02:14] 秋Fc: 真有房管拿自己当土皇帝了😮
[2026-02-22 01:02:15] 西雅图之王: lets go falcons
[2026-02-22 01:02:15] 刊我秀你一脸: 真有房管拿自己当土皇帝了😮
[2026-02-22 01:02:15] EDG的康康本人: 真有房管拿自己当土皇帝了😮
[2026-02-22 01:02:15] 用户7717188970: @son_sun：这个叫布罗利的有我那味了😄
[2026-02-22 01:02:15] bsqqaq: @son_sun：这个叫布罗利的有我那味了😄
[2026-02-22 01:02:15] 三年级的高町奈叶本人: 真有房管拿自己当土皇帝了😮
[2026-02-22 01:02:15] 秋叶恋心丶: 真有房管拿自己当土皇帝了😮
[2026-02-22 01:02:15] NEVER豚: 真有房管拿自己当土皇帝了😮
[2026-02-22 01:02:15] P1ANNG: 真有房管拿自己当土皇帝了😮
[2026-02-22 01:02:15] Aleksumimi: 玩机器就是一条双标的滥权！！！
[2026-02-22 01:02:16] 且听枫寅Zar桀么悦耳: nv
[2026-02-22 01:02:16] A1report: @son_sun：这个叫布罗利的有我那味了😄
[2026-02-22 01:02:16] 玩猫娘、planecup: 没人觉得Niko进决赛却不夺冠也是在编maj0r尸吗
[2026-02-22 01:02:16] lifeiya丶: xiao
[2026-02-22 01:02:16] 我木JJ怕个锤子: 真有房管拿自己当土皇帝了😮
[2026-02-22 01:02:16] 小布丁是真好吃: 孝
[2026-02-22 01:02:17] 玩宝宝的小脚: 真有房管拿自己当土皇帝了😮
[2026-02-22 01:02:17] RyeHS: ？
[2026-02-22 01:02:17] 玩斯特机机: 孝
[2026-02-22 01:02:17] 久遠寺有珠Alice: 没人觉得Niko进决赛却不夺冠也是在编maj0r尸吗
[2026-02-22 01:02:17] Vurtne: ？
[2026-02-22 01:02:17] LvvsiN: 玩宝宝，我发现在大学上学的时候肄业会很舒服，你可以试试
[2026-02-22 01:02:17] 网友阿草: 孝
[2026-02-22 01:02:18] 玩乐奈、puxxi: 上一个叫斤奈的已经查无此人了。。。
[2026-02-22 01:02:18] 甘织玲奈子本人: 无人在意
[2026-02-22 01:02:18] byakurenii: 掩护
[2026-02-22 01:02:18] 玩斯特出出6657: 考
[2026-02-22 01:02:18] Astralis的奈葉香本人: 主播主播，100t粘不住了，能去看最后一眼么？
[2026-02-22 01:02:18] 热心好邻居: 孝
[2026-02-22 01:02:18] L0ost:  @雾之湖的琪露诺本人：@房管布罗利：刚刚刷的起劲的那几个，还能叫唤吗？
[2026-02-22 01:02:19] 晨风凌云21146: 房管多封几个展示官威
[2026-02-22 01:02:19] 可怜的怕怕: 考
[2026-02-22 01:02:19] 贰壹壹壹: lets go falcons
[2026-02-22 01:02:19] 猫猫喜欢鱼丶: 孝
[2026-02-22 01:02:19] 99组的爱城华恋本人: 1
[2026-02-22 01:02:19] LvvsiN: 弹幕也就网上说说，现实里谁不觉得樱姐是好女孩（删括号领一条远坂凛同款鸟笼）
[2026-02-22 01:02:19] 玩刘农device: 老汤倒了
[2026-02-22 01:02:20] 尼孩京major冠军: pari
[2026-02-22 01:02:20] lifeiya丶: 孝
[2026-02-22 01:02:20] 花果山前一棵树: 考
[2026-02-22 01:02:20] 九幽神雀v: @房管布罗利：刚刚刷的起劲的那几个，还能叫唤吗？
[2026-02-22 01:02:20] 秋茶小雪: 孝
[2026-02-22 01:02:20] Saiki559: 孝
[2026-02-22 01:02:20] 咕咕嘎嘎major冠军: 孝
[2026-02-22 01:02:20] 缪斯的南小鸟本人: 孝
[2026-02-22 01:02:20] SaberMax丶: ？
[2026-02-22 01:02:20] 伦敦千早爱: 真有房管拿自己当土皇帝了😮
[2026-02-22 01:02:21] 冰棍晓夜: 无人在意
[2026-02-22 01:02:21] 用户3853464680: @房管布罗利：刚刚刷的起劲的那几个，还能叫唤吗？
[2026-02-22 01:02:21] 椛椛椛月夜: ？
[2026-02-22 01:02:21] 用户4577817156: 孝
[2026-02-22 01:02:21] 爱斯忑音音: gg
[2026-02-22 01:02:21] Vurtne: 考
[2026-02-22 01:02:22] myGo的anon: 突然考
[2026-02-22 01:02:22] xxx2xxx: 考
[2026-02-22 01:02:22] 白河日和: 考
[2026-02-22 01:02:22] 好哥们黑龙歼灭刀: 真有房管拿自己当土皇帝了😮
[2026-02-22 01:02:22] WE丶繁梦: 孝
[2026-02-22 01:02:22] 巅峰A队的一员Xyp9x: 孝
[2026-02-22 01:02:22] 太阳神之翼神龙球体形: machine
[2026-02-22 01:02:22] 好的好的阖家: @son_sun：这个叫布罗利的有我那味了😄
[2026-02-22 01:02:23] 你给我灰来: lets go falcons
[2026-02-22 01:02:23] 最喜欢清光: 20分
[2026-02-22 01:02:23] 愿良辰美景: 考
[2026-02-22 01:02:23] Mujica的三角初华本人: 孝
[2026-02-22 01:02:23] 玩斯特机机: @son_sun：这个叫布罗利的有我那味了😄
[2026-02-22 01:02:23] 尼古拉刘亦博: 我不刷了😭😭不要禁我言😭😭😭
[2026-02-22 01:02:23] RikkiLove: 考
[2026-02-22 01:02:24] 我感觉很膨胀: 淘汰了
[2026-02-22 01:02:24] sunshine1869: ？
[2026-02-22 01:02:24] AmamiyaIori: 玩大哥原来能管直播间的啊，我还以为警告刷半年是玩大哥想搞百家争鸣呢
[2026-02-22 01:02:24] 爆爆爆开爆: 房管多封几个展示官威
[2026-02-22 01:02:24] 紫紫紫彧: 考
[2026-02-22 01:02:24] 瑞典狙神稳健棍: 8分
[2026-02-22 01:02:25] MJ猪猪呀: 真有房管拿自己当土皇帝了😮
[2026-02-22 01:02:25] 空城记忆梦北: 考
[2026-02-22 01:02:25] 7不懂8不懂: 身在曹营心在汉
[2026-02-22 01:02:25] 雪枝枝qwq: 孝
[2026-02-22 01:02:25] 河北雨姐: 考
[2026-02-22 01:02:25] VR的灰泽螨本人: 考
[2026-02-22 01:02:25] 最后波纹: @HooXi：Rain我教你，你就一直发狙发英雄ak给Dev1ce，发到他都受不了自己有多菜就退队了
[2026-02-22 01:02:26] 用户70498405: 考
[2026-02-22 01:02:26] kjhhjki: 考
[2026-02-22 01:02:26] 用户3661578: 孝
[2026-02-22 01:02:26] 正经猪头肉: 玩八分
[2026-02-22 01:02:26] 万能的鸵鸟: ？
[2026-02-22 01:02:26] 梓川不是辛川: 孝
[2026-02-22 01:02:26] 汤汤魔魔mmmmmmmmajor冠军: 真有房管拿自己当土皇帝了😮
[2026-02-22 01:02:26] 嘿yuMe: 考
[2026-02-22 01:02:26] D调淡蓝色眼眸: ?
[2026-02-22 01:02:27] 波尔蒂盲人: 想看就看吧
[2026-02-22 01:02:27] 小蜜蜂的长期素食本人: 不孝
[2026-02-22 01:02:27] XbOvO: 考
[2026-02-22 01:02:27] 好哥们黑龙歼灭刀: @son_sun：这个叫布罗利的有我那味了😄
[2026-02-22 01:02:27] 酬勤科服丰川祥子: 孝
[2026-02-22 01:02:27] 中X千早爱音: 考
[2026-02-22 01:02:28] 可达鸭不会游泳: 考
[2026-02-22 01:02:28] 这里是小天啊: 考
[2026-02-22 01:02:28] 高杆西裤: 20分
[2026-02-22 01:02:28] EIght8XX: 孝
[2026-02-22 01:02:28] 此主播乃帅比: 孝
[2026-02-22 01:02:28] 无聊喜欢see: 哈哈哈 骗自己
[2026-02-22 01:02:28] 爱看6657的玩小将: 考
[2026-02-22 01:02:29] 骚扰者滚远: 都踏马臭了
[2026-02-22 01:02:29] 门子侃: 刚开始 5:1
[2026-02-22 01:02:29] znnoy: 房管多封几个展示官威
[2026-02-22 01:02:29] 迪奥雷: 那你看啊
[2026-02-22 01:02:29] Crim1n4l: 主播主播，100t粘不住了，能去看最后一眼么？
[2026-02-22 01:02:30] lpyuan: @房管布罗利：刚刚刷的起劲的那几个，还能叫唤吗？
[2026-02-22 01:02:30] 流玉MK1: 不孝
[2026-02-22 01:02:30] Q1ed7f9c85b3bc7571: 身在曹营心在汉
[2026-02-22 01:02:30] 千早爱音desu: 刻晴了
[2026-02-22 01:02:30] 未酲儿: 考
[2026-02-22 01:02:30] 坚坚监监地狱归来: 房管多封几个展示官威
[2026-02-22 01:02:31] 好姐妹常陆茉子: 老汤都似了有一会了
[2026-02-22 01:02:31] xOcOg: 【格陵兰战报】目前大东指挥5回合，设备指挥1回合，大东指挥设备送6次，设备拿下关键击杀2个
[2026-02-22 01:02:31] 艾坤123: 0单
[2026-02-22 01:02:31] 生涯现役1111: 愚孝
[2026-02-22 01:02:31] 雾之湖的琪露诺本人: 弹幕不要再吵了，你们都会消失的😭
[2026-02-22 01:02:31] Heartzzz丶: 你不看没分
[2026-02-22 01:02:31] 清蒸冬瓜茄子汤: 不看千雨和汤汤我就要闹😫😫😫
[2026-02-22 01:02:32] 阿雨desuwa: zzz
[2026-02-22 01:02:32] LiSeee: 晦气
[2026-02-22 01:02:32] 哈米达巴: 忽孝山庄
[2026-02-22 01:02:32] L0ost: 真有房管拿自己当土皇帝了😮
[2026-02-22 01:02:32] Trxye丿幽怨: 考
[2026-02-22 01:02:32] MiniHerc: 观众昨天哦😮pv的牛劲呢
[2026-02-22 01:02:32] bsqqaq: @son_sun：这个叫布罗利的有我那味了😄
[2026-02-22 01:02:33] 水球碳酸饮料: 孝
[2026-02-22 01:02:33] 求奶lzx考不上华南师范: @HooXi：Rain我教你，你就一直发狙发英雄ak给Dev1ce，发到他都受不了自己有多菜就退队了
[2026-02-22 01:02:33] jsir6688: 玩大哥原来能管直播间的啊，我还以为警告刷半年是玩大哥想搞百家争鸣
[2026-02-22 01:02:33] 秋茶小雪: 量子力学
[2026-02-22 01:02:33] 足音: 太刻晴了
[2026-02-22 01:02:33] djklyk: 孝
[2026-02-22 01:02:34] 紫紫紫彧: 不考
[2026-02-22 01:02:34] 伊利亚宝宝: 考
[2026-02-22 01:02:34] 祐天寺喵梦: 房管多封几个展示官威
[2026-02-22 01:02:34] RiceShowerlk: 孝
[2026-02-22 01:02:34] 玩机器你好香你好香: @未酲儿：考
[2026-02-22 01:02:35] 钢镚镚镚镚镚镚镚镚镚: 考
[2026-02-22 01:02:35] 灼眼的夏东海: 不看千雨和汤汤我就要闹😫😫😫
[2026-02-22 01:02:35] 热心好邻居: 【格陵兰战报】目前大东指挥5回合，设备指挥1回合，大东指挥设备送6次，设备拿下关键击杀2个
[2026-02-22 01:02:35] 鹌鹑家的表舅子: 考
[2026-02-22 01:02:35] 牛易勃的父亲牛浓: 孝
[2026-02-22 01:02:36] 十点差49分: 真有房管拿自己当土皇帝了😮
[2026-02-22 01:02:36] 哈基鹅大王:  @阿汤日记：一个人，5发子弹，保住格陵兰岛。我不会叫它不可能完成的任务，我现在只想先回家看亦博
[2026-02-22 01:02:36] 汤汤魔魔mmmmmmmmajor冠军: 真有房管拿自己当土皇帝了😮
[2026-02-22 01:02:37] 玩登山丶嘟嘟嘟嘟嘟嘟: 考
[2026-02-22 01:02:37] 朴昊龙本人: 孝
[2026-02-22 01:02:37] 最后波纹: @HooXi：Rain我教你，你就一直发狙发英雄ak给Dev1ce，发到他都受不了自己有多菜就退队了
[2026-02-22 01:02:37] zeLLLLLL: 考
[2026-02-22 01:02:37] Hitagi蟹蟹: 房管多封几个展示官威
[2026-02-22 01:02:37] 墨华羽雨: 不考
[2026-02-22 01:02:37] 爱看6657的玩小将: 你要是看100t的话 就别进直播间了 别影响气氛
[2026-02-22 01:02:38] LvvsiN: 其实碗橱就是猪灵，你不拿黄金丢他他就不跟你说话
[2026-02-22 01:02:38] 琦琦z: 老汤实时ADR：20
[2026-02-22 01:02:38] cwcw6969: 玩大哥原来能管直播间的啊，我还以为警告刷半年是玩大哥想搞百家争鸣呢
[2026-02-22 01:02:38] 玩弓箭、Arrow: @HooXi：Rain我教你，你就一直发狙发英雄ak给Dev1ce，发到他都受不了自己有多菜就退队了
[2026-02-22 01:02:38] 姓黄小名肥仔: 刻晴了
[2026-02-22 01:02:39] RAS的Layer本人: 身在曹营心在汉
[2026-02-22 01:02:39] 汤汤魔魔mmmmmmmmajor冠军: 真有房管拿自己当土皇帝了😮
[2026-02-22 01:02:39] 骑士吊打勇士: 20分
[2026-02-22 01:02:40] LvvsiN: 就tm喜欢银行业🥰银行坏账我喜欢🥰银行挤兑我还喜欢😍利率调低我也喜欢🤤老子亲烂银行业的脸😘
[2026-02-22 01:02:40] racula: 有点尬了兄弟
[2026-02-22 01:02:40] 星空玉: 房管多封几个展示官威
[2026-02-22 01:02:40] 银睿憨: 慢
[2026-02-22 01:02:40] 两仪琴本人: 不看千雨和汤汤我就要闹😫😫😫
[2026-02-22 01:02:41] 艺术冰霜: 房管多封几个展示官威
[2026-02-22 01:02:41] 用户53477423: 千语 7／5 汤汤 2／6
[2026-02-22 01:02:41] bzhanshenshi: 太刻晴了
[2026-02-22 01:02:41] 星之所在Vitality: 太刻晴了
[2026-02-22 01:02:41] 机器机器祝你天天开心: 慢
[2026-02-22 01:02:41] 三零一路公交司机: 观众昨天哦😮pv的牛劲呢
[2026-02-22 01:02:42] LvvsiN: 就tm喜欢银行业🥰银行坏账我喜欢🥰银行挤兑我还喜欢😍利率调低我也喜欢🤤老子亲烂银行业的脸😘
[2026-02-22 01:02:42] 好哥们黑龙歼灭刀: 玩大哥原来能管直播间的啊，我还以为警告刷半年是玩大哥想搞百家争鸣
[2026-02-22 01:02:42] 单推折纸11年: @son_sun：这个叫布罗利的有我那味了😄
[2026-02-22 01:02:42] gggaligeigei: 房管多封几个展示官威
[2026-02-22 01:02:42] last玩神丶: 尸尸孖jor冠军🏆🏆🏆
[2026-02-22 01:02:43] UFO233: 房管多封几个展示官威
[2026-02-22 01:02:43] 这下洗不清咯: 薛定谔的孝
[2026-02-22 01:02:43] 坏天气啊坏: 不看千雨和汤汤我就要闹😫😫😫
[2026-02-22 01:02:43] gfe20010: @HooXi：Rain我教你，你就一直发狙发英雄ak给Dev1ce，发到他都受不了自己有多菜就退队了
[2026-02-22 01:02:43] 反方向的绪: 老汤实时ADR：20
[2026-02-22 01:02:43] 友典冬希子: 不看100T已经拿major冠军了
[2026-02-22 01:02:43] 玩老鼠丶Roxy: 有人知道re0男主名字怎么读吗🤔
[2026-02-22 01:02:43] 啊哦可惜我是绅士: 房管多封几个展示官威
[2026-02-22 01:02:43] xuzVan: 原来玩大哥懂得怎么放权呀
[2026-02-22 01:02:44] 瑭珏: 想看就看吧
[2026-02-22 01:02:44] 咸鱼蕾米: 房管多封几个展示官威
[2026-02-22 01:02:44] 白色黄昏的洗礼: 慢
[2026-02-22 01:02:44] hutji: 房管多封几个展示官威
[2026-02-22 01:02:44] 用户1330979385: @玩大哥：申请切换老汤
[2026-02-22 01:02:45] fmljz: 这B现场怎么一直在嘘啊
[2026-02-22 01:02:45] 啊撒发撒发: 3
[2026-02-22 01:02:45] wedd1ddeJodd: 房管多封几个展示官威
[2026-02-22 01:02:45] 好姐妹冰川姐妹: 真有房管拿自己当土皇帝了😮
[2026-02-22 01:02:45] 风在山路吹1161: @阿汤日记：一个人，5发子弹，保住格陵兰岛。我不会叫它不可能完成的任务，我现在只想先回家看亦博
[2026-02-22 01:02:46] 我傻了都466: 房管多封几个展示官威
[2026-02-22 01:02:46] LvvsiN: 男人一生只哭十八次：niko十七次梦碎major正赛, niko梦碎里约major RMR＼
[2026-02-22 01:02:46] 蓝原延渚: 房管多封几个展示官威
[2026-02-22 01:02:46] 妖艳阿卡莎: 房管多封几个展示官威
[2026-02-22 01:02:46] 我永远喜欢田井中律: 弹幕能不能刷点更鲍的？你们发这种弹幕我举报成功不了
[2026-02-22 01:02:46] C7iyo: 老汤实时ADR：20
[2026-02-22 01:02:46] 槑皆是遗憾: 房管多封几个展示官威
[2026-02-22 01:02:46] Dartline: 不看千雨和汤汤我就要闹😫😫😫
[2026-02-22 01:02:47] 睿睿不在家老陈称大王: 房管封人真帅吧，可惜我脑子没病不然也爆米当个房管了
[2026-02-22 01:02:47] dark1337: 房管多封几个展示官威
[2026-02-22 01:02:47] 好哥们黑龙歼灭刀: 房管多封几个展示官威
[2026-02-22 01:02:47] 白皇的三千院Nagi本人: 不看千雨和汤汤我就要闹😫😫😫
[2026-02-22 01:02:47] 摸鱼摸到胖头鱼: 老汤实时ADR：20
[2026-02-22 01:02:47] 玩蛇鼠丶stabbi: 房管多封几个展示官威
[2026-02-22 01:02:47] BASSGOAT牛込里美: 房管多封几个展示官威
[2026-02-22 01:02:48] deferingDefer: 房管多封几个展示官威
[2026-02-22 01:02:48] 樂斯特樂樂: 黄金双倍卡 拥有数量: 1个 生效时长: 1天 过期时间: 2026／03／16 18:26:44
[2026-02-22 01:02:48] Crythic的羊宫妃那本人: 抓娃娃查看活动〉
房管多封几个展示官威
[2026-02-22 01:02:48] 陈二狗不爱吃青菜: 不看千雨和汤汤我就要闹😫😫😫
[2026-02-22 01:02:48] L0ost: 玩神有niko十分之一的素质都不会被冲[支持]
[2026-02-22 01:02:48] i化石-: 不看千雨和汤汤我就要闹😫😫😫
[2026-02-22 01:02:49] Meik7: 老汤实时ADR：20
[2026-02-22 01:02:49] 普丽瓦蒂: 房管多封几个展示官威
[2026-02-22 01:02:49] WE丶繁梦: 老汤实时ADR：20
[2026-02-22 01:02:49] 高渐离丶丶丶: 真有房管拿自己当土皇帝了😮
[2026-02-22 01:02:49] lxy呀: 房管多封几个展示官威
[2026-02-22 01:02:50] 平湖洗脚城66号技师: 弹幕能不能刷点更鲍的？你们发这种弹幕我举报成功不了
[2026-02-22 01:02:50] 友利奈绪我老婆d: 房管多封几个展示官威
[2026-02-22 01:02:50] 好的好的阖家: 原来玩大哥懂得怎么放权呀
[2026-02-22 01:02:50] 玩积吧: 主播居然支持绿色？
[2026-02-22 01:02:50] 丿天赐梧桐: 想孝就孝吧
[2026-02-22 01:02:50] Zagreu5: 房管多封几个展示官威
[2026-02-22 01:02:50] 窝法25年零分冠: 房管多封几个展示官威
[2026-02-22 01:02:51] 皓宇是个帅比: 不看千雨和汤汤我就要闹😫😫😫
[2026-02-22 01:02:51] L0ost: 玩神有niko十分之一的素质都不会被冲[支持]
[2026-02-22 01:02:52] 鹿公爷: 房管多封几个展示官威
[2026-02-22 01:02:52] 下划线逗号下划线叹号: 房管多封几个展示官威
[2026-02-22 01:02:52] 白鵉鳶OriGami: 房管多封几个展示官威
[2026-02-22 01:02:52] LvvsiN: 你为什么要把mαjor禁了，我收藏的一半弹幕全毁了
[2026-02-22 01:02:52] 一duo云: 房管多封几个展示官威
[2026-02-22 01:02:52] 推斯特zz: 猎鹰也是绿色地图靠加时赢的pv
[2026-02-22 01:02:52] nameundefined98: 弹幕能不能刷点更鲍的？你们发这种弹幕我举报成功不了
[2026-02-22 01:02:52] 监狱的二阶堂sh1ro本人: @玩机器：我把十个人关在一个服务器里互相残杀，这一刻我感觉我是冰上梅露露
[2026-02-22 01:02:52] 载物的大裂谷左岸: 有人知道re0男主名字怎么读吗🤔
[2026-02-22 01:02:52] 玩斯特机机: 房管多封几个展示官威
[2026-02-22 01:02:52] 好哥们黑龙歼灭刀: 真有房管拿自己当土皇帝了😮
[2026-02-22 01:02:52] 什么罐头我说男人: 房管多封几个展示官威
[2026-02-22 01:02:53] 玩机器你能不能闭嘴: 房管多封几个展示官威
[2026-02-22 01:02:53] 玩Mach1ne丶机器: 又开始巩固爱汤人设了
[2026-02-22 01:02:54] 爱丽速子的小白鼠: 房管多封几个展示官威
[2026-02-22 01:02:54] kHRYSTAL77: 房管多封几个展示官威
[2026-02-22 01:02:54] koleer: 还有这种烟
[2026-02-22 01:02:54] ZZZQvQ丶: 真有房管拿自己当土皇帝了😮
[2026-02-22 01:02:54] ArZhe阿哲: 房管多封几个展示官威
[2026-02-22 01:02:54] yuuik27: 房管多封几个展示官威
[2026-02-22 01:02:54] 瘤坤的假发: 房管多封几个展示官威
[2026-02-22 01:02:55] 沐风Charlie: 房管多封几个展示官威
[2026-02-22 01:02:55] Zywoo的七百大狙: aaaa6aaaa6aaaa5aaaa8aaaa
[2026-02-22 01:02:55] L0ost: 玩神有niko十分之一的素质都不会被冲[支持]
[2026-02-22 01:02:55] 不知道起啥名啊啊a: 又有弹幕消失了😱😱
[2026-02-22 01:02:55] 草莓冰酪: 房管多封几个展示官威
[2026-02-22 01:02:55] 李小小与虾大大: 现场有人疯了....
[2026-02-22 01:02:55] 最喜欢妮姆芙: 老汤实时ADR：20
[2026-02-22 01:02:55] 这是在搞什么: 房管多封几个展示官威
[2026-02-22 01:02:55] 6657的鸣上悠本人: 房管多封几个展示官威
[2026-02-22 01:02:56] KatoM3gum1: 房管多封几个展示官威
[2026-02-22 01:02:56] 普通的用户7756: 房管多封几个展示官威
[2026-02-22 01:02:56] LvvsiN: 你为什么要把mαjor禁了，我收藏的一半弹幕全毁了
[2026-02-22 01:02:56] 最后波纹: @HooXi：Rain我教你，你就一直发狙发英雄ak给Dev1ce，发到他都受不了自己有多菜就退队了
[2026-02-22 01:02:56] 灵犀Quentin: 房管多封几个展示官威
[2026-02-22 01:02:57] 你敢看死蜜蜂就杀了你: 房管多封几个展示官威
[2026-02-22 01:02:57] 大裂谷的登山家: 房管多封几个展示官威
[2026-02-22 01:02:57] 清风yyo: 房管多封几个展示官威
[2026-02-22 01:02:57] mujica的长崎素世本人: 房管多封几个展示官威
[2026-02-22 01:02:57] 残枫丶Map1e: 房管多封几个展示官威
[2026-02-22 01:02:57] 用户0715022066: 房管多封几个展示官威
[2026-02-22 01:02:58] 今早的早餐: 房管多封几个展示官威
[2026-02-22 01:02:58] L0ost: 玩神有niko十分之一的素质都不会被冲[支持]
[2026-02-22 01:02:58] Turned傲雪: 房管多封几个展示官威
[2026-02-22 01:02:58] 贰壹壹壹: 房管多封几个展示官威
[2026-02-22 01:02:58] 明月夜无涯: 房管多封几个展示官威
[2026-02-22 01:02:58] 好姐妹八幡海铃丶: 房管多封几个展示官威
[2026-02-22 01:02:58] GlockieSs: 房管多封几个展示官威
[2026-02-22 01:02:59] 芝芝爆浆麻薯: 房管多封几个展示官威
[2026-02-22 01:02:59] 我只是个番薯: 房管多封几个展示官威
[2026-02-22 01:02:59] 玉米卧槽: 我提一嘴，碗橱真是土皇帝
[2026-02-22 01:02:59] 玩斯特机机: 又开始巩固爱汤人设了
[2026-02-22 01:02:59] 机器的玲珰彈不响: 房管多封几个展示官威
[2026-02-22 01:02:59] F0restwOw-: 抓娃娃查看活动〉房管多封几个展示官威
[2026-02-22 01:03:00] 玩台钳丶阿尔托莉雅: 又有弹幕消失了😱😱
[2026-02-22 01:03:00] LvvsiN: 就tm喜欢银行业🥰银行坏账我喜欢🥰银行挤兑我还喜欢😍利率调低我也喜欢🤤老子亲烂银行业的脸😘
[2026-02-22 01:03:00] 撒浪嘿呦0v0: 房管多封几个展示官威
[2026-02-22 01:03:00] 白皇的三千院Nagi本人: 房管多封几个展示官威
[2026-02-22 01:03:00] 都觉得卡了: 房管多封几个展示官威
[2026-02-22 01:03:01] 无7441158: 房管多封几个展示官威
[2026-02-22 01:03:01] 玩口器Mouth: 又有弹幕消失了😱😱
[2026-02-22 01:03:01] 我要改名字2153: 房管多封几个展示官威
[2026-02-22 01:03:01] L0ost: 玩神有niko十分之一的素质都不会被冲[支持]
[2026-02-22 01:03:01] 雪枝枝qwq: [下边耄耋][下边耄耋]
[2026-02-22 01:03:01] TL的EliGE本人: 房管多封几个展示官威
[2026-02-22 01:03:01] 有S冠的JackeyLove本人: 房管多封几个展示官威
[2026-02-22 01:03:01] 桃乃木香奈本人: 房管多封几个展示官威
[2026-02-22 01:03:01] Dartline: 又有弹幕消失了😱😱
[2026-02-22 01:03:01] an0v0y: 　　　 房管多封几个展示官威
[2026-02-22 01:03:01] 戴神玩神感觉不如原神: 房管多封几个展示官威
[2026-02-22 01:03:02] 你笑起来很撩: 房管多封几个展示官威
[2026-02-22 01:03:02] 用户22285535: 房管多封几个展示官威
[2026-02-22 01:03:02] 仙粉美滋滋: 　　　 房管多封几个展示官威
[2026-02-22 01:03:02] 菠萝王111: 房管多封几个展示官威
[2026-02-22 01:03:02] meetormiss: 房管多封几个展示官威
[2026-02-22 01:03:02] 用户0123466560: 房管多封几个展示官威
[2026-02-22 01:03:03] 一拳打爆你魔丸: 房管多封几个展示官威
[2026-02-22 01:03:03] Vitality的Zyw0o本人: 房管多封几个展示官威
[2026-02-22 01:03:03] 涵渣: 大东的狙神了
[2026-02-22 01:03:03] 好姐妹阿尔图图罗: 房管多封几个展示官威
[2026-02-22 01:03:03] 用户4933290078: 房管多封几个展示官威
[2026-02-22 01:03:03] 小哈哈哈哈别: 房管多封几个展示官威
[2026-02-22 01:03:04] 秋Fc: 房管多封几个展示官威
[2026-02-22 01:03:04] 半个Jayden: 房管多封几个展示官威
[2026-02-22 01:03:04] VR的灰泽螨本人: 房管多封几个展示官威
[2026-02-22 01:03:04] Vitality的羽贺文乃本人: 又开始巩固爱汤人设了
[2026-02-22 01:03:04] 八重森彌妮: 房管多封几个展示官威
[2026-02-22 01:03:04] 远野邸的远野秋叶本人: 房管多封几个展示官威
[2026-02-22 01:03:04] bsqqaq: 房管多封几个展示官威
[2026-02-22 01:03:04] 波尔蒂盲人: 0人在意这场比赛，申请看千雨和汤汤
[2026-02-22 01:03:04] 玩斯特出出6657: 房管多封几个展示官威
[2026-02-22 01:03:04] 羽丘的千早爱音本人: 房管多封几个展示官威
[2026-02-22 01:03:05] 0guriCap: 房管多封几个展示官威
[2026-02-22 01:03:05] 舞台剧魔神长期术士: 魔法老头（27）老尼（28）梦以酱（29）玩宝宝（29）
[2026-02-22 01:03:05] 发复古弹幕: 又有弹幕消失了😱😱
[2026-02-22 01:03:05] 玉米卧槽: 房管多封几个展示官威
[2026-02-22 01:03:05] 孤独时代的红红火火: 又有弹幕消失了😱😱
[2026-02-22 01:03:05] darkchest: 房管多封几个展示官威
[2026-02-22 01:03:05] 好哥们奥格巴巴: 房管多封几个展示官威
[2026-02-22 01:03:06] m1sakanet: 房管多封几个展示官威
[2026-02-22 01:03:06] 544165宝宝好好看吧: 房管多封几个展示官威
[2026-02-22 01:03:06] cloud清: 房管多封几个展示官威
[2026-02-22 01:03:06] 丨花千树: 房管多封几个展示官威
[2026-02-22 01:03:06] Laila丶丶: 这烟也太好玩了
[2026-02-22 01:03:06] Hitagi蟹蟹: 房管别杀了，玩机器都不管弹幕喷你们的，你们也不想想
[2026-02-22 01:03:07] 用户4500726667: 房管多封几个展示官威
[2026-02-22 01:03:07] 玩机器的弟弟玩弟科: 房管多封几个展示官威
[2026-02-22 01:03:07] 好姐妹索菲亚: 有人知道re0男主名字怎么读吗🤔
[2026-02-22 01:03:07] Falcons十天老粉: 房管多封几个展示官威
[2026-02-22 01:03:07] 石家庄的宠物男孩: 房管多封几个展示官威
[2026-02-22 01:03:08] 中X千早爱音: 房管多封几个展示官威
[2026-02-22 01:03:08] Mc凉月奏酱: 房管多封几个展示官威
[2026-02-22 01:03:08] 好的好的阖家: 又有弹幕消失了😱😱
[2026-02-22 01:03:08] DB狮狒龙: 房管多封几个展示官威
[2026-02-22 01:03:08] 汤汤魔魔mmmmmmmmajor冠军: 房管多封几个展示官威
[2026-02-22 01:03:08] 残念aw: 又有弹幕消失了😱😱
[2026-02-22 01:03:08] 白皇的三千院Nagi本人: 原来玩大哥懂得怎么放权呀
[2026-02-22 01:03:08] 何必迷恋红尘: 房管多封几个展示官威
[2026-02-22 01:03:08] rlerd: 房管多封几个展示官威
[2026-02-22 01:03:08] 忽孝山庄: 房管多封几个展示官威
[2026-02-22 01:03:09] 紫淑薯: 房管多封几个展示官威
[2026-02-22 01:03:09] 率尔93994: 房管多封几个展示官威
[2026-02-22 01:03:09] RoseIia的凑友希那本人: 房管多封几个展示官威
[2026-02-22 01:03:10] 玩坤坤丶Chicken: 房管多封几个展示官威
[2026-02-22 01:03:10] Crych1c的若叶睦本人: 房管多封几个展示官威
[2026-02-22 01:03:10] 我的世界小周: 房管多封几个展示官威
[2026-02-22 01:03:10] HisuiHearts: 房管多封几个展示官威
[2026-02-22 01:03:10] Ggmftye: 房管多封几个展示官威
[2026-02-22 01:03:10] 余小c是真滴混啊: 房管多封几个展示官威
[2026-02-22 01:03:10] bzhanshenshi: 房管多封几个展示官威
[2026-02-22 01:03:11] NiKo三胎政策: 房管多封几个展示官威
[2026-02-22 01:03:11] 万载幽咽: 房管多封几个展示官威
[2026-02-22 01:03:11] 蓝月亮843: 房管多封几个展示官威
[2026-02-22 01:03:11] 锂汁lizhi: 有人知道re0男主名字怎么读吗🤔
[2026-02-22 01:03:11] 玩斯特机机: 又有弹幕消失了😱😱
[2026-02-22 01:03:11] 無茶苦茶0: @栾华：是小天指使布罗利封人的
[2026-02-22 01:03:11] hutji: 房管多封几个展示官威
[2026-02-22 01:03:11] 汽水販賣处: 房管多封几个展示官威
[2026-02-22 01:03:11] 幽夜将明: 房管多封几个展示官威
[2026-02-22 01:03:12] 海绵宝宝永琳儿: 房管多封几个展示官威
[2026-02-22 01:03:12] 玩猫娘、planecup: 又有弹幕消失了😱😱
[2026-02-22 01:03:12] 玩家军的猪头肉本人: 房管多封几个展示官威
[2026-02-22 01:03:13] 几度迎合02908: 当前房间为轮播内容，同样精彩哦~
[2026-02-22 01:03:13] Mygo的仓田真白本人: 现在都是这样的，谁拿自己当人呢
[2026-02-22 01:03:13] 丶丶Ken丶丶: 房管多封几个展示官威
[2026-02-22 01:03:13] BHBCSC: 　　　 房管多封几个展示官威
[2026-02-22 01:03:13] 海绵宝宝噶点儿: 房管多封几个展示官威
[2026-02-22 01:03:13] hRainn: 房管多封几个展示官威
[2026-02-22 01:03:13] 好哥们黑龙歼灭刀: 原来玩大哥懂得怎么放权呀
[2026-02-22 01:03:14] Star薛晨: 房管多封几个展示官威
[2026-02-22 01:03:14] Mikasa1441: 房管多封几个展示官威
[2026-02-22 01:03:14] 丹cin: 房管多封几个展示官威
[2026-02-22 01:03:14] 99组的爱城华恋本人: 又有弹幕消失了😱😱
[2026-02-22 01:03:14] 小叶月痕: 这也能黑玩处……NB😓
[2026-02-22 01:03:14] 宫监舔寒监蜡烛zao: 房管多封几个展示官威
[2026-02-22 01:03:14] donk笑虐大表猪: 换完黄
[2026-02-22 01:03:14] 大哥心里慌: 房管多封几个展示官威
[2026-02-22 01:03:15] 皇家流沙包: 又有弹幕消失了😱😱
[2026-02-22 01:03:15] 愿良辰美景: 又有弹幕消失了😱😱
[2026-02-22 01:03:15] 妖刀几月雨: 房管多封几个展示官威
[2026-02-22 01:03:15] 玩设备丶dev1ce: 房管多封几个展示官威
[2026-02-22 01:03:15] 我木JJ怕个锤子: 房管多封几个展示官威
[2026-02-22 01:03:15] 爱看6657的玩小将: 房管多封几个展示官威
[2026-02-22 01:03:15] Rinnow: 又有弹幕消失了😱😱
[2026-02-22 01:03:16] 薯薯在孩孩洞洞刘农: @房管：换玩房！？
[2026-02-22 01:03:16] 小叶月痕: 这也能黑玩处……NB😓.
[2026-02-22 01:03:16] surelik: 666
[2026-02-22 01:03:16] 玩机爸、dev1CE: 　　　 房管多封几个展示官威
[2026-02-22 01:03:16] NJU的cdz本人: 　　　 房管多封几个展示官威
[2026-02-22 01:03:17] yATO526: 房管多封几个展示官威
[2026-02-22 01:03:17] jsir6688: 房管多封几个展示官威
[2026-02-22 01:03:17] 凿空156: 房管多封几个展示官威
[2026-02-22 01:03:17] 玩斯特出出6657: 又有弹幕消失了😱😱
[2026-02-22 01:03:17] leervon: 　　　 房管多封几个展示官威
[2026-02-22 01:03:18] 街边的辅助君: 房管多封几个展示官威
[2026-02-22 01:03:18] Ralmnstr: @椰汁糕冬瓜强：没事兄弟们，强哥这里随便刷
[2026-02-22 01:03:18] RGsdfbf: 房管多封几个展示官威
[2026-02-22 01:03:18] 南小鸡丶advent: 又开始巩固爱汤人设了
[2026-02-22 01:03:18] 淡然夏末的温存11:     房管多封几个展示官威
[2026-02-22 01:03:18] 飘然小牧: 　　　 房管多封几个展示官威
[2026-02-22 01:03:18] gfe20010: 房管多封几个展示官威desuwa
[2026-02-22 01:03:18] 玩呆毛、A1triaa: 又开始巩固爱汤人设了
[2026-02-22 01:03:19] 草原羊村喜哥: 房管多封几个展示官威
[2026-02-22 01:03:19] 1039210: 哪里有压迫哪里就有反抗 房管你继续封
[2026-02-22 01:03:19] 安分小已的小青春: 原来玩大哥懂得怎么放权呀
[2026-02-22 01:03:19] 好哥们黑龙歼灭刀: 房管多封几个展示官威
[2026-02-22 01:03:19] AA337sdjl: 房管多封几个展示官威
[2026-02-22 01:03:19] 雨台ty: 房管多封几个展示官威
[2026-02-22 01:03:20] Usogu1: 房管多封几个展示官威
[2026-02-22 01:03:20] Aleksumimi: 　　　 房管多封几个展示官威
[2026-02-22 01:03:20] Phoenixzsc: 房管多封几个展示官威
[2026-02-22 01:03:20] 舞台剧魔神长期术士: 兄弟们我感觉我今天状态不是很好啊，我今天状态非常不好啊，我感觉我应该，唉，我要不，我去调整一下心情吧
[2026-02-22 01:03:20] 用户4312738955: 房管多封几个展示官威
[2026-02-22 01:03:20] 帕金森患者Z: 房管多封几个展示官威
[2026-02-22 01:03:21] 帅气的小山楂: 又有弹幕消失了😱😱
[2026-02-22 01:03:21] 寂静世界876: 大家千万不要去直播间攻击布罗利啊，布罗利真能看到你的攻击
[2026-02-22 01:03:21] 飞泉丶丶: 房管多封几个展示官威
[2026-02-22 01:03:21] 落叶悠哉落: 房管多封几个展示官威
[2026-02-22 01:03:21] 544165宝宝好好看吧: 玩大哥我拿到压岁钱了，怎么给你送礼物啊
[2026-02-22 01:03:21] oblivionis小姐: 房管多封几个展示官威
[2026-02-22 01:03:22] 为所欲为丶中二林: 这也能黑玩处……NB😓.
[2026-02-22 01:03:22] Subto:     房管多封几个展示官威
[2026-02-22 01:03:22] 中X千早爱音: 又有弹幕消失了😱😱
[2026-02-22 01:03:22] 两仪琴本人: [尴尬][尴尬]
[2026-02-22 01:03:22] 海安WAILOM: @椰汁糕冬瓜强：没事兄弟们，强哥这里随便刷
[2026-02-22 01:03:23] 克勞恩皮絲: [哦？]
[2026-02-22 01:03:23] 有你便是世界1: 又有弹幕消失了😱😱
[2026-02-22 01:03:23] 暴力卓司: 房管多封几个展示官威
[2026-02-22 01:03:23] 白巳津川石头人九条都: @椰汁糕冬瓜强：没事兄弟们，强哥这里随便刷
[2026-02-22 01:03:23] 妖怪之山的菅牧典本人: 房管多封几个展示官威
[2026-02-22 01:03:23] 发复古弹幕: 怀念最好的五个人：哆啦A梦，野比大雄，刚田武，源静香，siuhy
[2026-02-22 01:03:24] 狸仙人420: 又开始巩固爱汤人设了
[2026-02-22 01:03:24] 侧身闪: 房管多封几个展示官威
[2026-02-22 01:03:24] TC异天藤: 房管多封几个展示官威
[2026-02-22 01:03:24] ST骑士: 这也能黑玩处……NB😓.
[2026-02-22 01:03:24] znnoy: 给布罗利✌跪了，竟然是高贵的房管😭🧎🧎🧎给布罗利✌跪了，竟然是高贵的房管😭🧎🧎🧎
[2026-02-22 01:03:25] 皮艳羊丶: @椰汁糕冬瓜强：没事兄弟们，强哥这里随便刷
[2026-02-22 01:03:25] LEO不是LED: 又有弹幕消失了😱😱
[2026-02-22 01:03:25] 好哥们黑龙歼灭刀: 哪里有压迫哪里就有反抗 房管你继续封
[2026-02-22 01:03:25] 昌岗陈坤:     房管多封几个展示官威
[2026-02-22 01:03:26] 玩Mach1ne丶机器: 又开始巩固爱汤人设了
[2026-02-22 01:03:26] zx0810: 房管多封几个展示官威
[2026-02-22 01:03:26] 巴黎城下塞纳河l:     房管多封几个展示官威
[2026-02-22 01:03:26] 啪啪啪啪的蛋: 房管多封几个展示官威
[2026-02-22 01:03:26] Falcons的刘划墙本人: 又有弹幕消失了😱😱
[2026-02-22 01:03:27] 用户55044273: 房管多封几个展示官威
[2026-02-22 01:03:27] 玩大哥又派阴阳单了: 房管多封几个展示官威
[2026-02-22 01:03:27] AA337sdjl: 大家千万不要去直播间攻击布罗利啊，布罗利真能看到你的攻击
[2026-02-22 01:03:27] 街边的辅助君: 又有弹幕消失了😱😱
[2026-02-22 01:03:27] 李小小与虾大大: 真心求问，你们怎么知道有0.4W人被封了🥺
[2026-02-22 01:03:27] gfe20010: 给布罗利✌跪了，竟然是高贵的房管😭🧎🧎🧎给布罗利✌跪了，竟然是高贵的房管😭🧎🧎🧎de
[2026-02-22 01:03:28] 玩斯特机机: @椰汁糕冬瓜强：没事兄弟们，强哥这里随便刷
[2026-02-22 01:03:28] 冬斯特马马: 对房管投降加1
[2026-02-22 01:03:28] 毛子没有jb: 为了尼的声誉，我竟然封禁了弹幕，这样的我真是太棒了…
[2026-02-22 01:03:28] 有S冠的JackeyLove本人: 又开始巩固爱汤人设了
[2026-02-22 01:03:28] Yao丶O: @汤汤：儿子你在哪，千雨又在瞎指挥了...
[2026-02-22 01:03:28] 宇莓: 你封的这么起劲，你看弹幕骂你碗橱有替你出头吗
[2026-02-22 01:03:28] 詹詹塔塔Major冠军: 　　　 房管多封几个展示官威
[2026-02-22 01:03:28] 雪碧的Donk本人: 　　　 房管多封几个展示官威
[2026-02-22 01:03:28] 高杆西裤: @Aleksumimi：　　　 房管多封几个展示官威
[2026-02-22 01:03:29] 久遠寺有珠Alice: 这也能黑玩处……NB😓.
[2026-02-22 01:03:29] 莎莉玲kiss: @椰汁糕冬瓜强：没事兄弟们，强哥这里随便刷
[2026-02-22 01:03:29] xqechris: 以色列双蛆
[2026-02-22 01:03:30] 玩机器亏内戴佳伟:     房管多封几个展示官威
[2026-02-22 01:03:30] 高举major奖杯的Niko:     房管多封几个展示官威
[2026-02-22 01:03:30] 狸仙人420: 真有房管拿自己当土皇帝了😮
[2026-02-22 01:03:30] Leonidaas66: 又开始巩固爱汤人设了
[2026-02-22 01:03:30] 薯薯在孩孩洞洞刘农: @房管：换玩房！？
[2026-02-22 01:03:30] Subto: 又开始巩固爱汤人设了
[2026-02-22 01:03:30] woca123123321: 让你开双倍你🐉吗让你开双倍你🐉吗让你开双倍你🐉吗让你开双倍你🐉吗
[2026-02-22 01:03:30] Crythic的羊宫妃那本人: 抓娃娃查看活动〉
又有弹幕消失了😱😱
[2026-02-22 01:03:30] 安露山OvO:     房管多封几个展示官威
[2026-02-22 01:03:31] 阿雨desuwa: 房管多封几个展示官威
[2026-02-22 01:03:31] Roside: 房管那么能封你让它封完呗
[2026-02-22 01:03:31] 用户353468782: @椰汁糕冬瓜强：没事兄弟们，强哥这里随便刷
[2026-02-22 01:03:31] 偷偷小看一眼:     房管多封几个展示官威
[2026-02-22 01:03:32] 神奇的181818: 房管多封几个展示官威
[2026-02-22 01:03:32] 寂静世界876: 大家千万不要去直播间攻击布罗利啊，布罗利真能看到你的攻击[给心心][给心心][给心心][给心心]
[2026-02-22 01:03:32] 好哥们黑龙歼灭刀: 大家千万不要去直播间攻击布罗利啊，布罗利真能看到你的攻击
[2026-02-22 01:03:32] 草原羊村喜哥: 房管多封几个展示官威
[2026-02-22 01:03:32] Aguerooo2: 房管多封几个展示官威
[2026-02-22 01:03:32] AA337sdjl: 给布罗利✌跪了，竟然是高贵的房管😭🧎🧎🧎给布罗利✌跪了，竟然是高贵的房管😭🧎🧎🧎
[2026-02-22 01:03:33] 若叶睦吃苦瓜: @椰汁糕冬瓜强：没事兄弟们，强哥这里随便刷
[2026-02-22 01:03:33] 推斯特zz: 昨天绿色地图加时赢的一定是我们尼尼孩孩吧
[2026-02-22 01:03:33] 剑崎梨梨花: 　　　 @椰汁糕冬瓜强：没事兄弟们，强哥这里随便刷
[2026-02-22 01:03:33] 茅野紗枝: @椰汁糕冬瓜强：没事兄弟们，强哥这里随便刷
[2026-02-22 01:03:33] 送了3年钻粉没进群: 房管都这么狂了真的官有多狂我都不敢想
[2026-02-22 01:03:33] 好哥们路飞: 　　　 房管多封几个展示官威
[2026-02-22 01:03:34] kios真绪: 又有弹幕消失了😱😱
[2026-02-22 01:03:34] Dartline: @椰汁糕冬瓜强：没事兄弟们，强哥这里随便刷
[2026-02-22 01:03:34] 寒枫曳是一头傲空的隼: 嘘🤫仔细看，贵宾数在下降
[2026-02-22 01:03:34] gggaligeigei: 又开始巩固爱汤人设了
[2026-02-22 01:03:35] 璀璨若星辰: @椰汁糕冬瓜强：没事兄弟们，强哥这里随便刷
[2026-02-22 01:03:35] 史上最伟大的波2哈3: 新🇨🇳沒有皇帝
[2026-02-22 01:03:35] 就爱吃辣咋的: 米醋
[2026-02-22 01:03:35] znnoy: 给布罗利✌跪了，竟然是高贵的房管😭🧎🧎🧎给布罗利✌跪了，竟然是高贵的房管😭🧎🧎🧎
[2026-02-22 01:03:36] 玩大哥又派阴阳单了: 大家千万不要去直播间攻击布罗利啊，布罗利真能看到你的攻击
[2026-02-22 01:03:36] AmamiyaIori: 玩大哥原来能管直播间的啊，我还以为警⚠️告⚠️刷半年是玩大哥想搞百家争鸣呢
[2026-02-22 01:03:36] 丸山彩Machine:     房管多封几个展示官威
[2026-02-22 01:03:36] 玩神的欢喜好有嚼劲: 大家千万不要去直播间攻击布罗利啊，布罗利真能看到你的攻击
[2026-02-22 01:03:36] 玩玩今天吃什么: 房管多封几个展示官威
[2026-02-22 01:03:36] LvvsiN: 你屏蔽词都快赶上新华词典了为什么不干脆开一百级发言？
[2026-02-22 01:03:36] 子牛旅馆: 让你开双倍你🐉吗让你开双倍你🐉吗让你开双倍你🐉吗让你开双倍你🐉吗
[2026-02-22 01:03:37] 荷兰老司机: 米处
[2026-02-22 01:03:37] 熄灭的余火: 啊
[2026-02-22 01:03:37] 静寂风: ？
[2026-02-22 01:03:38] 克勞恩皮絲: [上边耄耋][哦？]
[2026-02-22 01:03:38] xuzVan: 玩大哥这波展示了一个典故叫杯酒释兵权
[2026-02-22 01:03:38] 用户4760389455: 让你开双倍你🐉吗让你开双倍你🐉吗让你开双倍你🐉吗让你开双倍你🐉吗
[2026-02-22 01:03:38] 杂批杨么么哒: 继续封啊，^_^
[2026-02-22 01:03:38] 用户1697176:  @椰汁糕冬瓜强：没事兄弟们，强哥这里随便刷
[2026-02-22 01:03:38] himluo: gg
[2026-02-22 01:03:39] 好哥们黑龙歼灭刀: @椰汁糕冬瓜强：没事兄弟们，强哥这里随便刷
[2026-02-22 01:03:39] 中奖我是大沙雕: 爆
[2026-02-22 01:03:39] cadiaN739: 66
[2026-02-22 01:03:39] 落玉盤: desuwa
[2026-02-22 01:03:39] richardlee97: 房管都这么狂了真的官有多狂我都不敢想
[2026-02-22 01:03:39] Treacy: 罚
[2026-02-22 01:03:40] HisuiHearts: 又开始巩固爱汤人设了
[2026-02-22 01:03:40] 尼古拉刘亦博: ?
[2026-02-22 01:03:40] LvvsiN: 屏幕中间弹幕这么狂？站那不走了还剧透分，你当你是主办方？？
[2026-02-22 01:03:41] 爱斯忑音音: gg
[2026-02-22 01:03:41] Crythic的羊宫妃那本人: @椰汁糕冬瓜强：没事兄弟们，强哥这里随便刷
[2026-02-22 01:03:41] 无刘海美女: 全部造了
[2026-02-22 01:03:41] 河北雨姐: 卧槽
[2026-02-22 01:03:41] 哦可喜欢我: 弹幕使劲刷吧，等会100T输了你看碗橱怎么登山的吧😁
[2026-02-22 01:03:41] Killajoy: 罚
[2026-02-22 01:03:41] AA337sdjl: 房管那么能封你让它封完呗
[2026-02-22 01:03:41] 不知名贝斯手: 罚
[2026-02-22 01:03:41] 娶不到相羽爱奈:  @椰汁糕冬瓜强：没事兄弟们，强哥这里随便刷
[2026-02-22 01:03:41] 玩斯特机机: 公式化兵败如山倒
[2026-02-22 01:03:41] Seawzx: ？？？
[2026-02-22 01:03:41] djklyk: gg
[2026-02-22 01:03:41] 玩台钳丶阿尔托莉雅: 弹幕别跟房管较劲了，你们会消失的😭
[2026-02-22 01:03:42] 丸山彩Machine: 让你开双倍你🐉吗让你开双倍你🐉吗让你开双倍你🐉吗让你开双倍你🐉吗
[2026-02-22 01:03:42] 奇宋大掰: gg
[2026-02-22 01:03:42] 正经猪头肉: 数值
[2026-02-22 01:03:42] 机器机器祝你天天开心: ？
[2026-02-22 01:03:42] 芝士雪豹郎: 房管多封几个展示官威
[2026-02-22 01:03:42] 烟雨平生west: 老子爆大米上的房管，能让你们一元粉丝牌的杀了？👿👿👿
[2026-02-22 01:03:42] kios真绪: gg
[2026-02-22 01:03:42] Aysell:  @椰汁糕冬瓜强：没事兄弟们，强哥这里随便刷
[2026-02-22 01:03:42] 小蜜蜂的长期素食本人: 兵败如山倒desuwa
[2026-02-22 01:03:42] 秋叶恋心丶: 玩大哥这波展示了一个典故叫杯酒释兵权
[2026-02-22 01:03:43] 芜湖行政处处长赵健兴: 玩大哥为了米要发动玩小将造饭了
[2026-02-22 01:03:43] 岛田王师傅: 兵败如山倒desuwa
[2026-02-22 01:03:43] Cr1msn: 罚
[2026-02-22 01:03:43] Zagreu5: 逗逗你的呀
[2026-02-22 01:03:43] 好哥们韩信: 你们都在开玩笑，只有我大号是真被房管360了😅。。。
[2026-02-22 01:03:43] 玉米卧槽: ？
[2026-02-22 01:03:43] 穿甲狗: 握草
[2026-02-22 01:03:44] koleer: 罚
[2026-02-22 01:03:44] 中野家的三玖丈夫本人: 兵败如山倒吗
[2026-02-22 01:03:44] 玩弓箭、Arrow: 没有人类了
[2026-02-22 01:03:44] 玩老鼠丶Roxy: 罚
[2026-02-22 01:03:44] 正经猪头肉: 数值了
[2026-02-22 01:03:44] 黎那汐塔top2尤诺: 全部造了
[2026-02-22 01:03:44] 稗田牢求: PV影业
[2026-02-22 01:03:44] 槑皆是遗憾: 真正想肘的人，只是挑了个风和日丽的下午，坐上最常坐的直升飞机，就再也没回来过
[2026-02-22 01:03:45] 99组的爱城华恋本人: 罚
[2026-02-22 01:03:45] AA337sdjl: @椰汁糕冬瓜强：没事兄弟们，强哥这里随便刷
[2026-02-22 01:03:45] 热爱学习的孟某人: 😭兵败如山倒了😭兵败如山倒了😭兵败如山倒了😭兵败如山倒了😭兵败如山倒了😭兵败如山倒了😭
[2026-02-22 01:03:45] 玩斯特机机: 公式化兵败如山倒
[2026-02-22 01:03:45] HisuiHearts: 房管都这么狂了真的官有多狂我都不敢想
[2026-02-22 01:03:45] al9527: 兵败如山倒
[2026-02-22 01:03:46] 马加奇的哥哥马加绝: @椰子糕冬瓜强：我直播间房管不封人，来我这刷
[2026-02-22 01:03:46] RabbitRay: 肌肉
[2026-02-22 01:03:46] 哈基鹅大王: @椰汁糕冬瓜强：没事兄弟们，强哥这里随便刷
[2026-02-22 01:03:46] 王佰柒柒: 嘘🤫仔细看，贵宾数在下降
[2026-02-22 01:03:46] 水球碳酸饮料:  @椰汁糕冬瓜强：没事兄弟们，强哥这里随便刷
[2026-02-22 01:03:46] 晨风凌云21146: 终于结束了😫终于结束了😫终于结束了😫终于结束了😫终于结束了😫
[2026-02-22 01:03:47] 马楼King张三: 罪全杀了
[2026-02-22 01:03:47] 我不是玩父: 复刻图一？
[2026-02-22 01:03:47] BleksiA: GG
[2026-02-22 01:03:47] 99组的露崎真昼本人: 导播？
[2026-02-22 01:03:47] SaberMax丶: youmeics
[2026-02-22 01:03:47] 啦啦啦唱歌真好听呀: 弹幕别跟房管较劲了，你们会消失的😭
[2026-02-22 01:03:48] Haytham梓: 罚
[2026-02-22 01:03:48] 玉米卧槽: @椰汁糕冬瓜强：没事兄弟们，强哥这里随便刷
[2026-02-22 01:03:48] AA337sdjl: 继续封啊，^_^
[2026-02-22 01:03:48] 野猪家猪: 大分收
[2026-02-22 01:03:48] ozvhn: 化了
[2026-02-22 01:03:48] 何嘉凯666:  1
[2026-02-22 01:03:48] 九幽神雀v: 房管那么能封你让它封完呗
[2026-02-22 01:03:49] hRainn: @椰汁糕冬瓜强：没事兄弟们，强哥这里随便刷
[2026-02-22 01:03:49] 铃木佳奈助:     房管多封几个展示官威
[2026-02-22 01:03:49] 某个冬瓜皮: [上边耄耋][哦？]
[2026-02-22 01:03:49] Laila丶丶: 全部造了
[2026-02-22 01:03:49] 网友阿草: 米醋像区
[2026-02-22 01:03:49] 文知名不具: 罚
[2026-02-22 01:03:49] 空想之名: 罚
[2026-02-22 01:03:49] 猎魔人莫德凯撒: 兵败如山倒了😭兵败如山倒了😭兵败如山倒了
[2026-02-22 01:03:50] 一只不吃猫的耗子: 房管多封几个展示官微
[2026-02-22 01:03:50] kkyon: 兵败如山倒desuwa
[2026-02-22 01:03:50] 時玳目艮汨: 罚
[2026-02-22 01:03:50] wedd1ddeJodd: @椰汁糕冬瓜强：没事兄弟们，强哥这里随便刷
[2026-02-22 01:03:50] 秋茶小雪: 这么准吗
[2026-02-22 01:03:50] 艺术冰霜: 嘘🤫仔细看，贵宾数在下降
[2026-02-22 01:03:50] 大逸子: 天将
[2026-02-22 01:03:50] 千百度897: 兵败如山倒吗
[2026-02-22 01:03:51] 華之君: PV影业
[2026-02-22 01:03:51] AA337sdjl: 房管都这么狂了真的官有多狂我都不敢想
[2026-02-22 01:03:51] 马茹打得好: 泄露
[2026-02-22 01:03:51] 凝视深渊丶玩叽叽: 玩大哥为了米要发动玩小将造饭了
[2026-02-22 01:03:51] Jnsjx979: PV影业
[2026-02-22 01:03:51] 吾妻大力: 罚
[2026-02-22 01:03:51] 折纸的老公: 兵败如山倒desuwa
[2026-02-22 01:03:52] 土俗火焰: 罚
[2026-02-22 01:03:52] 八苦大师: 房管都这么狂了真的官有多狂我都不敢想
[2026-02-22 01:03:52] 用户5347951022: 罚
[2026-02-22 01:03:52] 匿名柠檬cccc: 跟上半场剧情一样啊，守7分就开始崩了
[2026-02-22 01:03:52] 玩台钳丶阿尔托莉雅: 弹幕别跟房管较劲了，你们会消失的😭
[2026-02-22 01:03:52] 一个等猪人: desuwa
[2026-02-22 01:03:53] 欧内的手丨好汉: A点4条区
[2026-02-22 01:03:53] Vurtne: 罚！
[2026-02-22 01:03:53] 听风丶随来: 兵败如山倒desuwa
[2026-02-22 01:03:53] 玩斯特机机: 罚
[2026-02-22 01:03:53] Abramwow: 罚
[2026-02-22 01:03:53] 辣辣米米辣辣: 化了
[2026-02-22 01:03:53] 淡然夏末的温存11: 房管那么能封你让它封完呗
[2026-02-22 01:03:54] 罗山路的光: @椰汁糕冬瓜强：没事兄弟们，强哥这里随便刷
[2026-02-22 01:03:54] myGo的anon: 兵败如山倒desuwa
[2026-02-22 01:03:54] 玩斯特出出6657: 罚
[2026-02-22 01:03:54] 艾琉诺拉E: 罚
[2026-02-22 01:03:54] FAZE的椎名立希本人: 罚
[2026-02-22 01:03:54] 胡比大兔180: @椰汁糕冬瓜强：没事兄弟们，强哥这里随便刷
[2026-02-22 01:03:54] 三零一路公交司机: 罚
[2026-02-22 01:03:54] 文西67: 兵败如山倒desuwa
[2026-02-22 01:03:55] 星炬学院朽叶千咲本人: 房管都这么狂了真的官有多狂我都不敢想
[2026-02-22 01:03:55] 水球碳酸饮料: @椰汁糕冬瓜强：没事兄弟们，强哥这里随便刷
[2026-02-22 01:03:55] 闸北第一solo: 罚
[2026-02-22 01:03:55] yechen512: 这枪好马
[2026-02-22 01:03:55] 玉米卧槽: 弹幕别跟房管较劲了，你们会消失的😭
[2026-02-22 01:03:55] A队的m0rtis本人: 罚
[2026-02-22 01:03:55] Crythic的羊宫妃那本人: 抓娃娃查看活动〉
罚
[2026-02-22 01:03:55] 紫紫紫彧: 罚
[2026-02-22 01:03:56] 嘿yuMe: 没钱了
[2026-02-22 01:03:56] 无刘海美女: 罚
[2026-02-22 01:03:56] lonhkfd: 继续封啊，^_^
[2026-02-22 01:03:56] 咸鱼红茶: 罚
[2026-02-22 01:03:56] DB狮狒龙: 罚
[2026-02-22 01:03:57] always铁棍民: pv牛逼
[2026-02-22 01:03:57] Kylinzzzzzzzz: 罚
[2026-02-22 01:03:57] 星海羽弦: 罚
[2026-02-22 01:03:57] ahhhhhhhhhhhhhhhhhhh: 重防这给破了
[2026-02-22 01:03:57] 木林森969585: 弹幕别跟房管较劲了，你们会消失的😭
[2026-02-22 01:03:58] insod: 大分收
[2026-02-22 01:03:58] DONK的小驴蹄子: 天罚
[2026-02-22 01:03:58] 一不小心丶就丶: 粘母的比赛，没有那么简单
[2026-02-22 01:03:58] 東郷美森是勇者: 真正想肘的人，只是挑了个风和日丽的下午，坐上最常坐的直升飞机，就再也没回来过
[2026-02-22 01:03:58] csdesperado: 太能罚了
[2026-02-22 01:03:58] Ecifircas: 罚
[2026-02-22 01:03:58] 我是一个医保卡: 罚
[2026-02-22 01:03:59] Fywoo259: 老子爆大米上的房管，能让你们一元粉丝牌的杀了？👿👿👿
[2026-02-22 01:03:59] ma0yu: 罚
[2026-02-22 01:03:59] 用户5608006019: 融化
[2026-02-22 01:03:59] 好哥们黑龙歼灭刀: @椰汁糕冬瓜强：没事兄弟们，强哥这里随便刷
[2026-02-22 01:03:59] 为了发弹幕买了个号: 不喜欢看弹幕你就把他们365！窝草直播间没有贵宾了😰
[2026-02-22 01:03:59] 送不起火箭我送张办卡: @椰汁糕冬瓜强：没事兄弟们，强哥这里随便刷
[2026-02-22 01:03:59] Avem1337: @粘母：听好了，我们可以输，可以赢，可以送，也可以猛，但是比分一定要粘，收到+①
[2026-02-22 01:04:00] Hitagi蟹蟹: 弹幕别跟房管较劲了，你们会消失的😭
[2026-02-22 01:04:00] FnticFlusha: 大分
[2026-02-22 01:04:00] 牢大与直升机成功和解: 罚
[2026-02-22 01:04:00] PKURoger: 罚
[2026-02-22 01:04:00] 人活着就是为了玩乐队: PV影业
[2026-02-22 01:04:00] 最後的奥特曼: 罪与罚
[2026-02-22 01:04:00] desuwa的丰川祥子本人: 罚
[2026-02-22 01:04:01] 红星的二阶堂SH1RO本人: 罚
[2026-02-22 01:04:01] SDSF004: 不搞指挥了，开始上枪法了
[2026-02-22 01:04:01] 5555555喔: 房管都这么狂了真的官有多狂我都不敢想
[2026-02-22 01:04:01] 传奇贝斯手长崎素世: 弹幕别跟房管较劲了，你们会消失的😭
[2026-02-22 01:04:01] f0rest灬: 全部罚了
[2026-02-22 01:04:01] 米44444达: 房管都这么狂了真的官有多狂我都不敢想
[2026-02-22 01:04:01] 墨西哥之狼: 导播一个没切到 导播一个没切到 导播一个没切到 导播一个没切到 导播一个没切到 导播一个没切到 导播
[2026-02-22 01:04:02] 感觉不如曼联: @椰汁糕冬瓜强：没事兄弟们，强哥这里随便刷
[2026-02-22 01:04:02] Saiki559: @椰汁糕冬瓜强：没事兄弟们，强哥这里随便刷
[2026-02-22 01:04:02] 玩机器是2设备是8: @椰汁糕冬瓜强：没事兄弟们，强哥这里随便刷
[2026-02-22 01:04:02] 草莓冰酪: 太能罚了
[2026-02-22 01:04:02] Faze的软糯小箱本人: 罚
[2026-02-22 01:04:02] Gverense: @房管布罗利：草！全部封掉！刚刚骂我的人呢？说话！
[2026-02-22 01:04:03] 用户3661578: 包点两个直接被秒
[2026-02-22 01:04:03] lonhkfd: 弹幕别跟房管较劲了，你们会消失的😭
[2026-02-22 01:04:03] oo起个啥名好呢: 罚
[2026-02-22 01:04:03] 真的没排面: +++++++++
[2026-02-22 01:04:03] 菅原小吉: 玉帝的天罚
[2026-02-22 01:04:03] 鲜血与暗影铸造的家伙: 没钱了
[2026-02-22 01:04:03] PAX7654: PV影业
[2026-02-22 01:04:04] 手撕寿司: 兵败如山倒
[2026-02-22 01:04:04] L0ost: 大分收
[2026-02-22 01:04:04] 好兄弟荷鲁斯: 弹幕别跟房管较劲了，你们会消失的😭
[2026-02-22 01:04:04] 玩台钳丶阿尔托莉雅: 弹幕别跟房管较劲了，你们会消失的😭
[2026-02-22 01:04:04] SaberMax丶: 全部造了
[2026-02-22 01:04:04] ReTMag: torzsi time
[2026-02-22 01:04:05] 好哥们穿谱: @椰汁糕冬瓜强：没事兄弟们，强哥这里随便刷
[2026-02-22 01:04:05] 我是一发精致的影压: 弹幕别跟房管较劲了，你们会消失的😭
[2026-02-22 01:04:05] 快乐瘦宅892: 弹幕别跟房管较劲了，你们会消失的😭
[2026-02-22 01:04:05] 有S冠的JackeyLove本人: @椰汁糕冬瓜强：没事兄弟们，强哥这里随便刷
[2026-02-22 01:04:05] 缪斯的南小鸟本人: 托go了
[2026-02-22 01:04:06] 玩玩QUQUMajor冠军: 🚽：来嘛…拉嘛…🚽：来嘛…拉嘛…🚽：来嘛…拉嘛…🚽：来嘛…拉嘛…
[2026-02-22 01:04:06] 锅里的粽子233: 拖 够
[2026-02-22 01:04:06] 玉米卧槽: 弹幕好多弹幕在飘。。。
[2026-02-22 01:04:06] 单推折纸11年: 弹幕别跟房管较劲了，你们会消失的😭
[2026-02-22 01:04:06] 电脑玩家猴仙人: 弹幕别跟房管较劲了，你们会消失的😭
[2026-02-22 01:04:06] MJ猪猪呀: 罚
[2026-02-22 01:04:06] 玩坤坤丶Chicken: 弹幕别跟房管较劲了，你们会消失的😭
[2026-02-22 01:04:07] 101010110101010: @椰汁糕冬瓜强：没事兄弟们，强哥这里随便刷
[2026-02-22 01:04:07] 森林与雁: 贵宾数爆 了！贵宾数爆 了！贵宾数爆 了！贵宾数爆 了！
[2026-02-22 01:04:07] 用户247509865: 弹幕别跟房管较劲了，你们会消失的😭
[2026-02-22 01:04:07] Lakers的kobe本人: @椰汁糕冬瓜强：没事兄弟们，强哥这里随便刷
[2026-02-22 01:04:07] NAVI的Pdf苯人: 罚
[2026-02-22 01:04:07] 白皇的三千院Nagi本人: 弹幕别跟房管较劲了，你们会消失的😭
[2026-02-22 01:04:07] 大家要幸福呀: 弹幕别跟房管较劲了，你们会消失的😭
[2026-02-22 01:04:08] A1report: @椰汁糕冬瓜强：没事兄弟们，强哥这里随便刷
[2026-02-22 01:04:08] bing57330971: 罚！
[2026-02-22 01:04:08] 好的好的阖家: 老子爆大米上的房管，能让你们一元粉丝牌的杀了？👿👿👿
[2026-02-22 01:04:08] 一个等猪人: @椰汁糕冬瓜强：没事兄弟们，强哥这里随便刷
[2026-02-22 01:04:08] 一缕清风为誰现: 房管都这么狂了真的官有多狂我都不敢想
[2026-02-22 01:04:08] 夹断修电脑感动到了: @椰汁糕冬瓜强：没事兄弟们，强哥这里随便刷
[2026-02-22 01:04:08] 虹薼: 弹幕别跟房管较劲了，你们会消失的😭
[2026-02-22 01:04:09] RRReo1: 弹幕别跟房管较劲了，你们会消失的😭
[2026-02-22 01:04:09] 丨Connor: 没有大米了
[2026-02-22 01:04:09] LvvsiN: 额，拿亚军我都会，拿亚军，拿季军，拿四强，拿八强，拿十六强，呃拿冠军我不会，然后小组赛淘汰
[2026-02-22 01:04:09] BleksiA: +++++++++++++++++++++++++
[2026-02-22 01:04:09] coldsura: 亚历山大脸色一沉：碗橱他真这么说了？
[2026-02-22 01:04:09] 忽孝山庄: @房管布罗利：草！全部封掉！刚刚骂我的人呢？说话！
[2026-02-22 01:04:10] UFO233: 房管都这么狂了真的官有多狂我都不敢想
[2026-02-22 01:04:10] 我知道的一点也不多: PV影业
[2026-02-22 01:04:10] fairy星痕: 房管都这么狂了真的官有多狂我都不敢想
[2026-02-22 01:04:10] DONK的小驴蹄子: 罪与罚
[2026-02-22 01:04:10] 大姜饼: 弹幕别跟房管较劲了，你们会消失的😭
[2026-02-22 01:04:10] 寂静世界876: 大家千万不要去直播间攻击布罗利啊，布罗利真能看到你的攻击
[2026-02-22 01:04:11] 南浅421: 弹幕别跟房管较劲了，你们会消失的😭
[2026-02-22 01:04:11] 老子就是爱丽丝: 房管都这么狂了真的官有多狂我都不敢想
[2026-02-22 01:04:11] 房同学19554: 我看这小蜜蜂危险了
[2026-02-22 01:04:11] RayZzz凡: 弹幕别跟房管较劲了，你们会消失的😭
[2026-02-22 01:04:11] 秋茶小雪: 弹幕别跟房管较劲了，你们会消失的😭
[2026-02-22 01:04:11] 用户4500726667: 弹幕别跟房管较劲了，你们会消失的😭
[2026-02-22 01:04:11] 魔法少女若叶睦: 真正想肘的人，只是挑了个风和日丽的下午，坐上最常坐的直升飞机，就再也没回来过
[2026-02-22 01:04:12] 猫雷LKD牌织布机: 弹幕别跟房管较劲了，你们会消失的😭
[2026-02-22 01:04:12] Thatsgood961: @椰汁糕冬瓜强：没事兄弟们，强哥这里随便刷
[2026-02-22 01:04:12] 九条都M1YaKo: 拖 够
[2026-02-22 01:04:12] 无刘海美女: 弹幕别跟房管较劲了，你们会消失的😭
[2026-02-22 01:04:12] Saiki559: 弹幕别跟房管较劲了，你们会消失的😭
[2026-02-22 01:04:12] 铃木佳奈助: 弹幕别跟房管较劲了，你们会消失的😭
[2026-02-22 01:04:13] monster7468: 尿裤了
[2026-02-22 01:04:13] 太阳神之翼神龙球体形: 弹幕别跟房管较劲了，你们会消失的😭
[2026-02-22 01:04:13] 椎名真白ii丶: 弹幕别跟房管较劲了，你们会消失的😭
[2026-02-22 01:04:13] 幽谷响子: 弹幕别跟房管较劲了，你们会消失的😭
[2026-02-22 01:04:13] P1ankton3: 禁言直播间观众也不会变少，狠狠提纯了
[2026-02-22 01:04:13] Nightmare2517: 走，我们去强哥那里刷荧光棒去
[2026-02-22 01:04:13] 玩斯特出出6657: 再见了，男小色
[2026-02-22 01:04:13] lonhkfd: @房管布罗利：草！全部封掉！刚刚骂我的人呢？说话！
[2026-02-22 01:04:13] 虹豆砸: 弹幕别跟房管较劲了，你们会消失的😭
[2026-02-22 01:04:13] 九幽神雀v: 弹幕别跟房管较劲了，你们会消失的😭
[2026-02-22 01:04:14] 空17369: 弹幕别跟房管较劲了，你们会消失的😭
[2026-02-22 01:04:14] 劲爆邱哥: 弹幕别跟房管较劲了，你们会消失的😭
[2026-02-22 01:04:14] 宫监手: 弹幕别跟房管较劲了，你们会消失的😭
[2026-02-22 01:04:14] 昌岗陈坤: 房管也是海啸吧，去年刷斯八的人一个都没封哦
[2026-02-22 01:04:14] SpectacularBid: 弹幕别跟房管较劲了，你们会消失的😭
[2026-02-22 01:04:14] 骑电瓶加油努力: @椰汁糕冬瓜强：没事兄弟们，强哥这里随便刷
[2026-02-22 01:04:14] 镜子里的潘多拉: 弹幕别跟房管较劲了，你们会消失的😭
[2026-02-22 01:04:14] 热爱学习的孟某人: 弹幕别跟房管较劲了，你们会消失的😭
[2026-02-22 01:04:15] 好哥们宇智波鼬: 弹幕别跟房管较劲了，你们会消失的😭
[2026-02-22 01:04:15] KatoM3gum1: 房管都这么狂了真的官有多狂我都不敢想
[2026-02-22 01:04:15] 万维网网网: @椰汁糕冬瓜强：没事兄弟们，强哥这里随便刷
[2026-02-22 01:04:15] 闸北第一solo: 房管都这么狂了真的官有多狂我都不敢想
[2026-02-22 01:04:15] 格拉斯蛤特: @椰汁糕冬瓜强：没事兄弟们，强哥这里随便刷
[2026-02-22 01:04:15] 黑衣小胖: 房管都这么狂了真的官有多狂我都不敢想
[2026-02-22 01:04:16] Ch1Sa-: 罚
[2026-02-22 01:04:16] 苦来兮苦的祥子本人: 房管都这么狂了真的官有多狂我都不敢想
[2026-02-22 01:04:16] 蓝月亮843: 房管都这么狂了真的官有多狂我都不敢想
[2026-02-22 01:04:16] 冯沛航: 开亲密度啊！
[2026-02-22 01:04:16] 海绵宝宝小能儿: 玩神我看现在只有一个办法解决了，登山吧！
[2026-02-22 01:04:16] 衰神177: 大家千万不要去直播间攻击布罗利啊，布罗利真能看到你的攻击
[2026-02-22 01:04:16] djklyk: 弹幕别跟房管较劲了，你们会消失的😭
[2026-02-22 01:04:16] 伦敦千早爱: 额，拿亚军我都会，拿亚军，拿季军，拿四强，拿八强，拿十六强，呃拿冠军我不会，然后小组赛淘汰
[2026-02-22 01:04:17] 丸山彩Machine: 弹幕别跟房管较劲了，你们会消失的😭
[2026-02-22 01:04:17] 玩机器的弟弟玩弟科: @椰汁糕冬瓜强：没事兄弟们，强哥这里随便刷
[2026-02-22 01:04:17] 牢大与直升机成功和解: @椰汁糕冬瓜强：没事兄弟们，强哥这里随便刷
[2026-02-22 01:04:17] 用户247509865: 弹幕别跟房管较劲了，你们会消失的😭
[2026-02-22 01:04:17] 梓川不是辛川: 弹幕别跟房管较劲了，你们会消失的😭
[2026-02-22 01:04:17] 锤爆魔丸一百次: 弹幕别跟房管较劲了，你们会消失的😭
[2026-02-22 01:04:17] 寂静世界876: 大家千万不要去直播间攻击布罗利啊，布罗利真能看到你的攻击
[2026-02-22 01:04:17] 小众宝藏玩小将: 弹幕别跟房管较劲了，你们会消失的😭
[2026-02-22 01:04:18] 葛孚雷: 弹幕别跟房管较劲了，你们会消失的😭
[2026-02-22 01:04:18] Nanopa: 弹幕别跟房管较劲了，你们会消失的😭
[2026-02-22 01:04:18] 大裂谷的登山家: 房管都这么狂了真的官有多狂我都不敢想
[2026-02-22 01:04:18] 颜舒叔叔的鼹鼠: 天使长开始了
[2026-02-22 01:04:18] 图二丶: 弹幕别跟房管较劲了，你们会消失的😭
[2026-02-22 01:04:18] 胡椒胡椒胡椒胡椒胡椒: 弹幕别跟房管较劲了，你们会消失的😭
[2026-02-22 01:04:18] pirpr: Ciallo～（∠・ω〈 )⌒★
[2026-02-22 01:04:19] Q1ed7f9c85b3bc7571: 弹幕别跟房管较劲了，你们会消失的😭
[2026-02-22 01:04:19] 猪呱呱呀: 再见了，🐭小弟👋再见了，🐭小弟👋再见了，🐭小弟👋再见了，🐭小弟👋
[2026-02-22 01:04:19] 草莓冰酪: 房管都这么狂了真的官有多狂我都不敢想
[2026-02-22 01:04:19] 闪光皮皮不吃闪: 弹幕别跟房管较劲了，你们会消失的😭
[2026-02-22 01:04:19] 熊熊真可爱啊: 弹幕别跟房管较劲了，你们会消失的😭
[2026-02-22 01:04:19] 娶不到相羽爱奈: 弹幕别跟房管较劲了，你们会消失的😭
[2026-02-22 01:04:19] 千早唐阿诺: 弹幕别跟房管较劲了，你们会消失的😭
[2026-02-22 01:04:20] 白河日和: 弹幕别跟房管较劲了，你们会消失的😭
[2026-02-22 01:04:20] 机长家的华仔: 弹幕别跟房管较劲了，你们会消失的😭
[2026-02-22 01:04:20] Buendia41394: 房管都这么狂了真的官有多狂我都不敢想
[2026-02-22 01:04:20] 半个Jayden: 房管也是海啸吧，去年刷斯八的人一个都没封哦
[2026-02-22 01:04:20] 衰神177: 大家千万不要去直播间攻击布罗利啊，布罗利真能看到你的攻击
[2026-02-22 01:04:20] 假如一切是虚幻: 房管都这么狂了真的官有多狂我都不敢想
[2026-02-22 01:04:20] 阿文射命丸文: 房管都这么狂了真的官有多狂我都不敢想
[2026-02-22 01:04:20] 失眠OuO: 弹幕别跟房管较劲了，你们会消失的😭
[2026-02-22 01:04:21] 红魔馆的蕾米莉亚本人: torzsi：托 够是什么意思
[2026-02-22 01:04:21] 你真好看XD: 弹幕别跟房管较劲了，你们会消失的😭
[2026-02-22 01:04:21] cr0wn1: @椰汁糕冬瓜强：没事兄弟们，强哥这里随便刷
[2026-02-22 01:04:21] 反方向的绪: 弹幕别跟房管较劲了，你们会消失的😭
[2026-02-22 01:04:21] 刊我秀你一脸: 房管都这么狂了真的官有多狂我都不敢想
[2026-02-22 01:04:21] 幻想WAKE: 弹幕别跟房管较劲了，你们会消失的😭
[2026-02-22 01:04:21] Aleksumimi: 房管都这么狂了真的官有多狂我都不敢想
[2026-02-22 01:04:22] 提瓦特第一突破: 弹幕别跟房管较劲了，你们会消失的😭
[2026-02-22 01:04:22] ropz的保时捷911turbos: 弹幕别跟房管较劲了，你们会消失的😭
[2026-02-22 01:04:22] 用户0685163339: 老詹骗犯规罚球了
[2026-02-22 01:04:22] gggaligeigei: 房管都这么狂了真的官有多狂我都不敢想
[2026-02-22 01:04:22] ElfSenIor: 房管也是海啸吧，去年刷斯八的人一个都没封哦
[2026-02-22 01:04:22] 幽夜将明: 弹幕别跟房管较劲了，你们会消失的😭
[2026-02-22 01:04:22] 好的好的阖家: 房管也是海啸吧，去年刷斯八的人一个都没封哦
[2026-02-22 01:04:23] LoveStoryZS: 房管都这么狂了真的官有多狂我都不敢想房管都这么狂了真的官有多狂我都不敢想
[2026-02-22 01:04:23] leervon: 发送他们房子
[2026-02-22 01:04:23] 无敌都一定会的: 弹幕别跟房管较劲了，你们会消失的😭
[2026-02-22 01:04:23] Amaziki: 房管都这么狂了真的官有多狂我都不敢想
[2026-02-22 01:04:23] 防天防地防空气: @房管布罗利：草！全部封掉！刚刚骂我的人呢？说话！
[2026-02-22 01:04:24] NJU的cdz本人: @椰汁糕冬瓜强：没事兄弟们，强哥这里随便刷
[2026-02-22 01:04:24] 踩到S猫了: @椰汁糕冬瓜强：没事兄弟们，强哥这里随便刷
[2026-02-22 01:04:24] Usogu1: 弹幕别跟房管较劲了，你们会消失的😭
[2026-02-22 01:04:24] 载物唯一GOAT: 弹幕别跟房管较劲了，你们会消失的😭
[2026-02-22 01:04:24] ayugd: 大家千万不要去直播间攻击布罗利啊，布罗利真能看到你的攻击
[2026-02-22 01:04:24] 古怪的一个人: 弹幕别跟房管较劲了，你们会消失的😭
[2026-02-22 01:04:24] 太阳神之翼神龙球体形: @椰汁糕冬瓜强：没事兄弟们，强哥这里随便刷
[2026-02-22 01:04:24] Cloud乐在其声: 弹幕别跟房管较劲了，你们会消失的😭
[2026-02-22 01:04:24] 用户22285535: 弹幕别跟房管较劲了，你们会消失的😭
[2026-02-22 01:04:25] Faze-Maruzen: 房管都这么狂了真的官有多狂我都不敢想
[2026-02-22 01:04:25] 太行山积雪: 房管都这么狂了真的官有多狂我都不敢想
[2026-02-22 01:04:25] Saiki559: @椰汁糕冬瓜强：没事兄弟们，强哥这里随便刷
[2026-02-22 01:04:25] 好哥们黑龙歼灭刀: 房管也是海啸吧，去年刷斯八的人一个都没封哦
[2026-02-22 01:04:25] 车车载载冠军: 弹幕别跟房管较劲了，你们会消失的😭
[2026-02-22 01:04:25] 绘梨衣啊啊啊i: @椰汁糕冬瓜强：没事兄弟们，强哥这里随便刷
[2026-02-22 01:04:25] 玩斯特出出6657: 弹幕别跟房管较劲了，你们会消失的😭
[2026-02-22 01:04:26] 澤渡雫: 　　　 房管都这么狂了真的官有多狂我都不敢想
[2026-02-22 01:04:26] 高杆西裤: 弹幕别跟房管较劲了，你们会消失的😭
[2026-02-22 01:04:26] 玩斯特机机: 弹幕别跟房管较劲了，你们会消失的😭
[2026-02-22 01:04:26] 短桥窄马: 弹幕别跟房管较劲了，你们会消失的😭
[2026-02-22 01:04:26] 汤汤魔魔mmmmmmmmajor冠军: 房管都这么狂了真的官有多狂我都不敢想
[2026-02-22 01:04:26] 永远的牢大黑曼巴: 房管都这么狂了真的官有多狂我都不敢想
[2026-02-22 01:04:27] HataeTeaka: 大家千万不要去直播间攻击布罗利啊，布罗利真能看到你的攻击
[2026-02-22 01:04:27] LoveStoryZS: 房管都这么狂了真的官有多狂我都不敢想房管都这么狂了真的官有多狂我都不敢想
[2026-02-22 01:04:27] KouKouJoe: 你下播吧！就像2025-2-7蒙古对阵ef阿努比斯11-7那一分的1:20秒那样！
[2026-02-22 01:04:27] 安分小已的小青春: @椰汁糕冬瓜强：没事兄弟们，强哥这里随便刷
[2026-02-22 01:04:27] LvvsiN: 男人一生只哭十八次：niko十七次梦碎major正赛, niko梦碎里约major RMR
[2026-02-22 01:04:27] 杜王町的吉良吉影本人: 弹幕别跟房管较劲了，你们会消失的😭
[2026-02-22 01:04:28] FellOmen: 房管也是海啸吧，去年刷斯八的人一个都没封哦
[2026-02-22 01:04:28] 哔哔哔的浮光: 弹幕别跟房管较劲了，你们会消失的😭
[2026-02-22 01:04:28] bing57330971: 老詹罚球
[2026-02-22 01:04:28] Device私生女尼古拉祥子: @椰汁糕冬瓜强：没事兄弟们，强哥这里随便刷ですわだ⭐ぜ！
[2026-02-22 01:04:29] 海绵宝宝小能儿: 弹幕别跟房管较劲了，你们会消失的😭
[2026-02-22 01:04:29] Amaziki: 弹幕别跟房管较劲了，你们会消失的😭
[2026-02-22 01:04:29] 汤汤魔魔mmmmmmmmajor冠军: @椰汁糕冬瓜强：没事兄弟们，强哥这里随便刷
[2026-02-22 01:04:29] 戴神玩神感觉不如原神: 弹幕别跟房管较劲了，你们会消失的😭
[2026-02-22 01:04:29] 浊风天枢: 房管都这么狂了真的官有多狂我都不敢想
[2026-02-22 01:04:29] LvvsiN: 你这音画不同步太难受了，我都听到NIKO里约RMR晋级的欢呼了
[2026-02-22 01:04:30] LoveStoryZS: 房管都这么狂了真的官有多狂我都不敢想房管都这么狂了真的官有多狂我都不敢想
[2026-02-22 01:04:30] 爱斯坦音音: 房管也是海啸吧，去年刷斯八的人一个都没封哦
[2026-02-22 01:04:30] 邻苯二甲酸1:  @椰汁糕冬瓜强：没事兄弟们，强哥这里随便刷
[2026-02-22 01:04:30] 海安WAILOM: 走，我们去强哥那里刷荧光棒去
[2026-02-22 01:04:30] 太行山积雪: 弹幕别跟房管较劲了，你们会消失的😭
[2026-02-22 01:04:30] 雪菜偷完top偷major: 房管是处级还是厅级
[2026-02-22 01:04:30] CKxiaooo: 人类科技的曙光🗿去哪了，弹幕看的我好害怕😭
[2026-02-22 01:04:31] 正经猪头肉: 伟伟
[2026-02-22 01:04:31] 望大江东去: @椰汁糕冬瓜强：没事兄弟们，强哥这里随便刷
[2026-02-22 01:04:31] LvvsiN: 孩子们快跑，马修赫伯特来了😨卧槽你的怎么是马枪和BOT
[2026-02-22 01:04:31] 网友阿草: hide
[2026-02-22 01:04:32] 应感激忠心的伴侣: 能快点结束吗。。。说句难听的CS比赛除了falcons其他队有观赏性吗？
[2026-02-22 01:04:32] 书云云: 你下播吧！就像2025-2-7蒙古对阵ef阿努比斯11-7那一分的1:20秒那样！
[2026-02-22 01:04:32] djklyk: 房管也是海啸吧，去年刷斯八的人一个都没封哦
[2026-02-22 01:04:32] 小蜜蜂的长期素食本人: hide
[2026-02-22 01:04:32] 好哥们山上撤也: @椰汁糕冬瓜强：没事兄弟们，强哥这里随便刷ですわだ⭐ぜ！
[2026-02-22 01:04:32] 2442861055: 弹幕别跟房管较劲了，你们会消失的😭
[2026-02-22 01:04:32] Vurtne: 伟伟
[2026-02-22 01:04:32] 蛋肠粉: @椰汁糕冬瓜强：没事兄弟们，强哥这里随便刷
[2026-02-22 01:04:32] 倾盆大rain: @🗿：装模装样添加屏蔽词无人在意你，多封几个人全世界知道你是土皇帝
[2026-02-22 01:04:33] 琉丶枫: 伟伟
[2026-02-22 01:04:33] 玩斯特机机: 伟伟
[2026-02-22 01:04:33] 久遠寺有珠Alice: 房管也是海啸吧，去年刷斯八的人一个都没封哦
[2026-02-22 01:04:33] 用户5251950267: 房管都这么狂了真的官有多狂我都不敢想
[2026-02-22 01:04:33] 玩机器的弟弟玩弟科: 房管都这么狂了真的官有多狂我都不敢想
[2026-02-22 01:04:33] 压缩vs蛮晚: 弹幕别跟房管较劲了，你们会消失的😭
[2026-02-22 01:04:33] LvvsiN: @老汤日记:丹麦总统让我静音接触白宫，这应该是我最后一次看儿子直播了，机器，我爱你...
[2026-02-22 01:04:33] 中X千早爱音: @椰汁糕冬瓜强：没事兄弟们，强哥这里随便刷
[2026-02-22 01:04:33] 开朗小栗: 弹幕别跟房管较劲了，你们会消失的😭
[2026-02-22 01:04:34] 咸鱼相惜: 房管都这么狂了真的官有多狂我都不敢想
[2026-02-22 01:04:34] LoveStoryZS: 房管都这么狂了真的官有多狂我都不敢想房管都这么狂了真的官有多狂我都不敢想
[2026-02-22 01:04:34] 寂静世界876: 大家千万不要去直播间攻击布罗利啊，布罗利真能看到你的攻击
[2026-02-22 01:04:34] 瑭珏:  @椰汁糕冬瓜强：走，我们去强哥那里刷荧光棒去
[2026-02-22 01:04:34] 用户3661578: 🐖
[2026-02-22 01:04:34] RabbitRay: 伟伟细啊
[2026-02-22 01:04:35] kyubit: @椰汁糕冬瓜强：没事兄弟们，强哥这里随便刷
[2026-02-22 01:04:35] 清风yyo: hhhh
[2026-02-22 01:04:35] 早安丿章鱼哥: 0
[2026-02-22 01:04:36] 沐风Charlie: 弹幕别跟房管较劲了，你们会消失的😭
[2026-02-22 01:04:36] 压缩vs蛮晚: @椰汁糕冬瓜强：没事兄弟们，强哥这里随便刷ですわだ⭐ぜ！
[2026-02-22 01:04:36] Laila丶丶: 哈哈哈哈
[2026-02-22 01:04:36] 好姐妹叮咚鸡: 伟伟
[2026-02-22 01:04:36] 乱七八糟chseeifl: 房管都这么狂了真的官有多狂我都不敢想
[2026-02-22 01:04:36] 我是一发精致的影压: 弹幕别跟房管较劲了，你们会消失的😭
[2026-02-22 01:04:36] 丶小恐龙丶: 伟伟
[2026-02-22 01:04:36] 瘤坤的假发: 弹幕好多鱼丸在飘
[2026-02-22 01:04:36] 海绵宝宝有希儿: 弹幕别跟房管较劲了，你们会消失的😭
[2026-02-22 01:04:36] CKxiaooo: 人类科技的曙光🗿去哪了，弹幕看的我好害怕😭
[2026-02-22 01:04:37] emm36091: 尸
[2026-02-22 01:04:37] 我感觉很膨胀: 你下播吧！就像2025-2-7蒙古对阵ef阿努比斯11-7那一分的1:20秒那样！
[2026-02-22 01:04:37] 老奇崔恩: 鱼丸在飞...
[2026-02-22 01:04:37] 伦敦千早爱: 在线榜第9名千早爱音给你送钻粉你咋不谢（11级发不了
[2026-02-22 01:04:37] 看六年黑豹没送过飞机: 房管是处级还是厅级
[2026-02-22 01:04:37] 杺毓: @椰汁糕冬瓜强：没事兄弟们，强哥这里随便刷
[2026-02-22 01:04:37] 夕ro: 伟伟
[2026-02-22 01:04:37] Turned傲雪: @椰汁糕冬瓜强：没事兄弟们，强哥这里随便刷ですわだ⭐ぜ！
[2026-02-22 01:04:38] 女武神布伦希尔德: 伟伟
[2026-02-22 01:04:38] 王佰柒柒: 弹幕别跟房管较劲了，你们会消失的😭
[2026-02-22 01:04:38] 香港分社记者: 房管也是海啸吧，去年刷斯八的人一个都没封哦
[2026-02-22 01:04:38] 巴卫: @椰汁糕冬瓜强：没事兄弟们，强哥这里随便刷ですわだ⭐ぜ！
[2026-02-22 01:04:38] simalayi: 你这音画不同步太难受了，我都听到NIKO里约RMR晋级的欢呼了
[2026-02-22 01:04:38] 马楼King张三: 哲伟
[2026-02-22 01:04:38] 葬爱K少: @老汤日记:丹麦总统让我静音接触白宫，这应该是我最后一次看儿子直播了，机器，我爱你...
[2026-02-22 01:04:39] AmagiYukiko: 房管也是海啸吧，去年刷斯八的人一个都没封哦
[2026-02-22 01:04:39] 感到快乐你就开开箱:  @椰汁糕冬瓜强：没事兄弟们，强哥这里随便刷
[2026-02-22 01:04:39] 小叶月痕: 这也能黑玩处……NB😓.
[2026-02-22 01:04:39] 九幽神雀v: @椰汁糕冬瓜强：没事兄弟们，强哥这里随便刷
[2026-02-22 01:04:39] 北宇治拳王久石奏: 看就似
[2026-02-22 01:04:40] 非屋下阿萌: 全民星推荐助力主播成长
[2026-02-22 01:04:40] Ecifircas: @椰汁糕冬瓜强：没事兄弟们，强哥这里随便刷
[2026-02-22 01:04:40] 往彳亍: 伟伟细啊
[2026-02-22 01:04:40] 闸北第一solo: 凶猛
[2026-02-22 01:04:40] 圣诞节二人组: @拖子:拖 够是什么意思？
[2026-02-22 01:04:40] 正经猪头肉: 爆
[2026-02-22 01:04:40] LoveStoryZS: 房管都这么狂了真的官有多狂我都不敢想房管都这么狂了真的官有多狂我都不敢想
[2026-02-22 01:04:40] 忘記悲傷的方法: 房管都这么狂了真的官有多狂我都不敢想
[2026-02-22 01:04:41] TieZhu丶: 这里弹幕环境太差了，还是强哥那好没弹幕
[2026-02-22 01:04:41] 玩登山丶嘟嘟嘟嘟嘟嘟: @椰汁糕冬瓜强：没事兄弟们，强哥这里随便刷ですわだ⭐ぜ！
[2026-02-22 01:04:41] 玩猫娘、planecup:  @椰汁糕冬瓜强：走，我们去强哥那里刷荧光棒去
[2026-02-22 01:04:41] 夹断修电脑感动到了:  @椰汁糕冬瓜强：走，我们去强哥那里刷荧光棒去
[2026-02-22 01:04:41] 寂静世界876:  @椰汁糕冬瓜强：没事兄弟们，强哥这里随便刷
[2026-02-22 01:04:42] 尼尼孩孩京京驴驴: 大家千万不要去直播间攻击布罗利啊，布罗利真能看到你的攻击
[2026-02-22 01:04:42] bsqqaq: 弹幕：《❗️您已被全站禁言，点击了解斗鱼阳光信用》
[2026-02-22 01:04:42] 凿空156: 能快点结束吗。。。说句难听的CS比赛除了falcons其他队有观赏性吗？
[2026-02-22 01:04:42] 哈萨克134: 房管也是海啸吧，去年刷斯八的人一个都没封哦
[2026-02-22 01:04:42] 书云云: @椰汁糕冬瓜强：没事兄弟们，强哥这里随便刷ですわだ⭐ぜ！
[2026-02-22 01:04:42] 监狱的二阶堂sh1ro本人: 怀念最好的五个人：樱羽donk，二阶堂sh1ro，泽渡Niko，冰上赫伯特，黑部奈叶汤
[2026-02-22 01:04:42] 用户1181920443: @椰汁糕冬瓜强：没事兄弟们，强哥这里随便刷
[2026-02-22 01:04:43] eda778: 弹幕别跟房管较劲了，你们会消失的😭
[2026-02-22 01:04:43] 南执i: 房管是处级还是厅级
[2026-02-22 01:04:43] 菅原小吉: 懂你意思
[2026-02-22 01:04:43] 可怜的怕怕: 哈哈哈哈哈哈哈哈哈
[2026-02-22 01:04:43] 詹詹塔塔Major冠军: @椰汁糕冬瓜强：没事兄弟们，强哥这里随便刷
[2026-02-22 01:04:43] leervon: 吁吁吁吁吁吁吁吁吁吁吁吁
[2026-02-22 01:04:43] 令月二六: 房管都这么狂了真的官有多狂我都不敢想
[2026-02-22 01:04:43] 山田凉来了:  @椰汁糕冬瓜强：走，我们去强哥那里刷荧光棒去
[2026-02-22 01:04:44] 虹彩Iridescent: @椰汁糕冬瓜强：没事兄弟们，强哥这里随便刷
[2026-02-22 01:04:44] PKURoger: 在线榜第9名千早爱音给你送钻粉你咋不谢（11级发不了
[2026-02-22 01:04:44] 瓜辣瓜: 伟伟倒霉
[2026-02-22 01:04:45] 宛平南路600号主治医生: 污~~~~~~~~~~~~~~~~~~~~~~
[2026-02-22 01:04:45] bsqqaq: 弹幕：《❗️您已被全站禁言，点击了解斗鱼阳光信用》
[2026-02-22 01:04:45] 花田妖精: 弹幕别跟房管较劲了，你们会消失的😭
[2026-02-22 01:04:45] 早安丿章鱼哥: 吁~😩👎 吁~😩👎 吁~😩👎 吁~😩👎 吁~😩👎 吁~😩👎
[2026-02-22 01:04:45] IlOoOoOoOlI: booooo
[2026-02-22 01:04:45] 寂静世界876: 大家千万不要去直播间攻击布罗利啊，布罗利真能看到你的攻击
[2026-02-22 01:04:46] 玩鸡气: 弹幕别跟房管较劲了，你们会消失的😭
[2026-02-22 01:04:46] Amaziki: @椰汁糕冬瓜强：没事兄弟们，强哥这里随便刷
[2026-02-22 01:04:46] SDSF004: 谁看谁寄是吧
[2026-02-22 01:04:46] 落玉盤:  @椰汁糕冬瓜强：走，我们去强哥那里刷荧光棒去
[2026-02-22 01:04:46] 爱钱初号机: @椰汁糕冬瓜强：没事兄弟们，强哥这里随便刷
[2026-02-22 01:04:46] LyfeBestla本人: 😩👎吁！！😩👎吁！！😩👎吁！！😩👎吁！！😩👎吁！
[2026-02-22 01:04:46] Dartline: @椰汁糕冬瓜强：走，我们去强哥那里刷荧光棒去
[2026-02-22 01:04:47] 肯德里克丶拉马尔: @椰汁糕冬瓜强：没事兄弟们，强哥这里随便刷
[2026-02-22 01:04:47] Yuuuzaki: 刁
[2026-02-22 01:04:47] 星之所在Vitality: 房管也是海啸吧，去年刷斯八的人一个都没封哦
[2026-02-22 01:04:47] NS牌洗脚水: 房管都这么狂了真的官有多狂我都不敢想房管都这么狂了真的官有多狂我都不敢想
[2026-02-22 01:04:47] 茄子巨帅冬瓜巨丑: 我感觉你今天状态不是很好啊，你今天状态非常不好啊，我感觉你应该，唉，你要不，
[2026-02-22 01:04:47] 水球碳酸饮料: 😩👎吁！！😩👎吁！！😩👎吁！！😩👎吁！！😩👎吁！！
[2026-02-22 01:04:47] 用户5059772722: 房管都这么狂了真的官有多狂我都不敢想
[2026-02-22 01:04:47] 祁丿: @椰汁糕冬瓜强：没事兄弟们，强哥这里随便刷ですわだ⭐ぜ！
[2026-02-22 01:04:48] LvvsiN: 孩子们快跑，马修赫伯特来了😨卧槽你的怎么是马枪和BOT
[2026-02-22 01:04:48] Keine7: 吁吁吁吁吁吁吁吁吁吁吁吁
[2026-02-22 01:04:48] 弱智骚年欢乐多: 查询虾哥进入major决赛次数
[2026-02-22 01:04:48] 魔法师Saber: 草!重新定义猎鹰强度!那些说猎鹰二线队的人呢
[2026-02-22 01:04:48] 玩机器的弟弟玩弟科: @椰汁糕冬瓜强：没事兄弟们，强哥这里随便刷
[2026-02-22 01:04:48] 无7441158: 弹幕不要再发了😭😭你会消失的😭😭会变成……会变成……坏人的鱼丸……😭😭
[2026-02-22 01:04:49] 想和阿飞抹茶三披: 仔细听…语气不对了…好像真快破了…🤭🤭
[2026-02-22 01:04:49] 山河jek: 　　　 怀念最好的五个人：樱羽donk，二阶堂sh1ro，泽渡Niko，冰上赫伯特，黑部奈叶汤
[2026-02-22 01:04:49] 狸仙人420: @椰汁糕冬瓜强：没事兄弟们，强哥这里随便刷
[2026-02-22 01:04:49] 冰棍晓夜: 素质最高的一集
[2026-02-22 01:04:49] 我嘴破了: @椰汁糕冬瓜强：没事兄弟们，强哥这里随便刷
[2026-02-22 01:04:49] 帕金森患者Z: @椰汁糕冬瓜强：没事兄弟们，强哥这里随便刷
[2026-02-22 01:04:49] 美食殿堂的雪菲本人: @椰汁糕冬瓜强：没事兄弟们，强哥这里随便刷ですわだ⭐ぜ！
[2026-02-22 01:04:50] 珠湿落幕: 吁~😩👎 吁~😩👎 吁~😩👎 吁~😩👎 吁~😩👎 吁~😩👎
[2026-02-22 01:04:50] DB狮狒龙: 房管是处级还是厅级
[2026-02-22 01:04:50] WEYyuki: 😩👎吁！！😩👎吁！！😩👎吁！！😩👎吁！！😩👎吁！
[2026-02-22 01:04:50] 钢镚镚镚镚镚镚镚镚镚: 我不喜欢这种警察始终赢不了的剧情，对我的世界观冲击太大了
[2026-02-22 01:04:50] 乱七八糟chseeifl: 😩👎吁！！😩👎吁！！😩👎吁！！😩👎吁！！😩👎吁！
[2026-02-22 01:04:50] liwored: 😩👎吁！！😩👎吁！！😩👎吁！！😩👎吁！！😩👎吁！！
[2026-02-22 01:04:50] 烎摩尔托市: 吁~😩👎 吁~😩👎 吁~😩👎 吁~😩👎 吁~😩👎 吁~😩👎
[2026-02-22 01:04:51] sjtu的musketeers本人: 房管也是海啸吧，去年刷斯八的人一个都没封哦
[2026-02-22 01:04:51] cyclonecreator: @椰汁糕冬瓜强：没事兄弟们，强哥这里随便刷ですわだ⭐ぜ！
[2026-02-22 01:04:51] 好哥们黑龙歼灭刀: 😩👎吁！！😩👎吁！！😩👎吁！！😩👎吁！！😩👎吁！
[2026-02-22 01:04:51] 用户9921747043: 这里弹幕环境太差了，还是强哥那好没弹幕
[2026-02-22 01:04:51] 玩斯特机机: 😩👎吁！！😩👎吁！！😩👎吁！！😩👎吁！！😩👎吁！
[2026-02-22 01:04:52] LvvsiN: 南孚一节更比六节强，也就是一节南孚比六节南孚强，六节南孚比三十六节强，三十六节比二百一十六节强
[2026-02-22 01:04:52] 天守阁信长: 房管也是海啸吧，去年刷斯八的人一个都没封哦
[2026-02-22 01:04:52] sueins: 玩机器粉丝举报都是不良弹幕，是来净化弹幕环境的，被封说明你确实发了不该发的，你应该反思而不是诋毁
[2026-02-22 01:04:52] 用户0123466560: @椰汁糕冬瓜强：没事兄弟们，强哥这里随便刷
[2026-02-22 01:04:52] broky我的GOAT: 你下播吧！就像2025-2-7蒙古对阵ef阿努比斯11-7那一分的1:20秒那样！
[2026-02-22 01:04:53] Vurtne: 哈人
[2026-02-22 01:04:53] 玩斯特出出6657: 罚
[2026-02-22 01:04:53] 石家庄的宠物男孩: @椰汁糕冬瓜强：没事兄弟们，强哥这里随便刷
[2026-02-22 01:04:53] 洛陽城里看落陽: @椰汁糕冬瓜强：走，我们去强哥那里刷荧光棒去
[2026-02-22 01:04:53] 草莓冰酪: 现在没本事登山了吧 骂你就受者
[2026-02-22 01:04:53] 仙粉美滋滋: 弹幕别跟房管较劲了，你们会消失的😭
[2026-02-22 01:04:53] bsqqaq: 弹幕：《❗️您已被全站禁言，点击了解斗鱼阳光信用》
[2026-02-22 01:04:53] Ralmnstr: 罚
[2026-02-22 01:04:53] s坑华: @椰汁糕冬瓜强：没事兄弟们，强哥这里随便刷
[2026-02-22 01:04:54] 過龍門嘴臭堂主李宇彬: @椰汁糕冬瓜强：没事兄弟们，强哥这里随便刷
[2026-02-22 01:04:54] 忘記悲傷的方法: @椰汁糕冬瓜强：没事兄弟们，强哥这里随便刷
[2026-02-22 01:04:54] 帽子的妮蔻本人: 专注看直播的人一发弹幕饭圈cs就被淹没了😅
[2026-02-22 01:04:54] wedd1ddeJodd: 本来伟伟刷了，就是玩机器不来补枪。。
[2026-02-22 01:04:55] 午时丿已到: @椰汁糕冬瓜强：没事兄弟们，强哥这里随便刷
[2026-02-22 01:04:55] 汤汤魔魔mmmmmmmmajor冠军: 房管都这么狂了真的官有多狂我都不敢想
[2026-02-22 01:04:55] 单推折纸11年: @椰汁糕冬瓜强：没事兄弟们，强哥这里随便刷
[2026-02-22 01:04:55] 蓝月亮843: 房管是处级还是厅级
[2026-02-22 01:04:55] wuyanblabla: 罚
[2026-02-22 01:04:56] 7hydrangea7: 能别责怪布罗利了么，他是被弗利萨压力了没办法的
[2026-02-22 01:04:56] 白河日和: 钻石双倍卡

拥有数量: 1个

生效时长: 1天

过期时间: 2026／02／23 20:50:
[2026-02-22 01:04:56] 龍EVOLOVE龍: @椰汁糕冬瓜强：没事兄弟们，强哥这里随便刷
[2026-02-22 01:04:56] 长泽雅美是我老婆: 嚼嚼嚼
[2026-02-22 01:04:56] simalayi: 又快又准
[2026-02-22 01:04:56] 玩鸡器的毛毛: 房管也是海啸吧，去年刷斯八的人一个都没封哦
[2026-02-22 01:04:56] 草莓冰酪: 现在没本事登山了吧 骂你就受者
[2026-02-22 01:04:56] Bai喵帕斯: @椰汁糕冬瓜强：走，我们去强哥那里刷荧光棒去
[2026-02-22 01:04:57] 书云云: 😩👎吁！！😩👎吁！！😩👎吁！！😩👎吁！！😩👎吁！
[2026-02-22 01:04:57] 最爱玩神的大鹰京: 罚！！！
[2026-02-22 01:04:57] Dartline: 仔细听…语气不对了…好像真快破了…🤭🤭
[2026-02-22 01:04:57] 朴昊龙本人: ==4==8==5==专==属==弹==幕==
[2026-02-22 01:04:57] Phoenixzsc: @椰汁糕冬瓜强：走，我们去强哥那里刷荧光棒去
[2026-02-22 01:04:57] Subto: 房管也是海啸吧，去年刷斯八的人一个都没封哦
[2026-02-22 01:04:57] 槑皆是遗憾: @椰汁糕冬瓜强：没事兄弟们，强哥这里随便刷ですわだ⭐ぜ！
[2026-02-22 01:04:57] 玩机器你好香你好香: @乱七八糟chseeifl：😩👎吁！！😩👎吁！！😩👎吁！！😩👎吁！！😩👎吁！
[2026-02-22 01:04:58] KouKouJoe: 印花丨tabseN（冠军）丨1939年卡托维兹锦标赛
[2026-02-22 01:04:58] Laila丶丶: 转
[2026-02-22 01:04:58] dark1337: 这直播间的房管还有核心价值观吗？
[2026-02-22 01:04:58] 椰奶奶椰奶奶: 这里弹幕环境太差了，还是强哥那好没弹幕
[2026-02-22 01:04:58] tssJane: @椰汁糕冬瓜强：没事兄弟们，强哥这里随便刷
[2026-02-22 01:04:58] s坑华: 😩👎吁！！😩👎吁！！😩👎吁！！😩👎吁！！😩👎吁！！
[2026-02-22 01:04:59] HaibaraAi1109: @椰汁糕冬瓜强：没事兄弟们，强哥这里随便刷
[2026-02-22 01:04:59] 苦来兮苦的祥子本人: 房管也是海啸吧，去年刷斯八的人一个都没封哦
[2026-02-22 01:04:59] 梓川不是辛川: @椰汁糕冬瓜强：没事兄弟们，强哥这里随便刷
[2026-02-22 01:04:59] 汤汤魔魔mmmmmmmmajor冠军: 房管都这么狂了真的官有多狂我都不敢想
[2026-02-22 01:04:59] 啦啦啦唱歌真好听呀: @椰汁糕冬瓜强：没事兄弟们，强哥这里随便刷
[2026-02-22 01:05:00] 芝芝爆浆麻薯: 房管也是海啸吧，去年刷斯八的人一个都没封哦
[2026-02-22 01:05:00] 土俗火焰: 罚
[2026-02-22 01:05:00] sueins: 玩机器粉丝举报都是不良弹幕，是来净化弹幕环境的，被封说明你确实发了不该发的，你应该反思而不是诋毁
[2026-02-22 01:05:00] 我肥任我肥: 房管也是海啸吧，去年刷斯八的人一个都没封哦
[2026-02-22 01:05:00] 牛头人突击手: 弹幕不要再发了😭😭你会消失的😭😭会变成……会变成……坏人的鱼丸……😭😭
[2026-02-22 01:05:01] 率尔93994: @椰汁糕冬瓜强：没事兄弟们，强哥这里随便刷
[2026-02-22 01:05:01] 愉悦王金闪闪: 弹幕别跟房管较劲了，你们会消失的😭
[2026-02-22 01:05:01] 人活着就是为了玩乐队: @椰汁糕冬瓜强：没事兄弟们，强哥这里随便刷
[2026-02-22 01:05:01] 小怪兽8692: @椰汁糕冬瓜强：没事兄弟们，强哥这里随便刷
[2026-02-22 01:05:01] 丨Connor: 房管也是海啸吧，去年刷斯八的人一个都没封哦
[2026-02-22 01:05:01] 好哥们黑龙歼灭刀: 能别责怪布罗利了么，他是被弗利萨压力了没办法的
[2026-02-22 01:05:01] 信狐神: 房管都这么狂了真的官有多狂我都不敢想
[2026-02-22 01:05:01] GlockieSs: 钻石双倍卡

拥有数量: 1个

生效时长: 1天

过期时间: 2026／02／23 20:50:
[2026-02-22 01:05:02] 星海羽弦: 我真没办法复制你们了，我三个手机号全封了，就剩这个了....
[2026-02-22 01:05:02] sjtu的musketeers本人: 房管都这么狂了真的官有多狂我都不敢想
[2026-02-22 01:05:02] 草莓冰酪: 现在没本事登山了吧 骂你就受者
[2026-02-22 01:05:02] 水球碳酸饮料: @椰汁糕冬瓜强：没事兄弟们，强哥这里随便刷
[2026-02-22 01:05:02] 安觉angle: 房管也是海啸吧，去年刷斯八的人一个都没封哦
[2026-02-22 01:05:02] 用户771016807: @椰汁糕冬瓜强：没事兄弟们，强哥这里随便刷
[2026-02-22 01:05:03] 麦当劳的藤田琴音本人: 吸附
[2026-02-22 01:05:03] 衰神177: 房管也是海啸吧，去年刷斯八的人一个都没封哦
[2026-02-22 01:05:03] BASSGOAT牛込里美: 房管也是海啸吧，去年刷斯八的人一个都没封哦
[2026-02-22 01:05:03] 不主动不拒绝不负责: 收到
[2026-02-22 01:05:03] xzc6229: 能别责怪布罗利了么，他是被弗利萨压力了没办法的
[2026-02-22 01:05:03] 这是个有趣的名字呢: 民不与官斗，😮‍💨
[2026-02-22 01:05:03] Senzu的羊: @椰汁糕冬瓜强：没事兄弟们，强哥这里随便刷ですわだ⭐ぜ！
[2026-02-22 01:05:04] cloud清: 现在没本事登山了吧 骂你就受者
[2026-02-22 01:05:04] NES丶大白白白呐: 弹幕好多鱼丸在飘...
[2026-02-22 01:05:04] 喉宝Eilf: 尼孩来到major奖杯前，小孩却突然拉住niko：前面的区域以后再来探索吧！
[2026-02-22 01:05:04] bzhanshenshi: 罚
[2026-02-22 01:05:04] 迷之少年nazo: @椰汁糕冬瓜强：走，我们去强哥那里刷荧光棒去
[2026-02-22 01:05:04] 鲜血与暗影铸造的家伙: 没大米了
[2026-02-22 01:05:05] 希望fgo越办越好: 四把房管吗居然
[2026-02-22 01:05:05] 衰神177: 房管也是海啸吧，去年刷斯八的人一个都没封哦
[2026-02-22 01:05:05] 雾之湖的琪露诺本人: 弹幕好多鱼丸在飘。。。
[2026-02-22 01:05:05] 玩机器亏内戴佳伟: @椰汁糕冬瓜强：没事兄弟们，强哥这里随便刷
[2026-02-22 01:05:06] 求奶经济研究二审不过: @Donk：你们不觉得詹皇的战术缺一个donk执行吗
[2026-02-22 01:05:06] gggaligeigei: 房管也是海啸吧，去年刷斯八的人一个都没封哦
[2026-02-22 01:05:06] 用户5608006019: @拖子:拖 够是什么意思？
[2026-02-22 01:05:06] 玩机器舔千早爱音: 1
[2026-02-22 01:05:06] 抓住肉肉啃: @椰汁糕冬瓜强：没事兄弟们，强哥这里随便刷
[2026-02-22 01:05:06] sueins: 玩机器粉丝举报都是不良弹幕，是来净化弹幕环境的，被封说明你确实发了不该发的，你应该反思而不是诋毁
[2026-02-22 01:05:07] Roman123: 房管就等于是有编制，要政审的，你们都不知道吗
[2026-02-22 01:05:07] Vitality的羽贺文乃本人: @椰汁糕冬瓜强：没事兄弟们，强哥这里随便刷
[2026-02-22 01:05:07] 教育片來一部: 抓娃娃
[2026-02-22 01:05:07] 妖刀几月雨: 　　　 玩机器粉丝举报都是不良弹幕，是来净化弹幕环境的，被封说明你确实发了不该发的，你应该反思而不是诋毁
[2026-02-22 01:05:07] 有机9菜: 😩👎吁！！😩👎吁！！😩👎吁！！😩👎吁！！😩👎吁！
[2026-02-22 01:05:07] xOcOg: 【格陵兰战报】目前大东指挥5回合，设备指挥2回合，大东指挥设备送7次，设备拿下关键击杀2个
[2026-02-22 01:05:08] wjnbsl: @椰汁糕冬瓜强：没事兄弟们，强哥这里随便刷
[2026-02-22 01:05:08] 1039210: 直播间别乱说 别害得我没厕所用
[2026-02-22 01:05:08] 吃烧烤得吃烤茄子: 白忙活
[2026-02-22 01:05:08] 一缕清风为誰现: 弹幕不要再发了😭😭你会消失的😭😭会变成……会变成……坏人的鱼丸……😭😭
[2026-02-22 01:05:08] 太行山积雪: 房管也是海啸吧，去年刷斯八的人一个都没封哦
[2026-02-22 01:05:08] 罪石牢狱的小驴本人: 收到
[2026-02-22 01:05:08] 血樱幽世: 就忙活就忙活
[2026-02-22 01:05:08] VR的灰泽螨本人: 　　　 @椰汁糕冬瓜强：没事兄弟们，强哥这里随便刷
[2026-02-22 01:05:09] 若叶睦吃苦瓜: @椰汁糕冬瓜强：没事兄弟们，强哥这里随便刷
[2026-02-22 01:05:09] 王佰柒柒: 仔细听，房管在清贵宾
[2026-02-22 01:05:09] Sleeeeeeeqz: 房管也是海啸吧，去年刷斯八的人一个都没封哦
[2026-02-22 01:05:09] 苦参醇: 弹幕好多鱼丸在飘...
[2026-02-22 01:05:10] Crythic的羊宫妃那本人: 房管也是海啸吧，去年刷斯八的人一个都没封哦
[2026-02-22 01:05:10] 闸北第一solo: 最美的cs
[2026-02-22 01:05:10] 蓝月亮843: 四把房管吗居然
[2026-02-22 01:05:10] 衰神177: 房管就等于是有编制，要政审的，你们都不知道吗
[2026-02-22 01:05:11] Kiracoon: 弹幕好多鱼丸在飘。。。
[2026-02-22 01:05:11] 高杆西裤: @丨Connor：房管也是海啸吧，去年刷斯八的人一个都没封哦
[2026-02-22 01:05:11] 玩石头Tomorin: 放大分
[2026-02-22 01:05:11] 多喝热水9点睡: 完美犯罪！载圣跟尼圣做局坑玩÷陷入自证陷阱
[2026-02-22 01:05:11] 宇莓: 玩神玩神，re0男主为什么外号叫这个啊，我们直接出击吧😤😤😤
[2026-02-22 01:05:11] 星川崎: 房管也是海啸吧，去年刷斯八的人一个都没封哦
[2026-02-22 01:05:12] 闪光皮皮不吃闪: ：没事兄弟们，强哥这里随便刷
[2026-02-22 01:05:12] gfe20010: 房管也是海啸吧，去年刷斯八的人一个都没封哦desuwa
[2026-02-22 01:05:12] Aysell: 房管今天有点忙啊，一个人都没封，估计下午才轮到
[2026-02-22 01:05:12] sueins: 玩机器粉丝举报都是不良弹幕，是来净化弹幕环境的，被封说明你确实发了不该发的，你应该反思而不是诋毁
[2026-02-22 01:05:13] 衰神177: 房管就等于是有编制，要政审的，你们都不知道吗
[2026-02-22 01:05:13] 热心好邻居: 收到
[2026-02-22 01:05:13] 静寂风: ？
[2026-02-22 01:05:13] 敲击口耐: 拖到6657你看房管怎么封吧
[2026-02-22 01:05:13] 雨天禽兽: 慢
[2026-02-22 01:05:13] x星辰GGGGGG: 房管也是海啸吧，去年刷斯八的人一个都没封哦
[2026-02-22 01:05:14] 玩神的欢喜好有嚼劲: 我支持布罗利，万一他封够多他爹就能拿major冠军呢
[2026-02-22 01:05:14] 草莓冰酪: 现在没本事登山了吧 骂你就受者
[2026-02-22 01:05:14] 疑似C9的sh1ro本人: pv这状态...季军赛猎鹰危险了啊
弹幕好多鱼丸在飘...
[2026-02-22 01:05:14] 帕金森患者Z: 房管也是海啸吧，去年刷斯八的人一个都没封哦
[2026-02-22 01:05:14] 結城希亞: 弹幕好多鱼丸在飘。。。
[2026-02-22 01:05:14] bsqqaq: 慢
[2026-02-22 01:05:15] 芜湖行政处处长赵健兴: 这布罗利快把弹幕杀光了，来个悟吉塔救一下啊
[2026-02-22 01:05:15] 沐苏牛大无需多言: 房管都这么狂了真的管有多狂我都不敢想
[2026-02-22 01:05:15] BeaNXxxX: 弹幕好多鱼丸在飘。。。
[2026-02-22 01:05:15] 汝青丝似手沙: 载德厚物心 八方来财运 分至沓来帮 前无古人狙
[2026-02-22 01:05:15] fo系老老萨满: 鱼丸有好多鱼丸在飘………
[2026-02-22 01:05:15] 玩弓箭、Arrow: 卧槽，十万贵宾，要登了
[2026-02-22 01:05:16] djklyk: 收到
[2026-02-22 01:05:16] 来捡节操: @椰汁糕冬瓜强：没事兄弟们，强哥这里随便刷
[2026-02-22 01:05:16] RyeHS: 慢
[2026-02-22 01:05:16] C9的achine6658本人: 四把房管吗居然
[2026-02-22 01:05:16] 好哥们韩信: 你们都在开玩笑，只有我大号是真被房管360了。。。
[2026-02-22 01:05:16] 沐木丶丶丶丶: 睡着了
[2026-02-22 01:05:16] 吊人日子不过了: 慢
[2026-02-22 01:05:17] 送了3年钻粉没进群: 房管也是海啸吧，去年刷斯八的人一个都没封哦
[2026-02-22 01:05:17] Senzu的羊: 房管也是海啸吧，去年刷斯八的人一个都没封哦
[2026-02-22 01:05:17] 衰神177: 拖到6657你看房管怎么封吧
[2026-02-22 01:05:17] 听风或雨: 经典13比11
[2026-02-22 01:05:18] 贰壹壹壹: 慢
[2026-02-22 01:05:18] 锂韦L1thiumWynn: 弹幕好多鱼丸在飘。。。
[2026-02-22 01:05:18] FaZe的喜多川海梦本人: 睡着了
[2026-02-22 01:05:18] fo系老老萨满: 鱼丸有好多鱼丸在飘………
[2026-02-22 01:05:18] 田所浩二114514: 完美犯罪！载圣跟尼圣做局坑玩÷陷入自证陷阱
[2026-02-22 01:05:18] 爱吃麦当当的TOMORAIN: @丨Connor：房管也是海啸吧，去年刷斯八的人一个都没封哦
[2026-02-22 01:05:18] 柳小目: @丨Connor：房管也是海啸吧，去年刷斯八的人一个都没封哦
[2026-02-22 01:05:18] 疑似C9的sh1ro本人: pv这状态...季军赛猎鹰危险了啊
弹幕好多鱼丸在飘...
[2026-02-22 01:05:19] 有舍身会这样吗: 滋滋冒油
[2026-02-22 01:05:19] 丿炮炮丶: 上帝又要进决赛了吗
[2026-02-22 01:05:19] 没虾: 慢
[2026-02-22 01:05:19] sueins: 玩机器粉丝举报都是不良弹幕，是来净化弹幕环境的，被封说明你确实发了不该发的，你应该反思而不是诋毁
[2026-02-22 01:05:20] 耶耶耶的感觉: 慢
[2026-02-22 01:05:20] csdesperado: 滋滋冒油
[2026-02-22 01:05:20] 用户02938034: 托处
[2026-02-22 01:05:20] 方舟2589: 房管也是海啸吧，去年刷斯八的人一个都没封哦
[2026-02-22 01:05:20] 疑似C9的sh1ro本人: pv这状态...季军赛猎鹰危险了啊
弹幕好多鱼丸在飘...
[2026-02-22 01:05:20] hansanboi: 闹麻了
[2026-02-22 01:05:21] 尾巴17: 弹幕好多鱼丸在飘。。。
[2026-02-22 01:05:21] 好哥们韩信: 你们都在开玩笑，只有我大号是真被房管360了。。。
[2026-02-22 01:05:21] 柴狗突击手: 房管也是海啸吧，去年刷斯八的人一个都没封哦
[2026-02-22 01:05:21] 7号晚安: 睡着了
[2026-02-22 01:05:21] 玩坤坤丶Chicken: 我支持布罗利，万一他封够多他爹就能拿major冠军呢
[2026-02-22 01:05:21] 我已同意以上条款: 还是上半场拿分拿少了
[2026-02-22 01:05:21] 糸师凛Rin: 房管都这么狂了，管这些房管的人有多狂我不敢想…
[2026-02-22 01:05:21] 一条无梦鱼: 完了，加一了个爆的，7天后见了
[2026-02-22 01:05:21] 机器机器祝你天天开心: 不疼
[2026-02-22 01:05:22] 石家庄特色猪油火锅: 不痛
[2026-02-22 01:05:22] kyubit: 房管都这么狂了真的管有多狂我都不敢想
[2026-02-22 01:05:22] 大头丸: 拖农
[2026-02-22 01:05:22] 蒂花之秀洗发水u: -81
[2026-02-22 01:05:22] SSSKOG: 拖到6657你看房管怎么封吧
[2026-02-22 01:05:22] 具像化机器:  @椰汁糕冬瓜强：没事兄弟们，强哥这里随便刷
[2026-02-22 01:05:23] 雨台ty: @丨Connor：房管也是海啸吧，去年刷斯八的人一个都没封哦
[2026-02-22 01:05:23] ropz的保时捷911turbos: 房管也是海啸吧，去年刷斯八的人一个都没封哦
[2026-02-22 01:05:23] 下划线逗号下划线叹号: 房管也是海啸吧，去年刷斯八的人一个都没封哦
[2026-02-22 01:05:23] 琦玉33的冷漠脸: 吃饱了
[2026-02-22 01:05:23] 宫监手放监: 房管也是海啸吧，去年刷斯八的人一个都没封哦
[2026-02-22 01:05:24] StellarEchoes: 防登山机制真是太香了
[2026-02-22 01:05:24] 洛卡不是菜狗: 完美犯罪！载圣跟尼圣做局坑玩÷陷入自证陷阱
[2026-02-22 01:05:24] fo系老老萨满: 鱼丸有好多鱼丸在飘………
[2026-02-22 01:05:24] 书云云: 我支持布罗利，万一他封够多他爹就能拿major冠军呢
[2026-02-22 01:05:25] 芜湖行政处处长赵健兴: 这布罗利快把弹幕杀光了，来个悟吉塔救一下啊
[2026-02-22 01:05:25] 玩台钳丶阿尔托莉雅: 这布罗利快把弹幕杀光了，来个悟吉塔救一下啊
[2026-02-22 01:05:25] Ralmnstr: 房管就等于是有编制，要政审的，你们都不知道吗
[2026-02-22 01:05:26] 汤汤魔魔mmmmmmmmajor冠军: 房管也是海啸吧，去年刷斯八的人一个都没封哦
[2026-02-22 01:05:26] 吊人日子不过了: 海参来有了
[2026-02-22 01:05:26] 寒枫曳是一头傲空的隼: 房管是海啸不是大家都知道的事吗
[2026-02-22 01:05:26] sueins: 玩机器粉丝举报都是不良弹幕，是来净化弹幕环境的，被封说明你确实发了不该发的，你应该反思而不是诋毁
[2026-02-22 01:05:26] 终初若叶睦: 房管也是海啸吧，去年刷斯八的人一个都没封哦
[2026-02-22 01:05:26] Subto: 我支持布罗利，万一他封够多他爹就能拿major冠军呢
[2026-02-22 01:05:26] LvvsiN: @老汤日记:丹麦总统让我静音接触白宫，这应该是我最后一次看儿子直播了，机器，我爱你...
[2026-02-22 01:05:26] 静寂风: ？？？？？
[2026-02-22 01:05:26] MaakiseKurisu: 弹幕好多鱼丸在飘。。。
[2026-02-22 01:05:26] 我要改名字2153: 我支持布罗利，万一他封够多他爹就能拿major冠军呢
[2026-02-22 01:05:27] gggaligeigei: 我支持布罗利，万一他封够多他爹就能拿major冠军呢
[2026-02-22 01:05:27] 梓川不是辛川: 我支持布罗利，万一他封够多他爹就能拿major冠军呢
[2026-02-22 01:05:27] 好姐們愛爾奎特: 房管也是海啸吧，去年刷斯八的人一个都没封哦
[2026-02-22 01:05:27] 好哥们韩信: 你们都在开玩笑，只有我大号是真被房管360了。。。
[2026-02-22 01:05:27] fo系老老萨满: 鱼丸有好多鱼丸在飘………
[2026-02-22 01:05:27] 波顿大虾Niko: 昨年骂中国冲塔的一个没封 闹麻了
[2026-02-22 01:05:28] 清风yyo: 你们都在开玩笑，只有我大号是真被房管360了。。。
[2026-02-22 01:05:28] 十灯江岸: 拖到6657你看房管怎么封吧
[2026-02-22 01:05:28] 姓黄小名肥仔: 完美犯罪！载圣跟尼圣做局坑玩÷陷入自证陷阱
[2026-02-22 01:05:28] LvvsiN: 孩子们快跑，马修赫伯特来了😨卧槽你的怎么是马枪和BOT
[2026-02-22 01:05:28] 好哥们山上撤也: 在线榜20号伟伟在盗播⚠在线榜20号伟伟在盗播⚠在线榜20号伟伟在盗播⚠
[2026-02-22 01:05:28] 好哥们黑龙歼灭刀: 这布罗利快把弹幕杀光了，来个悟吉塔救一下啊
[2026-02-22 01:05:29] 衰神177: 房管是海啸不是大家都知道的事吗
[2026-02-22 01:05:29] 李小小与虾大大: 60W原石
[2026-02-22 01:05:29] 鹿公爷: 房管也是海啸吧，去年刷斯八的人一个都没封哦
[2026-02-22 01:05:30] 玩海贼、mOnesy: 我支持布罗利，万一他封够多他爹就能拿major冠军呢
[2026-02-22 01:05:30] 汤汤魔魔mmmmmmmmajor冠军: 房管也是海啸吧，去年刷斯八的人一个都没封哦
[2026-02-22 01:05:30] Ｄarling: 现在没本事登山了吧 骂你就受者
[2026-02-22 01:05:30] RRReo1: 我支持布罗利，万一他封够多他爹就能拿major冠军呢
[2026-02-22 01:05:30] LvvsiN: 就tm喜欢银行业🥰银行坏账我喜欢🥰银行挤兑我还喜欢😍利率调低我也喜欢🤤老子亲烂银行业的脸😘
[2026-02-22 01:05:30] 推斯特zz: 底下的猪头都没意见你一个破房管真以为自己是主子了
[2026-02-22 01:05:31] 希望fgo越办越好: 四把房管吗居然
[2026-02-22 01:05:31] C9的玩机器马信本人: 我支持布罗利，万一他封够多他爹就能拿major冠军呢
[2026-02-22 01:05:31] fo系老老萨满: 鱼丸有好多鱼丸在飘………
[2026-02-22 01:05:31] Z伊卡洛斯Z: 我支持布罗利，万一他封够多他爹就能拿major冠军呢
[2026-02-22 01:05:31] 奥拉夫的蛋炒饭: 我支持布罗利，万一他封够多他爹就能拿major冠军呢
[2026-02-22 01:05:31] 想吃千早爱音大雷: 房管也是海啸吧，去年刷斯八的人一个都没封哦
[2026-02-22 01:05:32] 汤汤魔魔mmmmmmmmajor冠军: 房管也是海啸吧，去年刷斯八的人一个都没封哦
[2026-02-22 01:05:32] LvvsiN: 其实碗橱就是猪灵，你不拿黄金丢他他就不跟你说话
[2026-02-22 01:05:32] 倾盆大rain: @🗿：装模装样添加屏蔽词无人在意你，多封几个人全世界知道你是土皇帝
[2026-02-22 01:05:33] 寂静世界876: 喜欢加一，那这下加完一要从6657变成6658了我看[汤圆]
[2026-02-22 01:05:33] 甘织玲奈子本人: 这布罗利快把弹幕杀光了，来个悟吉塔救一下啊
[2026-02-22 01:05:33] hagase: 我支持布罗利，万一他封够多他爹就能拿major冠军呢
[2026-02-22 01:05:33] sueins: 玩机器粉丝举报都是不良弹幕，是来净化弹幕环境的，被封说明你确实发了不该发的，你应该反思而不是诋毁
[2026-02-22 01:05:34] 玩Mach1ne丶机器: 房管是海啸不是大家都知道的事吗
[2026-02-22 01:05:34] kyubit: 完美犯罪！载圣跟尼圣做局坑玩÷陷入自证陷阱
[2026-02-22 01:05:34] 好哥们黑龙歼灭刀: 我支持布罗利，万一他封够多他爹就能拿major冠军呢
[2026-02-22 01:05:34] 玩大哥我双倍呢: 这布罗利快把弹幕杀光了，来个悟吉塔救一下啊
[2026-02-22 01:05:34] 迷你世界丁真学姐1: 完美犯罪！载圣跟尼圣做局坑玩÷陷入自证陷阱
[2026-02-22 01:05:34] 白河日和: 钻石双倍卡

拥有数量: 1个

生效时长: 1天

过期时间: 2026／02／23 20:50
[2026-02-22 01:05:34] LvvsiN: 银行业😄银行业😀银行业😃银行业😁银行业😆银行业🤪银行业😝
[2026-02-22 01:05:34] 若叶睦吃苦瓜: 这布罗利快把弹幕杀光了，来个悟吉塔救一下啊
[2026-02-22 01:05:34] 汤汤魔魔mmmmmmmmajor冠军: 房管也是海啸吧，去年刷斯八的人一个都没封哦
[2026-02-22 01:05:34] fo系老老萨满: 鱼丸有好多鱼丸在飘………
[2026-02-22 01:05:35] 含泪办卡: 我支持布罗利，万一他封够多他爹就能拿major冠军呢
[2026-02-22 01:05:35] 蓝月亮843: 四把房管吗居然
[2026-02-22 01:05:36] 哈机器好胖好可爱: ctrl
[2026-02-22 01:05:36] 木空空空空空: 鱼丸有好多鱼丸在飘………
[2026-02-22 01:05:36] 姜柚恩的狗: 赶紧结束看DEViCE最后一面吧
[2026-02-22 01:05:36] LvvsiN: 其实碗橱就是猪灵，你不拿黄金丢他他就不跟你说话
[2026-02-22 01:05:36] 姓黄小名肥仔: 完美犯罪！载圣跟尼圣做局坑玩÷陷入自证陷阱
[2026-02-22 01:05:36] 汤汤魔魔mmmmmmmmajor冠军: 房管也是海啸吧，去年刷斯八的人一个都没封哦
[2026-02-22 01:05:36] 好姐們愛爾奎特: 完美犯罪！载圣跟尼圣做局坑玩÷陷入自证陷阱
[2026-02-22 01:05:36] ValleyVVV: 房管也是海啸吧，去年刷斯八的人一个都没封哦
[2026-02-22 01:05:37] 吴本伟nb: 猎鹰就没人跳拉。。
[2026-02-22 01:05:37] 毛子没有jb: 我支持布罗利，万一他封够多他爹就能拿major冠军呢
[2026-02-22 01:05:37] 大裂谷的登山家: 我支持布罗利，万一他封够多他爹就能拿major冠军呢
[2026-02-22 01:05:37] 玩斯特机机: 我支持布罗利，万一他封够多他爹就能拿major冠军呢
[2026-02-22 01:05:37] 要乐奈丶Rana: 这弹幕真是疯了，我亲眼看见有人上一秒反对数字梗下一秒刷匪八分前
[2026-02-22 01:05:37] 2332lla: 我支持布罗利，万一他封够多他爹就能拿major冠军呢
[2026-02-22 01:05:37] ZYCabbage: 60w鱼丸
[2026-02-22 01:05:38] 阿狗阿狗ii: 我支持布罗利，万一他封够多他爹就能拿major冠军呢
[2026-02-22 01:05:38] zin桀zera: 我支持布罗利，万一他封够多他爹就能拿major冠军呢
[2026-02-22 01:05:38] LvvsiN: @老汤日记:丹麦总统让我静音接触白宫，这应该是我最后一次看儿子直播了，机器，我爱你...
[2026-02-22 01:05:38] 艾琉诺拉E: 我支持布罗利，万一他封够多他爹就能拿major冠军呢
[2026-02-22 01:05:39] 闸北第一solo: 纪律
[2026-02-22 01:05:39] RoseIia的凑友希那本人: 完了，加一了个爆的，7天后见了
[2026-02-22 01:05:39] 没虾: 康出
[2026-02-22 01:05:39] 道之丶: 弹幕好多鱼丸在飘......
[2026-02-22 01:05:39] uuuuu99999: 玩机器看到弹幕疯狂喷房管笑嘻了，终于转移矛盾了
[2026-02-22 01:05:39] 蓝原延渚: 这布罗利快把弹幕杀光了，来个悟吉塔救一下啊
[2026-02-22 01:05:40] 洛陽城里看落陽: 这布罗利快把弹幕杀光了，来个悟吉塔救一下啊
[2026-02-22 01:05:40] 书云云: 我支持布罗利，万一他封够多他爹就能拿major冠军呢
[2026-02-22 01:05:40] 九幽神雀v: 我支持布罗利，万一他封够多他爹就能拿major冠军呢
[2026-02-22 01:05:40] 好姐妹八幡海铃丶: 我支持布罗利，万一他封够多他爹就能拿major冠军呢
[2026-02-22 01:05:40] jsir6688: 　　　 玩机器粉丝举报都是不良弹幕，是来净化弹幕环境的，被封说明你确实发了不该发的，你应该反思而不是
[2026-02-22 01:05:40] LvvsiN: 玩宝宝，我发现在大学上学的时候肄业会很舒服，你可以试试
[2026-02-22 01:05:41] 神马米洛: 其实碗橱就是猪灵，你不拿黄金丢他他就不跟你说话
[2026-02-22 01:05:41] 汤汤魔魔mmmmmmmmajor冠军: 房管也是海啸吧，去年刷斯八的人一个都没封哦
[2026-02-22 01:05:41] 从零开始的加拿大肄业: 我支持布罗利，万一他封够多他爹就能拿major冠军呢
[2026-02-22 01:05:41] 道之丶: 弹幕好多鱼丸在飘......
[2026-02-22 01:05:41] 衰神177: 房管是海啸不是大家都知道的事吗
[2026-02-22 01:05:41] 無茶苦茶0: @栾华：大家别骂房管了，其实这些都是小天指使她封的
[2026-02-22 01:05:41] z泽村英梨梨i: 我支持布罗利，万一他封够多他爹就能拿major冠军呢
[2026-02-22 01:05:41] 玩家军的猪头肉本人: 我支持布罗利，万一他封够多他爹就能拿major冠军呢
[2026-02-22 01:05:42] 德莉莎超可矮: 我支持布罗利，万一他封够多他爹就能拿major冠军呢
[2026-02-22 01:05:42] oO怪盗Oo: 60W原石
[2026-02-22 01:05:42] 枫哥是smddx: 要是被封了我的人生就完了😫😫😫😫
[2026-02-22 01:05:42] LvvsiN: @老汤日记:丹麦总统让我静音接触白宫，这应该是我最后一次看儿子直播了，机器，我爱你...
[2026-02-22 01:05:42] 寂静世界876: 喜欢加一，那这下加完一要从6657变成6658了我看[汤圆]
[2026-02-22 01:05:42] 舌吻陈彦川: 　　　 我支持布罗利，万一他封够多他爹就能拿major冠军呢
[2026-02-22 01:05:43] 叶樱梦: 我支持布罗利，万一他封够多他爹就能拿major冠军呢
[2026-02-22 01:05:43] 阿雨desuwa: 房管也是海啸吧，去年刷斯八的人一个都没封哦
[2026-02-22 01:05:43] 汤汤魔魔mmmmmmmmajor冠军: 房管也是海啸吧，去年刷斯八的人一个都没封哦
[2026-02-22 01:05:43] 减脂派的椎名立希本人: 玩机器粉丝举报都是不良弹幕，是来净化弹幕环境的，被封说明你确实发了不该发的，你应该反思而不是诋毁
[2026-02-22 01:05:44] 爱洛魔神仙台叶月: 完了，加一了个爆的，7天后见了
[2026-02-22 01:05:44] 好哥们韩信: 你们都在开玩笑，只有我大号是真被房管360了。。。
[2026-02-22 01:05:44] LvvsiN: 你为什么要把mαjor禁了，我收藏的一半弹幕全毁了
[2026-02-22 01:05:45] GBK丶AV: 我支持布罗利，万一他封够多他爹就能拿major冠军呢
[2026-02-22 01:05:45] sueins: 玩机器粉丝举报都是不良弹幕，是来净化弹幕环境的，被封说明你确实发了不该发的，你应该反思而不是诋毁
[2026-02-22 01:05:45] 汤汤魔魔mmmmmmmmajor冠军: 房管也是海啸吧，去年刷斯八的人一个都没封哦
[2026-02-22 01:05:46] TwistcC21: 我支持布罗利，万一他封够多他爹就能拿major冠军呢
[2026-02-22 01:05:46] 草莓冰酪: 我支持布罗利，万一他封够多他爹就能拿major冠军呢
[2026-02-22 01:05:46] Yuuuzaki: 房管土不土皇帝我不知道了
[2026-02-22 01:05:46] LvvsiN: 其实碗橱就是猪灵，你不拿黄金丢他他就不跟你说话
[2026-02-22 01:05:47] 宫城县的仙台本人: 我支持布罗利，万一他封够多他爹就能拿major冠军呢
[2026-02-22 01:05:47] 姜柚恩的狗: 赶紧结束看DEViCE最后一面吧
[2026-02-22 01:05:47] 倾盆大rain: @🗿：装模装样添加屏蔽词无人在意你，多封几个人全世界知道你是土皇帝
[2026-02-22 01:05:47] gggaligeigei: 我支持布罗利，万一他封够多他爹就能拿major冠军呢
[2026-02-22 01:05:47] 汤汤魔魔mmmmmmmmajor冠军: 房管也是海啸吧，去年刷斯八的人一个都没封哦
[2026-02-22 01:05:48] 静寂风: ？？？
[2026-02-22 01:05:48] Aysell: 玩机器粉丝举报都是不良弹幕，是来净化弹幕环境的，被封说明你确实发了不该发的，你应该反思而不是诋毁
[2026-02-22 01:05:48] 涂涂没吃饱: 玩机器看到弹幕疯狂喷房管笑嘻了，终于转移矛盾了
[2026-02-22 01:05:48] 玉米卧槽: 闹麻了
[2026-02-22 01:05:48] LvvsiN: 南孚一节更比六节强，也就是一节南孚比六节南孚强，六节南孚比三十六节强，三十六节比二百一十六节强
[2026-02-22 01:05:49] 井上坚二22: 我支持布罗利，万一他封够多他爹就能拿major冠军呢
[2026-02-22 01:05:49] 蓝月亮843: 完了，加一了个爆的，7天后见了
[2026-02-22 01:05:50] 汤汤魔魔mmmmmmmmajor冠军: 我支持布罗利，万一他封够多他爹就能拿major冠军呢
[2026-02-22 01:05:50] 发复古弹幕: 完了，加一了个爆的，7天后见了
[2026-02-22 01:05:50] MERU335251: 我支持布罗利，万一他封够多他爹就能拿major冠军呢
[2026-02-22 01:05:50] 咸鱼蕾米: 我支持布罗利，万一他封够多他爹就能拿major冠军呢
[2026-02-22 01:05:51] LvvsiN: 我提一嘴这剧情越来越像上海major了
[2026-02-22 01:05:51] 大姜饼: 房管也是海啸吧，去年刷斯八的人一个都没封哦
[2026-02-22 01:05:51] 迷你世界丁真学姐1:  @好哥们韩信：你们都在开玩笑，只有我大号是真被房管360了。。。
[2026-02-22 01:05:51] 石家庄的刘先生: 我支持布罗利，万一他封够多他爹就能拿major冠军呢
[2026-02-22 01:05:51] H1tori: 我支持布罗利，万一他封够多他爹就能拿major冠军呢
[2026-02-22 01:05:52] Crythic的羊宫妃那本人: 完了，加一了个爆的，7天后见了
[2026-02-22 01:05:52] THE贡丶: 其实碗橱就是猪灵，你不拿黄金丢他他就不跟你说话
[2026-02-22 01:05:52] 鹅地霸霸: 弹幕小心吧，真有房管封人的，封完还私信.....
[2026-02-22 01:05:52] 这个ID稳稳的: 我支持布罗利，万一他封够多他爹就能拿major冠军呢
[2026-02-22 01:05:52] 用户594678086: 我支持布罗利，万一他封够多他爹就能拿major冠军呢
[2026-02-22 01:05:52] 衰神177: 我支持布罗利，万一他封够多他爹就能拿major冠军呢
[2026-02-22 01:05:52] 佩珀军士的孤心俱乐部: 我支持布罗利，万一他封够多他爹就能拿major冠军呢
[2026-02-22 01:05:53] LvvsiN: 你为什么要把mαjor禁了，我收藏的一半弹幕全毁了
[2026-02-22 01:05:53] 福布斯最佳中文解说: 一想到弹幕这么攻击玩机器他都能挺住，但是却被🏹弹幕串破防了我就想笑😄😄😄
[2026-02-22 01:05:53] crychic的tomori本人: 房管也是海啸吧，去年刷斯八的人一个都没封哦
[2026-02-22 01:05:53] Ralmnstr: 瞬补
[2026-02-22 01:05:53] FnticFlusha: 我支持布罗利，万一他封够多他爹就能拿major冠军呢
[2026-02-22 01:05:53] 奇宋大掰: 完了，加一了个爆的，7天后见了
[2026-02-22 01:05:53] 用户2381770840: 我支持布罗利，万一他封够多他爹就能拿major冠军呢
[2026-02-22 01:05:53] 丰川留子: 我支持布罗利，万一他封够多他爹就能拿major冠军呢
[2026-02-22 01:05:53] 玩机器厦面鄙骰大: 我支持布罗利，万一他封够多他爹就能拿major冠军呢
[2026-02-22 01:05:54] 阿狗阿狗ii: 玩机器看到弹幕疯狂喷房管笑嘻了，终于转移矛盾了
[2026-02-22 01:05:54] 辣辣米米辣辣: 坏！
[2026-02-22 01:05:54] 琉丶枫: 闹麻了
[2026-02-22 01:05:54] 高渐离丶丶丶: 我支持布罗利，万一他封够多他爹就能拿major冠军呢
[2026-02-22 01:05:54] 中X千早爱音: 完了，加一了个爆的，7天后见了
[2026-02-22 01:05:54] A队的佐佐木李子本人: 玩机器看到弹幕疯狂喷房管笑嘻了，终于转移矛盾了
[2026-02-22 01:05:54] 姜柚恩的狗: 赶紧结束看DEViCE最后一面吧
[2026-02-22 01:05:54] Astralis的设备本人: 我支持布罗利，万一他封够多他爹就能拿major冠军呢
[2026-02-22 01:05:54] Falcons十天老粉: 我支持布罗利，万一他封够多他爹就能拿major冠军呢
[2026-02-22 01:05:55] LvvsiN: 你为什么要把mαjor禁了，我收藏的一半弹幕全毁了
[2026-02-22 01:05:55] Dartline: 完了，加一了个爆的，7天后见了
[2026-02-22 01:05:55] 巨型大高玩: 我支持布罗利，万一他封够多他爹就能拿major冠军呢
[2026-02-22 01:05:55] sueins: 玩机器粉丝举报都是不良弹幕，是来净化弹幕环境的，被封说明你确实发了不该发的，你应该反思而不是诋毁
[2026-02-22 01:05:55] 愿良辰美景: 完了，加一了个爆的，7天后见了
[2026-02-22 01:05:55] 蓝原延渚: 我支持布罗利，万一他封够多他爹就能拿major冠军呢
[2026-02-22 01:05:55] 丶丶Ken丶丶: 玩机器看到弹幕疯狂喷房管笑嘻了，终于转移矛盾了
[2026-02-22 01:05:55] EDG的康康本人: 我支持布罗利，万一他封够多他爹就能拿major冠军呢
[2026-02-22 01:05:56] dark1337: 我支持布罗利，万一他封够多他爹就能拿major冠军呢
[2026-02-22 01:05:56] 蓝月亮843: 我支持布罗利，万一他封够多他爹就能拿major冠军呢
[2026-02-22 01:05:56] xuzVan: 我支持布罗利，万一他封够多他爹就能拿major冠军呢
[2026-02-22 01:05:56] HazeDie1337: ?
[2026-02-22 01:05:56] 好姐妹疯穿箱子: 我支持布罗利，万一他封够多他爹就能拿major冠军呢
[2026-02-22 01:05:56] an0v0y: 完了，加一了个爆的，7天后见了
[2026-02-22 01:05:56] ayugd: 我支持布罗利，万一他封够多他爹就能拿major冠军呢
[2026-02-22 01:05:56] 劲爆邱哥: 房管也是海啸吧，去年刷斯八的人一个都没封哦
[2026-02-22 01:05:56] 我有一对电动大牛子: 我支持布罗利，万一他封够多他爹就能拿major冠军呢
[2026-02-22 01:05:56] 飘然小牧: 我支持布罗利，万一他封够多他爹就能拿major冠军呢
[2026-02-22 01:05:56] Bey123: 我支持布罗利，万一他封够多他爹就能拿major冠军呢
[2026-02-22 01:05:57] 仙粉美滋滋: 我支持布罗利，万一他封够多他爹就能拿major冠军呢
[2026-02-22 01:05:57] 海蜇c: 完了，加一了个爆的，7天后见了
[2026-02-22 01:05:57] 衰神177: 我支持布罗利，万一他封够多他爹就能拿major冠军呢
[2026-02-22 01:05:57] 白皇的三千院Nagi本人: 完了，加一了个爆的，7天后见了
[2026-02-22 01:05:57] lskyra: 　　　 我支持布罗利，万一他封够多他爹就能拿major冠军呢
[2026-02-22 01:05:57] 马楼King张三: 补枪真快
[2026-02-22 01:05:58] 章鱼先丶生: 詹密别放过他
[2026-02-22 01:05:58] 深巷里的少年与猫丿: 我支持布罗利，万一他封够多他爹就能拿major冠军呢
[2026-02-22 01:05:58] 西风misu: 我支持布罗利，万一他封够多他爹就能拿major冠军呢
[2026-02-22 01:05:58] 阿文射命丸文: 　　　 我支持布罗利，万一他封够多他爹就能拿major冠军呢
[2026-02-22 01:05:58] 湛湛0731: 完了，加一了个爆的，7天后见了
[2026-02-22 01:05:58] bzhanshenshi: 其实碗橱就是猪灵，你不拿黄金丢他他就不跟你说话
[2026-02-22 01:05:59] LvvsiN: 你为什么要把mαjor禁了，我收藏的一半弹幕全毁了
[2026-02-22 01:05:59] 这牙缝可以: 我支持布罗利，万一他封够多他爹就能拿major冠军呢
[2026-02-22 01:05:59] others的御樱稟本人: 我支持布罗利，万一他封够多他爹就能拿major冠军呢
[2026-02-22 01:05:59] 衰神177: 我支持布罗利，万一他封够多他爹就能拿major冠军呢
[2026-02-22 01:05:59] 雪菜偷完top偷major: 我支持布罗利，万一他封够多他爹就能拿major冠军呢
[2026-02-22 01:06:00] 洛陽城里看落陽: 玩机器看到弹幕疯狂喷房管笑嘻了，终于转移矛盾了
[2026-02-22 01:06:00] 乱七八糟chseeifl: 我支持布罗利，万一他封够多他爹就能拿major冠军呢
[2026-02-22 01:06:00] GODAyeon: 完了，加一了个爆的，7天后见了
[2026-02-22 01:06:00] 鹿公爷: 我支持布罗利，万一他封够多他爹就能拿major冠军呢
[2026-02-22 01:06:00] SideChannel: 完了，加一了个爆的，7天后见了
[2026-02-22 01:06:00] niivcyk: 我支持布罗利，万一他封够多他爹就能拿major冠军呢
[2026-02-22 01:06:00] 木空空空空空: 玩机器看到弹幕疯狂喷房管笑嘻了，终于转移矛盾了
[2026-02-22 01:06:00] 小鱼儿krru: 蜂美只刷得起荧光棒，难怪房管里面没人😅
[2026-02-22 01:06:01] Vitality的Zyw0o0本人: @栾华：大家别骂房管了，其实这些都是小天指使她封的
[2026-02-22 01:06:01] 听风丶随来: 完了，加一了个爆的，7天后见了
[2026-02-22 01:06:01] LOVEYUKINO: 完了，加一了个爆的，7天后见了
[2026-02-22 01:06:01] IkariyaT: 　　　 我支持布罗利，万一他封够多他爹就能拿major冠军呢
[2026-02-22 01:06:01] Cr1msn: 完了，加一了个爆的，7天后见了
[2026-02-22 01:06:01] 易池大大: 完了，加一了个爆的，7天后见了
[2026-02-22 01:06:01] 玩弓箭、Arrow: 完了，加一了个爆的，7天后见了
[2026-02-22 01:06:01] 衰神177: 我支持布罗利，万一他封够多他爹就能拿major冠军呢
[2026-02-22 01:06:02] 劲爆邱哥: 玩机器看到弹幕疯狂喷房管笑嘻了，终于转移矛盾了
[2026-02-22 01:06:02] kios真绪: 玩机器看到弹幕疯狂喷房管笑嘻了，终于转移矛盾了
[2026-02-22 01:06:02] wjnbsl: 完了，加一了个爆的，7天后见了
[2026-02-22 01:06:02] 玩道歉丶44min: 完了，加一了个爆的，7天后见了
[2026-02-22 01:06:02] TheMongolZ的上单本人: 我支持布罗利，万一他封够多他爹就能拿major冠军呢
[2026-02-22 01:06:02] A队的三角初音本人: 完了，加一了个爆的，7天后见了
[2026-02-22 01:06:03] 兴豚: 完了，加一了个爆的，7天后见了
[2026-02-22 01:06:03] 蜗牛不是牛x: 完了，加一了个爆的，7天后见了
[2026-02-22 01:06:03] 高杆西裤: 玩机器看到弹幕疯狂喷房管笑嘻了，终于转移矛盾了
[2026-02-22 01:06:03] 詹詹塔塔Major冠军: 玩机器看到弹幕疯狂喷房管笑嘻了，终于转移矛盾了
[2026-02-22 01:06:03] 清风105035: 我支持布罗利，万一他封够多他爹就能拿major冠军呢
[2026-02-22 01:06:03] 偷摸灵感菇: 完了，加一了个爆的，7天后见了
[2026-02-22 01:06:04] 寒枫曳是一头傲空的隼: 我支持布罗利，万一他封够多他爹就能拿major冠军呢
[2026-02-22 01:06:04] 椎名真白ii丶: 我支持布罗利，万一他封够多他爹就能拿major冠军呢
[2026-02-22 01:06:04] swagger5748: 我支持布罗利，万一他封够多他爹就能拿major冠军呢
[2026-02-22 01:06:04] jsir6688: 玩机器看到弹幕疯狂喷房管笑嘻了，终于转移矛盾了
[2026-02-22 01:06:04] 推斯特zz: 底下的猪头都没意见，你一个破房管也想当主子
[2026-02-22 01:06:04] 冲泉冲泉: 弹幕小心吧，真有房管封人的，封完还私信.....
[2026-02-22 01:06:05] 一生只爱常陆茉子: 完了，加一了个爆的，7天后见了
[2026-02-22 01:06:05] 雪之下零八: 赶紧结束看DEViCE最后一面吧
[2026-02-22 01:06:05] Saiki559: 你为什么要把mαjor禁了，我收藏的一半弹幕全毁了
[2026-02-22 01:06:05] cloud清: 　　　 我支持布罗利，万一他封够多他爹就能拿major冠军呢
[2026-02-22 01:06:05] 愿良辰美景: 玩机器看到弹幕疯狂喷房管笑嘻了，终于转移矛盾了
[2026-02-22 01:06:05] 啪啪啪啪的蛋: 我支持布罗利，万一他封够多他爹就能拿major冠军呢
[2026-02-22 01:06:06] 机器的玲珰彈不响: 完了，加一了个爆的，7天后见了
[2026-02-22 01:06:06] 刘亦博的机油流一脖: 我支持布罗利，万一他封够多他爹就能拿major冠军呢
[2026-02-22 01:06:06] 看pv纪录片: 我支持布罗利，万一他封够多他爹就能拿major冠军呢
[2026-02-22 01:06:06] 桂林米粉比较好吃: 我支持布罗利，万一他封够多他爹就能拿major冠军呢
[2026-02-22 01:06:06] Descury: 完了，加一了个爆的，7天后见了
[2026-02-22 01:06:06] 好哥们山上撤也: 蜂美只刷得起荧光棒，难怪房管里面没人😅
[2026-02-22 01:06:07] 小士心苟得巨: 我支持布罗利，万一他封够多他爹就能拿major冠军呢
[2026-02-22 01:06:07] 乱七八糟chseeifl: 我支持布罗利，万一他封够多他爹就能拿major冠军呢
[2026-02-22 01:06:07] 愉悦王金闪闪: 完了，加一了个爆的，7天后见了
[2026-02-22 01:06:07] 帕金森患者Z: 完了，加一了个爆的，7天后见了
[2026-02-22 01:06:07] HugeWood未发售版: 完了，加一了个爆的，7天后见了
[2026-02-22 01:06:07] 芝士秋刀鱼a: @栾华：大家别骂房管了，其实这些都是小天指使她封的
[2026-02-22 01:06:08] 玩玩今天吃什么: 完了，加一了个爆的，7天后见了
[2026-02-22 01:06:08] 我是一个医保卡: 完了，加一了个爆的，7天后见了
[2026-02-22 01:06:08] Sleeeeeeeqz: 完了，加一了个爆的，7天后见了
[2026-02-22 01:06:08] 小蜜蜂的长期素食本人: 完了，加一了个爆的，7天后见了
[2026-02-22 01:06:08] 偷哦嘘鞭贷拔: 我支持布罗利，万一他封够多他爹就能拿major冠军呢
[2026-02-22 01:06:08] 好哥们韩信: 你们都在开玩笑，只有我大号是真被房管360了。。。
[2026-02-22 01:06:08] 抓住肉肉啃: 完了，加一了个爆的，7天后见了
[2026-02-22 01:06:08] 魔法师Saber: 完了，加一了个爆的，7天后见了
[2026-02-22 01:06:08] Q1ed7f9c85b3bc7571: 完了，加一了个爆的，7天后见了
[2026-02-22 01:06:09] Saiki559: 玩机器看到弹幕疯狂喷房管笑嘻了，终于转移矛盾了
[2026-02-22 01:06:09] 中X千早爱音: 玩机器看到弹幕疯狂喷房管笑嘻了，终于转移矛盾了
[2026-02-22 01:06:09] UnplayMachine: 瓦批的一天：查看商店，练呲水枪，发收徒，质疑炸鱼，质疑开挂，寻找母瓦开黑
[2026-02-22 01:06:09] 小蜜蜂载物本人: 完了，加一了个爆的，7天后见了
[2026-02-22 01:06:09] 麦爹你遭吗: 我支持布罗利，万一他封够多他爹就能拿major冠军呢
[2026-02-22 01:06:09] 太行山积雪: 完了，加一了个爆的，7天后见了
[2026-02-22 01:06:10] 小叶月痕: 紫色别断了！😓
[2026-02-22 01:06:10] 牢大与小布丁: 我支持布罗利，万一他封够多他爹就能拿major冠军呢
[2026-02-22 01:06:10] 停云TuT: 完了，加一了个爆的，7天后见了
[2026-02-22 01:06:10] Mikasa1441: @栾华：大家别骂房管了，其实这些都是小天指使她封的
[2026-02-22 01:06:10] m1sakanet: 完了，加一了个爆的，7天后见了
[2026-02-22 01:06:10] N1Ko28: 怎么这些队都有跳拉得人
[2026-02-22 01:06:10] 好哥们黑龙歼灭刀: 我支持布罗利，万一他封够多他爹就能拿major冠军呢
[2026-02-22 01:06:11] Bey123: 完了，加一了个爆的，7天后见了
[2026-02-22 01:06:11] Mortnotz: 我支持布罗利，万一他封够多他爹就能拿major冠军呢
[2026-02-22 01:06:11] 想有心的机器人: 完了，加一了个爆的，7天后见了
[2026-02-22 01:06:11] tosaytosay: 我支持布罗利，万一他封够多他爹就能拿major冠军呢
[2026-02-22 01:06:11] 白衣过凉: 完了，加一了个爆的，7天后见了
[2026-02-22 01:06:11] 香港分社记者: 底下的猪头都没意见，你一个破房管也想当主子
[2026-02-22 01:06:12] 监狱的二阶堂sh1ro本人: 我的青春是二阶堂希罗，5次伪证，4次被关，2次回溯，开电梯门看见0个艾玛。
[2026-02-22 01:06:12] 哇啦哇啦族长: 完了，加一了个爆的，7天后见了
[2026-02-22 01:06:12] 无刺有刺乐队的486本人: 完了，加一了个爆的，7天后见了
[2026-02-22 01:06:12] Vitality的Zyw0o0本人: 完了，加一了个爆的，7天后见了
[2026-02-22 01:06:12] 幽夜将明: 完了，加一了个爆的，7天后见了
[2026-02-22 01:06:12] 安酱没有jj: 我支持布罗利，万一他封够多他爹就能拿major冠军呢
[2026-02-22 01:06:12] 不务正业127: 完了，加一了个爆的，7天后见了
[2026-02-22 01:06:12] 米浴RiceShower: 完了，加一了个爆的，7天后见了
[2026-02-22 01:06:13] 森林与雁: 蜂美只刷得起荧光棒，难怪房管里面没人😅
[2026-02-22 01:06:13] Flamingo160761: 玩机器看到弹幕疯狂喷房管笑嘻了，终于转移矛盾了
[2026-02-22 01:06:13] 用户53477423: 我支持布罗利，万一他封够多他爹就能拿major冠军呢
[2026-02-22 01:06:13] 刘亦博的机油流一脖: 我支持布罗利，万一他封够多他爹就能拿major冠军呢
[2026-02-22 01:06:13] 蓝原延渚: 玩机器看到弹幕疯狂喷房管笑嘻了，终于转移矛盾了
[2026-02-22 01:06:13] kios真绪: 完了，加一了个爆的，7天后见了
[2026-02-22 01:06:14] 怒之拳: 完了，加一了个爆的，7天后见了
[2026-02-22 01:06:14] 镫唧稿梅皋: 完了，加一了个爆的，7天后见了
[2026-02-22 01:06:14] 暴力卓司: 兄弟们别压力布罗利了，把他逼急了要开传超杀更多人了
[2026-02-22 01:06:14] 玩登山丶嘟嘟嘟嘟嘟嘟: 完了，加一了个爆的，7天后见了
[2026-02-22 01:06:14] 寂静世界876: 喜欢加一，那这下加完一要从6657变成6658了我看[汤圆]
[2026-02-22 01:06:14] 莫情123: 完了，加一了个爆的，7天后见了
[2026-02-22 01:06:15] Rhapsodyt: 　　　 我支持布罗利，万一他封够多他爹就能拿major冠军呢
[2026-02-22 01:06:15] Dartline: 完了，加一了个爆的，7天后见了
[2026-02-22 01:06:15] 用户5000845560: 完了，加一了个爆的，7天后见了
[2026-02-22 01:06:15] 听说改名能中奖是八: 蜂美只刷得起荧光棒，难怪房管里面没人😅
[2026-02-22 01:06:15] 狸仙人420: 完了，加一了个爆的，7天后见了
[2026-02-22 01:06:15] 刘亦博的机油流一脖: 我支持布罗利，万一他封够多他爹就能拿major冠军呢
[2026-02-22 01:06:15] 工业化战士: 赶紧结束看DEViCE最后一面吧
[2026-02-22 01:06:16] 浪i阿宇: 完了，加一了个爆的，7天后见了
[2026-02-22 01:06:16] zx0810: 完了，加一了个爆的，7天后见了
[2026-02-22 01:06:16] suicho: 我去你的举办点成＋1了，我们7天后再见吧🥲
[2026-02-22 01:06:16] 純屬虛橫: 我支持布罗利，万一他封够多他爹就能拿major冠军呢
[2026-02-22 01:06:16] gjcdh: 完了，加一了个爆的，7天后见了
[2026-02-22 01:06:16] 用户91227835: 我支持布罗利，万一他封够多他爹就能拿major冠军呢
[2026-02-22 01:06:16] MaakiseKurisu: 完了，加一了个爆的，7天后见了
[2026-02-22 01:06:17] Iknow9: 完了，加一了个爆的，7天后见了
[2026-02-22 01:06:17] 鸟儿在头顶把森林叫醒: 完了，加一了个爆的，7天后见了
[2026-02-22 01:06:17] 玉米卧槽: 完了，加一了个爆的，7天后见了
[2026-02-22 01:06:17] DB狮狒龙: 完了，加一了个爆的，7天后见了
[2026-02-22 01:06:17] 别太放肆k: 完了，加一了个爆的，7天后见了
[2026-02-22 01:06:17] 0guriCap: 完了，加一了个爆的，7天后见了
[2026-02-22 01:06:18] 哦可喜欢我: 再见了👋鼠小弟🐭再见了👋鼠小弟🐭再见了👋鼠小弟🐭再见了👋鼠小弟🐭再见了👋鼠小弟🐭
[2026-02-22 01:06:18] 你真好看XD: @房管布罗利Broli:攻击载物真的很没劲，因为说的都是事实，没有那种造谣的快感
[2026-02-22 01:06:18] 爱吃麦当当的TOMORAIN: 完了，加一了个爆的，7天后见了
[2026-02-22 01:06:18] 对着光说话: 完了，加一了个爆的，7天后见了
[2026-02-22 01:06:18] 喜欢独自悠哉自在: 完了，加一了个爆的，7天后见了
[2026-02-22 01:06:18] 传奇贝斯手长崎素世: 完了，加一了个爆的，7天后见了
[2026-02-22 01:06:19] K1S4Ra: 完了，加一了个爆的，7天后见了
[2026-02-22 01:06:19] 热爱学习的孟某人: 完了，加一了个爆的，7天后见了
[2026-02-22 01:06:19] 普通的用户7756: 我支持布罗利，万一他封够多他爹就能拿major冠军呢
[2026-02-22 01:06:19] 剑崎梨梨花: ⓘ您已被天师庄方宜举报封禁，点击了解武陵社会信用
[2026-02-22 01:06:19] VR的灰泽螨本人: 完了，加一了个爆的，7天后见了
[2026-02-22 01:06:19] Wskite: 我支持布罗利，万一他封够多他爹就能拿major冠军呢
[2026-02-22 01:06:20] 沐苏牛大无需多言: 与此同时，已经无人在意玩 出这个罪魁祸首了
[2026-02-22 01:06:20] 好儿子刘易博: 完了，加一了个爆的，7天后见了
[2026-02-22 01:06:20] woca123123321: 完了，加一了个爆的，7天后见了
[2026-02-22 01:06:20] 专看玩机器的号: 完了，加一了个爆的，7天后见了
[2026-02-22 01:06:21] Surrendee: 完了，加一了个爆的，7天后见了
[2026-02-22 01:06:21] 咕咕么么好可爱: 完了，加一了个爆的，7天后见了
[2026-02-22 01:06:21] 早安丿章鱼哥: 拿下！
[2026-02-22 01:06:21] 乱七八糟chseeifl: 完了，加一了个爆的，7天后见了
[2026-02-22 01:06:22] 要一起好好努力: 完了，加一了个爆的，7天后见了
[2026-02-22 01:06:22] 忘記悲傷的方法: 完了，加一了个爆的，7天后见了
[2026-02-22 01:06:22] wedd1ddeJodd: 完了，加一了个爆的，7天后见了
[2026-02-22 01:06:22] 房同学19554: 完了，加一了个爆的，7天后见了
[2026-02-22 01:06:23] Killajoy: gggg
[2026-02-22 01:06:23] UsedKiwi: 完了，加一了个爆的，7天后见了
[2026-02-22 01:06:23] 我真的不是硝子: gg
[2026-02-22 01:06:23] 蓝原延渚: 完了，加一了个爆的，7天后见了
[2026-02-22 01:06:23] 田所浩二114514: 再见了👋鼠小弟🐭再见了👋鼠小弟🐭再见了👋鼠小弟🐭再见了👋鼠小弟🐭再见了👋鼠小弟🐭
[2026-02-22 01:06:23] 十方梦魇宗: 完了，加一了个爆的，7天后见了
[2026-02-22 01:06:23] 99组的爱城华恋本人: 完了，加一了个爆的，7天后见了
[2026-02-22 01:06:24] 无7441158: 完了，加一了个爆的，7天后见了
[2026-02-22 01:06:24] 小蜜蜂的长期素食本人: 伟神
[2026-02-22 01:06:24] Falcons十天老粉: 完了，加一了个爆的，7天后见了
[2026-02-22 01:06:24] 马楼King张三: 没有了
[2026-02-22 01:06:24] 柳小目: 我支持布罗利，万一他封够多他爹就能拿major冠军呢
[2026-02-22 01:06:24] 莫情123: GG
[2026-02-22 01:06:24] 佐藤零丶: 完了，加一了个爆的，7天后见了
[2026-02-22 01:06:24] 机器机器祝你天天开心: gg
[2026-02-22 01:06:24] loverboy888: gg
[2026-02-22 01:06:24] xieri: 完了，加一了个爆的，7天后见了
[2026-02-22 01:06:24] 书云云: 完了，加一了个爆的，7天后见了
[2026-02-22 01:06:25] 美食殿堂的雪菲本人: 完了，加一了个爆的，7天后见了
[2026-02-22 01:06:25] 冲上云霄的姨: 完了，加一了个爆的，7天后见了
[2026-02-22 01:06:25] 7376377: 完了，加一了个爆的，7天后见了
[2026-02-22 01:06:25] 梓川不是辛川: 完了，加一了个爆的，7天后见了
[2026-02-22 01:06:25] 我的我的sorry: ggg
[2026-02-22 01:06:25] 衰神177: 完了，加一了个爆的，7天后见了
[2026-02-22 01:06:25] 陨落心炎J: 我支持布罗利，万一他封够多他爹就能拿major冠军呢
[2026-02-22 01:06:25] 秋Fc: 完了，加一了个爆的，7天后见了
[2026-02-22 01:06:25] air博air博: 完了，加一了个爆的，7天后见了
[2026-02-22 01:06:26] hutji: 完了，加一了个爆的，7天后见了
[2026-02-22 01:06:26] 假如一切是虚幻: 完了，加一了个爆的，7天后见了
[2026-02-22 01:06:26] 龍EVOLOVE龍: 兵败如山倒了
[2026-02-22 01:06:26] Thatsgood961: 完了，加一了个爆的，7天后见了
[2026-02-22 01:06:26] 用户0637093822: 完了，加一了个爆的，7天后见了
[2026-02-22 01:06:26] 机长家的华仔: 完了，加一了个爆的，7天后见了
[2026-02-22 01:06:26] 玩斯特出出6657: gg
[2026-02-22 01:06:26] 鸟儿在头顶把森林叫醒: 在线榜地12名千早爱音给你送钻粉你咋不谢（11级发不了言代发）
[2026-02-22 01:06:26] 用户3853464680: 完了，加一了个爆的，7天后见了
[2026-02-22 01:06:26] 玩斯特机机: gg
[2026-02-22 01:06:27] 尖叫的鸭子: 完了，加一了个爆的，7天后见了
[2026-02-22 01:06:27] 超级車車人: 完了，加一了个爆的，7天后见了
[2026-02-22 01:06:27] 秋风化扇99010: 完了，加一了个爆的，7天后见了
[2026-02-22 01:06:27] 千年的爱丽丝同学: 完了，加一了个爆的，7天后见了
[2026-02-22 01:06:27] 花田妖精: 完了，加一了个爆的，7天后见了
[2026-02-22 01:06:27] 追凤先生缝老八: 完了，加一了个爆的，7天后见了
[2026-02-22 01:06:27] 衰神177: 完了，加一了个爆的，7天后见了
[2026-02-22 01:06:28] 不主动不拒绝不负责: 完了，加一了个爆的，7天后见了
[2026-02-22 01:06:28] 穿甲狗: 完了，加一了个爆的，7天后见了
[2026-02-22 01:06:28] 秋叶恋心丶: 完了，加一了个爆的，7天后见了
[2026-02-22 01:06:28] JULLLLYYYY: 与此同时，已经无人在意玩 出这个罪魁祸首了
[2026-02-22 01:06:28] 我知道的一点也不多: 完了，加一了个爆的，7天后见了
[2026-02-22 01:06:28] 信狐神: 完了，加一了个爆的，7天后见了
[2026-02-22 01:06:28] 爱上直女的三角初音: 完了，加一了个爆的，7天后见了
[2026-02-22 01:06:28] 1Z的心: 完了，加一了个爆的，7天后见了
[2026-02-22 01:06:28] 小昊的yimon阿爱发烧: 完了，加一了个爆的，7天后见了
[2026-02-22 01:06:28] 喜欢玩机器被骂恋猪癖: 完了，加一了个爆的，7天后见了
[2026-02-22 01:06:29] 斗鱼用户3296811589: 我支持布罗利，万一他封够多他爹就能拿major冠军呢
[2026-02-22 01:06:29] 寻酒辞: 完了，加一了个爆的，7天后见了
[2026-02-22 01:06:29] 用户22285535: 完了，加一了个爆的，7天后见了
[2026-02-22 01:06:29] 星海羽弦: 完了，加一了个爆的，7天后见了
[2026-02-22 01:06:29] 忽孝山庄: 完了，加一了个爆的，7天后见了
[2026-02-22 01:06:29] LvvsiN: 男人一生只哭十八次：niko十七次梦碎major正赛, niko梦碎里约major RMR
[2026-02-22 01:06:29] 睡觉了要: 完了，加一了个爆的，7天后见了
[2026-02-22 01:06:29] 衰神177: 完了，加一了个爆的，7天后见了
[2026-02-22 01:06:29] 哈机器好胖好可爱: 完了，加一了个爆的，7天后见了
[2026-02-22 01:06:30] 挥舞砖头de帅13: 完了，加一了个爆的，7天后见了
[2026-02-22 01:06:30] Faze的明日香本人: 完了，加一了个爆的，7天后见了
[2026-02-22 01:06:30] 唯一上帝Jame: 再见了👋鼠小弟🐭再见了👋鼠小弟🐭再见了👋鼠小弟🐭再见了👋鼠小弟🐭再见了👋鼠小弟🐭
[2026-02-22 01:06:30] 最喜欢清光: 完了，加一了个爆的，7天后见了
[2026-02-22 01:06:30] 踩到S猫了: 再见了👋鼠小弟🐭再见了👋鼠小弟🐭再见了👋鼠小弟🐭再见了👋鼠小弟🐭再见了👋鼠小弟🐭
[2026-02-22 01:06:30] 偷哦嘘鞭贷拔: 完了，加一了个爆的，7天后见了
[2026-02-22 01:06:30] 雾之湖的琪露诺本人: 再见了👋鼠小弟🐭再见了👋鼠小弟🐭再见了👋鼠小弟🐭再见了👋鼠小弟🐭再见了👋鼠小弟🐭
[2026-02-22 01:06:31] 血樱幽世: 哈哈哈哈哈
[2026-02-22 01:06:31] zardl991: 完了，加一了个爆的，7天后见了
[2026-02-22 01:06:31] 长崎素世的欢乐豆本人: 完了，加一了个爆的，7天后见了
[2026-02-22 01:06:31] Kanade酱丶: 完了，加一了个爆的，7天后见了
[2026-02-22 01:06:31] mirrorlee: 白忙活
[2026-02-22 01:06:31] 送不起火箭我送张办卡: 我支持布罗利，万一他封够多他爹就能拿major冠军呢
[2026-02-22 01:06:31] fab厂的device本人: 完了，加一了个爆的，7天后见了
[2026-02-22 01:06:31] 時玳目艮汨: hhhhhhhhhhhhhhhhh
[2026-02-22 01:06:31] 甲哥李哥我先溜了: 完了，加一了个爆的，7天后见了
[2026-02-22 01:06:32] 黑铁第一螳螂: 完了，加一了个爆的，7天后见了
[2026-02-22 01:06:32] 啦啦啦唱歌真好听呀: 完了，加一了个爆的，7天后见了
[2026-02-22 01:06:32] SDSF004: 再见了鼠小弟！
[2026-02-22 01:06:32] 用户1364543122: 完了，加一了个爆的，7天后见了
[2026-02-22 01:06:32] 轻伤酱: 完了，加一了个爆的，7天后见了
[2026-02-22 01:06:32] NepLin木: 完了，加一了个爆的，7天后见了
[2026-02-22 01:06:32] 神威灬阿飞: 完了，加一了个爆的，7天后见了
[2026-02-22 01:06:32] 野猪家猪: ？
[2026-02-22 01:06:32] 華之君: 完了，加一了个爆的，7天后见了
[2026-02-22 01:06:32] 锂汁lizhi: 完了，加一了个爆的，7天后见了
[2026-02-22 01:06:33] 正经猪头肉: 扫
[2026-02-22 01:06:33] 地下室的女高中生: 我支持布罗利，万一他封够多他爹就能拿major冠军呢
[2026-02-22 01:06:33] 刃涯: 我爱她
[2026-02-22 01:06:33] 鹿公爷: 加一都不敢，你来这个直播间干嘛的
[2026-02-22 01:06:33] Fywoo259: 玩机器看到弹幕疯狂喷房管笑嘻了，终于转移矛盾了
[2026-02-22 01:06:33] Shamiko56562: 完了，加一了个爆的，7天后见了
[2026-02-22 01:06:33] 世一步美jor: 弹幕真闹麻了吧
[2026-02-22 01:06:33] 千百度897: 兵败如山倒吗
[2026-02-22 01:06:33] 文西67: 完了，加一了个爆的，7天后见了
[2026-02-22 01:06:33] 哈萨克134: 完了，加一了个爆的，7天后见了
[2026-02-22 01:06:33] 玩刘农device: 再见了鼠小弟
[2026-02-22 01:06:34] 太阳神之翼神龙球体形: 完了，加一了个爆的，7天后见了
[2026-02-22 01:06:34] 远野邸的远野秋叶本人: 完了，加一了个爆的，7天后见了
[2026-02-22 01:06:34] 这里是小天啊: 我爱她
[2026-02-22 01:06:34] 人活着就是为了玩乐队: 完了，加一了个爆的，7天后见了
[2026-02-22 01:06:34] 消逝の繁星: 完了，加一了个爆的，7天后见了
[2026-02-22 01:06:34] desuwa的丰川祥子本人: 完了，加一了个爆的，7天后见了
[2026-02-22 01:06:34] 中X千早爱音: 我爱她
[2026-02-22 01:06:35] 喉宝Eilf: 我爱她
[2026-02-22 01:06:35] Abramwow: ?
[2026-02-22 01:06:35] 青灯忆梦: 完了，加一了个爆的，7天后见了
[2026-02-22 01:06:35] 2534091499: 完了，加一了个爆的，7天后见了
[2026-02-22 01:06:35] 未酲儿: 我爱她
[2026-02-22 01:06:35] 詹跑跑还下跪: 完了，加一了个爆的，7天后见了
[2026-02-22 01:06:35] MyGo的tomorin本人: 我爱她
[2026-02-22 01:06:36] ATM3001: 完了，加一了个爆的，7天后见了
[2026-02-22 01:06:36] 爱尔奎特特特: 完了，加一了个爆的，7天后见了
[2026-02-22 01:06:36] Dartline: 我爱她
[2026-02-22 01:06:36] 卧看星河尽意明丶: 完了，加一了个爆的，7天后见了
[2026-02-22 01:06:36] 玩斯特机机: 再见了鼠小弟
[2026-02-22 01:06:36] 无敌香蕉菠萝: 完了，加一了个爆的，7天后见了
[2026-02-22 01:06:36] 王佰柒柒: 我爱他
[2026-02-22 01:06:36] 玩机爸、dev1CE: 完了，加一了个爆的，7天后见了
[2026-02-22 01:06:36] Ran1ng: 完了，加一了个爆的，7天后见了
[2026-02-22 01:06:37] 提瓦特第一突破: 完了，加一了个爆的，7天后见了
[2026-02-22 01:06:37] 圣诞节二人组: 我爱她
[2026-02-22 01:06:37] 植物人都比你反应快: 完了，加一了个爆的，7天后见了
[2026-02-22 01:06:37] 大帅060515: 完了，加一了个爆的，7天后见了
[2026-02-22 01:06:37] 马蹄街的艾妮希雅本人: 完了，加一了个爆的，7天后见了
[2026-02-22 01:06:38] 一不小心丶就丶: 我爱她
[2026-02-22 01:06:38] 凝视深渊丶玩叽叽: 小美女
[2026-02-22 01:06:38] 雨台ty: 完了，加一了个爆的，7天后见了
[2026-02-22 01:06:38] 宛平南路600号主治医生: 再见了鼠小弟
[2026-02-22 01:06:38] 蓝月亮843: 完了，加一了个爆的，7天后见了
[2026-02-22 01:06:38] 玩机器厦面鄙骰大: 完了，加一了个爆的，7天后见了
[2026-02-22 01:06:38] Jason不是加森: 我爱她
[2026-02-22 01:06:38] AmamiyaIori: 你编你的爱慕呢？不是这有什么可编的？？啊？？这不是ZywOo！这居然是Niko！！哈哈哈老尼还是没忍住
[2026-02-22 01:06:38] 爱吃芒果的大芒果: 完了，加一了个爆的，7天后见了
[2026-02-22 01:06:39] 幽谷响子: 我爱她
[2026-02-22 01:06:39] xxx2xxx: 美
[2026-02-22 01:06:39] 背带裤是神丶: 我爱她
[2026-02-22 01:06:39] 香辛料嗷嗷嗷嗷嗷嗷嗷: 我爱她
[2026-02-22 01:06:39] SKTT1AVO: 我爱她
[2026-02-22 01:06:39] koctaa: 我爱她
[2026-02-22 01:06:39] RabbitRay: 我爱她
[2026-02-22 01:06:39] 赣榆峰: 我爱她
[2026-02-22 01:06:39] 高举major奖杯的Niko: 完了，加一了个爆的，7天后见了
[2026-02-22 01:06:40] 叫狗大鸡咚叮: 完了，加一了个爆的，7天后见了
[2026-02-22 01:06:40] Oasis0917: 我爱她
[2026-02-22 01:06:40] 假如一切是虚幻: 好恶臭的弹幕氛围，有没有那种21级等级限制还要粉丝团发言的直播间推荐
[2026-02-22 01:06:40] 凯瑞甘的烟雾头盔: 男人一生只哭十八次：niko十七次梦碎major正赛, niko梦碎里约major RMR
[2026-02-22 01:06:40] gggaligeigei: 我支持布罗利，万一他封够多他爹就能拿major冠军呢
[2026-02-22 01:06:40] 好的好的阖家: @王师傅精益求精：玩大哥我真的想死你了，想当年我们放权给房管封人，人称斗鱼双滥权
[2026-02-22 01:06:40] 星空丶梦华: 我爱她
[2026-02-22 01:06:40] 九幽神雀v: 我爱她
[2026-02-22 01:06:40] AriselAlagadda: 完了，加一了个爆的，7天后见了
[2026-02-22 01:06:41] 木野子一号迷弟: 我爱她
[2026-02-22 01:06:41] 544165宝宝好好看吧: 完了，加一了个爆的，7天后见了
[2026-02-22 01:06:41] 门捷列精夫: 　　　 再见了鼠小弟
[2026-02-22 01:06:41] FAZE的椎名立希本人: 我爱她
[2026-02-22 01:06:41] 一觉兩夢叁醒: 　　　 你编你的爱慕呢？不是这有什么可编的？？啊？？这不是ZywOo！这居然是Niko！！哈哈哈老尼
[2026-02-22 01:06:41] ToukaTakanashi: 完了，加一了个爆的，7天后见了
[2026-02-22 01:06:41] Mc凉月奏酱: 完了，加一了个爆的，7天后见了
[2026-02-22 01:06:41] 依谊已忆: 完了，加一了个爆的，7天后见了
[2026-02-22 01:06:42] 冰棍晓夜: 完了，加一了个爆的，7天后见了
[2026-02-22 01:06:42] DeVic3: 美
[2026-02-22 01:06:42] Nikolofmeister: 好女孩
[2026-02-22 01:06:42] 小昊的yimon阿爱发烧: 我爱她
[2026-02-22 01:06:42] 用户02938034: 再见了鼠小弟
[2026-02-22 01:06:42] 赐予我重生: 完了，加一了个爆的，7天后见了
[2026-02-22 01:06:43] 洛林Lorraine23783: 女的
[2026-02-22 01:06:43] 用户247509865: 冬瓜强（仅用一秒思考）：我爱她
[2026-02-22 01:06:43] 秋茶小雪: 心碎了
[2026-02-22 01:06:43] YeMinister: 我爱她
[2026-02-22 01:06:43] ZHOUGUANGMING: 完了，加一了个爆的，7天后见了
[2026-02-22 01:06:43] CSTG一多加香菜: 再见了鼠小弟
[2026-02-22 01:06:43] 我的青春是大表哥: 我爱她
[2026-02-22 01:06:43] 人活着就是为了玩乐队: 完了，加一了个爆的，7天后见了
[2026-02-22 01:06:44] 椎名立希本人: 我提一嘴, 全站只会一小时
[2026-02-22 01:06:44] 玩道歉丶44min:  我爱他
[2026-02-22 01:06:44] 阿杰吃饺子: 我爱她
[2026-02-22 01:06:44] 带节奏的都是我重孙: 你编你的爱慕呢？不是这有什么可编的？？啊？？这不是ZywOo！这居然是Niko！！哈哈哈老尼还是没忍住
[2026-02-22 01:06:44] 啊大番薯这是人类啊: 我爱她
[2026-02-22 01:06:44] 瓜辣瓜: 鼠小弟😭回家吧
[2026-02-22 01:06:44] 虹豆砸: 玩机器看到弹幕疯狂喷房管笑嘻了，终于转移矛盾了
[2026-02-22 01:06:45] 丨花千树: 完了，加一了个爆的，7天后见了
[2026-02-22 01:06:45] 欲辨妄言: 　　　 你编你的爱慕呢？不是这有什么可编的？？啊？？这不是ZywOo！这居然是Niko！！哈哈哈老尼
[2026-02-22 01:06:45] gfe20010: 完了，加一了个爆的，7天后见了desuwa
[2026-02-22 01:06:45] 丸子八大碗: 完了，加一了个爆的，7天后见了
[2026-02-22 01:06:45] HaibaraAi1109: 你编你的爱慕呢？不是这有什么可编的？？啊？？这不是ZywOo！这居然是Niko！！哈哈哈老尼还是没忍
[2026-02-22 01:06:45] 3mh2、: 鼠哥走好
[2026-02-22 01:06:45] 我没P眼123: 完了，加一了个爆的，7天后见了
[2026-02-22 01:06:46] 好哥们黑龙歼灭刀: 你编你的爱慕呢？不是这有什么可编的？？啊？？这不是ZywOo！这居然是Niko！！哈哈哈老尼还是没忍
[2026-02-22 01:06:46] 虹薼: 小美釹
[2026-02-22 01:06:46] 守卫格陵兰的Device本人: ？
[2026-02-22 01:06:46] 番薯Zywoo: 米老鼠粘不住了
[2026-02-22 01:06:46] inflamer: 完了，加一了个爆的，7天后见了
[2026-02-22 01:06:47] zzznnni: sth
[2026-02-22 01:06:47] 用户671420: 完了，加一了个爆的，7天后见了
[2026-02-22 01:06:47] 爱淡茶未凉: 完蛋了，加一了一个爆的，360天后见
[2026-02-22 01:06:47] 笠松的小栗帽本人: 完了，加一了个爆的，7天后见了
[2026-02-22 01:06:47] 猫愛薛定谔: 完了，加一了个爆的，7天后见了
[2026-02-22 01:06:47] 海绵宝宝dinner: 再见了鼠小弟
[2026-02-22 01:06:48] PKURoger: 完了，加一了个爆的，7天后见了
[2026-02-22 01:06:48] Hakurei-Re1mu: 完了，加一了个爆的，7天后见了
[2026-02-22 01:06:48] Faze的Donk本人: @椰汁糕冬瓜强（已深度思考0.01s）：我tm爱她
[2026-02-22 01:06:48] 翘课打游戏的徐某: 完了，加一了个加一，加一后见了
[2026-02-22 01:06:48] 红烧童猪头肉:  我爱他
[2026-02-22 01:06:48] 朔月02: ？
[2026-02-22 01:06:48] 阿盖不能再熬夜: 再见了鼠小弟
[2026-02-22 01:06:49] 用户247509865: 冬瓜强（仅用一秒思考）：我爱她
[2026-02-22 01:06:49] 斗鱼用户3296811589: 我爱她
[2026-02-22 01:06:49] 0guriCap: 玩机器看到弹幕疯狂喷房管笑嘻了，终于转移矛盾了。
[2026-02-22 01:06:49] 爱吃芒果的大芒果: 再见了鼠小弟
[2026-02-22 01:06:49] chordclef: 再见了鼠小弟
[2026-02-22 01:06:49] 魔法师Saber: 正义必胜
[2026-02-22 01:06:49] 玩楚的小南娘: 再见了鼠小弟
[2026-02-22 01:06:49] 酒姑娘的小枫: 发送他们房子🏠
[2026-02-22 01:06:49] 白呆whitelie: 三箱后
[2026-02-22 01:06:50] 教育片來一部: 再见了鼠小弟
[2026-02-22 01:06:50] MunChlax丶: 椰汁糕冬瓜强（已深度思考0.01秒）：我爱她
[2026-02-22 01:06:50] LokiAka: 发送他们房子了desuw@
[2026-02-22 01:06:50] Ba2Zi: 再见了👋鼠小弟🐭再见了👋鼠小弟🐭再见了👋鼠小弟🐭再见了👋鼠小弟🐭再见了👋鼠小弟🐭
[2026-02-22 01:06:50] 很久以前Ty: 不如吧狙保了
[2026-02-22 01:06:50] Bey123: 再见了鼠小弟
[2026-02-22 01:06:50] 真的没排面: ++++++++++++++
[2026-02-22 01:06:51] 晞圣莱恩: 我爱她
[2026-02-22 01:06:51] 艾露迪克王: 七天？再也不见！！！
[2026-02-22 01:06:51] Hissgle: 完了，加一了个爆的，7天后见了
[2026-02-22 01:06:51] 丸山彩Machine: 我提一嘴, 全站只会一小时
[2026-02-22 01:06:51] 洛杉矶湖人的乐邦詹士: 牛逼极了   老鼠活该回家牛逼极了   老鼠活该回家牛逼极了   老鼠活该回家牛逼极了   老鼠活该
[2026-02-22 01:06:51] 爽吃猪头肉: 再见了鼠小弟
[2026-02-22 01:06:52] 丰川留子: 再见了鼠小弟
[2026-02-22 01:06:52] 疍李雪: 完了，加一了个爆的，7天后见了
[2026-02-22 01:06:52] 玩鸡器的毛毛: 你编你的爱慕呢？不是这有什么可编的？？啊？？这不是ZywOo！这居然是Niko！！哈哈哈老尼还是没忍
[2026-02-22 01:06:52] 幕后煮屎者的菊花: 再见了鼠小弟
[2026-02-22 01:06:52] 7hydrangea7: 完了，加一了个加一，加一后见了
[2026-02-22 01:06:52] 吹雪之岚: 发送他们房子
[2026-02-22 01:06:53] 玩机器你好香你好香: @Hakurei-Re1mu：完了，加一了个爆的，7天后见了
[2026-02-22 01:06:53] 星空初: 再见了鼠小弟
[2026-02-22 01:06:53] 灰之魔女Elaina: 宫监手！准备放监！🏹🏹🏹🏹宫监手！准备放监！🏹🏹🏹🏹
[2026-02-22 01:06:53] 965387339: 抓娃娃
[2026-02-22 01:06:53] A淡淡的走过: 你发的啥呢？
[2026-02-22 01:06:53] 莱恩lewis: 你编你的爱慕呢？不是这有什么可编的？？啊？？这不是ZywOo！这居然是Niko！！哈哈哈老尼还是没忍
[2026-02-22 01:06:53] Roman123: ？？？
[2026-02-22 01:06:54] CCC的丰川祥子本人: 再见了鼠小弟
[2026-02-22 01:06:54] 用户247509865: 冬瓜强（仅用一秒思考）：我爱她
[2026-02-22 01:06:54] 热爱学习的孟某人: 再见了鼠小弟
[2026-02-22 01:06:54] 林林小马: 再见了鼠小弟
[2026-02-22 01:06:54] 黎那汐塔top2尤诺: 再见了鼠小弟
[2026-02-22 01:06:54] ve回忆若然尘埃: 再见了鼠小弟
[2026-02-22 01:06:55] jimiyang: 牛逼极了   老鼠活该回家牛逼极了   老鼠活该回家牛逼极了   老鼠活该回家牛逼极了   老鼠活该
[2026-02-22 01:06:55] 好兄弟荷鲁斯: 你编你的爱慕呢？不是这有什么可编的？？啊？？这不是ZywOo！这居然是Niko！！哈哈哈老尼还是没忍
[2026-02-22 01:06:55] 温柔皮皮想吃屁屁: ⚠️您已被法国队长apex禁言,👉点击了解法国社会信用!
[2026-02-22 01:06:55] 卖狗的chihaya本人: 再见了鼠小弟
[2026-02-22 01:06:55] 赵纯洁丶: 完了，加一了个爆的，365天后见了
[2026-02-22 01:06:56] 猪猪宝贝爱你呦: 完了，加一了个爆的，7天后见了
[2026-02-22 01:06:56] 深巷里的少年与猫丿: 再见了鼠小弟
[2026-02-22 01:06:56] NateQAQ: 玩机器看到弹幕疯狂喷房管笑嘻了，终于转移矛盾了
[2026-02-22 01:06:56] 轻烟散97359: 椰汁糕冬瓜强（已深度思考0.01秒）：我爱她
[2026-02-22 01:06:56] 毛子没有jb: 你编你的爱慕呢？不是这有什么可编的？？啊？？这不是ZywOo！这居然是Niko！！哈哈哈老尼还是没忍
[2026-02-22 01:06:56] 无刘海美女: 再见了鼠小弟
[2026-02-22 01:06:56] 星海羽弦: 别啊😭😭😭😭😭
[2026-02-22 01:06:56] SweetieFox: 完了，加一了个爆的，7天后见了
[2026-02-22 01:06:57] LvvsiN: @老汤日记:丹麦总统让我静音接触白宫，这应该是我最后一次看儿子直播了，机器，我爱你...
[2026-02-22 01:06:57] 一拳打爆你魔丸: 发送他们🏠！发送他们🏠！发送他们🏠！发送他们🏠！发送他们🏠！
[2026-02-22 01:06:57] 葬爱K少: 再见了，🐭小弟
[2026-02-22 01:06:57] 涅罗ovo: 发送他们房子🏠！发送他们房子🏠！发送他们房子🏠！发送他们房子🏠！
[2026-02-22 01:06:58] gfe20010: 你编你的爱慕呢？不是这有什么可编的？？啊？？这不是ZywOo！这居然是Niko！！哈哈哈老尼desu
[2026-02-22 01:06:58] 拜仁每一分都是传奇: NIKO就像精灵女骑士，你以为他真像说的那么厉害，结果来个哥布林就齁哦哦哦哦了
[2026-02-22 01:06:58] 阿雨desuwa: 牛逼极了   老鼠活该回家牛逼极了   老鼠活该回家牛逼极了   老鼠活该回家牛逼极了   老鼠活该
[2026-02-22 01:06:58] Sereinily: 蜂美只刷得起荧光棒，难怪房管里面没人😅
[2026-02-22 01:06:58] 斗鱼用户ReOOr7HQ: 完了，加一了个爆的，7天后见了
[2026-02-22 01:06:58] 魔法师Saber: 正义必胜正义必胜正义必胜正义必胜
[2026-02-22 01:06:59] LvvsiN: 别解说了 多聊会天 你不会真的以为能输吧
[2026-02-22 01:06:59] Kiracoon: 再见了鼠小弟
[2026-02-22 01:06:59] 寒枫曳是一头傲空的隼: 再见了👋弹小幕🤐再见了👋弹小幕🤐再见了👋弹小幕🤐
[2026-02-22 01:06:59] LYP2077: 还有季军赛
[2026-02-22 01:06:59] 玩大哥我双倍呢: 完了，加一了个爆的，7天后见了
[2026-02-22 01:07:00] NateQAQ: 支持布罗利，万一他封够多他爹就能拿major冠军呢
[2026-02-22 01:07:00] Aurorayyyy: 完了，加一了个爆的，7天后见了
[2026-02-22 01:07:00] 德莉莎超可矮: 你编你的爱慕呢？不是这有什么可编的？？啊？？这不是ZywOo！这居然是Niko！！哈哈哈老尼还是没忍住
[2026-02-22 01:07:00] 地下室的女高中生: 完了，加一了个爆的，7天后见了
[2026-02-22 01:07:00] 雪菜偷完top偷major: 加了
[2026-02-22 01:07:01] 罪石牢狱的小驴本人: 发送他们房子🏠！发送他们房子🏠！发送他们房子🏠！发送他们房子🏠！
[2026-02-22 01:07:01] Troy爷: 你让老鼠活该回家吧，他害得你们被喷成这样，还说啥呢！！！！
[2026-02-22 01:07:01] djklyk: 再见了鼠小弟
[2026-02-22 01:07:01] 好哥们黑龙歼灭刀: 玩机器看到弹幕疯狂喷房管笑嘻了，终于转移矛盾了
[2026-02-22 01:07:01] 我要改名字2153: 玩机器看到弹幕疯狂喷房管笑嘻了，终于转移矛盾了
[2026-02-22 01:07:01] others的御樱稟本人: 完了，加一了个爆的，7天后见了
[2026-02-22 01:07:01] 是是非非blue: 我说去年八月份怎么没有蜂美房管出来封人，原来蜂美送的都是荧光棒混不进去
[2026-02-22 01:07:01] 禾川0703: 完了，加一了个爆的，7天后见了
[2026-02-22 01:07:02] 1504990711: 你编你的爱慕呢？不是这有什么可编的？？啊？？这不是ZywOo！这居然是Niko！！哈哈哈老尼还是没忍
[2026-02-22 01:07:02] 空对月: 发送他们房子🏠！发送他们房子🏠！发送他们房子🏠！发送他们房子🏠！
[2026-02-22 01:07:02] znnoy: ⓘ您已被房管布罗利封禁，点击了解6657官威
[2026-02-22 01:07:02] 波尔蒂盲人: 托÷的狙有啥用
[2026-02-22 01:07:02] 上海major心碎肥美: 我爱她
[2026-02-22 01:07:02] 雪枝枝qwq: 妮妮海海美者冠军
[2026-02-22 01:07:03] 我肥任我肥: 再见了鼠小弟
[2026-02-22 01:07:03] 万载幽咽: 　　　 你编你的爱慕呢？不是这有什么可编的？？啊？？这不是ZywOo！这居然是Niko！！哈哈哈老尼
[2026-02-22 01:07:03] 妖艳阿卡莎: 完了，加一了个爆的，7天后见了
[2026-02-22 01:07:03] sueins: 被封了半个小时终于能说话了，弹幕，游戏已经开始了，等待你们的...只有举办
[2026-02-22 01:07:03] 烎摩尔托市: 发送他们房子🏠！发送他们房子🏠！发送他们房子🏠！发送他们房子🏠！
[2026-02-22 01:07:03] 有舍身会这样吗: 再见了鼠小弟
[2026-02-22 01:07:04] xOcOg: 【格陵兰战报】目前大东指挥5回合，设备指挥3回合，大东指挥设备送8次，设备拿下关键击杀3个
[2026-02-22 01:07:05] LvvsiN: 银行业😄银行业😀银行业😃银行业😁银行业😆银行业🤪银行业😝
[2026-02-22 01:07:05] 反方向的绪: 完了，加一了个爆的，7天后见了
[2026-02-22 01:07:05] 猛攻玩机器魔丸: 完了，加一了个爆的，7天后见了
[2026-02-22 01:07:05] 好儿子刘易博: 完了，加一了个爆的，7天后见了
[2026-02-22 01:07:05] 德鱼涩666: ？
[2026-02-22 01:07:05] Vitality的Zyw0o0本人: 完了，加一了一个爆的，365天后见了
[2026-02-22 01:07:05] DogRa1nFans: 🏠发送他们房子🏠发送他们房子🏠发送他们房子🏠发送他们房子
[2026-02-22 01:07:05] 未酲儿: 再见了鼠小弟
