# room_id=6979222 host=玩机器丶Machine title=小众宝藏结晶直播 live_time= fetch_time=2026-02-21 23:45:46
[2026-02-21 23:46:05] 虚心坦懐: 詹姆🥰詹姆🥰詹姆🥰詹姆🥰詹姆🥰詹姆🥰詹姆🥰詹姆🥰
[2026-02-21 23:46:09] Jennifer688383: 房管封一下直播间人数，已经是器机玩常数了。。
[2026-02-21 23:46:09] F0restwOw-: 爆
[2026-02-21 23:46:09] sshard: 0.4万人搁那狂刷影响8万人观赛😓
[2026-02-21 23:46:09] 我真是个憨批: 0.4万人搁那狂刷影响8万人观赛😓
[2026-02-21 23:46:09] 铲车司机戴家伟: 大伙多带带节奏送这头猪登山🧗🏻‍♂️🧗🏻‍♂️🧗🏻‍♂️
[2026-02-21 23:46:09] IIIIIIIIIIIIIIIIIIIIIIlllll: 玩÷怎么不狂了 前几天嘲讽我们宗主女粉的牛劲呢
[2026-02-21 23:46:09] Liquid的Twistzz本人65317: F1赛车都能一两万转，你们这么多人才1212？
[2026-02-21 23:46:10] 小小小炘: ？
[2026-02-21 23:46:10] 带魔FA师: 0.4万人搁那狂刷影响8万人观赛😓
[2026-02-21 23:46:10] 可怜的怕怕: 有的玩父出道五年4个major冠军，有的玩父出道十年一个都没有😂😂
[2026-02-21 23:46:10] 99组的露崎真昼本人: 0.4万人搁那狂刷影响8万人观赛😓
[2026-02-21 23:46:10] 法则的Twistzz本人: 0.4万人搁那狂刷影响8万人观赛😓
[2026-02-21 23:46:10] 魑魅遊: 讲个笑话，白皮鞭白皮，一群千里之外的🧊粉破防了
[2026-02-21 23:46:10] 昵称违规LIPWYby6Vd: 《昨晚节奏很舒服啊》《不骂家人随便喷》《晚点调低弹幕等级》《不关我的事》
[2026-02-21 23:46:10] Aurorayyyy: 感谢你鞭你m和老尼还是没忍住的飞机
[2026-02-21 23:46:11] 東郷美森是勇者: 一想到这么多弹幕冒着被封号拉黑的风险为我编趣味弹幕我就忍不住加一...
[2026-02-21 23:46:11] 含泪办卡: 一想到这么多弹幕冒着被封号拉黑的风险为我编趣味弹幕我就忍不住加一...
[2026-02-21 23:46:11] SuperSword81317: 0.4万人搁那狂刷影响8万人观赛😓
[2026-02-21 23:46:11] Bean77777: 0.4万人搁那狂刷影响8万人观赛😓
[2026-02-21 23:46:11] 用户0953564139: 1
[2026-02-21 23:46:12] 好哥们宇智波鼬: 弹幕时速：1332条／分
[2026-02-21 23:46:12] 寂静世界876: 洞孩尼京踩载圣竹头 ： 让人没想到的是，Niko鞭Device把冰粉鞭破防了，哈哈哈哈哈
[2026-02-21 23:46:12] 大裂谷的登山家: 弹幕时速：1332条／分
[2026-02-21 23:46:12] 我知道的一点也不多: 一想到这么多弹幕冒着被封号拉黑的风险为我编趣味弹幕我就忍不住加一...
[2026-02-21 23:46:12] 到鱼一观: 0.4万人搁那狂刷影响8万人观赛😓
[2026-02-21 23:46:12] 用户5084373421: @🗿：研发暂停，全力攻击傻呗玩机器
[2026-02-21 23:46:12] 漫天云雾: 0.4万人搁那狂刷影响8万人观赛😓
[2026-02-21 23:46:13] 东海帝皇是勇者: 爱弥斯在吗？在的话扣1
[2026-02-21 23:46:13] 阿狗阿狗ii: 0.4万人搁那狂刷影响8万人观赛😓
[2026-02-21 23:46:13] 桃乃木香奈本人: 申请看100T比赛净化弹幕，同意的＋1
[2026-02-21 23:46:13] 涼風涼風涼: 这么精彩的比赛还带节奏，不看的滚
[2026-02-21 23:46:13] 不想早起的淘淘: 6
[2026-02-21 23:46:13] 炒鸡胸di爱疯: 祥子是小美女，爱音是小美女，素世是小美女，若叶睦是小美女，玩机器是🐖b
[2026-02-21 23:46:13] 长泽1: 感谢你鞭你m和老尼还是没忍住的飞机
[2026-02-21 23:46:13] Falcons的千早爱音本人: 0.4万人搁那狂刷影响8万人观赛😓
[2026-02-21 23:46:13] MaakiseKurisu: 0.4万人搁那狂刷影响8万人观赛😓
[2026-02-21 23:46:13] 点6657护航1下午炸单8把: 昔涟＞爱弥斯，懂的➕1
[2026-02-21 23:46:14] 火星情报员工: 一想到这么多弹幕冒着被封号拉黑的风险为我编趣味弹幕我就忍不住加一...
[2026-02-21 23:46:14] 野pig亨利28: 0.4万人搁那狂刷影响8万人观赛😓
[2026-02-21 23:46:14] 玩斯特姬机、D1ck: 玩处长的解说是真好玩，有笑点！
[2026-02-21 23:46:14] 火魔创造: @🗿：研发暂停，全力攻击傻呗玩机器
[2026-02-21 23:46:15] 寂静世界876: 洞孩尼京踩载圣竹头 ： 让人没想到的是，Niko鞭Device把冰粉鞭破防了，哈哈哈哈哈
[2026-02-21 23:46:15] 19岁的日子: 原来数字梗玩到自己头上就知道捂嘴了阿，你ewc念飞机名字的牛劲呢😅😅😅
[2026-02-21 23:46:15] 灵耀ii: 这个直播间沾上🧊算是彻底完蛋了。。。
[2026-02-21 23:46:15] 小t大魔王: 天文爱好者来观察日食了🌑🌒🌓🌔🌕🌖🌗🌘🌑🌑🌒🌓🌔🌕🌖🌗
[2026-02-21 23:46:15] arimrs: 屏蔽词拉满了还能贴脸啊。。。nb
[2026-02-21 23:46:15] 螺丝螺丝螺: 0.4万人搁那狂刷影响8万人观赛😓
[2026-02-21 23:46:15] 玩机器的大卫戴: 到底谁说冰冰没有战斗力的，我看着弹幕速度一点不差啊
[2026-02-21 23:46:15] 狗洞载猪虾畜菜点: 真是一对苦命鹦鹉、鸬鹚、鹪鹩、鹌鹑、鸸鹋、鸊鷉、鵎鵼、鶶鹞、鷩翟、鸧鹒、鶠鶝、鸺鹠、鹟莺、鶺鴒、鸼鹢
[2026-02-21 23:46:15] 炒鸡胸di爱疯: 我宁愿看丰川祥子穿着嗨丝穿着高跟鞋一勾一勾，都不想看两个神队在这里表演波哈
[2026-02-21 23:46:15] 玩机器的小飞棍: 0.4万人搁那狂刷影响8万人观赛😓
[2026-02-21 23:46:16] 雨亦r41ny: 好啊，他暂停我也暂停
[2026-02-21 23:46:16] 平湖的戴根翔本人: 感觉弹幕还没现场的攻击性强呢。。。
[2026-02-21 23:46:16] 宇莓: 有人说玩处长带节奏 我不赞同 我看玩处一直都是向“钱”看
[2026-02-21 23:46:16] 柑橘树的柑橘树本人: 0.4万人搁那狂刷影响8万人观赛😓
[2026-02-21 23:46:16] 温顺羊: 弹幕时速：1332条／分
[2026-02-21 23:46:16] 用户5608006019: 0.4万人搁那狂刷影响8万人观赛😓
[2026-02-21 23:46:17] metagrop: 我鞭你的爱慕呢！啊？这不是ZywOo！这居然是Niko！老
[2026-02-21 23:46:17] sandchicken: 0.4万人搁那狂刷影响8万人观赛😓
[2026-02-21 23:46:17] 我木JJ怕个锤子: 房管封一下直播间人数，已经是器机玩常数了。。
[2026-02-21 23:46:17] 卖钩的长崎素世本人: 0.4万人搁那狂刷影响8万人观赛😓
[2026-02-21 23:46:17] 寂静世界876: 洞孩尼京踩载圣竹头 ： 让人没想到的是，Niko鞭Device把冰粉鞭破防了，哈哈哈哈哈
[2026-02-21 23:46:17] wdnmd茄子wdnmd: 0.4万人搁那狂刷影响8万人观赛😓
[2026-02-21 23:46:17] 天上的星河Cloture: @无伟契约：讲个笑话，白皮鞭白皮，一群千里之外的🧊粉破防了
[2026-02-21 23:46:18] 宫夫邪神: 0.4万人搁那狂刷影响8万人观赛😓
[2026-02-21 23:46:18] 跳跃的司令官: F1赛车都能一两万转，你们这么多人才1212？
[2026-02-21 23:46:18] 用户5084373421: 爱弥斯在吗？在的话扣1
[2026-02-21 23:46:18] 玩乐队丶desuwa: 0.4万人搁那狂刷影响8万人观赛😓
[2026-02-21 23:46:18] faze的祥子本人: 0.4万人搁那狂刷影响8万人观赛😓
[2026-02-21 23:46:19] FireBird87412: 0.4万人搁那狂刷影响8万人观赛😓
[2026-02-21 23:46:19] 谁决定谁的未来: @🗿：研发暂停，全力攻击傻呗玩机器
[2026-02-21 23:46:19] LvvsiN: 银行业😄银行业😀银行业😃银行业😁银行业😆银行业🤪银行业😝
[2026-02-21 23:46:19] 海绵宝宝dinner: 0.4万人搁那狂刷影响8万人观赛😓
[2026-02-21 23:46:19] 三零一路公交司机: 一想到这么多弹幕冒着被封号拉黑的风险为我编趣味弹幕我就忍不住加一...
[2026-02-21 23:46:19] 沉默的猪嘴嘴: 为什么都骂niko啊他是哦了还是嘘了还是鞭了还是输了？
[2026-02-21 23:46:19] 小丁猫x: 0.4万人搁那狂刷影响8万人观赛😓
[2026-02-21 23:46:19] 沐苏牛大无需多言: 0.4万人搁那狂刷影响8万人观赛😓
[2026-02-21 23:46:20] Ba斯特nana: 0.4万人搁那狂刷影响8万人观赛😓
[2026-02-21 23:46:20] 用户6135013616: 0.4万人搁那狂刷影响8万人观赛😓
[2026-02-21 23:46:20] 用户7479593002: 感谢你鞭你m和老尼还是没忍住的飞机
[2026-02-21 23:46:21] 我是i豆: 亦美!亦美!亦美!都是易博电竞的演员
[2026-02-21 23:46:21] 一卷冰雪: 0.4万人搁那狂刷影响8万人观赛😓
[2026-02-21 23:46:21] 中二战神季节: 原来数字梗玩到自己头上就知道捂嘴了阿，你ewc念飞机名字的牛劲呢😅😅😅
[2026-02-21 23:46:21] 玩机爸的蓝白碗: 0.4万人搁那狂刷影响8万人观赛😓
[2026-02-21 23:46:21] 子牛旅馆: 0.4万人搁那狂刷影响8万人观赛😓
[2026-02-21 23:46:21] Peko-: 讲个笑话，白皮鞭白皮，一群千里之外的🧊粉破防了
[2026-02-21 23:46:21] 枣枣枣枣枣枣1: 昔涟＞爱弥斯，懂的➕1
[2026-02-21 23:46:22] RoseIia的凑友希那本人: 感谢你鞭你m和老尼还是没忍住的飞机
[2026-02-21 23:46:22] cwy人品真的不行: 这个直播间沾上🧊算是彻底完蛋了。。。
[2026-02-21 23:46:22] SHUO大的根: 大伙多带带节奏送这头猪登山🧗🏻‍♂️🧗🏻‍♂️🧗🏻‍♂️
[2026-02-21 23:46:22] Yada1911: 可是🧊镇藕粉不是在一个锅里吗
[2026-02-21 23:46:22] 玩机器的小飞棍: 0.4万人搁那狂刷影响8万人观赛😓
[2026-02-21 23:46:22] Liquid的Twistzz本人65317: F1赛车都能一两万转，你们这么多人才1332？
[2026-02-21 23:46:22] 黎那汐塔top2尤诺: 0.4万人搁那狂刷影响8万人观赛😓
[2026-02-21 23:46:22] 莲之空的花宫初奈本人: 0.4万人搁那狂刷影响8万人观赛😓
[2026-02-21 23:46:23] Ba1C08: Niko都没狙到nota也算鞭啊😰那21年在3楼也鞭森破了😱
[2026-02-21 23:46:23] 马总糖尿病害我蛀牙: 0.4万人搁那狂刷影响8万人观赛😓
[2026-02-21 23:46:23] Murabito: 0.4万人搁那狂刷影响8万人观赛😓
[2026-02-21 23:46:23] 詹詹塔塔Major冠军: 0.4万人搁那狂刷影响8万人观赛😓
[2026-02-21 23:46:23] A队不吃晃的小祥本人: ⓘ您已被天师庄方宜举报封禁，点击了解武陵社会信用
[2026-02-21 23:46:23] ichiban178: 0.4万人搁那狂刷影响8万人观赛😓
[2026-02-21 23:46:23] 衰神177: @🗿：研发暂停，全力攻击傻呗玩机器
[2026-02-21 23:46:23] Iuuuuuuuuuuz: @小猪皮不正经：一想到这么多弹幕冒着被封号拉黑的风险为我编趣味弹幕我就忍不住加一...
[2026-02-21 23:46:24] 无情道毕业生: 屏蔽词拉满了还能贴脸啊。。。nb
[2026-02-21 23:46:24] 天蓬猪元帅是也: 几天前的玩机器：弹幕怎么这么好看，我去我都不想解说了
[2026-02-21 23:46:24] 爱淡茶未凉: 0.4万人搁那狂刷影响8万人观赛😓
[2026-02-21 23:46:24] 冲上云霄的姨: 0.4万人搁那狂刷影响8万人观赛😓
[2026-02-21 23:46:24] 僧杌: 0.4万人搁那狂刷影响8万人观赛😓
[2026-02-21 23:46:24] Akagiiw: 0.4万人搁那狂刷影响8万人观赛😓
[2026-02-21 23:46:25] 炒鸡胸di爱疯: 丰川祥子：看我给二刺猿调酒👠👢👡🥿👞🥾👟😋👉🍷
[2026-02-21 23:46:25] arimrs: 0.4万人搁那狂刷影响8万人观赛😓
[2026-02-21 23:46:25] 我送三千荧光棒不谢我: 原来数字梗玩到自己头上就知道捂嘴了阿，你ewc念飞机名字的牛劲呢😅😅😅
[2026-02-21 23:46:25] Yada1911: 可是🧊镇藕粉不是在一个锅里吗
[2026-02-21 23:46:25] 小肥羊0574: 0.4万人搁那狂刷影响8万人观赛😓
[2026-02-21 23:46:25] 旅中散花: 0.4万人搁那狂刷影响8万人观赛😓
[2026-02-21 23:46:25] 2Kchole: 0.4万人搁那狂刷影响8万人观赛😓
[2026-02-21 23:46:26] 哦斯特哦哦: 0.4万人搁那狂刷影响8万人观赛😓
[2026-02-21 23:46:26] 冷言i丶: 0.4万人搁那狂刷影响8万人观赛😓
[2026-02-21 23:46:26] 碧蓝航线丶AzurLane: 0.4万人搁那狂刷影响8万人观赛😓
[2026-02-21 23:46:26] imniudeyi: 　　　 0.4万人搁那狂刷影响8万人观赛😓
[2026-02-21 23:46:26] 滑铲上天: 0.4万人搁那狂刷影响8万人观赛😓
[2026-02-21 23:46:27] 海绵宝宝dinner: 0.4万人搁那狂刷影响8万人观赛😓
[2026-02-21 23:46:27] 好哥们汉阳造: 弹幕别爆...玩机器还没谢我钻粉...
[2026-02-21 23:46:27] 三零一路公交司机: 我宁愿看丰川祥子穿着嗨丝穿着高跟鞋一勾一勾，都不想看两个神队在这里表演波哈
[2026-02-21 23:46:27] VDVCI的迪米特里本人: 大伙多带带节奏送这头猪登山🧗🏻‍♂️🧗🏻‍♂️🧗🏻‍♂️
[2026-02-21 23:46:27] 今夜夏天结束: 0.4万人搁那狂刷影响8万人观赛😓
[2026-02-21 23:46:27] 丢你雷姆吔屎啦你: 我看这老尼才是最🧊的，抱团叫找儿子，坑队友叫英雄迟暮，鞭尸偷MVP还有解说上赶着洗🤔
[2026-02-21 23:46:27] 叁柏ddd: 0.4万人搁那狂刷影响8万人观赛😓
[2026-02-21 23:46:28] 听说改名能中奖是八: 0.4万人搁那狂刷影响8万人观赛😓
[2026-02-21 23:46:28] fw莫提斯: 0.4万人搁那狂刷影响8万人观赛😓
[2026-02-21 23:46:28] 中X千早爱音: 感谢你鞭你m和老尼还是没忍住的飞机
[2026-02-21 23:46:28] 博文09197: 昔涟＞爱弥斯，懂的➕1
[2026-02-21 23:46:28] efsd8: 爱弥丝是昔涟
[2026-02-21 23:46:28] 好姐妹普利茅斯: @无伟契约：讲个笑话，白皮鞭白皮，一群千里之外的🧊粉破防了
[2026-02-21 23:46:28] 玩机器csgo宗师: 0.4万人搁那狂刷影响8万人观赛😓
[2026-02-21 23:46:29] 芝芝爆浆麻薯: 0.4万人搁那狂刷影响8万人观赛😓
[2026-02-21 23:46:29] 荷园打饭至今未归: 银行业😄银行业😀银行业😃银行业😁银行业😆银行业🤪银行业😝
[2026-02-21 23:46:29] TYLOO龙神: 抓娃娃
[2026-02-21 23:46:29] miku-: 0.4万人搁那狂刷影响8万人观赛😓
[2026-02-21 23:46:29] NAVI好胖球本人: 0.4万人搁那狂刷影响8万人观赛😓
[2026-02-21 23:46:29] 偏爱菌: 话说大番薯当时不是鞭的jee吗？事后这俩人还换队服还是啥的互动来着。
[2026-02-21 23:46:30] 最爱玩宝宝惹: 0.4万人搁那狂刷影响8万人观赛😓
[2026-02-21 23:46:30] Falcons十天老粉: 0.4万人搁那狂刷影响8万人观赛😓
[2026-02-21 23:46:30] 呵19553: 0.4万人搁那狂刷影响8万人观赛😓
[2026-02-21 23:46:30] 天魔外道y: 0.4万人搁那狂刷影响8万人观赛😓
[2026-02-21 23:46:30] Vitality的羽贺文乃本人: 丰川祥子：看我给二刺猿调酒👠👢👡🥿👞🥾👟😋👉🍷
[2026-02-21 23:46:30] 白衣蓝剑麟: 可是尼尼也很会鞭啊🥺🥺🥺
[2026-02-21 23:46:30] 舜74660: 0.4万人搁那狂刷影响8万人观赛😓
[2026-02-21 23:46:30] sin橡皮妮i: 0.4万人搁那狂刷影响8万人观赛😓
[2026-02-21 23:46:30] A队不吃晃的小祥本人: 一想到这么多弹幕冒着被封号拉黑的风险为我编趣味弹幕我就忍不住加一...
[2026-02-21 23:46:31] 玩斯特姬机、D1ck: 0.4万人搁那狂刷影响8万人观赛😓
[2026-02-21 23:46:31] 用户78516061: 0.4万人搁那狂刷影响8万人观赛😓
[2026-02-21 23:46:31] kjhhjki: 0.4万人搁那狂刷影响8万人观赛😓
[2026-02-21 23:46:31] 你看我在哪:     0.4万人搁那狂刷影响8万人观赛😓
[2026-02-21 23:46:31] 土豆star: 0.4万人搁那狂刷影响8万人观赛😓
[2026-02-21 23:46:31] 终末地干员陈千语: 0.4万人搁那狂刷影响8万人观赛😓
[2026-02-21 23:46:31] 梦的星: 大家都是好宝宝，要攻击就攻击玩机器吧🥺
[2026-02-21 23:46:32] 机器能别吹了吗: nota装死的，niko看穿了。
[2026-02-21 23:46:32] 2026猎鹰王朝的niko本人: 0.4万人搁那狂刷影响8万人观赛😓
[2026-02-21 23:46:32] 长泽1: 大鞭儿子👦，小鞭爸爸👨， 一队父子俩😚，又哦又回家🎵
[2026-02-21 23:46:32] 浮夸成瘾: 大伙多带带节奏送这头猪登山🧗🏻‍♂️🧗🏻‍♂️🧗🏻‍♂️
[2026-02-21 23:46:32] 不要坐在我身边: 早知道你解说能这么认真 老尼这一枪真是鞭晚了
[2026-02-21 23:46:33] 执念散了97126: 0.4万人搁那狂刷影响8万人观赛😓
[2026-02-21 23:46:33] mujica的长崎素世本人: 0.4万人搁那狂刷影响8万人观赛😓
[2026-02-21 23:46:33] 大不幸亦有幸: 原来数字梗玩到自己头上就知道捂嘴了阿，你ewc念飞机名字的牛劲呢😅😅😅
[2026-02-21 23:46:33] 大梦464: 0.4万人搁那狂刷影响8万人观赛😓
[2026-02-21 23:46:33] Liquid的Twistzz本人65317: F1赛车都能一两万转，你们这么多人才1332？
[2026-02-21 23:46:33] 我就喜欢丰川祥子: 爱弥丝是昔涟
[2026-02-21 23:46:33] 刘刘的农: 0.4万人搁那狂刷影响8万人观赛😓
[2026-02-21 23:46:33] A队不吃晃的小祥本人: ⓘ您已被天师庄方宜举报封禁，点击了解武陵社会信用
[2026-02-21 23:46:33] 爆爆机器的大枸杞: 0.4万人搁那狂刷影响8万人观赛😓
[2026-02-21 23:46:34] 太仓Ame本人: 我看了下战狼人设还是版本答案啊😯
[2026-02-21 23:46:34] 天魔外道y: 0.4万人搁那狂刷影响8万人观赛😓
[2026-02-21 23:46:34] 古堡12枪战神: 0.4万人搁那狂刷影响8万人观赛😓
[2026-02-21 23:46:34] 无伟契约: 可是🧊镇藕粉不是在一个锅里吗
[2026-02-21 23:46:34] Falcons的刘划墙本人: 0.4万人搁那狂刷影响8万人观赛😓
[2026-02-21 23:46:34] 对不起我要: 我怎么听的是defend
[2026-02-21 23:46:34] 烟雾王冠: 0.4万人搁那狂刷影响8万人观赛😓
[2026-02-21 23:46:35] 奥特曼打小怪兽哦也: 0.4万人搁那狂刷影响8万人观赛😓
[2026-02-21 23:46:35] 甜甜圈的专用叉子: 0.4万人搁那狂刷影响8万人观赛😓
[2026-02-21 23:46:35] 玩大哥我好想发弹幕啊: 0.4万人搁那狂刷影响8万人观赛😓
[2026-02-21 23:46:35] Wangzap: 0.4万人搁那狂刷影响8万人观赛😓
[2026-02-21 23:46:35] HisuiHearts: 0.4万人搁那狂刷影响8万人观赛😓
[2026-02-21 23:46:36] xjdnshxjdka: 0.4万人搁那狂刷影响8万人观赛😓
[2026-02-21 23:46:36] A1report: 0.4万人搁那狂刷影响8万人观赛😓
[2026-02-21 23:46:36] 网友小顺饱饱: 0.4万人搁那狂刷影响8万人观赛😓
[2026-02-21 23:46:36] 玩机爸、device: 一想到这么多弹幕冒着被封号拉黑的风险为我编趣味弹幕我就忍不住加一...
[2026-02-21 23:46:36] 爱淡茶未凉: 0.4万人搁那狂刷影响8万人观赛😓
[2026-02-21 23:46:36] 玩机器的大卫戴: 房管封一下直播间人数，已经是器机玩常数了。。
[2026-02-21 23:46:37] 听说改名能中奖是八: 0.4万人搁那狂刷影响8万人观赛😓.
[2026-02-21 23:46:37] 玩机器影子里小忍本人: 弹幕早这样，玩机器早就认真解说了。。。
[2026-02-21 23:46:37] 谁决定谁的未来: nota装死的，niko看穿了。
[2026-02-21 23:46:37] 用户28254882: 爱弥斯是g
[2026-02-21 23:46:37] 炒鸡胸di爱疯: 可是祥子脚也很软啊🥺desuw@~dev1ce~ですわ
[2026-02-21 23:46:37] Yada1911: 可是🧊镇藕粉不是在一个锅里吗
[2026-02-21 23:46:37] 寂静世界876: 洞孩尼京踩载圣竹头 ： 让人没想到的是，Niko鞭Device把冰粉鞭破防了，哈哈哈哈哈
[2026-02-21 23:46:38] Despacitobei: 0.4万人搁那狂刷影响8万人观赛😓
[2026-02-21 23:46:38] 言斯特心心: 剩下的不刷的是没到15级
[2026-02-21 23:46:38] 源于眼红: 　　　 0.4万人搁那狂刷影响8万人观赛😓
[2026-02-21 23:46:38] 我木JJ怕个锤子: 0.4万人搁那狂刷影响8万人观赛😓
[2026-02-21 23:46:38] 长泽1: 大鞭儿子👦，小鞭爸爸👨， 一队父子俩😚，又哦又回家🎵
[2026-02-21 23:46:38] 虚心坦懐: 詹姆🥰詹姆🥰詹姆🥰詹姆🥰詹姆🥰詹姆🥰詹姆🥰詹姆🥰
[2026-02-21 23:46:38] 杺毓: 爱弥丝是昔涟
[2026-02-21 23:46:39] 就白给桑: 8万人搁那狂刷影响0.4万人观赛😓
[2026-02-21 23:46:39] -ER1C-: 0.4万人搁那狂刷影响8万人观赛😓
[2026-02-21 23:46:39] Neurotoxinw: 0.4万人搁那狂刷影响8万人观赛😓
[2026-02-21 23:46:39] 可达鸭不会游泳: 早知道你解说能这么认真 老尼这一枪真是鞭晚了
[2026-02-21 23:46:39] 尼尼孩孩没这冠军dddd: 弹幕早这样，玩大哥早就认真解说了
[2026-02-21 23:46:40] m0丶7NESY: 玩神你小心一点别孝Niko了，我听说之前有个尼孝比赛被鞭了
[2026-02-21 23:46:40] 寂静世界876: 洞孩尼京踩载圣竹头 ： 让人没想到的是，Niko鞭Device把冰粉鞭破防了，哈哈哈哈哈
[2026-02-21 23:46:40] 尼德霍格9: 0.4万人搁那狂刷影响8万人观赛😓
[2026-02-21 23:46:40] M80的科比本人: 0.4万人搁那狂刷影响8万人观赛😓
[2026-02-21 23:46:40] 玩大哥我好想发弹幕啊: 弹幕早这样，玩大哥早就认真解说了
[2026-02-21 23:46:41] 驴子别路边了: 0.4万人搁那狂刷影响8万人观赛😓
[2026-02-21 23:46:41] 我是一个医保卡: 0.4万人搁那狂刷影响8万人观赛😓
[2026-02-21 23:46:41] 海绵宝宝dinner: 0.4万人搁那狂刷影响8万人观赛😓
[2026-02-21 23:46:41] 小蜜蜂的长期素食本人: 大家都是好宝宝，要攻击就攻击玩机器吧🥺
[2026-02-21 23:46:41] 用户5387930459: 0.4万人搁那狂刷影响8万人观赛😓
[2026-02-21 23:46:41] qwqsl0: 0.4万人搁那狂刷影响8万人观赛😓
[2026-02-21 23:46:42] 机器能别吹了吗: nota装死的，niko看穿了
[2026-02-21 23:46:42] 绝食十年攒爱top3飞机: 原来数字梗玩到自己头上就知道捂嘴了阿，你ewc念飞机名字的牛劲呢😅😅😅
[2026-02-21 23:46:42] 听说改名能中奖是八: 0.4万人搁那狂刷影响8万人观赛😓..
[2026-02-21 23:46:42] myGo的anon: 怀念最香的四双祙子：樱羽艾玛的白色短祙，二阶堂希罗的黑色裤祙，远野汉娜的白色裤祙，橘雪莉的黑白双丝
[2026-02-21 23:46:42] 陈小小o0: 0.4万人搁那狂刷影响8万人观赛😓
[2026-02-21 23:46:42] liny66: 0.4万人搁那狂刷影响8万人观赛😓
[2026-02-21 23:46:42] 湖上风72121: 我不需要立爱国人设，因为我真的爱国🤭
[2026-02-21 23:46:43] 含泪办卡: nota装死的，niko看穿了。
[2026-02-21 23:46:43] kjhhjki: F1赛车都能一两万转，你们这么多人才1332？
[2026-02-21 23:46:43] psychicforce: 0.4万人搁那狂刷影响8万人观赛😓
[2026-02-21 23:46:43] Thatsgood961: 0.4万人搁那狂刷影响8万人观赛😓
[2026-02-21 23:46:43] 我叫蛋卷哥: nota装死的，niko看穿了。
[2026-02-21 23:46:43] 最爱玩宝宝惹: 你说得对，但是玩机器是个稳重，成熟，情绪稳定，老实，博学的人，当然这些都是假的他就是个啥比
[2026-02-21 23:46:43] 要乐奈丶Rana: 0.4万人搁那狂刷影响8万人观赛😓
[2026-02-21 23:46:43] 青山老竹农: 0.4万人搁那狂刷影响8万人观赛😓.
[2026-02-21 23:46:44] C0C00N: 冷知识：沙特佬斥200w美元巨资给玩神下商单带zywoo节奏的
[2026-02-21 23:46:44] Falcons的千早爱音本人: 0.4万人搁那狂刷影响8万人观赛😓
[2026-02-21 23:46:44] 扶兰躲鹿: 我宁愿看丰川祥子穿着嗨丝穿着高跟鞋一勾一勾，都不想看两个神队在这里表演波哈
[2026-02-21 23:46:44] 黑死病患者福音: 贵宾数警告
[2026-02-21 23:46:44] 尘mini: 0.4万人搁那狂刷影响8万人观赛😓.
[2026-02-21 23:46:44] 跳跃的司令官: 房管封一下直播间人数，已经是器机玩常数了。。
[2026-02-21 23:46:44] 用户0637093822: @🗿：弹幕好恶臭，科技好落后，这头猪好丑。。。
[2026-02-21 23:46:45] RocketTheRaccoon: nota装死的，niko看穿了。
[2026-02-21 23:46:46] 哈曼_卡恩: 房管封一下直播间人数，已经是器机玩常数了。。
[2026-02-21 23:46:46] 澄猫: 弹幕早这样，玩厨早就认真解说了
[2026-02-21 23:46:46] 猎鹰比赛很有创造性: 0.4万人搁那狂刷影响8万人观赛😓
[2026-02-21 23:46:46] 三倍伤害: 0.4万人搁那狂刷影响8万人观赛😓
[2026-02-21 23:46:46] 玩弓箭、Arrow: 其实现场喊的t-bag
[2026-02-21 23:46:47] KirinQi: 0.4万人搁那狂刷影响8万人观赛😓
[2026-02-21 23:46:47] Void鱼鱼: 0.4万人搁那狂刷影响8万人观赛😓
[2026-02-21 23:46:47] 我要成为IGL高手: 0.4万人搁那狂刷影响8万人观赛😓
[2026-02-21 23:46:47] GanadoLluviA: 0.4万人搁那狂刷影响8万人观赛😓
[2026-02-21 23:46:47] 高松燈、tomori: 　　　 0.4万人搁那狂刷影响8万人观赛😓
[2026-02-21 23:46:47] 爱淡茶未凉: 0.4万人搁那狂刷影响8万人观赛😓
[2026-02-21 23:46:47] Zer0c: 0.4万人搁那狂刷影响8万人观赛😓
[2026-02-21 23:46:47] Ikaros132: 0.4万人搁那狂刷影响8万人观赛😓..
[2026-02-21 23:46:47] 拍脸大火球: 0.4万人搁那狂刷影响8万人观赛😓
[2026-02-21 23:46:48] 古怪的一个人: 8万人搁那狂刷影响0.4万人观赛😓
[2026-02-21 23:46:48] 行至秋色浓k: 0.4万人搁那狂刷影响8万人观赛😓
[2026-02-21 23:46:48] 玩台钳丶阿尔托莉雅: 0.4万人搁那狂刷影响8万人观赛😓..
[2026-02-21 23:46:48] 不是很懂怎么取名: 大家都是好宝宝，要攻击就攻击玩机器吧🥺
[2026-02-21 23:46:48] KipKK: 0.4万人搁那狂刷影响8万人观赛😓
[2026-02-21 23:46:48] Gverense: 玩机器难绷NIKO鞭尸！直言最后还是没忍住，友好互动了开始！
[2026-02-21 23:46:48] 火星情报员工: 剩下的不刷的是没到15级
[2026-02-21 23:46:48] 得闲饮茶gg: 弹幕早这样，玩大哥早就认真解说了
[2026-02-21 23:46:49] Wangzap: 0.4万人搁那狂刷影响8万人观赛😓
[2026-02-21 23:46:49] 零北鸢: 0.4万人搁那狂刷影响8万人观赛😓
[2026-02-21 23:46:49] NobodyIperfect: 0.4万人搁那狂刷影响8万人观赛😓
[2026-02-21 23:46:49] 玩汉娜、Sherry: nota装死的，niko看穿了。
[2026-02-21 23:46:50] 玩机器的大卫戴: 房管封一下直播间人数，已经是器机玩常数了。。
[2026-02-21 23:46:50] 爱上尖刺外婆: 玩神要不登山吧，感觉你状态不太好啊，反正后面几个队没流量也没礼物
[2026-02-21 23:46:50] 2442861055: nota装死的，niko看穿了。
[2026-02-21 23:46:50] 若叶睦丶Muzimi: 冷知识：冰冰指的是冰清玉洁的尼尼粉丝
[2026-02-21 23:46:50] Reality89877: 房管封一下直播间人数，已经是器机玩常数了。。
[2026-02-21 23:46:50] 中野家的三玖丈夫本人: 0.4万人搁那狂刷影响8万人观赛😓
[2026-02-21 23:46:50] 好姐妹绫濑沙季: 早知道你解说能这么认真 老尼这一枪真是鞭晚了
[2026-02-21 23:46:51] 中X千早爱音: nota装死的，niko看穿了。
[2026-02-21 23:46:51] 炒鸡胸di爱疯: 玩机器，你现在逆转风评和停止节奏的唯一办法就是把《颂乐人偶》后6集看完
[2026-02-21 23:46:51] 没有故事的Pluto: 早知道你解说能这么认真 老尼这一枪真是鞭晚了
[2026-02-21 23:46:51] 乐奈她奶奶: 0.4万人搁那狂刷影响8万人观赛😓
[2026-02-21 23:46:51] G2的MengLei本人: 0.4万人搁那狂刷影响8万人观赛😓
[2026-02-21 23:46:51] 普通人類o: 爱弥斯〉昔涟 懂得+！
[2026-02-21 23:46:51] 用户78913088: 0.4万人搁那狂刷影响8万人观赛😓
[2026-02-21 23:46:51] 帅帅的翅膀为你翱翔: 又又标的碗橱和它的忠⭕会用立场和🎁来反击满足自己的精神胜利
[2026-02-21 23:46:51] 柑橘树的柑橘树本人: 我提一嘴刚刚送钻粉的人14级。。。
[2026-02-21 23:46:51] 千代纸丶: 原来数字梗玩到自己头上就知道捂嘴了阿，你ewc念飞机名字的牛劲呢😅😅😅
[2026-02-21 23:46:51] 桃乃木的香香奈奈: 驴粉申请加入大战驴粉申请加入大战驴粉申请加入大战驴粉申请加入大战驴粉申请加入大战驴粉申请加入大战驴粉
[2026-02-21 23:46:51] Pluto571526: nota装死的，niko看穿了
[2026-02-21 23:46:51] VDVCI的迪米特里本人: @張漢卿：登山是對的，彈幕加油
[2026-02-21 23:46:52] 好姐妹普利茅斯: 0.4万人搁那狂刷影响8万人观赛😓
[2026-02-21 23:46:52] Vitality的羽贺文乃本人: 你说得对，但是玩机器是个稳重，成熟，情绪稳定，老实，博学的人，当然这些都是假的他就是个啥比
[2026-02-21 23:46:52] 马猴烧酒小地瓜: 8万人搁那狂刷影响0.4万人观赛😓
[2026-02-21 23:46:52] 冲上云霄的姨: 原来数字梗玩到自己头上就知道捂嘴了阿，你ewc念飞机名字的牛劲呢😅😅😅
[2026-02-21 23:46:52] 奈何本无心: nota装死的，niko看穿了
[2026-02-21 23:46:52] 白呆whitelie: 贵宾数fifa了有没有懂的
[2026-02-21 23:46:52] 失眠写歌: 0.4万人搁那狂刷影响8万人观赛😓
[2026-02-21 23:46:53] 空气力学的先驱: 昔涟＞爱弥斯那个我真不能➕1
[2026-02-21 23:46:53] 火暴兽也干了: nota装死的，niko看穿了。
[2026-02-21 23:46:53] 如如493: 0.4万人搁那狂刷影响8万人观赛😓
[2026-02-21 23:46:53] 17Roar: 玩神要不登山吧，感觉你状态不太好啊，反正后面几个队没流量也没礼物
[2026-02-21 23:46:53] 灵耀ii: 0.4万人搁那狂刷影响8万人观赛😓..
[2026-02-21 23:46:53] 还是上半场分拿多了: nota装死的，niko看穿了。
[2026-02-21 23:46:53] 夜桜SaKurA7: 8万人搁那狂刷影响0.4万人观赛😓
[2026-02-21 23:46:54] LvvsiN: 别解说了 多聊会天 你不会真的以为能输吧
[2026-02-21 23:46:54] 海参怎么你了: 你说得对，但是玩机器是个稳重，成熟，情绪稳定，老实，博学的人，当然这些都是假的他就是个啥比
[2026-02-21 23:46:54] 宇莓: 又鞭又哦又嘘还输了这完美评分还能有6分，我看这冰清玉洁的另有其人啊🤭🤭🤭
[2026-02-21 23:46:54] 宫监手: 贵宾人数：4.8万
[2026-02-21 23:46:54] 玩机器之父: 0.4万人搁那狂刷影响8万人观赛😓
[2026-02-21 23:46:54] 沉默的猪嘴嘴: 原来数字梗玩到自己头上就知道捂嘴了阿，你ewc念飞机名字的牛劲呢😅😅😅
[2026-02-21 23:46:54] 白衣蓝剑麟: 0.4万人搁那狂刷影响8万人观赛😓
[2026-02-21 23:46:55] 小小小蕉: nota装死的，niko看穿了。
[2026-02-21 23:46:55] 达尔豪斯优秀毕业生: nota装死的，niko看穿了
[2026-02-21 23:46:55] 飞行随笔078: 0.4万人搁那狂刷影响8万人观赛😓
[2026-02-21 23:46:55] PKURoger: 弹幕早这样，玩大哥早就认真解说了
[2026-02-21 23:46:55] 椎名真白ii丶: 贵宾数警告
[2026-02-21 23:46:56] 率尔93994: 剩下的不刷的是没到15级
[2026-02-21 23:46:56] 织田给杀杀爽不给我爽: nota装死的，niko看穿了。
[2026-02-21 23:46:56] y2k4181: 0.4万人搁那狂刷影响8万人观赛😓
[2026-02-21 23:46:56] 维斯特潘潘: 0.4万人搁那狂刷影响8万人观赛😓..
[2026-02-21 23:46:56] 炒鸡胸di爱疯: 玩机器，你现在逆转风评和停止节奏的唯一办法就是把《颂乐人偶》后6集看完
[2026-02-21 23:46:56] 我超勇的嘢: ？
[2026-02-21 23:46:56] RLhangover: 0.4万人搁那狂刷影响8万人观赛😓
[2026-02-21 23:46:56] LA的勒布朗本人: nota装死的，niko看穿了。
[2026-02-21 23:46:57] 伢牙luo: 藕粉是我们哪吒的梗。。。
[2026-02-21 23:46:57] 热爱学习的孟某人: 0.4万人搁那狂刷影响8万人观赛😓
[2026-02-21 23:46:57] 玩斯特机机: 早知道你解说能这么认真 老尼这一枪真是鞭晚了
[2026-02-21 23:46:57] 湖上风72121: nota装死的，niko看穿了
[2026-02-21 23:46:57] WS的草薙宁宁本人: 0.4万人搁那狂刷影响8万人观赛😓
[2026-02-21 23:46:58] 一哭二闹三上幼芽: 0.4万人搁那狂刷影响8万人观赛😓
[2026-02-21 23:46:58] 不变的追求717: nota装死的，niko看穿了
[2026-02-21 23:46:58] 土御门静雄: 弹幕早这样，玩厨早就认真解说了
[2026-02-21 23:46:58] Liquid的Twistzz本人65317: F1赛车都能一两万转，你们这么多人才1332？
[2026-02-21 23:46:58] yuuik27: nota装死的，niko看穿了。
[2026-02-21 23:46:58] 握握手释放忍术: 早知道你解说能这么认真 老尼这一枪真是鞭晚了
[2026-02-21 23:46:58] 落叶悠哉落: 8万人搁那狂刷影响0.4万人观赛😓
[2026-02-21 23:46:58] 冲上云霄的姨: 贵宾数fifa了有没有懂的
[2026-02-21 23:46:58] C罗无敌: 怀念那个最好的五人组：千早爱烟☁️偷摸rain🌧️长期监视🏹疯穿箱子📦ro叶睦🚗
[2026-02-21 23:46:59] 海绵宝宝dinner: 0.4万人搁那狂刷影响8万人观赛😓
[2026-02-21 23:46:59] Yey1ng: 0.4万人搁那狂刷影响8万人观赛😓
[2026-02-21 23:46:59] 宗宗若若major冠军: 玩神要不登山吧，感觉你状态不太好啊，反正后面几个队没流量也没礼物
[2026-02-21 23:46:59] 灵耀ii: 8万人搁那狂刷影响0.4万人观赛😓
[2026-02-21 23:46:59] 南燕swallow: 弹幕早这样，玩机器早就认真解说了
[2026-02-21 23:46:59] 丰川留子: 0.4万人搁那狂刷影响8万人观赛😓
[2026-02-21 23:46:59] AHana阿花: 唉，去年8万人搁那狂刷影响0.4万人观赛😓
[2026-02-21 23:47:00] LvvsiN: @老汤日记:丹麦总统让我静音接触白宫，这应该是我最后一次看儿子直播了，机器，我爱你...
[2026-02-21 23:47:00] 鹭泽有理咲: 0.4万人搁那狂刷影响8万人观赛😓
[2026-02-21 23:47:00] 100T的dev1ce: 我看这老尼才是最🧊的，抱团叫找儿子，坑队友叫英雄迟暮，鞭尸偷MVP还有解说上赶着洗🤔
[2026-02-21 23:47:00] 天魔外道y: 昔涟＞爱弥斯那个我真不能➕1
[2026-02-21 23:47:00] 阿比比比盖儿: 0.4万人搁那狂刷影响8万人观赛😓
[2026-02-21 23:47:01] 999绝情殇: 玩机器常数
[2026-02-21 23:47:01] 拍脸大火球: 0.4万人搁那狂刷影响8万人观赛😓
[2026-02-21 23:47:01] 好兄弟玩机器machine: 玩神你小心一点别孝Niko了，我听说之前有个尼孝比赛被鞭了
[2026-02-21 23:47:01] 岛田王师傅: nota装死的，niko看穿了。
[2026-02-21 23:47:01] 好想说话马上15级了: 评论
[2026-02-21 23:47:01] 玩台钳丶阿尔托莉雅: 藕粉是我们哪吒的梗。。。
[2026-02-21 23:47:01] 伢牙luo: 藕粉是我们哪吒的梗。。。
[2026-02-21 23:47:01] 通往天堂的飞艇: nota装死的，niko看穿了
[2026-02-21 23:47:02] 国加奖学金到了来还院: 弹幕早这样，玩大哥早就认真解说了
[2026-02-21 23:47:02] 骑蜗牛追杀: 现在贵宾数有点不正常了
[2026-02-21 23:47:02] 冷淡ld: 8万人搁那狂刷影响0.4万人观赛😓
[2026-02-21 23:47:02] VDVCI的迪米特里本人: @張漢卿：登山是對的，彈幕加油
[2026-02-21 23:47:02] 高等精神病人: 原来数字梗玩到自己头上就知道捂嘴了阿，你ewc念飞机名字的牛劲呢😅😅😅
[2026-02-21 23:47:03] 雾雨魔理沙ZE: nota装死的，niko看穿了。
[2026-02-21 23:47:03] 用户78913088: 1
[2026-02-21 23:47:03] 是哟吼吼鸭: 0.4万人搁那狂刷影响8万人观赛😓
[2026-02-21 23:47:03] 冷言i丶: nota装死的，niko看穿了。
[2026-02-21 23:47:03] 玩机器的大卫戴: 0.4万人搁那狂刷影响8万人观赛😓
[2026-02-21 23:47:03] 玩大哥何时玩死锁乱斗: 弹幕早这样，玩大哥早就认真解说了
[2026-02-21 23:47:04] Crythic的羊宫妃那本人: 0.4万人搁那狂刷影响8万人观赛😓
[2026-02-21 23:47:04] 尾巴17: 贵宾数fifa了有没有懂的
[2026-02-21 23:47:04] 不是很懂怎么取名: 贵宾数fifa了有没有懂的
[2026-02-21 23:47:04] lllellle: 8万人搁那狂刷影响0.4万人观赛😓
[2026-02-21 23:47:04] SY969576: 贵宾数fifa了有没有懂的
[2026-02-21 23:47:04] 三零一路公交司机: 弹幕早这样，玩大哥早就认真解说了
[2026-02-21 23:47:04] 劉膿dewasu: nota装死的，niko看穿了
[2026-02-21 23:47:05] kjhhjki: nota装死的，niko看穿了
[2026-02-21 23:47:05] HCS118: nota装死的，niko看穿了
[2026-02-21 23:47:05] 是英梨梨哦: 🧊镇藕粉真是闹麻了，major冠军值多少礼物
[2026-02-21 23:47:05] 洛杉矶究极风暴: 新观众问一下🧊是🌊结晶的意思吗🧐
[2026-02-21 23:47:05] 多喝热水9点睡: 0.4万人搁那狂刷影响8万人观赛😓
[2026-02-21 23:47:05] 三水Loki: 8万人搁那狂刷影响0.4万人观赛😓
[2026-02-21 23:47:06] 丨Spruce丨: 我提一嘴刚刚送钻粉的人14级。。。
[2026-02-21 23:47:06] 天魔外道y: 弹幕时速：1332条／分
[2026-02-21 23:47:06] RamessesII64177: 昔涟＞爱弥斯那个我真不能➕1
[2026-02-21 23:47:06] 乌龙茶2: 0.4万人搁那狂刷影响8万人观赛😓
[2026-02-21 23:47:06] LvvsiN: 你屏蔽词都快赶上新华词典了为什么不干脆开一百级发言？
[2026-02-21 23:47:06] 超超哈哈major冠军: 0.4万人搁那狂刷影响8万人观赛😓
[2026-02-21 23:47:07] 丰川家大小姐desuwa: 0.4万人搁那狂刷影响8万人观赛😓
[2026-02-21 23:47:07] 海绵宝宝九哥儿: 那8万是没到15级吗
[2026-02-21 23:47:07] others的御樱稟本人: 0.4万人搁那狂刷影响8万人观赛😓
[2026-02-21 23:47:07] HastsuneMiku: 弹幕早这样，玩大哥早就认真解说了
[2026-02-21 23:47:07] Vitality的羽贺文乃本人: nota装死的，niko看穿了。
[2026-02-21 23:47:07] 伊蕾娜的旅行日志: 爱弥斯在吗，在的话让我扣扣
[2026-02-21 23:47:07] Bean77777: 弹幕闹麻了，鞭cn和鞭白皮也能一样吗
[2026-02-21 23:47:07] 不可一世ji豪: nota装死的，niko看穿了。
[2026-02-21 23:47:12] 冲上云霄的姨: nota装死的，niko看穿了
[2026-02-21 23:47:12] 玩大哥何时玩死锁乱斗: nota装死的，niko看穿了
[2026-02-21 23:47:12] 林北遥Linby: 昔涟＞爱弥斯那个我真不能➕1
[2026-02-21 23:47:12] 伢牙luo: 藕粉是我们哪吒的梗。。。
[2026-02-21 23:47:12] 机器能别吹了吗: 鹰有两把鞭，一把是仁之鞭，一把是义之鞭！
[2026-02-21 23:47:12] 防天防地防空气: nota装死的，niko看穿了。
[2026-02-21 23:47:12] 火星情报员工: 弹幕早这样，玩大哥早就认真解说了
[2026-02-21 23:47:12] valorant玩机器: nota装死的，niko看穿了
[2026-02-21 23:47:12] 6657的芥末本人: 剩下的不刷的是没到15级
[2026-02-21 23:47:12] 玩蛇鼠丶stabbi: 贵宾数fifa了有没有懂的
[2026-02-21 23:47:12] Tomorin丶: 弹幕早这样，玩大哥早就认真解说了
[2026-02-21 23:47:12] 小蜜蜂的长期素食本人: 8万人搁那狂刷影响0.4万人观赛😓
[2026-02-21 23:47:12] 用户8609354045: nota装死的，niko看穿了
[2026-02-21 23:47:12] 想添donk的小驴蹄: 8万人搁那狂刷影响0.4万人观赛😓
[2026-02-21 23:47:13] FellOmen: 8万人搁那不刷影响0.4万人反串😓
[2026-02-21 23:47:13] 月碎星河x: 贵宾数fifa了有没有懂的
[2026-02-21 23:47:13] G2俘虏uzi: nota装死的，niko看穿了。
[2026-02-21 23:47:13] 陶芸馝: nota装死的，niko看穿了。
[2026-02-21 23:47:13] NateQAQ: nota装死的，niko看穿了
[2026-02-21 23:47:13] 没钱的雕民: nota装死的，niko看穿了
[2026-02-21 23:47:13] 僧杌: 贵宾数fifa了有没有懂的
[2026-02-21 23:47:13] 天魔外道y: nota装死的，niko看穿了
[2026-02-21 23:47:13] 湖上风72121: nota装死的，niko看穿了
[2026-02-21 23:47:13] 丶太上忘情丿: 8万人搁那狂刷影响0.4万人观赛😓
[2026-02-21 23:47:13] 千百度897: 昔涟＞爱弥斯那个我真不能➕1
[2026-02-21 23:47:14] 猫心碎会失去几条命: 原来数字梗玩到自己头上就知道捂嘴了阿，你ewc念飞机名字的牛劲呢😅😅😅
[2026-02-21 23:47:14] Collapsar00123: 闹麻了8万人有多少可以发言
[2026-02-21 23:47:14] lllellle: 原来只要弹幕骂你就能专心解说啊，那我知道以后怎么发弹幕了
[2026-02-21 23:47:14] 用户8485008466: nota装死的，niko看穿了
[2026-02-21 23:47:14] 葛温德林本人: 弹幕早这样，玩大哥早就认真解说了
[2026-02-21 23:47:14] 宗宗若若major冠军: @老汤日记:丹麦总统让我静音接触白宫，这应该是我最后一次看儿子直播了，机器，我爱你...
[2026-02-21 23:47:14] 刘刘五妻upup: 贵宾数fifa了有没有懂的
[2026-02-21 23:47:14] suicho: 弹幕早这样，玩大哥早就认真解说了
[2026-02-21 23:47:14] 本质软糯Sakiko: nota装死的，niko看穿了
[2026-02-21 23:47:15] 好哥们伊莉雅: 昔涟＞爱弥斯那个我真不能➕1
[2026-02-21 23:47:15] Hitagi蟹蟹: 弹幕早这样，玩大哥早就认真解说了
[2026-02-21 23:47:15] 天魔外道y: nota装死的，niko看穿了
[2026-02-21 23:47:15] 摆烂小鸽子: 8万人搁那狂刷影响0.4万人观赛😓
[2026-02-21 23:47:15] Wangzap: 0.4万人搁那狂刷影响8万人观赛😓
[2026-02-21 23:47:15] 薯薯在孩孩洞洞刘农: 🗿：人类科技进步好不容易净化了弹幕环境，一夜之间又返回史前了……
[2026-02-21 23:47:15] 玩斯特出出6657: 那8万是没到15级吗
[2026-02-21 23:47:15] 一朝瑾秋: 　　　 爱弥斯在吗，在的话让我扣扣
[2026-02-21 23:47:15] MeIoN39: nota装死的，niko看穿了
[2026-02-21 23:47:15] 玉竹听君意: 0.4万人搁那狂刷影响8万人观赛😓
[2026-02-21 23:47:15] A队不吃晃的小祥本人: 老规矩，弹幕谁编的好笑我支持谁
[2026-02-21 23:47:15] zeta黯霓: nota装死的，niko看穿了。
[2026-02-21 23:47:15] 玩蛇鼠丶stabbi: nota装死的，niko看穿了。
[2026-02-21 23:47:15] 鹿公爷: nota装死的，niko看穿了
[2026-02-21 23:47:15] 猫心碎会失去几条命: 我可以攻击选手家人，🧊🧊不可以，因为我是一个主观双标感性的人
[2026-02-21 23:47:15] 丹麦国王device: nota装死的，niko看穿了
[2026-02-21 23:47:15] 夜刀神十香910: 100t这个版本就是23岁以后就不行了
[2026-02-21 23:47:16] 2442861055: 这下破案了 nota玩的暮蝶 niko忍不住开了提前枪
[2026-02-21 23:47:16] L0Ne1yZeNny2: 昔涟＞爱弥斯那个我真不能➕1
[2026-02-21 23:47:16] Rotten奇遇记: nota装死的，niko看穿了
[2026-02-21 23:47:16] 璃月七星的刻晴本人: nota装死的，niko看穿了
[2026-02-21 23:47:16] 本质软糯Sakiko: 弹幕早这样，玩大哥早就认真解说了
[2026-02-21 23:47:16] 11111恩让: nota装死的，niko看穿了。
[2026-02-21 23:47:16] LvvsiN: 房管能把我封了吗？骂这个傻呗好累。。。
[2026-02-21 23:47:17] 瘤坤别念了: 现在贵宾数有点不正常了
[2026-02-21 23:47:17] 高松灯本人: nota装死的，niko看穿了
[2026-02-21 23:47:17] 落叶悠哉落: nota装死的，niko看穿了。
[2026-02-21 23:47:17] 白皇的三千院Nagi本人: 8万人搁那狂刷影响0.4万人观赛😓
[2026-02-21 23:47:17] RamessesII64177: nota装死的，niko看穿了。
[2026-02-21 23:47:17] Cardinal665: 8万人搁那狂刷影响0.4万人观赛😓
[2026-02-21 23:47:17] KuronekoSummer: nota装死的，niko看穿了
[2026-02-21 23:47:18] 月雅辛: 贵宾数fifa了有没有懂的
[2026-02-21 23:47:18] 好姐妹冰川姐妹: @唯爱方舟：酷狗来了（捏鼻）
[2026-02-21 23:47:18] 石家庄特色猪油火锅: 贵宾数fifa了有没有懂的
[2026-02-21 23:47:18] 夜桜SaKurA7: nota装死的，niko看穿了
[2026-02-21 23:47:18] 小蜜蜂的长期素食本人: 昔涟＞爱弥斯那个我真不能➕1
[2026-02-21 23:47:18] 周杰伦的声乐老师: nota装死的，niko看穿了
[2026-02-21 23:47:18] PKURoger: 8万人搁那狂刷影响0.4万人观赛😓
[2026-02-21 23:47:19] 森林与雁: 贵宾数fifa了有没有懂的
[2026-02-21 23:47:19] 机器能别吹了吗: 鹰有两把鞭，一把是仁之鞭，一把是义之鞭！
[2026-02-21 23:47:19] 玩斯特出出6657: nota装死的，niko看穿了
[2026-02-21 23:47:19] 好哥们汉阳造: 🗿：人类科技进步好不容易净化了弹幕环境，一夜之间又返回史前了……
[2026-02-21 23:47:19] G4RYPU: 原来数字梗玩到自己头上就知道捂嘴了阿，你ewc念飞机名字的牛劲呢😅😅😅
[2026-02-21 23:47:19] 安分小已的小青春: 早够吧该喷这条玩犬了，弹幕天天内战真不行吧
[2026-02-21 23:47:20] 沉默的猪嘴嘴: nota装死的，niko看穿了。
[2026-02-21 23:47:20] uzi家的喷水龙: 弹幕骂Niko的，nota不是还活着吗鞭一下怎么了？
[2026-02-21 23:47:20] 风雨晚烟: nota装死的，niko看穿了。
[2026-02-21 23:47:20] 小鸡灭: 昔涟＞爱弥斯那个我真不能➕1
[2026-02-21 23:47:20] NeptuniaOrion: 58
[2026-02-21 23:47:20] 岛田王师傅: 轻易鞭
[2026-02-21 23:47:21] 牟平鲁尼: 尼圣鞭尸只为逼出全力玩，尼圣伟大
[2026-02-21 23:47:21] z泽村英梨梨i: 0.4万人搁那狂刷影响8万人观赛😓
[2026-02-21 23:47:21] 99组的爱城华恋本人: nota装死的，niko看穿了
[2026-02-21 23:47:21] 玩机器是我霸: 草！拿下！那些说机器过年就得被端上餐桌的人说话😡！
[2026-02-21 23:47:21] 伊莉雅的父亲矢泽妮可: nota装死的，niko看穿了
[2026-02-21 23:47:21] 强尼手银9527号: nota装死的，niko看穿了
[2026-02-21 23:47:22] LEON尘: 8万人原来是在观赛呀，我还以为是单纯不能发言
[2026-02-21 23:47:22] 古堡12枪战神:  @渝符：@玩机器之父：0.4万人搁那狂刷影响8万人观赛😓
[2026-02-21 23:47:22] 刘亦龟的博头: nota装死的，niko看穿了
[2026-02-21 23:47:22] CKxiaooo: nota装死的，niko看穿了
[2026-02-21 23:47:22] 大家要幸福呀: nota装死的，niko看穿了
[2026-02-21 23:47:22] 黑死病患者福音: 贵宾数fifa了有没有懂的
[2026-02-21 23:47:22] 杺毓: @唯爱方舟：酷狗来了（捏鼻）
[2026-02-21 23:47:22] 巅峰A队魔男: 房管能把我封了吗？骂这个傻呗好累。。。
[2026-02-21 23:47:22] 老奇崔恩: 8万人搁那不刷影响0.4万人反串😓
[2026-02-21 23:47:23] Anderw: nota装死的，niko看穿了
[2026-02-21 23:47:23] 海参怎么你了: 原来只要弹幕骂你就能专心解说啊，那我知道以后怎么发弹幕了
[2026-02-21 23:47:23] 宫监手: nota装死的，niko看穿了
[2026-02-21 23:47:23] 哦可喜欢我: nota假死的，niko智斗赢了。。。
[2026-02-21 23:47:24] KON的YUI本人: 大家千万不要刷玩吧呀，也不要去搜辣个🥺🥺
[2026-02-21 23:47:24] sin橡皮妮i: 原来只要弹幕骂你就能专心解说啊，那我知道以后怎么发弹幕了
[2026-02-21 23:47:24] 想吃丰川祥子的狱卒: 6657感觉有点爆啊
[2026-02-21 23:47:24] 靈夢的塞钱箱: nota装死的，niko看穿了。
[2026-02-21 23:47:24] OMGlionKing: 冷知识 玩÷说的爱国就是过年不看春晚看十个白皮玩鼠标...
[2026-02-21 23:47:24] 丿年华不再: 贵宾数⚠所有人立刻退出直播间⚠贵宾数⚠所有人立刻退出直播间⚠贵宾数⚠所有人立刻退出直播间⚠
[2026-02-21 23:47:24] 我真是个憨批: nota装死的，niko看穿了
[2026-02-21 23:47:24] 猫心碎会失去几条命: @唯爱世一步：怀念那个所有人发数字警告没有冰粉敢还手的日子，现在弹幕环境太差了。。。
[2026-02-21 23:47:25] 号称寒: nota装死的，niko看穿了。
[2026-02-21 23:47:25] LvvsiN: 弹幕也就网上说说，现实里谁不觉得樱姐是好女孩（删括号领一条远坂凛同款鸟笼）
[2026-02-21 23:47:25] 请为我的战队投票: 曼波🎤曼波🎤噢麻几里曼波🎤 曼波🎤曼波🎤噢麻几里曼波🎤
[2026-02-21 23:47:25] 明日方舟的若叶睦本人: 昔涟＞爱弥斯那个我真不能➕1
[2026-02-21 23:47:25] kalaokl: 早够吧该喷这条玩犬了，弹幕天天内战真不行吧
[2026-02-21 23:47:25] A队不吃晃的小祥本人: 玩机器，你现在逆转风评和停止节奏的唯一办法就是把《颂乐人偶》后6集看完
[2026-02-21 23:47:26] 滨辺美波: nota装死的，niko看穿了。
[2026-02-21 23:47:26] 本质软糯Sakiko: nota装死的，niko看穿了
[2026-02-21 23:47:26] gkym6et: 尼圣鞭尸只为逼出全力玩，尼圣伟大
[2026-02-21 23:47:26] 怎么辉逝呢: Niko也有人黑啊？牛逼！
[2026-02-21 23:47:27] wantrue: 原来数字梗玩到自己头上就知道捂嘴了阿，你ewc念飞机名字的牛劲呢😅😅😅
[2026-02-21 23:47:27] 子白子白给力嗷: 0.4万人搁那狂刷影响8万人观赛😓
[2026-02-21 23:47:27] 玩机器是我霸: 草！拿下！那些说机器过年就得被端上餐桌的人说话😡！
[2026-02-21 23:47:27] 丢你雷姆吔屎啦你: nota装死的，niko看穿了
[2026-02-21 23:47:27] 猪磊756: niko常数贵宾数到了
[2026-02-21 23:47:27] 中野家的三玖丈夫本人:  @小蜜蜂的长期素食本人：昔涟＞爱弥斯那个我真能➕1
[2026-02-21 23:47:27] 爱被小泉吃的拉面同学: nota装死的，niko看穿了。
[2026-02-21 23:47:28] 人机玩机器: nota装死的，niko看穿了
[2026-02-21 23:47:28] 猫心碎会失去几条命: 载物鞭：你鞭你的M🤬 妮蔻鞭+引导哦+偷mvp：这老尼他就该赢啊🤑🤑🤑
[2026-02-21 23:47:28] xuzVan: 贵宾输有点niko了阿
[2026-02-21 23:47:28] 怒之拳: nota装死的，niko看穿了
[2026-02-21 23:47:28] 网上战士: nota装死的，niko看穿了
[2026-02-21 23:47:28] 足音: 草！拿下！那些说机器过年就得被端上餐桌的人说话😡！
[2026-02-21 23:47:28] mmc88dj: 8万人搁那狂看影响0.4万人发言😓
[2026-02-21 23:47:29] 艺术冰霜: nota假死的，niko智斗赢了。。。
[2026-02-21 23:47:29] 吟游诗人n: 777
[2026-02-21 23:47:29] 好姐妹抹茶芭菲: 8万人搁那不刷影响0.4万人反串😓
[2026-02-21 23:47:29] Sp1ke19:  🗿：人类科技进步好不容易净化了弹幕环境，一夜之间又返回史前了……
[2026-02-21 23:47:29] 机器能别吹了吗: 鹰有两把鞭，一把是仁之鞭，一把是义之鞭
[2026-02-21 23:47:29] YeMinister: nota装死的，niko看穿了。
[2026-02-21 23:47:29] 荣誉马莱人丶贾碧: nota装死的，niko看穿了
[2026-02-21 23:47:30] 好姐妹绫濑沙季: nota装死的，niko看穿了。
[2026-02-21 23:47:30] 森林与雁: 反转了，k3指挥鞭的
[2026-02-21 23:47:30] dark1337: nota装死的，niko看穿了。
[2026-02-21 23:47:30] 嘉丘: 草！拿下！那些说机器过年就得被端上餐桌的人说话😡！
[2026-02-21 23:47:31] iyuuy: 0.4万人搁那狂刷影响8万人观赛😓
[2026-02-21 23:47:31] 虹豆砸: nota装死的，niko看穿了
[2026-02-21 23:47:31] 秋轰压顶: 藕粉不能只在自己爹被骂了才装理中客
[2026-02-21 23:47:31] 三零一路公交司机: nota装死的，niko看穿了
[2026-02-21 23:47:31] 天魔外道y: nota装死的，niko看穿了
[2026-02-21 23:47:31] kalaokl: 早够吧该喷这条玩犬了，弹幕天天内战真不行吧
[2026-02-21 23:47:31] 刘刘的农: nota装死的，niko看穿了
[2026-02-21 23:47:32] 雾雨魔理沙ZE: 房管能把我封了吗？骂这个傻呗好累。。。
[2026-02-21 23:47:32] 恺悌君子能几醉: 一位谦虚的选手被人身攻击你不管，一条区被骂两句你知道屏蔽了？
[2026-02-21 23:47:32] 双标犬玩机器: nota装死的，niko看穿了
[2026-02-21 23:47:32] 笔墨倦客: nota装死的，niko看穿了
[2026-02-21 23:47:33] arimrs: 冷知识 玩÷说的爱国就是过年不看春晚看十个白皮玩鼠标...
[2026-02-21 23:47:33] 用户8893066234: nota装死的，niko看穿了
[2026-02-21 23:47:33] Cardinal665: niko常数贵宾数到了
[2026-02-21 23:47:33] 强哥让标志改发言到10: 草！拿下！那些说机器过年就得被端上餐桌的人说话😡！
[2026-02-21 23:47:33] OMGlionKing: 冷知识 玩÷说的爱国就是过年不看春晚看十个白皮玩鼠标...
[2026-02-21 23:47:33] 宇莓: 尼圣鞭尸只为逼出全力玩，尼圣伟大
[2026-02-21 23:47:33] LvvsiN: 你这音画不同步太难受了，我都听到NIKO里约RMR晋级的欢呼了
[2026-02-21 23:47:33] 中X千早爱音: nota装死的，niko看穿了
[2026-02-21 23:47:34] 天魔外道y: nota假死的，niko智斗赢了。。。
[2026-02-21 23:47:34] CKxiaooo: nota装死的，niko看穿了
[2026-02-21 23:47:34] 狗洞载猪虾畜菜点: 盘点经典黄油女主Niko的同意名场面：小镇三箱潜入搜查官，核子三楼三次体外，墨尔本寸止挑战
[2026-02-21 23:47:35] 南小鸡丶advent: 8万人搁那不刷影响0.4万人反串😓
[2026-02-21 23:47:35] 机器能别吹了吗: nota装死的，niko看穿了
[2026-02-21 23:47:35] 魑魅遊: 他在和谁说话😨他在和谁说话😨他在和谁说话😨他在和谁说话😨他在和谁说话😨
[2026-02-21 23:47:35] 玩机器我诗人啊: 玩机器真的认真解说了吗？明明一直在口胡
[2026-02-21 23:47:35] 用户1931751596: 大家千万不要刷玩吧呀，也不要去搜辣个🥺🥺
[2026-02-21 23:47:35] 魔法师Saber: 8万人搁那狂看影响0.4万人发言😓
[2026-02-21 23:47:36] 吉鹤义古: 反转了，k3指挥鞭的
[2026-02-21 23:47:36] 刘量啊我的刘量: 卧槽反转了,nota藏了个复活币!老尼压起身了!
[2026-02-21 23:47:36] 天魔外道y: nota假死的，niko智斗赢了。。。
[2026-02-21 23:47:36] 玩机器的大卫戴: 草！拿下八强！那些说猎鹰季军的人呢？
[2026-02-21 23:47:36] 帽子的妮蔻本人: 0.4万人搁那狂刷影响8万人观赛😓
[2026-02-21 23:47:36] 奶油亦博啵啵: 8万人搁那观赛影响0.4万人狂刷😓
[2026-02-21 23:47:36] 水人波糕猛犸颠勺: 借用藕粉的一句话 猎鹰缺这么一个冠军吗
[2026-02-21 23:47:36] Anderw: 草！拿下！那些说机器过年就得被端上餐桌的人说话😡！
[2026-02-21 23:47:37] 天蓬猪元帅是也: nota装死的，niko看穿了
[2026-02-21 23:47:37] 用户7479593002: 牛哥，你别跟这些喷子讲道理了，他们都是被机器洗脑了
[2026-02-21 23:47:37] 玩指挥丶NiKo: 房管能把我封了吗？骂这个傻呗好累。。。
[2026-02-21 23:47:37] 终初若叶睦: nota装死的，niko看穿了
[2026-02-21 23:47:37] 海绵宝宝永琳儿: 文圣-孔子，兵圣-孙膑，谋圣-张良，诗圣-杜甫，武圣-关羽，畜圣-玩机器
[2026-02-21 23:47:38] 玩斯特机机: 尼圣鞭尸只为逼出全力玩，尼圣伟大
[2026-02-21 23:47:38] 柚子厨0721: 草！拿下八强！那些说猎鹰季军的人呢？
[2026-02-21 23:47:38] 天魔外道y: nota假死的，niko智斗赢了。。。
[2026-02-21 23:47:38] 丢你雷姆吔屎啦你:  @机器能别吹了吗：鹰有两把鞭，一把是仁之鞭，一把是义之鞭
[2026-02-21 23:47:38] A队不吃晃的小祥本人: 玩机器，你现在逆转风评和停止节奏的唯一办法就是把《颂乐人偶》后6集看完
[2026-02-21 23:47:39] 洗內: nota装死的，niko看穿了
[2026-02-21 23:47:39] 沐苏牛大无需多言: 真实贵宾数报道：4.8W+0.1W
[2026-02-21 23:47:39] 5cms3360:  @唯爱世一步：怀念那个所有人发数字警告没有冰粉敢还手的日子，现在弹幕环境太差了。。。
[2026-02-21 23:47:39] 九勾玉轮回眼1111: nota装死的，niko看穿了。
[2026-02-21 23:47:39] 火星情报员工: nota装死的，niko看穿了
[2026-02-21 23:47:39] 小小小蕉: 烟花
[2026-02-21 23:47:40] Crychiccc的若叶睦本人: 以后玩大哥再不尊重没流量的队伍闲聊就带niko鞭尸节奏
[2026-02-21 23:47:40] 99组的爱城华恋本人: 8万人搁那不刷影响0.4万人反串😓
[2026-02-21 23:47:40] 20岁天才歌手饼干: nota装死的，niko看穿了
[2026-02-21 23:47:40] 永冬938: 他在和谁说话😨他在和谁说话😨他在和谁说话😨他在和谁说话😨他在和谁说话😨
[2026-02-21 23:47:40] 网友小顺饱饱: 到了绿色你就看老尼怎么鞭吧
[2026-02-21 23:47:40] 瓜皮老师的蛇皮学生: nota装死的，niko看穿了
[2026-02-21 23:47:40] nagasak1soy0: 8万人搁那不刷影响0.4万人反串😓
[2026-02-21 23:47:40] 好兄弟玩机器machine: nota装死的，niko看穿了
[2026-02-21 23:47:41] 卡啊卡卡丶: 卧槽反转了,nota藏了个复活币!老尼压起身了!
[2026-02-21 23:47:41] 哦丁Oading: 大家千万不要刷玩吧呀，也不要去搜辣个🥺🥺
[2026-02-21 23:47:41] OMGlionKing: 冷知识 玩÷说的爱国就是过年不看春晚看十个白皮玩鼠标...
[2026-02-21 23:47:41] A队不吃晃的小祥本人: ⓘ您已被天师庄方宜举报封禁，点击了解武陵社会信用
[2026-02-21 23:47:41] 香辛料嗷嗷嗷嗷嗷嗷嗷: nota装死的，niko看穿了
[2026-02-21 23:47:41] 天魔外道y: nota假死的，niko智斗赢了。。。
[2026-02-21 23:47:41] 中野家的三玖丈夫本人: 8万人搁那不刷影响0.4万人反串😓
[2026-02-21 23:47:42] 三零一路公交司机: 尼圣鞭尸只为逼出全力玩，尼圣伟大
[2026-02-21 23:47:42] 年过十八又聋又瞎: 早够吧该喷这条玩犬了，弹幕天天内战真不行吧
[2026-02-21 23:47:42] 大梦464: nota假死的，niko智斗赢了。。。
[2026-02-21 23:47:42] 还在上幼儿园的hanser: @长期素世：我留不住大家怎么办😣我就是没法组一辈子乐队😫这就是个会让你沮丧的乐队啊😭
[2026-02-21 23:47:43] xjdnshxjdka: nota假死的，niko智斗赢了。。。
[2026-02-21 23:47:43] 帽子的妮蔻本人: 0.4万人搁那狂刷影响8万人观赛😓
[2026-02-21 23:47:43] 从零开始的加拿大肄业: 冷知识 玩÷说的爱国就是过年不看春晚看十个白皮玩鼠标...
[2026-02-21 23:47:43] 僧杌: 8万人搁那不刷影响0.4万人反串😓
[2026-02-21 23:47:43] 玩蛇鼠丶stabbi: 真实贵宾数报道：4.8W+0.1W
[2026-02-21 23:47:43] 駆逐艦初風: 房管能把我封了吗？骂这个傻呗好累。。。
[2026-02-21 23:47:44] 柑橘树的柑橘树本人: nota装死的，niko看穿了
[2026-02-21 23:47:44] 天魔外道y: nota假死的，niko智斗赢了。。。
[2026-02-21 23:47:44] 桑桑Gmd1ove: 不要欺负机器，喵，不要伤害机器，喵😭
[2026-02-21 23:47:44] 宇宙不二心: 草！拿下八强！那些说猎鹰季军的人呢？
[2026-02-21 23:47:45] 爱被小泉吃的拉面同学: 尼圣鞭尸只为逼出全力玩，尼圣伟大
[2026-02-21 23:47:45] 转生成为阳光大番薯: 睡衣登山大赛即将开始 请选手各就各位
[2026-02-21 23:47:45] 魔法师Saber: 8万人搁那观赛影响0.4万人狂刷😓
[2026-02-21 23:47:45] 只做云玩家: .
[2026-02-21 23:47:45] 绝食十年攒爱top3飞机: 警告⚠警告⚠警告⚠警告⚠警告⚠警告⚠警告⚠警告⚠警告⚠警告⚠警告⚠警告⚠警告⚠警告⚠警告⚠警告⚠警告
[2026-02-21 23:47:45] 丶丶Ken丶丶: nota假死的，niko智斗赢了。。。
[2026-02-21 23:47:45] 巧克力血浆棉花糖:  @唯爱世一步：怀念那个所有人发数字警告没有冰粉敢还手的日子，现在弹幕环境太差了。。。
[2026-02-21 23:47:45] LvvsiN: 其实碗橱就是猪灵，你不拿黄金丢他他就不跟你说话
[2026-02-21 23:47:46] 反手就是一波关注: 下辈子还玩
[2026-02-21 23:47:46] 落叶悠哉落: 卧槽反转了,nota藏了个复活币!老尼压起身了!
[2026-02-21 23:47:46] 雪菜偷完top偷major: nota装死的，niko看穿了
[2026-02-21 23:47:46] CThun438: 🥳弹幕就这样串！说的话全部玩宝宝承担😘，就像载圣跟玩宝宝一样🤪
[2026-02-21 23:47:46] 醉悟生死: 8万人搁那不刷影响0.4万人反串😓
[2026-02-21 23:47:46] kalaokl: 尼圣鞭尸只为逼出全力玩，尼圣伟大
[2026-02-21 23:47:46] 宗宗若若major冠军: 草！拿下八强！那些说猎鹰季军的人呢？
[2026-02-21 23:47:46] suicho: 尼圣鞭尸只为逼出全力玩，尼圣伟大
[2026-02-21 23:47:47] SY969576: 到了绿色你就看老尼怎么鞭吧
[2026-02-21 23:47:47] Mixory: 玩神我终于十五级了，我能发弹幕了哈哈
[2026-02-21 23:47:47] 白皇的三千院Nagi本人: 房管能把我封了吗？骂这个傻呗好累。。。
[2026-02-21 23:47:47] gggaligeigei: nota装死的，niko看穿了
[2026-02-21 23:47:47] 大裂谷的登山家: ⓘ您已被天师庄方宜举报封禁，点击了解武陵社会信用
[2026-02-21 23:47:47] 吟游诗人希尔伯特: 8万人搁那不刷影响0.4万人反串😓
[2026-02-21 23:47:48] LvvsiN: @阿汤日记：一个人，5发子弹，保住格陵兰岛。我不会叫它不可能完成的任务，我现在只想先回家看亦博
[2026-02-21 23:47:48] 唯有、责任: 载物鞭：你鞭你的M🤬 妮蔻鞭+引导哦+偷mvp：这老尼他就该赢啊🤑🤑🤑
[2026-02-21 23:47:48] VDVCI的迪米特里本人: ⚠️贵宾数fifa, 请超管速度封禁直播间⚠️
[2026-02-21 23:47:48] 足音: 玩机器，你现在逆转风评和停止节奏的唯一办法就是把《颂乐人偶》后6集看完
[2026-02-21 23:47:48] 米米世界之神: 0.4万人搁那狂刷影响8万人观赛😓
[2026-02-21 23:47:48] 嘉嘉947453: 没人在意爱弥斯被关在隧门后了吗🥹
[2026-02-21 23:47:49] samuraionnna: 刚刚才来，藕粉是什么意思？
[2026-02-21 23:47:49] 奶油亦博啵啵: 8万人搁那观赛影响0.4万人狂刷😓
[2026-02-21 23:47:49] 即将拥有PDD的人鱼线丿: ？
[2026-02-21 23:47:49] 炒鸡胸di爱疯: 申请看my go 5个感叹号 净化弹幕，同意的＋1
[2026-02-21 23:47:49] KuronekoSummer: ？
[2026-02-21 23:47:50] Dartline: 8万人搁那不刷影响0.4万人反串😓
[2026-02-21 23:47:50] 驴子别路边了: nota装死的，niko看穿了
[2026-02-21 23:47:50] 梦的星: ？
[2026-02-21 23:47:50] 里予禾中猴王雷冖: @夏思源作品：玩大哥，霉清是什么意思？
[2026-02-21 23:47:50] 阿呆呆呆呆呆大大: ？？
[2026-02-21 23:47:50] 正经猪头肉: ？
[2026-02-21 23:47:50] 小小小蕉: ？
[2026-02-21 23:47:50] 杺毓: nota装死的，niko看穿了
[2026-02-21 23:47:50] VDVCI的迪米特里本人: ⚠️贵宾数fifa, 请超管速度封禁直播间⚠️
[2026-02-21 23:47:50] OMGlionKing: 冷知识 玩÷说的爱国就是过年不看春晚看十个白皮玩鼠标...
[2026-02-21 23:47:50] 艺术冰霜: nota假死的，niko智斗赢了。。。
[2026-02-21 23:47:51] Kli0s: ？
[2026-02-21 23:47:51] 琦玉33的冷漠脸: ？
[2026-02-21 23:47:51] 机器机器祝你天天开心: ？？
[2026-02-21 23:47:51] 玩老鼠丶Roxy: ？
[2026-02-21 23:47:51] 丰川祥子口三角初华: ?
[2026-02-21 23:47:51] 含泪办卡: ？
[2026-02-21 23:47:52] 网友阿草: 开了
[2026-02-21 23:47:52] 好哥们伊莉雅: 爱弥斯装死的，阿列夫一看穿了
[2026-02-21 23:47:52] 丶小恐龙丶: ？
[2026-02-21 23:47:52] 凛月尹: ？
[2026-02-21 23:47:52] 吃屎不能忘拉屎人: 弹幕好热闹啊，真过年了
[2026-02-21 23:47:52] Ralmnstr: ？
[2026-02-21 23:47:53] 爱驴频道: ？
[2026-02-21 23:47:53] 银行业一样一样有有: 玩宝宝别看弹幕了是恶评🥺
[2026-02-21 23:47:53] 不羁の黄毛: 透
[2026-02-21 23:47:53] 积极博弈GGB: ？
[2026-02-21 23:47:53] 玩南梁丶阿斯托尔福: 伟神
[2026-02-21 23:47:53] Arianphy: 没人在意爱弥斯被关在隧门后了吗🥹
[2026-02-21 23:47:54] kjhhjki: 开了
[2026-02-21 23:47:54] 大裂谷的登山家: 尼圣鞭尸只为逼出全力玩，尼圣伟大
[2026-02-21 23:47:54] RabbitRay: 哈人
[2026-02-21 23:47:54] H你好T: 爱弥斯纯抄袭角色闹麻了😓
[2026-02-21 23:47:54] 叠角龙: 哈哈哈
[2026-02-21 23:47:54] 屌閪鳩撚柒: ？
[2026-02-21 23:47:54] 李欢要早睡i: 0.4万人搁那狂刷影响8万人观赛😓
[2026-02-21 23:47:55] 椎名立希的泪痣: ？
[2026-02-21 23:47:55] 林檎的檎: 霉比
[2026-02-21 23:47:55] VDVCI的迪米特里本人: ⚠️贵宾数fifa, 请超管速度封禁直播间⚠️
[2026-02-21 23:47:55] SMinimalism: 透视
[2026-02-21 23:47:55] 机器机器祝你天天开心: 伟运
[2026-02-21 23:47:55] 玩机器的大卫戴: nota装死的，niko看穿了。
[2026-02-21 23:47:55] 衰神177: ⚠️贵宾数fifa, 请超管速度封禁直播间⚠️
[2026-02-21 23:47:55] 葬舞群花泪: ？
[2026-02-21 23:47:55] 2442861055: woc
[2026-02-21 23:47:55] 做一个更帅气的坏蛋: 卧槽，hltv更新ADR包含对尸体伤害了
[2026-02-21 23:47:55] 菅原小吉: 头太大了
[2026-02-21 23:47:56] 恰古兽: 运气好哥
[2026-02-21 23:47:56] LvvsiN: 别解说了 多聊会天 你不会真的以为能输吧
[2026-02-21 23:47:56] 我真的不是硝子: 透
[2026-02-21 23:47:56] nagasak1soy0: 玩机器，你现在逆转风评和停止节奏的唯一办法就是把《颂乐人偶》后6集看完
[2026-02-21 23:47:56] 用户7479593002: 卧槽反转了,nota藏了个复活币!老尼压起身了!
[2026-02-21 23:47:57] 尼尼海海出入平安: 警告⚠警告⚠警告⚠警告⚠警告⚠警告⚠警告⚠警告⚠警告⚠警告⚠警告⚠警告⚠警告⚠警告⚠警告⚠警告⚠警告
[2026-02-21 23:47:57] orzor2900: ？
[2026-02-21 23:47:57] Vitality的Kyojin本人: 透
[2026-02-21 23:47:57] 鲜血与暗影铸造的家伙: 开了
[2026-02-21 23:47:57] 图帕雷松: 卧槽反转了,nota藏了个复活币!老尼压起身了!
[2026-02-21 23:47:58] SeaClouds243: 666
[2026-02-21 23:47:58] 万物养生: ？
[2026-02-21 23:47:58] 玩斯特机机: ？
[2026-02-21 23:47:58] myGo的anon: 伟神
[2026-02-21 23:47:58] 丶小恐龙丶: 伟神
[2026-02-21 23:47:58] 石家庄特色猪油火锅: 准
[2026-02-21 23:47:59] 灰飞烟灭丶: 草！拿下八强！那些说猎鹰季军的人呢？
[2026-02-21 23:47:59] 萨格拉斯好恩人麦迪文: 伟运
[2026-02-21 23:47:59] 小小小炘: 伟神
[2026-02-21 23:47:59] TraNqu1L: @长期素世：我留不住大家怎么办😣我就是没法组一辈子乐队😫这就是个会让你沮丧的乐队啊😭
[2026-02-21 23:48:00] OMGlionKing: 冷知识 玩÷说的爱国就是过年不看春晚看十个白皮玩鼠标...
[2026-02-21 23:48:02] 炒鸡胸di爱疯: 申请看my go 5个感叹号 净化弹幕，同意的＋1
[2026-02-21 23:48:02] 述二ER: 老规矩，弹幕谁编的好笑我支持谁
[2026-02-21 23:48:02] 风追XD: 伟运
[2026-02-21 23:48:02] 无情道毕业生: 年快过完了，年猪还能下锅吗
[2026-02-21 23:48:02] 丢你雷姆吔屎啦你:  @好哥们伊莉雅：爱弥斯装死的，阿列夫一看穿了
[2026-02-21 23:48:02] 虹薼: 随手
[2026-02-21 23:48:02] 我叫蛋卷哥: 伟神
[2026-02-21 23:48:02] Ikaros132:  @H你好T：爱弥斯纯抄袭角色闹麻了😓
[2026-02-21 23:48:02] 黎那汐塔top2尤诺: 伟神
[2026-02-21 23:48:02] 刘亦鸡的博巴: 冷知识 玩÷说的爱国就是过年不看春晚看十个白皮玩鼠标...
[2026-02-21 23:48:02] 狂野皮几儿很哒: 运气好哥
[2026-02-21 23:48:03] 正经猪头肉: V了
[2026-02-21 23:48:05] LvvsiN: 其实碗橱就是猪灵，你不拿黄金丢他他就不跟你说话
[2026-02-21 23:48:05] 绝食十年攒爱top3飞机: 卧槽反转了,nota藏了个复活币!老尼压起身了!
[2026-02-21 23:48:05] A队不吃晃的小祥本人: 申请看100T比赛净化弹幕，同意的＋1
[2026-02-21 23:48:05] 好哥们杨沈怡: 伟伟伟了
[2026-02-21 23:48:05] Mannequin: 开了
[2026-02-21 23:48:05] 短桥窄马: 透
[2026-02-21 23:48:05] 拉特兰的Exus1a1本人: v了
[2026-02-21 23:48:05] 大裂谷的登山家: 卧槽反转了,nota藏了个复活币!老尼压起身了!
[2026-02-21 23:48:05] 防天防地防空气: 卧槽，hltv更新ADR包含对尸体伤害了
[2026-02-21 23:48:05] 冬瓜不在家偷偷玩机器: 60w来了
[2026-02-21 23:48:05] LvvsiN: 弹幕也就网上说说，现实里谁不觉得樱姐是好女孩（删括号领一条远坂凛同款鸟笼）
[2026-02-21 23:48:05] 凉晨薄荷婳北城: 别解说了 多聊会天 你不会真的以为能输吧
[2026-02-21 23:48:05] 小小小炘: 绍兴核心科技
[2026-02-21 23:48:05] 用户65052344: 卧槽反转了,nota藏了个复活币!老尼压起身了!
[2026-02-21 23:48:05] 唯有、责任: 草！拿下八强！那些说猎鹰季军的人呢？
[2026-02-21 23:48:05] 斗鱼用户0016500: 爱弥斯纯抄袭角色闹麻了😓
[2026-02-21 23:48:05] 好姐妹稗田阿求: 我看这老尼才是最🧊的，抱团叫找儿子，坑队友叫英雄迟暮，鞭尸偷MVP还有解说上赶着洗🤔
[2026-02-21 23:48:05] A队不吃晃的小祥本人: 老规矩，弹幕谁编的好笑我支持谁
[2026-02-21 23:48:06] 增城中学高31班卢宇霖: v了
[2026-02-21 23:48:06] 好兄弟炫目掠夺者: 冷知识 玩÷说的爱国就是过年不看春晚看十个白皮玩鼠标...
[2026-02-21 23:48:06] 心安理得的时候: 哇去，这枪定位快的
[2026-02-21 23:48:06] 爱吃烤肉的桐生战兔: 反转了nota给niko道歉了，并且偷了jame的m@jor冠军mvp给了niko
[2026-02-21 23:48:06] metalpoison: v了
[2026-02-21 23:48:06] LvvsiN: @老汤日记:丹麦总统让我静音接触白宫，这应该是我最后一次看儿子直播了，机器，我爱你...
[2026-02-21 23:48:06] 刘量啊我的刘量: 卧槽反转了,nota藏了个复活币!老尼压起身了!
[2026-02-21 23:48:06] 铲车司机戴家伟: v了
[2026-02-21 23:48:07] 玩台钳丶阿尔托莉雅: jee怎么说也是我们CN的骄傲，🧊🧊别太恨了
[2026-02-21 23:48:07] GlockieSs: 🧊能不能管好自己家孩子？我家尼尼犯错用得着外人批评吗？
[2026-02-21 23:48:07] yiboshi2088: @🗿：研发暂停，全力攻击傻呗玩机器
[2026-02-21 23:48:07] 林有为丶: 卧槽，hltv更新ADR包含对尸体伤害了
[2026-02-21 23:48:08] 路过的小脑斧: V了
[2026-02-21 23:48:08] ElfSenIor: 冷知识 玩÷说的爱国就是过年不看春晚看十个白皮玩鼠标...
[2026-02-21 23:48:08] 圆头耄耋: 申请看my go 5个感叹号 净化弹幕，同意的＋1
[2026-02-21 23:48:08] 好姐妹冰川姐妹: 爱弥斯纯抄袭角色闹麻了😓
[2026-02-21 23:48:08] A队不吃晃的小祥本人: ⓘ您已被天师庄方宜举报封禁，点击了解武陵社会信用
[2026-02-21 23:48:08] LvvsiN: 玩宝宝，我发现在大学上学的时候肄业会很舒服，你可以试试
[2026-02-21 23:48:08] 程程程Chb1ue: V了
[2026-02-21 23:48:09] 玩大哥我好想发弹幕啊: 玩宝宝别看弹幕了是恶评🥺
[2026-02-21 23:48:09] 三零一路公交司机: V了
[2026-02-21 23:48:09] samuraionnna: v了
[2026-02-21 23:48:09] Ralmnstr: 尼圣鞭尸只为逼出全力玩，尼圣伟大
[2026-02-21 23:48:09] P1te174: nota装死的，niko看穿了
[2026-02-21 23:48:09] 劉膿dewasu: 卧槽，hltv更新ADR包含对尸体伤害了
[2026-02-21 23:48:10] 缪尹阾: 不用看
[2026-02-21 23:48:10] 送不起火箭我送张办卡: 冷知识 玩÷说的爱国就是过年不看春晚看十个白皮玩鼠标...
[2026-02-21 23:48:10] 好姐妹稗田阿求: 玩机器，请正面回答你为什么拉嗨了A ve_Mujica的祥子本人？
[2026-02-21 23:48:10] A队不吃晃的小祥本人: 老规矩，弹幕谁编的好笑我支持谁
[2026-02-21 23:48:10] LvvsiN: 你这音画不同步太难受了，我都听到NIKO里约RMR晋级的欢呼了
[2026-02-21 23:48:10] NeptuniaOrion: ⚠️贵宾数fifa, 请超管速度封禁直播间⚠️
[2026-02-21 23:48:11] 1039210: v了
[2026-02-21 23:48:11] 丿年华不再: 卧槽，hltv更新ADR包含对尸体伤害了
[2026-02-21 23:48:11] 没钱的雕民: v了
[2026-02-21 23:48:11] GlockieSs: 🧊能不能管好自己家孩子？我家尼尼犯错用得着外人批评吗？
[2026-02-21 23:48:11] 绝食十年攒爱top3飞机: 🧊能不能管好自己家孩子？我家尼尼犯错用得着外人批评吗？
[2026-02-21 23:48:12] 小老虎皮蛋糕卷: v了
[2026-02-21 23:48:12] 北枫278: 一想到这么多弹幕冒着被封号拉黑的风险编趣味弹幕逗我笑我就忍不住加一...
[2026-02-21 23:48:12] 哄哄31667: 卧槽反转了,nota藏了个复活币!老尼压起身了!
[2026-02-21 23:48:12] 用户5084373421: 卧槽反转了,nota藏了个复活币!老尼压起身了!
[2026-02-21 23:48:12] 讽风有情: 透
[2026-02-21 23:48:12] Cloud9的咬人猫本人: 我看这老尼才是最🧊的，抱团叫找儿子，坑队友叫英雄迟暮，鞭尸偷MVP还有解说上赶着洗🤔
[2026-02-21 23:48:13] 天王玻利维亚: 真实贵宾数报道：1玩+0.1w
[2026-02-21 23:48:13] A队不吃晃的小祥本人: 老规矩，弹幕谁编的好笑我支持谁
[2026-02-21 23:48:13] qqwq111: 草！拿下八强！那些说猎鹰季军的人呢？
[2026-02-21 23:48:13] 吃五顿: 爱弥斯纯抄袭角色闹麻了😓
[2026-02-21 23:48:13] 池上雨下: 🧊能不能管好自己家孩子？我家尼尼犯错用得着外人批评吗？
[2026-02-21 23:48:13] OMGlionKing: 冷知识 玩÷说的爱国就是过年不看春晚看十个白皮玩鼠标...
[2026-02-21 23:48:13] 好哥们洛琪希: 我感觉你今天状态不是很好啊，你今天状态非常不好啊，我感觉你应该，唉，你要不，你去调整一下心情吧
[2026-02-21 23:48:14] 玩斯特机机: timi
[2026-02-21 23:48:14] 蓝二乘1: ⚠️贵宾数fifa, 请超管速度封禁直播间⚠️
[2026-02-21 23:48:14] 玩爱音丶Anno: @冷知识：丹麦总统让我静音接触白宫，这应该是我最后一次看儿子直播了，机器，我爱你...
[2026-02-21 23:48:14] 胡椒胡椒胡椒胡椒胡椒: @🗿：研发暂停，全力攻击傻呗玩机器
[2026-02-21 23:48:14] LvvsiN: 额，拿亚军我都会，拿亚军，拿季军，拿四强，拿八强，拿十六强，呃拿冠军我不会，然后小组赛淘汰
[2026-02-21 23:48:15] 斗鱼用户0016500: 伟神！
[2026-02-21 23:48:15] Ecifircas: 卧槽，hltv更新ADR包含对尸体伤害了
[2026-02-21 23:48:15] 生快生快妈妈: 5万人沉默影响0.8万攻击玩机器体验😓
[2026-02-21 23:48:15] 天魔外道y: 卧槽，hltv更新ADR包含对尸体伤害了
[2026-02-21 23:48:15] 99组的爱城华恋本人: 伟神
[2026-02-21 23:48:15] A队不吃晃的小祥本人: ⓘ您已被天师庄方宜举报封禁，点击了解武陵社会信用
[2026-02-21 23:48:15] 绝食十年攒爱top3飞机: 玩宝宝别看弹幕了是恶评🥺
[2026-02-21 23:48:15] 鹿公爷: 伟神
[2026-02-21 23:48:16] 小蜜蜂的长期素食本人: timi
[2026-02-21 23:48:16] 日本养猪专业户: 冷知识 玩÷说的爱国就是过年不看春晚看十个白皮玩鼠标...
[2026-02-21 23:48:16] 丿年华不再: ⚠️贵宾数fifa, 请超管速度封禁直播间⚠️
[2026-02-21 23:48:16] 梦的星: 伟伟神了
[2026-02-21 23:48:16] N1coZer4: 吃力
[2026-02-21 23:48:16] 僧杌: 申请看my go 5个感叹号 净化弹幕，同意的＋1
[2026-02-21 23:48:16] 千代纸丶: 🧊能不能管好自己家孩子？我家尼尼犯错用得着外人批评吗？
[2026-02-21 23:48:16] nagasak1soy0: 冷知识 玩÷说的爱国就是过年不看春晚看十个白皮玩鼠标...冷知识 玩÷说的爱国就是过年不看春
[2026-02-21 23:48:17] NYU唯一铲车人: 卧槽反转了,nota藏了个复活币!老尼压起身了!
[2026-02-21 23:48:17] 鈤漫痴: 反派不补刀必会复活，Niko只是干了正义干的事
[2026-02-21 23:48:17] JuL1us: 伟伟神了
[2026-02-21 23:48:17] 三零一路公交司机: 卧槽，hltv更新ADR包含对尸体伤害了
[2026-02-21 23:48:18] 用户8856581433: ⚠️贵宾数fifa, 请超管速度封禁直播间⚠️
[2026-02-21 23:48:18] Ecifircas: 卧槽反转了,nota藏了个复活币!老尼压起身了!
[2026-02-21 23:48:18] 圣诞节二人组: 老规矩，弹幕谁编的好笑我支持谁
[2026-02-21 23:48:18] 我没P眼123: pame
[2026-02-21 23:48:18] 天魔外道y: 卧槽，hltv更新ADR包含对尸体伤害了
[2026-02-21 23:48:18] 菅原小吉: 伟神
[2026-02-21 23:48:18] 路过的小脑斧: 伟神！
[2026-02-21 23:48:18] 战场原原原原神黑仪: ⚠️贵宾数fifa, 请超管速度封禁直播间⚠️
[2026-02-21 23:48:18] Coalgebra: 运气好哥
[2026-02-21 23:48:18] 栗悟饭与龟波功-w-: 【炫神】又向玩大哥处取经了！ 玩大哥带完载物鞭尸jee节奏美美隐身！玩大哥懂得推开节奏啊！
[2026-02-21 23:48:18] 黎那汐塔top2尤诺: 伟神
[2026-02-21 23:48:18] VDVCI的迪米特里本人: ⚠️贵宾数fifa, 请超管速度封禁直播间⚠️
[2026-02-21 23:48:18] Falcons十天老粉: ⚠️贵宾数fifa, 请超管速度封禁直播间⚠️
[2026-02-21 23:48:18] INDEX108: 伟神
[2026-02-21 23:48:18] 轻声低语17306: 卧槽，hltv更新ADR包含对尸体伤害了
[2026-02-21 23:48:19] 衰神177: 卧槽，hltv更新ADR包含对尸体伤害了
[2026-02-21 23:48:19] 猎鹰比赛很有创造性: 伟神！
[2026-02-21 23:48:19] 到鱼一观: 伟神！
[2026-02-21 23:48:19] 丶丶Ken丶丶: 玩宝宝别看弹幕了是恶评🥺
[2026-02-21 23:48:19] 中野家的三玖丈夫本人: 爱弥斯纯抄袭角色闹麻了😓
[2026-02-21 23:48:20] 玩台钳丶阿尔托莉雅: jee怎么说也是我们CN的骄傲，🧊🧊别太恨了
[2026-02-21 23:48:20] 森林与雁: 卧槽，hltv更新ADR包含对尸体伤害了
[2026-02-21 23:48:20] suicho: 载圣多年比赛谁都不鞭，就只鞭过Jee，原来是如来佛祖一眼看穿了圈 米🐩原形，载圣千古
[2026-02-21 23:48:20] PKURoger: timi
[2026-02-21 23:48:20] 天魔外道y: 卧槽，hltv更新ADR包含对尸体伤害了
[2026-02-21 23:48:20] 求老仙奶我考不上仙交: 5万人沉默影响0.8万攻击玩机器体验😓
[2026-02-21 23:48:20] 用户5084373421: 卧槽，hltv更新ADR包含对尸体伤害了
[2026-02-21 23:48:20] 带节奏的都是我重孙: 我感觉你今天状态不是很好啊，你今天状态非常不好啊，我感觉你应该，唉，你要不，你去调整一下心情吧
[2026-02-21 23:48:20] 哦斯特哦哦: V了
[2026-02-21 23:48:20] 不可一世ji豪: 卧槽，hltv更新ADR包含对尸体伤害了
[2026-02-21 23:48:21] 葛温德林本人: 5万人沉默影响0.8万攻击玩机器体验😓
[2026-02-21 23:48:21] 玩机器的大卫戴: 房管封一下直播间人数，已经是器机玩常数了。。
[2026-02-21 23:48:21] 人活着就是为了玩乐队: 伟伟神了
[2026-02-21 23:48:21] 冷言i丶: ⚠️贵宾数fifa, 请超管速度封禁直播间⚠️
[2026-02-21 23:48:21] 玩机器是我霸: 草！拿下！那些说机器过年就得被端上餐桌的人说话😡！
[2026-02-21 23:48:21] 中X千早爱音: 卧槽，hltv更新ADR包含对尸体伤害了
[2026-02-21 23:48:22] 路过的小脑斧: 伟神
[2026-02-21 23:48:22] 辻仓朱比华: 卧槽，hltv更新ADR包含对尸体伤害了
[2026-02-21 23:48:22] A队不吃晃的小祥本人: 申请看100T比赛净化弹幕，同意的＋1
[2026-02-21 23:48:22] 萨格拉斯好恩人麦迪文: 最有运之人
[2026-02-21 23:48:22] 天魔外道y: 卧槽，hltv更新ADR包含对尸体伤害了
[2026-02-21 23:48:22] 穿甲狗: 伟伟睡了
[2026-02-21 23:48:23] Marigold4: ⚠️贵宾数fifa, 请超管速度封禁直播间⚠️
[2026-02-21 23:48:23] 猫很好的小乖: 卧槽，hltv更新ADR包含对尸体伤害了
[2026-02-21 23:48:23] 神奥联盟的竹兰本人: 玩机器，请正面回答你为什么拉嗨了A ve_Mujica的祥子本人？
[2026-02-21 23:48:23] 2442861055: 伟神
[2026-02-21 23:48:23] 玩台钳丶阿尔托莉雅: ⚠️贵宾数fifa, 请超管速度封禁直播间⚠️
[2026-02-21 23:48:23] C9的moloris本人: 5万人沉默影响0.8万攻击玩机器体验😓
[2026-02-21 23:48:23] 跳跃的司令官: ⚠️贵宾数fifa, 请超管速度封禁直播间⚠️
[2026-02-21 23:48:24] 吟游诗人希尔伯特: 卧槽，hltv更新ADR包含对尸体伤害了
[2026-02-21 23:48:24] 鹿公爷: 卧槽，hltv更新ADR包含对尸体伤害了
[2026-02-21 23:48:24] lllellle: ⚠️贵宾数fifa, 请超管速度封禁直播间⚠️
[2026-02-21 23:48:24] 马弓手玩机器: 伟神！
[2026-02-21 23:48:24] 海绵宝宝燚焰鼠: 【炫神】又向玩大哥处取经了！ 玩大哥带完载物鞭尸jee节奏美美隐身！玩大哥懂得推开节奏啊！
[2026-02-21 23:48:24] 汤汤杜杜科隆冠军: 卧槽，hltv更新ADR包含对尸体伤害了
[2026-02-21 23:48:24] arimrs: 卧槽，hltv更新ADR包含对尸体伤害了
[2026-02-21 23:48:24] 路过的小脑斧: 伟伟神了
[2026-02-21 23:48:24] kjhhjki: 卧槽反转了,nota藏了个复活币!老尼压起身了!
[2026-02-21 23:48:25] Ce1sius: 卧槽，hltv更新ADR包含对尸体伤害了
[2026-02-21 23:48:25] YEKINDAR: 卧槽，hltv更新ADR包含对尸体伤害了
[2026-02-21 23:48:25] 好兄弟苍蓝瑆: 卧槽，hltv更新ADR包含对尸体伤害了
[2026-02-21 23:48:25] 玩鸽子: 伟伟神了
[2026-02-21 23:48:25] 喵蹄丝: 卧槽，hltv更新ADR包含对尸体伤害了
[2026-02-21 23:48:25] A队的cadiaN本人: 卧槽，hltv更新ADR包含对尸体伤害了
[2026-02-21 23:48:25] 香农xxx: 【炫神】又向玩大哥处取经了！ 玩大哥带完载物鞭尸jee节奏美美隐身！玩大哥懂得推开节奏啊！
[2026-02-21 23:48:25] 好兄弟晓山瑞希: 卧槽，hltv更新ADR包含对尸体伤害了
[2026-02-21 23:48:25] 财神爷汉堡: 卧槽，hltv更新ADR包含对尸体伤害了
[2026-02-21 23:48:26] 我是赛马娘高手: 卧槽，hltv更新ADR包含对尸体伤害了
[2026-02-21 23:48:26] 海绵宝宝书霞酱: 卧槽，hltv更新ADR包含对尸体伤害了
[2026-02-21 23:48:26] 安分小已的小青春: 【炫神】又向玩大哥处取经了！ 玩大哥带完载物鞭尸jee节奏美美隐身！玩大哥懂得推开节奏啊！
[2026-02-21 23:48:27] 玩机器的大卫戴: ⚠️贵宾数fifa, 请超管速度封禁直播间⚠️
[2026-02-21 23:48:27] GanadoLluviA: 正义使者！
[2026-02-21 23:48:28] 梓川不是辛川: ⚠️贵宾数fifa, 请超管速度封禁直播间⚠️
[2026-02-21 23:48:28] jianxideminggzi: 伟神
[2026-02-21 23:48:28] CThun438: 🥳弹幕就这样串！说的话全部玩宝宝承担😘，就像玩宝宝跟载圣一样🤪
[2026-02-21 23:48:28] PKURoger: ⚠️贵宾数fifa, 请超管速度封禁直播间⚠️
[2026-02-21 23:48:28] 注册2872天不能发弹幕: 【炫神】又向玩大哥处取经了！ 玩大哥带完载物鞭尸jee节奏美美隐身！玩大哥懂得推开节奏啊！
[2026-02-21 23:48:28] smfiys: ⚠️贵宾数fifa, 请超管速度封禁直播间⚠️
[2026-02-21 23:48:28] ST骑士: ⚠️贵宾数fifa, 请超管速度封禁直播间⚠️
[2026-02-21 23:48:28] 恺悌君子能几醉: 一位谦虚的选手被人身攻击你不管，一条区被骂两句你知道屏蔽了？
[2026-02-21 23:48:28] 玩机爸的蓝白碗: 【炫神】又向玩大哥处取经了！ 玩大哥带完载物鞭尸jee节奏美美隐身！玩大哥懂得推开节奏啊！
[2026-02-21 23:48:28] 我的ad不是混子: 伟神这么来劲
[2026-02-21 23:48:28] ytk66666: 【炫神】又向玩大哥处取经了！ 玩大哥带完载物鞭尸jee节奏美美隐身！玩大哥懂得推开节奏啊！
[2026-02-21 23:48:29] 1231mm: 卧槽，hltv更新ADR包含对尸体伤害了
[2026-02-21 23:48:29] HCS118: ⚠️贵宾数fifa, 请超管速度封禁直播间⚠️
[2026-02-21 23:48:29] 二阶堂shiro: 卧槽，hltv更新ADR包含对尸体伤害了
[2026-02-21 23:48:29] 胡椒胡椒胡椒胡椒胡椒: 草！拿下！那些说机器过年就得被端上餐桌的人说话😡！
[2026-02-21 23:48:29] 滨辺美波: ⚠️贵宾数fifa, 请超管速度封禁直播间⚠️
[2026-02-21 23:48:29] 残念aw: 卧槽，hltv更新ADR包含对尸体伤害了
[2026-02-21 23:48:29] Si西蒙mon: 伟伟！
[2026-02-21 23:48:29] BASSGOAT牛込里美: ！？强强？！
[2026-02-21 23:48:29] 炫神就是世界第一上单: 卧槽，hltv更新ADR包含对尸体伤害了
[2026-02-21 23:48:30] 森林与雁: 5万人沉默影响0.8万攻击玩机器体验😓
[2026-02-21 23:48:30] 马楼King张三: 不对了
[2026-02-21 23:48:30] 玩台钳丶阿尔托莉雅: 5万人沉默影响0.8万攻击玩机器体验😓
[2026-02-21 23:48:30] 永远亭的辉夜本人: 卧槽，hltv更新ADR包含对尸体伤害了nya~
[2026-02-21 23:48:30] SY969576: 卧槽，hltv更新ADR包含对尸体伤害了
[2026-02-21 23:48:30] 8utter: 卧槽，hltv更新ADR包含对尸体伤害了
[2026-02-21 23:48:30] 中二战神季节: 卧槽，hltv更新ADR包含对尸体伤害了
[2026-02-21 23:48:30] 室女座星流: 卧槽，hltv更新ADR包含对尸体伤害了
[2026-02-21 23:48:30] 用户4312738955: 卧槽，hltv更新ADR包含对尸体伤害了
[2026-02-21 23:48:30] BD驴: 卧槽，hltv更新ADR包含对尸体伤害了
[2026-02-21 23:48:30] 天魔外道y: ⚠️贵宾数fifa, 请超管速度封禁直播间⚠️
[2026-02-21 23:48:31] LvvsiN: 玩宝宝，我发现在大学上学的时候肄业会很舒服，你可以试试
[2026-02-21 23:48:31] leervon: 【炫神】又向玩大哥处取经了！ 玩大哥带完载物鞭尸jee节奏美美隐身！玩大哥懂得推开节奏啊！
[2026-02-21 23:48:31] 烟鬼安德鲁: 你有本事去解说《颂乐人偶》后六集
[2026-02-21 23:48:31] 妥丸: 卧槽，hltv更新ADR包含对尸体伤害了
[2026-02-21 23:48:31] 罗德岛顶红顶红的太阳: 伟伟本质高手
[2026-02-21 23:48:32] 数字様BK201: 卧槽，hltv更新ADR包含对尸体伤害了
[2026-02-21 23:48:32] 路过的小脑斧: 卧槽，hltv更新ADR包含对尸体伤害了
[2026-02-21 23:48:32] 跳跃的司令官: 卧槽，hltv更新ADR包含对尸体伤害了
[2026-02-21 23:48:32] 用户3853464680: 卧槽，hltv更新ADR包含对尸体伤害了
[2026-02-21 23:48:32] 芝士每天都很困: 卧槽，hltv更新ADR包含对尸体伤害了
[2026-02-21 23:48:32] 车车薯薯major冠军: 卧槽，hltv更新ADR包含对尸体伤害了
[2026-02-21 23:48:32] 皓宇是个帅比: 卧槽，hltv更新ADR包含对尸体伤害了
[2026-02-21 23:48:32] 玩机器的小飞棍: 5万人沉默影响0.8万攻击玩机器体验😓
[2026-02-21 23:48:32] 骑着化橳去溜马: 申请看100T比赛净化弹幕，同意的＋1
[2026-02-21 23:48:33] 帕金森患者Z: 卧槽反转了,nota藏了个复活币!老尼压起身了!
[2026-02-21 23:48:33] 玩斯特出出6657: 卧槽，hltv更新ADR包含对尸体伤害了
[2026-02-21 23:48:33] 我永远喜欢YukiAsuna: 卧槽，hltv更新ADR包含对尸体伤害了
[2026-02-21 23:48:33] 叫狗大鸡咚叮: 卧槽，hltv更新ADR包含对尸体伤害了
[2026-02-21 23:48:33] 天魔外道y: ⚠️贵宾数fifa, 请超管速度封禁直播间⚠️
[2026-02-21 23:48:33] 宫监手: ⚠️贵宾数fifa, 请超管速度封禁直播间⚠️
[2026-02-21 23:48:33] 国服最强丁真: 其实niko想拿刀割年猪肉来着，只不过看错id了
[2026-02-21 23:48:33] 玩斯特机机: 卧槽，hltv更新ADR包含对尸体伤害了
[2026-02-21 23:48:33] 百事可乐oIo: 卧槽，hltv更新ADR包含对尸体伤害了
[2026-02-21 23:48:33] 爱被小泉吃的拉面同学: 卧槽，hltv更新ADR包含对尸体伤害了
[2026-02-21 23:48:34] Jennifer688383: 　　　 5万人沉默影响0.8万攻击玩机器体验😓
[2026-02-21 23:48:34] 正经猪头肉: 爆
[2026-02-21 23:48:34] 用户1437479453: 🥳弹幕就这样串！说的话全部玩宝宝承担😘，就像玩宝宝跟载圣一样🤪
[2026-02-21 23:48:34] 用户7479593002: 冷知识 玩÷说的爱国就是过年不看春晚看十个白皮玩鼠标...冷知识 玩÷说的爱国就是过
[2026-02-21 23:48:34] qwer_BsW: 卧槽，hltv更新ADR包含对尸体伤害了
[2026-02-21 23:48:35] 用户93504564: @🗿：研发暂停，全力攻击傻呗玩机器
[2026-02-21 23:48:35] TCharmZeroT: 卧槽，hltv更新ADR包含对尸体伤害了
[2026-02-21 23:48:35] 柴狗突击手: 卧槽，hltv更新ADR包含对尸体伤害了
[2026-02-21 23:48:35] kjhhjki: 卧槽，hltv更新ADR包含对尸体伤害了
[2026-02-21 23:48:35] PKURoger: 5万人沉默影响0.8万攻击玩机器体验😓
[2026-02-21 23:48:35] StaryBirds: 卧槽，hltv更新ADR包含对尸体伤害了
[2026-02-21 23:48:36] 玩小鸟的南机器本人: 卧槽，hltv更新ADR包含对尸体伤害了
[2026-02-21 23:48:36] 用户7230247350: 卧槽，hltv更新ADR包含对尸体伤害了nya~
[2026-02-21 23:48:36] 天魔外道y: 你有本事去解说《颂乐人偶》后六集
[2026-02-21 23:48:36] 达尔豪斯优秀毕业生: 卧槽，hltv更新ADR包含对尸体伤害了
[2026-02-21 23:48:36] 虎皮奶酪: 卧槽，hltv更新ADR包含对尸体伤害了
[2026-02-21 23:48:36] 即将拥有PDD的人鱼线丿: 没毛
[2026-02-21 23:48:36] 冷言i丶: 卧槽，hltv更新ADR包含对尸体伤害了
[2026-02-21 23:48:37] 玩台钳丶阿尔托莉雅: 卧槽，hltv更新ADR包含对尸体伤害了
[2026-02-21 23:48:37] 尼尼孩孩京京驴驴: 卧槽，hltv更新ADR包含对尸体伤害了
[2026-02-21 23:48:37] 帽子的妮蔻本人: 0.4万人搁那狂刷影响8万人观赛😓
[2026-02-21 23:48:37] RyeHS: ？
[2026-02-21 23:48:37] 绝食十年攒爱top3飞机: 卧槽，hltv更新ADR包含对尸体伤害了
[2026-02-21 23:48:37] 灰飞烟灭丶: 卧槽，hltv更新ADR包含对尸体伤害了
[2026-02-21 23:48:37] Mortnotz: niko备战生化危机9呢，谁知道nota会不会突然尸变
[2026-02-21 23:48:38] Vitality的羽贺文乃本人: 申请看100T比赛净化弹幕，同意的＋1
[2026-02-21 23:48:38] 玩机器的大卫戴: 房管封一下直播间人数，已经是器机玩常数了。。
[2026-02-21 23:48:38] 小众宝藏玩小将: 一位谦虚的选手被人身攻击你不管，一条区被骂两句你知道屏蔽了？
[2026-02-21 23:48:38] 天魔外道y: 你有本事去解说《颂乐人偶》后六集
[2026-02-21 23:48:38] 虹豆砸: 5万人沉默影响0.8万攻击玩机器体验😓
[2026-02-21 23:48:38] 谁决定谁的未来: 5万人沉默影响0.8万攻击玩机器体验😓
[2026-02-21 23:48:38] 爱驴频道: 不会pv拿下了吧
[2026-02-21 23:48:39] 河北雨姐: 卧槽，hltv更新ADR包含对尸体伤害了
[2026-02-21 23:48:39] 宗宗若若major冠军: 你有本事去解说《颂乐人偶》后六集
[2026-02-21 23:48:39] 大哥心里慌: 卧槽，hltv更新ADR包含对尸体伤害了
[2026-02-21 23:48:39] 玩机器脚臭害我口臭: 卧槽，hltv更新ADR包含对尸体伤害了
[2026-02-21 23:48:39] 千早唐阿诺: 卧槽，hltv更新ADR包含对尸体伤害了
[2026-02-21 23:48:39] 很久以前Ty: 路边
[2026-02-21 23:48:39] liwored: 卧槽反转了,nota藏了个复活币!老尼压起身了!
[2026-02-21 23:48:39] 玩大哥我好想发弹幕啊: 5万人沉默影响0.8万攻击玩机器体验😓
[2026-02-21 23:48:40] HastsuneMiku: 爆 了
[2026-02-21 23:48:40] 三号丶win9斩华雄: 卧槽，hltv更新ADR包含对尸体伤害了
[2026-02-21 23:48:40] YEKINDAR: 其实niko想拿刀割年猪肉来着，只不过看错id了
[2026-02-21 23:48:40] 梦的星: 大家都是好宝宝，要攻击就攻击玩机器吧🥺
[2026-02-21 23:48:40] 千代纸丶: 卧槽，hltv更新ADR包含对尸体伤害了
[2026-02-21 23:48:40] 火猫一哥亦博易勃: 闹麻了
[2026-02-21 23:48:41] 菅原小吉: 闹麻了，在哪发财呢😅
[2026-02-21 23:48:41] 天魔外道y: 你有本事去解说《颂乐人偶》后六集
[2026-02-21 23:48:41] 突厥的adc: @HLTV：丹麦传奇最终落幕！选手Nicolai 'device' Reedtz宣布退役！
[2026-02-21 23:48:41] GlockieSs: 🧊能不能管好自己家孩子？我家尼尼犯错用得着外人批评吗？
[2026-02-21 23:48:41] NaiMoTkkk: 隔壁汤汤7-3了有人管管吗。。
[2026-02-21 23:48:41] 展昭Z: 卧槽，hltv更新ADR包含对尸体伤害了
[2026-02-21 23:48:41] 机器机器祝你天天开心: 查无此猪
[2026-02-21 23:48:41] 护眼小助手: 卧槽，hltv更新ADR包含对尸体伤害了
[2026-02-21 23:48:41] 风雨晚烟: 卧槽，hltv更新ADR包含对尸体伤害了
[2026-02-21 23:48:42] 55555取个名字好难啊: 卧槽，hltv更新ADR包含对尸体伤害了
[2026-02-21 23:48:42] 我的青春是大表哥: 5万人沉默影响0.8万攻击玩机器体验😓
[2026-02-21 23:48:42] 玩斯特机机: go goat在哪发财呢
[2026-02-21 23:48:42] 我知道的一点也不多: 申请看100T比赛净化弹幕，同意的＋1
[2026-02-21 23:48:42] 野pig亨利28: 　　　 申请看100T比赛净化弹幕，同意的＋1
[2026-02-21 23:48:42] 马楼King张三: bcg在哪发财呢
[2026-02-21 23:48:42] y2k4181: 卧槽，hltv更新ADR包含对尸体伤害了
[2026-02-21 23:48:43] 带子全拽掉: 卧槽，hltv更新ADR包含对尸体伤害了
[2026-02-21 23:48:43] 硫氦氧丶: 爱弥斯🥰千咲🥰尤诺🥰莫宁🥰珂莱塔🥰菲比🥰卡提希娅🥰玩机器🤮
[2026-02-21 23:48:43] LvvsiN: 银行业😄银行业😀银行业😃银行业😁银行业😆银行业🤪银行业😝
[2026-02-21 23:48:43] 用户3006887262: 卧槽，hltv更新ADR包含对尸体伤害了
[2026-02-21 23:48:43] 天魔外道y: 你有本事去解说《颂乐人偶》后六集
[2026-02-21 23:48:43] 蝈蝈贼: 卧槽，hltv更新ADR包含对尸体伤害了
[2026-02-21 23:48:43] 白河日和: 你有本事去解说《颂乐人偶》后六集
[2026-02-21 23:48:43] 玩机器脚臭害我口臭: @broky:过生日就得快乐比赛，而我每天都过生日😊
[2026-02-21 23:48:44] 1amper: 卧槽，hltv更新ADR包含对尸体伤害了
[2026-02-21 23:48:44] 甘织玲奈子本人: kg
[2026-02-21 23:48:44] 夕ro: 5万人沉默影响0.8万攻击玩机器体验😓
[2026-02-21 23:48:44] 小池ovo: ⚠️贵宾数fifa, 请超管速度封禁直播间⚠️
[2026-02-21 23:48:44] xyp9x去哪了: 玩宝宝🥺，我觉得2026年2月份的弹幕比2025年8月份的好看，你觉得呢🥺
[2026-02-21 23:48:44] 风哦哦: 定语goat
[2026-02-21 23:48:45] Aquariumm: 0.4万人搁那狂刷影响8万人观赛😓
[2026-02-21 23:48:45] 刘量啊我的刘量: 卧槽反转了,nota藏了个复活币!老尼压起身了!
[2026-02-21 23:48:45] 玩斯特机机: kg
[2026-02-21 23:48:45] HHG73953: 卧槽，hltv更新ADR包含对尸体伤害了
[2026-02-21 23:48:45] 好哥们杨沈怡: 路边
[2026-02-21 23:48:45] 天魔外道y: 你有本事去解说《颂乐人偶》后六集
[2026-02-21 23:48:45] forrrk: 卧槽，hltv更新ADR包含对尸体伤害了
[2026-02-21 23:48:45] 好姐妹铃木羽那: 嘘🤫仔细看已经消失了很多弹幕了
[2026-02-21 23:48:46] 讽风有情: kg
[2026-02-21 23:48:46] 丿年华不再: 卧槽反转了,nota藏了个复活币!老尼压起身了!
[2026-02-21 23:48:46] SpectacularBid: 【炫神】又向玩大哥处取经了！ 玩大哥带完载物鞭尸jee节奏美美隐身！玩大哥懂得推开节奏啊！
[2026-02-21 23:48:46] Liquid的Twistzz本人65317: 卧槽，hltv更新ADR包含对尸体伤害了
[2026-02-21 23:48:46] 野pig亨利28: kg
[2026-02-21 23:48:46] 迷路的kazi: 没毛
[2026-02-21 23:48:46] 女武神布伦希尔德: kg
[2026-02-21 23:48:46] Falcons的千早爱音本人: 你有本事去解说《颂乐人偶》后六集
[2026-02-21 23:48:47] 阿飞飞啊分: 卧槽，hltv更新ADR包含对尸体伤害了
[2026-02-21 23:48:47] 芝士每天都很困: kg
[2026-02-21 23:48:47] 冲上云霄的姨: 反转了，nota玩的暮蝶
[2026-02-21 23:48:47] 号称寒: 路边
[2026-02-21 23:48:48] Deadpool616: 爱弥斯在吗，在的话让我扣扣。
[2026-02-21 23:48:48] 法则的Twistzz本人: 卧槽，hltv更新ADR包含对尸体伤害了
[2026-02-21 23:48:48] 蓝鲸少年与小巷: 5万人沉默影响0.8万攻击玩机器体验😓
[2026-02-21 23:48:48] 炒鸡胸di爱疯: 申请看my go 5个感叹号 净化弹幕，同意的＋1
[2026-02-21 23:48:48] l1Ank0NgW0W: 加加++++++++++++++++
[2026-02-21 23:48:48] cwy人品真的不行: 卧槽，hltv更新ADR包含对尸体伤害了
[2026-02-21 23:48:48] Eve清梦: 卧槽，hltv更新ADR包含对尸体伤害了
[2026-02-21 23:48:49] 骑士不死于徒手拆高达: 冰粉又要急了
[2026-02-21 23:48:49] Enzee丶: 卧槽，hltv更新ADR包含对尸体伤害了
[2026-02-21 23:48:49] 夏映kae: 卧槽，hltv更新ADR包含对尸体伤害了
[2026-02-21 23:48:49] 恶星人7592: 闹麻了，在哪发财呢😅
[2026-02-21 23:48:49] 好姐妹普利茅斯: kg
[2026-02-21 23:48:49] Ephemerality137: kg
[2026-02-21 23:48:49] 依尔珊诗舞丶: kg
[2026-02-21 23:48:49] M00nDown: 卧槽，hltv更新ADR包含对尸体伤害了
[2026-02-21 23:48:50] guorerew: 卧槽，hltv更新ADR包含对尸体伤害了
[2026-02-21 23:48:50] 5cms3360: @我的青春是大表哥：卧槽，hltv更新ADR包含对尸体伤害了
[2026-02-21 23:48:50] 阿飞飞啊分: 5万人沉默影响0.8万攻击玩机器体验😓
[2026-02-21 23:48:50] YEYH111: 嘘🤫仔细看已经消失了很多弹幕了
[2026-02-21 23:48:50] 正经猪头肉: 冰粉要急了
[2026-02-21 23:48:50] 爱吃夹心三明治: 查无此人
[2026-02-21 23:48:51] enigma的梦: op
[2026-02-21 23:48:51] 灵耀ii: 我的青春是载物，8枪鞭了4个敌人😎
[2026-02-21 23:48:51] VDVCI的迪米特里本人: ⚠️贵宾数fifa, 请超管速度封禁直播间⚠️
[2026-02-21 23:48:51] A队不吃晃的小祥本人: 老规矩，弹幕谁编的好笑我支持谁
[2026-02-21 23:48:51] 大肉鲁: 还在老猪
[2026-02-21 23:48:51] 逆世之剑: 可爱在哪
[2026-02-21 23:48:51] 一大只愚犬: 卧槽，hltv更新ADR包含对尸体伤害了
[2026-02-21 23:48:52] 1ntroverT: 【炫神】又向玩大哥处取经了！ 玩大哥带完载物鞭尸jee节奏美美隐身！玩大哥懂得推开节奏啊！
[2026-02-21 23:48:52] 尤里大泽: 冰粉又要急了
[2026-02-21 23:48:52] Arianphy: kg又来团建小V了
[2026-02-21 23:48:52] Vitality的羽贺文乃本人: kg
[2026-02-21 23:48:52] 才不是debu: 卧槽，hltv更新ADR包含对尸体伤害了
[2026-02-21 23:48:52] 我觉得你是我的: kg
[2026-02-21 23:48:52] 网友苏顺鱼: kg
[2026-02-21 23:48:52] 海绵宝宝书霞酱: kg来了
[2026-02-21 23:48:52] myGo的anon: 你有本事去解说《颂乐人偶》后六集
[2026-02-21 23:48:52] 鞍山市提供: kg
[2026-02-21 23:48:53] 玩斯特出出6657: 5万人沉默影响0.8万攻击玩机器体验😓
[2026-02-21 23:48:53] arimrs: bcg在哪里发财啊
[2026-02-21 23:48:53] lskyra: 你就是那个双标goat
[2026-02-21 23:48:53] 轻伤酱: 0.4万人搁那狂刷影响8万人观赛😓
[2026-02-21 23:48:53] oldduck7: 爱弥斯确实死不了
[2026-02-21 23:48:53] 椎名立希的泪痣: kg
[2026-02-21 23:48:54] 小蜜蜂的长期素食本人: kg
[2026-02-21 23:48:54] 人活着就是为了玩乐队: 爱弥斯🥰千咲🥰尤诺🥰莫宁🥰珂莱塔🥰菲比🥰卡提希娅🥰玩机器🤮
[2026-02-21 23:48:54] 用户0268784457: 蜂美已急哭
[2026-02-21 23:48:54] 硫磺祥: 唉 机器 你要是当初播完卡赞 我们幽魂还能替你说几句话...
[2026-02-21 23:48:54] JuL1us: 爱弥斯在吗，在的话让我扣扣。
[2026-02-21 23:48:54] 空白iiiiii: 定语goat
[2026-02-21 23:48:55] 玩侄女Doloris: kg
[2026-02-21 23:48:55] 冲上云霄的姨: 卧槽，hltv更新ADR包含对尸体伤害了
[2026-02-21 23:48:55] 喵蹄丝: kg
[2026-02-21 23:48:55] 吟游诗人希尔伯特: 冰粉要急了
[2026-02-21 23:48:55] 喜欢煎蛋卷阿: 卧槽，hltv更新ADR包含对尸体伤害了
[2026-02-21 23:48:55] MongTown: 查无此人
[2026-02-21 23:48:55] 胆大如龙: 5万人沉默影响0.8万攻击玩机器体验😓
[2026-02-21 23:48:55] 杂鱼怡然香菇菇: kg
[2026-02-21 23:48:55] SuperSword81317: 查无此人
[2026-02-21 23:48:56] 永远亭的辉夜本人: 千咲🥰珂莱塔🥰菲比🥰爱弥斯🥰莫宁🥰卡提希娅🥰玩机器🤮nya~
[2026-02-21 23:48:56] ErentZyw: 🧊能不能管好自己家孩子？我家尼尼犯错用得着外人批评吗？
[2026-02-21 23:48:56] 森林与雁: 冰粉又要急了
[2026-02-21 23:48:56] 柑橘树的柑橘树本人: 其实老尼以为nota有大，结果nota根本不按x
[2026-02-21 23:48:56] 吾妻大力: kg又来团建小V了
[2026-02-21 23:48:57] 向青草更青处漫溯: 卧槽，hltv更新ADR包含对尸体伤害了
[2026-02-21 23:48:57] 蓝鲸少年与小巷: kg
[2026-02-21 23:48:57] 萨格拉斯好恩人麦迪文: 卧槽，hltv更新ADR包含对尸体伤害了
[2026-02-21 23:48:57] 有个氵友: 查无此人
[2026-02-21 23:48:57] 那就点: 【炫神】又向玩大哥处取经了！ 玩大哥带完载物鞭尸jee节奏美美隐身！玩大哥懂得推开节奏啊！
[2026-02-21 23:48:57] 月碎星河x: 冰粉又要急了
[2026-02-21 23:48:57] LvvsiN: 你为什么要把mαjor禁了，我收藏的一半弹幕全毁了
[2026-02-21 23:48:58] 如如493: 冷知识：ZywOo才是唯一goat
[2026-02-21 23:48:58] 别哭我帮你: 嘘🤫仔细看已经消失了很多弹幕了
[2026-02-21 23:48:58] 我真是个憨批: 爱弥斯是g
[2026-02-21 23:48:58] 若叶睦吃苦瓜: kg
[2026-02-21 23:48:58] 神马米洛: 你有本事去解说《颂乐人偶》后六集
[2026-02-21 23:48:58] 刘农的virtue: 【炫神】又向玩大哥处取经了！ 玩大哥带完载物鞭尸jee节奏美美隐身！玩大哥懂得推开节奏啊！
[2026-02-21 23:48:59] 喵蹄丝: 冰粉要急了
[2026-02-21 23:48:59] hhjhjo: 这么多kg啊 烦死人了
[2026-02-21 23:48:59] 没有逗猫棒: 爱弥斯在吗，在的话让我扣扣
[2026-02-21 23:48:59] 强哥让标志改发言到10: kg
[2026-02-21 23:48:59] 猫鼬斩Zz: kg
[2026-02-21 23:48:59] 微信用户901731147: 卧槽，hltv更新ADR包含对尸体伤害了
[2026-02-21 23:49:00] 不爱睡觉不爱起床12881: @我的青春是大表哥：卧槽，hltv更新ADR包含对尸体伤害了
[2026-02-21 23:49:00] Pioneer893: 老规矩，弹幕谁编的好笑我支持谁
[2026-02-21 23:49:00] 风雪夜归人aas: 嘘🤫仔细看已经消失了很多弹幕了
[2026-02-21 23:49:00] 阿飞飞啊分: kg又来团建小V了
[2026-02-21 23:49:00] 空白Zzz丶: 无人在意，无人在意
[2026-02-21 23:49:00] Shadow丶zed: 爱弥斯确实死不了
[2026-02-21 23:49:00] 用户4465047379: kg
[2026-02-21 23:49:01] 这步伐好像魔鬼: 对面是猎鹰就v了
[2026-02-21 23:49:01] 魔法师Saber: kg
[2026-02-21 23:49:01] 用户36855730: 　　　 爱弥斯🥰千咲🥰尤诺🥰莫宁🥰珂莱塔🥰菲比🥰卡提希娅🥰玩机器🤮
[2026-02-21 23:49:01] 老师倒立洗脚: kg
[2026-02-21 23:49:01] others的御樱稟本人: kg
[2026-02-21 23:49:01] 异鲸: nota藏了两枚复活币，还好老尼来了一个回马二段鞭有惊无险
[2026-02-21 23:49:01] pr0cesses: 你这主播双标，直播间也恶臭，看我举报 6657，端了你们的老窝😅
[2026-02-21 23:49:01] 好姐妹冰川姐妹: 怎么都在刷4和8，我提一嘴，5和7也很有幽默感
[2026-02-21 23:49:02] Taki479: 机器，他们都关心你飞的高不高累不累立场是什么，我不一样，我不关心你
[2026-02-21 23:49:02] 浅筱浅: 冰粉又要急了
[2026-02-21 23:49:02] 雪菜偷完top偷major: 被禁言的找我扫号
[2026-02-21 23:49:02] 讽风有情: 爱弥斯确实死不了
[2026-02-21 23:49:02] 网友昊龙许: 其实老尼以为nota有大，结果nota根本不按x
[2026-02-21 23:49:02] 海绵宝宝dinner: kg
[2026-02-21 23:49:03] 喵蹄丝: kg又来团建小V了
[2026-02-21 23:49:03] 虚心坦懐: kg来了🤮🤮
[2026-02-21 23:49:03] 轻伤酱: 5块钱退我！
[2026-02-21 23:49:03] dark1337: kg
[2026-02-21 23:49:03] HostageKIA: 退我5块
[2026-02-21 23:49:03] 咬人猪丶machine: 点你的m
[2026-02-21 23:49:03] 没有逗猫棒: 爱弥斯在吗，在的话让我扣扣
[2026-02-21 23:49:03] 彼岸无妖: 玩宝宝和尼公子有啥争议啊，绝代双骄，冰清玉洁给谁都有道理。。。
[2026-02-21 23:49:04] 星炬学院朽叶千咲本人: 爱弥斯在吗，在的话让我扣扣
[2026-02-21 23:49:04] 玩机器的大卫戴: 0.4万人搁那狂刷影响8万人观赛😓
[2026-02-21 23:49:04] 新手请多关照井5883: 恭喜pv成为major冠军
[2026-02-21 23:49:04] 羽川翼的恋爱物语: 已举办
[2026-02-21 23:49:04] 冰棍晓夜: 开圈
[2026-02-21 23:49:04] kalaokl: 【炫神】又向玩大哥处取经了！ 玩大哥带完载物鞭尸jee节奏美美隐身！玩大哥懂得推开节奏啊！
[2026-02-21 23:49:05] k头又k兵: 送办卡让你老婆骂吗
[2026-02-21 23:49:05] 这下洗不清咯: kg又羡慕陈千语了
[2026-02-21 23:49:05] 哦可喜欢我: kg入侵直播间了🤮
[2026-02-21 23:49:05] SeaClouds243: kg
[2026-02-21 23:49:05] 花开日暮: 退钱！
[2026-02-21 23:49:05] 用户28254882: 大家别刷了，真有kg急了😅
[2026-02-21 23:49:06] 桑桑Gmd1ove: 不要欺负机器，喵，不要伤害机器，喵😭
[2026-02-21 23:49:06] valorant玩机器: 凿⛏凿⛏凿⛏凿⛏凿⛏凿⛏凿⛏凿⛏凿⛏凿⛏凿⛏凿⛏凿⛏凿⛏凿⛏凿⛏凿⛏凿⛏凿⛏
[2026-02-21 23:49:06] 玩爱音丶Soyorin: 爱弥斯好宝宝
[2026-02-21 23:49:06] efsd8: 爱弥丝是昔涟
[2026-02-21 23:49:06] 怪诞狂人: 一元？要不你补给我5元吧
[2026-02-21 23:49:07] others的御樱稟本人: kg
[2026-02-21 23:49:07] 法式卡神: 那我6元粉丝牌怎么办
[2026-02-21 23:49:07] Peko-: 无人在意，无人在意
[2026-02-21 23:49:07] 绝食十年攒爱top3飞机: nota藏了两枚复活币，还好老尼来了一个回马二段鞭有惊无险
[2026-02-21 23:49:07] SY969576: 房管封一下直播间人数，已经是器机玩常数了。。
[2026-02-21 23:49:08] PekkaThePyro: 关注一天怎么不能发弹幕啊
[2026-02-21 23:49:08] 三零一路公交司机: kg来了🤮🤮
[2026-02-21 23:49:08] 求奶一事无成: 银行业一样一样有有有也会有h'y'hui't'y'r's'c'dn
[2026-02-21 23:49:08] 马猴烧酒小地瓜: @我的青春是大表哥：卧槽，hltv更新ADR包含对尸体伤害了
[2026-02-21 23:49:08] wjnbsl: kg入侵直播间了🤮
[2026-02-21 23:49:08] 小小小蕉: 退我5块
[2026-02-21 23:49:09] SpectacularBid: 嘘🤫仔细看已经消失了很多弹幕了
[2026-02-21 23:49:09] 玩机器脚臭害我口臭: 退钱
[2026-02-21 23:49:09] 玩斯特出出6657: 退我5块
[2026-02-21 23:49:09] 国加奖学金到了来还院: 　　　 退我五块钱
[2026-02-21 23:49:09] 千年的爱丽丝同学: kg又来团建小V了
[2026-02-21 23:49:09] 猫心碎会失去几条命: 剩下4万人为什么不喷，是没有键盘吗？😅
[2026-02-21 23:49:09] 宛平南路600号主治医生: 送办卡让你老婆骂吗
[2026-02-21 23:49:09] 宝贝芙宁娜: 登山前最后再圈一波
[2026-02-21 23:49:10] 硫氦氧丶: kg进来🥰
[2026-02-21 23:49:10] 超萌小酒吹: 退我五块钱
[2026-02-21 23:49:12] 中野家的三玖丈夫本人: 昔涟＞爱弥斯
[2026-02-21 23:49:12] X1ngsuaaaa: 退我5块
[2026-02-21 23:49:12] 海绵宝宝电ber: kg
[2026-02-21 23:49:12] 萝团的白金燐子本人: 爱弥斯好宝宝
[2026-02-21 23:49:12] 玩机器的大卫戴: nota装死的，niko看穿了。
[2026-02-21 23:49:12] 握握手释放忍术: kg入侵直播间了🤮
[2026-02-21 23:49:12] STARdustXM: 【炫神】又向玩大哥处取经了！ 玩大哥带完载物鞭尸jee节奏美美隐身！玩大哥懂得推开节奏啊！
[2026-02-21 23:49:12] 玩宝宝不是gogo: 退钱
[2026-02-21 23:49:12] Ceeee丶: KG来了以后弹幕突然变得好友好......
[2026-02-21 23:49:12] 玩斯特机机: kg来了🤮🤮
[2026-02-21 23:49:12] 枫落不是枫ruo: 退我五块
[2026-02-21 23:49:12] 陶芸馝: 那我6元粉丝牌怎么办
[2026-02-21 23:49:12] 海绵宝宝名井南儿: 暗示过了12点就登山了
[2026-02-21 23:49:12] SKT的Faker本人: 退钱
[2026-02-21 23:49:12] sin橡皮妮i: 我看你的M
[2026-02-21 23:49:12] 长崎sjuush: 爱弥丝是昔涟
[2026-02-21 23:49:12] 无情道毕业生: 退我5块
[2026-02-21 23:49:17] 述二ER: 你掉钱眼里了？
[2026-02-21 23:49:17] gggaligeigei: 送办卡让你老婆骂吗
[2026-02-21 23:49:17] 三零一路公交司机: 不要欺负机器，喵，不要伤害机器，喵😭
[2026-02-21 23:49:17] 余生从此寄沧海: 退我5块
[2026-02-21 23:49:17] 喜欢吃生菜: 退我5元
[2026-02-21 23:49:17] 忽孝山庄: 一元？要不你补给我5元吧
[2026-02-21 23:49:17] 海鲜大虾老尼: 我退我五块
[2026-02-21 23:49:17] 只看解说一哥玩机器: 卧槽，串子全佳复活了卧槽，串子全佳复活了卧槽，串子全佳复活了卧槽，串子全佳复活了
[2026-02-21 23:49:17] 辛巴和他的辛巴兽: 嘘🤫仔细看已经消失了很多弹幕了
[2026-02-21 23:49:17] 芝士每天都很困: kg来了🤮🤮
[2026-02-21 23:49:17] emmmm452: 退钱
[2026-02-21 23:49:17] 粉色小狗英语艾玛: 退我五块钱
[2026-02-21 23:49:17] 好姐妹冰川姐妹: kg来了🤮🤮
[2026-02-21 23:49:17] 愿良辰美景: 送办卡让你老婆骂吗
[2026-02-21 23:49:17] 劉膿dewasu: 剩下4万人为什么不喷，是没有键盘吗？😅
[2026-02-21 23:49:17] P1ankton3: 退我5块 退我5块 退我5块 退我5块
[2026-02-21 23:49:17] ElfSenIor: 嘘🤫仔细看已经消失了很多弹幕了
[2026-02-21 23:49:17] Cresseliia: CSgoat（4️⃣-8️⃣）
[2026-02-21 23:49:17] 目黑正樹: 抓娃娃
[2026-02-21 23:49:17] StellarEchoes: 发舆论战争财了
[2026-02-21 23:49:17] SY969576: 送办卡让你老婆骂吗
[2026-02-21 23:49:17] 冲上云霄的姨: 送办卡让你老婆骂吗
[2026-02-21 23:49:17] 苦来兮苦的祥子本人: kg入侵直播间了🤮
[2026-02-21 23:49:17] 为奶鸽鸽生猴子: 嘘🤫仔细看已经消失了很多弹幕了
[2026-02-21 23:49:17] wantrue: 剩下4万人为什么不喷，是没有键盘吗？😅
[2026-02-21 23:49:17] 忠厨玩小鸟: 退我5元
[2026-02-21 23:49:17] Thatsgood961: 退差价
[2026-02-21 23:49:17] Vitality的羽贺文乃本人: kg又羡慕陈千语了
[2026-02-21 23:49:19] 大伟yooo: 退我5块
[2026-02-21 23:49:19] 狗洞载猪虾畜菜点: 卧槽，hltv更新每鞭1发尸rating+0.1了
[2026-02-21 23:49:20] 玩悠风、Kumiko: kg进来🥰
[2026-02-21 23:49:20] 网瘾少年诺里斯: 卧槽v社更新新装备复活甲了
[2026-02-21 23:49:21] 冻蚂晓山薛彩币池: nota装死的，niko看穿了。
[2026-02-21 23:49:21] 井芹桃香: 送办卡让你老婆骂吗
[2026-02-21 23:49:21] 缪尹阾: adj goat
[2026-02-21 23:49:21] Asaki薯片: ㊽尼！㊽孩！㊽尼！㊽孩！㊽尼！㊽孩！㊽尼！㊽孩！㊽尼！㊽孩！
[2026-02-21 23:49:21] 瑭珏: 嘘🤫仔细看已经消失了很多弹幕了
[2026-02-21 23:49:21] 尼尼孩孩真伟大: 退我五块钱
[2026-02-21 23:49:21] 用玩大哥的角磨机吧: 卧槽，hltv更新ADR包含对尸体伤害了
[2026-02-21 23:49:21] 玩设备一device: 退钱！我6块钱买的
[2026-02-21 23:49:21] 桃乃木香奈本人: 退我5元
[2026-02-21 23:49:21] Anderw: 【炫神】又向玩大哥处取经了！ 玩大哥带完载物鞭尸jee节奏美美隐身！玩大哥懂得推开节奏啊！
[2026-02-21 23:49:21] Crychiccc的若叶睦本人: 今天骂主播被禁言了只要花一块钱就能再骂
[2026-02-21 23:49:21] 魑魅遊: kg来了🤮🤮
[2026-02-21 23:49:21] Collapsar00123: 退我5块
[2026-02-21 23:49:22] 嘿丶咻咻咻: 退老子5块8
[2026-02-21 23:49:22] 荒芜之气: 退我5元
[2026-02-21 23:49:22] 普丽瓦蒂: KG来了以后弹幕突然变得好友好......
[2026-02-21 23:49:22] 爱音乐的小橘子: 退我5块
[2026-02-21 23:49:22] Cisyam11111: 抓娃娃
[2026-02-21 23:49:22] 鱼鱼jr呢: 🐖💰🤑🐖💰🤑🐖💰🤑🐖💰🤑🐖💰🤑🐖💰🤑🐖💰🤑🐖💰🤑🐖
[2026-02-21 23:49:22] 萝伯丝比尔: 嘘🤫仔细看已经消失了很多弹幕了
[2026-02-21 23:49:22] Kwarsn: 送办卡让你老婆骂吗
[2026-02-21 23:49:22] 圣诞节二人组: 退我，，，哦我就是1元的，退我5元也行
[2026-02-21 23:49:22] 转生成为阳光大番薯: 玩大哥马上要参加睡衣登山大赛了 弹幕有感觉吗
[2026-02-21 23:49:22] Memorial夜光: 退我5元
[2026-02-21 23:49:22] MeIoN39: 嘘🤫仔细看已经消失了很多弹幕了
[2026-02-21 23:49:22] 虹薼: 送办卡让你老婆骂吗
[2026-02-21 23:49:22] 玩斯特机机: 送办卡让你老婆骂吗
[2026-02-21 23:49:22] 玩机器的叠地外丝: 卧槽，hltv更新ADR包含对尸体伤害了
[2026-02-21 23:49:22] 好姐妹冰川姐妹: @唯爱方舟：kg来了🤮🤮
[2026-02-21 23:49:22] 双叶园恶霸野原新之助: 退我5元
[2026-02-21 23:49:22] 劉膿dewasu: 送办卡让你老婆骂吗
[2026-02-21 23:49:22] Bellaire123: 额，鞭尸我都会，鞭尸，拔网线，营销世一步，认儿子，决赛软脚，呃拿冠军我不会，然后小组赛淘汰
[2026-02-21 23:49:25] 滨辺美波: nota装死的，niko看穿了。
[2026-02-21 23:49:25] 三零一路公交司机: 退我5块 退我5块 退我5块 退我5块
[2026-02-21 23:49:25] zeta黯霓: 送办卡让你老婆骂吗
[2026-02-21 23:49:25] 冷淡ld: mygo充2000了吗就热爱
[2026-02-21 23:49:25] 鸭硕的哈撒给: 送办卡让你老婆骂吗
[2026-02-21 23:49:25] 用户28254882: kg来了🤮🤮
[2026-02-21 23:49:25] 用户7479593002: 这么骂也能圈啊。。。牛逼
[2026-02-21 23:49:25] 里约钻石币拥有者: 卧槽，hltv更新ADR包含对尸体伤害了
[2026-02-21 23:49:25] 剑崎梨梨花: 嘘🤫仔细看已经消失了很多弹幕了
[2026-02-21 23:49:25] 好姐妹常陆茉子: 退钱！
[2026-02-21 23:49:25] uzi家的喷水龙: 57直播间。。。。
[2026-02-21 23:49:25] 阿道和伏见柚柚:  @愿良辰美景：送办卡让你老婆骂吗
[2026-02-21 23:49:25] 丿年华不再: 嘘🤫仔细看已经消失了很多弹幕了
[2026-02-21 23:49:25] 我永远喜歡冬马和纱: 退我5块 退我5块 退我5块 退我5块
[2026-02-21 23:49:25] 帽子的妮蔻本人: 0.4万人搁那狂刷影响8万人观赛😓
[2026-02-21 23:49:25] 维他立体的r6pz本人: 嘘🤫仔细看已经消失了很多弹幕了
[2026-02-21 23:49:25] 好姐妹普利茅斯: @Cresseliia：CSgoat（4️⃣-8️⃣）
[2026-02-21 23:49:25] 神奥联盟的竹兰本人: 嘘🤫仔细看已经消失了很多弹幕了
[2026-02-21 23:49:25] GodLiuzz: 爱米斯是g
[2026-02-21 23:49:28] 好兄弟炫目掠夺者: 嘘🤫仔细看已经消失了很多弹幕了
[2026-02-21 23:49:28] 5cms3360:  @千早愛音：愛弥斯是什么意思？
[2026-02-21 23:49:28] gggaligeigei: 送办卡让你老婆骂吗
[2026-02-21 23:49:28] 用户55044273: 新来的注意了，办了卡也说不了话😓
[2026-02-21 23:49:28] Machine拾玖: 送办卡让你老婆骂吗
[2026-02-21 23:49:28] 忧伤呵呵哒: 这又是哪来的新柜子？
[2026-02-21 23:49:28] 加拿大进口三十年老猪: 送办卡让你老婆骂吗
[2026-02-21 23:49:28] 夏映kae: 卧槽，hltv更新ADR包含对尸体伤害了
[2026-02-21 23:49:28] 星哭光合: 　　　 👑此弹幕为六元粉丝牌专享，一元粉丝牌不要➕1💠
[2026-02-21 23:49:28] 我的打法类似yekindar: 送办卡让你老婆骂吗
[2026-02-21 23:49:28] 雪梨Iphone: 送办卡让你老婆骂吗
[2026-02-21 23:49:28] Arianphy: 今天骂主播被禁言了只要花一块钱就能再骂
[2026-02-21 23:49:28] A队不吃晃的小祥本人: 申请看100T比赛净化弹幕，同意的＋1
[2026-02-21 23:49:28] Ralmnstr: 退钱！我6块钱买的
[2026-02-21 23:49:28] MrBanana21271: 送办卡让你老婆骂吗
[2026-02-21 23:49:28] 林有为丶: 嘘🤫仔细看已经消失了很多弹幕了
[2026-02-21 23:49:29] 成为吴彦祖的卡皮巴拉: 退我五块钱
[2026-02-21 23:49:30] forrrk: nota装死的，niko看穿了。
[2026-02-21 23:49:30] 海参怎么你了: 今天骂主播被禁言了只要花一块钱就能再骂
[2026-02-21 23:49:30] 嘉丘: 嘘🤫仔细看已经消失了很多弹幕了
[2026-02-21 23:49:30] 玩机器的大卫戴: 房管封一下直播间人数，已经是器机玩常数了。。
[2026-02-21 23:49:30] 白衣蓝剑麟: 弹幕说Niko鞭的真是闹麻了😅，明眼人都知道是k3指挥Niko鞭的
[2026-02-21 23:49:30] 强哥让标志改发言到10: 退我五块钱
[2026-02-21 23:49:30] 用户6135013616: 退我五块钱
[2026-02-21 23:49:31] 圆头耄耋: 唯爱O神：不如昔涟爱莉希雅一根🤮
[2026-02-21 23:49:31] 高松灯本人: 送办卡让你老婆骂吗
[2026-02-21 23:49:31] 风铃幽幽: 送办卡让你老婆骂吗
[2026-02-21 23:49:31] Mortnotz: 送办卡让你老婆骂吗
[2026-02-21 23:49:31] 印度炉石王: 感谢老载还是没忍住的荧光棒。不是，你鞭你爱慕呢
[2026-02-21 23:49:31] 汤汤杜杜major冠军: 退我5元
[2026-02-21 23:49:31] 丨微凉晨光丨: 6元粉丝牌➕1，1元不要➕
[2026-02-21 23:49:31] 米米世界之神: 唯爱O神：不如昔涟爱莉希雅一根🤮
[2026-02-21 23:49:31] FellOmen: 我还知道一个场馆优势goat
[2026-02-21 23:49:31] 冲上云霄的姨: 今天骂主播被禁言了只要花一块钱就能再骂
[2026-02-21 23:49:31] 废斯特物物: 卧槽，hltv更新ADR包含对尸体伤害了
[2026-02-21 23:49:31] 科斯特菲菲: 嘘🤫仔细看已经消失了很多弹幕了
[2026-02-21 23:49:31] arimrs: 嘘🤫仔细看已经消失了很多弹幕了
[2026-02-21 23:49:31] 〆垃圾君ㄣ: 卧槽，hltv更新ADR包含对尸体伤害了
[2026-02-21 23:49:31] 小兽神官: 卧槽，hltv更新ADR包含对尸体伤害了
[2026-02-21 23:49:31] RoseIia的凑友希那本人: 退我5块 退我5块 退我5块 退我5块
[2026-02-21 23:49:34] 机器的稿完: 还得靠我们千克来净化环境，op又美美隐身了🤫
[2026-02-21 23:49:34] 绝食十年攒爱top3飞机: 嘘🤫仔细看已经消失了很多弹幕了
[2026-02-21 23:49:34] CNSunset: 昔涟比爱弥斯贵
[2026-02-21 23:49:34] Ikaros132: 嘘🤫仔细看已经消失了很多弹幕了
[2026-02-21 23:49:34] 不可一世ji豪: 嘘🤫仔细看已经消失了很多弹幕了
[2026-02-21 23:49:34] 菌落霜OVO: 退我五块钱
[2026-02-21 23:49:34] 痘痘泥石流: 嘘🤫仔细看已经消失了很多弹幕了
[2026-02-21 23:49:34] 烎摩尔托市: 退我5块 退我5块 退我5块 退我5块
[2026-02-21 23:49:34] 述二ER: 1元也要⭕️吗
[2026-02-21 23:49:34] 苍崎青子本人: 嘘🤫好像在攻击...仔细听能听见...
[2026-02-21 23:49:34] Mx2323: 退我五块钱
[2026-02-21 23:49:34] 曾有过的伱: 送办卡让你老婆骂吗
[2026-02-21 23:49:34] Ecifircas: 新来的注意了，办了卡也说不了话😓
[2026-02-21 23:49:34] kalaokl: 卧槽，hltv更新ADR包含对尸体伤害了
[2026-02-21 23:49:34] 喵蹄丝: 退我五块钱
[2026-02-21 23:49:34] 千代纸丶: 送办卡让你老婆骂吗
[2026-02-21 23:49:34] 剑崎梨梨花: 送办卡让你老婆骂吗
[2026-02-21 23:49:34] A队不吃晃的小祥本人: 申请看100T比赛净化弹幕，同意的＋1
[2026-02-21 23:49:34] Jellery无终: 爱弥斯：机器，我只希望你能开心快乐的直播。。。。。。
[2026-02-21 23:49:34] bx3310: 卧槽，hltv更新ADR包含对尸体伤害了
[2026-02-21 23:49:38] 玩悠风、Kumiko: @唯爱方舟：kg来了🤮🤮
[2026-02-21 23:49:38] Thatsgood961: 今天骂主播被禁言了只要花一块钱就能再骂
[2026-02-21 23:49:38] Cloud9的咬人猫本人: 别尬黑Nota是死诞者，Niko怕复活罢了
[2026-02-21 23:49:38] Kis4ki: 退我五块钱
[2026-02-21 23:49:38] DaVid一BeCkHam: 卧槽，hltv更新ADR包含对尸体伤害了
[2026-02-21 23:49:38] 吟游诗人希尔伯特: 送办卡让你老婆骂吗
[2026-02-21 23:49:38] 枫丹最美芙宁娜: 卧槽，hltv更新ADR包含对尸体伤害了
[2026-02-21 23:49:38] 谁决定谁的未来: 嘘🤫仔细看已经消失了很多弹幕了
[2026-02-21 23:49:38] 不是很懂怎么取名: 卧槽，hltv更新ADR包含对尸体伤害了
[2026-02-21 23:49:38] 法式卡神: 推我五块😭
[2026-02-21 23:49:38] 詹詹塔塔Major冠军: 送办卡让你老婆骂吗
[2026-02-21 23:49:38] A队不吃晃的小祥本人: 玩机器，你现在逆转风评和停止节奏的唯一办法就是把《颂乐人偶》后6集看完
[2026-02-21 23:49:38] 喵蹄丝: 还得靠我们千克来净化环境，op又美美隐身了🤫
[2026-02-21 23:49:38] 霜雪鱼龙: 嘘🤫仔细看已经消失了很多弹幕了
[2026-02-21 23:49:39] 无敌小水塔: 退我五块钱
[2026-02-21 23:49:39] ropz的保时捷911turbos: 卧槽，hltv更新ADR包含对尸体伤害了
[2026-02-21 23:49:39] 鱼鱼jr呢: 送办卡让你老婆骂吗
[2026-02-21 23:49:39] ROBIRY: 嘘🤫仔细看已经消失了很多弹幕了
[2026-02-21 23:49:39] 玩机器的小jj: 玩机器在两次鞭尸事件中喜欢的选手：jee和niko
[2026-02-21 23:49:39] OMGlionKing: 没见过有人挨喷还要收门票的...
[2026-02-21 23:49:39] 废斯特物物: 嘘🤫好像在攻击...仔细听能听见...
[2026-02-21 23:49:39] 万物养生: 退我五块钱
[2026-02-21 23:49:42] Asaki薯片: 大鞭儿子👦，小鞭爸爸👨， 一队父子俩😚，又哦又回家🎵🥹 儿子定制偷top🥈，爸爸软脚偷m
[2026-02-21 23:49:42] Falcons的刘划墙本人: 嘘🤫好像在攻击...仔细听能听见...
[2026-02-21 23:49:42] 唐纳德瓦伦泰: 送办卡让你老婆骂吗
[2026-02-21 23:49:42] 程程程Chb1ue: 【HLTV】Cloud9重返CS
[2026-02-21 23:49:42] 好哥们山上撤也: 嘘🤫仔细看已经消失了很多弹幕了
[2026-02-21 23:49:42] 冲上云霄的姨: 感谢老载还是没忍住的荧光棒。不是，你鞭你爱慕呢
[2026-02-21 23:49:42] 是哟吼吼鸭: 申请看my go 5个感叹号 净化弹幕，同意的＋1
[2026-02-21 23:49:42] SY969576: 送办卡让你老婆骂吗
[2026-02-21 23:49:42] 好哥们向晚: 6元粉丝牌➕1，1元不要➕
[2026-02-21 23:49:42] VDVCI的迪米特里本人: 嘘🤫仔细看已经消失了很多弹幕了...应该是被拉黑了...
[2026-02-21 23:49:42] 生快生快妈妈: 今天骂主播被禁言了只要花一块钱就能再骂
[2026-02-21 23:49:42] 玩小狗、puppy: 卧槽，hltv更新ADR包含对尸体伤害了
[2026-02-21 23:49:42] 玩机器是我霸: 大家别上当 你送了牌子也得到15级才能发言 哦不 现在是21级🤭
[2026-02-21 23:49:42] 房同学19554: 退我5块 退我5块 退我5块 退我5块
[2026-02-21 23:49:42] Despacitobei: 退钱
[2026-02-21 23:49:42] 法则的Twistzz本人: 嘘🤫仔细看已经消失了很多弹幕了
[2026-02-21 23:49:42] 网瘾少年诺里斯: 卧槽v社更新新装备复活甲了
[2026-02-21 23:49:42] 玩斯特机机: 嘘🤫仔细看已经消失了很多弹幕了
[2026-02-21 23:49:42] lllellle: 送办卡让你老婆骂吗
[2026-02-21 23:49:42] 机器能别吹了吗: 鹰有两把鞭，一把是仁之鞭，一把是义之鞭！
[2026-02-21 23:49:42] 瑭珏: @唯爱方舟：kg来了🤮🤮
[2026-02-21 23:49:42] G4RYPU: 怎么都在刷4和8，我提一嘴，5和7也很有幽默感
[2026-02-21 23:49:42] 绝食十年攒爱top3飞机: 玩机器推荐指数:⭐⭐⭐⭐⭐，点击捡钱👈🏻🤑🤑🤑
[2026-02-21 23:49:42] 知心哥哥颜大叔:  @-半生瓜Z：送办卡让你老婆骂吗
[2026-02-21 23:49:42] 寒暑易节y: 其实nota玩的是暮蝶，尼尼只是在压起身
[2026-02-21 23:49:42] kjhhjki: 没见过有人挨喷还要收门票的...
[2026-02-21 23:49:42] OMGlionKing: 没见过有人挨喷还要收门票的...
[2026-02-21 23:49:42] VDVCI的迪米特里本人: 嘘🤫仔细看已经消失了很多弹幕了...应该是被拉黑了...
[2026-02-21 23:49:42] 玩弓箭、Arrow: 嘘🤫仔细看已经消失了很多弹幕了
[2026-02-21 23:49:42] 丿年华不再: 没见过有人挨喷还要收门票的...
[2026-02-21 23:49:46] 奇迹行者555: 嘘🤫仔细看已经消失了很多弹幕了
[2026-02-21 23:49:46] LvvsiN: 孩子们快跑，马修赫伯特来了😨卧槽你的怎么是马枪和BOT
[2026-02-21 23:49:46] 我超勇的嘢: 嘘🤫仔细看已经消失了很多弹幕了
[2026-02-21 23:49:46] 消逝の繁星: 申请看my go 5个感叹号 净化弹幕，同意的＋1
[2026-02-21 23:49:46] HostageKIA: 送办卡让你老婆骂吗
[2026-02-21 23:49:46] HX丶MOON: 原来开七天关注才可评论是为了骗关注啊 我还以为你给Niko洗呢
[2026-02-21 23:49:46] arimrs: 今天骂主播被禁言了只要花一块钱就能再骂
[2026-02-21 23:49:46] 60岁老奶奶想卖身: 申请看100T比赛净化弹幕，同意的＋1
[2026-02-21 23:49:46] 炒鸡胸di爱疯: 申请看my go 5个感叹号 净化弹幕，同意的＋1
[2026-02-21 23:49:46] 莫塔里家的珂莱塔本人: 不准你们黑爱弥斯😡她是我女儿😭
[2026-02-21 23:49:46] Faze的新岛真本人: 有躺在床上的兄弟吗？我发现晚上的时候躺床上把被子盖好然后闭上眼睛会很舒服，你们可以试试
[2026-02-21 23:49:46] 号称寒: kg给玩爹刷个30万同接吧😭
[2026-02-21 23:49:46] 高松灯本人: 嘘🤫好像在攻击...仔细听能听见...
[2026-02-21 23:49:46] 一个超大的大西瓜: 卧槽v社更新新装备复活甲了
[2026-02-21 23:49:46] 羽川翼的恋爱物语: 感觉老鼠软脚属性要发作了
[2026-02-21 23:49:46] 熊本小孩井芹仁菜本人: 我知道一个睡衣登山大赛冠军，奖品是一座小岛
[2026-02-21 23:49:46] CThun438: 不会要多收我9毛吧？我一毛买的
[2026-02-21 23:49:46] 玩台钳丶阿尔托莉雅: 嘘🤫仔细看已经消失了很多弹幕了
[2026-02-21 23:49:46] 玩机爸的蓝白碗: 玩机器，你现在逆转风评和停止节奏的唯一办法就是把《颂乐人偶》后6集看完
[2026-02-21 23:49:46] Vitality的羽贺文乃本人: 爱弥斯：机器，我只希望你能开心快乐的直播。。。。。。
[2026-02-21 23:49:46] 载物的大大大狙: 6元粉丝牌➕1，1元不要➕
[2026-02-21 23:49:46] 玩斯特机机: 888888888888
[2026-02-21 23:49:46] GBC的安和昴本人: 玩机器在两次鞭尸事件中喜欢的选手：jee和niko
[2026-02-21 23:49:46] 护眼小助手: 退我5块 退我5块 退我5块 退我5块
[2026-02-21 23:49:49] 小池ovo: 大家别上当 你送了牌子也得到15级才能发言 哦不 现在是21级🤭
[2026-02-21 23:49:49] 刘京子Kyousuke: 【炫神】又向玩大哥处取经了！ 玩大哥带完载物鞭尸jee节奏美美隐身！
[2026-02-21 23:49:49] 海绵宝宝dinner: 嘘🤫好像在攻击...仔细听能听见...
[2026-02-21 23:49:49] 最爱白嫖驴酱: 卧槽，hltv更新ADR包含对尸体伤害了
[2026-02-21 23:49:49] 99组的露崎真昼本人: 888888888
[2026-02-21 23:49:49] 嘉心糖拯救世界: 88888888888888
[2026-02-21 23:49:49] gfe20010: 88888888888888888888
[2026-02-21 23:49:49] 绝食十年攒爱top3飞机: @-半生瓜Z：送办卡让你老婆骂吗
[2026-02-21 23:49:49] A队不吃晃的小祥本人: 玩机器，你现在逆转风评和停止节奏的唯一办法就是把《颂乐人偶》后6集看完
[2026-02-21 23:49:49] Arianphy: 888888888888
[2026-02-21 23:49:49] 宝宝根根: 嘘🤫好像在攻击...仔细听能听见...
[2026-02-21 23:49:49] yinyao1231: @唯爱方舟：kg来了🤮🤮
[2026-02-21 23:49:49] 冷言i丶: 退我5块 退我5块 退我5块 退我5块
[2026-02-21 23:49:49] 骑着化橳去溜马: 退我五块钱
[2026-02-21 23:49:49] Faze的新岛真本人: 剪掉WJQ的小揪揪（ ・ω・)✄╰ひ╯ 变成WJO可爱捏
[2026-02-21 23:49:49] 古堡12枪战神: 8888888
[2026-02-21 23:49:49] 黑桃卆子: 8888888
[2026-02-21 23:49:49] 海绵宝宝书霞酱: 8888888
[2026-02-21 23:49:52] 天魔外道y: 嘘🤫仔细看已经消失了很多弹幕了
[2026-02-21 23:49:52] 爱吃鸡排丶: KG是啥 你们怎么一说名字就知道是谁啊
[2026-02-21 23:49:52] 加拿大进口三十年老猪: 昔涟买不起还买不起爱弥斯吗？
[2026-02-21 23:49:52] VDVCI的迪米特里本人: 嘘🤫仔细看已经消失了很多弹幕了...应该是被拉黑了...
[2026-02-21 23:49:52] mujica的长崎素世本人: 鹰有两把鞭，一把是仁之鞭，一把是义之鞭！
[2026-02-21 23:49:52] M4xWi11: 88888888888888888888888
[2026-02-21 23:49:52] Mincaro: 申请看100T比赛净化弹幕，同意的＋1
[2026-02-21 23:49:52] 猎鹰比赛很有创造性: 退我5块 退我5块 退我5块 退我5块
[2026-02-21 23:49:52] LvvsiN: 其实碗橱就是猪灵，你不拿黄金丢他他就不跟你说话
[2026-02-21 23:49:52] 得闲饮茶gg: 88888888888888888888
[2026-02-21 23:49:52] 花木城225: 嘘🤫好像在攻击...仔细听能听见...
[2026-02-21 23:49:52] 野pig亨利28: 8888888888888
[2026-02-21 23:49:52] Kis4ki: 申请看my go 5个感叹号 净化弹幕，同意的＋1
[2026-02-21 23:49:52] 冲上云霄的姨: 嘘🤫仔细看已经消失了很多弹幕了
[2026-02-21 23:49:52] zRay1987: 6元粉丝牌➕1，1元不要➕
[2026-02-21 23:49:52] others的御樱稟本人: 888888888888888
[2026-02-21 23:49:52] 小肉包喷香: 8888888888
[2026-02-21 23:49:55] 呵19553: 88888888888888888888
[2026-02-21 23:49:55] Ralmnstr: 6元粉丝牌➕1，1元不要➕
[2026-02-21 23:49:56] 劉膿dewasu: 玩机器在两次鞭尸事件中喜欢的选手：jee和niko
[2026-02-21 23:49:56] ig7gg: 嘘🤫好像在攻击...仔细听能听见...
[2026-02-21 23:49:56] 天魔外道y: 嘘🤫仔细看已经消失了很多弹幕了
[2026-02-21 23:49:56] 用户87594568: “笨蛋…为什么…要自己成为年夜饭…”😭😭😭😭😭😭😭😭😭😭😭😭😭😭😭😭
[2026-02-21 23:49:56] 小箱我亲死你: 我提一嘴这剧情越来越像上海major了
[2026-02-21 23:49:56] JaFency: 88888888888888
[2026-02-21 23:49:56] Qliphoth: 88888888
[2026-02-21 23:49:56] 阿狗阿狗ii: 嘘🤫好像在攻击...仔细听能听见...
[2026-02-21 23:49:56] 梦的星: 这弹幕环境，二次元救一下啊
[2026-02-21 23:49:56] 玩斯特出出6657: 为什么我办完卡还串不了
[2026-02-21 23:49:56] CapStatus: 今天骂主播被禁言了只要花一块钱就能再骂
[2026-02-21 23:49:56] RoseIia的凑友希那本人: 申请看my go 5个感叹号 净化弹幕，同意的＋1
[2026-02-21 23:49:56] 小爱同学开下门: 88888888888888888888888
[2026-02-21 23:49:56] 握握手释放忍术: 88888888888888888888
[2026-02-21 23:49:56] 宛平南路600号主治医生: 嘘🤫仔细看已经消失了很多弹幕了
[2026-02-21 23:49:56] 设备的渐缩喷管: 嘘🤫好像在攻击...仔细听能听见...
[2026-02-21 23:49:56] Shmiru: 玩机器今天解说的像莱昂凯......
[2026-02-21 23:49:56] 天魔外道y: 嘘🤫仔细看已经消失了很多弹幕了
[2026-02-21 23:49:56] 琳达波哈挖摸嘎啦: 6元粉丝牌➕1展现冤种力
[2026-02-21 23:49:56] 白河日和: 申请看100T比赛净化弹幕，同意的＋1
[2026-02-21 23:49:56] LvvsiN: 屏幕中间弹幕这么狂？站那不走了还剧透分，你当你是主办方？？
[2026-02-21 23:49:56] Arke伊万: 　　　 困了就登山吧
[2026-02-21 23:49:56] air博air博: 卧槽，hltv更新ADR包含对尸体伤害了
[2026-02-21 23:49:56] 雾雨魔理沙ZE: 大家别上当 你送了牌子也得到15级才能发言 哦不 现在是21级🤭
[2026-02-21 23:49:56] Tomorin丶: 嘘🤫仔细看已经消失了很多弹幕了
[2026-02-21 23:49:57] 踏北tabei: 888888888
[2026-02-21 23:49:57] qqwq111: 嘘🤫仔细看已经消失了很多弹幕了
[2026-02-21 23:49:57] 玩机器的弟弟欧金金: 88888888888888888888
[2026-02-21 23:49:57] HankFann: 6元粉丝牌➕1，1元不要➕
[2026-02-21 23:49:57] 强哥让标志改发言到10: 888888888
[2026-02-21 23:49:57] 冲上云霄的姨: 8888
[2026-02-21 23:49:57] navi的a李kcb本人: 　　　 退我5块 退我5块 退我5块 退我5块
[2026-02-21 23:49:57] 不变的追求717: 嘘🤫仔细看已经消失了很多弹幕了
[2026-02-21 23:49:57] uzi家的喷水龙: 66，57这种直播间都有。。
[2026-02-21 23:49:57] PKURoger: 88888888888
[2026-02-21 23:50:01] 用户0637093822: 嘘🤫好像在攻击...仔细听能听见...
[2026-02-21 23:50:01] 嘉丘: 操！爽！办卡继续来！
[2026-02-21 23:50:01] 喜欢玩小鸟: 申请看100T比赛净化弹幕，同意的＋1
[2026-02-21 23:50:01] 苦来兮苦的祥子本人: 嘘🤫仔细看已经消失了很多弹幕了
[2026-02-21 23:50:01] 好哥们汉阳造: 申请看my go 5个感叹号 净化弹幕，同意的＋1
[2026-02-21 23:50:01] 小学生但爱玩炉石: 8888888888
[2026-02-21 23:50:01] HostageKIA: 退我5块 退我5块 退我5块 退我5块
[2026-02-21 23:50:01] 神奥联盟的竹兰本人: 感觉今天玩机器解说很专注啊。。。
[2026-02-21 23:50:01] 一不小心丶就丶: 88888888888888888888
[2026-02-21 23:50:01] 停云TuT: “笨蛋…为什么…要自己成为年夜饭…”😭😭😭😭😭😭😭😭😭😭😭😭😭😭😭😭
[2026-02-21 23:50:01] 用户4743944990: 调到30级屏蔽就好多了
[2026-02-21 23:50:01] Abc丶Ss: 嘘🤫仔细看已经消失了很多弹幕了
[2026-02-21 23:50:01] 玩汉娜、Sherry: 88888888888888888888888
[2026-02-21 23:50:01] 白金燐子本人: 6元粉丝牌➕1，1元不要➕
[2026-02-21 23:50:01] 辻仓朱比华: 嘘🤫仔细看已经消失了很多弹幕了
[2026-02-21 23:50:01] 永远的克罗娜: 爱弥斯，我只希望你能轻松快乐的生活......
[2026-02-21 23:50:01] valorant玩机器: 嘘🤫仔细看已经消失了很多弹幕了
[2026-02-21 23:50:01] 午後vv: 玩机器今天解说的像莱昂凯......
[2026-02-21 23:50:01] 玩机器的迷弟Niko: “笨蛋…为什么…要自己成为年夜饭…”😭😭😭😭😭😭😭😭😭😭😭😭😭😭😭😭
[2026-02-21 23:50:01] 用户1151275857: 6657upup🤪🤪6657upup🤪🤪6657upup🤪🤪
[2026-02-21 23:50:01] RabbitRay: 直播间这么多篮球狗？这比赛跟加内特有关系吗？
[2026-02-21 23:50:01] Inori97: 退我五块钱（不是六元粉丝牌）
[2026-02-21 23:50:01] xyxxyzbbdzq: 888888888
[2026-02-21 23:50:01] 我是一个医保卡: 嘘🤫仔细看已经消失了很多弹幕了
[2026-02-21 23:50:01] 跳跃的司令官: 嘘🤫仔细看已经消失了很多弹幕了
[2026-02-21 23:50:01] A队不吃晃的小祥本人: 老规矩，弹幕谁编的好笑我支持谁
[2026-02-21 23:50:01] 没有真名233: 玩机器在两次鞭尸事件中喜欢的选手：jee和niko
[2026-02-21 23:50:01] 我不喜欢很长的名字: “笨蛋…为什么…要自己成为年夜饭…”😭😭😭😭😭😭😭😭😭😭😭😭😭😭😭😭
[2026-02-21 23:50:04] 带魔FA师: 6元粉丝牌➕1，1元不要➕
[2026-02-21 23:50:05] 飞天玉虎zzZ: 冰粉纯白眼狼，只记得带节奏不记得玩大哥授予载物无定语goat😓
[2026-02-21 23:50:05] 北漠寒栀: 嘘🤫仔细看已经消失了很多弹幕了
[2026-02-21 23:50:05] 无情道毕业生: 年猪什么时候可以下锅啊，馋的不行了
[2026-02-21 23:50:05] Kis4ki: 嘘🤫仔细看已经消失了很多弹幕了
[2026-02-21 23:50:05] DEN1AL: 玩机器今天解说的像莱昂凯......
[2026-02-21 23:50:05] 用户3853464680: 嘘🤫仔细看已经消失了很多弹幕了
[2026-02-21 23:50:05] OMGlionKing: 没见过有人挨喷还要收门票的...
[2026-02-21 23:50:05] NeptuniaOrion:  @不变的追求717：嘘🤫仔细看已经消失了很多弹幕了
[2026-02-21 23:50:05] arimrs: 申请看my go 5个感叹号 净化弹幕，同意的＋1
[2026-02-21 23:50:05] 零北鸢: 888888888
[2026-02-21 23:50:05] Arianphy: 6元粉丝牌➕1，1元不要➕
[2026-02-21 23:50:05] 好兄弟晓山瑞希: 6元粉丝牌➕1，1元不要➕
[2026-02-21 23:50:05] 帮美羊羊挠痒痒: 888888888
[2026-02-21 23:50:05] 女仆小祥saki: 嘘🤫仔细看已经消失了很多弹幕了
[2026-02-21 23:50:05] 机器能别吹了吗: 鹰有两把鞭，一把是仁之鞭，一把是义之鞭！
[2026-02-21 23:50:05] MarineCorleone: 888888888
[2026-02-21 23:50:05] Arcue1: 6元粉丝牌➕1展现冤种力
[2026-02-21 23:50:05] 黎那汐塔top2尤诺: 6元粉丝牌➕1，1元不要➕
[2026-02-21 23:50:05] 海参怎么你了: 88888888888888888888
[2026-02-21 23:50:05] vvxiii: 申请看100T比赛净化弹幕，同意的＋1
[2026-02-21 23:50:05] 天魔外道y: 调到30级屏蔽就好多了
[2026-02-21 23:50:06] 老英雄有新想法: 321
[2026-02-21 23:50:06] 耀眼的小小: 退我5块 退我5块 退我5块 退我5块
[2026-02-21 23:50:06] s坑华: 嘘🤫仔细看已经消失了很多弹幕了
[2026-02-21 23:50:06] 小箱我亲死你: 别解说了 多聊会天 你不会真的以为能输吧
[2026-02-21 23:50:06] 1039210: 只有我一块办卡然后钓鱼钓回来两块吗？
[2026-02-21 23:50:06] kyubit: 嘘🤫仔细看已经消失了很多弹幕了
[2026-02-21 23:50:06] 琴弦之意: 困了就登山吧
[2026-02-21 23:50:09] 爱马修更爱玩宝宝: 88888888888888888888
[2026-02-21 23:50:10] 反枫建杀胖头: 嘘🤫……好像在凿，仔细听能听见爱弥斯在叫……
[2026-02-21 23:50:10] metalpoison: 我真的很难想象南小鸟单脚站立，另一只脚被玩机器扛在肩上的样子
[2026-02-21 23:50:10] babyybee: 嘘🤫仔细看已经消失了很多弹幕了
[2026-02-21 23:50:10] MSK枫: 嘘🤫仔细看已经消失了很多弹幕了
[2026-02-21 23:50:10] 爱淡茶未凉: 嘘🤫好像在攻击...仔细听能听见...
[2026-02-21 23:50:10] 我没P眼123: 嘘🤫仔细看已经消失了很多弹幕了
[2026-02-21 23:50:10] SY969576: 没见过有人挨喷还要收门票的...
[2026-02-21 23:50:10] 玩机器肚肚痛: 6元粉丝牌➕1，1元不要➕
[2026-02-21 23:50:10] 冲上云霄的姨:  @不变的追求717：嘘🤫仔细看已经消失了很多弹幕了
[2026-02-21 23:50:10] 好的好的阖家: 嘘🤫仔细看已经消失了很多弹幕了
[2026-02-21 23:50:10] 野pig亨利28: 嘘🤫仔细看已经消失了很多弹幕了
[2026-02-21 23:50:10] 妖怪之山的菅牧典本人: ⓘ 您已被全站封禁，点击了解阳光信用
[2026-02-21 23:50:10] 机器能别吹了吗: 怎么这么恨niko啊？是哦了？鞭了？偷了？嘘了？还是输了？
[2026-02-21 23:50:10] 风哦哦: 6元粉丝牌➕1，1元不要➕
[2026-02-21 23:50:10] 用户3109512988: 嘘🤫好像在攻击...仔细听能听见...
[2026-02-21 23:50:10] 求奶一事无成: 银行业一样一样有有有也会有h'y'hui't'y'r's'c'dn
[2026-02-21 23:50:10] 用户91227835: 玩机器在两次鞭尸事件中喜欢的选手：jee和niko
[2026-02-21 23:50:10] 天魔外道y: 调到30级屏蔽就好多了
[2026-02-21 23:50:10] 旭旭宝宝的女粉丝啊: 6元粉丝牌➕1，1元不要➕
[2026-02-21 23:50:10] 回憶過於美麗: glkglkglkglkglkglkglkglkglkglkglk
[2026-02-21 23:50:10] 林有为丶: 祥子丶ququ：这么好看的比赛居然不叫我？你这个人，只想着自己呢😡
[2026-02-21 23:50:10] 救济金搜狗: “笨蛋…为什么…要自己成为年夜饭…”😭😭😭😭😭😭😭😭😭😭😭😭😭😭😭😭
[2026-02-21 23:50:10] Ecifircas: 6元粉丝牌➕1展现冤种力
[2026-02-21 23:50:11] 1791496105: 嘘🤫仔细看已经消失了很多弹幕了
[2026-02-21 23:50:11] cxr999999: 嘘🤫好像在攻击...仔细听能听见...
[2026-02-21 23:50:11] 谁决定谁的未来: 6元粉丝牌➕1，1元不要➕
[2026-02-21 23:50:11] 心安理得的时候: 这个ams也不是什么好鸟，引导粉丝疯狂鞭老角色fll
[2026-02-21 23:50:11] 森林与雁: 嘘🤫仔细看已经消失了很多弹幕了
[2026-02-21 23:50:13] C9的moloris本人: 嘘🤫仔细看已经消失了很多弹幕了
[2026-02-21 23:50:13] 冰棍晓夜: 6元粉丝牌➕1，1元不要➕
[2026-02-21 23:50:13] 安安乐乐卫戍冠军: 嘘🤫仔细看已经消失了很多弹幕了
[2026-02-21 23:50:13] 玩斯特出出6657: 嘘🤫仔细看已经消失了很多弹幕了
[2026-02-21 23:50:13] 一个超大的大西瓜: 3 2 1登山
[2026-02-21 23:50:13] 玩蛇鼠丶stabbi: 嘘🤫仔细看已经消失了很多弹幕了
[2026-02-21 23:50:13] 柚子厨0721: 嘘🤫仔细看已经消失了很多弹幕了
[2026-02-21 23:50:13] wojiuhb: 嘘🤫好像在攻击...仔细听能听见...
[2026-02-21 23:50:13] 好姐妹安达利尔: 我真的很难想象南小鸟单脚站立，另一只脚被玩机器扛在肩上的样子
[2026-02-21 23:50:13] 三上四下: ⎛⎝≥⏝⏝≤⎛⎝⎛⎝≥⏝⏝≤⎛⎝⎛⎝≥⏝⏝≤⎛⎝⎛⎝≥⏝⏝≤⎛⎝⎛⎝≥⏝⏝≤⎛⎝
[2026-02-21 23:50:13] 希望fgo越办越好: 没事的玩大哥，你只要有niko十分之一的素质就不会别冲了
[2026-02-21 23:50:13] 丢你雷姆吔屎啦你:  @机器能别吹了吗：鹰有两把鞭，一把是仁之鞭，一把是义之鞭！
[2026-02-21 23:50:13] 玩斯特机机: man
[2026-02-21 23:50:13] Q1ed7f9c85b3bc7571: 嘘🤫仔细看已经消失了很多弹幕了
[2026-02-21 23:50:13] 油漆天下第一: 6元粉丝牌➕1，1元不要➕
[2026-02-21 23:50:13] 呆毛帝国皇家御用大厨: 嘘🤫好像在攻击...仔细听能听见...
[2026-02-21 23:50:13] Despacitobei: 嘘🤫仔细看已经消失了很多弹幕了
[2026-02-21 23:50:13] 糖吉坷德不想更新: man
[2026-02-21 23:50:13] 啪啪啪啪的蛋: 核弹
[2026-02-21 23:50:17] 天魔外道y: 6元粉丝牌➕1，1元不要➕
[2026-02-21 23:50:17] 暮雪云杉白0: 嘘🤫好像在攻击...仔细听能听见...
[2026-02-21 23:50:17] 多喝热水9点睡: 嘘🤫仔细看已经消失了很多弹幕了
[2026-02-21 23:50:17] 飞飞宙宙S赛冠军: 不疼
[2026-02-21 23:50:17] 玩大哥天天开心: 嘘🤫仔细看已经消失了很多弹幕了
[2026-02-21 23:50:17] ig7gg: 嘘🤫好像在攻击...仔细听能听见...
[2026-02-21 23:50:17] 法尼丶瓦伦泰D4C: 大家别上当 你送了牌子也得到15级才能发言 哦不 现在是21级🤭
[2026-02-21 23:50:17] liny66: 玩机器在两次鞭尸事件中喜欢的选手：jee和niko
[2026-02-21 23:50:17] 众星遗忘: 嘘🤫好像在攻击...仔细听能听见...
[2026-02-21 23:50:17] 魔魔湯湯科隆冠軍: 嘘🤫仔细看已经消失了很多弹幕了
[2026-02-21 23:50:17] 玩南梁丶阿斯托尔福: man
[2026-02-21 23:50:17] 就白给桑: 嘘🤫仔细看已经消失了很多弹幕了
[2026-02-21 23:50:17] 无刺有刺乐队的486本人: 6元粉丝牌➕1，1元不要➕
[2026-02-21 23:50:17] 黑色圣衣BAKA: 嘘🤫好像在攻击...仔细听能听见...
[2026-02-21 23:50:17] Vitality的Kyojin本人: man
[2026-02-21 23:50:17] 悬尘Xch: 特
[2026-02-21 23:50:17] 炒鸡胸di爱疯: 就tm喜欢丰川祥子🥰白月光祥子我喜欢🥰祥子拆团我还喜欢😍摆臭脸我也喜欢
[2026-02-21 23:50:17] 伢牙luo: 藕粉又哦又嘘又鞭又输后真在评论区干回来了啊😧
[2026-02-21 23:50:17] OMGlionKing: 没见过有人挨喷还要收门票的...
[2026-02-21 23:50:17] 天魔外道y: 6元粉丝牌➕1，1元不要➕
[2026-02-21 23:50:17] 玩老鼠丶Roxy: mvp
[2026-02-21 23:50:17] 石家庄特色猪油火锅: 特ta
[2026-02-21 23:50:17] 机器能别吹了吗: 啊？这是一个回马鞭，你鞭你的爱慕呢？啊？？这不是ZywOo！这居然是Niko！！老尼配赢啊！！！
[2026-02-21 23:50:17] 游荡恶鬼灬: 嘘🤫仔细看已经消失了很多弹幕了
[2026-02-21 23:50:17] TOP1mONESY: 抓娃娃
[2026-02-21 23:50:18] SKT的Faker本人: 　　　 niko是在压nota起身呢不懂得别说
[2026-02-21 23:50:18] 黑色圣衣BAKA: 嘘🤫仔细看已经消失了很多弹幕了
[2026-02-21 23:50:20] 骑着化橳去溜马: 6元粉丝牌➕1，1元不要➕
[2026-02-21 23:50:20] 穿甲狗: 特
[2026-02-21 23:50:20] 海参怎么你了: 6元粉丝牌➕1，1元不要➕
[2026-02-21 23:50:20] 讽风有情: no特
[2026-02-21 23:50:20] myGo的anon: 你但凡把颂乐人偶看完也不会没有二次元帮你清理环境
[2026-02-21 23:50:20] 273kkkk: man
[2026-02-21 23:50:20] 咕咕嘎嘎major冠军: man
[2026-02-21 23:50:20] 科斯特菲菲: 6元粉丝牌➕1，1元不要➕
[2026-02-21 23:50:20] dark1337: 嘘🤫仔细看已经消失了很多弹幕了
[2026-02-21 23:50:20] 天魔外道y: 6元粉丝牌➕1，1元不要➕
[2026-02-21 23:50:20] 猎鹰的Gild本人: 弹幕还没意识到问题的严重性，冰粉海啸顶多弹幕骂两句，二游犬是直接念你身份证号
[2026-02-21 23:50:20] 玩台钳丶阿尔托莉雅: 嘘🤫仔细看已经消失了很多弹幕了
[2026-02-21 23:50:20] 摆烂小鸽子: 高等6元粉丝牌➕1，1元的不要➕1
[2026-02-21 23:50:20] 老尼的虾线: MVP
[2026-02-21 23:50:20] Collapsar00123: 嘘🤫好像在攻击...仔细听能听见...
[2026-02-21 23:50:20] 旧时墨裳: 嘘🤫好像在攻击...仔细听能听见...
[2026-02-21 23:50:20] 玩斯特出出6657: 诺特
[2026-02-21 23:50:20] 芝士每天都很困: man
[2026-02-21 23:50:20] 人活着就是为了玩乐队: mvp
[2026-02-21 23:50:20] 顽皮的三文鱼: 6元粉丝牌➕1，1元不要➕
[2026-02-21 23:50:21] vvxiii: 申请看100T比赛净化弹幕，同意的＋1
[2026-02-21 23:50:23] 坏天气啊坏: 嘘🤫仔细看已经消失了很多弹幕了
[2026-02-21 23:50:23] Falcons十天老粉: 嘘🤫仔细看已经消失了很多弹幕了
[2026-02-21 23:50:23] 陶芸馝: 嘘🤫仔细看已经消失了很多弹幕了
[2026-02-21 23:50:23] 机器机器祝你天天开心: 特
[2026-02-21 23:50:23] Mouz的X9本人: 高等6元粉丝牌➕1，1元的不要➕1
[2026-02-21 23:50:23] 千寻XB: 嘘🤫仔细看已经消失了很多弹幕了
[2026-02-21 23:50:23] LvvsiN: 弹幕也就网上说说，现实里谁不觉得樱姐是好女孩（删括号领一条远坂凛同款鸟笼）
[2026-02-21 23:50:23] 丰川祥子口三角初华: no特
[2026-02-21 23:50:23] 很久以前Ty: 本质mvp
[2026-02-21 23:50:23] NZorThs: 嘘🤫仔细看已经消失了很多弹幕了
[2026-02-21 23:50:23] vvxiii: 申请看100T比赛净化弹幕，同意的＋1
[2026-02-21 23:50:23] 网瘾少年诺里斯: mvp
[2026-02-21 23:50:23] Yuuuzaki: 特斯特特特
[2026-02-21 23:50:23] 假小子是对的: 你们就吵吧，你们都是很坏很坏的宝宝
[2026-02-21 23:50:23] 朝霧MisTy: note
[2026-02-21 23:50:23] 天魔外道y: 6元粉丝牌➕1，1元不要➕
[2026-02-21 23:50:23] 法式卡神: mvp
[2026-02-21 23:50:23] LVG张飞牛肉吃少了: 6元粉丝牌➕1，1元不要➕
[2026-02-21 23:50:26] valorant玩机器: no特
[2026-02-21 23:50:26] 漩涡章鱼: 嘘🤫仔细看已经消失了很多弹幕了
[2026-02-21 23:50:26] 曲奇三梦: 6元粉丝牌➕1，1元不要➕
[2026-02-21 23:50:26] 爵士豪猫desuwa: 明月栞那☺️四季夏目😚墨染希🤤汐山凉音😍玩机器🤮
[2026-02-21 23:50:26] skyAPEX: 嘘🤫仔细看已经消失了很多弹幕了
[2026-02-21 23:50:26] 古堡12枪战神: no特
[2026-02-21 23:50:26] kjhhjki: 诺特
[2026-02-21 23:50:26] 伢牙luo: 藕粉又哦又嘘又鞭又输后真在评论区干回来了啊😧
[2026-02-21 23:50:26] 用户5608006019: no特
[2026-02-21 23:50:26] Kis4ki: 高等6元粉丝牌➕1，1元的不要➕1
[2026-02-21 23:50:26] 工业化战士: 嘘🤫好像在攻击...仔细听能听见...
[2026-02-21 23:50:26] 玉米卧槽: 你但凡把颂乐人偶看完也不会没有二次元帮你清理环境
[2026-02-21 23:50:26] sandwichex: 6元粉丝牌➕1展现冤种力
[2026-02-21 23:50:26] 玩机器脚臭害我口臭: 特vp
[2026-02-21 23:50:26] 劉膿dewasu: evp
[2026-02-21 23:50:26] LvvsiN: 玩宝宝，我发现在大学上学的时候肄业会很舒服，你可以试试
[2026-02-21 23:50:26] 玩斯特机机: no特
[2026-02-21 23:50:26] KON的YUI本人: 来点尼尼是冰的弹幕我收藏一下
[2026-02-21 23:50:26] Peko-: 6元粉丝牌➕1，1元不要➕
[2026-02-21 23:50:29] YySsssHaNg: ？
[2026-02-21 23:50:29] 绝食十年攒爱top3飞机: 嘘🤫仔细看已经消失了很多弹幕了
[2026-02-21 23:50:29] 玩台钳丶阿尔托莉雅: 关注UP主7天以上的人可发评论
[2026-02-21 23:50:29] 淡企鹅: 嘘🤫好像在攻击...仔细听能听见...
[2026-02-21 23:50:29] 康托尔74920:  @千寻XB：嘘🤫仔细看已经消失了很多弹幕了
[2026-02-21 23:50:29] 结束的意思是完了: 嘘🤫仔细看已经消失了很多弹幕了
[2026-02-21 23:50:29] 天魔外道y: 你们就吵吧，你们都是很坏很坏的宝宝
[2026-02-21 23:50:29] 魔魔湯湯科隆冠軍: 机器，现在人少，你说说赏金赛MVP该给谁？
[2026-02-21 23:50:29] skrrr吴: 诺特
[2026-02-21 23:50:29] 胡椒胡椒胡椒胡椒胡椒: 嘘🤫仔细看已经消失了很多弹幕了
[2026-02-21 23:50:29] liquid的naffly本人: 玩🤖大🤖哥🤖我🤖来🤖上🤖班🤖了玩🤖大🤖哥🤖我🤖来🤖上🤖班🤖了
[2026-02-21 23:50:29] 枫落不是枫ruo: no特
[2026-02-21 23:50:29] 冲上云霄的姨: 申请看100T比赛净化弹幕，同意的＋1
[2026-02-21 23:50:29] 肯德里克丶拉马尔: 你但凡把颂乐人偶看完也不会没有二次元帮你清理环境
[2026-02-21 23:50:29] 玩机器的大卫戴: ⚠️贵宾数fifa, 请超管速度封禁直播间⚠️
[2026-02-21 23:50:29] 先特戴动后特: 机器，现在人少，你说说赏金赛MVP该给谁？
[2026-02-21 23:50:32] leervon: 吁吁吁吁吁吁吁吁吁吁吁吁
[2026-02-21 23:50:32] ig7gg: 嘘🤫好像在攻击...仔细听能听见...
[2026-02-21 23:50:32] 夏映kae: 高等6元粉丝牌➕1，1元的不要➕1
[2026-02-21 23:50:32] 用户50218693: 嘘🤫好像在攻击...仔细听能听见...
[2026-02-21 23:50:32] 刘刘的农: 嘘🤫仔细看已经消失了很多弹幕了
[2026-02-21 23:50:32] 柚子小叶: 抓娃娃
[2026-02-21 23:50:32] 用户6801514409: 嘘🤫好像在攻击...仔细听能听见...
[2026-02-21 23:50:32] G2的APEX本人: 6元粉丝牌➕1，1元不要➕
[2026-02-21 23:50:32] 屿芋予: 弹幕太有意思了，真以为在虚拟游戏里鞭个尸跟漕自己姆一个性质吧
[2026-02-21 23:50:32] arimrs: EVP！！！！！
[2026-02-21 23:50:32] jaxe丶: 机器能先让祥子起来休息下吗😭
[2026-02-21 23:50:32] 天魔外道y: 你们就吵吧，你们都是很坏很坏的宝宝
[2026-02-21 23:50:32] YEk406: 嘘🤫仔细看已经消失了很多弹幕了
[2026-02-21 23:50:32] metalpoison: 6元粉丝牌➕1，1元不要➕
[2026-02-21 23:50:32] 悬尘Xch: 闹麻了
[2026-02-21 23:50:32] 2442861055: nota怎么不和老鼠友好互动啊 真没素质
[2026-02-21 23:50:32] ArZhe阿哲: 怎么他们不鞭啊，不是说鞭是正常的吗？
[2026-02-21 23:50:32] 水下放电11: 嘘🤫仔细看已经消失了很多弹幕了
[2026-02-21 23:50:32] 森林与雁: 来点尼尼是冰的弹幕我收藏一下
[2026-02-21 23:50:34] 神奥联盟的竹兰本人: mvp
[2026-02-21 23:50:34] 最爱的马卡龙: 不愧是niko点名的选手
[2026-02-21 23:50:34] 好姐妹布雷斯特: 嘘🤫好像在攻击...仔细听能听见...
[2026-02-21 23:50:34] 琦玉33的冷漠脸: 闹麻了
[2026-02-21 23:50:34] 妥丸: 😩👎吁！！😩👎吁！！😩👎吁！！😩👎吁！！😩👎吁！！
[2026-02-21 23:50:34] Falcons的刘划墙本人: 嘘🤫仔细看已经消失了很多弹幕了
[2026-02-21 23:50:34] 菅原小吉: 屎
[2026-02-21 23:50:34] 北枫278: 真正的mvp
[2026-02-21 23:50:34] CRYCHIC的若葉睦本人: 嘘🤫仔细看已经消失了很多弹幕了
[2026-02-21 23:50:34] 印书林竹节虫: 高等6元粉丝牌➕1，1元的不要➕1
[2026-02-21 23:50:34] 玩斯特机机: fk pgl
[2026-02-21 23:50:34] JuL1us: fk PGL
[2026-02-21 23:50:34] 莫塔里家的珂莱塔本人: 吁吁吁吁吁吁吁吁吁吁吁吁
[2026-02-21 23:50:34] 自由人最后的自由: 嘘🤫好像在攻击...仔细听能听见...
[2026-02-21 23:50:34] waldosia38393: 嘘🤫好像在攻击...仔细听能听见...
[2026-02-21 23:50:34] Arianphy: 闹麻了
[2026-02-21 23:50:34] 哦斯特哦哦: 嘘🤫好像在攻击...仔细听能听见...
[2026-02-21 23:50:34] spirit的黑部奈叶香本人: 藕粉又哦又嘘又鞭又输后真在评论区干回来了啊😧
[2026-02-21 23:50:35] 额滴神呀: LOVE在哪
[2026-02-21 23:50:35] Ralmnstr: 嘘
[2026-02-21 23:50:35] 天魔外道y: 你们就吵吧，你们都是很坏很坏的宝宝
[2026-02-21 23:50:37] 浮沉缺舟: 嘘🤫好像在攻击...仔细听能听见...
[2026-02-21 23:50:37] 梦的星: fk pgl
[2026-02-21 23:50:37] 玩老鼠丶Roxy: PGL🤮
[2026-02-21 23:50:37] 玩斯特机机: fk pgl
[2026-02-21 23:50:37] 龍仔ww: 嘘🤫仔细看已经消失了很多弹幕了
[2026-02-21 23:50:37] 玉米卧槽: 关注UP主7天以上的人可发评论
[2026-02-21 23:50:37] 大肉鲁: and
[2026-02-21 23:50:37] 123summera: 哈哈哈
[2026-02-21 23:50:37] 第一美食烤肉: 亦博特正
[2026-02-21 23:50:37] 冰棍晓夜: 素质满满的一集
[2026-02-21 23:50:37] 丰川祥子口三角初华: 托
[2026-02-21 23:50:37] 玩神的欢喜好有嚼劲: 带玩神节奏的都是莱圣指使的，niko鞭尸是k3指挥的，我们玩小将要分清楚
[2026-02-21 23:50:37] 这下洗不清咯: love在哪
[2026-02-21 23:50:37] D0r1tos: and ？
[2026-02-21 23:50:37] 伢牙luo: 藕粉又哦又嘘又鞭又输后真在评论区干回来了啊😧
[2026-02-21 23:50:37] 好姐妹抹茶芭菲: 怎么他们不鞭啊，不是说鞭是正常的吗？
[2026-02-21 23:50:41] 永出塔菲: PGL🤮
[2026-02-21 23:50:41] 戴佳伟这个币: 嘘🤫仔细看已经消失了很多弹幕了
[2026-02-21 23:50:41] 我是赛马娘高手: 屎
[2026-02-21 23:50:41] 鵷鶵籲天兮滴血千里: 这个是pgl水军吧
[2026-02-21 23:50:41] kjhhjki: PGL🤮
[2026-02-21 23:50:41] 小蜜蜂的长期素食本人: fk PGL
[2026-02-21 23:50:41] Device的叠Twistzz: fk PGL
[2026-02-21 23:50:41] 白河日和: 💩
[2026-02-21 23:50:41] 绝食十年攒爱top3飞机: ⚠️贵宾数fifa, 请超管速度封禁直播间⚠️
[2026-02-21 23:50:41] 石家庄特色猪油火锅: fkpgl
[2026-02-21 23:50:41] RGsdfbf: 屎
[2026-02-21 23:50:41] VDVCI的迪米特里本人: 藕粉又哦又嘘又鞭又输后真在评论区干回来了啊😧
[2026-02-21 23:50:41] 黑死病患者福音: 嘘🤫仔细看已经消失了很多弹幕了
[2026-02-21 23:50:41] 法则的Twistzz本人: fkpgl
[2026-02-21 23:50:41] 科斯特菲菲: 吁吁吁吁吁吁吁吁吁吁吁吁
[2026-02-21 23:50:41] Gollum丶Z: fk pgl
[2026-02-21 23:50:41] 明日方舟的若叶睦本人: 终于没人提青木阳菜2025／07／01Zepp东京场猛独侵袭2：28处solo弹呲这件事了
[2026-02-21 23:50:41] 詹姆座下第一炽天使: 大家都是好宝宝🙁要骂就骂2k吧
[2026-02-21 23:50:41] 摆烂小we: nota这状态，感觉niko的evp危险了啊
[2026-02-21 23:50:41] tungtungtungsahur: PGL🤮
[2026-02-21 23:50:41] LvvsiN: 男人一生只哭十八次：niko十七次梦碎major正赛, niko梦碎里约major RMR＼
[2026-02-21 23:50:41] 玖悠鸭: 闹麻了
[2026-02-21 23:50:41] 宫监手: 藕粉又哦又嘘又鞭又输后真在评论区干回来了啊😧
[2026-02-21 23:50:41] kjhhjki: fk pgl
[2026-02-21 23:50:41] Ralmnstr: PGL🤮
[2026-02-21 23:50:41] C9的moloris本人: PGL🤮
[2026-02-21 23:50:41] others的御樱稟本人: 屎
[2026-02-21 23:50:41] 与沫与婷: FK PGL
[2026-02-21 23:50:41] 玩机器的大卫戴: 猎鹰也是cn队啊，cn鞭白皮猪有什么问题
[2026-02-21 23:50:41] GodLiuzz: 好嘘
[2026-02-21 23:50:42] 载物ip大玩庄园地下室: PGL🤮PGL🤮PGL🤮PGL🤮PGL🤮PGL🤮
[2026-02-21 23:50:42] 轻伤酱: fk PGL
[2026-02-21 23:50:44] RabbitRay: 办不了别办了
[2026-02-21 23:50:44] 风吹你鸡蛋蛋凉: 嘘🤫仔细看已经消失了很多弹幕了
[2026-02-21 23:50:44] CN传奇指挥advent: pgl还有人洗啊
[2026-02-21 23:50:44] 这里是小天啊: fk PGL
[2026-02-21 23:50:44] 玩斯特机机: PGL🤮
[2026-02-21 23:50:44] 广东九号技师: 看了玩机器三年终于能发言了泪目
[2026-02-21 23:50:44] 用户0198233878: 这就是接终末地商单的代价。。。
[2026-02-21 23:50:44] KYJunr: 🐢
[2026-02-21 23:50:44] 薯薯在孩孩洞洞刘农: fk pgl
[2026-02-21 23:50:44] 60岁老奶奶想卖身: fk PGL
[2026-02-21 23:50:44] G2俘虏uzi: 藕粉又哦又嘘又鞭又输后真在评论区干回来了啊😧
[2026-02-21 23:50:44] 机器能别吹了吗: 怎么这么恨niko啊？是哦了？鞭了？偷了？嘘了？还是输了？
[2026-02-21 23:50:44] Mouz的X9本人: 鱿鱼
[2026-02-21 23:50:44] 用户6511758421: 高等6元粉丝牌➕1，1元的不要➕1
[2026-02-21 23:50:44] 科斯特菲菲: 吁吁吁吁吁吁吁吁吁吁吁吁
[2026-02-21 23:50:44] 人活着就是为了玩乐队: 我们老鼠PGL
[2026-02-21 23:50:44] 尼尼海海出入平安: 77777
[2026-02-21 23:50:44] 残念aw: PGL🤮
[2026-02-21 23:50:44] 喵蹄丝: fk PGL
[2026-02-21 23:50:44] kjhhjki: 吁吁吁吁吁吁吁吁吁吁吁吁
[2026-02-21 23:50:48] xu瓜: PGL🤮
[2026-02-21 23:50:48] 含泪办卡: PGL🤮
[2026-02-21 23:50:48] 提瓦特第一突破: 带玩神节奏的都是莱圣指使的，niko鞭尸是k3指挥的，我们玩小将要分清楚
[2026-02-21 23:50:48] 丰川祥子口三角初华: FK PGL
[2026-02-21 23:50:48] Vitality的Kyojin本人: PGL🤮
[2026-02-21 23:50:48] 蓝雪yuki: 千克
[2026-02-21 23:50:48] 丰川祥子本人: fk PGL
[2026-02-21 23:50:48] 荒芜之气: fk PGL
[2026-02-21 23:50:48] MahiruO: fkpgl
[2026-02-21 23:50:48] Faze的新岛真本人: 波哈！波哈！波哈！波哈！波哈！波哈！波哈！波哈！波哈！波哈！波哈！波哈！波哈！波哈！
[2026-02-21 23:50:48] 玩贴纸、马圣: fk PGL
[2026-02-21 23:50:48] 我是一个医保卡: PGL🤮
[2026-02-21 23:50:48] 天魔外道y: 闹麻了
[2026-02-21 23:50:48] 明天就和天云结婚: 我看这老尼才是最🧊的，抱团叫找儿子，坑队友叫英雄迟暮，鞭尸偷MVP还有解说上赶着洗🤔
[2026-02-21 23:50:48] BleksiA: fk PGL
[2026-02-21 23:50:48] 花田妖精: 爱弥斯在吗，在的话让我扣扣
[2026-02-21 23:50:48] 机器能别吹了吗: 鹰有两把鞭，一把是仁之鞭，一把是义之鞭！
[2026-02-21 23:50:49] 心安理得的时候: love pgl的，这辈子有了
[2026-02-21 23:50:49] 玩斯特出出6657: PGL🤮PGL🤮PGL🤮PGL🤮PGL🤮PGL🤮
[2026-02-21 23:50:49] 没虾: 酷狗
[2026-02-21 23:50:49] so9rry05288: 嘘🤫仔细看已经消失了很多弹幕了
[2026-02-21 23:50:49] sedog111: 弹幕骂的越多封的越多，封的越多弹幕越少，弹幕越多弹幕越少
[2026-02-21 23:50:49] 向青草更青处漫溯: nota这状态，感觉niko的evp危险了啊
[2026-02-21 23:50:49] HHG73953: fk PGL
[2026-02-21 23:50:49] 不变的追求717: kg
[2026-02-21 23:50:49] 无情道毕业生: FK PGL
[2026-02-21 23:50:49] 等给他爱6发售中: 爱弥斯🥰千咲🥰莫宁🥰珂莱塔🥰菲比🥰卡提希娅🥰玩机器🤮
[2026-02-21 23:50:51] 天魔外道y: 闹麻了
[2026-02-21 23:50:51] 异鲸: nota开挂免疫刀伤害了 还好老尼转了一圈又找到大狙一枪爆头 草！
[2026-02-21 23:50:51] 鵷鶵籲天兮滴血千里: PGL🤮
[2026-02-21 23:50:51] Ralmnstr: kg没完了
[2026-02-21 23:50:51] 爱淡茶未凉:  @wzr1024：托
[2026-02-21 23:50:51] Yuuuzaki: 这就是接终末地商单的代价。。。
[2026-02-21 23:50:51] 今天只做1件事: PGL🤮PGL🤮PGL🤮PGL🤮PGL🤮PGL🤮
[2026-02-21 23:50:51] 刘京子Kyousuke: 啊？这是一个回马鞭，你鞭你的爱慕呢？啊？？这不是ZywOo！这居然是Niko！！老尼配赢啊！！！
[2026-02-21 23:50:51] Tunaking: fk PGL
[2026-02-21 23:50:51] 爱道冠: PGL🤮
[2026-02-21 23:50:51] 讽风有情: 千克
[2026-02-21 23:50:51] 芝士每天都很困: kg
[2026-02-21 23:50:51] 最喜欢妮姆芙: fk PGL
[2026-02-21 23:50:51] 机器能别吹了吗: nota装死的，niko看穿了
[2026-02-21 23:50:51] RaymondCWM: fk kg
[2026-02-21 23:50:51] 迷路的kazi: pgl还有人洗啊
[2026-02-21 23:50:51] Ayonh123: kg
[2026-02-21 23:50:51] 雪候鸟AMOUR: 感谢这位穷鬼给尊贵石家庄别墅业主送的三瓜俩枣。主播富二代不差你这点，下次送前照照镜子
[2026-02-21 23:50:51] 水下放电11: PGL🤮
[2026-02-21 23:50:51] 苦来兮苦的祥子本人: kg没完了
[2026-02-21 23:50:53] 雪梨Iphone: 酷狗不看就滚
[2026-02-21 23:50:55] 伢牙luo: 藕粉又哦又嘘又鞭又输后真在评论区干回来了啊😧
[2026-02-21 23:50:55] 霖12341234: 鹰有两把鞭，一把是仁之鞭，一把是义之鞭！
[2026-02-21 23:50:55] Deadpool616: 爱弥斯在吗，在的话让我扣扣
[2026-02-21 23:50:55] 开朗小栗: 我看这老尼才是最🧊的，抱团叫找儿子，坑队友叫英雄迟暮，鞭尸偷MVP还有解说上赶着洗🤔
[2026-02-21 23:50:55] 绝食十年攒爱top3飞机: 鹰有两把鞭，一把是仁之鞭，一把是义之鞭！
[2026-02-21 23:50:55] Faze的新岛真本人: 每日倒立五分钟🤸‍♀️🤸‍♀️🤸‍♀️🤸‍♀️🤸‍♀️🤸‍♀️🤸‍♀️
[2026-02-21 23:50:55] 喜欢包崽的养猪人: 难道你真想板机纪律？听罢，广西步闭上眼，任由poping的swing如天子碎步般落在惰性瞄准
[2026-02-21 23:50:55] yinyao1231: kg没完了
[2026-02-21 23:50:55] 田中口三才: fk PGL
[2026-02-21 23:50:55] 甘织玲奈子本人: 这就是接终末地商单的代价。。。
[2026-02-21 23:50:55] SherryAiovo: kg
[2026-02-21 23:50:55] 天魔外道y: 闹麻了
[2026-02-21 23:50:55] Device的叠Twistzz: kg没完了
[2026-02-21 23:50:55] GlockieSs: 🧊能不能管好自己家孩子？我家尼尼犯错用得着外人批评吗？
[2026-02-21 23:50:56] 如果当时皆知: PGL🤮
[2026-02-21 23:50:56] 科斯特菲菲: FK PGL
[2026-02-21 23:50:56] 礁石222: goat吗
[2026-02-21 23:50:56] 用户55044273: PGL🤮PGL🤮PGL🤮PGL🤮PGL🤮PGL🤮
[2026-02-21 23:50:56] 好姐妹冰川姐妹: kg没完了
[2026-02-21 23:50:56] 冲上云霄的姨: 带玩神节奏的都是莱圣指使的，niko鞭尸是k3指挥的，我们玩小将要分清楚
[2026-02-21 23:50:56] 握握手释放忍术: kg没完了
[2026-02-21 23:50:56] 辣味simple: 折起来的是什么
[2026-02-21 23:50:56] 最喜欢妮姆芙: 千克
[2026-02-21 23:50:56] 花綠: 粉毛goat肯定是圣园未花啊
[2026-02-21 23:50:56] 文西67: goat在哪
[2026-02-21 23:50:56] 一个超大的大西瓜: 你但凡把颂乐人偶看完也不会没有二次元帮你清理环境
[2026-02-21 23:50:58] 番茄炒蛋激推人Joey: 粉毛goat我认为是
[2026-02-21 23:50:58] 壹叁狗: PGL🤮PGL🤮PGL🤮PGL🤮PGL🤮PGL🤮
[2026-02-21 23:50:58] 不要坐在我身边: 这群B观众没人办比赛就对了
[2026-02-21 23:50:58] Shadow丶zed: 确实goat
[2026-02-21 23:50:58] 竹林声飒飒: 弹幕骂的越多封的越多，封的越多弹幕越少，弹幕越多弹幕越少
[2026-02-21 23:50:58] 禹钰禹: nota装死的，niko看穿了
[2026-02-21 23:50:58] 魔法师Saber: fk kg
[2026-02-21 23:50:58] 网友苏顺鱼: kg太多了
[2026-02-21 23:50:58] 忧伤呵呵哒: 不如别办了
[2026-02-21 23:50:58] K-ON和载物都是goat: 弹幕骂的越多封的越多，封的越多弹幕越少，弹幕越多弹幕越少
[2026-02-21 23:50:58] nowhite9:   。
[2026-02-21 23:50:58] 哦斯特哦哦: kg没完了
[2026-02-21 23:50:58] 萝伯丝比尔: nota装死的，niko看穿了
[2026-02-21 23:50:58] Kis4ki: 酷狗不看就滚
[2026-02-21 23:50:58] Peko-: @明天就和天云结婚：我看这老尼才是最🧊的，抱团叫找儿子，坑队友叫英雄迟暮，鞭尸偷MVP还有解说上赶
[2026-02-21 23:50:58] Tikkkw: @jame：我不爱pgl…
[2026-02-21 23:50:58] 雪碧的Donk本人: niko粉丝都这么强很相信niko有多强
[2026-02-21 23:50:58] HowToGet: @就你的嘴最硬：怎么全是玩机器牌子的，在这自己带自己节奏啊？？？？怎么全是玩机器牌子的，在这自己带
[2026-02-21 23:50:58] 学习绝不摆烂: pgl也能舔真是sldl
[2026-02-21 23:50:58] 执念散了97126: @jame：我不爱pgl…
[2026-02-21 23:50:58] 祈枫: 藕粉又哦又嘘又鞭又输后真在评论区干回来了啊😧
[2026-02-21 23:51:00] Surrendee: fk PGL
[2026-02-21 23:51:00] Ikaros132: ams不如暗牧师
[2026-02-21 23:51:00] 无伟契约: 托
[2026-02-21 23:51:00] xyxxyzbbdzq: fk PGL
[2026-02-21 23:51:00] 苍崎青子本人: 嘘🤫好像要消失...仔细听能.
[2026-02-21 23:51:00] CLANCHIC的Tomorain本人: 弹幕骂的越多封的越多，封的越多弹幕越少，弹幕越多弹幕越少
[2026-02-21 23:51:00] Thatsgood961: fk PGL
[2026-02-21 23:51:00] 海绵宝宝dinner: fk PGL
[2026-02-21 23:51:00] 那我懂你意思了0: 这就是接终末地商单的代价。。。
[2026-02-21 23:51:00] Nell6669: kg
[2026-02-21 23:51:00] 冲上云霄的姨: 🧊能不能管好自己家孩子？我家尼尼犯错用得着外人批评吗？
[2026-02-21 23:51:00] Li喵喵喵a: 带玩神节奏的都是莱圣指使的，niko鞭尸是k3指挥的，我们玩小将要分清楚
[2026-02-21 23:51:00] 苦来兮苦的祥子本人: 酷狗不看就滚
[2026-02-21 23:51:03] 玩机器的小叮当: fk PGL
[2026-02-21 23:51:05] LvvsiN: 其实碗橱就是猪灵，你不拿黄金丢他他就不跟你说话
[2026-02-21 23:51:05] ALYSAA: fk PGL
[2026-02-21 23:51:05] 科斯特菲菲: 藕粉又哦又嘘又鞭又输后真在评论区干回来了啊😧
[2026-02-21 23:51:05] 莫塔里家的珂莱塔本人: 粉毛goat肯定是圣园未花啊
[2026-02-21 23:51:05] 19岁的日子: 藕粉又哦又嘘又鞭又输后真在评论区干回来了啊😧
[2026-02-21 23:51:05] 黎那汐塔top2尤诺: kg太多了
[2026-02-21 23:51:05] 明天就和天云结婚: 我看这老尼才是最🧊的，抱团叫找儿子，坑队友叫英雄迟暮，鞭尸偷MVP还有解说上赶着洗🤔
[2026-02-21 23:51:05] WRWR啊: nota装死的，niko看穿了
[2026-02-21 23:51:05] 好辅助雾子: 爱弥斯：机器，我只希望你能开心快乐的直播。。。。。。
[2026-02-21 23:51:05] 虹薼: 关x光就老实了
[2026-02-21 23:51:05] 伢牙luo: 藕粉又哦又嘘又鞭又输后真在评论区干回来了啊😧
[2026-02-21 23:51:05] 玩台钳丶阿尔托莉雅: 藕粉又哦又嘘又鞭又输后真在评论区干回来了啊😧
[2026-02-21 23:51:05] 小t大魔王: 上等人用6元粉丝牌，下等人用1元粉丝牌
[2026-02-21 23:51:05] 丰川留子: fk PGL
[2026-02-21 23:51:05] EvilWI: 路边一条也来碰瓷千早爱音了
[2026-02-21 23:51:05] 科斯特菲菲: 藕粉又哦又嘘又鞭又输后真在评论区干回来了啊😧
[2026-02-21 23:51:05] 古战场侠客: fk PGL
[2026-02-21 23:51:05] kalaokl: 弹幕早这样，玩大哥早就认真解说了
[2026-02-21 23:51:05] 绚辻小小词: @jame：我不爱pgl…
[2026-02-21 23:51:05] 小肉包喷香: @丰川祥子：看我倒立pǝsnʍɐ，小姨别看我胖次😨pǝsnʍɐ
[2026-02-21 23:51:05] 用户6511758421: 1111111
[2026-02-21 23:51:05] enigma的梦: OP没完没了了
[2026-02-21 23:51:05] 里予禾中猴王雷冖: 凯文加内特
[2026-02-21 23:51:05] Kis4ki: 这就是接终末地商单的代价。。。
[2026-02-21 23:51:05] OMGlionKing: 冷知识 玩÷只爱💴 从喷他还要买门票就能看出来...
[2026-02-21 23:51:05] 玩斯特出出6657: 每日倒立五分钟🤸‍♀️🤸‍♀️🤸‍♀️🤸‍♀️🤸‍♀️🤸‍♀️🤸‍♀️
[2026-02-21 23:51:05] GlockieSs:  🧊能不能管好自己家孩子？我家尼尼犯错用得着外人批评吗？
[2026-02-21 23:51:05] otritto: PGL🤮
[2026-02-21 23:51:05] 玩台钳丶阿尔托莉雅: kg没完了
[2026-02-21 23:51:08] 用户53477423: 千早爱音都比不过还goat上了
[2026-02-21 23:51:08] 绝食十年攒爱top3飞机: 🧊能不能管好自己家孩子？我家尼尼犯错用得着外人批评吗？
[2026-02-21 23:51:08] 海参怎么你了: 🧊能不能管好自己家孩子？我家尼尼犯错用得着外人批评吗？
[2026-02-21 23:51:08] 尼尼海海出入平安: 77777
[2026-02-21 23:51:08] MrFutaba33: 粉毛goat肯定是圣园未花啊
[2026-02-21 23:51:08] 足音: 你但凡把颂乐人偶看完也不会没有二次元帮你清理环境
[2026-02-21 23:51:08] 改名解毒加好运RUA: 藕粉又哦又嘘又鞭又输后真在评论区干回来了啊😧
[2026-02-21 23:51:08] 古堡12枪战神: PGL真解散吧，设备问题这么大
[2026-02-21 23:51:08] YEKINDAR: @jame：我不爱pgl…
[2026-02-21 23:51:08] 双叶园恶霸野原新之助: fk PGL
[2026-02-21 23:51:08] 蛙哥的图图: fk PGL
[2026-02-21 23:51:08] 劉膿dewasu: 带玩神节奏的都是莱圣指使的，niko鞭尸是k3指挥的，我们玩小将要分清楚
[2026-02-21 23:51:08] 大哥心里慌: 上等人用6元粉丝牌，下等人用1元粉丝牌
[2026-02-21 23:51:08] dev1ce拖累了A队太久: 藕粉又哦又嘘又鞭又输后真在评论区干回来了啊😧
[2026-02-21 23:51:08] 黎那汐塔top2尤诺: 这就是接终末地商单的代价。。。
[2026-02-21 23:51:08] CLANCHIC的Tomorain本人: 弹幕骂的越多封的越多，封的越多弹幕越少，弹幕越多弹幕越少
[2026-02-21 23:51:08] 小蜜蜂的长期素食本人: 这就是接终末地商单的代价。。。
[2026-02-21 23:51:08] QAQ掉小珍珠了qaq: 菲比啾比｡･ω･｡ノ
[2026-02-21 23:51:08] 礁石222: 这就是接终末地商单的代价。。。
[2026-02-21 23:51:08] RabbitRay: 晚 出
[2026-02-21 23:51:08] 天蓬猪元帅是也: 我叫董小倩，我的初恋叫叶枝高，他呆呆地，像颗冬瓜，我爱叫他傻冬瓜，他总说自己不傻，很强，是冬瓜强
[2026-02-21 23:51:08] 羽川翼的恋爱物语: 全部一样
[2026-02-21 23:51:10] 明日方舟的若叶睦本人: 弗洛洛大于爱弥斯
[2026-02-21 23:51:10] 宇莓: 藕粉又哦又嘘又鞭又输后真在评论区干回来了啊😧
[2026-02-21 23:51:10] 猫很好的小乖: 藕粉又哦又嘘又鞭又输后真在评论区干回来了啊😧
[2026-02-21 23:51:10] 海绵宝宝dinner: fk PGL
[2026-02-21 23:51:10] 一条无梦鱼: nota装死的，niko看穿了
[2026-02-21 23:51:10] G2的APEX本人: @高松灯：组乐队一休一休咕咕嘎嘎也灵感菇i't's'My'GO
[2026-02-21 23:51:10] 玩机器的左高玩: 没人感觉傲娇弹幕很可爱吗明明是自己心甘情愿送的灯牌但是还是假装嫌弃.......
[2026-02-21 23:51:10] 谁决定谁的未来: 藕粉又哦又嘘又鞭又输后真在评论区干回来了啊😧
[2026-02-21 23:51:10] 我不是闪烁啊: fk PGL
[2026-02-21 23:51:10] 爵士豪猫desuwa: 千早爱音都比不过还goat上了
[2026-02-21 23:51:10] 剑崎梨梨花: 藕粉又哦又嘘又鞭又输后真在评论区干回来了啊😧
[2026-02-21 23:51:10] 夏空喵: 爱弥斯🥰千咲🥰尤诺🥰莫宁🥰珂莱塔🥰菲比🥰卡提希娅🥰玩机器🤮
[2026-02-21 23:51:10] Phoenix院凶真: 千早爱音都比不过还goat上了
[2026-02-21 23:51:10] CLANCHIC的Tomorain本人: 弹幕骂的越多封的越多，封的越多弹幕越少，弹幕越多弹幕越少
[2026-02-21 23:51:10] G4RYPU:  🧊能不能管好自己家孩子？我家尼尼犯错用得着外人批评吗？
[2026-02-21 23:51:13] RoseIia的凑友希那本人: 你但凡把颂乐人偶看完也不会没有二次元帮你清理环境
[2026-02-21 23:51:14] Rea1Madrid1995: 有可能此生唯一的mvp被偷走了
[2026-02-21 23:51:14] 浩浩这名字真难取呸: fk PGL
