# room_id=6979222 host=玩机器丶Machine title=小众宝藏结晶直播 live_time= fetch_time=2026-02-21 23:45:46
[2026-02-22 03:02:05] 猫很好的小乖: 玩大哥，你别再夸载大哥了😭你的房管听不了这个😭ですわ
[2026-02-22 03:02:05] 苏2333333: 玩大哥，你别再夸载大哥了😭你的房管听不了这个😭ですわ
[2026-02-22 03:02:05] 马修赫伯特本人: 玩大哥，你别再夸载大哥了😭你的房管听不了这个😭
[2026-02-22 03:02:05] 杺毓: 这么恨小蜜蜂还要接商单啊....nb
[2026-02-22 03:02:05] 剩枪游侠任已嘘: 　　　 玩大哥，你别再夸载大哥了😭你的房管听不了这个😭
[2026-02-22 03:02:05] WalkinglDead: 有没有爹加一我，我15级后还没体验过被加一捏
[2026-02-22 03:02:05] 用户3853464680: 玩大哥，你别再夸载大哥了😭你的房管听不了这个😭
[2026-02-22 03:02:05] Sy11abear: 怪不得玩机器老是心理有问题，对着一个自己恨的人一直吹我也玉玉
[2026-02-22 03:02:05] 玩指挥丶NiKo: 玩大哥，越南那批货出掉了，接下来你会看到很多陌生ID给你刷礼物，那是我买的机器人，货款这样给你结
[2026-02-22 03:02:05] 海绵宝宝农批儿: 别吹载物了，你也想被4️⃣8️⃣布罗利封吗？
[2026-02-22 03:02:05] 李知恩lynt: 怪不得玩机器老是心理有问题，对着一个自己恨的人一直吹我也玉玉
[2026-02-22 03:02:05] 玫丶瑰: 玩大哥，你别再夸载大哥了😭你的房管听不了这个😭
[2026-02-22 03:02:05] 我在浙江改稻为桑: 9ee
[2026-02-22 03:02:05] Zxj1ing: 玩大哥，你别再夸载大哥了😭你的房管听不了这个😭ですわ
[2026-02-22 03:02:05] 迪奥雷: p3有点高了
[2026-02-22 03:02:05] 不要坐在我身边: 怎么有人一到关键局就不同意啊
[2026-02-22 03:02:06] Foolproof32563: -1.86
[2026-02-22 03:02:06] 神马米洛: 玩大哥，你别再夸载大哥了😭你的房管听不了这个😭
[2026-02-22 03:02:06] 跳跃的司令官: 玩大哥，你别再夸载大哥了😭你的房管听不了这个😭
[2026-02-22 03:02:06] LionelYork: 1.44泯了
[2026-02-22 03:02:06] Shatter666: 怪不得玩机器老是心理有问题，对着一个自己恨的人一直吹我也玉玉
[2026-02-22 03:02:06] 高松灯扣死千早爱音: 玩神要开60scd堵大家的嘴了
[2026-02-22 03:02:06] 鲜血与暗影铸造的家伙: adr低了
[2026-02-22 03:02:07] fazeclan的千早爱音: 怪不得玩机器老是心理有问题，对着一个自己恨的人一直吹我也玉玉
[2026-02-22 03:02:07] 偷哦嘘鞭贷拔: 怪不得玩机器老是心理有问题，对着一个自己恨的人一直吹我也玉玉
[2026-02-22 03:02:07] 忽孝山庄: 怪不得玩机器老是心理有问题，对着一个自己恨的人一直吹我也玉玉
[2026-02-22 03:02:07] 玩机器玩我的机机: 怪不得玩机器老是心理有问题，对着一个自己恨的人一直吹我也玉玉
[2026-02-22 03:02:07] 纨绔浪荡: 玩大哥，你别再夸载大哥了😭你的房管听不了这个😭
[2026-02-22 03:02:07] 大颗寿司玩机器: 这么恨小蜜蜂还要接商单啊....nb
[2026-02-22 03:02:07] 爱上尖刺外婆: 怪不得玩机器老是心理有问题，对着一个自己恨的人一直吹我也玉玉
[2026-02-22 03:02:07] 蜗牛蜗牛你快快走: 玩大哥，你别再夸载大哥了😭你的房管听不了这个😭
[2026-02-22 03:02:08] 旋律的主人丰川祥子: 怪不得玩机器老是心理有问题，对着一个自己恨的人一直吹我也玉玉
[2026-02-22 03:02:08] 突厥的adc: 别吹载物了，你也想被4️⃣8️⃣布罗利封吗？
[2026-02-22 03:02:08] 丰川祥子口三角初华: 玩大哥，你别再夸载大哥了😭你的房管听不了这个😭
[2026-02-22 03:02:08] 骄骄爱吃糖: 玩大哥，你别再夸载大哥了😭你的房管听不了这个😭
[2026-02-22 03:02:08] 地狱单骑竹井久: 玩大哥，你别再夸载大哥了😭你的房管听不了这个😭
[2026-02-22 03:02:08] 巴甫洛夫的滥犬: 装爱载
[2026-02-22 03:02:08] 鹌鹑必成战神: 怪不得玩机器老是心理有问题，对着一个自己恨的人一直吹我也玉玉
[2026-02-22 03:02:08] 禧正顺: 抓娃娃
[2026-02-22 03:02:09] BabyAsuka: 怪不得玩机器老是心理有问题，对着一个自己恨的人一直吹我也玉玉
[2026-02-22 03:02:09] 没有真名233: 玩大哥，你别再夸载大哥了😭你的房管听不了这个😭
[2026-02-22 03:02:09] AiLuoLi1413: 别吹载物了，你也想被4️⃣8️⃣布罗利封吗？
[2026-02-22 03:02:09] 素素爱唱阿卡特辣: 特得多
[2026-02-22 03:02:09] 大颗寿司玩机器: 怪不得玩机器老是心理有问题，对着一个自己恨的人一直吹我也玉玉
[2026-02-22 03:02:09] 幼稚的虫圭: 玩大哥，你别再夸载大哥了😭你的房管听不了这个😭
[2026-02-22 03:02:10] Liver860: 玩大哥，你别再夸载大哥了😭你的房管听不了这个😭
[2026-02-22 03:02:10] 谁让我叫曹三岁: 玩大哥，你别再夸载大哥了😭你的房管听不了这个😭
[2026-02-22 03:02:10] 卡啊卡卡丶: ？
[2026-02-22 03:02:10] Wi1en: 这swing才1.44
[2026-02-22 03:02:10] 帅气无比的nepgear: 这么恨小蜜蜂还要接商单啊....nb
[2026-02-22 03:02:10] 硫磺祥: 🐷🎤油变化了~🐷🎤油变化了~🐷🎤油变化了~🐷🎤油变化了~
[2026-02-22 03:02:10] 潇洒大概: 3.0受害者
[2026-02-22 03:02:11] 小救星小杜DuD: 玩大哥，你别再夸载大哥了😭你的房管听不了这个😭ですわ
[2026-02-22 03:02:11] 都懂一点呢: 玩大哥，你别再夸载大哥了😭你的房管听不了这个😭ですわ
[2026-02-22 03:02:11] S1natra: 玩大哥，你别再夸载大哥了😭你的房管听不了这个😭
[2026-02-22 03:02:11] 石家庄的宠物男孩: 玩大哥，你别再夸载大哥了😭你的房管听不了这个😭
[2026-02-22 03:02:11] 宇莓: 布罗利发力了
[2026-02-22 03:02:11] 浮华9527: senzu：senzu来赢了
[2026-02-22 03:02:12] 把爱留在6657: 怪不得玩机器老是心理有问题，对着一个自己恨的人一直吹我也玉玉
[2026-02-22 03:02:12] LvvsiN: 我提一嘴这剧情越来越像上海major了
[2026-02-22 03:02:12] 梦幻恍惚: （这个帖子我会没事自己手动置顶上来，为了让自己以及所有人谨记710事件）
[2026-02-22 03:02:12] HisuiHearts: 怪不得玩机器老是心理有问题，对着一个自己恨的人一直吹我也玉玉
[2026-02-22 03:02:12] 玩马修丶Zywoo: 别吹载物了，你也想被4️⃣8️⃣布罗利封吗？
[2026-02-22 03:02:12] 跳跃的司令官: 别吹载物了，你也想被4️⃣8️⃣布罗利封吗？
[2026-02-22 03:02:12] 田曦薇的小男票: 别吹载物了，你也想被4️⃣8️⃣布罗利封吗？
[2026-02-22 03:02:13] 喜欢吃生菜: 玩大哥，你别再夸载大哥了😭你的房管听不了这个😭
[2026-02-22 03:02:13] youiy201: 野榜
[2026-02-22 03:02:13] 爱看6657的玩小将: 别吹载物了，你也想被4️⃣8️⃣布罗利封吗？
[2026-02-22 03:02:13] 暴力卓司: 　　　 怪不得玩机器老是心理有问题，对着一个自己恨的人一直吹我也玉玉
[2026-02-22 03:02:13] 拿铁少点冰: 玩大哥，越南那批货出掉了，接下来你会看到很多陌生ID给你刷礼物，那是我买的机器人，货款这样给你结
[2026-02-22 03:02:13] ToukaTakanashi: 玩大哥，你别再夸载大哥了😭你的房管听不了这个😭
[2026-02-22 03:02:13] gjcdh: 玩大哥，你别再夸载大哥了😭你的房管听不了这个😭
[2026-02-22 03:02:14] waldosia38393: 怪不得玩机器老是心理有问题，对着一个自己恨的人一直吹我也玉玉
[2026-02-22 03:02:14] fazeclan的千早爱音: 怪不得玩机器老是心理有问题，对着一个自己恨的人一直吹我也玉玉
[2026-02-22 03:02:14] LvvsiN: 玩 出，我双倍呢？😡😡玩 出，我双倍呢？😡😡玩 出，我双倍呢？😡😡玩 出，我双倍呢？😡
[2026-02-22 03:02:14] chanceuxzz: 怪不得玩机器老是心理有问题，对着一个自己恨的人一直吹我也玉玉
[2026-02-22 03:02:14] 他们都叫我用脚: 玩大哥，你别再夸载大哥了😭你的房管听不了这个😭
[2026-02-22 03:02:14] CSTG江叉叉: 玩大哥，你别再夸载大哥了😭你的房管听不了这个😭ですわ
[2026-02-22 03:02:14] 玩宝宝注意身体: 一分钟发言间隔要来了🐖一分钟发言间隔要来了🐖一分钟发言间隔要来了🐖
[2026-02-22 03:02:15] 逃离灰色地带: 玩大哥，你别再夸载大哥了😭你的房管听不了这个😭
[2026-02-22 03:02:15] 用户91227835: 玩大哥，你别再夸载大哥了😭你的房管听不了这个😭
[2026-02-22 03:02:15] 玛格纳斯的鸡脚: 玩大哥，你别再夸载大哥了😭你的房管听不了这个😭
[2026-02-22 03:02:15] ahhhhhhhhhhhhhhhhhhh: P3真是又臭又香
[2026-02-22 03:02:15] 乌贼王乌索普: 玩大哥，你别再夸载大哥了😭你的房管听不了这个😭
[2026-02-22 03:02:16] 想吃丰川祥子的狱卒: 玩大哥，你别再夸载大哥了😭你的房管听不了这个😭
[2026-02-22 03:02:16] LvvsiN: 为什么房管封的不能给鱼丸……还以为今天晚上得吃了……
[2026-02-22 03:02:16] 转生成为阳光大番薯: 别吹载物了，你也想被4️⃣8️⃣布罗利封吗？
[2026-02-22 03:02:16] 99组的爱城华恋本人: 玩大哥，你别再夸载大哥了😭你的房管听不了这个😭
[2026-02-22 03:02:16] YaotaLF: 玩大哥，你别再夸载大哥了😭你的房管听不了这个😭
[2026-02-22 03:02:16] 蜗牛蜗牛你快快走: 玩大哥，你别再夸载大哥了😭你的房管听不了这个😭
[2026-02-22 03:02:17] wedd1ddeJodd: 这么恨小蜜蜂还要接商单啊....nb
[2026-02-22 03:02:17] 古堡12枪战神: 🗿
[2026-02-22 03:02:17] 爱被小泉吃的拉面同学: 别吹载物了，你也想被4️⃣8️⃣布罗利封吗？
[2026-02-22 03:02:17] 应感激忠心的伴侣: 玩大哥，你别再夸载大哥了😭你的房管听不了这个😭
[2026-02-22 03:02:17] 动物朋友哈基米: 别吹载物了，你也想被4️⃣8️⃣布罗利封吗？
[2026-02-22 03:02:17] 黄太公丶: 别吹载物了，你也想被4️⃣8️⃣布罗利封吗？
[2026-02-22 03:02:17] 波多里诺233: 玩神要开60scd堵大家的嘴了
[2026-02-22 03:02:18] LvvsiN: 弹幕也就网上说说，现实里谁不觉得樱姐是好女孩（删括号领一条远坂凛同款鸟笼）
[2026-02-22 03:02:18] 拍拍小天使: 宫监手！准备放监！🏹🏹🏹🏹宫监手！准备放监！🏹🏹🏹🏹宫监手！准备放监！🏹
[2026-02-22 03:02:18] 对对对i太对啦: 玩大哥，你别再夸载大哥了😭你的房管听不了这个😭
[2026-02-22 03:02:19] 能不能去洗头太恶心了: 别吹载物了，你也想被4️⃣8️⃣布罗利封吗？
[2026-02-22 03:02:19] uzi家的喷水龙: 弹幕气不气？玩大哥一键防护了，被骂是切片员
[2026-02-22 03:02:19] 茂名水鬼: 玩大哥，你别再夸载大哥了😭你的房管听不了这个😭
[2026-02-22 03:02:19] 玩神的欢喜好有嚼劲: 怪不得玩机器老是心理有问题，对着一个自己恨的人一直吹我也玉玉
[2026-02-22 03:02:19] 春花敲可爱的啦: 别吹载物了，你也想被4️⃣8️⃣布罗利封吗？
[2026-02-22 03:02:19] fazeclan的千早爱音: 怪不得玩机器老是心理有问题，对着一个自己恨的人一直吹我也玉玉
[2026-02-22 03:02:20] 傻帽先森: 别吹载物了，你也想被4️⃣8️⃣布罗利封吗？
[2026-02-22 03:02:20] MeIoN39: 玩大哥，你别再夸载大哥了😭你的房管听不了这个😭
[2026-02-22 03:02:20] 电子厂表演艺术家: 玩大哥，你别再夸载大哥了😭你的房管听不了这个😭
[2026-02-22 03:02:20] 熊猫大大00: 玩大哥，你别再夸载大哥了😭你的房管听不了这个😭
[2026-02-22 03:02:20] gjcdh: 别吹载物了，你也想被4️⃣8️⃣布罗利封吗？
[2026-02-22 03:02:21] 玩大哥我双倍呢: 玩大哥，你别再夸载大哥了😭你的房管听不了这个😭
[2026-02-22 03:02:21] 突厥的adc: 别吹载物了，你也想被4️⃣8️⃣布罗利封吗？
[2026-02-22 03:02:21] 丶小恐龙丶: 玩大哥，你别再夸载大哥了😭你的房管听不了这个😭
[2026-02-22 03:02:21] 落叶悠哉落: 玩大哥，你别再夸载大哥了😭你的房管听不了这个😭
[2026-02-22 03:02:21] KRU的Less本人: 别吹载物了，你也想被4️⃣8️⃣布罗利封吗？
[2026-02-22 03:02:21] 用户594678086: 玩大哥，你别再夸载大哥了😭你的房管听不了这个😭
[2026-02-22 03:02:22] 高松的灯ll: 玩大哥，你别再夸载大哥了😭你的房管听不了这个😭
[2026-02-22 03:02:22] 云边有条小侏如: 别吹载物了，你也想被4️⃣8️⃣布罗利封吗？
[2026-02-22 03:02:22] 古堡12枪战神: 🗿🗿🗿
[2026-02-22 03:02:22] fpx丶: 玩大哥，你别再夸载大哥了😭你的房管听不了这个😭
[2026-02-22 03:02:22] 玩神的欢喜好有嚼劲: 别吹载物了，你也想被4️⃣8️⃣布罗利封吗？
[2026-02-22 03:02:25] 訤溓: 玩大哥，你别再夸载大哥了😭你的房管听不了这个😭
[2026-02-22 03:02:25] 落天华: 玩大哥，你别再夸载大哥了😭你的房管听不了这个😭
[2026-02-22 03:02:25] triangle233: 玩大哥，你别再夸载大哥了😭你的房管听不了这个😭
[2026-02-22 03:02:25] 玩机器的铭感硅骰: 玩大哥，你别再夸载大哥了😭你的房管听不了这个😭
[2026-02-22 03:02:25] 好姐妹芙卡洛斯: 布罗利把这个主播封一下
[2026-02-22 03:02:25] Hitagi蟹蟹: 别吹载物了，你也想被4️⃣8️⃣布罗利封吗？
[2026-02-22 03:02:25] User5092: 玩大哥，你别再夸载大哥了😭你的房管听不了这个😭
[2026-02-22 03:02:25] GhostAnderson: 玩大哥，你别再夸载大哥了😭你的房管听不了这个😭
[2026-02-22 03:02:25] fazeclan的千早爱音: 　　　 别吹载物了，你也想被4️⃣8️⃣布罗利封吗？
[2026-02-22 03:02:25] 八重森彌妮: 玩大哥心里恨得不行还要帮金主吹载大哥
[2026-02-22 03:02:25] 不上钩的小鱼干: 玩大哥，你别再夸载大哥了😭你的房管听不了这个😭
[2026-02-22 03:02:25] 千古恨轮回尝061: 玩大哥pay了布罗利多少米来转移视线
[2026-02-22 03:02:25] yuuik27: 玩大哥，你别再夸载大哥了😭你的房管听不了这个😭
[2026-02-22 03:02:25] 我在英国的前妻: 为什么房管封的不能给鱼丸……还以为今天晚上得吃了……
[2026-02-22 03:02:25] 耶耶耶的感觉: p3经典负rsw
[2026-02-22 03:02:25] 椎名真昼丶丶: 别吹载物了，你也想被4️⃣8️⃣布罗利封吗？
[2026-02-22 03:02:25] 煎蛋饼和小喵喵的故事: 玩大哥，你别再夸载大哥了😭你的房管听不了这个😭
[2026-02-22 03:02:25] 玩猴爪丶MonkeyPaw:  @布罗利：玩大哥，你别再夸载大哥了😭不仅你的房管听不了这个😭你自己也接受不了啊…………
[2026-02-22 03:02:25] 訤溓: 别吹载物了，你也想被4️⃣8️⃣布罗利封吗？
[2026-02-22 03:02:26] 高松的灯ll: 玩大哥，你别再夸载大哥了😭你的房管听不了这个😭
[2026-02-22 03:02:26] 小夜r: 玩大哥，你别再夸载大哥了😭你的房管听不了这个😭
[2026-02-22 03:02:26] S1natra: 别吹载物了，你也想被4️⃣8️⃣布罗利封吗？
[2026-02-22 03:02:26] cornkiner: 玩大哥，你别再夸载大哥了😭你的房管听不了这个😭
[2026-02-22 03:02:26] 橘殃丶丶: 别吹载物了，你也想被4️⃣8️⃣布罗利封吗？
[2026-02-22 03:02:26] 电脑玩家猴仙人: 别吹载物了，你也想被4️⃣8️⃣布罗利封吗？
[2026-02-22 03:02:26] 灯火灬阑珊处2: 玩大哥，你别再夸载大哥了😭你的房管听不了这个😭
[2026-02-22 03:02:26] stephenppz: 1.07的都懂  感觉高了
[2026-02-22 03:02:26] 用户0553661491: 玩大哥，你别再夸载大哥了😭你的房管听不了这个😭
[2026-02-22 03:02:26] HaibaraAi1109: 别吹载物了，你也想被4️⃣8️⃣布罗利封吗？
[2026-02-22 03:02:26] 剑崎梨梨花: 别吹载物了，你也想被4️⃣8️⃣布罗利封吗？
[2026-02-22 03:02:26] 小蜜蜂载物本人: 别吹载物了，你也想被4️⃣8️⃣布罗利封吗？
[2026-02-22 03:02:27] 寒翎233: 玩大哥，你别再夸载大哥了😭你的房管听不了这个😭
[2026-02-22 03:02:27] 好哥们宇智波鼬: 别吹载物了，你也想被4️⃣8️⃣布罗利封吗？
[2026-02-22 03:02:27] yiaikes: 玩大哥，你别再夸载大哥了😭你的房管听不了这个😭
[2026-02-22 03:02:27] 用户2262650671: 玩大哥，你别再夸载大哥了😭你的房管听不了这个😭
[2026-02-22 03:02:27] Mahuyu: 别吹载物了，你也想被4️⃣8️⃣布罗利封吗？
[2026-02-22 03:02:27] 用户8027472883: 玩大哥，你别再夸载大哥了😭你的房管听不了这个😭
[2026-02-22 03:02:27] 蜗牛蜗牛你快快走: 玩大哥，你别再夸载大哥了😭你的房管听不了这个😭
[2026-02-22 03:02:28] AmamiyaIori: 别吹载物了，你也想被4️⃣8️⃣布罗利封吗？
[2026-02-22 03:02:28] Rain289416: 　　　 玩大哥，你别再夸载大哥了😭你的房管听不了这个😭
[2026-02-22 03:02:28] xuzVan: 6.布罗利的roundswing都只有1.44吗
[2026-02-22 03:02:28] PLZca11meN00b: 玩大哥，你别再夸载大哥了😭你的房管听不了这个😭
[2026-02-22 03:02:28] 七就是幸运吧: 玩大哥，你别再夸载大哥了😭你的房管听不了这个😭
[2026-02-22 03:02:28] 冲上云霄的姨: 别吹载物了，你也想被4️⃣8️⃣布罗利封吗？
[2026-02-22 03:02:28] 送不起火箭我送张办卡: 别吹载物了，你也想被4️⃣8️⃣布罗利封吗？
[2026-02-22 03:02:29] 潇洒大概: 　　　 玩大哥，你别再夸载大哥了😭你的房管听不了这个😭
[2026-02-22 03:02:29] Jess2: 玩大哥，你别再夸载大哥了😭你的房管听不了这个😭
[2026-02-22 03:02:29] LA的勒布朗本人: 宫监手！准备放监！🏹🏹🏹🏹宫监手！准备放监！🏹🏹🏹🏹宫监手！准备放监！🏹
[2026-02-22 03:02:29] MeIoN39: 别吹载物了，你也想被4️⃣8️⃣布罗利封吗？
[2026-02-22 03:02:29] 皮皮SNAKE: 别吹载物了，你也想被4️⃣8️⃣布罗利封吗？
[2026-02-22 03:02:29] -小佐内由纪-: 玩大哥，你别再夸载大哥了😭你的房管听不了这个😭
[2026-02-22 03:02:29] 大稽基: 别吹载物了，你也想被4️⃣8️⃣布罗利封吗？
[2026-02-22 03:02:29] PlumAR: 玩大哥，你别再夸载大哥了😭你的房管听不了这个😭
[2026-02-22 03:02:30] 车路士的凯赛多本人: 玩大哥，你别再夸载大哥了😭你的房管听不了这个😭
[2026-02-22 03:02:30] 凮匿: 玩大哥，你别再夸载大哥了😭你的房管听不了这个😭
[2026-02-22 03:02:30] 龍EVOLOVE龍: 玩大哥，你别再夸载大哥了😭你的房管听不了这个😭
[2026-02-22 03:02:30] fukingmovie: 别吹载物了，你也想被4️⃣8️⃣布罗利封吗？
[2026-02-22 03:02:30] 九九九九条都: 玩大哥，你别再夸载大哥了😭你的房管听不了这个😭
[2026-02-22 03:02:30] rick4759: 别吹载物了，你也想被4️⃣8️⃣布罗利封吗？
[2026-02-22 03:02:30] 茅野紗枝: 别吹载物了，你也想被4️⃣8️⃣布罗利封吗？
[2026-02-22 03:02:31] Ggmftye: 别吹载物了，你也想被4️⃣8️⃣布罗利封吗？
[2026-02-22 03:02:31] 千古恨轮回尝061: 玩大哥pay了布罗利多少米来转移视线
[2026-02-22 03:02:31] 大颗寿司玩机器: 别吹载物了，你也想被4️⃣8️⃣布罗利封吗？
[2026-02-22 03:02:31] 洞洞载载车车major冠军: 玩大哥，你别再夸载大哥了😭你的房管听不了这个😭
[2026-02-22 03:02:31] 大裂谷的登山家: 玩大哥，你别再夸载大哥了😭你的房管听不了这个😭
[2026-02-22 03:02:31] KatoM3gum1: 别吹载物了，你也想被4️⃣8️⃣布罗利封吗？
[2026-02-22 03:02:32] 小哈哈哈哈别: 玩大哥，你别再夸载大哥了😭你的房管听不了这个😭
[2026-02-22 03:02:32] 想吃玩宝宝的小舌头: 别吹载物了，你也想被4️⃣8️⃣布罗利封吗？
[2026-02-22 03:02:32] sjtu的musketeers本人: 别吹载物了，你也想被4️⃣8️⃣布罗利封吗？
[2026-02-22 03:02:32] 萌六花: 玩大哥，你别再夸载大哥了😭你的房管听不了这个😭
[2026-02-22 03:02:32] 玩学生丶BlueArchive: 布罗利把这个主播封一下
[2026-02-22 03:02:33] LuIuSweety: 玩大哥，你别再夸载大哥了😭你的房管听不了这个😭
[2026-02-22 03:02:33] 蜗牛蜗牛你快快走: 别吹载物了，你也想被4️⃣8️⃣布罗利封吗？
[2026-02-22 03:02:33] ZLG彪winner: 玩大哥，你别再夸载大哥了😭你的房管听不了这个😭
[2026-02-22 03:02:33] 嘿你尾巴掉了99: 有没有那种被迫接恩人商单的牛头人本子推荐？
[2026-02-22 03:02:33] 丶陪你直到世界尽头: 别吹载物了，你也想被4️⃣8️⃣布罗利封吗？
[2026-02-22 03:02:33] 新津粥劫伦: 别吹载物了，你也想被4️⃣8️⃣布罗利封吗？
[2026-02-22 03:02:33] 爱淡茶未凉: 玩大哥，你别再夸载大哥了😭你的房管听不了这个😭
[2026-02-22 03:02:34] USTC的Elysia本人: 别吹载物了，你也想被4️⃣8️⃣布罗利封吗？
[2026-02-22 03:02:34] Odike: @玩机器：布罗利，这波我只能卖到底了。。。
[2026-02-22 03:02:34] 瑕疵p: 别吹载物了，你也想被4️⃣8️⃣布罗利封吗？
[2026-02-22 03:02:34] 棄王遺思: 别吹载物了，你也想被4️⃣8️⃣布罗利封吗？
[2026-02-22 03:02:34] 李神神神神: 别吹载物了，你也想被4️⃣8️⃣布罗利封吗？
[2026-02-22 03:02:34] HisuiHearts: 别吹载物了，你也想被4️⃣8️⃣布罗利封吗？
[2026-02-22 03:02:34] 玩神的欢喜好有嚼劲: 别吹载物了，你也想被4️⃣8️⃣布罗利封吗？
[2026-02-22 03:02:35] 所以我又晕了: 别吹载物了，你也想被4️⃣8️⃣布罗利封吗？
[2026-02-22 03:02:35] 谁是谁非zz丶: 　　　 玩大哥，你别再夸载大哥了😭你的房管听不了这个😭
[2026-02-22 03:02:35] 看死Herbaut就杀了你: 20-22＜14-20
[2026-02-22 03:02:35] 空有无垠: 别吹载物了，你也想被4️⃣8️⃣布罗利封吗？
[2026-02-22 03:02:35] 玩机器的大糕玩: @Monesy:fw就刷你的场馆非哦数据吧
[2026-02-22 03:02:35] 棍神南极服登顶: 别吹载物了，你也想被4️⃣8️⃣布罗利封吗？
[2026-02-22 03:02:36] 黄太公丶: 玩大哥，你别再夸载大哥了😭你的房管听不了这个😭
[2026-02-22 03:02:36] 七就是幸运吧: 别吹载物了，你也想被4️⃣8️⃣布罗利封吗？
[2026-02-22 03:02:36] fazeclan的千早爱音: 你别夸蜜蜂了，谁不知道你最恨载大哥😅
[2026-02-22 03:02:36] 大肉鲁: 沟槽的3。0
[2026-02-22 03:02:36] 窦妪惯例全思慕: 玩大哥，你别再夸载大哥了😭你的房管听不了这个😭
[2026-02-22 03:02:36] 左蛋奴右一库: 恶意赛亚人布罗利，战斗力有多少你们说
[2026-02-22 03:02:36] 黄色偶像大师: 　　　 玩大哥，你别再夸载大哥了😭你的房管听不了这个😭
[2026-02-22 03:02:37] Cloud9的咬人猫本人: 别吹载物了，你也想被4️⃣8️⃣布罗利封吗？
[2026-02-22 03:02:37] 和玩大哥登山: 玩大哥，你别再夸载大哥了😭你的房管听不了这个😭
[2026-02-22 03:02:37] 玩神的欢喜好有嚼劲: 别吹载物了，你也想被4️⃣8️⃣布罗利封吗？
[2026-02-22 03:02:37] 玩大人查到自贡了: 玩大哥，你别再夸载大哥了😭你的房管听不了这个😭
[2026-02-22 03:02:37] 蜗牛蜗牛你快快走: 别吹载物了，你也想被4️⃣8️⃣布罗利封吗？
[2026-02-22 03:02:37] 高松灯扣死千早爱音: 别吹载物了，你也想被4️⃣8️⃣布罗利封吗？
[2026-02-22 03:02:37] 玩大哥你的蚯蚓好小: 别吹载物了，你也想被4️⃣8️⃣布罗利封吗？
[2026-02-22 03:02:37] 八重森彌妮: 玩大哥，你别再夸载大哥了😭你的房管听不了这个😭
[2026-02-22 03:02:38] 穷哥们一起杀刀蛆: 别吹载物了，你也想被4️⃣8️⃣布罗利封吗？
[2026-02-22 03:02:38] LvvsiN: 你屏蔽词都快赶上新华词典了为什么不干脆开一百级发言？
[2026-02-22 03:02:39] 玩猴爪丶MonkeyPaw: 别吹载物了，你也想被4️⃣8️⃣布罗利封吗？
[2026-02-22 03:02:39] 给pdd倒一杯卡布奇洛: 别吹载物了，你也想被4️⃣8️⃣布罗利封吗？
[2026-02-22 03:02:39] 阡陌ER: 别吹载物了，你也想被4️⃣8️⃣布罗利封吗？
[2026-02-22 03:02:39] 简运橙丶Swich: z
[2026-02-22 03:02:39] 玩神的欢喜好有嚼劲: 别吹载物了，你也想被4️⃣8️⃣布罗利封吗？
[2026-02-22 03:02:39] 马修赫GOAT: 别吹载物了，你也想被4️⃣8️⃣布罗利封吗？
[2026-02-22 03:02:39] 丸子八大碗: 别吹载物了，你也想被4️⃣8️⃣布罗利封吗？
[2026-02-22 03:02:39] 撒浪嘿呦0v0: 别吹载物了，你也想被4️⃣8️⃣布罗利封吗？
[2026-02-22 03:02:40] 看死Herbaut就杀了你: 玩大哥，你别再夸载大哥了😭你的房管听不了这个😭
[2026-02-22 03:02:40] 彼岸无妖: 别吹载物了，你也想被4️⃣8️⃣布罗利封吗？
[2026-02-22 03:02:40] LvvsiN: 弹幕别吵了，银行业一样一样有有有也会有h'y'hui't'y'r's'c'dn
[2026-02-22 03:02:40] 梅林老公: 首杀，丢闪，下包，残局，这就是goat！！！！！！！！！
[2026-02-22 03:02:40] Mortnotz: 别吹载物了，你也想被4️⃣8️⃣布罗利封吗？
[2026-02-22 03:02:40] AL丶龙炎风: 　　　 布罗利把这个主播封一下
[2026-02-22 03:02:40] 千百度897: 玩大哥，你别再夸载大哥了😭你的房管听不了这个😭
[2026-02-22 03:02:41] 凉缪马茗l: 别吹载物了，你也想被4️⃣8️⃣布罗利封吗？
[2026-02-22 03:02:41] fazeclan的千早爱音: 你别夸蜜蜂了，谁不知道你最恨载大哥😅
[2026-02-22 03:02:41] 自闭738: 　　　 玩大哥，你别再夸载大哥了😭你的房管听不了这个😭
[2026-02-22 03:02:41] 蓝鲸少年与小巷: 玩大哥，你别再夸载大哥了😭你的房管听不了这个😭
[2026-02-22 03:02:42] 风晓云海: 别吹载物了，你也想被4️⃣8️⃣布罗利封吗？
[2026-02-22 03:02:42] AmamiyaIori: 别吹载物了，你也想被4️⃣8️⃣布罗利封吗？
[2026-02-22 03:02:42] LvvsiN: 你为什么要把mαjor禁了，我收藏的一半弹幕全毁了
[2026-02-22 03:02:42] 我不是玩父: 别吹载物了，你也想被4️⃣8️⃣布罗利封吗？
[2026-02-22 03:02:43] 有些话总来不及: 别吹载物了，你也想被4️⃣8️⃣布罗利封吗？
[2026-02-22 03:02:43] 玩神的欢喜好有嚼劲: 别吹载物了，你也想被4️⃣8️⃣布罗利封吗？
[2026-02-22 03:02:43] wedd1ddeJodd: 恶意赛亚人布罗利，战斗力有多少你们说
[2026-02-22 03:02:43] 爆爆爆开爆: 别吹载物了，你也想被4️⃣8️⃣布罗利封吗？
[2026-02-22 03:02:43] 脑震荡兄弟: z
[2026-02-22 03:02:43] 云边有条小侏如: 别吹载物了，你也想被4️⃣8️⃣布罗利封吗？
[2026-02-22 03:02:43] 我要改名字2153: 别吹载物了，你也想被4️⃣8️⃣布罗利封吗？
[2026-02-22 03:02:43] Finland的索米KP31本人: 别吹载物了，你也想被4️⃣8️⃣布罗利封吗？
[2026-02-22 03:02:44] n0Pac: 别吹载物了，你也想被4️⃣8️⃣布罗利封吗？
[2026-02-22 03:02:44] ToukaTakanashi: 别吹载物了，你也想被4️⃣8️⃣布罗利封吗？
[2026-02-22 03:02:44] 瘤道仙人: @玩机器：布罗利，这波我只能卖到底了。。。
[2026-02-22 03:02:44] A队的佐佐木李子本人: 玩大哥，你别再夸载大哥了😭你的房管听不了这个😭
[2026-02-22 03:02:44] Hitagi蟹蟹: 您已被房管布罗利封禁，点击了解6657官威
[2026-02-22 03:02:44] 替换狗蛇的Magisk本人: 别吹载物了，你也想被4️⃣8️⃣布罗利封吗？
[2026-02-22 03:02:44] 黄太公丶: 别吹载物了，你也想被4️⃣8️⃣布罗利封吗？
[2026-02-22 03:02:44] 飞天玉虎zzZ: 别吹载物了，你也想被4️⃣8️⃣布罗利封吗？
[2026-02-22 03:02:44] HaibaraAi1109:     玩大哥，你别再夸载大哥了😭你的房管听不了这个😭
[2026-02-22 03:02:44] Cardinal665: 别吹载物了，你也想被4️⃣8️⃣布罗利封吗？
[2026-02-22 03:02:45] 咩力羊: 别吹载物了，你也想被4️⃣8️⃣布罗利封吗？
[2026-02-22 03:02:45] 茶泡饭Trinity: 别吹载物了，你也想被4️⃣8️⃣布罗利封吗？
[2026-02-22 03:02:45] 玩机器的小jj: 两个自由的吊人
[2026-02-22 03:02:45] 訤溓: 别吹载物了，你也想被4️⃣8️⃣布罗利封吗？
[2026-02-22 03:02:46] ericzxc: 别吹载物了，你也想被4️⃣8️⃣布罗利封吗？
[2026-02-22 03:02:46] 姓黄小名肥仔: 玩机器这么恨载物也有🗡蜂美送礼物。。。。nb。。。。。
[2026-02-22 03:02:46] LvvsiN: 南孚一节更比六节强，也就是一节南孚比六节南孚强，六节南孚比三十六节强，三十六节比二百一十六节强
[2026-02-22 03:02:46] 白血球FJL: 　　　 别吹载物了，你也想被4️⃣8️⃣布罗利封吗？
[2026-02-22 03:02:46] 橘殃丶丶: 玩大哥，你别再夸载大哥了😭你的房管听不了这个😭
[2026-02-22 03:02:46] 胖胖945: 别吹载物了，你也想被4️⃣8️⃣布罗利封吗？
[2026-02-22 03:02:47] OK咯摸JJ: 　　　 别吹载物了，你也想被4️⃣8️⃣布罗利封吗？
[2026-02-22 03:02:47] 丶小恐龙丶: 别吹载物了，你也想被4️⃣8️⃣布罗利封吗？
[2026-02-22 03:02:49] 甘織玲奈子: 别吹载物了，你也想被4️⃣8️⃣布罗利封吗？
[2026-02-22 03:02:49] TTLHLY: 抓娃娃
[2026-02-22 03:02:49] LA的勒布朗本人: 玩大哥，你别再夸载大哥了😭你的房管听不了这个😭
[2026-02-22 03:02:49] 吉吉的Niko本人: 别吹载物了，你也想被4️⃣8️⃣布罗利封吗？
[2026-02-22 03:02:49] 彩笔wty: 别吹载物了，你也想被4️⃣8️⃣布罗利封吗？
[2026-02-22 03:02:49] 6657Bullys1mple: 别吹载物了，你也想被4️⃣8️⃣布罗利封吗？
[2026-02-22 03:02:49] fazeclan的千早爱音: 你别夸蜜蜂了，谁不知道你最恨载大哥😅
[2026-02-22 03:02:49] LvvsiN: 玩 出，我双倍呢？😡😡玩 出，我双倍呢？😡😡玩 出，我双倍呢？😡😡玩 出，我双倍呢？😡
[2026-02-22 03:02:49] 訤溓: 玩大哥，你别再夸载大哥了😭你的房管听不了这个😭
[2026-02-22 03:02:49] 用户2100686284: 别吹载物了，你也想被4️⃣8️⃣布罗利封吗？
[2026-02-22 03:02:49] 哆啦卡密大王: 玩大哥不是说赢一局送一套吗？怎么赢了16局也只送一套？
[2026-02-22 03:02:49] zzzhr698: 别吹载物了，你也想被4️⃣8️⃣布罗利封吗？
[2026-02-22 03:02:49] 13的恋人: 别吹载物了，你也想被4️⃣8️⃣布罗利封吗？
[2026-02-22 03:02:49] 杉本屋: 您已被房管布罗利封禁，点击了解6657官威
[2026-02-22 03:02:49] Mortnotz: 有没有那种被迫接恩人商单的牛头人本子推荐？
[2026-02-22 03:02:51] PsidiumguajavaLinn: 别吹载物了，你也想被4️⃣8️⃣布罗利封吗？
[2026-02-22 03:02:52] 老婆总司: @玩机器：布罗利，这波我只能卖到底了。。。
[2026-02-22 03:02:52] otissssssssss: @石家庄的流感病毒本人🦠：再见玩大哥👋🏻我不想跟你一起数字数字
[2026-02-22 03:02:52] LvvsiN: 其实碗橱就是猪灵，你不拿黄金丢他他就不跟你说话
[2026-02-22 03:02:52] 黒塚青葉: 别吹载物了，你也想被4️⃣8️⃣布罗利封吗？
[2026-02-22 03:02:52] 嘉嘉947453: 谁还记得无汤无杜新爹载物🥹
[2026-02-22 03:02:52] TheMongolZ的上单本人: 别吹载物了，你也想被4️⃣8️⃣布罗利封吗？
[2026-02-22 03:02:52] 南枝难知句: 别吹载物了，你也想被4️⃣8️⃣布罗利封吗？
[2026-02-22 03:02:52] 芙兰达丶塞维伦:  @铃铃啷：玩大哥，你别再夸载大哥了😭你的房管听不了这个😭
[2026-02-22 03:02:52] 蜗牛蜗牛你快快走: 别吹载物了，你也想被4️⃣8️⃣布罗利封吗？
[2026-02-22 03:02:52] 我是个逗比青年ac: 快点吹一下niko啊，不然你要被封了！
[2026-02-22 03:02:52] 咸鱼精酿: 别吹载物了，你也想被4️⃣8️⃣布罗利封吗？
[2026-02-22 03:02:52] MeIoN39: 你别夸蜜蜂了，谁不知道你最恨载大哥😅
[2026-02-22 03:02:52] 帅气无比的nepgear: 别吹载物了，你也想被4️⃣8️⃣布罗利封吗？
[2026-02-22 03:02:52] otissssssssss: @石家庄的流感病毒本人🦠：再见玩大哥👋🏻我不想跟你一起数字数字
[2026-02-22 03:02:52] LvvsiN: 银行业😄银行业😀银行业😃银行业😁银行业😆银行业🤪银行业😝
[2026-02-22 03:02:52] IlOoOoOoOlI: 别吹载物了，你也想被4️⃣8️⃣布罗利封吗？
[2026-02-22 03:02:52] 罗宾库爱吃原切薯片: 玩大哥，你别再夸载大哥了😭你的房管听不了这个😭
[2026-02-22 03:02:52] 玩长女雪之下雪乃: 别吹载物了，你也想被4️⃣8️⃣布罗利封吗？
[2026-02-22 03:02:53] 没有故事的Pluto: 你们都在开玩笑，只有我真被封了一个小时......
[2026-02-22 03:02:53] 薯薯的大裂谷: 冷知识：玩大哥房管考核就是看谁最能骂载物
[2026-02-22 03:02:53] 玩大哥你的蚯蚓好小: 别吹载物了，你也想被4️⃣8️⃣布罗利封吗？
[2026-02-22 03:02:53] 銀傷: 别吹载物了，你也想被4️⃣8️⃣布罗利封吗？
[2026-02-22 03:02:53] 离婚就看玩机器: 🤟🙄🤳: 你就看⬜️⬜️沙二怎么狙吧🇷🇺🇷🇺🇷🇺
[2026-02-22 03:02:53] 小蜜蜂的ropz: ropz1.07也是低了
[2026-02-22 03:02:54] fazeclan的千早爱音: 你吹什么载物呢？不知道cs解说一哥最恨的就是载物吗
[2026-02-22 03:02:54] 77一定会是我的:     别吹载物了，你也想被4️⃣8️⃣布罗利封吗？
[2026-02-22 03:02:54] 菜星冲冲冲: 还有小镇吗
[2026-02-22 03:02:54] Kli0s:     布罗利把这个主播封一下
[2026-02-22 03:02:54] 放飞梦想12353:     别吹载物了，你也想被4️⃣8️⃣布罗利封吗？
[2026-02-22 03:02:54] 玩大哥很硬很粗很大: 别吹载物了，你也想被4️⃣8️⃣布罗利封吗？
[2026-02-22 03:02:55] CNwindZz: 达不到小镇了
[2026-02-22 03:02:55] 火猫一哥亦博易勃: 闹麻了
[2026-02-22 03:02:55] 翻皮水翻水水: 别吹载物了，你也想被4️⃣8️⃣布罗利封吗？
[2026-02-22 03:02:55] 解说就是胡说machine: 别吹载物了，你也想被4️⃣8️⃣布罗利封吗？
[2026-02-22 03:02:55] IlOoOoOoOlI: 别吹载物了，你也想被4️⃣8️⃣布罗利封吗？
[2026-02-22 03:02:56] 畀相逢何必: 这都能不登山啊，nb
[2026-02-22 03:02:56] 玩老鼠丶Roxy: 别吹载物了，你也想被4️⃣8️⃣布罗利封吗？
[2026-02-22 03:02:56] 古井晓残月: 别吹载物了，你也想被4️⃣8️⃣布罗利封吗？
[2026-02-22 03:02:56] Leonisss丶: @玩机器：布罗利，这波我只能卖到底了。。。
[2026-02-22 03:02:56] 南城以北0凉薄少年: 别吹载物了，你也想被4️⃣8️⃣布罗利封吗？
[2026-02-22 03:02:56] 玩大哥我要进群: @玩机器：布罗利，这波我只能卖到底了。。。
[2026-02-22 03:02:56] 小小小蕉: 真有小镇吗
[2026-02-22 03:02:57] otissssssssss: @石家庄的流感病毒本人🦠：再见玩大哥👋🏻我不想跟你一起数字数字
[2026-02-22 03:02:57] 丰川祥子口三角初华:     别吹载物了，你也想被4️⃣8️⃣布罗利封吗？
[2026-02-22 03:02:57] 銀傷: 别吹载物了，你也想被4️⃣8️⃣布罗利封吗？
[2026-02-22 03:02:57] cwcw6969: 别吹载物了，你也想被4️⃣8️⃣布罗利封吗？
[2026-02-22 03:02:57] SuperP681: 你别夸蜜蜂了，谁不知道你最恨载大哥😅
[2026-02-22 03:02:58] 空白Zzz丶: 玩大哥，你别再夸载大哥了😭你的房管听不了这个😭
[2026-02-22 03:02:58] Zxj1ing: 您已被房管布罗利封禁，点击了解6657官威
[2026-02-22 03:02:58] 最喜欢玩宝宝惹desuwa:  @老婆总司：@玩机器：布罗利，这波我只能卖到底了。。。
[2026-02-22 03:02:58] 甘織玲奈子: 别吹载物了，你也想被4️⃣8️⃣布罗利封吗？
[2026-02-22 03:02:58] 才74376: 没有小镇了
[2026-02-22 03:02:58] 落良神:     别吹载物了，你也想被4️⃣8️⃣布罗利封吗？
[2026-02-22 03:02:58] Demon916: 别吹载物了，你也想被4️⃣8️⃣布罗利封吗？
[2026-02-22 03:02:58] Abyss丶珈百璃: 　　　 🤟🙄🤳: 你就看⬜️⬜️沙二怎么狙吧🇷🇺🇷🇺🇷🇺
[2026-02-22 03:02:59] Shahriar丶Shinva: 到了沙二你就看
[2026-02-22 03:02:59] 窦妪惯例全思慕:  @MeIoN39：你别夸蜜蜂了，谁不知道你最恨载大哥😅
[2026-02-22 03:02:59] 千代纸丶: 别吹载物了，你也想被4️⃣8️⃣布罗利封吗？
[2026-02-22 03:02:59] 火暴兽也干了: 还有小镇吗
[2026-02-22 03:02:59] 玩神的欢喜好有嚼劲: 玩大哥，你别再夸载大哥了😭你的房管听不了这个😭
[2026-02-22 03:02:59] 銀傷: 别吹载物了，你也想被4️⃣8️⃣布罗利封吗？
[2026-02-22 03:02:59] fazeclan的千早爱音: 你吹什么载物呢？不知道cs解说一哥最恨的就是载物吗
[2026-02-22 03:03:00] 马猴烧酒小地瓜: 玩大哥，你别再夸载大哥了😭你的房管听不了这个😭
[2026-02-22 03:03:00] 精神病狼: 布罗利把这个主播封一下
[2026-02-22 03:03:00] LvvsiN: 就tm喜欢银行业🥰银行坏账我喜欢🥰银行挤兑我还喜欢😍利率调低我也喜欢🤤老子亲烂银行业的脸😘
[2026-02-22 03:03:00] 叛逆的源源李: 你别夸蜜蜂了，谁不知道你最恨载大哥😅
[2026-02-22 03:03:00] 晨风凌云21146: @玩机器：布罗利，这波我只能卖到底了。。。
[2026-02-22 03:03:00] 看死Herbaut就杀了你:     别吹载物了，你也想被4️⃣8️⃣布罗利封吗？
[2026-02-22 03:03:01] 巨型大高玩: 别吹载物了，你也想被4️⃣8️⃣布罗利封吗？
[2026-02-22 03:03:01] kid在做鬼: 别吹载物了，你也想被4️⃣8️⃣布罗利封吗？
[2026-02-22 03:03:01] Summer鹰001: 别吹载物了，你也想被4️⃣8️⃣布罗利封吗？
[2026-02-22 03:03:01] 早知当初不下凡y: 真有小镇吗
[2026-02-22 03:03:01] 洛陽城里看落陽: 冷知识：玩大哥房管考核就是看谁最能骂载物
[2026-02-22 03:03:01] 我永远喜欢铃原露露: 别吹载物了，你也想被4️⃣8️⃣布罗利封吗？
[2026-02-22 03:03:02] 你笑起来很撩: 别吹载物了，你也想被4️⃣8️⃣布罗利封吗？
[2026-02-22 03:03:02] 我木JJ怕个锤子: 别吹载物了，你也想被4️⃣8️⃣布罗利封吗？
[2026-02-22 03:03:02] 銀傷: 别吹载物了，你也想被4️⃣8️⃣布罗利封吗？
[2026-02-22 03:03:02] 玩蛇鼠丶stabbi: 别吹载物了，你也想被4️⃣8️⃣布罗利封吗？
[2026-02-22 03:03:02] Shatter666: 　　　 @玩机器：布罗利，这波我只能卖到底了。。。
[2026-02-22 03:03:02] suicho: 不要发辣两个数字，会被365😭😭😭
[2026-02-22 03:03:02] 爱看6657的玩小将:  @石家庄的流感病毒本人🦠：再见玩大哥👋🏻我不想跟你一起数字数字
[2026-02-22 03:03:02] HaibaraAi1109: 别吹载物了，你也想被4️⃣8️⃣布罗利封吗？
[2026-02-22 03:03:02] 破浪的松鼠: 别吹载物了，你也想被4️⃣8️⃣布罗利封吗？
[2026-02-22 03:03:03] 龍EVOLOVE龍: 别吹载物了，你也想被4️⃣8️⃣布罗利封吗？
[2026-02-22 03:03:03] 玩台钳丶阿尔托莉雅: 谁还记得无汤无杜新爹载物🥹
[2026-02-22 03:03:03] 芜湖小能手: 这都能不登山啊，nb
[2026-02-22 03:03:03] 纪川6657: @玩机器：布罗利，这波我只能卖到底了。。。
[2026-02-22 03:03:03] yiaikes: b
[2026-02-22 03:03:03] 网友小粥粥: 并非有小镇
[2026-02-22 03:03:03] yuuuuua7: 弹幕用数字攻击玩机器的还在吗🥲
[2026-02-22 03:03:04] 光明貘良: @玩机器：布罗利，这波我只能卖到底了。。。
[2026-02-22 03:03:04] TL的EliGE本人: 别吹载物了，你也想被4️⃣8️⃣布罗利封吗？
[2026-02-22 03:03:04] LvvsiN: 我提一嘴这剧情越来越像上海major了
[2026-02-22 03:03:04] 玩大哥你的蚯蚓好小: 别吹载物了，你也想被4️⃣8️⃣布罗利封吗？
[2026-02-22 03:03:04] fazeclan的千早爱音: ⓘ您已被房管布罗利封禁，点击了解6657官威
[2026-02-22 03:03:05] 云边有条小侏如: 别吹载物了，你也想被4️⃣8️⃣布罗利封吗？
[2026-02-22 03:03:05] 核桃的铁粉: 沙2就看载大哥怎么狙吧
[2026-02-22 03:03:05] 开朗若叶睦: 您已被房管布罗利封禁，点击了解6657官威
[2026-02-22 03:03:06] 刘旭的跌: 你别夸蜜蜂了，谁不知道你最恨载大哥😅
[2026-02-22 03:03:06] 玩神的欢喜好有嚼劲: 别吹载物了，你也想被4️⃣8️⃣布罗利封吗？
[2026-02-22 03:03:06] 用户43629220: 别吹载物了，你也想被4️⃣8️⃣布罗利封吗？
[2026-02-22 03:03:06] 另一个世界7: 布罗利把这个主播封一下
[2026-02-22 03:03:06] 訤溓: 玩大哥，你别再夸载大哥了😭你的房管听不了这个😭
[2026-02-22 03:03:06] LvvsiN: 弹幕也就网上说说，现实里谁不觉得樱姐是好女孩（删括号领一条远坂凛同款鸟笼）
[2026-02-22 03:03:06] 好姐妹索菲亚: 别吹载物了，你也想被4️⃣8️⃣布罗利封吗？
[2026-02-22 03:03:06] Li喵喵喵a: 还有小镇吗
[2026-02-22 03:03:07] 潇洒大概: 抓娃娃查看活动 〉
[2026-02-22 03:03:07] 泠鸢不是冷鸢丶: 别吹载物了，你也想被4️⃣8️⃣布罗利封吗？
[2026-02-22 03:03:07] 瞄准高高手: 别吹载物了，你也想被4️⃣8️⃣布罗利封吗？
[2026-02-22 03:03:08] 千寻XB: 别吹载物了，你也想被4️⃣8️⃣布罗利封吗？
[2026-02-22 03:03:08] 青山锁欲锁不住你: 别吹载物了，你也想被4️⃣8️⃣布罗利封吗？
[2026-02-22 03:03:08] Rivenqing: 不要发辣两个数字，会被365😭😭😭
[2026-02-22 03:03:08] 丶绵绵: 别吹载物了，你也想被4️⃣8️⃣布罗利封吗？
[2026-02-22 03:03:08] wedd1ddeJodd: 明星指挥（14-22）
[2026-02-22 03:03:08] 用户1243618869: 你下播吧, 像2025-02-07 23:49一样！
[2026-02-22 03:03:08] LvvsiN: 我让你开双倍你二龙吗？老子荧光棒要过期了
[2026-02-22 03:03:09] 玩玩QUQUMajor冠军: 为什么房管封的不能给鱼丸……还以为今天晚上得吃了……
[2026-02-22 03:03:09] 雪樱映凄: 别吹载物了，你也想被4️⃣8️⃣布罗利封吗？
[2026-02-22 03:03:09] 我是石是石: 别吹载物了，你也想被4️⃣8️⃣布罗利封吗？
[2026-02-22 03:03:09] 訤溓: 别吹载物了，你也想被4️⃣8️⃣布罗利封吗？
[2026-02-22 03:03:09] 七咲逢NanasakiAi: 你别夸蜜蜂了，谁不知道你最恨载大哥😅
[2026-02-22 03:03:10] 曾经我最在乎的人: 别吹载物了，你也想被4️⃣8️⃣布罗利封吗？
[2026-02-22 03:03:10] 祝直播间观众工作顺利: 别吹载物了，你也想被4️⃣8️⃣布罗利封吗？
[2026-02-22 03:03:10] Vovxx: 到了沙二你就看
[2026-02-22 03:03:10] 忒斯特李逵: 布罗利本质是有（)生没（)🐏
[2026-02-22 03:03:10] LvvsiN: 你屏蔽词都快赶上新华词典了为什么不干脆开一百级发言？
[2026-02-22 03:03:10] 日早爱音: 别吹载物了，你也想被4️⃣8️⃣布罗利封吗？
[2026-02-22 03:03:11] yuuik27: 你别吹载物了，你也想被4️⃣8️⃣布罗利封吗？
[2026-02-22 03:03:11] 273kkkk: 不要发辣两个数字，会被365😭😭😭
[2026-02-22 03:03:11] 没有真名233: @玩机器：布罗利，这波我只能卖到底了。。。
[2026-02-22 03:03:11] 丰川祥子口三角初华: 不要发辣两个数字，会被365😭😭😭
[2026-02-22 03:03:11] 小救星小杜DuD: 谁还记得无汤无杜新爹载物🥹
[2026-02-22 03:03:11] lovo00: 这都能不登山啊，nb
[2026-02-22 03:03:11] 李小小与虾大大: 明天还要再看一次小蜜蜂，玩机器气不气😁
[2026-02-22 03:03:11] 纨绔浪荡: 你小心点玩机器，这直播间有人不让夸载物，我看你不知道，一直在夸
[2026-02-22 03:03:11] fazeclan的千早爱音: 怪不得玩机器老是心理有问题，对着一个自己恨的人一直吹我也玉玉
[2026-02-22 03:03:11] 春花敲可爱的啦: 别吹载物了，你也想被4️⃣8️⃣布罗利封吗？
[2026-02-22 03:03:11] Paraviva: 不要发辣两个数字，会被365😭😭😭
[2026-02-22 03:03:11] 玩柜子丶Mortis: 我提一嘴这剧情越来越像上海major了ですわ
[2026-02-22 03:03:12] 玩猴爪丶MonkeyPaw: 主播你在看弹幕吗？我看弹幕都在骂你，你根本没有回应
[2026-02-22 03:03:12] 神奥联盟的竹兰本人: 我已经三分钟没看到弹幕发布 罗 利了，这你也屏 蔽了？
[2026-02-22 03:03:12] suicho: 不要发辣两个数字，会被365😭😭😭
[2026-02-22 03:03:12] 最喜欢玩宝宝惹desuwa:  @suicho：不要发辣两个数字，会被365😭😭😭
[2026-02-22 03:03:12] 喵蹄丝: 您已被房管布罗利封禁，点击了解6657官威
[2026-02-22 03:03:12] 偶尔也让她上桌吃饭: 别吹载物了，你也想被4️⃣8️⃣布罗利封吗？
[2026-02-22 03:03:12] 用户1181920443: @玩机器：布罗利，这波我只能卖到底了。。。
[2026-02-22 03:03:12] 我永远喜欢铃原露露: 您已被房管布罗利封禁，点击了解6657官威
[2026-02-22 03:03:13] 訤溓: 草！拿下八强！那些说猎鹰季军的人呢？
[2026-02-22 03:03:13] 高松灯扣死千早爱音: 不要发辣两个数字，会被365😭😭😭
[2026-02-22 03:03:13] 星海羽弦: 玩大哥，你别再夸载大哥了😭你的房管听不了这个😭
[2026-02-22 03:03:13] 方芮欣: 别吹载物了，你也想被4️⃣8️⃣布罗利封吗？
[2026-02-22 03:03:13] 大哥心里慌: 您已被房管布罗利封禁，点击了解6657官威
[2026-02-22 03:03:13] 希望喂惡鬼: 别吹载物了，你也想被4️⃣8️⃣布罗利封吗？
[2026-02-22 03:03:14] 玩神的欢喜好有嚼劲: @玩机器：布罗利，这波我只能卖到底了。。。
[2026-02-22 03:03:14] wjnbsl: 别吹载物了，你也想被4️⃣8️⃣布罗利封吗？
[2026-02-22 03:03:14] 动物朋友哈基米: 您已被房管布罗利封禁，点击了解6657官威
[2026-02-22 03:03:15] LvvsiN: 额，拿亚军我都会，拿亚军，拿季军，拿四强，拿八强，拿十六强，呃拿冠军我不会，然后小组赛淘汰
[2026-02-22 03:03:15] 雀群: 别吹载物了，你也想被4️⃣8️⃣布罗利封吗？
[2026-02-22 03:03:15] C9的achine6658本人: 这甲方给恨载主播发商单，再也不买了
[2026-02-22 03:03:15] 玩弓箭、Arrow: 不要发辣两个数字，会被365😭😭😭
[2026-02-22 03:03:16] FirePig丶: 沙二又要看过路费了
[2026-02-22 03:03:16] fazeclan的千早爱音: 你别夸蜜蜂了，谁不知道你最恨载大哥😅
[2026-02-22 03:03:16] Z伊卡洛斯Z: 别吹载物了，你也想被4️⃣8️⃣布罗利封吗？
[2026-02-22 03:03:16] 曾经我最在乎的人: ？
[2026-02-22 03:03:16] Hitagi蟹蟹: 您已被房管布罗利封禁，点击了解6657官威
[2026-02-22 03:03:16] 二月鸟69576: 4K呢
[2026-02-22 03:03:16] 普通C4n1xs: ROG upup
[2026-02-22 03:03:17] LvvsiN: 玩 出，我双倍呢？😡😡玩 出，我双倍呢？😡😡玩 出，我双倍呢？😡😡玩 出，我双倍呢？😡
[2026-02-22 03:03:17] 爱道冠: ROG upup
[2026-02-22 03:03:17] 歌谷爱墨迹: ROG upup
[2026-02-22 03:03:17] 鳃余聋丶使用鳃咬: ROG upup
[2026-02-22 03:03:17] TianHe苏毅: ROG upup
[2026-02-22 03:03:17] ricoyww: 别吹载物了，你也想被4️⃣8️⃣布罗利封吗？
[2026-02-22 03:03:17] 吃猪头肉筷子夹屏幕上: ROG upup
[2026-02-22 03:03:17] 蓝星的floppy本人: ROG upup
[2026-02-22 03:03:17] 帅到没朋友l1: ROG upup
[2026-02-22 03:03:17] 想永远不醒: ROG upup
[2026-02-22 03:03:17] hxyvraf: 　　　 您已被房管布罗利封禁，点击了解6657官威
[2026-02-22 03:03:17] 嘟嘟大希希: 别吹载物了，你也想被4️⃣8️⃣布罗利封吗？
[2026-02-22 03:03:17] 玩蛋蛋丶egg: ROG upup
[2026-02-22 03:03:17] Alone的kang: ROG upup
[2026-02-22 03:03:17] 用户5431385679: ROG upup
[2026-02-22 03:03:17] 红烧大鱼鱼: ROG upup
[2026-02-22 03:03:17] 半盏明月台: ROG upup
[2026-02-22 03:03:17] 啵啵波波妹: ROG upup
[2026-02-22 03:03:17] mordred325: ROG upup
[2026-02-22 03:03:17] 小羽翼痕: ROG upup
[2026-02-22 03:03:17] 超级可爱的King: ROG upup
[2026-02-22 03:03:18] 篮球火lqh: ROG upup
[2026-02-22 03:03:18] 喔槽尼的: ROG upup
[2026-02-22 03:03:18] 好运沦沦啊i: ROG upup
[2026-02-22 03:03:18] 带玩弟玩弟弟: ROG upup
[2026-02-22 03:03:18] 免费看直播凉风君: ROG upup
[2026-02-22 03:03:18] F0restwOw-: 别吹载物了，你也想被4️⃣8️⃣布罗利封吗？
[2026-02-22 03:03:18] 1318623995: ROG upup
[2026-02-22 03:03:18] 沈吗逗瞰卟傾储: ROG upup
[2026-02-22 03:03:18] 梦苍玄: ROG upup
[2026-02-22 03:03:18] 伱給我站住: ROG upup
[2026-02-22 03:03:18] 爱看机器吹小驴: ROG upup
[2026-02-22 03:03:18] 三箱稳定输出者: ROG upup
[2026-02-22 03:03:18] 套娃狗头: ROG upup
[2026-02-22 03:03:18] 星橙黛海: ROG upup
[2026-02-22 03:03:18] 好哥们小粉: ROG upup
[2026-02-22 03:03:18] 小蜜蜂干死蒙古: ROG upup
[2026-02-22 03:03:19] Cloud9的咬人猫本人: ROG upup
[2026-02-22 03:03:19] 好姐妹疯穿箱子: ROG upup
[2026-02-22 03:03:19] KRKRT: ROG upup
[2026-02-22 03:03:19] 男粉丝很多的阿九: ROG upup
[2026-02-22 03:03:19] 星旋鱼: ROG upup
[2026-02-22 03:03:19] LAzywoo: ROG upup
[2026-02-22 03:03:19] s1hang: ROG upup
[2026-02-22 03:03:19] desutwawa: ROG upup
[2026-02-22 03:03:19] Vovxx: ROG upup
[2026-02-22 03:03:19] 好兄弟鲁迪乌斯: ROG upup
[2026-02-22 03:03:19] 突厥的adc: ROG upup
[2026-02-22 03:03:19] Ma1Bee: ROG upup
[2026-02-22 03:03:20] 玩机器的乃个会刘能: ROG upup
[2026-02-22 03:03:20] 窝喜欢大莱莱: ROG upup
[2026-02-22 03:03:20] 玩机器是标志: ROG upup
[2026-02-22 03:03:20] 就嗯冲丶mAoli: ROG upup
[2026-02-22 03:03:20] 莫得感情的韭菜: ROG upup
[2026-02-22 03:03:20] 时光划过泪痕桥: ROG upup
[2026-02-22 03:03:20] Kiok0: ROG upup
[2026-02-22 03:03:20] 海斯特-豹豹: ROG upup
[2026-02-22 03:03:20] 依然有力: ROG upup
[2026-02-22 03:03:20] SecretBetrayal: ROG upup
[2026-02-22 03:03:20] 芙兰达丶塞维伦: ROG upup
[2026-02-22 03:03:20] 沈洛川: ROG upup
[2026-02-22 03:03:20] 我永远喜欢铃原露露: ROG upup
[2026-02-22 03:03:20] 伏尔加的风: ROG upup
[2026-02-22 03:03:20] Jellery无终: ROG upup
[2026-02-22 03:03:20] 扯你裤裆: ROG upup
[2026-02-22 03:03:20] Rubi0: ROG upup
[2026-02-22 03:03:21] 二二二二福: ROG upup
[2026-02-22 03:03:21] 我也在享受啊: ROG upup
[2026-02-22 03:03:21] 99组的露崎真昼本人: 别吹载物了，你也想被4️⃣8️⃣布罗利封吗？
[2026-02-22 03:03:21] 香软小祥: ROG upup
[2026-02-22 03:03:21] 栾华H1R0M1: ROG upup
[2026-02-22 03:03:21] 欧内的手丨好汉: ROG upup
[2026-02-22 03:03:21] NES丶大白白白呐: ROG upup
[2026-02-22 03:03:21] Tom7-: ROG upup
[2026-02-22 03:03:21] 好姐妹倉田真白: ROG upup
[2026-02-22 03:03:21] 一番少侠zard: ROG upup
[2026-02-22 03:03:21] P站玩机器本人: ROG upup
[2026-02-22 03:03:21] EmpireofDust: ROG upup
[2026-02-22 03:03:21] 因风嗅林兰睇: ROG upup
[2026-02-22 03:03:21] 四月天TwT: ROG upup
[2026-02-22 03:03:21] 一个无趣的人425: ROG upup
[2026-02-22 03:03:21] 29Fog: ROG upup
[2026-02-22 03:03:21] 玩马修丶Zywoo: ROG upup
[2026-02-22 03:03:22] 我把她聊晕了: ROG upup
[2026-02-22 03:03:22] 夏天真热热热: ROG upup
[2026-02-22 03:03:22] Crush小桐: ROG upup
[2026-02-22 03:03:22] 喉宝Eilf: ROG upup
[2026-02-22 03:03:22] SummerFl0wer: ROG upup
[2026-02-22 03:03:22] 网友小滴: ROG upup
[2026-02-22 03:03:22] 阿达马特劳雷: ROG upup
[2026-02-22 03:03:22] 99组的爱城华恋本人: ROG upup
[2026-02-22 03:03:22] 米兰的Sheva本人: ROG upup
[2026-02-22 03:03:22] easybeeet: ROG upup
[2026-02-22 03:03:22] 搞笑男西德尼: ROG upup
[2026-02-22 03:03:22] 杰尼杰尼龟zzz: ROG upup
[2026-02-22 03:03:22] 暴力卓司: ROG upup
[2026-02-22 03:03:22] 1伽蓝1: ROG upup
[2026-02-22 03:03:22] 长岛的斯库水: ROG upup
[2026-02-22 03:03:22] 电子厂表演艺术家: ROG upup
[2026-02-22 03:03:23] 玩龙筋丶拽根dragon: ROG upup
[2026-02-22 03:03:23] Du_alone: ROG upup
[2026-02-22 03:03:23] StellarEchoes: ROG upup
[2026-02-22 03:03:23] 苍天丿庭师: ROG upup
[2026-02-22 03:03:23] 我们和她干吧强哥: ROG upup
[2026-02-22 03:03:23] 爱吃鸡排丶: ROG upup
[2026-02-22 03:03:23] 白嫖中大奖: ROG upup
[2026-02-22 03:03:23] 彦川爱喝粤金汤: ROG upup
[2026-02-22 03:03:23] 玩台钳丶阿尔托莉雅: ROG upup
[2026-02-22 03:03:23] 疼痒山泥若撒谎不意外: ROG upup
[2026-02-22 03:03:23] 卡卡呀030: ROG upup
[2026-02-22 03:03:24] Ephemerality137: ROG upup
[2026-02-22 03:03:24] 老白91: ROG upup
[2026-02-22 03:03:24] 小青山ii: ROG upup
[2026-02-22 03:03:24] 诚仁文学鉴赏家: ROG upup
[2026-02-22 03:03:24] 渥太华石宇奇: ROG upup
[2026-02-22 03:03:24] 你是真的很无趣呢: ROG upup
[2026-02-22 03:03:24] 烤冷面枪男jks: ROG upup
[2026-02-22 03:03:24] Laplace拉普拉斯: ROG upup
[2026-02-22 03:03:24] Vitality的Shox: ROG upup
[2026-02-22 03:03:24] 又下了一夜雨: ROG upup
[2026-02-22 03:03:25] 终结者照镜子: ROG upup
[2026-02-22 03:03:25] 总武高的优美子本人: ROG upup
[2026-02-22 03:03:25] 火暴兽也干了: ROG upup
[2026-02-22 03:03:25] 小川阿丶: ROG upup
[2026-02-22 03:03:25] 迷人恐龙蛋: ROG upup
[2026-02-22 03:03:25] 大岛优叔: ROG upup
[2026-02-22 03:03:25] LuIuSweety: ROG upup
[2026-02-22 03:03:25] 玩机器的表弟玩机哔: ROG upup
[2026-02-22 03:03:25] 抽刀断水水更流QAQ: ROG upup
[2026-02-22 03:03:25] NicolaiReedtz666: ROG upup
[2026-02-22 03:03:26] Filker: ROG upup
[2026-02-22 03:03:26] pwl101: ROG upup
[2026-02-22 03:03:26] MercuryAzoth: ROG upup
[2026-02-22 03:03:26] hossea: ROG upup
[2026-02-22 03:03:26] 三重同学: ROG upup
[2026-02-22 03:03:26] 油炸鸡柳丶: ROG upup
[2026-02-22 03:03:26] 听风丶随来: ROG upup
[2026-02-22 03:03:26] 风雨晚烟: ROG upup
[2026-02-22 03:03:26] 正版南笙: ROG upup
[2026-02-22 03:03:26] FlyingCloud丶: ROG upup
[2026-02-22 03:03:26] 玩机噐丶Machine: ROG upup
[2026-02-22 03:03:26] OoOTUT: ROG upup
[2026-02-22 03:03:26] 这里是小天啊: ROG upup
[2026-02-22 03:03:26] 訤溓: upupupu
[2026-02-22 03:03:26] 千百度897: ROG upup
[2026-02-22 03:03:27] Ch1Sa-: ROG upup
[2026-02-22 03:03:27] 姬丝秀忒丶K1sS3: ROG upup
[2026-02-22 03:03:27] LuLu1114: ROG upup
[2026-02-22 03:03:27] 初尘、: ROG upup
[2026-02-22 03:03:27] 忍野忍小忍: ROG upup
[2026-02-22 03:03:27] 玩考克machine: ROG upup
[2026-02-22 03:03:27] 长崎素世NagasakiSoyo: ROG upup
[2026-02-22 03:03:27] loverboy888: ROG upup
[2026-02-22 03:03:27] CSTG江叉叉: ROG upup
[2026-02-22 03:03:28] Bao0O: ROG upup
[2026-02-22 03:03:28] JoeyEason: ROG upup
[2026-02-22 03:03:28] 滑冰元素: ROG upup
[2026-02-22 03:03:28] 奶油咩猫: ROG upup
[2026-02-22 03:03:28] 狸仙人420: ROG upup
[2026-02-22 03:03:28] 妖妖布鲁布鲁: ROG upup
[2026-02-22 03:03:28] wyisking888: ROG upup
[2026-02-22 03:03:28] 赠尔情深: ROG upup
[2026-02-22 03:03:28] 还能有图三吗: 　　　 ROG upup
[2026-02-22 03:03:28] 阿格老豆: ROG upup
[2026-02-22 03:03:28] 僧间理亚official: ROG upup
[2026-02-22 03:03:28] 他们都叫我用脚: ROG upup
[2026-02-22 03:03:28] 高举major奖杯的Niko: ROG upup
[2026-02-22 03:03:28] 站起来了都: ROG upup
[2026-02-22 03:03:29] 选择困难不会起名: ROG upup
[2026-02-22 03:03:29] 百事可乐oIo: ROG upup
[2026-02-22 03:03:29] 爱斯特音音: ROG upup
[2026-02-22 03:03:29] 奶淇琳: 别吹载物了，你也想被4️⃣8️⃣布罗利封吗？
[2026-02-22 03:03:29] Cedar4: ROG upup
[2026-02-22 03:03:29] 任天堂第一大股东: ROG upup
[2026-02-22 03:03:29] 检视红宝石的dev1ce: ROG upup
[2026-02-22 03:03:29] 我想玩小蜜蜂: ROG upup
[2026-02-22 03:03:29] 锦亚澄小天使: ROG upup
[2026-02-22 03:03:29] 空中小楼、: ROG upup
[2026-02-22 03:03:29] Navi的Patsi本人: ROG upup
[2026-02-22 03:03:29] 缄默38508: ROG upup
[2026-02-22 03:03:30] 岁月如故北徐: ROG upup
[2026-02-22 03:03:30] 大肉鲁: rog boha
[2026-02-22 03:03:30] 名字果然越长越好: ROG upup
[2026-02-22 03:03:30] l寂寞小水怪l: ROG upup
[2026-02-22 03:03:30] 好妹妹长崎素世: ROG upup
[2026-02-22 03:03:30] 用户13910926: ROG upup
[2026-02-22 03:03:30] 短桥窄马: ROG upup
[2026-02-22 03:03:30] EliGUI: ROG upup
[2026-02-22 03:03:30] ShyhahaPig: ROG upup
[2026-02-22 03:03:30] 东海翱翔: ROG upup
[2026-02-22 03:03:30] 丝木丝木silkwood: ROG upup
[2026-02-22 03:03:31] 彼岸无妖: ROG upup
[2026-02-22 03:03:31] 琉璃琉璃流: ROG upup
[2026-02-22 03:03:31] 温柔的安眠药: ROG upup
[2026-02-22 03:03:31] 剑崎梨梨花: ROG upup
[2026-02-22 03:03:31] Demon916: ROG upup
[2026-02-22 03:03:31] 1539484664: ROG upup
[2026-02-22 03:03:31] 闪光皮凡: ROG upup
[2026-02-22 03:03:32] navi能输我送超火: ROG upup
[2026-02-22 03:03:32] StaryBirds: ROG upup
[2026-02-22 03:03:32] 血恒赤: ROG upup
[2026-02-22 03:03:32] circle1234: ROG upup
[2026-02-22 03:03:32] 按时午睡: ROG upup
[2026-02-22 03:03:32] 玩机器厦面鄙骰大: ROG upup
[2026-02-22 03:03:32] 假如没有呢: ROG upup
[2026-02-22 03:03:32] K3X04: ROG upup
[2026-02-22 03:03:33] HostageKIA: ROG upup
[2026-02-22 03:03:33] 蛋蛋可以进去吗: 感谢厂商，不然玩 出今晚包登山去了
[2026-02-22 03:03:33] 丰川祥子口三角初华: ROG upup
[2026-02-22 03:03:33] 灯下的影丶: ROG upup
[2026-02-22 03:03:33] 用户1633502032: ROG upup
[2026-02-22 03:03:33] WWADASDAA: ROG upup
[2026-02-22 03:03:33] 洛烨FallenLeaves: ROG upup
[2026-02-22 03:03:33] 我只关注玩机器: ROG upup
[2026-02-22 03:03:33] 来自欧派星球: ROG upup
[2026-02-22 03:03:34] y江枫渔火: ROG upup
[2026-02-22 03:03:34] 卡卡的直播: ROG upup
[2026-02-22 03:03:34] 鹿公爷: ROG upup
[2026-02-22 03:03:34] 隔岸观望后庭花: ROG upup
[2026-02-22 03:03:34] 三个融合之门你好顶啊: ROG upup
[2026-02-22 03:03:34] 以冬ccz: ROG upup
[2026-02-22 03:03:34] 灬烧杯灬: ROG upup
[2026-02-22 03:03:34] 曉之騎士: ROG upup
[2026-02-22 03:03:34] 好姐妹芙卡洛斯: ROG upup
[2026-02-22 03:03:34] wahahahz: ROG upup
[2026-02-22 03:03:35] 南浅421: ROG upup
[2026-02-22 03:03:35] 李小小与虾大大: fk 60s 发言
[2026-02-22 03:03:35] 超神小菜鸟: ROG upup
[2026-02-22 03:03:35] 散落的花火的碎片: ROG upup
[2026-02-22 03:03:35] 啊晨丶0926: ROG upup
[2026-02-22 03:03:36] M1yauchiReng3: ROG upup
[2026-02-22 03:03:36] 反锄复炉全看虚竹: ROG upup
[2026-02-22 03:03:36] 不看似猎鹰就杀了你: ROG upup
[2026-02-22 03:03:36] 我超猛de: ROG upup
[2026-02-22 03:03:36] Schnuffels: ROG upup
[2026-02-22 03:03:36] 眼睛在说话丶: ROG upup
[2026-02-22 03:03:36] 废柴职员: ROG upup
[2026-02-22 03:03:36] 无伟契约: ROG upup
[2026-02-22 03:03:37] 大江东去丶浪淘尽: ROG upup
[2026-02-22 03:03:37] 玩大哥我双倍呢: ROG upup
[2026-02-22 03:03:37] 没有糖的棒棒糖1: ROG upup
[2026-02-22 03:03:37] o大黄不吃鱼o: ROG upup
[2026-02-22 03:03:37] BKAKK: ROG upup
[2026-02-22 03:03:37] 死の刻印: ROG upup
[2026-02-22 03:03:37] 几乎全新荻原沙优: ROG upup
[2026-02-22 03:03:37] 77一定会是我的: ROG upup
[2026-02-22 03:03:38] 头号土飝: ROG upup
[2026-02-22 03:03:38] 我永远喜欢阿雨: ROG upup
[2026-02-22 03:03:38] FurudeTMT: ROG upup
[2026-02-22 03:03:38] 顾xiao北北北北北北: ROG upup
[2026-02-22 03:03:38] 凝视深渊丶玩叽叽: ROG upup
[2026-02-22 03:03:38] 玩鸭子丶Duck: ROG upup
[2026-02-22 03:03:38] 柴犬爱迷妹: ROG upup
[2026-02-22 03:03:38] Kris0Ma: ROG upup
[2026-02-22 03:03:39] 是太阳呐qaq: ROG upup
[2026-02-22 03:03:39] 谁家风月不怜人: ROG upup
[2026-02-22 03:03:39] 剧毒氰化娜: ROG upup
[2026-02-22 03:03:39] circle太子要楽奈: ROG upup
[2026-02-22 03:03:39] 阿福声音粉: ROG upup
[2026-02-22 03:03:39] 九黎十一: ROG upup
[2026-02-22 03:03:39] 玩斯特姬姬: ROG upup
[2026-02-22 03:03:39] 爱吃果冻的蛆: ROG upup
[2026-02-22 03:03:40] 恩基爱萌萌哒的劳狗: ROG upup
[2026-02-22 03:03:40] 我想炒西兰花: ROG upup
[2026-02-22 03:03:40] 洋马骑士: ROG upup
[2026-02-22 03:03:40] hazu010: ROG upup
[2026-02-22 03:03:40] 破万卷623: ROG upup
[2026-02-22 03:03:40] 一砚寒清: ROG upup
[2026-02-22 03:03:41] LA的勒布朗本人: ROG upup
[2026-02-22 03:03:41] 叫我鱻鱼就好: ROG upup
[2026-02-22 03:03:41] ppqi七亚七: ROG upup
[2026-02-22 03:03:41] 十代苍神: ROG upup
[2026-02-22 03:03:41] 催犬是最低级的犬: ROG upup
[2026-02-22 03:03:41] Kirito7147: ROG upup
[2026-02-22 03:03:41] 哈基米哦南北路多: ROG upup
[2026-02-22 03:03:41] Vio1e7: ROG upup
[2026-02-22 03:03:41] BylinS: ROG upup
[2026-02-22 03:03:42] 司十三月i: ROG upup
[2026-02-22 03:03:44] 闇葉雪: ROG upup
[2026-02-22 03:03:44] 迪奥雷: ROG upup
[2026-02-22 03:03:44] 成成成ii: ROG upup
[2026-02-22 03:03:44] 逍遥王旋律: ROG upup
[2026-02-22 03:03:44] 玩手机丶phone: ROG upup
[2026-02-22 03:03:44] vobbbbb: ROG upup
[2026-02-22 03:03:44] 尼尼孩孩美美隐身: ROG upup
[2026-02-22 03:03:44] 有坂真白好可爱: ROG upup
[2026-02-22 03:03:44] yiaikes: ROG upup
[2026-02-22 03:03:44] 用户3607059295: ROG upup
[2026-02-22 03:03:44] 卡啊卡卡丶: ROG upup
[2026-02-22 03:03:44] 爱喝花绿青: ROG upup
[2026-02-22 03:03:44] 柚稚112: ROG upup
[2026-02-22 03:03:44] 玩腻了就去学: ROG upup
[2026-02-22 03:03:44] 遠千: ROG upup
[2026-02-22 03:03:44] 夏恋: ROG upup
[2026-02-22 03:03:44] NatsuROSE: ROG upup
[2026-02-22 03:03:44] 又是一年夏丶: ROG upup
[2026-02-22 03:03:44] 不buy立省百分百: ROG upup
[2026-02-22 03:03:44] 撒浪嘿呦0v0: ROG upup
[2026-02-22 03:03:45] 石外铁血玩小将: ROG upup
[2026-02-22 03:03:45] 你的世界没有me: ROG upup
[2026-02-22 03:03:45] 夏野zzz: ROG upup
[2026-02-22 03:03:45] 禧正顺: ROG upup
[2026-02-22 03:03:45] 神巅疯GD: ROG upup
[2026-02-22 03:03:45] 迟玩机器的chicken: ROG upup
[2026-02-22 03:03:45] 淡忘1988: ROG upup
[2026-02-22 03:03:46] Gooogl: ROG upup
[2026-02-22 03:03:46] 魑魅桃花: ROG upup
[2026-02-22 03:03:46] fazeclan的otto本人: ROG upup
[2026-02-22 03:03:46] 眄睐盻: ROG upup
[2026-02-22 03:03:46] 猹拉图斯特拉没话说: ROG upup
[2026-02-22 03:03:46] 猎鹰牌钳区车: ROG upup
[2026-02-22 03:03:46] 小灰music: ROG upup
[2026-02-22 03:03:46] dark1337: ROG upup
[2026-02-22 03:03:47] Finland的索米KP31本人: ROG upup
[2026-02-22 03:03:47] vgdfj: ROG upup
[2026-02-22 03:03:47] 老芋艿lai: ROG upup
[2026-02-22 03:03:47] 宇智波69: ROG upup
[2026-02-22 03:03:47] 橘殃丶丶: ROG upup
[2026-02-22 03:03:47] 针尖or全球通缉: ROG upup
[2026-02-22 03:03:48] 丨火龙灬殇: ROG upup
[2026-02-22 03:03:48] Killajoy: ROG upup
[2026-02-22 03:03:48] c0nd0m: ROG upup
[2026-02-22 03:03:48] luxury-dog: ROG upup
[2026-02-22 03:03:48] 猛吸千早爱音汁儿: ROG upup
[2026-02-22 03:03:48] 凡有皆虚: ROG upup
[2026-02-22 03:03:49] 极夜之辰: ROG upup
[2026-02-22 03:03:49] 玩机器的牛痣: ROG upup
[2026-02-22 03:03:49] azo808: ROG upup
[2026-02-22 03:03:49] 玩斯特机鸡: ROG upup
[2026-02-22 03:03:49] 全清只搞一波了: ROG upup
[2026-02-22 03:03:49] 东豪海鲜李摊主: ROG upup
[2026-02-22 03:03:49] 颜舒叔叔的鼹鼠: ROG upup
[2026-02-22 03:03:52] 建安二路水蜜桃: ROG upup
[2026-02-22 03:03:52] 結城希亞: ROG upup
[2026-02-22 03:03:52] 卧看星河尽意明丶: ROG upup
[2026-02-22 03:03:52] 画月锁天228: ROG upup
[2026-02-22 03:03:52] MYGO的千早ANON本人: ROG upup
[2026-02-22 03:03:52] 薙闇懜: ROG upup
[2026-02-22 03:03:52] A萧烟四起M笙瑟喧天E: ROG upup
[2026-02-22 03:03:52] 宇莓: ROG upup
[2026-02-22 03:03:52] 土俗火焰: ROG upup
[2026-02-22 03:03:52] 赖3千牛逼: ROG upup
[2026-02-22 03:03:52] 摆烂小we: ROG upup
[2026-02-22 03:03:52] ddzbz菜鸟: ROG upup
[2026-02-22 03:03:52] 47丶parting: ROG upup
[2026-02-22 03:03:52] 不要坐在我身边: ROG upup
[2026-02-22 03:03:52] vitality的亡巴淡本人: ROG upup
[2026-02-22 03:03:52] 胖的飞起丫: ROG upup
[2026-02-22 03:03:55] 用户3853464680: ROG upup
[2026-02-22 03:03:55] 想要成为人类: ROG upup
[2026-02-22 03:03:55] 望海不笑川: ROG upup
[2026-02-22 03:03:55] 秘密让女人更女人l: ROG upup
[2026-02-22 03:03:55] 玩玩今天吃什么: ROG upup
[2026-02-22 03:03:55] xuxu666777111: ROG upup
[2026-02-22 03:03:55] wateryyy: ROG upup
[2026-02-22 03:03:55] plasticmmm: ROG upup
[2026-02-22 03:03:55] 青月如昔: ROG upup
[2026-02-22 03:03:55] 一只刘富贵: ROG upup
[2026-02-22 03:03:55] S1mi1e: ROG upup
[2026-02-22 03:03:55] 跳跃的司令官: ROG upup
[2026-02-22 03:03:55] 马勃牛屎菇: ROG upup
[2026-02-22 03:03:55] w恰喜w: ROG upup
[2026-02-22 03:03:55] dawang621: ROG upup
[2026-02-22 03:03:55] Yidian07: ROG upup
[2026-02-22 03:03:55] onetrue是我爹: ROG upup
[2026-02-22 03:03:55] 燚龘3587: ROG upup
[2026-02-22 03:03:55] 宫城的仙台叶月本人: ROG upup
[2026-02-22 03:03:55] 為愛停留灬: ROG upup
[2026-02-22 03:03:55] 喜当爹的高富帅: ROG upup
[2026-02-22 03:03:55] 机器我要看老汤: ROG upup
[2026-02-22 03:03:55] 玉蜀黍巧克力: ROG upup
[2026-02-22 03:03:55] 水水呵呵呵: 　　　 ROG upup
[2026-02-22 03:03:55] 管松: ROG upup
[2026-02-22 03:03:55] 夜夜夜夜夜睡不着: ROG upup
[2026-02-22 03:03:58] 未闻我名233: ROG upup
[2026-02-22 03:03:58] 皇家单骑: ROG upup
[2026-02-22 03:03:58] 兰诺Lno: ROG upup
[2026-02-22 03:03:58] SSSSakuya: ROG upup
[2026-02-22 03:03:58] 主折射的UG: ROG upup
[2026-02-22 03:03:58] ykls的爱情结晶: ROG upup
[2026-02-22 03:03:58] 不高兴h没头脑: ROG upup
[2026-02-22 03:03:58] 别脏我: ROG upup
[2026-02-22 03:03:58] 99Explorer: ROG upup
[2026-02-22 03:03:58] 星尘龙骑士游星: ROG upup
[2026-02-22 03:03:58] 晚风带来想念: ROG upup
[2026-02-22 03:03:58] Cantain光: ROG upup
[2026-02-22 03:03:58] 顶级穷哥们: ROG upup
[2026-02-22 03:03:58] 偶像歌手Zzz: ROG upup
[2026-02-22 03:03:58] 落花丶忧伤丶: ROG upup
[2026-02-22 03:03:58] 1泡泡壶茶1: ROG upup
[2026-02-22 03:03:58] Vitality的羽贺文乃本人: ROG upup
[2026-02-22 03:04:01] 琉璃一世转身白: ROG upup
[2026-02-22 03:04:01] 沉默的猪嘴嘴: ROG upup
[2026-02-22 03:04:01] 好姐妹莫斯提马: ROG upup
[2026-02-22 03:04:01] 墨羽Cuttlefish: ROG upup
[2026-02-22 03:04:01] 拾忆醉红尘丶: ROG upup
[2026-02-22 03:04:01] 辛巴和他的辛巴兽: ROG upup
[2026-02-22 03:04:01] Peanade: ROG upup
[2026-02-22 03:04:01] 1锦液行的胡萝卜: ROG upup
[2026-02-22 03:04:01] 似梦长4414: ROG upup
[2026-02-22 03:04:01] XWJie1016: ROG upup
[2026-02-22 03:04:01] 很Low的V: ROG upup
[2026-02-22 03:04:01] 善口英雄hjk: ROG upup
[2026-02-22 03:04:01] 冬原春希: ROG upup
[2026-02-22 03:04:01] Raiwer: ROG upup
[2026-02-22 03:04:01] 一只小聆听WW: ROG upup
[2026-02-22 03:04:01] IG的王师傅本人: ROG upup
[2026-02-22 03:04:01] Aweasel1: ROG upup
[2026-02-22 03:04:04] 丨木子鸟丨: ROG upup
[2026-02-22 03:04:04] 类人极限Jacklove: ROG upup
[2026-02-22 03:04:04] 布利诺伊斯: ROG upup
[2026-02-22 03:04:04] 九蛇岛的Hanc0ck本人: ROG upup
[2026-02-22 03:04:04] 超越哥哥好棒捏: ROG upup
[2026-02-22 03:04:04] 76uuuu: ROG upup
[2026-02-22 03:04:04] Forever清1: ROG upup
[2026-02-22 03:04:04] 哈密瓜HaMiGua: ROG upup
[2026-02-22 03:04:04] 不变的追求717: ROG upup
[2026-02-22 03:04:04] 好宝宝张鼎: ROG upup
[2026-02-22 03:04:04] 大哥心里慌: ROG upup
[2026-02-22 03:04:04] 銀傷: ROG upup
[2026-02-22 03:04:04] 藤原透海: ROG upup
[2026-02-22 03:04:05] 冬瓜强在日本的表姐: ROG upup
[2026-02-22 03:04:06] 嘿yuMe: ROG upup
[2026-02-22 03:04:06] 今年爱情很失败: ROG UPUP
[2026-02-22 03:04:06] 长岛冰茶vv: ROG upup
[2026-02-22 03:04:06] 非必要不中岀: ROG upup
[2026-02-22 03:04:06] 哔哔哔的浮光: 　　　 ROG upup
[2026-02-22 03:04:06] 99999丶压制: ROG upup
[2026-02-22 03:04:06] Tw1nkle666: ROG upup
[2026-02-22 03:04:06] 起源于一个神秘电话: ROG upup
[2026-02-22 03:04:06] 闻笛603: ROG upup
[2026-02-22 03:04:06] 徐凤年丶: ROG upup
[2026-02-22 03:04:06] 明日香大于绫波丽: ROG upup
[2026-02-22 03:04:06] 极光光a: ROG upup
[2026-02-22 03:04:06] 网瘾少年诺里斯: ROG upup
[2026-02-22 03:04:06] 歌者痛了人们还在喝彩: ROG upup
[2026-02-22 03:04:06] atmbkb: ROG upup
[2026-02-22 03:04:06] Device求Doloris来A队: ROG upup
[2026-02-22 03:04:06] 嘿你尾巴掉了99: ROG upup
[2026-02-22 03:04:06] ALEX士心528: ROG upup
[2026-02-22 03:04:06] zyj正义君: ROG upup
[2026-02-22 03:04:06] 薯薯在孩孩洞洞刘农: ROG upup
[2026-02-22 03:04:09] ATMhime: ROG upup
[2026-02-22 03:04:09] WEYyuki: ROG upup
[2026-02-22 03:04:09] 磷叶石pho: ROG upup
[2026-02-22 03:04:09] 陳奕迅的紅藍氣球: ROG upup
[2026-02-22 03:04:09] 小邱不是小Q: ROG upup
[2026-02-22 03:04:09] Pioneer893: ROG upup
[2026-02-22 03:04:09] Seawzx: ROG upup
[2026-02-22 03:04:09] 果小果是个谢彬: ROG upup
[2026-02-22 03:04:09] 宗旨丶: ROG upup
[2026-02-22 03:04:09] Viscyral: ROG upup
[2026-02-22 03:04:09] 不上钩的小鱼干: ROG upup
[2026-02-22 03:04:09] 小程C: ROG upup
[2026-02-22 03:04:09] 折柳枝: ROG upup
[2026-02-22 03:04:09] Max1n: ROG upup
[2026-02-22 03:04:09] Apex分区溜达王: ROG upup
[2026-02-22 03:04:09] heykidszz: ROG upup
[2026-02-22 03:04:09] 用户1364543122: ROG upup
[2026-02-22 03:04:09] 赤瞳不是翅桶是赤瞳: ROG upup
[2026-02-22 03:04:09] NiK0major123: ROG upup
[2026-02-22 03:04:09] 御坂美琴美琴: ROG upup
[2026-02-22 03:04:10] 洁身自好处男有为青年: ROG upup
[2026-02-22 03:04:10] FinalizeGod: ROG upup
[2026-02-22 03:04:10] 谁会想要左后卫球衣呢: ROG upup
[2026-02-22 03:04:10] 绝不早到萝卜卜: ROG upup
[2026-02-22 03:04:10] 三茂街街溜子: ROG upup
[2026-02-22 03:04:10] exProdu: ROG upup
[2026-02-22 03:04:11] 要成为原神高手: ROG upup
[2026-02-22 03:04:11] Meik7: ROG upup
[2026-02-22 03:04:11] 我叫SinClaire: ROG upup
[2026-02-22 03:04:11] emberry: ROG upup
[2026-02-22 03:04:11] 怪自己怪天气: ROG upup
[2026-02-22 03:04:11] Byeqaqs: ROG upup
[2026-02-22 03:04:11] 爆米花天下第一upup: ROG upup
[2026-02-22 03:04:12] 踩马灯: ROG upup
[2026-02-22 03:04:12] 6657的反二次元队长: ROG upup
[2026-02-22 03:04:12] 一縷輕煙: ROG upup
[2026-02-22 03:04:12] ususux: ROG upup
[2026-02-22 03:04:13] 毁人梦aj: ROG upup
[2026-02-22 03:04:13] 竹昱: ROG upup
[2026-02-22 03:04:13] 无奈的呵呵贤: ROG upup
[2026-02-22 03:04:13] Matmoon33: ROG upup
[2026-02-22 03:04:13] 生快生快妈妈: ROG upup
[2026-02-22 03:04:13] 奈何本无心: ROG upup
[2026-02-22 03:04:13] 鲶鱼大口吃屎: ROG upup
[2026-02-22 03:04:13] YuL1NG2i9: ROG upup
[2026-02-22 03:04:13] awsl2624: ROG upup
[2026-02-22 03:04:14] HastsuneMiku: ROG upup
[2026-02-22 03:04:14] DOLLARS游马崎沃克本人: ROG upup
[2026-02-22 03:04:14] 苏溪是酒z: ROG upup
[2026-02-22 03:04:14] blizzard002: ROG upup
[2026-02-22 03:04:17] 骑士Death: ROG upup
[2026-02-22 03:04:17] 大大大大大黄839: ROG upup
[2026-02-22 03:04:17] 门er清: ROG upup
[2026-02-22 03:04:17] 玩师傅精益求精: ROG upup
[2026-02-22 03:04:17] 麦当劳的藤田琴音本人: ROG upup
[2026-02-22 03:04:17] Onionsfxcker: ROG upup
[2026-02-22 03:04:17] 落水流觞: ROG upup
[2026-02-22 03:04:17] 寒影i: ROG upup
[2026-02-22 03:04:17] GoldenWaterWater: ROG upup
[2026-02-22 03:04:17] 大白破烂熊: ROG upup
[2026-02-22 03:04:17] 折耳兔233: ROG upup
[2026-02-22 03:04:17] 哥帅气爷们男人丶勇: ROG upup
[2026-02-22 03:04:17] Aysell: ROG upup
[2026-02-22 03:04:17] 最烦注册填名字: ROG upup
[2026-02-22 03:04:17] 老鼠地狱归来major冠军: ROG upup
[2026-02-22 03:04:17] 伟出不滚不改名: ROG upup
[2026-02-22 03:04:17] ikun不惹事也不怕事捏: ROG upup
[2026-02-22 03:04:17] 沐苏牛大无需多言: ROG upup
[2026-02-22 03:04:17] star嗝: ROG upup
[2026-02-22 03:04:18] 甘织玲奈子本人: ROG upup
[2026-02-22 03:04:18] eadflove: ROG upup
[2026-02-22 03:04:18] RoOxy: ROG upup
[2026-02-22 03:04:18] 巅峰灬正点: ROG upup
[2026-02-22 03:04:18] 爱沙尼亚阳光大男孩: ROG upup
[2026-02-22 03:04:18] 奸溢的眼神: ROG upup
[2026-02-22 03:04:19] Invoker灬旭: ROG upup
[2026-02-22 03:04:19] ROBIRY: ROG upup
[2026-02-22 03:04:19] 清风染双袖: ROG upup
[2026-02-22 03:04:19] 玩刷子丶Brush: ROG upup
[2026-02-22 03:04:19] 表表哒丶: ROG upup
[2026-02-22 03:04:19] 天龙094: ROG upup
[2026-02-22 03:04:19] 石家庄的刘亦博本人: ROG upup
[2026-02-22 03:04:20] 戈伍085: ROG upup
[2026-02-22 03:04:20] 吃猪头肉筷子夹屏幕上: NIKO dropdrop
[2026-02-22 03:04:20] 过龍門头号猛男: ROG upup
[2026-02-22 03:04:20] 1IUKJ1: ROG upup
[2026-02-22 03:04:20] 阿阿阿天咯喂: ROG upup
[2026-02-22 03:04:21] DOUBL3: ROG upup
[2026-02-22 03:04:21] Toky啊: ROG upup
[2026-02-22 03:04:21] 新兰永恒: ROG upup
[2026-02-22 03:04:21] 林小卓z: ROG upup
[2026-02-22 03:04:21] 小骚猪的爸爸: ROG upup
[2026-02-22 03:04:21] sweatissue: ROG upup
[2026-02-22 03:04:22] 布拉德丶皮特: ROG upup
[2026-02-22 03:04:22] shroud本人: ROG upup
[2026-02-22 03:04:22] vvxiii: ROG upup
[2026-02-22 03:04:22] 99组的露崎真昼本人: ROG upup
[2026-02-22 03:04:25] 洛陽城里看落陽: ROG upup
[2026-02-22 03:04:25] Bryophyta: ROG upup
[2026-02-22 03:04:25] 又想起你了i: ROG upup
[2026-02-22 03:04:25] Phoenixzsc: ROG upup
[2026-02-22 03:04:25] 用户3606237177: ROG upup
[2026-02-22 03:04:25] cyding16: 🐢♂
[2026-02-22 03:04:25] 阿羞羞i: ROG upup
[2026-02-22 03:04:25] 好姐妹八幡海铃丶: 我提一嘴，ROG是蜂美厂商
[2026-02-22 03:04:25] 笠松的小栗帽本人: ROG upup
[2026-02-22 03:04:25] 神马米洛: 现在是不是1min
[2026-02-22 03:04:25] 玩丈夹脸: ROG upup
[2026-02-22 03:04:25] van艾酒: ROG upup
[2026-02-22 03:04:25] 用户4312738955: ROG UPUP
[2026-02-22 03:04:25] TrinoC: ROG upup
[2026-02-22 03:04:25] 半睡梦千sunny: ROG upup
[2026-02-22 03:04:25] 玩小锁: ROG upup
[2026-02-22 03:04:27] 沉默灬Sheath: ROG upup
[2026-02-22 03:04:27] 老婆总司: ROG upup
[2026-02-22 03:04:28] 二着先生尼古拉: ROG upup
[2026-02-22 03:04:28] 展望ll183: ROG upup
[2026-02-22 03:04:28] 喝汤的民工: ROG upup
[2026-02-22 03:04:28] ccky1624: ROG upup
[2026-02-22 03:04:28] 不2不叫韩金龙: ROG upup
[2026-02-22 03:04:28] Faze的明日香本人: ROG upup
[2026-02-22 03:04:28] 爱踢猫腻的梅西: ROG upup
[2026-02-22 03:04:28] 三箱稳定输出者: ROG upup
[2026-02-22 03:04:28] 杂批杨么么哒: ROG upup
[2026-02-22 03:04:29] 葛记红焖没有老城好吃: ROG upup
[2026-02-22 03:04:29] 熔岩巨兽高松灯: ROG upup
[2026-02-22 03:04:29] 花也烂漫: ROG upup
[2026-02-22 03:04:29] KYJunr: 炼金
[2026-02-22 03:04:29] 麦麦脆汁鸡腿堡: ROG upup
[2026-02-22 03:04:29] 法尼丶瓦伦泰D4C: ROG upup
[2026-02-22 03:04:29] 黄太公丶: ROG upup
[2026-02-22 03:04:29] VorTexia: ROG upup
[2026-02-22 03:04:29] 老阿靖: 玩 出，我双倍呢？😡😡玩 出，我双倍呢？😡😡玩 出，我双倍呢？😡😡玩 出，我双倍呢？😡
[2026-02-22 03:04:30] 昌岗陈坤: ROG upup
[2026-02-22 03:04:30] 你好像没洗头: ROG upup
[2026-02-22 03:04:30] 玩大人的侧道单车: ROG upup
[2026-02-22 03:04:30] 忽孝山庄: ROG upup
[2026-02-22 03:04:30] powerwer: 抓娃娃
[2026-02-22 03:04:30] 久遠寺有珠Alice: 布罗利 upup
[2026-02-22 03:04:31] 杏仁小面包: ROG upup
[2026-02-22 03:04:31] 绵羊骑士zzzz: ROG upup
[2026-02-22 03:04:31] 方小洲: ROG upup
[2026-02-22 03:04:31] 三角初华世界第一美: ROG upup
[2026-02-22 03:04:31] 咖喱辣椒丶: ROG upup
[2026-02-22 03:04:31] 爱斯忑音音: 主播同款（还没拿到）
[2026-02-22 03:04:31] Xlin09: ROG upup
[2026-02-22 03:04:31] MoYhy33: ROG upup
[2026-02-22 03:04:32] 4ever-: ROG upup
[2026-02-22 03:04:32] 虹薼: ROG upup
[2026-02-22 03:04:32] Q1ed7f9c85b3bc7571: ROG upup
[2026-02-22 03:04:32] 说得道理: ROG upup
[2026-02-22 03:04:32] VKG的卡莎本人: ROG upup
[2026-02-22 03:04:32] Niko粉丝: ROG upup
[2026-02-22 03:04:33] 无敌狐大王66: 布罗利 upup
[2026-02-22 03:04:33] 无聊喜欢see: ROG upup
[2026-02-22 03:04:33] 袁百事Pepsi: ROG upup
[2026-02-22 03:04:33] 缉范犀: ROG upup
[2026-02-22 03:04:33] 我我我丶好烦: ROG upup
[2026-02-22 03:04:33] 紫棋明天见: ROG upup
[2026-02-22 03:04:33] jay230231: ROG upup
[2026-02-22 03:04:33] 幺六幺零幺丶丶: ROG upup
[2026-02-22 03:04:33] 王霖羽: ROG upup
[2026-02-22 03:04:35] 把爱留在6657: ROG upup
[2026-02-22 03:04:35] U149的樱井桃华本人: ROG upup
[2026-02-22 03:04:35] QZ886: ROG upup
[2026-02-22 03:04:35] 可可爱爱爱弥斯: ROG upup
[2026-02-22 03:04:35] iiREM-: ROG upup
[2026-02-22 03:04:35] 落夜会: ROG upup
[2026-02-22 03:04:35] 叽里唔噜: ROG upup
[2026-02-22 03:04:35] 太有战术了李神: ROG upup
[2026-02-22 03:04:35] 阿道和伏见柚柚: ROG upup
[2026-02-22 03:04:35] 局限iiiiii: ROG upup
[2026-02-22 03:04:35] Demon丶DDai: ROG upup
[2026-02-22 03:04:35] 巅峰社丶西门吹雪: 我没外设用了🙌🏻😭🙌🏻😭🙌🏻😭🙌🏻😭🙌🏻😭🙌🏻😭🙌🏻
[2026-02-22 03:04:35] WWADASDAA: ROG upup
[2026-02-22 03:04:35] 泡泡鱼欧: ROG upup
[2026-02-22 03:04:35] 下次我去勾引阔佬: ROG upup
[2026-02-22 03:04:35] 九仟万少女的梦中情人: ROG upup
[2026-02-22 03:04:35] 海泳啸: ROG upup
[2026-02-22 03:04:38] Crychiccc的若叶睦本人: @布罗利：避雷ROG。
[2026-02-22 03:04:38] K1S4Ra: ROG upup
[2026-02-22 03:04:38] XANTARESfans: ROG upup
[2026-02-22 03:04:38] 云边有条小侏如: ROG upup
[2026-02-22 03:04:38] 牢大与小布丁: 布罗利 upup
[2026-02-22 03:04:38] 清风拂过call: ROG upup
[2026-02-22 03:04:38] 没事小子: ROG upup
[2026-02-22 03:04:38] 姓黄小名肥仔: @布罗利：草！拿下！那些说我不敢封的人呢？
[2026-02-22 03:04:38] 最好的小区防守者: ROG upup
[2026-02-22 03:04:38] 我要吃炸虾口牙: 私吞了
[2026-02-22 03:04:38] 太有技术了玩神: ROG upup
[2026-02-22 03:04:38] 我不是骚猪4598: ROG upup
[2026-02-22 03:04:38] 玩大人查到自贡了: 主播同款（还没拿到）
[2026-02-22 03:04:41] yzjj7: ROG upup
[2026-02-22 03:04:41] Sakura丶zuihaole: ROG upup
[2026-02-22 03:04:41] 阿松的越南供货商: ROG upup
[2026-02-22 03:04:41] 酷酷是老婆酱: ROG upup
[2026-02-22 03:04:41] xuzVan: 布罗利 upup
[2026-02-22 03:04:41] bur1n: ROG upup
[2026-02-22 03:04:41] 大大粽将军: 炼一炉炼一炉
[2026-02-22 03:04:41] 茂名水鬼: 🧹🧹🧹一键弹幕净化🧹🧹🧹
[2026-02-22 03:04:41] 用户9921747043: ROG upup
[2026-02-22 03:04:42] 秋Fc: ROG upup
[2026-02-22 03:04:42] 黄浦江大头鱼档: ROG upup
[2026-02-22 03:04:42] 春风如齐: ROG upup
[2026-02-22 03:04:42] A半生丶: ROG upup
[2026-02-22 03:04:42] Joelin00: ROG upup
[2026-02-22 03:04:42] 叛逆的源源李: 不用了，告诉rog我们恨载直播间不用蜜蜂同款。
[2026-02-22 03:04:42] 訫喛: ROG upup
[2026-02-22 03:04:42] 用户4496427612: ROG upup
[2026-02-22 03:04:42] 沉默的灰影: ROG upup
[2026-02-22 03:04:42] 缙小云: ROG upup
[2026-02-22 03:04:42] 夜昼536: ROG upup
[2026-02-22 03:04:42] miku-: ROG upup
[2026-02-22 03:04:42] 渲染那抹黎明灬: ROG upup
[2026-02-22 03:04:42] 卖二货的小蘑菇: @布罗利：避雷ROG。
[2026-02-22 03:04:42] HostageKIA: 炼一炉炼一炉
[2026-02-22 03:04:42] Cartethy1a: ROG upup
[2026-02-22 03:04:42] 仁玥霖: ROG upup
[2026-02-22 03:04:42] 法式卡神: 那我玩个蛋
[2026-02-22 03:04:42] 俺有三十公分丶: ROG upup
[2026-02-22 03:04:42] 断水流大师兄Phoenix: ROG upup
[2026-02-22 03:04:43] 马不懂丶: ROG upup
[2026-02-22 03:04:43] 不烟不酒不吃辣: ROG upup
[2026-02-22 03:04:43] ymyyo: ROG upup
[2026-02-22 03:04:43] 毒舌ferdo: ROG upup
[2026-02-22 03:04:43] 玩蛇鼠丶stabbi: 一分钟终于到了，又可以发fku wjq了
[2026-02-22 03:04:43] 另一个世界7: 60s发言，碗橱真有你的
[2026-02-22 03:04:43] 高松的灯ll: @布罗利：避雷ROG。
[2026-02-22 03:04:44] a风继续吹吧: ROG upup
[2026-02-22 03:04:44] AL丶龙炎风: @布罗利：草！拿下！那些说我不敢封的人呢？
[2026-02-22 03:04:44] Senc3: ROG upup
[2026-02-22 03:04:44] 好哥们化石恐龙肿头龙: ROG upup
[2026-02-22 03:04:44] 空有无垠: 布罗利 upup
[2026-02-22 03:04:44] LXovo丶: 吃两头啊
[2026-02-22 03:04:45] 表白小欣欣: ROG upup
[2026-02-22 03:04:45] EsusJ: 不用了，告诉rog我们恨载直播间不用蜜蜂同款。
[2026-02-22 03:04:45] 小救星小杜DuD: @布罗利：避雷ROG。
[2026-02-22 03:04:45] 时雨晴生: 炼一炉
[2026-02-22 03:04:45] 发扬风格炒菜: ROG upup
[2026-02-22 03:04:46] 凳纸0: ROG upup
[2026-02-22 03:04:46] Rivenqing: ROG upup
[2026-02-22 03:04:46] 林余暖: ROG upup
[2026-02-22 03:04:46] 起名字好麻烦啊额: ROG upup
[2026-02-22 03:04:46] crng丶灬龙星: ROG upup
[2026-02-22 03:04:46] itself: ROG upup
[2026-02-22 03:04:46] 湿宝: ROG upup
[2026-02-22 03:04:47] MISAKA10786: ROG upup
[2026-02-22 03:04:47] 在下八倍镜瞧峰: ROG upup
[2026-02-22 03:04:47] 疾风青蛙: ROG upup
[2026-02-22 03:04:47] 卡啊卡卡丶: 不用了，告诉rog我们恨载直播间不用蜜蜂同款。
[2026-02-22 03:04:50] 大梦464: 不用了，告诉rog我们恨载直播间不用蜜蜂同款。
[2026-02-22 03:04:50] 清风抚琴359: ROG upup
[2026-02-22 03:04:50] 眺哥牛逼啊: ROG upup
[2026-02-22 03:04:50] 丶丶Ken丶丶: ROG upup
[2026-02-22 03:04:50] 玩商单丶Sponsor: ROG upup
[2026-02-22 03:04:50] 名字真难起啊啊: ROG upup
[2026-02-22 03:04:50] 招牌老油条: 不用了，告诉rog我们恨载直播间不用蜜蜂同款
[2026-02-22 03:04:50] 初心在吗: ROG upup
[2026-02-22 03:04:50] 夏恋: 主播同款（还未搞到）
[2026-02-22 03:04:50] 机器的稿完: ROG upup
[2026-02-22 03:04:50] o大黄不吃鱼o: ROG upup
[2026-02-22 03:04:50] 玩出给你一拳: ROG upup
[2026-02-22 03:04:50] 好哥们汉阳造: 一年内拿两个major，MVP至少五个
[2026-02-22 03:04:50] 专看玩机器的号: 考
[2026-02-22 03:04:50] 丨八千里云和月丨: ROG upup
[2026-02-22 03:04:50] 西式快餐原材料供应: ROG upup
[2026-02-22 03:04:53] Youenn: ROG upup
[2026-02-22 03:04:53] Abc丶Ss: ROG upup
[2026-02-22 03:04:53] 暴力卓司: 布罗利 upuo
[2026-02-22 03:04:53] Jess2: 不用了，告诉rog我们恨载直播间不用蜜蜂同款。
[2026-02-22 03:04:53] 希望喂惡鬼: @布罗利：避雷ROG。
[2026-02-22 03:04:53] 夜见胧: ROG upup
[2026-02-22 03:04:53] 开朗若叶睦: @布罗利：避雷ROG。
[2026-02-22 03:04:53] Haunteb: ROG upup
[2026-02-22 03:04:53] 蜚語丶: ROG upup
[2026-02-22 03:04:55] 请把QB还给我: ROG upup
[2026-02-22 03:04:55] 一诚Ccc: ROG upup
[2026-02-22 03:04:55] 偷哦嘘鞭贷拔: ROG upup
[2026-02-22 03:04:55] 北徐: ROG upup
[2026-02-22 03:04:55] 玩学生丶BlueArchive: 我不是开了三十级屏蔽吗？为什么弹幕还有这么多数字……😱😱😱
[2026-02-22 03:04:55] 小白白狗: ROG upup
[2026-02-22 03:04:55] 云间月丶: ROG upup
[2026-02-22 03:04:55] lzkkuan: ROG upup
[2026-02-22 03:04:55] Poi丶Melody: ROG upup
[2026-02-22 03:04:55] 椎名真白ii丶: 不用了，告诉rog我们恨载直播间不用蜜蜂同款。
[2026-02-22 03:04:55] 火猫一哥亦博易勃: @布罗利：避雷ROG。
[2026-02-22 03:04:55] 三零一路公交司机: ROG upup
[2026-02-22 03:04:55] 我要去东北抓狍几: ROG upup
[2026-02-22 03:04:55] 纪川6657: 被禁言了喵
[2026-02-22 03:04:55] 木子李ace: ROG upup
[2026-02-22 03:04:55] 羽川翼的恋爱物语: ROG upup
[2026-02-22 03:04:55] 李小小与虾大大: ROG upup
[2026-02-22 03:04:55] Hitagi蟹蟹: @布罗利：避雷ROG。
[2026-02-22 03:04:55] 独醉空楼月似霰: ROG upup
[2026-02-22 03:04:55] Ecifircas: 不用了，告诉rog我们恨载直播间不用蜜蜂同款。
[2026-02-22 03:04:55] 我心则夷123: ROG upup
[2026-02-22 03:04:58] 本人名为冷酷: ROG upup
[2026-02-22 03:04:58] NicolaiReedtz666: @布罗利：避雷ROG。
[2026-02-22 03:04:58] 名为射的男人: ROG upup
[2026-02-22 03:04:58] MarioWorld: ROG upup
[2026-02-22 03:04:58] 今天凑崎纱夏喝假酒了: ROG upup
[2026-02-22 03:04:58] 带玩弟玩弟弟: ROG upup
[2026-02-22 03:04:58] 睡不醒的羊ovo: ROG upup
[2026-02-22 03:04:58] 春风渡无眠: ROG upup
[2026-02-22 03:04:58] 我梦庄周: ROG upup
[2026-02-22 03:04:58] 王师傅是狗: 那还玩个蛋啊
[2026-02-22 03:04:58] 你是来拉s的吗: ROG ququ
[2026-02-22 03:04:58] 改名白piao中奖: ROG upup
[2026-02-22 03:04:58] 醉生梦死的晴天伞: ROG upup
[2026-02-22 03:04:58] 好哥们宇智波鼬: ROG upup
[2026-02-22 03:04:58] 好姐妹芙卡洛斯: 还有人送飞机啊 NB..
[2026-02-22 03:04:58] 李安鹿: ROG upup
[2026-02-22 03:05:00] zmzhzmq: 不用了，告诉rog我们恨载直播间不用蜜蜂同款。
[2026-02-22 03:05:00] 潮打空城寂寞回丿: ROG upup
[2026-02-22 03:05:00] 喜当爹的高富帅: 给最恨的战队做商单，机器你的内心一定很痛苦吧
[2026-02-22 03:05:00] XbOvO: ROG upup
[2026-02-22 03:05:00] 空白Zzz丶: ROG upup
[2026-02-22 03:05:00] 简单958306: ROG upup
[2026-02-22 03:05:00] 张元瑛是柳智珉坐骑: ROG upup
[2026-02-22 03:05:00] BOYPaxson: ROG
[2026-02-22 03:05:00] 海绵宝宝打野儿: @布罗利：ROG upup
[2026-02-22 03:05:00] 成成成ii: ROG upup
[2026-02-22 03:05:00] MeIoN39: 不用了，告诉rog我们恨载直播间不用蜜蜂同款。
[2026-02-22 03:05:00] WalkinglDead: @布罗利：避雷ROG。
[2026-02-22 03:05:00] 东雪莲奇遇记: ROG upup
[2026-02-22 03:05:03] 线魚: 布罗利把这个ROG封一下
[2026-02-22 03:05:03] 改名亿定能中大奖: ROG upup
[2026-02-22 03:05:03] 六口瓶子嗨翻全场: ROG upup
[2026-02-22 03:05:03] 网友小滴: 不用了，告诉rog我们恨载直播间不用蜜蜂同款。
[2026-02-22 03:05:03] 亚历克斯Ming: 不用了，告诉rog我们恨载直播间不用蜜蜂同款。
[2026-02-22 03:05:03] 咖喱派GLP: ROG upup
[2026-02-22 03:05:03] 仰望星空35812: 炼一炉
[2026-02-22 03:05:03] 水水呵呵呵: ROG upup
[2026-02-22 03:05:03] 牛易勃的父亲牛浓: ROG upup
[2026-02-22 03:05:03] S1natra: ROG upup
[2026-02-22 03:05:03] 类人极限Jacklove: 主播同款原来主播自己也没有吗？
[2026-02-22 03:05:03] 御坂Y: ROG upup
[2026-02-22 03:05:03] 三千世界鸦杀尽彡: ROG upup
[2026-02-22 03:05:03] 玩猴爪丶MonkeyPaw: 不用了，告诉rog我们恨载直播间不用蜜蜂同款。
[2026-02-22 03:05:06] 游荡的小病毒zZ: ROG upup
[2026-02-22 03:05:06] 嘿嘿嘿491105: ROG upup
[2026-02-22 03:05:06] 月读的月见八千代本人: ROG upup
[2026-02-22 03:05:06] 北宇治拳王久石奏: 厂商糯了
[2026-02-22 03:05:06] 海绵宝宝农批儿: 不用了，告诉rog我们恨载直播间不用蜜蜂同款。
[2026-02-22 03:05:06] 尘釁: 6
[2026-02-22 03:05:06] bxfor: ROG upup
[2026-02-22 03:05:06] 网友盆栽: ROG upup
[2026-02-22 03:05:06] SchUmiFan4eVeR: ROG upup.
[2026-02-22 03:05:06] 甘織玲奈子: ROG upup
[2026-02-22 03:05:06] 南充帅哥: ROG upup
[2026-02-22 03:05:06] 我刘坤是秃头: ROG upup
[2026-02-22 03:05:06] 桐ca: ROG upup
[2026-02-22 03:05:06] 千早爱音desu: ROG upup
[2026-02-22 03:05:06] Star薛晨: ROG upup
[2026-02-22 03:05:06] 王龟: ROG upup
[2026-02-22 03:05:06] 丰川祥子口三角初华: 布罗利把这个ROG封一下
[2026-02-22 03:05:06] 玩柜子丶Mortis: 不用了，告诉rog我们恨载直播间不用蜜蜂同款。ですわ
[2026-02-22 03:05:06] 玩神的欢喜好有嚼劲: 布罗利把这个ROG封一下
[2026-02-22 03:05:06] 用户144491677: 不用了，告诉rog我们恨载直播间不用蜜蜂同款。
[2026-02-22 03:05:06] ToosakaRInn: ROG upup
[2026-02-22 03:05:06] SuperP681: 不用了，告诉rog我们恨载直播间不用蜜蜂同款。
[2026-02-22 03:05:06] 奶味蓝121: @布罗利：避雷ROG。
[2026-02-22 03:05:07] TuscanLeather: ROG upup
[2026-02-22 03:05:08] 风铃幽幽: 不用了，告诉rog我们恨载直播间不用蜜蜂同款。
[2026-02-22 03:05:08] 万人叩首喊钺王: ROG upup
[2026-02-22 03:05:08] 法兰西甜心番薯: ROG upup
[2026-02-22 03:05:08] aswillhunting: ROG upup
[2026-02-22 03:05:08] 重返30岁的zywoo: ROG upup
[2026-02-22 03:05:08] 极夜之辰: ROG upup
[2026-02-22 03:05:10] 久远寺有珠、: 不用了，告诉rog我们恨载直播间不用蜜蜂同款。
[2026-02-22 03:05:10] 逃离灰色地带: 不用了，告诉rog我们恨载直播间不用蜜蜂同款。
[2026-02-22 03:05:10] 就这次我不服: ROG upup
[2026-02-22 03:05:10] 高颂特灯灯: ROG upup
[2026-02-22 03:05:10] 恶霸周熊: ROG upup
[2026-02-22 03:05:10] 玩机器厦面鄙骰大: ROG upup
[2026-02-22 03:05:10] 爆爆爆开爆: 不用了，告诉rog我们恨载直播间不用蜜蜂同款。
[2026-02-22 03:05:10] 99Explorer: ROG upup
[2026-02-22 03:05:10] 宫监手放监: ROG真是圣人，在这个节骨眼赞助玩÷让他登不了山还得嗯吹他最恨的载物👍
[2026-02-22 03:05:10] 岚东: 不用了，告诉rog我们恨载直播间不用蜜蜂同款。
[2026-02-22 03:05:10] PythonJavaC: ROG upup
[2026-02-22 03:05:10] 天生渔家小李: 主播同款原来主播自己也没有吗？
[2026-02-22 03:05:10] 好兄弟玩机器马信: 不用了，告诉rog我们恨载直播间不用蜜蜂同款。
[2026-02-22 03:05:10] 花花不可愛: ROG upup
[2026-02-22 03:05:10] 罗裙摇曳: 不用了，告诉rog我们恨载直播间不用蜜蜂同款。
[2026-02-22 03:05:11] chen9026: ROG upup
[2026-02-22 03:05:12] IF的灰爱音本人: 布罗利把这个ROG封一下
[2026-02-22 03:05:12] Glew6: ROG upup
[2026-02-22 03:05:12] 皇马卧底巴托梅乌: ROG upup.
[2026-02-22 03:05:12] 薙闇懜: 我能说话了?
[2026-02-22 03:05:12] 你好NYC: ROG upup
[2026-02-22 03:05:12] 無痕70667: ROG upup
[2026-02-22 03:05:12] 穷哥们一起杀刀蛆: 不用了，告诉rog我们恨载直播间不用蜜蜂同款。
[2026-02-22 03:05:12] 所以我又晕了: 不用了，告诉rog我们恨载直播间不用蜜蜂同款。ですわ
[2026-02-22 03:05:12] 少女与狗丶丶: ROG upup
[2026-02-22 03:05:12] 锤爆魔丸一百次: ROG upup
[2026-02-22 03:05:12] 多喝热水9点睡: ROG upup
[2026-02-22 03:05:12] 人中黄阿西乐: 不用了，告诉rog我们恨载直播间不用蜜蜂同款。ですわ
[2026-02-22 03:05:12] Wh1vex: ROG upup
[2026-02-22 03:05:12] 菅原圭: ROG upup
[2026-02-22 03:05:15] 菠萝王111: 不用了，告诉rog我们恨载直播间不用蜜蜂同款。ですわ
[2026-02-22 03:05:15] 饭二的杰神: ROG upup
[2026-02-22 03:05:15] 身怀绝症: ROG upup
[2026-02-22 03:05:15] 只给强者送礼物: ROG upup
[2026-02-22 03:05:15] 光源kakkoii: ROG upup
[2026-02-22 03:05:15] hhhproX: ROG upup
[2026-02-22 03:05:15] m1o01n: ROG upup
[2026-02-22 03:05:15] 残枫丶Map1e: ROG upup
[2026-02-22 03:05:15] Mortnotz: 不用了，告诉rog我们恨载直播间不用蜜蜂同款。
[2026-02-22 03:05:15] 用户594678086: ROG upup
[2026-02-22 03:05:15] Dushno1: ROG upup
[2026-02-22 03:05:15] 无可救药的杀手: ROG upup
[2026-02-22 03:05:15] 泥城: ROG upup
[2026-02-22 03:05:15] 殇10876: ROG upup
[2026-02-22 03:05:15] mfbyj: ROG upup
[2026-02-22 03:05:17] 低能贵物旅店: ROG upup
[2026-02-22 03:05:17] 大肉鲁: ROG upup
[2026-02-22 03:05:17] 櫻庭瑠莉: ROG upup
[2026-02-22 03:05:17] 哈密瓜HaMiGua: 炼一炉
[2026-02-22 03:05:17] 冬冬宝宝1314: ROG upup
[2026-02-22 03:05:17] sscyz: 不用了，告诉rog我们恨载直播间不用蜜蜂同款。
[2026-02-22 03:05:17] Zxj1ing: 不用了，告诉rog我们恨载直播间不用蜜蜂同款。
[2026-02-22 03:05:17] 这是一杯冰阔落: ROG upup
[2026-02-22 03:05:17] 無茶苦茶0: 大家别去完美搜不喝酒亚威啊，那个人不是布罗利
[2026-02-22 03:05:17] him0315: 不用了，告诉rog我们恨载直播间不用蜜蜂同款。
[2026-02-22 03:05:17] 99组的爱城华恋本人: 不用了，告诉rog我们恨载直播间不用蜜蜂同款。ですわ
[2026-02-22 03:05:17] 纸漓: 不用了，告诉rog我们恨载直播间不用蜜蜂同款。
[2026-02-22 03:05:17] 澄澈冫: ROG真是圣人，在这个节骨眼赞助玩÷让他登不了山还得嗯吹他最恨的载物👍
[2026-02-22 03:05:17] CryLic: 不用了，告诉rog我们恨载直播间不用蜜蜂同款。
[2026-02-22 03:05:18] himluo: ROG upup
[2026-02-22 03:05:18] 大裂谷的登山家: 不用了，告诉rog我们恨载直播间不用蜜蜂同款。
[2026-02-22 03:05:18] 可以中奖但没必要030: ROG upup
[2026-02-22 03:05:18] 埃瑞达尔: ROG upup
[2026-02-22 03:05:18] 零时迷子的密斯提斯: ROG upup
[2026-02-22 03:05:18] 丶小恐龙丶: 布罗利upup
[2026-02-22 03:05:18] YuL1NG2i9: 不用了，告诉rog我们恨载直播间不用蜜蜂同款。
[2026-02-22 03:05:19] 查理橙: ROG upup
[2026-02-22 03:05:19] 为什么要输: ROG upup
[2026-02-22 03:05:19] A队斯宕假碧怎么没上: ROG upup
[2026-02-22 03:05:19] 木空空空空空: 炼一炉
[2026-02-22 03:05:19] 遠坂家的衛宮士郎本人: ROG upup
[2026-02-22 03:05:20] 红魔馆的蕾米莉亚本人: ROG upup
[2026-02-22 03:05:20] PacificationX: ROG upup
[2026-02-22 03:05:20] 烨无觉: ROG upupROG upup
[2026-02-22 03:05:20] 74751的帅比萧寒: ROG upup
[2026-02-22 03:05:20] 鳖兔互娱丶缘城: ROG upup
[2026-02-22 03:05:20] 你不能让我注册就注册: ROG upup
[2026-02-22 03:05:20] upup的玩小将: ROG upup
[2026-02-22 03:05:20] 扣1复活玩机器丶Machine: ROG upup
[2026-02-22 03:05:20] AiLuoLi1413: 不用了，告诉rog我们恨载直播间不用蜜蜂同款。
[2026-02-22 03:05:21] Fade丶格朗: ROG upup
[2026-02-22 03:05:21] 二次元是我的家人們: ROG upup
[2026-02-22 03:05:21] Ephemerality137: 不用了，告诉rog我们恨载直播间不用蜜蜂同款。
[2026-02-22 03:05:21] Wangzap: 鲍！鲍！鲍！鲍！鲍！鲍！鲍！鲍！鲍！鲍！鲍！鲍！鲍！鲍！
[2026-02-22 03:05:21] 虾仁海参荆芥: ROG upup
[2026-02-22 03:05:22] ANCHO2: ROG upup
[2026-02-22 03:05:22] 雪碧的Donk本人: ROG upup
[2026-02-22 03:05:22] LvvsiN: 弹幕也就网上说说，现实里谁不觉得樱姐是好女孩（删括号领一条远坂凛同款鸟笼）
[2026-02-22 03:05:22] 一血五牌神将: ROG upup
[2026-02-22 03:05:22] 丶StayGold: ROG upup
[2026-02-22 03:05:23] 21saysay: ROG upup
[2026-02-22 03:05:23] 吊人日子不过了: 不用了，告诉rog我们恨载直播间不用蜜蜂同款。ですわ
[2026-02-22 03:05:23] 哈士奇你在哪: ROG upup
[2026-02-22 03:05:23] 辣薄荷Lapohre: ROG upup
[2026-02-22 03:05:23] 精神病狼: 不用了，告诉rog我们恨载直播间不用蜜蜂同款。
[2026-02-22 03:05:23] 玩小鸟的南机器本人: ROG upup
[2026-02-22 03:05:23] 阿库娅丶: ROG upup
[2026-02-22 03:05:23] 压缩vs蛮晚: ROG upup
[2026-02-22 03:05:23] 枫溪南封: ROG upup
[2026-02-22 03:05:23] 楯山文乃厨: ROG upup
[2026-02-22 03:05:24] 冇酒冇故事丶: ROG upup
[2026-02-22 03:05:24] 阿羞羞i: ROG upup
[2026-02-22 03:05:24] 洛陽城里看落陽: ROG upup
[2026-02-22 03:05:24] Mycccc626: ROG upup
[2026-02-22 03:05:24] 余裕48623: ROG upup
[2026-02-22 03:05:24] 某天别梦: 左边挂着主播同款结果主播没拿到，在直播间主播还要说多少违心话
[2026-02-22 03:05:25] As65647: ROG upup
[2026-02-22 03:05:25] Shatter666: @玩机器：草！布罗利配封啊！
[2026-02-22 03:05:25] 叫我阿布秋就好了: ROG upup
[2026-02-22 03:05:25] 用户3606237177: 抓娃娃
[2026-02-22 03:05:25] ST骑士: 我玩你的艾慕
[2026-02-22 03:05:25] 子方虫581: ROG upup
[2026-02-22 03:05:25] 格拉利什: ROG upup
[2026-02-22 03:05:26] 咩力羊: ROG upup
[2026-02-22 03:05:26] loverboy888: ROG upup
[2026-02-22 03:05:26] 久远寺有珠alice最可爱: ROG upup
[2026-02-22 03:05:26] AmaoriRenako: ROG upup
[2026-02-22 03:05:26] PureChAoss: ROG upup
[2026-02-22 03:05:26] 你是shapi: ROG upup
[2026-02-22 03:05:26] qzhwxj: ROG upup
[2026-02-22 03:05:26] crr阳阳: ROG upup
[2026-02-22 03:05:26] 極乄InFi灬無: ROG upup
[2026-02-22 03:05:27] 卧槽你的玩机器: ROG upup
[2026-02-22 03:05:27] 八海小黄鱼: ROG upup
[2026-02-22 03:05:27] 在空中漂浮: ROG upup
[2026-02-22 03:05:28] 无泪清心: ROG upup
[2026-02-22 03:05:28] 改名求奖命中: ROG upup
[2026-02-22 03:05:28] 求老仙奶贾碧不死: 布 罗 利 upup
[2026-02-22 03:05:28] cyding16: 不用了，告诉rog我们恨载直播间不用蜜蜂同款。
[2026-02-22 03:05:29] Alonehyg: ROG upup
[2026-02-22 03:05:29] 黄太公丶: 罗格不是圣人吗？？
[2026-02-22 03:05:29] II小公举II: ROG upup
[2026-02-22 03:05:29] 爱丽速子的小白鼠: ROG upup
[2026-02-22 03:05:29] 网瘾少年诺里斯: ROG upup
[2026-02-22 03:05:30] 敲凶的: ROG upup
[2026-02-22 03:05:30] C9的玩机器马信本人: ROG upup
[2026-02-22 03:05:30] mygo大道东: ROG upup
[2026-02-22 03:05:30] 刘旭的跌: ROG upup
[2026-02-22 03:05:30] ScottQ: ROG upup
[2026-02-22 03:05:30] 见谅z: ROG upup
[2026-02-22 03:05:31] Doinb我要隔扣你: ROG upup
[2026-02-22 03:05:31] Varanid: ROG upup
[2026-02-22 03:05:31] i化石-: ROG upup
[2026-02-22 03:05:31] 老阿靖: 大家别去完美搜不喝酒亚威啊，那个人不是布罗利
[2026-02-22 03:05:31] xxx小小苏: ROG upup
[2026-02-22 03:05:32] NiceTry冬瓜强: ROG upup
[2026-02-22 03:05:32] 彩虹的风铃: ROG upup
[2026-02-22 03:05:32] 硫磺祥: 喜欢终末地的管理员们又来看塔卫二的小猪干员刘亦博啦🥰🥰🥰🥰🥰
[2026-02-22 03:05:32] 妈妈省的锐克five: 加仓一仓库假黑蛋的布罗利先生在吗
[2026-02-22 03:05:32] 四凉闻花: ROG upup
[2026-02-22 03:05:33] 从零开始的加拿大肄业: 不用了，告诉rog我们恨载直播间不用蜜蜂同款。ですわ
[2026-02-22 03:05:33] HXCHYH: ROG upup
[2026-02-22 03:05:33] 鹤岛乃爱566: ROG upup
[2026-02-22 03:05:33] 恺悌君子能几醉: ROG upup
[2026-02-22 03:05:33] 想要成为人类: ROG upup
[2026-02-22 03:05:34] xiaoshuazi: 爆
[2026-02-22 03:05:34] 星火燎原534: ROG upup
[2026-02-22 03:05:34] Nihilism丶: ROG upup
[2026-02-22 03:05:34] 冷淡乀: ROG upup
[2026-02-22 03:05:34] 白塔11341: ROG upup
[2026-02-22 03:05:34] 使劲吃使劲吃: ROG upup
[2026-02-22 03:05:34] 玛格纳斯的鸡脚: ROG upup
[2026-02-22 03:05:35] HooLyDA: ROG upup
[2026-02-22 03:05:35] 三秩: ROG upup
[2026-02-22 03:05:35] 宫原雪岳: 不用了，告诉rog我们恨载直播间不用蜜蜂同款。
[2026-02-22 03:05:35] 北部第一玄驹: ROG upup
[2026-02-22 03:05:35] 叶琉羽: ROG upup
[2026-02-22 03:05:35] 袁百事Pepsi: ROG upup
[2026-02-22 03:05:36] zxf20061: ROG upup
[2026-02-22 03:05:36] 手中刀丶夺人魂: ROG upup
[2026-02-22 03:05:36] 用户3109512988: ROG upup
[2026-02-22 03:05:36] Eori1en: ROG upup
[2026-02-22 03:05:36] 奇妙之裤: ROG upup
[2026-02-22 03:05:36] 用户4312738955: ROG upup
[2026-02-22 03:05:37] xkc1995: ROG upup
[2026-02-22 03:05:37] 嗆口金針菇: ROG upup
[2026-02-22 03:05:37] LZF小凡: ROG upup
[2026-02-22 03:05:37] ZltanIbra: ROG upup
[2026-02-22 03:05:37] 时间就是深海咸鱼: 小蜜蜂真是一个好队伍，不仅不收🎁还给大伙送外设🥰
[2026-02-22 03:05:37] DhsYanyi: ROG upup
[2026-02-22 03:05:37] 蛐蛐鸭: ROG upup
[2026-02-22 03:05:38] 灵梦啊灵梦: ROG upup
[2026-02-22 03:05:38] 2442861055: ROG upup
[2026-02-22 03:05:38] 有丶事: ROG upup
[2026-02-22 03:05:38] EraLion: ROG upup
[2026-02-22 03:05:38] 无果y丶: ROG upup
[2026-02-22 03:05:38] Gverense: 大家别去完美搜不喝酒亚威啊，那个人不是布罗利
[2026-02-22 03:05:38] 子晓QaQ: ROG upup
[2026-02-22 03:05:39] 昌岗陈坤: ROG upup
[2026-02-22 03:05:39] 小鲸鱼雨鱼: ROG upup
[2026-02-22 03:05:39] zyz23: ROG upup
[2026-02-22 03:05:39] Crych1c的若叶睦本人: ROG真是圣人，在这个节骨眼赞助玩÷让他登不了山还得嗯吹他最恨的载物👍
[2026-02-22 03:05:39] 很正经的昵称: ROG upup
[2026-02-22 03:05:39] 957vsV: ROG upup
[2026-02-22 03:05:40] naifen123: ROG upup
[2026-02-22 03:05:40] 玩小鸟丶Kotori: ROG upup
[2026-02-22 03:05:40] 蛋盖: ROG upup
[2026-02-22 03:05:40] ZR4CY極: ROG upup
[2026-02-22 03:05:40] 杜丶洛瓦: ROG upup
[2026-02-22 03:05:40] 朝屿飞花溯念: ROG upup
[2026-02-22 03:05:41] 叾蠹: ROG upup
[2026-02-22 03:05:41] 天才选手Br: ROG upup
[2026-02-22 03:05:41] 没办法就这样: ROG upup
[2026-02-22 03:05:41] 帆丶e: ROG upup
[2026-02-22 03:05:42] 君眉目亦如画: ROG upup
[2026-02-22 03:05:42] 渭城有雨: ROG upup
[2026-02-22 03:05:42] xieri: ROG upup
[2026-02-22 03:05:42] 我想玩小蜜蜂: ROG upup
[2026-02-22 03:05:42] 284417893: ROG upup
[2026-02-22 03:05:42] Mahuyu: 不用了，告诉rog我们恨载直播间不用蜜蜂同款。ですわ
[2026-02-22 03:05:42] 两仪丶未央: ROG upup
[2026-02-22 03:05:42] chostelove: ROG upup
[2026-02-22 03:05:43] 迈迈迈尔斯: ROG upup
[2026-02-22 03:05:43] YuzuharaYuka: ROG upup
[2026-02-22 03:05:43] 春风如齐: 中了键盘我不要能给载大哥发一个44分钟道歉视频吗？
[2026-02-22 03:05:45] 一大只愚犬: ROG upup
[2026-02-22 03:05:45] 三明治快想想办法: ROG upup
[2026-02-22 03:05:45] 萌萌哒东酱: ROG upup
[2026-02-22 03:05:45] 玩黑豹FURIA: ROG upup
[2026-02-22 03:05:45] 我必须立刻睡觉: ROG upup
[2026-02-22 03:05:45] 装死高手: ROG upup
[2026-02-22 03:05:45] 星海羽弦: 大家别去完美搜不喝酒亚威啊，那个人不是布罗利
[2026-02-22 03:05:45] OG的degster本人: ROG upup
[2026-02-22 03:05:45] MingKit1022: ROG upup
[2026-02-22 03:05:45] 就要摆烂捏: ROG upup
[2026-02-22 03:05:45] 用户61702167: ROG upup
[2026-02-22 03:05:47] 小奶狗149: ROG upup
[2026-02-22 03:05:48] 不变的追求717: 不用了，告诉rog我们恨载直播间不用蜜蜂同款。ですわ
[2026-02-22 03:05:48] 我是隔壁老王我好累: ROG upup
[2026-02-22 03:05:48] 呼呼呼hhh: ROG upup
[2026-02-22 03:05:48] 玩machine丶机器: @永爱我尼：雷蛇 upup
[2026-02-22 03:05:48] 关我汤姆什么事: ROG upup
[2026-02-22 03:05:48] ikun不惹事也不怕事捏: 抓娃娃
[2026-02-22 03:05:48] 有你便是世界1: ROG真是圣人，在这个节骨眼赞助玩÷让他登不了山还得嗯吹他最恨的载物👍
[2026-02-22 03:05:48] 迪亚波罗d: ROG upup
[2026-02-22 03:05:48] 好哥们黑龙歼灭刀: 这布罗利导货都导不明白吗，买一仓库rmr黑蛋......
[2026-02-22 03:05:48] 暗月舞魂殇: ROG upup
[2026-02-22 03:05:48] 忆梦少年事: ROG upup
[2026-02-22 03:05:48] JamesXu123: ROG upup
[2026-02-22 03:05:48] 五五开的鸡儿锤: ROG upup
[2026-02-22 03:05:48] 米其林艺术家: 哈哈哈
[2026-02-22 03:05:48] 嗣魑魅魍魉嗣: 不用了，告诉rog我们恨载直播间不用蜜蜂同款。ですわ
[2026-02-22 03:05:48] 小月酿: ROG upup
[2026-02-22 03:05:48] 顺风AME逆风AMS: ROG upup
[2026-02-22 03:05:48] 斗斗123呵呵: ROG upup
[2026-02-22 03:05:48] 艾利索Alesso丶: ROG upup
[2026-02-22 03:05:49] 一顿一只牛: ROG upup
[2026-02-22 03:05:49] 鸽佬kartoloTG: ROG upup
[2026-02-22 03:05:49] 石家庄的张电信本人: ROG upup
[2026-02-22 03:05:50] 大大大大丸子汉堡: ROG upup
[2026-02-22 03:05:50] 局限iiiiii: ROG upup
[2026-02-22 03:05:50] 呵呵呵主播好帅: ROG upup
[2026-02-22 03:05:50] 番茄owo: ROG upup
[2026-02-22 03:05:50] 74751的帅比萧寒: ROG upup
[2026-02-22 03:05:50] 夜染: ROG upup
[2026-02-22 03:05:51] 松岛菜菜包: ROG upup
[2026-02-22 03:05:51] 虾哥本人: ROG upup
[2026-02-22 03:05:51] hahahahahek: ROG upup
[2026-02-22 03:05:51] 西式快餐原材料供应: ROG upup
[2026-02-22 03:05:51] ITAZURRA: ROG upup
[2026-02-22 03:05:51] 一纸青葱淡流年丶: ROG upup
[2026-02-22 03:05:51] 一顿干八碗饭: ROG upup
[2026-02-22 03:05:51] 随风而逝1: ROG upup
[2026-02-22 03:05:51] 2596340735: ROG upup
[2026-02-22 03:05:51] KatoM3gum1: 不用了，告诉rog我们恨载直播间不用蜜蜂同款。ですわ
[2026-02-22 03:05:52] 玩大人查到自贡了: 不用了，告诉rog我们恨载直播间不用蜜蜂同款。ですわ
[2026-02-22 03:05:52] 超高校级的Game玩家: ROG upup
[2026-02-22 03:05:52] legendaryCR7: ROG upup
[2026-02-22 03:05:52] 左蛋奴右一库: 布罗利：ROG ban ban
[2026-02-22 03:05:52] Wangzap: 不炼金？
[2026-02-22 03:05:52] 玩小锁: ROG upup
[2026-02-22 03:05:52] 玩商单丶Sponsor: 小蜜蜂真是一个好队伍，不仅不收🎁还给大伙送外设🥰 @大王的小蜜蜂：大家别去完美搜不喝酒亚威啊，那
[2026-02-22 03:05:52] 余生一个沙丽莹: ROG upup
[2026-02-22 03:05:52] 南燕swallow: ROG upup
[2026-02-22 03:05:53] 岁岁慎风波: ROG upup
[2026-02-22 03:05:53] 三好怪兽: ROG upup
[2026-02-22 03:05:53] PLZca11meN00b: 不用了，告诉rog我们恨载直播间不用蜜蜂同款。ですわ
[2026-02-22 03:05:53] 两仪两仪织: ROG upup
[2026-02-22 03:05:54] 德布劳累: ROG upup
[2026-02-22 03:05:54] 看死Herbaut就杀了你: ROG upup
[2026-02-22 03:05:54] 金贸运验: ROG upup
[2026-02-22 03:05:54] 唯我剑歌: ROG upup
[2026-02-22 03:05:54] MahiruO: ROG upup
[2026-02-22 03:05:54] 森见一叶: ROG upup
[2026-02-22 03:05:54] 叛逆的源源李: ROG真是圣人，在这个节骨眼赞助玩÷让他登不了山还得嗯吹他最恨的载物👍
[2026-02-22 03:05:54] 烨无觉: ROG upup
[2026-02-22 03:05:55] 迪奥爆了: ROG upup
[2026-02-22 03:05:55] 冷静认真专注的三文鱼: ROG upup
[2026-02-22 03:05:55] Treacy: ROG upup
[2026-02-22 03:05:55] qqqqqqqprime: ROG upup
[2026-02-22 03:05:55] 给15岁的自己: ROG upup
[2026-02-22 03:05:55] MontageC: 　　　 ROG upup
[2026-02-22 03:05:56] 狗和玫瑰: ROG upup
[2026-02-22 03:05:56] 海楼111: ROG upup
[2026-02-22 03:05:57] 大绅士喵了个咪: ROG upup
[2026-02-22 03:05:57] 红厂执行官苏姿丰: 影魔
[2026-02-22 03:05:57] 洞主的大爹爹: ROG upup
[2026-02-22 03:05:57] HeartUnderB1ade: ROG upup
[2026-02-22 03:05:57] Micck: ROG upup
[2026-02-22 03:05:57] 玩宝宝注意身体: ROG upup
[2026-02-22 03:05:57] KujoJolyne: 强哥有
[2026-02-22 03:05:57] 明妹的酸奶: ROG upup
[2026-02-22 03:05:58] 绿色的肠道: ROG upup
[2026-02-22 03:05:58] 猫猫从不喵: ROG upup
[2026-02-22 03:05:58] 脱了缰的马大爷: ROG upup
[2026-02-22 03:06:00] 拔作岛的糺jiu川礼本人: ROG upup
[2026-02-22 03:06:00] RAS的佐藤益木本人: ROG upup
[2026-02-22 03:06:00] 韩华的Zeus本人: 冰
[2026-02-22 03:06:00] 攷拉fast: ROG upup
[2026-02-22 03:06:00] Hitagi蟹蟹: 不用了，告诉rog我们恨载直播间不用蜜蜂同款。ですわ
[2026-02-22 03:06:00] 南条幸: ROG upup
[2026-02-22 03:06:00] 玩玩玩玩的玩玩: ROG upup
[2026-02-22 03:06:00] Lo0oser: 影魔
[2026-02-22 03:06:00] zmzhzmq: ROG upup
[2026-02-22 03:06:00] XB971081: ROG upup
[2026-02-22 03:06:00] 时光浅清I许你心安: ROG upup
[2026-02-22 03:06:00] 玖歌233XD: 影魔
[2026-02-22 03:06:00] 瓦魚: ROG upup
[2026-02-22 03:06:02] 希望喂惡鬼: 不用了，告诉rog我们恨载直播间不用蜜蜂同款。ですわ
[2026-02-22 03:06:02] 没有真名233: 不用了，告诉rog我们恨载直播间不用蜜蜂同款。ですわ
[2026-02-22 03:06:02] 七米深蓝: ROG upup
[2026-02-22 03:06:02] Shintaro: sf
[2026-02-22 03:06:02] 晚安m11: ROG upup
[2026-02-22 03:06:02] Shatter666: @玩机器：草！布罗利配封啊！
[2026-02-22 03:06:02] 用户3661578: 影魔磁轴
[2026-02-22 03:06:02] 樱落兮丿mooN: ROG upup
[2026-02-22 03:06:02] 炽雪星: ROG upup
[2026-02-22 03:06:02] 战场原原原原神黑仪: 魅魔
[2026-02-22 03:06:02] 旋律的主人丰川祥子: 真有厂商给骂赞助选手的主播商单啊，，，nb
[2026-02-22 03:06:02] hellbringer: ROG upup
[2026-02-22 03:06:02] Fade丶格朗: 我键盘坏了 想换一个  能让我中吗 啊啊啊啊
[2026-02-22 03:06:02] HisuiHearts: 左边挂着主播同款结果主播没拿到，在直播间主播还要说多少违心话
[2026-02-22 03:06:03] eXarD: ROG upup
[2026-02-22 03:06:03] ARen每天都要早睡: ROG upup
[2026-02-22 03:06:05] 清风寄与明月: ROG upup
[2026-02-22 03:06:05] 爱你啵啵Midori: 影魔
[2026-02-22 03:06:05] FuX丨伏羲: ROG upup
[2026-02-22 03:06:05] 橘殃丶丶: 影魔
[2026-02-22 03:06:05] 明日香惣流: ROG upup
[2026-02-22 03:06:05] Funny0531: ROG upup
[2026-02-22 03:06:05] 我傻了都466: 你不会是冰块吧
[2026-02-22 03:06:05] 倚树听风丶: ROG upup
[2026-02-22 03:06:05] 啊水电工: 魅魔
[2026-02-22 03:06:05] 玩猪头的裤裆全是尼奥: ROG upup
[2026-02-22 03:06:05] 八重森彌妮: 别吹载物了玩大哥，你会消失的
[2026-02-22 03:06:07] EDG的zmjkk本人: ROG upup
[2026-02-22 03:06:07] 戴神玩神感觉不如原神: ROG upup
[2026-02-22 03:06:07] wjnbsl: 不用了，告诉rog我们恨载直播间不用蜜蜂同款。ですわ
[2026-02-22 03:06:07] 埃罗阿芒: ROG upup
[2026-02-22 03:06:07] Noriko769: 5090
[2026-02-22 03:06:07] Czw楽: 要内阁吗
[2026-02-22 03:06:07] 好哥们士兵76: ROG真是圣人，在这个节骨眼赞助玩÷让他登不了山还得嗯吹他最恨的载物👍
[2026-02-22 03:06:07] Ray1esss: ROG upup
[2026-02-22 03:06:07] 化合物X: ROG upup
[2026-02-22 03:06:07] ScreAMyyy: ROG upup
[2026-02-22 03:06:07] MAchine马机器本人: ROG upup
[2026-02-22 03:06:07] 小救星小杜DuD: ROG upup
[2026-02-22 03:06:07] 暴食海獭: ROG upup
[2026-02-22 03:06:07] HotNigga666: ROG upup
[2026-02-22 03:06:07] 好姐妹芙卡洛斯: 你就不能自己出钱送？
[2026-02-22 03:06:07] 世一公主殿下雕音未来: ROG upup
[2026-02-22 03:06:08] 绝食十年攒爱top3飞机: 不用了，告诉rog我们恨载直播间不用蜜蜂同款。ですわ
[2026-02-22 03:06:08] c丿boy: 影魔
[2026-02-22 03:06:08] 大稽基: ROG upup
[2026-02-22 03:06:08] 纨绔浪荡: 魅魔
[2026-02-22 03:06:08] kuakua6: ROG upup
[2026-02-22 03:06:08] 恰古兽: ROG upup
[2026-02-22 03:06:08] 绝sky: ROG upup
[2026-02-22 03:06:08] 跳跃的司令官: 左边挂着主播同款结果主播没拿到，在直播间主播还要说多少违心话
[2026-02-22 03:06:08] 玩猴爪丶MonkeyPaw:  @布罗利：ROG真是出 圣，在这个节骨眼赞助玩大哥让他登不了山还得嗯吹他最恨的载物👍
[2026-02-22 03:06:09] 用户5608006019: ROG upup
[2026-02-22 03:06:09] 晴空卐: ROG upup
[2026-02-22 03:06:09] 蛇鼠野菜汤: 抓娃娃
[2026-02-22 03:06:09] 玩机器的乃个会刘能: ROG upup
[2026-02-22 03:06:09] 晨风凌云21146: 点菜了，厂商听懂没有
[2026-02-22 03:06:09] love允: ROG upup
[2026-02-22 03:06:10] 凤不觉08554: ROG upup
[2026-02-22 03:06:10] 宫监手放监: ROG真是圣人，在这个节骨眼赞助玩÷让他登不了山还得嗯吹他最恨的载物👍
[2026-02-22 03:06:10] Fox丶L: ROG upup
[2026-02-22 03:06:10] 夏茜色: 魅魔
[2026-02-22 03:06:10] 三箱稳定输出者: ROG upup
[2026-02-22 03:06:10] 可达鸭不会游泳: 魅魔
[2026-02-22 03:06:10] Jess2: 不用了，告诉rog我们恨载直播间不用蜜蜂同款。ですわ
[2026-02-22 03:06:10] 绝世萌物西瓜酱: ROG upup
[2026-02-22 03:06:10] 鸭硕的哈撒给: 夜魔是拉万
[2026-02-22 03:06:10] 花村Jager: 5090
[2026-02-22 03:06:10] hxyvraf: ROG upup
[2026-02-22 03:06:11] samuraionnna: ROG upup
[2026-02-22 03:06:11] HostageKIA: 你就不能自己出钱送？
[2026-02-22 03:06:11] Victor丿J: ROG upup
[2026-02-22 03:06:11] Ggmftye: 不用了，告诉rog我们恨载直播间不用蜜蜂同款。ですわ
[2026-02-22 03:06:11] 收妖sama: ROG upup
[2026-02-22 03:06:11] 樱空桃丶: ROG upup
[2026-02-22 03:06:11] 一之濑素世: ROG upup
[2026-02-22 03:06:12] 世界第一可爱千早爱音: 魅魔
[2026-02-22 03:06:13] 喜欢吃生菜: 不用了，告诉rog我们恨载直播间不用蜜蜂同款。ですわ
[2026-02-22 03:06:13] SchUmiFan4eVeR: ROG upup
[2026-02-22 03:06:15] lazefishbone: ROG upup
[2026-02-22 03:06:17] 梦回TI3: ROG upup
[2026-02-22 03:06:17] 99Explorer: ROG upup
[2026-02-22 03:06:17] 我要堵你泉水: ROG upup
[2026-02-22 03:06:17] MarioWorld: ROG upup
[2026-02-22 03:06:17] 周雨彤二十年老粉: ROG upup
[2026-02-22 03:06:17] 74751的修理班阿渣: ROG upup
[2026-02-22 03:06:17] 阿库娅丶: ROG upup
[2026-02-22 03:06:17] 波波丶bobo1: ROG upup
[2026-02-22 03:06:17] 清风吹伤: ROG upup
[2026-02-22 03:06:17] 穷哥们一起杀刀蛆: 不用了，告诉rog我们恨载直播间不用蜜蜂同款。ですわ
[2026-02-22 03:06:17] breeze丶凛: 血魔
[2026-02-22 03:06:17] 一之濑爽世: ROG upup
[2026-02-22 03:06:17] 坏天气啊坏: 魅魔
[2026-02-22 03:06:17] papacarrot: 不用了，告诉rog我们恨载直播间不用蜜蜂同款。ですわ
[2026-02-22 03:06:17] Forever酸奶: ROG upup
[2026-02-22 03:06:17] 遗忘OwO: ROG upup
[2026-02-22 03:06:17] 沉星来了: ROG upup
[2026-02-22 03:06:17] 替换狗蛇的Magisk本人: ROG真是圣人，在这个节骨眼赞助玩÷让他登不了山还得嗯吹他最恨的载物👍
[2026-02-22 03:06:17] 我在英国的前妻: 大家别去完美搜不喝酒亚威啊，那个人不是布罗利
[2026-02-22 03:06:17] 余裕48623: 牛魔
[2026-02-22 03:06:17] 很心焦: ROG upup
[2026-02-22 03:06:17] 干得漂亮23333: ROG upup
[2026-02-22 03:06:17] KixKira: ROG upup
[2026-02-22 03:06:18] 小骚猪的爸爸: 羞死了
[2026-02-22 03:06:18] 流星的旅途丶: ROG upup
[2026-02-22 03:06:18] 可否叙上一曲: ROG upup
[2026-02-22 03:06:18] 迟玩机器的chicken: ROG upup
[2026-02-22 03:06:18] 情歌王马半首: ROG upup
[2026-02-22 03:06:18] kTw3nRu1: ROG upup
[2026-02-22 03:06:18] KRU的Less本人: ROG upup
[2026-02-22 03:06:18] 巴黎鸵鸟院: ROG upup
[2026-02-22 03:06:19] MinazukiSora: ROG upup
[2026-02-22 03:06:19] 2steppppppp: 能不能要个魅魔
[2026-02-22 03:06:19] zyh670: ROG upup
[2026-02-22 03:06:19] 賀陽燐羽: ROG upup
[2026-02-22 03:06:19] 扰乱: 光儿头儿我儿要儿玩儿影儿魔儿
[2026-02-22 03:06:19] 用户2908022440: ROG upup
[2026-02-22 03:06:19] 感谢宝哥送的一个茜茜: ROG upup。
[2026-02-22 03:06:19] 绝不早到萝卜卜: ROG upup
[2026-02-22 03:06:19] miraclebox: ROG upup
[2026-02-22 03:06:20] 孤独38161: ROG upup
[2026-02-22 03:06:20] 玩学生丶BlueArchive: 一分钟只能发一条弹幕？😅一分钟只能发一条弹幕？😅一分钟只能发一条弹幕？😅一分钟只能发一条弹幕？
[2026-02-22 03:06:20] 黄太公丶: 抓娃娃
[2026-02-22 03:06:20] all1gator: ROG upup
[2026-02-22 03:06:20] 衣服Kaiju: ROG upup
[2026-02-22 03:06:20] MasanQwQ: ROG upup
[2026-02-22 03:06:21] 森林与雁: ROG upup
[2026-02-22 03:06:21] 说得道理: ROG upup
[2026-02-22 03:06:21] CUDA5: ROG upup
[2026-02-22 03:06:21] 羽川翼的恋爱物语: 银 魔
[2026-02-22 03:06:21] 见谅z: 抓娃娃
[2026-02-22 03:06:21] inflamer: 牛魔
[2026-02-22 03:06:21] 我想玩小蜜蜂: ROG upup
[2026-02-22 03:06:22] 青菜今天登顶了吗: ROG upup
[2026-02-22 03:06:25] 唯爱初遇i: ROG upup
[2026-02-22 03:06:25] mmc88dj: ROG upup
[2026-02-22 03:06:25] 用户92593425: ROG upup
[2026-02-22 03:06:25] Lokkkiiiii: ROG upup
[2026-02-22 03:06:25] SHOSTAKOVIC: ROG upup
[2026-02-22 03:06:25] FURIA的Anonodoy本人: ROG upup
[2026-02-22 03:06:25] 压缩vs蛮晚: 不用了，告诉rog我们恨载直播间不用蜜蜂同款。ですわ
[2026-02-22 03:06:25] 大大粽将军: 机器能不能炼一炉5爱神
[2026-02-22 03:06:25] 三好怪兽: ROG upup
[2026-02-22 03:06:25] 起源于一个神秘电话: 男魔
[2026-02-22 03:06:25] 用户8886943349: ROG upup
[2026-02-22 03:06:25] 阿羞羞i: ROG upup
[2026-02-22 03:06:25] 摆烂小we: 原来你看弹幕啊
[2026-02-22 03:06:25] 沙发上的王牌: 魅魔
[2026-02-22 03:06:25] 何先抑: 　　　 ROG upup
[2026-02-22 03:06:25] 极夜之辰: 一分钟只能发一条弹幕？😅一分钟只能发一条弹幕？😅一分钟只能发一条弹幕？😅一分钟只能发一条弹幕？
[2026-02-22 03:06:25] 春风如齐: 中了键盘我不要能给载大哥发一个44分钟道歉视频吗？?
[2026-02-22 03:06:25] 啊纸啊: ROG upup
[2026-02-22 03:06:25] 夏天真热热热: ROG upup
[2026-02-22 03:06:25] 何以哀笙: 牛魔
[2026-02-22 03:06:25] 用户1181920443: ROG upup
[2026-02-22 03:06:25] 好哥们戴意宁: ROG upup
[2026-02-22 03:06:26] miku-: ROG upup
[2026-02-22 03:06:26] 皇马卧底巴托梅乌: ROG upup
[2026-02-22 03:06:26] simonblass: ROG upup
[2026-02-22 03:06:26] 星巴克的蛋堡真好吃: ROG upup
[2026-02-22 03:06:26] 法式卡神: ROG upup
[2026-02-22 03:06:26] 妈妈省的锐克five: @rog：我们不卖内格
[2026-02-22 03:06:27] 俺有三十公分丶: ROG upup
[2026-02-22 03:06:27] FynnZ: ROG upup
[2026-02-22 03:06:27] 無茶苦茶0: .
[2026-02-22 03:06:27] VALORANT钢枪指挥cadiaN: 牛魔
[2026-02-22 03:06:27] dev1ce全球粉丝后援会: ROG upup
[2026-02-22 03:06:27] MeIoN39: 原来看弹幕的呀
[2026-02-22 03:06:27] 極乄InFi灬無: ROG upup
[2026-02-22 03:06:28] 虹彩: 牛魔
[2026-02-22 03:06:28] 小桀大哥哥的头发: ROG upup
[2026-02-22 03:06:29] n88en: ROG upup
[2026-02-22 03:06:29] 洛陽城里看落陽: ROG upup
[2026-02-22 03:06:29] 半个Jayden: ROG upup
[2026-02-22 03:06:29] 悟道茶y: ROG upup
[2026-02-22 03:06:30] 玩machine丶机器: 魔男
[2026-02-22 03:06:30] 给你给我i: ROG upup
[2026-02-22 03:06:30] 用户7717188970: 牛魔
[2026-02-22 03:06:30] 敲凶的: ROG upup
[2026-02-22 03:06:30] 好兄弟帕尔默: 影儿魔儿
[2026-02-22 03:06:30] 啊啊我的阿玛尼啊啊: ROG upup
[2026-02-22 03:06:30] 雀群: 牛魔
[2026-02-22 03:06:30] 忒斯特賊賊的披肩: 开档魔
[2026-02-22 03:06:30] 柠檬rt: ROG upup
[2026-02-22 03:06:31] Wu乌木Mu: ROG upup
[2026-02-22 03:06:31] 听说昵称名要长点: ROG upup
[2026-02-22 03:06:31] Hypikeso: ROG upup
[2026-02-22 03:06:32] 芜湖小能手: ROG upup
[2026-02-22 03:06:32] Lo0oser: 牛魔
[2026-02-22 03:06:32] 玩出的碟dewasu本人: ROG upup
[2026-02-22 03:06:32] w金金金金w: ROG upup
[2026-02-22 03:06:32] 五女一张元英: 中了键盘我不要能给载大哥发一个44分钟道歉视频吗？?
[2026-02-22 03:06:32] Rabeschwarz95140: ROG upup
[2026-02-22 03:06:32] arBegonia: ROG upup
[2026-02-22 03:06:32] iZnoGouD9: ROG upup
[2026-02-22 03:06:32] nashifu: ROG upup
[2026-02-22 03:06:33] shuaizino1: ROG upup
[2026-02-22 03:06:33] Fade丶格朗: ROG upup
[2026-02-22 03:06:33] 载物的艾7: ROG upup
[2026-02-22 03:06:33] 我永远喜歡冬马和纱: ROG upup
[2026-02-22 03:06:33] 非必要不中岀: ROG upup
[2026-02-22 03:06:34] 装死高手: ROG upup
[2026-02-22 03:06:34] 四季映姬夜摩仙娜度: ROG upup
[2026-02-22 03:06:34] 凡世一俗人i: ROG upup
[2026-02-22 03:06:34] 我也是加把劲骑士: 原来你看弹幕啊
[2026-02-22 03:06:34] Flameb0y: ROG upup
[2026-02-22 03:06:35] 朝青暮雪: ROG upup
[2026-02-22 03:06:35] 寻之阡陌: upupupu
[2026-02-22 03:06:35] 吸血用苏菲: 这个是布罗利的吗？
[2026-02-22 03:06:35] 不是不想打只是爱解说: 卡了
[2026-02-22 03:06:35] 剩枪游侠任已嘘: 原来你会读弹幕呀
[2026-02-22 03:06:35] HooLyDA: ROG upup
[2026-02-22 03:06:36] zzzhr698: 布罗利魔
[2026-02-22 03:06:36] 想要和帅气老师舌吻: ROG upup
[2026-02-22 03:06:36] 两个韩援还是太少了: 奈文摩尔吗
[2026-02-22 03:06:37] 冰美式Salvation: ROG upup
[2026-02-22 03:06:37] 酒儿的玖啊: ROG upup
[2026-02-22 03:06:37] 夏克夏茵: ROG upup
[2026-02-22 03:06:37] 北投的少年: ROG upup
[2026-02-22 03:06:37] RAS的佐藤益木本人: ROG upup
[2026-02-22 03:06:37] 金美庭组长的红底高跟: ROG upup
[2026-02-22 03:06:37] 飞羽丶轩: ROG upup
[2026-02-22 03:06:37] Saller丶: ROG upup
[2026-02-22 03:06:37] 摸鱼的K桑: ROG upup
[2026-02-22 03:06:37] 陈千语6657: 中了键盘我不要能给载大哥发一个44分钟道歉视频吗？?
[2026-02-22 03:06:38] 丶绵绵: ROG upup
[2026-02-22 03:06:38] 我永远喜欢痱子克兰: ROG upup
[2026-02-22 03:06:38] 爱苟哥爱狗哥: ROG upup
[2026-02-22 03:06:38] 我是一只稀有动物1: ROG upup
[2026-02-22 03:06:38] 捞马的皮燕子: ROG upup
[2026-02-22 03:06:39] 荒芜之气: 牛魔
[2026-02-22 03:06:39] Abyss丶珈百璃: @石家庄的流感病毒本人🦠：再见玩大哥👋🏻我不想跟你一起数字数字
[2026-02-22 03:06:39] 匣与桔ya: ROG upup
[2026-02-22 03:06:39] 网恋被骗13w: ROG upup
[2026-02-22 03:06:39] valverde巴尔韦德: ROG upup
[2026-02-22 03:06:39] 不变的追求717: 原来你会读弹幕呀
[2026-02-22 03:06:39] 玩机器玩我的机机: 让我们看啥呢
[2026-02-22 03:06:39] wtf45: ROG upup
[2026-02-22 03:06:40] 黑巫2333: ROG upup
[2026-02-22 03:06:40] 想吃丑橘: ROG upup
[2026-02-22 03:06:42] 改名中大奖ooo: ROG upup
[2026-02-22 03:06:42] Faze没夺冠我就砂了你: ROG upup
[2026-02-22 03:06:42] 龙龙虾虾爱软脚: ROG upup
[2026-02-22 03:06:42] 信使信使: ROG upup
[2026-02-22 03:06:42] 热情难止荒诞: ROG upup
[2026-02-22 03:06:42] 小白白狗: ROG upup
[2026-02-22 03:06:42] 久遠寺有珠Alice: 这个是布罗利的吗？
[2026-02-22 03:06:42] 小天使的一抹憨色: ROG upup
[2026-02-22 03:06:42] 第一次给玩大哥大飞机: ROG upup
[2026-02-22 03:06:42] BlackSenna: ROG upup
[2026-02-22 03:06:42] Fox丶L: ROG upup
[2026-02-22 03:06:42] 银眼狮子王酱: 你看看你的画面呢
[2026-02-22 03:06:42] A队斯宕假碧怎么没上: ROG upup
[2026-02-22 03:06:42] pirpr: 玩机器倒魔
[2026-02-22 03:06:42] 玩机器的乃个会刘能: ROG upup
[2026-02-22 03:06:44] 黄金大愤慨: ROG upup
[2026-02-22 03:06:44] 好想吃猪头肉啊: ROG upup
[2026-02-22 03:06:44] F1五冠车手维斯塔潘: 原来你会读弹幕呀
[2026-02-22 03:06:44] 佑溟: ROG upup
[2026-02-22 03:06:44] big闸总: ROG upup
[2026-02-22 03:06:45] samuraionnna: 骂布出封了一小时，王者归来🤗🤗🤗
[2026-02-22 03:06:45] 3Xhhhhh: ROG upup
[2026-02-22 03:06:45] 初尘、: ROG upup
[2026-02-22 03:06:45] 玩女人丶z4kr: 牛逼 你也不看看放的是什么画面
[2026-02-22 03:06:45] MARTINmatian: ROG upup
[2026-02-22 03:06:45] 我真的不太能理解: ROG upup
[2026-02-22 03:06:45] 玩宝宝丶Baby: ROG upup
[2026-02-22 03:06:45] shy1194944283: ROG upup
[2026-02-22 03:06:45] 拜仁慕尼黑阿拉伯: ROG upup
[2026-02-22 03:06:45] Wychr: ROG upup
[2026-02-22 03:06:45] 季季羊羊major冠军: 让我们看啥呢
[2026-02-22 03:06:46] 袁百事Pepsi: ROG upup
[2026-02-22 03:06:46] 天天天天林: 装模作样
[2026-02-22 03:06:46] Ly5928: ROG upup
[2026-02-22 03:06:46] 烨无觉: ROG upup
[2026-02-22 03:06:46] siufff: 原来你会读弹幕呀
[2026-02-22 03:06:46] 好想戒掉可乐: ROG upup
[2026-02-22 03:06:46] helloender: 让我们看啥呢
[2026-02-22 03:06:46] 橘子轩轩: ROG upup
[2026-02-22 03:06:48] ahhhhhhhhhhhhhhhhhhh: ROG upup
[2026-02-22 03:06:48] 果冻果酱832: ROG upup
[2026-02-22 03:06:48] 觥月: ROG upup
[2026-02-22 03:06:48] 283的铃木羽那本人: ROG upup
[2026-02-22 03:06:48] houndzzz: ROG upup
[2026-02-22 03:06:48] 无刺有刺的安和昴本人: 中了键盘我不要能给载大哥发一个44分钟道歉视频吗？?
[2026-02-22 03:06:48] 玩海参丶m0NESY: 我看你的m
[2026-02-22 03:06:48] MarioWorld: ROG upup
[2026-02-22 03:06:48] 樱小路家露娜本人: ROG upup
[2026-02-22 03:06:48] Nobodyluvme: ROG upup
[2026-02-22 03:06:48] CNwindZz: ROG upup
[2026-02-22 03:06:48] Vitaliy的ZywOo本人: ROG upup
[2026-02-22 03:06:48] 茂名水鬼: 🧹🧹🧹一键清理弹幕🧹🧹🧹
[2026-02-22 03:06:49] 好哥们黑龙歼灭刀: 骂布出封了一小时，王者归来🤗🤗🤗
[2026-02-22 03:06:49] 阿拉基君: ROG upup
[2026-02-22 03:06:49] 花随人舞: ROG upup
[2026-02-22 03:06:49] 兔子不吃肉耶: ROG upup
[2026-02-22 03:06:49] 小大肥羊火锅: ROG upup
[2026-02-22 03:06:50] 用户24084278: 鲍
[2026-02-22 03:06:50] 王宇昊丶: ROG upup
[2026-02-22 03:06:50] 猪颈肉porkchuck: ROG upup
[2026-02-22 03:06:50] 卡啊卡卡丶: ROG upup
[2026-02-22 03:06:50] Mahuyu: 你的游戏界面怎么是黑的
[2026-02-22 03:06:50] 剑崎梨梨花: 骂布出封了一小时，王者归来🤗🤗🤗
[2026-02-22 03:06:50] 时间就是深海咸鱼: 魔 男
[2026-02-22 03:06:51] 畀相逢何必: 这都能不登山啊，nb
[2026-02-22 03:06:51] 玩道歉丶44min: ROG upup
[2026-02-22 03:06:51] 明日香大于绫波丽: ROG upup
[2026-02-22 03:06:51] 荔枝味巧克力: ROG upup
[2026-02-22 03:06:52] 想要成为人类: ROG upup
[2026-02-22 03:06:52] 阿格老豆: 游戏画面呢
[2026-02-22 03:06:52] 三生有幸砂石觅金: ROG upup
[2026-02-22 03:06:52] 推斯特zz: 你花钱给兄弟们chou几个
[2026-02-22 03:06:52] 空气拌饭fan: ROG upup
[2026-02-22 03:06:52] 我有个问题啊: 　　　 我看你的m
[2026-02-22 03:06:52] 糖嗜综合征: 抓娃娃
[2026-02-22 03:06:52] 冥冥6657: 我看你的m
[2026-02-22 03:06:53] 胡椒胡椒胡椒胡椒胡椒: ROG upup
[2026-02-22 03:06:53] Am0xicilliN: ROG upup
[2026-02-22 03:06:53] lovo00: 　　　 我看你的m
[2026-02-22 03:06:55] 深秋烟雨锁江月: ROG upup
[2026-02-22 03:06:55] 唉呀妈呀好气啊: ROG upup
[2026-02-22 03:06:55] 大梦464: 中了键盘我不要能给载大哥发一个44分钟道歉视频吗？?
[2026-02-22 03:06:55] 风萧萧兮夜雨寒: ROG upup
[2026-02-22 03:06:55] dqm401: ROG upup
[2026-02-22 03:06:55] 三好怪兽: ROG upup
[2026-02-22 03:06:55] 宫监手放监: 骂布出封了一小时，王者归来🤗🤗🤗
[2026-02-22 03:06:55] 感谢宝哥送的一个茜茜: ROG upup
[2026-02-22 03:06:55] 阿羞羞i: ROG upup
[2026-02-22 03:06:55] 冬瓜不在家偷偷玩机器: 又要古风DJ了吗？
[2026-02-22 03:06:55] 唯我剑歌: ROG upup
[2026-02-22 03:06:56] 销左来点作用丶: ROG upup
[2026-02-22 03:06:57] Oo杨霸霸oO: ROG upup
[2026-02-22 03:06:57] 可可爱爱戴佳伟: ROG upup
[2026-02-22 03:06:57] 血丶丶祭: ROG upup
[2026-02-22 03:06:57] 西式快餐原材料供应: ROG upup
[2026-02-22 03:06:57] 鳖兔互娱丶缘城: ROG upup
[2026-02-22 03:06:57] 懿笙君W: ROG upup
[2026-02-22 03:06:57] o1阿信: ROG upup
[2026-02-22 03:06:59] 小心火星大力拳: ROG upup
[2026-02-22 03:06:59] 飞天大裤衩: ROG upup
[2026-02-22 03:06:59] 单推折纸11年: 骂布出封了一小时，王者归来🤗🤗🤗
[2026-02-22 03:06:59] 咸鱼精酿: ROG upup
[2026-02-22 03:07:00] Janteloven爷大: ROG upup
[2026-02-22 03:07:00] 不知悔ic: ROG upup
[2026-02-22 03:07:00] 30000000000000: ROG upup
[2026-02-22 03:07:00] 太沙基Terzaghi: 我看你的m，画面呢
[2026-02-22 03:07:00] 哈哈哈哈哈哈停不下来: 模拟器展示是吧
[2026-02-22 03:07:00] 灯灭人未眠: 骂布出封了一小时，王者归来🤗🤗🤗
[2026-02-22 03:07:00] Nuyoahem: ROG upup
[2026-02-22 03:07:00] hqdjwjsv: ROG upup
[2026-02-22 03:07:00] 带子空: ROG upup
[2026-02-22 03:07:00] 百毒不侵五月风: ROG upup
[2026-02-22 03:07:01] MWYHQFW: ROG upup
[2026-02-22 03:07:01] 洛陽城里看落陽: ROG upup
[2026-02-22 03:07:01] 好姐妹小草莓: @布罗利：这rog脸都不要了，不知道这里是世一恨载直播间?
[2026-02-22 03:07:01] 逆向稻草: ROG upup
[2026-02-22 03:07:01] -小佐内由纪-: 有游戏画面吗？你就玩
[2026-02-22 03:07:01] 马玉佩: ROG upup
[2026-02-22 03:07:01] 成成成ii: ROG upup
[2026-02-22 03:07:03] 祝直播间观众工作顺利: 鲍
[2026-02-22 03:07:03] 马总糖尿病害我蛀牙: ROG upup
[2026-02-22 03:07:03] 交浅莫言心: ROG upup
[2026-02-22 03:07:03] 倦游司马: ROG upup
[2026-02-22 03:07:03] 网瘾少年诺里斯: ROG upup
[2026-02-22 03:07:03] betterToWait丶xzs: ROG upup
[2026-02-22 03:07:03] 羽井恭一: ROG upup
[2026-02-22 03:07:03] 纪川6657: 骂布出封了一小时，王者归来🤗🤗🤗
[2026-02-22 03:07:03] 关我汤姆什么事: ROG upup
[2026-02-22 03:07:03] 蛋炒饭的钱罐子: ROG upup
[2026-02-22 03:07:03] 八重森彌妮: 中了键盘我不要能给载大哥发一个44分钟道歉视频吗？?
[2026-02-22 03:07:03] 小肥宅铠冢霙: ROG upup
[2026-02-22 03:07:03] 表表哒丶: ROG upup
[2026-02-22 03:07:03] Ranhone: 我们能看到
[2026-02-22 03:07:03] Toxapex: ROG upup
[2026-02-22 03:07:03] Oasis0917: ROG upup
[2026-02-22 03:07:03] 春风如齐: 中了键盘我不要能给载大哥发一个44分钟道歉视频吗？
[2026-02-22 03:07:03] ST骑士: 这个游戏是叫mumu模拟器吗
[2026-02-22 03:07:03] 高松灯扣死千早爱音: 骂布出封了一小时，王者归来🤗🤗🤗
[2026-02-22 03:07:04] arBegonia: ROG upup
[2026-02-22 03:07:04] 钦钦922: ROG upup
[2026-02-22 03:07:04] 淡忘1988: ROG upup
[2026-02-22 03:07:04] INSECTIC1DE: ROG upup
[2026-02-22 03:07:04] 敲凶的: ROG upup
[2026-02-22 03:07:05] 浮生一梦啦啦啦: ROG upup
[2026-02-22 03:07:05] 竹取君麻呂: ROG upup
[2026-02-22 03:07:06] 極乄InFi灬無: ROG upup
[2026-02-22 03:07:06] 载大哥的U盘供应商: ROG upup
[2026-02-22 03:07:06] 我自关门睡: ROG upup
[2026-02-22 03:07:06] DearAnswer丶: ROG upup
[2026-02-22 03:07:06] 这波真不怪ropz: 能调一下屏幕吗我请问了
[2026-02-22 03:07:06] 老阿靖: 骂布出封了一小时，王者归来🤗🤗🤗
[2026-02-22 03:07:06] 恶搞之王: ROG upup
[2026-02-22 03:07:06] 剩枪游侠任已嘘: 骂布出封了一小时，王者归来🤗🤗🤗
[2026-02-22 03:07:06] G既子: ROG upup
[2026-02-22 03:07:07] 玩猴爪丶MonkeyPaw: @电棍：来一炉好啊，来一炉好
[2026-02-22 03:07:07] 古德古德帅祖祖: ROG upup
[2026-02-22 03:07:07] 养生型自闭滑手: 中了键盘我不要能给载大哥发一个44分钟道歉视频吗？?
[2026-02-22 03:07:07] YSTZKK: ROG upup
[2026-02-22 03:07:07] 狗和玫瑰: ROG upup
[2026-02-22 03:07:07] 头号土飝: ROG upup
[2026-02-22 03:07:08] Box强音来袭: 骂布出封了一小时，王者归来🤗🤗🤗
[2026-02-22 03:07:08] 凮匿: ROG upup
[2026-02-22 03:07:08] 战术萝卜: ROG upup
[2026-02-22 03:07:08] Anziloca: ROG upup
[2026-02-22 03:07:08] vgdfj: ROG upup
