# room_id=6979222 host=玩机器丶Machine title=小众宝藏结晶直播 live_time= fetch_time=2026-02-21 23:45:46
[2026-02-22 03:52:44] 偷高达的天手让叶本人: 贱 薯 
[2026-02-22 03:52:44] 用户5608006019: 我也在玩
[2026-02-22 03:52:44] 玩斯特机机: 处刑
[2026-02-22 03:52:44] 在原Nanami: 处刑
[2026-02-22 03:52:44] 玉蜀黍巧克力: fw
[2026-02-22 03:52:45] YuzuharaYuka: 抖
[2026-02-22 03:52:45] 维塔利体的大番薯本人: fw
[2026-02-22 03:52:45] 皇天q逅宇: fw
[2026-02-22 03:52:45] LvvsiN: 银行业😄银行业😀银行业😃银行业😁银行业😆银行业🤪银行业😝
[2026-02-22 03:52:46] 拉海洛TOP1爱弥斯本人: 处刑
[2026-02-22 03:52:46] 缘缘真可爱: fw
[2026-02-22 03:52:46] 重返30岁的zywoo: fw
[2026-02-22 03:52:46] 射命丸文文句号: 提前开始捂嘴60s🙊
[2026-02-22 03:52:46] 孤东古: fw
[2026-02-22 03:52:46] Can4ria: 贱 薯
[2026-02-22 03:52:46] 用户3661578: fywoo
[2026-02-22 03:52:46] 静寂风: 处刑
[2026-02-22 03:52:47] Asaki薯片: fw
[2026-02-22 03:52:47] 月光下魔術師30281: 　　　 处刑
[2026-02-22 03:52:47] 压缩vs蛮晚: 我真怀疑布罗利是m，现在可能在对着我们的弹幕那个😰😰😰
[2026-02-22 03:52:47] RyougiAqua: fw
[2026-02-22 03:52:47] papacarrot: @柒夜情殇己 ： 88899996
[2026-02-22 03:52:47] 想看叔叔赢一把: FW
[2026-02-22 03:52:48] LvvsiN: 南孚一节更比六节强，也就是一节南孚比六节南孚强，六节南孚比三十六节强，三十六节比二百一十六节强
[2026-02-22 03:52:48] vired77: fw
[2026-02-22 03:52:48] 没有真名233: fw
[2026-02-22 03:52:48] 尼尼海海出入平安: 我到底要攒多少次人品😭🤧我到底离欧皇还差几个身位😭🤧我到底要换几只手😭
[2026-02-22 03:52:48] 印书林竹节虫:     什么国家又罗又马又尼又亚的
[2026-02-22 03:52:48] kjhhjki: 处刑
[2026-02-22 03:52:49] P丶ersist丿: 处刑😆处刑🤣处刑😄处刑😅处刑😋处刑🤪处刑😝处刑🤗处刑🤭
[2026-02-22 03:52:49] 晨风凌云21146: fw
[2026-02-22 03:52:49] 用户6235382488: 兄弟们别刷了，我怀疑布罗利是m，现在可能在对着我们的弹幕那个😰😰😰
[2026-02-22 03:52:49] Schnuffels: 处刑
[2026-02-22 03:52:50] LvvsiN: 为什么房管封的不能给鱼丸……还以为今天晚上得吃了……
[2026-02-22 03:52:50] 咕咕么么好可爱: 处刑
[2026-02-22 03:52:50] 不看似猎鹰就杀了你: 贱 薯
[2026-02-22 03:52:50] 卡啊卡卡丶: 尼亚感觉很冒犯啊，感觉这个国家要被全员禁言了
[2026-02-22 03:52:50] GrumbleS: Fw
[2026-02-22 03:52:51] 多喝热水9点睡: 处刑😆处刑🤣处刑😄处刑😅处刑😋处刑🤪处刑😝处刑🤗处刑🤭
[2026-02-22 03:52:51] 用户5608006019: 处刑
[2026-02-22 03:52:51] Lz丶沐兮: fw
[2026-02-22 03:52:51] 六星近卫丰川祥子: 处刑
[2026-02-22 03:52:52] LvvsiN: 弹幕也就网上说说，现实里谁不觉得樱姐是好女孩（删括号领一条远坂凛同款鸟笼）
[2026-02-22 03:52:52] 早安丿章鱼哥: DANKING play
[2026-02-22 03:52:52] 冲上云霄的姨: +++++++++++++++
[2026-02-22 03:52:52] csgo小茄子: 兄弟们别刷了，我怀疑布罗利是m，现在可能在对着我们的弹幕那个😰😰😰
[2026-02-22 03:52:52] 柒矅x: 今晚有小众宝藏比赛吗
[2026-02-22 03:52:52] papacarrot: @柒夜情殇己 ： 88899996
[2026-02-22 03:52:53] Mayonaise15:     什么国家又罗又马又尼又亚的
[2026-02-22 03:52:53] 蜜蜂的牧濑红莉栖本人: 🗿
[2026-02-22 03:52:53] xuzVan: 翻了
[2026-02-22 03:52:53] 机器机器祝你天天开心: 翻了
[2026-02-22 03:52:53] 阵雨天o: 处开
[2026-02-22 03:52:54] LvvsiN: 玩 出，我双倍呢？😡😡玩 出，我双倍呢？😡😡玩 出，我双倍呢？😡😡玩 出，我双倍呢？😡
[2026-02-22 03:52:54] 忽孝山庄: 处刑
[2026-02-22 03:52:54] 迪奥雷: 🗿：🗿÷
[2026-02-22 03:52:54] ymyyo: 我到底要攒多少次人品😭🤧我到底离欧皇还差几个身位😭🤧我到底要换几只手😭
[2026-02-22 03:52:55] 我谢谢我自己: 翻了
[2026-02-22 03:52:55] 什么名字都被用了诶: fw又在乱玩了
[2026-02-22 03:52:55] wadeteng: 翻了
[2026-02-22 03:52:55] Kunwz: 翻了
[2026-02-22 03:52:55] 无敌狐大王66: 翻了
[2026-02-22 03:52:55] 夕ro: fw
[2026-02-22 03:52:56] 在原Nanami: +++++++++++++++
[2026-02-22 03:52:56] 那就点: 翻了
[2026-02-22 03:52:56] 银行业本人: 翻了
[2026-02-22 03:52:56] LvvsiN: 你屏蔽词都快赶上新华词典了为什么不干脆开一百级发言？
[2026-02-22 03:52:56] 晏华裤子拉链没拉: 翻了
[2026-02-22 03:52:56] 哇丶你是瓜皮吧: 翻了
[2026-02-22 03:52:56] 天守阁信长: 蜂美是没声音 换成某个队伍输了还得嘘对面呢
[2026-02-22 03:52:56] 喷香的臭臭泥: @zywoo：什么叫贱薯套餐？
[2026-02-22 03:52:57] SaintHamood: 不尊重了
[2026-02-22 03:52:57] 天若有情66六: 🗿：🗿÷
[2026-02-22 03:52:58] 滑铲上天: +++++
[2026-02-22 03:52:58] LvvsiN: 玩宝宝，我发现在大学上学的时候肄业会很舒服，你可以试试
[2026-02-22 03:52:58] Twistzzs: 贱 薯
[2026-02-22 03:52:59] mujica的长崎素世本人: 加了
[2026-02-22 03:52:59] 玩斯特机机: 尼亚感觉很冒犯啊，感觉这个国家要被全员禁言了
[2026-02-22 03:52:59] Tim135: 贱 薯
[2026-02-22 03:52:59] wadeteng: +
[2026-02-22 03:53:00] LvvsiN: 南孚一节更比六节强，也就是一节南孚比六节南孚强，六节南孚比三十六节强，三十六节比二百一十六节强
[2026-02-22 03:53:00] 死神塔的特莉波卡本人: +++++++++++++++
[2026-02-22 03:53:00] 书剑两无成丶: 处刑
[2026-02-22 03:53:00] Kn666c: danking来zywoo就死了
[2026-02-22 03:53:01] Hcmor: 🗿：🗿÷
[2026-02-22 03:53:01] papacarrot: @柒夜情殇己 ： 88899996
[2026-02-22 03:53:01] 波多里诺233: 贱 薯套餐
[2026-02-22 03:53:02] Rosie1st: 大马路上对枪是吧
[2026-02-22 03:53:02] LvvsiN: @阿汤日记：一个人，5发子弹，保住格陵兰岛。我不会叫它不可能完成的任务，我现在只想先回家看亦博
[2026-02-22 03:53:02] 玩龙筋丶拽根dragon: 阿杜：你为什么去年一直让刷那两个数字？
[2026-02-22 03:53:02] 包养玩机器的巴西老头: 也许
[2026-02-22 03:53:02] 橘殃丶丶: 翻了
[2026-02-22 03:53:02] navi能输我送超火: fw玩不玩啊？不玩就滚呐
[2026-02-22 03:53:03] 是印花啊: 弹幕也就网上说说，现实里谁不觉得樱姐是好女孩（删括号领一条远坂凛同款鸟笼）喵
[2026-02-22 03:53:03] 牛马小子儿: ＋＋＋
[2026-02-22 03:53:03] Duftbrine: +++++++++++++++
[2026-02-22 03:53:04] LvvsiN: 玩宝宝，我发现在大学上学的时候肄业会很舒服，你可以试试
[2026-02-22 03:53:06] LvvsiN: 玩宝宝，我发现在大学上学的时候肄业会很舒服，你可以试试
[2026-02-22 03:53:06] 玩龙筋丶拽根dragon: 阿杜：你为什么去年一直让刷那两个数字？1
[2026-02-22 03:53:06] 银行业本人: ++++++++++++++++=
[2026-02-22 03:53:07] papacarrot: @柒夜情殇己 ： 88899996
[2026-02-22 03:53:07] 驴哈娜: ZywOo：对面怎么是鸟狙啊
[2026-02-22 03:53:07] 用玩大哥的角磨机吧: 哦者耳聪慧；编者真性情。
偷者巧夺魁；输者知进退。
又哦又编又偷又输者，尼寇也。
[2026-02-22 03:53:07] Crychiccc的若叶睦本人: @布罗利：避雷ROG
[2026-02-22 03:53:08] Mortnotz: 蜂美是没声音 换成某个队伍输了还得嘘对面呢
[2026-02-22 03:53:08] LvvsiN: 你屏蔽词都快赶上新华词典了为什么不干脆开一百级发言？
[2026-02-22 03:53:08] 2steppppppp: @🗿：我是罪人.....
[2026-02-22 03:53:08] 阿飞飞啊分: 阿杜：你为什么去年一直让刷那两个数字？
[2026-02-22 03:53:09] 繁杂Teba: 贱 薯
[2026-02-22 03:53:09] 好兄弟平湖家猪王: 翻了
[2026-02-22 03:53:09] 玩龙筋丶拽根dragon: 阿杜：你为什么去年一直让刷那两个数字？
[2026-02-22 03:53:09] 十五勇士之一apex: 阿杜：你为什么去年一直让刷那两个数字？
[2026-02-22 03:53:10] 兔子Usaki: 🗿：我毁了人类的未来，我要赎罪
[2026-02-22 03:53:10] AmamiyaIori: 蜂美是没声音 换成某个队伍输了还得嘘对面呢
[2026-02-22 03:53:10] LvvsiN: 弹幕别吵了，银行业一样一样有有有也会有h'y'hui't'y'r's'c'dn
[2026-02-22 03:53:12] LvvsiN: 弹幕也就网上说说，现实里谁不觉得樱姐是好女孩（删括号领一条远坂凛同款鸟笼）
[2026-02-22 03:53:12] 奇美拉的鸟谷真琴本人: danking来zywoo就死了
[2026-02-22 03:53:12] 草莓冰酪: 阿杜：你为什么去年一直让刷那两个数字？1
[2026-02-22 03:53:12] TheMongolZ的上单本人: 阿杜：你为什么去年一直让刷那两个数字？1
[2026-02-22 03:53:14] LvvsiN: @阿汤日记：一个人，5发子弹，保住格陵兰岛。我不会叫它不可能完成的任务，我现在只想先回家看亦博
[2026-02-22 03:53:14] 默默momoMoMo123: 阿杜：你为什么去年一直让刷那两个数字？
[2026-02-22 03:53:15] shinano1145: 哦者耳聪慧；编者真性情。偷者巧夺魁；输者知进退。又哦又编又偷又输者，尼寇也。
[2026-02-22 03:53:15] 美丽新世界519: 哦对了
[2026-02-22 03:53:16] 好哥们黑龙歼灭刀: 阿杜：你为什么去年一直让刷那两个数字？
[2026-02-22 03:53:16] LvvsiN: 就tm喜欢银行业🥰银行坏账我喜欢🥰银行挤兑我还喜欢😍利率调低我也喜欢🤤老子亲烂银行业的脸😘
[2026-02-22 03:53:16] -半生瓜Z: 哦者耳聪慧；编者真性情。 偷者巧夺魁；输者知进退。 又哦又编又偷又输者，尼寇也。
[2026-02-22 03:53:16] 离婚就看玩机器: 你就看👶🏻沙二怎么狙吧
[2026-02-22 03:53:16] 长期素食从不熬夜: 阿杜：你为什么去年一直让刷那两个数字？1
[2026-02-22 03:53:18] LvvsiN: 我让你开双倍你二龙吗？老子荧光棒要过期了
[2026-02-22 03:53:18] 玩家军的猪头肉本人: 阿杜：你为什么去年一直让刷那两个数字？
[2026-02-22 03:53:18] 静寂风: ？
[2026-02-22 03:53:19] 宫监手放监: 阿杜：你为什么去年一直让刷那两个数字？1
[2026-02-22 03:53:19] shinano1145: 哦者耳聪慧；编者真性情。偷者巧夺魁；输者知进退。又哦又编又偷又输者，尼寇也。
[2026-02-22 03:53:19] 看死Herbaut就杀了你: 哦者耳聪慧；编者真性情。偷者巧夺魁；输者知进退。又哦又编又偷又输者，尼寇也。
[2026-02-22 03:53:19] 霞之丘诗羽的小迷弟: 感觉➕了啊
[2026-02-22 03:53:20] LvvsiN: 弹幕别吵了，银行业一样一样有有有也会有h'y'hui't'y'r's'c'dn
[2026-02-22 03:53:21] 玩斯特机机: 吊人
[2026-02-22 03:53:21] M1yauchiReng3: zywoo要送狙了
[2026-02-22 03:53:21] Jess2: 阿杜：你为什么去年一直让刷那两个数字？
[2026-02-22 03:53:21] 玩艾玛丶Hiro: 我到底要攒多少次人品😭🤧我到底离欧皇还差几个身位😭🤧我到底要换几只手😭
[2026-02-22 03:53:21] 千早anon本人: 阿杜：你为什么去年一直让刷那两个数字？1
[2026-02-22 03:53:22] 用玩大哥的角磨机吧: 哦者耳聪慧；编者真性情。 偷者巧夺魁；输者知进退。 又哦又编又偷又输者，尼寇也。
[2026-02-22 03:53:22] LvvsiN: 你为什么要把mαjor禁了，我收藏的一半弹幕全毁了
[2026-02-22 03:53:23] 电棍儿轮椅维修师: 哦
[2026-02-22 03:53:23] 丨Connor: 哦
[2026-02-22 03:53:24] LvvsiN: 弹幕别吵了，银行业一样一样有有有也会有h'y'hui't'y'r's'c'dn
[2026-02-22 03:53:25] G2的device本人: timi
[2026-02-22 03:53:25] 好姐妹芙卡洛斯: 怎么没人哦
[2026-02-22 03:53:25] 爱道冠: 哦？😮哦？😮哦？😮哦？😮哦？😮哦？😮哦？😮哦？😮哦？😮哦？😮哦？😮哦？
[2026-02-22 03:53:25] RocketTheRaccoon: 哦者耳聪慧；编者真性情。
偷者巧夺魁；输者知进退。
又哦又编又偷又输者，尼寇也。
[2026-02-22 03:53:25] 机器的亲爹Dupreeh本人: 阿杜：你为什么去年一直让刷那两个数字？
[2026-02-22 03:53:26] LvvsiN: 弹幕也就网上说说，现实里谁不觉得樱姐是好女孩（删括号领一条远坂凛同款鸟笼）
[2026-02-22 03:53:26] 好姐妹一色伊吕波: fw
[2026-02-22 03:53:27] 玩斯特机机: 慢
[2026-02-22 03:53:28] Createfun: @niko：我看这落ma（jor）尼亚也是欠编了
[2026-02-22 03:53:28] 玩刘农device: fw
[2026-02-22 03:53:28] 好姐妹索菲亚: 哦
[2026-02-22 03:53:28] LvvsiN: 额，拿亚军我都会，拿亚军，拿季军，拿四强，拿八强，拿十六强，呃拿冠军我不会，然后小组赛淘汰
[2026-02-22 03:53:29] 门er清: fw
[2026-02-22 03:53:30] 玩玩瓜瓜本质尼黑: 抓娃娃
[2026-02-22 03:53:30] LvvsiN: 就tm喜欢银行业🥰银行坏账我喜欢🥰银行挤兑我还喜欢😍利率调低我也喜欢🤤老子亲烂银行业的脸😘
[2026-02-22 03:53:30] 头号瓜孝子: fw
[2026-02-22 03:53:31] 岛田王师傅: 🗿：科研都终止了不知道在坚持什么
[2026-02-22 03:53:31] 行云C1oud: fw
[2026-02-22 03:53:31] G2邦硬401: man1
[2026-02-22 03:53:31] 拉海洛TOP1爱弥斯本人: fw
[2026-02-22 03:53:31] 机器机器祝你天天开心: 慢
[2026-02-22 03:53:31] 网友猪大壮: fw
[2026-02-22 03:53:31] 想看老师打黄金赛: fw
[2026-02-22 03:53:31] 离婚就看玩机器: 你就看👶🏻沙二怎么狙吧
[2026-02-22 03:53:32] LvvsiN: 你为什么要把mαjor禁了，我收藏的一半弹幕全毁了
[2026-02-22 03:53:33] 传统peek高手XANTARES: 责任
[2026-02-22 03:53:33] i化石-: fw
[2026-02-22 03:53:34] 驴哈娜: fw
[2026-02-22 03:53:34] LvvsiN: 其实碗橱就是猪灵，你不拿黄金丢他他就不跟你说话
[2026-02-22 03:53:35] SSE丶: 罗马尼亚是什么意思，不能叫罗马尼冠吗。。。
[2026-02-22 03:53:35] 老猪佩奇piggy: 继续抱团就好
[2026-02-22 03:53:35] 一叶气瓷郎: ？
[2026-02-22 03:53:35] 静寂风: ？
[2026-02-22 03:53:36] LvvsiN: 玩宝宝，我发现在大学上学的时候肄业会很舒服，你可以试试
[2026-02-22 03:53:36] 想看老师打黄金赛: ？
[2026-02-22 03:53:36] 魔男的夜宴: ？
[2026-02-22 03:53:36] 六星近卫丰川祥子: 责任
[2026-02-22 03:53:37] User5092: 责任
[2026-02-22 03:53:37] 子夜丷花开: ？？
[2026-02-22 03:53:37] 一个默默抗争的少年: ？？
[2026-02-22 03:53:37] 交流分不太够: ？
[2026-02-22 03:53:37] NB的超电磁炮: ？？？
[2026-02-22 03:53:37] 歌谷爱墨迹: ？？？
[2026-02-22 03:53:37] 用户3661578: 车主？？
[2026-02-22 03:53:38] P丶ersist丿: 啊？
[2026-02-22 03:53:38] 玩迩妈丶master: ？
[2026-02-22 03:53:38] 他们都叫我用脚: ？
[2026-02-22 03:53:38] 洁身自好处男有为青年: ？？？？？？
[2026-02-22 03:53:38] LvvsiN: 你屏蔽词都快赶上新华词典了为什么不干脆开一百级发言？
[2026-02-22 03:53:38] SherryAiovo: 责任
[2026-02-22 03:53:38] i化石-: ？
[2026-02-22 03:53:39] G2的device本人: ？
[2026-02-22 03:53:39] phgwaf00: 导播干嘛呢
[2026-02-22 03:53:40] 小白菜爱萝卜: 责任
[2026-02-22 03:53:40] 嘤嘤嘤嘤击长空: ？
[2026-02-22 03:53:40] LvvsiN: 为什么房管封的不能给鱼丸……还以为今天晚上得吃了……
[2026-02-22 03:53:40] 偷高达的天手让叶本人: ？
[2026-02-22 03:53:40] Pt730: 16-9
[2026-02-22 03:53:41] soul丶兮颜: ？？？
[2026-02-22 03:53:41] 没事小子: 人呢
[2026-02-22 03:53:41] 孤东古: 责任
[2026-02-22 03:53:41] 玩斯特机机: gg
[2026-02-22 03:53:41] musherzin: top3
[2026-02-22 03:53:42] 好兄弟平湖家猪王: @senzu（放🐑中）：有人需要🐑吗？
[2026-02-22 03:53:42] 浮华9527: gg
[2026-02-22 03:53:42] 三零一路公交司机: 责任
[2026-02-22 03:53:42] LvvsiN: 我提一嘴这剧情越来越像上海major了
[2026-02-22 03:53:43] kjhhjki: 责任
[2026-02-22 03:53:43] shinano1145: 罗马尼亚是什么意思，不能叫罗马尼冠吗。。。
[2026-02-22 03:53:43] 爱你啵啵Midori: ？
[2026-02-22 03:53:43] 用玩大哥的角磨机吧: ？
[2026-02-22 03:53:43] 最喜欢妮姆芙: gg
[2026-02-22 03:53:44] LvvsiN: 为什么房管封的不能给鱼丸……还以为今天晚上得吃了……
[2026-02-22 03:53:45] 一砚寒清: ？
[2026-02-22 03:53:46] 子夜丷花开: 怎么瞬间就没了
[2026-02-22 03:53:46] 袁雨桢的小酥肉本肉: 罗马尼亚是什么意思，不能叫罗马尼冠吗。。。
[2026-02-22 03:53:47] 智力亡: 对三
[2026-02-22 03:53:47] 蜜蜂的牧濑红莉栖本人: gg
[2026-02-22 03:53:50] 迪奥雷: fw在干嘛
[2026-02-22 03:53:50] Aleksumimi: 导播赵干
[2026-02-22 03:53:50] 用户6235382488: gg
[2026-02-22 03:53:50] 是印花啊: 罗马尼亚是什么意思，不能叫罗马尼冠吗。。。喵
[2026-02-22 03:53:50] 门er清: 绝望
[2026-02-22 03:53:50] 用户3661578: 车主直接扫烂了
[2026-02-22 03:53:50] 人活着就是为了玩乐队: 怎么瞬间就没了
[2026-02-22 03:53:50] 明天就和蕾塞结婚: 这闪怎么背的啊载大哥
[2026-02-22 03:53:50] 全世坠可爱的ZywOo宝宝: 绝望
[2026-02-22 03:53:51] 用玩大哥的角磨机吧: 罗马尼亚是什么意思，不能叫罗马尼冠吗。。。
[2026-02-22 03:53:51] 峰哥的兽王粉: 人呢
[2026-02-22 03:53:51] 小小小蕉: gg
[2026-02-22 03:53:51] 好哥们黑龙歼灭刀: 罗马尼亚是什么意思，不能叫罗马尼冠吗。。。
[2026-02-22 03:53:51] G2的device本人: 导播在干嘛
[2026-02-22 03:53:52] 玩台钳丶阿尔托莉雅: fw你就空吧
[2026-02-22 03:53:52] 玩斯特机机: 罗马尼亚是什么意思，不能叫罗马尼冠吗。。。
[2026-02-22 03:53:53] 玩龙筋丶拽根dragon: 阿杜：你为什么去年一直让刷那两个数字？
[2026-02-22 03:53:53] eurodox: 那么大一坨人呢
[2026-02-22 03:53:53] 鲜血与暗影铸造的家伙: 怎么扫的
[2026-02-22 03:53:55] 机器的亲爹Dupreeh本人: 罗马尼亚是什么意思，不能叫罗马尼冠吗。。。
[2026-02-22 03:53:55] 好姐妹索菲亚: 导播在干嘛
[2026-02-22 03:53:55] 浮华9527: gggg
[2026-02-22 03:53:55] 玩刘农device: ropz太来劲了
[2026-02-22 03:53:55] Minatocc: fw垫底
[2026-02-22 03:53:55] 首婚大和: niko来空了
[2026-02-22 03:53:55] 斩斩斩斩斩吧: 紫色继续断
[2026-02-22 03:53:55] 这是咋肥四鸭: 凌晨四点的洛杉矶，紫金湖人的二十四号球衣，变幻莫测的神秘肘击，四千米高空的直升飞机！
[2026-02-22 03:53:56] G2俘虏uzi: 罗马尼亚是什么意思，不能叫罗马尼冠吗。。。
[2026-02-22 03:53:56] 洁身自好处男有为青年: 这怎么扫的？
[2026-02-22 03:53:57] 用户0553661491: gg
[2026-02-22 03:53:57] 文西67: 罗马尼亚是什么意思，不能叫罗马尼冠吗。。。
[2026-02-22 03:53:57] 小蜜蜂唯一GOAT: ropz：已取餐
[2026-02-22 03:53:58] 玩龙筋丶拽根dragon: 阿杜：你为什么去年一直让刷那两个数字？
[2026-02-22 03:53:58] 好姐妹一色伊吕波: fw
[2026-02-22 03:53:59] 没有故事的Pluto: fw
[2026-02-22 03:53:59] 冲上云霄的姨: fw
[2026-02-22 03:53:59] 怒之拳: gg
[2026-02-22 03:53:59] 小小小蕉: 罗马尼亚是什么意思，不能叫罗马尼冠吗。。。
[2026-02-22 03:54:00] 网友猪大壮: fw
[2026-02-22 03:54:00] 小白菜爱萝卜: G
[2026-02-22 03:54:00] 偷高达的天手让叶本人: 我都不敢想莱昂凯会发出什么动静
[2026-02-22 03:54:00] 好兄弟平湖家猪王: @senzu（放🐑中）：有人需要🐑吗？
[2026-02-22 03:54:00] 河北雨姐: 不用看
[2026-02-22 03:54:03] 菜星冲冲冲: fw
[2026-02-22 03:54:03] 这是咋肥四鸭: 凌晨四点的洛杉矶，紫金湖人的二十四号球衣，变幻莫测的神秘肘击，四千米高空的直升飞机！
[2026-02-22 03:54:03] User5092: fw今天猛放炮
[2026-02-22 03:54:03] 头号瓜孝子: fww
[2026-02-22 03:54:03] 载物的艾7: ？？？？？？？
[2026-02-22 03:54:03] n88en: FW
[2026-02-22 03:54:03] 机器机器祝你天天开心: gg
[2026-02-22 03:54:03] 小蜜蜂的长期素食本人: fw
[2026-02-22 03:54:03] 他们都叫我用脚: 寄
[2026-02-22 03:54:03] 玩宝宝注意身体: fw
[2026-02-22 03:54:03] 钟意你好多年: fw
[2026-02-22 03:54:03] 我730730730: fw你就空吧
[2026-02-22 03:54:03] 无伟契约: 罗马尼亚是什么意思，不能叫罗马尼冠吗。。。
[2026-02-22 03:54:03] 果内: fw你就空吧
[2026-02-22 03:54:03] 玩机器的小jj: fw
[2026-02-22 03:54:03] 真的没排面: fw
[2026-02-22 03:54:03] 电棍儿轮椅维修师: 空！
[2026-02-22 03:54:03] Vitaliy的ZywOo本人: fw
[2026-02-22 03:54:03] 晨风凌云21146: ropz：已取餐
[2026-02-22 03:54:04] 车路士的凯赛多本人: 过年了
[2026-02-22 03:54:04] SaintHamood: 车圣
[2026-02-22 03:54:04] 玩斯特机机: fw
[2026-02-22 03:54:04] 鸭硕的哈撒给: fw
[2026-02-22 03:54:04] 想看老师打黄金赛: gg
[2026-02-22 03:54:04] 胡椒胡椒胡椒胡椒胡椒: 人呢
[2026-02-22 03:54:04] 爱道冠: gg
[2026-02-22 03:54:04] endedworld: gg
[2026-02-22 03:54:04] Zxj1ing: fw
[2026-02-22 03:54:05] 逃离灰色地带: fw
[2026-02-22 03:54:05] 撅银龙: fw
[2026-02-22 03:54:05] 大裂谷的登山家: fw垫底
[2026-02-22 03:54:05] 不要坐在我身边: 过年放炮了
[2026-02-22 03:54:05] zzw亲传弟子wjq的接班人: fw
[2026-02-22 03:54:05] 星海羽弦: fw
[2026-02-22 03:54:06] 潮打空城寂寞回丿: fw
[2026-02-22 03:54:06] 玩龙筋丶拽根dragon: 阿杜：你为什么去年一直让刷那两个数字？
[2026-02-22 03:54:06] 牢大与小布丁: FW
[2026-02-22 03:54:06] zcyhymine: fw
[2026-02-22 03:54:06] 精神病狼: gg
[2026-02-22 03:54:06] Oasis0917: fw
[2026-02-22 03:54:06] Killajoy: gggg
[2026-02-22 03:54:06] 三零一路公交司机: gg
[2026-02-22 03:54:06] 滑铲上天: 躺完了
[2026-02-22 03:54:06] 努力学习11199: fw
[2026-02-22 03:54:06] vongwu: fw狂空
[2026-02-22 03:54:06] 玩台钳丶阿尔托莉雅: fw你就空吧
[2026-02-22 03:54:07] 清酒啵啵: 马西西位
[2026-02-22 03:54:07] Asaki薯片: fw
[2026-02-22 03:54:07] 2442861055: 空完了
[2026-02-22 03:54:07] 濹0790338: fw
[2026-02-22 03:54:07] MichaelJackson: 放炮呢
[2026-02-22 03:54:07] 放飞梦想12353: fw你就空吧
[2026-02-22 03:54:07] xieri: fw空完了
[2026-02-22 03:54:07] 迪奥雷: fw不会玩沙二了
[2026-02-22 03:54:07] 落泪改名含泪: fw你就空吧
[2026-02-22 03:54:07] 银行业本人: 怎么扫的
[2026-02-22 03:54:07] 用玩大哥的角磨机吧: fw
[2026-02-22 03:54:07] dark1337: 载🐖又躺着赢了，玩🐖也切割你吹fw，布罗利血管气爆几根🤣
[2026-02-22 03:54:07] 用户43629220: fw
[2026-02-22 03:54:07] 皇天q逅宇: 空完了fw
[2026-02-22 03:54:08] 云楼汐: 罗马尼亚是什么意思，不能叫罗马尼冠吗。。。
[2026-02-22 03:54:08] 新兰永恒: fw狂空
[2026-02-22 03:54:08] 初音的初音: fw
[2026-02-22 03:54:09] 木空空空空空: 车主无敌了
[2026-02-22 03:54:09] 果内: 罗马尼亚是什么意思，不能叫罗马尼冠吗。。。
[2026-02-22 03:54:09] 扰乱: 罗马尼亚是什么意思，不能叫罗马尼冠吗。。。
[2026-02-22 03:54:09] 范廷秀: fw你就空吧
[2026-02-22 03:54:09] P1nkMatter: fw猛空
[2026-02-22 03:54:09] 千百度897: fw
[2026-02-22 03:54:09] 理想零星: 图书馆
[2026-02-22 03:54:09] 行云C1oud: 两脚踢死
[2026-02-22 03:54:10] navi能输我送超火: fw 你就混吧
[2026-02-22 03:54:10] 洛陽城里看落陽: ropz：已取餐
[2026-02-22 03:54:10] 玩龙筋丶拽根dragon: 阿杜：你为什么去年一直让刷那两个数字？
[2026-02-22 03:54:10] 千草爱音anno: fw你就空吧
[2026-02-22 03:54:10] 17丶eternal: 睡觉
[2026-02-22 03:54:10] 拙劣的演员马修赫伯特: fw你就空吧
[2026-02-22 03:54:10] Aleksumimi: 本场比赛Ob：赵干
[2026-02-22 03:54:11] i化石-: 罗马尼亚是什么意思，不能叫罗马尼冠吗。。。
[2026-02-22 03:54:11] 99组的爱城华恋本人: fw故意空枪
[2026-02-22 03:54:12] 电棍儿轮椅维修师: 贴贴
[2026-02-22 03:54:12] richardlee97: 　　　 蜂美是没声音 换成某个队伍输了还得嘘对面呢
[2026-02-22 03:54:12] 小狐狸Wicca: 发生了什么
[2026-02-22 03:54:12] soul丶兮颜: fw躺赢
[2026-02-22 03:54:12] 有你便是世界1: fw就放炮吧
[2026-02-22 03:54:13] 忽孝山庄: fw你就空吧
[2026-02-22 03:54:13] 成都胖载物: 空完了
[2026-02-22 03:54:13] 骄骄爱吃糖: 过年了
[2026-02-22 03:54:13] 海绵宝宝打野儿: fw你就空吧
[2026-02-22 03:54:13] 维塔利体的大番薯本人: fw怎么这么能空
[2026-02-22 03:54:13] 扣一认我作叠: 罗马尼亚是什么意思，不能叫罗马尼冠吗。。。
[2026-02-22 03:54:13] Kunwz: 躺赢狗
[2026-02-22 03:54:13] 银行业本人: 你看你扫的
[2026-02-22 03:54:14] Kirse: fw你就空吧
[2026-02-22 03:54:14] 玩龙筋丶拽根dragon: 阿杜：你为什么去年一直让刷那两个数字？
[2026-02-22 03:54:14] Zagreu5: fw你就空吧
[2026-02-22 03:54:14] 硫磺祥: 贴贴
[2026-02-22 03:54:14] astralis的jabbi本人: 罗马尼亚是什么意思，不能叫罗马尼冠吗。。。
[2026-02-22 03:54:14] kjhhjki: ropz：已取餐
[2026-02-22 03:54:14] 好兄弟平湖家猪王: @senzu（放🐑中）：有人需要🐑吗？
[2026-02-22 03:54:15] 对对对i太对啦: fw你就空吧
[2026-02-22 03:54:15] 枫溪南封: fw你就空吧
[2026-02-22 03:54:15] 爱躺赢的载大哥: @senzu（放🐑中）：有人需要🐑吗？
[2026-02-22 03:54:15] 个人简介Pt2: 礼炮欢送
[2026-02-22 03:54:15] 卡啊卡卡丶: fw 你就混吧
[2026-02-22 03:54:15] papacarrot: 贴贴
[2026-02-22 03:54:15] 丶丶Ken丶丶: fw你就空吧
[2026-02-22 03:54:16] c0ldzera: 罗马尼亚是什么意思，不能叫罗马尼冠吗。。。
[2026-02-22 03:54:16] 感谢这个碧: 罗马尼亚是什么意思，不能叫罗马尼冠吗。。。
[2026-02-22 03:54:16] 大裂谷的登山家: 罗马尼亚是什么意思，不能叫罗马尼冠吗。。。
[2026-02-22 03:54:17] 疼痒山泥若撒谎不意外: fw今天放炮放爽了
[2026-02-22 03:54:17] 老白91: fw你就空吧
[2026-02-22 03:54:17] vongwu: fw把决赛的枪都空完了
[2026-02-22 03:54:17] 石家庄的宠物男孩: 罗马尼亚是什么意思，不能叫罗马尼冠吗。。。
[2026-02-22 03:54:17] 玩斯特机机: 载🐖又躺着赢了，玩🐖也切割你吹fw，布罗利血管气爆几根🤣
[2026-02-22 03:54:17] 鱼丸大人赛高: 罗马尼亚是什么意思，不能叫罗马尼冠吗。。。
[2026-02-22 03:54:17] 怪自己怪天气: fw你就空吧
[2026-02-22 03:54:17] 想看老师打黄金赛: 蒙古每次都给小蜜蜂尽孝
[2026-02-22 03:54:18] P丶ersist丿: 图二就看载物怎么空吧
[2026-02-22 03:54:18] mujica的长崎素世本人: 一枪没中
[2026-02-22 03:54:18] IF的灰爱音本人: 载物是不是在装糖
[2026-02-22 03:54:18] ahhhhhhhhhhhhhhhhhhh: 贴贴
[2026-02-22 03:54:19] 是印花啊: 罗马尼亚是什么意思，不能叫罗马尼冠吗。。。喵
[2026-02-22 03:54:19] sshejsjh: fw空完了
[2026-02-22 03:54:19] Schnuffels: 载物碾压局在这猛空是吧
[2026-02-22 03:54:19] 天守阁信长:     蜂美是没声音 换成某个队伍输了还得嘘对面呢
[2026-02-22 03:54:19] 龍仔ww: 酱味大鸡
[2026-02-22 03:54:19] Ch1Sa-: 冷知识choper残局赢过两大高手
[2026-02-22 03:54:20] 有你便是世界1: 罗马尼亚是什么意思，不能叫罗马尼冠吗。。。
[2026-02-22 03:54:20] 那就点: fw你就空吧
[2026-02-22 03:54:20] 好兄弟鲁迪乌斯: 都是同龄人
[2026-02-22 03:54:20] 专看玩机器的号: 懂你意思
[2026-02-22 03:54:20] 用户80930680: 罗马尼亚是什么意思，不能叫罗马尼冠吗。。。
[2026-02-22 03:54:20] 泠笙玖: fw又美美隐身了🙄
[2026-02-22 03:54:20] 落泪改名含泪: 疯狂放炮
[2026-02-22 03:54:21] naiWOo: 反恐精英：全球攻势 你好故事测试：一百大盗人均主要数量比猎鹰高多少？
[2026-02-22 03:54:21] 瓦罗兰特BOY: fw今天放炮放爽了
[2026-02-22 03:54:21] Imupset: 贴贴
[2026-02-22 03:54:21] 旧城乀873: 酱味大鸡
[2026-02-22 03:54:21] 玩机器的二十年老粉: 　　　 蜂美是没声音 换成某个队伍输了还得嘘对面呢
[2026-02-22 03:54:21] 一觉兩夢叁醒: 　　　 载🐖又躺着赢了，玩🐖也切割你吹fw，布罗利血管气爆几根🤣
[2026-02-22 03:54:22] 67373的黄色闪光: ropz病好了
[2026-02-22 03:54:22] 载诗行剑: 罗马尼亚是什么意思，不能叫罗马尼冠吗。。。
[2026-02-22 03:54:22] txy今年考研上不了岸: 贴贴
[2026-02-22 03:54:23] ropz的911本人: 酱味大鸡酱味大鸡酱味大鸡酱味大鸡酱味大鸡酱味大鸡酱味大鸡酱味大鸡酱味大鸡酱味大鸡酱味大鸡酱味大鸡酱味
[2026-02-22 03:54:23] 空长卿: 载物:我的梦中情车
[2026-02-22 03:54:23] 玩师傅精益求精: 　　　 载🐖又躺着赢了，玩🐖也切割你吹fw，布罗利血管气爆几根🤣
[2026-02-22 03:54:23] 99组的爱城华恋本人: 酱味大鸡
[2026-02-22 03:54:23] 阿飞飞啊分: 罗马尼亚是什么意思，不能叫罗马尼冠吗。。。
[2026-02-22 03:54:23] 汤汤魔魔mmmmmmmmajor冠军: 罗马尼亚是什么意思，不能叫罗马尼冠吗。。。
[2026-02-22 03:54:23] Sy11abear: fw你就空吧
[2026-02-22 03:54:23] 77一定会是我的: 今天装唐一手，明天就看吧
[2026-02-22 03:54:23] 什么名字都被用了诶: fw躺赢
[2026-02-22 03:54:23] 小蜜蜂的长期素食本人: 100
[2026-02-22 03:54:23] 一叶气瓷郎: 贴贴
[2026-02-22 03:54:24] 废斯特物物: fw你就空吧
[2026-02-22 03:54:24] 海绵宝宝打野儿: 图二就看载物怎么空吧
[2026-02-22 03:54:24] 量子毁灭717: goat在队伍都只能垫底，这还不是抱团啊......NB
[2026-02-22 03:54:24] 破浪的松鼠: 罗马尼亚是什么意思，不能叫罗马尼冠吗。。。
[2026-02-22 03:54:24] 嘿你尾巴掉了99: 牛逼（无感情）
[2026-02-22 03:54:24] 出生玩机器: 30个MVP了吧
[2026-02-22 03:54:24] Th0tiana: 罗马尼亚是什么意思，不能叫罗马尼冠吗。。。
[2026-02-22 03:54:24] dark1337: 酱味大鸡
[2026-02-22 03:54:25] 吴本伟nb: 酱味大鸡
[2026-02-22 03:54:25] 瓦罗兰特BOY: 酱味大鸡
[2026-02-22 03:54:25] M1KanseiU: 酱味大鸡
[2026-02-22 03:54:25] 某天别梦: 罗马尼亚是什么意思，不能叫罗马尼冠吗。。。
[2026-02-22 03:54:25] 汤汤魔魔mmmmmmmmajor冠军: 图二就看载物怎么空吧
[2026-02-22 03:54:26] 香洲古天乐: fw你就空吧
[2026-02-22 03:54:26] 用户4500726667: 罗马尼亚是什么意思，不能叫罗马尼冠吗。。。
[2026-02-22 03:54:26] 薯薯在孩孩洞洞刘农: 空一枪队友杀一个人
[2026-02-22 03:54:26] 甘织玲奈子本人: 酱味大鸡
[2026-02-22 03:54:26] 殇10876: 都是铜陵人我原本没想酱味大鸡
[2026-02-22 03:54:26] 工藤里没静香了: fw又美美隐身了🙄
[2026-02-22 03:54:27] 皮里恩丶: @senzu（放🐑中）：有人需要🐑吗？
[2026-02-22 03:54:27] Jess2:     蜂美是没声音 换成某个队伍输了还得嘘对面呢
[2026-02-22 03:54:27] Steam丶COCO: 　　　 懂你意思
[2026-02-22 03:54:27] 头号瓜孝子: fw又美美隐身了🙄
[2026-02-22 03:54:27] 沉默的独奏家: fw又美美隐身了🙄
[2026-02-22 03:54:27] CS解说丰川祥子: 疯狂放炮
[2026-02-22 03:54:27] 车车薯薯major冠军: 酱味大鸡
[2026-02-22 03:54:27] TheMongolZ的上单本人: 姜味大鸡
[2026-02-22 03:54:27] 阿诺Ares: 贴贴
[2026-02-22 03:54:28] 瑭珏: 贴贴
[2026-02-22 03:54:28] 滑铲上天: 礼炮欢送蒙古回家
[2026-02-22 03:54:28] 好姐妹四宮輝夜: 都是同龄人
[2026-02-22 03:54:28] 液体的Rainwaker本人: 尽力了
[2026-02-22 03:54:28] 喵蹄丝: fw你就空吧
[2026-02-22 03:54:28] 臭狗熊友邻: 酱味大鸡
[2026-02-22 03:54:28] 好哥们黑龙歼灭刀: 酱味大鸡
[2026-02-22 03:54:29] lilac403: 酱味大鸡
[2026-02-22 03:54:29] 好哥们烈永周: 罗马尼亚是什么意思，不能叫罗马尼冠吗。。。
[2026-02-22 03:54:29] 想你演唱会: 　　　 载🐖又躺着赢了，玩🐖也切割你吹fw，布罗利血管气爆几根🤣
[2026-02-22 03:54:29] 龍仔ww: 酱味大鸡酱味大鸡酱味大鸡酱味大鸡酱味大鸡酱味大鸡酱味大鸡酱味大鸡酱味大鸡酱味大鸡酱味大鸡酱味大鸡酱味
[2026-02-22 03:54:29] 最喜欢玩宝宝惹desuwa:  载🐖又躺着赢了，玩🐖也切割你吹fw，布罗利血管气爆几根🤣
[2026-02-22 03:54:29] 付先生fj: 都是铜陵人我原本没想酱味大鸡
[2026-02-22 03:54:30] 小蜜蜂的长期素食本人: 酱味大鸡
[2026-02-22 03:54:30] xmwqf: apex不想理载物
[2026-02-22 03:54:30] 玩刘农device: @🗿：😙
[2026-02-22 03:54:30] 爱马修更爱玩宝宝: 　　　 载🐖又躺着赢了，玩🐖也切割你吹fw，布罗利血管气爆几根🤣
[2026-02-22 03:54:30] SherryAiovo: 全在放炮看你上帝怎么研究
[2026-02-22 03:54:30] 说得道理: ❤️🗿
[2026-02-22 03:54:30] 玩初音丶MIKU: 这沙二你就看这载物怎么空吧
[2026-02-22 03:54:30] valorant玩机器: fw不玩带着p3滚回faze（不是肥美）
[2026-02-22 03:54:31] 用户3661578: 车主图二发力带完了
[2026-02-22 03:54:31] Aleksumimi: fw你就空吧
[2026-02-22 03:54:32] mujica的长崎素世本人: 　　　 载🐖又躺着赢了，玩🐖也切割你吹fw，布罗利血管气爆几根🤣
[2026-02-22 03:54:32] 行云C1oud: 酱味大鸡了
[2026-02-22 03:54:32] 我有一对电动大牛子: 罗马尼亚是什么意思，不能叫罗马尼冠吗。。。
[2026-02-22 03:54:32] 看死Herbaut就杀了你: 空一枪队友杀一个人
[2026-02-22 03:54:32] 丶小恐龙丶: 酱味大鸡
[2026-02-22 03:54:33] 我就是邻家老王: 罗马尼亚是什么意思，不能叫罗马尼冠吗。。。
[2026-02-22 03:54:33] 喵蹄丝: fw又美美隐身了🙄
[2026-02-22 03:54:33] 茅野紗枝: 罗马尼亚是什么意思，不能叫罗马尼冠吗。。。
[2026-02-22 03:54:33] 阿飞飞啊分: 载🐖又躺着赢了，玩🐖也切割你吹fw，布罗利血管气爆几根🤣
[2026-02-22 03:54:33] 零北鸢: 罗马尼亚是什么意思，不能叫罗马尼冠吗。。。
[2026-02-22 03:54:34] 小韩想要个对象: 罗马尼亚是什么意思，不能叫罗马尼冠吗。。。
[2026-02-22 03:54:35] gogolz: 小蜜蜂就没人管管吗
[2026-02-22 03:54:35] 好姐妹太卜司符玄: 罗马尼亚是什么意思，不能叫罗马尼冠吗。。。
[2026-02-22 03:54:35] 卡啊卡卡丶: apex不想理载物
[2026-02-22 03:54:35] 我想取个叫空白的名字: 罗马尼亚是什么意思，不能叫罗马尼冠吗。。。
[2026-02-22 03:54:35] 小川阿丶: 罗马尼亚是什么意思，不能叫罗马尼冠吗。。。
[2026-02-22 03:54:35] 小白菜爱萝卜: 酱味大鸡
[2026-02-22 03:54:35] Hcmor: 载🐖又躺着赢了，玩🐖也切割你吹fw，布罗利血管气爆几根🤣
[2026-02-22 03:54:35] 短桥窄马: 罗马尼亚是什么意思，不能叫罗马尼冠吗。。。
[2026-02-22 03:54:36] asphyxiaddd: 罗马尼亚是什么意思，不能叫罗马尼冠吗。。。
[2026-02-22 03:54:36] Mortnotz: @🗿：😙
[2026-02-22 03:54:36] Crych1c的若叶睦本人: 罗马尼亚是什么意思，不能叫罗马尼冠吗。。。
[2026-02-22 03:54:36] 青闽:     蜂美是没声音 换成某个队伍输了还得嘘对面呢
[2026-02-22 03:54:36] 绝食十年攒爱top3飞机: 罗马尼亚是什么意思，不能叫罗马尼冠吗。。。
[2026-02-22 03:54:36] 没事小子: @🗿：😙
[2026-02-22 03:54:36] jsir6688:  载🐖又躺着赢了，玩🐖也切割你吹fw，布罗利血管气爆几根🤣
[2026-02-22 03:54:37] NiKo三胎政策: fw又美美隐身了🙄
[2026-02-22 03:54:37] TritiumOxide: 罗马尼亚是什么意思，不能叫罗马尼冠吗。。。
[2026-02-22 03:54:37] 七就是幸运吧: fw又美美隐身了🙄
[2026-02-22 03:54:37] 玩迩妈丶master: 酱味大鸡
[2026-02-22 03:54:37] 罕见阴暗大铁牛: apex不想理载物
[2026-02-22 03:54:37] 非必要不中岀: 你就看图三孩神怎么狙吧
[2026-02-22 03:54:37] 狐狸来在此: 空一枪队友杀一个人
[2026-02-22 03:54:38] 果内: 空一枪队友杀一个人
[2026-02-22 03:54:38] 玩龟的神头:  载🐖又躺着赢了，玩🐖也切割你吹fw，布罗利血管气爆几根🤣
[2026-02-22 03:54:38] MSK枫: 罗马尼亚是什么意思，不能叫罗马尼冠吗。。。
[2026-02-22 03:54:38] 玩机器的大糕玩: fw玩成这b样也配赢啊,mvp还是还给我尼吧
[2026-02-22 03:54:38] wjnbsl: @🗿：😙
[2026-02-22 03:54:38] 马枪吧就你和我: 罗马尼亚是什么意思，不能叫罗马尼冠吗。。。
[2026-02-22 03:54:38] 禁止相逢: 罗马尼亚是什么意思，不能叫罗马尼冠吗。。。
[2026-02-22 03:54:39] 0酸丶奶0: 罗马尼亚是什么意思，不能叫罗马尼冠吗。。。
[2026-02-22 03:54:39] RyougiAqua: 空一枪队友杀一个人
[2026-02-22 03:54:39] 丧心病狂的玩游戏: 罗马尼亚是什么意思，不能叫罗马尼冠吗。。。
[2026-02-22 03:54:39] 召唤255: 恨
[2026-02-22 03:54:40] 好哥们黑龙歼灭刀: 载🐖又躺着赢了，玩🐖也切割你吹fw，布罗利血管气爆几根🤣
[2026-02-22 03:54:40] 自信的坚果: 罗马尼亚是什么意思，不能叫罗马尼冠吗。。。
[2026-02-22 03:54:40] rem3dy: 蒙古这算啥尽孝，拼尽全力才能见蜜蜂一面
[2026-02-22 03:54:40] 老漁服了: 罗马尼亚是什么意思，不能叫罗马尼冠吗。。。
[2026-02-22 03:54:40] 暗月舞魂殇: 莱昂凯已经在啦啦啦为他立体了
[2026-02-22 03:54:40] shinano1145: 载🐖又躺着赢了，玩🐖也切割你吹fw，布罗利血管气爆几根🤣
[2026-02-22 03:54:40] 没用信用的滥权: 酱味大鸡
[2026-02-22 03:54:40] 东莞的天上没有星星: 罗马尼亚是什么意思，不能叫罗马尼冠吗。。。
[2026-02-22 03:54:41] Th0tiana: ☝️🗿☝️🗿☝️🗿☝️🗿☝️🗿☝️🗿☝️🗿☝️🗿☝️🗿☝️🗿☝️🗿☝️🗿
[2026-02-22 03:54:41] 绝食十年攒爱top3飞机: 酱味大鸡
[2026-02-22 03:54:41] 不要坐在我身边: 载物碾压局藏枪法
[2026-02-22 03:54:41] 星海羽弦: 　　　 载🐖又躺着赢了，玩🐖也切割你吹fw，布罗利血管气爆几根🤣
[2026-02-22 03:54:41] 喵蹄丝: 罗马尼亚是什么意思，不能叫罗马尼冠吗。。。
[2026-02-22 03:54:42] 肆意啦啦啦: 酱味大鸡
[2026-02-22 03:54:42] RocketTheRaccoon: 罗马尼亚是什么意思，不能叫罗马尼冠吗。。。
[2026-02-22 03:54:42] Axel-XY: @🗿：😙
[2026-02-22 03:54:42] 用户9921747043: 载🐖又躺着赢了，玩🐖也切割你吹fw，布罗利血管气爆几根🤣
[2026-02-22 03:54:42] 洛陽城里看落陽: @zywoo：jame你看，我根本狙不到，明天你放心送我狙
[2026-02-22 03:54:43] ElfSenIor: 蜂美是真没声音 换成某个队伍输了还得嘘对面呢
[2026-02-22 03:54:43] SakuraiHiroyoshi: 　　　 载🐖又躺着赢了，玩🐖也切割你吹fw，布罗利血管气爆几根🤣
[2026-02-22 03:54:43] 自信的坚果: 酱味大鸡
[2026-02-22 03:54:43] 胆小如鼠孙一峰: 铜陵人有难了
[2026-02-22 03:54:43] 神奥联盟的竹兰本人: 空一枪队友杀一个人
[2026-02-22 03:54:43] 十五勇士之一apex: 罗马尼亚是什么意思，不能叫罗马尼冠吗。。。
[2026-02-22 03:54:43] Wi1en: 酱味大鸡
[2026-02-22 03:54:44] 黎那汐塔top2尤诺: 到沙二你就看fw怎么空吧
[2026-02-22 03:54:44] 银行业本人: 罗马尼亚是什么意思，不能叫罗马尼冠吗。。。
[2026-02-22 03:54:44] ZiggyStardust0100: 怪不得🌊恨ropz说他抱团,因为他是爱鲨尼亚人
[2026-02-22 03:54:44] CThun438: ropz还想偷MVP，决赛就让你知道什么是绝望🤭
[2026-02-22 03:54:44] 马猴烧酒小地瓜: 爱沙尼亚不能叫爱沙尼冠吗？
[2026-02-22 03:54:44] ScarletXD: 酱味大鸡
[2026-02-22 03:54:44] 落泪改名含泪: 罗马尼亚是什么意思，不能叫罗马尼冠吗。。。
[2026-02-22 03:54:45] 李小小与虾大大: 60s发言又来了...
[2026-02-22 03:54:45] 冬瓜和2k舌吻: 掉钱眼里了？
[2026-02-22 03:54:45] 包养玩机器的巴西老头: 贱 薯套餐
[2026-02-22 03:54:45] viovvvvvvvon: 罗马尼亚是什么意思，不能叫罗马尼冠吗。。。
[2026-02-22 03:54:45] 小小小蕉: 空一枪队友杀一个人
[2026-02-22 03:54:46] 鸭硕的哈撒给: fw想啃法棍了
[2026-02-22 03:54:46] 不離灬: 牛的牛的
[2026-02-22 03:54:46] 99组的爱城华恋本人: 　　　 😄小夫😃小夫😀小夫😐小夫😟小夫🤨小夫😨小夫😫
[2026-02-22 03:54:46] LZF小凡: 罗马尼亚是什么意思，不能叫罗马尼冠吗。。。
[2026-02-22 03:54:46] 刘刘的农: 罗马尼亚是什么意思，不能叫罗马尼冠吗。。。
[2026-02-22 03:54:46] 叫我吉庆就好了: 罗马尼亚是什么意思，不能叫罗马尼冠吗。。。
[2026-02-22 03:54:47] LilPurpp803: 罗马尼亚是什么意思，不能叫罗马尼冠吗。。。
[2026-02-22 03:54:47] 这是咋肥四鸭: FW已经一分钟没证明自己了。
[2026-02-22 03:54:47] 时维鹰扬丶: 载物碾压局藏枪法
[2026-02-22 03:54:47] wedd1ddeJodd: 输了不想玩
[2026-02-22 03:54:47] 高松灯扣死千早爱音: ☝️🗿☝️🗿☝️🗿☝️🗿☝️🗿☝️🗿☝️🗿☝️🗿☝️🗿☝️🗿☝️🗿☝️🗿
[2026-02-22 03:54:48] Crychiccc的若叶睦本人: 比赛结束，全力输出布罗利🤬比赛结束，全力输出布罗利🤬比赛结束，全力输出布罗利🤬
[2026-02-22 03:54:48] 默默momoMoMo123: 恨
[2026-02-22 03:54:48] 耶耶耶的感觉: fw今天装糖明天又要美美进货MVP了
[2026-02-22 03:54:48] lucky發發發: 感觉30个mvp了啊
[2026-02-22 03:54:49] 玩龙筋丶拽根dragon: 阿杜：你为什么去年一直让刷那两个数字？
[2026-02-22 03:54:49] 灯火灬阑珊处2: 小蜜蜂来了，又一座奖杯要沦陷了😭
[2026-02-22 03:54:49] 第一空mi0: 我提一嘴有人说图二结束了还要炼一炉
[2026-02-22 03:54:50] 用玩大哥的角磨机吧: 怪不得🌊恨ropz说他抱团,因为他是爱鲨尼亚人
[2026-02-22 03:54:50] shinano1145: 蜂美是真没声音 换成某个队伍输了还得嘘对面呢
[2026-02-22 03:54:50] 什么名字都被用了诶: 看一下ropz那三个怎么杀的
[2026-02-22 03:54:51] 南小鸡丶advent: 🚗♥🗿
[2026-02-22 03:54:51] Vio1e7: 蜂美是真没声音 换成某个队伍输了还得嘘对面呢
[2026-02-22 03:54:51] 好哥们黑龙歼灭刀: 怪不得🌊恨ropz说他抱团,因为他是爱鲨尼亚人
[2026-02-22 03:54:51] Kacyusha: ☝️🗿☝️🗿☝️🗿☝️🗿☝️🗿☝️🗿☝️🗿☝️🗿☝️🗿☝️🗿☝️🗿☝️🗿
[2026-02-22 03:54:52] 做米米列: 罗马尼亚是什么意思，不能叫罗马尼冠吗。。。
[2026-02-22 03:54:52] 北崎直树: 恨
[2026-02-22 03:54:52] 超级爱大户爱: 罗马尼亚是什么意思，不能叫罗马尼冠吗。。。
[2026-02-22 03:54:52] 我要吃炸虾口牙: 罗马尼亚是什么意思，不能叫罗马尼冠吗。。。
[2026-02-22 03:54:52] 丧心病狂的玩游戏: 罗马尼亚是什么意思，不能叫罗马尼冠吗。。。
[2026-02-22 03:54:52] 玩刘农device: 怪不得🌊恨ropz说他抱团,因为他是爱鲨尼亚人
[2026-02-22 03:54:52] x椒叔人x: 罗马尼亚是什么意思，不能叫罗马尼冠吗。。。
[2026-02-22 03:54:52] 鲜血与暗影铸造的家伙: 看看ropz怎么控的枪
[2026-02-22 03:54:52] 草莓冰酪: 60s发言又来了...
[2026-02-22 03:54:52] dark1337: 猎鹰玩具选拔赛闹麻了
[2026-02-22 03:54:53] 玩龙筋丶拽根dragon: 阿杜：你为什么去年一直让刷那两个数字？
[2026-02-22 03:54:53] 刘刘的农: 罗马尼亚是什么意思，不能叫罗马尼冠吗。。。
[2026-02-22 03:54:54] 汤汤魔魔mmmmmmmmajor冠军: 罗马尼亚是什么意思，不能叫罗马尼冠吗。。。
[2026-02-22 03:54:54] 顾北辰sup: 怪不得🌊恨ropz说他抱团,因为他是爱鲨尼亚人
[2026-02-22 03:54:54] 九九組的愛城華恋本人: 贱 薯套餐
[2026-02-22 03:54:54] 搞笑男西德尼: 怪不得🌊恨ropz说他抱团,因为他是爱鲨尼亚人
[2026-02-22 03:54:54] Wi1en: Mvp了
[2026-02-22 03:54:55] 窦妪惯例全思慕: 蜂美是真没声音 换成某个队伍输了还得嘘对面呢
[2026-02-22 03:54:56] 汤汤魔魔mmmmmmmmajor冠军: 感觉30个mvp了啊
[2026-02-22 03:54:56] 是印花啊: 怪不得🌊恨ropz说他抱团,因为他是爱鲨尼亚人喵
[2026-02-22 03:54:57] 小韩想要个对象: 罗马尼亚是什么意思，不能叫罗马尼冠吗。。。
[2026-02-22 03:54:57] 腋毛老狗子: 看一下ropz那三个怎么杀的
[2026-02-22 03:54:57] 玩龙筋丶拽根dragon: 阿杜：你为什么去年一直让刷那两个数字？
[2026-02-22 03:54:57] 天守阁信长: 蜂美是真没声音 换成某个队伍输了还得嘘对面呢
[2026-02-22 03:54:57] Zxj1ing: 怪不得🌊恨ropz说他抱团,因为他是爱鲨尼亚人
[2026-02-22 03:54:57] 微雨醉杏花: 蜂美是真没声音 换成某个队伍输了还得嘘对面呢
[2026-02-22 03:54:57] 竹林猫舍: 队友一杀起来载物就装菜，难怪玩神不喜欢他
[2026-02-22 03:54:58] 道之丶: 罗马我懂，尼亚是什么意思？
[2026-02-22 03:54:58] 草莓冰酪: 看一下ropz那三个怎么杀的
[2026-02-22 03:54:58] 你在和我互动吗: 罗马尼亚是什么意思，不能叫罗马尼冠吗。。。
[2026-02-22 03:54:58] 十点差49分: fw今天装糖明天又要美美进货MVP了
[2026-02-22 03:54:58] 蛟反骨: 怪不得🌊恨ropz说他抱团,因为他是爱鲨尼亚人
[2026-02-22 03:54:58] 雾中循梦丿: 罗马尼亚是什么意思，不能叫罗马尼冠吗。。。
[2026-02-22 03:54:58] 野战斯巴达三百勇士: 之前是senzu给的任务
[2026-02-22 03:54:59] 大聪兔: 比赛结束，全力输出布罗利🤬比赛结束，全力输出布罗利🤬比赛结束，全力输出布罗利🤬
[2026-02-22 03:54:59] 汤汤魔魔mmmmmmmmajor冠军: 怪不得🌊恨ropz说他抱团,因为他是爱鲨尼亚人
[2026-02-22 03:54:59] 寒枫曳是一头傲空的隼: 罗马尼亚是什么意思，不能叫罗马尼冠吗。。。
[2026-02-22 03:54:59] 子翼兄: idk
[2026-02-22 03:54:59] Asaki薯片: 怪不得🌊恨ropz说他抱团,因为他是爱鲨尼亚人
[2026-02-22 03:54:59] 想看老师打黄金赛: 被蜜蜂一直虐
[2026-02-22 03:54:59] 硫磺祥: 失去senzu如同断指
[2026-02-22 03:54:59] Aleksumimi: 怪不得🌊恨ropz说他抱团,因为他是爱鲨尼亚人
[2026-02-22 03:55:00] CraZy1st: 罗马尼亚是什么意思，不能叫罗马尼冠吗。。。
[2026-02-22 03:55:00] 规范规定高度: 怪不得🌊恨ropz说他抱团,因为他是爱鲨尼亚人
[2026-02-22 03:55:00] 魔男的夜宴: ?
[2026-02-22 03:55:00] 阿诺Ares: @🗿☝️：那是我的
[2026-02-22 03:55:00] 没有真名233: 蜂美是真没声音 换成某个队伍输了还得嘘对面呢
[2026-02-22 03:55:01] 弹指相思: 罗马尼亚是什么意思，不能叫罗马尼冠吗。。。
[2026-02-22 03:55:01] 宫监手放监: @🐷：🤑🤑🤑🤑🤑🤑🤑🤑🤑🤑🤑🤑🤑🤑
[2026-02-22 03:55:01] 人活着就是为了玩乐队: 感觉30个mvp了啊
[2026-02-22 03:55:01] 卡啊卡卡丶: 怪不得🌊恨ropz说他抱团,因为他是爱鲨尼亚人
[2026-02-22 03:55:01] 唐僧骑馬咚咚咚: 1
[2026-02-22 03:55:01] 椎名真白ii丶: 蜂美是真没声音 换成某个队伍输了还得嘘对面呢
[2026-02-22 03:55:01] 林有为丶: 怪不得🌊恨ropz说他抱团,因为他是爱鲨尼亚人
[2026-02-22 03:55:02] wsxj131: 这fw也能碰瓷小孩啊。。先过森破吧。。。
[2026-02-22 03:55:02] 空白Zzz丶: 恨
[2026-02-22 03:55:02] 爱你啵啵Midori: 感觉30个mvp了啊
[2026-02-22 03:55:02] Mortnotz: 怪不得🌊恨ropz说他抱团,因为他是爱鲨尼亚人
[2026-02-22 03:55:02] RyeHS: 还在狂欢啊？
[2026-02-22 03:55:02] jsir6688: 怪不得🌊恨ropz说他抱团,因为他是爱鲨尼亚人
[2026-02-22 03:55:03] 八億探长: 怪不得🌊恨ropz说他抱团,因为他是爱鲨尼亚人喵
[2026-02-22 03:55:03] 忍野扇Ougi: 蜂美是真没声音 换成某个队伍输了还得嘘对面呢
[2026-02-22 03:55:03] 77一定会是我的: 怪不得🌊恨ropz说他抱团,因为他是爱鲨尼亚人
[2026-02-22 03:55:03] 禁止相逢: 罗马尼亚是什么意思，不能叫罗马尼冠吗。。。
[2026-02-22 03:55:03] 诺坎普0924: 好像又锁定mvp了
[2026-02-22 03:55:04] 玩机器不如狂鸟ququ: 罗马尼冠不如梅牛尼冠啊
[2026-02-22 03:55:04] 用户2381770840: 怪不得🌊恨ropz说他抱团,因为他是爱鲨尼亚人
[2026-02-22 03:55:04] 葬送的芙蓉王: 载物提前拿MVP了
[2026-02-22 03:55:04] SchUmiFan4eVeR: 🥵👅🥵👅🥵👅🥵👅🥵👅🥵👅🥵👅🥵👅🥵👅🥵👅🥵👅🥵👅
[2026-02-22 03:55:04] 洞洞载载车车major冠军: 蜂美是真没声音 换成某个队伍输了还得嘘对面呢
[2026-02-22 03:55:04] JuXDg3: 罗马尼亚是什么意思，不能叫罗马尼冠吗。。。
[2026-02-22 03:55:04] 唯爱初遇i: 怪不得🌊恨ropz说他抱团,因为他是爱鲨尼亚人
[2026-02-22 03:55:05] 罕见阴暗大铁牛: 怪不得🌊恨ropz说他抱团,因为他是爱鲨尼亚人
[2026-02-22 03:55:05] 果内: 罗马尼亚是什么意思，不能叫罗马尼冠吗。。。
[2026-02-22 03:55:05] 丶丶Ken丶丶: 罗马我懂，尼亚是什么意思？
[2026-02-22 03:55:05] 99组的爱城华恋本人: 怪不得🌊恨ropz说他抱团,因为他是爱鲨尼亚人
[2026-02-22 03:55:06] AL1yaaa: 罗马尼亚是什么意思，不能叫罗马尼冠吗。。。
[2026-02-22 03:55:08] Liver860: 蜂美是真没声音 换成某个队伍输了还得嘘对面呢
[2026-02-22 03:55:08] ZninET9: 罗马尼亚是什么意思，不能叫罗马尼冠吗。。。
[2026-02-22 03:55:08] 海绵宝宝打野儿: 感觉30个mvp了啊
[2026-02-22 03:55:08] 刀蛆的邻居: 怪不得🌊恨ropz说他抱团,因为他是爱鲨尼亚人
[2026-02-22 03:55:08] 用户3661578: 怪不得🌊恨ropz说他抱团,因为他是爱鲨尼亚人
[2026-02-22 03:55:08] TheMongolZ的上单本人: 怪不得🌊恨ropz说他抱团,因为他是爱鲨尼亚人喵
[2026-02-22 03:55:08] 全世坠可爱的ZywOo宝宝: goat亲自操刀采访
[2026-02-22 03:55:08] 用户6235382488: 抱团
[2026-02-22 03:55:08] Zagreu5: 烧
[2026-02-22 03:55:08] 最喜欢玩宝宝惹desuwa: 怪不得🌊恨ropz说他抱团,因为他是爱鲨尼亚人喵
[2026-02-22 03:55:08] 你一定不懂吧-: 罗马尼亚是什么意思，不能叫罗马尼冠吗。。。
[2026-02-22 03:55:08] 没有故事的Pluto: 怪不得🌊恨ropz说他抱团,因为他是爱鲨尼亚人
[2026-02-22 03:55:08] 尼尼海海出入平安: 怪不得🌊恨ropz说他抱团,因为他是爱鲨尼亚人
[2026-02-22 03:55:08] 真的没排面: fw
[2026-02-22 03:55:08] 铃铃啷: 蜂美是真没声音 换成某个队伍输了还得嘘对面呢
[2026-02-22 03:55:08] 羽沐言: 怪不得🌊恨ropz说他抱团,因为他是爱鲨尼亚人喵
[2026-02-22 03:55:09] nogodfo4areal: 申请回放robin扫转，同意的加一！
[2026-02-22 03:55:09] i化石-: 怪不得🌊恨ropz说他抱团,因为他是爱鲨尼亚人
[2026-02-22 03:55:09] 午夜甩甩茶: 载物提前拿MVP了
[2026-02-22 03:55:09] Monologue11897: FW今天装糖明天又要美美进货MVP了
[2026-02-22 03:55:09] 蜜蜂的牧濑红莉栖本人: 罗马尼亚是什么意思，不能叫罗马尼冠吗。。。
[2026-02-22 03:55:09] shinano1145: 怪不得🌊恨ropz说他抱团,因为他是爱鲨尼亚人
[2026-02-22 03:55:10] 八重森彌妮: 怪不得🌊恨ropz说他抱团,因为他是爱鲨尼亚人
[2026-02-22 03:55:10] 晋文帝: 布里滋得有一米九了
[2026-02-22 03:55:10] MeIoN39: 怪不得🌊恨ropz说他抱团,因为他是爱鲨尼亚人
[2026-02-22 03:55:10] 爱健身的然然然然然: IDK
[2026-02-22 03:55:11] RichardKwan: zywoo第三十个MVP来了
[2026-02-22 03:55:11] Box强音来袭: 怪不得🌊恨ropz说他抱团,因为他是爱鲨尼亚人
[2026-02-22 03:55:11] MichaelJackson: 银行业才是真的狠载啊
[2026-02-22 03:55:11] 用户6235382488: 怪不得🌊恨ropz说他抱团,因为他是爱鲨尼亚人喵
[2026-02-22 03:55:11] LWJTMAC01: 蜂美是真没声音 换成某个队伍输了还得嘘对面呢
[2026-02-22 03:55:12] 用玩大哥的角磨机吧: 蜂美是真没声音 换成某个队伍输了还得嘘对面呢
[2026-02-22 03:55:12] 骄骄爱吃糖: 怪不得🌊恨ropz说他抱团,因为他是爱鲨尼亚人
[2026-02-22 03:55:12] 丰川祥子口三角初华: 怪不得🌊恨ropz说他抱团,因为他是爱鲨尼亚人
[2026-02-22 03:55:12] Vitaliy的ZywOo本人: 🥵👅🥵👅🥵👅🥵👅🥵👅🥵👅🥵👅🥵👅🥵👅🥵👅🥵👅🥵👅
[2026-02-22 03:55:12] 你想要做我的狗吗: 怪不得🌊恨ropz说他抱团,因为他是爱鲨尼亚人
[2026-02-22 03:55:12] 晨风凌云21146: 感觉30个mvp了啊
[2026-02-22 03:55:12] 水下放电11: 怪不得🌊恨ropz说他抱团,因为他是爱鲨尼亚人
[2026-02-22 03:55:13] 寒枫曳是一头傲空的隼: 怪不得🌊恨ropz说他抱团,因为他是爱鲨尼亚人
[2026-02-22 03:55:13] 久遠寺有珠Alice: 怪不得🌊恨ropz说他抱团,因为他是爱鲨尼亚人
[2026-02-22 03:55:13] s坑华: 怪不得🌊恨ropz说他抱团,因为他是爱鲨尼亚人
[2026-02-22 03:55:13] 终末地干员陈千语: 扫
[2026-02-22 03:55:13] 海绵宝宝小白儿: 布罗利家里就空调喘气也黑啊。。。nb
[2026-02-22 03:55:13] 这是咋肥四鸭: 凌晨四点的洛杉矶，紫金湖人的二十四号球衣，变幻莫测的神秘肘击，四千米高空的直升飞及！
[2026-02-22 03:55:13] 兔子Usaki: 没有罗马尼亚了，只有罗马泥巴墙
[2026-02-22 03:55:14] 小郑121388: 羞活了
[2026-02-22 03:55:14] UFO233: 怪不得🌊恨ropz说他抱团,因为他是爱鲨尼亚人
[2026-02-22 03:55:14] 用户6235382488: 怪不得🌊恨ropz说他抱团,因为他是爱鲨尼亚人喵
[2026-02-22 03:55:14] 深情不过他: 怪不得🌊恨ropz说他抱团,因为他是爱鲨尼亚人
[2026-02-22 03:55:14] 阳光蟑螂维什戴尔: 怪不得🌊恨ropz说他抱团,因为他是爱鲨尼亚人
[2026-02-22 03:55:14] 三零一路公交司机: 怪不得🌊恨ropz说他抱团,因为他是爱鲨尼亚人喵
[2026-02-22 03:55:15] 久遠寺有珠Alice: 怪不得🌊恨ropz说他抱团,因为他是爱鲨尼亚人
[2026-02-22 03:55:15] 宫监手放监: 怪不得🌊恨ropz说他抱团,因为他是爱鲨尼亚人
[2026-02-22 03:55:15] XPMaster: MVP
[2026-02-22 03:55:15] sunsu1ne: 怪不得🌊恨ropz说他抱团,因为他是爱鲨尼亚人喵
[2026-02-22 03:55:15] 无7441158: 怪不得🌊恨ropz说他抱团,因为他是爱鲨尼亚人
[2026-02-22 03:55:15] 用户5431385679: 怪不得🌊恨ropz说他抱团,因为他是爱鲨尼亚人
[2026-02-22 03:55:16] 今晚深渊结算262: 一分钟内发一条弹幕，冷却至少60秒
[2026-02-22 03:55:16] 明天就和蕾塞结婚: 别勾八给这蒙美镜头了
[2026-02-22 03:55:16] azo808: 怪不得🌊恨ropz说他抱团,因为他是爱鲨尼亚人
[2026-02-22 03:55:16] dark1337: 选了个最菜的
[2026-02-22 03:55:17] 泪水的冷冽: 炼金了
[2026-02-22 03:55:17] 玩大人查到自贡了: 蜂美是真没声音 换成某个队伍输了还得嘘对面呢
[2026-02-22 03:55:17] 袁雨桢的小酥肉本肉: 怪不得🌊恨ropz说他抱团,因为他是爱鲨尼亚人
[2026-02-22 03:55:17] 斗鱼用户4901183769: 怪不得🌊恨ropz说他抱团,因为他是爱鲨尼亚人
[2026-02-22 03:55:17] 落天华: 蜂美是真没声音 换成某个队伍输了还得嘘对面呢
[2026-02-22 03:55:17] Rosie1st: 这些队淘汰赛遇到小蜜蜂真是噩梦啊，只有猎鹰有机会赢小蜜蜂
[2026-02-22 03:55:17] 玩爱音丶Soyorin: 怪不得🌊恨ropz说他抱团,因为他是爱鲨尼亚人
[2026-02-22 03:55:17] 黒塚青葉: 感觉30个mvp了啊
[2026-02-22 03:55:17] 用户3661578: 弹幕太有梗了
[2026-02-22 03:55:18] M海豚有海M: 怪不得🌊恨ropz说他抱团,因为他是爱鲨尼亚人
[2026-02-22 03:55:18] 鮰黩嬷: 感觉猎鹰把这5个人买下来major稳了啊
[2026-02-22 03:55:18] 红魔馆的蕾米莉亚本人: 怪不得🌊恨ropz说他抱团,因为他是爱鲨尼亚人
[2026-02-22 03:55:18] Mahuyu: another grand final
[2026-02-22 03:55:18] 用户4933290078: 怪不得🌊恨ropz说他抱团,因为他是爱鲨尼亚人
[2026-02-22 03:55:18] 果内: 银行业才是真的狠载啊
[2026-02-22 03:55:19] 否要面孔: 期待上帝
[2026-02-22 03:55:19] 玩刘农device: 怎么又是尼又是亚，就不能叫尼冠吗
[2026-02-22 03:55:19] 久遠寺有珠Alice: 怪不得🌊恨ropz说他抱团,因为他是爱鲨尼亚人
[2026-02-22 03:55:19] 阿飞飞啊分: 怪不得🌊恨ropz说他抱团,因为他是爱鲨尼亚人
[2026-02-22 03:55:19] 玩道歉丶44min: 蜂美是真没声音 换成某个队伍输了还得嘘对面呢
[2026-02-22 03:55:20] fx战士久留美: 怪不得🌊恨ropz说他抱团,因为他是爱鲨尼亚人
[2026-02-22 03:55:20] 忽孝山庄: 怪不得🌊恨ropz说他抱团,因为他是爱鲨尼亚人
[2026-02-22 03:55:21] 用户6235382488: 蜂美是真没声音 换成某个队伍输了还得嘘对面呢
[2026-02-22 03:55:21] 海绵宝宝小白儿: 布罗利家里就空调喘气也黑啊。。。nb
[2026-02-22 03:55:21] 秋Fc: 怪不得🌊恨ropz说他抱团,因为他是爱鲨尼亚人
[2026-02-22 03:55:22] 玩台钳丶阿尔托莉雅: 布罗利家里就空调喘气也黑啊。。。nb
[2026-02-22 03:55:22] 最喜欢玩宝宝惹desuwa: 蜂美是真没声音 换成某个队伍输了还得嘘对面呢
[2026-02-22 03:55:22] -breeze143: 银行业
[2026-02-22 03:55:22] 用户7965707956: 怪不得🌊恨ropz说他抱团,因为他是爱鲨尼亚人
[2026-02-22 03:55:22] ElfSenIor: 没有罗马尼亚了，只有罗马泥巴墙
[2026-02-22 03:55:22] 落泪改名含泪: 怪不得🌊恨ropz说他抱团,因为他是爱鲨尼亚人
[2026-02-22 03:55:22] 猫很好的小乖: 怪不得🌊恨ropz说他抱团,因为他是爱鲨尼亚人喵
[2026-02-22 03:55:22] Mouz的X9本人: 蜂美是真没声音 换成某个队伍输了还得嘘对面呢
[2026-02-22 03:55:23] jsir6688: 怪不得🌊恨ropz说他抱团,因为他是爱鲨尼亚人
[2026-02-22 03:55:23] 久遠寺有珠Alice: 怪不得🌊恨ropz说他抱团,因为他是爱鲨尼亚人
[2026-02-22 03:55:23] fx战士久留美: 怪不得🌊恨ropz说他抱团,因为他是爱鲨尼亚人
[2026-02-22 03:55:23] musherzin: 怪不得🌊恨ropz说他抱团,因为他是爱鲨尼亚人喵
[2026-02-22 03:55:23] Asaki薯片: zywoo第三十个MVP来了
[2026-02-22 03:55:23] 肆意啦啦啦: 怪不得🌊恨ropz说他抱团,因为他是爱鲨尼亚人
[2026-02-22 03:55:23] 后巷247: 怪不得🌊恨ropz说他抱团,因为他是爱鲨尼亚人
[2026-02-22 03:55:24] 喵蹄丝: 选了个最菜的
[2026-02-22 03:55:24] 刘培茄的初恋: 。
[2026-02-22 03:55:24] 胖胖胖胖胖胖pig: 怪不得🌊恨ropz说他抱团,因为他是爱鲨尼亚人
[2026-02-22 03:55:24] yuuik27: 怪不得🌊恨ropz说他抱团,因为他是爱鲨尼亚人
[2026-02-22 03:55:25] 长期素食从不熬夜: 怪不得🌊恨ropz说他抱团,因为他是爱鲨尼亚人
[2026-02-22 03:55:25] 天帝哒哒子: 怪不得🌊恨ropz说他抱团,因为他是爱鲨尼亚人
[2026-02-22 03:55:25] 第一空mi0: 我提一嘴有人说图二结束还要炼一炉
[2026-02-22 03:55:25] 月光下魔術師30281: 蜂美是真没声音 换成某个队伍输了还得嘘对面呢
[2026-02-22 03:55:25] 说得道理: 怪不得🌊恨ropz说他抱团,因为他是爱鲨尼亚人
[2026-02-22 03:55:25] 用户4500726667: 怪不得🌊恨ropz说他抱团,因为他是爱鲨尼亚人
[2026-02-22 03:55:26] 想看老师打黄金赛: 中胖
[2026-02-22 03:55:26] 人中黄阿西乐: 怪不得🌊恨ropz说他抱团,因为他是爱鲨尼亚人
[2026-02-22 03:55:26] 石家庄的宠物男孩: 怪不得🌊恨ropz说他抱团,因为他是爱鲨尼亚人
[2026-02-22 03:55:26] 下划线逗号下划线叹号: 怪不得🌊恨ropz说他抱团,因为他是爱鲨尼亚人
[2026-02-22 03:55:26] NicolaiReedtz666: 怪不得🌊恨ropz说他抱团,因为他是爱鲨尼亚人喵
[2026-02-22 03:55:27] 青绿色的优越: 怎么老是说着说着没声音，只有我这样？
[2026-02-22 03:55:27] 离婚就看玩机器: 不听不听王八念经
[2026-02-22 03:55:27] 绝食十年攒爱top3飞机: 怪不得🌊恨ropz说他抱团,因为他是爱鲨尼亚人
[2026-02-22 03:55:27] richardlee97: 怪不得🌊恨ropz说他抱团,因为他是爱鲨尼亚人
[2026-02-22 03:55:27] 十点差49分: 怪不得🌊恨ropz说他抱团,因为他是爱鲨尼亚人
[2026-02-22 03:55:28] 玩爱音丶Anno: 感觉32个mvp了
[2026-02-22 03:55:28] 好姐妹索菲亚: 怪不得🌊恨ropz说他抱团,因为他是爱鲨尼亚人喵
[2026-02-22 03:55:28] Akiba的牧濑红莉栖本人: 怪不得🌊恨ropz说他抱团,因为他是爱鲨尼亚人
[2026-02-22 03:55:28] 阿飞飞啊分: 布罗利家里就空调喘气也黑啊。。。nb
[2026-02-22 03:55:28] 用户202155610: 怪不得🌊恨ropz说他抱团,因为他是爱鲨尼亚人
[2026-02-22 03:55:28] 我是大人咯只带电子表: 怪不得🌊恨ropz说他抱团,因为他是爱鲨尼亚人
[2026-02-22 03:55:28] 红魔馆的蕾米莉亚本人: 怪不得🌊恨ropz说他抱团,因为他是爱鲨尼亚人
[2026-02-22 03:55:29] 鸭硕的哈撒给: 布罗利家里就空调喘气也黑啊。。。nb
[2026-02-22 03:55:29] 小蜜蜂的长期素食本人: 摇头晃脑
[2026-02-22 03:55:29] 我在天台等你跳: 怪不得🌊恨ropz说他抱团,因为他是爱鲨尼亚人
[2026-02-22 03:55:29] 莱茵河畔本人: 怪不得🌊恨ropz说他抱团,因为他是爱鲨尼亚人
[2026-02-22 03:55:29] 爱你啵啵Midori: 蜂美是真没声音 换成某个队伍输了还得嘘对面呢
[2026-02-22 03:55:29] Crych1c的若叶睦本人: 选了个最菜的
[2026-02-22 03:55:29] 星海羽弦: 怪不得🌊恨ropz说他抱团,因为他是爱鲨尼亚人喵
[2026-02-22 03:55:29] Flynnnnnnn: 蜂美是真没声音 换成某个队伍输了还得嘘对面呢
[2026-02-22 03:55:30] 三份鐘熱度: 布罗利家里就空调喘气也黑啊。。。nb
[2026-02-22 03:55:30] 扣一认我作叠: 怪不得🌊恨ropz说他抱团,因为他是爱鲨尼亚人
[2026-02-22 03:55:30] 最喜欢玩宝宝惹desuwa: 布罗利家里就空调喘气也黑啊。。。nb
[2026-02-22 03:55:30] 小郑121388: 蜂美是真没声音 换成某个队伍输了还得嘘对面呢
[2026-02-22 03:55:30] 长忆长安: 怪不得🌊恨ropz说他抱团,因为他是爱鲨尼亚人
[2026-02-22 03:55:31] Steam丶COCO: 　　　 怪不得🌊恨ropz说他抱团,因为他是爱鲨尼亚人
[2026-02-22 03:55:31] 射命丸文文句号: 摇头晃脑
[2026-02-22 03:55:31] 大梦464: 　　　 载🐖又躺着赢了，玩🐖也切割你吹fw，布罗利血管气爆几根🤣
[2026-02-22 03:55:31] 追凤先生缝老八: 蜂美是真没声音 换成某个队伍输了还得嘘对面呢
[2026-02-22 03:55:31] 沸物贝利亚大王: 怪不得🌊恨ropz说他抱团,因为他是爱
[2026-02-22 03:55:31] 丹cin: 怪不得🌊恨ropz说他抱团,因为他是爱鲨尼亚人
[2026-02-22 03:55:31] 红色有角三倍速的夏亚: 怪不得🌊恨ropz说他抱团,因为他是爱鲨尼亚人
[2026-02-22 03:55:32] Zxj1ing: 蜂美是真没声音 换成某个队伍输了还得嘘对面呢
[2026-02-22 03:55:32] 哆啦梦梦123: 蜂美是真没声音 换成某个队伍输了还得嘘对面呢
[2026-02-22 03:55:32] PYDGS: 依旧摇头晃脑
[2026-02-22 03:55:32] Little丶Monster1: 银行业脸色不对了
[2026-02-22 03:55:32] 橙黄双翼: 公式
[2026-02-22 03:55:33] 好姐妹河北省花: 经典摇头晃脑
[2026-02-22 03:55:33] pula4: 怪不得🌊恨ropz说他抱团,因为他是爱鲨尼亚人
[2026-02-22 03:55:34] 用户00137810: 怪不得🌊恨ropz说他抱团,因为他是爱鲨尼亚人
[2026-02-22 03:55:34] 椎名立希本人: 怪不得🌊恨ropz说他抱团,因为他是爱鲨尼亚人
[2026-02-22 03:55:34] 箱监大寒焦: 怪不得🌊恨ropz说他抱团,因为他是爱鲨尼亚人
[2026-02-22 03:55:34] 王大胆胆子大王: 插兜插兜插兜
[2026-02-22 03:55:34] xuzVan: 公式化发言
[2026-02-22 03:55:35] Zyw0o丿: 怪不得🌊恨ropz说他抱团,因为他是爱鲨尼亚人
[2026-02-22 03:55:35] 草莓冰酪: 蜂美是真没声音 换成某个队伍输了还得嘘对面呢
[2026-02-22 03:55:35] 爱健身的然然然然然: 还在晃避头线呢
[2026-02-22 03:55:35] 我木JJ怕个锤子: 怪不得🌊恨ropz说他抱团,因为他是爱鲨尼亚人
[2026-02-22 03:55:35] 磊子哥立大功: 怪不得🌊恨ropz说他抱团,因为他是爱鲨尼亚人
[2026-02-22 03:55:35] Vitality的Zyw0o本人: 怪不得🌊恨ropz说他抱团,因为他是爱鲨尼亚人
[2026-02-22 03:55:35] 玉蜀黍巧克力: 公式
[2026-02-22 03:55:35] 柚子厨0721: 怪不得🌊恨ropz说他抱团,因为他是爱鲨尼亚人喵
[2026-02-22 03:55:35] 用户5608006019: 怪不得🌊恨ropz说他抱团,因为他是爱鲨尼亚人
[2026-02-22 03:55:36] 洛陽城里看落陽: 布罗利家里就空调喘气也黑啊。。。nb
[2026-02-22 03:55:36] 浅滩搁浅船: 怪不得🌊恨ropz说他抱团,因为他是爱鲨尼亚人
[2026-02-22 03:55:36] nw21g244: 感觉载物接受采访时候比拿mvp还紧张啊
[2026-02-22 03:55:36] 话花华画滑化划: 摇头晃脑
[2026-02-22 03:55:37] 冲上云霄的姨: 怪不得🌊恨ropz说他抱团,因为他是爱鲨尼亚人喵
[2026-02-22 03:55:37] 红魔馆的蕾米莉亚本人: 怪不得🌊恨ropz说他抱团,因为他是爱鲨尼亚人
[2026-02-22 03:55:37] 硫磺祥: 公式
[2026-02-22 03:55:37] 我有一对电动大牛子: 公式化采访
[2026-02-22 03:55:38] asphyxiaddd: 怪不得🌊恨ropz说他抱团,因为他是爱鲨尼亚人
[2026-02-22 03:55:38] 用户9921747043: 布罗利今天不得躺床上睡不着掉小珍珠啊
[2026-02-22 03:55:38] MeIoN39: 蜂美是真没声音 换成某个队伍输了还得嘘对面呢
[2026-02-22 03:55:38] Mouz的X9本人:  @蜂美是真没声音 换成某个队伍输了还得嘘对面呢
[2026-02-22 03:55:39] Raven只羡鸳鸯: 怪不得🌊恨ropz说他抱团,因为他是爱鲨尼亚人
[2026-02-22 03:55:39] jjc玩神祝我生日快乐: 怪不得🌊恨ropz说他抱团,因为他是爱鲨尼亚人
[2026-02-22 03:55:39] 歌谷爱墨迹: 公式
[2026-02-22 03:55:39] 鹿公爷: 怪不得🌊恨ropz说他抱团,因为他是爱鲨尼亚人
[2026-02-22 03:55:40] Asaki薯片: 经典摇头晃脑
[2026-02-22 03:55:40] 神人吃答辩: 怪不得🌊恨ropz说他抱团,因为他是爱鲨尼亚人
[2026-02-22 03:55:40] 无消息AT: 蜂美是真没声音 换成某个队伍输了还得嘘对面呢
[2026-02-22 03:55:40] 蜜蜂的牧濑红莉栖本人: 还是得说，你玩FW和别人不一样，因为你有Ropz
[2026-02-22 03:55:40] monster7468: 公式
[2026-02-22 03:55:40] 用户6235382488: 到了沙二你就看小孩怎么狙吧
[2026-02-22 03:55:40] 我永远喜欢隐刀蚂蚁: 怪不得🌊恨ropz说他抱团,因为他是爱鲨尼亚人
[2026-02-22 03:55:40] EEEEEEElmer: 怪不得🌊恨ropz说他抱团,因为他是爱鲨尼亚人
[2026-02-22 03:55:41] 没有故事的Pluto: 公式
[2026-02-22 03:55:41] Crychiccc的若叶睦本人: 看到蜜蜂赢了你又坐立难安如坐针毡了？
[2026-02-22 03:55:41] 大姜饼: 怪不得🌊恨ropz说他抱团,因为他是爱鲨尼亚人
[2026-02-22 03:55:41] 马楼King张三: 公式摇头
[2026-02-22 03:55:41] 宫监手放监: ROG真是圣人，在这个节骨眼赞助玩÷让他登不了山还得嗯吹他最恨的载物👍
[2026-02-22 03:55:41] Zyw0o丿: 怪不得🌊恨ropz说他抱团,因为他是爱鲨尼亚人
[2026-02-22 03:55:41] sSynny: 怪不得🌊恨ropz说他抱团,因为他是爱鲨尼亚人
[2026-02-22 03:55:42] N1coZer4: 经典摇头晃脑
[2026-02-22 03:55:42] 聪明的琪露诺: 森孝来采访了
[2026-02-22 03:55:42] 好兄弟鲁迪乌斯: 蜂美是真没声音 换成某个队伍输了还得嘘对面呢
[2026-02-22 03:55:42] 看死Herbaut就杀了你: 怪不得🌊恨ropz说他抱团,因为他是爱鲨尼亚人喵
[2026-02-22 03:55:42] MrSolut1on: 经典摇头晃脑
[2026-02-22 03:55:43] 强尼银手VVV: 公式化发言
[2026-02-22 03:55:43] u87WRLD: 公式
[2026-02-22 03:55:43] 6657Bullys1mple: 怪不得🌊恨ropz说他抱团,因为他是爱鲨尼亚人
[2026-02-22 03:55:43] papacarrot: 布罗利家里就空调喘气也黑啊。。。nb
[2026-02-22 03:55:44] 钟意你好多年: idk Agame
[2026-02-22 03:55:44] 深情不过他: 蜂美是真没声音 换成某个队伍输了还得嘘对面呢
[2026-02-22 03:55:44] 糖嗜综合征: idk
[2026-02-22 03:55:44] 鸭硕的哈撒给: sick
[2026-02-22 03:55:44] 瑭珏: 公式
[2026-02-22 03:55:44] 双刀牛TMac: 怪不得🌊恨ropz说他抱团,因为他是爱鲨尼亚人
[2026-02-22 03:55:45] 小蜜蜂的长期素食本人: sick
[2026-02-22 03:55:45] 强尼银手VVV: 经典摇头晃脑
[2026-02-22 03:55:45] 银行业本人: 公式
[2026-02-22 03:55:45] efsd8: seak
[2026-02-22 03:55:46] 海绵宝宝小白儿: 布罗利家里就空调喘气也黑啊。。。nb
[2026-02-22 03:55:46] 吉吉的Niko本人: 怪不得🌊恨ropz说他抱团,因为他是爱鲨尼亚人
[2026-02-22 03:55:46] 林有为丶: 蜂美是真没声音 换成某个队伍输了还得嘘对面呢
[2026-02-22 03:55:46] ElfSenIor: 怪不得🌊恨ropz说他抱团,因为他是爱鲨尼亚人
[2026-02-22 03:55:46] 微笑灬雨凝:  @蜂美是真没声音 换成某个队伍输了还得嘘对面呢
[2026-02-22 03:55:46] Peko-: 怪不得🌊恨ropz说他抱团,因为他是爱鲨尼亚人
[2026-02-22 03:55:47] 鳃余聋丶使用鳃咬: 闭上你的猪嘴老子听得懂
[2026-02-22 03:55:47] xywsl836: 怪不得🌊恨ropz说他抱团,因为他是爱鲨尼亚人
[2026-02-22 03:55:47] Abc丶Ss: 怪不得🌊恨ropz说他抱团,因为他是爱鲨尼亚人
[2026-02-22 03:55:48] 请吃鸡蛋ovo: 怪不得🌊恨ropz说他抱团,因为他是爱鲨尼亚人
[2026-02-22 03:55:48] 旋律的主人丰川祥子: 这罗马尼亚不如波士顿尼亚好听有懂的吗
[2026-02-22 03:55:49] Aurorayyyy: 怪不得🌊恨ropz说他抱团,因为他是爱鲨尼亚人
[2026-02-22 03:55:49] 十点差49分:  @蜂美是真没声音 换成某个队伍输了还得嘘对面呢
[2026-02-22 03:55:49] 葬送的芙蓉王: 小身位peek
[2026-02-22 03:55:49] 喵蹄丝: 还是得说，你玩FW和别人不一样，因为你有Ropz
[2026-02-22 03:55:49] 煤老板917: 能不能换meizi来啊，听不懂都
[2026-02-22 03:55:49] 爱你啵啵Midori: 怪不得🌊恨ropz说他抱团,因为他是爱鲨尼亚人
[2026-02-22 03:55:49] 开朗若叶睦: 看到蜜蜂赢了你又坐立难安如坐针毡了？
[2026-02-22 03:55:49] 好哥们黑龙歼灭刀: 看到蜜蜂赢了你又坐立难安如坐针毡了？
[2026-02-22 03:55:49] 落泪改名含泪: 蜂美是真没声音 换成某个队伍输了还得嘘对面呢
[2026-02-22 03:55:50] ropz的911本人: 怪不得🌊恨ropz说他抱团,因为他是爱鲨尼亚人
[2026-02-22 03:55:50] 玩机器的小jj: 病态罗宾
[2026-02-22 03:55:51] 想你演唱会: 布罗利家里就空调喘气也黑啊。。。nb
[2026-02-22 03:55:51] 用户80930680: 怪不得🌊恨ropz说他抱团,因为他是爱鲨尼亚人喵
[2026-02-22 03:55:51] 寄驶者: 蜂美是真没声音 换成某个队伍输了还得嘘对面呢
[2026-02-22 03:55:52] 十点差49分: ROG真是圣人，在这个节骨眼赞助玩÷让他登不了山还得嗯吹他最恨的载物👍
[2026-02-22 03:55:52] Aleksumimi: @五香蛋 五香蛋我命令你马上切lak最后ropz扫转3杀，收到十1
[2026-02-22 03:55:52] 8胆小鬼8: 怪不得🌊恨ropz说他抱团,因为他是爱鲨尼亚人
[2026-02-22 03:55:53] 双双切克闹: 当年我双手插兜
[2026-02-22 03:55:53] 青年058: 大的说一下今天还有比赛吗，小的当没看见就是了
[2026-02-22 03:55:53] Som丶nus: 怪不得🌊恨ropz说他抱团,因为他是爱鲨尼亚人
[2026-02-22 03:55:53] 爱被小泉吃的拉面同学: 蜂美是真没声音 换成某个队伍输了还得嘘对面呢
[2026-02-22 03:55:53] 本间芽衣子ya: 怪不得🌊恨ropz说他抱团,因为他是爱鲨尼亚人
[2026-02-22 03:55:53] C0C00N: 布罗利家里就空调喘气也黑啊。。。nb
[2026-02-22 03:55:54] 好哥们烈永周: 怪不得🌊恨ropz说他抱团,因为他是爱鲨尼亚人
[2026-02-22 03:55:54] 好姐妹索菲亚: 病态罗宾
[2026-02-22 03:55:54] 用户2262650671: 怪不得🌊恨ropz说他抱团,因为他是爱鲨尼亚人
[2026-02-22 03:55:55] kaleid0: fw采访没意思别看了
[2026-02-22 03:55:57] 玩艾玛丶Hiro: 怪不得🌊恨ropz说他抱团,因为他是爱鲨尼亚人
[2026-02-22 03:55:57] 鸭硕的哈撒给: 怪不得🌊恨ropz说他抱团,因为他是爱鲨尼亚人
[2026-02-22 03:55:57] 瑾年安好嘉木相思: 怪不得🌊恨ropz说他抱团,因为他是爱鲨尼亚人
[2026-02-22 03:55:57] 八岁bayears: 怪不得🌊恨ropz说他抱团,因为他是爱鲨尼亚人
[2026-02-22 03:55:57] 罗湖古天樂: 蜂美是真没声音 换成某个队伍输了还得嘘对面呢
[2026-02-22 03:55:57] 用户9921747043: 怪不得🌊恨ropz说他抱团,因为他是爱鲨尼亚人
[2026-02-22 03:55:57] Asaki薯片: 布罗利家里就空调喘气也黑啊。。。nb
[2026-02-22 03:55:57] 玩爱音丶Anno: @五香蛋 五香蛋我命令你马上切lak最后ropz扫转3杀，收到十1
[2026-02-22 03:55:57] 洁身自好处男有为青年: sick
[2026-02-22 03:55:57] Crythic的羊宫妃那本人: 这罗马尼亚不如波士顿尼亚好听有懂的吗
[2026-02-22 03:55:59] 蜜蜂的牧濑红莉栖本人: @五香蛋 五香蛋我命令你马上切lak最后ropz扫转3杀，收到十1
[2026-02-22 03:55:59] 龙文鞭影03922: 怪不得🌊恨ropz说他抱团,因为他是爱鲨尼亚人
[2026-02-22 03:55:59] 爱被小泉吃的拉面同学: 看到蜜蜂赢了你又坐立难安如坐针毡了？
[2026-02-22 03:55:59] 用户4743944990: 经典摇头晃脑
[2026-02-22 03:55:59] Rew1nnd: 怪不得🌊恨ropz说他抱团,因为他是爱鲨尼亚人终末地
[2026-02-22 03:56:00] 皇马卧底巴托梅乌: 怪不得🌊恨ropz说他抱团,因为他是爱鲨尼亚人
[2026-02-22 03:56:01] 最喜欢玩宝宝惹desuwa: 看到蜜蜂赢了你又坐立难安如坐针毡了？
[2026-02-22 03:56:01] 神奥联盟的竹兰本人: 蜂美是真没声音 换成某个队伍输了还得嘘对面呢
[2026-02-22 03:56:01] 机器机器祝你天天开心: 病态罗宾
[2026-02-22 03:56:01] 可丶乐乐乐乐: 怪不得🌊恨ropz说他抱团,因为他是爱鲨尼亚人
[2026-02-22 03:56:01] JuXDg3: 蜂美是真没声音 换成某个队伍输了还得嘘对面呢
[2026-02-22 03:56:01] G2的APEX本人: 罗宾在s4的时候就一直说ropz不是人
[2026-02-22 03:56:02] 林有为丶: ROG真是圣人，在这个节骨眼赞助玩÷让他登不了山还得嗯吹他最恨的载物👍
[2026-02-22 03:56:03] AZ4664: 怪不得🌊恨ropz说他抱团,因为他是爱鲨尼亚人
[2026-02-22 03:56:03] MeIoN39: 经典摇头晃脑
[2026-02-22 03:56:03] 车路士的凯赛多本人: sick mathieu
[2026-02-22 03:56:03] 洁身自好处男有为青年: 病态罗宾
[2026-02-22 03:56:03] fpx丶: 蜂美是真没声音 换成某个队伍输了还得嘘对面呢
[2026-02-22 03:56:03] 草莓冰酪: 蜂美是真没声音 换成某个队伍输了还得嘘对面呢
[2026-02-22 03:56:03] 用户00137810: ROG真是圣人，在这个节骨眼赞助玩÷让他登不了山还得嗯吹他最恨的载物👍
[2026-02-22 03:56:03] 最强反派Vitality: 蜂美是真没声音 换成某个队伍输了还得嘘对面呢
[2026-02-22 03:56:03] 无7441158: 大的说一下今天还有比赛吗，小的当没看见就是了
[2026-02-22 03:56:03] zcyhymine: 怪不得🌊恨ropz说他抱团,因为他是爱鲨尼亚人
[2026-02-22 03:56:04] 八億探长: 蜂美是真没声音 换成某个队伍输了还得嘘对面呢
[2026-02-22 03:56:04] WEYyuki: sick
[2026-02-22 03:56:04] Jeapaulueacor: 怪不得🌊恨ropz说他抱团,因为他是爱鲨尼亚人
[2026-02-22 03:56:04] 这是咋肥四鸭: 凌晨四点的洛杉矶，紫金湖人的二十四号球衣，变幻莫测的神秘肘击，四千米高空的直升飞机！
[2026-02-22 03:56:04] 下划线逗号下划线叹号: 发现没有，玩大哥拳头都捏紧了，是真的恨啊
[2026-02-22 03:56:06] 用玩大哥的角磨机吧:  @爱被小泉吃的拉面同学：看到蜜蜂赢了你又坐立难安如坐针毡了？
[2026-02-22 03:56:06] 卡啊卡卡丶: @五香蛋 五香蛋我命令你马上切lak最后ropz扫转3杀，收到十1
[2026-02-22 03:56:06] 迪奥雷: 全是公式
[2026-02-22 03:56:06] yhyhyhyhyh0909: 蜂美是真没声音 换成某个队伍输了还得嘘对面呢
[2026-02-22 03:56:06] 臭狗熊友邻: 怪不得🌊恨ropz说他抱团,因为他是爱鲨尼亚人
[2026-02-22 03:56:06] wsxj131: 玩大哥，载物要30mvp了，想哭就哭吧
[2026-02-22 03:56:06] 薯薯的大裂谷: 怪不得🌊恨ropz说他抱团,因为他是爱鲨尼亚人
[2026-02-22 03:56:06] Xlin09: @五香蛋 五香蛋我命令你马上切lak最后ropz扫转3杀，收到十1
[2026-02-22 03:56:06] 上船七年没谈过: 经典capacity
[2026-02-22 03:56:06] 喵蹄丝: 怪不得🌊恨ropz说他抱团,因为他是爱鲨尼亚人
[2026-02-22 03:56:07] 苏子慕SZM: @五香蛋 五香蛋我命令你马上切lak最后ropz扫转3杀，收到十1
[2026-02-22 03:56:07] 好姐妹河北省花: 怪不得🌊恨ropz说他抱团,因为他是爱鲨尼亚人
[2026-02-22 03:56:07] 没事小子: idk
[2026-02-22 03:56:07] 腋毛老狗子: @五香蛋 五香蛋我命令你马上切lak最后ropz扫转3杀，收到十1
[2026-02-22 03:56:07] 罕见阴暗大铁牛: 蜂美是真没声音 换成某个队伍输了还得嘘对面呢
[2026-02-22 03:56:08] Y林子Y: 怪不得🌊恨ropz说他抱团,因为他是爱鲨尼亚人喵
[2026-02-22 03:56:09] 记得多微笑DD: 这奖杯上亮什么图标 内定了吗
[2026-02-22 03:56:09] 工藤里没静香了: @五香蛋 五香蛋我命令你马上切lak最后ropz扫转3杀，收到十1
[2026-02-22 03:56:09] ZHR留学失败: 30个MVP要来了吗
[2026-02-22 03:56:09] 藏树于林中: 公式化解说，公式化采访
[2026-02-22 03:56:09] 今晚深渊结算262: @五香蛋 五香蛋我命令你马上切lak最后ropz扫转3杀，收到十1
[2026-02-22 03:56:10] 奈亚亚亚亚亚: 　　　 蜂美是真没声音 换成某个队伍输了还得嘘对面呢
[2026-02-22 03:56:10] 玩家军的猪头肉本人: 蜂美是真没声音 换成某个队伍输了还得嘘对面呢
[2026-02-22 03:56:10] Rew1nnd: 蜂美是真没声音 换成某个队伍输了还得嘘对面呢终末地
[2026-02-22 03:56:11] chanceuxzz: 怪不得🌊恨ropz说他抱团,因为他是爱鲨尼亚人
[2026-02-22 03:56:11] 没有故事的Pluto: 公式解说 公式比赛 公式主持 公式采访
[2026-02-22 03:56:12] 黎那汐塔top2尤诺: 经典摇头晃脑
[2026-02-22 03:56:12] C0C00N:  @下划线逗号下划线叹号：发现没有，玩大哥拳头都捏紧了，是真的恨啊
[2026-02-22 03:56:12] Mortnotz: ROG真是圣人，在这个节骨眼赞助玩÷让他登不了山还得嗯吹他最恨的载物👍
[2026-02-22 03:56:13] 洛陽城里看落陽: 玩大哥，载物要30mvp了，想哭就哭吧
[2026-02-22 03:56:13] 喵蹄丝: @爱被小泉吃的拉面同学：看到蜜蜂赢了你又坐立难安如坐针毡了？
[2026-02-22 03:56:13] dark1337: 怪不得🌊恨ropz说他抱团,因为他是爱鲨尼亚人
[2026-02-22 03:56:14] 星之卡比2333: 蜂美是真没声音 换成某个队伍输了还得嘘对面呢
[2026-02-22 03:56:14] 冲上云霄的姨: 玩大哥，载物要30mvp了，想哭就哭吧
[2026-02-22 03:56:14] Kacyusha: 蜂美是真没声音 换成某个队伍输了还得嘘对面呢
[2026-02-22 03:56:15] azo808: @爱被小泉吃的拉面同学：看到蜜蜂赢了你又坐立难安如坐针毡了？
[2026-02-22 03:56:15] Vitality的羽贺文乃本人: banks，你说载物还不是传奇的牛劲呢？
[2026-02-22 03:56:15] 喃芷哒哒哒: 30个MVP要来了吗
[2026-02-22 03:56:16] 晨风凌云21146: 发现没有，玩大哥拳头都捏紧了，是真的恨啊
[2026-02-22 03:56:16] 包养玩机器的巴西老头: ⚠️伟伟在盗播⚠️伟伟在盗播⚠️伟伟在盗播⚠️伟伟在盗播⚠️
[2026-02-22 03:56:16] 紧握马老师的大雕雕: 病西施罗宾
[2026-02-22 03:56:16] 红魔馆的蕾米莉亚本人: 蜂美是真没声音 换成某个队伍输了还得嘘对面呢
[2026-02-22 03:56:16] TwistcC21: 蜂美是真没声音 换成某个队伍输了还得嘘对面呢
[2026-02-22 03:56:17] 好姐妹一色伊吕波: @五香蛋 五香蛋我命令你马上切lak最后ropz扫转3杀，收到十1
[2026-02-22 03:56:17] sSynny: @五香蛋 五香蛋我命令你马上切lak最后ropz扫转3杀，收到十1：@五香蛋 五香蛋我命
[2026-02-22 03:56:17] 强尼银手VVV: 经典摇头晃脑
[2026-02-22 03:56:17] 无7441158: @五香蛋 五香蛋我命令你马上切lak最后ropz扫转3杀，收到十1
[2026-02-22 03:56:17] Asaki薯片: 玩大哥，载物要30mvp了，想哭就哭吧
[2026-02-22 03:56:18] 芒团: @五香蛋 五香蛋我命令你马上切lak最后ropz扫转3杀，收到十1
[2026-02-22 03:56:18] 玩爱音丶Anno: @爱被小泉吃的拉面同学：看到蜜蜂赢了你又坐立难安如坐针毡了
[2026-02-22 03:56:18] 银行业本人: 怪不得🌊恨ropz说他抱团,因为他是爱鲨尼亚人喵
[2026-02-22 03:56:19] 草莓冰酪: 怪不得🌊恨ropz说他抱团,因为他是爱鲨尼亚人
[2026-02-22 03:56:19] 液体的Rainwaker本人: 黄狗
[2026-02-22 03:56:19] 洞洞载载车车major冠军: 蜂美是真没声音 换成某个队伍输了还得嘘对面呢
[2026-02-22 03:56:19] 蓝二乘1: 依旧左右躲爆头线
[2026-02-22 03:56:20] AL1yaaa: 怪不得🌊恨ropz说他抱团,因为他是爱鲨尼亚人
[2026-02-22 03:56:20] 那就点: 一位谦虚的选手被人身攻击你不管，一条区被骂两句你知道屏蔽了？
[2026-02-22 03:56:20] 玩龟的神头: 玩大哥，载物要30mvp了，想哭就哭吧
[2026-02-22 03:56:21] vongwu: 30个MVP了啊
[2026-02-22 03:56:21] CThun438: 那谁不能做到呀🤭
[2026-02-22 03:56:21] Abyss丶珈百璃: ROG真是圣人，在这个节骨眼赞助玩÷让他登不了山还得嗯吹他最恨的载物👍
[2026-02-22 03:56:22] 怒之拳: 蜂美是真没声音 换成某个队伍输了还得嘘对面呢
[2026-02-22 03:56:22] 秋Fc: 玩大哥，载物要30mvp了，想哭就哭吧
[2026-02-22 03:56:22] 玩迩妈丶master: @五香蛋 五香蛋我命令你马上切lak最后ropz扫转3杀，收到十1
[2026-02-22 03:56:23] 高松灯扣死千早爱音: @五香蛋 五香蛋我命令你马上切lak最后ropz扫转3杀，收到十1
[2026-02-22 03:56:23] 初心在吗: @五香蛋 五香蛋我命令你马上切lak最后ropz扫转3杀，收到十1
[2026-02-22 03:56:24] i化石-: 秋衣爆 了
[2026-02-22 03:56:24] 玩刘农device: 感觉随便夺冠了
[2026-02-22 03:56:24] ericzxc: 载物只有公式采访 
[2026-02-22 03:56:24] 玩爱音丶Anno:  @五香蛋 五香蛋我命令你马上切lak最后ropz扫转3杀，收到十1：@五香蛋 五香蛋我命
[2026-02-22 03:56:24] 糖嗜综合征: @五香蛋 五香蛋我命令你马上切lak最后ropz扫转3杀，收到十1
[2026-02-22 03:56:24] 樂deepdark: 怪不得🌊恨ropz说他抱团,因为他是爱鲨尼亚人
[2026-02-22 03:56:24] 哈哈哈哈哈哈停不下来: @五香蛋 五香蛋我命令你马上切lak最后ropz扫转3杀，收到十1
[2026-02-22 03:56:25] papacarrot: @下划线逗号下划线叹号：发现没有，玩大哥拳头都捏紧了，是真的恨啊
[2026-02-22 03:56:26] Axel-XY: @五香蛋 五香蛋我命令你马上切lak最后ropz扫转3杀，收到十1
[2026-02-22 03:56:26] 千早anon本人: 玩大哥，载物要30mvp了，想哭就哭吧
[2026-02-22 03:56:26] 蜜蜂的牧濑红莉栖本人:  @爱被小泉吃的拉面同学：看到蜜蜂赢了你又坐立难安如坐针毡了？
[2026-02-22 03:56:26] 用户2100686284: 蜂美是真没声音 换成某个队伍输了还得嘘对面呢
[2026-02-22 03:56:26] 好姐妹一色伊吕波: @爱被小泉吃的拉面同学：看到蜜蜂赢了你又坐立难安如坐针毡了
[2026-02-22 03:56:27] 高松灯扣死千早爱音: 蜂美是真没声音 换成某个队伍输了还得嘘对面呢
[2026-02-22 03:56:27] 落天华: 比赛也好好解说了采访也好好看了，玩大哥敬业👍
[2026-02-22 03:56:27] 晨风凌云21146: @五香蛋 五香蛋我命令你马上切lak最后ropz扫转3杀，收到十1
[2026-02-22 03:56:28] 白日梦之主: 　　　 @五香蛋 五香蛋我命令你马上切lak最后ropz扫转3杀，收到十1
[2026-02-22 03:56:29] 顺风AME逆风AMS: 小蜜蜂毁了社区
[2026-02-22 03:56:29] 最喜欢玩宝宝惹desuwa: @五香蛋 五香蛋我命令你马上切lak最后ropz扫转3杀，收到十1
[2026-02-22 03:56:29] 罕见阴暗大铁牛: 蜂美是真没声音 换成某个队伍输了还得嘘对面呢
[2026-02-22 03:56:29] 那就点: 一位谦虚的选手被人身攻击你不管，一条区被骂两句你知道屏蔽了？
[2026-02-22 03:56:29] 番茄大王tmt: 怪不得🌊恨ropz说他抱团,因为他是爱鲨尼亚人
[2026-02-22 03:56:30] QU总的双下巴: 蜂美是真没声音 换成某个队伍输了还得嘘对面呢
[2026-02-22 03:56:30] 想看老师打黄金赛: 公式采访
[2026-02-22 03:56:31] 大爱ING敷: 那谁不能做到
[2026-02-22 03:56:32] 洁身自好处男有为青年: 明天不给上帝狙烂啊？
[2026-02-22 03:56:33] Vitaliy的ZywOo本人: 哈基米🤪！哈基米🤪！哈基米🤪！哈基米🤪！哈基米🤪！
[2026-02-22 03:56:33] 康托尔74920: @五香蛋 五香蛋我命令你马上切lak最后ropz扫转3杀，收到十1
[2026-02-22 03:56:34] 三零一路公交司机: 　　　 @五香蛋 五香蛋我命令你马上切lak最后ropz扫转3杀，收到十1
[2026-02-22 03:56:34] 倒跑的蜗牛: @五香蛋 五香蛋我命令你马上切lak最后ropz扫转3杀，收到十1
[2026-02-22 03:56:34] 草莓冰酪: 蜂美是真没声音 换成某个队伍输了还得嘘对面呢
[2026-02-22 03:56:34] 最爱的马卡龙: @爱被小泉吃的拉面同学：看到蜜蜂赢了你又坐立难安如坐针毡了
[2026-02-22 03:56:35] 放飞梦想12353: 玩大哥，载物要30mvp了，想哭就哭吧
[2026-02-22 03:56:35] P丶ersist丿: @五香蛋 五香蛋我命令你马上切lak最后ropz扫转3杀，收到十1
[2026-02-22 03:56:35] 玩家军的猪头肉本人: @五香蛋 五香蛋我命令你马上切lak最后ropz扫转3杀，收到十1
[2026-02-22 03:56:35] 大裂谷的登山家: @五香蛋 五香蛋我命令你马上切lak最后ropz扫转3杀，收到十1
[2026-02-22 03:56:35] 阿聚TaHa: 蜂美是真没声音 换成某个队伍输了还得嘘对面呢
[2026-02-22 03:56:35] yuuik27: @五香蛋 五香蛋我命令你马上切lak最后ropz扫转3杀，收到十1
[2026-02-22 03:56:35] 银行业本人: 公式
[2026-02-22 03:56:36] 用户7965707956: @爱被小泉吃的拉面同学：看到蜜蜂赢了你又坐立难安如坐针毡了
[2026-02-22 03:56:36] 是是非非blue: 公式
[2026-02-22 03:56:36] 铃铃啷: @爱被小泉吃的拉面同学：看到蜜蜂赢了你又坐立难安如坐针毡了
[2026-02-22 03:56:36] C0C00N:  @好姐妹一色伊吕波：@爱被小泉吃的拉面同学：看到蜜蜂赢了你又坐立难安如坐针毡了
[2026-02-22 03:56:37] 十点差49分: 比赛也好好解说了采访也好好看了，玩大哥敬业👍
[2026-02-22 03:56:37] 果内: @五香蛋 五香蛋我命令你马上切lak最后ropz扫转3杀，收到十1
[2026-02-22 03:56:37] 用玩大哥的角磨机吧: 　　　 一位谦虚的选手被人身攻击你不管，一条区被骂两句你知道屏蔽了？
[2026-02-22 03:56:37] 默默momoMoMo123: @爱被小泉吃的拉面同学：看到蜜蜂赢了你又坐立难安如坐针毡了
[2026-02-22 03:56:38] 99组的爱城华恋本人: @DarrelLH大学教授：刘亦博，你2014年5月7日16:53为什么肄业？我被气晕了现在才醒
[2026-02-22 03:56:38] 爱被小泉吃的拉面同学: 蜂美是真没声音 换成某个队伍输了还得嘘对面呢
[2026-02-22 03:56:38] RyougiAqua: @五香蛋 五香蛋我命令你马上切lak最后ropz扫转3杀，收到十1
[2026-02-22 03:56:39] 宫监手放监: 蜂美是真没声音 换成某个队伍输了还得嘘对面呢
[2026-02-22 03:56:39] 初星学园的筱泽广本人: @五香蛋 五香蛋我命令你马上切lak最后ropz扫转3杀，收到十1
[2026-02-22 03:56:39] 胖胖胖胖胖胖pig: 蜂美是真没声音 换成某个队伍输了还得嘘对面呢
[2026-02-22 03:56:40] User5092: 　　　 @五香蛋 五香蛋我命令你马上切lak最后ropz扫转3杀，收到十1
[2026-02-22 03:56:40] 猪肉佬的青春: 蜂美是真没声音 换成某个队伍输了还得嘘对面呢
[2026-02-22 03:56:40] Cloud9的咬人猫本人: 　　　 @五香蛋 五香蛋我命令你马上切lak最后ropz扫转3杀，收到十1
[2026-02-22 03:56:40] 最喜欢玩宝宝惹desuwa:  一位谦虚的选手被人身攻击你不管，一条区被骂两句你知道屏蔽了？
[2026-02-22 03:56:40] Wardel: 蜂美是真没声音 换成某个队伍输了还得嘘对面呢
[2026-02-22 03:56:40] 出生玩机器: 玩大哥，载物要30mvp了，想哭就哭吧
[2026-02-22 03:56:41] 射命丸文文句号: @五香蛋 五香蛋我命令你马上切lak最后ropz扫转3杀，收到十1
[2026-02-22 03:56:41] 离婚就看玩机器: 这算大满贯赛事吗？？？
[2026-02-22 03:56:41] 阿飞飞啊分: @五香蛋 五香蛋我命令你马上切lak最后ropz扫转3杀，收到十1
[2026-02-22 03:56:41] 好哥们黑龙歼灭刀: @五香蛋 五香蛋我命令你马上切lak最后ropz扫转3杀，收到十1
[2026-02-22 03:56:41] Axel-XY: @爱被小泉吃的拉面同学：看到蜜蜂赢了你又坐立难安如坐针毡了
[2026-02-22 03:56:41] 玩台钳丶阿尔托莉雅: @五香蛋 五香蛋我命令你马上切lak最后ropz扫转3杀，收到十1
[2026-02-22 03:56:41] 玩迩妈丶master: @爱被小泉吃的拉面同学：看到蜜蜂赢了你又坐立难安如坐针毡了
[2026-02-22 03:56:41] Asaki薯片: 一位谦虚的选手被人身攻击你不管，一条区被骂两句你知道屏蔽了？
[2026-02-22 03:56:41] 忽孝山庄:     @五香蛋 五香蛋我命令你马上切lak最后ropz扫转3杀，收到十1
[2026-02-22 03:56:41] 恴恴恴恴恴: @爱被小泉吃的拉面同学：看到蜜蜂赢了你又坐立难安如坐针毡了
[2026-02-22 03:56:41] 柚子厨0721: @五香蛋 五香蛋我命令你马上切lak最后ropz扫转3杀，收到十1
[2026-02-22 03:56:42] 一砚寒清: @五香蛋 五香蛋我命令你马上切lak最后ropz扫转3杀，收到十1
[2026-02-22 03:56:42] 不是朝是朝: @五香蛋 五香蛋我命令你马上切lak最后ropz扫转3杀，收到十1
[2026-02-22 03:56:43] 大姜饼: @五香蛋 五香蛋我命令你马上切lak最后ropz扫转3杀，收到十1
[2026-02-22 03:56:43] 星海羽弦: @五香蛋 五香蛋我命令你马上切lak最后ropz扫转3杀，收到十1
[2026-02-22 03:56:43] 橙黄双翼: 公式 公式
[2026-02-22 03:56:43] 十点差49分: @五香蛋 五香蛋我命令你马上切lak最后ropz扫转3杀，收到十1
[2026-02-22 03:56:44] 破浪的松鼠: 　　　 一位谦虚的选手被人身攻击你不管，一条区被骂两句你知道屏蔽了？
[2026-02-22 03:56:44] 用户9921747043: 终于来了，小蜜蜂vs上帝你知道吗
[2026-02-22 03:56:44] yhyhyhyhyh0909: 蜂美是真没声音 换成某个队伍输了还得嘘对面呢
[2026-02-22 03:56:44] 后巷247: 蜂美是真没声音 换成某个队伍输了还得嘘对面呢
[2026-02-22 03:56:44] 洁身自好处男有为青年: 他这法国口音听得真累啊
[2026-02-22 03:56:44] gsf003x: 玩大哥，载物要30mvp了，想哭就哭吧
[2026-02-22 03:56:44] suicho: 五香蛋ooo你立即删除20w播放的切片并且今后不准再切玩机器！
[2026-02-22 03:56:45] 爆爆爆开爆: 玩大哥，载物要30mvp了，想哭就哭吧
[2026-02-22 03:56:45] 死神塔的特莉波卡本人: 蜂美是真没声音 换成某个队伍输了还得嘘对面呢
[2026-02-22 03:56:45] pppppig1: @五香蛋 五香蛋我命令你马上切lak最后ropz扫转3杀，收到十1
[2026-02-22 03:56:45] 我也喜欢玩机器: @五香蛋 五香蛋我命令你马上切lak最后ropz扫转3杀，收到十1
[2026-02-22 03:56:45] 银行业本人:     @五香蛋 五香蛋我命令你马上切lak最后ropz扫转3杀，收到十1
[2026-02-22 03:56:46] MichaelJackson: jame以前对付apex有一手的
[2026-02-22 03:56:46] 天帝哒哒子: @五香蛋 五香蛋我命令你马上切lak最后ropz扫转3杀，收到十1
[2026-02-22 03:56:46] 窦妪惯例全思慕: 　　　 一位谦虚的选手被人身攻击你不管，一条区被骂两句你知道屏蔽了？
[2026-02-22 03:56:47] -半生瓜Z: 　　　 一位谦虚的选手被人身攻击你不管，一条区被骂两句你知道屏蔽了？
[2026-02-22 03:56:47] ltachi7: idk
[2026-02-22 03:56:47] 下划线逗号下划线叹号:  一位谦虚的选手被人身攻击你不管，一条区被骂两句你知道屏蔽了？
[2026-02-22 03:56:47] 没有真名233: @五香蛋 五香蛋我命令你马上切lak最后ropz扫转3杀，收到十1
[2026-02-22 03:56:47] 用户5608006019: @五香蛋 五香蛋我命令你马上切lak最后ropz扫转3杀，收到十1
[2026-02-22 03:56:48] 量子毁灭717: 没有猎鹰你们就等着小蜜蜂垄断CS赛事吧
[2026-02-22 03:56:49] 陶芸馝: @五香蛋 五香蛋我命令你马上切lak最后ropz扫转3杀，收到十1
[2026-02-22 03:56:49] 骄骄爱吃糖: @五香蛋 五香蛋我命令你马上切lak最后ropz扫转3杀，收到十1
[2026-02-22 03:56:49] 大梦464: 玩大哥，载物要30mvp了，想哭就哭吧
[2026-02-22 03:56:49] 终末地干员陈千语: 公式play our game
[2026-02-22 03:56:49] 最喜欢玩宝宝惹desuwa:  一位谦虚的选手被人身攻击你不管，一条区被骂两句你知道屏蔽了？
[2026-02-22 03:56:50] 东莞的天上没有星星: 经典摇头晃脑躲头线
[2026-02-22 03:56:50] 想跟马云龙舌吻: 蜂美是真没声音 换成某个队伍输了还得嘘对面呢
[2026-02-22 03:56:50] 好姐妹太卜司符玄: @五香蛋 五香蛋我命令你马上切lak最后ropz扫转3杀，收到十1
[2026-02-22 03:56:50] 人活着就是为了玩乐队: @五香蛋 五香蛋我命令你马上切lak最后ropz扫转3杀，收到十1
[2026-02-22 03:56:50] 用玩大哥的角磨机吧:  @星海羽弦：@五香蛋 五香蛋我命令你马上切lak最后ropz扫转3杀，收到十1
[2026-02-22 03:56:50] 车路士的凯赛多本人: 　　　 一位谦虚的选手被人身攻击你不管，一条区被骂两句你知道屏蔽了？
[2026-02-22 03:56:50] Jess2: 玩大哥，载物要30mvp了，想哭就哭吧
[2026-02-22 03:56:50] 一个无趣的人425: @五香蛋 五香蛋我命令你马上切lak最后ropz扫转3杀，收到十1
[2026-02-22 03:56:50] last玩神丶:     一位谦虚的选手被人身攻击你不管，一条区被骂两句你知道屏蔽了？
[2026-02-22 03:56:50] 玩机器今晚还播吗: 载物能帮NIKO复仇成功吗
[2026-02-22 03:56:50] 飞天玉虎zzZ:  一位谦虚的选手被人身攻击你不管，一条区被骂两句你知道屏蔽了？
[2026-02-22 03:56:51] CSTG江叉叉: @五香蛋 五香蛋我命令你马上切lak最后ropz扫转3杀，收到十1
[2026-02-22 03:56:51] 99组的爱城华恋本人: 　　　 一位谦虚的选手被人身攻击你不管，一条区被骂两句你知道屏蔽了？
[2026-02-22 03:56:51] yhyhyhyhyh0909: 蜂美是真没声音 换成某个队伍输了还得嘘对面呢
[2026-02-22 03:56:51] azo808: 　　　 一位谦虚的选手被人身攻击你不管，一条区被骂两句你知道屏蔽了？
[2026-02-22 03:56:51] Zodiac12言: 蜂美是真没声音 换成某个队伍输了还得嘘对面呢
[2026-02-22 03:56:51] XbOvO: @五香蛋 五香蛋我命令你马上切lak最后ropz扫转3杀，收到十1
[2026-02-22 03:56:52] 用户3661578: 无所谓对谁都一样
[2026-02-22 03:56:52] 洛陽城里看落陽:     一位谦虚的选手被人身攻击你不管，一条区被骂两句你知道屏蔽了？
[2026-02-22 03:56:52] 求老仙奶我高考不到600: 公式
[2026-02-22 03:56:52] 結城希亞: @五香蛋 五香蛋我命令你马上切lak最后ropz扫转3杀，收到十1
[2026-02-22 03:56:53] Eternalmoment921:  一位谦虚的选手被人身攻击你不管，一条区被骂两句你知道屏蔽了？
[2026-02-22 03:56:53] 丶绵绵: 　　　 一位谦虚的选手被人身攻击你不管，一条区被骂两句你知道屏蔽了？
[2026-02-22 03:56:53] 白血球FJL: 　　　 一位谦虚的选手被人身攻击你不管，一条区被骂两句你知道屏蔽了？
[2026-02-22 03:56:53] xOcOg: 弹幕别叫五香蛋了，他看lak直播睡着了。。。
[2026-02-22 03:56:54] 鸭硕的哈撒给: 不算大满贯
[2026-02-22 03:56:54] GlockCookie: 　　　 一位谦虚的选手被人身攻击你不管，一条区被骂两句你知道屏蔽了？
[2026-02-22 03:56:54] 深情不过他: 　　　 一位谦虚的选手被人身攻击你不管，一条区被骂两句你知道屏蔽了？
[2026-02-22 03:56:54] 用户5431385679: @五香蛋 五香蛋我命令你马上切lak最后ropz扫转3杀，收到十1
[2026-02-22 03:56:55] 阿飞飞啊分: 一位谦虚的选手被人身攻击你不管，一条区被骂两句你知道屏蔽了？
[2026-02-22 03:56:55] 蜉蝣XwX: ropz沙二rating：2.37
[2026-02-22 03:56:55] 好哥们烈永周: @五香蛋 五香蛋我命令你马上切lak最后ropz扫转3杀，收到十1
[2026-02-22 03:56:56] 格拉利什: 玩大哥，载物要30mvp了，想哭就哭吧
[2026-02-22 03:56:56] 玩台钳丶阿尔托莉雅: 一位谦虚的选手被人身攻击你不管，一条区被骂两句你知道屏蔽了？
[2026-02-22 03:56:56] 老漁服了:     一位谦虚的选手被人身攻击你不管，一条区被骂两句你知道屏蔽了？
[2026-02-22 03:56:56] 亚历克斯Ming: 　　　 一位谦虚的选手被人身攻击你不管，一条区被骂两句你知道屏蔽了？
[2026-02-22 03:56:56] 羽沐言: 　　　 　　　 一位谦虚的选手被人身攻击你不管，一条区被骂两句你知道屏蔽了？
[2026-02-22 03:56:57] 玩龟的神头: 啊啊啊
[2026-02-22 03:56:57] 绝食十年攒爱top3飞机: @五香蛋 五香蛋我命令你马上切lak最后ropz扫转3杀，收到十1
[2026-02-22 03:56:57] 綾夏Ayana: 感觉提前mvp了啊
[2026-02-22 03:56:57] 喝开水的乌龙茶:     @五香蛋 五香蛋我命令你马上切lak最后ropz扫转3杀，收到十1
[2026-02-22 03:56:57] ElfSenIor: monesy：哈哈我终于追上载物的零头啦
[2026-02-22 03:56:57] 马楼King张三: pgl满贯个勾八
[2026-02-22 03:56:58] 罕见阴暗大铁牛:     一位谦虚的选手被人身攻击你不管，一条区被骂两句你知道屏蔽了？
[2026-02-22 03:56:58] 能不能去洗头太恶心了: 　　　 一位谦虚的选手被人身攻击你不管，一条区被骂两句你知道屏蔽了？
[2026-02-22 03:56:58] 用户865861078: 一位谦虚的选手被人身攻击你不管，一条区被骂两句你知道屏蔽了？
[2026-02-22 03:56:58] 开朗若叶睦: 　　　 一位谦虚的选手被人身攻击你不管，一条区被骂两句你知道屏蔽了？
[2026-02-22 03:56:59] 玩爱音丶Anno: @五香蛋 五香蛋我命令你马上切lak最后ropz扫转3杀，收到十1
[2026-02-22 03:56:59] 水中月lzs: 　　　 一位谦虚的选手被人身攻击你不管，一条区被骂两句你知道屏蔽了？
[2026-02-22 03:56:59] 黄色偶像大师:  一位谦虚的选手被人身攻击你不管，一条区被骂两句你知道屏蔽了？
[2026-02-22 03:56:59] 好姐妹一色伊吕波: 弹幕别叫五香蛋了，他看lak直播睡着了。。。
[2026-02-22 03:56:59] 泠鸢不是冷鸢丶: 玩大哥，载物要30mvp了，想哭就哭吧
[2026-02-22 03:57:01] 没有故事的Pluto: fw经典公式化play own game
[2026-02-22 03:57:01] Peko-: 玩大哥，载物要30mvp了，想哭就哭吧
[2026-02-22 03:57:01] 最喜欢玩宝宝惹desuwa: 　　　 一位谦虚的选手被人身攻击你不管，一条区被骂两句你知道屏蔽了？
[2026-02-22 03:57:01] 完斤其、留亦卜:     一位谦虚的选手被人身攻击你不管，一条区被骂两句你知道屏蔽了？
[2026-02-22 03:57:01] 改下名就能中111: 　　　 　　　 一位谦虚的选手被人身攻击你不管，一条区被骂两句你知道屏蔽了？
[2026-02-22 03:57:05] Zxj1ing: 一位谦虚的选手被人身攻击你不管，一条区被骂两句你知道屏蔽了？
[2026-02-22 03:57:05] zzzhr698: 　　　 一位谦虚的选手被人身攻击你不管，一条区被骂两句你知道屏蔽了？
[2026-02-22 03:57:05] MeIoN39: 玩大哥，载物要30mvp了，想哭就哭吧
[2026-02-22 03:57:05] 鸭血豆腐也行: 　　　 一位谦虚的选手被人身攻击你不管，一条区被骂两句你知道屏蔽了？
[2026-02-22 03:57:05] 阿飞飞啊分: 一位谦虚的选手被人身攻击你不管，一条区被骂两句你知道屏蔽了？
[2026-02-22 03:57:05] P丶ersist丿: 一位谦虚的选手被人身攻击你不管，一条区被骂两句你知道屏蔽了？
[2026-02-22 03:57:05] wsxj131: 不对啊，我怎么看昨天赢的接受采访都是被嘘的啊
[2026-02-22 03:57:05] KRU的Less本人: 一位谦虚的选手被人身攻击你不管，一条区被骂两句你知道屏蔽了？
[2026-02-22 03:57:05] 玩机器今晚还播吗:     一位谦虚的选手被人身攻击你不管，一条区被骂两句你知道屏蔽了？
[2026-02-22 03:57:05] 春日長崎素世影: 弹幕别叫五香蛋了，他看lak直播睡着了。。。
[2026-02-22 03:57:05] 喝开水的乌龙茶: 弹幕别叫五香蛋了，他看lak直播睡着了。。。
[2026-02-22 03:57:05] 无7441158:     一位谦虚的选手被人身攻击你不管，一条区被骂两句你知道屏蔽了？
[2026-02-22 03:57:05] 主播像咆哮魔: 　　　 　　　 一位谦虚的选手被人身攻击你不管，一条区被骂两句你知道屏蔽了？
[2026-02-22 03:57:05] Jess2:  一位谦虚的选手被人身攻击你不管，一条区被骂两句你知道屏蔽了？
[2026-02-22 03:57:05] 默默momoMoMo123:  一位谦虚的选手被人身攻击你不管，一条区被骂两句你知道屏蔽了？
[2026-02-22 03:57:05] C0C00N:     一位谦虚的选手被人身攻击你不管，一条区被骂两句你知道屏蔽了？
[2026-02-22 03:57:05] DogRa1nFans:         一位谦虚的选手被人身攻击你不管，一条区被骂两句你知道屏蔽了？
[2026-02-22 03:57:06] xOcOg: 弹幕别叫五香蛋了，他看lak直播睡着了。。。
[2026-02-22 03:57:06] 超人弦卷心: 　　　 一位谦虚的选手被人身攻击你不管，一条区被骂两句你知道屏蔽了？
[2026-02-22 03:57:06] 没有真名233: 一位谦虚的选手被人身攻击你不管，一条区被骂两句你知道屏蔽了？
[2026-02-22 03:57:06] 齐格哈尔德:     @五香蛋 五香蛋我命令你马上切lak最后ropz扫转3杀，收到十1
[2026-02-22 03:57:06] 超鸡丶鸡毛:     一位谦虚的选手被人身攻击你不管，一条区被骂两句你知道屏蔽了？
[2026-02-22 03:57:06] 看死Herbaut就杀了你: 　　　 一位谦虚的选手被人身攻击你不管，一条区被骂两句你知道屏蔽了？
[2026-02-22 03:57:07] 明天就和蕾塞结婚:  一位谦虚的选手被人身攻击你不管，一条区被骂两句你知道屏蔽了？
[2026-02-22 03:57:07] 用玩大哥的角磨机吧: 一位谦虚的选手被人身攻击你不管，一条区被骂两句你知道屏蔽了？
[2026-02-22 03:57:07] 电子厂表演艺术家:     一位谦虚的选手被人身攻击你不管，一条区被骂两句你知道屏蔽了？
[2026-02-22 03:57:07] 喵蹄丝: 弹幕别叫五香蛋了，他看lak直播睡着了。。。
[2026-02-22 03:57:07] 无心睡眠zy: 公式play our game
[2026-02-22 03:57:07] 海绵宝宝小白儿:  一位谦虚的选手被人身攻击你不管，一条区被骂两句你知道屏蔽了？
[2026-02-22 03:57:07] Y林子Y: @五香蛋 五香蛋我命令你马上切lak最后ropz扫转3杀，收到十1
[2026-02-22 03:57:07] 是印花啊: 一位谦虚的选手被人身攻击你不管，一条区被骂两句你知道屏蔽了？喵
[2026-02-22 03:57:08] yhyhyhyhyh0909:     一位谦虚的选手被人身攻击你不管，一条区被骂两句你知道屏蔽了？
[2026-02-22 03:57:08] 强尼手银9527号: 一位谦虚的选手被人身攻击你不管，一条区被骂两句你知道屏蔽了？
[2026-02-22 03:57:08] gjcdh: 　　　 一位谦虚的选手被人身攻击你不管，一条区被骂两句你知道屏蔽了？
[2026-02-22 03:57:08] 我木JJ怕个锤子: 一位谦虚的选手被人身攻击你不管，一条区被骂两句你知道屏蔽了？
[2026-02-22 03:57:08] 维布罗斯: 一位谦虚的选手被人身攻击你不管，一条区被骂两句你知道屏蔽了？
[2026-02-22 03:57:08] 玩龙筋丶拽根dragon: 阿杜：你为什么去年一直让刷那两个数字？
[2026-02-22 03:57:08] 神奥联盟的竹兰本人:     一位谦虚的选手被人身攻击你不管，一条区被骂两句你知道屏蔽了？
[2026-02-22 03:57:08] 午夜甩甩茶: 　　　 　　　 一位谦虚的选手被人身攻击你不管，一条区被骂两句你知道屏蔽了？
[2026-02-22 03:57:08] 好哥们黑龙歼灭刀: 一位谦虚的选手被人身攻击你不管，一条区被骂两句你知道屏蔽了？
[2026-02-22 03:57:08] 玩大人查到自贡了: 玩大哥，载物要30mvp了，想哭就哭吧
[2026-02-22 03:57:08] Aurorayyyy: 　　　 一位谦虚的选手被人身攻击你不管，一条区被骂两句你知道屏蔽了？
[2026-02-22 03:57:08] 岛田王师傅: 　　　 一位谦虚的选手被人身攻击你不管，一条区被骂两句你知道屏蔽了？
[2026-02-22 03:57:08] HisuiHearts: 一位谦虚的选手被人身攻击你不管，一条区被骂两句你知道屏蔽了？
[2026-02-22 03:57:08] 说得道理: @五香蛋 五香蛋我命令你马上切lak最后ropz扫转3杀，收到十1
[2026-02-22 03:57:08] TheMongolZ的上单本人:     一位谦虚的选手被人身攻击你不管，一条区被骂两句你知道屏蔽了？
[2026-02-22 03:57:08] 肆意啦啦啦: 什么鬼
[2026-02-22 03:57:08] 玩小鸟丶Kotori:     一位谦虚的选手被人身攻击你不管，一条区被骂两句你知道屏蔽了？
[2026-02-22 03:57:08] 汤汤魔魔mmmmmmmmajor冠军: 一位谦虚的选手被人身攻击你不管，一条区被骂两句你知道屏蔽了？
[2026-02-22 03:57:09] 紫紫紫彧: 　　　 一位谦虚的选手被人身攻击你不管，一条区被骂两句你知道屏蔽了？
[2026-02-22 03:57:09] 玩龙筋丶拽根dragon: 阿杜：你为什么去年一直让刷那两个数字？
[2026-02-22 03:57:09] RyougiAqua:  一位谦虚的选手被人身攻击你不管，一条区被骂两句你知道屏蔽了？
[2026-02-22 03:57:09] 酒神丶: 　　　 一位谦虚的选手被人身攻击你不管，一条区被骂两句你知道屏蔽了？
[2026-02-22 03:57:09] 那就点: 一位谦虚的选手被人身攻击你不管，一条区被骂两句你知道屏蔽了？喵
[2026-02-22 03:57:09] efsd8: 说play my own game的上过学？
[2026-02-22 03:57:10] 玩台钳丶阿尔托莉雅: @五香蛋 五香蛋我命令你马上切lak最后ropz扫转3杀，收到十1
[2026-02-22 03:57:10] 糖吉坷德不想更新: 公式
[2026-02-22 03:57:10] 丶一枪不开: 一位谦虚的选手被人身攻击你不管，一条区被骂两句你知道屏蔽了？
[2026-02-22 03:57:11] 玩爱音丶Anno: 一位谦虚的选手被人身攻击你不管，一条区被骂两句你知道屏蔽了？
[2026-02-22 03:57:11] 阿飞飞啊分: 一位谦虚的选手被人身攻击你不管，一条区被骂两句你知道屏蔽了？
[2026-02-22 03:57:11] Ecifircas:     一位谦虚的选手被人身攻击你不管，一条区被骂两句你知道屏蔽了？
[2026-02-22 03:57:11] 忽孝山庄: 弹幕别叫五香蛋了，他看lak直播睡着了。。。
[2026-02-22 03:57:11] 玩龙筋丶拽根dragon: 阿杜：你为什么去年一直让刷那两个数字？
[2026-02-22 03:57:11] 丶丶Ken丶丶: 一位谦虚的选手被人身攻击你不管，一条区被骂两句你知道屏蔽了？
[2026-02-22 03:57:11] SideChannel: 　　　 一位谦虚的选手被人身攻击你不管，一条区被骂两句你知道屏蔽了？
[2026-02-22 03:57:11] Hitagi蟹蟹: 一位谦虚的选手被人身攻击你不管，一条区被骂两句你知道屏蔽了？
[2026-02-22 03:57:11] 翳景: 一位谦虚的选手被人身攻击你不管，一条区被骂两句你知道屏蔽了？
[2026-02-22 03:57:11] DaturaNoir辰砂:     一位谦虚的选手被人身攻击你不管，一条区被骂两句你知道屏蔽了？
[2026-02-22 03:57:11] 沙发上的王牌: 　　　 一位谦虚的选手被人身攻击你不管，一条区被骂两句你知道屏蔽了？
[2026-02-22 03:57:11] robertonly1: 一位谦虚的选手被人身攻击你不管，一条区被骂两句你知道屏蔽了？喵
[2026-02-22 03:57:11] 天守阁信长:     一位谦虚的选手被人身攻击你不管，一条区被骂两句你知道屏蔽了？
[2026-02-22 03:57:12] 丨佛剑分说丨: 一位谦虚的选手被人身攻击你不管，一条区被骂两句你知道屏蔽了？
[2026-02-22 03:57:12] 用玩大哥的角磨机吧:  @喵蹄丝：弹幕别叫五香蛋了，他看lak直播睡着了。。。
[2026-02-22 03:57:13] G4RYPU: 一位谦虚的选手被人身攻击你不管，一条区被骂两句你知道屏蔽了？
[2026-02-22 03:57:13] 小小百合恋歌: 一位谦虚的选手被人身攻击你不管，一条区被骂两句你知道屏蔽了？
[2026-02-22 03:57:13] 玩龙筋丶拽根dragon: 阿杜：你为什么去年一直让刷那两个数字？
[2026-02-22 03:57:13] S闪Aw: 一位谦虚的选手被人身攻击你不管，一条区被骂两句你知道屏蔽了？
[2026-02-22 03:57:13] AmamiyaIori: 一位谦虚的选手被人身攻击你不管，一条区被骂两句你知道屏蔽了？
[2026-02-22 03:57:13] 感谢钻粉3群8888大红包:     一位谦虚的选手被人身攻击你不管，一条区被骂两句你知道屏蔽了？
[2026-02-22 03:57:13] Cardinal665: 一位谦虚的选手被人身攻击你不管，一条区被骂两句你知道屏蔽了？
[2026-02-22 03:57:13] 三生浮梦终醒: 　　　 一位谦虚的选手被人身攻击你不管，一条区被骂两句你知道屏蔽了？
[2026-02-22 03:57:13] 汤汤魔魔mmmmmmmmajor冠军: 一位谦虚的选手被人身攻击你不管，一条区被骂两句你知道屏蔽了？
[2026-02-22 03:57:14] 海绵宝宝农批儿: 一位谦虚的选手被人身攻击你不管，一条区被骂两句你知道屏蔽了？
[2026-02-22 03:57:14] 林有为丶:     一位谦虚的选手被人身攻击你不管，一条区被骂两句你知道屏蔽了？
[2026-02-22 03:57:14] CExiyi: 弹幕别叫五香蛋了，他看lak直播睡着了。。。
[2026-02-22 03:57:14] ZywOo的猫: jame：绝望地研究战术
[2026-02-22 03:57:15] 我是大人咯只带电子表: 一位谦虚的选手被人身攻击你不管，一条区被骂两句你知道屏蔽了？
[2026-02-22 03:57:15] 不上钩的小鱼干: 一位谦虚的选手被人身攻击你不管，一条区被骂两句你知道屏蔽了？
[2026-02-22 03:57:15] 橙黄双翼: 载圣
[2026-02-22 03:57:15] Asaki薯片: 阿杜：你为什么去年一直让刷那两个数字？
[2026-02-22 03:57:15] 一只红捏捏: 　　　 一位谦虚的选手被人身攻击你不管，一条区被骂两句你知道屏蔽了？
[2026-02-22 03:57:15] 杨幂夸我帅: @五香蛋 五香蛋我命令你马上切lak最后ropz扫转3杀，收到十1
[2026-02-22 03:57:15] 冰封丨丨: 一位谦虚的选手被人身攻击你不管，一条区被骂两句你知道屏蔽了？
[2026-02-22 03:57:16] 樱花结局:     一位谦虚的选手被人身攻击你不管，一条区被骂两句你知道屏蔽了？
[2026-02-22 03:57:16] 载诗行剑: 一位谦虚的选手被人身攻击你不管，一条区被骂两句你知道屏蔽了？
[2026-02-22 03:57:16] 阿飞飞啊分: 一位谦虚的选手被人身攻击你不管，一条区被骂两句你知道屏蔽了？
[2026-02-22 03:57:16] 陶芸馝: 一位谦虚的选手被人身攻击你不管，一条区被骂两句你知道屏蔽了？
[2026-02-22 03:57:16] PlumAR: 抓娃娃
[2026-02-22 03:57:16] PureWhite425:     一位谦虚的选手被人身攻击你不管，一条区被骂两句你知道屏蔽了？
[2026-02-22 03:57:17] Zyw0o丿: 一位谦虚的选手被人身攻击你不管，一条区被骂两句你知道屏蔽了？
[2026-02-22 03:57:17] 斗鱼用户1175718596:     一位谦虚的选手被人身攻击你不管，一条区被骂两句你知道屏蔽了？
[2026-02-22 03:57:17] chere幻灭:     一位谦虚的选手被人身攻击你不管，一条区被骂两句你知道屏蔽了？
[2026-02-22 03:57:17] Dank1ngzz: 一位谦虚的选手被人身攻击你不管，一条区被骂两句你知道屏蔽了？
[2026-02-22 03:57:17] 宫监手放监: 一位谦虚的选手被人身攻击你不管，一条区被骂两句你知道屏蔽了？
[2026-02-22 03:57:17] Flynnnnnnn:     一位谦虚的选手被人身攻击你不管，一条区被骂两句你知道屏蔽了？
[2026-02-22 03:57:17] yhyhyhyhyh0909: 一位谦虚的选手被人身攻击你不管，一条区被骂两句你知道屏蔽了？
[2026-02-22 03:57:18] 千百度897: 一位谦虚的选手被人身攻击你不管，一条区被骂两句你知道屏蔽了？
[2026-02-22 03:57:18] 丨佛剑分说丨: 一位谦虚的选手被人身攻击你不管，一条区被骂两句你知道屏蔽了？
[2026-02-22 03:57:18] 红烧哈基米: 一位谦虚的选手被人身攻击你不管，一条区被骂两句你知道屏蔽了？
[2026-02-22 03:57:18] 三零一路公交司机: @五香蛋 五香蛋我命令你马上切lak最后ropz扫转3杀，收到十1
[2026-02-22 03:57:18] 强尼手银9527号: 一位谦虚的选手被人身攻击你不管，一条区被骂两句你知道屏蔽了？
[2026-02-22 03:57:18] 兔子Usaki: 你要不把摄像头拉大点把你的身子接在载物身上把
[2026-02-22 03:57:19] 飞天玉虎zzZ: 马上30个MVP了，想哭就哭吧
[2026-02-22 03:57:19] viovvvvvvvon: 一位谦虚的选手被人身攻击你不管，一条区被骂两句你知道屏蔽了？
[2026-02-22 03:57:19] 爆爆爆开爆: 一位谦虚的选手被人身攻击你不管，一条区被骂两句你知道屏蔽了？
[2026-02-22 03:57:19] 磷叶石pho: 一位谦虚的选手被人身攻击你不管，一条区被骂两句你知道屏蔽了？
[2026-02-22 03:57:20] 精神病狼: 一位谦虚的选手被人身攻击你不管，一条区被骂两句你知道屏蔽了？
[2026-02-22 03:57:20] yhyhyhyhyh0909: 一位谦虚的选手被人身攻击你不管，一条区被骂两句你知道屏蔽了？
[2026-02-22 03:57:20] 蓝二乘1: 反观
[2026-02-22 03:57:20] 你给我严肃点儿: 一位谦虚的选手被人身攻击你不管，一条区被骂两句你知道屏蔽了？
[2026-02-22 03:57:20] 汤汤魔魔mmmmmmmmajor冠军: 一位谦虚的选手被人身攻击你不管，一条区被骂两句你知道屏蔽了？
[2026-02-22 03:57:20] Leo不爱鸡胸肉: 一位谦虚的选手被人身攻击你不管，一条区被骂两句你知道屏蔽了？
[2026-02-22 03:57:20] 沸物贝利亚大王: 一位谦虚的选手被人身攻击你不管，一条区被骂两句你知道屏蔽了？
[2026-02-22 03:57:21] Mortnotz:     一位谦虚的选手被人身攻击你不管，一条区被骂两句你知道屏蔽了？
[2026-02-22 03:57:21] 阿飞飞啊分: 一位谦虚的选手被人身攻击你不管，一条区被骂两句你知道屏蔽了？
[2026-02-22 03:57:21] 杀鱼宝宝028: 一位谦虚的选手被人身攻击你不管，一条区被骂两句你知道屏蔽了？
[2026-02-22 03:57:22] sillymen: 一位谦虚的选手被人身攻击你不管，一条区被骂两句你知道屏蔽了？
[2026-02-22 03:57:22] 檬檬哒的叶芝: 一位谦虚的选手被人身攻击你不管，一条区被骂两句你知道屏蔽了？
[2026-02-22 03:57:22] 空白Zzz丶: 载圣
[2026-02-22 03:57:22] 汤汤魔魔mmmmmmmmajor冠军: 一位谦虚的选手被人身攻击你不管，一条区被骂两句你知道屏蔽了？
[2026-02-22 03:57:22] 玩爱音丶Anno: @五香蛋 五香蛋我命令你马上切lak最后ropz扫转3杀，收到十1
[2026-02-22 03:57:22] wsxj131: 一位谦虚的选手被人身攻击你不管，一条区被骂两句你知道屏蔽了？
[2026-02-22 03:57:22] 猫很好的小乖: 一位谦虚的选手被人身攻击你不管，一条区被骂两句你知道屏蔽了？
[2026-02-22 03:57:23] 液体的Rainwaker本人: 阿杜，实在不行咱们买辆奔驰送给小蜜蜂吧
[2026-02-22 03:57:23] 追凤先生缝老八: 一位谦虚的选手被人身攻击你不管，一条区被骂两句你知道屏蔽了？
[2026-02-22 03:57:23] 洞洞载载车车major冠军:     一位谦虚的选手被人身攻击你不管，一条区被骂两句你知道屏蔽了？
[2026-02-22 03:57:23] yhyhyhyhyh0909: 一位谦虚的选手被人身攻击你不管，一条区被骂两句你知道屏蔽了？
[2026-02-22 03:57:23] 吉吉的Niko本人: 一位谦虚的选手被人身攻击你不管，一条区被骂两句你知道屏蔽了？
[2026-02-22 03:57:23] 河北雨姐: 懂你意思
[2026-02-22 03:57:24] 小郑121388:     一位谦虚的选手被人身攻击你不管，一条区被骂两句你知道屏蔽了？
[2026-02-22 03:57:24] 否要面孔:     一位谦虚的选手被人身攻击你不管，一条区被骂两句你知道屏蔽了？
[2026-02-22 03:57:24] 皮皮SNAKE: 一位谦虚的选手被人身攻击你不管，一条区被骂两句你知道屏蔽了？
[2026-02-22 03:57:24] 汤汤魔魔mmmmmmmmajor冠军: 一位谦虚的选手被人身攻击你不管，一条区被骂两句你知道屏蔽了？
[2026-02-22 03:57:24] 玩龙筋丶拽根dragon: 阿杜：你为什么去年一直让刷那两个数字？
[2026-02-22 03:57:24] 我是大人咯只带电子表: 一位谦虚的选手被人身攻击你不管，一条区被骂两句你知道屏蔽了？
[2026-02-22 03:57:24] 马修赫GOAT:     一位谦虚的选手被人身攻击你不管，一条区被骂两句你知道屏蔽了？
[2026-02-22 03:57:25] JuL1us: 一位谦虚的选手被人身攻击你不管，一条区被骂两句你知道屏蔽了？
[2026-02-22 03:57:25] 拔作岛的糺jiu川礼本人:     一位谦虚的选手被人身攻击你不管，一条区被骂两句你知道屏蔽了？
[2026-02-22 03:57:25] 海绵宝宝农批儿:     一位谦虚的选手被人身攻击你不管，一条区被骂两句你知道屏蔽了？
[2026-02-22 03:57:25] 展昭Z: 一位谦虚的选手被人身攻击你不管，一条区被骂两句你知道屏蔽了？
[2026-02-22 03:57:25] MunChlax丶: 一位谦虚的选手被人身攻击你不管，一条区被骂两句你知道屏蔽了？
[2026-02-22 03:57:25] 浮影Fying: 商女不知
[2026-02-22 03:57:25] 草莓冰酪: 一位谦虚的选手被人身攻击你不管，一条区被骂两句你知道屏蔽了？
[2026-02-22 03:57:26] 全世坠可爱的ZywOo宝宝: 你们是挑战者
[2026-02-22 03:57:26] 逃离灰色地带: 一位谦虚的选手被人身攻击你不管，一条区被骂两句你知道屏蔽了？
[2026-02-22 03:57:26] 不改名真的不中奖呀Cc:     一位谦虚的选手被人身攻击你不管，一条区被骂两句你知道屏蔽了？
[2026-02-22 03:57:26] 用户4743944990: 弹幕别叫五香蛋了，他看lak直播睡着了。。。
[2026-02-22 03:57:26] 泠鸢不是冷鸢丶: 一位谦虚的选手被人身攻击你不管，一条区被骂两句你知道屏蔽了？
[2026-02-22 03:57:27] yhyhyhyhyh0909: 一位谦虚的选手被人身攻击你不管，一条区被骂两句你知道屏蔽了？
[2026-02-22 03:57:27] 玩龙筋丶拽根dragon: 阿杜：你为什么去年一直让刷那两个数字？
[2026-02-22 03:57:27] guhao98: 收到
[2026-02-22 03:57:27] PJ64JC: 反观
[2026-02-22 03:57:27] 维斯特潘潘: 一位谦虚的选手被人身攻击你不管，一条区被骂两句你知道屏蔽了？
[2026-02-22 03:57:27] 苏子慕SZM: 一位谦虚的选手被人身攻击你不管，一条区被骂两句你知道屏蔽了？
[2026-02-22 03:57:27] 爱被小泉吃的拉面同学: 反观
[2026-02-22 03:57:28] 草莓冰酪: 一位谦虚的选手被人身攻击你不管，一条区被骂两句你知道屏蔽了？
[2026-02-22 03:57:28] 澄澈冫: 一位谦虚的选手被人身攻击你不管，一条区被骂两句你知道屏蔽了？
[2026-02-22 03:57:28] 都觉得卡了: 一位谦虚的选手被人身攻击你不管，一条区被骂两句你知道屏蔽了？
[2026-02-22 03:57:28] 汤汤魔魔mmmmmmmmajor冠军: 一位谦虚的选手被人身攻击你不管，一条区被骂两句你知道屏蔽了？
[2026-02-22 03:57:29] 幻灭64070: 一位谦虚的选手被人身攻击你不管，一条区被骂两句你知道屏蔽了？
[2026-02-22 03:57:29] 明天就和蕾塞结婚: 高下立判啊我看
[2026-02-22 03:57:29] moominF: 一位谦虚的选手被人身攻击你不管，一条区被骂两句你知道屏蔽了？
[2026-02-22 03:57:29] 奈亚亚亚亚亚: 一位谦虚的选手被人身攻击你不管，一条区被骂两句你知道屏蔽了？
[2026-02-22 03:57:29] papacarrot: 一位谦虚的选手被人身攻击你不管，一条区被骂两句你知道屏蔽了？
[2026-02-22 03:57:29] kjhhjki: 一位谦虚的选手被人身攻击你不管，一条区被骂两句你知道屏蔽了？
[2026-02-22 03:57:29] NikoLIinNO: 一位谦虚的选手被人身攻击你不管，一条区被骂两句你知道屏蔽了？
[2026-02-22 03:57:29] Aphros丶: 一位谦虚的选手被人身攻击你不管，一条区被骂两句你知道屏蔽了？
[2026-02-22 03:57:29] 阿飞飞啊分: 一位谦虚的选手被人身攻击你不管，一条区被骂两句你知道屏蔽了？
[2026-02-22 03:57:30] Asaki薯片:     一位谦虚的选手被人身攻击你不管，一条区被骂两句你知道屏蔽了？
[2026-02-22 03:57:30] Aleksumimi: 一位谦虚的选手被人身攻击你不管，一条区被骂两句你知道屏蔽了？
[2026-02-22 03:57:30] 2442861055: 高下立判
[2026-02-22 03:57:30] 草莓冰酪: 一位谦虚的选手被人身攻击你不管，一条区被骂两句你知道屏蔽了？
[2026-02-22 03:57:30] 我730730730: 一位谦虚的选手被人身攻击你不管，一条区被骂两句你知道屏蔽了？
[2026-02-22 03:57:30] 欧内的手丨好汉:     一位谦虚的选手被人身攻击你不管，一条区被骂两句你知道屏蔽了？
[2026-02-22 03:57:30] 怎么橘里橘气的: 一位谦虚的选手被人身攻击你不管，一条区被骂两句你知道屏蔽了？
[2026-02-22 03:57:30] 百事可乐oIo:     一位谦虚的选手被人身攻击你不管，一条区被骂两句你知道屏蔽了？
[2026-02-22 03:57:30] 旧城不暖少年梦丶:     一位谦虚的选手被人身攻击你不管，一条区被骂两句你知道屏蔽了？
[2026-02-22 03:57:31] 我是大人咯只带电子表: 一位谦虚的选手被人身攻击你不管，一条区被骂两句你知道屏蔽了？
[2026-02-22 03:57:31] 刘旭的跌: 一位谦虚的选手被人身攻击你不管，一条区被骂两句你知道屏蔽了？
[2026-02-22 03:57:31] MightBeYou: 反观
[2026-02-22 03:57:31] QU总的双下巴: 　　　 一位谦虚的选手被人身攻击你不管，一条区被骂两句你知道屏蔽了？
[2026-02-22 03:57:32] 好兄弟鲁迪乌斯: 蒙古粉丝真有素质
[2026-02-22 03:57:32] 薯薯的大裂谷: 阿杜：你为什么去年一直让刷那两个数字？
[2026-02-22 03:57:32] 像小枣一样: 一位谦虚的选手被人身攻击你不管，一条区被骂两句你知道屏蔽了？
[2026-02-22 03:57:32] RyeHS: 一位谦虚的选手被人身攻击你不管，一条区被骂两句你知道屏蔽了？
[2026-02-22 03:57:32] 草莓冰酪: 一位谦虚的选手被人身攻击你不管，一条区被骂两句你知道屏蔽了？
[2026-02-22 03:57:32] 落泪改名含泪:     一位谦虚的选手被人身攻击你不管，一条区被骂两句你知道屏蔽了？
[2026-02-22 03:57:33] 很心焦:     一位谦虚的选手被人身攻击你不管，一条区被骂两句你知道屏蔽了？
[2026-02-22 03:57:33] 果内: 弹幕别叫五香蛋了，他看lak直播睡着了。。。
[2026-02-22 03:57:33] 车路士的凯赛多本人: 一位谦虚的选手被人身攻击你不管，一条区被骂两句你知道屏蔽了？
[2026-02-22 03:57:33] 干饭人不讲武德: 一位谦虚的选手被人身攻击你不管，一条区被骂两句你知道屏蔽了？
[2026-02-22 03:57:33] 玩道歉丶44min: 商女不知
[2026-02-22 03:57:33] yhyhyhyhyh0909: 一位谦虚的选手被人身攻击你不管，一条区被骂两句你知道屏蔽了？
[2026-02-22 03:57:33] 宫监手放监: 一位谦虚的选手被人身攻击你不管，一条区被骂两句你知道屏蔽了？
[2026-02-22 03:57:33] 枫溪南封: 一位谦虚的选手被人身攻击你不管，一条区被骂两句你知道屏蔽了？
[2026-02-22 03:57:33] 爱被小泉吃的拉面同学: 高下立判啊我看
[2026-02-22 03:57:33] 萌六花: 一位谦虚的选手被人身攻击你不管，一条区被骂两句你知道屏蔽了？
[2026-02-22 03:57:34] AmamiyaIori: 一位谦虚的选手被人身攻击你不管，一条区被骂两句你知道屏蔽了？
[2026-02-22 03:57:34] Abc丶Ss: 一位谦虚的选手被人身攻击你不管，一条区被骂两句你知道屏蔽了？
[2026-02-22 03:57:34] 玩龙筋丶拽根dragon: 阿杜：你为什么去年一直让刷那两个数字？
[2026-02-22 03:57:34] 玩龟的神头: 一位谦虚的选手被人身攻击你不管，一条区被骂两句你知道屏蔽了？
[2026-02-22 03:57:34] 椎名立希本人: 一位谦虚的选手被人身攻击你不管，一条区被骂两句你知道屏蔽了？
[2026-02-22 03:57:34] xOcOg: 弹幕别叫五香蛋了，他看lak直播睡着了。。。
[2026-02-22 03:57:34] 芒果苏打汽水: 一位谦虚的选手被人身攻击你不管，一条区被骂两句你知道屏蔽了？
[2026-02-22 03:57:35] 毛驴肖汉: 一位谦虚的选手被人身攻击你不管，一条区被骂两句你知道屏蔽了？
[2026-02-22 03:57:35] 草莓冰酪: 一位谦虚的选手被人身攻击你不管，一条区被骂两句你知道屏蔽了？
[2026-02-22 03:57:35] 月光下魔術師30281: 阿杜：你为什么去年一直让刷那两个数字？
[2026-02-22 03:57:35] 陌上-花开月: 一位谦虚的选手被人身攻击你不管，一条区被骂两句你知道屏蔽了？
[2026-02-22 03:57:35] 全世坠可爱的ZywOo宝宝: 一位谦虚的选手被人身攻击你不管，一条区被骂两句你知道屏蔽了？
[2026-02-22 03:57:35] 玩斯特机机: 反观
[2026-02-22 03:57:35] 阿飞飞啊分: 一位谦虚的选手被人身攻击你不管，一条区被骂两句你知道屏蔽了？
[2026-02-22 03:57:35] 速溶沙地兽: 一位谦虚的选手被人身攻击你不管，一条区被骂两句你知道屏蔽了？
[2026-02-22 03:57:36] 好哥们黑龙歼灭刀: 蒙古粉丝真有素质
[2026-02-22 03:57:36] 压缩vs蛮晚: 一位谦虚的选手被人身攻击你不管，一条区被骂两句你知道屏蔽了？
[2026-02-22 03:57:36] 咸鱼精酿: 反观
[2026-02-22 03:57:36] 包包你到底哪里神了: 一位谦虚的选手被人身攻击你不管，一条区被骂两句你知道屏蔽了？
[2026-02-22 03:57:36] 龍仔ww: 一位谦虚的选手被人身攻击你不管，一条区被骂两句你知道屏蔽了？
[2026-02-22 03:57:36] 高松灯扣死千早爱音:     一位谦虚的选手被人身攻击你不管，一条区被骂两句你知道屏蔽了？
[2026-02-22 03:57:36] TeamVitality的Ropz本人: 懂你意思
[2026-02-22 03:57:36] Leonisss丶: 一位谦虚的选手被人身攻击你不管，一条区被骂两句你知道屏蔽了？
[2026-02-22 03:57:36] 用户2262650671: 一位谦虚的选手被人身攻击你不管，一条区被骂两句你知道屏蔽了？
[2026-02-22 03:57:37] 草莓冰酪: 一位谦虚的选手被人身攻击你不管，一条区被骂两句你知道屏蔽了？
[2026-02-22 03:57:37] dark1337:     一位谦虚的选手被人身攻击你不管，一条区被骂两句你知道屏蔽了？
[2026-02-22 03:57:37] simonblass: 一位谦虚的选手被人身攻击你不管，一条区被骂两句你知道屏蔽了？
[2026-02-22 03:57:37] 丰川祥子口三角初华: 一位谦虚的选手被人身攻击你不管，一条区被骂两句你知道屏蔽了？
[2026-02-22 03:57:37] 汤汤魔魔mmmmmmmmajor冠军: 一位谦虚的选手被人身攻击你不管，一条区被骂两句你知道屏蔽了？
[2026-02-22 03:57:37] EnVyUs的apEX本人: 一位谦虚的选手被人身攻击你不管，一条区被骂两句你知道屏蔽了？
[2026-02-22 03:57:37] 河北雨姐: 一位谦虚的选手被人身攻击你不管，一条区被骂两句你知道屏蔽了？
[2026-02-22 03:57:37] yhyhyhyhyh0909: 一位谦虚的选手被人身攻击你不管，一条区被骂两句你知道屏蔽了？
[2026-02-22 03:57:37] 99组的爱城华恋本人: zywoo：pv的年轻选手很好 niko：辨识
[2026-02-22 03:57:38] 用户3661578: 反观
[2026-02-22 03:57:38] 秋Fc: 一位谦虚的选手被人身攻击你不管，一条区被骂两句你知道屏蔽了？
[2026-02-22 03:57:38] 废斯特物物:     一位谦虚的选手被人身攻击你不管，一条区被骂两句你知道屏蔽了？
[2026-02-22 03:57:38] zcyhymine: 　　　 一位谦虚的选手被人身攻击你不管，一条区被骂两句你知道屏蔽了？
[2026-02-22 03:57:38] ChensyBruce: 一位谦虚的选手被人身攻击你不管，一条区被骂两句你知道屏蔽了？
[2026-02-22 03:57:38] 吴本伟nb: 　　　 一位谦虚的选手被人身攻击你不管，一条区被骂两句你知道屏蔽了？
[2026-02-22 03:57:39] 忽孝山庄:     一位谦虚的选手被人身攻击你不管，一条区被骂两句你知道屏蔽了？
[2026-02-22 03:57:39] 草莓冰酪: 一位谦虚的选手被人身攻击你不管，一条区被骂两句你知道屏蔽了？
[2026-02-22 03:57:39] 行云C1oud: 一位谦虚的选手被人身攻击你不管，一条区被骂两句你知道屏蔽了？
[2026-02-22 03:57:39] 伊在云深不知处: 一位谦虚的选手被人身攻击你不管，一条区被骂两句你知道屏蔽了？
[2026-02-22 03:57:39] 脉脉TAT: 一位谦虚的选手被人身攻击你不管，一条区被骂两句你知道屏蔽了？
[2026-02-22 03:57:39] 逃离灰色地带: 阿杜：你为什么去年一直让刷那两个数字？
[2026-02-22 03:57:39] 用户49882662: 一位谦虚的选手被人身攻击你不管，一条区被骂两句你知道屏蔽了？
[2026-02-22 03:57:40] 马猴烧酒小地瓜: 这蒙古人到底有啥可乐的？
[2026-02-22 03:57:40] 包养玩机器的巴西老头: ⚠️伟伟在盗播⚠️伟伟在盗播⚠️伟伟在盗播⚠️伟伟在盗播⚠️
[2026-02-22 03:57:40] 人中黄阿西乐: 一位谦虚的选手被人身攻击你不管，一条区被骂两句你知道屏蔽了？
[2026-02-22 03:57:40] 丶陪你直到世界尽头: 一位谦虚的选手被人身攻击你不管，一条区被骂两句你知道屏蔽了？
[2026-02-22 03:57:40] 玩迩妈丶master: 一位谦虚的选手被人身攻击你不管，一条区被骂两句你知道屏蔽了？
[2026-02-22 03:57:40] 椰椰来了: 渴望吗
[2026-02-22 03:57:41] 阿飞飞啊分: 一位谦虚的选手被人身攻击你不管，一条区被骂两句你知道屏蔽了？
[2026-02-22 03:57:41] 阿聚TaHa: 同款键鼠是我的！
[2026-02-22 03:57:41] 草莓冰酪: 一位谦虚的选手被人身攻击你不管，一条区被骂两句你知道屏蔽了？
[2026-02-22 03:57:41] 诗恒飞: 同款键鼠是我的！
[2026-02-22 03:57:41] 莱布尼兹馆长701: 同款键鼠是我的！
[2026-02-22 03:57:41] 我是你浩哥哦: 同款键鼠是我的！
[2026-02-22 03:57:41] 针尖or全球通缉: 同款键鼠是我的！
[2026-02-22 03:57:41] EliGUI: 同款键鼠是我的！
[2026-02-22 03:57:41] wyisking888: 同款键鼠是我的！
[2026-02-22 03:57:42] 折柳枝: 同款键鼠是我的！
[2026-02-22 03:57:42] lzkkuan: 同款键鼠是我的！
[2026-02-22 03:57:42] 29Fog: 同款键鼠是我的！
[2026-02-22 03:57:42] Cloud9的咬人猫本人: 同款键鼠是我的！
[2026-02-22 03:57:42] 阿达马特劳雷: 同款键鼠是我的！
[2026-02-22 03:57:42] STARdustXM: 同款键鼠是我的！
[2026-02-22 03:57:42] 杏仁小面包: 同款键鼠是我的！
[2026-02-22 03:57:42] 死の刻印: 同款键鼠是我的！
[2026-02-22 03:57:42] 马楼King张三: 蒙古人输了还载歌载舞
[2026-02-22 03:57:42] yhyhyhyhyh0909: 一位谦虚的选手被人身攻击你不管，一条区被骂两句你知道屏蔽了？
[2026-02-22 03:57:42] 灬战场原丶黑仪灬: 同款键鼠是我的！
[2026-02-22 03:57:42] 胖胖胖胖胖胖pig: 一位谦虚的选手被人身攻击你不管，一条区被骂两句你知道屏蔽了？
[2026-02-22 03:57:42] 伱給我站住: 同款键鼠是我的！
[2026-02-22 03:57:42] 丰川祥子口三角初华: 同款键鼠是我的！
[2026-02-22 03:57:42] 用户5431385679: 同款键鼠是我的！
[2026-02-22 03:57:42] 时光划过泪痕桥: 同款键鼠是我的！
[2026-02-22 03:57:42] 改个名我想去中个奖: 同款键鼠是我的！
[2026-02-22 03:57:42] Nuke三楼的鹰: 同款键鼠是我的！
[2026-02-22 03:57:42] 99组的爱城华恋本人: 同款键鼠是我的！
[2026-02-22 03:57:42] lriii: 同款键鼠是我的！
[2026-02-22 03:57:42] 迪奥雷: 同款键鼠是我的！
[2026-02-22 03:57:42] 玩艾玛丶Hiro: 同款键鼠是我的！
[2026-02-22 03:57:43] 猎鹰牌钳区车: 同款键鼠是我的！
[2026-02-22 03:57:43] 魏羡君w: 同款键鼠是我的！
[2026-02-22 03:57:43] 我把她聊晕了: 同款键鼠是我的！
[2026-02-22 03:57:43] 无伟契约: 同款键鼠是我的！
[2026-02-22 03:57:43] 双花哪里够: 同款键鼠是我的！
[2026-02-22 03:57:43] Kiri丶丶: 同款键鼠是我的！
[2026-02-22 03:57:43] 钱塘区帅哥布偶: 同款键鼠是我的！
[2026-02-22 03:57:43] slEEEEEEEEEEEEEEEEEEEEEEp: 同款键鼠是我的！
[2026-02-22 03:57:43] 林有为丶: 同款键鼠是我的！
[2026-02-22 03:57:44] 拔作岛的糺jiu川礼本人: 同款键鼠是我的！
[2026-02-22 03:57:44] 伊在云深不知处: 同款键鼠是我的！
[2026-02-22 03:57:44] 用户8027472883: 同款键鼠是我的！
[2026-02-22 03:57:44] 奈绪mmmmm: 同款键鼠是我的！
[2026-02-22 03:57:44] 栾华H1R0M1: 同款键鼠是我的！
[2026-02-22 03:57:44] 忽孝山庄: 同款键鼠是我的！
[2026-02-22 03:57:44] Curtian、落幕: 同款键鼠是我的！
[2026-02-22 03:57:44] 河北雨姐: 同款键鼠是我的！
[2026-02-22 03:57:44] 枪声一响战术后仰: 同款键鼠是我的！
[2026-02-22 03:57:44] 喝开水的乌龙茶: 同款键鼠是我的！
[2026-02-22 03:57:44] 想看你玩师父: 同款键鼠是我的！
[2026-02-22 03:57:44] 玩斯特机机: 同款键鼠是我的！
[2026-02-22 03:57:44] 果小果是个谢彬: 同款键鼠是我的！
[2026-02-22 03:57:44] 全世坠可爱的ZywOo宝宝: 同款键鼠是我的！
[2026-02-22 03:57:44] 卢本伟终极迷妹: 同款键鼠是我的！
[2026-02-22 03:57:44] 烤冷面枪男jks: 同款键鼠是我的！
[2026-02-22 03:57:44] 好姐妹索菲亚: 同款键鼠是我的！
[2026-02-22 03:57:44] xuzVan: 一位谦虚的选手被人身攻击你不管，一条区被骂两句你知道屏蔽了？
[2026-02-22 03:57:44] 机器机器祝你天天开心: 同款键鼠是我的！
[2026-02-22 03:57:44] MRQ的下位放水者: 同款键鼠是我的！
[2026-02-22 03:57:44] 猛吸千早爱音汁儿: 同款键鼠是我的！
[2026-02-22 03:57:44] navi能输我送超火: 同款键鼠是我的！
[2026-02-22 03:57:45] Ma1Bee: 同款键鼠是我的！
[2026-02-22 03:57:45] 你若失心: 同款键鼠是我的！
[2026-02-22 03:57:45] Du_alone: 同款键鼠是我的！
[2026-02-22 03:57:45] desutwawa: 一位谦虚的选手被人身攻击你不管，一条区被骂两句你知道屏蔽了？
[2026-02-22 03:57:45] 赠尔情深: 同款键鼠是我的！
[2026-02-22 03:57:45] 不上钩的小鱼干: 同款键鼠是我的！
[2026-02-22 03:57:45] 玩龙筋丶拽根dragon: 同款键鼠是我的！
[2026-02-22 03:57:45] 卡卡呀030: 同款键鼠是我的！
[2026-02-22 03:57:45] 老猎人Tender: 同款键鼠是我的！
[2026-02-22 03:57:45] 疾风青蛙: 同款键鼠是我的！
[2026-02-22 03:57:45] 油炸鸡柳丶: 同款键鼠是我的！
[2026-02-22 03:57:45] LAzywoo: 同款键鼠是我的！
[2026-02-22 03:57:45] 润润润润润润润I: 同款键鼠是我的！
[2026-02-22 03:57:45] 小羽翼痕: 同款键鼠是我的！
[2026-02-22 03:57:45] 柚稚112: 同款键鼠是我的！
[2026-02-22 03:57:46] 阿格老豆: 同款键鼠是我的！
[2026-02-22 03:57:46] ShyhahaPig: 同款键鼠是我的！
[2026-02-22 03:57:46] 莫得感情的韭菜: 同款键鼠是我的！
[2026-02-22 03:57:46] cheenlinn: 同款键鼠是我的！
[2026-02-22 03:57:46] 洛琪希世界第一可爱: 同款键鼠是我的！
[2026-02-22 03:57:46] 77一定会是我的: 同款键鼠是我的！
[2026-02-22 03:57:46] 夏之大三角: 同款键鼠是我的！
[2026-02-22 03:57:46] 春花敲可爱的啦: 同款键鼠是我的！
[2026-02-22 03:57:46] 老白91: 同款键鼠是我的！
[2026-02-22 03:57:46] Killajoy: 同款键鼠是我的！
[2026-02-22 03:57:46] 黑白玄鸟: 同款键鼠是我的！
[2026-02-22 03:57:46] s1hang: 同款键鼠是我的！
[2026-02-22 03:57:47] dev1ce全球粉丝后援会: 同款键鼠是我的！
[2026-02-22 03:57:47] Besey: 同款键鼠是我的！
[2026-02-22 03:57:47] 玉蜀黍巧克力: 同款键鼠是我的！
[2026-02-22 03:57:47] 阿松的越南供货商: 同款键鼠是我的！
[2026-02-22 03:57:47] 少女惧日以手遮阴: 同款键鼠是我的！
[2026-02-22 03:57:47] 温眸ind: 同款键鼠是我的！
[2026-02-22 03:57:47] 海斯特-豹豹: 同款键鼠是我的！
[2026-02-22 03:57:47] 给你脸了是不是: 同款键鼠是我的！
[2026-02-22 03:57:47] 战术萝卜: 同款键鼠是我的！
[2026-02-22 03:57:47] 类人极限Jacklove: 同款键鼠是我的！
[2026-02-22 03:57:47] 柯智超: 同款键鼠是我的！
[2026-02-22 03:57:47] 骏德丶: 同款键鼠是我的！
[2026-02-22 03:57:47] 搞笑男西德尼: 同款键鼠是我的！
[2026-02-22 03:57:48] 污坏有点炫: 同款键鼠是我的！
[2026-02-22 03:57:48] 求奶我培训考试不通过: 一位谦虚的选手被人身攻击你不管，一条区被
[2026-02-22 03:57:48] 梦里梦外无梦可做: 同款键鼠是我的！
[2026-02-22 03:57:48] CSTG江叉叉: 同款键鼠是我的！
[2026-02-22 03:57:48] 玩蛋蛋丶egg: 同款键鼠是我的！
[2026-02-22 03:57:48] L0Ne1yZeNny2: 同款键鼠是我的！
[2026-02-22 03:57:48] 彼岸无妖: 同款键鼠是我的！
[2026-02-22 03:57:48] 小小晨旭风: 同款键鼠是我的！
[2026-02-22 03:57:48] 东云夜合: 同款键鼠是我的！
[2026-02-22 03:57:48] Bao0O: 同款键鼠是我的！
[2026-02-22 03:57:49] farmorfeed: 同款键鼠是我的！
[2026-02-22 03:57:49] B灬lue: 同款键鼠是我的！
[2026-02-22 03:57:49] 灰烬如雪: 同款键鼠是我的！
[2026-02-22 03:57:49] 绫地宁宁本人: 同款键鼠是我的！
[2026-02-22 03:57:49] 孤独如浪无心则断: 同款键鼠是我的！
[2026-02-22 03:57:49] 鼓浪屿与她c: 同款键鼠是我的！
[2026-02-22 03:57:49] 我木JJ怕个锤子: 同款键鼠是我的！
[2026-02-22 03:57:49] T1m丶W: 同款键鼠是我的！
[2026-02-22 03:57:49] 小川阿丶: 同款键鼠是我的！
[2026-02-22 03:57:49] 易池大大: 同款键鼠是我的！
[2026-02-22 03:57:49] 浮影Fying: 同款键鼠是我的！
[2026-02-22 03:57:50] 肆意啦啦啦: 同款键鼠是我的！
[2026-02-22 03:57:50] 真丶大马猴: 同款键鼠是我的！
[2026-02-22 03:57:50] 初夏Summer丶Cx: 同款键鼠是我的！
[2026-02-22 03:57:50] 渲染那抹黎明灬: 同款键鼠是我的！
[2026-02-22 03:57:50] 白嫖中大奖: 同款键鼠是我的！
[2026-02-22 03:57:50] 鹭泽有理咲: 同款键鼠是我的！
[2026-02-22 03:57:50] 柚子厨0721: 同款键鼠是我的！
[2026-02-22 03:57:50] 玩玩今天吃什么: 同款键鼠是我的！
[2026-02-22 03:57:50] 两言三语道不明: 同款键鼠是我的！
[2026-02-22 03:57:50] 没用信用的滥权: 同款键鼠是我的！
[2026-02-22 03:57:51] 1504990711: 同款键鼠是我的！
[2026-02-22 03:57:51] 三好怪兽: 同款键鼠是我的！
[2026-02-22 03:57:51] iiREM-: 同款键鼠是我的！
[2026-02-22 03:57:51] 宇莓: 同款键鼠是我的！
[2026-02-22 03:57:51] 一个无趣的人425: 同款键鼠是我的！
[2026-02-22 03:57:51] kiralight: 同款键鼠是我的！
[2026-02-22 03:57:51] xieri: 同款键鼠是我的！
[2026-02-22 03:57:51] 铅华褪尽: 同款键鼠是我的！
[2026-02-22 03:57:51] 高松灯扣死千早爱音: 同款键鼠是我的！
[2026-02-22 03:57:52] Lennon伦农: 同款键鼠是我的！
[2026-02-22 03:57:52] 普啊哈哈哈: 同款键鼠是我的！
[2026-02-22 03:57:52] 你是什么w: 同款键鼠是我的！
[2026-02-22 03:57:52] 叫我小陈就好了呀: 同款键鼠是我的！
[2026-02-22 03:57:52] MaxorMin321: 同款键鼠是我的！
[2026-02-22 03:57:52] 柒1177: 同款键鼠是我的！
[2026-02-22 03:57:53] Cantain光: 同款键鼠是我的！
[2026-02-22 03:57:53] 十代苍神: 同款键鼠是我的！
[2026-02-22 03:57:53] 玩机器的乃个会刘能: 同款键鼠是我的！
[2026-02-22 03:57:53] 忍野忍小忍: 同款键鼠是我的！
[2026-02-22 03:57:53] 末日铁拳阿坎奥古迪姆: 同款键鼠是我的！
[2026-02-22 03:57:53] 烧瓜不烧: 同款键鼠是我的！
[2026-02-22 03:57:53] FellOmen: 同款键鼠是我的！
[2026-02-22 03:57:53] 一切皆空Free: 同款键鼠是我的！
[2026-02-22 03:57:53] 终结者照镜子: 同款键鼠是我的！
[2026-02-22 03:57:53] 我要吃炸虾口牙: 同款键鼠是我的！
[2026-02-22 03:57:53] 没有故事的Pluto: 同款键鼠是我的！
[2026-02-22 03:57:53] 枫林残页: 一位谦虚的选手被人身攻击你不管，一条区被
[2026-02-22 03:57:54] 冰美式Salvation: 同款键鼠是我的！
[2026-02-22 03:57:54] 莫情123: 同款键鼠是我的！
[2026-02-22 03:57:54] 听左边的雨: 同款键鼠是我的！
[2026-02-22 03:57:54] 刘农的MachiNe本人: 同款键鼠是我的！
[2026-02-22 03:57:54] Faze的明日香本人: 同款键鼠是我的！
[2026-02-22 03:57:54] 飞天玉虎zzZ: 同款键鼠是我的！
[2026-02-22 03:57:54] 我有一对电动大牛子: 同款键鼠是我的！
[2026-02-22 03:57:55] 葉智權QWQ: 同款键鼠是我的！
[2026-02-22 03:57:55] 锅里没有鱼OvO: 同款键鼠是我的！
[2026-02-22 03:57:55] 谁会想要左后卫球衣呢: 同款键鼠是我的！
[2026-02-22 03:57:55] enigma的梦: 同款键鼠是我的！
[2026-02-22 03:57:55] 站起来了都: 同款键鼠是我的！
[2026-02-22 03:57:55] 玩机器是我爹: 同款键鼠是我的！
[2026-02-22 03:57:55] 卧看星河尽意明丶: 同款键鼠是我的！
[2026-02-22 03:57:56] yslOvO: 同款键鼠是我的！
[2026-02-22 03:57:56] dianecy雷格西: 同款键鼠是我的！
[2026-02-22 03:57:56] 李丶狗蛋丶: 同款键鼠是我的！
[2026-02-22 03:57:56] 望海不笑川: 同款键鼠是我的！
[2026-02-22 03:57:56] J丶文杰: 同款键鼠是我的！
[2026-02-22 03:57:56] 红烧哈基米: 同款键鼠是我的！
[2026-02-22 03:57:56] Falcons十天老粉: 同款键鼠是我的！
[2026-02-22 03:57:56] 欧内的手丨好汉: 同款键鼠是我的！
[2026-02-22 03:57:57] 妈妈省的锐克five: 同款键鼠是我的！
[2026-02-22 03:57:57] 銀傷: 同款键鼠是我的！
[2026-02-22 03:57:57] 缄默38508: 同款键鼠是我的！
[2026-02-22 03:57:57] 我是个穷哥们: 同款键鼠是我的！
[2026-02-22 03:57:57] 玛格纳斯的鸡脚: 同款键鼠是我的！
[2026-02-22 03:57:57] 香巴拉NTR3Chi: 同款键鼠是我的！
[2026-02-22 03:57:57] Blupanda: 同款键鼠是我的！
[2026-02-22 03:57:57] 检视红宝石的dev1ce: 同款键鼠是我的！
[2026-02-22 03:57:57] BUG丶Cone: 同款键鼠是我的！
[2026-02-22 03:57:57] 晓月_迷霜: 同款键鼠是我的！
[2026-02-22 03:57:58] 永不投降坚决拥护: 同款键鼠是我的！
[2026-02-22 03:57:58] 我是一只稀有动物1: 同款键鼠是我的！
[2026-02-22 03:57:58] C0C00N: 同款键鼠是我的！
[2026-02-22 03:57:58] 戏生347: 同款键鼠是我的！
[2026-02-22 03:57:58] Srjhsrlpsck: 同款键鼠是我的！
[2026-02-22 03:57:58] 爱看直播的月宝: 同款键鼠是我的！
[2026-02-22 03:57:58] 折耳兔233: 同款键鼠是我的！
[2026-02-22 03:57:58] 田弑: 同款键鼠是我的！
[2026-02-22 03:57:59] 今晚深渊结算262: 同款键鼠是我的！
[2026-02-22 03:57:59] Youenn: 同款键鼠是我的！
[2026-02-22 03:57:59] XPMaster: 同款键鼠是我的！
[2026-02-22 03:57:59] 好哥们青眼白龙: 同款键鼠是我的！
[2026-02-22 03:57:59] 宜昌第一大帅锅: 同款键鼠是我的！
[2026-02-22 03:57:59] 上楼梯要先抬右脚: 同款键鼠是我的！
[2026-02-22 03:57:59] 电子厂表演艺术家: 同款键鼠是我的！
[2026-02-22 03:57:59] 幼稚的虫圭: 同款键鼠是我的！
[2026-02-22 03:57:59] 牢大牢三major冠军: 同款键鼠是我的！
[2026-02-22 03:57:59] TeamVitality的Ropz本人: 同款键鼠是我的！
[2026-02-22 03:57:59] Zxj1ing: 同款键鼠是我的！
[2026-02-22 03:58:00] 九蛇岛的Hanc0ck本人: 同款键鼠是我的！
[2026-02-22 03:58:00] Rrrr1ver: 同款键鼠是我的！
[2026-02-22 03:58:00] 八重森彌妮: 同款键鼠是我的！
[2026-02-22 03:58:00] 爱斯特音音: 同款键鼠是我的！
[2026-02-22 03:58:00] 大肉鲁: 同款键鼠是我的！
[2026-02-22 03:58:00] mdbdr: 同款键鼠是我的！
[2026-02-22 03:58:00] 小宅任: 同款键鼠是我的！
[2026-02-22 03:58:01] 就是你家小男生: 同款键鼠是我的！
[2026-02-22 03:58:01] 有一只酱油: 同款键鼠是我的！
[2026-02-22 03:58:01] 剧毒氰化娜: 同款键鼠是我的！
[2026-02-22 03:58:01] Scur0: 同款键鼠是我的！
[2026-02-22 03:58:01] 腋毛老狗子: 同款键鼠是我的！
[2026-02-22 03:58:01] 鮰黩嬷: 同款键鼠是我的！
[2026-02-22 03:58:01] 人活着就是为了玩乐队: 同款键鼠是我的！
[2026-02-22 03:58:01] azzjiemo: 同款键鼠是我的！
[2026-02-22 03:58:01] 瓦罗兰特BOY: 同款键鼠是我的！
[2026-02-22 03:58:02] 猪头肉鉴赏家: 同款键鼠是我的！
[2026-02-22 03:58:02] zxf20061: 同款键鼠是我的！
[2026-02-22 03:58:02] 眺哥牛逼啊: 同款键鼠是我的！
[2026-02-22 03:58:02] 梦游天下城: 同款键鼠是我的！
[2026-02-22 03:58:02] 狂野皮几儿很哒: 同款键鼠是我的！
[2026-02-22 03:58:02] loveforkenny: 同款键鼠是我的！
[2026-02-22 03:58:02] 不是梧桐丶: 同款键鼠是我的！
[2026-02-22 03:58:03] F0restwOw-: 同款键鼠是我的！
[2026-02-22 03:58:03] 卧槽你的玩机器: 同款键鼠是我的！
[2026-02-22 03:58:03] GODAyeon: 同款键鼠是我的！
[2026-02-22 03:58:03] 斗鱼用户8185368173: 同款键鼠是我的！
[2026-02-22 03:58:03] BlackSenna: 同款键鼠是我的！
[2026-02-22 03:58:03] 没有糖的棒棒糖1: 同款键鼠是我的！
[2026-02-22 03:58:03] Justin036: 同款键鼠是我的！
[2026-02-22 03:58:03] 扎克博日歌德: 同款键鼠是我的！
[2026-02-22 03:58:04] 北宇治的久美子本人: 同款键鼠是我的！
[2026-02-22 03:58:04] w恰喜w: 同款键鼠是我的！
[2026-02-22 03:58:04] 要成为原神高手: 同款键鼠是我的！
[2026-02-22 03:58:04] 初尘、: 同款键鼠是我的！
[2026-02-22 03:58:04] 贵树君丶: 同款键鼠是我的！
[2026-02-22 03:58:04] 保护头小头是个DD就好: 同款键鼠是我的！
[2026-02-22 03:58:04] OECN2: 同款键鼠是我的！
[2026-02-22 03:58:04] 啊大番薯这是人类啊: 同款键鼠是我的！
[2026-02-22 03:58:05] 用户7556613108: 同款键鼠是我的！
[2026-02-22 03:58:05] 丶陪你直到世界尽头: 同款键鼠是我的！
[2026-02-22 03:58:05] 想和大番薯砸交的土豆: 同款键鼠是我的！
[2026-02-22 03:58:05] 薯薯在孩孩洞洞刘农: 同款键鼠是我的！
[2026-02-22 03:58:05] 足球上帝托马斯阿芒: 同款键鼠是我的！
[2026-02-22 03:58:05] don斯特kk: 同款键鼠是我的！
[2026-02-22 03:58:06] 串串金枪鱼: 数据数据
[2026-02-22 03:58:06] JuXDg3: 同款键鼠是我的！
[2026-02-22 03:58:06] 手中刀丶夺人魂: 同款键鼠是我的！
[2026-02-22 03:58:06] Asaki薯片: 同款键鼠是我的！
[2026-02-22 03:58:06] ZR4CY極: 同款键鼠是我的！
[2026-02-22 03:58:06] ExPorkz: 同款键鼠是我的！
[2026-02-22 03:58:06] LA的勒布朗本人: 同款键鼠是我的！
[2026-02-22 03:58:06] EzReal丶1: 同款键鼠是我的！
[2026-02-22 03:58:07] b3luga: 同款键鼠是我的！
[2026-02-22 03:58:07] 甘织玲奈子本人: 同款键鼠是我的！
[2026-02-22 03:58:07] 托驴斯小火车: 同款键鼠是我的！
[2026-02-22 03:58:07] 死也不找女朋友: 同款键鼠是我的！
[2026-02-22 03:58:07] 漆黑夜空下的光: 同款键鼠是我的！
[2026-02-22 03:58:07] 彦川爱喝粤金汤: 同款键鼠是我的！
[2026-02-22 03:58:07] 来看看05914: 同款键鼠是我的！
[2026-02-22 03:58:08] Usogu1: 同款键鼠是我的！
[2026-02-22 03:58:08] MikuFans丶妹红: 同款键鼠是我的！
[2026-02-22 03:58:08] 雨雾缠绵悱恻: 同款键鼠是我的！
[2026-02-22 03:58:08] 就叫我老邢吧: 同款键鼠是我的！
[2026-02-22 03:58:08] 鄠邑彭于晏: 同款键鼠是我的！
[2026-02-22 03:58:08] 大绅士喵了个咪: 同款键鼠是我的！
[2026-02-22 03:58:09] WhiteBoth: 同款键鼠是我的！
[2026-02-22 03:58:09] 田一鸣302: 同款键鼠是我的！
[2026-02-22 03:58:09] Xleft小批当: 同款键鼠是我的！
[2026-02-22 03:58:09] 丨呵呵哒: 同款键鼠是我的！
[2026-02-22 03:58:09] 血恒赤: 同款键鼠是我的！
[2026-02-22 03:58:09] 银行业本人: 同款键鼠是我的！
[2026-02-22 03:58:10] 十年九夏是年年: 同款键鼠是我的！
[2026-02-22 03:58:10] star嗝: 同款键鼠是我的！
[2026-02-22 03:58:10] Tao7Ge: 同款键鼠是我的！
[2026-02-22 03:58:10] 文若ovo: 同款键鼠是我的！
[2026-02-22 03:58:10] 1IUKJ1: 同款键鼠是我的！
[2026-02-22 03:58:10] 付先生fj: 同款键鼠是我的！
[2026-02-22 03:58:10] 千百度897: 同款键鼠是我的！
[2026-02-22 03:58:10] 乔植ovo: 同款键鼠是我的！
[2026-02-22 03:58:11] 卧槽大宝剑949: 同款键鼠是我的！
[2026-02-22 03:58:11] 蓝二乘1: 同款键鼠是我的！
[2026-02-22 03:58:11] l寂寞小水怪l: 同款键鼠是我的！
[2026-02-22 03:58:11] 乌克兰老司机玩游戏: 同款键鼠是我的！
[2026-02-22 03:58:11] Crush小桐: 同款键鼠是我的！
[2026-02-22 03:58:11] 月光下的寂静0: 同款键鼠是我的！
[2026-02-22 03:58:11] 油搐: 同款键鼠是我的！
[2026-02-22 03:58:12] 丹麦国王device: 同款键鼠是我的！
[2026-02-22 03:58:12] 第一空mi0: 同款键鼠是我的！
[2026-02-22 03:58:12] 時玳目艮汨: 同款键鼠是我的！
[2026-02-22 03:58:12] VOCALOID的miku本人: 同款键鼠是我的！
[2026-02-22 03:58:12] 蛋肠粉: 同款键鼠是我的！
[2026-02-22 03:58:12] 孟北吟: 同款键鼠是我的！
[2026-02-22 03:58:13] 蛋炒饭的钱罐子: 同款键鼠是我的！
[2026-02-22 03:58:13] 不关舒克的事哦: 同款键鼠是我的！
[2026-02-22 03:58:13] 展昭Z: 同款键鼠是我的！
[2026-02-22 03:58:13] G4RYPU: 同款键鼠是我的！
[2026-02-22 03:58:13] 阿特拉斯雄狮: 同款键鼠是我的！
[2026-02-22 03:58:13] 包包你到底哪里神了: 同款键鼠是我的！
[2026-02-22 03:58:13] 量子毁灭717: 同款键鼠是我的！
[2026-02-22 03:58:16] Kirse: 同款键鼠是我的！
[2026-02-22 03:58:16] 尛訫碎TwT: 同款键鼠是我的！
[2026-02-22 03:58:16] 樱桃0w0: 同款键鼠是我的！
[2026-02-22 03:58:16] 海绵宝宝打野儿: 同款键鼠是我的！
[2026-02-22 03:58:16] 玩丈夹脸: 同款键鼠是我的！
[2026-02-22 03:58:16] 听风丶随来: 同款键鼠是我的！
[2026-02-22 03:58:16] 好姐妹凑崎纱夏: 同款键鼠是我的！
[2026-02-22 03:58:16] 北走zz: 同款键鼠是我的！
[2026-02-22 03:58:16] 冥冥6657: 同款键鼠是我的！
[2026-02-22 03:58:16] AL1yaaa: 同款键鼠是我的！
[2026-02-22 03:58:16] 跳跃的司令官: 同款键鼠是我的！
[2026-02-22 03:58:16] 忽孝山庄: 同款键鼠是我的！
[2026-02-22 03:58:16] 嘿你尾巴掉了99: 同款键鼠是我的！
[2026-02-22 03:58:16] 玩斯特吉吉: 同款键鼠是我的！
[2026-02-22 03:58:16] 玩机器的表弟玩机哔: 同款键鼠是我的！
[2026-02-22 03:58:16] LaTiaoHaoLa: 同款键鼠是我的！
[2026-02-22 03:58:16] 春日部深情36308: 同款键鼠是我的！
[2026-02-22 03:58:16] YuzuharaYuka: 同款键鼠是我的！
[2026-02-22 03:58:16] 马楼King张三: 同款键鼠是我的！
[2026-02-22 03:58:16] 阿羞羞i: 同款键鼠是我的！
[2026-02-22 03:58:17] G2的device本人: 同款键鼠是我的！
[2026-02-22 03:58:17] XXXTentacion77777: 同款键鼠是我的！
[2026-02-22 03:58:17] 蛇鼠野菜汤: 同款键鼠是我的！
[2026-02-22 03:58:17] ThomasWilliamHiddleston: 同款键鼠是我的！
[2026-02-22 03:58:17] 用户39554172: 同款键鼠是我的！
[2026-02-22 03:58:17] PythonJavaC: 同款键鼠是我的！
[2026-02-22 03:58:17] cornkiner: 同款键鼠是我的！
[2026-02-22 03:58:18] Crychiccc的若叶睦本人: @布罗利：避雷ROG。
[2026-02-22 03:58:18] Song丶寒彻骨: 同款键鼠是我的！
[2026-02-22 03:58:18] 玩机器影子里小忍本人: 同款键鼠是我的！
[2026-02-22 03:58:18] 小手冰热: 同款键鼠是我的！
[2026-02-22 03:58:18] KAZUSA149: 同款键鼠是我的！
[2026-02-22 03:58:18] 月光可以吃: 同款键鼠是我的！
[2026-02-22 03:58:18] 海绵宝宝农批儿: 同款键鼠是我的！
[2026-02-22 03:58:18] Aenusae: 同款键鼠是我的！
[2026-02-22 03:58:18] 辅助不算挂: 同款键鼠是我的！
[2026-02-22 03:58:19] 衣服Kaiju: 同款键鼠是我的！
[2026-02-22 03:58:19] DeltaX: 同款键鼠是我的！
[2026-02-22 03:58:19] djklyk: 同款键鼠是我的！
[2026-02-22 03:58:19] 小乐se: 同款键鼠是我的！
[2026-02-22 03:58:19] breeze丶凛: 同款键鼠是我的！
[2026-02-22 03:58:20] q2W丶: 同款键鼠是我的！
[2026-02-22 03:58:20] 书云云: 同款键鼠是我的！
[2026-02-22 03:58:20] 喝口冰可乐: 同款键鼠是我的！
[2026-02-22 03:58:20] 玩考克machine: 同款键鼠是我的！
[2026-02-22 03:58:20] 你怎么拿针扎人啊: 同款键鼠是我的！
[2026-02-22 03:58:20] 磷叶石pho: 同款键鼠是我的！
[2026-02-22 03:58:20] 二阶堂希罗本人: 同款键鼠是我的！
[2026-02-22 03:58:21] 可爱如小祥: 猎鹰输的是冠军，所以猎鹰是亚军，如果猎鹰不在这个分组。按照niko这个赛事的发挥
[2026-02-22 03:58:21] 蜜蜂的牧濑红莉栖本人: 同款键鼠是我的！
[2026-02-22 03:58:21] 小邱不是小Q: 同款键鼠是我的！
[2026-02-22 03:58:21] 史上最伟大的波2哈3: 同款键鼠是我的！
[2026-02-22 03:58:21] 掌上萌虎QAQ: 同款键鼠是我的！
[2026-02-22 03:58:21] 逆风笑呵呵233: 同款键鼠是我的！
[2026-02-22 03:58:21] Bob小熊君: 同款键鼠是我的！
[2026-02-22 03:58:22] 破万卷623: 同款键鼠是我的！
[2026-02-22 03:58:22] 草莓冰酪: @布罗利：避雷ROG。
[2026-02-22 03:58:22] 深海鳕鱼堡c: 同款键鼠是我的！
[2026-02-22 03:58:22] 麻匪杰哥: !
[2026-02-22 03:58:22] 非必要不中岀: 贱 薯套餐是什么套餐啊
[2026-02-22 03:58:22] 小郑121388: 同款键鼠是我的！
[2026-02-22 03:58:23] 披肩本人: 同款键鼠是我的！
[2026-02-22 03:58:23] mfbyj: 同款键鼠是我的！
[2026-02-22 03:58:23] clockt: 同款键鼠是我的！
[2026-02-22 03:58:23] 夕颜彼岸花: 同款键鼠是我的！
[2026-02-22 03:58:23] 家乐年华: 同款键鼠是我的！
[2026-02-22 03:58:23] why一切顺利: 同款键鼠是我的！
[2026-02-22 03:58:24] 玩机器的vip烟: 同款键鼠是我的！
[2026-02-22 03:58:24] 工藤里没静香了: 同款键鼠是我的！
[2026-02-22 03:58:24] 王霖羽: 同款键鼠是我的！
[2026-02-22 03:58:24] 篮球火lqh: 同款键鼠是我的！
[2026-02-22 03:58:24] 油咖喱的脚: 同款键鼠是我的！
[2026-02-22 03:58:24] 包养玩机器的巴西老头: 同款键鼠是我的！
[2026-02-22 03:58:25] MoYhy33: 同款键鼠是我的！
[2026-02-22 03:58:25] Bey123: 同款键鼠是我的！
[2026-02-22 03:58:25] YL逃离疯狂世界: 同款键鼠是我的
[2026-02-22 03:58:25] 盒子Maru丶: 同款键鼠是我的！
[2026-02-22 03:58:25] 啊啊我的阿玛尼啊啊: 同款键鼠是我的！
[2026-02-22 03:58:25] 叫我辰星就好了: 同款键鼠是我的！
[2026-02-22 03:58:26] 费半天起个名1: 图二有个2.37
[2026-02-22 03:58:26] 小胡加油努力: 同款键鼠是我的！
[2026-02-22 03:58:26] 扳粘: 同款键鼠是我的！
[2026-02-22 03:58:26] 展望ll183: 同款键鼠是我的！
[2026-02-22 03:58:26] 宫斯特监监监: 同款键鼠是我的！
[2026-02-22 03:58:26] 枫丹最美芙宁娜: 同款键鼠是我的！
[2026-02-22 03:58:26] 恴恴恴恴恴: 同款键鼠是我的！
[2026-02-22 03:58:26] 玩机器的乃个会刘能: 同款键鼠是我的！
[2026-02-22 03:58:26] D1azepam: 同款键鼠是我的！
[2026-02-22 03:58:26] 喷香的臭臭泥: 同款键鼠是我的！
[2026-02-22 03:58:27] 青闽: 同款键鼠是我的！
[2026-02-22 03:58:27] Tom7-: 同款键鼠是我的！
[2026-02-22 03:58:27] Cr1pa: 同款键鼠是我的！
[2026-02-22 03:58:27] Teamwong96: 同款键鼠是我的！
[2026-02-22 03:58:27] 伊在云深不知处: 同款键鼠是我的！
[2026-02-22 03:58:27] 咩力羊: 同款键鼠是我的！
[2026-02-22 03:58:27] 扣一认我作叠: 同款键鼠是我的！
[2026-02-22 03:58:28] Aimyon33: 同款键鼠是我的！
[2026-02-22 03:58:28] Edency: 同款键鼠是我的！
[2026-02-22 03:58:28] 网友小粥粥: 同款键鼠是我的！
[2026-02-22 03:58:28] 我一直都是柚子厨: 同款键鼠是我的！
[2026-02-22 03:58:28] RoOxy: 同款键鼠是我的！
[2026-02-22 03:58:29] 召唤255: 同款键鼠是我的！
[2026-02-22 03:58:29] xOcOg: 又开发言间隔了，弹幕气不气
[2026-02-22 03:58:29] 冷落01017:  同款键鼠是我的！
[2026-02-22 03:58:29] Jess2: 同款键鼠是我的！
[2026-02-22 03:58:29] 布达佩斯MajorMVP-NIKO: 同款键鼠是我的！
[2026-02-22 03:58:29] 给阿雨的也请给我: 同款键鼠是我的！
[2026-02-22 03:58:30] 黎醉: 同款键鼠是我的！
[2026-02-22 03:58:30] Kacyusha: 同款键鼠是我的！
[2026-02-22 03:58:30] 玩机器的铭感硅骰: 同款键鼠是我的！
[2026-02-22 03:58:30] 洛陽城里看落陽: 同款键鼠是我的！
[2026-02-22 03:58:30] circle太子要楽奈: 同款键鼠是我的！
[2026-02-22 03:58:30] 没办法就这样: 同款键鼠是我的！
[2026-02-22 03:58:30] 沙优丶: 同款键鼠是我的！
[2026-02-22 03:58:30] 极光光a: 同款键鼠是我的！
[2026-02-22 03:58:31] 三重同学: 同款键鼠是我的！
[2026-02-22 03:58:31] 与猫言猫Q: 同款键鼠是我的！
[2026-02-22 03:58:31] bzcq1245: 同款键鼠是我的！
[2026-02-22 03:58:31] 天守阁信长: 贱 薯套餐是什么套餐啊
[2026-02-22 03:58:31] AKaIIChi: 同款键鼠是我的！
[2026-02-22 03:58:32] 芬芳大雄: 同款键鼠是我的！
