# room_id=6979222 host=玩机器丶Machine title=小众宝藏结晶直播 live_time= fetch_time=2026-02-21 23:45:46
[2026-02-22 00:17:27] 限制性核酸下底酶: 可是伍子胥是拿了冠军才鞭尸的啊🥺
[2026-02-22 00:17:27] Cloud9的咬人猫本人: @玩机器原话：你能赢怎么鞭都是对的
[2026-02-22 00:17:27] 单推折纸11年: 可是尼尼也很会鞭啊🥺🥺
[2026-02-22 00:17:28] VDVCI的迪米特里本人: 可是伍子胥是拿了冠军才鞭尸的啊🥺
[2026-02-22 00:17:28] Trnang635: 可是尼尼也很会鞭啊🥺🥺
[2026-02-22 00:17:28] 夏亚阿兹纳布耳: 可是尼尼也很会鞭啊🥺🥺
[2026-02-22 00:17:28] Kunwz: 可是尼尼也很会鞭啊🥺🥺
[2026-02-22 00:17:28] 温柔的花生1: 　　　 woc，device把屏幕锤爆判负了
[2026-02-22 00:17:28] 呆毛帝国皇家御用大厨: wc，老汤五杀了！
[2026-02-22 00:17:28] FrankGFL: 可是伍子胥是拿了冠军才鞭尸的啊🥺
[2026-02-22 00:17:29] A队不吃晃的小祥本人: 玩机器，你现在逆转风评和停止节奏的唯一办法就是把《颂乐人偶》后6集看完
[2026-02-22 00:17:29] Art3miss: 全体尼孝听令！说鞭就提冰冰，说冠 军就说步 枪最长的河，说donk就说稳定逮捕
[2026-02-22 00:17:29] 命运叫我去战斗: woc，device把屏幕锤爆判负了
[2026-02-22 00:17:29] GlockieSs: @刘农：儿子，老爸刚刚拙略的演技对你的弹幕环境有帮助吗？我这边已经结束了勿念
[2026-02-22 00:17:29] 铲车司机戴家伟: @陈奕迅：儿子你说谁没有蛋？？
[2026-02-22 00:17:29] 用户8893066234: 2-0 结束了
[2026-02-22 00:17:30] 大梦464: 可是尼尼也很会鞭啊🥺🥺
[2026-02-22 00:17:30] myGo的anon: 感觉2-0了
[2026-02-22 00:17:30] 子非鱼乐77042: 可是伍子胥是拿了冠军才鞭尸的啊🥺
[2026-02-22 00:17:31] mmc88dj: 可是伍子胥是拿了冠军才鞭尸的啊🥺
[2026-02-22 00:17:31] 妳天真我現實: 宫监手！准备放监！🏹🏹🏹🏹宫监手！准备放监！🏹🏹🏹
[2026-02-22 00:17:31] oneonetureture: 可是尼尼也很会鞭啊🥺🥺
[2026-02-22 00:17:31] 驴驴宗宗买这冠军: 弹幕好多人在发自己的最后一条弹幕。。。。
[2026-02-22 00:17:31] 看不见我993: woc，device把屏幕锤爆判负了
[2026-02-22 00:17:31] 血樱幽世: 那谁差呢
[2026-02-22 00:17:31] 机长家的华仔: 可是尼尼也很会鞭啊🥺🥺
[2026-02-22 00:17:31] VDVCI的迪米特里本人: 可是伍子胥是拿了冠军才鞭尸的啊🥺
[2026-02-22 00:17:31] 万能的鸵鸟: 隔壁加时了
[2026-02-22 00:17:32] 小提琴杀人手: 12:4-12:12，神队
[2026-02-22 00:17:32] JamYo0oung: 隔壁加时了
[2026-02-22 00:17:32] 李欢要早睡i: 可是尼尼也很会鞭啊🥺🥺
[2026-02-22 00:17:32] 奶油亦博啵啵: 弹幕真把我骗去看了，结果老汤已经被踢死了😓
[2026-02-22 00:17:33] 木林森969585: 爱老汤是人设，猎鹰官方直播间人设，只有⭕米是真本性🤔🤗
[2026-02-22 00:17:33] 大哥心里慌: 可是尼尼也很会鞭啊🥺🥺
[2026-02-22 00:17:33] 白毛红瞳太棒了吧: 玩机器，你现在逆转风评和停止节奏的唯一办法就是把《颂乐人偶》后6集看完
[2026-02-22 00:17:33] 劉膿dewasu: 爱老汤是人设，猎鹰官方直播间人设，只有⭕米是真本性🤔🤗
[2026-02-22 00:17:33] StellarEchoes: 载物鞭，有反转无人在意。niko鞭，考子直接造谣说xielo先鞭的，到底谁才是真正的冰粉群体啊？
[2026-02-22 00:17:33] 吃烧烤得吃烤茄子: 反观猎鹰
[2026-02-22 00:17:33] 永远的克罗娜: 爱弥斯，我只希望你能轻松快乐的生活......
[2026-02-22 00:17:34] STxrY: 可是伍子胥是拿了冠军才鞭尸的啊🥺
[2026-02-22 00:17:34] viovvvvvvvon: 【前线速报】加时了
[2026-02-22 00:17:34] c6lviN: 可是伍子胥是拿了冠军才鞭尸的啊🥺
[2026-02-22 00:17:34] 用户31680093: 猎鹰
[2026-02-22 00:17:34] 驴子别路边了: woc，device把屏幕锤爆判负了
[2026-02-22 00:17:34] pzzhhh: 卧槽机器，原来你会正常解说啊，之前只看你解说猎鹰比赛还以为你只会硬舔呢
[2026-02-22 00:17:34] 那就点: 可是伍子胥是拿了冠军才鞭尸的啊🥺
[2026-02-22 00:17:34] 不变的追求717: 偷 哦 嘘 鞭 贷 拔 君子六艺🤚🦐✋
[2026-02-22 00:17:34] 澄猫: 可是尼尼也很会鞭啊🥺🥺
[2026-02-22 00:17:35] 黄升亮的老公: 可是尼尼也很会鞭啊🥺🥺
[2026-02-22 00:17:35] 丢你雷姆吔屎啦你: 可是伍子胥是拿了冠军才鞭尸的啊🥺
[2026-02-22 00:17:35] ST骑士: 玩机器之老汤被鞭一笑而过但你鞭了我喜欢的选手！我就要喷！
[2026-02-22 00:17:36] everch0sen: 可是尼尼也很会鞭啊🥺🥺
[2026-02-22 00:17:36] 长期素食从不熬夜: 玩机器，你现在逆转风评和停止节奏的唯一办法就是把《颂乐人偶》后6集看完
[2026-02-22 00:17:36] A队不吃晃的小祥本人: ⓘ您已被天师庄方宜举报封禁，点击了解武陵社会信用
[2026-02-22 00:17:36] 波士顿炸大虾: 宫监手！准备放监！🏹🏹🏹🏹宫监手！准备放监！🏹🏹🏹
[2026-02-22 00:17:36] y叶上初阳h: 可是尼尼也很会鞭啊🥺🥺
[2026-02-22 00:17:36] Arianphy: 12:4-12:12，神队
[2026-02-22 00:17:36] 好哥们黑龙歼灭刀: 爱老汤是人设，猎鹰官方直播间人设，只有⭕米是真本性🤔🤗
[2026-02-22 00:17:37] Vitality的Kyojin本人: 那是谁纪律性不好
[2026-02-22 00:17:37] 假如一切是虚幻: 可是伍子胥是拿了冠军才鞭尸的啊🥺
[2026-02-22 00:17:37] 玩斯特出出6657: 猎鹰就不好了吗
[2026-02-22 00:17:37] 世界倒数第一r99使用者: 　　　 可是尼尼也很会鞭啊🥺🥺
[2026-02-22 00:17:37] 年少丶轻狂过丿: woc，device把屏幕锤爆判负了
[2026-02-22 00:17:37] Kunwz: 可是尼尼也很会鞭啊🥺🥺
[2026-02-22 00:17:37] 迷人的五月desuwa: 反观
[2026-02-22 00:17:38] 1freet: 谁不好
[2026-02-22 00:17:38] EYESNOSELIPS88: 可是尼尼也很会鞭啊🥺🥺
[2026-02-22 00:17:38] 小布丁是真好吃: woc，device把屏幕锤爆判负了
[2026-02-22 00:17:38] 这个号暂时赢不了: @陈奕迅：儿子你说谁没有蛋？？
[2026-02-22 00:17:38] 爆爆爆开爆: 可是伍子胥是拿了冠军才鞭尸的啊🥺
[2026-02-22 00:17:38] xyxxyzbbdzq: 可是尼尼也很会鞭啊🥺🥺
[2026-02-22 00:17:38] 圣诞节二人组: 玩机器，你现在逆转风评和停止节奏的唯一办法就是把《颂乐人偶》后6集看完
[2026-02-22 00:17:39] 卡啊卡卡丶: ⚠6 ⚠6 ⚠5⚠7 ⚠ 本弹幕用来检测是否被封⚠6 ⚠6 ⚠5⚠7 ⚠
[2026-02-22 00:17:39] -无街之城: 可是尼尼也很会鞭啊🥺🥺
[2026-02-22 00:17:39] 冬马和纱Official: 可是尼尼也很会鞭啊🥺🥺
[2026-02-22 00:17:39] 蓝原延渚: 　　　 可是伍子胥是拿了冠军才鞭尸的啊🥺
[2026-02-22 00:17:40] AVQAQ: woc，device把屏幕锤爆判负了
[2026-02-22 00:17:40] 玩弓箭、Arrow: 哪那个队纪律性有点差呢
[2026-02-22 00:17:40] VDVCI的迪米特里本人: 可是尼尼也很会鞭啊🥺🥺
[2026-02-22 00:17:40] 青芒一刀给你干稀碎: 　　　 可是伍子胥是拿了冠军才鞭尸的啊🥺
[2026-02-22 00:17:40] 洛卡不是菜狗: 玩机器，你现在逆转风评和停止节奏的唯一办法就是把《颂乐人偶》后6集看完
[2026-02-22 00:17:40] 1魂星1: woc，device把屏幕锤爆判负了
[2026-02-22 00:17:41] 古堡12枪战神: woc，老汤把大屏幕锤烂了，现场看不了比赛了
[2026-02-22 00:17:42] 好姐妹铃木羽那: 玩乐队的大姐姐和长得跟🗿一样的研究员去哪里了，现在的弹幕我好害怕
[2026-02-22 00:17:42] 终初若叶睦: 卧槽机器，原来你会正常解说啊，之前只看你解说猎鹰比赛还以为你只会硬舔呢
[2026-02-22 00:17:42] 不要命的Tony: 反观猎鹰
[2026-02-22 00:17:42] 方別: 🔈消息提醒： 您的账号在另一地点登录，弹幕链接已断开 点击重新链接弹幕
[2026-02-22 00:17:42] 落夜会: 感觉2-0了
[2026-02-22 00:17:42] 11tEo:     可是尼尼也很会鞭啊🥺🥺
[2026-02-22 00:17:42] 菲伦1: @Niko：nota我看你今天状态不是很对啊，要不，要不你来让我鞭一下清醒清醒吧
[2026-02-22 00:17:42] 鲜血与暗影铸造的家伙: 上帝的纪律性猎鹰一辈子学不来
[2026-02-22 00:17:42] JamYo0oung: 玩机器，你现在逆转风评和停止节奏的唯一办法就是把《颂乐人偶》后6集看完
[2026-02-22 00:17:43] 今天只做1件事: 可是尼尼也很会鞭啊🥺🥺
[2026-02-22 00:17:43] 玩宝宝的小脚: 可是伍子胥是拿了冠军才鞭尸的啊🥺
[2026-02-22 00:17:43] PAX7654: 基米
[2026-02-22 00:17:43] 好哥们黑龙歼灭刀: 载物鞭，有反转无人在意。niko鞭，考子直接造谣说xielo先鞭的，到底谁才是真正的冰粉群体啊？
[2026-02-22 00:17:43] VDVCI的迪米特里本人: 可是伍子胥是拿了冠军才鞭尸的啊🥺
[2026-02-22 00:17:43] valorant玩机器: 卧槽机器，原来你会正常解说啊，之前只看你解说猎鹰比赛还以为你只会硬舔呢
[2026-02-22 00:17:43] 一百丅的dev1ce: 可是伍子胥是拿了冠军才鞭尸的啊🥺
[2026-02-22 00:17:44] 好姐们-爱尔奎特: 爱老汤是人设，猎鹰官方直播间人设，只有⭕米是真本性🤔🤗
[2026-02-22 00:17:44] 纱都梅川: 可是尼尼也很会鞭啊🥺🥺
[2026-02-22 00:17:44] 玩机器是我霸: @nota：曾经的我会因为偶像鞭我而难受 现在我只想拿冠军✌️😊🏆
[2026-02-22 00:17:44] GlockieSs: woc，device把屏幕锤爆判负了
[2026-02-22 00:17:44] IsemiTina: woc，device把屏幕锤爆判负了
[2026-02-22 00:17:44] ArZhe阿哲: 伍子胥人家带数字的真能鞭
[2026-02-22 00:17:44] 后藤一鲤: woc，device把屏幕锤爆判负了
[2026-02-22 00:17:44] sjtu的musketeers本人: 可是尼尼也很会鞭啊🥺🥺
[2026-02-22 00:17:44] NovoXx:     可是尼尼也很会鞭啊🥺🥺
[2026-02-22 00:17:44] 三千世界鸦杀尽彡: 可是伍子胥是拿了冠军才鞭尸的啊🥺
[2026-02-22 00:17:45] Arianphy: woc，device把屏幕锤爆判负了
[2026-02-22 00:17:45] 没有真名233: 爱老汤是人设，猎鹰官方直播间人设，只有⭕米是真本性🤔🤗
[2026-02-22 00:17:45] 好姐妹长期素食丶: 哪个队差呢
[2026-02-22 00:17:46] 小川阿丶: 可是尼尼也很会鞭啊🥺🥺
[2026-02-22 00:17:46] A队不吃晃的小祥本人: 老规矩，弹幕谁编的好笑我支持谁
[2026-02-22 00:17:46] 凯瑟琳123: woc，device把屏幕锤爆判负了
[2026-02-22 00:17:46] 空白Zzz丶: 可是尼尼也很会鞭啊🥺🥺
[2026-02-22 00:17:46] VDVCI的迪米特里本人: 可是伍子胥是拿了冠军才鞭尸的啊🥺
[2026-02-22 00:17:46] 丹麦国王device: chopper：进攻方要下包，防守方要拆包！ apEX:👏👏👏 snax:️️️:👏👏👏
[2026-02-22 00:17:47] 间桐樱是好女孩: 可是尼尼也很会鞭啊🥺🥺
[2026-02-22 00:17:47] Captain秃: 可是尼尼也很会鞭啊🥺🥺
[2026-02-22 00:17:47] MeIoN39: 可是尼尼也很会鞭啊🥺🥺
[2026-02-22 00:17:47] DDD是就我: 请新人熟悉本直播间第一规则：攻击选手✅️攻击主播❌️
[2026-02-22 00:17:47] User5092: 那是谁的纪律性不行呢
[2026-02-22 00:17:48] 设备的渐缩喷管: 可是尼尼也很会鞭啊🥺🥺
[2026-02-22 00:17:48] 终初若叶睦: 卧槽机器，原来你会正常解说啊，之前只看你解说猎鹰比赛还以为你只会硬舔呢
[2026-02-22 00:17:48] 红红雨雨养猪冠军: 可是玩宝宝也有鞭啊🥺
[2026-02-22 00:17:48] y叶上初阳h: woc，device把屏幕锤爆判负了
[2026-02-22 00:17:48] 允鸢123: 可是尼尼也很会鞭啊🥺🥺
[2026-02-22 00:17:48] 夺云丶: 伍子胥人家带数字的真能鞭
[2026-02-22 00:17:48] JamYo0oung: 玩乐队的大姐姐和长得跟🗿一样的研究员去哪里了，现在的弹幕我好害怕
[2026-02-22 00:17:48] MyGo的tomorin本人: 玩乐队的大姐姐和长得跟🗿一样的研究员去哪里了，现在的弹幕我好害怕
[2026-02-22 00:17:48] 一条无梦鱼: 鞭！device卧槽了！
[2026-02-22 00:17:49] A队不吃晃的小祥本人: 老规矩，弹幕谁编的好笑我支持谁
[2026-02-22 00:17:49] 鸭硕的哈撒给: 可是骂玩宝宝的弹幕也很好笑啊🥺
[2026-02-22 00:17:49] mvp是谁: 托子什么时候丢
[2026-02-22 00:17:49] 泽斡: 玩机器，你现在逆转风评和停止节奏的唯一办法就是把《颂乐人偶》后6集看完
[2026-02-22 00:17:49] 永远的克罗娜: 爱弥斯，我只希望你能轻松快乐的生活......
[2026-02-22 00:17:49] BleksiA: 玩乐队的大姐姐和长得跟🗿一样的研究员去哪里了，现在的弹幕我好害怕
[2026-02-22 00:17:50] 6657的鸣上悠本人: 不要带100t核子8个赛点被拖进加时的节奏啊
[2026-02-22 00:17:50] 若叶睦吃苦瓜:  woc，device把屏幕锤爆判负了
[2026-02-22 00:17:50] 小谢crab: 可是玩宝宝也很肥美啊……
[2026-02-22 00:17:50] ok奶绿: 可是尼尼也很会鞭啊🥺🥺
[2026-02-22 00:17:50] wantrue: 可是伍子胥是拿了冠军才鞭尸的啊🥺
[2026-02-22 00:17:51] 这下洗不清咯: 天禄
[2026-02-22 00:17:51] 乌贼王乌索普: 　　　     可是尼尼也很会鞭啊🥺🥺
[2026-02-22 00:17:52] 尊尼获加然: 玩乐队的大姐姐和长得跟🗿一样的研究员去哪里了，现在的弹幕我好害怕
[2026-02-22 00:17:52] 太行山积雪: 老规矩，弹幕谁编的好笑我支持谁
[2026-02-22 00:17:52] Falcons的Kobe本人: 天禄
[2026-02-22 00:17:52] 爱丽速子的小白鼠: +++++++++++
[2026-02-22 00:17:53] 白毛neguno: 可是尼尼也很会鞭啊🥺🥺
[2026-02-22 00:17:53] 宇宙第一麻瓜: k出
[2026-02-22 00:17:53] 老人星的优秀素质本人: woc，device把屏幕锤爆判负了
[2026-02-22 00:17:54] A队不吃晃的小祥本人: ⓘ您已被天师庄方宜举报封禁，点击了解武陵社会信用
[2026-02-22 00:17:54] 机器机器祝你天天开心: 康出
[2026-02-22 00:17:54] 无伟契约: 虽然尼尼鞭的很坚决 但载载属于那种甩鞭 观赏性更强
[2026-02-22 00:17:54] 田中口三才: 不要带100t核子8个赛点被拖进加时的节奏啊
[2026-02-22 00:17:54] 爱被小泉吃的拉面同学: 可是尼尼也很会鞭啊🥺🥺
[2026-02-22 00:17:54] 永冬938: 爱弥斯，我只希望你能轻松快乐的生活......
[2026-02-22 00:17:55] GlockieSs: @刘农：儿子，老爸刚刚拙略的演技对你的弹幕环境有帮助吗？我这边已经结束了勿念
[2026-02-22 00:17:55] 吃了葡萄吐葡萄皮: +++++++++++
[2026-02-22 00:17:56] 夺云丶: 可是骂玩宝宝的弹幕也很好笑啊🥺
[2026-02-22 00:17:56] 七色的人偶使者: twistzz play
[2026-02-22 00:17:56] TKODEVIL: tyloo play
[2026-02-22 00:17:56] 没有故事的Pluto: 已加时
[2026-02-22 00:17:56] 不变的追求717: 可是尼尼也很会鞭啊🥺🥺
[2026-02-22 00:17:56] 魔教中人谌: 可是尼尼也很会鞭啊🥺🥺
[2026-02-22 00:17:56] 太行山积雪: 可是伍子胥是拿了冠军才鞭尸的啊🥺
[2026-02-22 00:17:57] TuscanLeather: tyloo play
[2026-02-22 00:17:57] 叫我小帅哥就好了: 天禄
[2026-02-22 00:17:57] 卡啊卡卡丶: ⚠6 ⚠6 ⚠5⚠7 ⚠ 本弹幕用来检测是否被封⚠6 ⚠6 ⚠5⚠7 ⚠
[2026-02-22 00:17:57] 布丁布盯: kg棍啊，本直播间只欢迎元神
[2026-02-22 00:17:57] 99组的露崎真昼本人: tyloo play
[2026-02-22 00:17:57] pzzhhh: 康出
[2026-02-22 00:17:57] 永远的克罗娜: 爱弥斯，我只希望你能轻松快乐的生活......
[2026-02-22 00:17:57] 好哥们黑龙歼灭刀: 可是骂玩宝宝的弹幕也很好笑啊🥺
[2026-02-22 00:17:58] 若叶睦吃苦瓜: 那是谁纪律性不行呢
[2026-02-22 00:17:58] A队的dev1ce本人-: 爱弥斯，我只希望你能轻松快乐的生活......
[2026-02-22 00:17:58] 奶油亦博啵啵: 卧槽真没图三了
[2026-02-22 00:17:58] ZeppelinIV: 100t加了。机器快去看老汤最后一眼吧
[2026-02-22 00:17:58] 辣薄荷Lapohre: tyloo play
[2026-02-22 00:17:58] Greatest马蒂厄: 爱老汤是人设，猎鹰官方直播间人设，只有⭕米是真本性🤔🤗
[2026-02-22 00:17:58] 闪光皮凡: 天禄play
[2026-02-22 00:17:59] VDVCI的迪米特里本人: 可是伍子胥是拿了冠军才鞭尸的啊🥺
[2026-02-22 00:17:59] 林有为丶: 🗿：团结、精确、完美…
[2026-02-22 00:17:59] 玩机器厦面鄙骰大: 玩神，我看了一下赛事数据，NIKO又要拿MVP了。
[2026-02-22 00:17:59] 中野家的三玖丈夫本人: 玩乐队的大姐姐和长得跟🗿一样的研究员去哪里了，现在的弹幕我好害怕
[2026-02-22 00:17:59] Red丿Ookami: @zweih@nota：2026年冠军 1 @donk@Niko：0
[2026-02-22 00:17:59] 命运叫我去战斗: 机器，你能不能别每次看到device都上去就猛夸
[2026-02-22 00:17:59] lonhkfd: tyloo play
[2026-02-22 00:17:59] 花美未必摘: tyloo play
[2026-02-22 00:17:59] 洛陽城里看落陽: 1
[2026-02-22 00:18:00] 网友苏顺鱼: 玩乐队的大姐姐和长得跟🗿一样的研究员去哪里了，现在的弹幕我好害怕
[2026-02-22 00:18:00] lpyuan: 玩乐队的大姐姐和长得跟🗿一样的研究员去哪里了，现在的弹幕我好害怕
[2026-02-22 00:18:00] 墨痕丿: 康出
[2026-02-22 00:18:00] 小马利亚暮光闪闪本人: tyloo play
[2026-02-22 00:18:00] 爱被小泉吃的拉面同学: 可是伍子胥是拿了冠军才鞭尸的啊🥺
[2026-02-22 00:18:00] 靈夢的塞钱箱: 可是尼尼也很会鞭啊🥺🥺
[2026-02-22 00:18:00] 十点差49分: 不要带100t核子8个赛点被拖进加时的节奏啊
[2026-02-22 00:18:00] 米米世界之神: 卧槽真没图三了
[2026-02-22 00:18:01] YeMinister: 老规矩，弹幕谁编的好笑我支持谁
[2026-02-22 00:18:01] Eathel: 现在多少级能说话
[2026-02-22 00:18:01] 阿秀2525: 天禄play
[2026-02-22 00:18:01] 嘿06548: 可是尼尼也很会鞭啊🥺🥺
[2026-02-22 00:18:02] 从零开始的加拿大肄业: 虽然尼尼鞭的很坚决 但载载属于那种甩鞭 观赏性更强
[2026-02-22 00:18:02] 雪语樱梦丶: 隔壁加时了
[2026-02-22 00:18:02] 文西67: 反观
[2026-02-22 00:18:02] skrrr吴: 天禄 play
[2026-02-22 00:18:02] myGo的anon: tyloo play
[2026-02-22 00:18:02] rcwry: 1111
[2026-02-22 00:18:02] 玩机器厦面鄙骰大: 玩神，我看了一下赛事数据，NIKO又要拿MVP了。。
[2026-02-22 00:18:02] 永出塔菲: tyloo play
[2026-02-22 00:18:03] 梦的星: tyloo play
[2026-02-22 00:18:03] supperpigi: tyloo play
[2026-02-22 00:18:03] 如如493: woc，Niko把网线鞭断判负了
[2026-02-22 00:18:03] 德鲁四叔: 可是尼尼也很会鞭啊🥺🥺
[2026-02-22 00:18:04] JamYo0oung: 可是尼尼也很会鞭啊🥺🥺
[2026-02-22 00:18:04] kTw3nRu1: 666
[2026-02-22 00:18:04] xyxxyzbbdzq: TyLoo play
[2026-02-22 00:18:04] 千早爱音desua: 可是伍子胥是拿了冠军才鞭尸的啊🥺
[2026-02-22 00:18:06] G2的device本人: ？
[2026-02-22 00:18:06] c6lviN: 玩乐队的大姐姐和长得跟🗿一样的研究员去哪里了，现在的弹幕我好害怕
[2026-02-22 00:18:07] 好哥们黑龙歼灭刀: tyloo play
[2026-02-22 00:18:07] 龍仔ww: 托神
[2026-02-22 00:18:07] 玉米卧槽: 可是goat也很会鞭啊🥺🥺
[2026-02-22 00:18:07] 玩卷饼、wei: 　　　 tyloo play
[2026-02-22 00:18:07] 机器机器祝你天天开心: ？
[2026-02-22 00:18:07] 枫落不是枫ruo: ？
[2026-02-22 00:18:07] 呵19553: 天禄play
[2026-02-22 00:18:08] 血樱幽世: 托神
[2026-02-22 00:18:08] 老人星的优秀素质本人: tyloo play
[2026-02-22 00:18:08] 命运叫我去战斗: 机器你能不能不要每次看到device就上去猛夸
[2026-02-22 00:18:08] 怒之拳: 可是尼尼也很会鞭啊🥺🥺
[2026-02-22 00:18:08] JamYo0oung: 玩神，我看了一下赛事数据，NIKO又要拿MVP了。
[2026-02-22 00:18:09] 好兄弟平湖家猪王: 我超，老汤一拳干Niko脸上了
[2026-02-22 00:18:09] 華之君: 隔壁+了是人阿
[2026-02-22 00:18:09] Vitality的Kyojin本人: 托神
[2026-02-22 00:18:09] 琉丶枫: 狗运
[2026-02-22 00:18:09] 太行山积雪: 那是谁纪律性不行呢
[2026-02-22 00:18:09] 审查账号: 托神
[2026-02-22 00:18:09] 你成功通过了我的考验: 握草，真加了啊100t
[2026-02-22 00:18:09] al9527: 运气
[2026-02-22 00:18:10] 吃烧烤得吃烤茄子: 天禄play
[2026-02-22 00:18:10] 用来焚城的业炎: 可是尼尼也很会鞭啊🥺🥺
[2026-02-22 00:18:10] yuhgggujbb: 天禄 play
[2026-02-22 00:18:10] 鲸鱼向海鲸鱼向海: 就鞭就鞭，鞭似弹幕串子的捞目
[2026-02-22 00:18:10] BleksiA: tyloo play
[2026-02-22 00:18:10] 小马利亚暮光闪闪本人: ？
[2026-02-22 00:18:10] 足音: 魔法子弹
[2026-02-22 00:18:11] 花开日暮: 运气
[2026-02-22 00:18:11] 神奥联盟的竹兰本人: 托神
[2026-02-22 00:18:11] xOcOg: 设备：孩子，累了想下播就索敌攻击你监爹的弹幕，想净化弹幕环境就看看我的比赛
[2026-02-22 00:18:11] 青芒一刀给你干稀碎: 托神
[2026-02-22 00:18:11] 玩宝路、Marlboro: 　　　 tyloo play
[2026-02-22 00:18:12] 米米世界之神: 卧槽真加时了
[2026-02-22 00:18:12] D0r1tos: ？
[2026-02-22 00:18:12] 渔不沮zz: 托神
[2026-02-22 00:18:12] 鲸鱼向海鲸鱼向海: 就鞭就鞭，鞭似弹幕串子的捞目
[2026-02-22 00:18:12] G2的device本人: 听说纪律性很强
[2026-02-22 00:18:13] 玩公式丶Formula: 运气好哥
[2026-02-22 00:18:13] 管大无需多颜: 好接
[2026-02-22 00:18:13] Assurance:     tyloo play
[2026-02-22 00:18:13] 若叶睦吃苦瓜: tyloo play
[2026-02-22 00:18:13] 玩机器的左高玩: ？
[2026-02-22 00:18:13] 老艺术家12453: 我草隔壁真加时了
[2026-02-22 00:18:13] Killajoy: 男色闪光
[2026-02-22 00:18:14] 秋茶小雪: 666
[2026-02-22 00:18:14] DeVic3: 隔壁加了
[2026-02-22 00:18:14] 我不是闪烁啊: 男色闪光
[2026-02-22 00:18:14] 尾巴17: tyloo play
[2026-02-22 00:18:14] 鲸鱼向海鲸鱼向海: 就鞭就鞭，鞭似弹幕串子的捞目
[2026-02-22 00:18:15] 你看我都在跳pin: 魔法子弹
[2026-02-22 00:18:15] 凉橙空空: 托神
[2026-02-22 00:18:16] 浅色的调色板: 神队啊
[2026-02-22 00:18:16] xjdnshxjdka:     tyloo play
[2026-02-22 00:18:16] 沈雨读: 玩机器，你现在逆转风评和停止节奏的唯一办法就是把《颂乐人偶》后6集看完
[2026-02-22 00:18:16] yinyao1231: tyloo play
[2026-02-22 00:18:16] 如如493: 就鞭就鞭，鞭似弹幕串子的捞目
[2026-02-22 00:18:16] Crim1n4l: 天禄play
[2026-02-22 00:18:16] 瑭珏: 　　　 tyloo play
[2026-02-22 00:18:17] 鲸鱼向海鲸鱼向海: 就鞭就鞭，鞭似弹幕串子的捞目
[2026-02-22 00:18:17] A队不吃晃的小祥本人: 玩机器，你现在逆转风评和停止节奏的唯一办法就是把《颂乐人偶》后6集看完
[2026-02-22 00:18:17] 君冠城渗透者: tyloo play
[2026-02-22 00:18:17] 命运叫我去战斗: tyloo play
[2026-02-22 00:18:17] 那咋办嘛yyyyyy: 请问玩神，每次比赛中途出现的“危险比分警告”这种弹幕算是数字梗还是谐音梗啊。
[2026-02-22 00:18:18] 信濃Sh1nano: 鞭
[2026-02-22 00:18:18] Heartzzz丶: 老霸要倒了
[2026-02-22 00:18:18] 管大无需多颜: 鞭？
[2026-02-22 00:18:19] 狂野皮几儿很哒: 玩乐队的大姐姐和长得跟🗿一样的研究员去哪里了，现在的弹幕我好害怕
[2026-02-22 00:18:19] everch0sen: jee当时要是这么准就好了
[2026-02-22 00:18:19] 玩斯特姬姬: @dev1ce：易博 咳咳咳 换台 咳咳咳 老爸要似了😣😣😣
[2026-02-22 00:18:19] 鲸鱼向海鲸鱼向海: 就鞭就鞭，鞭似弹幕串子的捞目
[2026-02-22 00:18:19] A队不吃晃的小祥本人: 申请看100T比赛净化弹幕，同意的＋1
[2026-02-22 00:18:20] 海绵宝宝dinner: tyloo play
[2026-02-22 00:18:20] GBC的井芹仁菜本人: 看这个，真挺有看点
[2026-02-22 00:18:21] 玩公式丶Formula: 鞭
[2026-02-22 00:18:21] c6lviN: 哈哈哈
[2026-02-22 00:18:21] Vitality的羽贺文乃本人: tyloo play
[2026-02-22 00:18:21] 我是一个医保卡: 鞭
[2026-02-22 00:18:21] 鲸鱼向海鲸鱼向海: 就鞭就鞭，鞭似弹幕串子的捞目
[2026-02-22 00:18:21] 批若就是糯: 该开双倍了
[2026-02-22 00:18:21] 机器机器祝你天天开心: 鞭
[2026-02-22 00:18:21] 源与真: 我超，老汤一拳干Niko脸上了
[2026-02-22 00:18:22] 玩斯特姬姬: @dev1ce：易博 咳咳咳 换台 咳咳咳 老爸要似了😣😣😣
[2026-02-22 00:18:22] 不变的追求717: 鞭
[2026-02-22 00:18:22] 艺术冰霜: 鞭
[2026-02-22 00:18:22] 我的打法类似yekindar:     tyloo play
[2026-02-22 00:18:22] ATTttttca: 申请互动队友
[2026-02-22 00:18:23] 冰镇豆浆Zzzz: 哟这提前枪
[2026-02-22 00:18:23] 睿睿不在家老陈称大王: 鞭了
[2026-02-22 00:18:23] 火爆浪子zz: 鞭了
[2026-02-22 00:18:23] 时光终不停: @dev1ce：易博 咳咳咳 换台 咳咳咳 老爸要似了😣😣😣
[2026-02-22 00:18:23] 1freet: 小九
[2026-02-22 00:18:23] 鲸鱼向海鲸鱼向海: 就鞭就鞭，鞭似弹幕串子的捞目
[2026-02-22 00:18:24] dark1337: tyloo play
[2026-02-22 00:18:24] mujica的长崎素世本人: 鞭
[2026-02-22 00:18:24] Neptune岚: 就鞭就鞭，鞭似弹幕串子的捞目
[2026-02-22 00:18:24] 好哥们黑龙歼灭刀: @鲸鱼向海鲸鱼向海：就鞭就鞭，鞭似弹幕串子的捞目
[2026-02-22 00:18:24] Endwa1ker: 鞭
[2026-02-22 00:18:24] wristuuio: falcon play
[2026-02-22 00:18:25] RRRaFaeL: Nikoplay
[2026-02-22 00:18:25] 好姐妹索菲亚: 鞭
[2026-02-22 00:18:25] D调淡蓝色眼眸: 鞭
[2026-02-22 00:18:25] 玩机器的小飞棍: 鞭
[2026-02-22 00:18:26] 鲸鱼向海鲸鱼向海: 就鞭就鞭，鞭似弹幕串子的捞目
[2026-02-22 00:18:27] 乌鸦晒不黑: 弹幕谁编的好笑不知道，但老尼鞭的不错
[2026-02-22 00:18:27] LvvsiN: 你为什么要把mαjor禁了，我收藏的一半弹幕全毁了
[2026-02-22 00:18:27] 布丁布盯: 就鞭就鞭，鞭似弹幕串子的捞目
[2026-02-22 00:18:27] kalaokl: 设备：孩子，累了想下播就索敌攻击你监爹的弹幕，想净化弹幕环境就看看我的比赛
[2026-02-22 00:18:28] 空白Zzz丶: niko play
[2026-02-22 00:18:28] 宇莓: 弹幕能不能都有点创意，你们编的弹幕感觉都不如Niko鞭的有意思啊
[2026-02-22 00:18:28] Kylinzzzzzzzz: 加时了怎么办啊100T
[2026-02-22 00:18:28] xjdnshxjdka: 申请互动队友
[2026-02-22 00:18:28] 鲸鱼向海鲸鱼向海: 就鞭就鞭，鞭似弹幕串子的捞目
[2026-02-22 00:18:28] DDD是就我: 鞭
[2026-02-22 00:18:29] A队不吃晃的小祥本人: 笑死
[2026-02-22 00:18:29] 不万能文学青年: 大家保持好纪律性，小蜜蜂之前不要爆弹，收到的加一
[2026-02-22 00:18:29] RabbitRay: 牛逼
[2026-02-22 00:18:29] User5092: 米醋
[2026-02-22 00:18:30] 游戏卫星: 极限
[2026-02-22 00:18:30] 不变的追求717: niko play
[2026-02-22 00:18:30] 鲸鱼向海鲸鱼向海: 就鞭就鞭，鞭似弹幕串子的捞目
[2026-02-22 00:18:30] 卡啊卡卡丶: @鲸鱼向海鲸鱼向海：就鞭就鞭，鞭似玩串子的捞目
[2026-02-22 00:18:30] 怒之拳: 鞭
[2026-02-22 00:18:30] 黑桃______: 米人好蠢啊
[2026-02-22 00:18:31] 信濃Sh1nano: 鞭
[2026-02-22 00:18:31] 就爱吃辣咋的: 米醋
[2026-02-22 00:18:31] 桥本环奈8666: 直播间和殡仪馆越来越像了，大家围着主角聊些不相干，然后热度还很高
[2026-02-22 00:18:31] greexeen: mvp
[2026-02-22 00:18:31] y666t666y666: 天地轮转，杀局要开启了，石昊隐约间觉得，荒域将要真正的出现大事件了，惊变要起！
[2026-02-22 00:18:31] 龍仔ww: 哈哈哈哈
[2026-02-22 00:18:31] Assurance: ace了
[2026-02-22 00:18:31] 玩大歌别钟厨我的咲雪: 这不是送？
[2026-02-22 00:18:32] DDD是就我: 阿鞭
[2026-02-22 00:18:32] 最爱玩宝宝惹: 弹幕谁编的好笑不知道，但老尼鞭的不错
[2026-02-22 00:18:32] 秋茶小雪: ???
[2026-02-22 00:18:32] Rainwedell: 米人
[2026-02-22 00:18:32] 鲤鱼1: 6666
[2026-02-22 00:18:32] G2的device本人: 米醋
[2026-02-22 00:18:32] 假小子是对的: 卧槽
[2026-02-22 00:18:32] 马修赫GOAT: 弹幕谁编的好笑不知道，但老尼鞭的不错
[2026-02-22 00:18:33] 管大无需多颜: 极限
[2026-02-22 00:18:33] 玉米卧槽: goat都会鞭尸，我们家尼尼鞭了怎么了
[2026-02-22 00:18:33] 早安丿章鱼哥: 牛逼
[2026-02-22 00:18:33] metalpoison:  @Neptune岚：就鞭就鞭，鞭似弹幕串子的捞目
[2026-02-22 00:18:33] 正经猪头肉: MVP
[2026-02-22 00:18:33] 夺云丶: 鞭
[2026-02-22 00:18:33] 奶油亦博啵啵: 格雷武脸色对了
[2026-02-22 00:18:34] 野猪家猪: 米出
[2026-02-22 00:18:34] 梦的星: ？
[2026-02-22 00:18:34] xOcOg: 设备：孩子，累了想下播就索敌攻击你监爹的弹幕，想净化弹幕环境就看看我的比赛
[2026-02-22 00:18:34] 好姐妹芙卡洛斯: 咪
[2026-02-22 00:18:34] 玩机器的表姐玩空姐: 阿斌！
[2026-02-22 00:18:34] stonezyx: 哈哈哈哈
[2026-02-22 00:18:34] 机器机器祝你天天开心: 米醋
[2026-02-22 00:18:34] 玩机器的大糕玩: 你不是说mouz随便赢pv吗,我房子都卖了压得右边...
[2026-02-22 00:18:34] 李大钊与陈独秀: mvp
[2026-02-22 00:18:34] 柚子小叶: 哇
[2026-02-22 00:18:34] AAA达班物流坤猜: 牛逼
[2026-02-22 00:18:35] 鱼鱼jr呢: 弹幕谁编的好笑不知道，但老尼鞭的不错
[2026-02-22 00:18:35] 好姐们-爱尔奎特: 你不能在弹幕开始攻击你之后才开始管弹幕
[2026-02-22 00:18:35] 足音: 卧槽
[2026-02-22 00:18:35] 我真的不是硝子: 牛逼
[2026-02-22 00:18:35] 安和昴的男友本人: 鞭
[2026-02-22 00:18:35] Vitality的Kyojin本人: 卧槽
[2026-02-22 00:18:35] 好哥们穿谱: mvp
[2026-02-22 00:18:35] PAX7654: 卧槽
[2026-02-22 00:18:35] 透明的Donk: 66666666666
[2026-02-22 00:18:36] 白夜の協奏曲: ？？？
[2026-02-22 00:18:36] al9527: 牛逼
[2026-02-22 00:18:36] Killajoy: 米人
[2026-02-22 00:18:36] 花海咲季的老公本人: 极限
[2026-02-22 00:18:36] 这下洗不清咯: 吐了
[2026-02-22 00:18:36] 雾明QAQ: niko play
[2026-02-22 00:18:36] 血樱幽世: 哇 心态崩了
[2026-02-22 00:18:36] 抛瓦Less: 上帝之手
[2026-02-22 00:18:37] kjhhjki: 米醋
[2026-02-22 00:18:37] 岛田王师傅: 本质evp
[2026-02-22 00:18:37] 好姐妹八幡海铃丶: 阿鞭
[2026-02-22 00:18:37] 鲜血与暗影铸造的家伙: 牛逼
[2026-02-22 00:18:37] 龍仔ww: mvp
[2026-02-22 00:18:37] 神奥联盟的竹兰本人: 米醋
[2026-02-22 00:18:37] 尼古拉刘亦博: 极限
[2026-02-22 00:18:37] 玩斯特出出6657: mvp
[2026-02-22 00:18:37] myGo的anon: mvp
[2026-02-22 00:18:37] F0restwOw-: mvp
[2026-02-22 00:18:37] 小哈哈哈哈别: 牛逼
[2026-02-22 00:18:38] 路过的小脑斧: 米出
[2026-02-22 00:18:38] 飞飞宙宙S赛冠军: 本质mvp
[2026-02-22 00:18:38] 2442861055: 牛逼
[2026-02-22 00:18:38] supperpigi: 卧槽
[2026-02-22 00:18:38] 花綠: mvp
[2026-02-22 00:18:38] 好兄弟旋风劈: MVP
[2026-02-22 00:18:38] 用户716512211: 阿鞭
[2026-02-22 00:18:38] 283的铃木羽那本人: mvp
[2026-02-22 00:18:39] 还是种田梨沙适合老子: 本质mvp
[2026-02-22 00:18:39] 鸟儿在头顶把森林叫醒: mvp
[2026-02-22 00:18:39] 馒头笔: niko play
[2026-02-22 00:18:39] 诗锐QwQ: mvp
[2026-02-22 00:18:39] 萨格拉斯好恩人麦迪文: MVP
[2026-02-22 00:18:39] 好姐妹叮咚鸡: mvp
[2026-02-22 00:18:39] FaZe的frozen本人: 米处
[2026-02-22 00:18:39] Tomorin丶: MVP
[2026-02-22 00:18:39] 阿道和伏见柚柚: mvp
[2026-02-22 00:18:39] 99组的露崎真昼本人: 本质mvp
[2026-02-22 00:18:39] 林有为丶: 牛逼
[2026-02-22 00:18:40] 我和我的玻璃心: mvp
[2026-02-22 00:18:40] liwored: 牛逼
[2026-02-22 00:18:40] 万物养生: 牛逼
[2026-02-22 00:18:40] 永出塔菲: 牛逼
[2026-02-22 00:18:40] 華之君: mvp
[2026-02-22 00:18:40] 油乎乎yhh: 批人
[2026-02-22 00:18:40] Yamada、: 我靠
[2026-02-22 00:18:40] De1ayN0M0re: MVP
[2026-02-22 00:18:40] 天际之光90830: 哇！
[2026-02-22 00:18:40] 99组的爱城华恋本人: 米醋
[2026-02-22 00:18:40] 杰氏子: mvp
[2026-02-22 00:18:40] 梅友仁2005: mvp
[2026-02-22 00:18:41] 米米世界之神: 本质evp
[2026-02-22 00:18:41] 丶冷疯: 卧槽
[2026-02-22 00:18:41] 彼岸无妖: ？？？？？
[2026-02-22 00:18:41] JamYo0oung: evp
[2026-02-22 00:18:41] 阿炮阿阿阿: 米出
[2026-02-22 00:18:41] 文西67: mvp
[2026-02-22 00:18:41] 机器机器祝你天天开心: 还笑
[2026-02-22 00:18:42] 田中口三才: 牛逼
[2026-02-22 00:18:42] Laila丶丶: 本质mvp
[2026-02-22 00:18:42] 杰里科丶: 格雷武脸色对了
[2026-02-22 00:18:42] Vitality的Kyojin本人: mvp
[2026-02-22 00:18:42] 丛念39090: mvp
[2026-02-22 00:18:42] NAVI的Pdf苯人: MVP
[2026-02-22 00:18:42] Furina德Fontaine: nb
[2026-02-22 00:18:42] Cloud9的咬人猫本人: @鲸鱼向海鲸鱼向海：就鞭就鞭，鞭似玩串子的捞目
[2026-02-22 00:18:42] skrrr吴: 本质 mvp
[2026-02-22 00:18:42] Vitality的羽贺文乃本人: 米处
[2026-02-22 00:18:43] 细菌P: 卧槽，孩孩回G2了！说要不抱团当真GOAT！💪👑
[2026-02-22 00:18:43] 我知道的一点也不多: MVP
[2026-02-22 00:18:43] 夯昆23333: 米醋
[2026-02-22 00:18:43] 秋茶小雪: mvp
[2026-02-22 00:18:43] 尼尼孩孩京京驴驴: MVP
[2026-02-22 00:18:43] 柑橘树的柑橘树本人: mvp
[2026-02-22 00:18:43] 铲铲的奇妙冒险: 阿冰
[2026-02-22 00:18:44] 布丁布盯: mvp就该鞭evp 支持尼尼
[2026-02-22 00:18:44] SuperSword81317: mvp
[2026-02-22 00:18:44] 玩口器Mouth: mvp
[2026-02-22 00:18:44] 丶小恐龙丶: 本质mvp
[2026-02-22 00:18:44] 还是你的小暖风呀: 牛逼
[2026-02-22 00:18:44] 玩机器是我霸: @nota：曾经的我会因为偶像鞭我而难受 现在我只想拿冠军✌️😊🏆
[2026-02-22 00:18:44] Cccnight: 不准呐
[2026-02-22 00:18:45] 比阿雨更爱玩机器: mvp
[2026-02-22 00:18:45] bobo想玩原神: 牛
[2026-02-22 00:18:45] 雪热巴阿雪美: 本质evp
[2026-02-22 00:18:45] 澄猫: 本质MVP
[2026-02-22 00:18:45] 夺云丶: 本质MVP
[2026-02-22 00:18:45] 月落汐上: 本质mvp
[2026-02-22 00:18:45] 2442861055: 啊鞭！
[2026-02-22 00:18:45] y叶上初阳h: 米处
[2026-02-22 00:18:46] 奶油亦博啵啵: 格雷武脸色对了
[2026-02-22 00:18:46] 钟意你好多年: @apex：哈哈哈哈哈哈
[2026-02-22 00:18:46] 大梦464: 我走在场馆中🚶🏻♂️听观众波哈声📢人杂乱戏海鲜🦪软脚虾又失手🦐
[2026-02-22 00:18:46] 羽川翼的恋爱物语: 软的离谱
[2026-02-22 00:18:46] 夯昆23333: 本质mvp
[2026-02-22 00:18:46] 不务正业127: MVP
[2026-02-22 00:18:46] 落夜会: 本质mvp
[2026-02-22 00:18:46] 好哥们山上撤也: 卧槽胖球指挥队友起了五把大菠萝，老汤被鞭了一千发
[2026-02-22 00:18:47] Vitality的Kyojin本人: 这太极限了
[2026-02-22 00:18:47] 冬马和纱Official: mvp
[2026-02-22 00:18:47] 骄骄爱吃糖: MVP
[2026-02-22 00:18:47] 鸟儿在头顶把森林叫醒: 上帝之手
[2026-02-22 00:18:47] 6657的芥末本人: mvp
[2026-02-22 00:18:47] 野pig亨利28: 还笑
[2026-02-22 00:18:47] 宫监手: ⚠️本弹幕用来检测是否被主播那个⚠️
[2026-02-22 00:18:47] 何须再急: 本质mvp
[2026-02-22 00:18:48] S1mons: @鲸鱼向海鲸鱼向海：就鞭就鞭，鞭似玩串子的捞目
[2026-02-22 00:18:48] Crythic的羊宫妃那本人: 坨子想鞭结果对面撞子弹了
[2026-02-22 00:18:48] 网友苏顺鱼: 本质mvp
[2026-02-22 00:18:48] 透明的Donk: 老天爷就在PV
[2026-02-22 00:18:48] qw12340867: 米处
[2026-02-22 00:18:48] 驌驦玄龙: mvp
[2026-02-22 00:18:48] 18234688735w: 本质 mvp
[2026-02-22 00:18:48] 楓鈴饱饱: 机器，现在人少，你说说赏金赛MVP该给谁？
[2026-02-22 00:18:49] 还是你的小暖风呀: 本质mvp
[2026-02-22 00:18:49] 好学的圣光太子: MVP
[2026-02-22 00:18:49] 保护头小头是个DD就好: 天禄play
[2026-02-22 00:18:49] 白鹿天行: 0.6657
[2026-02-22 00:18:49] MuY1z: mvp
[2026-02-22 00:18:49] 废斯特物物: 本质mvp
[2026-02-22 00:18:49] 黑目一: MVP
[2026-02-22 00:18:49] metalpoison: 帅的
[2026-02-22 00:18:50] 我的主人近藤千彩: mvp
[2026-02-22 00:18:50] 用户1181920443: MVPq
[2026-02-22 00:18:50] 孤毒71: 本质mvp
[2026-02-22 00:18:50] NiP的Dev1Ce本人: 0.06657
[2026-02-22 00:18:50] 深海芋z: MVP
[2026-02-22 00:18:51] M1yauchiReng3: 本质EVP
[2026-02-22 00:18:51] 蛋蛋可以进去吗: mvp
[2026-02-22 00:18:51] VR的灰泽螨本人: MVP
[2026-02-22 00:18:53] 听说改名能中奖是八: 0.00657
[2026-02-22 00:18:53] Altolier: 本质mvp
[2026-02-22 00:18:53] 龙钻虾眼: MVP
[2026-02-22 00:18:53] 楓鈴饱饱: MVP
[2026-02-22 00:18:53] 好姐们-爱尔奎特: @nota：曾经的我会因为偶像鞭我而难受 现在我只想拿冠军✌️😊🏆
[2026-02-22 00:18:53] 青二的羊宫妃那本人: 大家以后看到弹幕就随手点个加一，因为有些朋友编的烂梗有屏蔽词他自己不知道
[2026-02-22 00:18:53] 伊萊雯: MVP
[2026-02-22 00:18:53] 丶冷疯: 幸运强👍
[2026-02-22 00:18:53] 古堡12枪战神: 本质MVP
[2026-02-22 00:18:53] yinyao1231: 老天爷就在PV
[2026-02-22 00:18:53] dev1ce拖累了A队太久: 本质mvp
[2026-02-22 00:18:53] loverboy888: 本质mvp
[2026-02-22 00:18:53] 从零开始的加拿大肄业: mvp就该鞭evp 支持尼尼
[2026-02-22 00:18:53] 疯狂的蓝月亮i: MVP
[2026-02-22 00:18:53] 玩玩今天吃什么: 本质mvp
[2026-02-22 00:18:53] 两仪式214215: 又想被apex骂了吗
[2026-02-22 00:18:53] 我564564: 阿鞭
[2026-02-22 00:18:53] 玩乐队丶desuwa: MVP
[2026-02-22 00:18:54] 用户60250733: mvp
[2026-02-22 00:18:54] AgentRay: MVP
[2026-02-22 00:18:54] Ayaya丿KE: 本质MVP
[2026-02-22 00:18:54] 阿道和伏见柚柚: 为什么不鞭啊
[2026-02-22 00:18:54] 不可一世ji豪: MVP
[2026-02-22 00:18:54] 鸟儿在头顶把森林叫醒: MVP
[2026-02-22 00:18:54] 玩神的欢喜好有嚼劲: 关于niko这次事情，我的三大罪过！
[2026-02-22 00:18:54] 大大粽将军: 这米人双拉就行了
[2026-02-22 00:18:55] TheMongolZ的上单本人: mvp
[2026-02-22 00:18:55] 湿宝: 加时了
[2026-02-22 00:18:55] ahhhhhhhhhhhhhhhhhhh: 这为什么不继续绕啊 就蹲着等死
[2026-02-22 00:18:56] DDD是就我: 坨子想鞭结果对面撞子弹了
[2026-02-22 00:18:56] 锦书难托1109: @apex：哈哈哈哈哈哈，这就是米出
[2026-02-22 00:18:56] 绘梨衣啊啊啊i: 本质mvp
[2026-02-22 00:18:56] 小宋小宋今天死了没: 0.07秒绝了
[2026-02-22 00:18:56] 用户4202782707: 卧槽胖球指挥队友起了五把大菠萝，老汤被鞭了一千发
[2026-02-22 00:18:56] m王司徒m: 本质mvp
[2026-02-22 00:18:57] 鲜血与暗影铸造的家伙: 站得离包远一些就炸了
[2026-02-22 00:18:57] 人生无喜剧: MVP
[2026-02-22 00:18:57] 大善心: 以为时间拖够了
[2026-02-22 00:18:57] sssllgaibs: 没必要拼抢啊
[2026-02-22 00:18:58] 网友盆栽: 本质mvp
[2026-02-22 00:18:58] 京京孩孩majo冠军: ciallo~
[2026-02-22 00:18:58] N1Ko28: 这听到脚步 不换位置阿
[2026-02-22 00:18:58] 冷淡ld: 本质mvp
[2026-02-22 00:18:58] 皮里恩丶: 米÷
[2026-02-22 00:18:58] 繁繁繁华华: 本质mvp
[2026-02-22 00:18:58] 失去了才会珍惜649: 本质mvp
[2026-02-22 00:18:59] 布丁布盯: 我们尼尼就鞭了一个偷他evp的nota…🥺🥺🥺
[2026-02-22 00:18:59] 从零开始的加拿大肄业: 为什么不鞭啊
[2026-02-22 00:18:59] IIIIIIIIIIIIIIIIIIIIIIlllll: C4（已深度思考39.9秒）：算了
[2026-02-22 00:18:59] 无伟契约: 允许偷EVP
[2026-02-22 00:18:59] 蓝原延渚: niko来鞭了
[2026-02-22 00:18:59] 欧内的手丨好汉: 发送他们房子！
[2026-02-22 00:19:00] y叶上初阳h: 0.00657
[2026-02-22 00:19:00] 尼古拉刘亦博: 本质mvp
[2026-02-22 00:19:00] 煎蛋饼和小喵喵的故事: 您能稍微提高些直播的清晰度吗？刘哥，我没别的意思，就是希望您能考虑一下。实在不好意思了
[2026-02-22 00:19:00] 棍老师047: 阿bin在干嘛
[2026-02-22 00:19:00] 早安丿章鱼哥: 什么叫实力啊
[2026-02-22 00:19:00] Steam丶COCO: Niko来了鞭了
[2026-02-22 00:19:00] 这牙缝可以: 放脚步跑都可以
[2026-02-22 00:19:01] kalaokl: 本质mvp
[2026-02-22 00:19:01] 用户4652451607: 本质evp
[2026-02-22 00:19:01] 好哥们黑龙歼灭刀: MVP
[2026-02-22 00:19:01] 搞笑男西德尼: 老天爷就在PV
[2026-02-22 00:19:02] 我的主人近藤千彩: 机器，现在人少，你说说赏金赛MVP该给谁？
[2026-02-22 00:19:02] 阿炮阿阿阿: 发送他们房子
[2026-02-22 00:19:02] 机器机器祝你天天开心: 发送房子了
[2026-02-22 00:19:02] k1rie: 本质mvp
[2026-02-22 00:19:02] 如如493: 拖出
[2026-02-22 00:19:03] 捂二哥: 猎鹰比赛什么时候开？
[2026-02-22 00:19:03] 喜欢素素: 发送他们房子🏠
[2026-02-22 00:19:03] 欧气来我家: 发送他们房子！
[2026-02-22 00:19:04] BCG的s1mple本人: 11
[2026-02-22 00:19:04] wedd1ddeJodd: 为什么不鞭啊
[2026-02-22 00:19:04] 67373的黄色闪光: @Jame：老天爷是哪个国家对我的称呼
[2026-02-22 00:19:04] Sy11abear: 本质evp
[2026-02-22 00:19:04] 公哒哒哒: 卧槽胖球指挥队友起了五把大菠萝，老汤被鞭了一千发
[2026-02-22 00:19:04] HeadEmpty: 发送他们的房子
[2026-02-22 00:19:04] 妈妈妈妈妈呀: 本质mvp
[2026-02-22 00:19:05] Moe1e: @apex：哈哈哈哈哈哈，这就是米出
[2026-02-22 00:19:05] 青芒一刀给你干稀碎: 发送他们房子了
[2026-02-22 00:19:05] 骄骄爱吃糖: 这么早就开始发送了啊？
[2026-02-22 00:19:06] 不万能文学青年: 大家以后看到弹幕就随手点个加一，因为有些朋友编的烂梗有屏蔽词他自己不知道
[2026-02-22 00:19:06] 马加奇的哥哥马加绝: evp偷子闹麻了
[2026-02-22 00:19:06] 梅友仁2005: C4（已深度思考39.9秒）：算了
[2026-02-22 00:19:06] Wangzap: C4（已深度思考39.9秒）：算了
[2026-02-22 00:19:06] 775424353: niko来鞭了
[2026-02-22 00:19:07] 轰国小阿旭丶: 本质mvp
[2026-02-22 00:19:07] Steyy96: 米醋
[2026-02-22 00:19:07] GF-of-GotohHitori、Kita: 100T 12-12 BB（OT1）
[2026-02-22 00:19:07] 一二级没处哩好: spinx：我依然是世一自
[2026-02-22 00:19:07] 驕傲的少年丶: 本质mvp
[2026-02-22 00:19:07] ccxrgt: 0.00657
[2026-02-22 00:19:07] 星海羽弦: 0.00657
[2026-02-22 00:19:07] 冬马和纱Official: 发送房子
[2026-02-22 00:19:08] 玉米卧槽: 可是goat也很会鞭啊🥺🥺
[2026-02-22 00:19:08] 用户87594568: 没有人意识到这回合将是猎鹰王朝的开始
[2026-02-22 00:19:08] 勃勃勃: 这波拆完该鞭两下的
[2026-02-22 00:19:08] 天堂也寂寞1992: 本质evp
[2026-02-22 00:19:08] 永不独行丶YNWA: 无人在意的隔壁已经加时了...
[2026-02-22 00:19:08] 七色的人偶使者: 老天爷就在PV
[2026-02-22 00:19:08] wyl饕餮: 本质mvp
[2026-02-22 00:19:08] 我超勇的嘢: 本质mvp
[2026-02-22 00:19:09] 用户0268784457: 拖出
[2026-02-22 00:19:09] 楓鈴饱饱: 卧槽，大东一拳给老汤眼镜干飞了！
[2026-02-22 00:19:09] 弱智骚年欢乐多: 本质mvp
[2026-02-22 00:19:09] 艺术冰霜: niko来鞭了
[2026-02-22 00:19:09] 吉吉国特派员: @Jame：老天爷是哪个国家对我的称呼
[2026-02-22 00:19:10] 玩火炉丶Stove: 猎鹰比赛什么时候开？
[2026-02-22 00:19:10] sjtu的musketeers本人: evp偷子闹麻了
[2026-02-22 00:19:10] 醋溜便当萃香: 卧槽胖球指挥队友起了五把大菠萝，老汤被鞭了一千发
[2026-02-22 00:19:10] 辰宿盈昃: C4（已深度思考39.9秒）：算了
[2026-02-22 00:19:10] SuperP681: niko来鞭了
[2026-02-22 00:19:10] 繁繁繁华华: @Jame：老天爷是哪个国家对我的称呼：
[2026-02-22 00:19:11] 宇宙第一麻瓜: 猎鹰比赛什么时候开？
[2026-02-22 00:19:11] 三千世界鸦杀尽彡: 本质mvp
[2026-02-22 00:19:11] 送了3年钻粉没进群: 本质mvp
[2026-02-22 00:19:11] 苦来兮苦的祥子本人: 为什么不鞭啊
[2026-02-22 00:19:11] 玩南梁丶阿斯托尔福: 老天爷就在PV
[2026-02-22 00:19:11] 木林森969585: 本质evp
[2026-02-22 00:19:11] 忠实的553玩家: 这都输了说的是100t吗这都输了说的是100t吗这都输了说的是100t吗
[2026-02-22 00:19:11] 劉膿dewasu: C4（已深度思考39.9秒）：算了
[2026-02-22 00:19:11] 99组的爱城华恋本人: C4（已深度思考39.9秒）：算了
[2026-02-22 00:19:11] 好学的圣光太子: niko把偷的mvp还回来
[2026-02-22 00:19:11] HankFann: nota鞭队友！给我狠狠清算！😡
[2026-02-22 00:19:11] 林有为丶: @Jame：老天爷是哪个国家对我的称呼
[2026-02-22 00:19:12] 梦的星: 阿bin是这样的
[2026-02-22 00:19:12] mujica的长崎素世本人: @Jame：老天爷是哪个国家对我的称呼
[2026-02-22 00:19:12] 萨格拉斯好恩人麦迪文: @Jame:狗屁老天爷，上帝就在PV
[2026-02-22 00:19:12] 来自欧派星球: 无人在意的隔壁已经加时了...
[2026-02-22 00:19:12] 大姜饼: niko来鞭了
[2026-02-22 00:19:13] 灯火灬阑珊处2: 老天爷就在PV
[2026-02-22 00:19:13] RabbitRay: 这不会又让上帝带出个top哥吧
[2026-02-22 00:19:13] 用户2676812125: 0.06657
[2026-02-22 00:19:13] 好姐妹冰川姐妹: C4（已深度思考39.9秒）：算了
[2026-02-22 00:19:13] 龙龙虾虾爱软脚: 杀四剩一
[2026-02-22 00:19:13] Cccnight: 多走一步都拆不了了
[2026-02-22 00:19:13] Littlebye33: 本质mvp
[2026-02-22 00:19:13] Felixus: C4（已深度思考39.9秒）：算了
[2026-02-22 00:19:14] 想添donk的小驴蹄: 可是goat也很会鞭啊🥺🥺
[2026-02-22 00:19:14] 如如493: 太有实力了托➗😀👍太有实力了托➗😀👍太有实力了托➗😀👍太有实力了托➗😀👍
[2026-02-22 00:19:14] S闪Aw: 本质mvp
[2026-02-22 00:19:14] 玩玩今天吃什么: evp偷子闹麻了
[2026-02-22 00:19:14] 苦来兮苦的祥子本人: niko来鞭了
[2026-02-22 00:19:14] 想要舌吻m0NESY: 本质mvp
[2026-02-22 00:19:14] IIIIIIIIIIIIIIIIIIIIIIlllll: C4（已深度思考39.9秒）：算了
[2026-02-22 00:19:14] 年少丶轻狂过丿: niko来鞭了
[2026-02-22 00:19:14] 鱼仔2025重生版: 抓娃娃
[2026-02-22 00:19:14] 钢镚镚镚镚镚镚镚镚镚: 你们都在发烂梗，却没人关心（可能发送失败）和《加入粉丝团即可发言》的兄弟们吗？😰
[2026-02-22 00:19:15] 大逸子: 子弹漂头上了
[2026-02-22 00:19:15] Adrian林讲: niko来鞭了
[2026-02-22 00:19:15] supperpigi: niko来鞭了
[2026-02-22 00:19:15] DDD是就我: niko来鞭了
[2026-02-22 00:19:15] RGsdfbf: C4（已深度思考39.9秒）：算了
[2026-02-22 00:19:15] 足音: 无人在意的隔壁已经加时了...
[2026-02-22 00:19:16] 283的铃木羽那本人: 卧槽胖球指挥队友起了五把大菠萝，老汤被鞭了一千发
[2026-02-22 00:19:16] CLANCHIC的Tomorain本人: 卧槽，大东一拳给老汤眼镜干飞了！
[2026-02-22 00:19:16] 无7441158: C4（已深度思考39.9秒）：算了
[2026-02-22 00:19:16] 萨格拉斯好恩人麦迪文: @Jame:狗屁老天爷，上帝就在PV
[2026-02-22 00:19:16] 好哥们黑龙歼灭刀: niko鞭尸nota都来了，你怎么不说niko把nota的mvp偷了呢
[2026-02-22 00:19:16] 流光似水321: niko来鞭了
[2026-02-22 00:19:16] 我木JJ怕个锤子: @niko
[2026-02-22 00:19:16] zx0810: 卧槽胖球指挥队友起了五把大菠萝，老汤被鞭了一千发
[2026-02-22 00:19:17] gkym6et: 　　　 无人在意的隔壁已经加时了...
[2026-02-22 00:19:17] 结束的意思是完了: C4（已深度思考39.9秒）：算了
[2026-02-22 00:19:17] 好老师知得留: C4（已深度思考39.9秒）：算了
[2026-02-22 00:19:17] 用户1181920443: 🏠🏠
[2026-02-22 00:19:18] 卢姥姥四六开: niko来鞭了
[2026-02-22 00:19:18] Laila丶丶: C4（已深度思考39.9秒）：算了
[2026-02-22 00:19:18] 玩设备丶dev1ce: 这个包的位置太好了
[2026-02-22 00:19:18] 凿空156: 卧槽胖球指挥队友起了五把大菠萝，老汤被鞭了一千发
[2026-02-22 00:19:18] 冷淡ld: 猎鹰比赛什么时候开？
[2026-02-22 00:19:18] 用户8893066234: mouz out 
[2026-02-22 00:19:18] 好哥们汉阳造: C4（已深度思考39.9秒）：算了
[2026-02-22 00:19:19] y666t666y666: 以此推论的话，魔女也不应该得知啊，除非她身份超然的惊人，亦是来自上界，与那可怕的人物有关。 “你该
[2026-02-22 00:19:19] Art3miss: 无人在意的隔壁已经加时了...
[2026-02-22 00:19:19] wristuuio: niko来鞭了
[2026-02-22 00:19:19] 卡啊卡卡丶: ⚠6 ⚠6 ⚠5⚠7 ⚠ 本弹幕用来检测是否被封⚠6 ⚠6 ⚠5⚠7 ⚠
[2026-02-22 00:19:19] 雪热巴阿雪美: 本质mvp
[2026-02-22 00:19:19] 尼尼孩孩真伟大: 185
[2026-02-22 00:19:20] 用户1364543122: C4（已深度思考39.9秒）：算了
[2026-02-22 00:19:20] 好哥们张顺飞: niko来鞭了
[2026-02-22 00:19:20] 想要舌吻m0NESY: niko来鞭了
[2026-02-22 00:19:20] 空气力学的先驱: 没有人意识到这回合将是猎鹰王朝的开始
[2026-02-22 00:19:21] 用户62796264: C4（已深度思考39.9秒）：算了
[2026-02-22 00:19:21] 一超级大爆一: niko来鞭了
[2026-02-22 00:19:21] 都是设备的问题: niko来鞭了
[2026-02-22 00:19:21] xOcOg: 这nota不愧能偷老尼一个evp，还是有点实力的
[2026-02-22 00:19:21] 叫啥不是名: niko来鞭了
[2026-02-22 00:19:21] 很容易微博: niko来鞭了
[2026-02-22 00:19:21] 从零开始的加拿大肄业: niko来鞭了
[2026-02-22 00:19:21] 劉膿dewasu: nota鞭队友！给我狠狠清算！😡
[2026-02-22 00:19:22] Arianphy: C4（已深度思考39.9秒）：算了
[2026-02-22 00:19:22] znnoy: 不是，直播间骂玩÷的人呢？全被玩÷毕业了？不是，直播间骂玩÷的人呢？全被玩÷毕业了？
[2026-02-22 00:19:22] 橘子味儿小baby: niko来鞭了
[2026-02-22 00:19:22] 夺云丶: niko来鞭了
[2026-02-22 00:19:22] 玩机器的弟弟玩弟弟: torzsi杀四剩一
[2026-02-22 00:19:22] IIIIIIIIIIIIIIIIIIIIIIlllll: C4（已深度思考39.9秒）：算了
[2026-02-22 00:19:22] 愿良辰美景: C4（已深度思考39.9秒）：算了
[2026-02-22 00:19:22] 菅原小吉: 卧槽喷子
[2026-02-22 00:19:23] 安菲尔德的铁棍本人: 13.3
[2026-02-22 00:19:23] 遇见谁会有怎样的对白: v
[2026-02-22 00:19:23] 诗锐QwQ: 185
[2026-02-22 00:19:23] 萨格拉斯好恩人麦迪文: @Jame:狗屁老天爷，上帝就在PV
[2026-02-22 00:19:23] wristuuio: niko来鞭了
[2026-02-22 00:19:24] PKURoger: 185
[2026-02-22 00:19:24] JamYo0oung: niko来鞭了
[2026-02-22 00:19:24] F0restwOw-: niko来鞭了
[2026-02-22 00:19:24] 得闲饮茶gg: 卧槽胖球指挥队友起了五把大菠萝，老汤被鞭了一千发
[2026-02-22 00:19:24] 假如一切是虚幻: C4（已深度思考39.9秒）：算了
[2026-02-22 00:19:24] 李小小与虾大大: 破案了，原来Niko是OP，之前在必胜客偷过盘子
[2026-02-22 00:19:24] 正经猪头肉: 1
[2026-02-22 00:19:24] 鲸鱼向海鲸鱼向海: 就鞭就鞭，鞭似弹幕串子的捞目
[2026-02-22 00:19:25] 玉米卧槽: 可是goat也很会鞭啊🥺🥺
[2026-02-22 00:19:25] 鸟儿在头顶把森林叫醒: 玩机器，你现在逆转风评和停止节奏的唯一办法就是把《颂乐人偶》后6集看完
[2026-02-22 00:19:25] dark1337: niko来鞭了
[2026-02-22 00:19:25] 宗宗洞洞major冠军: dev1ce：儿子快来见老爸最后一面😭
[2026-02-22 00:19:25] znnoy: 不是，直播间骂玩÷的人呢？全被玩÷毕业了？不是，直播间骂玩÷的人呢？全被玩÷毕业了？
[2026-02-22 00:19:25] Thatsgood961: @Jame:狗屁老天爷，上帝就在PV
[2026-02-22 00:19:25] 驴驴宗宗买这冠军: 这不是猎鹰官方直播间吗 怎么弹幕这么说猎鹰的选手...
[2026-02-22 00:19:26] 千早爱音的咕咕嘎嘎: C4（已深度思考39.9秒）：算了
[2026-02-22 00:19:26] 飒飒大无敌: niko来鞭了
[2026-02-22 00:19:26] xyxxyzbbdzq: niko来鞭了
[2026-02-22 00:19:26] sshard: C4（已深度思考39.9秒）：算了
[2026-02-22 00:19:26] Milkshakechs: 能快点结束吗。。。说句难听的CS比赛除了falcons其他队有观赏性吗？
[2026-02-22 00:19:27] Robot5711: C4（已深度思考39.9秒）：算了
[2026-02-22 00:19:27] 玩78Machine:  @Kkzzz丶：猎鹰比赛什么时候开？
[2026-02-22 00:19:27] 好哥们黑龙歼灭刀: 不是，直播间骂玩÷的人呢？全被玩÷毕业了？不是，直播间骂玩÷的人呢？全被玩÷毕业了？
[2026-02-22 00:19:27] seyanaaaaaa: 不是，直播间骂玩÷的人呢？全被玩÷毕业了？不是，直播间骂玩÷的人呢？全被玩÷毕业了？
[2026-02-22 00:19:27] 我是一个医保卡: 185
[2026-02-22 00:19:27] 雪菜偷完top偷major: C4（已深度思考39.9秒）：算了
[2026-02-22 00:19:28] 森林与雁: niko来鞭了
[2026-02-22 00:19:28] 夜桜SaKurA7: niko来鞭了
[2026-02-22 00:19:28] 友利奈绪我老婆d: niko来鞭了
[2026-02-22 00:19:28] 玩机爹丶Device: niko来鞭了
[2026-02-22 00:19:28] 就喜欢看6657吃薯片: 13.3
[2026-02-22 00:19:28] 鲸鱼向海鲸鱼向海: 就鞭就鞭，鞭似弹幕串子的捞目
[2026-02-22 00:19:29] 冷淡ld: niko来鞭了
[2026-02-22 00:19:29] 1ntroverT: niko来鞭了
[2026-02-22 00:19:29] 从零开始的加拿大肄业: 可是goat也很会鞭啊🥺🥺
[2026-02-22 00:19:29] DDD是就我: niko来先鞭一梭子再拆，这就是MVP和EVP的差距
[2026-02-22 00:19:30] 宗宗洞洞major冠军: dev1ce：儿子快来见老爸最后一面😭
[2026-02-22 00:19:30] YukkiaBaby: C4（已深度思考39.9秒）：算了
[2026-02-22 00:19:30] RamessesII64177: 你爸加时了
[2026-02-22 00:19:30] 爱淡茶未凉: C4（已深度思考39.9秒）：算了
[2026-02-22 00:19:30] 宫监手: C4（已深度思考39.9秒）：算了
[2026-02-22 00:19:30] 南执i: niko来鞭了
[2026-02-22 00:19:30] aaab8b1: niko来鞭了
[2026-02-22 00:19:30] Vitality的羽贺文乃本人: C4（已深度思考39.9秒）：算了
[2026-02-22 00:19:31] faze的关雨本人: niko来鞭了
[2026-02-22 00:19:31] PAX7654: xm1014
[2026-02-22 00:19:31] SAKIOVERLXRD: C4  这是真有脑子
[2026-02-22 00:19:31] 一超级大爆一: 可是goat也很会鞭啊🥺🥺
[2026-02-22 00:19:31] 网友盆栽: C4（已深度思考39.9秒）：算了
[2026-02-22 00:19:31] 钢镚镚镚镚镚镚镚镚镚: 不是，直播间骂玩÷的人呢？全被玩÷毕业了？不是，直播间骂玩÷的人呢？全被玩÷毕业了？
[2026-02-22 00:19:31] 沈雨读: 卧槽胖球指挥队友起了五把大菠萝，老汤被鞭了一千发
[2026-02-22 00:19:31] 鲤鱼1: C4（已深度思考39.9秒）：算了
[2026-02-22 00:19:32] 清明烧杂志: 大天使长是一个位置
[2026-02-22 00:19:32] YEKINDAR: 上帝亲自参与研发
[2026-02-22 00:19:32] YUsadly: 就算世俗的奖被小人偷了，也一样表现出mvp的实力！这就是nota
[2026-02-22 00:19:32] 鹿公爷: niko来鞭了
[2026-02-22 00:19:32] 玩黄布丶Niko: 这nota不愧能偷老尼一个evp，还是有点实力的
[2026-02-22 00:19:32] 笠松的小栗帽本人: C4（已深度思考39.9秒）：算了
[2026-02-22 00:19:33] 石家庄的刘亦博本人: 不是，直播间骂玩÷的人呢？全被玩÷毕业了？不是，直播间骂玩÷的人呢？全被玩÷毕业了？
[2026-02-22 00:19:33] znnoy: 不是，直播间骂玩÷的人呢？全被玩÷毕业了？不是，直播间骂玩÷的人呢？全被玩÷毕业了？
[2026-02-22 00:19:33] 好哥们马头: C4（已深度思考39.9秒）：算了
[2026-02-22 00:19:33] 锂汁lizhi: 老规矩，谁鞭的好笑我支持谁
[2026-02-22 00:19:33] 欧内的手丨好汉: 🗿：研发有望
[2026-02-22 00:19:33] 早安丿章鱼哥: 0-2的老詹狙
[2026-02-22 00:19:33] 森电最好的双子星: C4（已深度思考39.9秒）：算了
[2026-02-22 00:19:33] 木野子一号迷弟: C4（已深度思考39.9秒）：算了
[2026-02-22 00:19:33] 晚睡夜ovo: C4（已深度思考39.9秒）：算了
[2026-02-22 00:19:34] VR的灰泽螨本人: C4（已深度思考39.9秒）：算了
[2026-02-22 00:19:34] 云销雨未霁丶: 可是goat也很会鞭啊🥺🥺
[2026-02-22 00:19:34] 布丁布盯: niko play
[2026-02-22 00:19:34] 烈酒作伴000: C4（已深度思考39.9秒）：算了
[2026-02-22 00:19:34] 镇山海: 你爸加时了
[2026-02-22 00:19:34] 秋茶小雪: 吸
[2026-02-22 00:19:34] 我在浙江改稻为桑: niko来鞭了
[2026-02-22 00:19:34] 纸漓: niko来鞭了
[2026-02-22 00:19:35] fpx丶: niko来先鞭一梭子再拆，这就是MVP和
[2026-02-22 00:19:35] 尼古拉刘亦博: @nota:终于没人跟我抢mvp了😁😁
[2026-02-22 00:19:35] Iknow9: C4（已深度思考39.9秒）：算了
[2026-02-22 00:19:35] 彩虹直至黑夜丶: 卧槽胖球指挥队友起了五把大菠萝，老汤被鞭了一千发
[2026-02-22 00:19:35] Vitality的Kyojin本人: 警喷
[2026-02-22 00:19:36] 世界倒数第一r99使用者: 　　　 niko来鞭了
[2026-02-22 00:19:36] Thatsgood961: C4（已深度思考39.9秒）：算了
[2026-02-22 00:19:36] 绫哩真宵: 不让你叫上帝你就叫老天爷是吧
[2026-02-22 00:19:36] Cloud9的咬人猫本人: 不是，直播间骂玩÷的人呢？全被玩÷毕业了？不是，直播间骂玩÷的人呢？全被玩÷毕业了？
[2026-02-22 00:19:36] gandalfr614: niko来鞭了
[2026-02-22 00:19:36] 小布丁是真好吃: 你爸加时了
[2026-02-22 00:19:36] xertioN: C4（已深度思考39.9秒）：算了
[2026-02-22 00:19:37] 艾連野鸽儿: 可是宗主也很厉害呀....
[2026-02-22 00:19:37] -nOOn-: C4（已深度思考39.9秒）：算了
[2026-02-22 00:19:37] 透明的Donk: C4（已深度思考39.9秒）：算了
[2026-02-22 00:19:37] 大哥心里慌: C4（已深度思考39.9秒）：算了
[2026-02-22 00:19:37] bb051: niko来鞭了
[2026-02-22 00:19:37] 皮艳羊丶: 卧槽胖球指挥队友起了五把大菠萝，老汤被鞭了一千发
[2026-02-22 00:19:38] kalaokl: Niko来鞭了
[2026-02-22 00:19:38] 红烧玩机器: @jame:c4先别爆@c4:ok god
[2026-02-22 00:19:38] 神奥联盟的竹兰本人: niko来鞭了
[2026-02-22 00:19:38] 森林与雁: 可是goat也很会鞭啊🥺🥺
[2026-02-22 00:19:38] 劉膿dewasu: 不是，直播间骂玩÷的人呢？全被玩÷毕业了？不是，直播间骂玩÷的人呢？全被玩÷毕业了？
[2026-02-22 00:19:39] 康托尔74920: C4（已深度思考39.9秒）：算了
[2026-02-22 00:19:39] 一超级大爆一: niko来鞭了
[2026-02-22 00:19:39] 用户6364237019: C4（已深度思考39.9秒）：算了
[2026-02-22 00:19:39] 烧柴: 玩机器，你现在逆转风评和停止节奏的唯一办法就是把《颂乐人偶》后6集看完
[2026-02-22 00:19:39] 玩玩机器机机: C4（已深度思考39.9秒）：算了
[2026-02-22 00:19:39] 京京孩孩majo冠军: 可是goat也很会鞭啊🥺🥺
[2026-02-22 00:19:39] 奶油亦博啵啵: 无人在意device五杀了
[2026-02-22 00:19:40] 苦来兮苦的祥子本人: niko来鞭了
[2026-02-22 00:19:40] 虎皮奶酪: niko来鞭了
[2026-02-22 00:19:40] 小肥羊0574: dev1ce：儿子快来见老爸最后一面😭
[2026-02-22 00:19:40] 方舟2589: dev1ce：儿子快来见老爸最后一面😭
[2026-02-22 00:19:40] 驌驦玄龙: niko来鞭了
[2026-02-22 00:19:40] YUsadly: 就算世俗的奖被小人偷了，也一样表现出mvp的实力！这就是nota
[2026-02-22 00:19:40] 我知道的一点也不多: C4（已深度思考39.9秒）：算了
[2026-02-22 00:19:41] 这个假的吧: 可是goat也很会鞭啊🥺🥺
[2026-02-22 00:19:41] 小蜜蜂的长期素食本人: C4（已深度思考39.9秒）：算了
[2026-02-22 00:19:41] 怒之拳: 不是，直播间骂玩÷的人呢？全被玩÷毕业了？不是，直播间骂玩÷的人呢？全被玩÷毕业了？
[2026-02-22 00:19:42] 宇神82881: C4（已深度思考39.9秒）：算了
[2026-02-22 00:19:42] 好哥们山上撤也: pv不会进决赛把小蜜蜂也干了吧😰
[2026-02-22 00:19:42] c6lviN: @nota:终于没人跟我抢mvp了😁😁
[2026-02-22 00:19:42] 宫监手: 不是，直播间骂玩÷的人呢？全被玩÷毕业了？不是，直播间骂玩÷的人呢？全被玩÷毕业了？
[2026-02-22 00:19:42] 凌晨四点317: C4（已深度思考39.9秒）：算了
[2026-02-22 00:19:42] gomi箱desuwa: C4（已深度思考39.9秒）：算了
[2026-02-22 00:19:43] 四川zywo0: 我走在场馆中🚶🏻♂️听观众波哈声📢人杂乱戏海鲜🦪软脚虾又失手🦐
[2026-02-22 00:19:43] 叫我吉庆就好了: 有鱼丸在飘。。。
[2026-02-22 00:19:43] 一不小心丶就丶: 可是宗主也很厉害呀....
[2026-02-22 00:19:43] 血樱幽世: C4（已深度思考39.9秒）：算了
[2026-02-22 00:19:43] 艾坤123: ＋了
[2026-02-22 00:19:43] 鹿公爷: C4（已深度思考39.9秒）：算了
[2026-02-22 00:19:43] 玩78Machine: C4（已深度思考39.9秒）：算了
[2026-02-22 00:19:43] 杂毛小强666: C4（已深度思考39.9秒）：算了
[2026-02-22 00:19:44] 我在天台卖跳伞: dev1ce：儿子快来见老爸最后一面😭
[2026-02-22 00:19:44] 半个盛唐c: 可是goat也很会鞭啊🥺🥺
[2026-02-22 00:19:44] 一日暮言叶: C4（已深度思考39.9秒）：算了
[2026-02-22 00:19:44] 酒店团购: niko来鞭了
[2026-02-22 00:19:44] 椎名立希的泪痣: C4（已深度思考39.9秒）：算了
[2026-02-22 00:19:44] Collapsar00123: C4（已深度思考39.9秒）：算了
[2026-02-22 00:19:45] 有舍身会这样吗: 可是老天爷本来就在PV啊🥺🥺
[2026-02-22 00:19:45] 太阳神之翼神龙球体形: C4（已深度思考39.9秒）：算了
[2026-02-22 00:19:45] 逃离灰色地带: C4（已深度思考39.9秒）：算了
[2026-02-22 00:19:45] 6657的芥末本人: 卧槽胖球指挥队友起了五把大菠萝，老汤被鞭了一千发
[2026-02-22 00:19:45] 1魂星1: 卧槽胖球指挥队友起了五把大菠萝，老汤被鞭了一千发
[2026-02-22 00:19:45] 萨格拉斯好恩人麦迪文: 卧槽胖球指挥队友起了五把大菠萝，老汤被鞭了一千发
[2026-02-22 00:19:46] 湛湛0731: C4（已深度思考39.9秒）：算了
[2026-02-22 00:19:46] MSK枫: 这么强的人都要被niko鞭吗。。。
[2026-02-22 00:19:46] 黄巧传球接不住: C4（已深度思考39.9秒）：算了
[2026-02-22 00:19:46] supperpigi: 可是goat也很会鞭啊🥺🥺
[2026-02-22 00:19:46] 玩斯特出出6657: @nota:终于没人跟我抢mvp了😁😁
[2026-02-22 00:19:46] 白日梦中梦日白: 发明加一过快的真是啥博弈
[2026-02-22 00:19:46] 人生无喜剧: C4（已深度思考39.9秒）：算了
[2026-02-22 00:19:46] 橘子味儿小baby: C4（已深度思考39.9秒）：算了
[2026-02-22 00:19:46] 梦的星: 机器看100t吧，见老爸最后一面
[2026-02-22 00:19:47] M1zore: 可是抱团goat也很会鞭啊🥺🥺
[2026-02-22 00:19:47] YEKINDAR: C4（已深度思考39.9秒）：算了
[2026-02-22 00:19:47] 洛卡不是菜狗: 鼠小弟只是不想去决赛面对载物他有什么错。。。
[2026-02-22 00:19:47] EDG的皮特174本人: 可是goat也很会鞭啊🥺🥺
[2026-02-22 00:19:47] 用户2262650671: dev1ce：儿子快来见老爸最后一面😭
[2026-02-22 00:19:48] 玩口器Mouth: C4（已深度思考39.9秒）：算了
[2026-02-22 00:19:48] 伊卐爱: C4（已深度思考39.9秒）：算了
[2026-02-22 00:19:48] zwcccr: niko来鞭了
[2026-02-22 00:19:48] 到鱼一观: C4（已深度思考39.9秒）：算了
[2026-02-22 00:19:49] 网友盆栽: C4（已深度思考39.9秒）：算了
[2026-02-22 00:19:49] 不万能文学青年: 大家保持好纪律性，小蜜蜂之前不要爆弹，收到的加一
[2026-02-22 00:19:49] 卡啊卡卡丶: C4（已深度思考39.9秒）：算了
[2026-02-22 00:19:49] 小鸡灭: C4（已深度思考39.9秒）：算了
[2026-02-22 00:19:49] 野pig亨利28: C4（已深度思考39.9秒）：算了
[2026-02-22 00:19:49] OneLastKiss丶: C4（已深度思考39.9秒）：算了
[2026-02-22 00:19:50] 好哥们戴噗特: 12-4 🐷👁️👁️！？ 12-12
[2026-02-22 00:19:50] 好姐妹筑紫: C4（已深度思考39.9秒）：算了
[2026-02-22 00:19:50] 马修赫GOAT: Niko来鞭了
[2026-02-22 00:19:50] 玩腻了就去学: 可是goat也很会鞭啊🥺🥺
[2026-02-22 00:19:50] 绀海恋歌丶: C4（已深度思考39.9秒）：算了
[2026-02-22 00:19:50] 啊槐序: C4（已深度思考39.9秒）：算了
[2026-02-22 00:19:50] xyxxyzbbdzq: C4（已深度思考39.9秒）：算了
[2026-02-22 00:19:50] 驴驴宗宗买这冠军: 机器看100t吧，见老爸最后一面
[2026-02-22 00:19:50] 长期素食从不熬夜: Niko来鞭尸就来不及拆了
[2026-02-22 00:19:51] kalaokl: 就算世俗的奖被小人偷了，也一样表现出mvp的实力！这就是nota
[2026-02-22 00:19:51] MarineCorleone: C4（已深度思考39.9秒）：算了
[2026-02-22 00:19:51] 玩火炉丶Stove: @nota：终于没人跟我抢mvp了😁😁
[2026-02-22 00:19:51] 天蓬猪元帅是也: C4（已深度思考39.9秒）：算了
[2026-02-22 00:19:51] 玩机器是我霸: 理性评论 叫Jame的确实都是goat🤔
[2026-02-22 00:19:52] 不变的追求717: 这么强的人都要被niko鞭吗。。。
[2026-02-22 00:19:52] 用户1181920443: C4（已深度思考39.9秒）：算了
[2026-02-22 00:19:52] 青芒一刀给你干稀碎: C4（已深度思考39.9秒）：算了
[2026-02-22 00:19:52] 悲惨凄凉233: C4（已深度思考39.9秒）：算了
[2026-02-22 00:19:52] 好姐妹阿尔图图罗: 这么强的人都要被niko鞭吗。。。
[2026-02-22 00:19:52] RentonC: sanji
[2026-02-22 00:19:52] 麻辣头鱼丝: 机器看100t吧，见老爸最后一面
[2026-02-22 00:19:53] 宗宗洞洞major冠军: dev1ce：儿子快来见老爸最后一面😭
[2026-02-22 00:19:53] 葬爱K少: C4（已深度思考39.9秒）：算了
[2026-02-22 00:19:53] 怒之拳: C4（已深度思考39.9秒）：算了
[2026-02-22 00:19:53] 抹茶味鱼子酱: C4（已深度思考39.9秒）：算了
[2026-02-22 00:19:54] 用户125721897: C4（已深度思考39.9秒）：算了
[2026-02-22 00:19:56] 从零开始的加拿大肄业: 可是抱团goat也很会鞭啊🥺🥺
[2026-02-22 00:19:56] VR的灰泽螨本人: C4（已深度思考39.9秒）：算了
[2026-02-22 00:19:56] 晨风凌云21146: C4（已深度思考39.9秒）：算了
[2026-02-22 00:19:56] 玉米卧槽: 可是goat也很会鞭啊🥺🥺
[2026-02-22 00:19:56] 蓝原延渚: C4（已深度思考39.9秒）：算了
[2026-02-22 00:19:56] 井上坚二22: 大家保持好纪律性，小蜜蜂之前不要爆弹，收到的加一
[2026-02-22 00:19:56] 沈雨读: 卧槽胖球指挥队友起了五把大菠萝，老汤被鞭了一千发
[2026-02-22 00:19:56] 小兽神官: 不是，直播间骂玩÷的人呢？全被玩÷毕业了？不是，直播间骂玩÷的人呢？全被玩÷毕业了？
[2026-02-22 00:19:56] 安菲尔德的铁棍本人: 三个潜在科学家
[2026-02-22 00:19:56] 六星近卫丰川祥子: 卧槽胖球指挥队友起了五把大菠萝，老汤被鞭了一千发
[2026-02-22 00:19:56] P1ANNG: C4（已深度思考39.9秒）：算了
[2026-02-22 00:19:56] 玩机器是我霸: 理性评论 叫Jame的确实都是goat🤔
[2026-02-22 00:19:56] 邻苯二甲酸1: 卧槽胖球指挥队友起了五把大菠萝，老汤被鞭了一千发
[2026-02-22 00:19:56] 6657的爆米花本人: C4（已深度思考39.9秒）：算了
[2026-02-22 00:19:56] kalaokl: 这么强的人都要被niko鞭吗。。。
[2026-02-22 00:19:56] znnoy: 大家别喷玩机器了，我喷了20分钟真有玩孝将疯狂举报我，给我干了1小时禁言😅
[2026-02-22 00:19:56] 最喜欢清光: C4（已深度思考39.9秒）：算了
[2026-02-22 00:19:56] 外偶: C4（已深度思考39.9秒）：算了
[2026-02-22 00:19:59] VDVCI的迪米特里本人: 可是尼尼也没有major冠军啊🥺🥺
[2026-02-22 00:19:59] 零北鸢: C4（已深度思考39.9秒）：算了
[2026-02-22 00:19:59] 再也不熬夜了喵: 机器看100t吧，见老爸最后一面
[2026-02-22 00:19:59] TL的EliGE本人: C4（已深度思考39.9秒）：算了
[2026-02-22 00:19:59] 善口英雄hjk: 卧槽卧槽卧槽，隔壁真加时了
[2026-02-22 00:19:59] 卡啊卡卡丶: 这么强的人都要被niko鞭吗。。。
[2026-02-22 00:19:59] everch0sen: @Niko：我依然是世一鞭
[2026-02-22 00:19:59] 火暴兽也干了: 这么强的人都要被niko鞭吗。。。
[2026-02-22 00:19:59] YUsadly: 就算世俗的奖被小人偷了，也一样表现出mvp的实力！这就是nota
[2026-02-22 00:19:59] 玩腻了就去学: C4（已深度思考39.9秒）：算了
[2026-02-22 00:19:59] 一百丅的dev1ce: Niko来鞭尸就来不及拆了
[2026-02-22 00:19:59] 鹿公爷: @M1zore：可是抱团goat也很会鞭啊🥺🥺
[2026-02-22 00:19:59] 刘刘的农: 这么强的人都要被niko鞭吗。。。
[2026-02-22 00:19:59] VDVCI的迪米特里本人: 可是尼尼也没有major冠军啊🥺🥺
[2026-02-22 00:19:59] 瑭珏: dev1ce：儿子快来见老爸最后一面😭
[2026-02-22 00:19:59] OneLastKiss丶: 可是goat也很会鞭啊🥺🥺
[2026-02-22 00:19:59] 盾猛打脸丶: C4（已深度思考39.9秒）：算了
[2026-02-22 00:19:59] 猫心碎会失去几条命: @niko:很牛逼吗 这人躺在地上被我刀了还被我一狙爆头🤔
[2026-02-22 00:20:00] iNaixu: C4（已深度思考39.9秒）：算了
[2026-02-22 00:20:00] 硫磺祥: C4（已深度思考39.9秒）：算了
[2026-02-22 00:20:00] 菌落霜OVO: C4（已深度思考39.9秒）：算了
[2026-02-22 00:20:00] znnoy: 大家别喷玩机器了，我喷了20分钟真有玩孝将疯狂举报我，给我干了1小时禁言😅
[2026-02-22 00:20:00] 哈哈哈哈哈哈停不下来: C4（已深度思考39.9秒）：算了
[2026-02-22 00:20:00] Moe1e: 卧槽胖球指挥队友起了五把大菠萝，老汤被鞭了一千发
[2026-02-22 00:20:01] 大帅060515: 机器看100t吧，见老爸最后一面
[2026-02-22 00:20:01] 半个盛唐c: 卧槽胖球指挥队友起了五把大菠萝，老汤被鞭了一千发
[2026-02-22 00:20:01] VDVCI的迪米特里本人: 可是尼尼也没有major冠军啊🥺🥺
[2026-02-22 00:20:01] MJ猪猪呀: dev1ce：儿子快来见老爸最后一面😭
[2026-02-22 00:20:01] 博丽灵感菇: 𝓢 𝓑 𝓦 𝓙 𝓠 𝓜 𝓐 𝓒 𝓗 𝓘 𝓝 𝓔
[2026-02-22 00:20:01] 玩南梁丶阿斯托尔福: 不疼
[2026-02-22 00:20:01] 足音: 不痛
[2026-02-22 00:20:02] likeboom: 好
[2026-02-22 00:20:02] 梅林老公: 这么强的人都要被niko鞭吗。。。
[2026-02-22 00:20:02] i化石-: C4（已深度思考39.9秒）：算了
[2026-02-22 00:20:02] 橘子味儿小baby: 这么强的人都要被niko鞭吗。。。
[2026-02-22 00:20:02] 网友盆栽: C4（已深度思考39.9秒）：算了
[2026-02-22 00:20:02] 外偶: dev1ce：儿子快来见老爸最后一面😭
[2026-02-22 00:20:02] 张夏奇的老父亲: pv的经济不用算，第三回合后把把有狙
[2026-02-22 00:20:03] 没有真名233: 可是抱团goat也很会鞭啊🥺🥺
[2026-02-22 00:20:03] reehpdu: 机器看100t吧，见老爸最后一面
[2026-02-22 00:20:03] 硫磺祥: 玩机器，你现在逆转风评和停止节奏的唯一办法就是把《颂乐人偶》后6集看完
[2026-02-22 00:20:03] 晨风凌云21146: 你为什么要把mαjor禁了，我收藏的Niko弹幕全毁了
[2026-02-22 00:20:04] 微笑灬雨凝: 三个潜在科学家
[2026-02-22 00:20:04] 桂林米粉比较好吃: 这么强的人都要被niko鞭吗。。。
[2026-02-22 00:20:04] X1ngsuaaaa: C4（已深度思考39.9秒）：算了
[2026-02-22 00:20:04] VDVCI的迪米特里本人: 可是尼尼也没有major冠军啊🥺🥺
[2026-02-22 00:20:04] 古堡12枪战神: C4（已深度思考39.9秒）：算了
[2026-02-22 00:20:04] 我想和宋宋谈一场QQ爱:  @皮艳羊丶：卧槽胖球指挥队友起了五把大菠萝，老汤被鞭了一千发
[2026-02-22 00:20:05] 如如493: 天天说是猎鹰官方直播间，真孝猎鹰了弹幕又不乐意
[2026-02-22 00:20:05] 北辰男神666: 卧槽胖球指挥队友起了五把大菠萝，老汤被鞭了一千发
[2026-02-22 00:20:05] 冉冉的脚趾皮: C4（已深度思考39.9秒）：算了
[2026-02-22 00:20:06] 改名中奖我真信了: 加时了
[2026-02-22 00:20:06] 吊人日子不过了: 还是没忍住 友好互动吗
[2026-02-22 00:20:09] 单推折纸11年: 卧槽胖球指挥队友起了五把大菠萝，老汤被鞭了一千发
[2026-02-22 00:20:09] 湛湛0731: 深夜了，弹幕环境终于好了一点了。。。。
[2026-02-22 00:20:09] supperpigi: C4（已深度思考39.9秒）：算了
[2026-02-22 00:20:09] 博丽灵感菇: 𝓢 𝓑 𝓦 𝓙 𝓠 𝓜 𝓐 𝓒 𝓗 𝓘 𝓝 𝓔
[2026-02-22 00:20:09] NJU的cdz本人: 　　　 这么强的人都要被niko鞭吗。。。
[2026-02-22 00:20:09] 再见绘梨y: @niko:很牛逼吗 这人躺在地上被我刀了还被我一狙爆头🤔
[2026-02-22 00:20:09] 1039210: 卧槽胖球指挥队友起了五把大菠萝，老汤被鞭了一千发
[2026-02-22 00:20:09] 12310aaa: 到了遗迹你就看老尼怎么鞭吧！
[2026-02-22 00:20:09] 玩机器是cs第一解说: 🗿：芯片业研发研发有有有也会有i'18'f'l'a'm'ez'
[2026-02-22 00:20:09] 洛卡不是菜狗: 鼠小弟只是不想去决赛面对载物他有什么错。。。
[2026-02-22 00:20:09] 好哥们黑龙歼灭刀: 可是尼尼也没有major冠军啊🥺🥺
[2026-02-22 00:20:09] 玩大狙、dev1cy: 机器快去见device最后一面
[2026-02-22 00:20:09] 刘农痴呆不忘带永恒: C4（已深度思考39.9秒）：算了
[2026-02-22 00:20:09] 卡啊卡卡丶: 机器看100t吧，见老爸最后一面
[2026-02-22 00:20:09] 萌萌哒的咆哮魔233: C4（已深度思考39.9秒）：算了
[2026-02-22 00:20:09] 战术白给青年: C4（已深度思考39.9秒）：算了
[2026-02-22 00:20:09] 硫磺祥: dev1ce：儿子快来见老爸最后一面😭
[2026-02-22 00:20:09] ZeppelinIV: 喷子吗
[2026-02-22 00:20:09] 我在天台卖跳伞: 大家别喷玩机器了，我喷了20分钟真有玩孝将疯狂举报我，给我干了1小时禁言😅
[2026-02-22 00:20:09] pqe10: C4（已深度思考39.9秒）：算了
[2026-02-22 00:20:09] M海豚有海M: 这么强的人都要被niko鞭吗。。。
[2026-02-22 00:20:10] 宗宗洞洞major冠军: dev1ce：儿子快来见老爸最后一面😭
[2026-02-22 00:20:10] Xlin09: 　　　 C4（已深度思考39.9秒）：算了
[2026-02-22 00:20:10] 玉米卧槽: 可是goat也很会鞭啊🥺🥺
[2026-02-22 00:20:10] 洛水天依OMO: C4（已深度思考39.9秒）：算了
[2026-02-22 00:20:10] 喜欢吃生菜: 可是niko也很会鞭啊
[2026-02-22 00:20:10] 6657Bullys1mple: 可是尼尼也没有major冠军啊🥺🥺
[2026-02-22 00:20:10] 好哥们戴噗特: 12-4 🐷：感觉图二拿下了啊！ 12-12
[2026-02-22 00:20:10] T1的Fleta本人: C4（已深度思考39.9秒）：算了
[2026-02-22 00:20:10] 清明烧杂志: nota被niko开光了  老尼nb
[2026-02-22 00:20:10] 外偶: 加时了
[2026-02-22 00:20:11] 99组的爱城华恋本人: 卧槽胖球指挥队友起了五把大菠萝，老汤被鞭了一千发
[2026-02-22 00:20:11] 皇家单骑: 弹幕不要再串了，你们😭会消失的😭😭😭
[2026-02-22 00:20:11] Vitality的Eminem本人: 机器看100t吧，见老爸最后一面
[2026-02-22 00:20:11] 含泪办卡: 机器 你老爸要没了 赶紧去见他最后一面吧
[2026-02-22 00:20:12] 夺云丶: 这么强的人都要被niko鞭吗。。。
[2026-02-22 00:20:12] 賀陽燐羽: 千雨和汤汤要炸了有人管管吗
[2026-02-22 00:20:12] 不变的追求717: 可是尼尼也没有major冠军啊🥺🥺
[2026-02-22 00:20:12] MunChlax丶: 到小镇你就看jame怎么掉线吧🤭
[2026-02-22 00:20:12] znnoy: 大家别喷玩机器了，我喷了20分钟真有玩孝将疯狂举报我，给我干了1小时禁言😅
[2026-02-22 00:20:13] 莲之空的花宫初奈本人: 可是抱团goat也很会鞭啊🥺🥺
[2026-02-22 00:20:13] 驴子别路边了: 卧槽胖球指挥队友起了五把大菠萝，老汤被鞭了一千发
[2026-02-22 00:20:13] efxdddgd: 机器看100t吧，见老爸最后一面
[2026-02-22 00:20:13] Togawa【祥子】desuwa: 39.93秒算了
[2026-02-22 00:20:13] 都是设备的问题: 卧槽胖球指挥队友起了五把大菠萝，老汤被鞭了一千发
[2026-02-22 00:20:14] 魔魔湯湯科隆冠軍:     这么强的人都要被niko鞭吗。。。
[2026-02-22 00:20:14] 瘤坤别念了: 你不能只在自己喜欢的选手被串的时候讨厌串子
[2026-02-22 00:20:14] hagskdhs: 抓娃娃
[2026-02-22 00:20:14] 载物的大大大狙: 卧槽胖球指挥队友起了五把大菠萝，老汤被鞭了一千发
[2026-02-22 00:20:14] 好姐妹倉田真白: C4（已深度思考39.9秒）：算了
[2026-02-22 00:20:14] 玩山山丶Mounta1n: Niko:玩➗，鞭之帽是什么意思
[2026-02-22 00:20:14] Vitality的羽贺文乃本人: 卧槽胖球指挥队友起了五把大菠萝，老汤被鞭了一千发
[2026-02-22 00:20:15] 人机用户NikolaKovac: C4（已深度思考39.9秒）：算了
[2026-02-22 00:20:15] 鹿公爷: 这么强的人都要被niko鞭吗。。。
[2026-02-22 00:20:15] cwcw6969: @niko:很牛逼吗 这人躺在地上被我刀了还被我一狙爆头🤔
[2026-02-22 00:20:15] 汤汤杜杜科隆冠军: 到了遗迹你就看老尼怎么鞭吧！
[2026-02-22 00:20:16] 最爱的马卡龙: 可是尼尼也没有major冠军啊🥺🥺
[2026-02-22 00:20:16] 用户3109512988: 🗿正是科研的好机会
[2026-02-22 00:20:16] 嘉丘: 卧槽胖球指挥队友起了五把大菠萝，老汤被鞭了一千发
[2026-02-22 00:20:16] 吊人日子不过了: 可是尼尼也没有major冠军啊🥺🥺
[2026-02-22 00:20:16] 夯昆23333: 卧槽胖球指挥队友起了五把大菠萝，老汤被鞭了一千发
[2026-02-22 00:20:16] 好姐们谷爱凌: 机器，去见你老爸最后一面吧😭
[2026-02-22 00:20:16] 千早爱音desua: 卧槽胖球指挥队友起了五把大菠萝，老汤被鞭了一千发
[2026-02-22 00:20:16] VDVCI的迪米特里本人: @niko:很牛逼吗 这人躺在地上被我刀了还被我一狙爆头🤔
[2026-02-22 00:20:17] 67373叶凛月: C4（已深度思考39.9秒）：算了
[2026-02-22 00:20:17] 马加奇的哥哥马加绝: 6657版本更新公告：【zywoo play】将被替换为【niko play】
[2026-02-22 00:20:17] 澄猫: 这么强的人都要被niko鞭吗。。。
[2026-02-22 00:20:17] Minatocc: 可是尼尼也没有major冠军啊🥺🥺
[2026-02-22 00:20:17] 小蜜蜂的长期素食本人: nota被niko开光了 老尼nb
[2026-02-22 00:20:17] 玩鸡器的毛毛: 原来倪粉才是🧊粉。。。
[2026-02-22 00:20:17] 残念aw: 这么强的人都要被niko鞭吗。。。
[2026-02-22 00:20:18] 用户144491677: 到了遗迹你就看老尼怎么鞭吧！
[2026-02-22 00:20:18] DerryYan: 卧槽胖球指挥队友起了五把大菠萝，老汤被鞭了一千发
[2026-02-22 00:20:18] 好哥们戴噗特: 12-4 🐷：感觉图二拿下了啊！ 12-12
[2026-02-22 00:20:18] everch0sen: 可是抱团goat也很会鞭啊🥺🥺
[2026-02-22 00:20:18] 用户1697176: C4（已深度思考39.9秒）：算了
[2026-02-22 00:20:19] 斯大林的表弟: 665
[2026-02-22 00:20:19] YEYH111: 到小镇你就看jame怎么掉线吧🤭
[2026-02-22 00:20:19] 小心超人、: 大家别喷玩机器了，我喷了20分钟真有玩孝将疯狂举报我，给我干了1小时禁言😅
[2026-02-22 00:20:19] 丶丶Ken丶丶: C4（已深度思考39.9秒）：算了
[2026-02-22 00:20:19] 博丽灵感菇: 𝓢 𝓑 𝓦 𝓙 𝓠 𝓜 𝓐 𝓒 𝓗 𝓘 𝓝 𝓔
[2026-02-22 00:20:20] 玩黄油丶Djava: 大家别喷玩机器了，我喷了20分钟真有玩孝将疯狂举报我，给我干了1小时禁言😅
[2026-02-22 00:20:20] 天堂也寂寞1992: 米处
[2026-02-22 00:20:20] XIAOYUssl1: 水❤️中💛贵💚族💖百💜岁💙山💛人💖中❤️精🧡品💙左💜梓💖轩💝
[2026-02-22 00:20:21] 逃离灰色地带: @device：儿子！换台！是爹地！😎😎😎
[2026-02-22 00:20:21] samuraionnna: 这么强的人都要被niko鞭吗。。。
[2026-02-22 00:20:21] 七色的人偶使者: ?
[2026-02-22 00:20:21] DDD是就我: 卧槽胖球指挥队友起了五把大菠萝，老汤被鞭了一千发
[2026-02-22 00:20:21] 桥本环奈8666: 现在的弹幕真苛刻，主播肉质又紧实，肥瘦有适中，有机无公害，居然还有黑点。
[2026-02-22 00:20:21] 夯昆23333: 机器，去见你老爸最后一面吧😭
[2026-02-22 00:20:21] Vitality的Kyojin本人: 快
[2026-02-22 00:20:21] 波多里诺233: 你们冰粉就乘乱带吧，等节奏缓过去，有你们好果子吃的
[2026-02-22 00:20:21] 宗宗洞洞major冠军: dev1ce：儿子快来见老爸最后一面😭dev1ce：儿子快来见老爸最后一面😭
[2026-02-22 00:20:22] 听说改名能中奖是八: 快意，詹皇要战！看硬，詹皇英姿！
[2026-02-22 00:20:22] dddd0106: 哲伟cos上大森了
[2026-02-22 00:20:22] 醉读月色: 卧槽胖球指挥队友起了五把大菠萝，老汤被鞭了一千发
[2026-02-22 00:20:22] 好哥们黑龙歼灭刀: @niko:很牛逼吗 这人躺在地上被我刀了还被我一狙爆头🤔
[2026-02-22 00:20:22] MongTown: 卧槽胖球指挥队友起了五把大菠萝，老汤被鞭了一千发
[2026-02-22 00:20:22] 青二的羊宫妃那本人: 已经两天了我编的烂梗没有都没有人加一。。。
[2026-02-22 00:20:22] 梦的星: jee来空了
[2026-02-22 00:20:23] m0丶7NESY: 可是尼尼也没有major冠军啊🥺🥺
[2026-02-22 00:20:23] 夺云丶: 可是尼尼也没有major冠军啊🥺🥺
[2026-02-22 00:20:23] 汤汤杜杜科隆冠军: 原来倪粉才是🧊粉。。。
[2026-02-22 00:20:23] 白河日和: 隔壁加了
[2026-02-22 00:20:24] 青芒一刀给你干稀碎: 米处
[2026-02-22 00:20:24] 宗宗洞洞major冠军: dev1ce：儿子快来见老爸最后一面😭
[2026-02-22 00:20:24] 听说改名能中奖是八: 快意，詹皇要战！看硬，詹皇英姿！
[2026-02-22 00:20:24] 终初若叶睦: 12-4 🐷：感觉图二拿下了啊！ 12-12
[2026-02-22 00:20:24] 驕傲的少年丶: 卧槽胖球指挥队友起了五把大菠萝，老汤被鞭了一千发
[2026-02-22 00:20:24] 四值功曹z: kljnxaz
[2026-02-22 00:20:24] 玉米卧槽: 我吃删了
[2026-02-22 00:20:25] 网友小顺饱饱: 100t被黏住加时了有人管管吗
[2026-02-22 00:20:25] 玩机器的左魔丸1: 好好的mvp不拿，偷我们尼尼的evp闹麻了
[2026-02-22 00:20:25] 轻伤酱: 我白了
[2026-02-22 00:20:25] kalaokl: 你们串串选手就算了，串玩机器真有房管封你！
[2026-02-22 00:20:25] 白鹿天行: ？？
[2026-02-22 00:20:25] W美利坚香蕉君W: ？
[2026-02-22 00:20:26] 牟平鲁尼: 这个nota被niko鞭开窍了👍
[2026-02-22 00:20:26] 鱼鱼jr呢: 大家别喷玩机器了，我喷了20分钟真有玩孝将疯狂举报我，给我干了1小时禁言😅
[2026-02-22 00:20:26] 一张木头: 我白啦🤬我白啦🤬我吃闪啦🤪我白啦🤬我白啦🤬我吃闪啦🤪我白啦🤬我白啦🤬我吃闪啦🤪
[2026-02-22 00:20:26] 布丁布盯: 就鞭尸怎么了？冰粉急死了
[2026-02-22 00:20:26] JaFency: ?
[2026-02-22 00:20:26] 丶小恐龙丶: 詹皇
[2026-02-22 00:20:26] lonhkfd: 大家别喷玩机器了，我喷了20分钟真有玩孝将疯狂举报我，给我干了1小时禁言😅
[2026-02-22 00:20:26] XIAOYUssl1: 玩神，我只是玩玩梗而已，真不是女大学生，别私发我那种图片了，还有，你那个真……挺小的..
[2026-02-22 00:20:26] 大的要来了丶: 6657版本更新公告：【zywoo play】将被替换为【niko play】
[2026-02-22 00:20:27] Fe丶5: ¿
[2026-02-22 00:20:27] AAA达班物流坤猜: 又丢闪
[2026-02-22 00:20:27] 好哥们戴噗特: 12-4 🐷：感觉图二拿下了啊！ 12-12
[2026-02-22 00:20:27] 听说改名能中奖是八: 快意，詹皇要战！看硬，詹皇英姿！！
[2026-02-22 00:20:27] 喜欢素素: 我白啦🤬我白啦🤬我吃闪啦🤪我白啦🤬我白啦🤬我吃闪啦🤪
[2026-02-22 00:20:27] mujica的长崎素世本人: 可是抱团goat也很会鞭啊🥺🥺
[2026-02-22 00:20:27] 犭火夕卜其斤: 矿卡
[2026-02-22 00:20:27] SKT的Faker本人: 机器，去见你老爸最后一面吧😭
[2026-02-22 00:20:28] 香港分社记者: @niko:很牛逼吗 这人躺在地上被我刀了还被我一狙爆头🤔
[2026-02-22 00:20:28] supperpigi: ？？
[2026-02-22 00:20:28] PKURoger: @device：儿子！换台！是爹地！😎😎😎
[2026-02-22 00:20:28] Arianphy: 12-4 🐷：感觉图二拿下了啊！ 12-12
[2026-02-22 00:20:28] 好哥们黑龙歼灭刀: 原来倪粉才是🧊粉。。。
[2026-02-22 00:20:29] 从零开始的加拿大肄业: 到小镇你就看jame怎么掉线吧🤭
[2026-02-22 00:20:29] 还有时间日落之前: nota被niko开光了 老尼nb
[2026-02-22 00:20:29] 玉米卧槽: 我白了
[2026-02-22 00:20:29] 进厂打螺丝RL: 老鼠的雷一看就是研究过的
[2026-02-22 00:20:29] Ayaya丿KE: 到小镇你就看jame怎么掉线吧🤭
[2026-02-22 00:20:29] 用户02938034: 这个nota被niko鞭开窍了👍
[2026-02-22 00:20:30] 宇宙第一麻瓜: 可是尼尼也没有major冠军啊🥺🥺
[2026-02-22 00:20:31] 劉膿dewasu: 12-4 🐷：感觉图二拿下了啊！ 12-12
[2026-02-22 00:20:31] 飛鳥蘭: 卧槽胖球指挥队友起了五把大菠萝，老汤被鞭了一千发
[2026-02-22 00:20:31] 热心好邻居: 米处
[2026-02-22 00:20:31] 丶丶Ken丶丶: jee来空了
[2026-02-22 00:20:31] 60岁老奶奶想卖身: 我白啦🤬我白啦🤬我吃闪啦🤪我白啦🤬我白啦🤬我吃闪啦🤪我白啦🤬我白啦🤬我吃闪啦🤪
[2026-02-22 00:20:31] 玩柜子丶Mortis: @device：儿子！换台！是爹地！😎😎😎ですわ
[2026-02-22 00:20:31] Zywoo的七百大狙: 大家别喷玩机器了，我喷了20分钟真有玩孝将疯狂举报我，给我干了1小时禁言😅
[2026-02-22 00:20:31] znnoy: 大家别喷玩机器了，我喷了20分钟真有玩孝将疯狂举报我，给我干了1小时禁言😅
[2026-02-22 00:20:32] 锦书难托1109: @Niko：我依然是mvp
[2026-02-22 00:20:32] 载物唯一GOAT: 6657版本更新公告：【zywoo play】将被替换为【niko play】
[2026-02-22 00:20:32] 艺术冰霜: 可是尼尼也没有major冠军啊🥺🥺
[2026-02-22 00:20:32] 橘子味儿小baby:  @波多里诺233：你们冰粉就乘乱带吧，等节奏缓过去，有你们好果子吃的
[2026-02-22 00:20:32] cancanlzp: 这个nota被niko鞭开窍了👍
[2026-02-22 00:20:32] 幽谷响子: 卧槽100t加时了！
[2026-02-22 00:20:32] 到鱼一观: 矿卡
[2026-02-22 00:20:33] 夺云丶: 就鞭尸怎么了？冰粉急死了
[2026-02-22 00:20:33] 乌鸦晒不黑: 到小镇你就看jame怎么掉线吧🤭
[2026-02-22 00:20:33] Laila丶丶: 我白啦🤬我白啦🤬我吃闪啦🤪我白啦🤬我白啦🤬我吃闪啦🤪
[2026-02-22 00:20:33] Rodeo111: 100t被黏住加时了有人管管吗
[2026-02-22 00:20:33] 好哥们黑龙歼灭刀: 大家别喷玩机器了，我喷了20分钟真有玩孝将疯狂举报我，给我干了1小时禁言😅
[2026-02-22 00:20:33] 国服顶尖瞎子蛋糕: 卧槽胖球指挥队友起了五把大菠萝，老汤被鞭了一千发
[2026-02-22 00:20:33] ahhhhhhhhhhhhhhhhhhh: 导播又在闪观众卧槽里的
[2026-02-22 00:20:33] 沈雨读: 卧槽胖球指挥队友起了五把大菠萝，老汤被鞭了一千发
[2026-02-22 00:20:34] 路过的伊蕾娜酱: 机器，去见你老爸最后一面吧😭
[2026-02-22 00:20:34] Kunwz: 6657版本更新公告：【zywoo play】将被替换为【niko play】
[2026-02-22 00:20:34] lpyuan: 12-4 🐷：感觉图二拿下了啊！ 12-12
[2026-02-22 00:20:34] 好哥们汉阳造: 12-4 🐷：感觉图二拿下了啊！ 12-12
[2026-02-22 00:20:35] 海绵宝宝梦惊禅: 别闪了行不行，我舍友被白醒了
[2026-02-22 00:20:35] s超级倒霉蛋mple: 我白啦🤬我白啦🤬我吃闪啦🤪我白啦🤬我白啦🤬我吃闪啦🤪我白啦🤬我白啦🤬我吃闪啦🤪
[2026-02-22 00:20:35] 蓝绿藻的梦OuO: 卧槽胖球指挥队友起了五把大菠萝，老汤被鞭了一千发
[2026-02-22 00:20:35] xOcOg: 老汤已经十个回合没杀人了，有人管管吗
[2026-02-22 00:20:35] Altolier: 　　　 jee来空了
[2026-02-22 00:20:36] 锦书难托1109: @Niko：我依然是mvp
[2026-02-22 00:20:36] 67373叶凛月: 机器，去见你老爸最后一面吧😭
[2026-02-22 00:20:36] 混元劈栗手: 这个nota被niko鞭开窍了👍
[2026-02-22 00:20:36] 玩机器是我霸: 理性评论 叫Jame的确实都是goat🤔
[2026-02-22 00:20:36] 用户0268784457: 载物粉丝也太🗡了吧 知道玩大哥不喜欢载大哥还来找存在感 （捏鼻）
[2026-02-22 00:20:36] 若叶睦吃苦瓜: 这个nota被niko鞭开窍了👍
[2026-02-22 00:20:37] 蛋蛋可以进去吗: 111
[2026-02-22 00:20:37] 如如493: @device：儿子！换台！是爹地！😎😎😎ですわ
[2026-02-22 00:20:37] 用户4859093618: 到小镇你就看jame怎么掉线吧🤭
[2026-02-22 00:20:37] xieri: 这个nota被niko鞭开窍了👍
[2026-02-22 00:20:37] RnCcL: 卧槽胖球指挥队友起了五把大菠萝，老汤被鞭了一千发
[2026-02-22 00:20:37] 白巳津川石头人九条都: 卧槽胖球指挥队友起了五把大菠萝，老汤被鞭了一千发
[2026-02-22 00:20:37] Hakurei-Re1mu: 玩神，我只是玩玩梗而已，真不是女大学生，别私发我那种图片了，还有，你那个真……挺小的……
[2026-02-22 00:20:37] 劉膿dewasu: 6657版本更新公告：【zywoo play】将被替换为【niko play】
[2026-02-22 00:20:38] liondarin: 可是尼尼也没有major冠军啊🥺🥺
[2026-02-22 00:20:38] 步乌不是不: 已经两天了我编的烂梗没有都没有人加一。。。
[2026-02-22 00:20:38] 玩番薯、ZywOO: 可是goat真的有冠军啊🥺🥺
[2026-02-22 00:20:38] 一不小心丶就丶: 可是尼尼也没有major冠军啊🥺🥺
[2026-02-22 00:20:38] i化石-: 12-4 🐷：感觉图二拿下了啊！ 12-12
[2026-02-22 00:20:38] C0C00N: 这个nota被niko鞭开窍了👍
[2026-02-22 00:20:38] DOLLARS游马崎沃克本人: 这个nota被niko鞭开窍了👍
[2026-02-22 00:20:38] 半个盛唐c: 可是尼尼也没有major冠军啊🥺🥺
[2026-02-22 00:20:38] 6657Bullys1mple: 到小镇你就看jame怎么掉线吧🤭
[2026-02-22 00:20:39] 我知道的一点也不多: 6657版本更新公告：【zywoo play】将被替换为【niko play】
[2026-02-22 00:20:39] 假如一切是虚幻: 机器，去见你老爸最后一面吧😭
[2026-02-22 00:20:39] 蓝原延渚: 100t被黏住加时了有人管管吗
[2026-02-22 00:20:39] 玩机器的左魔丸1: 可是尼尼也没有major冠军啊🥺🥺
[2026-02-22 00:20:39] MyGO的长期素食本人: 卧槽胖球指挥队友起了五把大菠萝，老汤被鞭了一千发
[2026-02-22 00:20:40] Vitality的Kyojin本人: 莲喷为什么是屏蔽词
[2026-02-22 00:20:40] supperpigi: jee来空了
[2026-02-22 00:20:40] c6lviN: 6657版本更新公告：【zywoo play】将被替换为【niko play】
[2026-02-22 00:20:40] guorerew: 我白啦🤬我白啦🤬我吃闪啦🤪我白啦🤬我白啦🤬我吃闪啦🤪我白啦🤬我白啦🤬我吃闪啦🤪
[2026-02-22 00:20:40] 好哥们黑龙歼灭刀: 6657版本更新公告：【zywoo play】将被替换为【niko play】
[2026-02-22 00:20:40] 森林与雁: 别闪了行不行，我舍友被白醒了
[2026-02-22 00:20:40] Vitality的Eminem本人: （BB 2-0 100T）感觉PV这是一个拿分大招啊
[2026-02-22 00:20:40] 冷淡ld: 12-4 🐷：感觉图二拿下了啊！ 12-12
[2026-02-22 00:20:40] 七色的人偶使者: 这个nota被niko鞭开窍了👍
[2026-02-22 00:20:41] Cloud9的咬人猫本人: 大家别喷玩机器了，我喷了20分钟真有玩孝将疯狂举报我，给我干了1小时禁言😅
[2026-02-22 00:20:41] 圣诞节二人组: @🗿:当节奏成为主流，科学家们才能摸摸开展研发
[2026-02-22 00:20:41] 玩跳丹jampegg: 大家别喷玩机器了，我喷了20分钟真有玩孝将疯狂举报我，给我干了1小时禁言😅
[2026-02-22 00:20:42] 喜当爹的高富帅: 感觉兵败如山倒了
[2026-02-22 00:20:42] YZC01: 这个nota被niko鞭开窍了👍
[2026-02-22 00:20:42] 玩斯特机机丨易勃: 今年不是不让放鞭炮吗，为什么尼尼孩孩分着干啊？
[2026-02-22 00:20:42] 四川zywo0: @niko:很牛逼吗 这人躺在地上被我刀了还被我一狙爆头🤔
[2026-02-22 00:20:42] 吟游诗人希尔伯特: 这个nota被niko鞭开窍了👍
[2026-02-22 00:20:42] 丶丶Ken丶丶: 玩神，我只是玩玩梗而已，真不是女大学生，别私发我那种图片了，还有，你那个真……挺小的……
[2026-02-22 00:20:43] 用户5608006019: 机器，去见你老爸最后一面吧😭
[2026-02-22 00:20:43] 吃鱼神选: 机器，去见你老爸最后一面吧😭
[2026-02-22 00:20:43] 到鱼一观: 可是尼尼也没有major冠军啊🥺🥺
[2026-02-22 00:20:43] 一条无梦鱼: 卧槽NIKO指挥了！NIKO指挥flc五个人加入服务器鞭老汤
[2026-02-22 00:20:43] 述二ER: 这个nota被niko鞭开窍了👍
[2026-02-22 00:20:43] 不变的追求717: @Niko：我依然是mvp
[2026-02-22 00:20:43] 玩老鼠丶Roxy: 这个nota被niko鞭开窍了👍
[2026-02-22 00:20:43] 我没P眼123: 这个nota被niko鞭开窍了👍
[2026-02-22 00:20:43] 钢镚镚镚镚镚镚镚镚镚: 大家别喷玩机器了，我喷了20分钟真有玩孝将疯狂举报我，给我干了1小时禁言😅
[2026-02-22 00:20:44] Ggmftye: 机器，去见你老爸最后一面吧😭
[2026-02-22 00:20:44] 玉米卧槽: 理性评论 叫Jame的确实都是goat🤔
[2026-02-22 00:20:44] myGo的anon: 我白啦🤬我白啦🤬我吃闪啦🤪我白啦🤬我白啦🤬我吃闪啦🤪我白啦🤬我白啦🤬我吃闪啦🤪
[2026-02-22 00:20:45] 夜桜SaKurA7: 这个nota被niko鞭开窍了👍
[2026-02-22 00:20:47] 凝视深渊丶玩叽叽: 别闪了行不行，我舍友被白醒了
[2026-02-22 00:20:47] LkCatQwQ: 12-4 🐷：感觉图二拿下了啊！ 12-12
[2026-02-22 00:20:47] 古堡12枪战神: 卧槽100t加时了！
[2026-02-22 00:20:47] 安和昴的男友本人: 12-4 🐷：感觉图二拿下了啊！ 12-12
[2026-02-22 00:20:47] 杺毓: @Niko：我依然是mvp
[2026-02-22 00:20:47] 小憨煲: 这个nota被niko鞭开窍了👍
[2026-02-22 00:20:47] 大哥心里慌: 可是尼尼也没有major冠军啊🥺🥺
[2026-02-22 00:20:47] guorerew:  @Hakurei-Re1mu：玩神，我只是玩玩梗而已，真不是女大学生，别私发我那种图片了，还有，你
[2026-02-22 00:20:47] 吟游诗人希尔伯特: 可是尼尼也没有major冠军啊🥺🥺
[2026-02-22 00:20:47] 不可一世ji豪: 玩神，我只是玩玩梗而已，真不是女大学生，别私发我那种图片了，还有，你那个真……挺小的……
[2026-02-22 00:20:47] 柑橘树的柑橘树本人: 这个nota被niko鞭开窍了👍
[2026-02-22 00:20:47] 李小小与虾大大: 100T加时了，你爸真不争气啊😅
[2026-02-22 00:20:47] 房同学19554: 卧槽胖球指挥队友起了五把大菠萝，老汤被鞭了一千发
[2026-02-22 00:20:47] 好哥们黑龙歼灭刀: 这个nota被niko鞭开窍了👍
[2026-02-22 00:20:47] 浸润、: 这个nota被niko鞭开窍了👍
[2026-02-22 00:20:47] 小蜜蜂的长期素食本人: 这个nota被niko鞭开窍了👍
[2026-02-22 00:20:47] 红烧哈基米: 这个nota被niko鞭开窍了👍
[2026-02-22 00:20:47] 玩火炉丶Stove: 玩神，我只是玩玩梗而已，真不是女大学生，别私发我那种图片了，还有，你那个真……挺小的……
[2026-02-22 00:20:47] 从零开始的加拿大肄业: 可是尼尼也没有major冠军啊🥺🥺
[2026-02-22 00:20:47] 哦斯特哦哦: 机器，去见你老爸最后一面吧😭
[2026-02-22 00:20:48] 李欢要早睡i: 机器，去见你老爸最后一面吧😭
[2026-02-22 00:20:49] 小爱音: 这个nota被niko鞭开窍了👍
[2026-02-22 00:20:49] 岸边的丘陵82558: 卧槽胖球指挥队友起了五把大菠萝，老汤被鞭了一千发
[2026-02-22 00:20:49] LaughingSaMa: 这个nota被niko鞭开窍了👍
[2026-02-22 00:20:49] 里约钻石币拥有者: 这个nota被niko鞭开窍了👍
[2026-02-22 00:20:49] 林间拾露z: 卧槽胖球指挥队友起了五把大菠萝，老汤被鞭了一千发
[2026-02-22 00:20:50] 靈夢的塞钱箱: 6657版本更新公告：【zywoo play】将被替换为【niko play】
[2026-02-22 00:20:50] 桥本环奈8666: 主播其实知道有时候不能贪，但是他的大脑就是控制不住，这种症状称为脑贪
[2026-02-22 00:20:50] 布丁布盯: 就鞭尸就鞭尸，弹幕犬急死了
[2026-02-22 00:20:50] 坝瘫虎出动目标铲车人: 为什么图一结束后突然有0.4万人说不了话了，我好害怕😭
[2026-02-22 00:20:50] JuL1us: 这个nota被niko鞭开窍了👍
[2026-02-22 00:20:50] 再也不熬夜了喵: 100t被黏住加时了有人管管吗
[2026-02-22 00:20:50] kalaokl: 你们串串选手就算了，串玩机器真有房管封你！
[2026-02-22 00:20:50] 单推折纸11年: 这个nota被niko鞭开窍了👍
[2026-02-22 00:20:50] 丶小恐龙丶: 6657版本更新公告：【zywoo play】将被替换为【niko play】
[2026-02-22 00:20:50] supperpigi: 100t被黏住加时了有人管管吗
[2026-02-22 00:20:50] 小马快出的我快出来了: 　　　 玩神，我只是玩玩梗而已，真不是女大学生，别私发我那种图片了，还有，你那个真……挺小的……
[2026-02-22 00:20:52] MyGo高松灯本人: 卧槽胖球指挥队友起了五把大菠萝，老汤被鞭了一千发
[2026-02-22 00:20:52] 没有故事的Pluto: 可是尼尼也没有major冠军啊🥺🥺
[2026-02-22 00:20:53] 命运叫我去战斗: 老汤是不是可以下场了？
[2026-02-22 00:20:53] 丶丶Ken丶丶: 这个nota被niko鞭开窍了👍
[2026-02-22 00:20:53] 秋Fc: 这个nota被niko鞭开窍了👍
[2026-02-22 00:20:53] 洛陽城里看落陽: 顶级
[2026-02-22 00:20:53] 冷淡ld: 这个nota被niko鞭开窍了👍
[2026-02-22 00:20:53] 假小子是对的: 神了
[2026-02-22 00:20:53] 卡啊卡卡丶: 这个nota被niko鞭开窍了👍
[2026-02-22 00:20:53] 神奥联盟的竹兰本人: 可是尼尼也没有major冠军啊🥺🥺
[2026-02-22 00:20:54] 楓鈴饱饱: 全知全能
[2026-02-22 00:20:54] 玩南梁丶阿斯托尔福: 我嘞个豆
[2026-02-22 00:20:54] Vitality的Kyojin本人: ？
[2026-02-22 00:20:54] 早安丿章鱼哥: 通透
[2026-02-22 00:20:54] 机器机器祝你天天开心: ？
[2026-02-22 00:20:54] 杺毓: 这个nota被niko鞭开窍了👍
[2026-02-22 00:20:54] gfe20010: @Hakurei-Re1mu：玩神，我只是玩玩梗而已，真不是女大学生，别私发我那种图片了，还有，你d
[2026-02-22 00:20:54] BleksiA: 大表哥play
[2026-02-22 00:20:54] 匿名柠檬cccc: 我曹这战术
[2026-02-22 00:20:54] 旧梦乱人心415: 玩神，我只是玩玩梗而已，真不是女大学生，别私发我那种图片了，还有，你那个真……挺小的……
[2026-02-22 00:20:54] wristuuio: 这个nota被niko鞭开窍了👍
[2026-02-22 00:20:55] Vitality的羽贺文乃本人: 这个nota被niko鞭开窍了👍
[2026-02-22 00:20:55] 鸭硕的哈撒给: nota再强，偷了尼尼的evp也得不到我的认可
[2026-02-22 00:20:55] 怒之拳: 就鞭尸就鞭尸，弹幕犬急死了
[2026-02-22 00:20:55] 第一美食烤肉: 卧槽
[2026-02-22 00:20:55] 油漆天下第一: 100t被黏住加时了有人管管吗
[2026-02-22 00:20:55] 新月似当年1: 全知全能
[2026-02-22 00:20:55] 欠吊王该还吊了: 玩神，我只是玩玩梗而已，真不是女大学生，别私发我那种图片了，还有，你那个真……挺小的……
[2026-02-22 00:20:55] 番薯Zywoo: 哈哈哈哈
[2026-02-22 00:20:55] 夺云丶: 这个nota被niko鞭开窍了👍
[2026-02-22 00:20:55] tosaytosay: 　　　 这个nota被niko鞭开窍了👍
[2026-02-22 00:20:56] 大梦464: 可是尼尼也没有major冠军啊🥺🥺
[2026-02-22 00:20:56] 梦的星: 神了
[2026-02-22 00:20:56] 梓川不是辛川: 这个nota被niko鞭开窍了👍
[2026-02-22 00:20:56] 弱智骚年欢乐多: 这个nota被niko鞭开窍了👍
[2026-02-22 00:20:57] 冬马和纱Official: 卧槽胖球指挥队友起了五把大菠萝，老汤被鞭了一千发
[2026-02-22 00:20:57] 用户4859093618: 卧槽胖球指挥队友起了五把大菠萝，老汤被鞭了一千发
[2026-02-22 00:20:57] 用户1697176: 这个nota被niko鞭开窍了👍
[2026-02-22 00:20:57] 我在天台卖跳伞: 这个nota被niko鞭开窍了👍
[2026-02-22 00:20:57] 大家要幸福呀: 这个nota被niko鞭开窍了👍
[2026-02-22 00:20:57] 橋本奈奈未ava: 可是尼尼也没有major冠军啊🥺🥺
[2026-02-22 00:20:57] ahhhhhhhhhhhhhhhhhhh: 上帝的指令
[2026-02-22 00:20:57] Steam丶COCO: 这个nota被niko鞭开窍了👍
[2026-02-22 00:20:58] F0restwOw-: 这个nota被niko鞭开窍了👍
[2026-02-22 00:20:58] 一条悦动的咸鱼: 这个nota被niko鞭开窍了👍
[2026-02-22 00:20:58] 刘农痴呆不忘带永恒: 这个nota被niko鞭开窍了👍
[2026-02-22 00:20:58] 灯火灬阑珊处2: 这个nota被niko鞭开窍了👍
[2026-02-22 00:20:59] 康托尔74920: 6657版本更新公告：【zywoo play】将被替换为【niko play】
[2026-02-22 00:20:59] Crythic的羊宫妃那本人: 为什么图一结束后突然有0.4万人说不了话了，我好害怕😭
[2026-02-22 00:20:59] Togawa【祥子】desuwa: 烟鬼play
[2026-02-22 00:20:59] 我是一个医保卡: 全知全能
[2026-02-22 00:20:59] 好哥们罗伯斯庇尔: 全知全能
[2026-02-22 00:21:00] 用户1697176: 这个nota被niko鞭开窍了👍
[2026-02-22 00:21:00] znnoy: @刘亦博（钻粉群）：如果碰到那种玩数字梗，谐音梗直接攻击我家人的，麻烦各位帮我封一下吧🤝
[2026-02-22 00:21:00] 吃屎不能忘拉屎人: 这个nota被niko鞭开窍了👍
[2026-02-22 00:21:00] 病态伊莉雅: 这个nota被niko鞭开窍了👍
[2026-02-22 00:21:00] 落夜会: mvp play
[2026-02-22 00:21:00] 乌鸦晒不黑: 这个nota被niko鞭开窍了👍
[2026-02-22 00:21:01] 嘉丘: 6657版本更新公告：【zywoo play】将被替换为【niko play】
[2026-02-22 00:21:01] PAX7654: 警察局
[2026-02-22 00:21:01] 不buy立省百分百: 这个nota被niko鞭开窍了👍
[2026-02-22 00:21:01] 尼古拉刘亦博: 这个nota被niko鞭开窍了👍
[2026-02-22 00:21:01] 鲜血与暗影铸造的家伙: 警察局
[2026-02-22 00:21:01] 带节奏的都是我重孙: 卧槽胖球指挥队友起了五把大菠萝，老汤被鞭了一千发
[2026-02-22 00:21:01] 人机用户NikolaKovac: 这个nota被niko鞭开窍了👍
[2026-02-22 00:21:01] 土御门静雄: 这个nota被niko鞭开窍了👍
[2026-02-22 00:21:01] 不吃晃的狙击手: 可是尼尼也没有major冠军啊🥺🥺
[2026-02-22 00:21:01] m0丶7NESY: 玩神你小心一点别孝Niko了，我听说之前有个尼孝比赛被鞭了
[2026-02-22 00:21:02] wedd1ddeJodd: 这个nota被niko鞭开窍了👍
[2026-02-22 00:21:02] 非洲人民大酋长: 玩神，我只是玩玩梗而已，真不是女大学生，别私发我那种图片了，还有，你那个真……挺小的……
[2026-02-22 00:21:02] EWH71: 全知全能
[2026-02-22 00:21:02] 三见故山秋: 100t被黏住加时了有人管管吗
[2026-02-22 00:21:02] Rainwedell: 这个nota被niko鞭开窍了👍
[2026-02-22 00:21:02] 玩宝路、Marlboro: 这个nota被niko鞭开窍了👍
[2026-02-22 00:21:02] 蓝原延渚: 这个nota被niko鞭开窍了👍
[2026-02-22 00:21:02] 下划线逗号下划线叹号: 这个nota被niko鞭开窍了👍
[2026-02-22 00:21:03] C9的moloris本人: 这个nota被niko鞭开窍了👍
[2026-02-22 00:21:03] 玩弓箭、Arrow: 这个nota被niko鞭开窍了👍
[2026-02-22 00:21:03] 驴驴宗宗买这冠军: 这个nota被niko鞭开窍了👍
[2026-02-22 00:21:03] 云销雨未霁丶: 这个nota被niko鞭开窍了👍
[2026-02-22 00:21:03] znnoy: @刘亦博（钻粉群）：如果碰到那种玩数字梗，谐音梗直接攻击我家人的，麻烦各位帮我封一下吧🤝
[2026-02-22 00:21:03] 玩机器的小飞棍: 玩神，我只是玩玩梗而已，真不是女大学生，别私发我那种图片了，还有，你那个真……挺小的……
[2026-02-22 00:21:03] djklyk: 这个nota被niko鞭开窍了👍
[2026-02-22 00:21:03] 诸神释然: 这个nota被niko鞭开窍了👍
[2026-02-22 00:21:03] 汤汤杜杜科隆冠军: 这个nota被niko鞭开窍了👍
[2026-02-22 00:21:04] 柳小目:  @怒之拳：就鞭尸就鞭尸，弹幕犬急死了
[2026-02-22 00:21:04] 狂野皮几儿很哒: 这个nota被niko鞭开窍了👍
[2026-02-22 00:21:04] 蓝裙子蓝书包: 这个nota被niko鞭开窍了👍
[2026-02-22 00:21:04] Togawa【祥子】desuwa: 赚了
[2026-02-22 00:21:04] 神马米洛: 这个nota被niko鞭策开窍了👍
[2026-02-22 00:21:04] 海绵宝宝dinner: 这个nota被niko鞭开窍了👍
[2026-02-22 00:21:04] 网友盆栽: 这个nota被niko鞭开窍了👍
[2026-02-22 00:21:05] 从零开始的加拿大肄业: 这个nota被niko鞭开窍了👍
[2026-02-22 00:21:05] 喜当爹的高富帅: 这个nota被niko鞭开窍了👍
[2026-02-22 00:21:05] 橘子味儿小baby: 这个nota被niko鞭开窍了👍
[2026-02-22 00:21:05] 里约钻石币拥有者: 这个nota被niko鞭开窍了👍
[2026-02-22 00:21:05] 1魂星1: 这个nota被niko鞭开窍了👍
[2026-02-22 00:21:05] 文西67: 这个nota被niko鞭开窍了👍
[2026-02-22 00:21:06] 花海咲季的老公本人: 这个nota被niko鞭开窍了👍
[2026-02-22 00:21:06] 机器机器祝你天天开心: 全知全能
[2026-02-22 00:21:06] loverboy888: niko指挥的
[2026-02-22 00:21:06] kjhhjki: 全知全能
[2026-02-22 00:21:06] 秋夜凭窗听风雨: 完全解读
[2026-02-22 00:21:06] 華之君: 这个nota被niko鞭开窍了👍
[2026-02-22 00:21:06] 狂野皮几儿很哒: 可是尼尼也没有major冠军啊🥺🥺
[2026-02-22 00:21:06] valorant玩机器: 这个nota被niko鞭开窍了👍
[2026-02-22 00:21:07] MSK枫: 这个nota被niko鞭开窍了👍
[2026-02-22 00:21:07] 神奥联盟的竹兰本人: 这个nota被niko鞭开窍了👍
[2026-02-22 00:21:07] xertioN: 这个nota被niko鞭开窍了👍
[2026-02-22 00:21:07] 桂林米粉比较好吃: 这个nota被niko鞭开窍了👍
[2026-02-22 00:21:07] 让风告诉你h: 这个nota被niko鞭开窍了👍
[2026-02-22 00:21:07] 述二ER: 这个nota被niko鞭开窍了👍
[2026-02-22 00:21:07] 一条悦动的咸鱼: 这个nota被niko鞭开窍了👍
[2026-02-22 00:21:08] 鹿公爷: @怒之拳：就鞭尸就鞭尸，弹幕犬急死了
[2026-02-22 00:21:08] Axion0808: 这个nota被niko鞭开窍了👍
[2026-02-22 00:21:08] 枫溪南封: 　　　 这个nota被niko鞭开窍了👍
[2026-02-22 00:21:08] Haytham梓: 这个nota被niko鞭开窍了👍
[2026-02-22 00:21:08] LuIuSweety: 　　　 这个nota被niko鞭开窍了👍
[2026-02-22 00:21:08] 用户3489665055: 这个nota被niko鞭开窍了👍
[2026-02-22 00:21:09] OMGblake:   这个nota被niko鞭开窍了👍
[2026-02-22 00:21:09] 萨格拉斯好恩人麦迪文: @刘亦博（钻粉群）：如果碰到那种玩数字梗，谐音梗直接攻击我家人的，麻烦各位帮我封一下吧🤝
[2026-02-22 00:21:09] 吃烧烤得吃烤茄子: 又进警察局
[2026-02-22 00:21:09] 吳彥祖爱你哟: 这个nota被niko鞭开窍了👍
[2026-02-22 00:21:09] 其名爱丽丝: 这个nota被niko鞭开窍了👍
[2026-02-22 00:21:09] ArZhe阿哲: 怎么不哦啊😰
[2026-02-22 00:21:10] 靈夢的塞钱箱: 这个nota被niko鞭开窍了👍
[2026-02-22 00:21:10] 战术萝卜: 全知全能
[2026-02-22 00:21:10] 失去了才会珍惜649: 这个nota被niko鞭开窍了👍
[2026-02-22 00:21:10] y叶上初阳h: 这个nota被niko鞭开窍了👍
[2026-02-22 00:21:10] Cloud9的咬人猫本人: 6657版本更新公告：【zywoo play】将被替换为【niko play】
[2026-02-22 00:21:10] 锂汁lizhi: 这个nota被niko鞭开窍了👍
[2026-02-22 00:21:11] dark1337: 全知全能
[2026-02-22 00:21:11] 外偶: 100t被黏住加时了有人管管吗
[2026-02-22 00:21:11] zwcccr: 这个nota被niko鞭开窍了👍
[2026-02-22 00:21:11] 地狱骑士杉浦绫乃本人: 这个nota被niko鞭开窍了👍
[2026-02-22 00:21:11] 辰宿盈昃: 这个nota被niko鞭开窍了👍
[2026-02-22 00:21:11] xuzVan: 这个nota被niko鞭开窍了👍
[2026-02-22 00:21:12] 卖二货的小蘑菇: 这个nota被niko鞭开窍了👍
[2026-02-22 00:21:12] 刘刘的农: 这个nota被niko鞭开窍了👍
[2026-02-22 00:21:12] kfjyfkvgj: 这个nota被niko鞭开窍了👍
[2026-02-22 00:21:12] everch0sen: 这个nota被niko鞭开窍了👍
[2026-02-22 00:21:13] xyxxyzbbdzq: 全知全能
[2026-02-22 00:21:13] GreatOld0ne: 这个nota被niko鞭开窍了👍
[2026-02-22 00:21:13] 麦当劳的藤田琴音本人: 上帝视角
[2026-02-22 00:21:13] 八神丿男人: 　　　 这个nota被niko鞭开窍了👍
[2026-02-22 00:21:13] IIIIIIIIIIIIIIIIIIIIIIlllll: 可是尼尼也没有major冠军啊🥺🥺
[2026-02-22 00:21:14] 沈雨读: 这个nota被niko鞭开窍了👍
[2026-02-22 00:21:14] 最后一舞之一舞再舞: 这个nota被niko鞭开窍了👍
[2026-02-22 00:21:14] S1ecret: 这个nota被niko鞭开窍了👍
[2026-02-22 00:21:15] 千古恨轮回尝061: 尼已急哭
[2026-02-22 00:21:15] 含泪办卡: 这他敢出去摸的 该他赢
[2026-02-22 00:21:15] kkyon: 碗橱以为只能拿下一图是毒奶bb，其实是毒奶100t
[2026-02-22 00:21:15] 先特戴动后特: 机器，nota和niko谁先拿major
[2026-02-22 00:21:15] 天堂也寂寞1992: ？？？
[2026-02-22 00:21:15] 听说改名能中奖是八: 快意，詹皇要战！看硬，詹皇英姿！
[2026-02-22 00:21:16] 沐川椰子: 这个nota被niko鞭开窍了👍
[2026-02-22 00:21:16] 大姜饼:   这个nota被niko鞭开窍了👍
[2026-02-22 00:21:16] VDVCI的迪米特里本人: 这个nota被niko鞭开窍了👍
[2026-02-22 00:21:16] 机器机器祝你天天开心: ？？？
[2026-02-22 00:21:16] 愿良辰美景: 全知全能
[2026-02-22 00:21:17] 我知道的一点也不多: 这个nota被niko鞭开窍了👍
[2026-02-22 00:21:17] xyxxyzbbdzq: ？
[2026-02-22 00:21:17] greexeen: 上帝
[2026-02-22 00:21:17] 姚粒绒: ？
[2026-02-22 00:21:17] 好哥们黑龙歼灭刀: 可是尼尼也没有major冠军啊🥺🥺
[2026-02-22 00:21:17] 血樱幽世: 上帝!
[2026-02-22 00:21:17] 杨了个羊羊杨: pv夺冠了有感觉吗
[2026-02-22 00:21:18] 着着着着糕: 快
[2026-02-22 00:21:18] y666t666y666: @外偶：100t被黏住加时了有人管管吗
[2026-02-22 00:21:18] jamesfaith23: 这个nota被niko鞭开窍了👍
[2026-02-22 00:21:18] 鱼鱼jr呢:     这个nota被niko鞭开窍了👍
[2026-02-22 00:21:18] 玉米卧槽: 这个nota被niko鞭开窍了👍
[2026-02-22 00:21:18] 夺云丶: 这个nota被niko鞭开窍了👍
[2026-02-22 00:21:18] 龍仔ww: 全知全能
[2026-02-22 00:21:18] Ralmnstr: 这个nota被niko鞭开窍了👍
[2026-02-22 00:21:18] 番薯Zywoo: 爽！😎这才叫比赛！😋👍🏻爽！😎这才叫比赛！😋👍🏻
[2026-02-22 00:21:19] 小肥羊0574: ？？
[2026-02-22 00:21:19] 好姐们谷爱凌: 这个nota被niko鞭开窍了👍
[2026-02-22 00:21:19] 玩南梁丶阿斯托尔福: 詹皇
[2026-02-22 00:21:19] wantrue: 　　　 这个nota被niko鞭开窍了👍
[2026-02-22 00:21:19] 与沫与婷: 机器，nota要比niko先拿major了，有感觉吗？
[2026-02-22 00:21:19] xyxxyzbbdzq: 快
[2026-02-22 00:21:19] 到鱼一观: ？？？
[2026-02-22 00:21:20] 凝视深渊丶玩叽叽: 全知全能
[2026-02-22 00:21:20] suo不粗话: 老詹我靠
[2026-02-22 00:21:20] 一条悦动的咸鱼: 这个nota被niko鞭开窍了👍
[2026-02-22 00:21:20] 早安丿章鱼哥: 老詹
[2026-02-22 00:21:20] 正经猪头肉: 上帝
[2026-02-22 00:21:20] Blank8M: 这个nota被niko鞭开窍了👍
[2026-02-22 00:21:20] 听说改名能中奖是八: 快意，詹皇要战！看硬，詹皇英姿！快意，詹皇要战！看硬，詹皇英姿！！！
[2026-02-22 00:21:20] 橘子味儿小baby: 神了
[2026-02-22 00:21:21] 李小小与虾大大: 你们怎么知道0.4W人不能发言了，真心求教🥺
[2026-02-22 00:21:21] Falcons十天老粉: 这个nota被niko鞭开窍了👍
[2026-02-22 00:21:21] 蓝原延渚: kuai
[2026-02-22 00:21:21] 玩登山丶嘟嘟嘟嘟嘟嘟: 这个nota被niko鞭开窍了👍
[2026-02-22 00:21:21] 吃烧烤得吃烤茄子: 别杀了 詹姆
[2026-02-22 00:21:21] 用户5608006019: 全知全能
[2026-02-22 00:21:21] 无刺有刺乐队的486本人: 这个nota被niko鞭开窍了👍
[2026-02-22 00:21:21] 怒之拳: 这个nota被niko鞭开窍了👍
[2026-02-22 00:21:22] TTak11: …
[2026-02-22 00:21:22] 好姐妹疯穿箱子: 这个nota被niko鞭开窍了👍
[2026-02-22 00:21:22] 怪诞狂人: 都不用回
[2026-02-22 00:21:22] 一条悦动的咸鱼: 这个nota被niko鞭开窍了👍
[2026-02-22 00:21:22] Killajoy: 无敌了上帝
[2026-02-22 00:21:22] 人活着就是为了玩乐队: 快意，詹皇要战！看硬，詹皇英姿！
[2026-02-22 00:21:22] 喜欢素素: 快
[2026-02-22 00:21:22] 钟意你好多年: 还有细节吗
[2026-02-22 00:21:23] 六星近卫丰川祥子: 上帝
[2026-02-22 00:21:23] Vitality的羽贺文乃本人: 不是在钻粉群发的，哪来的云√
[2026-02-22 00:21:23] 杰氏子: 这个nota被niko鞭开窍了👍
[2026-02-22 00:21:23] 听说改名能中奖是八: 快意，詹皇要战！看硬，詹皇英姿！快意，詹皇要战！看硬，詹皇英姿！！！！
[2026-02-22 00:21:23] 玩斯特出出6657: 这个nota被niko鞭开窍了👍
[2026-02-22 00:21:23] BenArtist: 这个nota被niko鞭开窍了👍
[2026-02-22 00:21:23] 得闲饮茶gg:   这个nota被niko鞭开窍了👍
[2026-02-22 00:21:23] Gyr0Zeppe1in: 这个nota被niko鞭开窍了👍
[2026-02-22 00:21:24] 每天简单: 1
[2026-02-22 00:21:24] 楓鈴饱饱: 詹皇
[2026-02-22 00:21:24] 机器机器祝你天天开心: 神了
[2026-02-22 00:21:24] 徐永永: 拿下了
[2026-02-22 00:21:24] al9527: 上帝
[2026-02-22 00:21:24] 尼古拉刘亦博: 全知全能
[2026-02-22 00:21:25] 我知道的一点也不多: 哈哈哈哈哈哈
[2026-02-22 00:21:25] 丶小恐龙丶: 詹皇赢战
[2026-02-22 00:21:25] y666t666y666: 100t被黏住加时了有人管管吗
[2026-02-22 00:21:25] 我真的不是硝子: 上帝
[2026-02-22 00:21:25] 我是一个医保卡: 詹皇
[2026-02-22 00:21:25] wendon123: niko指挥的
[2026-02-22 00:21:26] 用户2262650671: 这个nota被niko鞭开窍了👍
[2026-02-22 00:21:26] 听说改名能中奖是八: 快意，詹皇要战！看硬，詹皇英姿！快意，詹皇要战！看硬，詹皇英姿！快意，詹皇要战！看硬，詹皇英姿！
[2026-02-22 00:21:26] 驕傲的少年丶: 上帝降临！
[2026-02-22 00:21:26] 爆爆爆开爆: 这个nota被niko鞭开窍了👍
[2026-02-22 00:21:26] Paaanda丶: 上帝
[2026-02-22 00:21:26] 疯狂的蓝月亮i: 这个nota被niko鞭开窍了👍
[2026-02-22 00:21:26] 用户7123010964: 这个nota被niko鞭开窍了👍
[2026-02-22 00:21:26] 每天都被穷醒: 全知全能
[2026-02-22 00:21:26] 澄猫: 全知全能
[2026-02-22 00:21:27] 冷淡ld: 这个nota被niko鞭开窍了👍
[2026-02-22 00:21:27] 小坏蛋毛毛: 这个nota被niko鞭开窍了👍
[2026-02-22 00:21:27] Error404UMP45: 上帝!
[2026-02-22 00:21:27] 劉膿dewasu: 快意，詹皇要战！看硬，詹皇英姿！快意，詹皇要战！看硬，詹皇英姿！！！！
[2026-02-22 00:21:27] 热心好邻居: 这个nota被niko鞭开窍了👍
[2026-02-22 00:21:28] 我的主人近藤千彩: 快
[2026-02-22 00:21:28] xOcOg: 目前大东指挥12回合，设备指挥13回合，大东指挥设备送13次，设备指挥大东杀12个
[2026-02-22 00:21:28] 池影落落影: 3个
[2026-02-22 00:21:28] 李欢要早睡i: pv夺冠了有感觉吗
[2026-02-22 00:21:28] 迷人的钾靶: 这个nota被niko鞭开窍了👍
[2026-02-22 00:21:28] StellarEchoes: 刷了半年的zywoo play冰粉没蹦出来，今年换成niko play别应激哈
[2026-02-22 00:21:29] y666t666y666: 100t被黏住加时了有人管管吗
[2026-02-22 00:21:29] 快乐啃蹄蹄: 这个nota被niko鞭开窍了👍
[2026-02-22 00:21:29] sssllgaibs: 这能忍住不盲狙的
[2026-02-22 00:21:29] 是小兔呀i: BYE BYE MOUZ
[2026-02-22 00:21:29] 不是很懂怎么取名: 这个nota被niko鞭开窍了👍
[2026-02-22 00:21:29] 长舟z: 无敌了上帝
[2026-02-22 00:21:30] simonblass: 这个nota被niko鞭开窍了👍
[2026-02-22 00:21:30] Tim1cc: s1mple play
[2026-02-22 00:21:30] 六星近卫丰川祥子: 快意，詹皇要战！看硬，詹皇英姿！快意，詹皇要战！看硬，詹皇英姿！！！
[2026-02-22 00:21:30] bb051: 这个nota被niko鞭开窍了👍
[2026-02-22 00:21:30] Abc丶Ss: 这个nota被niko鞭开窍了👍
[2026-02-22 00:21:30] N1coZer4: 恨
[2026-02-22 00:21:30] Mirrow丶: 牛逼
[2026-02-22 00:21:30] A队的m0rtis本人: 全知全能
[2026-02-22 00:21:30] supperpigi: BYE BYE MOUZ
[2026-02-22 00:21:31] 君士坦丁真: 机器，nota要比niko先拿major了，有感觉吗？
[2026-02-22 00:21:31] 我们喔喔喔: 这个nota被niko鞭开窍了👍
[2026-02-22 00:21:31] RocketTheRaccoon: 100t被黏住加时了有人管管吗
[2026-02-22 00:21:31] Afuuuua: 全知全能
[2026-02-22 00:21:31] drooo1: 这个nota被niko鞭开窍了👍
[2026-02-22 00:21:32] 林有为丶: 快意，詹皇要战！看硬，詹皇英姿！快意，詹皇要战！看硬，詹皇英姿！快意，詹皇要战！看硬，詹皇英姿！
[2026-02-22 00:21:32] 用户9921747043: 感觉没有图三了
[2026-02-22 00:21:32] Cloud9的咬人猫本人: 6657版本更新公告：【zywoo play】将被替换为【niko play】
[2026-02-22 00:21:33] 游荡恶鬼灬: 这个nota被niko鞭开窍了👍
[2026-02-22 00:21:33] 龍仔ww: 快意，詹皇要战！看硬，詹皇英姿！快意，詹皇要战！看硬，詹皇英姿！！！！
[2026-02-22 00:21:33] 用户5081690328: 这个nota被niko鞭开窍了👍
[2026-02-22 00:21:33] 米米世界之神: 这个nota被niko鞭开窍了👍
[2026-02-22 00:21:33] 青椒土豆丶: 詹皇
[2026-02-22 00:21:33] Moe1e: 鞭通任督二脉了
[2026-02-22 00:21:34] 如如493: 这个Niko被nota偷evp了👍🏻
[2026-02-22 00:21:34] 听说改名能中奖是八: 快意，詹皇要战！看硬，詹皇英姿！快意，詹皇要战！看硬，詹皇英姿！！！
[2026-02-22 00:21:34] 玩机器是我霸: @nota：#查询NIKO2026年冠军数量
[2026-02-22 00:21:34] yechen512: 老鼠被解读完了啊
[2026-02-22 00:21:34] 出现又离开s: BYE BYE MOUZ
[2026-02-22 00:21:34] 辰宿盈昃: 难道你想一辈子做朋友？听罢，汉娜闭上眼，任由雪莉的希罗如同诺亚般落在自己的艾玛上
[2026-02-22 00:21:34] 小马快出的我快出来了: 发送他们房子了吗
[2026-02-22 00:21:34] vongwu: 上帝想要mvp了
[2026-02-22 00:21:35] 阿炮阿阿阿: byebye mouz
[2026-02-22 00:21:35] Pluto571526: 这个nota被niko鞭开窍了👍
[2026-02-22 00:21:35] 火爆浪子zz: 再见了，🐭小弟
[2026-02-22 00:21:35] 冰镇豆浆Zzzz: 老詹今年确实猛
[2026-02-22 00:21:35] 鸟儿在头顶把森林叫醒: 无敌了上帝
[2026-02-22 00:21:35] HCS118: 杀完面无表情
[2026-02-22 00:21:36] myGo的anon: 上帝
[2026-02-22 00:21:36] 可爱女初中生: 这个nota被niko鞭开窍了👍
[2026-02-22 00:21:36] 玩登山丶嘟嘟嘟嘟嘟嘟: 快意，詹皇要战！看硬，詹皇英姿！快意，詹皇要战！看硬，詹皇英姿！！！
[2026-02-22 00:21:36] 小蜜蜂的长期素食本人: 100t被黏住加时了有人管管吗
[2026-02-22 00:21:36] 来碗豆腐啊新一: 快意，詹皇要战！看硬，詹皇英姿！快意，詹皇要战！看硬，詹皇英姿！！！
[2026-02-22 00:21:37] 听说改名能中奖是八: 快意，詹皇要战！看硬，詹皇英姿！快意，詹皇要战！看硬，詹皇英姿！！！！
[2026-02-22 00:21:37] 1ntroverT: 这个nota被niko鞭开窍了👍
[2026-02-22 00:21:37] Kiritass: 目前大东指挥12回合，设备指挥13回合，大东指挥设备送13次，设备指挥大东杀12个
[2026-02-22 00:21:37] 轻伤酱: 快意，詹皇要战！看硬，詹皇英姿！
[2026-02-22 00:21:37] 人活着就是为了玩乐队: 这个nota被niko鞭开窍了👍
[2026-02-22 00:21:38] 秋夜凭窗听风雨: 快意，詹皇要战！看硬，詹皇英姿！快意，詹皇要战！看硬，詹皇英姿！！！
[2026-02-22 00:21:38] 大力别顶苟哥号: 发送他们房子
[2026-02-22 00:21:38] 古堡12枪战神: send them home🏠
[2026-02-22 00:21:38] 混蛋的阿猫阿狗: 这个nota被niko鞭开窍了👍
[2026-02-22 00:21:38] 千古恨轮回尝061: come on你詹你詹🦍来野🦍 王牌要狂野🦍🦍
[2026-02-22 00:21:39] 麻辣头鱼丝: 这个nota被niko鞭开窍了👍
[2026-02-22 00:21:39] 圣诞节二人组: 这个nota被niko夺舍了👍🏻
[2026-02-22 00:21:39] 米米世界之神: 6657版本更新公告：【zywoo play】将被替换为【niko play】
[2026-02-22 00:21:39] 番薯Zywoo: 刷了半年的zywoo play冰粉没蹦出来，今年换成niko play别应激哈
[2026-02-22 00:21:39] 宇宙第一麻瓜: 这个Niko被nota偷evp了👍🏻
[2026-02-22 00:21:39] 四川zywo0: @nota：#查询NIKO2026年冠军数量
[2026-02-22 00:21:39] 丢丢的夜精灵: 宝蓝:战术没问题兄弟们上帝发力了下把继续
[2026-02-22 00:21:40] 足音: 快意，詹皇要战！看硬，詹皇英姿！
[2026-02-22 00:21:40] 听说改名能中奖是八: 快意，詹皇要战！看硬，詹皇英姿！！！
[2026-02-22 00:21:41] 愿良辰美景: 快意，詹皇要战！看硬，詹皇英姿！快意，詹皇要战！看硬，詹皇英姿！！！
[2026-02-22 00:21:41] 网友小顺饱饱: 这个nota被niko鞭开窍了👍
[2026-02-22 00:21:41] GreatOld0ne: 这个nota被niko鞭开窍了👍
[2026-02-22 00:21:41] 沈雨读: 目前大东指挥12回合，设备指挥13回合，大东指挥设备送13次，设备指挥大东杀12个
[2026-02-22 00:21:42] 辰宿盈昃: 快意，詹皇要战！看硬，詹皇英姿！快意，詹皇要战！看硬，詹皇英姿！！！
[2026-02-22 00:21:42] 三上四下: zywoo play
[2026-02-22 00:21:42] hansanboi: 快意，詹皇要战！看硬，詹皇英姿！快意，詹皇要战！看硬，詹皇英姿！！！
[2026-02-22 00:21:42] 皮里恩丶: 快意，詹皇要战！看硬，詹皇英姿！快意，詹皇要战！看硬，詹皇英姿！快意，詹皇要战！看硬，詹皇英姿！
[2026-02-22 00:21:42] 小小小的楼: 还有枪法
[2026-02-22 00:21:42] cimo0O0o: 玩神就像厕所，你来这拉嫌臭，殊不知越拉玩神越高兴
[2026-02-22 00:21:43] Vitality的羽贺文乃本人: @nota：#查询NIKO2026年冠军数量
[2026-02-22 00:21:43] 早安丿章鱼哥: 叭叭叭叭
[2026-02-22 00:21:43] 听说改名能中奖是八: 快意，詹皇要战！看硬，詹皇英姿！！！！！！
[2026-02-22 00:21:43] 鲜血与暗影铸造的家伙: 还有瞬狙
[2026-02-22 00:21:43] 还是上半场分拿多了: 机器，nota要比niko先拿major了，有感觉吗？
[2026-02-22 00:21:43] 命运叫我去战斗: 再见老鼠
[2026-02-22 00:21:43] 蓝鲸少年与小巷: send them home🏠
[2026-02-22 00:21:44] 长安不惑丶: 再见了，🐭小弟
[2026-02-22 00:21:44] 无7441158: come on你詹你詹🦍来野🦍 王牌要狂野🦍🦍
[2026-02-22 00:21:44] Xlin09: 快意，詹皇要战！看硬，詹皇英姿！快意，詹皇要战！看硬，詹皇英姿！！！
[2026-02-22 00:21:44] 远坂凛的过膝袜小皮靴: 机器你少吹点jame吧，前段时间有个解说说不要过度神话jame的指挥
[2026-02-22 00:21:44] 怪诞狂人: 没闪干拉啊？
[2026-02-22 00:21:44] 一不小心丶就丶: niko指挥的
[2026-02-22 00:21:44] 赣榆峰: 快意，詹皇要战！看硬，詹皇英姿！快意，詹皇要战！看硬，詹皇英姿！！！
[2026-02-22 00:21:44] J4ckaLove: BYE BYE MOUZ
[2026-02-22 00:21:45] 先特戴动后特: 机器，你觉得nota和niko谁先拿major
[2026-02-22 00:21:45] 阿秀2525: 载物play
[2026-02-22 00:21:45] 不万能文学青年: 我说6657是汤二分钱有兄弟懂吗😋
[2026-02-22 00:21:45] 犭火夕卜其斤: come on你詹你詹🦍来野🦍 王牌要狂野🦍🦍
[2026-02-22 00:21:46] Hubb2E: 6657版本更新公告：【zywoo play】将被替换为【niko play】
[2026-02-22 00:21:46] 甲哥李哥我先溜了: 快意，詹皇要战！看硬，詹皇英姿！快意，詹皇要战！看硬，詹皇英姿！！！
[2026-02-22 00:21:46] 艺术冰霜: come on你詹你詹🦍来野🦍 王牌要狂野🦍🦍
[2026-02-22 00:21:46] ArZhe阿哲: 可能是愤怒管理太好了
[2026-02-22 00:21:46] 白毛neguno: BYE BYE MOUZ
[2026-02-22 00:21:46] 小空速: 快意，詹皇要战！看硬，詹皇英姿！快意，詹皇要战！看硬，詹皇英姿！！！
[2026-02-22 00:21:46] 我看起来像慢半拍: 快意，詹皇要战！看硬，詹皇英姿！快意，詹皇要战！看硬，詹皇英姿！！！
[2026-02-22 00:21:47] 求奶经济研究二审不过: 难道你想一辈子做朋友？听罢，汉娜闭上眼，任由雪莉的希罗如同诺亚般落在自己的艾玛上
[2026-02-22 00:21:47] 玩机器的内部托们: 快意，詹皇要战！看硬，詹皇英姿！快意，詹皇要战！看硬，詹皇英姿！！！
[2026-02-22 00:21:47] 未酲儿: 快意，詹皇要战！看硬，詹皇英姿！
[2026-02-22 00:21:47] 用户5431385679: 抓娃娃
[2026-02-22 00:21:47] kalaokl: 冷知识：nota赏金赛发挥也很好
[2026-02-22 00:21:47] BleksiA: 宝蓝:战术没问题兄弟们上帝发力了下把继续
[2026-02-22 00:21:47] 凝视深渊丶玩叽叽: 快意，詹皇要战！看硬，詹皇英姿！
[2026-02-22 00:21:47] 夜芽z: 上帝要抢mvp了！
[2026-02-22 00:21:50] 博丽灵感菇: 𝓢𝓑 𝓦𝓙𝓠𝓜𝓐𝓒𝓗𝓘𝓝𝓔
[2026-02-22 00:21:50] 人活着就是为了玩乐队: 目前大东指挥12回合，设备指挥13回合，大东指挥设备送13次，设备指挥大东杀1
[2026-02-22 00:21:50] 快乐啃蹄蹄: 快意，詹皇要战！看硬，詹皇英姿！快意，詹皇要战！看硬，詹皇英姿！！！
[2026-02-22 00:21:50] koctaa: come on你詹你詹🦍来野🦍 王牌要狂野🦍🦍
[2026-02-22 00:21:50] 是小兔呀i: 快也 詹皇勇战
[2026-02-22 00:21:50] C0ncerto: @nota：#查询NIKO2026年冠军数量
[2026-02-22 00:21:50] 行云C1oud: 快意，詹皇要战！看硬，詹皇英姿！快意，詹皇要战！看硬，詹皇英姿！！！
[2026-02-22 00:21:50] 耀西吃板栗QAQ: 太强了詹姆
[2026-02-22 00:21:50] znnoy: 请注意，倒车💻👀🐷❓❗请注意，倒车💻👀🐷❓❗请注意，倒车💻👀🐷❓❗
[2026-02-22 00:21:50] 游荡恶鬼灬: 你詹你詹来野🦍你詹你詹来野🦍你詹你詹来野🦍你詹你詹来野🦍
[2026-02-22 00:21:50] 骄骄爱吃糖: 快意，詹皇要战！看硬，詹皇英姿！！！！！！
[2026-02-22 00:21:50] 喜欢吃生菜: 还有人品
[2026-02-22 00:21:50] wuyanblabla: 快意，詹皇要战！看硬，詹皇英姿！快意，詹皇要战！看硬，詹皇英姿！！！
[2026-02-22 00:21:50] Mathew__: ？
[2026-02-22 00:21:50] 匿名柠檬cccc: 而且jame现在好激进啊
[2026-02-22 00:21:50] 好姐妹清道夫: 目前大东指挥12回合，设备指挥13回合，大东指挥设备送13次，设备指挥大东杀12个
[2026-02-22 00:21:50] N1Ko28: 这种指挥狙，VP直接踢了？
[2026-02-22 00:21:50] 汤还是老的浓: 这个Niko被nota偷evp了👍🏻
[2026-02-22 00:21:50] 苏2333333: 快意！詹皇硬战！快意！詹皇硬战！快意！詹皇硬战！快意！詹皇硬战！
[2026-02-22 00:21:50] IIIIIIIIIIIIIIIIIIIIIIlllll: niko指挥的
[2026-02-22 00:21:50] MyGo的tomorin本人: 机器你少吹点jame吧，前段时间有个解说说不要过度神话jame的指挥
[2026-02-22 00:21:50] MuY1z: 6657版本更新公告：【zywoo play】将被替换为【niko play】
[2026-02-22 00:21:51] 丶小恐龙丶: 快意，詹皇要战！看硬，詹皇英姿！！！
[2026-02-22 00:21:51] 没有真名233: 6657版本更新公告：【zywoo play】将被替换为【niko play】
[2026-02-22 00:21:51] 心安理得的时候: 全知全能
[2026-02-22 00:21:51] Altolier: 6657版本更新公告：【zywoo play】将被替换为【niko play】
[2026-02-22 00:21:51] 283的铃木羽那本人: 快意，詹皇要战！看硬，詹皇英姿！快意，詹皇要战！看硬，詹皇英姿！！！
[2026-02-22 00:21:51] znnoy: 请注意，倒车💻👀🐷❓❗请注意，倒车💻👀🐷❓❗请注意，倒车💻👀🐷❓❗
[2026-02-22 00:21:51] 李知恩lynt: 6657版本更新公告：【zywoo play】将被替换为【niko play】
[2026-02-22 00:21:51] 千早唐阿诺: 快意，詹皇要战！看硬，詹皇英姿！快意，詹皇要战！看硬，詹皇英姿！！！
[2026-02-22 00:21:51] 博乐白: 再见了，🐭小弟
[2026-02-22 00:21:51] Mixory: 宝蓝:战术没问题兄弟们上帝发力了下把继续
[2026-02-22 00:21:52] 玩跳丹jampegg: @niko：🦐🌭👅🐷
[2026-02-22 00:21:52] sssllgaibs: 太吊了JAME
[2026-02-22 00:21:52] Mouz的X9本人: ？？？
[2026-02-22 00:21:52] kkyon: 老詹今年梦回2020了
[2026-02-22 00:21:52] yinyao1231: 爆
[2026-02-22 00:21:52] 用户53477423: 看硬，詹皇英姿
[2026-02-22 00:21:52] 橘子味儿小baby: 6657版本更新公告：【zywoo play】将被替换为【niko play】
[2026-02-22 00:21:53] 杨了个羊羊杨: 詹皇夺冠了有感觉吗
[2026-02-22 00:21:53] 李老八和冯雪娟: 快意，詹皇要战！看硬，詹皇英姿！快意，詹皇要战！看硬，詹皇英姿！！！
[2026-02-22 00:21:53] 我在天台卖跳伞: @nota：#查询NIKO2026年冠军数量
[2026-02-22 00:21:53] 不知名贝斯手: 快意，詹皇要战！看硬，詹皇英姿！快意，詹皇要战！看硬，詹皇英姿！！！
[2026-02-22 00:21:53] Cloud9的咬人猫本人: @nota：#查询NIKO 2025+2026年冠军数量
[2026-02-22 00:21:53] 好哥们黑龙歼灭刀: @nota：#查询NIKO2026年冠军数量
[2026-02-22 00:21:54] yieeeeeee: 上帝也太屌了
[2026-02-22 00:21:54] znnoy: 请注意，倒车💻👀🐷❓❗请注意，倒车💻👀🐷❓❗请注意，倒车💻👀🐷❓❗
[2026-02-22 00:21:54] 绫哩真宵: 　　　 come on你詹你詹🦍来野🦍 王牌要狂野🦍🦍
[2026-02-22 00:21:54] 龍仔ww: 这战场千百热血詹士，一路向前飞驰，捍卫世界的勇士
[2026-02-22 00:21:54] 玩火炉丶Stove: 快意，詹皇要战！看硬，詹皇英姿！
[2026-02-22 00:21:54] 人活着就是为了玩乐队: 快意，詹皇要战！看硬，詹皇英姿！快意，詹皇要战！看硬，詹皇英姿！！！
[2026-02-22 00:21:54] 兄弟你找错对手了啊: come on你詹你詹🦍来野🦍 王牌要狂野🦍🦍
[2026-02-22 00:21:54] C0C00N: 这个詹姆被孩孩刀开窍了👍👍👍
[2026-02-22 00:21:54] 烈酒作伴000: come on你詹你詹🦍来野🦍 王牌要狂野🦍🦍
[2026-02-22 00:21:55] otakull39: 快意，詹皇要战！看硬，詹皇英姿！
[2026-02-22 00:21:55] 中X千早爱音: 可能是愤怒管理太好了
[2026-02-22 00:21:55] IIIIIIIIIIIIIIIIIIIIIIlllll: 𝓢𝓑 𝓦𝓙𝓠𝓜𝓐𝓒𝓗𝓘𝓝𝓔
[2026-02-22 00:21:56] 肥美西兰花: 快意，詹皇要战！看硬，詹皇英姿！快意，詹皇要战！看硬，詹皇英姿！！！
[2026-02-22 00:21:56] 战术萝卜: 再见了，🐭小弟
[2026-02-22 00:21:56] 白皇的三千院Nagi本人: @molodoy：这能忍住不盲狙的
[2026-02-22 00:21:56] 森林与雁: 再见了，🐭小弟
[2026-02-22 00:21:56] dedeorg: 还有人品
[2026-02-22 00:21:56] DEN1AL: 快意，詹皇要战！看硬，詹皇英姿！
[2026-02-22 00:21:56] 好姐妹志琦桦音desuwa: come on你詹你詹🦍来野🦍 王牌要狂野🦍🦍
[2026-02-22 00:21:56] 太阳神之翼神龙球体形: 上帝要抢mvp了！
[2026-02-22 00:21:57] 含泪办卡: 这种指挥狙，VP直接踢了？
[2026-02-22 00:21:57] 千古恨轮回尝061: come on你詹你詹🦍来野🦍 王牌要狂野🦍🦍
[2026-02-22 00:21:57] supperpigi: 可能是愤怒管理太好了
[2026-02-22 00:21:57] 听说改名能中奖是八: 快意，詹皇要战！看硬，詹皇英姿！快意，詹皇要战！看硬，詹皇英姿！
[2026-02-22 00:21:57] 牟平鲁尼: jame：把小蜜蜂叫来！我让你把小蜜蜂叫来！
[2026-02-22 00:21:58] 我没P眼123: 这种指挥狙，VP直接踢了？
[2026-02-22 00:21:58] 谁谁谁我是谁: 快意，詹皇要战！看硬，詹皇英姿！！！
[2026-02-22 00:21:58] 好哥们张顺飞: 6657版本更新公告：【zywoo play】将被替换为【niko play】
[2026-02-22 00:21:58] 冷淡ld: @nota：#查询NIKO2026年冠军数量
[2026-02-22 00:21:58] 绝食十年攒爱top3飞机: 快意，詹皇要战！看硬，詹皇英姿！快意，詹皇要战！看硬，詹皇英姿！！！
[2026-02-22 00:21:58] 空17369:  @没有真名233：6657版本更新公告：【zywoo play】将被替换为【niko play】
[2026-02-22 00:21:58] 靠某人: 粘母神了！
[2026-02-22 00:21:58] 海绵宝宝dinner: 快意，詹皇要战！看硬，詹皇英姿！快意，詹皇要战！看硬，詹皇英姿！！！
[2026-02-22 00:21:59] 三年级的高町奈叶本人: 6657版本更新公告：【zywoo play】将被替换为【niko play】
[2026-02-22 00:21:59] 与沫与婷: 快意，詹皇要战！看硬，詹皇英姿！快意，詹皇要战！看硬，詹皇英姿！！！
[2026-02-22 00:21:59] 好姐们-爱尔奎特: 6657版本更新公告：【zywoo play】将被替换为【niko play】
[2026-02-22 00:21:59] A队的佐佐木李子本人: 快意，詹皇要战！看硬，詹皇英姿！快意，詹皇要战！看硬，詹皇英姿！！！
[2026-02-22 00:21:59] 载物的大大大狙: niko怎么就没遇上这样好的指挥呢
[2026-02-22 00:21:59] Neurotoxinw: 詹皇夺冠了有感觉吗
[2026-02-22 00:22:00] Rainwedell: @nota：#查询NIKO2026年冠军数量
[2026-02-22 00:22:00] 微笑代替一切: 这种指挥狙，VP直接踢了？
[2026-02-22 00:22:00] 一不小心丶就丶: donk：哦牛批还有这种指挥的
[2026-02-22 00:22:00] 洛卡不是菜狗: 终于有人也开透视去决赛对抗载物了。。。。
[2026-02-22 00:22:00] GodLiuzz: 还有人品
[2026-02-22 00:22:00] OneLastKiss丶: 快意，詹皇要战！看硬，詹皇英姿！
[2026-02-22 00:22:00] 妥丸: 快意，詹皇要战！看硬，詹皇英姿！快意，詹皇要战！看硬，詹皇英姿！！！
[2026-02-22 00:22:00] 千古恨轮回尝061: come on你詹你詹🦍来野🦍 王牌要狂野🦍🦍
[2026-02-22 00:22:01] 涼風涼風涼: 可能是愤怒管理太好了
[2026-02-22 00:22:01] 生涯现役1111: vp：上帝回来吧
[2026-02-22 00:22:01] 浸润、: 这个詹姆被孩孩刀开窍了👍👍👍
[2026-02-22 00:22:01] 南宁的EASON本人: 这种指挥狙，VP直接踢了？
[2026-02-22 00:22:01] 乌龍玛奇朵: 快意，詹皇要战！看硬，詹皇英姿！快意，詹皇要战！看硬，詹皇英姿！
[2026-02-22 00:22:01] 好哥们黑龙歼灭刀: 快意，詹皇要战！看硬，詹皇英姿！快意，詹皇要战！看硬，詹皇英姿！！！
[2026-02-22 00:22:02] 玉米卧槽: @molodoy：这能忍住不盲狙的
[2026-02-22 00:22:02] 葛孚雷: 快意，詹皇要战！看硬，詹皇英姿！快意，詹皇要战！看硬，詹皇英姿！！！
[2026-02-22 00:22:02] 皇家单骑: 快意，詹皇要战！看硬，詹皇英姿！！！
[2026-02-22 00:22:02] komeijiP1: 𝓢𝓑 𝓦𝓙𝓠𝓜𝓐𝓒𝓗𝓘𝓝𝓔
[2026-02-22 00:22:02] Kunwz: @nota：原来是为了给我传授香蕉道经验吗？哈基虾，你这家伙
[2026-02-22 00:22:02] 人活着就是为了玩乐队: come on你詹你詹🦍来野🦍 王牌要狂野🦍🦍
[2026-02-22 00:22:02] 烎摩尔托市: come on你詹你詹🦍来野🦍 王牌要狂野🦍🦍
[2026-02-22 00:22:03] AveMujica的渡濑结月本人: 快意，詹皇要战！看硬，詹皇英姿！快意，詹皇要战！看硬，詹皇英姿！！！
[2026-02-22 00:22:03] Error404UMP45: 詹皇夺冠了有感觉吗
[2026-02-22 00:22:03] 梓川不是辛川: 快意，詹皇要战！看硬，詹皇英姿！
[2026-02-22 00:22:03] 额滴神呀: 本质软脚虾
[2026-02-22 00:22:03] YESTWO: 感觉不是4a，以詹皇的性格不会这么re
[2026-02-22 00:22:04] 熊本小孩井芹仁菜本人: come on你詹你詹🦍来野🦍 王牌要狂野🦍🦍
[2026-02-22 00:22:04] 浮生丶Eason: 快意，詹皇要战！看硬，詹皇英姿！快意，詹皇要战！看硬，詹皇英姿！！！
[2026-02-22 00:22:04] 多次婉拒Angelababy: 🫸ʘiʘ🫷 🫸ʘiʘ🫷 🫸ʘiʘ🫷
[2026-02-22 00:22:04] ahhhhhhhhhhhhhhhhhhh: 这种指挥VP居然踢了
[2026-02-22 00:22:04] 骄骄爱吃糖: come on你詹你詹🦍来野🦍 王牌要狂野🦍🦍
[2026-02-22 00:22:04] zx0810: 快意，詹皇要战！看硬，詹皇英姿！
[2026-02-22 00:22:04] 房同学19554: 快意，詹皇要战！看硬，詹皇英姿！快意，詹皇要战！看硬，詹皇英姿！！！
[2026-02-22 00:22:04] 雾满楼丶春雨添瓦绿: major冠军的含金量
[2026-02-22 00:22:05] br0O0O: 快意，詹皇要战！看硬，詹皇英姿！快意，詹皇要战！看硬，詹皇英姿！！！
[2026-02-22 00:22:05] 长舟z: jame：把小蜜蜂叫来！我让你把小蜜蜂叫来！
[2026-02-22 00:22:05] 太阳神之翼神龙球体形: 6657版本更新公告：【zywoo play】将被替换为【niko play】
[2026-02-22 00:22:05] 血樱幽世: VP在哪发财呢?
[2026-02-22 00:22:06] 玩78Machine: come on你詹你詹🦍来野🦍 王牌要狂野🦍🦍
[2026-02-22 00:22:06] 大笨蛋2333: 快意，詹皇要战！看硬，詹皇英姿！快意，詹皇要战！看硬，詹皇英姿！！！
[2026-02-22 00:22:06] Copyboro: 小蜜蜂危险了阿
[2026-02-22 00:22:06] JULLLLYYYY: 快意，詹皇要战！看硬，詹皇英姿！快意，詹皇要战！看硬，詹皇英姿！
[2026-02-22 00:22:06] 林有为丶: 6657版本更新公告：【zywoo play】将被替换为【niko play】
[2026-02-22 00:22:06] 载物的大大大狙: niko怎么就没遇上这样好的指挥呢
[2026-02-22 00:22:07] 独孤残梦小梦: 上帝又想偷Niko的EVP了
[2026-02-22 00:22:07] 这下洗不清咯: 老鼠还没纯e过，一直在起
[2026-02-22 00:22:07] LokiAka: jame：把小蜜蜂叫来！我让你把小蜜蜂叫来！
[2026-02-22 00:22:07] 凝视深渊丶玩叽叽: 这种指挥狙，VP直接踢了？
[2026-02-22 00:22:07] 海绵宝宝dinner: 快意，詹皇要战！看硬，詹皇英姿！快意，詹皇要战！看硬，詹皇英姿！！！
[2026-02-22 00:22:08] 逃离灰色地带: 快意，詹皇要战！看硬，詹皇英姿！快意，詹皇要战！看硬，詹皇英姿！！！
[2026-02-22 00:22:08] Endlesscycle729: 快意，詹皇要战！看硬，詹皇英姿！快意，詹皇要战！看硬，詹皇英姿！！！
[2026-02-22 00:22:08] 晨风凌云21146: come 你詹你詹来野🦍
[2026-02-22 00:22:08] 玩公式丶Formula: 今天这个詹姆，作为指挥100分，作为狙击手也100分啊
[2026-02-22 00:22:09] 猫猫土著: 这pv这么强感觉猎鹰危险了啊
[2026-02-22 00:22:09] 驕傲的少年丶: 6657版本更新公告：【zywoo play】将被替换为【niko play】
[2026-02-22 00:22:09] aruiketto: 终于有人也开透视去决赛对抗载物了。。。。
[2026-02-22 00:22:10] 夜语星归: ；
[2026-02-22 00:22:10] 鹿公爷: @nota：#查询NIKO2026年冠军数量
[2026-02-22 00:22:10] 香甜三明治的皮燕: 快意，詹皇要战！看硬，詹皇英姿！
[2026-02-22 00:22:10] 我知道的一点也不多: 这种指挥VP居然踢了
[2026-02-22 00:22:11] 绝食十年攒爱top3飞机: 快意，詹皇要战！看硬，詹皇英姿！快意，詹皇要战！看硬，詹皇英姿！！！
[2026-02-22 00:22:11] 空白Zzz丶: @没有真名233：6657版本更新公告：【zywoo play】将被替换为【niko play】
[2026-02-22 00:22:11] 老人星的优秀素质本人: come on你詹你詹🦍来野🦍 王牌要狂野🦍🦍
[2026-02-22 00:22:11] Collapsar00123: 感觉不是4a，以詹皇的性格不会这么re
[2026-02-22 00:22:11] 妈妈妈妈妈呀: 这TM就是MVP指挥狙的含金量啊！
[2026-02-22 00:22:11] Kakakallen: 快意，詹皇要战！看硬，詹皇英姿！快意，詹皇要战！看硬，詹皇英姿！！！
[2026-02-22 00:22:11] Rainwedell: niko怎么就没遇上这样好的指挥呢
[2026-02-22 00:22:11] 玩机器是cs第一解说: 快意，詹皇要战！看硬，詹皇英姿！快意，詹皇要战！看硬，詹皇英姿！
[2026-02-22 00:22:11] kjhhjki: 快意，詹皇要战！看硬，詹皇英姿！快意，詹皇要战！看硬，詹皇英姿！！！
[2026-02-22 00:22:11] xyxxyzbbdzq: 快意，詹皇要战！看硬，詹皇英姿！快意，詹皇要战！看硬，詹皇英姿！！！
[2026-02-22 00:22:12] y叶上初阳h: @nota：#查询NIKO2026年冠军数量
[2026-02-22 00:22:12] BleksiA: 终于有人也开透视去决赛对抗载物了。。。。
[2026-02-22 00:22:12] 先特戴动后特: 刚毅！詹皇硬战！刚毅！詹皇硬战！刚毅！詹皇硬战！刚毅！詹皇硬战！刚毅！詹
[2026-02-22 00:22:12] 夺云丶: niko怎么就没遇上这样好的指挥呢
[2026-02-22 00:22:12] everch0sen: 这个詹姆被孩孩刀开窍了👍👍👍
[2026-02-22 00:22:12] 什么罐头我说男人: 这个詹姆被孩孩刀开窍了👍👍👍
[2026-02-22 00:22:12] 龍仔ww: 这战场千百热血詹士，一路向前飞驰，捍卫世界的勇士
[2026-02-22 00:22:12] 法则的Twistzz本人: 6657版本更新公告：【zywoo play】将被替换为【niko play】
[2026-02-22 00:22:12] ccxrgt: 快意，詹皇要战！看硬，詹皇英姿！
[2026-02-22 00:22:13] 永远不爽永远死: 🫸ʘiʘ🫷 🫸ʘiʘ🫷 🫸ʘiʘ🫷
[2026-02-22 00:22:13] 鱼鱼jr呢: come on你詹你詹🦍来野🦍 王牌要狂野🦍🦍
[2026-02-22 00:22:13] 太行山积雪: come 你詹你詹来野🦍
[2026-02-22 00:22:13] Blank8M: niko太坏了偷了nota mvp 还要编人家….
[2026-02-22 00:22:13] i夏目蓝: come on你詹你詹🦍来野🦍 王牌要狂野🦍🦍
[2026-02-22 00:22:14] 小红豆后援部部长: 终于有人也开透视去决赛对抗载物了。。。。
[2026-02-22 00:22:14] 人活着就是为了玩乐队: 快意，詹皇要战！看硬，詹皇英姿！快意，詹皇要战！看硬，詹皇英姿！！！
[2026-02-22 00:22:14] 我不听的灬: 快意，詹皇要战！看硬，詹皇英姿！快意，詹皇要战！看硬，詹皇英姿！！！
[2026-02-22 00:22:14] TTak11: …
[2026-02-22 00:22:14] 狂野皮几儿很哒: come on你詹你詹🦍来野🦍 王牌要狂野🦍🦍
[2026-02-22 00:22:14] 辅助不算挂: 快意，詹皇要战！看硬，詹皇英姿！快意，詹皇要战！看硬，詹皇英姿！！！
[2026-02-22 00:22:14] 假小子是对的: come on你詹你詹🦍来野🦍 王牌要狂野🦍🦍
[2026-02-22 00:22:15] 无礼之人: 开窍了
[2026-02-22 00:22:15] 蓝裙子蓝书包: 6657版本更新公告：【zywoo play】将被替换为【niko play】
[2026-02-22 00:22:15] 夺云丶: @nota：#查询NIKO2026年冠军数量
[2026-02-22 00:22:15] 好哥们黑龙歼灭刀: 电棍粉丝 还有玩机器的高能提纯小众结晶宝藏粉丝 你们再发一条弹幕 你们的主子就少活一天！
[2026-02-22 00:22:15] 幽谷响子: 感觉100t要复刻墨尔本之夜了啊
[2026-02-22 00:22:16] 锦书难托1109: 感觉这个赛事老尼还能偷个evp啊。。。
[2026-02-22 00:22:16] 283的铃木羽那本人: 抗鹰，詹皇有招！
[2026-02-22 00:22:16] 叫我额隆Alone就好了: 快意，詹皇要战！看硬，詹皇英姿！快意，詹皇要战！看硬，詹皇英姿！！！
[2026-02-22 00:22:16] Ceeee丶: 冷知识：VP把这种当时25岁指挥狙踢了
[2026-02-22 00:22:16] 洛卡不是菜狗: 老鼠只是不想去决赛面对载物。。
[2026-02-22 00:22:17] 桁98774: @🗿：就没有人关注这场冉冉升起的三位科研新星吗
[2026-02-22 00:22:17] 浅色的调色板: come on你詹你詹🦍来野🦍 王牌要狂野🦍🦍
[2026-02-22 00:22:17] NiP的Dev1Ce本人: 6657版本更新公告：【zywoo play】将被替换为【niko play】
[2026-02-22 00:22:18] 玩公式丶Formula: 快意，詹皇要战！看硬，詹皇英姿！快意，詹皇要战！看硬，詹皇英姿！！！
[2026-02-22 00:22:18] 我将从不: 快意，詹皇要战！看硬，詹皇英姿！快意，詹皇要战！看硬，詹皇英姿！！！
[2026-02-22 00:22:18] -无街之城: come on你詹你詹🦍来野🦍 王牌要狂野🦍🦍
[2026-02-22 00:22:18] 羽化尘i: pv这状态感觉猎鹰危险了
[2026-02-22 00:22:18] 林北遥Linby: 终于有人也开透视去决赛对抗载物了。。。。
[2026-02-22 00:22:19] 唯剑听风吟灬: 詹母还是需要韦斯特来带走啊
[2026-02-22 00:22:19] 锦书难托1109: 感觉这个赛事老尼还能偷个evp啊。。。
[2026-02-22 00:22:19] 香港分社记者: 终于有人也开透视去决赛对抗载物了。。。。
[2026-02-22 00:22:19] 不主动不拒绝不负责: 6657版本更新公告：【zywoo play】将被替换为【niko play】
[2026-02-22 00:22:19] Wangzap: 抓娃娃查看活动＞
[2026-02-22 00:22:19] Hissgle: @nota：#查询NIKO2026年冠军数量
[2026-02-22 00:22:19] 鈤漫痴: Niko应该多补两刀的，这坏人还是没死透
[2026-02-22 00:22:20] 怒之拳: 这TM就是MVP指挥狙的含金量啊！
[2026-02-22 00:22:20] 夏夜初起雨: 终于有人也开透视去决赛对抗载物了。。。。
[2026-02-22 00:22:20] 我又同意了: 　　　 @🗿：就没有人关注这场冉冉升起的三位科研新星吗
[2026-02-22 00:22:21] stonezyx: 来成都就老实了
[2026-02-22 00:22:21] 我知道的一点也不多: niko怎么就没遇上这样好的指挥呢
[2026-02-22 00:22:21] 银睿憨: come on你詹你詹🦍来野🦍 王牌要狂野🦍🦍
[2026-02-22 00:22:21] xuzVan: 这个詹姆被孩孩刀开窍了👍👍👍
[2026-02-22 00:22:21] ayugd: @没有真名233：6657版本更新公告：【zywoo play】将被替换为【niko play】
[2026-02-22 00:22:21] 凝视深渊丶玩叽叽: niko怎么就没遇上这样好的指挥呢
[2026-02-22 00:22:21] 友利奈绪我老婆d: 终于有人也开透视去决赛对抗载物了。。。。
[2026-02-22 00:22:21] 玩跳丹jampegg: 感觉nota又要偷niko evp了呀
[2026-02-22 00:22:21] 风74139: 6657版本更新公告：【zywoo play】将被替换为【niko play】
[2026-02-22 00:22:21] AA337sdjl: 6657版本更新公告：【zywoo play】将被替换为【niko play】
[2026-02-22 00:22:22] 观战位买房: 快意，詹皇要战！看硬，詹皇英姿！快意，詹皇要战！看硬，詹皇英姿！！！
[2026-02-22 00:22:22] 晓雨亦云: 感觉小蜜蜂危险了呀
[2026-02-22 00:22:22] 车车火火: @🗿：就没有人关注这场冉冉升起的三位科研新星吗
[2026-02-22 00:22:22] xOcOg: 设备：孩子，累了想下播就索敌攻击你监爹的弹幕，想净化弹幕环境就看看我的比赛
[2026-02-22 00:22:22] 北辰男神666: 6657版本更新公告：【zywoo play】将被替换为【niko play】
[2026-02-22 00:22:22] 丶丶Ken丶丶: niko怎么就没遇上这样好的指挥呢
[2026-02-22 00:22:22] 绚辻小小词: 老鼠这个首选小镇真的太给机会了
[2026-02-22 00:22:23] 古堡12枪战神: 　　　 6657版本更新公告：【zywoo play】将被替换为【niko play】
[2026-02-22 00:22:23] 小空速: 快意，詹皇要战！看硬，詹皇英姿！快意，詹皇要战！看硬，詹皇英姿！！！
[2026-02-22 00:22:23] 东南市民小墨: 冷知识：VP把这种当时25岁指挥狙踢了
[2026-02-22 00:22:23] jc没睡醒的小熊: 感觉这个赛事老尼还能偷个evp啊。。。
[2026-02-22 00:22:23] 玩78Machine:  @蓝裙子蓝书包：6657版本更新公告：【zywoo play】将被替换为【niko play】
[2026-02-22 00:22:24] pqe10: @molodoy：这能忍住不盲狙的
[2026-02-22 00:22:24] 卡啊卡卡丶: 感觉这个赛事老尼还能偷个evp啊。。。
[2026-02-22 00:22:25] 白皇的三千院Nagi本人: 终于有人也开透视去决赛对抗载物了。。。。
[2026-02-22 00:22:25] 南派倒斗丶rhe帝: 6657版本更新公告：【zywoo play】将被替换为【niko play】
[2026-02-22 00:22:25] 锦书难托1109: 感觉这个赛事老尼还能偷个evp啊。。。
[2026-02-22 00:22:25] 夺云丶: 感觉nota又要偷niko evp了呀
[2026-02-22 00:22:25] 小恩的小然: 快意，詹皇要战！看硬，詹皇英姿！快意，詹皇要战！看硬，詹皇英姿！！！
[2026-02-22 00:22:25] 观战位买房: come on你詹你詹🦍来野🦍 王牌要狂野🦍🦍
[2026-02-22 00:22:26] Wangzap: 抓娃娃查看活动＞
[2026-02-22 00:22:26] 橘子味儿小baby: 感觉这个赛事老尼还能偷个evp啊。。。
[2026-02-22 00:22:26] 白毛neguno: come on你詹你詹🦍来野🦍 王牌要狂野🦍🦍
[2026-02-22 00:22:26] myGo的anon: 6657版本更新公告：【zywoo play】将被替换为【niko play】
[2026-02-22 00:22:27] 千古恨轮回尝061: come on你詹你詹🦍来野🦍 王牌要狂野🦍🦍
[2026-02-22 00:22:27] LvvsiN: 弹幕也就网上说说，现实里谁不觉得樱姐是好女孩（删括号领一条远坂凛同款鸟笼）
[2026-02-22 00:22:27] 草飞飞飞ff: 　　　 @🗿：就没有人关注这场冉冉升起的三位科研新星吗
[2026-02-22 00:22:27] 得闲饮茶gg: @没有真名233：6657版本更新公告：【zywoo play】将被替换为【niko play】
[2026-02-22 00:22:27] Richien: 隔壁加时了
[2026-02-22 00:22:27] 好听的昵称508: 6657版本更新公告：【zywoo play】将被替换为【niko play】
[2026-02-22 00:22:28] 先特戴动后特: 6657版本更新公告：【zywoo play】将被替换为【niko play】
[2026-02-22 00:22:28] 是小兔呀i: 嘘 仔细看 好像有人在研发
[2026-02-22 00:22:28] 圣诞节二人组: 　　　 @🗿：就没有人关注这场冉冉升起的三位科研新星吗
[2026-02-22 00:22:28] arsQaQ: 快意，詹皇要战！看硬，詹皇英姿！快意，詹皇要战！看硬，詹皇英姿！！！
[2026-02-22 00:22:28] 吃烧烤得吃烤茄子: 但是昨天pv也是被嘘的
[2026-02-22 00:22:28] supperpigi: @🗿：就没有人关注这场冉冉升起的三位科研新星吗
[2026-02-22 00:22:28] 缪斯的南小鸟本人: 6657版本更新公告：【zywoo play】将被替换为【niko play】
[2026-02-22 00:22:28] 用户5608006019: 冷知识：VP把这种当时25岁指挥狙踢了
[2026-02-22 00:22:28] 内江战神蒋林川: 6657版本更新公告：【zywoo play】将被替换为【niko play】
[2026-02-22 00:22:28] eda778: 老鼠真的没指望了
[2026-02-22 00:22:29] 德鲁四叔: 　　　 6657版本更新公告：【zywoo play】将被替换为【niko play】
[2026-02-22 00:22:29] kalaokl: 感觉这个赛事老尼还能偷个evp啊。。。
[2026-02-22 00:22:29] 不变的追求717: 感觉这个赛事老尼还能偷个evp啊。。。
[2026-02-22 00:22:29] sarbest: come on你詹你詹🦍来野🦍 王牌要狂野🦍🦍
[2026-02-22 00:22:29] Resol98446:     6657版本更新公告：【zywoo play】将被替换为【niko play】
[2026-02-22 00:22:30] 天心罚: 上帝归来吗
[2026-02-22 00:22:30] 锂汁lizhi: 终于有人也开透视去决赛对抗载物了。。。。
[2026-02-22 00:22:30] 祝愿Donk天天开心: 感觉小蜜蜂危险了呀
[2026-02-22 00:22:30] 哦哦哦哦哦hide: 6657版本更新公告：【zywoo play】将被替换为【niko play】
[2026-02-22 00:22:30] 载物的大大大狙: niko怎么就没遇上这样好的指挥呢
[2026-02-22 00:22:30] Vitality的羽贺文乃本人: 终于有人也开透视去决赛对抗载物了。。。。
[2026-02-22 00:22:30] gandalfr614: 6657版本更新公告：【zywoo play】将被替换为【niko play】
[2026-02-22 00:22:31] aaab8b1: 感觉这个赛事老尼还能偷个evp啊。。。
[2026-02-22 00:22:31] 何必迷恋红尘: 6657版本更新公告：【zywoo play】将被替换为【niko play】
[2026-02-22 00:22:31] greexeen:     @🗿：就没有人关注这场冉冉升起的三位科研新星吗
[2026-02-22 00:22:31] 我吃柠檬树: 冷知识：VP把这种当时25岁指挥狙踢了
[2026-02-22 00:22:31] 面对乐观把: come on你詹你詹🦍来野🦍 王牌要狂野🦍🦍
[2026-02-22 00:22:31] 好哥们黑龙歼灭刀: 6657版本更新公告：【zywoo play】将被替换为【niko play】
[2026-02-22 00:22:31] 二线犯困人士: flc play
[2026-02-22 00:22:32] 游荡恶鬼灬: 感觉这个赛事老尼还能偷个evp啊。。。
[2026-02-22 00:22:32] 逗b乐double: come on你詹你詹🦍来野🦍 王牌要狂野🦍🦍
[2026-02-22 00:22:32] A队的佐佐木李子本人: 回不了家啊，还有季军赛
[2026-02-22 00:22:32] 尼古拉刘亦博: @jks:老鼠喊一声哥帮你们给jame断线😎😎
[2026-02-22 00:22:32] 超强无敌敌敌畏: [菜就多练]
[2026-02-22 00:22:32] 小马利亚暮光闪闪本人: 感觉小蜜蜂危险了呀
[2026-02-22 00:22:33] xjdnshxjdka:     @🗿：就没有人关注这场冉冉升起的三位科研新星吗
[2026-02-22 00:22:33] znnoy: 🗿：学会研发之前要先学会做人，今天冒着在直播间毕业的风险给大家上最后一课！玩÷你个冰清玉洁的东西！
[2026-02-22 00:22:33] 我的主人近藤千彩: @没有真名233：6657版本更新公告：【zywoo play】将被替换为【niko play】
[2026-02-22 00:22:33] emmmm452: 6657版本更新公告：【zywoo play】将被替换为【niko play】
[2026-02-22 00:22:33] 11tEo: niko怎么就没遇上这样好的指挥呢
[2026-02-22 00:22:33] TheMongolZ的上单本人: come on你詹你詹🦍来野🦍 王牌要狂野🦍🦍
[2026-02-22 00:22:33] valorant玩机器: 感觉这个赛事老尼还能偷个evp啊。。。
[2026-02-22 00:22:34] YEKINDAR: @🗿：就没有人关注这场冉冉升起的三位科研新星吗
[2026-02-22 00:22:34] 渡亡神雅睿欧斯: 6657版本更新公告：【zywoo play】将被替换为【niko play】
[2026-02-22 00:22:34] 机器机器祝你天天开心: 又重新定义猎鹰强度了
[2026-02-22 00:22:34] i化石-: 机器不好了快去见你爸爸最后一面吧
[2026-02-22 00:22:34] Happy金老师: 砌墙派观众
[2026-02-22 00:22:34] Ralmnstr: 快意，詹皇要战！看硬，詹皇英姿！快意，詹皇要战！看硬，詹皇英姿！！！
[2026-02-22 00:22:35] 玩登山丶嘟嘟嘟嘟嘟嘟:     @🗿：就没有人关注这场冉冉升起的三位科研新星吗
[2026-02-22 00:22:35] 柴狗突击手: @没有真名233：6657版本更新公告：【zywoo play】将被替换为【niko play】
[2026-02-22 00:22:35] Evelexl: come on你詹你詹🦍来野🦍 王牌要狂野🦍🦍
[2026-02-22 00:22:35] 叫狗大鸡咚叮: 6657版本更新公告：【zywoo play】将被替换为【niko play】
[2026-02-22 00:22:35] 6657Bullys1mple: 6657版本更新公告：【zywoo play】将被替换为【niko play】
[2026-02-22 00:22:35] 梦的星: vp在哪发财啊🤭
[2026-02-22 00:22:35] 鸟儿在头顶把森林叫醒: 嘘 仔细看 好像有人在研发
[2026-02-22 00:22:36] 龍仔ww: come on你詹你詹🦍来野🦍 王牌要狂野🦍🦍
[2026-02-22 00:22:36] 灰之魔女Elaina: 6657版本更新公告：【zywoo play】将被替换为【niko play】
[2026-02-22 00:22:36] 酒店团购: 6657版本更新公告：【zywoo play】将被替换为【niko play】
[2026-02-22 00:22:36] 用户0047597799: come on你詹你詹🦍来野🦍 王牌要狂野🦍🦍
[2026-02-22 00:22:36] 夺云丶: 感觉这个赛事老尼还能偷个evp啊。。。
[2026-02-22 00:22:37] Senzu的羊: 6657版本更新公告：【zywoo play】将被替换为【niko play】
[2026-02-22 00:22:37] 白鹿天行: 猎鹰复活赛几点开？
[2026-02-22 00:22:37] 玩大人的小吉吉: 终于有人也开透视去决赛对抗载物了。。。。
[2026-02-22 00:22:37] Yon1e: come on你詹你詹🦍来野🦍 王牌要狂野🦍🦍
[2026-02-22 00:22:37] everch0sen: 这个詹姆被孩孩刀开窍了👍👍👍
[2026-02-22 00:22:37] 冲泉冲泉: 这个詹姆被鹰粉哦开窍了👍
[2026-02-22 00:22:38] 半个盛唐c: come on你詹你詹🦍来野🦍 王牌要狂野🦍🦍
[2026-02-22 00:22:38] 玩弓箭、Arrow: 终于有人也开透视去决赛对抗载物了。。。。
[2026-02-22 00:22:38] 麦当劳的藤田琴音本人: 啊！IM！
[2026-02-22 00:22:38] 小昊的yimon阿爱发烧: 感觉这个赛事老尼还能偷个evp啊。。。
[2026-02-22 00:22:38] 水色Ooz: 当年点子哥 怎么宫的詹姆？？？
[2026-02-22 00:22:38] A队的佐佐木李子本人: 感觉这个赛事老尼还能偷个evp啊。。。
[2026-02-22 00:22:38] 到鱼一观: come on你詹你詹🦍来野🦍 王牌要狂野🦍🦍
[2026-02-22 00:22:38] 喜欢素素: pv
[2026-02-22 00:22:38] 丶小恐龙丶: 感觉这个赛事老尼还能偷个evp啊。。。
[2026-02-22 00:22:39] 王子瑞嘴嘴: 姜鱼烩
[2026-02-22 00:22:39] 零北鸢: 无人在意的角落老鼠开始研发了
[2026-02-22 00:22:39] 華之君: 又重新定义猎鹰强度了
[2026-02-22 00:22:39] 小恩的小然:     @🗿：就没有人关注这场冉冉升起的三位科研新星吗
[2026-02-22 00:22:39] 先特戴动后特: 6657版本更新公告：【zywoo play】将被替换为【niko play】
[2026-02-22 00:22:40] 6657的芥末本人: 6657版本更新公告：【zywoo play】将被替换为【niko play】
[2026-02-22 00:22:40] znnoy: 🗿：学会研发之前要先学会做人，今天冒着在直播间毕业的风险给大家上最后一课！玩÷你个冰清玉洁的东西！
[2026-02-22 00:22:40] 鸟儿在头顶把森林叫醒: 玩机器，你现在逆转风评和停止节奏的唯一办法就是把《颂乐人偶》后6集看完
[2026-02-22 00:22:40] 从零开始的加拿大肄业: 感觉这个赛事老尼还能偷个evp啊。。。
[2026-02-22 00:22:40] 柑橘树的柑橘树本人: 6657版本更新公告：【zywoo play】将被替换为【niko play】
[2026-02-22 00:22:41] lllellle: niko怎么就没遇上这样好的指挥呢
[2026-02-22 00:22:41] fpx丶: @没有真名233：6657版本更新公告：【zywoo play】将被替换为【niko play】
[2026-02-22 00:22:41] Altolier: 感觉这个赛事老尼还能偷个evp啊。。。
[2026-02-22 00:22:42] THEFOOL9527: come on你詹你詹🦍来野🦍 王牌要狂野🦍🦍
[2026-02-22 00:22:42] 黑桃卆子:     @🗿：就没有人关注这场冉冉升起的三位科研新星吗
[2026-02-22 00:22:42] 我在浙江改稻为桑: 又重新定义猎鹰强度了
[2026-02-22 00:22:42] c6lviN:     @🗿：就没有人关注这场冉冉升起的三位科研新星吗
[2026-02-22 00:22:42] 44ss4: come on你詹你詹🦍来野🦍 王牌要狂野🦍🦍
[2026-02-22 00:22:42] 沉默喵: 观众真记仇呀，但对面是毛子呀
[2026-02-22 00:22:42] 独见青山不见雾:     @🗿：就没有人关注这场冉冉升起的三位科研新星吗
[2026-02-22 00:22:42] 浅筱浅: come on你詹你詹🦍来野🦍 王牌要狂野🦍🦍
[2026-02-22 00:22:42] 千古恨轮回尝061: come on你詹你詹🦍来野🦍 王牌要狂野🦍🦍
[2026-02-22 00:22:43] 用户81433118: 冷知识：VP把这种当时25岁指挥狙踢了
[2026-02-22 00:22:43] 叫我小帅哥就好了: 观众喊的啥
[2026-02-22 00:22:43] 卡啊卡卡丶: 这个詹姆被孩孩刀开窍了👍👍👍
[2026-02-22 00:22:43] 丶丶Ken丶丶: come on你詹你詹🦍来野🦍 王牌要狂野🦍🦍
[2026-02-22 00:22:43] 冷淡ld: @🗿：就没有人关注这场冉冉升起的三位科研新星吗
[2026-02-22 00:22:43] 用户5608006019: @🗿：就没有人关注这场冉冉升起的三位科研新星吗
[2026-02-22 00:22:44] 澄猫: 终于有人也开透视去决赛对抗载物了。。。。
[2026-02-22 00:22:44] 100t的浓汤宝本人: 又重新定义猎鹰强度了
[2026-02-22 00:22:44] 记忆的旋律sss: send them home
[2026-02-22 00:22:44] 裂缝之翼: 6657版本更新公告：【zywoo play】将被替换为【niko play】
[2026-02-22 00:22:44] 我在天台卖跳伞:     @🗿：就没有人关注这场冉冉升起的三位科研新星吗
[2026-02-22 00:22:44] 从零开始的加拿大肄业: 感觉这个赛事老尼还能偷个evp啊。。。
[2026-02-22 00:22:45] 我的打法类似yekindar: 6657版本更新公告：【zywoo play】将被替换为【niko play】
[2026-02-22 00:22:45] 想玩corn707:     @🗿：就没有人关注这场冉冉升起的三位科研新星吗
[2026-02-22 00:22:45] 浮华殆尽且听忧伤: pa！ri！vi！sion！
[2026-02-22 00:22:45] 洛陽城里看落陽: 感觉哲伟去见大哲伟了啊
[2026-02-22 00:22:45] 詹詹塔塔Major冠军:     @🗿：就没有人关注这场冉冉升起的三位科研新星吗
[2026-02-22 00:22:45] 企鹅物流安全屋: 　　　 6657版本更新公告：【zywoo play】将被替换为【niko play】
[2026-02-22 00:22:45] 最喜欢清光: 6657版本更新公告：【zywoo play】将被替换为【niko play】
[2026-02-22 00:22:45] Ayu824: @没有真名233：6657版本更新公告：【zywoo play】将被替换为【niko play】
[2026-02-22 00:22:45] 小昊的yimon阿爱发烧: 6657版本更新公告：【zywoo play】将被替换为【niko play】
[2026-02-22 00:22:46] Falcons唯一胜者MVP: 不是老鼠自己选的图二吗
[2026-02-22 00:22:46] 千早爱音的大雷: come on你詹你詹🦍来野🦍 王牌要狂野🦍🦍
[2026-02-22 00:22:46] 冲泉冲泉: 这个詹姆被鹰粉哦开窍了👍
[2026-02-22 00:22:47] 小心超人、: 6657版本更新公告：【zywoo play】将被替换为【niko play】
[2026-02-22 00:22:47] Cloud9的咬人猫本人: @nota：#查询NIKO2026年冠军数量
[2026-02-22 00:22:47] 一百丅的dev1ce:     @🗿：就没有人关注这场冉冉升起的三位科研新星吗
[2026-02-22 00:22:47] 内江战神蒋林川: 感觉这个赛事老尼还能偷个evp啊。。。
[2026-02-22 00:22:47] 述二ER:     @🗿：就没有人关注这场冉冉升起的三位科研新星吗
[2026-02-22 00:22:47] 只打瘸子那条腿: 素质差就素质差
[2026-02-22 00:22:48] 洪敬言: 勒布朗来了🦍🏀🦍🏀🦍🏀🦍🏀🦍🏀🦍🏀🦍🏀🦍
[2026-02-22 00:22:48] 疯不觉的管钳:     @🗿：就没有人关注这场冉冉升起的三位科研新星吗
[2026-02-22 00:22:48] y叶上初阳h: 这个詹姆被孩孩刀开窍了👍👍👍
[2026-02-22 00:22:48] 青二的羊宫妃那本人: @fpx丶：@没有真名233：6657版本更新公告：【zywoo play】将被替换为【niko p
[2026-02-22 00:22:48] 卡啊卡卡丶: 6657版本更新公告：【zywoo play】将被替换为【niko play】
[2026-02-22 00:22:48] 井上坚二22: 鹰美今日训练：阅读氪颜帖子五十条，点赞尼孩集锦两百个，发文控诉玩机器二十篇，人身攻击载物到力竭
[2026-02-22 00:22:48] 早安丿章鱼哥: 猎鹰季军赛什么时候开
[2026-02-22 00:22:49] 叫啥不是名:     @🗿：就没有人关注这场冉冉升起的三位科研新星吗
[2026-02-22 00:22:49] 冲泉冲泉: 这个詹姆被鹰粉哦开窍了👍这个詹姆被鹰粉哦开窍了👍
[2026-02-22 00:22:49] 最爱玩宝宝惹: 6657版本更新公告：【zywoo play】将被替换为【niko play】
[2026-02-22 00:22:49] 枫哥的乔碧萝殿下: 🗿：学会研发之前要先学会做人，今天冒着在直播间毕业的风险给大家上最后一课！玩÷你个冰清玉洁的东西！
[2026-02-22 00:22:49] 鸟儿在头顶把森林叫醒: 　　　 6657版本更新公告：【zywoo play】将被替换为【niko play】
[2026-02-22 00:22:49] 宫监手: niko怎么就没遇上这样好的指挥呢
[2026-02-22 00:22:50] 我只是个npc12138: niko遇不到这种指挥的 因为ct是他自己指挥
[2026-02-22 00:22:50] 炒鸡无敌终极翻皮水: @🗿：就没有人关注这场冉冉升起的三位科研新星吗
[2026-02-22 00:22:50] Rainwedell: 6657版本更新公告：【zywoo play】将被替换为【niko play】
