# room_id=6979222 host=玩机器丶Machine title=小众宝藏结晶直播 live_time= fetch_time=2026-02-21 23:45:46
[2026-02-22 00:01:36] myGo的anon: siren（活人）
[2026-02-22 00:01:36] kalaokl: 潘宏♥玩狗
[2026-02-22 00:01:36] 椛椛椛月夜: 戴眼罩玩游戏这么装比？
[2026-02-22 00:01:36] 玩指挥丶NiKo: 汤汤也戴眼罩
[2026-02-22 00:01:36] 小肉包喷香: 世一秃——艺术冰霜
[2026-02-22 00:01:36] LoveUsube: 功利奶
[2026-02-22 00:01:36] 玉米卧槽: 戴眼罩也能黑啊。。。nb
[2026-02-22 00:01:36] Jellery无终: 设备冷暴力雨神
[2026-02-22 00:01:36] 大虾徐lo: 带个瞎子还能拿4分 nb…
[2026-02-22 00:01:36] 啊楼主啊: 不考
[2026-02-22 00:01:37] Art3miss: 功利奶
[2026-02-22 00:01:37] 古堡12枪战神: 他为什么蒙着眼睛玩
[2026-02-22 00:01:37] 夏空喵: 功利奶
[2026-02-22 00:01:37] 演员黄轩丶: 机器，怎么鼠也在100T?
[2026-02-22 00:01:37] 走走道儿疯了: 功利奶不可取
[2026-02-22 00:01:37] 玩火炉丶Stove: 戴眼罩玩游戏这么装比？
[2026-02-22 00:01:38] 璃月七星的刻晴本人: 战术目镜不戴眼睛上啊
[2026-02-22 00:01:38] 丰川祥子单推人: 功利奶
[2026-02-22 00:01:38] 用户0991380310: 不考
[2026-02-22 00:01:38] KZG的Oliveira本人: 不考
[2026-02-22 00:01:38] 森电最好的双子星: 帅
[2026-02-22 00:01:39] Mouz的X9本人: 功利奶
[2026-02-22 00:01:39] 绿龙的身体狗本人666: 戴眼罩玩游戏这么装比？ 抓娃娃查看活动〉
[2026-02-22 00:01:39] ihoo侗萌首席联络官: 帅
[2026-02-22 00:01:39] 玩斯特出出6657: 怀念最好的五个人：活人（死人）活人（死人）活人（死人）活人（死人）死人（活人）
[2026-02-22 00:01:39] 特务图丶: 收到
[2026-02-22 00:01:39] 白皇的三千院Nagi本人: 闭着眼还能玩...nb...
[2026-02-22 00:01:39] Shap1st: 汤汤也戴眼罩
[2026-02-22 00:01:39] 哦斯特哦哦: 功利奶
[2026-02-22 00:01:40] 李小小与虾大大: 反奶也赢不了
[2026-02-22 00:01:40] 风追XD: 戴眼罩玩游戏这么装比？
[2026-02-22 00:01:40] 逍遥的F: 戴眼罩玩游戏这么装比？
[2026-02-22 00:01:40] 唐纳德瓦伦泰: 不敢想象100个thief能偷到什么冠军
[2026-02-22 00:01:40] 白河日和: 功利奶
[2026-02-22 00:01:40] 挪威退休老头寻求返聘: 功利奶
[2026-02-22 00:01:41] 命运叫我去战斗: 这怎么长得跟鼠一样，还是老鼠的爷爷
[2026-02-22 00:01:41] TangibleDreams: 功利奶
[2026-02-22 00:01:41] 爷直接青回: 老汤来了
[2026-02-22 00:01:41] Ikaros132: 不考
[2026-02-22 00:01:41] 驴子别路边了: 感觉猎鹰科隆major危险了啊
[2026-02-22 00:01:42] dev1ce拖累了A队太久: 再这么喷下去，怕是播不到一年了🥺🥺🥺
[2026-02-22 00:01:42] 香港分社记者: 设备冷暴力雨神
[2026-02-22 00:01:42] 朝霧MisTy: 戴眼罩玩游戏这么装比？
[2026-02-22 00:01:42] M4xWi11: 不敢想象100个thief能偷到什么冠军
[2026-02-22 00:01:42] Vovxx: 暴雨能赢
[2026-02-22 00:01:42] Ecifircas: 戴眼罩玩游戏这么装比？
[2026-02-22 00:01:43] 心软成疾: 帅！
[2026-02-22 00:01:43] HostageKIA: 戴眼罩玩游戏这么装比？
[2026-02-22 00:01:43] 房同学19554: 潘宏♥玩狗
[2026-02-22 00:01:43] 压味: 功利奶
[2026-02-22 00:01:44] 用户53477423: 不考
[2026-02-22 00:01:44] RyeHS: 抓娃娃
[2026-02-22 00:01:44] 没有故事的Pluto: 感觉玩玩强颜欢笑了啊
[2026-02-22 00:01:44] 请叫我咔咔呀: 老霸道了
[2026-02-22 00:01:44] LvvsiN: 其实碗橱就是猪灵，你不拿黄金丢他他就不跟你说话
[2026-02-22 00:01:45] 玩火炉丶Stove: 戴眼罩玩游戏这么装比？
[2026-02-22 00:01:45] 安大的孙昊本人: 功利奶不可取
[2026-02-22 00:01:45] Chasethem: 帅
[2026-02-22 00:01:45] 100Tdev1ce: 老汤现在有一种韵味
[2026-02-22 00:01:45] 酒姑娘的小枫: 不孝
[2026-02-22 00:01:45] 图帕雷松: 机器，怎么鼠也在100T?
[2026-02-22 00:01:46] 艾坤123: 那就是能赢
[2026-02-22 00:01:46] Iknow9: 功利奶
[2026-02-22 00:01:46] 木人斤: 功利奶
[2026-02-22 00:01:46] 红红雨雨养猪冠军: 这怎么长得跟鼠一样，还是老鼠的爷爷
[2026-02-22 00:01:46] 黑死病患者福音: 再这么喷下去，怕是播不到一年了🥺🥺🥺
[2026-02-22 00:01:47] 鵷鶵籲天兮滴血千里: 两个b和100个套谁能赢就不用多说了吧
[2026-02-22 00:01:47] 如如493: 帅
[2026-02-22 00:01:47] CThun438: 活的死人
[2026-02-22 00:01:47] koctaa: 设备冷暴力雨神
[2026-02-22 00:01:48] 给你生个妹妹吧: 一个人？看不起我大东？
[2026-02-22 00:01:48] 讽风有情: 功利奶
[2026-02-22 00:01:48] 不万能文学青年: 玩机器，我把千早爱音送你吧，她有飞机场这样你就能一下子收6架飞机了
[2026-02-22 00:01:48] 梦的星: 功利奶不可取
[2026-02-22 00:01:48] 永远的克罗娜: 机器，我只希望你能轻松快乐的直播......
[2026-02-22 00:01:48] 万能的鸵鸟: 功利奶
[2026-02-22 00:01:48] Felixus: 功利奶不可取
[2026-02-22 00:01:48] 帽子的妮蔻本人: zw
[2026-02-22 00:01:48] crychic的丰串祥子本人: 功利奶
[2026-02-22 00:01:49] Void鱼鱼: 功利奶
[2026-02-22 00:01:49] Hakurei-Re1mu: 不考
[2026-02-22 00:01:49] 耶咯i: 功利奶
[2026-02-22 00:01:49] Cccc航: 功利奶
[2026-02-22 00:01:49] Neurotoxinw: 汤汤也戴眼罩
[2026-02-22 00:01:49] 我怀疑你是大jjgir: 奶
[2026-02-22 00:01:50] 怕累的小K: 6
[2026-02-22 00:01:50] 血樱幽世: 功利奶
[2026-02-22 00:01:50] 哈密瓜HaMiGua: 抓娃娃
[2026-02-22 00:01:50] A1report: 潘宏♥玩狗
[2026-02-22 00:01:51] 艺术冰霜: 你们说的私人是老汤还是siren？
[2026-02-22 00:01:51] LvvsiN: 我提一嘴这剧情越来越像上海major了
[2026-02-22 00:01:51] 蔚尔利特: 老汤，niko，监监都要死了，他们有一个共同点就是都是玩的父亲
[2026-02-22 00:01:51] LovePratellina: 蒙着眼睛跟老汤对狙 这么看不起
[2026-02-22 00:01:51] zin桀zera: 曾焦阳，CS总场数：73，代表发言：香蕉道是哪，荣誉：两个major冠军
[2026-02-22 00:01:51] 古堡12枪战神: 不孝
[2026-02-22 00:01:51] 虹薼: 怎么有人戴vr玩游戏
[2026-02-22 00:01:52] SpectacularBid: 其实碗橱就是猪灵，你不拿黄金丢他他就不跟你说话
[2026-02-22 00:01:52] AlLTZZZ: 潘宏♥玩狗
[2026-02-22 00:01:52] 命运叫我去战斗: 功利奶
[2026-02-22 00:01:52] 77一定会是我的: 左上角的黄色弹幕显着你了？赖着不走了还
[2026-02-22 00:01:52] 哦斯特哦哦: 抓娃娃
[2026-02-22 00:01:52] 薛茂华真帅啊哈哈哈: 我朋友千早爱音给你送钻石粉丝你咋不谢谢他？
[2026-02-22 00:01:52] 弥丛: 抓娃娃
[2026-02-22 00:01:52] Notatall: 虽然不知道你想讲什么，但我觉得niko这个名字就快出现了。
[2026-02-22 00:01:52] Tikkkw: 一个人，5发子弹，保住格陵兰岛。我不会叫它不可能完成的任务，我现在只想先回家看亦博
[2026-02-22 00:01:53] 命途kkk: 功利奶
[2026-02-22 00:01:53] 我知道的一点也不多: 功利奶不可取
[2026-02-22 00:01:53] LvvsiN: 孩子们快跑，马修赫伯特来了😨卧槽你的怎么是马枪和BOT
[2026-02-22 00:01:53] xyxxyzbbdzq: 功利奶
[2026-02-22 00:01:53] 精神康福疗养院1号床: 我聋了？
[2026-02-22 00:01:53] xOcOg: 目前大东指挥4回合，设备指挥12回合，大东指挥设备送4次，设备指挥大东杀10个
[2026-02-22 00:01:54] rwdwwdww: 潘宏爱玩狗的玩狗原来是你啊
[2026-02-22 00:01:54] aruiketto: 抓娃娃
[2026-02-22 00:01:54] 黑死病患者福音: 潘宏♥玩狗
[2026-02-22 00:01:54] 爱淡茶未凉: 功利奶
[2026-02-22 00:01:54] 上个世纪末期的疯子: 潘宏♥玩狗
[2026-02-22 00:01:54] 薛茂华真帅啊哈哈哈: 我朋友千早爱音给你送钻石粉丝你咋不谢谢他？
[2026-02-22 00:01:55] 好哥们罗伯斯庇尔: 功利奶
[2026-02-22 00:01:55] LvvsiN: 就tm喜欢银行业🥰银行坏账我喜欢🥰银行挤兑我还喜欢😍利率调低我也喜欢🤤老子亲烂银行业的脸😘
[2026-02-22 00:01:55] LiaR39: 抓娃娃
[2026-02-22 00:01:55] 友利奈绪我老婆d: 我真舍不得黑玩哥，我好歹也是看玩哥解说袋鼠杯，cct邀请赛，必威邀请赛，中东区rmr长大的
[2026-02-22 00:01:56] 玩跳丹jampegg: @device:你个逆子，天天到处带节奏导致老子被骂
[2026-02-22 00:01:56] 岩庙: 不敢想象100个thief能偷到什么冠军
[2026-02-22 00:01:56] 马加奇的哥哥马加绝: @看似猎鹰sha了你：机器开门
[2026-02-22 00:01:56] RocketTheRaccoon: 汤汤也戴眼罩
[2026-02-22 00:01:57] 薛茂华真帅啊哈哈哈: 我朋友千早爱音给你送钻石粉丝你咋不谢谢他？
[2026-02-22 00:01:57] 无情道毕业生: 蛋监，开荣，难翻，私人还有谁来着
[2026-02-22 00:01:57] BeaNXxxX: 感觉玩玩强颜欢笑了啊
[2026-02-22 00:01:57] LvvsiN: 就tm喜欢银行业🥰银行坏账我喜欢🥰银行挤兑我还喜欢😍利率调低我也喜欢🤤老子亲烂银行业的脸😘
[2026-02-22 00:01:57] sin橡皮妮i: 机器，怎么鼠也在100T?
[2026-02-22 00:01:58] 永远的克罗娜: 机器，我只希望你能轻松快乐的直播......
[2026-02-22 00:01:58] Yamada、: 卧槽我被禁言了。。。😨
[2026-02-22 00:01:58] NeoTNT: 老汤现在有一种韵味
[2026-02-22 00:01:58] 灬Empty丶: 功利奶
[2026-02-22 00:01:58] 演员黄轩丶: 机器，怎么鼠也在100T?
[2026-02-22 00:01:58] Notatall: 虽然不知道你想讲什么，但我觉得niko这个名字就快出现了
[2026-02-22 00:01:59] deeeoo: 目前大东指挥4回合，设备指挥12回合，大东指挥设备送4次，设备指挥大东杀10个
[2026-02-22 00:01:59] 華之君: 功利奶
[2026-02-22 00:01:59] 柑橘树的柑橘树本人: 太演了眼罩都不摘
[2026-02-22 00:01:59] LvvsiN: 你这音画不同步太难受了，我都听到NIKO里约RMR晋级的欢呼了
[2026-02-22 00:01:59] 薛茂华真帅啊哈哈哈: 我朋友千早爱音给你送钻石粉丝你咋不谢谢他？
[2026-02-22 00:01:59] 小肉包喷香: 世一秃——艺术冰霜
[2026-02-22 00:02:00] 烟鬼安德鲁: 功利奶
[2026-02-22 00:02:00] 0o手可摘新辰o0: ?
[2026-02-22 00:02:00] 多次婉拒Angelababy: 又悲情英雄了？
[2026-02-22 00:02:01] LvvsiN: 你这音画不同步太难受了，我都听到NIKO里约RMR晋级的欢呼了
[2026-02-22 00:02:01] 耶咯i: 太功利了玩神
[2026-02-22 00:02:01] 猛啃玩机器香肠: 就tm喜欢银行业🥰银行坏账我喜欢🥰银行挤兑我还喜欢😍利率调低我也喜欢🤤老子亲烂银行业的脸😘
[2026-02-22 00:02:01] 梅友仁2005: bb怎么还有载物啊
[2026-02-22 00:02:02] 薛茂华真帅啊哈哈哈: 我朋友千早爱音给你送钻石粉丝你咋不谢谢他？
[2026-02-22 00:02:02] 火星情报员工: 潘宏♥玩狗
[2026-02-22 00:02:02] 述二ER: 潘宏♥玩狗
[2026-02-22 00:02:02] 玩弓箭、Arrow: 卧槽，服务器里怎么有两个死人
[2026-02-22 00:02:02] 唯有、责任: 载物鞭：你鞭你的M🤬 妮蔻鞭+引导哦+偷mvp：这老尼他就该赢啊🤑🤑🤑
[2026-02-22 00:02:02] Rainwedell: 你怎么不功利奶猎鹰呢
[2026-02-22 00:02:02] Som丶nus: @device:你个逆子，天天到处带节奏导致老子被骂
[2026-02-22 00:02:02] ecozera: 有点刻晴了
[2026-02-22 00:02:02] 回不去就不回去了: 抓娃娃
[2026-02-22 00:02:02] 高崎美咲the: 20／3
[2026-02-22 00:02:03] 京京孩孩majo冠军: 机器你说niko忍不住了才鞭尸，那他在mαjor冠军上忍的挺好啊
[2026-02-22 00:02:03] 听说玩机器口一次六块: 潘宏♥玩狗
[2026-02-22 00:02:03] LvvsiN: 就tm喜欢银行业🥰银行坏账我喜欢🥰银行挤兑我还喜欢😍利率调低我也喜欢🤤老子亲烂银行业的脸😘
[2026-02-22 00:02:03] 永远爱玩宝宝: @看似猎鹰sha了你：机器开门
[2026-02-22 00:02:03] 友利奈绪我老婆d: 我真舍不得黑玩哥，我好歹也是看玩哥解说袋鼠杯，cct邀请赛，必威邀请赛，中东区rmr长大的
[2026-02-22 00:02:03] 苦茶zzi: 悲情在哪
[2026-02-22 00:02:03] 灰飞烟灭丶: 潘宏♥玩狗
[2026-02-22 00:02:04] 薛茂华真帅啊哈哈哈: 我朋友千早爱音给你送钻石粉丝你咋不谢谢他？
[2026-02-22 00:02:04] 空气力学的先驱: 我真舍不得黑玩哥，我好歹也是看玩哥解说袋鼠杯，cct邀请赛，必威邀请赛，中东区rmr长大的
[2026-02-22 00:02:04] 萨格拉斯好恩人麦迪文: 虽然不知道你想讲什么，但我觉得niko这个名字就快出现了
[2026-02-22 00:02:05] Yamada、: 卧槽我被禁言了。。。😨
[2026-02-22 00:02:05] 柒斯几: 右边怎么有个jabbi
[2026-02-22 00:02:05] 木空空空空空: 机器，我只希望你能轻松快乐的直播......
[2026-02-22 00:02:05] 那咋办嘛yyyyyy: 请问玩神，每次比赛中途出现的“危险比分警告”这种弹幕算是数字梗还是谐音梗啊。
[2026-02-22 00:02:05] LvvsiN: 其实碗橱就是猪灵，你不拿黄金丢他他就不跟你说话
[2026-02-22 00:02:05] 晨风凌云21146: 机器，怎么鼠也在100T?
[2026-02-22 00:02:05] 无敌小水塔: @永远的克罗娜：机器，我只希望你能轻松快乐的直播......
[2026-02-22 00:02:06] 用户1468745413: 可是宗主也很厉害啊🥺
[2026-02-22 00:02:06] 永远的克罗娜: 机器，我只希望你能轻松快乐的直播......
[2026-02-22 00:02:06] 游戏卫星: 不考
[2026-02-22 00:02:06] CKxiaooo: 机器，我只希望你能轻松快乐的直播......
[2026-02-22 00:02:06] 着着着着糕: 发孝的读过书吗？
[2026-02-22 00:02:07] 法则的Twistzz本人: 潘宏♥玩狗
[2026-02-22 00:02:07] 青绿色的优越: 潘宏爱玩狗的玩狗原来是你啊
[2026-02-22 00:02:07] Misakimayy: 你这音画不同步太难受了，我都听到NIKO里约RMR晋级的欢呼了
[2026-02-22 00:02:07] 易冷半度想: 11-4悲情在哪
[2026-02-22 00:02:07] sunshine1869: 诸葛教练跟老汤击拳真的喜感
[2026-02-22 00:02:07] 纯情女大爱看玩大哥: 弹幕带节奏的牛劲呢？继续呀
[2026-02-22 00:02:07] chukap: 这驴友怎么胖成这样
[2026-02-22 00:02:07] 桂林米粉比较好吃: 潘宏♥玩狗
[2026-02-22 00:02:07] 葬舞群花泪: 20-3无敌了
[2026-02-22 00:02:07] 新月似当年1: 图一乐
[2026-02-22 00:02:08] 好哥们罗宾: 你怎么不功利奶猎鹰呢
[2026-02-22 00:02:08] 好哥们儿神棍: 目前大东指挥4回合，设备指挥12回合，大东指挥设备送4次，设备指挥大东杀10个
[2026-02-22 00:02:08] ๓少樱: 我朋友千早爱音给你送钻石粉丝你咋不谢谢他？
[2026-02-22 00:02:08] 玉米卧槽: 潘宏♥玩狗
[2026-02-22 00:02:09] 京京孩孩majo冠军: 机器你说niko忍不住了才鞭尸，那他在mαjor冠军上忍的挺好啊
[2026-02-22 00:02:09] 如如493: 被擒英雄
[2026-02-22 00:02:09] 万物养生: 功利奶
[2026-02-22 00:02:09] 李小小与虾大大: @Niko：这里也有被擒英雄？
[2026-02-22 00:02:09] 龙龙虾虾爱软脚: 感觉老汤这个新队服他穿着有点显年轻啊
[2026-02-22 00:02:09] LvvsiN: 其实碗橱就是猪灵，你不拿黄金丢他他就不跟你说话
[2026-02-22 00:02:10] 执念散了97126: 快把商单roll了登山去吧
[2026-02-22 00:02:10] C9的moloris本人: 你这音画不同步太难受了，我都听到NIKO里约RMR晋级的欢呼了
[2026-02-22 00:02:10] Li喵喵喵a: 载物鞭：你鞭你的M🤬 妮蔻鞭+引导哦+偷mvp：这老尼他就该赢啊🤑🤑🤑
[2026-02-22 00:02:11] 酷拽帅死一条街:  @唯有、责任：载物鞭：你鞭你的M🤬 妮蔻鞭+引导哦+偷mvp：这老尼他就该赢啊🤑🤑🤑
[2026-02-22 00:02:11] 演员黄轩丶: 机器，怎么鼠也在100T?
[2026-02-22 00:02:11] yinyao1231: 机器，我只希望你能轻松快乐的直播......
[2026-02-22 00:02:11] 薛茂华真帅啊哈哈哈: 我朋友千早爱音给你送钻石粉丝你咋不谢谢他？
[2026-02-22 00:02:11] Vitality的羽贺文乃本人: 潘宏爱玩狗的玩狗原来是你啊
[2026-02-22 00:02:11] 劉膿dewasu: 我真舍不得黑玩哥，我好歹也是看玩哥解说袋鼠杯，cct邀请赛，必威邀请赛，中东区rmr长大的
[2026-02-22 00:02:11] LvvsiN: 弹幕也就网上说说，现实里谁不觉得樱姐是好女孩（删括号领一条远坂凛同款鸟笼）
[2026-02-22 00:02:12] ShanoaM: 被擒英雄
[2026-02-22 00:02:12] 玩真的丶Tru3: 卧槽我被禁言了。。。😨
[2026-02-22 00:02:12] 小橙子橙99999: 机器，我只希望你能轻松快乐的直播......
[2026-02-22 00:02:12] 玉米卧槽: 发孝的读过书吗？
[2026-02-22 00:02:12] 玩机器丶Device: 感觉老汤这个新队服他穿着有点显年轻啊
[2026-02-22 00:02:12] 不变的追求717: 潘宏♥玩狗
[2026-02-22 00:02:12] 空白Zzz丶: 荧光棒不谢？？
[2026-02-22 00:02:12] Yamada、: 卧槽我被禁言了。。。😨
[2026-02-22 00:02:12] 弱小无助特别能吃: 怎么就悲情英雄了
[2026-02-22 00:02:12] 海绵宝宝雾雨儿: 最好的一个死人
[2026-02-22 00:02:13] 永生不遇的star: 虽然不知道你想讲什么，但我觉得niko这个名字就快出现了
[2026-02-22 00:02:13] 七就是幸运吧: 潘宏♥玩狗
[2026-02-22 00:02:13] Iknow9: 无语了，送完荧光棒才发现没开双倍。。
[2026-02-22 00:02:13] LvvsiN: 屏幕中间弹幕这么狂？站那不走了还剧透分，你当你是主办方？？
[2026-02-22 00:02:13] 京京孩孩majo冠军: 机器你说niko忍不住了才鞭尸，那他在mαjor冠军上忍的挺好啊
[2026-02-22 00:02:14] 大的要来了丶: 潘宏♥玩狗
[2026-02-22 00:02:14] 羽川翼的恋爱物语: 鼠的亲兄弟
[2026-02-22 00:02:14] UPMAO233: 就tm喜欢银行业🥰银行坏账我喜欢🥰银行挤兑我还喜欢😍利率调低我也喜欢🤤老子亲烂银行业的脸😘
[2026-02-22 00:02:14] 尤里大泽: 机器，我只希望你能轻松快乐的直播......
[2026-02-22 00:02:14] 薛茂华真帅啊哈哈哈: 我朋友千早爱音给你送钻石粉丝你咋不谢谢他？
[2026-02-22 00:02:15] 那咋办嘛yyyyyy: 请问玩神，每次比赛中途出现的“危险比分警告”这种弹幕算是数字梗还是谐音梗啊。
[2026-02-22 00:02:15] 痴麂吧: 5号是什么载物
[2026-02-22 00:02:15] m王司徒m: 目前大东指挥4回合，设备指挥12回合，大东指挥设备送4次，设备指挥大东杀10个
[2026-02-22 00:02:15] 天残少女王朗: 机器你说niko忍不住了才鞭尸，那他在m
[2026-02-22 00:02:15] LvvsiN: 孩子们快跑，马修赫伯特来了😨卧槽你的怎么是马枪和BOT
[2026-02-22 00:02:15] 金king11: 机器，怎么鼠也在100T?
[2026-02-22 00:02:16] 古堡12枪战神: 怀念最好的五个人，死人
[2026-02-22 00:02:16] 审查账号: 怎么不敢念了
[2026-02-22 00:02:16] Mx2323: 没一个弹幕在刷mvp
[2026-02-22 00:02:16] 欧气胖子: +++++++++++++++++++++++++++++++++++
[2026-02-22 00:02:16] 哔哔哔的浮光: 没那么伤心
[2026-02-22 00:02:16] 玩鸡器的毛毛: 载物鞭：你鞭你的M🤬 妮蔻鞭+引导哦+偷mvp：这老尼他就该赢啊🤑🤑🤑
[2026-02-22 00:02:16] 壟123456: 飞■■■■飞■，■■飞■■■■。飞■■■■■■,飞■■■■■■。
[2026-02-22 00:02:16] 玩爱音丶Soyorin: 机器，我只希望你能轻松快乐的直播......
[2026-02-22 00:02:16] 传奇贝斯手长崎素世: 目前大东指挥4回合，设备指挥12回合，大东指挥设备送4次，设备指挥大东杀10个
[2026-02-22 00:02:16] 森电major冠军尼孩没冠: 机器你说niko忍不住了才鞭尸，那他在mαjor冠军上忍的挺好啊
[2026-02-22 00:02:17] CKxiaooo: 机器，我只希望你能轻松快乐的直播......
[2026-02-22 00:02:17] 恺悌君子能几醉: 卧槽我被禁言了。。。😨
[2026-02-22 00:02:17] 希德Cyder: 怎么是老汤啊
[2026-02-22 00:02:17] AAA达班物流坤猜: 1号是白胖球吗
[2026-02-22 00:02:17] 玩指挥丶NiKo: 卧槽我被禁言了。。。😨
[2026-02-22 00:02:17] LvvsiN: 我提一嘴这剧情越来越像上海major了
[2026-02-22 00:02:18] 堀咲不得: 我朋友千早爱音给你送钻石粉丝你咋不谢谢他？
[2026-02-22 00:02:18] 鹦侨侨侨侨: 戴眼罩玩游戏有什么？还有人留椅播才装比呢
[2026-02-22 00:02:18] Puck丶丶丶: 昨天老汤多狙两个都不用加时就赢了
[2026-02-22 00:02:18] 虹薼: 潘宏♥玩狗
[2026-02-22 00:02:18] 薛茂华真帅啊哈哈哈: 我朋友千早爱音给你送钻石粉丝你咋不谢谢他？
[2026-02-22 00:02:18] 甘织玲奈子本人: 我朋友千早爱音给你送钻石粉丝你咋不谢谢他？
[2026-02-22 00:02:18] OMGlionKing: 还有个人怎么不谢 你之前的牛劲呢
[2026-02-22 00:02:18] 用户62796264: 目前大东指挥4回合，设备指挥12回合，大东指挥设备送4次，设备指挥大东杀10个
[2026-02-22 00:02:19] 跳跃的司令官: 怎么还有一个不念啊？
[2026-02-22 00:02:19] 玩跳丹jampegg: @device:你个逆子，天天到处带节奏导致老子被骂
[2026-02-22 00:02:20] LvvsiN: 银行业😄银行业😀银行业😃银行业😁银行业😆银行业🤪银行业😝
[2026-02-22 00:02:20] Cloud9的咬人猫本人: 潘宏爱玩狗的玩狗原来是你啊
[2026-02-22 00:02:20] 神深申婶甚肾砷什: 6666
[2026-02-22 00:02:20] 唯有、责任: 啊?这是一个回马鞭，你鞭你的M呢？不是这有什么可鞭的？啊？这不是ZywOo！这是Niko居然！哈哈哈
[2026-02-22 00:02:20] Yamada、: 卧槽我被禁言了。。。😨
[2026-02-22 00:02:20] 机器的稿完: 机器，我只希望你能轻松快乐的直播......
[2026-02-22 00:02:20] 尼尼Hihide没有major冠军: 双倍卡没辣
[2026-02-22 00:02:20] 我是不是泽泽: 每日贡献一条弹幕（1／1）达成✓
[2026-02-22 00:02:21] BillionBet亿博电子: 载物鞭：你鞭你的M🤬 妮蔻鞭+引导哦+偷mvp：这老尼他就该赢啊🤑🤑🤑
[2026-02-22 00:02:21] 劉膿dewasu: 载物鞭：你鞭你的M🤬 妮蔻鞭+引导哦+偷mvp：这老尼他就该赢啊🤑🤑🤑
[2026-02-22 00:02:21] SKT的Faker本人: 机器，那最左边那个你要么叫他私人要么叫他鼠，收到回复
[2026-02-22 00:02:21] 若叶睦吃苦瓜: 目前大东指挥4回合，设备指挥12回合，大东指挥设备送4次，设备指挥大东杀10个
[2026-02-22 00:02:22] 永远的克罗娜: 机器，我只希望你能轻松快乐的直播......
[2026-02-22 00:02:22] LvvsiN: 南孚一节更比六节强，也就是一节南孚比六节南孚强，六节南孚比三十六节强，三十六节比二百一十六节强
[2026-02-22 00:02:22] 落夜会: 左边怎么有个magnojez
[2026-02-22 00:02:22] 薛茂华真帅啊哈哈哈: 我朋友千早爱音给你送钻石粉丝你咋不谢谢他？
[2026-02-22 00:02:22] 玩山山丶Mounta1n: 潘宏♥玩狗
[2026-02-22 00:02:22] ggbravo: ✌🏻
[2026-02-22 00:02:22] 暴力卓司: 《南小鸟难绷玩机器双标对待载尼鞭尸》
[2026-02-22 00:02:22] 京京孩孩majo冠军: 机器你说niko忍不住了才鞭尸，那他在mαjor冠军上忍的挺好啊
[2026-02-22 00:02:23] twistwuwu: 戴眼罩还能杀10-11啊,nb
[2026-02-22 00:02:23] RamessesII64177: 卧槽我被禁言了。。。😨
[2026-02-22 00:02:23] 大哥心里慌: 昨天老汤多狙两个都不用加时就赢了
[2026-02-22 00:02:23] 摸鱼林某人: 抓娃娃
[2026-02-22 00:02:23] 喜欢小头公主: 这胖球怎么4-14
[2026-02-22 00:02:23] OMGlionKing: 还有个人怎么不谢 你之前的牛劲呢
[2026-02-22 00:02:24] 我不是闪烁啊: 荧光棒不谢？？
[2026-02-22 00:02:24] VDVCI的迪米特里本人: 卧槽我被禁言了。。。😨
[2026-02-22 00:02:24] 丶丶Ken丶丶: 卧槽我被禁言了。。。😨
[2026-02-22 00:02:24] 米米世界之神: 我朋友千早爱音给你送钻石粉丝你咋不谢谢他？
[2026-02-22 00:02:25] 用户5388411043: 啊?这是一个回马鞭，你鞭你的M呢？不是这有什么可鞭的？啊？这不是ZywOo！这是Niko居然！哈哈哈
[2026-02-22 00:02:25] 一个七天: 5号是什么载物
[2026-02-22 00:02:25] 那咋办嘛yyyyyy: 请问玩神，每次比赛中途出现的“危险比分警告”这种弹幕算是数字梗还是谐音梗啊。
[2026-02-22 00:02:25] 爱洛魔神仙台叶月: 机器，怎么鼠也在100T?
[2026-02-22 00:02:25] 丿年华不再: 潘宏♥玩狗
[2026-02-22 00:02:25] 用户8856581433: 卧槽我被禁言了。。。😨
[2026-02-22 00:02:26] 宇神82881: 对面有个zywoo啊
[2026-02-22 00:02:26] 永远喜欢弗洛洛: 卧槽我被禁言了。。。😨
[2026-02-22 00:02:26] 木空空空空空: 潘宏爱玩狗的玩狗原来是你啊
[2026-02-22 00:02:26] sjtu的musketeers本人: 怎么还有一个不念啊？
[2026-02-22 00:02:26] 我有玉米蒸: 潘宏爱玩狗的玩狗原来是你啊
[2026-02-22 00:02:26] 玩斯特出出6657: 卧槽我被禁言了。。。😨
[2026-02-22 00:02:26] 薛茂华真帅啊哈哈哈: 我朋友千早爱音给你送钻石粉丝你咋不谢谢他？
[2026-02-22 00:02:26] 如如493: 卧槽我被禁言了。。。😨
[2026-02-22 00:02:27] A队不吃晃的小祥本人: 机器，我只希望你能轻松快乐的直播......
[2026-02-22 00:02:27] 藤原拓海2568: 目前大东指挥4回合，设备指挥12回合，大东指挥设备送4次，设备指挥大东杀10个
[2026-02-22 00:02:27] fa来ze苦的疯穿箱子: 怀恋最好的五个人：蛋监，总特，难翻，死人，开荣
[2026-02-22 00:02:27] 艺术冰霜: @device:你个逆子，天天到处带节奏导致老子被骂
[2026-02-22 00:02:27] 没事小子: 潘宏♥玩狗
[2026-02-22 00:02:28] FranklinBrown: 为什么两个都是BB的选图
[2026-02-22 00:02:28] 用户1468745413: 机器，我只希望你能轻松快乐的直播......
[2026-02-22 00:02:28] 雾雨魔理沙ZE: 卧槽我被禁言了。。。😨
[2026-02-22 00:02:28] 何必迷恋红尘: 卧槽我被禁言了。。。😨
[2026-02-22 00:02:28] 玩机器的P站账号: 左边第5个是Zywoo吗
[2026-02-22 00:02:28] myGo的anon: 卧槽！鼠真的在100t！
[2026-02-22 00:02:28] xyxxyzbbdzq: 机器，我只希望你能轻松快乐的直播......
[2026-02-22 00:02:28] Ence的Aleks1b本人: 机器，我只希望你能轻松快乐的直播......
[2026-02-22 00:02:28] 寻管鲍之交: 以后直播间要变成8进制了。。。
[2026-02-22 00:02:28] 19岁的日子: 机器你说niko忍不住了才鞭尸，那他在mαjor冠军上忍的挺好啊
[2026-02-22 00:02:28] 薛茂华真帅啊哈哈哈: 我朋友千早爱音给你送钻石粉丝你咋不谢谢他？
[2026-02-22 00:02:29] 欧内的手丨好汉: 怀念最好的五个人：蛋监，总特，难翻，私人，开荣
[2026-02-22 00:02:29] 肯德基头套: 飞机不谢？？？
[2026-02-22 00:02:29] 无敌仓库大王市谷有咲: popipa pipopa popipapapipopa
[2026-02-22 00:02:29] 大姜饼: 卧槽我被禁言了。。。😨
[2026-02-22 00:02:29] 深巷里的少年与猫丿: 机器，我只希望你能轻松快乐的直播......
[2026-02-22 00:02:30] 99组的爱城华恋本人: 考
[2026-02-22 00:02:30] Art3miss: 机器你说niko忍不住了才鞭尸，那他在mαjor冠军上忍的挺好啊
[2026-02-22 00:02:30] LvvsiN: 银行业😄银行业😀银行业😃银行业😁银行业😆银行业🤪银行业😝
[2026-02-22 00:02:30] 不变的追求717: 卧槽我被禁言了。。。😨
[2026-02-22 00:02:30] 吟游诗人希尔伯特: 潘宏爱玩狗的玩狗原来是你啊
[2026-02-22 00:02:30] 普通网友小沈: 请问玩神，每次比赛中途出现的“危险比分警告”这种弹幕算是数字梗还是谐音梗啊。
[2026-02-22 00:02:30] 博士想要中奖: 对面五号位好像载大哥
[2026-02-22 00:02:30] 劉膿dewasu: 《南小鸟难绷玩机器双标对待载尼鞭尸》
[2026-02-22 00:02:31] chukap: 这驴友怎么胖成这样
[2026-02-22 00:02:31] 薛茂华真帅啊哈哈哈: 我朋友千早爱音给你送钻石粉丝你咋不谢谢他？
[2026-02-22 00:02:31] RoseIia的凑友希那本人: 我朋友千早爱音给你送钻石粉丝你咋不谢谢他？
[2026-02-22 00:02:31] OMGlionKing: 还有个人怎么不谢 你之前的牛劲呢
[2026-02-22 00:02:31] 澄猫: 机器，怎么鼠也在100T?
[2026-02-22 00:02:31] W酱CALLO: 潘宏♥玩狗
[2026-02-22 00:02:31] 暗色答案: 载物鞭：你鞭你的M🤬 妮蔻鞭+引导哦+偷mvp：这老尼他就该赢啊🤑🤑🤑
[2026-02-22 00:02:31] dark1337: 卧槽我被禁言了。。。😨
[2026-02-22 00:02:31] 该用户已注销sl: 潘宏♥玩狗
[2026-02-22 00:02:32] 纯情女大爱看玩大哥: 潘宏♥玩狗
[2026-02-22 00:02:32] 我怀疑你是大jjgir: 目前大东指挥4回合，设备指挥12回合，大东指挥设备送4次，设备指挥大东杀10个
[2026-02-22 00:02:32] LvvsiN: 就tm喜欢银行业🥰银行坏账我喜欢🥰银行挤兑我还喜欢😍利率调低我也喜欢🤤老子亲烂银行业的脸😘
[2026-02-22 00:02:32] others的御樱稟本人: 卧槽我被禁言了。。。😨
[2026-02-22 00:02:33] DaVid一BeCkHam: 潘宏爱玩狗的玩狗原来是你啊
[2026-02-22 00:02:33] mujica的长崎素世本人: 我朋友千早爱音给你送钻石粉丝你咋不谢谢他？
[2026-02-22 00:02:33] gggaligeigei: 卧槽我被禁言了。。。😨
[2026-02-22 00:02:33] G2的Niko本人: 怀恋最好的五个人：蛋监，总特，难翻，死人，开荣
[2026-02-22 00:02:33] 寺见鸣鳰: 卧槽我被禁言了。。。😨
[2026-02-22 00:02:33] 薛茂华真帅啊哈哈哈: 我朋友千早爱音给你送钻石粉丝你咋不谢谢他？
[2026-02-22 00:02:33] 做自己最開心: 666
[2026-02-22 00:02:34] LvvsiN: 南孚一节更比六节强，也就是一节南孚比六节南孚强，六节南孚比三十六节强，三十六节比二百一十六节强
[2026-02-22 00:02:34] kh940329: 机器，我只希望你能轻松快乐的直播......
[2026-02-22 00:02:34] HostageKIA: 机器，我只希望你能轻松快乐的直播......
[2026-02-22 00:02:34] 无敌仓库大王市谷有咲: popipa pipopa popipapapipopa
[2026-02-22 00:02:34] 没有故事的Pluto: @device:你个逆子，天天到处带节奏导致老子被骂
[2026-02-22 00:02:34] 小蜜蜂的长期素食本人: 卧槽我被禁言了。。。😨
[2026-02-22 00:02:34] 京京孩孩majo冠军: 机器你说niko忍不住了才鞭尸，那他在mαjor冠军上忍的挺好啊
[2026-02-22 00:02:34] lonhkfd: 卧槽我被禁言了。。。😨
[2026-02-22 00:02:34] 带魔FA师: 机器，我只希望你能轻松快乐的直播......
[2026-02-22 00:02:35] 栗悟饭与龟波功-w-: 卧槽我被禁言了。。。😨
[2026-02-22 00:02:35] 古堡12枪战神: 你这些年写的道歉信和小作文早就超过毕业论文的字数要求了，建议向达尔豪斯申请毕业证
[2026-02-22 00:02:36] enihcaM器机玩7566: 卧槽我被禁言了。。。😨
[2026-02-22 00:02:36] 薛茂华真帅啊哈哈哈: 我朋友千早爱音给你送钻石粉丝你咋不谢谢他？
[2026-02-22 00:02:36] 普通网友小沈: 【各主播对zywoo鞭尸jee的反应，玩机器怒喷，zywoo圣人点数恐清零】BV13iYZzSExT
[2026-02-22 00:02:36] 丰川祥子口三角初华: 卧槽我被禁言了。。。😨
[2026-02-22 00:02:37] 藤原拓海2568: 南孚一节更比六节强，也就是一节南孚比六节南孚强，六节南孚比三十六节强，三十六节比二百一十六节强
[2026-02-22 00:02:37] 刘刘的农: 卧槽我被禁言了。。。😨
[2026-02-22 00:02:37] 孤翼白鹭丶: 卧槽我被禁言了。。。😨
[2026-02-22 00:02:37] 玩小孩、monesy: 每日贡献一条弹幕（1／1）达成✓
[2026-02-22 00:02:37] 鹦侨侨侨侨: 戴眼罩玩游戏有什么？还有人留椅播才装比呢
[2026-02-22 00:02:37] 好哥们汉阳造: 机器，我只希望你能轻松快乐的直播......
[2026-02-22 00:02:37] RabbitRay: 鼠出
[2026-02-22 00:02:38] Nightmare2517: A队没比赛，鼠改个ID来这里赚外快了？
[2026-02-22 00:02:38] 贝拉K1rA: 抓娃娃
[2026-02-22 00:02:38] LvvsiN: 你这音画不同步太难受了，我都听到NIKO里约RMR晋级的欢呼了
[2026-02-22 00:02:38] 玩鸡枪丶Machinegun: 卧槽我被禁言了。。。😨
[2026-02-22 00:02:38] fa来ze苦的疯穿箱子: 怀恋最好的五个人：蛋监，总特，难翻，死人，开荣
[2026-02-22 00:02:38] 薛茂华真帅啊哈哈哈: 我朋友千早爱音给你送钻石粉丝你咋不谢谢他？
[2026-02-22 00:02:38] 奶油亦博啵啵: 卧槽我被禁言了。。。😨
[2026-02-22 00:02:38] 鸭硕的哈撒给: 还有个人怎么不谢 你之前的牛劲呢
[2026-02-22 00:02:39] 呆毛帝国皇家御用大厨: 机器，怎么鼠也在100T?
[2026-02-22 00:02:39] 正直的鸡哥: 鼠出
[2026-02-22 00:02:39] 森林与雁: 左边第5个是Zywoo吗
[2026-02-22 00:02:40] 爱克斯歪歪: 潘宏爱玩狗的玩狗原来是你啊
[2026-02-22 00:02:40] 玩大狙、dev1cy: β了
[2026-02-22 00:02:40] KAZUSA149: 蛋奸 难翻 私人 开荣 总特
[2026-02-22 00:02:40] 麻辣头鱼丝: 翻了
[2026-02-22 00:02:40] 玩机器的一头肌: 卧槽我被禁言了。。。😨
[2026-02-22 00:02:40] 突然飞升: ,
[2026-02-22 00:02:40] 海参怎么你了: 载物鞭：你鞭你的M🤬 妮蔻鞭+引导哦+偷mvp：这老尼他就该赢啊🤑🤑🤑
[2026-02-22 00:02:40] stonezyx: 那还有自己的图拿2分的呢
[2026-02-22 00:02:40] 阿道和伏见柚柚: 玩机器说实话，如果回到昨天遗迹6比6的时候，你会喷NIKO鞭尸吗
[2026-02-22 00:02:40] 不是很懂怎么取名: 卧槽我被禁言了。。。😨
[2026-02-22 00:02:41] Arianphy: 翻了
[2026-02-22 00:02:41] 薛茂华真帅啊哈哈哈: 我朋友千早爱音给你送钻石粉丝你咋不谢谢他？
[2026-02-22 00:02:41] 与沫与婷: 鼠÷
[2026-02-22 00:02:41] 福山雅治水: 机器，我只希望你能轻松快乐的直播......
[2026-02-22 00:02:42] 玩批凯丶QUQU: 卧槽我被禁言了。。。😨
[2026-02-22 00:02:42] 逐渐消逝的王林: 1
[2026-02-22 00:02:42] 胡椒胡椒胡椒胡椒胡椒: 卧槽我被禁言了。。。😨
[2026-02-22 00:02:42] ATTttttca: ?
[2026-02-22 00:02:42] OMGlionKing: 还有个人怎么不谢 你之前的牛劲呢
[2026-02-22 00:02:42] 99组的爱城华恋本人: 狗🐀
[2026-02-22 00:02:42] 博丽灵感菇: 卧槽我被禁言了。。。😨
[2026-02-22 00:02:43] greexeen: 翻了
[2026-02-22 00:02:43] 玩指挥丶NiKo: b3tb00m
[2026-02-22 00:02:43] 痘痘泥石流: 卧槽我被禁言了。。。😨
[2026-02-22 00:02:43] 从零开始的加拿大肄业: 【各主播对zywoo鞭尸jee的反应，玩机器怒喷，zywoo圣人点数恐清零】BV13iYZzSExT
[2026-02-22 00:02:44] 小布丁是真好吃: 怎么有两个死人啊
[2026-02-22 00:02:44] 玉米卧槽: 机器，我只希望你能轻松快乐的直播......
[2026-02-22 00:02:44] 欧内的手丨好汉: 怀念最好的五个人：蛋监，总特，难翻，私人，开荣怀念最好的五个人：蛋监，总特，难翻，私人，开荣
[2026-02-22 00:02:44] 古堡12枪战神: 怀念那个最好的五人组：蛋监 开荣 总特 难翻 似人
[2026-02-22 00:02:44] 人发杀机天翻地覆: 卧槽我被禁言了。。。😨
[2026-02-22 00:02:44] 煞鱼辣椒sylj: 卧槽我被禁言了。。。😨
[2026-02-22 00:02:44] 薛茂华真帅啊哈哈哈: 我朋友千早爱音给你送钻石粉丝你咋不谢谢他？
[2026-02-22 00:02:44] 玩机器亲儿子: 抓娃娃
[2026-02-22 00:02:44] LvvsiN: 南孚一节更比六节强，也就是一节南孚比六节南孚强，六节南孚比三十六节强，三十六节比二百一十六节强
[2026-02-22 00:02:45] 好的好的阖家: 卧槽我被拉黑了。。。😨
[2026-02-22 00:02:45] 殇10876: ？
[2026-02-22 00:02:45] 杰里科丶: 哈哈哈哈哈
[2026-02-22 00:02:45] 刘农痴呆不忘带永恒: 卧槽我被禁言了。。。😨
[2026-02-22 00:02:45] 玩南梁丶阿斯托尔福: 区
[2026-02-22 00:02:45] 羽川翼的恋爱物语: 晦气
[2026-02-22 00:02:46] 小蜜蜂的长期素食本人: 也许
[2026-02-22 00:02:46] 七色的人偶使者: 卧槽我被禁言了。。。😨
[2026-02-22 00:02:46] 血樱幽世: 闹麻了
[2026-02-22 00:02:46] 黑死病患者福音: 卧槽我被禁言了。。。😨
[2026-02-22 00:02:46] 锂汁lizhi: 卧槽我被禁言了。。。😨
[2026-02-22 00:02:47] 机器机器祝你天天开心: 翻了
[2026-02-22 00:02:47] 爱洛魔神仙台叶月: ?
[2026-02-22 00:02:47] 丢丢的夜精灵: 哈哈哈哈
[2026-02-22 00:02:47] FranklinBrown: +++++++++++
[2026-02-22 00:02:47] 从零开始的加拿大肄业: 卧槽我被禁言了。。。😨
[2026-02-22 00:02:47] 长宁金城武: 6-12
[2026-02-22 00:02:48] fa来ze苦的疯穿箱子: 怀恋最好的五个人：蛋监，总特，难翻，死人，开荣
[2026-02-22 00:02:48] 薛茂华真帅啊哈哈哈: 我朋友千早爱音给你送钻石粉丝你咋不谢谢他？
[2026-02-22 00:02:48] LvvsiN: 南孚一节更比六节强，也就是一节南孚比六节南孚强，六节南孚比三十六节强，三十六节比二百一十六节强
[2026-02-22 00:02:49] CV65Enterprise: 哈哈哈哈哈
[2026-02-22 00:02:49] C4LLM3L1UN0NG: 卧槽我被禁言了。。。😨
[2026-02-22 00:02:49] 吹雪之岚: 哈哈哈哈哈
[2026-02-22 00:02:49] 我要看後续: 玩别放弃跟我们，广大网民笑哈哈
[2026-02-22 00:02:49] 神牛拯救世界: 灶台很大
[2026-02-22 00:02:49] HCS118: 闹麻了
[2026-02-22 00:02:49] User5092: v了
[2026-02-22 00:02:49] 咬一口虾堡: 舞台在哪
[2026-02-22 00:02:49] 神奥联盟的竹兰本人: ++++
[2026-02-22 00:02:50] 花田妖精: 脑浆
[2026-02-22 00:02:50] 坝瘫虎出动目标铲车人: 你这流也太慢了，我都听到对面5个人拿内格夫鞭老汤的声音了
[2026-02-22 00:02:50] 时节不居99156: 这艺术冰霜已经菜到老汤都不如了吗
[2026-02-22 00:02:50] 无敌仓库大王市谷有咲: popipa pipopa popipapapipopa
[2026-02-22 00:02:50] 梦的星: 翻了
[2026-02-22 00:02:50] 瑭珏: 不用看
[2026-02-22 00:02:50] 菅原小吉: 大东玩不玩
[2026-02-22 00:02:51] 若叶睦吃苦瓜: 翻了
[2026-02-22 00:02:51] 夕ro: 闹麻了
[2026-02-22 00:02:51] emmmmm874: 卧槽我被禁言了。。。😨
[2026-02-22 00:02:51] 一缕清风为誰现: 卧槽我被禁言了。。。😨
[2026-02-22 00:02:51] 薛茂华真帅啊哈哈哈: 我朋友千早爱音给你送钻石粉丝你咋不谢谢他？
[2026-02-22 00:02:51] 欧气胖子: +++++++++++++++++++++++++++++++++++
[2026-02-22 00:02:51] 我最爱的节目开始了: 黏住
[2026-02-22 00:02:51] 爷直接青回: az
[2026-02-22 00:02:51] 划算小划: 翻了
[2026-02-22 00:02:51] 玩斯特出出6657: 卧槽我被禁言了。。。😨
[2026-02-22 00:02:51] 和歌山中岛由贵: ⚠本弹幕用来检测是否被封⚠
[2026-02-22 00:02:52] 玩小箱丶broky: 卧槽我被禁言了。。。😨
[2026-02-22 00:02:52] 忽孝山庄: 卧槽我被禁言了。。。😨
[2026-02-22 00:02:52] B1sh0p丶: +++++++++++
[2026-02-22 00:02:52] ezenternal: ?
[2026-02-22 00:02:52] 用户53477423: 批雨
[2026-02-22 00:02:52] Tim1cc: @karrigan
[2026-02-22 00:02:52] 素6666: 翻了
[2026-02-22 00:02:52] 银睿憨: 闹麻了
[2026-02-22 00:02:53] 油炸火影忍者: 卧槽我被禁言了。。。😨
[2026-02-22 00:02:53] 还有时间日落之前: 批将
[2026-02-22 00:02:53] YCSUN1017: 抓娃娃
[2026-02-22 00:02:53] 一只中二: 舞台很大
[2026-02-22 00:02:54] 薛茂华真帅啊哈哈哈: 我朋友千早爱音给你送钻石粉丝你咋不谢谢他？
[2026-02-22 00:02:54] Zywoo的七百大狙: 【各主播对zywoo鞭尸jee的反应，玩机器怒喷，zywoo圣人点数恐清零】BV13iYZzSExT
[2026-02-22 00:02:54] 晨风凌云21146: 铁木真赛
[2026-02-22 00:02:54] yoda的烤红薯: 雨披
[2026-02-22 00:02:54] suicho: fw7-14了 🧊粉气不气😁
[2026-02-22 00:02:54] 大藏游星之jame粉丝: 也许比赛才刚刚开始
[2026-02-22 00:02:55] 念旧丶Meteor丶丶: 你一看就输
[2026-02-22 00:02:55] 用户0998309318: 我朋友千早爱音给你送钻石粉丝你咋不谢谢他？
[2026-02-22 00:02:55] 打野走位就nmb离谱: 汤汤的小烧眼镜怎么没带
[2026-02-22 00:02:55] 棍老师047: 翻了
[2026-02-22 00:02:55] 咕咕我是过儿啊丶: 老酱
[2026-02-22 00:02:55] 执念散了97126: 卧槽我被拉黑了。。。😨卧槽我被拉黑了。。。😨
[2026-02-22 00:02:55] 石家庄的宠物男孩: 卧槽我被禁言了。。。😨
[2026-02-22 00:02:55] 葬舞群花泪: 晦气玩意
[2026-02-22 00:02:56] 血盟骑士团的Asuna本人: 机器我已经三分钟没听到gla1ve应聘教练的故事了
[2026-02-22 00:02:56] dlwlrma灬: 老汤v了
[2026-02-22 00:02:56] 古堡12枪战神: 怀念那个最好的五人组：蛋监 开荣 总特 难翻 似人
[2026-02-22 00:02:56] YZC01: ?
[2026-02-22 00:02:57] Vitality的羽贺文乃本人: 翻了
[2026-02-22 00:02:57] 蓝原延渚: 卧槽我被禁言了。。。😨
[2026-02-22 00:02:57] 薛茂华真帅啊哈哈哈: 我朋友千早爱音给你送钻石粉丝你咋不谢谢他？
[2026-02-22 00:02:57] 杏爱企鹅:  我会一直顺🥳顺顺顺顺顺🥳顺风又顺水🥳还要顺财神🥳
[2026-02-22 00:02:57] 甘織玲奈子: 玩别放弃跟我们，广大网民笑哈哈
[2026-02-22 00:02:57] pirlook: 1
[2026-02-22 00:02:57] 哦斯特哦哦: 卧槽我被禁言了。。。😨
[2026-02-22 00:02:58] 朝霧MisTy: 卧槽我被禁言了。。。😨
[2026-02-22 00:02:58] T1的Fleta本人: ⚠本弹幕用来检测是否被封⚠
[2026-02-22 00:02:58] 丰川祥子单推人: +++++++++++++++++++++++++++++++++++
[2026-02-22 00:02:58] 卷心菜514: 小福星
[2026-02-22 00:02:58] 千百度897: 也许比赛才刚刚开始
[2026-02-22 00:02:58] 半个盛唐c: 你一看就输
[2026-02-22 00:02:58] LvvsiN: 别解说了 多聊会天 你不会真的以为能输吧
[2026-02-22 00:02:59] 用户捌捌肆捌: 让你开双倍你耳朵🐉吗？让你开双倍你耳朵🐉吗？让你开双倍你耳朵🐉吗？让你开双倍你耳朵🐉吗？
[2026-02-22 00:02:59] 薛茂华真帅啊哈哈哈: 我朋友千早爱音给你送钻石粉丝你咋不谢谢他？
[2026-02-22 00:02:59] 羽川翼的恋爱物语: 你问我吗
[2026-02-22 00:02:59] TheMongolZ的上单本人: 我朋友千早爱音给你送钻石粉丝你咋不谢谢他？
[2026-02-22 00:02:59] 龍仔ww: 卧槽我被禁言了。。。😨
[2026-02-22 00:02:59] orzor2900: @Karrigan：也许🐕💩才刚刚粘上
[2026-02-22 00:03:00] 血盟骑士团的Asuna本人: 机器我已经三分钟没听到gla1ve应聘教练的故事了
[2026-02-22 00:03:00] fa来ze苦的疯穿箱子: 怀恋最好的五个人：蛋监，总特，难翻，死人，开荣
[2026-02-22 00:03:00] 离婚就看玩机器: ...
[2026-02-22 00:03:01] LvvsiN: 南孚一节更比六节强，也就是一节南孚比六节南孚强，六节南孚比三十六节强，三十六节比二百一十六节强
[2026-02-22 00:03:01] 小小青蛙输风雨: 【各主播对zywoo鞭尸jee的反应，玩机器怒喷，zywoo圣人点数恐清零】BV13iYZzSExT
[2026-02-22 00:03:01] 猫心碎会失去几条命: 现在不敢读了，你去年ewc谢飞机的牛劲呢？
[2026-02-22 00:03:01] 硫氦氧丶: 抓娃娃查看活动＞
[2026-02-22 00:03:01] 氦氖氩氪氙氡氕氘氚: ？
[2026-02-22 00:03:02] TYLOO龙神: 抓娃娃
[2026-02-22 00:03:02] 念旧丶Meteor丶丶: 你一看就输
[2026-02-22 00:03:02] 薛茂华真帅啊哈哈哈: 我朋友千早爱音给你送钻石粉丝你咋不谢谢他？
[2026-02-22 00:03:02] REZE4254: 【各主播对zywoo鞭尸jee的反应，玩机器怒喷，zywoo圣人点数恐清零】BV13iYZzSExT
[2026-02-22 00:03:02] 永远的克罗娜: 机器，我只希望你能轻松快乐的直播......
[2026-02-22 00:03:02] 房同学19554: 碗橱你还不开双倍，是不想要我手里这十个荧光棒了？⊂[┐'_'┌]⊃
[2026-02-22 00:03:02] W美利坚香蕉君W: 也行勾💩才刚刚黏上
[2026-02-22 00:03:03] LvvsiN: 南孚一节更比六节强，也就是一节南孚比六节南孚强，六节南孚比三十六节强，三十六节比二百一十六节强
[2026-02-22 00:03:03] fa来ze苦的疯穿箱子: 怀恋最好的五个人：蛋监，总特，难翻，死人，开荣
[2026-02-22 00:03:03] 好兄弟本泽马: 陈千雨不行
[2026-02-22 00:03:03] samuraionnna: 老汤r了
[2026-02-22 00:03:03] 打电脑不要怂: +++++++++++
[2026-02-22 00:03:03] 想吃丰川祥子的狱卒: ⚠本弹幕用来检测是否被封⚠
[2026-02-22 00:03:03] mmc88dj: 小福星
[2026-02-22 00:03:03] 豆腐哒哒哒哒: 为什么这个赛事的设备定妆照这么像唐宝
[2026-02-22 00:03:03] VDVCI的迪米特里本人: 玩别放弃跟我们，广大网民笑哈哈
[2026-02-22 00:03:04] 血盟骑士团的Asuna本人: 机器我已经三分钟没听到gla1ve应聘教练的故事了
[2026-02-22 00:03:04] 玩机器粉丝刘力源本人: 抓娃娃
[2026-02-22 00:03:05] 薛茂华真帅啊哈哈哈: 我朋友千早爱音给你送钻石粉丝你咋不谢谢他？
[2026-02-22 00:03:05] 火猫一哥亦博易勃: 不考东西，看就死
[2026-02-22 00:03:05] 烟鬼安德鲁: 让我看看你这把怎么翻
[2026-02-22 00:03:05] LvvsiN: 别解说了 多聊会天 你不会真的以为能输吧
[2026-02-22 00:03:05] Ka1oto: 舞台在哪
[2026-02-22 00:03:05] 风雪夜归人aas: 老酱
[2026-02-22 00:03:05] 足音: 你一看就输
[2026-02-22 00:03:06] 买个保险: 卧槽我被禁言了。。。😨
[2026-02-22 00:03:06] 猛啃玩机器香肠: 抓娃娃查看活动＞
[2026-02-22 00:03:07] 薛茂华真帅啊哈哈哈: 我朋友千早爱音给你送钻石粉丝你咋不谢谢他？
[2026-02-22 00:03:07] 若叶睦吃苦瓜: 卧槽我被拉黑了。。。😨
[2026-02-22 00:03:07] fa来ze苦的疯穿箱子: 怀恋最好的五个人：蛋监，总特，难翻，死人，开荣
[2026-02-22 00:03:07] LvvsiN: 你这音画不同步太难受了，我都听到NIKO里约RMR晋级的欢呼了
[2026-02-22 00:03:07] 丿年华不再: ⚠本弹幕用来检测是否被封⚠
[2026-02-22 00:03:08] lvvyzy: 机器，我只希望你能轻松快乐的直播......
[2026-02-22 00:03:08] RabbitRay: poi
[2026-02-22 00:03:08] C0ncerto: 机器我已经三分钟没听到gla1ve应聘教练的故事了
[2026-02-22 00:03:08] 万能的鸵鸟: 翻了
[2026-02-22 00:03:09] 洗內: 夕立
[2026-02-22 00:03:09] 血盟骑士团的Asuna本人: 机器我已经三分钟没听到gla1ve应聘教练的故事了
[2026-02-22 00:03:09] 薛茂华真帅啊哈哈哈: 我朋友千早爱音给你送钻石粉丝你咋不谢谢他？
[2026-02-22 00:03:09] LvvsiN: 弹幕也就网上说说，现实里谁不觉得樱姐是好女孩（删括号领一条远坂凛同款鸟笼）
[2026-02-22 00:03:09] 丶丶Ken丶丶: 碗橱你还不开双倍，是不想要我手里这十个荧光棒了？⊂[┐'_'┌]⊃
[2026-02-22 00:03:10] 大藏游星之jame粉丝: 也许比赛才刚刚开始
[2026-02-22 00:03:10] 白曦黎: 别解说了 多聊会天 你不会真的以为能输吧
[2026-02-22 00:03:10] wantrue: 【各主播对zywoo鞭尸jee的反应，玩机器怒喷，zywoo圣人点数恐清零】BV13iYZzSExT
[2026-02-22 00:03:10] 命运叫我去战斗:  @Karrigan：也许🐕💩才刚刚粘上
[2026-02-22 00:03:10] 从零开始的加拿大肄业: ⚠本弹幕用来检测是否被封⚠
[2026-02-22 00:03:10] 半个盛唐c: 碗橱你还不开双倍，是不想要我手里这十个荧光棒了？⊂[┐'_'┌]⊃
[2026-02-22 00:03:11] 柠黛爻硫宝宝们最棒啦: ？
[2026-02-22 00:03:11] 玩机器是我霸: 有人觉得藕粉很像克里斯蒂亚诺多斯桑托斯阿伟罗吗…
[2026-02-22 00:03:11] Q1ed7f9c85b3bc7571: 卧槽我被禁言了。。。😨卧槽我被禁言了。。
[2026-02-22 00:03:11] 米米世界之神:  我会一直顺🥳顺顺顺顺顺🥳顺风又顺水🥳还要顺财神🥳
[2026-02-22 00:03:11] 薛茂华真帅啊哈哈哈: 我朋友千早爱音给你送钻石粉丝你咋不谢谢他？
[2026-02-22 00:03:12] 爱音乐的小橘子: 不用看
[2026-02-22 00:03:12] LvvsiN: 银行业😄银行业😀银行业😃银行业😁银行业😆银行业🤪银行业😝
[2026-02-22 00:03:12] 玉米卧槽: 翻了
[2026-02-22 00:03:12] Kli0s: 刘农
[2026-02-22 00:03:12] G4RYPU: 卧槽我被禁言了。。。😨
[2026-02-22 00:03:12] qqwq111: 卧槽我被禁言了。。。😨
[2026-02-22 00:03:12] 约约艾艾武道大会冠军: 夕立
[2026-02-22 00:03:12] 好的好的阖家: 卧槽我被niko鞭尸了。。。😨
[2026-02-22 00:03:13] 逍遥的F: poi
[2026-02-22 00:03:13] 永远的克罗娜: 机器，我只希望你能轻松快乐的直播......
[2026-02-22 00:03:13] 与沫与婷: 夕立
[2026-02-22 00:03:13] 埋骨于弘川227: 半年没刷批雨了
[2026-02-22 00:03:13] 血盟骑士团的Asuna本人: 机器我已经三分钟没听到gla1ve应聘教练的故事了
[2026-02-22 00:03:13] Error404UMP45: 不考东西，看就死
[2026-02-22 00:03:13] 求奶水友申不到EPFL: poi
[2026-02-22 00:03:13] 鹿公爷: 批汤
[2026-02-22 00:03:13] 明天开始要牛马归棚了: 大家把手举起来给刘农力量🖐😭🖐大家把手举起来给刘农力量🖐😭🖐
[2026-02-22 00:03:13] 薛茂华真帅啊哈哈哈: 我朋友千早爱音给你送钻石粉丝你咋不谢谢他？
[2026-02-22 00:03:13] RoseIia的凑友希那本人: 机器，我只希望你能轻松快乐的直播......
[2026-02-22 00:03:13] 起个好名好难: 【各主播对zywoo鞭尸jee的反应，玩机器怒喷，zywoo圣人点数恐清零】BV13iYZzSExT
[2026-02-22 00:03:13] Reality89877: 机器我已经三分钟没听到gla1ve应聘教练的故事了
[2026-02-22 00:03:15] lonhkfd: 机器我已经三分钟没听到gla1ve应聘教练的故事了
[2026-02-22 00:03:15] Ggmftye: 批汤
[2026-02-22 00:03:15] 劉膿dewasu: wjq真的能看似dad啊。。。
[2026-02-22 00:03:15] 玩刘农device: 刘农
[2026-02-22 00:03:15] 放键丰川祥: ⚠本弹幕用来检测是否被封⚠
[2026-02-22 00:03:15] Hakurei-Re1mu: 皮糖
[2026-02-22 00:03:15] 精神病狼: poi
[2026-02-22 00:03:15] 听说改名能中奖是八: 刘农
[2026-02-22 00:03:15] 椎名立希的泪痣: 婆姨
[2026-02-22 00:03:15] HCS118: 刘农
[2026-02-22 00:03:15] 用户5608006019: 你一看就输
[2026-02-22 00:03:15] 爷直接青回:  @Karrigan：也许🐕💩才刚刚粘上
[2026-02-22 00:03:15] 好兄弟本泽马: 小福星来了
[2026-02-22 00:03:15] GlasgowJSzhang: 抓娃娃
[2026-02-22 00:03:16] 无名的小帅: 您以被全站禁言
[2026-02-22 00:03:16] 凝视深渊丶玩叽叽: 刘农
[2026-02-22 00:03:16] Tim1cc: 刘农
[2026-02-22 00:03:16] 玩指挥丶NiKo: 皮糖
[2026-02-22 00:03:16] fa来ze苦的疯穿箱子: 怀恋最好的五个人：蛋监，总特，难翻，死人，开荣
[2026-02-22 00:03:17] 大藏游星之jame粉丝: 也许比赛才刚刚开始
[2026-02-22 00:03:17] 月落汐上: 小福星
[2026-02-22 00:03:17] 伊森鸽丶不打烊: 《鞭我喜欢的选手比如老汤我肯定要喷》《哈哈还鞭到老汤身上了》《由于对方隐私设置无法查看空间》
[2026-02-22 00:03:17] vitality的明日香本人: ⚠本弹幕用来检测是否被封⚠
[2026-02-22 00:03:17] 佐藤零丶: 怀恋最好的五个人：蛋监，总特，难翻，死人，开荣
[2026-02-22 00:03:17] 天际之光90830: @夜雨落花： @Karrigan：也许🐕💩才刚刚粘上
[2026-02-22 00:03:17] Ha1baraAi丶: 0作用
[2026-02-22 00:03:17] Ka1oto: 老爸局外人
[2026-02-22 00:03:17] 血盟骑士团的Asuna本人: 机器我已经三分钟没听到gla1ve应聘教练的故事了
[2026-02-22 00:03:17] VDVCI的迪米特里本人: ⚠本弹幕用来检测是否被封⚠
[2026-02-22 00:03:17] 马楼King张三: 老汤逛街
[2026-02-22 00:03:17] 薛茂华真帅啊哈哈哈: 我朋友千早爱音给你送钻石粉丝你咋不谢谢他？
[2026-02-22 00:03:18] Kanapii: 抓娃娃
[2026-02-22 00:03:18] 火猫一哥亦博易勃: 不考东西，看就死
[2026-02-22 00:03:18] NiP的Dev1Ce本人: 卧槽我被禁言了。。。😨卧槽我被禁言了。。
[2026-02-22 00:03:18] Lack13: 刘农
[2026-02-22 00:03:19] 朝霧MisTy: 这把老汤也该狙一个的
[2026-02-22 00:03:19] 一条无梦鱼: 刘农
[2026-02-22 00:03:19] 七秒中的绝唱丶: 老爸倒了
[2026-02-22 00:03:19] 轻伤酱: 刘农没意外
[2026-02-22 00:03:19] 不知名贝斯手: 夕立
[2026-02-22 00:03:19] 欧内的手丨好汉: ⚠本弹幕用来检测是否被封⚠
[2026-02-22 00:03:20] 流光似水321: 夕立
[2026-02-22 00:03:20] 猫心碎会失去几条命: 现在不敢读了，你去年ewc谢飞机的牛劲呢？
[2026-02-22 00:03:20] 丿加载失败: ⚠本弹幕用来检测是否被封⚠
[2026-02-22 00:03:20] 薛茂华真帅啊哈哈哈: 我朋友千早爱音给你送钻石粉丝你咋不谢谢他？
[2026-02-22 00:03:20] 无7441158: 大家把手举起来给刘农力量🖐😭🖐大家把手举起来给刘农力量🖐😭🖐
[2026-02-22 00:03:20] JiJieHao的BOROS本人: 老汤也该接一个的
[2026-02-22 00:03:20] 羽川翼的恋爱物语: 我看到你了
[2026-02-22 00:03:20] eqqiu: 老汤又被一脚踢死了
[2026-02-22 00:03:20] 吹雪之岚: poi
[2026-02-22 00:03:21] Khrubov: 夕立
[2026-02-22 00:03:21] DDD是就我: ⚠本弹幕用来检测是否被封⚠
[2026-02-22 00:03:21] 大善心: 老汤可惜在哪
[2026-02-22 00:03:21] LvvsiN: 南孚一节更比六节强，也就是一节南孚比六节南孚强，六节南孚比三十六节强，三十六节比二百一十六节强
[2026-02-22 00:03:21] 猎鹰的Gild本人: 夕立！
[2026-02-22 00:03:21] MeIoN39: ⚠本弹幕用来检测是否被封⚠
[2026-02-22 00:03:21] 血盟骑士团的Asuna本人: 机器我已经三分钟没听到gla1ve应聘教练的故事了
[2026-02-22 00:03:21] 薛茂华真帅啊哈哈哈: 我朋友千早爱音给你送钻石粉丝你咋不谢谢他？
[2026-02-22 00:03:21] 正经猪头肉: 这老汤真TM废啊
[2026-02-22 00:03:22] Graffiti_acfun: ⚠本弹幕用来检测是否被封⚠
[2026-02-22 00:03:22] 房同学19554: 碗橱你还不开双倍，是不想要我手里这十个荧光棒了？⊂[┐'_'┌]⊃
[2026-02-22 00:03:22] 犭火夕卜其斤: ++++++++++++++++
[2026-02-22 00:03:22] 好姐妹抹茶芭菲:  @Karrigan：也许🐕💩才刚刚粘上
[2026-02-22 00:03:23] 千早唐阿诺: 老爸倒了
[2026-02-22 00:03:23] 御坂32512: ⚠本弹幕用来检测是否被封⚠
[2026-02-22 00:03:23] 乌鸦晒不黑: ⚠本弹幕用来检测是否被封⚠
[2026-02-22 00:03:23] 无情道毕业生: 老爸倒了
[2026-02-22 00:03:23] 审查账号: 那是VR头显
[2026-02-22 00:03:23] 薛茂华真帅啊哈哈哈: 我朋友千早爱音给你送钻石粉丝你咋不谢谢他？
[2026-02-22 00:03:24] Cloud9的咬人猫本人: 潘宏爱玩狗的玩狗原来是你啊
[2026-02-22 00:03:24] 伊森鸽丶不打烊: 《鞭我喜欢的选手比如老汤我肯定要喷》《哈哈还鞭到老汤身上了》《由于对方隐私设置无法查看空间》】
[2026-02-22 00:03:24] Axion0808: 夕立
[2026-02-22 00:03:24] CN传奇指挥advent: device也太fw了
[2026-02-22 00:03:24] 空白Zzz丶: 收到
[2026-02-22 00:03:24] 老人星的优秀素质本人: 机器我已经三分钟没听到gla1ve应聘教练的故事了
[2026-02-22 00:03:24] v塔立体的猪头肉本人: ++++++++++++++++++
[2026-02-22 00:03:24] Tin23c: 战术目镜
[2026-02-22 00:03:25] 太惠了: 这是什么
[2026-02-22 00:03:25] aruiketto: ⚠本弹幕用来检测是否被封⚠
[2026-02-22 00:03:28] LvvsiN: 你屏蔽词都快赶上新华词典了为什么不干脆开一百级发言？
[2026-02-22 00:03:28] 過龍門師母剋星尹志平: 换台吧 一会给老爸看死了
[2026-02-22 00:03:28] 薛茂华真帅啊哈哈哈: 我朋友千早爱音给你送钻石粉丝你咋不谢谢他？
[2026-02-22 00:03:28] 伊森鸽丶不打烊: 《鞭我喜欢的选手比如老汤我肯定要喷》《哈哈还鞭到老汤身上了》《由于对方隐私设置无法查看空间》
[2026-02-22 00:03:28] fa来ze苦的疯穿箱子: 怀恋最好的五个人：蛋监，总特，难翻，死人，开荣
[2026-02-22 00:03:28] Vitality的Zyw0o本人: 机器你能说一句也许比赛才刚刚开始吗
[2026-02-22 00:03:28] 好兄弟晓山瑞希: 蒙眼play
[2026-02-22 00:03:28] 用户81433118: 老汤可惜在哪
[2026-02-22 00:03:28] 哦斯特哦哦: 老汤又被一脚踢死了
[2026-02-22 00:03:28] 血盟骑士团的Asuna本人: 机器我已经三分钟没听到gla1ve应聘教练的故事了
[2026-02-22 00:03:28] 火爆浪子zz: 刘农
[2026-02-22 00:03:28] LvvsiN: 你这音画不同步太难受了，我都听到NIKO里约RMR晋级的欢呼了
[2026-02-22 00:03:28] 虎皮奶酪: ⚠本弹幕用来检测是否被封⚠
[2026-02-22 00:03:28] 龍仔ww: 爆
[2026-02-22 00:03:28] 蜗牛蜗牛你快快走: 《鞭我喜欢的选手比如老汤我肯定要喷》《哈哈还鞭到老汤身上了》《由于对方隐私设置无法查看空间》】
[2026-02-22 00:03:28] 薛茂华真帅啊哈哈哈: 我朋友千早爱音给你送钻石粉丝你咋不谢谢他？
[2026-02-22 00:03:28] 唦卡井一一一: 碗橱你还不开双倍，是不想要我手里这十个荧光棒了？⊂[┐'_'┌]⊃
[2026-02-22 00:03:28] 没做错就是对吗: 67
[2026-02-22 00:03:28] 圣诞节二人组: 碗橱你还不开双倍，是不想要我手里这十个荧光棒了？⊂[┐'_'┌]⊃
[2026-02-22 00:03:28] 伊森鸽丶不打烊: 《鞭我喜欢的选手比如老汤我肯定要喷》《哈哈还鞭到老汤身上了》《由于对方隐私设置无法查看空间》】
[2026-02-22 00:03:28] 暴力卓司: 刘农
[2026-02-22 00:03:28] BleksiA: 这不就是眼罩？
[2026-02-22 00:03:28] 我爱lick宫监蜡烛: popipa pipopa popipapapipopa
[2026-02-22 00:03:28] 莫塔里家的珂莱塔本人: 这不是逆转裁判3里那个造型
[2026-02-22 00:03:29] Notatall: 我看到你们了！
[2026-02-22 00:03:29] 正经猪头肉: 爆
[2026-02-22 00:03:29] 与沫与婷: 所罗门死神
[2026-02-22 00:03:29] 深巷里的少年与猫丿: 刘农
[2026-02-22 00:03:29] cloudsky12: 　　　 ⚠本弹幕用来检测是否被封⚠
[2026-02-22 00:03:30] 薛茂华真帅啊哈哈哈: 我朋友千早爱音给你送钻石粉丝你咋不谢谢他？
[2026-02-22 00:03:30] 掀茄子桌的玩机器本人: 刘农
[2026-02-22 00:03:30] 素6666: 盲人怎么玩的
[2026-02-22 00:03:30] 机器机器祝你天天开心: 爆
[2026-02-22 00:03:30] 玩指挥丶NiKo: 引导
[2026-02-22 00:03:30] 明天开始要牛马归棚了: 刘农
[2026-02-22 00:03:31] 玩机器你能不能闭嘴: 机器你能不能叫底下那个丝竹闭嘴，影响我听演播厅三位分析师的解说了
[2026-02-22 00:03:31] 龙龙虾虾爱软脚: 为什么
[2026-02-22 00:03:31] 帕金森患者Z: ⚠本弹幕用来检测是否被封⚠
[2026-02-22 00:03:31] KuronekoSummer: mouz
[2026-02-22 00:03:31] 血盟骑士团的Asuna本人: 机器我已经三分钟没听到gla1ve应聘教练的故事了
[2026-02-22 00:03:31] 伊森鸽丶不打烊: 《鞭我喜欢的选手比如老汤我肯定要喷》《哈哈还鞭到老汤身上了》《由于对方隐私设置无法查看空间》】
[2026-02-22 00:03:31] Notatall: 我看到你们了！我看到你们了！
[2026-02-22 00:03:32] 想要玩玩玩玩的JJ: 刘农
[2026-02-22 00:03:32] 薛茂华真帅啊哈哈哈: 我朋友千早爱音给你送钻石粉丝你咋不谢谢他？
[2026-02-22 00:03:32] 玩火炉丶Stove: 刘农
[2026-02-22 00:03:32] 爱音乐的小橘子: 6元粉丝牌➕1，1元不要➕
[2026-02-22 00:03:32] 尼桑YATO: 秃头
[2026-02-22 00:03:33] 满澜18906: 刘农
[2026-02-22 00:03:33] 马楼King张三: 别墅杯趣事
[2026-02-22 00:03:33] 丶丶Ken丶丶: device也太fw了
[2026-02-22 00:03:33] xOcOg: 目前大东指挥5回合，设备指挥12回合，大东指挥设备送5次，设备指挥大东杀10个
[2026-02-22 00:03:33] LvvsiN: 你屏蔽词都快赶上新华词典了为什么不干脆开一百级发言？
[2026-02-22 00:03:34] 伊森鸽丶不打烊: 《鞭我喜欢的选手比如老汤我肯定要喷》《哈哈还鞭到老汤身上了》《由于对方隐私设置无法查看空间》
[2026-02-22 00:03:34] 绚辻小小词: 呼➗
[2026-02-22 00:03:34] 我知道的一点也不多: 换台吧 一会给老爸看死了
[2026-02-22 00:03:34] 铲车司机戴家伟: 兄弟们他看弹幕！！加大力度！！
[2026-02-22 00:03:34] 薛茂华真帅啊哈哈哈: 我朋友千早爱音给你送钻石粉丝你咋不谢谢他？
[2026-02-22 00:03:34] 柠黛爻硫宝宝们最棒啦: 流脓
[2026-02-22 00:03:34] 玩斯特出出6657: 乃罩
[2026-02-22 00:03:34] 好姐妹太卜司符玄: 《鞭我喜欢的选手比如老汤我肯定要喷》《哈哈还鞭到老汤身上了》《由于对方隐私设置无法查看空间》
[2026-02-22 00:03:34] 带子全拽掉: ⚠本弹幕用来检测是否被封⚠
[2026-02-22 00:03:35] 葬舞群花泪: 对面有士兵76没办法
[2026-02-22 00:03:35] Q1ed7f9c85b3bc7571: 引导
[2026-02-22 00:03:35] 好的好的阖家: ⚠本弹幕用来检测是否被封⚠
[2026-02-22 00:03:35] 没有故事的Pluto: 秃顶
[2026-02-22 00:03:35] 京京孩孩majo冠军: 弹幕别串玩机器双标了😭😭😭串到他心里他真登山
[2026-02-22 00:03:36] LvvsiN: 就tm喜欢银行业🥰银行坏账我喜欢🥰银行挤兑我还喜欢😍利率调低我也喜欢🤤老子亲烂银行业的脸😘
[2026-02-22 00:03:36] 羽川翼的恋爱物语: 护额
[2026-02-22 00:03:36] 伊森鸽丶不打烊: 《鞭我喜欢的选手比如老汤我肯定要喷》《哈哈还鞭到老汤身上了》《由于对方隐私设置无法查看空间》】
[2026-02-22 00:03:36] 静寂风: ？
[2026-02-22 00:03:36] 薛茂华真帅啊哈哈哈: 我朋友千早爱音给你送钻石粉丝你咋不谢谢他？
[2026-02-22 00:03:36] 滨辺美波: 刘农
[2026-02-22 00:03:36] Collapsar00123: 《鞭我喜欢的选手比如老汤我肯定要喷》《哈哈还鞭到老汤身上了》《由于对方隐私设置无法查看空间》
[2026-02-22 00:03:37] orzor2900: @Karrigan：也许🐕💩才刚刚粘上
[2026-02-22 00:03:37] 改了名字能中奖666: 为什么不能戴帽子
[2026-02-22 00:03:37] 无情道毕业生: 怀恋最好的五个人：蛋监，总特，难翻，死人，开荣
[2026-02-22 00:03:37] RabbitRay: 怎么还有蒙眼比赛的
[2026-02-22 00:03:37] 明天开始要牛马归棚了: @dev1ce：哈哈哈哈，儿子，爹丢不丢人？爹菜不菜？（开心地空枪）😁
[2026-02-22 00:03:38] 老苦瓜贝多芬: 机器我已经三分钟没听到gla1ve应聘教练的故事了
[2026-02-22 00:03:38] 很Low的V: 那他为啥戴帽子
[2026-02-22 00:03:38] 劉膿dewasu: ⚠本弹幕用来检测是否被封⚠
[2026-02-22 00:03:38] 我爱lick宫监蜡烛: popipa pipopa popipapapipopa
[2026-02-22 00:03:38] 龍仔ww: 战术目镜
[2026-02-22 00:03:38] 白皇的三千院Nagi本人: 战术目镜启动
[2026-02-22 00:03:38] 伊森鸽丶不打烊: 《鞭我喜欢的选手比如老汤我肯定要喷》《哈哈还鞭到老汤身上了》《由于对方隐私设置无法查看空间》
[2026-02-22 00:03:38] 薛茂华真帅啊哈哈哈: 我朋友千早爱音给你送钻石粉丝你咋不谢谢他？
[2026-02-22 00:03:38] 小城的城哦: 秃顶
[2026-02-22 00:03:39] 衰不老: 抓娃娃
[2026-02-22 00:03:39] BillionBet亿博电子: 《鞭我喜欢的选手比如老汤我肯定要喷》《哈哈还鞭到老汤身上了》《由于对方隐私设置无法查看空间》】
[2026-02-22 00:03:39] 玩跳丹jampegg: 弹幕别串玩机器双标了😭😭😭串到他心里他真登山
[2026-02-22 00:03:39] 京京孩孩majo冠军: 弹幕别串玩机器双标了😭😭😭串到他心里他真登山
[2026-02-22 00:03:39] 血盟骑士团的Asuna本人: 机器我已经三分钟没听到gla1ve应聘教练的故事了
[2026-02-22 00:03:40] EnVyUs的apEX本人: 不带mouz
[2026-02-22 00:03:40] 好哥们张顺飞: 这艺术冰霜是在cos盲僧吗
[2026-02-22 00:03:40] 不知道能取什么名字: 6元粉丝牌➕1，1元不要➕
[2026-02-22 00:03:40] 苦来兮苦的祥子本人: 呼➗
[2026-02-22 00:03:40] 薛茂华真帅啊哈哈哈: 我朋友千早爱音给你送钻石粉丝你咋不谢谢他？
[2026-02-22 00:03:40] 伊森鸽丶不打烊: 《鞭我喜欢的选手比如老汤我肯定要喷》《哈哈还鞭到老汤身上了》《由于对方隐私设置无法查看空间》】
[2026-02-22 00:03:40] koleer: 剃光头算了吧，这地中海
[2026-02-22 00:03:40] 工藤小姐的吉他: 油里多里米多里poi
[2026-02-22 00:03:41] KuronekoSummer: mouz
[2026-02-22 00:03:41] 用户865861078: 你这声音延迟也太大了，我都听到niko善意互动的声音了
[2026-02-22 00:03:41] 歌谷爱墨迹: 对面有士兵76没办法
[2026-02-22 00:03:41] Oasis0917: 流脓
[2026-02-22 00:03:41] 凝视深渊丶玩叽叽: 为什么不能戴帽子
[2026-02-22 00:03:42] 白河日和: 秃
[2026-02-22 00:03:42] CheZed: 修复头盔
[2026-02-22 00:03:42] stonezyx: 他为啥要带啊？
[2026-02-22 00:03:42] 贪睡丶森: [尴尬][尴尬][尴尬][尴尬][尴尬][尴尬][尴尬][尴尬][尴尬][尴尬][尴尬][尴尬][尴
[2026-02-22 00:03:42] 沉默喵: 老鼠怎么这么坏
[2026-02-22 00:03:42] 带魔FA师: 护额
[2026-02-22 00:03:42] 薛茂华真帅啊哈哈哈: 我朋友千早爱音给你送钻石粉丝你咋不谢谢他？
[2026-02-22 00:03:43] 我变扁了: 卫生巾
[2026-02-22 00:03:43] 正经猪头肉: 爆
[2026-02-22 00:03:43] 芝士秋刀鱼a: 有 nota 被偶像鞭难受吗
[2026-02-22 00:03:43] 无责任评论员: 忍者护额
[2026-02-22 00:03:43] 梓川不是辛川: 战术目镜启动
[2026-02-22 00:03:43] 空樱琉璃: ⚠本弹幕用来检测是否被封⚠
[2026-02-22 00:03:44] LvvsiN: 南孚一节更比六节强，也就是一节南孚比六节南孚强，六节南孚比三十六节强，三十六节比二百一十六节强
[2026-02-22 00:03:44] cccexe: 为什么不让戴帽子
[2026-02-22 00:03:44] 血盟骑士团的Asuna本人: 机器我已经三分钟没听到gla1ve应聘教练的故事了
[2026-02-22 00:03:44] 火星情报员工: 别墅杯趣事
[2026-02-22 00:03:44] CaoplanE: 卫生巾
[2026-02-22 00:03:44] SKT的Faker本人: 机器我已经三分钟没听到gla1ve应聘教练的故事了
[2026-02-22 00:03:44] 红烧玩机器: 莱罩
[2026-02-22 00:03:44] 猫鼬斩Zz: 战术目镜
[2026-02-22 00:03:45] 求奶一事无成: @dev1ce：哈哈哈哈，儿子，爹丢不丢人？爹菜不菜？（开心地空枪）😁
[2026-02-22 00:03:45] 曲奇三梦: ？
[2026-02-22 00:03:45] v塔立体的猪头肉本人: 一视同仁？别带玩神节奏啊
[2026-02-22 00:03:45] 机器机器祝你天天开心: x-ray
[2026-02-22 00:03:45] 伊森鸽丶不打烊: 《鞭我喜欢的选手比如老汤我肯定要喷》《哈哈还鞭到老汤身上了》《由于对方隐私设置无法查看空间》
[2026-02-22 00:03:45] 普通网友小沈: @nota:我最喜欢的选手是Niko@Niko：💀🔫😆
[2026-02-22 00:03:45] HXCHYH: 目前大东指挥5回合，设备指挥12回合，大东指挥设备送5次，设备指挥大东杀10个
[2026-02-22 00:03:46] Oasis我的最爱: 抓娃娃查看详情〉
[2026-02-22 00:03:46] ltachi7: 帽沿
[2026-02-22 00:03:46] 玉米卧槽: 100%
[2026-02-22 00:03:46] Moe1e: 《鞭我喜欢的选手比如老汤我肯定要喷》《哈哈还鞭到老汤身上了》《由于对方隐私设置无法查看空间》
[2026-02-22 00:03:46] 用户8469086525: 机器我已经三分钟没听到gla1ve应聘教练的故事了
[2026-02-22 00:03:47] 贪睡丶森: [害羞][害羞][害羞][害羞][害羞][害羞]
[2026-02-22 00:03:47] 胡椒胡椒胡椒胡椒胡椒: 盲僧
[2026-02-22 00:03:47] 正经猪头肉: 水鬼来了
[2026-02-22 00:03:47] 落叶悠哉落: 原来他戴帽子是因为谢顶吗
[2026-02-22 00:03:47] 薛茂华真帅啊哈哈哈: 我朋友千早爱音给你送钻石粉丝你咋不谢谢他？
[2026-02-22 00:03:47] 海鲜业大虾大虾Niko: 哥哥来了
[2026-02-22 00:03:47] Kis4ki: 哥哥
[2026-02-22 00:03:47] 伊森鸽丶不打烊: 《鞭我喜欢的选手比如老汤我肯定要喷》《哈哈还鞭到老汤身上了》《由于对方隐私设置无法查看空间》】
[2026-02-22 00:03:47] 酷拽帅死一条街: 爆
[2026-02-22 00:03:48] N1Ko28: 年纪这么小就秃头了阿 有点惨把
[2026-02-22 00:03:48] 梦的星: 我将启动高达形态
[2026-02-22 00:03:48] 好兄弟本泽马: 爆
[2026-02-22 00:03:48] 涼風涼風涼: 秃
[2026-02-22 00:03:48] 血盟骑士团的Asuna本人: 机器我已经三分钟没听到gla1ve应聘教练的故事了
[2026-02-22 00:03:49] 我永远喜歡冬马和纱: 怀恋最好的五个人：蛋监，总特，难翻，死人，开荣
[2026-02-22 00:03:49] 好兄弟晓山瑞希: vr
[2026-02-22 00:03:49] 妖怪之山的菅牧典本人: popipa pipopa popipapapipopa
[2026-02-22 00:03:49] 丨Don1t丨: ~
[2026-02-22 00:03:49] G2的device本人: 哥哥
[2026-02-22 00:03:49] AlLTZZZ: 脱发
[2026-02-22 00:03:49] 林檎的檎: 哥哥
[2026-02-22 00:03:49] 玩神的欢喜好有嚼劲: 不是玩神不敢回复，完胜
[2026-02-22 00:03:49] 命运叫我去战斗:  @Karrigan：也许🐕💩才刚刚粘上
[2026-02-22 00:03:50] 綾夏Ayana: 玩机器之老汤被鞭一笑而过但你鞭了我喜欢的选手！我就要喷！玩宝宝太性情了
[2026-02-22 00:03:50] 伊森鸽丶不打烊: 《鞭我喜欢的选手比如老汤我肯定要喷》《哈哈还鞭到老汤身上了》《由于对方隐私设置无法查看空间》】
[2026-02-22 00:03:50] L0Ne1yZeNny2: 爆！爆！爆！爆！爆！爆！爆！爆！爆！爆！爆！
[2026-02-22 00:03:50] dddd0106: 谁没有呢
[2026-02-22 00:03:50] Acm3Omn1: 抓娃娃
[2026-02-22 00:03:50] 不知搞事为何物: 带了有啥用
[2026-02-22 00:03:50] 好姐妹抹茶芭菲: 有 nota 被偶像鞭难受吗
[2026-02-22 00:03:50] 我怀疑你是大jjgir: 哥哥
[2026-02-22 00:03:50] Kinap: 护额
[2026-02-22 00:03:51] GF-of-GotohHitori、Kita: 艺术冰霜戴帽子主要是秃顶的原因吧
[2026-02-22 00:03:51] 听说改名能中奖是八: 哥哥
[2026-02-22 00:03:51] WA2的冬斯特马马本人: 目前大东指挥5回合，设备指挥12回合，大东指挥设备送5次，设备指挥大东杀10个
[2026-02-22 00:03:51] 积极博弈GGB: 生发眼罩
[2026-02-22 00:03:51] 猎鹰的Gild本人: 暴了
[2026-02-22 00:03:52] 罗昂纳多: 怀念最好的四个人
[2026-02-22 00:03:52] enihcaM器机玩7566: @nota:我最喜欢的选手是Niko@Niko：💀🔫😆
[2026-02-22 00:03:52] 田中口三才: s1ren vs sirah
[2026-02-22 00:03:52] 我爱lick宫监蜡烛: popipa pipopa popipapapipopa
[2026-02-22 00:03:52] Kwarsn: 有 nota 被偶像鞭难受吗
[2026-02-22 00:03:52] zin桀zera: 机器我已经三分钟没听到gla1ve应聘教练的故事了
[2026-02-22 00:03:52] 一条无梦鱼: 有人懂压抑三个月终于可以猛刷刘农的救赎感吗
[2026-02-22 00:03:52] 也是够好笑: 你不就给载物戴过帽子吗
[2026-02-22 00:03:52] 火星情报员工: 水鬼来了
[2026-02-22 00:03:53] 北宇治拳王久石奏: 南孚一节更比六节强，也就是一节南孚比六节南孚强，六节南孚比三十六节强，三十六节比二百一十六节强
[2026-02-22 00:03:53] M4xWi11: 谁没有S冠
[2026-02-22 00:03:53] 芝士秋刀鱼a: 《鞭我喜欢的选手比如老汤我肯定要喷》《哈哈还鞭到老汤身上了》《由于对方隐私设置无法查看空间》
[2026-02-22 00:03:53] 洋芋粑粑头: 哥哥
[2026-02-22 00:03:53] 薛茂华真帅啊哈哈哈: 我朋友千早爱音给你送钻石粉丝你咋不谢谢他？
[2026-02-22 00:03:53] 森林与雁: 有 nota 被偶像鞭难受吗
[2026-02-22 00:03:57] Niko的助产士: @鼠美：不让带MOUZ是什么意思？
[2026-02-22 00:03:57] 贪睡丶森: [害羞][害羞][害羞][害羞][害羞][害羞][害羞][害羞][害羞]
[2026-02-22 00:03:57] 劉膿dewasu: 《鞭我喜欢的选手比如老汤我肯定要喷》《哈哈还鞭到老汤身上了》《由于对方隐私设置无法查看空间》
[2026-02-22 00:03:57] 伊森鸽丶不打烊: 《鞭我喜欢的选手比如老汤我肯定要喷》《哈哈还鞭到老汤身上了》《由于对方隐私设置无法查看空间》】
[2026-02-22 00:03:57] 皮斯特33: 尿罐子
[2026-02-22 00:03:57] everch0sen: 哥哥
[2026-02-22 00:03:57] 第二份半价17225: 抓娃娃查看详情〉
[2026-02-22 00:03:57] chordclef: 机器我已经三分钟没听到gla1ve应聘教练的故事了
[2026-02-22 00:03:57] BCG的s1mple本人: 哥哥来了
[2026-02-22 00:03:57] Tikkkw: 怀恋最好的五个人：蛋监，总特，难翻，死人，开荣
[2026-02-22 00:03:57] 不吃晃的狙击手: 没major的大虾本人
[2026-02-22 00:03:57] 100Tdev1ce: gege
[2026-02-22 00:03:57] N0MORE: 弹幕带🧊节奏的牛劲呢
[2026-02-22 00:03:57] 开洛梦回: 刘农
[2026-02-22 00:03:57] 坝瘫虎出动目标铲车人: popipa pipopa popinparty pipopa！
[2026-02-22 00:03:57] 熊本小孩井芹仁菜本人: 这个sirah怎么跟鼠这么像
[2026-02-22 00:03:57] 心安理得的时候: 哥哥牛逼！
[2026-02-22 00:03:57] 丢丢的夜精灵: 盲僧客串CS
[2026-02-22 00:03:57] 名为射的男人: 叛忍
[2026-02-22 00:03:57] 剑指队: 　　　 🐦也重
[2026-02-22 00:03:57] Cape秋雨: 机器我已经三分钟没听到gla1ve应聘教练的故事了
[2026-02-22 00:03:57] 羽川翼的恋爱物语: 本台记者喻文波为您报道
[2026-02-22 00:03:57] 用户42110893: 目前大东指挥5回合，设备指挥12回合，大东指挥设备送5次，设备指挥大东杀10个
[2026-02-22 00:03:57] Hakurei-Re1mu: 玩 標 誌，如 果 你 用 彈 幕 解 說，你解 說 詞 能 發 出 來 哪 怕 一 半 麼？
[2026-02-22 00:03:57] Cloud9的咬人猫本人: 《鞭我喜欢的选手比如老汤我肯定要喷》《哈哈还鞭到老汤身上了》《由于对方隐私设置无法查看空间》】
[2026-02-22 00:03:57] 京京孩孩majo冠军: 弹幕别串玩机器双标了😭😭😭串到他心里他真登山
[2026-02-22 00:03:57] 爷直接青回: 电子哥位
[2026-02-22 00:03:57] 出生玩机器: 有 nota 被偶像鞭难受吗
[2026-02-22 00:03:58] 贪睡丶森: [尴尬][尴尬][尴尬][尴尬][尴尬][尴尬][尴尬][尴尬]
[2026-02-22 00:03:58] Khrubov: 叛忍
[2026-02-22 00:03:58] 薛茂华真帅啊哈哈哈: 我朋友千早爱音给你送钻石粉丝你咋不谢谢他？
[2026-02-22 00:03:58] mujica的长崎素世本人: 也许比赛才刚刚开始
[2026-02-22 00:03:58] 很久以前Ty: 这么年轻怎么秃了
[2026-02-22 00:03:58] 伊森鸽丶不打烊: 《鞭我喜欢的选手比如老汤我肯定要喷》《哈哈还鞭到老汤身上了》《由于对方隐私设置无法查看空间》】
[2026-02-22 00:03:59] Vovxx: 秃头了年轻人有偶像包袱
[2026-02-22 00:03:59] 白河日和: 以后戴假发
[2026-02-22 00:03:59] 怎么辉逝呢: 反转了，其实是nota的实体爬到了Niko准星上
[2026-02-22 00:04:00] 海鲜业大虾大虾Niko: 别带永远的神节奏
[2026-02-22 00:04:00] 无敌doro大王: 优贼癌没有
[2026-02-22 00:04:00] 房同学19554: 碗橱你还不开双倍，是不想要我手里这十个荧光棒了？⊂[┐'_'┌]⊃
[2026-02-22 00:04:00] 薛茂华真帅啊哈哈哈: 我朋友千早爱音给你送钻石粉丝你咋不谢谢他？
[2026-02-22 00:04:00] 玩机器是我霸: 有人觉得藕粉很像克里斯蒂亚诺多斯桑托斯阿伟罗吗…
[2026-02-22 00:04:00] LvvsiN: 别解说了 多聊会天 你不会真的以为能输吧
[2026-02-22 00:04:00] MeIoN39: 你不就给载物戴过帽子吗
[2026-02-22 00:04:00] 无情道毕业生: 艺术冰霜年纪轻轻的，头发都要掉完了
[2026-02-22 00:04:00] 我爱lick宫监蜡烛: popipa pipopa popipapapipopa
[2026-02-22 00:04:00] 玩大哥舔舔开腥: 机器我已经三分钟没听到gla1ve应聘教练的故事了
[2026-02-22 00:04:01] 玩机器今晚还播吗: ⚠本弹幕用来检测是否被封⚠
[2026-02-22 00:04:01] AlLTZZZ: 艺术冰爽快秃了
[2026-02-22 00:04:01] 伊森鸽丶不打烊: 《鞭我喜欢的选手比如老汤我肯定要喷》《哈哈还鞭到老汤身上了》《由于对方隐私设置无法查看空间》
[2026-02-22 00:04:01] 血盟骑士团的Asuna本人: 机器我已经三分钟没听到gla1ve应聘教练的故事了
[2026-02-22 00:04:01] 贪睡丶森: [害羞][害羞][害羞][害羞][害羞][害羞][害羞][害羞]
[2026-02-22 00:04:02] 我是解说玩鸡器: 死人
[2026-02-22 00:04:02] 薛茂华真帅啊哈哈哈: 我朋友千早爱音给你送钻石粉丝你咋不谢谢他？
[2026-02-22 00:04:02] LvvsiN: 就tm喜欢银行业🥰银行坏账我喜欢🥰银行挤兑我还喜欢😍利率调低我也喜欢🤤老子亲烂银行业的脸😘
[2026-02-22 00:04:03] 海参怎么你了: 机器，我只希望你能轻松快乐的双标（
[2026-02-22 00:04:03] 鸽佬kartoloTG: 水鬼也可以是冰粉
[2026-02-22 00:04:03] 用户4652451607: 《鞭我喜欢的选手比如老汤我肯定要喷》《哈哈还鞭到老汤身上了》《由于对方隐私设置无法查看
[2026-02-22 00:04:03] 綾夏Ayana: 玩机器之老汤被鞭一笑而过但你鞭了我喜欢的选手！我就要喷！玩宝宝太性情了
[2026-02-22 00:04:03] 恺悌君子能几醉: 玩机器你能禁言我多久？
[2026-02-22 00:04:04] VDVCI的迪米特里本人: 玩 標 誌，如 果 你 用 彈 幕 解 說，你解 說 詞 能 發 出 來 哪 怕 一 半 麼？
[2026-02-22 00:04:04] 伊森鸽丶不打烊: 《鞭我喜欢的选手比如老汤我肯定要喷》《哈哈还鞭到老汤身上了》《由于对方隐私设置无法查看空间》】
[2026-02-22 00:04:04] 薛茂华真帅啊哈哈哈: 我朋友千早爱音给你送钻石粉丝你咋不谢谢他？
[2026-02-22 00:04:05] 正直的鸡哥: 尿也中？
[2026-02-22 00:04:05] 贪睡丶森: [尴尬][尴尬][尴尬][尴尬][尴尬][尴尬]
[2026-02-22 00:04:05] 余小强真的很CCC: 左边第五个是载大哥吗？
[2026-02-22 00:04:05] uyygkhil: 电子哥位
[2026-02-22 00:04:05] 北宇治拳王久石奏: 玩 標 誌，如 果 你 用 彈 幕 解 說，你解 說 詞 能 發 出 來 哪 怕 一 半 麼？
[2026-02-22 00:04:05] A队不吃晃的小祥本人: ⓘ您已被天师庄方宜举报封禁，点击了解武陵社会信用
[2026-02-22 00:04:05] 古堡12枪战神: 其实载大哥也有帽子，只是偷偷戴的。有人就抖一下
[2026-02-22 00:04:06] 我没P眼123: 艺术冰霜这么小就秃了么
[2026-02-22 00:04:06] 老苦瓜贝多芬: 这个sirah怎么跟鼠这么像
[2026-02-22 00:04:06] 伊森鸽丶不打烊: 《鞭我喜欢的选手比如老汤我肯定要喷》《哈哈还鞭到老汤身上了》《由于对方隐私设置无法查看空间》
[2026-02-22 00:04:06] 薛茂华真帅啊哈哈哈: 我朋友千早爱音给你送钻石粉丝你咋不谢谢他？
[2026-02-22 00:04:06] LvvsiN: 你这音画不同步太难受了，我都听到NIKO里约RMR晋级的欢呼了
[2026-02-22 00:04:07] 沉醉心头梦: ⚠本弹幕用来检测是否被封⚠
[2026-02-22 00:04:07] ShanoaM: 水鬼来了（捂鼻）
[2026-02-22 00:04:07] 玩刘农device: 处刑
[2026-02-22 00:04:07] A1report: 玩 標 誌，如 果 你 用 彈 幕 解 說，你解 說 詞 能 發 出 來 哪 怕 一 半 麼？
[2026-02-22 00:04:07] 蚊香蝌蚪杨某人: 碗橱你还不开双倍，是不想要我手里这十个荧光棒了？⊂[┐'_'┌]⊃
[2026-02-22 00:04:08] 愿你此生无悲喜: 抓娃娃
[2026-02-22 00:04:08] 无限制的场: 你不就给载物戴过帽子吗
[2026-02-22 00:04:08] 贪睡丶森: [害羞][害羞][害羞][害羞][害羞][害羞][害羞]
[2026-02-22 00:04:08] 薛茂华真帅啊哈哈哈: 我朋友千早爱音给你送钻石粉丝你咋不谢谢他？
[2026-02-22 00:04:08] 神奥联盟的竹兰本人: 《鞭我喜欢的选手比如老汤我肯定要喷》《哈哈还鞭到老汤身上了》《由于对方隐私设置无法查看空间》
[2026-02-22 00:04:08] LvvsiN: 你为什么要把mαjor禁了，我收藏的一半弹幕全毁了
[2026-02-22 00:04:09] 用户0268784457: 载物粉丝也太🗡了吧 知道玩大哥不喜欢载大哥还来找存在感 （捏鼻）
[2026-02-22 00:04:09] Tao7Ge: 处刑
[2026-02-22 00:04:09] YuanSkr: 哥哥
[2026-02-22 00:04:09] 巴巴托斯和莫拉客四: 76来了🏃🏻‍♂️🏃🏻‍♂️🏃🏻‍♂️🏃🏻‍♂️🏃🏻‍♂️🏃🏻‍♂️🏃🏻
[2026-02-22 00:04:09] 丨Don1t丨: 抓娃娃
[2026-02-22 00:04:09] 伊森鸽丶不打烊: 《鞭我喜欢的选手比如老汤我肯定要喷》《哈哈还鞭到老汤身上了》《由于对方隐私设置无法查看空间》】
[2026-02-22 00:04:09] 血盟骑士团的Asuna本人: 机器我已经三分钟没听到gla1ve应聘教练的故事了
[2026-02-22 00:04:09] 述二ER: 玩 標 誌，如 果 你 用 彈 幕 解 說，你解 說 詞 能 發 出 來 哪 怕 一 半 麼？
[2026-02-22 00:04:09] 竽瑟: 哥哥
[2026-02-22 00:04:10] 谁在称无敌---: 处刑！
[2026-02-22 00:04:10] A队不吃晃的小祥本人: ⓘ您已被天师庄方宜举报封禁，点击了解武陵社会信用
[2026-02-22 00:04:10] 白皇的三千院Nagi本人: jhhhhhjhjhjhjhjhjhjhhhhhhhhhhhhhhhhhhhhhhhhhhhhhhh
[2026-02-22 00:04:10] 长宁金城武: 假发算不算帽子
[2026-02-22 00:04:10] 太沙基Terzaghi: 真冰来了。。。。。。
[2026-02-22 00:04:10] 1039210: 处刑
[2026-02-22 00:04:10] 李小小与虾大大: 检测到串子过少，立刻切回致PGL比赛
[2026-02-22 00:04:10] LvvsiN: 玩宝宝，我发现在大学上学的时候肄业会很舒服，你可以试试
[2026-02-22 00:04:10] 薛茂华真帅啊哈哈哈: 我朋友千早爱音给你送钻石粉丝你咋不谢谢他？我朋友千早爱音给你送钻石粉丝你咋不谢谢他？
[2026-02-22 00:04:11] 自信奇男子: 处刑
[2026-02-22 00:04:11] 贪睡丶森: [尴尬][尴尬][尴尬]
[2026-02-22 00:04:11] G4RYPU: 《鞭我喜欢的选手比如老汤我肯定要喷》《哈哈还鞭到老汤身上了》《由于对方隐私设置无法查看空间》】
[2026-02-22 00:04:11] 欧气胖子: 就tm喜欢银行业🥰银行坏账我喜欢🥰银行挤兑我还喜欢😍利率调低我也喜欢🤤老子亲烂银行业的脸😘
[2026-02-22 00:04:11] 梨花O带血: 为什么不直接带假发
[2026-02-22 00:04:11] 没有故事的Pluto: 《鞭我喜欢的选手比如老汤我肯定要喷》《哈哈还鞭到老汤身上了》《由于对方隐私设置无法查看空间》】
[2026-02-22 00:04:11] 西湖清浅: 《鞭我喜欢的选手比如老汤我肯定要喷》《哈哈还鞭到老汤身上了》《由于对方隐私设置无法查看空间》】
[2026-02-22 00:04:11] 伊森鸽丶不打烊: 《鞭我喜欢的选手比如老汤我肯定要喷》《哈哈还鞭到老汤身上了》《由于对方隐私设置无法查看空间》
[2026-02-22 00:04:11] Collapsar00123: 水鬼也是冰粉嘛， @千早爱音：《鞭我喜欢的选手比如老汤我肯定要喷》《哈哈还鞭到老汤身上了》《由几天前
[2026-02-22 00:04:11] 好哥们深海哥: 水鬼也可以是冰粉
[2026-02-22 00:04:12] 杂鱼怡然香菇菇: 玩 標 誌，如 果 你 用 彈 幕 解 說，你解 說 詞 能 發 出 來 哪 怕 一 半 麼？
[2026-02-22 00:04:12] 19岁的日子: 《鞭我喜欢的选手比如老汤我肯定要喷》《哈哈还鞭到老汤身上了》《由于对方隐私设置无法查看空间》
[2026-02-22 00:04:12] 大藏游星之jame粉丝: [尴尬][尴尬][尴尬][尴尬][尴尬][尴尬][尴尬][尴尬][尴尬][尴尬][尴尬][尴尬][尴尬][尴尬][尴尬][尴尬][尴尬][尴
[2026-02-22 00:04:12] 麻辣头鱼丝: 老汤送了
[2026-02-22 00:04:12] 一个星期不睡觉: 处刑
[2026-02-22 00:04:13] 薛茂华真帅啊哈哈哈: 我朋友千早爱音给你送钻石粉丝你咋不谢谢他？
[2026-02-22 00:04:13] 久远寺258: 处刑
[2026-02-22 00:04:13] 宇莓: 玩 標 誌，如 果 你 用 彈 幕 解 說，你解 說 詞 能 發 出 來 哪 怕 一 半 麼？
[2026-02-22 00:04:13] 伊森鸽丶不打烊: 《鞭我喜欢的选手比如老汤我肯定要喷》《哈哈还鞭到老汤身上了》《由于对方隐私设置无法查看空间》】
[2026-02-22 00:04:14] 本质软糯Sakiko: 你不就给载物戴过帽子吗
[2026-02-22 00:04:14] myGo的anon: 带帽子➕10听力当然不能带
[2026-02-22 00:04:14] 教授丨杰伊: 老爸倒了
[2026-02-22 00:04:14] Sakuy0: 《鞭我喜欢的选手比如老汤我肯定要喷》《哈哈还鞭到老汤身上了》《由于对方隐私设置无法查看空间》
[2026-02-22 00:04:14] 用户3481192404: 处刑！
[2026-02-22 00:04:14] Arianphy: 处刑！
[2026-02-22 00:04:14] 贪睡丶森: [害羞][害羞][害羞][害羞][害羞][害羞][害羞][害羞][害羞][害羞][害羞]
[2026-02-22 00:04:15] 姓邢不是刑: 处刑
[2026-02-22 00:04:15] RGsdfbf: 处刑
[2026-02-22 00:04:15] 薛茂华真帅啊哈哈哈: 我朋友千早爱音给你送钻石粉丝你咋不谢谢他？
[2026-02-22 00:04:15] 用户捌捌肆捌: [尴尬][尴尬][尴尬][尴尬][尴尬][尴尬][尴尬][尴尬][尴尬][尴尬]
[2026-02-22 00:04:15] stonezyx: 秃头就剃了完事了呗
[2026-02-22 00:04:15] 不变的追求717: 你不就给载物戴过帽子吗
[2026-02-22 00:04:15] 灯山雪: 处刑😆处刑🤣处刑😄处刑😅处刑😋处刑🤪处刑😝处刑🤗处刑🤭
[2026-02-22 00:04:16] pR1cE呀: 哥哥
[2026-02-22 00:04:16] 伊森鸽丶不打烊: 《鞭我喜欢的选手比如老汤我肯定要喷》《哈哈还鞭到老汤身上了》《由于对方隐私设置无法查看空间》】
[2026-02-22 00:04:16] Yanam1Anna: 卧槽！龙哥真被下放了
[2026-02-22 00:04:17] LvvsiN: 银行业😄银行业😀银行业😃银行业😁银行业😆银行业🤪银行业😝
[2026-02-22 00:04:17] 晓雨亦云: 《鞭我喜欢的选手比如老汤我肯定要喷》《哈哈还鞭到老汤身上了》《由于对方隐私设置无法查看空间》
[2026-02-22 00:04:17] 薛茂华真帅啊哈哈哈: 我朋友千早爱音给你送钻石粉丝你咋不谢谢他？
[2026-02-22 00:04:17] 菅原小吉: 老汤玩不玩
[2026-02-22 00:04:17] 孤翼白鹭丶: 《鞭我喜欢的选手比如老汤我肯定要喷》《哈哈还鞭到老汤身上了》《由于对方隐私设置无法查看空间》】
[2026-02-22 00:04:17] 单推折纸11年: ⚠本弹幕用来检测是否被封⚠
[2026-02-22 00:04:18] ShanoaM: 批汤
[2026-02-22 00:04:18] 芝士秋刀鱼a: 《鞭我喜欢的选手比如老汤我肯定要喷》《哈哈还鞭到老汤身上了》《由于对方隐私设置无法查看空间》
[2026-02-22 00:04:18] 月落汐上: 你不就给载物戴过帽子吗
[2026-02-22 00:04:19] 伊森鸽丶不打烊: 《鞭我喜欢的选手比如老汤我肯定要喷》《哈哈还鞭到老汤身上了》《由于对方隐私设置无法查看空间》
[2026-02-22 00:04:19] 无敌仓库大王市谷有咲: popipa pipopa popipapapipopa
[2026-02-22 00:04:19] 从零开始的加拿大肄业: 你这音画不同步太难受了，我都听到NIKO里约RMR晋级的欢呼了
[2026-02-22 00:04:19] 是灰灰呐: 你不就给载物戴过帽子吗
[2026-02-22 00:04:19] 菜得可怕的楠仔: 老汤又悄悄被处刑了
[2026-02-22 00:04:19] Sule99: 你不就给载物戴过帽子吗
[2026-02-22 00:04:20] A队不吃晃的小祥本人: 申请看100T比赛净化弹幕，同意的＋1
[2026-02-22 00:04:20] yinyao1231: 爆
[2026-02-22 00:04:20] Rhapsodyt: 处刑
[2026-02-22 00:04:20] gggaligeigei: 你不就给载物戴过帽子吗
[2026-02-22 00:04:20] 言斯特心心: 噢噢噢噢噢噢噢噢
[2026-02-22 00:04:20] 永远的克罗娜: 机器，我只希望你能轻松快乐的直播......
[2026-02-22 00:04:20] Vitality的Eminem本人: 爆
[2026-02-22 00:04:20] pR1cE呀: taco
[2026-02-22 00:04:20] 佐藤零丶: 玩 標 誌，如 果 你 用 彈 幕 解 說，你解 說 詞 能 發 出 來 哪 怕 一 半 麼？
[2026-02-22 00:04:20] 乖乖快不行了: 为什么niko钳子都能带不能带帽子
[2026-02-22 00:04:21] Collapsar00123: 鸟鸟什么冠军啊
[2026-02-22 00:04:21] Error404UMP45: 老爸倒了
[2026-02-22 00:04:21] 伊森鸽丶不打烊: 《鞭我喜欢的选手比如老汤我肯定要喷》《哈哈还鞭到老汤身上了》《由于对方隐私设置无法查看空间》】
[2026-02-22 00:04:21] L0Ne1yZeNny2: 抓娃娃
[2026-02-22 00:04:21] Stewieup: 抓娃娃
[2026-02-22 00:04:21] 豪老C: e
[2026-02-22 00:04:21] 布斯特丽丽: 12：6有懂的吗
[2026-02-22 00:04:21] greexeen: 处刑！
[2026-02-22 00:04:22] 丢丢的夜精灵: 哦哦哦哦哦
[2026-02-22 00:04:22] Cloud9的咬人猫本人: 你不就给载物戴过帽子吗
[2026-02-22 00:04:22] 杏爱企鹅: 印花丨tabseN（冠军）丨1939年卡托维兹锦标赛
[2026-02-22 00:04:22] 红烧玩机器: 带帽子➕10听力当然不能带
[2026-02-22 00:04:22] 没有真名233: 《鞭我喜欢的选手比如老汤我肯定要喷》《哈哈还鞭到老汤身上了》《由于对方隐私设置无法查看空间》
[2026-02-22 00:04:22] 祁祁祁祈: 电子哥位
[2026-02-22 00:04:22] 1freet: 哦哦哦哦哦
[2026-02-22 00:04:23] 鲷哥的剑圣有梗啊: ？
[2026-02-22 00:04:23] 游戏卫星: 哦哦哦
[2026-02-22 00:04:23] IsemiTina: 你不就给载物戴过帽子吗
[2026-02-22 00:04:23] 伊森鸽丶不打烊: 《鞭我喜欢的选手比如老汤我肯定要喷》《哈哈还鞭到老汤身上了》《由于对方隐私设置无法查看空间》
[2026-02-22 00:04:23] OMGlionKing: 谁问你了？
[2026-02-22 00:04:23] 落天华: 《鞭我喜欢的选手比如老汤我肯定要喷》《哈哈还鞭到老汤身上了》《由于对方隐私设置无法查看空间》
[2026-02-22 00:04:23] c6lviN: 串
[2026-02-22 00:04:23] 刘亦鸡的博吧: 抓娃娃
[2026-02-22 00:04:24] Zywoo的七百大狙: 《鞭我喜欢的选手比如老汤我肯定要喷》《哈哈还鞭到老汤身上了》《由于对方隐私设置无法查看空间》】
[2026-02-22 00:04:24] A队不吃晃的小祥本人: ⓘ您已被天师庄方宜举报封禁，点击了解武陵社会信用
[2026-02-22 00:04:24] 玩跳丹jampegg: @device:你个逆子，天天到处带节奏导致老子被骂
[2026-02-22 00:04:25] 载物的大大大狙: 带帽子➕10听力当然不能带
[2026-02-22 00:04:25] Vitality的羽贺文乃本人: 你不就给载物戴过帽子吗
[2026-02-22 00:04:25] 世一锋哈里凯恩: 哦哦哦哦哦
[2026-02-22 00:04:25] 帆丶e: 哦哦哦哦哦哦哦
[2026-02-22 00:04:25] Mx2323: 你不就给载物戴过帽子吗
[2026-02-22 00:04:25] 旗木随便开: 申请看100T比赛净化弹幕，同意的＋1
[2026-02-22 00:04:25] 血樱幽世: 秃都秃了不如直接剃光算了
[2026-02-22 00:04:25] Ayaya丿KE: 你不就给载物戴过帽子吗
[2026-02-22 00:04:25] 猫心碎会失去几条命: 《鞭我喜欢的选手比如老汤我肯定要喷》《哈哈还鞭到老汤身上了》《由于对方隐私设置无法查看空间》】
[2026-02-22 00:04:26] 玩刘农device: 好哦
[2026-02-22 00:04:26] 神奥联盟的竹兰本人: 你不就给载物戴过帽子吗
[2026-02-22 00:04:26] 犭火夕卜其斤: 两个majorMVP的比赛就是精彩啊......
[2026-02-22 00:04:26] 双刀牛TMac: 《鞭我喜欢的选手比如老汤我肯定要喷》《哈哈还鞭到老汤身上了》《由于对方隐私设置无法查看空间》
[2026-02-22 00:04:26] OMGlionKing: 谁问你了？
[2026-02-22 00:04:26] CLANCHIC的Tomorain本人: 哦哦哦哦哦
[2026-02-22 00:04:27] 好姐妹橘雪莉: 你不就给载物戴过帽子吗
[2026-02-22 00:04:28] 好哥们张顺飞: 你这音画不同步太难受了，我都听到NIKO里约RMR晋级的欢呼了
[2026-02-22 00:04:28] pR1cE呀: 别带taco节奏
[2026-02-22 00:04:28] 胡虫HC: 6666
[2026-02-22 00:04:28] 天王玻利维亚: 哦哦哦哦哦
[2026-02-22 00:04:28] XenicTkyooo: 哦哦哦哦哦
[2026-02-22 00:04:29] 汤还是老的浓: 我朋友千早爱音给你送钻石粉丝你咋不谢谢他？
[2026-02-22 00:04:29] 艾連野鸽儿: 其实是怕爆
[2026-02-22 00:04:29] SherryAiovo: 哦
[2026-02-22 00:04:29] 田中口三才: 带帽子➕10听力当然不能带
[2026-02-22 00:04:29] 风雪夜归人aas: 藏
[2026-02-22 00:04:29] 犭火夕卜其斤: 两个majorMVP的比赛就是精彩啊.....
[2026-02-22 00:04:29] 咸鱼闲语先与贤: 懂你意思
[2026-02-22 00:04:30] 硕official本人: 申请看100T比赛净化弹幕，同意的＋1
[2026-02-22 00:04:30] VDVCI的迪米特里本人: 你不就给载物戴过帽子吗
[2026-02-22 00:04:30] Ecifircas: 带帽子➕10听力当然不能带
[2026-02-22 00:04:30] Notatall: 能听到哦？
[2026-02-22 00:04:30] vongwu: 老汤别送了
[2026-02-22 00:04:30] 美羊羊今天吃什么: 弹幕不懂的以后自己秃就知道了
[2026-02-22 00:04:31] 明天开始要牛马归棚了: @dev1ce：哈哈哈哈，儿子，爹丢不丢人？爹菜不菜？（开心地空枪）😁
[2026-02-22 00:04:31] z2746500728: 哦哦哦哦哦哦哦
[2026-02-22 00:04:31] Vitality的Eminem本人: 哦哦哦哦哦哦哦哦哦哦哦哦
[2026-02-22 00:04:31] 小夫唯一铁粉: 哦哦哦哦哦哦哦哦
[2026-02-22 00:04:31] Yanam1Anna: 沃德发！龙哥被下放了
[2026-02-22 00:04:31] 劉膿dewasu: 《鞭我喜欢的选手比如老汤我肯定要喷》《哈哈还鞭到老汤身上了》《由于对方隐私设置无法查看空间》
[2026-02-22 00:04:31] 白皇的三千院Nagi本人: 你不就给载物戴过帽子吗
[2026-02-22 00:04:31] 大梦464: 你不就给载物戴过帽子吗
[2026-02-22 00:04:31] LvvsiN: 玩宝宝，我发现在大学上学的时候肄业会很舒服，你可以试试
[2026-02-22 00:04:31] GanadoLluviA: 懂你意思
[2026-02-22 00:04:31] OMGlionKing: 谁问你了？
[2026-02-22 00:04:31] zin桀zera: 你不就给载物戴过帽子吗
[2026-02-22 00:04:32] 含泪办卡: 老汤又悄悄被处刑了
[2026-02-22 00:04:32] Notatall: 能听到哦？能听到哦？
[2026-02-22 00:04:32] AVQAQ: 抓娃娃
[2026-02-22 00:04:32] endofsectionB: 秃都秃了不如直接剃光算了
[2026-02-22 00:04:32] C0C00N: 哦哦哦哦
[2026-02-22 00:04:33] 好姐妹抹茶芭菲:  @Ayaya丿KE：你不就给载物戴过帽子吗
[2026-02-22 00:04:33] 海参怎么你了: 你不就给载物戴过帽子吗
[2026-02-22 00:04:33] LvvsiN: @老汤日记:丹麦总统让我静音接触白宫，这应该是我最后一次看儿子直播了，机器，我爱你...
[2026-02-22 00:04:33] 斗鱼用户4901183769: 抓娃娃
[2026-02-22 00:04:33] supperpigi: 哦哦哦哦哦
[2026-02-22 00:04:34] 玩弓箭、Arrow: 别带taco节奏
[2026-02-22 00:04:34] 图帕雷松: 《鞭我喜欢的选手比如老汤我肯定要喷》《哈哈还鞭到老汤身上了》《由于对方隐私设置无法查看空间》】
[2026-02-22 00:04:34] suicho: 这artfrost居然这么多粉丝，在直播间吵了一年了，牛比。。。。。。
[2026-02-22 00:04:34] Leonisss丶: 《鞭我喜欢的选手比如老汤我肯定要喷》《哈哈还鞭到老汤身上了》《由于对方隐私设置无法查看空间》
[2026-02-22 00:04:34] 宇莓: 善意引导，又要带我们呼圣如有神助的节奏了是吗
[2026-02-22 00:04:34] Kinap: 没人注意到老汤又被处刑了吗
[2026-02-22 00:04:35] 肘一郎: 要不说欧洲cs厉害呢，睡一半也要起来比赛
[2026-02-22 00:04:35] 辅助不算挂: 你不就给载物戴过帽子吗
[2026-02-22 00:04:35] 玩指挥丶NiKo: device也戴过帽子。。。
[2026-02-22 00:04:35] 夕ro: 哦哦哦哦哦哦哦
[2026-02-22 00:04:35] 用户3967614494: 懂你意思
[2026-02-22 00:04:35] 玩神的欢喜好有嚼劲: 不是玩神不敢回复，是玩神转战生活区搞不要看弹幕挑战了
[2026-02-22 00:04:35] 尼尼孩孩京京驴驴: 你不就给载物戴过帽子吗
[2026-02-22 00:04:35] Notatall: 能听到哦？能听到哦？能听到哦？
[2026-02-22 00:04:35] 伊利亚宝宝: 你不就给载物戴过帽子吗
[2026-02-22 00:04:36] 好兄弟本泽马: 汤汤这把也拉了
[2026-02-22 00:04:36] 玩机器今晚还播吗: NIKO肯定同意了
[2026-02-22 00:04:36] 落夜会: 哦哦哦哦哦哦哦哦哦哦哦
[2026-02-22 00:04:36] stonezyx: mouz被ban了
[2026-02-22 00:04:36] F1红牛传奇车手刘农: 😮哦？😮哦？😮哦？😮哦？😮哦？😮哦？😮哦？😮哦？😮哦？😮哦？
[2026-02-22 00:04:36] 涼風涼風涼: MOUZ
[2026-02-22 00:04:36] 丰川祥子口三角初华: 你不就给载物戴过帽子吗
[2026-02-22 00:04:36] 京京孩孩majo冠军: 嗯🥴嗯🥴嗯🥴嗯🥴嗯🥴嗯🥴嗯🥴嗯🥴嗯🥴嗯🥴嗯🥴嗯🥴嗯🥴嗯🥴
[2026-02-22 00:04:36] EdwardM983: 老汤怎么偷偷送了
[2026-02-22 00:04:37] 博丽灵感菇: 100t左边两个人是鼠和卡神吗？
[2026-02-22 00:04:37] 马楼King张三: 老汤偷偷似了
[2026-02-22 00:04:37] 从零开始的加拿大肄业: 两个majorMVP的比赛就是精彩啊.....
[2026-02-22 00:04:37] LvvsiN: 你这音画不同步太难受了，我都听到NIKO里约RMR晋级的欢呼了
[2026-02-22 00:04:37] 可爱家的狗窝: 你不就给载物戴过帽子吗
[2026-02-22 00:04:37] OK咯摸JJ: 玩宝宝，我发现在大学上学的时候肄业会很舒服，你可以试试
[2026-02-22 00:04:38] 伊森鸽丶不打烊: 《鞭我喜欢的选手比如老汤我肯定要喷》《哈哈还鞭到老汤身上了》《由于对方隐私设置无法查看空间》】
[2026-02-22 00:04:38] A队不吃晃的小祥本人: 申请看100T比赛净化弹幕，同意的＋1
[2026-02-22 00:04:38] Flargely: 你不就给载物戴过帽子吗
[2026-02-22 00:04:38] 流光似水321: 你不就给载物戴过帽子吗
[2026-02-22 00:04:38] Zywoo的七百大狙: 你不就给载物戴过帽子吗
[2026-02-22 00:04:39] 玩神的欢喜好有嚼劲: 不是玩神不敢回复，是玩神转战生活区搞不要看弹幕挑战了
[2026-02-22 00:04:39] 艾連野鸽儿: 其实是怕白帽子太爆
[2026-02-22 00:04:40] 谢鹏哈哈哈: 你不就给载物戴过帽子吗
[2026-02-22 00:04:40] 鸡蛋灌饼不如熏肉大饼: 抓娃娃
[2026-02-22 00:04:40] GlasgowJSzhang: 你不就给载物戴过帽子吗
[2026-02-22 00:04:40] 不是很懂怎么取名: 6656
[2026-02-22 00:04:40] 泽斡: 你不就给载物戴过帽子吗
[2026-02-22 00:04:40] VDVCI的迪米特里本人: 你不就给载物戴过帽子吗
[2026-02-22 00:04:40] 李小小与虾大大: 你不就给载物扣过圣人的帽子？
[2026-02-22 00:04:40] 狂三Yud丶Bet: 啊？这是一个回马鞭，你鞭你的爱慕呢？啊？？这不是ZywOo！这居然是Niko！！老尼配赢啊！！！
[2026-02-22 00:04:40] 白河日和: 送走
[2026-02-22 00:04:41] sjtu的musketeers本人: 德荣
[2026-02-22 00:04:41] 满澜18906: 听哦
[2026-02-22 00:04:41] 摆烂小鸽子: 你不就给载物戴过帽子吗
[2026-02-22 00:04:41] 喜欢素素: gg
[2026-02-22 00:04:41] 柑橘树的柑橘树本人: niko带无敌了
[2026-02-22 00:04:41] Nightmare2517: 森林
[2026-02-22 00:04:42] 五島絵梨奈: 你不就给载物戴过帽子吗
[2026-02-22 00:04:42] 博丽灵感菇: 100t左边两个人是鼠和卡神吗？
[2026-02-22 00:04:42] 黄色偶像大师: 把mouz给ban了
[2026-02-22 00:04:42] 肘一郎: 要不说欧洲cs厉害呢，睡一半也要起来比赛
[2026-02-22 00:04:42] 早安丿章鱼哥: 懂你意思
[2026-02-22 00:04:42] 驴子别路边了: 你不就给载物戴过帽子吗
[2026-02-22 00:04:42] 梦的星: 黑暗时代
[2026-02-22 00:04:42] 伊森鸽丶不打烊: 《鞭我喜欢的选手比如老汤我肯定要喷》《哈哈还鞭到老汤身上了》《由于对方隐私设置无法查看空间》
[2026-02-22 00:04:43] 绘夜Hoshi: 奥拉夫最爱戴帽子
[2026-02-22 00:04:43] JamYo0oung: 你不就给载物戴过帽子吗
[2026-02-22 00:04:43] 绿龙回家萨瓦迪卡: 老爸都倒了还搁这戴不戴呢
[2026-02-22 00:04:43] 爱被小泉吃的拉面同学: 你不就给载物戴过帽子吗
[2026-02-22 00:04:43] 古堡12枪战神: 你不就给载物戴过帽子吗
[2026-02-22 00:04:43] 99组的爱城华恋本人: 你不就给载物戴过帽子吗
[2026-02-22 00:04:43] 67373的黄色闪光: 有马加奈：为什么ban我
[2026-02-22 00:04:43] c6lviN: 😮哦？😮哦？😮哦？😮哦？😮哦？😮哦？😮哦？😮哦？😮哦？😮哦？
[2026-02-22 00:04:43] Tim135: 你不就给载物戴过帽子吗
[2026-02-22 00:04:44] Autumn591: simple
[2026-02-22 00:04:44] 铲车司机戴家伟: 你不就给载物戴过帽子吗
[2026-02-22 00:04:44] 小昊的yimon阿爱发烧: 为什么对面可以带
[2026-02-22 00:04:44] 呆头呆脑平泽唯: 《鞭我喜欢的选手比如老汤我肯定要喷》《哈哈还鞭到老汤身上了》《由于对方隐私设置无法查看空间》】
[2026-02-22 00:04:45] sjtu的musketeers本人: 你不就给载物戴过帽子吗
[2026-02-22 00:04:45] 伊在云深不知处: 你不就给载物戴过帽子吗
[2026-02-22 00:04:45] 伊森鸽丶不打烊: 《鞭我喜欢的选手比如老汤我肯定要喷》《哈哈还鞭到老汤身上了》《由于对方隐私设置无法查看空间》】
[2026-02-22 00:04:45] gok1bur1: 你不就给载物戴过帽子吗
[2026-02-22 00:04:45] 豪老C: 抓娃娃
[2026-02-22 00:04:45] 想吃油泼面87: 考
[2026-02-22 00:04:46] LvvsiN: 男人一生只哭十八次：niko十七次梦碎major正赛, niko梦碎里约major RMR＼
[2026-02-22 00:04:46] MeIoN39: 你不就给载物戴过帽子吗
[2026-02-22 00:04:46] A队不吃晃的小祥本人: 老规矩，弹幕谁编的好笑我支持谁
[2026-02-22 00:04:46] 芝士每天都很困: 孝
[2026-02-22 00:04:46] 竹本我鸟丶口袋: 懂了，随便带
[2026-02-22 00:04:46] 小布丁是真好吃: 黑暗时代
[2026-02-22 00:04:46] C9的moloris本人: 你不就给载物戴过帽子吗
[2026-02-22 00:04:46] RabbitRay: 小 白 帽能戴吗
[2026-02-22 00:04:47] VDVCI的迪米特里本人: 你不就给载物戴过帽子吗
[2026-02-22 00:04:47] Ggmftye: 老fo
[2026-02-22 00:04:47] AAA生煎包大王: 抓娃娃
[2026-02-22 00:04:47] kalaokl: 你不就给载物扣过帽子吗
[2026-02-22 00:04:47] 城崎诺亚: 抓娃娃
[2026-02-22 00:04:47] 火鸡味锅巴BBQ: 黑暗时代
[2026-02-22 00:04:47] 水瓶世界a: s1mple
[2026-02-22 00:04:48] 古堡12枪战神: 孝
[2026-02-22 00:04:48] dev1ce拖累了A队太久: 你不就给载物戴过帽子吗
[2026-02-22 00:04:48] 艾坤123: 如数家珍
[2026-02-22 00:04:48] 玩神的欢喜好有嚼劲: 不是玩神不敢回复，是玩神转战生活区搞不要看弹幕挑战了
[2026-02-22 00:04:48] MunChlax丶: device也戴过帽子。。。
[2026-02-22 00:04:48] 小小小蕉: 你不就给载物戴过帽子吗
[2026-02-22 00:04:48] 网友哈基米: 你不就给载物戴过帽子吗
[2026-02-22 00:04:48] 什么罐头我说男人: 你不就给载物戴过帽子吗
[2026-02-22 00:04:49] 不甜o0: NIP高层不也给device带过帽子？
[2026-02-22 00:04:49] 犭火夕卜其斤: 你不就给载物戴过帽子吗
[2026-02-22 00:04:49] 载物唯一GOAT: 不能带耳机头吗
[2026-02-22 00:04:49] KYJunr: simple
[2026-02-22 00:04:49] 丢你雷姆吔屎啦你: 玩大哥还知道保护家人啊，ZywOo的家人就不是人吗🤣
[2026-02-22 00:04:49] Machine拾玖: 你不就给载物戴过帽子吗
[2026-02-22 00:04:49] 马楼King张三: 老光头
[2026-02-22 00:04:50] 儒雅随和的带带大马猴: s1mple
[2026-02-22 00:04:50] 玩南梁丶阿斯托尔福: 老fo
[2026-02-22 00:04:50] 麦当劳在逃收银员: 液体猪
[2026-02-22 00:04:50] 千早爱音desu: 别带猎鹰节奏啊
[2026-02-22 00:04:50] 尤里大泽: s1mple
[2026-02-22 00:04:50] 用户0991380310: 你不就给载物戴过帽子吗
[2026-02-22 00:04:51] 古堡12枪战神: 你不就给载物戴过帽子吗
[2026-02-22 00:04:51] 天魔外道y: 你不就给载物戴过帽子吗
[2026-02-22 00:04:51] 黎羽幻笙: 蛮荒时代
[2026-02-22 00:04:52] 骑蜗牛追杀: 鞭帽
[2026-02-22 00:04:53] 玩柜子丶Mortis: 孝ですわ
[2026-02-22 00:04:53] gggaligeigei: 你不就给载物戴过帽子吗
[2026-02-22 00:04:53] LvvsiN: 你这音画不同步太难受了，我都听到NIKO里约RMR晋级的欢呼了
[2026-02-22 00:04:53] siufff: 你不就给载物戴过帽子吗
[2026-02-22 00:04:53] neverhaveyou: 　　　 你不就给载物戴过帽子吗
[2026-02-22 00:04:53] OMGlionKing: 无鞭帽
[2026-02-22 00:04:53] 伊森鸽丶不打烊: 《鞭我喜欢的选手比如老汤我肯定要喷》《哈哈还鞭到老汤身上了》《由于对方隐私设置无法查看空间》
[2026-02-22 00:04:53] 好姐妹梨安: 你不就给载物戴过帽子吗
[2026-02-22 00:04:53] 诗源21537: 　　　 你不就给载物戴过帽子吗
[2026-02-22 00:04:53] 玩机器厦面鄙骰大: 是不可以戴帽子的，可以加10%听力的，比较容易听到脚步
[2026-02-22 00:04:53] 没有真名233: 你不就给载物戴过帽子吗
[2026-02-22 00:04:54] 阿巴巴82579: 啊？这是一个回马鞭，你鞭你的爱慕呢？啊？？这不是ZywOo！这居然是Niko！！老尼配赢啊！！！
[2026-02-22 00:04:54] 跳跃的司令官: 你不就给载物戴过帽子吗
[2026-02-22 00:04:54] A队不吃晃的小祥本人: ⓘ您已被天师庄方宜举报封禁，点击了解武陵社会信用
[2026-02-22 00:04:54] 想添donk的小驴蹄: 老规矩，弹幕谁编的好笑我支持谁
[2026-02-22 00:04:54] 脚皮卷蛆蘸shit: 收回冠军
[2026-02-22 00:04:54] 空心zzy: @猎鹰：其实不用戴帽子也听得见。。。
[2026-02-22 00:04:54] 玩神的欢喜好有嚼劲: 你不就给载物戴过帽子吗
[2026-02-22 00:04:54] G2的device本人: 头套
[2026-02-22 00:04:54] myGo的anon: 你不就给载物戴过帽子吗
[2026-02-22 00:04:54] 虚心坦懐: 森林哥
[2026-02-22 00:04:54] 用户9091742653: taz
[2026-02-22 00:04:55] Deadpool616: taz
[2026-02-22 00:04:55] Miyezd: 还有森破
[2026-02-22 00:04:55] Yanam1Anna: 不是龙哥被下放了没人说嘛
[2026-02-22 00:04:55] 血盟骑士团的Asuna本人: 机器我已经三分钟没听到gla1ve应聘教练的故事了
[2026-02-22 00:04:55] kkyon: 那个叫冷帽
[2026-02-22 00:04:55] 心安理得的时候: 老fo
[2026-02-22 00:04:55] 堀咲不得: 你不就给载物戴过帽子吗
[2026-02-22 00:04:55] zin桀zera: 鞭帽
[2026-02-22 00:04:55] 好姐妹梨安: taz
[2026-02-22 00:04:55] HostageKIA: 可以不戴吗？
[2026-02-22 00:04:55] 热体温却无灵魂: 三角
[2026-02-22 00:04:55] 好运7611: 考古考
[2026-02-22 00:04:55] 森林与雁: device也戴过帽子。。。
[2026-02-22 00:04:55] 刘量啊我的刘量: 报告玩大哥,完美评论区干回来了!请下达下一步指示!
[2026-02-22 00:04:56] 带魔FA师: 　　　 你不就给载物戴过帽子吗
[2026-02-22 00:04:56] 玩机器厦面鄙骰大: 是不可以戴帽子的，可以加10%听力的，比较容易听到脚步。
[2026-02-22 00:04:56] kalaokl: 你不就给载物扣过帽子吗
[2026-02-22 00:04:56] 地煞VV: niko反对戴帽
[2026-02-22 00:04:56] J4ckaLove: 你不就给载物戴过帽子吗
[2026-02-22 00:04:56] 7不懂8不懂: zet
[2026-02-22 00:04:56] 古堡12枪战神: 考
[2026-02-22 00:04:56] 双刀牛TMac: 你不就给载物戴过帽子吗
[2026-02-22 00:04:56] 大藏游星之jame粉丝: 那时候可以不戴耳罩吧
[2026-02-22 00:04:57] C9的moloris本人:     你不就给载物戴过帽子吗
[2026-02-22 00:04:57] 普通网友小沈: 你不就给载物戴过帽子吗
[2026-02-22 00:04:57] 梨花O带血: 老规矩，弹幕谁编的好笑我支持谁
[2026-02-22 00:04:57] 蓝二乘1: 你不就给载物戴过帽子吗
[2026-02-22 00:04:57] 尼尼孩孩真伟大: 抓娃娃
[2026-02-22 00:04:57] 羽川翼的恋爱物语: 盖帽
[2026-02-22 00:04:58] 缱绻mao: 你不就给载物戴过帽子吗
[2026-02-22 00:04:58] Ar1sen: 建睿啊，我是大潘，武陵操场拽过你裤子，庄方宜，佩丽卡都笑你很小，我不在乎，有空出来
[2026-02-22 00:04:58] 一条无梦鱼: s1mple
[2026-02-22 00:04:58] LvvsiN: 我提一嘴这剧情越来越像上海major了
[2026-02-22 00:04:58] 血盟骑士团的Asuna本人: 机器我已经三分钟没听到gla1ve应聘教练的故事了
[2026-02-22 00:04:58] 尼尼孩孩京京驴驴: 你不就给载物戴过帽子吗
[2026-02-22 00:04:58] 迪奥雷: 无鞭 帽
[2026-02-22 00:04:58] Killajoy: taco也是带帽遮秃
[2026-02-22 00:04:58] 断水流大师兄Phoenix: 我老fo 你是一句不说
[2026-02-22 00:04:58] 瘤坤别念了: 无鞭帽？
[2026-02-22 00:04:59] 丶小恐龙丶: 无鞭帽
[2026-02-22 00:04:59] 好姐妹橘雪莉: 帽子工厂
[2026-02-22 00:04:59] suicho: 无鞭帽
[2026-02-22 00:04:59] 小士心苟得巨: 你不就给载物戴过帽子吗
[2026-02-22 00:04:59] 最喜欢清光: 你不就给载物戴过帽子吗
[2026-02-22 00:05:00] 罗德岛顶红顶红的太阳: 无鞭帽
[2026-02-22 00:05:00] 用户876527970: 伟伟在盗播⚠️⚠️伟伟在盗播⚠️⚠️伟伟在盗播⚠️⚠伟伟在盗播⚠️⚠️
[2026-02-22 00:05:00] 玩跳丹jampegg: 啊？这是一个回马鞭，你鞭你的爱慕呢？不是这有什么可编的？？啊？？这不是ZywOo！这居然是Niko！
[2026-02-22 00:05:00] Mouz的X9本人: 冷帽
[2026-02-22 00:05:01] 上完课我找你: 还搁这直播呢？圣主突破封印，布莱克警长正组织反击，其他生肖都到了，就差你这头猪了！！！！
[2026-02-22 00:05:01] 走走道儿疯了: 无鞭帽
[2026-02-22 00:05:01] zlq12346: 你不就给载物戴过帽子吗
[2026-02-22 00:05:01] Oasis0917: 无鞭帽
[2026-02-22 00:05:01] 鱼鱼jr呢: 抓娃娃
[2026-02-22 00:05:02] 海参怎么你了: 玩大哥还知道保护家人啊，ZywOo的家人就不是人吗🤣
[2026-02-22 00:05:02] 好老公艾莉丝: 抓娃娃
[2026-02-22 00:05:02] 芝士秋刀鱼a: 无鞭帽
[2026-02-22 00:05:02] 求奶一事无成: 你不就给载物戴过帽子吗
[2026-02-22 00:05:02] 带节奏的都是我重孙: 　　　 你不就给载物戴过帽子吗
[2026-02-22 00:05:02] HSJ-J: 无鞭帽
[2026-02-22 00:05:02] 十点差49分: 报告玩大哥,完美评论区干回来了!请下达下一步指示!
[2026-02-22 00:05:03] 彩笔wty: 不是龙哥被下放了没人说嘛
[2026-02-22 00:05:03] 吃自助偷玩神左高玩:     你不就给载物戴过帽子吗
[2026-02-22 00:05:03] 超级爱玩小蛋QAQ: 玳瑁
[2026-02-22 00:05:03] HisuiHearts: 你不就给载物戴过帽子吗
[2026-02-22 00:05:03] myGo的anon: 三角初华
[2026-02-22 00:05:04] 默默momoMoMo123: 玩大哥还知道保护家人啊，ZywOo的家人就不是人吗🤣
[2026-02-22 00:05:04] 无敌仓库大王市谷有咲: popipa😘 pipopa🥰 popipapapipopa🤩
[2026-02-22 00:05:04] A队不吃晃的小祥本人: 申请看100T比赛净化弹幕，同意的＋1
[2026-02-22 00:05:04] pink1stone: 无鞭帽
[2026-02-22 00:05:04] 一不小心丶就丶: 你不就给载物戴过帽子吗
[2026-02-22 00:05:04] GBK丶AV:     你不就给载物戴过帽子吗
[2026-02-22 00:05:04] 不变的追求717: 无鞭帽
[2026-02-22 00:05:05] 永远的克罗娜: 机器，我只希望你能轻松快乐的直播......
[2026-02-22 00:05:05] 审查账号: 安全帽呢
[2026-02-22 00:05:05] Melinda080: 最早的比赛是随便鞭的
[2026-02-22 00:05:05] 足音: 不是龙哥被下放了没人说嘛
[2026-02-22 00:05:06] 玩soyo、爱音: 你不就给载物戴过帽子吗
[2026-02-22 00:05:06] KYJunr: 液体simple
[2026-02-22 00:05:06] 这是个有趣的名字呢: 无鞭帽
[2026-02-22 00:05:06] BushGomen: 大光头：猜猜我什么时候开始有这个昵称的
[2026-02-22 00:05:06] 桃乃木香奈本人: 🧊恨死了
[2026-02-22 00:05:06] mujica的长崎素世本人: 《鞭我喜欢的选手比如老汤我肯定要喷》《哈哈还鞭到老汤身上了》《由于对方隐私设置无法查看空间》
[2026-02-22 00:05:06] 玩狮孑、Le0: 黑色头像
[2026-02-22 00:05:10] zin桀zera: 无鞭帽
[2026-02-22 00:05:10] Hikky233: 老汤也戴帽子了
[2026-02-22 00:05:10] 森林与雁: 无鞭帽
[2026-02-22 00:05:10] 机器机器祝你天天开心: ？
[2026-02-22 00:05:10] 鈤漫痴: 申请调高100t观赛顺序 比猎鹰还神人的队伍应该找不到第三个了
[2026-02-22 00:05:10] 古堡12枪战神: ？
[2026-02-22 00:05:10] 我是一个医保卡: 无鞭帽
[2026-02-22 00:05:10] 伊森鸽丶不打烊: 《鞭我喜欢的选手比如老汤我肯定要喷》《哈哈还鞭到老汤身上了》《由于对方隐私设置无法查看空间》
[2026-02-22 00:05:10] 风雨晚烟: 你不就给载物戴过帽子吗
[2026-02-22 00:05:10] 永不独行丶YNWA: 丹尼斯
[2026-02-22 00:05:10] Ggmftye: 无鞭帽
[2026-02-22 00:05:10] acwego: super
[2026-02-22 00:05:10] 玩机爸、device: 高帽
[2026-02-22 00:05:10] Eternalmoment921: 无鞭帽
[2026-02-22 00:05:10] 锂汁lizhi:     你不就给载物戴过帽子吗
[2026-02-22 00:05:10] enihcaM器机玩7566: 老规矩，弹幕谁编的好笑我支持谁
[2026-02-22 00:05:10] 房同学19554: 　　　 你不就给载物戴过帽子吗
[2026-02-22 00:05:10] 用户0198233878: 鞭之帽
[2026-02-22 00:05:10] Pluviophile04: 抓娃娃
[2026-02-22 00:05:10] 都是设备的问题: 无鞭帽
[2026-02-22 00:05:10] MeIoN39: 无鞭帽
[2026-02-22 00:05:10] LionelYork: 玩机器原话：随便带
[2026-02-22 00:05:10] Niko的助产士: 有无鞭帽，那有有鞭帽吗
[2026-02-22 00:05:10] 蝈蝈贼: 物鞭帽
[2026-02-22 00:05:11] 那我懂你意思了0: 抓娃娃
[2026-02-22 00:05:11] 载物的大大大狙: 可是老汤也被戴过帽子啊
[2026-02-22 00:05:11] 老鸡艳遇记: 我知道个职业选手他喜欢给别人戴帽子
[2026-02-22 00:05:11] 古堡12枪战神: 这是人啊
[2026-02-22 00:05:11] 长宁金城武: 6-12
[2026-02-22 00:05:12] 宇治的QQ: 老规矩，弹幕谁编的好笑我支持谁
[2026-02-22 00:05:12] Tikkkw: 99T：为什么我有这么多好队友？100T：因为我是大哥。
[2026-02-22 00:05:12] H你好T: 森破也戴过
[2026-02-22 00:05:12] 普通网友小沈: 【各主播对zywoo鞭尸jee的反应，玩机器怒喷，zywoo圣人点数恐清零】BV13iYZzSExT
[2026-02-22 00:05:13] 德莉莎超可矮: 老汤不就戴过帽子吗
[2026-02-22 00:05:13] JamYo0oung: 你们串串选手就算了，串玩机器真有房管封你！
[2026-02-22 00:05:13] 喜欢素素: ？
[2026-02-22 00:05:13] LvvsiN: 我提一嘴这剧情越来越像上海major了
[2026-02-22 00:05:13] 徐润楷: 申请调高100t观赛顺序 比猎鹰还神人的队伍应该找不到第三个了
[2026-02-22 00:05:14] 车车薯薯major冠军: 不是龙哥被下放了没人说嘛
[2026-02-22 00:05:14] 蚊香蝌蚪杨某人: 那jee王朝了呀，开局给对面五个人发顶帽子
[2026-02-22 00:05:14] 嘴硬川菜馆丶老食客: 毛毛帽
[2026-02-22 00:05:14] 用户0047597799: 鞭帽
[2026-02-22 00:05:14] xOcOg: niko鞭的是尼孝所以是善意互动，载物鞭的是海啸所以是恶意攻击，这点要分清
[2026-02-22 00:05:14] 银行业一样一样有有: 《鞭我喜欢的选手比如老汤我肯定要喷》《哈哈还鞭到老汤身上了》《由于对方隐私设置无法查看空间》
[2026-02-22 00:05:14] 海鲜业大虾大虾Niko: @Niko：我不能带无鞭帽吗？
[2026-02-22 00:05:14] 宇治的QQ: 老规矩，弹幕谁编的好笑我支持谁
[2026-02-22 00:05:15] 大聪明QvQ丶: ➕➕➕➕➕➕➕➕➕➕➕➕➕➕➕➕
[2026-02-22 00:05:15] 綾夏Ayana: 地图正确
[2026-02-22 00:05:15] LvvsiN: 弹幕也就网上说说，现实里谁不觉得樱姐是好女孩（删括号领一条远坂凛同款鸟笼）
[2026-02-22 00:05:15] Miyezd: 我一个娜美应该支持哪边？
[2026-02-22 00:05:15] c6lviN: +++++++++++
[2026-02-22 00:05:15] 无敌仓库大王市谷有咲: popipa😘 pipopa🥰 popipapapipopa🤩
[2026-02-22 00:05:16] 南燕swallow: 鞭之帽
[2026-02-22 00:05:16] RabbitRay: 批雨
[2026-02-22 00:05:16] greexeen: 秀
[2026-02-22 00:05:16] 古堡12枪战神: ？
[2026-02-22 00:05:16] 弱小无助特别能吃: 加了
[2026-02-22 00:05:16] 白河日和: 成功的supernip
[2026-02-22 00:05:16] xyxxyzbbdzq: 成功了
[2026-02-22 00:05:16] 大善心: 有人戴厨师帽吗
[2026-02-22 00:05:16] 咸鱼蕾米: taco经典毛线帽
[2026-02-22 00:05:16] 宇莓: 怎么那个时候没见呼圣和人约法三章啊😅😅😅
[2026-02-22 00:05:16] 小肥羊0574: 翻了
[2026-02-22 00:05:16] 梦的星: ？
[2026-02-22 00:05:16] 蚊香蝌蚪杨某人: 那jee王朝了呀，开局给对面五个人发顶帽子
[2026-02-22 00:05:17] GlockieSs: 你爸怎么跟鼠和卡神当队友了
[2026-02-22 00:05:17] Yanam1Anna: 我z啊！龙哥被下放了，完美发新闻了
[2026-02-22 00:05:17] 凝视深渊丶玩叽叽: 老汤也带过帽子
[2026-02-22 00:05:17] 皮里恩丶: ++++++++++++++++++
[2026-02-22 00:05:17] 洗內: 游龙
[2026-02-22 00:05:17] 橙橙橙奕迅吖: 鞭之帽
[2026-02-22 00:05:17] 专看玩机器的号: 翻了
[2026-02-22 00:05:17] 机器机器祝你天天开心: ？？？
[2026-02-22 00:05:17] 鲸鱼向海鲸鱼向海: 66
[2026-02-22 00:05:18] AA337sdjl: 你不就给载物戴过帽子吗
[2026-02-22 00:05:18] 玩蛋蛋丶egg: ？
[2026-02-22 00:05:18] 玩山山丶Mounta1n: 鞭之帽
[2026-02-22 00:05:18] 星遁天诛: 无鞭帽
[2026-02-22 00:05:18] FranklinBrown: ？
[2026-02-22 00:05:18] 玩弓箭、Arrow: jee:我一般给大哥戴帽子😊
[2026-02-22 00:05:18] 玩斯特出出6657: 神队
[2026-02-22 00:05:18] Ka1oto: ？？？？？
[2026-02-22 00:05:19] 睡还是: ？
[2026-02-22 00:05:19] 玩南梁丶阿斯托尔福: 批雨
[2026-02-22 00:05:19] 古堡12枪战神: ？？？
[2026-02-22 00:05:19] 海参怎么你了: 《鞭我喜欢的选手比如老汤我肯定要喷》《哈哈还鞭到老汤身上了》《由于对方隐私设置无法查看空间》
[2026-02-22 00:05:19] zzznnni: 成功的super
[2026-02-22 00:05:19] 玩刘农device: ？
[2026-02-22 00:05:19] chordclef: 游龙
[2026-02-22 00:05:19] Vitality的羽贺文乃本人: 抓娃娃
[2026-02-22 00:05:19] 这里是小天啊: ？
[2026-02-22 00:05:19] 命运叫我去战斗:  @Karrigan：也许🐕💩才刚刚粘上
[2026-02-22 00:05:20] 马楼King张三: 哈哈哈
[2026-02-22 00:05:20] 花田妖精: 游龙
[2026-02-22 00:05:20] 懒懒肩肩奥奥夫夫讷讷: ？？
[2026-02-22 00:05:20] 一叶气瓷郎: ？
[2026-02-22 00:05:20] 宇莓: 老规矩，弹幕谁编的好笑我支持谁
[2026-02-22 00:05:20] 永远的克罗娜: 机器，我只希望你能轻松快乐的直播......
[2026-02-22 00:05:21] 机器机器祝你天天开心: 游龙了
[2026-02-22 00:05:21] kalaokl: 你们串串选手就算了，串玩机器真有房管封你！
[2026-02-22 00:05:21] Vovxx: 成功了
[2026-02-22 00:05:21] sjtu的musketeers本人: 无鞭帽
[2026-02-22 00:05:21] KZG的Oliveira本人: ？？？？？
[2026-02-22 00:05:21] 时光不改旧人心: +++++++++
[2026-02-22 00:05:21] 哈机祥: ？
[2026-02-22 00:05:21] 爱道冠: 成功的supernip
[2026-02-22 00:05:21] 好兄弟本泽马: 闹麻了
[2026-02-22 00:05:21] 羽川翼的恋爱物语: 粘住了
[2026-02-22 00:05:21] Ecifircas: ？？？？？
[2026-02-22 00:05:22] 约约艾艾武道大会冠军: 我草游龙了
[2026-02-22 00:05:22] 万能的鸵鸟: 艺术
[2026-02-22 00:05:22] Tao7Ge: 翻了
[2026-02-22 00:05:22] 好的好的阖家: 【各主播对zywoo鞭尸jee的反应，玩机器怒喷，zywoo圣人点数恐清零】BV13iYZzSExT
[2026-02-22 00:05:22] 柠檬气泡水III: 无鞭帽
[2026-02-22 00:05:22] 总监拾我霸: ????
[2026-02-22 00:05:22] LvvsiN: 弹幕也就网上说说，现实里谁不觉得樱姐是好女孩（删括号领一条远坂凛同款鸟笼）
[2026-02-22 00:05:22] 神马米洛: 成功的supernip
[2026-02-22 00:05:22] 玩机器厦面鄙骰大: 是不可以戴帽子的，可以加10%听力的，比较容易听到脚步。
[2026-02-22 00:05:23] 涼風涼風涼: 游龙
[2026-02-22 00:05:23] 芝士每天都很困: ？
[2026-02-22 00:05:23] xjdnshxjdka: 无鞭帽
[2026-02-22 00:05:23] G2的device本人: 12:6
[2026-02-22 00:05:23] 银睿憨: 神队
[2026-02-22 00:05:23] 翟先生zxq: 还有人类吗
[2026-02-22 00:05:23] 心安理得的时候: 我去，有点秀
[2026-02-22 00:05:23] 唯一的呆毛: 神队
[2026-02-22 00:05:24] 玩机器脚臭害我口臭: ？
[2026-02-22 00:05:24] 很久以前Ty: 枪都丢了没死成
[2026-02-22 00:05:24] 听说改名能中奖是八: 完美战术
[2026-02-22 00:05:24] 玩机器的小飞棍: 游龙了
[2026-02-22 00:05:24] 浅筱浅: 大东是人啊
[2026-02-22 00:05:24] Hakurei-Re1mu: 成功的Super NIP
[2026-02-22 00:05:25] 用户22285535: 成功的supernip
[2026-02-22 00:05:25] mujica的长崎素世本人: 加了
[2026-02-22 00:05:25] LuIuSweety: 神队
[2026-02-22 00:05:25] KuZz11: 那为什么有些选手可以随意带虾钳，主办方不管？
[2026-02-22 00:05:25] 白给的阿柒: 游龙了
[2026-02-22 00:05:25] 丢丢的夜精灵: 批雨是人啊
[2026-02-22 00:05:25] 清风撩拨我心: 无鞭帽
[2026-02-22 00:05:25] 新月似当年1: 神队
[2026-02-22 00:05:26] LyfeBestla本人: 丢狙飞雷神？
[2026-02-22 00:05:26] Ha1baraAi丶: 批汤到底有什么用
[2026-02-22 00:05:26] Spirit的donk666本人: 不是龙哥被下放了没人说嘛
[2026-02-22 00:05:26] D调淡蓝色眼眸: 成功的super
[2026-02-22 00:05:26] 唦卡井一一一: 神队
[2026-02-22 00:05:26] 米兰的魔笛本人: 翻
[2026-02-22 00:05:26] 我感觉很膨胀: 哈哈哈哈哈
[2026-02-22 00:05:26] 吃懵你: 机器，我只希望你能轻松快乐的直播......
[2026-02-22 00:05:26] 天际之光90830: 翻了
[2026-02-22 00:05:27] 永远在唠嗑: 也许比赛
[2026-02-22 00:05:27] 用户5608006019: 批雨
[2026-02-22 00:05:27] 好姐妹橘雪莉: 成功的supernip
[2026-02-22 00:05:27] 道友晖: 大东
[2026-02-22 00:05:27] 寻管鲍之交: @法老：卧槽我也被鞭了，有人管管吗？
[2026-02-22 00:05:27] 木空空空空空: 成功的Super NIP
[2026-02-22 00:05:27] Ecifircas: 成功的Super NIP
[2026-02-22 00:05:28] 管家Official: 成功的Super NIPですわ
[2026-02-22 00:05:28] xyxxyzbbdzq: 成功的supernip
[2026-02-22 00:05:28] J4ckaLove: 成功的supernip
[2026-02-22 00:05:28] BillionBet亿博电子: 载物鞭：你鞭你的M🤬 妮蔻鞭+引导哦+偷mvp：这老尼他就该赢啊🤑🤑🤑
[2026-02-22 00:05:29] C0ncerto: ++++++++++++
[2026-02-22 00:05:29] 猜猜他是who: 成功的supernip
[2026-02-22 00:05:29] 繁繁繁华华: 没有人类了
[2026-02-22 00:05:29] Meik7: 茄子
[2026-02-22 00:05:29] tungtungtungsahur: 成功的Super NIP
[2026-02-22 00:05:29] 丶丶Ken丶丶: 翻了
[2026-02-22 00:05:29] 雪之下雪乃是天: 神队
[2026-02-22 00:05:30] 落夜会: 翻了
[2026-02-22 00:05:30] 我永远喜欢铃原露露: 鹿管管查看活动〉
[2026-02-22 00:05:30] 我知道的一点也不多: 哈哈哈哈哈
[2026-02-22 00:05:30] 祥斯特祥祥: 那老汤为什么带着帽子🧢，你们看不见吗？
[2026-02-22 00:05:30] 人活着就是为了玩乐队: 翻了
[2026-02-22 00:05:30] 田中口三才: 成功的supernip
[2026-02-22 00:05:30] 好姐妹乐奈: 冬瓜接好我的狙
[2026-02-22 00:05:30] 棍老师047: 人狙分过
[2026-02-22 00:05:30] 葬舞群花泪: 完了
[2026-02-22 00:05:31] 惧37743: 无鞭帽
[2026-02-22 00:05:31] 绿龙的zont1x本人: 成功的supernip
[2026-02-22 00:05:31] cwy人品真的不行: 弹幕也就网上说说，现实里谁不觉得樱姐是好女孩（删括号领一条远坂凛同款鸟笼）
[2026-02-22 00:05:32] 维他维他维他OVO: 那老汤戴着帽子没人管一下吗
[2026-02-22 00:05:32] 玩指挥丶NiKo: 成功的supernip
[2026-02-22 00:05:32] 命运叫我去战斗:  @Karrigan：也许🐕💩才刚刚粘上
[2026-02-22 00:05:33] 大富翁2015: 成功的Super NIP
[2026-02-22 00:05:33] 用户0123466560: 成功的Super NIP
[2026-02-22 00:05:33] 煞鱼辣椒sylj: 成功的Super NIP
[2026-02-22 00:05:33] 胖的飞起丫: 雨犬
[2026-02-22 00:05:33] 我没P眼123: super nip 创始人
[2026-02-22 00:05:34] 你的最佳读者: 雨披
[2026-02-22 00:05:34] 羽丘美少女千早爱音: 小福星发力了
[2026-02-22 00:05:34] 黑仑加子: 老汤也带过帽子
[2026-02-22 00:05:34] 劉膿dewasu: 玩机器要看似dad了。。。
[2026-02-22 00:05:34] Hitagi蟹蟹: 机器能别偷我弹幕理解吗。。。
[2026-02-22 00:05:34] 永远喜欢远近渔: 秃
[2026-02-22 00:05:35] 1039210: 谁敢想这狙甚至没死
[2026-02-22 00:05:35] 云之君992: 翻了
[2026-02-22 00:05:35] LvvsiN: @阿汤日记：一个人，5发子弹，保住格陵兰岛。我不会叫它不可能完成的任务，我现在只想先回家看亦博
[2026-02-22 00:05:35] 用父爱感化铁拳: 这什么造型
[2026-02-22 00:05:35] 酌空悲: 22：20
[2026-02-22 00:05:35] LyfeBestla本人: 丢狙飞雷神？
[2026-02-22 00:05:35] jamesfaith23: 成功的supernip
[2026-02-22 00:05:35] D调淡蓝色眼眸: 成功的Super NIP
[2026-02-22 00:05:36] chukap: supernip就是诸葛发明的
[2026-02-22 00:05:36] 豪老C: d
[2026-02-22 00:05:36] 麦当劳在逃收银员: 扔枪加快移速
[2026-02-22 00:05:36] 犭火夕卜其斤: 墨尔本剧情
[2026-02-22 00:05:36] Hobbit727: 成功的Super NIP
[2026-02-22 00:05:36] 大于小于号: 眼罩？
[2026-02-22 00:05:37] Milkshakechs: 成功的Super NIP
[2026-02-22 00:05:37] LvvsiN: 南孚一节更比六节强，也就是一节南孚比六节南孚强，六节南孚比三十六节强，三十六节比二百一十六节强
[2026-02-22 00:05:38] 重塑的阿尔卡纳本人: 雨披
[2026-02-22 00:05:38] 小小青蛙输风雨: 《鞭我喜欢的选手比如老汤我肯定要喷》《哈哈还鞭到老汤身上了》《由于对方隐私设置无法查
[2026-02-22 00:05:38] 正经猪头肉: 秃头
[2026-02-22 00:05:39] 永远的克罗娜: 机器，我只希望你能轻松快乐的直播......
[2026-02-22 00:05:39] 小肉包喷香: 世一秃
[2026-02-22 00:05:39] 一条开心的鱼: 弹幕敏感的像个处男。。。
[2026-02-22 00:05:39] v塔立体的猪头肉本人: ++++++++++++++
[2026-02-22 00:05:39] 叫我小帅哥就好了: 雨老了
[2026-02-22 00:05:39] JuL1us: 弹幕也就网上说说，现实里谁不觉得樱姐是好女孩（删括号领一条远坂凛同款鸟笼）
[2026-02-22 00:05:39] 涼風涼風涼: 12比6了
[2026-02-22 00:05:40] LvvsiN: 你屏蔽词都快赶上新华词典了为什么不干脆开一百级发言？
[2026-02-22 00:05:40] HCS118: 战术对了
[2026-02-22 00:05:40] 晚睡夜ovo: 载物鞭：你鞭你的M🤬 妮蔻鞭+引导哦+偷mvp：这老尼他就该赢啊🤑🤑🤑
[2026-02-22 00:05:40] xOcOg: 目前大东指挥6回合，设备指挥12回合，大东指挥设备送6次，设备指挥大东杀10个
[2026-02-22 00:05:40] 我想玩小蜜蜂: 成功的Super NIP
[2026-02-22 00:05:40] 用户6137886088: 成功supernip
[2026-02-22 00:05:40] 老苦瓜贝多芬: 那老汤戴着帽子没人管一下吗
[2026-02-22 00:05:41] 洋芋粑粑头: 秃
[2026-02-22 00:05:41] 蚊香蝌蚪杨某人: 那jee王朝了呀，开局给对面五个人发顶帽子判犯规拿下
[2026-02-22 00:05:41] 一里一里: 1
[2026-02-22 00:05:41] 海绵宝宝dinner: 成功的supernip
[2026-02-22 00:05:41] 载物唯一GOAT: 秃子
[2026-02-22 00:05:41] LvvsiN: 就tm喜欢银行业🥰银行坏账我喜欢🥰银行挤兑我还喜欢😍利率调低我也喜欢🤤老子亲烂银行业的脸😘
[2026-02-22 00:05:41] Agtsunal: 成功的supernip
[2026-02-22 00:05:41] 小李子精选波黑大虾: 成功的Super NIP
[2026-02-22 00:05:41] Arianphy: 22：20
[2026-02-22 00:05:41] 宇智波快嘴: 翻了
[2026-02-22 00:05:42] A队不吃晃的小祥本人: 申请看100T比赛净化弹幕，同意的＋1
[2026-02-22 00:05:42] GlockieSs: 你爸怎么还跟鼠和卡神当队友了？
[2026-02-22 00:05:42] 我不是玩父: 成功的supernip
[2026-02-22 00:05:42] 我知道的一点也不多: 世一秃
[2026-02-22 00:05:43] 流光似水321: 老汤也带过帽子
[2026-02-22 00:05:43] 玩蛋蛋丶egg: 秃
[2026-02-22 00:05:43] LvvsiN: 孩子们快跑，马修赫伯特来了😨卧槽你的怎么是马枪和BOT
[2026-02-22 00:05:43] 玩机器你能不能闭嘴: 玩机器，你现在逆转风评和停止节奏的唯一办法就是把《颂乐人偶》后6集看完
[2026-02-22 00:05:43] 吴本伟nb: 别喷千雨了，刚被我凿完有点不稳定😓
[2026-02-22 00:05:43] 房同学19554: 丢枪瞬
[2026-02-22 00:05:43] 瑭珏: @🦐:6-12 🦐腿开始变软
[2026-02-22 00:05:43] 古堡12枪战神: 其实是成功了
[2026-02-22 00:05:43] 假如一切是虚幻: 《鞭我喜欢的选手比如老汤我肯定要喷》《哈哈还鞭到老汤身上了》《由于对方隐私设置无法查
[2026-02-22 00:05:44] 欧气胖子: 玩神真给ZywOo戴过帽子还是绿的
[2026-02-22 00:05:44] 心安理得的时候: 翻了
[2026-02-22 00:05:44] 李大钊与陈独秀: 马天宇
[2026-02-22 00:05:45] 玩跳丹jampegg: 可是玩÷也很能带节奏呀🥺
[2026-02-22 00:05:45] 素6666: 就是眼罩阿
[2026-02-22 00:05:45] 核浪98120: faze踢对人了
[2026-02-22 00:05:45] 步乌不是不: 双倍不开？双倍不开？双倍不开？
[2026-02-22 00:05:45] 善口英雄hjk: 这哥们儿头发好稀疏，怪不得别人戴帽子
[2026-02-22 00:05:45] 卡比兽Zzzzzzz: 头发掉光了
[2026-02-22 00:05:45] s坑华: 翻了
[2026-02-22 00:05:46] 闪光皮皮不吃闪: 你屏蔽词都快赶上新华词典了为什么不干脆开一百级发言？
[2026-02-22 00:05:46] WdDzF: 载物鞭：你鞭你的M🤬 妮蔻鞭+引导哦+偷mvp：这老尼他就该赢啊🤑🤑🤑
[2026-02-22 00:05:46] jianxideminggzi: 这不就是眼罩吗
[2026-02-22 00:05:46] Kinap: 成功的Super NIP
[2026-02-22 00:05:47] suicho: 翻了
[2026-02-22 00:05:47] GlockieSs:  你爸怎么还跟鼠和卡神当队友了？
[2026-02-22 00:05:47] 圣诞节二人组: 弹幕敏感的像个处男。。。
[2026-02-22 00:05:47] 野pig亨利28: 　　　 NiKo（👀12-6❓❗）🦐腿开始发抖o（（⊙﹏⊙)）o
[2026-02-22 00:05:47] 多磋鱼: 世一秃
[2026-02-22 00:05:48] 假如一切是虚幻: 成功的supernip
[2026-02-22 00:05:48] LvvsiN: @阿汤日记：一个人，5发子弹，保住格陵兰岛。我不会叫它不可能完成的任务，我现在只想先回家看亦博
[2026-02-22 00:05:48] Mannequin: 比分对了
[2026-02-22 00:05:48] 雨打花落地: 艺术冰霜有点秃啊
[2026-02-22 00:05:48] samuraionnna: 不是龙哥被下放了没人说嘛
[2026-02-22 00:05:49] 长宁金城武: 目前大东指挥6把，老汤指挥12把
[2026-02-22 00:05:49] 哦斯特哦哦: 成功的Super NIP
[2026-02-22 00:05:50] 三楼空调不够冷: 载物鞭：你鞭你的M🤬 妮蔻鞭+引导哦+偷mvp：这老尼他就该赢啊
[2026-02-22 00:05:50] s坑华: 成功的supernip
[2026-02-22 00:05:50] insod: 不是龙哥被下放了没人说嘛
[2026-02-22 00:05:50] 上完课我找你: 直播间有没有富哥送个东西提醒一下这头🐖开双倍😅我的荧光棒真要过期了ですわ
[2026-02-22 00:05:50] 杰里科丶: @BB：终于等到玩大哥回防了
[2026-02-22 00:05:50] LvvsiN: 你这音画不同步太难受了，我都听到NIKO里约RMR晋级的欢呼了
[2026-02-22 00:05:50] 爱淡茶未凉: 成功的supernip
[2026-02-22 00:05:50] 易冷半度想: 这驴友的外场怎么这么菜啊
[2026-02-22 00:05:50] 麻辣头鱼丝: 成功的supernip
[2026-02-22 00:05:50] 尼尼Major夺冠再送礼物: 老汤：坏了，我成s1人了！
[2026-02-22 00:05:50] 雨天禽兽: 建议发给选手每人一个无鞭帽
[2026-02-22 00:05:51] 祁祁祁祈: 成功的Super NIP
[2026-02-22 00:05:51] 大头丸: 秃圣
[2026-02-22 00:05:52] 呆毛帝国贵族手残3: @🦐:6-12 🦐腿开始变软
[2026-02-22 00:05:52] LvvsiN: 别解说了 多聊会天 你不会真的以为能输吧
[2026-02-22 00:05:52] 卷心菜514: 玩机器，你现在逆转风评和停止节奏的唯一办法就是把《颂乐人偶》后6集看完
[2026-02-22 00:05:52] 牟平鲁尼: 老鼠vs蜜蜂的nuke，有感觉吗
[2026-02-22 00:05:52] 血盟骑士团的Asuna本人: 机器我已经三分钟没听到gla1ve应聘教练的故事了
[2026-02-22 00:05:52] 我感觉很膨胀: 能赢bb说实话真可以了
[2026-02-22 00:05:52] 银行业一样一样有有: 汤汤真可爱😍放空炮也很可爱🥵我亲烂你的脸🥰
[2026-02-22 00:05:52] 命运叫我去战斗:  @Karrigan：也许🐕💩才刚刚粘上
[2026-02-22 00:05:52] 从零开始的加拿大肄业: 你这音画不同步太难受了，我都听到NIKO里约RMR晋级的欢呼了
[2026-02-22 00:05:52] greexeen: @🦐:6-12 🦐腿开始变软
[2026-02-22 00:05:53] A队不吃晃的小祥本人: 老规矩，弹幕谁编的好笑我支持谁
[2026-02-22 00:05:53] 还是种田梨沙适合老子: 玩机器，你现在逆转风评和停止节奏的唯一办法就是把《颂乐人偶》后6集看完
[2026-02-22 00:05:53] b1essinx: @阿汤日记：一个人，5发子弹，保住格陵兰岛。我不会叫它不可能完成的任务，我现在只想先回家看亦博
[2026-02-22 00:05:53] LvvsiN: 额，拿亚军我都会，拿亚军，拿季军，拿四强，拿八强，拿十六强，呃拿冠军我不会，然后小组赛淘汰
[2026-02-22 00:05:53] 杏爱企鹅: @zonic：战术是好的但是执行差了
[2026-02-22 00:05:53] 春日長崎素世影: 玩机器，你现在逆转风评和停止节奏的唯一办法就是把《颂乐人偶》后6集看完
[2026-02-22 00:05:53] 听风丶随来: 不是龙哥被下放了没人说嘛
[2026-02-22 00:05:53] JamYo0oung: 兄弟们我感觉我今天状态不是很好啊，我今天状态非常不好啊，我感觉我应该，唉，我要不，我去调整一下心情吧
[2026-02-22 00:05:53] 宝哥我套死你猴子的: bb：终于拖到玩大哥回防
[2026-02-22 00:05:55] 神奥联盟的竹兰本人: 你屏蔽词都快赶上新华词典了为什么不干脆开一百级发言？
[2026-02-22 00:05:55] 快上痒气瓶: 批雨补个枪真费劲
[2026-02-22 00:05:55] 用户4891319378: 老汤也带过帽子
[2026-02-22 00:05:55] 宇宙不二心: 遮一遮发际线
[2026-02-22 00:05:55] 风追XD: choke
[2026-02-22 00:05:55] 海绵宝宝雾雨儿: 地中海
[2026-02-22 00:05:55] 火暴兽也干了: 目前大东指挥6把，老汤指挥12把
[2026-02-22 00:05:55] 耍哦没事: 艺术冰霜这头发还不如剃了
[2026-02-22 00:05:55] 玩大人的小吉吉: 我的青春是千早爱音，四个老婆，三个小团体，两个高中，一把吉他，零胸围
[2026-02-22 00:05:56] 妖怪之山的菅牧典本人: 现在是东京时间2026年2月22日0点0分，是MyGO！！！！！吉他手要乐奈的生日，转发这条消息到五
[2026-02-22 00:05:56] 我知道的一点也不多: 玩机器，你现在逆转风评和停止节奏的唯一办法就是把《颂乐人偶》后6集看完
[2026-02-22 00:05:56] 劉膿dewasu: 玩机器要看似dad了。。。
[2026-02-22 00:05:56] Nightmare2517: 丢枪瞬
[2026-02-22 00:05:56] 血盟骑士团的Asuna本人: 机器我已经三分钟没听到gla1ve应聘教练的故事了
[2026-02-22 00:05:56] siufff: 载物鞭：你鞭你的M🤬 妮蔻鞭+引导哦+偷mvp：这老尼他就该赢啊
[2026-02-22 00:05:57] 烟鬼安德鲁: 你那冰霜是秃子吗
[2026-02-22 00:05:57] 蚊香蝌蚪杨某人: 那jee王朝了呀，开局给对面五个人发顶帽子判犯规拿下
[2026-02-22 00:05:57] s坑华: 目前大东指挥6把，老汤指挥12把
[2026-02-22 00:05:57] 龙龙虾虾爱软脚: 翻了你会血压爆炸吗
[2026-02-22 00:05:57] 念旧丶Meteor丶丶: 你一看就输你一看就输
[2026-02-22 00:05:57] 如如493: @rain：看似100T就鲨了你😡
[2026-02-22 00:05:57] 落夜会: 成功的supernip还是supernip吗？
[2026-02-22 00:05:58] 听说改名能中奖是八: 战术目镜
[2026-02-22 00:05:58] 古堡12枪战神: 目前大东指挥6把，老汤指挥12把
[2026-02-22 00:05:58] A队不吃晃的小祥本人: 申请看100T比赛净化弹幕，同意的＋1
[2026-02-22 00:05:58] DAVE佛: 诸葛自己也软
[2026-02-22 00:06:00] 纪川6657: @🦐:6-12 🦐腿开始变软
[2026-02-22 00:06:00] 血樱幽世: 确实快秃了
[2026-02-22 00:06:00] 已被homo占用: 　　　 玩机器，你现在逆转风评和停止节奏的唯一办法就是把《颂乐人偶》后6集看完
[2026-02-22 00:06:00] 摆烂小鸽子: bb：终于拖到玩大哥回防
[2026-02-22 00:06:00] 玩玩我家尼尼呢: 不是龙哥被下放了没人说嘛
[2026-02-22 00:06:00] valorant玩机器: 不是龙哥被下放了没人说嘛
[2026-02-22 00:06:00] Source起源: 　　　 玩机器，你现在逆转风评和停止节奏的唯一办法就是把《颂乐人偶》后6集看完
[2026-02-22 00:06:00] BleksiA: 皮革
[2026-02-22 00:06:00] Tomokomeister: 不是龙哥被下放了没人说嘛
[2026-02-22 00:06:00] A队不吃晃的小祥本人: 申请看100T比赛净化弹幕，同意的＋1
[2026-02-22 00:06:00] 布斯特丽丽: @🦐:6-12 🦐腿开始变软
[2026-02-22 00:06:00] 甜甜圈的专用叉子: 玩机器，你现在逆转风评和停止节奏的唯一办法就是把《颂乐人偶》后6集看完
[2026-02-22 00:06:01] xyPP1: 怎么还有戴眼罩的
[2026-02-22 00:06:01] 哈基米的小洞: 不是龙哥被下放了没人说嘛
[2026-02-22 00:06:01] N1Ko28: 这个秃头带了护额感觉更难受阿
[2026-02-22 00:06:02] LvvsiN: 玩宝宝，我发现在大学上学的时候肄业会很舒服，你可以试试
[2026-02-22 00:06:02] 烈酒作伴000: 这么秃
[2026-02-22 00:06:03] ZleriCC: 你屏蔽词都快赶上新华词典了为什么不干脆开一百级发言？
[2026-02-22 00:06:03] 咔咔咔咔kk: 无鞭帽吗那得给niko戴
[2026-02-22 00:06:03] 飞机炸弹嘤嘤嘤: 12／6翻盘了，有感觉吗
[2026-02-22 00:06:03] 永远的克罗娜: 机器，我只希望你能轻松快乐的直播......
[2026-02-22 00:06:03] 梓川不是辛川: 不是龙哥被下放了没人说嘛
[2026-02-22 00:06:03] Melinda080: 偷 哦 嘘 鞭 贷 拔 君子六艺🤚🦐✋
[2026-02-22 00:06:03] 萝伯丝比尔: 点 错了
[2026-02-22 00:06:03] 好兄弟维斯塔潘: @🦐:6-12 🦐腿开始变软
[2026-02-22 00:06:03] Furia的YEKINDER本人: 地中海
[2026-02-22 00:06:03] NT丶話事人: 这秃头不让戴帽子，确实得找点东西挡一下
[2026-02-22 00:06:03] 李s三岁: 那jee王朝了呀，开局给对面五个人发顶帽子判犯规拿下
[2026-02-22 00:06:03] 鲜血与暗影铸造的家伙: 12:6
[2026-02-22 00:06:03] 星伍717: 你们怎么这么快就开始关注比赛了。。。
[2026-02-22 00:06:04] 玩机器是我霸: 有人觉得藕粉很像克里斯蒂亚诺多斯桑托斯阿伟罗吗…
[2026-02-22 00:06:04] 血盟骑士团的Asuna本人: 机器我已经三分钟没听到gla1ve应聘教练的故事了
[2026-02-22 00:06:04] 上个世纪末期的疯子: @🦐:6-12 🦐腿开始变软
[2026-02-22 00:06:04] 丰川祥子单推人: 12:6
[2026-02-22 00:06:04] 玩弓箭、Arrow: 艺术冰霜去年没这么秃吧
[2026-02-22 00:06:04] UPMAO233: 汤汤真可爱😍放空炮也很可爱🥵我亲烂你的脸🥰
[2026-02-22 00:06:04] 带节奏的都是我重孙: 我给弹幕提一嘴，玩机器也是牢a说的留学生，真对上了
[2026-02-22 00:06:04] 哦丁Oading: @🦐:6-12 🦐腿开始变软
[2026-02-22 00:06:04] ultraviolet的摩卡本人: 载物鞭：你鞭你的M🤬 妮蔻鞭+引导哦+偷mvp：这老尼他就该赢啊
[2026-02-22 00:06:04] 丰川祥子口三角初华: 不是龙哥被下放了没人说嘛
[2026-02-22 00:06:04] BirdT: 　　　 玩机器，你现在逆转风评和停止节奏的唯一办法就是把《颂乐人偶》后6集看完
[2026-02-22 00:06:04] 我感觉很膨胀: 目前大东指挥6把，老汤指挥12把
[2026-02-22 00:06:05] 陈怡宝i: 不是龙哥被下放了没人说嘛
[2026-02-22 00:06:05] 偷鸡蛋的玩机器本人o: 这导播知道冰霜艺术秃顶一直拍他有感觉吗
[2026-02-22 00:06:05] A队不吃晃的小祥本人: 玩机器，你现在逆转风评和停止节奏的唯一办法就是把《颂乐人偶》后6集看完
[2026-02-22 00:06:05] faze的ro叶睦本人: 　　　 玩机器，你现在逆转风评和停止节奏的唯一办法就是把《颂乐人偶》后6集看完
[2026-02-22 00:06:05] 时节不居99156: 　　　 niko（👀12-6❓❗）🦐腿开始发抖o（（⊙﹏⊙))o.
[2026-02-22 00:06:06] 玩乐队丶desuwa: bb：终于拖到玩大哥回防
[2026-02-22 00:06:06] 巅峰A队魔男: eco在哪？
[2026-02-22 00:06:06] 一条无梦鱼: 目前大东指挥6把，老汤指挥12把
[2026-02-22 00:06:06] 葬舞群花泪: 业余
[2026-02-22 00:06:06] 人活着就是为了玩乐队: 不是龙哥被下放了没人说嘛
[2026-02-22 00:06:06] 双刀牛TMac: 那jee王朝了呀，开局给对面五个人发顶帽子判犯规拿下
[2026-02-22 00:06:07] 从零开始的加拿大肄业: 你屏蔽词都快赶上新华词典了为什么不干脆开一百级发言？
[2026-02-22 00:06:07] Hyl3o28: .
[2026-02-22 00:06:07] kalaokl: 先骂Niko鞭尸，再骂🧊粉，最后骂串子完成切割，这简直是完美的犯罪😎
[2026-02-22 00:06:07] JuL1us: 无鞭帽吗那得给niko戴
[2026-02-22 00:06:07] 冬瓜不在家偷偷玩机器: @🦐:6-12 🦐腿开始变软
[2026-02-22 00:06:08] LvvsiN: 银行业😄银行业😀银行业😃银行业😁银行业😆银行业🤪银行业😝
[2026-02-22 00:06:08] 上完课我找你: 直播间有没有富哥送个东西提醒一下这头🐖开双倍😅我的荧光棒真要过期了ですわ
[2026-02-22 00:06:08] 不可一世ji豪: 无鞭帽吗那得给niko戴
[2026-02-22 00:06:08] Rainwedell: 有钱e毛线
[2026-02-22 00:06:08] 玉米卧槽: 那jee王朝了呀，开局给对面五个人发顶帽子判犯规拿下
[2026-02-22 00:06:09] 玩指挥丶NiKo: @device：儿子，你好像有点晦气😮
[2026-02-22 00:06:09] 传奇老将丰川祥子: 不是龙哥被下放了没人说嘛
[2026-02-22 00:06:09] 我是赛马娘高手: @🦐:6-12 🦐腿开始变软
[2026-02-22 00:06:09] 花田妖精: 艺术冰霜剃光了戴假发得了
[2026-02-22 00:06:09] 南执i: 考
[2026-02-22 00:06:10] LvvsiN: 屏幕中间弹幕这么狂？站那不走了还剧透分，你当你是主办方？？
[2026-02-22 00:06:10] 玩机器是我霸: 有人觉得NIKO很像克里斯蒂亚诺多斯桑托斯阿伟罗吗…
[2026-02-22 00:06:10] 永远的克罗娜: 机器，我只希望你能轻松快乐的直播......
[2026-02-22 00:06:10] 若叶睦吃苦瓜: 不是龙哥被下放了没人说嘛
[2026-02-22 00:06:10] 森电major冠军尼孩没冠: 你屏蔽词都快赶上新华词典了为什么不干脆开一百级发言？
[2026-02-22 00:06:11] 买个保险: 业余
[2026-02-22 00:06:11] L0ost: bb：终于拖到玩大哥回防
[2026-02-22 00:06:11] 含泪办卡: 目前大东指挥6把，老汤指挥12把
[2026-02-22 00:06:11] uyygkhil: 　　　 niko（👀12-6❓❗）🦐腿开始发抖o（（⊙﹏⊙))o.
[2026-02-22 00:06:12] 血盟骑士团的Asuna本人: 机器我已经三分钟没听到gla1ve应聘教练的故事了
[2026-02-22 00:06:12] LvvsiN: 玩宝宝，我发现在大学上学的时候肄业会很舒服，你可以试试
[2026-02-22 00:06:12] F0restwOw-: 不是龙哥被下放了没人说嘛
[2026-02-22 00:06:12] 最爱玩宝宝惹: 58
[2026-02-22 00:06:12] 三楼空调不够冷: 载物鞭：你鞭你的M🤬 妮蔻鞭+引导哦+偷mvp：这老尼他就该赢啊
[2026-02-22 00:06:12] A队不吃晃的小祥本人: 老规矩，弹幕谁编的好笑我支持谁
[2026-02-22 00:06:12] 巴德尔Baldr: 诸葛发现眼前熟悉的这几个人有点陌生了
[2026-02-22 00:06:12] 听风丶随来: 死人
[2026-02-22 00:06:12] JaFency: E你的爱慕
[2026-02-22 00:06:12] qiheilike2333: 　　　 NiKo（👀12-6❓❗）🦐腿开始发抖o（（⊙﹏⊙)）o
[2026-02-22 00:06:12] 没事看g看玩: 这哥们这么年轻就这么秃吗？
[2026-02-22 00:06:13] 马楼King张三: 不会的
[2026-02-22 00:06:13] 莫塔里家的珂莱塔本人: 无鞭帽吗那得给niko戴
[2026-02-22 00:06:13] DOLLARS游马崎沃克本人: 无鞭帽吗那得给niko戴
[2026-02-22 00:06:13] Buildup757: 　　　 玩机器，你现在逆转风评和停止节奏的唯一办法就是把《颂乐人偶》后6集看完
[2026-02-22 00:06:14] 好姐妹橘雪莉: 玩机器，你现在逆转风评和停止节奏的唯一办法就是把《颂乐人偶》后6集看完
[2026-02-22 00:06:14] HXCHYH: @🦐:6-12 🦐腿开始变软
[2026-02-22 00:06:14] 渡亡神雅睿欧斯: 目前大东指挥6把，老汤指挥12把
[2026-02-22 00:06:14] 尼尼hihimajor冠军: 这头发难怪喜欢戴帽子
[2026-02-22 00:06:14] 还有时间日落之前: 大东说的不对听不下去了
[2026-02-22 00:06:15] 羽川翼的恋爱物语: 想多了
[2026-02-22 00:06:15] A队不吃晃的小祥本人: 玩机器，你现在逆转风评和停止节奏的唯一办法就是把《颂乐人偶》后6集看完
[2026-02-22 00:06:15] 玩汉娜、Sherry: 不是龙哥被下放了没人说嘛
[2026-02-22 00:06:15] 玩大人的小吉吉: 目前大东指挥6把，老汤指挥12把
[2026-02-22 00:06:15] 海鲜业大虾大虾Niko: @device：儿子，你好像有点晦气😮
[2026-02-22 00:06:16] 宇治的QQ: 玩机器，你现在逆转风评和停止节奏的唯一办法就是把《颂乐人偶》后6集看完
[2026-02-22 00:06:16] 左边的伏地魔: 王锦宇别看了
[2026-02-22 00:06:16] 乐小鱼11: 目前大东指挥6把，老汤指挥12把
[2026-02-22 00:06:16] 火星情报员工: 不是龙哥被下放了没人说嘛
[2026-02-22 00:06:16] 上完课我找你: 直播间有没有富哥送个东西提醒一下这头🐖开双倍😅我的荧光棒真要过期了ですわ
[2026-02-22 00:06:16] 尼尼孩孩京京驴驴: 你不就给载物戴过帽子吗
[2026-02-22 00:06:16] Flargely: 这么年轻秃成这样
[2026-02-22 00:06:17] GlockieSs: 你爸怎么还跟鼠和卡神当队友了？
[2026-02-22 00:06:17] 步乌不是不: 抓娃娃
[2026-02-22 00:06:17] Ka1oto: 冷暴力
[2026-02-22 00:06:17] 咬一口虾堡: 不给
[2026-02-22 00:06:17] LyfeBestla本人: 别忘了Supernip 就是格雷武在比赛里call出来的
[2026-02-22 00:06:17] 没有真名233: 载物鞭：你鞭你的M🤬 妮蔻鞭+引导哦+偷mvp：这老尼他就该赢啊
[2026-02-22 00:06:17] dark1337: 大哥玩tec9
[2026-02-22 00:06:17] 神奥联盟的竹兰本人: 无鞭帽吗那得给niko戴
[2026-02-22 00:06:18] LoveUsube: 不是龙哥被下放了没人说嘛
[2026-02-22 00:06:18] LvvsiN: 你这音画不同步太难受了，我都听到NIKO里约RMR晋级的欢呼了
[2026-02-22 00:06:18] 玩彩叶、Kaguya: 不是龙哥被下放了没人说嘛
[2026-02-22 00:06:18] 好姐妹橘雪莉: 无鞭帽吗那得给niko戴
[2026-02-22 00:06:18] cccexe: 不给
[2026-02-22 00:06:19] 流光似水321: 老汤带着个绿帽子没人管管吗？
[2026-02-22 00:06:19] VDVCI的迪米特里本人: 无鞭帽吗那得给niko戴
[2026-02-22 00:06:19] 神马米洛: bb：终于拖到玩大哥回防
[2026-02-22 00:06:19] 旧梦乱人心415: 什么zywoo改名去bb了？？？？
[2026-02-22 00:06:19] 尊尼获加然: 有人觉得NIKO很像克里斯蒂亚诺多斯桑托斯阿伟罗吗…
[2026-02-22 00:06:19] 玩宝路、Marlboro: 玩机器，你现在逆转风评和停止节奏的唯一办法就是把《颂乐人偶》后6集看完
[2026-02-22 00:06:19] 布斯特丽丽: 目前大东指挥6把，老汤指挥12把
[2026-02-22 00:06:20] 逍遥的F: 不是龙哥被下放了没人说嘛
[2026-02-22 00:06:20] 机器机器祝你天天开心: 吸
[2026-02-22 00:06:20] LvvsiN: 你为什么要把mαjor禁了，我收藏的一半弹幕全毁了
[2026-02-22 00:06:20] 欲执笔书墨: 无鞭帽吗那得给niko戴
[2026-02-22 00:06:20] 宇治的QQ: 玩机器，你现在逆转风评和停止节奏的唯一办法就是把《颂乐人偶》后6集看完
[2026-02-22 00:06:20] 博丽灵感菇: 不是龙哥被下放了没人说嘛
[2026-02-22 00:06:21] 用户9091742653: 老汤也戴过帽子。。。
[2026-02-22 00:06:21] zbq93: 目前大东指挥6把，老汤指挥12把
[2026-02-22 00:06:21] 若叶睦吃苦瓜: niko（👀12-6❓❗）🦐腿开始发抖o（（⊙﹏⊙))o.
[2026-02-22 00:06:21] 5m1le: 玩机器，你现在逆转风评和停止节奏的唯一办法就是把《颂乐人偶》后6集看完
[2026-02-22 00:06:21] Moe1e: 各主播对zywoo鞭尸jee的反应，玩大哥场间看下这个吧
[2026-02-22 00:06:22] LYQ苍破孤独: 给jЬ
[2026-02-22 00:06:22] MasanQwQ: 玩机器，你现在逆转风评和停止节奏的唯一办法就是把《颂乐人偶》后6集看完
[2026-02-22 00:06:22] 八神丿男人: 无鞭帽吗那得给niko戴
[2026-02-22 00:06:22] LvvsiN: 孩子们快跑，马修赫伯特来了😨卧槽你的怎么是马枪和BOT
[2026-02-22 00:06:22] 刘亦龟的博头: 你一看就输😅
[2026-02-22 00:06:23] A队不吃晃的小祥本人: ⓘ您已被天师庄方宜举报封禁，点击了解武陵社会信用
[2026-02-22 00:06:23] 独醉空楼月似霰: 还搁这直播呢？圣主突破封印，布莱克警长正组织反击，其他生肖都到了，就差你这头猪了！！！！
[2026-02-22 00:06:23] 积极博弈GGB: 20-5拿tec9
[2026-02-22 00:06:23] Arianphy: 别忘了Supernip 就是格雷武在比赛里call出来的
[2026-02-22 00:06:23] CN传奇指挥advent: 现在也不给
[2026-02-22 00:06:23] 普通网友小沈: 冷知识，zywoo鞭jee和niko鞭nota都是k3指挥的
[2026-02-22 00:06:23] SuperP681: 无鞭帽吗那得给niko戴
[2026-02-22 00:06:23] 京京孩孩majo冠军: 载物鞭：你鞭你的M🤬 妮蔻鞭+引导哦+偷mvp：这老尼他就该赢啊
[2026-02-22 00:06:24] 这下洗不清咯: 给你的爱慕
[2026-02-22 00:06:24] 雪花飛: snax play
[2026-02-22 00:06:24] 宇治的QQ: 玩机器，你现在逆转风评和停止节奏的唯一办法就是把《颂乐人偶》后6集看完
[2026-02-22 00:06:24] MeIoN39: 无鞭帽吗那得给niko戴
[2026-02-22 00:06:24] 卡啊卡卡丶: 玩机器之老汤被鞭一笑而过但你鞭了我喜欢的选手！我就要喷！
[2026-02-22 00:06:24] 古堡12枪战神: 秃头的
[2026-02-22 00:06:25] 康托尔74920: 不是龙哥被下放了没人说嘛
[2026-02-22 00:06:25] 用户9921747043: 目前大东指挥6把，老汤指挥12把
[2026-02-22 00:06:25] racula: 这森林是想遮一下自己头秃吧
[2026-02-22 00:06:25] 马楼King张三: 现在也不会
[2026-02-22 00:06:25] A队不吃晃的小祥本人: 申请看100T比赛净化弹幕，同意的＋1
[2026-02-22 00:06:26] jjc玩神祝我生日快乐: 12级了，现在我才感觉到绿色牌子的低级😌
[2026-02-22 00:06:26] 想法7hou9ht: 去年比这秃多了
[2026-02-22 00:06:26] LvvsiN: 我提一嘴这剧情越来越像上海major了
[2026-02-22 00:06:26] 狙神琴寄文乃: 不是龙哥被下放了没人说嘛
[2026-02-22 00:06:26] 三楼空调不够冷: 载物鞭：你鞭你的M🤬 妮蔻鞭+引导哦+偷mvp：这老尼他就该赢啊
[2026-02-22 00:06:26] 宇治的QQ: 玩机器，你现在逆转风评和停止节奏的唯一办法就是把《颂乐人偶》后6集看完
[2026-02-22 00:06:26] 玩机器你能不能闭嘴: 机器你能不能叫底下那个丝竹闭嘴，影响我听演播厅三位分析师的解说了
[2026-02-22 00:06:27] 玩指挥丶NiKo: 不是龙哥被下放了没人说嘛
[2026-02-22 00:06:27] 永远的克罗娜: 机器，我只希望你能轻松快乐的直播......
[2026-02-22 00:06:27] 鹿公爷: 还是不给
[2026-02-22 00:06:27] Jellery无终: 瘤
[2026-02-22 00:06:27] 总监拾我霸: 队霸
[2026-02-22 00:06:27] Rainwedell: 你什么major
[2026-02-22 00:06:28] A队不吃晃的小祥本人: 玩机器，你现在逆转风评和停止节奏的唯一办法就是把《颂乐人偶》后6集看完
[2026-02-22 00:06:28] 梦的星: 20-5拿tec9
[2026-02-22 00:06:28] 太惠了: 独
[2026-02-22 00:06:28] RabbitRay: 水桶效应
[2026-02-22 00:06:28] LyfeBestla本人: 别忘了SuperNip就是格雷武在比赛里call出来的
[2026-02-22 00:06:28] 你一定不懂吧-: 瘤子
[2026-02-22 00:06:28] GlockieSs: 你爸怎么还跟鼠和卡神当队友了？
[2026-02-22 00:06:29] 宇治的QQ: 玩机器，你现在逆转风评和停止节奏的唯一办法就是把《颂乐人偶》后6集看完
[2026-02-22 00:06:29] 帽子的妮蔻本人: 老资历
[2026-02-22 00:06:29] 一个等猪人: 你们这群sЬ弹幕我电死你们⚡️嘟⚡️嘟⚡️嘟⚡️嘟⚡️嘟⚡️嘟⚡️嘟⚡️嘟⚡️嘟⚡️嘟
[2026-02-22 00:06:29] 注册2872天不能发弹幕: 无鞭帽吗那得给niko戴
[2026-02-22 00:06:30] Igony丶: 无鞭帽吗那得给niko戴
[2026-02-22 00:06:30] 雪乃雪乃: 不是龙哥被下放了没人说嘛
[2026-02-22 00:06:30] 最爱玩宝宝惹: 不是龙哥被下放了没人说嘛
[2026-02-22 00:06:30] A队不吃晃的小祥本人: ⓘ您已被天师庄方宜举报封禁，点击了解武陵社会信用
[2026-02-22 00:06:30] 白河日和: 瘤
[2026-02-22 00:06:30] 凛雪鸦MIO: 20-9的大哥不配啊
[2026-02-22 00:06:30] 落夜会: 感觉比赛才刚刚开始啊。。
[2026-02-22 00:06:31] 歌谷爱墨迹: 瘤子
[2026-02-22 00:06:31] d0gnn: 艺术冰霜真不如戴假发了
[2026-02-22 00:06:31] 夜刀神十香910: 抓娃娃
[2026-02-22 00:06:31] YRF2019: 抓娃娃
[2026-02-22 00:06:31] wiknzylix: bb：终于拖到玩大哥回防
[2026-02-22 00:06:31] RAINIKO: 你爸为啥不给
[2026-02-22 00:06:32] colony群: 玩机器，你现在逆转风评和停止节奏的唯一办法就是把《颂乐人偶》后6集看完
[2026-02-22 00:06:32] lpyuan: 目前大东指挥6把，老汤指挥12把
[2026-02-22 00:06:32] 明月夜无涯: 无鞭帽吗那得给niko戴
[2026-02-22 00:06:32] LvvsiN: 别解说了 多聊会天 你不会真的以为能输吧
[2026-02-22 00:06:33] 轰国小阿旭丶: 瘤子
[2026-02-22 00:06:33] Cloud9的咬人猫本人: 冷知识，zywoo鞭jee和niko鞭nota都是k3指挥的
[2026-02-22 00:06:33] JamYo0oung: 不是龙哥被下放了没人说嘛
[2026-02-22 00:06:34] St1Lt: 不给大哥ak哝
[2026-02-22 00:06:34] Kinap: 翻了翻了😀
[2026-02-22 00:06:34] 独醉空楼月似霰: 还搁这直播呢？圣主突破封印，布莱克警长正组织反击，其他生肖都到了，就差你这头猪了！！！！
[2026-02-22 00:06:34] 如如493:  玩机器，你现在逆转风评和停止节奏的唯一办法就是把
[2026-02-22 00:06:34] 天魔外道y: 无鞭帽吗那得给niko戴
[2026-02-22 00:06:34] 乐小鱼11: 无鞭帽吗那得给niko戴
[2026-02-22 00:06:34] LvvsiN: 玩宝宝，我发现在大学上学的时候肄业会很舒服，你可以试试
[2026-02-22 00:06:34] Ecifircas: 不是龙哥被下放了没人说嘛
[2026-02-22 00:06:34] 阿道和伏见柚柚: 无鞭帽吗那得给niko戴
[2026-02-22 00:06:35] 葬舞群花泪: 20-5tec9
[2026-02-22 00:06:35] Copyboro: 你够吧谁阿 还给你枪
[2026-02-22 00:06:35] 栗悟饭和嘟嘟噜: 目前大东指挥6把，老汤指挥12把
[2026-02-22 00:06:35] 足音: 20杀的拿tec9，11杀的拿ak
[2026-02-22 00:06:35] 用户9091742653: 老汤也戴过帽子。。。
[2026-02-22 00:06:35] 蒙面男神王老二: 不是龙哥被下放了没人说嘛
[2026-02-22 00:06:35] 1ntroverT: 载物鞭：你鞭你的M🤬 妮蔻鞭+引导哦+偷mvp：这老尼他就该赢啊
[2026-02-22 00:06:35] 丶丶Ken丶丶: 无鞭帽吗那得给niko戴
[2026-02-22 00:06:35] 橙子牌闹钟: 不是龙哥被下放了没人说嘛
[2026-02-22 00:06:36] 普丽瓦蒂: 老资历
[2026-02-22 00:06:36] 当前昵称暂时为空: 66666666666
[2026-02-22 00:06:36] 好兄弟本泽马: 汤汤，杀！
[2026-02-22 00:06:36] 瑭珏: 　　　 目前大东指挥6把，老汤指挥12把
[2026-02-22 00:06:36] 杺毓: 无鞭帽吗那得给niko戴
[2026-02-22 00:06:37] GlockieSs: 你爸怎么还跟鼠和卡神当队友了？
[2026-02-22 00:06:37] 博丽灵感菇: 卧槽，龙哥真被下放了！
[2026-02-22 00:06:37] 君冠城渗透者: 大哥不发枪？
[2026-02-22 00:06:38] 火星情报员工: 机器你能不能叫底下那个丝竹闭嘴，影响我听演播厅三位分析师的解说了
[2026-02-22 00:06:38] Lack13: 大哥不拿枪说是
[2026-02-22 00:06:38] 宇治的QQ: 玩机器，你现在逆转风评和停止节奏的唯一办法就是把《颂乐人偶》后6集看完
[2026-02-22 00:06:38] 十年丶顾城暖: 翻了
[2026-02-22 00:06:38] LvvsiN: 孩子们快跑，马修赫伯特来了😨卧槽你的怎么是马枪和BOT
[2026-02-22 00:06:39] G4RYPU: 冷知识，zywoo鞭jee和niko鞭nota都是k3指挥的
[2026-02-22 00:06:39] 网上战士: 玩机器，你现在逆转风评和停止节奏的唯一办法就是把《颂乐人偶》后6集看完
[2026-02-22 00:06:39] 万能的鸵鸟: 不是龙哥被下放了没人说嘛
[2026-02-22 00:06:39] chordclef: 感觉比赛才刚刚开始啊。。
[2026-02-22 00:06:39] c6lviN: 引导
[2026-02-22 00:06:39] 想吃丰川祥子的狱卒: 感觉6657对石家庄雨姐攻击性太强了
[2026-02-22 00:06:40] 一位不知名的粤Y水友: 玩÷进来看之后，老汤就没开过荤了
[2026-02-22 00:06:40] 寺见鸣鳰: 不是龙哥被下放了没人说嘛
[2026-02-22 00:06:40] 辣鸡V社还我穷鬼盾: 为什么不让老汤给呢
[2026-02-22 00:06:40] 鹿公爷: 20-5不配
[2026-02-22 00:06:40] 晓雨亦云: 就大哥没枪
[2026-02-22 00:06:40] A队不吃晃的小祥本人: 老规矩，弹幕谁编的好笑我支持谁
[2026-02-22 00:06:40] Vitality的Eminem本人: 这小众宝藏比赛导播还在坚持手搓OB视角
[2026-02-22 00:06:40] CThun438: 🥳弹幕就这样串！说的话全部玩宝宝承担😘，就像玩宝宝跟载圣一样🤪
[2026-02-22 00:06:40] Arianphy: 不是龙哥被下放了没人说嘛
[2026-02-22 00:06:41] YukkiaBaby: 你爸为啥不给
[2026-02-22 00:06:41] 怎么辉逝呢: 机器机器，今天这是在玩不看弹幕挑战吗？这么多精彩弹幕能忍住不互动的😫😫
[2026-02-22 00:06:41] chukap: 无鞭帽吗那得给niko戴
[2026-02-22 00:06:42] 用户9921747043: 不是龙哥被下放了没人说嘛
[2026-02-22 00:06:42] 苦来兮苦的祥子本人: 无鞭帽吗那得给niko戴
[2026-02-22 00:06:42] 哦斯特哦哦: 大哥不拿枪说是
[2026-02-22 00:06:42] 永远喜欢樱岛麻衣: apex play
[2026-02-22 00:06:42] mo家族之首的黑闪本人: 老汤这定妆照好丑。。。
[2026-02-22 00:06:42] 刘农痴呆不忘带永恒: 冷知识，zywoo鞭jee和niko鞭nota都是k3指挥的
[2026-02-22 00:06:42] LvvsiN: 银行业😄银行业😀银行业😃银行业😁银行业😆银行业🤪银行业😝
[2026-02-22 00:06:42] 宇治的QQ: 玩机器，你现在逆转风评和停止节奏的唯一办法就是把《颂乐人偶》后6集看完
[2026-02-22 00:06:43] 房同学19554: 还搁这直播呢？圣主突破封印，布莱克警长正组织反击，其他生肖都到了，就差你这头猪了！！！！
[2026-02-22 00:06:43] A队不吃晃的小祥本人: 玩机器，你现在逆转风评和停止节奏的唯一办法就是把《颂乐人偶》后6集看完
[2026-02-22 00:06:43] 好姐妹橘雪莉: 机器你能不能叫底下那个丝竹闭嘴，影响我听演播厅三位分析师的解说了
[2026-02-22 00:06:43] 永远的克罗娜: 机器，我只希望你能轻松快乐的直播......
[2026-02-22 00:06:43] 喵蹄丝: 不是龙哥被下放了没人说嘛
[2026-02-22 00:06:43] WE丶繁梦: 卧槽，龙哥真被下放了！
[2026-02-22 00:06:44] 心安理得的时候: apex play
[2026-02-22 00:06:44] Shap1st: 载物鞭：你鞭你的M🤬 妮蔻鞭+引导哦+偷mvp：这老尼他就该赢啊
[2026-02-22 00:06:44] 白塔11341: 不是龙哥被下放了没人说嘛
[2026-02-22 00:06:44] 冬瓜不在家偷偷玩机器: 玩场外的现场全是枪
[2026-02-22 00:06:44] 斗鱼用户4901183769: 无鞭帽吗那得给niko戴
[2026-02-22 00:06:44] LvvsiN: 别解说了 多聊会天 你不会真的以为能输吧
[2026-02-22 00:06:44] 铃铃啷: 载物鞭：你鞭你的M🤬 妮蔻鞭+引导哦+偷mvp：这老尼他就该赢啊
[2026-02-22 00:06:45] eqqiu: 不是龙哥被下放了没人说嘛
[2026-02-22 00:06:45] 宇治的QQ: 玩机器，你现在逆转风评和停止节奏的唯一办法就是把《颂乐人偶》后6集看完
[2026-02-22 00:06:45] 森林与雁: 不是龙哥被下放了没人说嘛
[2026-02-22 00:06:45] 里约钻石币拥有者: 无鞭帽吗那得给niko戴
[2026-02-22 00:06:45] s坑华: 拿过top20吗？就给你
[2026-02-22 00:06:46] 骂我皆为调情丷: 你爸为啥不给
[2026-02-22 00:06:46] Arianphy: 玩机器，你现在逆转风评和停止节奏的唯一办法就是把《颂乐人偶》后6集看完
[2026-02-22 00:06:46] 还有时间日落之前: 全靠小鼠了这分
[2026-02-22 00:06:46] 2steppppppp: 老资历
[2026-02-22 00:06:46] 海参怎么你了: 冷知识，zywoo鞭jee和niko鞭nota都是k3指挥的
[2026-02-22 00:06:46] 我是赛马娘高手: 玩机器，你现在逆转风评和停止节奏的唯一办法就是把《颂乐人偶》后6集看完
[2026-02-22 00:06:46] LuIuSweety: 不是龙哥被下放了没人说嘛
[2026-02-22 00:06:46] LvvsiN: 孩子们快跑，马修赫伯特来了😨卧槽你的怎么是马枪和BOT
[2026-02-22 00:06:47] 宇治的QQ: 玩机器，你现在逆转风评和停止节奏的唯一办法就是把《颂乐人偶》后6集看完
[2026-02-22 00:06:47] 曲奇三梦: 机器你能不能叫底下那个丝竹闭嘴，影响我听演播厅三位分析师的解说了
[2026-02-22 00:06:48] Tim1cc: apex play
[2026-02-22 00:06:48] Kinap: 不是龙哥被下放了没人说嘛
[2026-02-22 00:06:48] 子非鱼乐77042: 不是龙哥被下放了没人说嘛
[2026-02-22 00:06:48] 无敌狐大王66: 比分正确
[2026-02-22 00:06:48] 恺悌君子能几醉: 哥，看你直播这么久也没送啥礼物 ，今天给你转了5000，你下载蚁族崛起回复yyf领取
[2026-02-22 00:06:48] 上完课我找你: 富哥们我错了😭快砸一个双倍吧😭我的荧光棒要过期了😭
[2026-02-22 00:06:48] 迷途小书童419: 还在看
[2026-02-22 00:06:48] 万能的鸵鸟: 卧槽，龙哥真被下放了！
[2026-02-22 00:06:48] Pioneer893: 不是龙哥被下放了没人说嘛
[2026-02-22 00:06:48] VDVCI的迪米特里本人: 冷知识，zywoo鞭jee和niko鞭nota都是k3指挥的
[2026-02-22 00:06:49] 妳天真我現實: 机器你能不能叫底下那个丝竹闭嘴，影响我听演播厅三位分析师的解说了
[2026-02-22 00:06:49] 猫头全球第二粉丝: 不是龙哥被下放了没人说嘛
[2026-02-22 00:06:49] 好姐妹橘雪莉: 冷知识，zywoo鞭jee和niko鞭nota都是k3指挥的
[2026-02-22 00:06:49] 該亞法: 不是龙哥被下放了没人说嘛
[2026-02-22 00:06:49] 油炸火影忍者: 机器你能不能叫底下那个丝竹闭嘴，影响我听演播厅三位分析师的解说了
[2026-02-22 00:06:50] Ausliedy: 机器，我只希望你能轻松快乐的直播......
[2026-02-22 00:06:50] 舞小风: 玩机器，你现在逆转风评和停止节奏的唯一办法就是把《颂乐人偶》后6集看完
[2026-02-22 00:06:50] Agrandir: 你爸为啥不给
[2026-02-22 00:06:50] 枫秋秋: 无鞭帽吗那得给niko戴
[2026-02-22 00:06:50] 玩山山丶Mounta1n: @niko:不要乱扣帽子好吧什么叫鞭之帽？
[2026-02-22 00:06:50] 毛毛被菜鸟干: 不是龙哥被下放了没人说嘛
[2026-02-22 00:06:50] 小小青蛙输风雨: 还搁这直播呢？圣主突破封印，布莱克警长正组织反击，其他生肖都到了，就差你这头猪了！！！！
[2026-02-22 00:06:51] 堀咲不得: 不是龙哥被下放了没人说嘛
[2026-02-22 00:06:51] A队不吃晃的小祥本人: 老规矩，弹幕谁编的好笑我支持谁
[2026-02-22 00:06:51] 浮生若尘: 冷知识，zywoo鞭jee和niko鞭nota都是k3指挥的
[2026-02-22 00:06:51] b1essinx: 还搁这直播呢？圣主突破封印，布莱克警长正组织反击，其他生肖都到了，就差你这头猪了！！！！
[2026-02-22 00:06:51] 用户3344129694: 载物鞭：你鞭你的M🤬 妮蔻鞭+引导哦+偷mvp：这老尼他就该赢啊
[2026-02-22 00:06:51] 买个保险: 卧槽，龙哥真被下放了！
[2026-02-22 00:06:51] veggboy: 最大的大哥没枪
[2026-02-22 00:06:51] 滨辺美波: 卧槽，龙哥真被下放了！
[2026-02-22 00:06:52] 好妹妹芙兰朵露本人: apex play
[2026-02-22 00:06:52] 金刚金刚最可爱: 不是龙哥被下放了没人说嘛
[2026-02-22 00:06:52] 我知道的一点也不多: 还搁这直播呢？圣主突破封印，布莱克警长正组织反击，其他生肖都到了，就差你这头猪了！！！！
