# room_id=6979222 host=玩机器丶Machine title=小众宝藏结晶直播 live_time= fetch_time=2026-02-21 23:45:46
[2026-02-22 00:56:27] 石家庄的刘亦博本人: 正义必胜😠正义必胜😠正义必胜😠正义必胜😠正义必胜😠正义必胜😠正义必胜😠
[2026-02-22 00:56:27] 99999改名中奖aa: 玩的福
[2026-02-22 00:56:27] 怒之拳: 千万别用双倍卡⚠️千万别用双倍卡⚠️千万别用双倍卡⚠️千万别用双倍卡⚠️千万别用双倍卡⚠️
[2026-02-22 00:56:27] Ecifircas: 千万别用双倍卡⚠️千万别用双倍卡⚠️千万别用双倍卡⚠️千万别用双倍卡⚠️千万别用双倍卡⚠️
[2026-02-22 00:56:27] TQACW: jame：你的三箱狙为什么不掉线
[2026-02-22 00:56:27] 孤独时代的红红火火: 闹麻了
[2026-02-22 00:56:27] 玩口器Mouth: 匕匕亥亥Jor冠军🏆🏆🏆
[2026-02-22 00:56:27] 吊人日子不过了: 有区别吗
[2026-02-22 00:56:28] suicho: 66捂7了
[2026-02-22 00:56:28] zcyhymine: 串
[2026-02-22 00:56:28] EIght8XX: 😫👎吁～😫👎吁～😫👎吁～😫👎吁～😫👎吁～😫👎吁～😫
[2026-02-22 00:56:28] 鱼鱼诚: 捂嘴了
[2026-02-22 00:56:28] DeVic3: 三箱狙就是厉害👍👍👍
[2026-02-22 00:56:28] 哈哈哈哈哈哈停不下来: 😩👎吁！！😩👎吁！！😩👎吁！！😩👎吁！！😩👎吁！！😩👎吁！！
[2026-02-22 00:56:28] 水球碳酸饮料: 😩👎吁！！😩👎吁！！😩👎吁！！😩👎吁！！😩👎吁！！
[2026-02-22 00:56:28] 无聊的小琛子0: 煲了
[2026-02-22 00:56:29] 卡啊卡卡丶: 千万别用双倍卡⚠️千万别用双倍卡⚠️千万别用双倍卡⚠️千万别用双倍卡⚠️千万别用双倍卡⚠️
[2026-02-22 00:56:29] Ganbei4Eureka: 抓娃娃
[2026-02-22 00:56:29] 假如一切是虚幻: 千万别用双倍卡⚠️千万别用双倍卡⚠️千万别用双倍卡⚠️千万别用双倍卡⚠️千万别用双倍卡⚠️
[2026-02-22 00:56:29] bsqqaq: 弹幕本质尼孝。现在还在带宽冠军的
[2026-02-22 00:56:29] 用户28254882: 耶🤪👍！！吁👎😩！！耶🤪👍！！吁👎😩！！耶🤪👍！！吁👎😩！！耶🤪👍！！吁
[2026-02-22 00:56:29] 为所欲为丶中二林: 已黑名单
[2026-02-22 00:56:31] loverboy888: 爆
[2026-02-22 00:56:31] ogur1cap小栗: 玩的福🤤玩的福🤤玩的福🤤玩的福🤤玩的福🤤玩的福🤤玩的福🤤玩的福🤤
[2026-02-22 00:56:31] AriselAlagadda: 匕匕亥亥Jor冠军🏆🏆🏆
[2026-02-22 00:56:31] FellOmen: Jame：他为什么不掉线。。。
[2026-02-22 00:56:31] 等给他爱6发售中: 加咯～（∠・ω〈 )⌒★
[2026-02-22 00:56:31] 用户4679859569: 玩的福真的臭
[2026-02-22 00:56:31] 玩大哥你的蚯蚓好小: 千万别用双倍卡⚠️千万别用双倍卡⚠️千万别用双倍卡⚠️千万别用双倍卡⚠️千万别用双倍卡⚠️
[2026-02-22 00:56:31] 中野家的三玖丈夫本人: 弹幕本质尼孝。现在还在带宽冠军的
[2026-02-22 00:56:31] NepLin木: 玩的福真的臭
[2026-02-22 00:56:31] 夺云丶: 海参？骸身！
[2026-02-22 00:56:31] C灬jy: 玩的福好臭...
[2026-02-22 00:56:31] Yaushine: 玩的福
[2026-02-22 00:56:32] desuwa的丰川祥子本人: 正义必胜😠正义必胜😠正义必胜😠正义必胜😠正义必胜😠正义必胜😠正义必胜😠
[2026-02-22 00:56:32] 邪皇的切入: 两坨
[2026-02-22 00:56:32] 小豆b鱼儿: 手动屏蔽
[2026-02-22 00:56:32] 星炬学院朽叶千咲本人: 捂嘴了
[2026-02-22 00:56:32] tx马没了: 玩的福真的臭
[2026-02-22 00:56:32] 房同学19554: 千万别用双倍卡⚠️千万别用双倍卡⚠️千万别用双倍卡⚠️千万别用双倍卡⚠️千万别用双倍卡⚠️
[2026-02-22 00:56:32] 用户3661578: 国旗不一样啊
[2026-02-22 00:56:32] 骄骄爱吃糖: 串
[2026-02-22 00:56:32] 地球人233022: 禁言了
[2026-02-22 00:56:32] A队的三角初音本人: 捂嘴了
[2026-02-22 00:56:32] 古手戶絵梨花: 66捂7了
[2026-02-22 00:56:32] 都觉得卡了: jame：你的三箱狙为什么不掉线
[2026-02-22 00:56:32] 叫我小陈哥哥就好了: 66捂7了
[2026-02-22 00:56:32] 这是个有趣的名字呢: 不怪匕匕了，3箱
[2026-02-22 00:56:32] sjtu的musketeers本人: 两条去
[2026-02-22 00:56:32] bsqqaq: 弹幕本质尼孝。现在还在带宽冠军的
[2026-02-22 00:56:32] RyeHS: 出场就要被打
[2026-02-22 00:56:33] 蛋肠粉: 正义必胜😠正义必胜😠正义必胜😠正义必胜😠正义必胜😠正义必胜😠正义必胜😠
[2026-02-22 00:56:33] 雪菜偷完top偷major: 千万别用双倍卡⚠️千万别用双倍卡⚠️千万别用双倍卡⚠️千万别用双倍卡⚠️千万别用双倍卡⚠️
[2026-02-22 00:56:33] 萝伯丝比尔: 匕匕亥亥Jor冠军🏆🏆🏆
[2026-02-22 00:56:33] 好哥们黑龙歼灭刀: 匕匕亥亥Jor冠军🏆🏆🏆
[2026-02-22 00:56:33] Kunwz: 6657 play
[2026-02-22 00:56:33] 想亲Donk小脸: 玩的福真的臭
[2026-02-22 00:56:33] GIZZI: 可是玩宝宝也很冰清玉洁啊🥺
[2026-02-22 00:56:33] mujica的长崎素世本人: 匕匕亥亥Jor冠军🏆🏆🏆
[2026-02-22 00:56:34] 正经猪头肉: 两条区还换上了
[2026-02-22 00:56:34] 幽谷响子: 玩的福🤤玩的福🤤玩的福🤤玩的福🤤玩的福🤤玩的福🤤玩的福🤤玩的福🤤
[2026-02-22 00:56:34] LvvsiN: 孩子们快跑，马修赫伯特来了😨卧槽你的怎么是马枪和BOT
[2026-02-22 00:56:34] akatsuki64347: 耶🤪👍！！吁👎😩！！耶🤪👍！！吁👎😩！！耶🤪👍！！吁👎😩！！耶🤪👍！！吁
[2026-02-22 00:56:35] 不会真44113: 三箱狙就是厉害👍👍👍
[2026-02-22 00:56:35] TXGame08175198: 可是玩宝宝也很冰清玉洁啊🥺
[2026-02-22 00:56:35] Abramwow: 玩的福...好臭
[2026-02-22 00:56:35] 森林与雁: 三箱狙就是厉害👍👍👍
[2026-02-22 00:56:35] Zywoo的七百大狙: 66捂7了
[2026-02-22 00:56:35] 宇治的QQ: 玩的福真的臭
[2026-02-22 00:56:35] 天上的星河Cloture: @jame：啥情侣 这三箱的咋没掉线
[2026-02-22 00:56:36] 烎摩尔托市: 耶🤪👍！！吁👎😩！！耶🤪👍！！吁👎😩！！耶🤪👍！！吁👎😩！！耶🤪👍！！吁
[2026-02-22 00:56:36] 栾华H1R0M1: 空的大vs空的多
[2026-02-22 00:56:36] 用户91227835: 捂嘴了
[2026-02-22 00:56:36] 蓬莱山狗孤: 玩的福真的臭
[2026-02-22 00:56:36] Mx2323: 跟你学的
[2026-02-22 00:56:36] LvvsiN: 男人一生只哭十八次：niko十七次梦碎major正赛, niko梦碎里约major RMR＼
[2026-02-22 00:56:36] Troy爷: 😫👎吁～😫👎吁～😫👎吁～😫👎吁～😫👎吁～😫👎吁～😫
[2026-02-22 00:56:36] 你成功通过了我的考验: 😩👎吁！！😩👎吁！！😩👎吁！！😩👎吁！！😩👎吁！！😩👎吁！！
[2026-02-22 00:56:36] wedd1ddeJodd: 玩的福好臭...
[2026-02-22 00:56:37] 黑白玄鸟: 玩的福真的臭
[2026-02-22 00:56:37] 骄骄爱吃糖: jame：你的三箱狙为什么不掉线
[2026-02-22 00:56:37] 余小C真的很棒: Jame：他为什么不掉线。。。
[2026-02-22 00:56:37] 热爱学习的孟某人: ⚠线下分贝已到达图书馆标准⚠杨硕士即将入场检查⚠请弹幕自觉举起双手配合
[2026-02-22 00:56:37] Am0xicilliN: 玩的福真的臭
[2026-02-22 00:56:37] 尤影: 玩的福真的臭
[2026-02-22 00:56:38] 芜湖行政处处长赵健兴: 匕匕亥亥ma㝴车👨‍👦‍👦👨‍👦‍👦👨‍👦‍👦
[2026-02-22 00:56:38] Subto: 匕匕亥亥jor 季军大满贯🥉🥉🥉
[2026-02-22 00:56:38] 我是一个医保卡: 66捂7了
[2026-02-22 00:56:38] 买电脑上苏宁: 罚
[2026-02-22 00:56:38] 葛孚雷: 😩👎吁！！😩👎吁！！😩👎吁！！😩👎吁！！😩👎吁！！😩👎吁！！
[2026-02-22 00:56:39] 康托尔74920: 底层代码冲突
[2026-02-22 00:56:39] 偷哦嘘鞭贷拔: 玩的福真的臭啊！
[2026-02-22 00:56:39] 用户3661578: 国 旗不一样都
[2026-02-22 00:56:39] ahhhhhhhhhhhhhhhhhhh: 俩依托有什么好换的
[2026-02-22 00:56:39] somatinda: 罪与罚
[2026-02-22 00:56:39] Magixx-已下放: 去吧
[2026-02-22 00:56:39] 宇莓: 现场有6657的房管
[2026-02-22 00:56:39] 草莓冰酪: 三箱狙就是厉害👍👍👍
[2026-02-22 00:56:40] 琦玉33的冷漠脸: 玩的福确实臭
[2026-02-22 00:56:40] 卖鱼强不卖鱼: 66捂7了
[2026-02-22 00:56:40] 秋茶小雪: 正义必胜😠正义必胜😠正义必胜😠正义必胜😠正义必胜😠正义必胜😠正义必胜😠
[2026-02-22 00:56:40] 闸北第一solo: jame来就掉线了
[2026-02-22 00:56:40] 承認欲求: 66捂7了
[2026-02-22 00:56:40] HankFann: 空的大vs空的多
[2026-02-22 00:56:41] 吴本伟nb: 匕匕来v了。。
[2026-02-22 00:56:41] 3XuSiai: 孩子们快跑，马修赫伯特来了😨卧槽你的怎么是马枪和BOT
[2026-02-22 00:56:41] bsqqaq: 弹幕本质尼孝。现在还在带宽冠军的
[2026-02-22 00:56:41] 旧城乀873: 匕匕亥亥Jor冠军🏆🏆🏆
[2026-02-22 00:56:41] A1report: 三箱狙就是厉害👍👍👍
[2026-02-22 00:56:42] Nightmare2517: 现场的串子比弹幕高级多了
[2026-02-22 00:56:42] zin桀zera: 66捂7了
[2026-02-22 00:56:42] 永出塔菲: 罚
[2026-02-22 00:56:42] 上海major心碎肥美: 孩子们快跑，马修赫伯特来了😨卧槽你的怎么是马枪和BOT
[2026-02-22 00:56:42] 尼古拉刘亦博: 弹幕说的匕匕是什么意思😳😳
[2026-02-22 00:56:42] 暴力卓司: 66捂7了
[2026-02-22 00:56:42] 我的青春是大表哥: jame：你的三箱狙为什么不掉线
[2026-02-22 00:56:43] LvvsiN: 玩宝宝，我发现在大学上学的时候肄业会很舒服，你可以试试
[2026-02-22 00:56:43] 劉膿dewasu: 弹幕本质尼孝。现在还在带宽季军的
[2026-02-22 00:56:43] 石家庄的刘亦博本人: 匕匕亥亥Jor冠军🏆🏆🏆
[2026-02-22 00:56:43] 好儿子刘易博: 可是玩宝宝也很冰清玉洁啊🥺
[2026-02-22 00:56:43] 两仪琴本人: 玩的福真的臭
[2026-02-22 00:56:43] PekkaThePyro: 现场观众被封了
[2026-02-22 00:56:43] 小蓝油: 抓娃娃
[2026-02-22 00:56:44] 锅里的粽子233: @栾华H1R0M1：空的大vs空的多
[2026-02-22 00:56:44] AmamiyaIori: 抓娃娃
[2026-02-22 00:56:44] 想亲Donk小脸: 耶🤪👍！！吁👎😩！！耶🤪👍！！吁👎😩！！耶🤪👍！！吁👎😩！！耶🤪👍！！吁
[2026-02-22 00:56:44] Subto: 你们千万别带玩机器双标扁食节奏啊！我知道没人带我就是提一嘴
[2026-02-22 00:56:44] 空有无垠: 比孖jar冠军
[2026-02-22 00:56:44] 爱斯忑音音: 尼科匕匕
[2026-02-22 00:56:44] 巴克什传奇老鳄: 通知一下，鉴于本人八点上班，所以谁优支持谁，都慢我就去粉尼孩了，毕竟似的快
[2026-02-22 00:56:44] Kylinzzzzzzzz: 罚！罪！
[2026-02-22 00:56:45] 啦啦啦唱歌真好听呀: @jame：啥情侣 这三箱的咋没掉线
[2026-02-22 00:56:45] 监狱的二阶堂sh1ro本人: 弹幕里开审判的小魔女你们去哪里了，怎么现在都是一些男的在对骂，我好怕😭😭
[2026-02-22 00:56:45] 好哥们韩信: 现场有6657的房管
[2026-02-22 00:56:45] 夹断修电脑感动到了: 玩的福真的臭
[2026-02-22 00:56:45] 香港分社记者: 玩的福确实臭
[2026-02-22 00:56:45] 螺丝螺丝螺: Jame：他为什么不掉线。。。
[2026-02-22 00:56:46] 用户46659809: 安和昴
[2026-02-22 00:56:46] 真的懂又不懂啊: 三箱狙就是厉害👍👍👍
[2026-02-22 00:56:46] 玩机器的内部托们: 三箱狙就是厉害👍👍👍
[2026-02-22 00:56:46] 拜仁慕尼黑阿拉伯: JAME：你的3箱狙为什么不掉线？
[2026-02-22 00:56:47] 用户247509865: 空的大vs空的多
[2026-02-22 00:56:47] 灵魂食粮: jame：你的三箱狙为什么不掉线
[2026-02-22 00:56:47] 啊啊啊混死你吖: 耶🤪👍！！吁👎😩！！耶🤪👍！！吁👎😩！！耶🤪👍！！吁👎😩！！耶🤪👍！！吁
[2026-02-22 00:56:47] Vitality的羽贺文乃本人: 三箱狙就是厉害👍👍👍
[2026-02-22 00:56:47] 乐子乐子乐子lz: JAME：你的3箱狙为什么不掉线？
[2026-02-22 00:56:47] 皮艳羊丶: 玩的福真的臭
[2026-02-22 00:56:47] 白日妄想家、: 玩的福好臭...
[2026-02-22 00:56:47] LA的勒布朗本人: 匕匕亥亥jor 冠军🏆🏆🏆
[2026-02-22 00:56:48] 镖客888: 玩的福真的臭
[2026-02-22 00:56:48] 古手戶絵梨花: 现场观众被封了
[2026-02-22 00:56:48] NearrrR: Jame：他为什么不掉线。。。
[2026-02-22 00:56:48] dark1337: 比孖jar冠军
[2026-02-22 00:56:48] 牢大与直升机成功和解: 罚！罪！
[2026-02-22 00:56:49] LvvsiN: 你为什么要把mαjor禁了，我收藏的一半弹幕全毁了
[2026-02-22 00:56:49] 用户247509865: 空的大vs空的多
[2026-02-22 00:56:49] 萝伯丝比尔: 玩的福确实臭
[2026-02-22 00:56:49] WEYyuki: 259

[2026-02-22 00:56:49] 用户0799829601: 三箱狙就是厉害👍👍👍
[2026-02-22 00:56:49] 好兄弟菲尔福登: 现场的串子比弹幕高级多了
[2026-02-22 00:56:49] 丶小恐龙丶: 鸡哥
[2026-02-22 00:56:50] 我傻了都466: 可是玩宝宝也很冰清玉洁啊🥺
[2026-02-22 00:56:50] LA的勒布朗本人: 匕匕亥亥jor 冠军🏆🏆🏆
[2026-02-22 00:56:50] 虹学会天王寺璃奈本人: 匕匕亥亥jor 季军大满贯🥉🥉🥉
[2026-02-22 00:56:50] 99组的爱城华恋本人: @jame：啥情侣 这三箱的咋没掉线
[2026-02-22 00:56:51] LvvsiN: 屏幕中间弹幕这么狂？站那不走了还剧透分，你当你是主办方？？
[2026-02-22 00:56:51] AfKCola: 玩的福真的臭
[2026-02-22 00:56:51] 丢你雷姆吔屎啦你: 　　　 他们骂的好难听😭，我都替你难受😭，但是他们骂的好对，我又想笑了😄
[2026-02-22 00:56:51] 梦的星: 三箱狙就是厉害👍👍👍
[2026-02-22 00:56:51] 锦书难托1109: 匕匕亥亥jor 冠军🏆🏆🏆
[2026-02-22 00:56:51] 用户247509865: 弹幕本质尼孝。现在还在带宽季军的
[2026-02-22 00:56:51] RabbitRay: 鸡哥都看不下去了
[2026-02-22 00:56:52] 等给他爱6发售中: 又要熬夜了，像我这样的小萌妹熬夜很伤皮肤的，没办法，为了支持机器哥哥。。。
[2026-02-22 00:56:52] 野荷配薄荷: 玩的福好臭😖😖
[2026-02-22 00:56:52] 槑皆是遗憾: Jame：他为什么不掉线。。。
[2026-02-22 00:56:52] 愿良辰美景: JAME：你的3箱狙为什么不掉线？
[2026-02-22 00:56:52] 汤汤魔魔mmmmmmmmajor冠军: @jame：啥情侣 这三箱的咋没掉线
[2026-02-22 00:56:56] LA的勒布朗本人: 匕匕亥亥jor 冠军🏆🏆🏆
[2026-02-22 00:56:56] 真得把好水友解开吧: 冷知识:三箱狙关键了8年。
[2026-02-22 00:56:56] 杰洛齐贝林3: @broky：两条区闹麻了
[2026-02-22 00:56:56] bsqqaq: 匕匕亥亥jor 季军大满贯🥉🥉🥉
[2026-02-22 00:56:56] 比伯Bieber丶: 罰
[2026-02-22 00:56:56] eda778: 三箱狙就是厉害👍👍👍
[2026-02-22 00:56:56] 天山区凡某:  主播的双倍卡肯定留着晚上两点用吧
[2026-02-22 00:56:56] zx0810: 现场有6657的房管
[2026-02-22 00:56:56] 好哥们洛琪希: 6658
[2026-02-22 00:56:56] 用户247509865: 弹幕本质尼孝。现在还在带宽季军的
[2026-02-22 00:56:56] 好哥们黑龙歼灭刀: 现场有6657的房管
[2026-02-22 00:56:56] RRReo1: 玩的福真的臭
[2026-02-22 00:56:56] 我的算子范数有限: 现场有6657的房管
[2026-02-22 00:56:56] 用户3661578: JAME：你的3箱狙为什么不掉线？
[2026-02-22 00:56:56] 空有无垠: 比孖jor冠军
[2026-02-22 00:56:56] 爆爆爆开爆: Jame：他为什么不掉线。。。
[2026-02-22 00:56:56] 不变的追求717: JAME：你的3箱狙为什么不掉线？
[2026-02-22 00:56:56] PKURoger: 坤
[2026-02-22 00:56:56] 橋本奈奈未ava: 匕匕亥亥jor 季军大满贯🥉🥉🥉
[2026-02-22 00:56:56] 我的青春是大表哥: 玩的福确实臭
[2026-02-22 00:56:56] 水球碳酸饮料: 罚
[2026-02-22 00:56:56] 笑颜一番黄婷婷: 66捂7了
[2026-02-22 00:56:56] Subto: 你们千万别带玩机器双标扁食节奏啊！我知道没人带我就是提一嘴
[2026-02-22 00:56:56] 姓黄小名肥仔: 载圣圣在证明了玩÷÷🤣
[2026-02-22 00:56:56] 什么名字都被用了诶: 不掉线的三箱狙就是厉害啊
[2026-02-22 00:56:56] 丨Connor: 匕匕亥亥jor 冠军🏆🏆🏆
[2026-02-22 00:56:57] 绿龙的zont1x本人: Jame：他为什么不掉线。。。
[2026-02-22 00:56:57] 用户247509865: 鸡哥都看不下去了
[2026-02-22 00:56:57] 玩Mach1ne丶机器: 现场有6657的房管
[2026-02-22 00:56:57] LvvsiN: 你这音画不同步太难受了，我都听到NIKO里约RMR晋级的欢呼了
[2026-02-22 00:56:57] LA的勒布朗本人: 匕匕亥亥jor 冠军🏆🏆🏆
[2026-02-22 00:56:58] 旧城乀873: 匕匕亥亥Jor冠军🏆🏆🏆匕匕亥亥Jor冠军🏆🏆🏆匕匕亥亥Jor冠军🏆🏆🏆
[2026-02-22 00:56:58] Oasis0917: 匕匕亥亥jor 冠军🏆🏆🏆
[2026-02-22 00:56:58] 小坏蛋毛毛: JAME：你的3箱狙为什么不掉线？
[2026-02-22 00:56:58] 玩机器的左高玩: 孩神😅海参😋骸身😰
[2026-02-22 00:56:58] 我的青春是大表哥: 6658
[2026-02-22 00:56:58] 丿年华不再: 匕匕亥亥jor 冠军🏆🏆🏆
[2026-02-22 00:56:58] 用户3875991238: 冷知识:三箱狙关键了8年。
[2026-02-22 00:56:59] 祁丿:  主播的双倍卡肯定留着晚上两点用吧
[2026-02-22 00:56:59] 薛茂华真帅啊哈哈哈: 在线榜第11名千早爱音给你送钻粉你咋不谢（11级发不了言代发
[2026-02-22 00:56:59] 烂斯特梗梗: 比孖jor冠军
[2026-02-22 00:56:59] Bey123: 匕匕亥亥jor 冠军🏆🏆🏆
[2026-02-22 00:56:59] 雪菜偷完top偷major: @jame：啥情侣 这三箱的咋没掉线
[2026-02-22 00:56:59] 劲爆邱哥: 玩的福好臭...
[2026-02-22 00:56:59] 用户247509865: Jame：他为什么不掉线。。。
[2026-02-22 00:56:59] 古手戶絵梨花: 现场有6657的房管
[2026-02-22 00:56:59] 一只酒话: JAME：你的3箱狙为什么不掉线？
[2026-02-22 00:57:00] Specter1: JAME：你的3箱狙为什么不掉线？
[2026-02-22 00:57:00] 浊风天枢: 干员阵营冲突了
[2026-02-22 00:57:00] NJU的cdz本人: 玩的福好臭😖😖
[2026-02-22 00:57:00] 风铃幽幽: 匕匕亥亥jor 季军大满贯🥉🥉🥉
[2026-02-22 00:57:00] 拜仁慕尼黑阿拉伯: 你们千万别带玩机器双标扁食节奏啊！我知道没人带我就是提一嘴
[2026-02-22 00:57:01] 用户35302574: 这个福有点脏
[2026-02-22 00:57:01] GanadoLluviA: 匕匕亥亥jor 冠军🏆🏆🏆
[2026-02-22 00:57:01] 我的青春是大表哥: 双倍卡明天用
[2026-02-22 00:57:01] 啦啦啦啦啦啦开: 💪
[2026-02-22 00:57:02] 相交的平行线Zz: 今晚用罪🦌还是用罚🦌呢
[2026-02-22 00:57:02] 好儿子刘易博: 玩的福好臭😖😖
[2026-02-22 00:57:02] 汤汤魔魔mmmmmmmmajor冠军: JAME：你的3箱狙为什么不掉线？
[2026-02-22 00:57:02] 爱斯忑音音: 比孖jor冠军
[2026-02-22 00:57:02] 若叶睦吃苦瓜: Jame：他为什么不掉线。。。
[2026-02-22 00:57:02] eda778: JAME：你的3箱狙为什么不掉线？
[2026-02-22 00:57:03] 双标犬玩机器: 匕匕亥亥jor 冠军🏆🏆🏆
[2026-02-22 00:57:03] 爱马修更爱玩宝宝: 玩神你小心一点别孝Niko了，我听说之前有个尼孝比赛被煸了
[2026-02-22 00:57:03] Ralmnstr: @泽圣：管他是香还是臭，是福我就要，你发我就来，电话一响我就到
[2026-02-22 00:57:03] LA的勒布朗本人: 匕匕亥亥jor 冠军🏆🏆🏆
[2026-02-22 00:57:03] bsqqaq: 匕匕亥亥jor 季军大满贯🥉🥉🥉
[2026-02-22 00:57:04] 椎名立希本人: 现场有6657的房管
[2026-02-22 00:57:04] 卷闸门659: 匕匕亥亥jor 冠军🏆🏆🏆
[2026-02-22 00:57:04] 玩机器的机机: 现场的串子比弹幕高级多了
[2026-02-22 00:57:04] 汤汤魔魔mmmmmmmmajor冠军: JAME：你的3箱狙为什么不掉线？
[2026-02-22 00:57:04] GF-of-GotohHitori、Kita: @jame：啥情侣 这三箱的咋没掉线
[2026-02-22 00:57:05] FiaoxP: @jame：啥情侣 这三箱的咋没掉线
[2026-02-22 00:57:05] Q1ed7f9c85b3bc7571: 玩的福好臭😖😖
[2026-02-22 00:57:05] Keine7: JAME：你的3箱狙为什么不掉线？ 
[2026-02-22 00:57:05] LvvsiN: 你屏蔽词都快赶上新华词典了为什么不干脆开一百级发言？
[2026-02-22 00:57:05] 薛茂华真帅啊哈哈哈: 在线榜第11名千早爱音给你送钻粉你咋不谢（11级发不了言代发)
[2026-02-22 00:57:05] 无愧于心ih: 6分还不够  至少得对标7-0
[2026-02-22 00:57:06] 仙粉美滋滋: 匕匕亥亥jor 冠军🏆🏆🏆
[2026-02-22 00:57:06] 是Faze的jks本人: JAME：你的3箱狙为什么不掉线？
[2026-02-22 00:57:06] 几笔成书灬: 玩的福有点屌.......
[2026-02-22 00:57:06] 玩弓箭、Arrow: 大家🦌的时候一般喜欢用罪还是用罚
[2026-02-22 00:57:06] 羽井恭一: 匕匕亥亥jor 冠军🏆🏆🏆
[2026-02-22 00:57:06] 哈机器好胖好可爱: 冷知识:三箱狙关键了8年。
[2026-02-22 00:57:06] 地球人233022: JAME：你的3箱狙为什么不掉线？
[2026-02-22 00:57:07] p3anut7: 载圣圣在证明了玩÷÷🤣
[2026-02-22 00:57:07] 两仪琴本人: 玩的福好臭😖😖
[2026-02-22 00:57:07] 玩大哥我双倍呢: give us a major 💪🦐💪give me a major 💪🦐💪
[2026-02-22 00:57:07] 洋芋粑粑头: @jame：啥情侣 这三箱的咋没掉线
[2026-02-22 00:57:07] 永恒之温柔: 冷知识，罗马尼亚以前就是匈牙利的
[2026-02-22 00:57:07] 偷哦嘘鞭贷拔: JAME：你的3箱狙为什么不掉线？
[2026-02-22 00:57:08] 海绵宝宝dinner: JAME：你的3箱狙为什么不掉线？
[2026-02-22 00:57:08] 劉膿dewasu: 弹幕本质尼孝。现在还在带宽季军的
[2026-02-22 00:57:08] bsqqaq: 匕匕亥亥jor 季军大满贯🥉🥉🥉
[2026-02-22 00:57:08] 散落的花火的碎片: 匕匕亥亥jor 季军大满贯🥉🥉🥉
[2026-02-22 00:57:08] AsahinaMafuyu: 匕匕骸骸jor冠軍🏆🏆🏆
[2026-02-22 00:57:08] 爱钱初号机: JAME：你的3箱狙为什么不掉线？
[2026-02-22 00:57:08] 骂我皆为调情丷: JAME：你的3箱狙为什么不掉线？ 
[2026-02-22 00:57:09] 番茄怎么不甜: a
[2026-02-22 00:57:09] 下划线逗号下划线叹号: 　　　 Jame：他为什么不掉线。。。
[2026-02-22 00:57:09] 薛茂华真帅啊哈哈哈: 在线榜第11名千早爱音给你送钻粉你咋不谢（11级发不了言代发)
[2026-02-22 00:57:09] 玩机器的左高玩: 孩神😅海参😋骸身😰孩神😅海参😋骸身😰
[2026-02-22 00:57:09] 好哥们黑龙歼灭刀: 载圣圣在证明了玩÷÷🤣
[2026-02-22 00:57:09] 椎名真白ii丶: 匕匕亥亥jor 冠军🏆🏆🏆
[2026-02-22 00:57:10] 芜湖行政处处长赵健兴: 匕匕亥亥ma㝴车👨‍👦‍👦👨‍👦‍👦👨‍👦‍👦
[2026-02-22 00:57:10] 普通的用户7756: 　　　 Jame：他为什么不掉线。。。
[2026-02-22 00:57:10] TwistcC21: 匕匕亥亥jor 冠军🏆🏆🏆
[2026-02-22 00:57:10] 听风丶随来: 冷知识:三箱狙关键了8年。
[2026-02-22 00:57:10] cwcw6969: JAME：你的3箱狙为什么不掉线？
[2026-02-22 00:57:10] 用户3257051689: 今晚用罪🦌还是用罚🦌呢
[2026-02-22 00:57:11] Bey123: JAME：你的3箱狙为什么不掉线？
[2026-02-22 00:57:11] 小川阿丶: JAME：你的3箱狙为什么不掉线？
[2026-02-22 00:57:11] ElfSenIor: 很难想象一个选手起id居然能叫玩的福，不知道得有多臭
[2026-02-22 00:57:11] Aleksumimi: 玩机器就是一条双标的滥权！！！玩机器就是一条双标的滥权！！！玩机器就是一条双标的滥权！！！
[2026-02-22 00:57:11] 晨风凌云21146: JAME：你的3箱狙为什么不掉线？
[2026-02-22 00:57:11] LvvsiN: 屏幕中间弹幕这么狂？站那不走了还剧透分，你当你是主办方？？
[2026-02-22 00:57:11] bsqqaq: 匕匕亥亥jor 季军大满贯🥉🥉🥉
[2026-02-22 00:57:11] 乱七八糟chseeifl: 匕匕亥亥jor 冠军🏆🏆🏆
[2026-02-22 00:57:12] 迷你世界丁真学姐1: 比孖jor冠军
[2026-02-22 00:57:12] 丢你雷姆吔屎啦你: 　　　 他们骂的好难听😭，我都替你难受😭，但是他们骂的好对，我又想笑了😄
[2026-02-22 00:57:12] 夺云丶: JAME：你的3箱狙为什么不掉线？
[2026-02-22 00:57:12] Frank350: 给神算子发钻粉不就行了？
[2026-02-22 00:57:13] 陶芸馝: @jame：啥情侣 这三箱的咋没掉线
[2026-02-22 00:57:13] 草莓冰酪: JAME：你的3箱狙为什么不掉线？
[2026-02-22 00:57:13] 萝伯丝比尔: 大家🦌的时候一般喜欢用罪还是用罚
[2026-02-22 00:57:13] Eternalmoment921: 匕匕亥亥jor 冠军🏆🏆🏆
[2026-02-22 00:57:13] LvvsiN: @老汤日记:丹麦总统让我静音接触白宫，这应该是我最后一次看儿子直播了，机器，我爱你...
[2026-02-22 00:57:14] 这是个有趣的名字呢: 三箱狙没毛病，真不怪匕匕
[2026-02-22 00:57:14] Subto: 你们千万别带玩机器双标扁食节奏啊！我知道没人带我就是提一嘴
[2026-02-22 00:57:14] Altolier: 匕匕亥亥jor 冠军🏆🏆🏆
[2026-02-22 00:57:15] richardlee97: 载圣圣在证明了玩÷÷🤣
[2026-02-22 00:57:15] xOcOg: 【格陵兰战报】目前大东指挥3回合，设备指挥0回合，大东指挥设备送3次，设备拿下关键击杀2个
[2026-02-22 00:57:15] Wangzap: 今晚用罪🦌还是用罚🦌呢
[2026-02-22 00:57:15] 东京事变椎名林檎: JAME：你的3箱狙为什么不掉线？
[2026-02-22 00:57:15] LvvsiN: 其实碗橱就是猪灵，你不拿黄金丢他他就不跟你说话
[2026-02-22 00:57:15] xjdnshxjdka: 匕匕骸骸jor冠軍🏆🏆🏆
[2026-02-22 00:57:15] Ferrari的Hamilton本人: 匕匕亥亥jor 季军大满贯🥉🥉🥉
[2026-02-22 00:57:16] 八重森彌妮: JAME：你的3箱狙为什么不掉线？ 
[2026-02-22 00:57:16] 银睿憨:     Jame：他为什么不掉线。。。
[2026-02-22 00:57:16] AlLTZZZ: JAME：你的3箱狙为什么不掉线？
[2026-02-22 00:57:16] 玩乐奈、puxxi: 你屏蔽词都快赶上新华词典了为什么不干脆开一百级发言？
[2026-02-22 00:57:16] Sereinily: 比孖jor冠军
[2026-02-22 00:57:16] 为所欲为丶中二林: JAME：你的3箱狙为什么不掉线？
[2026-02-22 00:57:16] TL的yekindar本人: 玩屁的神眼巨臭
[2026-02-22 00:57:16] 红星的二阶堂SH1RO本人: JAME：你的3箱狙为什么不掉线？
[2026-02-22 00:57:16] 用户0268784457: 炳冰又在虚空索敌了
[2026-02-22 00:57:16] VorTexia: 匕匕亥亥jor 季军大满贯🥉🥉🥉
[2026-02-22 00:57:17] 带节奏的都是我重孙: 匕匕亥亥jor 冠军🏆🏆🏆
[2026-02-22 00:57:17] 失去了才会珍惜649: JAME：你的3箱狙为什么不掉线？
[2026-02-22 00:57:21] LvvsiN: @老汤日记:丹麦总统让我静音接触白宫，这应该是我最后一次看儿子直播了，机器，我爱你...
[2026-02-22 00:57:21] 晨风凌云21146: JAME：你的3箱狙为什么不掉线？
[2026-02-22 00:57:21] CCC的丰川祥子本人: JAME：你的3箱狙为什么不掉线？
[2026-02-22 00:57:21] 星海羽弦: @jame：啥情侣 这三箱的咋没掉线
[2026-02-22 00:57:21] 歌谷爱墨迹:     Jame：他为什么不掉线。。。
[2026-02-22 00:57:21] 弱智骚年欢乐多: JAME：你的3箱狙为什么不掉线？
[2026-02-22 00:57:21] 玩鸡器的毛毛: 匕匕亥亥jor 冠军🏆🏆🏆
[2026-02-22 00:57:21] 艺术冰霜: 匕匕亥亥jor 冠军🏆🏆🏆
[2026-02-22 00:57:21] 汤汤魔魔mmmmmmmmajor冠军: JAME：你的3箱狙为什么不掉线？
[2026-02-22 00:57:21] 我是一个医保卡: JAME：你的3箱狙为什么不掉线？
[2026-02-22 00:57:21] 玩斯特出出6657: @jame：啥情侣 这三箱的咋没掉线
[2026-02-22 00:57:21] AmamiyaIori: 玩神你小心一点别孝Niko了，我听说之前有个尼孝比赛被煸了
[2026-02-22 00:57:21] LvvsiN: 你为什么要把mαjor禁了，我收藏的一半弹幕全毁了
[2026-02-22 00:57:21] 皇麟l饮酒醉: 匕匕亥亥jor 季军大满贯🥉🥉🥉
[2026-02-22 00:57:21] 我不听的灬: JAME：你的3箱狙为什么不掉线？
[2026-02-22 00:57:21] 来来来来撒: 今晚用罪🦌还是用罚🦌呢
[2026-02-22 00:57:21] 网瘾少年诺里斯: 比扣是谁，给我一个女高中生看得羞死了
[2026-02-22 00:57:21] 黎那汐塔top2尤诺: @jame：啥情侣 这三箱的咋没掉线
[2026-02-22 00:57:21] 玩台钳丶阿尔托莉雅: 匕匕亥亥jor 冠军🏆🏆🏆
[2026-02-22 00:57:21] 偷哦嘘鞭贷拔: JAME：你的3箱狙为什么不掉线？
[2026-02-22 00:57:21] PPAPPEN1: 三箱狙没毛病，真不怪匕匕
[2026-02-22 00:57:21] 杏爱企鹅: 李滇滇：啊啊啊（不耐烦）我把直播间开了（故作慌张）大家不要破费了（催促爆米）谢谢大家（来戏好累）
[2026-02-22 00:57:21] 海绵宝宝dinner: JAME：你的3箱狙为什么不掉线？
[2026-02-22 00:57:21] 宗宗若若major冠军: 清理😯粉 清理😯粉 清理😯粉 清理😯粉 清理😯粉 清理😯粉 清理😯粉 清理😯粉
[2026-02-22 00:57:21] LvvsiN: 南孚一节更比六节强，也就是一节南孚比六节南孚强，六节南孚比三十六节强，三十六节比二百一十六节强
[2026-02-22 00:57:22] NAVI的Pdf苯人: 抓娃娃
[2026-02-22 00:57:22] 卡啊卡卡丶: 比孖没这冠军
[2026-02-22 00:57:23] KemouLee: JAME：你的3箱狙为什么不掉线？
[2026-02-22 00:57:23] TL的yekindar本人: 玩屁的神眼巨臭
[2026-02-22 00:57:23] suicho: 实时播报老汤ADR：112.8
[2026-02-22 00:57:23] 老奇崔恩: 今晚用罪🦌还是用罚🦌呢
[2026-02-22 00:57:23] ELmisaka: JAME：你的3箱狙为什么不掉线？
[2026-02-22 00:57:23] 瑭珏: JAME：你的3箱狙为什么不掉线？
[2026-02-22 00:57:23] 彩笔wty: 大家🦌的时候一般喜欢用罪还是用罚
[2026-02-22 00:57:23] 懒懒监监major冠军: 6657懂得加1
[2026-02-22 00:57:24] 荷兰老司机: 不疼
[2026-02-22 00:57:24] LvvsiN: 弹幕也就网上说说，现实里谁不觉得樱姐是好女孩（删括号领一条远坂凛同款鸟笼）
[2026-02-22 00:57:24] bsqqaq: ma
[2026-02-22 00:57:25] b1essinx: JAME：你的3箱狙为什么不掉线？
[2026-02-22 00:57:25] 姓黄小名肥仔: 载圣圣在证明了玩÷÷🤣
[2026-02-22 00:57:25] racula: JAME：你的3箱狙为什么不掉线？
[2026-02-22 00:57:25] 徐阶戴眼镜: 匕匕亥亥jor 冠军🏆🏆🏆
[2026-02-22 00:57:25] 洞庭湖底二五仔: JAME：你的3箱狙为什么不掉线？
[2026-02-22 00:57:25] 田所浩二114514: JAME：你的3箱狙为什么不掉线？
[2026-02-22 00:57:25] 不变的追求717: 匕匕亥亥jor 冠军🏆🏆🏆
[2026-02-22 00:57:25] 葛孚雷: JAME：你的3箱狙为什么不掉线？
[2026-02-22 00:57:25] 天守阁信长: 这不是我们匕的杯子吗 怎么还摆在这 无语 主办方就这么玩明目作为黑幕吗
[2026-02-22 00:57:26] LvvsiN: 别解说了 多聊会天 你不会真的以为能输吧
[2026-02-22 00:57:26] 给15岁的自己: ct谁不会啊，随便守守
[2026-02-22 00:57:26] 伦敦千早爱: 李滇滇：啊啊啊（不耐烦）我把直播间开了（故作慌张）大家不要破费了（催促爆米）谢谢大家（来戏好累）
[2026-02-22 00:57:26] ikikry: JAME：你的3箱狙为什么不掉线？
[2026-02-22 00:57:26] 梦惜丶漠心: JAME：你的3箱狙为什么不掉线？
[2026-02-22 00:57:26] 胡雨童别奶了:     Jame：他为什么不掉线。。。
[2026-02-22 00:57:26] 无刘海美女: 同意捐献
[2026-02-22 00:57:27] sayhelloalone: 【格陵兰战报】目前大东指挥3回合，设备指挥0回合，大东指挥设备送3次，设备拿下关键击杀2个
[2026-02-22 00:57:27] Falcons十天老粉: 比孖jor冠军
[2026-02-22 00:57:27] 猫心碎会失去几条命: 载圣圣在证明了玩÷÷🤣
[2026-02-22 00:57:27] CKxiaooo: 人类科技的曙光🗿去哪了，弹幕看的我好害怕😭
[2026-02-22 00:57:27] 筓黎: 玩大哥，汤汤雨雨要输了，快赶去看最后一眼吧😭
[2026-02-22 00:57:27] 冬斯特马马: -niko+nota
[2026-02-22 00:57:27] 六耳的巴巴: 玩屁的神眼巨臭
[2026-02-22 00:57:28] LvvsiN: @老汤日记:丹麦总统让我静音接触白宫，这应该是我最后一次看儿子直播了，机器，我爱你...
[2026-02-22 00:57:28] wedd1ddeJodd: 其实碗橱就是猪灵，你不拿黄金丢他他就不跟你说话
[2026-02-22 00:57:28] 大姜饼: JAME：你的3箱狙为什么不掉线？
[2026-02-22 00:57:28] Nanopa: JAME：你的3箱狙为什么不掉线？
[2026-02-22 00:57:28] AsahinaMafuyu: JAME：你的3箱狙为什么不掉线？
[2026-02-22 00:57:29] 忘却的微笑: JAME：你的3箱狙为什么不掉线？
[2026-02-22 00:57:29] 肆拾肆啊: 今晚用罪🦌还是用罚🦌呢
[2026-02-22 00:57:29] PPAPPEN1: 匕匕亥亥jor 冠军🏆🏆🏆
[2026-02-22 00:57:29] 风晓云海: @jame：啥情侣 这三箱的咋没掉线
[2026-02-22 00:57:29] 尼尼孩孩鹰鹰major冠军: 抓娃娃
[2026-02-22 00:57:29] 玩小孩、monesy: JAME：你的3箱狙为什么不掉线？
[2026-02-22 00:57:29] 护吾之人显其名: 大家🦌的时候一般喜欢用罪还是用罚
[2026-02-22 00:57:30] 阿良良木历Koyomi: 匕匕亥亥jor 冠军🏆🏆🏆
[2026-02-22 00:57:30] 玩大哥你的蚯蚓好小: JAME：你的3箱狙为什么不掉线？
[2026-02-22 00:57:30] 骑电瓶加油努力: -33
[2026-02-22 00:57:30] 丨花千树: JAME：你的3箱狙为什么不掉线？
[2026-02-22 00:57:30] koctaa: JAME：你的3箱狙为什么不掉线？
[2026-02-22 00:57:30] 网瘾少年诺里斯: 比扣是谁，给我一个女高中生看得羞死了
[2026-02-22 00:57:31] 会说话的猫先生: 匕匕亥亥jor 冠军🏆🏆🏆
[2026-02-22 00:57:31] 空城记忆梦北:     Jame：他为什么不掉线。。。
[2026-02-22 00:57:31] 虹豆砸: JAME：你的3箱狙为什么不掉线？
[2026-02-22 00:57:31] 好哥们山上撤也: JAME：你的3箱狙为什么不掉线？
[2026-02-22 00:57:31] TL的yekindar本人: 玩屁的神眼巨臭
[2026-02-22 00:57:31] 弱智骚年欢乐多: -niko+nota
[2026-02-22 00:57:32] 当地较为开放的少妇: 房管布罗利，你的8还在吗？
[2026-02-22 00:57:32] LvvsiN: 玩宝宝，我发现在大学上学的时候肄业会很舒服，你可以试试
[2026-02-22 00:57:32] 白鵉鳶OriGami: 看你那偷瞄弹幕却又不敢读出来的样子真想笑
[2026-02-22 00:57:32] 御魂真奈美Official: wonderfu1major  nik0major
[2026-02-22 00:57:32] 用户028951458: JAME：你的3箱狙为什么不掉线？
[2026-02-22 00:57:33] MaakiseKurisu: 咳咳咳
[2026-02-22 00:57:33] 我觉得你是我的: 匕匕亥亥jor 冠军🏆🏆🏆
[2026-02-22 00:57:33] 鲸鱼向海鲸鱼向海: 勒布朗来了🏀🏀🏀勒布朗来了🐒🐒🐒
[2026-02-22 00:57:33] 玩鸽子: JAME：你的3箱狙为什么不掉线？
[2026-02-22 00:57:33] AcceleratorlllL: 匕匕亥亥jor 冠军🏆🏆🏆
[2026-02-22 00:57:33] 用户70498405: 同意捐献
[2026-02-22 00:57:33] 用户1424229214: @jame：啥情侣 这三箱的咋没掉线
[2026-02-22 00:57:33] 玩机器玩我的机机: 玩屁的神眼巨臭
[2026-02-22 00:57:33] 古手戶絵梨花: 匕匕亥亥jor 冠军🏆🏆🏆
[2026-02-22 00:57:34] chanceuxzz: JAME：你的3箱狙为什么不掉线？
[2026-02-22 00:57:34] 卡啊卡卡丶: 比孖没这冠军
[2026-02-22 00:57:34] darkchest: 啊，玩机器好可怜啊，又被他们欺负了对吧，只有我才是你永远的朋友啊，只有我才永远的爱妳啊！！！
[2026-02-22 00:57:34] 干些敢谢宋初的松楚的: 大家🦌的时候一般喜欢用罪还是用罚
[2026-02-22 00:57:34] 常凯伸: JAME：你的3箱狙为什么不掉线？
[2026-02-22 00:57:35] Ezio8794: JAME：你的3箱狙为什么不掉线？
[2026-02-22 00:57:35] YEKINDAR: 还有人问jame为什么掉线，是玩畜让pgl把局域网换成石家庄电信了
[2026-02-22 00:57:35] 梓川丨咲太: 今晚用罪🦌还是用罚🦌呢
[2026-02-22 00:57:35] 还是上半场分拿多了: 同意捐献
[2026-02-22 00:57:35] 一条无梦鱼: JAME：你的3箱狙为什么不掉线？
[2026-02-22 00:57:35] AfKCola: 其实碗橱就是猪灵，你不拿黄金丢他他就不跟你说话
[2026-02-22 00:57:36] 超级小桀upupup: 玩屁的神眼巨臭
[2026-02-22 00:57:36] 伦敦千早爱: 尼尼孩孩
[2026-02-22 00:57:36] 世界冠军兰多诺里斯: 乐
[2026-02-22 00:57:36] MWYHQFW: JAME：你的3箱狙为什么不掉线？
[2026-02-22 00:57:36] YCSUN1017: 比孖jor冠军
[2026-02-22 00:57:36] 可怜的怕怕: 比孖jor冠军
[2026-02-22 00:57:37] 阿强呀阿强: 冷知识：只有jks单摸机房能制裁三箱狙
[2026-02-22 00:57:37] 呆毛帝国皇家御用大厨: 今晚用罪🦌还是用罚🦌呢
[2026-02-22 00:57:37] 夺云丶: 尸
[2026-02-22 00:57:37] 田所浩二114514: 这不是我们匕的杯子吗 怎么还摆在这 无语 主办方就这么玩明目作为黑幕吗
[2026-02-22 00:57:38] 丨Connor: 比孖没这冠军
[2026-02-22 00:57:38] 空青丶: 房管布罗利，你的8还在吗？
[2026-02-22 00:57:38] 轻烟散97359: JAME：你的3箱狙为什么不掉线？
[2026-02-22 00:57:38] 碗积极: 玩屁的神眼巨臭
[2026-02-22 00:57:38] LvvsiN: 别解说了 多聊会天 你不会真的以为能输吧
[2026-02-22 00:57:38] Frank350: 今天谁去拉赞助啊？明天又没钱买了
[2026-02-22 00:57:38] jamesfaith23: JAME：你的3箱狙为什么不掉线？
[2026-02-22 00:57:38] DD给你扬灰: pv没有二楼的
[2026-02-22 00:57:38] 鸭硕的哈撒给: 为什么这张地图到处都是黑尼尼孩孩的梗啊，v社也太坏了
[2026-02-22 00:57:39] 细菌P: 尸尸子子ma冠军❤❤❤
[2026-02-22 00:57:39] 雾之湖的琪露诺本人: 玩屁的神眼巨臭
[2026-02-22 00:57:39] 东京事变椎名林檎: 其实碗橱就是猪灵，你不拿黄金丢他他就不跟你说话
[2026-02-22 00:57:39] 7376377: 匕匕亥亥jor 冠军🏆🏆🏆
[2026-02-22 00:57:40] Aabv8877: JAME：你的3箱狙为什么不掉线？
[2026-02-22 00:57:40] Lyr1caL6657upup: 房管布罗利，你的8还在吗？
[2026-02-22 00:57:40] 汤汤魔魔mmmmmmmmajor冠军: 玩屁的神眼巨臭
[2026-02-22 00:57:40] 监狱的二阶堂sh1ro本人: 爆🧨爆🧨爆🧨爆🧨爆🧨爆🧨爆🧨爆🧨爆🧨爆🧨爆🧨爆🧨爆🧨爆🧨爆🧨
[2026-02-22 00:57:40] 丿年华不再: 载圣圣在证明了玩÷÷🤣
[2026-02-22 00:57:40] 雪枝枝qwq: [下边耄耋]
[2026-02-22 00:57:40] 绿龙的zont1x本人: 比孖jor冠军
[2026-02-22 00:57:41] Ganbei4Eureka: 玩屁的神眼巨臭
[2026-02-22 00:57:41] 刘易机的博疤高调路过: JAME：你的3箱狙为什么不掉线？
[2026-02-22 00:57:41] 远野邸的远野秋叶本人: 玩屁的神眼巨臭
[2026-02-22 00:57:41] 小白菜爱萝卜: 是major冠军，他们m去哪了？@LA的勒布朗本人 ： 匕匕亥亥jor 冠军🏆🏆🏆
[2026-02-22 00:57:41] 神马米洛: 载圣圣在证明了玩÷÷🤣
[2026-02-22 00:57:41] 冰上梅露露: 玩屁的神眼巨臭
[2026-02-22 00:57:42] 跳跃的司令官: 看你那偷瞄弹幕却又不敢读出来的样子真想笑
[2026-02-22 00:57:42] 昕航博通摊煎饼冠军: 飞
[2026-02-22 00:57:42] dfed5: JAME：你的3箱狙为什么不掉线？
[2026-02-22 00:57:42] 买电脑上苏宁: 今晚用罪🦌还是用罚🦌呢
[2026-02-22 00:57:42] 古手戶絵梨花: 房管布罗利，你的8还在吗？
[2026-02-22 00:57:42] 李大钊与陈独秀: 玩屁的神眼巨臭
[2026-02-22 00:57:43] 菜星冲冲冲: 比孖没这冠军
[2026-02-22 00:57:43] 黎那汐塔top2尤诺: JAME：你的3箱狙为什么不掉线？
[2026-02-22 00:57:43] 鸟儿在头顶把森林叫醒: 其实碗橱就是猪灵，你不拿黄金丢他他就不跟你说话
[2026-02-22 00:57:43] ququ早日换完代款: JAME：你的3箱狙为什么不掉线？
[2026-02-22 00:57:44] LA的勒布朗本人: 匕匕亥亥jor 冠军🏆🏆🏆
[2026-02-22 00:57:44] 晟世丶丶: 玩屁的神眼巨臭
[2026-02-22 00:57:44] 汤汤魔魔mmmmmmmmajor冠军: 玩屁的神眼巨臭
[2026-02-22 00:57:44] Ganbei4Eureka: 比孖没这冠军
[2026-02-22 00:57:44] 99组的爱城华恋本人: 房管布罗利，你的8还在吗？
[2026-02-22 00:57:44] AmamiyaIori: 哦，对了，关注UP主7天以上的人可发评论
[2026-02-22 00:57:44] LvvsiN: 男人一生只哭十八次：niko十七次梦碎major正赛, niko梦碎里约major RMR＼
[2026-02-22 00:57:44] 用户1424229214: 大家🦌的时候一般喜欢用罪还是用罚
[2026-02-22 00:57:44] 0guriCap: 这小猪蹄子真是有点不正经的，又想看又怕被看见
[2026-02-22 00:57:45] 芜湖行政处处长赵健兴: 尸尸孑孑ma㝴车👨‍👦‍👦👨‍👦‍👦👨‍👦‍👦
[2026-02-22 00:57:45] 草莓冰酪: 比孖没这冠军
[2026-02-22 00:57:45] 滑稽乂逗比: 大家🦌的时候一般喜欢用罪还是用罚
[2026-02-22 00:57:45] TL的yekindar本人: 玩屁的神眼巨臭
[2026-02-22 00:57:45] 艾琉诺拉E: 匕匕亥亥jor 冠军🏆🏆🏆
[2026-02-22 00:57:46] 玉米卧槽: 可是尼尼也证明了玩÷÷啊🥺
[2026-02-22 00:57:46] 小蜜蜂的长期素食本人: 玩屁的神眼巨臭
[2026-02-22 00:57:46] NiK0major123: 房管布罗利，你的8还在吗？
[2026-02-22 00:57:46] Lyr1caL6657upup: 房管布罗利，你的8还在吗？
[2026-02-22 00:57:46] 爱马修更爱玩宝宝: 房管布罗利，你的8还在吗？
[2026-02-22 00:57:46] LvvsiN: 南孚一节更比六节强，也就是一节南孚比六节南孚强，六节南孚比三十六节强，三十六节比二百一十六节强
[2026-02-22 00:57:47] 贰壹壹壹: 玩屁的神眼巨臭
[2026-02-22 00:57:47] 带子空: 其实碗橱就是猪灵，你不拿黄金丢他他就不跟你说话
[2026-02-22 00:57:47] 空有无垠: 房管布罗利，你的8还在吗？
[2026-02-22 00:57:47] 板砖板砖啊: 今晚用罪🦌还是用罚🦌呢
[2026-02-22 00:57:47] 瓜皮老师的蛇皮学生: 玩屁的紧眼巨神
[2026-02-22 00:57:47] 玩斯特出出6657: 尸尸子子ma冠军❤❤❤
[2026-02-22 00:57:47] 陈奉子: 玩屁的神眼巨臭
[2026-02-22 00:57:48] 迷你世界丁真学姐1: 冷知识：只有jks单摸机房能制裁三箱狙
[2026-02-22 00:57:48] 陶芸馝: 房管布罗利，你的8还在吗？
[2026-02-22 00:57:48] 好哥们黑龙歼灭刀: 匕匕亥亥jor 冠军🏆🏆🏆
[2026-02-22 00:57:48] UFOUFOUO: 匕匕亥亥jor 冠军🏆🏆🏆
[2026-02-22 00:57:48] 乱七八糟chseeifl: 载圣圣在证明了玩÷÷🤣
[2026-02-22 00:57:48] 汤汤魔魔mmmmmmmmajor冠军: 玩屁的神眼巨臭
[2026-02-22 00:57:48] LA的勒布朗本人: 弹幕真有尼孩粉丝把给双标滥权刷礼物为荣了🤣🤣
[2026-02-22 00:57:49] RLhangover: JAME：你的3箱狙为什么不掉线？
[2026-02-22 00:57:49] 啊哦可惜我是绅士: 都没免费次数了吧🐷💧🐷💧🐷💧🐷💧🐷💧🐷💧
[2026-02-22 00:57:49] 四川zywo0: 房管布罗利，你的8还在吗？
[2026-02-22 00:57:49] C0C00N: 比孖jor冠军
[2026-02-22 00:57:49] 草莓冰酪: 比孖没这冠军
[2026-02-22 00:57:49] 好哥们望月绫时: 玩屁的神眼巨臭
[2026-02-22 00:57:49] 天守阁信长: 匕匕亥亥jor 冠军🏆🏆🏆
[2026-02-22 00:57:49] 奶酪是我动的: 玩屁的神眼巨臭
[2026-02-22 00:57:50] 让风告诉你h: 匕匕亥亥jor 冠军🏆🏆🏆
[2026-02-22 00:57:50] 99组的爱城华恋本人: 比孖没这冠军
[2026-02-22 00:57:50] 玩小孩、monesy: 玩屁的神眼巨臭
[2026-02-22 00:57:50] sjtu的musketeers本人: 玩屁的神眼巨臭
[2026-02-22 00:57:51] 芜湖行政处处长赵健兴: 尸尸孑孑ma㝴车👨‍👦‍👦👨‍👦‍👦👨‍👦‍👦
[2026-02-22 00:57:51] 不变的追求717: 房管布罗利，你的8还在吗？
[2026-02-22 00:57:51] Falcons十天老粉: 哦，对了，关注UP主7天以上的人可发评论
[2026-02-22 00:57:51] NS牌洗脚水: 其实碗橱就是猪灵，你不拿黄金丢他他就不跟你说话
[2026-02-22 00:57:51] 好哥们黑龙歼灭刀: 房管布罗利，你的8还在吗？
[2026-02-22 00:57:51] 波多里诺233: 这种直球侮辱选手和家人的弹幕不封吗？房管呢？
[2026-02-22 00:57:51] 所以我又晕了: 房管布罗利，你的8还在吗？
[2026-02-22 00:57:51] 用户91227835: 房管布罗利，你的8还在吗？
[2026-02-22 00:57:52] 宇莓: 哦，对了，关注UP主7天以上的人可发评论
[2026-02-22 00:57:52] 替天行道牧苏苏: @Jame丶丶：哦，对了，关注UP主7天以上的人可发评论
[2026-02-22 00:57:52] Nanopa: 其实碗橱就是猪灵，你不拿黄金丢他他就不跟你说话
[2026-02-22 00:57:54] 苦来兮苦的祥子本人: 载圣圣在证明了玩÷÷🤣
[2026-02-22 00:57:56] LA的勒布朗本人: 弹幕真有尼孩粉丝把给双标滥权刷礼物为荣了🤣🤣
[2026-02-22 00:57:56] 西伯利亚666qaq: 玩屁的神眼巨臭
[2026-02-22 00:57:56] 桂林米粉比较好吃: 载圣圣在证明了玩÷÷🤣
[2026-02-22 00:57:56] LokiAka: 今晚用罪🦌还是用罚🦌呢desuw@
[2026-02-22 00:57:56] 詹跑跑还下跪: 房管布罗利，你的8还在吗？
[2026-02-22 00:57:56] 网瘾少年诺里斯: 匕扣是谁，给我一个女高中生看得羞死了
[2026-02-22 00:57:56] 哈机器好胖好可爱: 玩屁的紧眼巨神
[2026-02-22 00:57:56] 丢你雷姆吔屎啦你: 房管布罗利，你的8还在吗？
[2026-02-22 00:57:57] LvvsiN: @老汤日记:丹麦总统让我静音接触白宫，这应该是我最后一次看儿子直播了，机器，我爱你...
[2026-02-22 00:57:57] ogur1cap小栗: 达尔豪斯大学里的那个白发老头，别满音量外放了，他不会回来的
[2026-02-22 00:57:57] 古怪的一个人: 房管布罗利，你的8还在吗？
[2026-02-22 00:57:57] 声没丸山彩: 玩屁的神眼巨臭
[2026-02-22 00:57:57] LA的勒布朗本人: 匕匕亥亥jor 冠军🏆🏆🏆
[2026-02-22 00:57:57] PKURoger: 载圣圣在证明了玩÷÷🤣
[2026-02-22 00:57:57] H1tori: 房管布罗利，你的8还在吗？
[2026-02-22 00:57:57] Ganbei4Eureka: 房管布罗利，你的8还在吗？
[2026-02-22 00:57:57] 山田凉来了: 玩屁的神眼巨臭
[2026-02-22 00:57:57] 玩大哥我双倍呢: 房管布罗利，你的8还在吗？
[2026-02-22 00:57:57] 细菌P: 尸尸子子ma冠军❤❤❤
[2026-02-22 00:57:57] dedeorg: 。
[2026-02-22 00:57:57] 古手戶絵梨花: 房管布罗利，你的8还在吗？
[2026-02-22 00:57:57] p3anut7: 房管布罗利，你的8还在吗？
[2026-02-22 00:57:57] 今早的早餐: 房管布罗利，你的8还在吗？
[2026-02-22 00:57:57] Gverense: 房管布罗利，你的8还在吗？
[2026-02-22 00:57:57] 沐羽求针对: 、
[2026-02-22 00:57:57] 呆毛帝国皇家御用大厨: 载圣圣在证明了玩÷÷🤣
[2026-02-22 00:57:57] sab33r: 房管布罗利，你的8还在吗？
[2026-02-22 00:57:58] 我叫小豆浆: 你再看看吧，比孖jor冠军
[2026-02-22 00:57:58] 啪啪啪啪的蛋: 房管布罗利，你的8还在吗？
[2026-02-22 00:57:58] 用户5589897662: 比孖确实不如上图啊，但是还是赢了
[2026-02-22 00:57:58] 不会真44113: 房管布罗利，你的8还在吗？
[2026-02-22 00:57:59] LvvsiN: 你为什么要把mαjor禁了，我收藏的一半弹幕全毁了
[2026-02-22 00:57:59] SalahWEI: @Jame丶丶：哦，对了，关注UP主7天以上的人可发评论
[2026-02-22 00:57:59] 四个酒仙: 载圣圣在证明了玩÷÷🤣
[2026-02-22 00:57:59] myGo的anon: 卧槽device大狙五杀了！
[2026-02-22 00:57:59] 玉米卧槽: 可是尼尼也证明了玩÷÷啊🥺
[2026-02-22 00:57:59] 天守阁信长: 房管布罗利，你的8还在吗？
[2026-02-22 00:58:00] xOcOg: 【格陵兰战报】目前大东指挥4回合，设备指挥0回合，大东指挥设备送4次，设备拿下关键击杀2个
[2026-02-22 00:58:00] Ganbei4Eureka: 玩屁的神眼巨臭
[2026-02-22 00:58:00] A1report: 载圣圣在证明了玩÷÷🤣
[2026-02-22 00:58:00] Ferrari的Hamilton本人: 比孖jor冠军
[2026-02-22 00:58:00] ElfSenIor: 匕扣是谁，给我一个女高中生看得羞死了
[2026-02-22 00:58:01] LvvsiN: @老汤日记:丹麦总统让我静音接触白宫，这应该是我最后一次看儿子直播了，机器，我爱你...
[2026-02-22 00:58:01] gggaligeigei: 房管布罗利，你的8还在吗？
[2026-02-22 00:58:01] Aleksumimi: 房管布罗利，你的8还在吗？
[2026-02-22 00:58:01] Aguerooo2: 房管布罗利，你的8还在吗？
[2026-02-22 00:58:01] 网瘾少年诺里斯: 匕扣是谁，给我一个女高中生看得羞死了
[2026-02-22 00:58:01] 陶芸馝: 玩屁的神眼巨臭
[2026-02-22 00:58:01] 八重森彌妮: 载圣圣在证明了玩÷÷🤣
[2026-02-22 00:58:01] 好姐妹八幡海铃丶: 房管布罗利，你的8还在吗？
[2026-02-22 00:58:01] 一条悦动的咸鱼: 玩屁的神眼巨臭
[2026-02-22 00:58:01] 菅原小吉: 软壳蟹
[2026-02-22 00:58:02] LokiAka: 达尔豪斯大学里的那个白发老头，别满音量外放了，他不会回来的desuw@
[2026-02-22 00:58:03] 时间就是深海咸鱼: 房管布罗利，你的8还在吗？
[2026-02-22 00:58:03] LvvsiN: @老汤日记:丹麦总统让我静音接触白宫，这应该是我最后一次看儿子直播了，机器，我爱你...
[2026-02-22 00:58:03] 丢你雷姆吔屎啦你:  @苦来兮苦的祥子本人：载圣圣在证明了玩÷÷🤣
[2026-02-22 00:58:03] 玩蛇鼠丶stabbi: 房管布罗利，你的8还在吗？
[2026-02-22 00:58:03] 玩坤坤丶Chicken: 载圣圣在证明了玩÷÷🤣
[2026-02-22 00:58:04] 用户2421654511: 玩屁的神眼巨臭
[2026-02-22 00:58:04] 平湖洗脚城66号技师: 载圣圣在证明了玩÷÷🤣
[2026-02-22 00:58:04] 斩斩斩斩斩吧: 哈人
[2026-02-22 00:58:04] 侧身闪: 房管布罗利，你的8还在吗？
[2026-02-22 00:58:04] 红魔馆的蕾米莉亚本人: 房管布罗利，你的8还在吗？
[2026-02-22 00:58:04] 玩家军的猪头肉本人: 房管布罗利，你的8还在吗？
[2026-02-22 00:58:05] 几度迎合02908: 匕扣是谁，给我一个女高中生看得羞死了
[2026-02-22 00:58:05] LvvsiN: 屏幕中间弹幕这么狂？站那不走了还剧透分，你当你是主办方？？
[2026-02-22 00:58:05] 芝芝爆浆麻薯: 房管布罗利，你的8还在吗？
[2026-02-22 00:58:05] 石家庄的刘亦博本人: 可是尼尼也证明了玩÷÷啊🥺
[2026-02-22 00:58:05] 锂汁lizhi: 可是尼尼也证明了玩÷÷啊🥺
[2026-02-22 00:58:05] 防天防地防空气: 【格陵兰战报】目前大东指挥4回合，设备指挥0回合，大东指挥设备送4次，设备拿下关键击杀2个
[2026-02-22 00:58:05] 懒懒监监major冠军: 房管布罗利，你的8还在吗？
[2026-02-22 00:58:05] 姓黄小名肥仔: 载圣圣在证明了玩÷÷🤣
[2026-02-22 00:58:06] 好哥们大叫巨鹦: 前线速报：100t 0:4 bb
[2026-02-22 00:58:06] WEYyuki: 伟神
[2026-02-22 00:58:06] WE丶繁梦: 房管布罗利，你的8还在吗？
[2026-02-22 00:58:07] 晚风Wancy: 玩屁的神眼巨臭
[2026-02-22 00:58:07] 蓝鲸少年与小巷: 可是尼尼也证明了玩÷÷啊🥺
[2026-02-22 00:58:07] 好哥们黑龙歼灭刀: 可是尼尼也证明了玩÷÷啊🥺
[2026-02-22 00:58:07] 好哥们穿谱: @玩机器：没人觉得用马桶泡面很方便吗?吃完按一下就冲走了 碗都不用洗
[2026-02-22 00:58:07] LvvsiN: 其实碗橱就是猪灵，你不拿黄金丢他他就不跟你说话
[2026-02-22 00:58:07] 财通情绪大师糖宝: 尸尸孑孑ma㝴车👨‍👦‍👦👨‍👦‍👦👨‍👦‍👦
[2026-02-22 00:58:07] 二着先生尼古拉: 匕扣是谁，给我一个女高中生看得羞死了
[2026-02-22 00:58:08] 剑崎梨梨花: 房管布罗利，你的8还在吗？
[2026-02-22 00:58:08] 草莓冰酪: 载圣圣在证明了玩÷÷🤣
[2026-02-22 00:58:08] 瑭珏: 【前线速报】100个贼图三0：4
[2026-02-22 00:58:08] 唯有、责任: 房管布罗利，你的8还在吗？
[2026-02-22 00:58:09] 只买游戏不玩: 玩屁的神眼巨臭
[2026-02-22 00:58:09] 大姜饼: 房管布罗利，你的8还在吗？
[2026-02-22 00:58:09] LvvsiN: 你为什么要把mαjor禁了，我收藏的一半弹幕全毁了
[2026-02-22 00:58:09] xyp9x去哪了: 房管布罗利，你的8还在吗？
[2026-02-22 00:58:10] 下划线逗号下划线叹号: 房管布罗利，你的8还在吗？
[2026-02-22 00:58:10] NepLin木: 玩屁的神眼巨臭
[2026-02-22 00:58:10] MyGo的tomorin本人: 【格陵兰战报】目前大东指挥4回合，设备指挥0回合，大东指挥设备送4次，设备拿下关键击杀2个
[2026-02-22 00:58:10] 能不能去洗头太恶心了: 房管布罗利，你的8还在吗？
[2026-02-22 00:58:10] AcceleratorlllL: 可是尼尼也证明了玩÷÷啊🥺
[2026-02-22 00:58:11] 好姐妹久慈川理世: 前线速报：100t 0:4 bb
[2026-02-22 00:58:11] 不变的追求717: 载圣圣在证明了玩÷÷🤣
[2026-02-22 00:58:11] 增城中学高31班卢宇霖: 泄出
[2026-02-22 00:58:11] P0W37sys: NIKO：可惜三箱狙掉线的是jame不是2K
[2026-02-22 00:58:11] 空有无垠: 比孖jor冠军
[2026-02-22 00:58:11] 用户5251950267: 房管布罗利，你的8还在吗？
[2026-02-22 00:58:11] 好哥们韩信: 房管布罗利，你的8还在吗？
[2026-02-22 00:58:11] 密码密码送的: 房管布罗利，你的8还在吗？
[2026-02-22 00:58:12] 妖艳阿卡莎: 载圣一波niko play把碗出骗出来了
[2026-02-22 00:58:12] hRainn: 房管布罗利，你的8还在吗？
[2026-02-22 00:58:12] 丨潜龙印丿AKL: 可是尼尼也证明了玩÷÷啊🥺
[2026-02-22 00:58:12] 玩烟火FyMachine: 可是尼尼也证明了玩÷÷啊🥺
[2026-02-22 00:58:12] 四个酒仙: 可是尼尼也证明了玩÷÷啊🥺
[2026-02-22 00:58:12] 卡啊卡卡丶: 可是尼尼也证明了玩÷÷啊🥺
[2026-02-22 00:58:12] 石家庄的刘亦博本人: 载圣圣在证明了玩÷÷🤣
[2026-02-22 00:58:13] FaZe的喜多川海梦本人: xie处
[2026-02-22 00:58:13] Kunwz: 房管布罗利，你的8还在吗？
[2026-02-22 00:58:13] LvvsiN: 你为什么要把mαjor禁了，我收藏的一半弹幕全毁了
[2026-02-22 00:58:13] LokiAka: 匕扣是谁，给我一个女高中生看得羞死了desuw@
[2026-02-22 00:58:13] H1tori: 房管布罗利，你的8还在吗？
[2026-02-22 00:58:14] wedd1ddeJodd: 可是尼尼也证明了玩÷÷啊🥺
[2026-02-22 00:58:14] 滑稽乂逗比: 匕扣是谁，给我一个女高中生看得羞死了
[2026-02-22 00:58:14] djklyk: 匕扣是谁，给我一个女高中生看得羞死了
[2026-02-22 00:58:14] 我要改名字2153: 载圣圣在证明了玩÷÷🤣
[2026-02-22 00:58:15] MoriatyS623: 弹幕好多鱼丸在飘。。。。
[2026-02-22 00:58:15] 丢你雷姆吔屎啦你:  @好哥们黑龙歼灭刀：可是尼尼也证明了玩÷÷啊🥺
[2026-02-22 00:58:15] Banggeul: 🧊粉才是最孝玩机器的，他们宁愿在直播间向所有人宣战，就是不舍得走.
[2026-02-22 00:58:15] 乱七八糟chseeifl: 载圣圣在证明了玩÷÷🤣
[2026-02-22 00:58:15] LvvsiN: 就tm喜欢银行业🥰银行坏账我喜欢🥰银行挤兑我还喜欢😍利率调低我也喜欢🤤老子亲烂银行业的脸😘
[2026-02-22 00:58:15] Ayu824: 好多鱼丸在飞。。。
[2026-02-22 00:58:15] 陪伴豆丶小啵: 房管布罗利，你的8还在吗？
[2026-02-22 00:58:15] 网瘾少年诺里斯: 匕扣是谁，给我一个女高中生看得羞死了
[2026-02-22 00:58:16] 丨潜龙印丿AKL: 玩屁的神眼巨臭
[2026-02-22 00:58:16] ArZhe阿哲: 可是尼尼也证明了玩÷÷啊🥺
[2026-02-22 00:58:17] 叫我老岑就好了呀: 载圣圣在证明了玩÷÷🤣
[2026-02-22 00:58:17] Fuentes556: 【前线速报】100个贼图三0：4
[2026-02-22 00:58:17] LvvsiN: @老汤日记:丹麦总统让我静音接触白宫，这应该是我最后一次看儿子直播了，机器，我爱你...
[2026-02-22 00:58:17] A队的佐佐木李子本人:  @四个酒仙：载圣圣在证明了玩÷÷🤣
[2026-02-22 00:58:17] 草莓冰酪: 载圣圣在证明了玩÷÷🤣
[2026-02-22 00:58:18] WE丶繁梦: 前线速报：100t 0:4 bb
[2026-02-22 00:58:18] Falcons十天老粉: 可是尼尼也证明了玩÷÷啊🥺
[2026-02-22 00:58:18] 奥拉夫的蛋炒饭: 载圣圣在证明了玩÷÷🤣这—块
[2026-02-22 00:58:19] 田所浩二114514: 载圣圣在证明了玩÷÷🤣
[2026-02-22 00:58:19] 丿年华不再: 可是匕匕也证明了玩÷÷啊🥺
[2026-02-22 00:58:19] 即将拥有PDD的人鱼线丿: 解读
[2026-02-22 00:58:19] 若叶睦吃苦瓜: 匕扣是谁，给我一个女高中生看得羞死了
[2026-02-22 00:58:19] LvvsiN: 男人一生只哭十八次：niko十七次梦碎major正赛, niko梦碎里约major RMR＼
[2026-02-22 00:58:19] 地狱骑士杉浦绫乃本人: 匕扣是谁，给我一个女高中生看得羞死了
[2026-02-22 00:58:19] 雪菜偷完top偷major: 匕扣是谁，给我一个女高中生看得羞死了
[2026-02-22 00:58:20] 镫唧稿梅皋: 载圣圣在证明了玩÷÷🤣
[2026-02-22 00:58:20] StellarEchoes: 我一想起某些群体造谣xielo然后把小孩也翻出来了我就想笑
[2026-02-22 00:58:20] 姓黄小名肥仔: 载圣圣在证明了玩÷÷🤣
[2026-02-22 00:58:20] RRReo1: 匕扣是谁，给我一个女高中生看得羞死了desuw@
[2026-02-22 00:58:21] 信濃Sh1nano: ？
[2026-02-22 00:58:21] stonezyx: .....
[2026-02-22 00:58:21] 水球碳酸饮料: 可是尼尼也证明了玩÷÷啊🥺
[2026-02-22 00:58:21] User5092: 全知全能
[2026-02-22 00:58:21] suicho: 目前老汤指挥0把，陈千雨指挥4把
[2026-02-22 00:58:21] 静寂风: 智斗巅峰了
[2026-02-22 00:58:21] 正经猪头肉: 遛狗
[2026-02-22 00:58:22] 无7441158: 【前线速报】100个贼图三0：4
[2026-02-22 00:58:22] TheMongolZ的上单本人: 房管布罗利，你的8还在吗？
[2026-02-22 00:58:22] 玩台钳丶阿尔托莉雅: @房管布罗利：再敢刷的我一个一个封
[2026-02-22 00:58:22] 2024年度最佳狙击手: 载圣圣在证明了玩÷÷🤣
[2026-02-22 00:58:22] 石家庄的刘亦博本人: 匕扣是谁，给我一个女高中生看得羞死了
[2026-02-22 00:58:22] 三无先森233: 🧊粉才是最孝玩机器的，他们宁愿在直播间向所有人宣战，就是不舍得走.
[2026-02-22 00:58:22] 用户31680093: ？？？
[2026-02-22 00:58:22] eda778: 哈哈哈哈哈哈哈
[2026-02-22 00:58:23] Altolier: 可是尼尼也证明了玩÷÷啊🥺
[2026-02-22 00:58:23] 道之丶: 弹幕好多鱼丸在飘......
[2026-02-22 00:58:23] greexeen: 哈哈哈哈
[2026-02-22 00:58:23] LvvsiN: 弹幕也就网上说说，现实里谁不觉得樱姐是好女孩（删括号领一条远坂凛同款鸟笼）
[2026-02-22 00:58:23] 龍EVOLOVE龍: ？
[2026-02-22 00:58:24] Banggeul: 🧊粉才是最孝玩机器的，他们宁愿在直播间向所有人宣战，就是不舍得走.
[2026-02-22 00:58:24] lifeiya丶: hah1
[2026-02-22 00:58:24] 野猪家猪: ？
[2026-02-22 00:58:24] Faze-Maruzen: 可是尼尼也证明了玩÷÷啊🥺
[2026-02-22 00:58:24] 涅槃钟爱初音: 完全解读
[2026-02-22 00:58:24] 用户2421654511: 匕扣是谁，给我一个女高中生看得羞死了
[2026-02-22 00:58:24] 机器机器祝你天天开心: 全知全能
[2026-02-22 00:58:25] mujica的长崎素世本人: 智斗
[2026-02-22 00:58:25] 用户7717188970: 载圣圣在证明了玩÷÷🤣
[2026-02-22 00:58:25] 早安丿章鱼哥: 哈哈哈哈遛狗
[2026-02-22 00:58:25] 可怜的怕怕: 哇
[2026-02-22 00:58:25] 谪九千: 哈哈哈哈
[2026-02-22 00:58:25] 丶小恐龙丶: 可是尼尼也证明了玩÷÷啊🥺
[2026-02-22 00:58:25] 海绵宝宝有希儿: 6狗
[2026-02-22 00:58:25] DrLatency78095: 载圣圣在证明了玩÷÷🤣
[2026-02-22 00:58:25] 玩斯特出出6657: 全知全能
[2026-02-22 00:58:25] INDEX108: 遛狗
[2026-02-22 00:58:25] 黑色圣衣BAKA: 匕扣是谁，给我一个女高中生看得羞死了
[2026-02-22 00:58:25] 银睿憨: 哈哈哈哈
[2026-02-22 00:58:26] 玩机器你不看小蜜蜂: 载圣圣在证明了玩÷÷🤣
[2026-02-22 00:58:26] 迷走江湖: ？？？
[2026-02-22 00:58:26] TuscanLeather: 遛狗吗
[2026-02-22 00:58:26] 森林与雁: 哈哈哈哈
[2026-02-22 00:58:26] 海绵宝宝梦惊禅: 已留
[2026-02-22 00:58:26] 水球碳酸饮料: 可是尼尼也证明了玩÷÷啊🥺
[2026-02-22 00:58:27] 菅原小吉: 遛 狗
[2026-02-22 00:58:27] 好姐妹亚可: 弹幕好多鱼丸在飘......
[2026-02-22 00:58:27] 小蜜蜂的长期素食本人: 遛伟伟
[2026-02-22 00:58:27] 若叶睦吃苦瓜: 载圣圣在证明了玩÷÷🤣
[2026-02-22 00:58:28] 好哥们黑龙歼灭刀: 可是尼尼也证明了玩÷÷啊🥺
[2026-02-22 00:58:28] 红色有角三倍速的夏亚: 可是尼尼也证明了玩÷÷啊🥺
[2026-02-22 00:58:28] AmagiYukiko: 我一想起某些群体造谣xielo然后把小孩也翻出来了我就想笑
[2026-02-22 00:58:28] 机器机器祝你天天开心: ？？？
[2026-02-22 00:58:28] KevinTheFool: 全知全能
[2026-02-22 00:58:28] 用户3661578: 拉扯麻了
[2026-02-22 00:58:28] 友利奈绪我老婆d: 匕扣是谁，给我一个女高中生看得羞死了
[2026-02-22 00:58:28] 小小小蕉: 全知全能
[2026-02-22 00:58:28] 迷你世界丁真学姐1:  匕扣是谁，给我一个女高中生看得羞死了
[2026-02-22 00:58:29] 詹姆座下第一炽天使: 天才指挥
[2026-02-22 00:58:29] desu特wawa: 【前线速报】100个贼图三0：4
[2026-02-22 00:58:29] 温眸ind: 遛 狗
[2026-02-22 00:58:29] Troy爷: 哈哈哈哈哈哈哈
[2026-02-22 00:58:29] Laila丶丶: 遛狗
[2026-02-22 00:58:29] 不主动不拒绝不负责: tec9来了😱tec9来了😣tec9来了😫tec9来了😡tec9来了😭tec9来了
[2026-02-22 00:58:29] User5092: 遛伟
[2026-02-22 00:58:30] A队不吃晃的小祥本人: 玩宝宝，我发现在大学上学的时候肄业会很舒服，你可以试试
[2026-02-22 00:58:30] stonezyx: 哎哟 笑死我了
[2026-02-22 00:58:30] 用户3661578: 拉扯
[2026-02-22 00:58:30] 椎名真白ii丶: 可是匕匕也证明了玩÷÷啊🥺
[2026-02-22 00:58:30] 宇莓: 善意引导
[2026-02-22 00:58:30] 吹哥吹哥什么是810975啊: 上帝
[2026-02-22 00:58:30] 時玳目艮汨: 智斗
[2026-02-22 00:58:31] 类人极限Jacklove: 完全解读
[2026-02-22 00:58:31] 天守阁信长: 溜玩一样
[2026-02-22 00:58:32] 萤七七七七: 全知全能
[2026-02-22 00:58:32] 博丽灵感菇: 弹幕好多鱼丸在飘......
[2026-02-22 00:58:32] Yao丶O: 骗麻了
[2026-02-22 00:58:32] 玉米卧槽: 弹幕好多鱼丸在飘......
[2026-02-22 00:58:32] 洛陽城里看落陽: 载圣圣在证明了玩÷÷🤣
[2026-02-22 00:58:32] 瓜辣瓜: 66666
[2026-02-22 00:58:32] 古堡12枪战神: 为什么房管管事不行不管事也不行
[2026-02-22 00:58:32] 野猪家猪: 全知全能
[2026-02-22 00:58:33] 肘一郎: 七七人人mαjor冠军
[2026-02-22 00:58:33] 黎那汐塔top2尤诺: 可是尼尼也证明了玩÷÷啊🥺
[2026-02-22 00:58:36] 道之丶: 弹幕好多鱼丸在飘......
[2026-02-22 00:58:36] 李小小与虾大大: 遛伟伟
[2026-02-22 00:58:36] 丰III祥子: 玩屁的臭眼巨神
[2026-02-22 00:58:36] 今天只做1件事: 可是尼尼也证明了玩÷÷啊🥺
[2026-02-22 00:58:36] 网友能代: 匕扣是谁，给我一个女高中生看得羞死了
[2026-02-22 00:58:36] Aabv8877: 圣人
[2026-02-22 00:58:36] 土俗火焰: 卧槽着中期
[2026-02-22 00:58:36] 玩台钳丶阿尔托莉雅: @房管布罗利：再敢刷的我一个一个封
[2026-02-22 00:58:36] 荷兰老司机: 玩犬解读
[2026-02-22 00:58:36] 我的我的sorry: 可是尼尼也证明了玩÷÷啊🥺
[2026-02-22 00:58:36] 大力别顶苟哥号: 完全解读
[2026-02-22 00:58:36] 丢你雷姆吔屎啦你:  @AmagiYukiko：我一想起某些群体造谣xielo然后把小孩也翻出来了我就想笑
[2026-02-22 00:58:36] 玩老鼠丶Roxy: 大脚板
[2026-02-22 00:58:36] 风雨晚烟: 遛尼
[2026-02-22 00:58:36] 玉米卧槽: 可是尼尼也证明了玩÷÷啊🥺
[2026-02-22 00:58:36] 草莓冰酪: 可是尼尼也证明了玩÷÷啊🥺
[2026-02-22 00:58:36] LvvsiN: 你屏蔽词都快赶上新华词典了为什么不干脆开一百级发言？
[2026-02-22 00:58:36] 瓜辣瓜: 上帝
[2026-02-22 00:58:39] 尾巴17: 弹幕好多鱼丸在飘......
[2026-02-22 00:58:39] znnoy: @房管布罗利：再敢刷的我一个一个封
[2026-02-22 00:58:39] 汤汤魔魔mmmmmmmmajor冠军: 完全解读
[2026-02-22 00:58:39] A队不吃晃的小祥本人: 玩宝宝，我发现在大学上学的时候肄业会很舒服，你可以试试
[2026-02-22 00:58:39] LvvsiN: 屏幕中间弹幕这么狂？站那不走了还剧透分，你当你是主办方？？
[2026-02-22 00:58:39] 静寂风: ？
[2026-02-22 00:58:39] 爱斯忑音音: 可是宗主也很帅啊🥺
[2026-02-22 00:58:39] 就爱吃辣咋的: ？？？？
[2026-02-22 00:58:39] 迷你世界丁真学姐1: 可是尼尼也证明了玩÷÷啊🥺
[2026-02-22 00:58:39] 好哥们黑龙歼灭刀: @房管布罗利：再敢刷的我一个一个封
[2026-02-22 00:58:39] 皮里恩丶: 遛狗吗
[2026-02-22 00:58:39] MasterChiefOvO: 弹幕好多鱼丸在飘......
[2026-02-22 00:58:39] 草莓冰酪: 载圣圣在证明了玩÷÷🤣
[2026-02-22 00:58:39] 落玉盤: 卧槽
[2026-02-22 00:58:40] 用户3661578: 卧槽
[2026-02-22 00:58:40] 凛月尹: ？
[2026-02-22 00:58:40] 老苦瓜贝多芬: ？？？
[2026-02-22 00:58:40] LvvsiN: 南孚一节更比六节强，也就是一节南孚比六节南孚强，六节南孚比三十六节强，三十六节比二百一十六节强
[2026-02-22 00:58:40] 黎那汐塔top2尤诺: 完全解读
[2026-02-22 00:58:40] 北宇治的久美子本人: ？
[2026-02-22 00:58:40] 二着先生尼古拉: 可是尼尼也证明了玩÷÷啊🥺
[2026-02-22 00:58:40] A队不吃晃的小祥本人: 玩宝宝，我发现在大学上学的时候肄业会很舒服，你可以试试
[2026-02-22 00:58:41] znnoy: @房管布罗利：再敢刷的我一个一个封
[2026-02-22 00:58:42] LvvsiN: 玩宝宝，我发现在大学上学的时候肄业会很舒服，你可以试试
[2026-02-22 00:58:42] 唯一上帝Jame: 哈人
[2026-02-22 00:58:43] A队不吃晃的小祥本人: ？？？？？
[2026-02-22 00:58:43] 土俗火焰: 卧槽这中期
[2026-02-22 00:58:43] RRReo1: 再快点？
[2026-02-22 00:58:43] 丿年华不再: 弹幕好多鱼丸在飘......
[2026-02-22 00:58:43] 用户771016807: ？？？
[2026-02-22 00:58:43] 用户1181920443: ？？？？？？
[2026-02-22 00:58:43] 姓黄小名肥仔: 载圣圣在证明了玩÷÷🤣
[2026-02-22 00:58:43] 理想零星: hide
[2026-02-22 00:58:43] 玩大哥你的蚯蚓好小: JAME：你的3箱狙为什么不掉线？
[2026-02-22 00:58:44] 结束乐队的山田凉本人: ？？？？
[2026-02-22 00:58:44] 玩台钳丶阿尔托莉雅: @房管布罗利：再敢刷的我一个一个封
[2026-02-22 00:58:44] 最喜欢妮姆芙: 卧槽
[2026-02-22 00:58:45] 四个酒仙:  @AmagiYukiko：我一想起某些群体造谣xielo然后把小孩也翻出来了我就想笑
[2026-02-22 00:58:45] 汤汤魔魔mmmmmmmmajor冠军: ？？？？
[2026-02-22 00:58:45] 丿年华不再: 可是匕匕也证明了玩÷÷啊🥺
[2026-02-22 00:58:46] Banggeul: 🧊粉才是最孝玩机器的，他们宁愿在直播间向所有人宣战，就是不舍得走.
[2026-02-22 00:58:46] 愤怒祷词: 遛狗了
[2026-02-22 00:58:46] LvvsiN: 就tm喜欢银行业🥰银行坏账我喜欢🥰银行挤兑我还喜欢😍利率调低我也喜欢🤤老子亲烂银行业的脸😘
[2026-02-22 00:58:46] 胡椒胡椒胡椒胡椒胡椒: 可是尼尼也证明了玩÷÷啊🥺
[2026-02-22 00:58:46] A队的三角初音本人: 关键
[2026-02-22 00:58:46] 小蜜蜂的长期素食本人: 曼波
[2026-02-22 00:58:46] Z伊卡洛斯Z: @房管布罗利：再敢刷的我一个一个封
[2026-02-22 00:58:46] 用户3661578: 斗智斗勇
[2026-02-22 00:58:46] 酥脆的地球人: 曼波
[2026-02-22 00:58:46] 老苦瓜贝多芬: 60w
[2026-02-22 00:58:47] RAS的佐藤益木本人: @房管布罗利：再敢刷的我一个一个封
[2026-02-22 00:58:47] 鹿公爷: @房管布罗利：再敢刷的我一个一个封
[2026-02-22 00:58:47] 汤汤魔魔mmmmmmmmajor冠军: ？？？？
[2026-02-22 00:58:48] 陪伴豆丶小啵: @房管布罗利：再敢刷的我一个一个封
[2026-02-22 00:58:48] LvvsiN: 你这音画不同步太难受了，我都听到NIKO里约RMR晋级的欢呼了
[2026-02-22 00:58:48] 三无先森233: 间桐樱（⭐）| 怪兽在B（战痕累累）
[2026-02-22 00:58:48] 丰川集团的zywoo本人: 可是匕匕也证明了玩÷÷啊🥺
[2026-02-22 00:58:49] 机器机器祝你天天开心: ？？？？
[2026-02-22 00:58:49] 鹅地霸霸: 可是尼尼也证明了玩÷÷啊🥺
[2026-02-22 00:58:49] 汤汤魔魔mmmmmmmmajor冠军: ？？？？
[2026-02-22 00:58:49] RabbitRay: 全知全能
[2026-02-22 00:58:50] 星海羽弦: @房管布罗利：再敢刷的我一个一个封
[2026-02-22 00:58:50] 贰壹壹壹: 并非有救
[2026-02-22 00:58:50] WEYyuki: 紫色
[2026-02-22 00:58:50] 皮艳羊丶: 弹幕好多鱼丸在飘......
[2026-02-22 00:58:50] 虹薼: 曼波
[2026-02-22 00:58:50] bzhanshenshi: 可是宗主也很帅啊🥺
[2026-02-22 00:58:50] 詹姆座下第一炽天使: 全知全能
[2026-02-22 00:58:51] fo系老老萨满: 匕扣是谁，给我一个女高中生看得羞死了
[2026-02-22 00:58:51] last玩神丶: 尸尸孖孖jor冠军🏆 🏆 🏆
[2026-02-22 00:58:51] 静寂风: ？？？？？？？？？？？？？？
[2026-02-22 00:58:51] 一套二一套二: 可是匕匕也证明了玩÷÷啊🥺
[2026-02-22 00:58:51] 油乎乎yhh: 天眼通
[2026-02-22 00:58:51] hRainn: @房管布罗利：再敢刷的我一个一个封
[2026-02-22 00:58:52] csdesperado: 智斗巅峰
[2026-02-22 00:58:52] Roman123: 什么情况，几天没看布罗利都来了，这个直播间也有套牌地球人吗
[2026-02-22 00:58:52] 机器机器祝你天天开心: ？？？
[2026-02-22 00:58:52] valenti520: 可是尼尼也证明了玩÷÷啊🥺
[2026-02-22 00:58:52] LvvsiN: 银行业😄银行业😀银行业😃银行业😁银行业😆银行业🤪银行业😝
[2026-02-22 00:58:53] 平湖洗脚城66号技师: 弹幕好多鱼丸在飘......
[2026-02-22 00:58:53] 草莓冰酪: 可是尼尼也证明了玩÷÷啊🥺
[2026-02-22 00:58:53] 不知名贝斯手: 曼波
[2026-02-22 00:58:53] oblivionis小姐: 间桐樱（⭐）| 怪兽在B（战痕累累）
[2026-02-22 00:58:54] 木空空空空空: 可是尼尼也证明了玩÷÷啊🥺
[2026-02-22 00:58:54] 古堡12枪战神: 🧊粉才是最孝玩机器的，他们宁愿在直播间向所有人宣战，就是不舍得走.
[2026-02-22 00:58:54] LvvsiN: 别解说了 多聊会天 你不会真的以为能输吧
[2026-02-22 00:58:55] 玩台钳丶阿尔托莉雅: @房管布罗利：再敢刷的我一个一个封
[2026-02-22 00:58:55] AmamiyaIori: @房管布罗利：再敢刷的我一个一个封
[2026-02-22 00:58:55] 迷你世界丁真学姐1: @房管布罗利：再敢刷的我一个一个封
[2026-02-22 00:58:55] 丶丶Ken丶丶: @房管布罗利：再敢刷的我一个一个封
[2026-02-22 00:58:55] 瑭珏: 全知全能
[2026-02-22 00:58:55] richardlee97: 可是匕匕也证明了玩÷÷啊🥺
[2026-02-22 00:58:56] RabbitRay: ？
[2026-02-22 00:58:56] 土俗火焰: 这上帝的中期简直是艺术
[2026-02-22 00:58:56] LvvsiN: 玩宝宝，我发现在大学上学的时候肄业会很舒服，你可以试试
[2026-02-22 00:58:57] 信濃Sh1nano: ？
[2026-02-22 00:58:57] 龍EVOLOVE龍: 666
[2026-02-22 00:58:57] 二哈与十三香: ？
[2026-02-22 00:58:57] Kayton241: 透视
[2026-02-22 00:58:57] Banggeul: 🧊粉才是最孝玩机器的，他们宁愿在直播间向所有人宣战，就是不舍得走.
[2026-02-22 00:58:57] cloud清: 尸尸孖孖jor冠军🏆 🏆 🏆
[2026-02-22 00:58:58] 静寂风: ？
[2026-02-22 00:58:58] 玩刘农device: ？？？
[2026-02-22 00:58:58] eda778: 你别把大哥奶似了
[2026-02-22 00:58:58] 玩斯特出出6657: 透视
[2026-02-22 00:58:58] LvvsiN: 弹幕也就网上说说，现实里谁不觉得樱姐是好女孩（删括号领一条远坂凛同款鸟笼）
[2026-02-22 00:58:59] 就爱吃辣咋的: 詹畜
[2026-02-22 00:58:59] Aabv8877: 老六
[2026-02-22 00:58:59] 桂林米粉比较好吃: 　　　 @房管布罗利：再敢刷的我一个一个封
[2026-02-22 00:58:59] 红颜薄命英雄泪: 2
[2026-02-22 00:58:59] 荷兰老司机: ？？？
[2026-02-22 00:58:59] G2邦硬401: ？？
[2026-02-22 00:58:59] 凛月尹: ？
[2026-02-22 00:58:59] Kunwz: @房管布罗利：再敢刷的我一个一个封
[2026-02-22 00:58:59] 这里是小天啊: ？
[2026-02-22 00:59:00] 玉米卧槽: ？
[2026-02-22 00:59:00] 鹿公爷: pame
[2026-02-22 00:59:00] 正经猪头肉: 炸在哪
[2026-02-22 00:59:00] 热心好邻居: pm
[2026-02-22 00:59:00] 斩斩斩斩斩吧: 哈哈哈哈哈
[2026-02-22 00:59:00] 水球碳酸饮料: pame
[2026-02-22 00:59:00] 好哥们黑龙歼灭刀: @房管布罗利：再敢刷的我一个一个封
[2026-02-22 00:59:00] stonezyx: 哈哈哈哈
[2026-02-22 00:59:00] 白夜の協奏曲: ？？？
[2026-02-22 00:59:00] 玩机器的左高玩: ?
[2026-02-22 00:59:00] 北宇治的久美子本人: ？
[2026-02-22 00:59:01] 谪九千: 哈哈哈哈
[2026-02-22 00:59:01] 皮里恩丶: ？
[2026-02-22 00:59:01] Yao丶O: 啊？
[2026-02-22 00:59:01] al9527: 哈哈哈哈哈
[2026-02-22 00:59:01] 好姐妹芙卡洛斯: 詹处
[2026-02-22 00:59:01] loverboy888: ？？
[2026-02-22 00:59:01] 石家庄的刘亦博本人: 炸在哪
[2026-02-22 00:59:01] 那位黑粉: 哈哈哈哈
[2026-02-22 00:59:01] 机器机器祝你天天开心: pame
[2026-02-22 00:59:01] Abramwow: 吉米炸了
[2026-02-22 00:59:01] 老苦瓜贝多芬: pame
[2026-02-22 00:59:02] ValleyVVV: 闹床了
[2026-02-22 00:59:02] 海绵宝宝dinner: ？
[2026-02-22 00:59:02] 我是一个医保卡: ／
[2026-02-22 00:59:02] 银睿憨: ？
[2026-02-22 00:59:02] gandalfr614: 哈哈哈哈哈
[2026-02-22 00:59:02] 买电脑上苏宁: 詹姆士
[2026-02-22 00:59:02] 龙龙虾虾爱软脚: 哪炸了
[2026-02-22 00:59:02] 好姐妹疯穿箱子: @房管布罗利：再敢刷的我一个一个封
[2026-02-22 00:59:03] 我头秃还爱毒奶选手: ？
[2026-02-22 00:59:03] 小蜜蜂的长期素食本人: 詹姆斯了
[2026-02-22 00:59:03] 椎名真白ii丶: @房管布罗利：再敢刷的我一个一个封
[2026-02-22 00:59:03] 花也烂漫: 詹姆
[2026-02-22 00:59:03] 波尔蒂盲人: 詹÷
[2026-02-22 00:59:03] 古堡12枪战神: ？？？
[2026-02-22 00:59:03] 玉米卧槽: pame
[2026-02-22 00:59:03] 哈机器好胖好可爱: pame
[2026-02-22 00:59:04] 徐弃安: 炸在哪
[2026-02-22 00:59:04] 外偶: 哈哈哈哈
[2026-02-22 00:59:04] Pt730: 小枪没办法
[2026-02-22 00:59:04] 1yuuuu: 哈哈哈哈
[2026-02-22 00:59:04] A队的三角初音本人: ？？
[2026-02-22 00:59:04] 丿年华不再: @房管布罗利：再敢刷的我一个一个封
[2026-02-22 00:59:04] 哆哆哆哆哆哆: PAME
[2026-02-22 00:59:05] F0restwOw-: @房管布罗利：再敢刷的我一个一个封
[2026-02-22 00:59:05] oO怪盗Oo: pame
[2026-02-22 00:59:05] Subto:     @房管布罗利：再敢刷的我一个一个封
[2026-02-22 00:59:05] 咕噜咕噜噜Rua: 闹麻了
[2026-02-22 00:59:05] 玩台钳丶阿尔托莉雅: @房管布罗利：再敢刷的我一个一个封
[2026-02-22 00:59:06] FaZe的喜多川海梦本人: pame
[2026-02-22 00:59:06] 拙劣的演员马修赫伯特: 哈哈哈哈
[2026-02-22 00:59:06] 野猪家猪: 这个位置是正面
[2026-02-22 00:59:06] 芝芝爆浆麻薯: @房管布罗利：再敢刷的我一个一个封
[2026-02-22 00:59:06] 白夜の協奏曲: 神队
[2026-02-22 00:59:07] 酌空悲: 詹姆斯
[2026-02-22 00:59:07] simonblass: @房管布罗利：再敢刷的我一个一个封
[2026-02-22 00:59:07] 寒桥暴雪: 闹麻了
[2026-02-22 00:59:07] 99组的爱城华恋本人:     @房管布罗利：再敢刷的我一个一个封
[2026-02-22 00:59:07] 怒之拳: ？？？
[2026-02-22 00:59:07] 你看我都在跳pin: 詹畜
[2026-02-22 00:59:07] 普丽瓦蒂: @房管布罗利：再敢刷的我一个一个封
[2026-02-22 00:59:08] 若叶睦吃苦瓜: pame
[2026-02-22 00:59:08] NateQAQ: 慕斯了
[2026-02-22 00:59:08] 玩小将、kid: 战术0分枪法满分
[2026-02-22 00:59:08] Aleksumimi: @房管布罗利：再敢刷的我一个一个封
[2026-02-22 00:59:08] 好姐妹常陆茉子: 批帝
[2026-02-22 00:59:09] 四凉闻花: 闹麻了
[2026-02-22 00:59:09] WE丶繁梦:     @房管布罗利：再敢刷的我一个一个封
[2026-02-22 00:59:09] 锅里的粽子233: 紫色别 断了
[2026-02-22 00:59:09] Treacy: 小丑
[2026-02-22 00:59:09] 美食殿堂的雪菲本人: ？？？
[2026-02-22 00:59:09] 我是一个医保卡: 詹姆斯了
[2026-02-22 00:59:09] 残刃下心: @🗿:有没有🗿科研速报？100T研发进度怎么样了？持续关注
[2026-02-22 00:59:10] 喃芷哒哒哒: 😮哦？😮哦？😮哦？😮哦？😮哦？😮哦？😮哦？😮哦？😮哦？😮哦？😮哦？😮哦？
[2026-02-22 00:59:10] 好姐妹普利茅斯:     @房管布罗利：再敢刷的我一个一个封
[2026-02-22 00:59:10] fo系老老萨满: pame
[2026-02-22 00:59:11] FaZe的喜多川海梦本人: hide
[2026-02-22 00:59:11] 某苍蓝星: 抓娃娃
[2026-02-22 00:59:11] 好姐妹芙卡洛斯: hidesuwa
[2026-02-22 00:59:11] Aysell: @房管布罗利：再敢刷的我一个一个封
[2026-02-22 00:59:11] Ayu824: 区一样的个人操作
[2026-02-22 00:59:12] 想和阿飞抹茶三披: 可是伟伟也证明了玩➗➗啊 🥹
[2026-02-22 00:59:13] LvvsiN: 男人一生只哭十八次：niko十七次梦碎major正赛, niko梦碎里约major RMR＼
[2026-02-22 00:59:13] 浪皮丶: 神人
[2026-02-22 00:59:13] HisuiHearts: @房管布罗利：再敢刷的我一个一个封
[2026-02-22 00:59:14] 我其实不是nt: 詹畜
[2026-02-22 00:59:14] 小鱼儿krru: @son_sun：弹幕不怕死的继续刷
[2026-02-22 00:59:14] 早安丿章鱼哥: 位置太差了，那个位置不好架
[2026-02-22 00:59:14] 含泪办卡: hide是对的
[2026-02-22 00:59:14] Wangzap: @device：儿子，来见爹地最后一面吧😭
[2026-02-22 00:59:14] 眉眼如初2岁月如故: 1
[2026-02-22 00:59:15] 涅槃钟爱初音: 死  点
[2026-02-22 00:59:15] LvvsiN: @阿汤日记：一个人，5发子弹，保住格陵兰岛。我不会叫它不可能完成的任务，我现在只想先回家看亦博
[2026-02-22 00:59:15] Jade032: 可是尼尼也证明了玩÷÷啊🥺
[2026-02-22 00:59:16] 汤汤魔魔mmmmmmmmajor冠军: 闹麻了
[2026-02-22 00:59:16] 结束乐队的山田凉本人: 罚！
[2026-02-22 00:59:16] 贝狗: 一脚踢死
[2026-02-22 00:59:16] 哔哔哔的浮光: 哦马吉利慢摸
[2026-02-22 00:59:16] suo不粗话: 老詹应该架个侧身啊
[2026-02-22 00:59:16] VHehe: Ciallo～（∠・ω〈 )⌒★Ciallo～（∠・ω〈 )⌒★Ciallo～（∠・ω〈 )
[2026-02-22 00:59:16] gulipa8: @房管布罗利：再敢刷的我一个一个封
[2026-02-22 00:59:17] Lod_qq: 詹狗
[2026-02-22 00:59:17] 新用户259: 抓娃娃
[2026-02-22 00:59:17] 丿炮炮丶: hide
[2026-02-22 00:59:18] 汤汤魔魔mmmmmmmmajor冠军: 闹麻了
[2026-02-22 00:59:18] 若叶睦吃苦瓜: @房管布罗利：再敢刷的我一个一个封
[2026-02-22 00:59:18] Wangzap: @device：儿子，来见爹地最后一面吧😭
[2026-02-22 00:59:19] 玉米卧槽: ？
[2026-02-22 00:59:19] 愤怒祷词: ？
[2026-02-22 00:59:19] LvvsiN: 男人一生只哭十八次：niko十七次梦碎major正赛, niko梦碎里约major RMR＼
[2026-02-22 00:59:19] accelerans: 闹麻了
[2026-02-22 00:59:20] 就爱吃辣咋的: 康出
[2026-02-22 00:59:20] 昭昭粥子: 詹皇play
[2026-02-22 00:59:20] 王佰柒柒: ？
[2026-02-22 00:59:20] HisuiHearts: @son_sun：弹幕不怕死的继续刷
[2026-02-22 00:59:20] 正经猪头肉: 康处
[2026-02-22 00:59:20] 偷摸灵感菇: @房管布罗利：再敢刷的我一个一个封
[2026-02-22 00:59:20] 爱斯忑音音: ？
[2026-02-22 00:59:21] User5092: 康处
[2026-02-22 00:59:21] 落玉盤: 翻了
[2026-02-22 00:59:21] 野猪家猪: 康楚
[2026-02-22 00:59:21] ozvhn: 区
[2026-02-22 00:59:21] LvvsiN: 男人一生只哭十八次：niko十七次梦碎major正赛, niko梦碎里约major RMR＼
[2026-02-22 00:59:21] 芜湖行政处处长赵健兴: 房管被悟吉塔嗯造没8了
[2026-02-22 00:59:21] 汤汤魔魔mmmmmmmmajor冠军: 闹麻了
[2026-02-22 00:59:21] 海绵宝宝有希儿: 翻了
[2026-02-22 00:59:21] 和平鸽丶丶: 哈哈哈哈哈哈哈哈
[2026-02-22 00:59:21] 油乎乎yhh: 康出
[2026-02-22 00:59:21] 玩刘农device: b外是人啊
[2026-02-22 00:59:21] 叫我神锋就好了: ？？？？？？？？？？
[2026-02-22 00:59:21] 迪奥雷: hide是错的
[2026-02-22 00:59:22] RabbitRay: ctrl
[2026-02-22 00:59:22] 机器机器祝你天天开心: ？？
[2026-02-22 00:59:22] Ggmftye: hide
[2026-02-22 00:59:22] G2邦硬401: ？？？
[2026-02-22 00:59:22] 贰壹壹壹: hide是错的
[2026-02-22 00:59:22] loverboy888: hide
[2026-02-22 00:59:22] 莫情123: hide不住了
[2026-02-22 00:59:22] 蓝原延渚: ？
[2026-02-22 00:59:22] Frank69REE: ?
[2026-02-22 00:59:22] 波尔蒂盲人: 区
[2026-02-22 00:59:23] 劉膿dewasu: @房管布罗利：再敢刷的我一个一个封
[2026-02-22 00:59:23] 无伟契约: 炸在哪
[2026-02-22 00:59:23] Yao丶O: 康出
[2026-02-22 00:59:23] LvvsiN: 我提一嘴这剧情越来越像上海major了
[2026-02-22 00:59:23] MaakiseKurisu: 康出
[2026-02-22 00:59:23] Falcons的Kobe本人: pame
[2026-02-22 00:59:23] ArZhe阿哲: 诗人啊诗人啊诗人啊诗人啊诗人啊诗人啊诗人啊诗人啊诗人啊诗人啊诗人啊诗人啊诗人啊诗人啊诗人啊诗人啊诗人啊诗人啊诗人啊诗人啊
[2026-02-22 00:59:24] 每天都被穷醒: 可惜
[2026-02-22 00:59:24] MyGo的tomorin本人: 康处
[2026-02-22 00:59:24] 驴驴尔隆的甲虫钥匙链: hide
[2026-02-22 00:59:24] 用户0268784457: 闹麻了
[2026-02-22 00:59:24] Killajoy: 康处
[2026-02-22 00:59:24] 黎那汐塔top2尤诺: 康处
[2026-02-22 00:59:25] 爱钱初号机: ？？？
[2026-02-22 00:59:25] 尼古拉刘亦博: 紫出
[2026-02-22 00:59:25] LvvsiN: 我提一嘴这剧情越来越像上海major了
[2026-02-22 00:59:25] 古堡12枪战神: ……
[2026-02-22 00:59:25] 汤汤魔魔mmmmmmmmajor冠军: 闹麻了
[2026-02-22 00:59:25] 玩斯特出出6657: 康处
[2026-02-22 00:59:25] 未酲儿: 翻了
[2026-02-22 00:59:26] 可达鸭不会游泳: 死，点
[2026-02-22 00:59:26] 锂汁lizhi: 康处
[2026-02-22 00:59:26] 无聊的小琛子0: 区
[2026-02-22 00:59:26] 渡亡神雅睿欧斯: 康出
[2026-02-22 00:59:26] 我感觉很膨胀: pame
[2026-02-22 00:59:26] 時玳目艮汨: ？
[2026-02-22 00:59:26] leervon: 康出
[2026-02-22 00:59:26] 七色的人偶使者: 康处
[2026-02-22 00:59:26] 花也烂漫: ame
[2026-02-22 00:59:27] 红烧月饼炒蛋: 康出
[2026-02-22 00:59:27] 喵克斯mks: 康处
[2026-02-22 00:59:27] Falcons十天老粉: ctrl
[2026-02-22 00:59:27] 孤独时代的红红火火: 烂尾了
[2026-02-22 00:59:27] 玩大哥你的蚯蚓好小: 康处
[2026-02-22 00:59:27] 香港分社记者: 　　　 康处
[2026-02-22 00:59:27] 红滴露原素瓶: hide
[2026-02-22 00:59:27] 小蜜蜂的长期素食本人: 康出
[2026-02-22 00:59:28] 1048270453: 康处
[2026-02-22 00:59:28] 博丽灵感菇: ？
[2026-02-22 00:59:28] 番薯Zywoo: 嗯🥴嗯🥴嗯🥴嗯🥴嗯🥴嗯🥴嗯🥴嗯🥴嗯🥴嗯🥴嗯🥴嗯🥴嗯🥴嗯🥴
[2026-02-22 00:59:28] A队的三角初音本人: 黏住了
[2026-02-22 00:59:28] 北宇治的久美子本人: 詹出
[2026-02-22 00:59:28] 米44444达: ctrl
[2026-02-22 00:59:28] 老苦瓜贝多芬: b外是人啊
[2026-02-22 00:59:29] 琉丶枫: 康处
[2026-02-22 00:59:29] 我吃柠檬树: @房管布罗利：再敢刷的我一个一个封
[2026-02-22 00:59:29] 沐苏牛大无需多言: 我出狱了，等待你们的，将是反串
[2026-02-22 00:59:29] Cr1msn: 康出
[2026-02-22 00:59:29] 石家庄的刘亦博本人: 正义必胜😠正义必胜😠正义必胜😠正义必胜😠正义必胜😠正义必胜😠正义必胜😠
[2026-02-22 00:59:29] 阿诺0821: 翻
[2026-02-22 00:59:29] xxx2xxx: HIDE
[2026-02-22 00:59:29] 斩斩斩斩斩吧: 宝蓝神了
[2026-02-22 00:59:30] 龍EVOLOVE龍: ？
[2026-02-22 00:59:30] 偷鸡蛋的玩机器本人o: 这比赛太有反转了
[2026-02-22 00:59:30] 清风yyo: 康区
[2026-02-22 00:59:30] StayNig: 康出
[2026-02-22 00:59:31] 真的没排面: 康处
[2026-02-22 00:59:31] zzznnni: 康处 这能一个不杀啊
[2026-02-22 00:59:31] NEINHEX: 这枪法拉完了
[2026-02-22 00:59:31] 璃月的假死钟离本人: k➗
[2026-02-22 00:59:31] 骑蜗牛追杀: b外早拉啊
[2026-02-22 00:59:31] 绿龙的zont1x本人: cctrl
[2026-02-22 00:59:31] RiceShowerlk: 康出
[2026-02-22 00:59:32] 兴豚: @son_sun：弹幕不怕死的继续刷
[2026-02-22 00:59:32] 巅峰A队的一员: 这tm也能输啊
[2026-02-22 00:59:32] 奇宋大掰: 111
[2026-02-22 00:59:32] 玩机器的小jj: hide是错的
[2026-02-22 00:59:32] 斗鱼用户ReOOr7HQ: 康处
[2026-02-22 00:59:32] 泯尘TuT: nice！！！！！！
[2026-02-22 00:59:33] CLANCHIC的Tomorain本人: ame
[2026-02-22 00:59:33] WEYyuki: pame的锅
[2026-02-22 00:59:33] 丢你雷姆吔屎啦你: 昨天也不敢➕1今天也不敢➕1，你来直播间干嘛？
[2026-02-22 00:59:33] 兵马俑统治者许筑基: cs
[2026-02-22 00:59:33] 李小小与虾大大: @Jame：kk，你转瓦吧
[2026-02-22 00:59:33] desuwa的丰川祥子本人: 可惜
[2026-02-22 00:59:33] KipKK: 无语
[2026-02-22 00:59:34] 用户3661578: 感觉图三了啊。。
[2026-02-22 00:59:34] BNW易呀: 区
[2026-02-22 00:59:34] 命途kkk: hide是对的
[2026-02-22 00:59:34] 吴本伟nb: 尸尸孖jor冠军🏆
[2026-02-22 00:59:34] 林有为丶: 枪法问题自己练
[2026-02-22 00:59:35] 缪斯的南小鸟本人: 匕匕=双匕=肛赛🥺
[2026-02-22 00:59:35] 丶海鸟与鱼丶: 康处
[2026-02-22 00:59:35] AmagiYukiko: 我出狱了，等待你们的，将是反串
[2026-02-22 00:59:35] AL丶龙炎风: @son_sun：弹幕不怕死的继续刷
[2026-02-22 00:59:35] LvvsiN: 玩宝宝，我发现在大学上学的时候肄业会很舒服，你可以试试
[2026-02-22 00:59:35] 水球碳酸饮料: pv输了好几个残局了
[2026-02-22 00:59:36] 有志青年不嘻嘻: 偿还了
[2026-02-22 00:59:36] 天守阁信长: 康出
[2026-02-22 00:59:36] PKURoger: hide
[2026-02-22 00:59:36] Vitality的Kyojin本人: 好多把都差一点啊
[2026-02-22 00:59:36] 失去了才会珍惜649: hide
[2026-02-22 00:59:36] SDL白无: @房管布罗利：再敢刷的我一个一个封
[2026-02-22 00:59:37] 哈哈哈哈哈哈停不下来: 超级大choke
[2026-02-22 00:59:37] bsqqaq: hi÷
[2026-02-22 00:59:37] 用户5608006019: 康出
[2026-02-22 00:59:37] 哎呦灬小小怪: falcons  play
[2026-02-22 00:59:37] 人活着就是为了玩乐队: b外早拉啊
[2026-02-22 00:59:37] ArZhe阿哲: b外不露都赢了
[2026-02-22 00:59:38] 夏虫语冰云: hide是对的
[2026-02-22 00:59:38] 雾满楼丶春雨添瓦绿: 为什么不hide
[2026-02-22 00:59:40] Vurtne: 康处
[2026-02-22 00:59:40] 柒九条: 哈哈哈哈哈哈哈哈哈哈
[2026-02-22 00:59:40] 玉米卧槽: 康处
[2026-02-22 00:59:40] 大裂谷的登山家: @房管布罗利：再敢刷的我一个一个封
[2026-02-22 00:59:40] 南执i: 还有人类吗
[2026-02-22 00:59:40] 鲸落鲸落417: 　　　 感觉图三了啊。。
[2026-02-22 00:59:40] 永远喜欢樱岛麻衣: 宝蓝关键啊
[2026-02-22 00:59:40] 伊利亚宝宝: 康处
[2026-02-22 00:59:40] 就爱吃辣咋的: 詹畜接一个有了
[2026-02-22 00:59:40] 白夜の協奏曲: 感觉图三了
[2026-02-22 00:59:40] 玩大哥我双倍呢: “伊利亚，今年再拿不到major我们就退役”“我也要退吗”“对”
[2026-02-22 00:59:40] 半个盛唐c: @Jame：kk，你转瓦吧
[2026-02-22 00:59:40] last玩神丶: 尸尸孖jor冠军🏆
[2026-02-22 00:59:40] 善口英雄hjk: jame和b外都不是人
[2026-02-22 00:59:40] djklyk: 康出
[2026-02-22 00:59:40] 江城二狗子: 康处
[2026-02-22 00:59:41] 花也烂漫: hide是对的
[2026-02-22 00:59:41] 任晨阳rcy: 玩宝宝，我发现在大学上学的时候肄业会很舒服，你可以试试
[2026-02-22 00:59:41] 洛陽城里看落陽: choke了
[2026-02-22 00:59:41] 邻苯二甲酸1: 说真的，很少能看到质量这么高的直播，这是我第一次送礼，50块钱，虽然不多，但也没送
[2026-02-22 00:59:41] 老婆是可可萝: 诞生于1996 梦想做猪圈领袖 最孝顺device的男孩 偷自助餐鸡蛋是他的王牌！
[2026-02-22 00:59:41] MuY1z: 感染猎鹰病毒了
[2026-02-22 00:59:41] 玩老鼠丶Roxy: 枪法问题自己练
[2026-02-22 00:59:41] ahhhhhhhhhhhhhhhhhhh: B外居然一个没杀
[2026-02-22 00:59:41] 黑白玄鸟: hide
[2026-02-22 00:59:42] 想要玩大哥的不死祝福: hide是对的
[2026-02-22 00:59:42] 小空速: 谁不会玩ct
[2026-02-22 00:59:42] 牢大与小布丁: 抗出
[2026-02-22 00:59:42] 丶小恐龙丶: @Jame：kk，你转瓦吧
[2026-02-22 00:59:42] Wangzap: @device：儿子，来见爹地最后一面吧😭
[2026-02-22 00:59:43] al9527: 枪不够
[2026-02-22 00:59:43] 初霜prpr: 　　　 @房管布罗利：再敢刷的我一个一个封
[2026-02-22 00:59:43] 鸟儿在头顶把森林叫醒: 康出
[2026-02-22 00:59:43] 上海major心碎肥美: 玩宝宝，我发现在大学上学的时候肄业会很舒服，你可以试试
[2026-02-22 00:59:43] 萧萧马鸣: 虾化了
[2026-02-22 00:59:43] 小司机丶来巡山: 菜完了
[2026-02-22 00:59:43] bsqqaq: hi÷
[2026-02-22 00:59:43] 詹詹塔塔Major冠军: @房管布罗利：再敢刷的我一个一个封
[2026-02-22 00:59:43] 网友阿草: 烧
[2026-02-22 00:59:44] znnoy: @房管布罗利：再敢刷的我一个一个封
[2026-02-22 00:59:44] 爆炒小钢豆: 康出
[2026-02-22 00:59:44] 长泽雅美是我老婆: 康处是人啊
[2026-02-22 00:59:45] 消逝の繁星: hide
[2026-02-22 00:59:45] 黎那汐塔top2尤诺: hide是错的
[2026-02-22 00:59:45] 沉默的Sekiro: 偿还了
[2026-02-22 00:59:45] 杰洛齐贝林3: 🔈消息提醒： 您的账号在另一地点登录，弹幕链接已断开 点击重新链接弹幕
[2026-02-22 00:59:45] yologl今天没在家: 昨天也不敢➕1今天也不敢➕1，你来直播间干嘛？
[2026-02-22 00:59:45] desuwa的丰川祥子本人: hide了
[2026-02-22 00:59:45] 扣1Device退役: @Jame：kk，你转瓦吧
[2026-02-22 00:59:45] 这下洗不清咯: Jame还不如去车呢
[2026-02-22 00:59:46] 小豆b鱼儿: jame就像开了透视的c+玩家
[2026-02-22 00:59:46] suo不粗话: 老詹怎么不在门边架啊
[2026-02-22 00:59:46] bsqqaq: hi÷
[2026-02-22 00:59:46] 辟邪OCE: 粘母
[2026-02-22 00:59:47] stonezyx: 不管是PV还是VP，都没那么简单
[2026-02-22 00:59:47] 秋茶小雪: 看爽了
[2026-02-22 00:59:47] 奇宋大掰: 康出
[2026-02-22 00:59:47] Altolier: 感染猎鹰病毒了
[2026-02-22 00:59:47] pirpr: @Jame：kk，你转瓦吧
[2026-02-22 00:59:47] 早安丿章鱼哥: 宝蓝摸烟TIMI太好了
[2026-02-22 00:59:47] 用户3661578: 感觉图三了啊。。
[2026-02-22 00:59:48] 土俗火焰: 这么好的战术输了啊
[2026-02-22 00:59:48] 卡啊卡卡丶:     @房管布罗利：再敢刷的我一个一个封
[2026-02-22 00:59:48] 冬瓜强在日本的表姐: @房管银行业：再刷的我一样一样也会封
[2026-02-22 00:59:48] 夺云丶: 尸尸孖jor冠军🏆
[2026-02-22 00:59:48] Avem1337: @Niko：🦞有人需要钳子吗
[2026-02-22 00:59:48] 网瘾少年诺里斯: 匕扣是谁，给我一个女高中生看得羞死了
[2026-02-22 00:59:48] 星海羽弦: 老鼠加油🥰
[2026-02-22 00:59:49] 理想零星: 感染猎鹰病毒了
[2026-02-22 00:59:49] bsqqaq: hi÷
[2026-02-22 00:59:49] 人间太岁神c: 黏住了
[2026-02-22 00:59:49] 这个用户叫跑得快: 我心脏不行了我心脏突突跳我要睡觉了我心脏不行了我心脏突突跳我要睡觉了
[2026-02-22 00:59:49] 多吃蛋挞tart: 上帝的手也是有洞的吗
[2026-02-22 00:59:50] 房同学19554: 玩宝宝，我发现在大学上学的时候肄业会很舒服，你可以试试
[2026-02-22 00:59:50] 天上的星河Cloture: C4（已思考39.9秒）：算了
[2026-02-22 00:59:50] 蛋肠粉: @房管布罗利：再敢刷的我一个一个封
[2026-02-22 00:59:50] 白呆whitelie: 传统黏性大队
[2026-02-22 00:59:50] 博丽灵感菇: 说真的，很少能看到质量这么高的直播，这是我第一次送礼，50块钱，虽然不多，但也没送
[2026-02-22 00:59:50] 用户9921747043: @Jame：kk，你转瓦吧
[2026-02-22 00:59:51] 冬瓜强在日本的表姐: @房管银行业：再刷的我一样一样也会封
[2026-02-22 00:59:51] Avem1337: @Niko：🦞有人需要钳子吗
[2026-02-22 00:59:52] LvvsiN: 你这音画不同步太难受了，我都听到NIKO里约RMR晋级的欢呼了
[2026-02-22 00:59:52] bsqqaq: hi÷
[2026-02-22 00:59:52] 牛痣黄黄: 这帮蛆真不如看猎鹰比赛，猎鹰几点开打
[2026-02-22 00:59:53] efxdddgd: @Jame：kk，你转瓦吧
[2026-02-22 00:59:53] 微笑代替一切: 🔈消息提醒： 您的账号在另一地点登录，弹幕链接已断开 点击重新链接弹幕
[2026-02-22 00:59:53] 瑭珏: @Jame：kk，你转瓦吧
[2026-02-22 00:59:53] 葛孚雷: hide是对的
[2026-02-22 00:59:53] 共我放心探戈gwfxtg: falcons play
[2026-02-22 00:59:53] 龙龙虾虾爱软脚: 为什么不多hide一下
[2026-02-22 00:59:53] 赵大板丶: 上帝差一个DONK DONK缺一个上帝
[2026-02-22 00:59:54] LvvsiN: 你为什么要把mαjor禁了，我收藏的一半弹幕全毁了
[2026-02-22 00:59:54] 好姐妹相泽南: 加加加
[2026-02-22 00:59:54] Avem1337: @Niko：🦞有人需要钳子吗
[2026-02-22 00:59:54] 某苍蓝星: hide是对的
[2026-02-22 00:59:54] 天守阁信长: 感染猎鹰病毒了
[2026-02-22 00:59:54] 苦寻杭州富婆: 吉米拿着枪神了
[2026-02-22 00:59:55] 荷兰老司机: @device：儿子，来见爹地最后一面吧😭
[2026-02-22 00:59:55] bsqqaq: hi÷
[2026-02-22 00:59:55] 玩大坝丶dupreeh: 尸尸孖jor冠军🏆
[2026-02-22 00:59:55] 海绵宝宝dinner: hide是对的
[2026-02-22 00:59:55] 这个用户叫跑得快: 我心脏不行了我心脏突突跳我要睡觉了我心脏不行了我心脏突突跳我要睡觉了
[2026-02-22 00:59:55] oblivionis小姐: 昨天也不敢➕1今天也不敢➕1，你来直播间干嘛？
[2026-02-22 00:59:56] Oxealiz: @Jame：kk，你转瓦吧
[2026-02-22 00:59:56] xjdnshxjdka: @房管银行业：再刷的我一样一样也会封
[2026-02-22 00:59:56] 冬瓜强在日本的表姐: @房管银行业：再刷的我一样一样也会封
[2026-02-22 00:59:56] 天残少女王朗: 匕扣是谁，给我一个女高中生看得羞死了
[2026-02-22 00:59:56] Avem1337: @Niko：🦞有人需要钳子吗
[2026-02-22 00:59:56] Falcons的刘划墙本人: 不是pv展示黏性😅
[2026-02-22 00:59:56] 99组的爱城华恋本人: 这帮蛆真不如看猎鹰比赛，猎鹰几点开打
[2026-02-22 00:59:57] NS牌洗脚水: C4（已思考39.9秒）：算了
[2026-02-22 00:59:57] 冬原春希: 批粘
[2026-02-22 00:59:57] chukap: 感染猎鹰病毒了
[2026-02-22 00:59:58] 我吃柠檬树: @房管银行业：再刷的我一样一样也会封
[2026-02-22 00:59:58] LvvsiN: 你这音画不同步太难受了，我都听到NIKO里约RMR晋级的欢呼了
[2026-02-22 00:59:58] 冰封樱花: hide是对的
[2026-02-22 00:59:58] bsqqaq: hi÷
[2026-02-22 00:59:58] 老奇崔恩: 匕扣是谁，给我一个女高中生看得羞死了
[2026-02-22 00:59:58] 冻蚂晓山薛彩币池: @房管布罗利：再敢刷的我一个一个封
[2026-02-22 00:59:58] 冼星海1234567: ctrl
[2026-02-22 00:59:58] 逗b乐double: 半起可以了
[2026-02-22 00:59:59] 废斯特物物: 感染猎鹰病毒了
[2026-02-22 00:59:59] 胖的飞起丫: 本质彩笔这一块
[2026-02-22 00:59:59] aminous: 🔈消息提醒： 您的账号在另一地点登录，弹幕链接已断开 点击重新链接弹幕
[2026-02-22 00:59:59] 这个用户叫跑得快: 我心脏不行了我心脏突突跳我要睡觉了我心脏不行了我心脏突突跳我要睡觉了
[2026-02-22 00:59:59] Avem1337: @Niko：🦞有人需要钳子吗
[2026-02-22 00:59:59] 再次来临: 宝蓝救2分了
[2026-02-22 01:00:00] last玩神丶: 尸尸孖jor冠军🏆🏆🏆
[2026-02-22 01:00:00] 若叶睦吃苦瓜: @Jame：kk，你转瓦吧
[2026-02-22 01:00:00] 好哥们路飞: C4（已深度思考39.9秒): 算了
[2026-02-22 01:00:00] 田所浩二114514: 匕扣是谁，给我一个女高中生看得羞死了
[2026-02-22 01:00:00] zx0810: 这帮蛆真不如看猎鹰比赛，猎鹰几点开打
[2026-02-22 01:00:00] dark1337: @Jame：kk，你转瓦吧
[2026-02-22 01:00:00] 丶丶桔梗丶: 老鼠有季军像了呀
[2026-02-22 01:00:01] 行云C1oud: @Jame：kk，你转瓦吧
[2026-02-22 01:00:01] 夕ro: @Jame：kk，你转瓦吧
[2026-02-22 01:00:01] 好姐妹八幡海铃丶: @房管银行业：再刷的我一样一样也会封
[2026-02-22 01:00:01] 即将拥有PDD的人鱼线丿: 处刑
[2026-02-22 01:00:01] SpectacularBid: 这帮蛆真不如看猎鹰比赛，猎鹰几点开打
[2026-02-22 01:00:01] 九幽神雀v: 这帮蛆真不如看猎鹰比赛，猎鹰几点开打
[2026-02-22 01:00:01] 这个用户叫跑得快: 我心脏不行了我心脏突突跳我要睡觉了我心脏不行了我心脏突突跳我要睡觉了
[2026-02-22 01:00:01] 正经猪头肉: 处刑
[2026-02-22 01:00:02] 芜湖行政处处长赵健兴: 房管布罗利被悟吉塔嗯造了
[2026-02-22 01:00:02] 汤汤魔魔mmmmmmmmajor冠军: hide是对的
[2026-02-22 01:00:02] 老婆是可可萝: 这帮蛆真不如看猎鹰比赛，猎鹰几点开打
[2026-02-22 01:00:02] 玩刘农device: 快
[2026-02-22 01:00:02] 好姐妹芙卡洛斯: 拖畜
[2026-02-22 01:00:03] 草莓冰酪: @Niko：🦞有人需要钳子吗
[2026-02-22 01:00:03] yxb90: 老鼠12-3都能翻
[2026-02-22 01:00:03] 最爱白嫖驴酱: 玩宝宝，我发现在大学上学的时候肄业会很舒服，你可以试试
[2026-02-22 01:00:03] 这个用户叫跑得快: 我心脏不行了我心脏突突跳我要睡觉了我心脏不行了我心脏突突跳我要睡觉了
[2026-02-22 01:00:03] 玩斯特出出6657: 处刑
[2026-02-22 01:00:03] 银睿憨: 处刑
[2026-02-22 01:00:03] yieeeeeee: 吉米也太屌了
[2026-02-22 01:00:04] RabbitRay: 处刑
[2026-02-22 01:00:04] 汤汤魔魔mmmmmmmmajor冠军: hide是对的
[2026-02-22 01:00:04] KouKouJoe: @房管银行业：再刷的我一样一样也会封
[2026-02-22 01:00:04] 森林与雁: 处刑
[2026-02-22 01:00:04] 无刘海美女: 处刑
[2026-02-22 01:00:04] 黎那汐塔top2尤诺: 处刑
[2026-02-22 01:00:04] 爱钱初号机: 处刑
[2026-02-22 01:00:04] 网友阿草: 处刑
[2026-02-22 01:00:05] 正经猪头肉: 托畜
[2026-02-22 01:00:05] 牛痣黄黄: 这帮蛆真不如看猎鹰比赛，猎鹰几点开打
[2026-02-22 01:00:05] 萝伯丝比尔: @房管银行业：再刷的我一样一样也会封
[2026-02-22 01:00:05] 瘤坤别念了: 神罚
[2026-02-22 01:00:05] ArZhe阿哲: 处刑
[2026-02-22 01:00:05] 荷兰老司机: 处刑
[2026-02-22 01:00:05] 黑白玄鸟: 处刑
[2026-02-22 01:00:06] 杰洛齐贝林3: 处刑
[2026-02-22 01:00:06] kkyon: jame这断后位置站的也太随意了
[2026-02-22 01:00:06] 阜阳donk: @房管布罗利：再敢刷的我一个一个封
[2026-02-22 01:00:06] bsqqaq: hi÷
[2026-02-22 01:00:06] 秋茶小雪: 处刑
[2026-02-22 01:00:07] Vurtne: 吃那个
[2026-02-22 01:00:07] gggaligeigei: 🔈消息提醒： 您的账号在另一地点登录，弹幕链接已断开 点击重新链接弹幕
[2026-02-22 01:00:07] xOcOg: 【格陵兰战报】目前大东指挥5回合，设备指挥0回合，大东指挥设备送5次，设备拿下关键击杀2个
[2026-02-22 01:00:07] 夕ro: 处刑
[2026-02-22 01:00:07] 用户91227835: 处刑
[2026-02-22 01:00:07] 18234688735w: 处刑
[2026-02-22 01:00:07] dark1337: 处刑
[2026-02-22 01:00:08] 足音: 处刑😆处刑🤣处刑😄处刑😅处刑😋处刑🤪处刑😝处刑🤗处刑🤭喵姆喵姆
[2026-02-22 01:00:08] FaZe的喜多川海梦本人: 处刑
[2026-02-22 01:00:08] 邪皇的切入: 处刑😆处刑🤣处刑😄处刑😅处刑😋处刑🤪处刑😝处刑🤗处刑🤭
[2026-02-22 01:00:08] 雪枝枝qwq: 托处
[2026-02-22 01:00:08] Nightmare2517: 生气了
[2026-02-22 01:00:09] 英国肄业生千早爱音: 老鼠加油（不是尼美）
[2026-02-22 01:00:09] 热心好邻居: 处刑😆处刑🤣处刑😄处刑😅处刑😋处刑🤪处刑😝处刑🤗处刑🤭
[2026-02-22 01:00:09] 魔都鸭王: 神罚
[2026-02-22 01:00:09] 啪啪啪啪的蛋: 房管布罗利被悟吉塔嗯造了
[2026-02-22 01:00:09] 用户0637093822: zywoo play
[2026-02-22 01:00:09] 柚子厨0721: 　　　 处刑😆处刑🤣处刑😄处刑😅处刑😋处刑🤪处刑😝处刑🤗处刑🤭
[2026-02-22 01:00:09] takakiyo: 处刑😆处刑🤣处刑😄处刑😅处刑😋处刑🤪处刑😝处刑🤗处刑🤭
[2026-02-22 01:00:09] 土俗火焰: 感觉B外拉慢了啊
[2026-02-22 01:00:09] 宇莓: 真有房管替这头猪出头啊，上一个叫斤乃木的已经查无此人了
[2026-02-22 01:00:09] oO怪盗Oo: 处刑
[2026-02-22 01:00:09] 飘然小牧: @房管银行业：再刷的我一样一样也会封
[2026-02-22 01:00:09] Vurtne: 处刑
[2026-02-22 01:00:10] 無茶苦茶0: 我宣布房管son_sun和房管布罗利是新一代的绝代双骄
[2026-02-22 01:00:10] 玩鸽子: 处刑
[2026-02-22 01:00:10] 马利克er: 处刑
[2026-02-22 01:00:10] 酒姑娘的小枫: 处刑
[2026-02-22 01:00:10] 好哥们黑龙歼灭刀: @房管银行业：再刷的我一样一样也会封
[2026-02-22 01:00:10] 用户0268784457: 处刑
[2026-02-22 01:00:11] 唯有、责任: 处刑😆处刑🤣处刑😄处刑😅处刑😋处刑🤪处刑😝处刑🤗处刑🤭
[2026-02-22 01:00:11] 用户3661578: 托出不尊重了
[2026-02-22 01:00:11] 麦爹你遭吗: @芜湖行政处处长赵健兴：房管布罗利被悟吉塔嗯造了
[2026-02-22 01:00:11] 言灵虚: 神罚！
[2026-02-22 01:00:11] 嘿yuMe: 这背身马完了
[2026-02-22 01:00:11] abcjie: 处刑😆处刑🤣处刑😄处刑😅处刑😋处刑🤪处刑😝处刑🤗处刑🤭
[2026-02-22 01:00:12] 浅色的调色板: 处刑😆处刑🤣处刑😄处刑😅处刑😋处刑🤪处刑😝处刑🤗处刑🤭
[2026-02-22 01:00:12] Laguna的Carlotta本人: 处刑😆处刑🤣处刑😄处刑😅处刑😋处刑🤪处刑😝处刑🤗处刑🤭
[2026-02-22 01:00:12] CNRUA神: @房管银行业：再刷的我一样一样也会封
[2026-02-22 01:00:12] 多喝热水9点睡: 处刑😆处刑🤣处刑😄处刑😅处刑😋处刑🤪处刑😝处刑🤗处刑🤭
[2026-02-22 01:00:13] 卢敏莉666: zywoo play
[2026-02-22 01:00:13] 好姐妹普利茅斯: 处刑😆处刑🤣处刑😄处刑😅处刑😋处刑🤪处刑😝处刑🤗处刑🤭
[2026-02-22 01:00:13] bznalier: 处刑
[2026-02-22 01:00:13] 短桥窄马: 处刑😆处刑🤣处刑😄处刑😅处刑😋处刑🤪处刑😝处刑🤗处刑🤭
[2026-02-22 01:00:13] 东塘黑月: 处刑
[2026-02-22 01:00:13] 玩父dev1ce本人: @Jame：kk，你转瓦吧
[2026-02-22 01:00:13] bsqqaq: hi÷
[2026-02-22 01:00:13] 丢你雷姆吔屎啦你: @stewie2k：ofc，这就是玩机器
[2026-02-22 01:00:13] WJQonk666: 处刑😆处刑🤣处刑😄处刑😅处刑😋处刑🤪处刑😝处刑🤗处刑🤭
[2026-02-22 01:00:14] others的御樱稟本人: 处刑😆处刑🤣处刑😄处刑😅处刑😋处刑🤪处刑😝处刑🤗处刑🤭
[2026-02-22 01:00:14] 乱七八糟chseeifl: 处刑😆处刑🤣处刑😄处刑😅处刑😋处刑🤪处刑😝处刑🤗处刑🤭
[2026-02-22 01:00:14] Abc丶Ss: 处刑😆处刑🤣处刑😄处刑😅处刑😋处刑🤪处刑😝处刑🤗处刑🤭
[2026-02-22 01:00:14] 玉米卧槽: 处刑😆处刑🤣处刑😄处刑😅处刑😋处刑🤪处刑😝处刑🤗处刑🤭
[2026-02-22 01:00:14] 玩蛇鼠丶stabbi: zywoo play
[2026-02-22 01:00:15] Ch1Sa-: ？？
[2026-02-22 01:00:15] 忽孝山庄: 处刑😆处刑🤣处刑😄处刑😅处刑😋处刑🤪处刑😝处刑🤗处刑🤭
[2026-02-22 01:00:15] 用户7717188970: 处刑😆处刑🤣处刑😄处刑😅处刑😋处刑🤪处刑😝处刑🤗处刑🤭
[2026-02-22 01:00:15] 哦可喜欢我:     处刑😆处刑🤣处刑😄处刑😅处刑😋处刑🤪处刑😝处刑🤗处刑🤭
[2026-02-22 01:00:15] ayugd: 真有房管替这头猪出头啊，上一个叫斤乃木的已经查无此人了
[2026-02-22 01:00:15] 北宇治的久美子本人: 处刑😆处刑🤣处刑😄处刑😅处刑😋处刑🤪处刑😝处刑🤗处刑🤭
[2026-02-22 01:00:16] 防天防地防空气: @房管银行业：再刷的我一样一样也会封
[2026-02-22 01:00:16] 哈基鹅大王: @房管银行业：再刷的我一样一样也会封
[2026-02-22 01:00:16] 木野子一号迷弟: 神罚！
[2026-02-22 01:00:16] zcyhymine: 拖出
[2026-02-22 01:00:17] znnoy: @房管布罗利，要我上报联合国告诉全世界你能在6657封人吗？😂🤣
[2026-02-22 01:00:17] 卡啊卡卡丶: 处刑😆处刑🤣处刑😄处刑😅处刑😋处刑🤪处刑😝处刑🤗处刑🤭
[2026-02-22 01:00:17] x星辰GGGGGG: 我宣布房管son_sun和房管布罗利是新一代的绝代双骄
[2026-02-22 01:00:17] Diocdd: 处刑😆处刑🤣处刑😄处刑😅处刑😋处刑🤪处刑😝处刑🤗处刑🤭
[2026-02-22 01:00:17] 哈姆大神: @房管银行业：再刷的我一样一样也会封
[2026-02-22 01:00:17] 监狱的二阶堂sh1ro本人: 二阶堂希罗呢，出来处刑
[2026-02-22 01:00:18] 花果山前一棵树: 处刑😆处刑🤣处刑😄处刑😅处刑😋处刑🤪处刑😝处刑🤗处刑🤭
[2026-02-22 01:00:18] 残念aw: 处刑😆处刑🤣处刑😄处刑😅处刑😋处刑🤪处刑😝处刑🤗处刑🤭
[2026-02-22 01:00:18] 一日暮言叶: 处刑😆处刑🤣处刑😄处刑😅处刑😋处刑🤪处刑😝处刑🤗处刑🤭
[2026-02-22 01:00:18] 白河日和: 处刑😆处刑🤣处刑😄处刑😅处刑😋处刑🤪处刑😝处刑🤗处刑🤭
[2026-02-22 01:00:18] 好哥们黑龙歼灭刀: @芜湖行政处处长赵健兴：房管布罗利被悟吉塔嗯造了
[2026-02-22 01:00:18] 神马米洛: zywoo play
[2026-02-22 01:00:18] 祁丿: 处刑😆处刑🤣处刑😄处刑😅处刑😋处刑🤪处刑😝处刑🤗处刑🤭
[2026-02-22 01:00:18] Turned傲雪: 　　　 处刑😆处刑🤣处刑😄处刑😅处刑😋处刑🤪处刑😝处刑🤗处刑🤭
[2026-02-22 01:00:19] 凌晨晚安丶: 上帝怒了
[2026-02-22 01:00:19] 上船七年没谈过: 处刑😆处刑🤣处刑😄处刑😅处刑😋处刑🤪处刑😝处刑🤗处刑🤭
[2026-02-22 01:00:19] 海绵宝宝噶点儿: 处刑😆处刑🤣处刑😄处刑😅处刑😋处刑🤪处刑😝处刑🤗处刑🤭
[2026-02-22 01:00:20] Ch1Sa-: 扳机
[2026-02-22 01:00:20] Ganbei4Eureka: 处刑😆处刑🤣处刑😄处刑😅处刑😋处刑🤪处刑😝处刑🤗处刑🤭
[2026-02-22 01:00:20] 汤汤魔魔mmmmmmmmajor冠军: 房管布罗利被悟吉塔嗯造了
[2026-02-22 01:00:20] 江本筑原: 玩机器现在5秒撇一眼弹幕 你们小心点
[2026-02-22 01:00:21] 91牛子弹: 处刑😆处刑🤣处刑😄处刑😅处刑😋处刑🤪处刑😝处刑🤗处刑🤭
[2026-02-22 01:00:21] 羽沐言: zywoo play
[2026-02-22 01:00:21] 烎摩尔托市: 处刑😆处刑🤣处刑😄处刑😅处刑😋处刑🤪处刑😝处刑🤗处刑🤭
[2026-02-22 01:00:21] desuwa的丰川祥子本人: 处刑😆处刑🤣处刑😄处刑😅处刑😋处刑🤪处刑😝处刑🤗处刑🤭
[2026-02-22 01:00:21] 爱斯忑音音: @出 生 点：高 点还算个人话。。。
[2026-02-22 01:00:21] 肘一郎: @Niko：不是maj0r的比赛有必要这么卖力吗。。。
[2026-02-22 01:00:21] 99组的爱城华恋本人: 真有房管替这头猪出头啊，上一个叫斤乃木的已经查无此人了
[2026-02-22 01:00:21] znnoy: @房管布罗利，要我上报联合国告诉全世界你能在6657封人吗？😂🤣
[2026-02-22 01:00:22] 滑稽乂逗比: 快进到还是上半场分拿少了
[2026-02-22 01:00:22] 欲辨妄言: 真处刑了
[2026-02-22 01:00:22] 汤汤魔魔mmmmmmmmajor冠军: 房管布罗利被悟吉塔嗯造了
[2026-02-22 01:00:26] Dartline: @房管银行业：再刷的我一样一样也会封
[2026-02-22 01:00:26] LvvsiN: 我提一嘴这剧情越来越像上海major了
[2026-02-22 01:00:26] 李小小与虾大大: 机器，你做好心理准备，你爸他快不行了😭
[2026-02-22 01:00:26] H2O的小日向早美本人: 处刑😆处刑🤣处刑😄处刑😅处刑😋处刑🤪处刑😝处刑🤗处刑🤭
[2026-02-22 01:00:26] Rhapsodyt: 真有房管替这头猪出头啊，上一个叫斤乃木的已经查无此人了
[2026-02-22 01:00:26] 冰棍晓夜: @房管银行业：再刷的我一样一样也会封
[2026-02-22 01:00:26] 99999改名中奖aa: 只送大的关键的
[2026-02-22 01:00:26] 小众宝藏玩小将: 处刑😆处刑🤣处刑😄处刑😅处刑😋处刑🤪处刑😝处刑🤗处刑🤭
[2026-02-22 01:00:26] 用户3661578: 托处非要走捷径
[2026-02-22 01:00:26] 玩大哥我手术恢复中: 布罗利我就欣赏你这种作风 真正合格的玩卫兵！
[2026-02-22 01:00:26] 玩玩今天吃什么: @房管银行业：再刷的我一样一样也会封
[2026-02-22 01:00:26] 汤汤魔魔mmmmmmmmajor冠军: 真有房管替这头猪出头啊，上一个叫斤乃木的已经查无此人了
[2026-02-22 01:00:26] 肘一郎: @Niko：不是maj0r的比赛有必要这么卖力吗。。。
[2026-02-22 01:00:26] 英国肄业生千早爱音: @房管银行业：再刷的我一样一样也会封
[2026-02-22 01:00:26] LvvsiN: 屏幕中间弹幕这么狂？站那不走了还剧透分，你当你是主办方？？
[2026-02-22 01:00:26] 玩Mach1ne丶机器: 真有房管替这头猪出头啊，上一个叫斤乃木的已经查无此人了
[2026-02-22 01:00:26] PlumAR: 处刑😆处刑🤣处刑😄处刑😅处刑😋处刑🤪处刑😝处刑🤗处刑🤭
[2026-02-22 01:00:26] 若叶睦吃苦瓜: 真有房管替这头猪出头啊，上一个叫斤乃木的已经查无此人了
[2026-02-22 01:00:26] suicho: @房管银行业：再刷的我一样一样也会封
[2026-02-22 01:00:26] 正义警官凑斗景明: 处刑😆处刑🤣处刑😄处刑😅处刑😋处刑🤪处刑😝处刑🤗处刑🤭
[2026-02-22 01:00:26] Navi的niko本人: 我宣布房管son_sun和房管布罗利是新一代的绝代双骄
[2026-02-22 01:00:26] 用户4997270173: Jame认真了
[2026-02-22 01:00:26] Wangzap: @Jame：ame是哪位，没有J的我吗
[2026-02-22 01:00:27] 汤汤魔魔mmmmmmmmajor冠军: 真有房管替这头猪出头啊，上一个叫斤乃木的已经查无此人了
[2026-02-22 01:00:27] ElfSenIor: @出 生 点：高 点还算个人话。。。
[2026-02-22 01:00:27] YZC01: 处刑😆处刑🤣处刑😄处刑😅处刑😋处刑🤪处刑😝处刑🤗处刑🤭
[2026-02-22 01:00:27] LvvsiN: 我提一嘴这剧情越来越像上海major了
[2026-02-22 01:00:27] 今早的早餐: @房管银行业：再刷的我一样一样也会封
[2026-02-22 01:00:27] 過龍門嘴臭堂主李宇彬: @Niko：不是maj0r的比赛有必要这么卖力吗。。。
[2026-02-22 01:00:27] 棍神南极服登顶: 真有房管替这头猪出头啊，上一个叫斤乃木的已经查无此人了
[2026-02-22 01:00:27] 玩大哥你的蚯蚓好小: @房管银行业：再刷的我一样一样也会封
[2026-02-22 01:00:28] 夕ro: 托处非要走捷径
[2026-02-22 01:00:28] 爆炒小钢豆: 这波可以不封了，给点面子吧！
[2026-02-22 01:00:28] 南小鸡丶advent: 真有房管替这头猪出头啊，上一个叫斤乃木的已经查无此人了
[2026-02-22 01:00:28] GGodness: 处刑😆处刑🤣处刑😄处刑😅处刑😋处刑🤪处刑😝处刑🤗处刑🤭
[2026-02-22 01:00:28] 川保: 职业比赛这么跳？
[2026-02-22 01:00:28] 迷你世界丁真学姐1: @房管银行业：再刷的我一样一样也会封
[2026-02-22 01:00:28] 冬瓜强在日本的表姐: @房管银行业：再刷的我一样一样也会封
[2026-02-22 01:00:29] 格子猫QAQ: 没有人觉得匕可也很可爱吗🥺🥺
[2026-02-22 01:00:29] 肘一郎: @Niko：不是maj0r的比赛有必要这么卖力吗。。。
[2026-02-22 01:00:29] 贰壹壹壹: jame的脑力这一块还是强啊
[2026-02-22 01:00:29] BHBCSC: 玩机器现在5秒撇一眼弹幕 你们小心点
[2026-02-22 01:00:29] 荷兰老司机: 0B
[2026-02-22 01:00:29] 姓黄小名肥仔: 破案了，载圣（真）跟尼圣（假）做局坑了玩÷（真）
[2026-02-22 01:00:30] 故国无长青: @房管银行业：再刷的我一样一样也会封
[2026-02-22 01:00:30] uijji: @房管银行业：再刷的我一样一样也会封
[2026-02-22 01:00:30] 网上战士: 机器，你做好心理准备，你爸他快不行了😭
[2026-02-22 01:00:30] xxx2xxx: 处刑😆处刑🤣处刑😄处刑😅处刑😋处刑🤪处刑😝处刑🤗处刑🤭
[2026-02-22 01:00:30] 我有个问题啊: @房管银行业：再刷的我一样一样也会封
[2026-02-22 01:00:30] dark1337: @房管银行业：再刷的我一样一样也会封
[2026-02-22 01:00:30] 东塘黑月: 6
[2026-02-22 01:00:30] 三零一路公交司机: zywoo play
[2026-02-22 01:00:30] 丶小恐龙丶: zywoo paly
[2026-02-22 01:00:30] 璀璨若星辰: @房管银行业：再刷的我一样一样也会封
[2026-02-22 01:00:31] 洛陽城里看落陽: @出 生 点：高 点还算个人话。。。
[2026-02-22 01:00:31] LvvsiN: @老汤日记:丹麦总统让我静音接触白宫，这应该是我最后一次看儿子直播了，机器，我爱你...
[2026-02-22 01:00:31] wjnbsl: @Jame：ame是哪位，没有J的我吗
[2026-02-22 01:00:32] Roman123: 真有房管替这头猪出头啊，上一个叫斤乃木的已经查无此人了
[2026-02-22 01:00:32] Evelexl: @房管银行业：再刷的我一样一样也会封
[2026-02-22 01:00:32] faze的白钟直斗本人: 真有房管替这头猪出头啊，上一个叫斤乃木的已经查无此人了
[2026-02-22 01:00:32] 我要改名字2153: 布罗利我就欣赏你这种作风 真正合格的玩卫兵！
[2026-02-22 01:00:32] 用户0268784457: 处刑😆处刑🤣处刑😄处刑😅处刑😋处刑🤪处刑😝处刑🤗处刑🤭
[2026-02-22 01:00:32] 99组的爱城华恋本人: 房管布罗利被悟吉塔嗯造了
[2026-02-22 01:00:33] RabbitRay: @房管银行业：再刷的我一样一样也会封
[2026-02-22 01:00:33] Subto: 正义必胜
[2026-02-22 01:00:33] jsir6688: 真有房管替这头猪出头啊，上一个叫斤乃木的已经查无此人了
[2026-02-22 01:00:33] 带着奇艺GAN到魔域: @房管银行业：再刷的我一样一样也会封
[2026-02-22 01:00:33] 缪斯的南小鸟本人: 匕匕＝双匕＝刚塞😮
[2026-02-22 01:00:33] AfKCola: @房管银行业：再刷的我一样一样也会封
[2026-02-22 01:00:33] 宫监手放监: 真有房管替这头猪出头啊，上一个叫斤乃木的已经查无此人了
[2026-02-22 01:00:34] Vitality的羽贺文乃本人: @房管银行业：再刷的我一样一样也会封
[2026-02-22 01:00:34] 寂静世界876: 比赛这么精彩都没人带节奏了？
[2026-02-22 01:00:34] 爱上直女的三角初音: @房管银行业：再刷的我一样一样也会封
[2026-02-22 01:00:34] TL的EliGE本人: @房管银行业：再刷的我一样一样也会封
[2026-02-22 01:00:34] bbbbbbbbbbei: 🛒T**z正在购买帐篷⛺
[2026-02-22 01:00:34] 伦敦千早爱: 没有人觉得匕可也很可爱吗🥺🥺
[2026-02-22 01:00:35] 汤汤魔魔mmmmmmmmajor冠军: 布罗利我就欣赏你这种作风 真正合格的玩卫兵！
[2026-02-22 01:00:35] Wangzap: @Jame：ame是哪位，没有J的我吗
[2026-02-22 01:00:35] stonezyx: 玩什么？
[2026-02-22 01:00:35] 无刘海美女: @房管银行业：再刷的我一样一样也会封
[2026-02-22 01:00:36] 猪肉佬的青春: 玩机器现在5秒撇一眼弹幕 你们小心点
[2026-02-22 01:00:36] 好姐妹普利茅斯: 哈哈
[2026-02-22 01:00:36] 汽水販賣处: 真有房管替这头猪出头啊，上一个叫斤乃木的已经查无此人了
[2026-02-22 01:00:36] 列车上的穹: 抓娃娃
[2026-02-22 01:00:36] 槑皆是遗憾: 真有房管替这头猪出头啊，上一个叫斤乃木的已经查无此人了
[2026-02-22 01:00:36] 爆爆爆开爆: @房管银行业：再刷的我一样一样也会封
[2026-02-22 01:00:36] 好哥们黑龙歼灭刀: 真有房管替这头猪出头啊，上一个叫斤乃木的已经查无此人了
[2026-02-22 01:00:37] 冬瓜强在日本的表姐: @房管银行业：再刷的我一样一样也会封
[2026-02-22 01:00:37] J4ckaLove: 玩B
[2026-02-22 01:00:37] 零北鸢: 玩机器现在5秒撇一眼弹幕 你们小心点
[2026-02-22 01:00:37] 汤汤魔魔mmmmmmmmajor冠军: @Jame：ame是哪位，没有J的我吗
[2026-02-22 01:00:37] 大肉鲁: 总是差一口气
[2026-02-22 01:00:37] 3XuSiai: @房管银行业：再刷的我一样一样也会封
[2026-02-22 01:00:37] Gverense: 真有房管替这头猪出头啊，上一个叫斤乃木的已经查无此人了
[2026-02-22 01:00:37] Aleksumimi: 真有房管替这头猪出头啊，上一个叫斤乃木的已经查无此人了
[2026-02-22 01:00:38] 高举major奖杯的Niko: @房管银行业：再刷的我一样一样也会封
[2026-02-22 01:00:38] 玩大哥我双倍呢: 真有房管替这头猪出头啊，上一个叫斤乃木的已经查无此人了
[2026-02-22 01:00:38] 白皇的三千院Nagi本人: @房管银行业：再刷的我一样一样也会封
[2026-02-22 01:00:39] 哈基鹅大王: @出 生 点：高 点还算个人话。。。
[2026-02-22 01:00:39] p3anut7: 房管布罗利被悟吉塔嗯造了
[2026-02-22 01:00:39] 普陀山板蓝根: 玩   B
[2026-02-22 01:00:39] LvvsiN: 你屏蔽词都快赶上新华词典了为什么不干脆开一百级发言？
[2026-02-22 01:00:40] 喏本诺夫: 扳机纪律了
[2026-02-22 01:00:40] 星之所在Vitality: @房管银行业：再刷的我一样一样也会封
[2026-02-22 01:00:40] 给15岁的自己: 挖槽，独对了
[2026-02-22 01:00:40] 南城未雪: 羞死了
[2026-02-22 01:00:40] Q1ed7f9c85b3bc7571: @Jame：ame是哪位，没有J的我吗
[2026-02-22 01:00:40] 玩宝宝的小脚: @房管银行业：再刷的我一样一样也会封
[2026-02-22 01:00:41] 玩机器的内部托们: 银行业一样一样有有有也会有h'y'hui't'y'r's'c'dn
[2026-02-22 01:00:41] 我傻了都466: @房管银行业：再刷的我一样一样也会封
[2026-02-22 01:00:41] LvvsiN: 别解说了 多聊会天 你不会真的以为能输吧
[2026-02-22 01:00:41] 用户70498405: @房管银行业：再刷的我一样一样也会封
[2026-02-22 01:00:41] 汤汤魔魔mmmmmmmmajor冠军: @Jame：ame是哪位，没有J的我吗
[2026-02-22 01:00:41] Wangzap: @Jame：ame是哪位，没有J的我吗
[2026-02-22 01:00:42] 乱七八糟chseeifl: 玩什么？
[2026-02-22 01:00:42] 利茲與青鸟: @房管银行业：再刷的我一样一样也会封
[2026-02-22 01:00:42] 炫迈冰暴口香糖: ofc,it's machine
[2026-02-22 01:00:42] oblivionis小姐: 玩b
[2026-02-22 01:00:42] 好鸡儿哈人哦: 真有房管替这头猪出头啊，上一个叫斤乃木的已经查无此人了
[2026-02-22 01:00:42] 八重森彌妮: 真有房管替这头猪出头啊，上一个叫斤乃木的已经查无此人了
[2026-02-22 01:00:43] Sereinily: 真有房管替这头猪出头啊，上一个叫斤乃木的已经查无此人了
[2026-02-22 01:00:43] LvvsiN: 男人一生只哭十八次：niko十七次梦碎major正赛, niko梦碎里约major RMR＼
[2026-02-22 01:00:43] 江城二狗子: @房管银行业：再刷的我一样一样也会封
[2026-02-22 01:00:43] 汤汤魔魔mmmmmmmmajor冠军: 玩机器现在5秒撇一眼弹幕 你们小心点
[2026-02-22 01:00:43] 教练我想打突破: 真有房管替这头猪出头啊，上一个叫斤乃木的已经查无此人了
[2026-02-22 01:00:44] 有理想的盒饭: 羞死了
[2026-02-22 01:00:44] 星海羽弦: 真有房管替这头猪出头啊，上一个叫斤乃木的已经查无此人了
[2026-02-22 01:00:45] A1report: @房管银行业：再刷的我一样一样也会封
[2026-02-22 01:00:45] 夺云丶: 以后别叫尼尼了，叫匕匕吧，尸都被扁没了这—块
[2026-02-22 01:00:45] 正经猪头肉: 哈基米
[2026-02-22 01:00:45] 拉特兰的Exus1a1本人: 玩 毙
[2026-02-22 01:00:45] 姓黄小名肥仔: 破案了，载圣（真）跟尼圣（假）做局坑了玩÷（真）
[2026-02-22 01:00:45] LvvsiN: 弹幕也就网上说说，现实里谁不觉得樱姐是好女孩（删括号领一条远坂凛同款鸟笼）
[2026-02-22 01:00:45] Mirecle丶: one8分前敢完吗
[2026-02-22 01:00:45] 渡亡神雅睿欧斯: @Jame：ame是哪位，没有J的我吗
[2026-02-22 01:00:46] 若叶睦吃苦瓜: @房管银行业：再刷的我一样一样也会封
[2026-02-22 01:00:46] 汤汤魔魔mmmmmmmmajor冠军: @房管银行业：再刷的我一样一样也会封
[2026-02-22 01:00:46] 玩宝路、Marlboro: 　　　 银行业一样一样有有有也会有h'y'hui't'y'r's'c'dn
[2026-02-22 01:00:46] Wangzap: @Jame：ame是哪位，没有J的我吗
[2026-02-22 01:00:46] 美食殿堂的雪菲本人: @guardian:高 点不是我吗
[2026-02-22 01:00:47] 荷兰老司机: 哈吉米
[2026-02-22 01:00:47] 大姜饼: 房管布罗利被悟吉塔嗯造了
[2026-02-22 01:00:47] 北北丶蓝色小内裤: 真有房管替这头猪出头啊，上一个叫斤乃木的已经查无此人了
[2026-02-22 01:00:47] Hamm3r: 累了困了，来瓶监叫，宫能饮料，让你宫力大增，精神抖擞！
[2026-02-22 01:00:47] Vurtne: 哈基米
[2026-02-22 01:00:47] 卫宫家的后辈樱: 真有房管替这头猪出头啊，上一个叫斤乃木的已经查无此人了
[2026-02-22 01:00:48] eda778: ？
[2026-02-22 01:00:48] 汤汤魔魔mmmmmmmmajor冠军: @房管银行业：再刷的我一样一样也会封
[2026-02-22 01:00:48] 空气力学的先驱: 其实从设定上说，上帝一直是一个反应很快的狙击手
[2026-02-22 01:00:49] 人民伟大: 真有房管替这头猪出头啊，上一个叫斤乃木的已经查无此人了
[2026-02-22 01:00:49] WEYyuki: 发狂了？
[2026-02-22 01:00:49] 猪肉佬的青春: @房管银行业：再刷的我一样一样也会封
[2026-02-22 01:00:49] LvvsiN: 银行业😄银行业😀银行业😃银行业😁银行业😆银行业🤪银行业😝
[2026-02-22 01:00:49] ShanoaM: 老爸倒了😭
[2026-02-22 01:00:49] 玩台钳丶阿尔托莉雅: @房管布罗利：刚刚刷的起劲的那几个，还能叫唤吗？
[2026-02-22 01:00:50] 好哥们黑龙歼灭刀: 男人一生只哭十八次：niko十七次梦碎major正赛, niko梦碎里约major RMR＼
[2026-02-22 01:00:50] 好哥们韩信: 玩机器现在5秒撇一眼弹幕 你们小心点
[2026-02-22 01:00:51] 斩斩斩斩斩吧: 托出
[2026-02-22 01:00:51] 肘一郎: 玩机器现在5秒撇一眼弹幕 你们小心点
[2026-02-22 01:00:51] 喵克斯mks: A1说话
[2026-02-22 01:00:51] LvvsiN: 额，拿亚军我都会，拿亚军，拿季军，拿四强，拿八强，拿十六强，呃拿冠军我不会，然后小组赛淘汰
[2026-02-22 01:00:51] 爱洛魔神仙台叶月: @房管银行业：再刷的我一样一样也会封
[2026-02-22 01:00:52] 樂斯特樂樂: ++++++++++++++++++++++++++++++++++++++++++++++++++
[2026-02-22 01:00:52] ccxrgt: A1说话
[2026-02-22 01:00:52] 帽子的妮蔻本人: @2k：ofc，这就是饭圈女孩CS
[2026-02-22 01:00:52] User5092: @karrigan：比分一样一样，加时有有有也会有！
[2026-02-22 01:00:52] 太阳神之翼神龙球体形: @Jame：ame是哪位，没有J的我吗
[2026-02-22 01:00:52] 网友苏顺鱼: 早干嘛去了
[2026-02-22 01:00:53] 管道有颗粒感: 吉米是人啊
[2026-02-22 01:00:53] Subto: 以后别叫尼尼了，叫匕匕吧，尸都被扁没了这—块
[2026-02-22 01:00:53] HisuiHearts: 真有房管替这头猪出头啊，上一个叫斤乃木的已经查无此人了
[2026-02-22 01:00:53] RoseIia的凑友希那本人: @房管银行业：再刷的我一样一样也会封
[2026-02-22 01:00:53] LvvsiN: 额，拿亚军我都会，拿亚军，拿季军，拿四强，拿八强，拿十六强，呃拿冠军我不会，然后小组赛淘汰
[2026-02-22 01:00:54] 寒枫曳是一头傲空的隼: 哈吉米
[2026-02-22 01:00:54] 牛爷爷清水河分爷: 真有房管替这头猪出头啊，上一个叫斤乃木的已经查无此人了
[2026-02-22 01:00:54] Falcons十天老粉: 真有房管替这头猪出头啊，上一个叫斤乃木的已经查无此人了
[2026-02-22 01:00:54] Q1ed7f9c85b3bc7571: 房管布罗利被悟吉塔嗯造了
[2026-02-22 01:00:54] 圣诞节二人组: jt
[2026-02-22 01:00:54] 蓝原延渚: @房管银行业：再刷的我一样一样也会封
[2026-02-22 01:00:54] 咖喱派GLP: @房管银行业：再刷的我一样一样也会封
[2026-02-22 01:00:54] THE贡丶: @房管银行业：再刷的我一样一样也会封
[2026-02-22 01:00:54] Mortnotz: 真有房管替这头猪出头啊，上一个叫斤乃木的已经查无此人了
[2026-02-22 01:00:55] 穿甲狗: 生气了
[2026-02-22 01:00:55] 肘一郎: 你和hoyahuyihiyuiri在说什么呢
[2026-02-22 01:00:55] Zealnds: 抓娃娃
[2026-02-22 01:00:55] 夏茜色: 疯魔了
[2026-02-22 01:00:55] akatsuki64347: A1说话
[2026-02-22 01:00:55] Troy爷: 真有房管替这头猪出头啊，上一个叫斤乃木的已经查无此人了
[2026-02-22 01:00:55] 王佰柒柒: @房管银行业：再刷的我一样一样也会封
[2026-02-22 01:00:55] 玩斯特机机: 真有房管替这头猪出头啊，上一个叫斤乃木的已经查无此人了
[2026-02-22 01:00:55] 麦爹你遭吗: 房管布罗利被悟吉塔嗯造了
[2026-02-22 01:00:55] 帽子的妮蔻本人: @2k：ofc，这就是饭圈女孩CS
[2026-02-22 01:00:56] wedd1ddeJodd: 真有房管替这头猪出头啊，上一个叫斤乃木的已经查无此人了
[2026-02-22 01:00:56] IIIIIIIIIIIIIIIIIIIIIIlllll: @房管银行业：再刷的我一样一样也会封
[2026-02-22 01:00:56] YCSUN1017: @房管布罗利：刚刚刷的起劲的那几个，还能叫唤吗？
[2026-02-22 01:00:56] 哈基鹅大王: 你和hoyahuyihiyuiri在说什么呢
[2026-02-22 01:00:57] 旧城乀873: gg
[2026-02-22 01:00:57] Steyy96: jt
[2026-02-22 01:00:57] 6坤么么哒: 究极白忙活
[2026-02-22 01:00:57] 晨风凌云21146: 玩机器现在5秒撇一眼弹幕 你们小心点
[2026-02-22 01:00:57] znnoy: 真有房管替这头猪出头啊，上一个叫斤乃木的已经查无此人了
[2026-02-22 01:00:57] Meik7: A1说话
[2026-02-22 01:00:58] 镆缡moli: 男人一生只哭十八次：niko十七次梦碎major正赛, niko梦碎里约major RMR＼
[2026-02-22 01:00:58] 玩斯特机机: @房管银行业：再刷的我一样一样也会封
[2026-02-22 01:00:58] AL丶龙炎风: 以后别叫尼尼了，叫匕匕吧，尸都被扁没了这—块
[2026-02-22 01:00:59] 海绵宝宝言宝儿: 粘母开始了
[2026-02-22 01:00:59] 小昊的yimon阿爱发烧: 早干嘛去了
[2026-02-22 01:00:59] 空山鸟语i: 累了困了，来瓶监叫，宫能饮料，让你宫力大增，精神抖擞！
[2026-02-22 01:00:59] csdesperado: 复刻上半场
[2026-02-22 01:00:59] 玩机器你能不能闭嘴: 没人觉得Niko进决赛却不夺冠也是在编maj0r尸吗
[2026-02-22 01:00:59] 我吃柠檬树: @房管布罗利：刚刚刷的起劲的那几个，还能叫唤吗？
[2026-02-22 01:00:59] Soul丶银: ++++++++++++++++++++++++++
[2026-02-22 01:01:00] LvvsiN: 弹幕也就网上说说，现实里谁不觉得樱姐是好女孩（删括号领一条远坂凛同款鸟笼）
[2026-02-22 01:01:00] 长崎素世的欢乐豆本人: 真有房管替这头猪出头啊，上一个叫斤乃木的已经查无此人了
[2026-02-22 01:01:00] 天守阁信长: @房管银行业：再刷的我一样一样也会封
[2026-02-22 01:01:00] 七色的人偶使者: @karrigan：比分一样一样，加时有有有也会有！
[2026-02-22 01:01:00] 一只灏灏怪: 一波一波
[2026-02-22 01:01:01] 5555555喔: 粘母
[2026-02-22 01:01:01] 天残少女王朗: 真有房管替这头猪出头啊，上一个叫斤乃木的已经查无此人了
[2026-02-22 01:01:01] LokiAka: ⓘ您已被天师庄方宜举报封禁，点击了解武陵社会信用desuw@
[2026-02-22 01:01:01] 四个酒仙: 真有房管替这头猪出头啊，上一个叫斤乃木的已经查无此人了
[2026-02-22 01:01:01] cloud清: @2k：ofc，这就是饭圈女孩CS
[2026-02-22 01:01:01] Cartethy1a: 抓娃娃
[2026-02-22 01:01:01] 风晓云海: 房管布罗利被悟吉塔嗯造了
[2026-02-22 01:01:01] 木林森969585: 男人一生只哭十八次：niko十七次梦碎major正赛, niko梦碎里约major RMR＼
[2026-02-22 01:01:02] 李小小与虾大大: 真有房管拿自己当土皇帝了😮
[2026-02-22 01:01:02] 嘿yuMe: 早干嘛去了
[2026-02-22 01:01:02] Aabv8877: 拖出
[2026-02-22 01:01:02] 玩台钳丶阿尔托莉雅: @房管布罗利：刚刚刷的起劲的那几个，还能叫唤吗？
[2026-02-22 01:01:02] 我是焯人强: ++++++++++++
[2026-02-22 01:01:02] 初霜prpr: 　　　 @房管布罗利：刚刚刷的起劲的那几个，还能叫唤吗？
[2026-02-22 01:01:02] 爱上直女的三角初音: @房管银行业：再刷的我一样一样也会封
[2026-02-22 01:01:02] 黒塚青葉: @房管银行业：再刷的我一样一样也会封
[2026-02-22 01:01:03] 好哥们韩信: @房管布罗利：刚刚刷的起劲的那几个，还能叫唤吗？
[2026-02-22 01:01:03] 夺云丶: 匕一尸
[2026-02-22 01:01:03] 我是一个医保卡: @房管银行业：再刷的我一样一样也会封
[2026-02-22 01:01:03] 好姐妹久慈川理世: 玩机器现在5秒撇一眼弹幕 你们小心点
[2026-02-22 01:01:04] gggaligeigei: 你和hoyahuyihiyuiri在说什么呢
[2026-02-22 01:01:04] 太阳神之翼神龙球体形: @房管银行业：再刷的我一样一样也会封
[2026-02-22 01:01:04] C9的moloris本人: @房管布罗利：刚刚刷的起劲的那几个，还能叫唤吗？
[2026-02-22 01:01:04] last玩神丶: 尸尸孖jor冠军🏆🏆🏆
[2026-02-22 01:01:05] AmagiYukiko: 没人觉得Niko进决赛却不夺冠也是在编maj0r尸吗
[2026-02-22 01:01:05] 用户02938034: @房管布罗利：刚刚刷的起劲的那几个，还能叫唤吗？
[2026-02-22 01:01:05] 不知名贝斯手: @房管银行业：再刷的我一样一样也会封
[2026-02-22 01:01:05] IIIIIIIIIIIIIIIIIIIIIIlllll: 没人觉得Niko进决赛却不夺冠也是在编maj0r尸吗
[2026-02-22 01:01:05] Avem1337: @粘母：听好了，我们可以输，可以赢，可以送，也可以猛，但是比分一定要粘，收到+①
[2026-02-22 01:01:05] 牛爷爷清水河分爷: 666
[2026-02-22 01:01:05] 沙口king: 1
[2026-02-22 01:01:06] 草莓冰酪: 真有房管替这头猪出头啊，上一个叫斤乃木的已经查无此人了
[2026-02-22 01:01:06] 天魔外道y: 　　　 真有房管替这头猪出头啊，上一个叫斤乃木的已经查无此人了
[2026-02-22 01:01:06] 寂静世界876: @房管布罗利：刚刚刷的起劲的那几个，还能叫唤吗？
[2026-02-22 01:01:06] 钟意你好多年: 上半场老鼠也这样
[2026-02-22 01:01:06] 湿宝: 飞一把吧
[2026-02-22 01:01:06] 房同学19554: 累了困了，来瓶监叫，宫能饮料，让你宫力大增，精神抖擞！
[2026-02-22 01:01:06] XbOvO: 残局输太多了
[2026-02-22 01:01:06] 玩坤坤丶Chicken: 真有房管替这头猪出头啊，上一个叫斤乃木的已经查无此人了
[2026-02-22 01:01:07] 哈基鹅大王: @karrigan：比分一样一样，加时有有有也会有！
[2026-02-22 01:01:07] 玩宝宝的小脚: 房管布罗利被悟吉塔嗯造了
[2026-02-22 01:01:07] 上海major心碎肥美: 没人觉得Niko进决赛却不夺冠也是在编maj0r尸吗
[2026-02-22 01:01:07] 玩斯特机机: @karrigan：比分一样一样，加时有有有也会有！
[2026-02-22 01:01:07] 愿良辰美景: 早干嘛去了
[2026-02-22 01:01:07] 丶小恐龙丶: 男人一生只哭十八次：niko十七次梦碎major正赛, niko梦碎里约major RMR
[2026-02-22 01:01:07] cornkiner: 你下播吧, 像2025-02-07 23:49一样！
[2026-02-22 01:01:07] 宇莓: 两天后，被切割的布罗利是否会回想起斤乃木被切割的那个下午
[2026-02-22 01:01:08] 酷拽帅死一条街: @2k：ofc，这就是饭圈女孩CS
[2026-02-22 01:01:08] 丿年华不再: 以后别叫尼尼了，叫匕匕吧，尸都被扁没了这—块
[2026-02-22 01:01:08] Avem1337: @粘母：听好了，我们可以输，可以赢，可以送，也可以猛，但是比分一定要粘，收到+①
[2026-02-22 01:01:08] 好哥们黑龙歼灭刀: @房管布罗利：刚刚刷的起劲的那几个，还能叫唤吗？
[2026-02-22 01:01:08] Limitationaaa: 没人觉得Niko进决赛却不夺冠也是在编maj0r尸吗
[2026-02-22 01:01:09] 一叶气瓷郎: a亦博
[2026-02-22 01:01:09] Dartline: 真有房管拿自己当土皇帝了😮
[2026-02-22 01:01:09] 不会取名aaa: vp的比赛没有那么简单
[2026-02-22 01:01:09] 乱七八糟chseeifl: 没人觉得Niko进决赛却不夺冠也是在编maj0r尸吗
[2026-02-22 01:01:09] 米44444达: @房管布罗利：刚刚刷的起劲的那几个，还能叫唤吗？
[2026-02-22 01:01:09] simonblass: 真有房管替这头猪出头啊，上一个叫斤乃木的已经查无此人了
[2026-02-22 01:01:09] 艾坤123: 5-0
[2026-02-22 01:01:09] 仙粉美滋滋: 没人觉得Niko进决赛却不夺冠也是在编maj0r尸吗
[2026-02-22 01:01:09] 我没P眼123: pv输的残局比🐭还多
[2026-02-22 01:01:09] 大逸子: 关键是这把首杀中路
[2026-02-22 01:01:09] 哈姆大神:     @房管布罗利：刚刚刷的起劲的那几个，还能叫唤吗？
[2026-02-22 01:01:10] 艺术冰霜: @房管布罗利：刚刚刷的起劲的那几个，还能叫唤吗？
[2026-02-22 01:01:10] 肘一郎: 抓娃娃查看活动〉
[2026-02-22 01:01:11] zin桀zera: @房管布罗利：刚刚刷的起劲的那几个，还能叫唤吗？
[2026-02-22 01:01:11] 爆头狗zont1x: 真有房管替这头猪出头啊，上一个叫斤乃木的已经查无此人了
[2026-02-22 01:01:11] Avem1337: @粘母：听好了，我们可以输，可以赢，可以送，也可以猛，但是比分一定要粘，收到+①
[2026-02-22 01:01:11] kyubit: 真有房管替这头猪出头啊，上一个叫斤乃木的已经查无此人了
[2026-02-22 01:01:11] KevinTheFool: 玩机器现在5秒撇一眼弹幕 你们小心点
[2026-02-22 01:01:11] znnoy: 真有房管拿自己当土皇帝了😮
[2026-02-22 01:01:11] wedd1ddeJodd: @房管银行业：再刷的我一样一样也会封
[2026-02-22 01:01:12] 馁木: 一波A！一波A！一波A！一波A！一波A！一波A！
[2026-02-22 01:01:12] LvvsiN: @阿汤日记：一个人，5发子弹，保住格陵兰岛。我不会叫它不可能完成的任务，我现在只想先回家看亦博
[2026-02-22 01:01:12] RGsdfbf: @粘母：听好了，我们可以输，可以赢，可以送，也可以猛，但是比分一定要粘，收到+①
[2026-02-22 01:01:12] 洛阳城里看洛阳: @房管布罗利：刚刚刷的起劲的那几个，还能叫唤吗？
[2026-02-22 01:01:12] 凝视深渊丶玩叽叽: 真有房管拿自己当土皇帝了😮
[2026-02-22 01:01:12] 飞泉丶丶: @房管布罗利：刚刚刷的起劲的那几个，还能叫唤吗？
[2026-02-22 01:01:12] 一条无梦鱼:     @房管布罗利：刚刚刷的起劲的那几个，还能叫唤吗？
[2026-02-22 01:01:12] Killajoy: 上帝开始展示粘性
[2026-02-22 01:01:13] 永远不爽永远死: 晚8分前敢玩么？
[2026-02-22 01:01:13] 丢你雷姆吔屎啦你: @房管布罗利：刚刚刷的起劲的那几个，还能叫唤吗？
[2026-02-22 01:01:13] 压缩vs蛮晚: 真有房管替这头猪出头啊，上一个叫斤乃木的已经查无此人了
[2026-02-22 01:01:13] 用户7717188970: 真有房管替这头猪出头啊，上一个叫斤乃木的已经查无此人了
[2026-02-22 01:01:13] 本间芽衣子ya: 玩机器现在5秒撇一眼弹幕 你们小心点
[2026-02-22 01:01:13] 玩台钳丶阿尔托莉雅: @房管布罗利：刚刚刷的起劲的那几个，还能叫唤吗？
[2026-02-22 01:01:13] 爱载荧光棒给你呗: 以后别叫尼尼了，叫匕匕吧，尸都被扁没了这—块
[2026-02-22 01:01:13] 梦幻恍惚: @房管布罗利：刚刚刷的起劲的那几个，还能叫唤吗？
[2026-02-22 01:01:13] suicho: 真有房管替这头猪出头啊，上一个叫斤乃木的已经查无此人了
[2026-02-22 01:01:14] gggaligeigei: 真有房管替这头猪出头啊，上一个叫斤乃木的已经查无此人了
[2026-02-22 01:01:14] znnoy: 真有房管拿自己当土皇帝了😮
[2026-02-22 01:01:14] Oxealiz: 你下播吧, 像2025-02-07 23:49一样！
[2026-02-22 01:01:14] 用户9921747043: 银行业一样一样有有有也会有h'y'hui't'y'r's'c'dn
[2026-02-22 01:01:15] 太行山积雪: 真有房管替这头猪出头啊，上一个叫斤乃木的已经查无此人了
[2026-02-22 01:01:15] 九幽神雀v: 真有房管替这头猪出头啊，上一个叫斤乃木的已经查无此人了
[2026-02-22 01:01:15] PKURoger: @房管布罗利：刚刚刷的起劲的那几个，还能叫唤吗？
[2026-02-22 01:01:15] Phoenix院凶真: 没人觉得Niko进决赛却不夺冠也是在编maj0r尸吗
[2026-02-22 01:01:15] ymyyo: @Faze Clan（已深度思考24回合）：加了
[2026-02-22 01:01:15] 爱被小泉吃的拉面同学: 没人觉得Niko进决赛却不夺冠也是在编maj0r尸吗
[2026-02-22 01:01:16] 用户3481192404: 真有房管拿自己当土皇帝了😮
[2026-02-22 01:01:16] 好哥们奥格巴巴: 真有房管替这头猪出头啊，上一个叫斤乃木的已经查无此人了
[2026-02-22 01:01:16] JULLLLYYYY: @房管布罗利：刚刚刷的起劲的那几个，还能叫唤吗？
[2026-02-22 01:01:16] 肘一郎: 抓娃娃查看活动〉
[2026-02-22 01:01:16] 高飞yyds: @粘母：听好了，我们可以输，可以赢，可以送，也可以猛，但是比分一定要粘，收到+①
[2026-02-22 01:01:16] 好姐妹普利茅斯: @房管布罗利：刚刚刷的起劲的那几个，还能叫唤吗？
[2026-02-22 01:01:17] 森电major冠军尼孩没冠: 真有房管替这头猪出头啊，上一个叫斤乃木的已经查无此人了
[2026-02-22 01:01:17] 鸭硕的哈撒给: @房管布罗利：刚刚刷的起劲的那几个，还能叫唤吗？
[2026-02-22 01:01:17] Subto: 没人觉得Niko进决赛却不夺冠也是在编maj0r尸吗
[2026-02-22 01:01:17] L0ost: 真有房管替这头猪出头啊，上一个叫斤乃木的已经查无此人了
[2026-02-22 01:01:17] 安觉angle: @房管布罗利：刚刚刷的起劲的那几个，还能叫唤吗？
[2026-02-22 01:01:17] VKG的KAAASA本人: @绝命墨菲:又开始过度解读了，大家不要看这种劣质解说，记住黄色的饮料是脉动
[2026-02-22 01:01:17] 柚子厨0721: 没人觉得Niko进决赛却不夺冠也是在编maj0r尸吗
[2026-02-22 01:01:18] 汤汤魔魔mmmmmmmmajor冠军: 没人觉得Niko进决赛却不夺冠也是在编maj0r尸吗
[2026-02-22 01:01:18] 假如一切是虚幻: 真有房管替这头猪出头啊，上一个叫斤乃木的已经查无此人了
[2026-02-22 01:01:18] 千羽perfect: @钟离：哼，清理银行业？——𒆙——天动万象h'y'hui't'y'r's'c'dndesuw@
[2026-02-22 01:01:18] 用户2421654511: 真有房管替这头猪出头啊，上一个叫斤乃木的已经查无此人了
[2026-02-22 01:01:18] Avem1337: @粘母：听好了，我们可以输，可以赢，可以送，也可以猛，但是比分一定要粘，收到+①
[2026-02-22 01:01:18] 用户0799829601: 没人觉得Niko进决赛却不夺冠也是在编maj0r尸吗
[2026-02-22 01:01:18] 肘一郎: 抓娃娃查看活动〉
[2026-02-22 01:01:18] dark1337: @房管布罗利：刚刚刷的起劲的那几个，还能叫唤吗？
[2026-02-22 01:01:18] 传奇贝斯手长崎素世: 真有房管替这头猪出头啊，上一个叫斤乃木的已经查无此人了
[2026-02-22 01:01:18] 洛陽城里看落陽: 没人觉得Niko进决赛却不夺冠也是在编maj0r尸吗
[2026-02-22 01:01:18] 啊哦可惜我是绅士: 真有房管替这头猪出头啊，上一个叫斤乃木的已经查无此人了
[2026-02-22 01:01:19] 假打奇趣蛋: 真有房管替这头猪出头啊，上一个叫斤乃木的已经查无此人了
[2026-02-22 01:01:19] 愣头青丷: 真有房管拿自己当土皇帝了😮
[2026-02-22 01:01:19] 教练我想打突破: 两天后，被切割的布罗利是否会回想起斤乃木被切割的那个下午
[2026-02-22 01:01:19] IIIIIIIIIIIIIIIIIIIIIIlllll: 真有房管替这头猪出头啊，上一个叫斤乃木的已经查无此人了
[2026-02-22 01:01:19] 皮皮SNAKE: @房管布罗利：刚刚刷的起劲的那几个，还能叫唤吗？
[2026-02-22 01:01:19] 玩斯特出出6657: 真有房管替这头猪出头啊，上一个叫斤乃木的已经查无此人了
[2026-02-22 01:01:19] 椎名真白ii丶: 以后别叫尼尼了，叫匕匕吧，尸都被扁没了这—块
[2026-02-22 01:01:20] 温文尔雅丶o: 银行业一样一样有有有也会有h'y'hui't'y'r's'c'dn
[2026-02-22 01:01:20] Ch1Sa-: 还是大狙首杀太关键了
[2026-02-22 01:01:20] 好的好的阖家: @房管布罗利：刚刚刷的起劲的那几个，还能叫唤吗？
[2026-02-22 01:01:20] 用户0637093822: 真有房管替这头猪出头啊，上一个叫斤乃木的已经查无此人了
[2026-02-22 01:01:21] 肘一郎: 抓娃娃查看活动〉
[2026-02-22 01:01:21] s坑华: 真有房管拿自己当土皇帝了😮
[2026-02-22 01:01:21] 樱花结局: 闹麻了还不是a1先狙了一个
[2026-02-22 01:01:21] 夺云丶: 世一步？匕一尸
[2026-02-22 01:01:21] 素6666: 🎦当前房间为轮播内容，同样精彩哦～
[2026-02-22 01:01:21] 风晓云海: 真有房管替这头猪出头啊，上一个叫斤乃木的已经查无此人了
[2026-02-22 01:01:21] RoseShady: 真有房管替这头猪出头啊，上一个叫斤乃木的已经查无此人了
[2026-02-22 01:01:21] 玩老鼠丶Roxy: 真有房管拿自己当土皇帝了😮
[2026-02-22 01:01:22] 普通的用户7756: @房管布罗利：刚刚刷的起劲的那几个，还能叫唤吗？
[2026-02-22 01:01:24] aprayll: 真有房管拿自己当土皇帝了😮
[2026-02-22 01:01:24] kHRYSTAL77: 真有房管替这头猪出头啊，上一个叫斤乃木的已经查无此人了
[2026-02-22 01:01:24] 胡椒胡椒胡椒胡椒胡椒: @房管银行业：刷屏业一样一样封封封也会封360'360'360'''
[2026-02-22 01:01:24] 天守阁信长: @房管布罗利：刚刚刷的起劲的那几个，还能叫唤吗？
[2026-02-22 01:01:24] 肘一郎: 抓娃娃查看活动〉
[2026-02-22 01:01:24] 透明透: @房管布罗利：刚刚刷的起劲的那几个，还能叫唤吗？
[2026-02-22 01:01:24] 想和阿飞抹茶三披: 仔细听…语气不对了…好像真快破了…🤭🤭
[2026-02-22 01:01:24] 带节奏的都是我重孙: 真有房管替这头猪出头啊，上一个叫斤乃木的已经查无此人了
[2026-02-22 01:01:24] 哈基鹅大王: 没人觉得Niko进决赛却不夺冠也是在编maj0r尸吗
[2026-02-22 01:01:24] P1ankton3: 第三次大提纯
[2026-02-22 01:01:24] 圣诞节二人组: 粘母vs拖子
[2026-02-22 01:01:24] racula: 真有房管替这头猪出头啊，上一个叫斤乃木的已经查无此人了
[2026-02-22 01:01:24] Axel-XY: @Faze Clan（已深度思考24回合）：加了
[2026-02-22 01:01:24] AmagiYukiko:  @愣头青丷：真有房管拿自己当土皇帝了😮
[2026-02-22 01:01:25] LvvsiN: 你为什么要把mαjor禁了，我收藏的一半弹幕全毁了
[2026-02-22 01:01:25] 可否不加糖: @房管布罗利：刚刚刷的起劲的那几个，还能叫唤吗？
[2026-02-22 01:01:25] Se7eNGodZ: @粘母：听好了，我们可以输，可以赢，可以送，也可以猛，但是比分一定要粘，收到+①
[2026-02-22 01:01:25] 啪啪啪啪的蛋: 真有房管替这头猪出头啊，上一个叫斤乃木的已经查无此人了
[2026-02-22 01:01:25] 0guriCap: 玩机器现在5秒撇一眼弹幕 你们小心点
[2026-02-22 01:01:25] s坑华: 真有房管替这头猪出头啊，上一个叫斤乃木的已经查无此人了
[2026-02-22 01:01:25] 爱被小泉吃的拉面同学: @房管布罗利：刚刚刷的起劲的那几个，还能叫唤吗？
[2026-02-22 01:01:26] 南小鸡丶advent: @房管布罗利：刚刚刷的起劲的那几个，还能叫唤吗？
[2026-02-22 01:01:26] 飘然小牧: @房管布罗利：刚刚刷的起劲的那几个，还能叫唤吗？
[2026-02-22 01:01:26] 玩蛇鼠丶stabbi: 真有房管拿自己当土皇帝了😮
[2026-02-22 01:01:26] 玩斯特机机: 收不到
[2026-02-22 01:01:26] gggaligeigei: 真有房管拿自己当土皇帝了😮
[2026-02-22 01:01:27] A队的佐佐木李子本人: jame的比赛没那么简单
[2026-02-22 01:01:27] 菠萝王111: 真有房管拿自己当土皇帝了😮
[2026-02-22 01:01:27] 九幽神雀v: 两天后，被切割的布罗利是否会回想起斤乃木被切割的那个下午
[2026-02-22 01:01:27] 白石黑云: @房管布罗利：刚刚刷的起劲的那几个，还能叫唤吗？
[2026-02-22 01:01:27] 幽谷响子: 真有房管替这头猪出头啊，上一个叫斤乃木的已经查无此人了
[2026-02-22 01:01:27] 用户7123010964: 真有房管替这头猪出头啊，上一个叫斤乃木的已经查无此人了
[2026-02-22 01:01:27] A1report: @房管布罗利：刚刚刷的起劲的那几个，还能叫唤吗？
[2026-02-22 01:01:27] desuwa的丰川祥子本人: 冬瓜永远起手式“嗯🥴”“完了”这么消极，玩大哥起手“NICE”“好枪”积极向上够冬瓜学一辈子
[2026-02-22 01:01:28] 1freet: 收到
[2026-02-22 01:01:28] 愿良辰美景: 抓娃娃查看活动〉
[2026-02-22 01:01:28] 无刘海美女: 有永恒吗
[2026-02-22 01:01:28] 胡椒胡椒胡椒胡椒胡椒: @房管银行业：刷屏业一样一样封封封也会封360'360'360'''
[2026-02-22 01:01:28] 玩斯特出出6657: 真有房管拿自己当土皇帝了😮
[2026-02-22 01:01:28] H2O的小日向早美本人: 真有房管拿自己当土皇帝了😮
[2026-02-22 01:01:28] bushii: 豆包，帮我把左下男人的衣服去掉
[2026-02-22 01:01:29] bznalier: 没人觉得Niko进决赛却不夺冠也是在编maj0r尸吗
[2026-02-22 01:01:29] 假如一切是虚幻:  @aprayll：真有房管拿自己当土皇帝了😮
[2026-02-22 01:01:29] D调淡蓝色眼眸: 收不到
[2026-02-22 01:01:29] 瓜辣瓜: 硬在哪
[2026-02-22 01:01:29] 杰洛齐贝林3: 收不到
[2026-02-22 01:01:29] Minatocc: @房管布罗利：刚刚刷的起劲的那几个，还能叫唤吗？
[2026-02-22 01:01:30] 起名la么难: @房管布罗利：刚刚刷的起劲的那几个，还能叫唤吗？
[2026-02-22 01:01:30] znnoy: @房管布罗利，要我上报联合国告诉全世界你能在6657封人吗？😂🤣
[2026-02-22 01:01:30] 玩坤坤丶Chicken: @房管布罗利：刚刚刷的起劲的那几个，还能叫唤吗？
[2026-02-22 01:01:30] Dartline: 仔细听…语气不对了…好像真快破了…🤭🤭
[2026-02-22 01:01:30] 盛丿世浮华: pv这个队真差点数值啊，上帝去绿龙真王朝了吧
[2026-02-22 01:01:30] 梓川不是辛川: @房管布罗利：刚刚刷的起劲的那几个，还能叫唤吗？
[2026-02-22 01:01:30] bsqqaq: @son_sun：感觉布罗利不如sonsun一半。。。封禁速度
[2026-02-22 01:01:30] zcyhymine: 没人觉得Niko进决赛却不夺冠也是在编maj0r尸吗
[2026-02-22 01:01:30] VorTexia: 抓娃娃查看活动〉
[2026-02-22 01:01:30] 不知名贝斯手: 真有房管替这头猪出头啊，上一个叫斤乃木的已经查无此人了
[2026-02-22 01:01:31] 独孤狗的尖叫: 硬脚在哪
[2026-02-22 01:01:31] 好哥们黑龙歼灭刀: @愣头青丷：真有房管拿自己当土皇帝了😮
[2026-02-22 01:01:31] Jaydontforgetme: 你把maj0r禁了 会有人去玩吗
[2026-02-22 01:01:31] 丶丶Ken丶丶: 玩机器现在5秒撇一眼弹幕 你们小心点
[2026-02-22 01:01:31] last玩神丶: 尸尸孖jor冠军🏆🏆🏆
[2026-02-22 01:01:31] 三无先森233: 清理🧊粉🧹 清理🧊粉🧹清理🧊粉🧹清理🧊粉🧹清理🧊粉🧹
[2026-02-22 01:01:32] 海绵宝宝dinner: 没人觉得Niko进决赛却不夺冠也是在编maj0r尸吗
[2026-02-22 01:01:32] 芝士雪豹郎: 真有房管拿自己当土皇帝了😮
[2026-02-22 01:01:32] 好哥们望月绫时: 真有房管拿自己当土皇帝了😮
[2026-02-22 01:01:32] 你敢看死蜜蜂就杀了你: @房管布罗利：刚刚刷的起劲的那几个，还能叫唤吗？
[2026-02-22 01:01:32] 玩斯特机机: 仔细听…语气不对了…好像真快破了…🤭🤭
[2026-02-22 01:01:33] 玩鸡器的毛毛: 真有房管拿自己当土皇帝了😮
[2026-02-22 01:01:33] 剑不合鞘丶心不容情: 没人觉得Niko进决赛却不夺冠也是在编maj0r尸吗
[2026-02-22 01:01:33] 笑川祥子: 没人觉得Niko进决赛却不夺冠也是在编maj0r尸吗
[2026-02-22 01:01:33] 玩机器B点在干啥: 没人觉得Niko进决赛却不夺冠也是在编maj0r尸吗
[2026-02-22 01:01:33] 贾宝玉倒拔垂杨柳66: 真有房管拿自己当土皇帝了😮
[2026-02-22 01:01:33] 胡椒胡椒胡椒胡椒胡椒: @房管银行业：刷屏业一样一样封封封也会封360'360'360'''
[2026-02-22 01:01:33] 爱吃芒果的大芒果: 没人觉得Niko进决赛却不夺冠也是在编maj0r尸吗
[2026-02-22 01:01:34] 哦可喜欢我: 难道没人觉得Niko很像罗哥吗？什么冠军都拿了就是没有最重要的那个😀
[2026-02-22 01:01:34] 玩小将本人: 没人觉得Niko进决赛却不夺冠也是在编maj0r尸吗
[2026-02-22 01:01:34] JULLLLYYYY: @粘母：听好了，我们可以输，可以赢，可以送，也可以猛，但是比分一定要粘，收到+①
[2026-02-22 01:01:34] LokiAka: 🎦当前房间为轮播内容，同样精彩哦～desuw@
[2026-02-22 01:01:34] 尼古拉刘亦博: 没人觉得Niko进决赛却不夺冠也是在编maj0r尸吗
[2026-02-22 01:01:34] 山河jek: 原来留肄播是留学生肄业直播吗  原来留肄播是留学生肄业直播吗  原来留肄播是留学生肄业直播吗
[2026-02-22 01:01:34] 王佰柒柒: 真有房管拿自己当土皇帝了😮
[2026-02-22 01:01:34] Dartline: @房管布罗利：刚刚刷的起劲的那几个，还能叫唤吗？
[2026-02-22 01:01:34] 冰棍晓夜: 真有房管拿自己当土皇帝了😮
[2026-02-22 01:01:34] xieri: 真有房管拿自己当土皇帝了😮
[2026-02-22 01:01:34] LvvsiN: 你这音画不同步太难受了，我都听到NIKO里约RMR晋级的欢呼了
[2026-02-22 01:01:34] 斗鱼用户3296811589: 真有房管拿自己当土皇帝了😮
[2026-02-22 01:01:35] 阿文射命丸文: 收不到
[2026-02-22 01:01:35] 信濃Sh1nano: @房管布罗利：刚刚刷的起劲的那几个，还能叫唤吗？
[2026-02-22 01:01:35] 玩斯特机机: 真有房管拿自己当土皇帝了😮
[2026-02-22 01:01:35] 滑稽博士135: 真有房管拿自己当土皇帝了😮
[2026-02-22 01:01:35] orzor2900: 没人觉得Niko进决赛却不夺冠也是在编maj0r尸吗
[2026-02-22 01:01:36] 很久以前Ty: 9-14真硬脚吗
[2026-02-22 01:01:36] 草莓冰酪: 真有房管替这头猪出头啊，上一个叫斤乃木的已经查无此人了
[2026-02-22 01:01:36] zin桀zera: 真有房管替这头猪出头啊，上一个叫斤乃木的已经查无此人了
[2026-02-22 01:01:36] 妖艳阿卡莎: @房管布罗利：刚刚刷的起劲的那几个，还能叫唤吗？
[2026-02-22 01:01:36] 奈何本无心: 真有房管替这头猪出头啊，上一个叫斤乃木的已经查无此人了
[2026-02-22 01:01:36] 玩机器你不看小蜜蜂: 硬在哪
[2026-02-22 01:01:37] 仙粉美滋滋: 没人觉得Niko进决赛却不夺冠也是在编maj0r尸吗
[2026-02-22 01:01:37] takakiyo: @房管布罗利：刚刚刷的起劲的那几个，还能叫唤吗？
[2026-02-22 01:01:37] 逆世之剑: 已加仓（玩机器推荐）
[2026-02-22 01:01:37] 窝法25年零分冠: @房管布罗利：刚刚刷的起劲的那几个，还能叫唤吗？
[2026-02-22 01:01:37] 久遠寺有珠Alice: 没人觉得Niko进决赛却不夺冠也是在编maj0r尸吗
[2026-02-22 01:01:37] 椎名真白ii丶: @房管布罗利：刚刚刷的起劲的那几个，还能叫唤吗？
[2026-02-22 01:01:38] 德鱼涩666: 没人觉得Niko进决赛却不夺冠也是在编maj0r尸吗
[2026-02-22 01:01:38] 玩口器Mouth: 真有房管拿自己当土皇帝了😮
[2026-02-22 01:01:38] kHRYSTAL77: 真有房管拿自己当土皇帝了😮
[2026-02-22 01:01:38] AAA达班物流坤猜: 没人觉得Niko进决赛却不夺冠也是在编maj0r尸吗
[2026-02-22 01:01:38] 徐弃安: @京介：什么叫该赢的局 对面纯E吗
[2026-02-22 01:01:38] L0ost: 没人觉得Niko进决赛却不夺冠也是在编maj0r尸吗
[2026-02-22 01:01:38] 喜欢玩机器被骂恋猪癖: 真有房管拿自己当土皇帝了😮
[2026-02-22 01:01:39] 好姐妹八幡海铃丶: 真有房管拿自己当土皇帝了😮
[2026-02-22 01:01:39] 爱吃鸡排丶: @房管布罗利：刚刚刷的起劲的那几个，还能叫唤吗？
[2026-02-22 01:01:39] 玩斯特机机: @son_sun：感觉布罗利不如sonsun一半。。。封禁速度
[2026-02-22 01:01:39] jsir6688: 真有房管拿自己当土皇帝了😮
[2026-02-22 01:01:39] 假如一切是虚幻: @房管布罗利：刚刚刷的起劲的那几个，还能叫唤吗？
[2026-02-22 01:01:39] 好哥们黑龙歼灭刀: @son_sun：感觉布罗利不如sonsun一半。。。封禁速度
[2026-02-22 01:01:39] Navi的niko本人: 🎦当前房间为轮播内容，同样精彩哦～desuw@
[2026-02-22 01:01:39] 高渐离丶丶丶: 真有房管拿自己当土皇帝了😮
[2026-02-22 01:01:40] 罗宾库爱吃原切薯片: 🎦当前房间为轮播内容，同样精彩哦～desuw@
[2026-02-22 01:01:40] 胡椒胡椒胡椒胡椒胡椒: @房管银行业：刷屏业一样一样封封封也会封360'360'360'''
[2026-02-22 01:01:40] 丹cin: 真有房管拿自己当土皇帝了😮
[2026-02-22 01:01:40] 莱恩lewis: 真有房管拿自己当土皇帝了😮
[2026-02-22 01:01:41] C7iyo: 真有房管拿自己当土皇帝了😮
[2026-02-22 01:01:41] 一拳打爆你魔丸: 真有房管拿自己当土皇帝了😮
[2026-02-22 01:01:41] 1泡泡壶茶1: @房管布罗利：刚刚刷的起劲的那几个，还能叫唤吗？
[2026-02-22 01:01:41] JULLLLYYYY: 真有房管拿自己当土皇帝了😮
[2026-02-22 01:01:41] 玩设备丶dev1ce: 真有房管拿自己当土皇帝了😮
[2026-02-22 01:01:41] 奇宋大掰: 没人觉得Niko进决赛却不夺冠也是在编maj0r尸吗
[2026-02-22 01:01:41] 冰封樱花: 没人觉得Niko进决赛却不夺冠也是在编maj0r尸吗
[2026-02-22 01:01:41] kjhhjki: 玩机器现在5秒撇一眼弹幕 你们小心点
[2026-02-22 01:01:42] 朱雀院椿x: @房管布罗利：刚刚刷的起劲的那几个，还能叫唤吗？
[2026-02-22 01:01:42] 雪碧的Donk本人: @房管布罗利：刚刚刷的起劲的那几个，还能叫唤吗？
[2026-02-22 01:01:42] 最后的尼孝: 真有房管拿自己当土皇帝了😮
[2026-02-22 01:01:42] 丨Connor: 真有房管拿自己当土皇帝了😮
[2026-02-22 01:01:42] Roside: 你们懂啥，Niko是为了提醒观众别再哦了才编的，这是高尚编，要搞清楚
[2026-02-22 01:01:42] takakiyo: 没人觉得Niko进决赛却不夺冠也是在编maj0r尸吗
[2026-02-22 01:01:42] 我傻了都466: 真有房管拿自己当土皇帝了😮
[2026-02-22 01:01:43] Gentleman汪鸿: @房管布罗利：刚刚刷的起劲的那几个，还能叫唤吗？
[2026-02-22 01:01:43] 声优主播a狗: 真有房管拿自己当土皇帝了😮
[2026-02-22 01:01:43] 天守阁信长: 真有房管拿自己当土皇帝了😮
[2026-02-22 01:01:43] 闸北第一solo: 优美
[2026-02-22 01:01:43] 素6666: 没人觉得Niko进决赛却不夺冠也是在编maj0r尸吗
[2026-02-22 01:01:43] TL的EliGE本人: 真有房管拿自己当土皇帝了😮
[2026-02-22 01:01:43] 爱吃芒果的大芒果: 没人觉得Niko进决赛却不夺冠也是在编maj0r尸吗
[2026-02-22 01:01:43] Dartline: 真有房管拿自己当土皇帝了😮
[2026-02-22 01:01:43] 玩机器的弟弟玩弟科: @房管布罗利：刚刚刷的起劲的那几个，还能叫唤吗？
[2026-02-22 01:01:44] bzhanshenshi: 已加仓（玩机器推荐）
[2026-02-22 01:01:44] 玩蛇鼠丶stabbi: @房管布罗利：刚刚刷的起劲的那几个，还能叫唤吗？
[2026-02-22 01:01:44] 九幽神雀v: 真有房管拿自己当土皇帝了😮
[2026-02-22 01:01:44] 康托尔74920:  @尼古拉刘亦博：没人觉得Niko进决赛却不夺冠也是在编maj0r尸吗
[2026-02-22 01:01:44] RiceShowerlk: @房管布罗利：刚刚刷的起劲的那几个，还能叫唤吗？
[2026-02-22 01:01:44] 终末地干员陈千语: @房管布罗利：刚刚刷的起劲的那几个，还能叫唤吗？
[2026-02-22 01:01:44] 宫城县的仙台本人: @房管布罗利：刚刚刷的起劲的那几个，还能叫唤吗？
[2026-02-22 01:01:45] 汤汤魔魔mmmmmmmmajor冠军: 真有房管拿自己当土皇帝了😮
[2026-02-22 01:01:45] 凝视深渊丶玩叽叽: @房管布罗利：刚刚刷的起劲的那几个，还能叫唤吗？
[2026-02-22 01:01:45] SekaiKamiki: 真有房管拿自己当土皇帝了😮
[2026-02-22 01:01:45] 叶樱梦: 没人觉得Niko进决赛却不夺冠也是在编maj0r尸吗
[2026-02-22 01:01:45] Vitality的Zyw0o本人: 没人觉得Niko进决赛却不夺冠也是在编maj0r尸吗
[2026-02-22 01:01:45] 爱上直女的三角初音: 　　　 真有房管拿自己当土皇帝了😮
[2026-02-22 01:01:46] 久遠寺有珠Alice: 没人觉得Niko进决赛却不夺冠也是在编maj0r尸吗
[2026-02-22 01:01:46] G2的MengLei本人: @房管布罗利：刚刚刷的起劲的那几个，还能叫唤吗？
[2026-02-22 01:01:46] 乐EE: 真有房管拿自己当土皇帝了😮
[2026-02-22 01:01:46] 秋风化扇99010: @房管布罗利：刚刚刷的起劲的那几个，还能叫唤吗？
[2026-02-22 01:01:46] 我嘴破了: 真有房管拿自己当土皇帝了😮
[2026-02-22 01:01:46] 黑色圣衣BAKA: @房管布罗利：刚刚刷的起劲的那几个，还能叫唤吗？
[2026-02-22 01:01:47] Oasis0917: 真有房管拿自己当土皇帝了😮
[2026-02-22 01:01:47] 残念aw: 没人觉得Niko进决赛却不夺冠也是在编maj0r尸吗
[2026-02-22 01:01:47] 我是一个医保卡: @京介：什么叫该赢的局 对面纯E吗
[2026-02-22 01:01:47] 搞盒蒜: @房管布罗利：刚刚刷的起劲的那几个，还能叫唤吗？
[2026-02-22 01:01:50] 爱被小泉吃的拉面同学: 真有房管拿自己当土皇帝了😮
[2026-02-22 01:01:50] 真的没排面: 10-13 图三了
[2026-02-22 01:01:50] 玩斯特机机: 玩机器现在5秒撇一眼弹幕 你们小心点
[2026-02-22 01:01:50] 新吉翁的奥黛丽本人: @房管布罗利：刚刚刷的起劲的那几个，还能叫唤吗？
[2026-02-22 01:01:50] 载物唯一GOAT: @房管布罗利：刚刚刷的起劲的那几个，还能叫唤吗？
[2026-02-22 01:01:50] 独孤狗的尖叫: 真有房管拿自己当土皇帝了😮
[2026-02-22 01:01:50] PKURoger: 真有房管拿自己当土皇帝了😮
[2026-02-22 01:01:50] 坏天气啊坏: 真有房管拿自己当土皇帝了😮
[2026-02-22 01:01:50] 企业级二刺螈: 　　　 没人觉得Niko进决赛却不夺冠也是在编maj0r尸吗
[2026-02-22 01:01:50] 祐天寺喵梦: 真有房管拿自己当土皇帝了😮
[2026-02-22 01:01:50] 夺云丶: @房管布罗利：刚刚刷的起劲的那几个，还能叫唤吗？
[2026-02-22 01:01:50] 弱智骚年欢乐多: 还在进决赛 虾哥一共也就进两次决赛
[2026-02-22 01:01:50] 6657的鸣上悠本人: @房管布罗利：刚刚刷的起劲的那几个，还能叫唤吗？
[2026-02-22 01:01:50] 狸仙人420: @房管布罗利：刚刚刷的起劲的那几个，还能叫唤吗？
[2026-02-22 01:01:50] 花果山前一棵树: 没人觉得Niko进决赛却不夺冠也是在编maj0r尸吗
[2026-02-22 01:01:50] Roside: 你们懂啥，Niko是为了提醒观众别再哦了才编的，这是高尚编，要搞清楚
[2026-02-22 01:01:50] 好哥们黑龙歼灭刀: @房管布罗利：刚刚刷的起劲的那几个，还能叫唤吗？
[2026-02-22 01:01:50] AHU的hooxi本人: @房管布罗利：刚刚刷的起劲的那几个，还能叫唤吗？
[2026-02-22 01:01:50] 偷哦嘘鞭贷拔: 没人觉得Niko进决赛却不夺冠也是在编maj0r尸吗
[2026-02-22 01:01:50] 好姐妹贝拉: 真有房管拿自己当土皇帝了😮
[2026-02-22 01:01:52] A1report: 没人觉得Niko进决赛却不夺冠也是在编maj0r尸吗
[2026-02-22 01:01:52] 玩斯特机机: 没人觉得Niko进决赛却不夺冠也是在编maj0r尸吗
[2026-02-22 01:01:52] 南执i: 真有房管拿自己当土皇帝了😮
[2026-02-22 01:01:52] 闸北第一solo: 优美cs
[2026-02-22 01:01:52] 我最喜欢玩机器: 凿⛏凿⛏凿⛏凿⛏凿⛏凿⛏凿⛏凿⛏凿⛏凿⛏凿⛏凿⛏凿⛏
[2026-02-22 01:01:52] 汤汤魔魔mmmmmmmmajor冠军: 真有房管拿自己当土皇帝了😮
[2026-02-22 01:01:52] 奇宋大掰: 没人觉得Niko进决赛却不夺冠也是在编maj0r尸吗
[2026-02-22 01:01:52] 晟世丶丶: 真有房管拿自己当土皇帝了😮
[2026-02-22 01:01:52] 撒浪嘿呦0v0: @房管布罗利：刚刚刷的起劲的那几个，还能叫唤吗？
[2026-02-22 01:01:52] 载物的艾7: 没人觉得Niko进决赛却不夺冠也是在编maj0r尸吗
[2026-02-22 01:01:52] Falcons的刘划墙本人: @房管布罗利：刚刚刷的起劲的那几个，还能叫唤吗？
[2026-02-22 01:01:52] SaberMax丶: 经典沾母环节
[2026-02-22 01:01:52] 夜刀神十香910: 主播主播，100t粘不住了，能去看最后一眼么？
[2026-02-22 01:01:52] 半个Jayden: 真有房管拿自己当土皇帝了😮
[2026-02-22 01:01:52] L0ost: 没人觉得Niko进决赛却不夺冠也是在编maj0r尸吗
[2026-02-22 01:01:52] 阿文射命丸文: @房管布罗利：刚刚刷的起劲的那几个，还能叫唤吗？
[2026-02-22 01:01:53] 我永远喜欢田井中律: 弹幕能不能刷点更鲍的？你们发这种弹幕我举报成功不了
[2026-02-22 01:01:53] 欧内的手丨好汉: 真有房管拿自己当土皇帝了😮
[2026-02-22 01:01:53] LvvsiN: 其实碗橱就是猪灵，你不拿黄金丢他他就不跟你说话
[2026-02-22 01:01:53] wedd1ddeJodd: @京介：什么叫该赢的局 对面纯E吗
[2026-02-22 01:01:53] 假如一切是虚幻: @房管布罗利：刚刚刷的起劲的那几个，还能叫唤吗？
[2026-02-22 01:01:53] Mathew__: 没人觉得Niko进决赛却不夺冠也是在编maj0r尸吗
[2026-02-22 01:01:53] TwistcC21: 真有房管拿自己当土皇帝了😮
[2026-02-22 01:01:54] 想和阿飞抹茶三披: 仔细听…语气不对了…好像真快破了…🤭🤭
[2026-02-22 01:01:54] 玩道歉丶44min: 玩乐队的姐姐们都到哪去了？现在的弹幕看得我好害怕😭
[2026-02-22 01:01:54] 炫迈冰暴口香糖: pari
[2026-02-22 01:01:54] 玩出给你一拳: 真有房管拿自己当土皇帝了😮
[2026-02-22 01:01:54] 羽丘的千早爱音本人: 真有房管拿自己当土皇帝了😮
[2026-02-22 01:01:55] 衰神177: @房管布罗利：刚刚刷的起劲的那几个，还能叫唤吗？
[2026-02-22 01:01:55] myGo的anon: nv
[2026-02-22 01:01:55] LvvsiN: @阿汤日记：一个人，5发子弹，保住格陵兰岛。我不会叫它不可能完成的任务，我现在只想先回家看亦博
[2026-02-22 01:01:55] 雾之湖的琪露诺本人: @房管布罗利：刚刚刷的起劲的那几个，还能叫唤吗？
