# room_id=6979222 host=玩机器丶Machine title=小众宝藏结晶直播 live_time= fetch_time=2026-02-21 23:45:46
[2026-02-22 01:12:02] 小蜜蜂的长期素食本人: 孝
[2026-02-22 01:12:02] 980974268: 决赛蒙古VSPV观赛贵宾2万
[2026-02-22 01:12:02] 玩老鼠丶Roxy: 数据
[2026-02-22 01:12:02] 普信且开摆: 嘘pv的主队都滚回家了现场哪有啊😄
[2026-02-22 01:12:02] sssllgaibs: niko挥刀向。。。
[2026-02-22 01:12:02] Furia的YEKINDER本人: 考
[2026-02-22 01:12:03] 尼古拉1设备1里茨: 正题吗
[2026-02-22 01:12:03] 龍仔ww: 考
[2026-02-22 01:12:03] oO怪盗Oo: 双倍不开吃大份去吧🖕😅🖕双倍不开吃大份去吧🖕
[2026-02-22 01:12:03] HastsuneMiku: @device：儿子！换台！是爹地！😎😎😎😎😎
[2026-02-22 01:12:03] 麦当劳在逃收银员: 毕竟蒙古也没什么胜算哈哈哈，直接预测小蜜蜂
[2026-02-22 01:12:03] 永不独行的红军: 喷不了，这是真詹皇
[2026-02-22 01:12:03] YCSUN1017: 孝
[2026-02-22 01:12:03] 鹿公爷: 考
[2026-02-22 01:12:03] 言斯特心心: 那niko挥刀向nota也算是
[2026-02-22 01:12:04] TieZhu丶: 爆
[2026-02-22 01:12:04] 淡然夏末的温存11: @唯爱老尼：谁想看这种二线队的赛后采访啊，赶紧看device啊
[2026-02-22 01:12:04] 出现又离开s: 孝
[2026-02-22 01:12:04] 大侠沈峰: 嘘pv的主队都滚回家了现场哪有啊😄
[2026-02-22 01:12:04] 佳伟的儿子阿尔萨斯: AW:上帝还需要我发狙吗😢😢😢😢
[2026-02-22 01:12:04] DogRa1nFans: 考
[2026-02-22 01:12:04] yinyao1231: 考
[2026-02-22 01:12:05] DonkSuke: 双倍不开吃大份去吧🖕😅🖕双倍不开吃大份去吧🖕
[2026-02-22 01:12:05] 迪奥雷: 那nota是强者吗
[2026-02-22 01:12:05] 好姐妹五更琉璃喵: 考
[2026-02-22 01:12:05] AAA达班物流坤猜: ？
[2026-02-22 01:12:05] 光芒的天空: 老詹：谁还不是个majorMVP了
[2026-02-22 01:12:05] 十王星南: 考
[2026-02-22 01:12:05] 信濃Sh1nano: 爆
[2026-02-22 01:12:05] A队的三角初音本人: 狂野，詹皇勇战
[2026-02-22 01:12:05] myGo的anon: 考
[2026-02-22 01:12:06] 麻辣轩香丶DK酱: 别杀虾哥😭😭别杀虾哥😂😂别杀虾哥😊😊别杀虾哥😆😆别杀虾哥🤣🤣
[2026-02-22 01:12:06] 海绵体宝宝左卫门儿: 反观有些人，只能对着尸体撒气.....
[2026-02-22 01:12:06] 用户4500726667: 谁挥刀向弱者了
[2026-02-22 01:12:06] 酒姑娘的小枫: 正题吗
[2026-02-22 01:12:06] 红滴露原素瓶: 爆
[2026-02-22 01:12:07] 水球碳酸饮料: 那尼尼挥刀向jame说明他也是强者啊
[2026-02-22 01:12:07] 用户3661578: 看老汤最后一眼吧😭😭😭
[2026-02-22 01:12:07] kyubit: 爆
[2026-02-22 01:12:07] 乱世浮沉ら: 考
[2026-02-22 01:12:07] 4Peace: 孝
[2026-02-22 01:12:07] 杰里科丶: 考
[2026-02-22 01:12:07] 唯一上帝Jame: 考
[2026-02-22 01:12:07] 缪尹阾: 玩大哥我现在更不喜欢cs了，你播给法国人、丹麦人和蒙古人看吧
[2026-02-22 01:12:07] 好哥们山上撤也: 反观挥刀向实体的****
[2026-02-22 01:12:08] 丶丶Ken丶丶: 考
[2026-02-22 01:12:08] V9rniy信賴: 把蜜蜂叫过来，把蜜蜂叫过来
[2026-02-22 01:12:08] 阿羞羞i: 考
[2026-02-22 01:12:08] 四眼呆猫xx: 孝
[2026-02-22 01:12:08] SKT的Faker本人: 考
[2026-02-22 01:12:08] suo不粗话: 考
[2026-02-22 01:12:08] 青蘖: 老爸到了
[2026-02-22 01:12:08] 心软成疾: 孝
[2026-02-22 01:12:09] 李小小与虾大大: 那谁向不会还手的尸体挥刀了呢
[2026-02-22 01:12:09] 小羽翼痕: 关键词：挥刀
[2026-02-22 01:12:09] eda778: 孝
[2026-02-22 01:12:09] DSirius小天狼星: jame：把小蜜蜂叫来
[2026-02-22 01:12:09] s坑华: 考
[2026-02-22 01:12:09] Cheem5: 考
[2026-02-22 01:12:10] 玩斯特出出6657: 考
[2026-02-22 01:12:10] 修理狗: 考
[2026-02-22 01:12:10] Cardinal665: 反观有些人，只能对着尸体撒气.....
[2026-02-22 01:12:10] 上船七年没谈过: 考
[2026-02-22 01:12:10] 中野家的三玖丈夫本人: 孝
[2026-02-22 01:12:10] StellarEchoes: 硬，强者就得想王者挥剑，决赛来场硬仗！
[2026-02-22 01:12:11] 身旁冷清拥挤丶: 考
[2026-02-22 01:12:11] 星海羽弦: 上帝要制裁蜜蜂了
[2026-02-22 01:12:11] 最喜欢妮姆芙: 爆
[2026-02-22 01:12:11] 最后一舞之一舞再舞: 考
[2026-02-22 01:12:11] 元気少女玩机器: 那谁挥刀向弱者了啊？
[2026-02-22 01:12:11] 海绵体宝宝左卫门儿: 反观有些人，只能对着尸体撒气.....
[2026-02-22 01:12:11] 牢大与直升机成功和解: 正题吗
[2026-02-22 01:12:12] 最初的闪耀: 狂野
[2026-02-22 01:12:12] 呵19553: 爆
[2026-02-22 01:12:12] 苦参醇: 爆
[2026-02-22 01:12:12] Crythic的羊宫妃那本人: 比挥刀向似人强
[2026-02-22 01:12:12] Wangzap: 鲍！鲍！鲍！鲍！鲍！鲍！鲍！鲍！鲍！鲍！鲍！鲍！鲍！鲍！
[2026-02-22 01:12:16] 莫情123: 立刻捡钱了
[2026-02-22 01:12:16] 田中口三才: 孝
[2026-02-22 01:12:16] cyding16: 有一个拿不到冠军的粉丝给别的队扣冠军粉帽子
[2026-02-22 01:12:16] 血樱幽世: 你来了那要8比4了
[2026-02-22 01:12:16] IM澳白: 爆
[2026-02-22 01:12:16] sarbest: 考
[2026-02-22 01:12:16] suo不粗话: 正题么
[2026-02-22 01:12:16] 十点差49分: 考
[2026-02-22 01:12:16] VR的灰泽螨本人: 考
[2026-02-22 01:12:16] NatsuROSE: 小福星
[2026-02-22 01:12:16] others的御樱稟本人: 考
[2026-02-22 01:12:16] 送不起火箭我送张办卡: 反观有些人，只能对着尸体撒气.....
[2026-02-22 01:12:16] Vurtne: 开孝
[2026-02-22 01:12:16] dfed5: 考
[2026-02-22 01:12:16] 龍EVOLOVE龍: 老霸道了
[2026-02-22 01:12:16] L0ost: 谁挥刀向弱者了呢
[2026-02-22 01:12:16] jamesfaith23: 孝
[2026-02-22 01:12:16] gandalfr614: 考
[2026-02-22 01:12:16] LvvsiN: @阿汤日记：一个人，5发子弹，保住格陵兰岛。我不会叫它不可能完成的任务，我现在只想先回家看亦博
[2026-02-22 01:12:16] 丶小恐龙丶: 考
[2026-02-22 01:12:16] 猫心碎会失去几条命: ㊽布罗利㊽布罗利㊽布罗利㊽布罗利㊽布罗利㊽布罗利㊽布罗利㊽布罗利㊽布罗利㊽布罗利㊽布罗利㊽布罗利㊽
[2026-02-22 01:12:16] 虎皮奶酪: 挥刀吗
[2026-02-22 01:12:16] 你给我灰来: 正题吗  考
[2026-02-22 01:12:16] 阿文射命丸文: 鲍了
[2026-02-22 01:12:16] 好的好的阖家: 老爸倒了
[2026-02-22 01:12:16] 困惑地熊猫: 狂野
[2026-02-22 01:12:16] 凝视深渊丶玩叽叽: 狂野
[2026-02-22 01:12:16] 尼尼孩孩京京驴驴: 爆
[2026-02-22 01:12:16] 玉米卧槽: 为什么《爆 了》是屏蔽词，爆不是屏蔽词，你是不是疯了？
[2026-02-22 01:12:17] LvvsiN: 弹幕也就网上说说，现实里谁不觉得樱姐是好女孩（删括号领一条远坂凛同款鸟笼）
[2026-02-22 01:12:17] 用户7123010964: 看数据
[2026-02-22 01:12:17] 子夜丷花开: @jame：关注jame视频号，我将发布对阵falcons比赛的POV分析！
[2026-02-22 01:12:17] Aabv8877: 经典图三遗迹
[2026-02-22 01:12:17] 妈妈妈妈妈呀: 那谁向不会还手的尸体挥刀了呢
[2026-02-22 01:12:17] crychic的tomori本人: 关键词：挥刀
[2026-02-22 01:12:17] 桂林米粉比较好吃: 原来niko昨天也是在找强者打
[2026-02-22 01:12:17] mujica的长崎素世本人: 快意，詹皇赢战
[2026-02-22 01:12:18] 普信且开摆: 考
[2026-02-22 01:12:18] 龍EVOLOVE龍: 老霸道了
[2026-02-22 01:12:18] 好姐妹稗田阿求: 那谁挥刀向弱者了啊？
[2026-02-22 01:12:18] 林有为丶: 比挥刀向似人强
[2026-02-22 01:12:18] 用户87594568: 真正赚钱的东西你当吃了
[2026-02-22 01:12:19] LvvsiN: 你为什么要把mαjor禁了，我收藏的一半弹幕全毁了
[2026-02-22 01:12:19] 姓黄小名肥仔: @niko：强者就挥刀向更强者，说完一刀往nota尸体上挥去🤭
[2026-02-22 01:12:19] 旧城乀873: 4-9
[2026-02-22 01:12:19] 7不懂8不懂: 想孝就孝吧
[2026-02-22 01:12:19] 啦啦啦唱歌真好听呀: 反观有些人，只能对着尸体撒气.....
[2026-02-22 01:12:20] SideChannel: 考
[2026-02-22 01:12:20] Mam1ka: 急死了
[2026-02-22 01:12:20] 信濃Sh1nano: ？
[2026-02-22 01:12:20] RAS的Layer本人: 考
[2026-02-22 01:12:20] Sereinily: ㊽布罗利㊽布罗利㊽布罗利㊽布罗利㊽布罗利㊽布罗利㊽布罗利㊽布罗利㊽布罗利㊽布罗利㊽布罗利㊽布罗利㊽
[2026-02-22 01:12:20] 卧看星河尽意明丶: 太刻晴了
[2026-02-22 01:12:20] 天残少女王朗: 反观有些人，只能对着尸体撒气.....
[2026-02-22 01:12:21] 丛念39090: 超大级爆！超大级爆！超大级爆！超大级爆！超大级爆！超大级爆！
[2026-02-22 01:12:21] 狂野银幕长崎素世: 老爸到了
[2026-02-22 01:12:21] 玩刘农device: 小福星来了
[2026-02-22 01:12:21] swagger5748: 赶紧进入正题我还以为是回放PV猎鹰呢
[2026-02-22 01:12:21] 玩神的欢喜好有嚼劲: ㊽布罗利㊽布罗利㊽布罗利㊽布罗利㊽布罗利㊽布罗利㊽布罗利㊽布罗利㊽布罗利㊽布罗利㊽布罗利㊽布罗利㊽
[2026-02-22 01:12:21] 最后波纹: @HooXi：Rain我教你，你就一直发狙发英雄ak给Dev1ce，发到他都受不了自己有多菜就退队了
[2026-02-22 01:12:22] 用户2381770840: 狂也，詹皇勇战
[2026-02-22 01:12:22] 箫声人mmmm: 玩机器的房管就像大专的学生会玩机器的房管就像大专的学生会玩机器的房管就像大专的学生会玩机器的房管就像
[2026-02-22 01:12:22] 独孤残梦小梦: 载物vs上帝=透视脚本比拼
[2026-02-22 01:12:22] 正经猪头肉: ？
[2026-02-22 01:12:22] 岛田王师傅: ？
[2026-02-22 01:12:22] C7iyo: ？
[2026-02-22 01:12:23] Airuuuu: 有没有挥刀向弱者的人
[2026-02-22 01:12:23] C4LLM3L1UN0NG: 那到底是谁挥刀向弱者了
[2026-02-22 01:12:23] 何必迷恋红尘: 小孩强者挥刀向jame
[2026-02-22 01:12:23] 龍仔ww: ？
[2026-02-22 01:12:24] znnoy: 玩机器的沉默要辩证的看待，冷暴力千早爱音是驱逐二次元，无视布罗利节奏是默许房管发威
[2026-02-22 01:12:24] User5092: @rain：刘农赶紧给你晦气儿子撵走😅😅😅
[2026-02-22 01:12:24] 正直的鸡哥: 太同步了
[2026-02-22 01:12:24] TheMongolZ的上单本人: 考
[2026-02-22 01:12:24] Tao7Ge: ?
[2026-02-22 01:12:24] 李小小与虾大大: ？
[2026-02-22 01:12:25] 玩斯特出出6657: ？
[2026-02-22 01:12:25] 玉蜀黍巧克力: ？
[2026-02-22 01:12:25] 浅笑醉流年19874: ？？
[2026-02-22 01:12:25] 队内潜在明星哥: niko确实挥刀向更强者了
[2026-02-22 01:12:25] Sereinily: 比挥刀向似人强
[2026-02-22 01:12:25] stonezyx: 这sirah咋一看以为是鼠呢
[2026-02-22 01:12:25] 秋茶小雪: ？？？？
[2026-02-22 01:12:25] 正经猪头肉: ？？？
[2026-02-22 01:12:25] 门子侃: ？
[2026-02-22 01:12:26] SekaiKamiki: ？
[2026-02-22 01:12:26] 子非FFish: ?
[2026-02-22 01:12:26] 最后波纹: @HooXi：Rain我教你，你就一直发狙发英雄ak给Dev1ce，发到他都受不了自己有多菜就退队了
[2026-02-22 01:12:26] 朔月02: ？
[2026-02-22 01:12:26] HCS118: ？
[2026-02-22 01:12:26] Ralmnstr: ？
[2026-02-22 01:12:26] 0guriCap: 这比赛也太没意思了吧，又没有新东西
[2026-02-22 01:12:26] 静寂风: ？？
[2026-02-22 01:12:26] SuperSword81317: ？
[2026-02-22 01:12:27] 传统peek高手XANTARES: ？
[2026-02-22 01:12:27] 鲜血与暗影铸造的家伙: ？？？
[2026-02-22 01:12:27] 热心好邻居: ？
[2026-02-22 01:12:27] 好姐妹五更琉璃喵: ？
[2026-02-22 01:12:27] 我是真想给玩神当二台: ？？？
[2026-02-22 01:12:27] 宇莓: 原来是挥刀向强者吗，我还以为是哦嘘扁弱者呢
[2026-02-22 01:12:27] Lindasa: ？
[2026-02-22 01:12:27] 旭旭宝宝18cm: ？？？
[2026-02-22 01:12:27] greexeen: bb:终于顶到玩机器回防了
[2026-02-22 01:12:27] 尼古拉刘亦博: ?
[2026-02-22 01:12:28] SKT的Faker本人: 4杠9谁家玩父
[2026-02-22 01:12:28] 無茶苦茶0: 强者挥刀向更强者，niko挥刀向尸t
[2026-02-22 01:12:28] 玉米卧槽: 为什么《爆 了》是屏蔽词，《爆》不是屏蔽词，你是不是疯了？
[2026-02-22 01:12:28] 九折水瓶丶: 太同步了
[2026-02-22 01:12:28] 猫心碎会失去几条命: ㊽布罗利㊽布罗利㊽布罗利㊽布罗利㊽布罗利㊽布罗利㊽布罗利㊽布罗利㊽布罗利㊽布罗利㊽布罗利㊽布罗利㊽
[2026-02-22 01:12:28] 好姐妹冰川姐妹: ？？？
[2026-02-22 01:12:29] 箫声人mmmm: 玩机器的房管就像大专的学生会玩机器的房管就像大专的学生会玩机器的房管就像大专的学生会玩机器的房管就像
[2026-02-22 01:12:29] znnoy: 玩机器的沉默要辩证的看待，冷暴力千早爱音是驱逐二次元，无视布罗利节奏是默许房管发威
[2026-02-22 01:12:29] 石家庄的宠物男孩: ？
[2026-02-22 01:12:29] 一条无梦鱼: 太同步了
[2026-02-22 01:12:29] 爱洛魔神仙台叶月: 太同步了
[2026-02-22 01:12:29] 爱斯忑音音: 哲伟：开年三赛事进两次决赛，已拿一冠🏆 🐕 洞：进0此决赛
[2026-02-22 01:12:29] 量子毁灭717: 强者挑战强者，弱者辨识粉丝
[2026-02-22 01:12:30] 身旁冷清拥挤丶: ？
[2026-02-22 01:12:30] 四眼呆猫xx: 音画好同步啊
[2026-02-22 01:12:30] 用户53477423: 谁在开枪
[2026-02-22 01:12:30] 糖嗜综合征: ？
[2026-02-22 01:12:30] RabbitRay: 阳光
[2026-02-22 01:12:30] 杰里科丶: 考
[2026-02-22 01:12:30] jamesfaith23: ？
[2026-02-22 01:12:31] 1巴图鲁: 抓娃娃
[2026-02-22 01:12:31] 剑指队: 他们要来了🥶🥶🥶🥶🥶🥶🥶🥶🥶🥶
[2026-02-22 01:12:31] eda778: 刻晴
[2026-02-22 01:12:31] 玩石头Tomorin: niko确实挥刀向更强者了
[2026-02-22 01:12:31] 猫心碎会失去几条命: ㊽布罗利㊽布罗利㊽布罗利㊽布罗利㊽布罗利㊽布罗利㊽布罗利㊽布罗利㊽布罗利㊽布罗利㊽布罗利㊽布罗利
[2026-02-22 01:12:31] Milkshakechs: 汤汤鼠鼠
[2026-02-22 01:12:32] 什井蛋: ？
[2026-02-22 01:12:32] 大富翁2015: 比挥刀向似人强
[2026-02-22 01:12:32] 用户3661578: 老汤又坑我雨神😓
[2026-02-22 01:12:32] vannnmb: ？？？？？
[2026-02-22 01:12:33] 箫声人mmmm: 玩机器的房管就像大专的学生会玩机器的房管就像大专的学生会玩机器的房管就像大专的学生会玩机器的房管就像
[2026-02-22 01:12:33] 用户1330979385: 孝
[2026-02-22 01:12:33] 6657的马嘉祺本人: 父子双架
[2026-02-22 01:12:33] bsqqaq: 河意味
[2026-02-22 01:12:34] 祐天寺喵梦: 玩机器的沉默要辩证的看待，冷暴力千早爱音是驱逐二次元，无视布罗利节奏是默许房管发威
[2026-02-22 01:12:34] 青蘖: 今天的重点（4-9）
[2026-02-22 01:12:34] znnoy: 玩机器的房管就像大专的学生会玩机器的房管就像大专的学生会玩机器的房管就像大专的学生会玩机器的房管就像
[2026-02-22 01:12:34] 困惑地熊猫: 比挥刀向似人强
[2026-02-22 01:12:34] 爱音铁板双架冒充素世: 怎么每场比赛都重新定义猎鹰强度？这个队输很多吗？
[2026-02-22 01:12:34] 白河日和: 怎么还有枪
[2026-02-22 01:12:35] 半岛铁禾Amani: jame赛前鹿是不是说明赛后握手的时候沾到对手手上了
[2026-02-22 01:12:35] 小蜜蜂的长期素食本人: 阳光
[2026-02-22 01:12:35] 玩刘农device: 阴暗
[2026-02-22 01:12:35] LvvsiN: 你这音画不同步太难受了，我都听到NIKO里约RMR晋级的欢呼了
[2026-02-22 01:12:35] 贰壹壹壹: 音画好同步啊
[2026-02-22 01:12:35] PKURoger: @rain：刘农赶紧给你晦气儿子撵走😅😅😅
[2026-02-22 01:12:36] QC很牛很强大: @device：终于拖到儿子回防了
[2026-02-22 01:12:36] 用户3853464680: 强者挥刀向更强者，niko挥刀向尸t
[2026-02-22 01:12:36] 正经猪头肉: ropz来搜了
[2026-02-22 01:12:36] ilume: 比挥刀向似人强
[2026-02-22 01:12:36] C4LLM3L1UN0NG: niko确实挥刀向更强者了
[2026-02-22 01:12:36] xOcOg: 【格陵兰战报】目前大东指挥6回合，设备指挥5回合，大东指挥设备送9次，设备拿下关键击杀4个
[2026-02-22 01:12:36] 比老六强一点: bb:终于顶到玩机器回防了
[2026-02-22 01:12:36] 世一公主殿下雕音未来: 巩固下爱汤人设
[2026-02-22 01:12:36] 玩斯特出出6657: 音画好同步啊
[2026-02-22 01:12:37] 青蘖: 今天的重点（4-9）
[2026-02-22 01:12:37] LvvsiN: 玩宝宝，我发现在大学上学的时候肄业会很舒服，你可以试试
[2026-02-22 01:12:37] 咕宝真可爱: 老霸道了
[2026-02-22 01:12:37] wuyanblabla: 孝
[2026-02-22 01:12:38] 爱洛魔神仙台叶月: 今天的重点（4-9）
[2026-02-22 01:12:38] 爱被小泉吃的拉面同学: 强者挑战强者，弱者辨识粉丝
[2026-02-22 01:12:38] HastsuneMiku: 阳光
[2026-02-22 01:12:38] 青山锁欲锁不住你: 比挥刀向似人强
[2026-02-22 01:12:38] valorant玩机器: 詹姆来搜了
[2026-02-22 01:12:38] 枕边有个二次元: 学到了
[2026-02-22 01:12:38] s坑华: 老汤又坑我雨神😓
[2026-02-22 01:12:38] vgcyt: 强者挥刀向更强者，niko挥刀向尸t
[2026-02-22 01:12:39] GanadoLluviA: 比挥刀向似人强
[2026-02-22 01:12:39] 爱钱初号机: 老汤又坑我雨神😓
[2026-02-22 01:12:39] 星星星罗: PV要是冠军，猎鹰就是亚军了啊！
[2026-02-22 01:12:39] 本间芽衣子ya: 太同步了
[2026-02-22 01:12:39] 好姐妹冰川姐妹: 音画好同步啊
[2026-02-22 01:12:39] gggaligeigei: 比挥刀向似人强
[2026-02-22 01:12:39] 岛田王师傅: 比挥刀向似人强
[2026-02-22 01:12:39] YEKINDAR: @niko：强者就挥刀向更强者，说完一刀往nota尸体上挥去🤭
[2026-02-22 01:12:39] suo不粗话: 阳光
[2026-02-22 01:12:39] -Lycoris: 比挥刀向似人强
[2026-02-22 01:12:40] 田中口三才: 音画好同步啊
[2026-02-22 01:12:40] 香港分社记者: 今天的重点（4-9）
[2026-02-22 01:12:40] 魔法少女若叶睦: @rain：刘农赶紧给你晦气儿子撵走😅😅😅
[2026-02-22 01:12:40] YCSUN1017: ropz来搜了
[2026-02-22 01:12:40] 宫监手放监: 阳光
[2026-02-22 01:12:40] Killajoy: 阴监
[2026-02-22 01:12:42] 帕金森患者Z: 比挥刀向似人强
[2026-02-22 01:12:42] Avem1337: ropz来搜了
[2026-02-22 01:12:42] 寻血猎犬0V0: ropz来搜了
[2026-02-22 01:12:42] 千早爱斯特音音: 会提前开吗？
[2026-02-22 01:12:42] 青蘖: 今天的重点（4-9）
[2026-02-22 01:12:42] 好姐妹清道夫: 比挥刀向似人强
[2026-02-22 01:12:42] 用户9527丶: 考
[2026-02-22 01:12:42] al9527: 老霸道了
[2026-02-22 01:12:42] AT丨T: 比挥刀向似人强
[2026-02-22 01:12:42] 寂静世界876: ㊽布罗利㊽布罗利㊽布罗利㊽布罗利㊽布罗利㊽布罗利㊽布罗利㊽布罗利㊽布罗利㊽布罗利㊽布罗利㊽布罗利
[2026-02-22 01:12:42] 北宇治拳王久石奏: 嘿嘿嘿
[2026-02-22 01:12:42] 好哥们黑龙歼灭刀: 玩机器的房管就像大专的学生会玩机器的房管就像大专的学生会玩机器的房管就像大专的学生会玩机器的房管就像
[2026-02-22 01:12:42] bzhanshenshi: ropz来搜了
[2026-02-22 01:12:42] znnoy: 玩机器的房管就像大专的学生会玩机器的房管就像大专的学生会玩机器的房管就像大专的学生会玩机器的房管就像
[2026-02-22 01:12:42] 箫声人mmmm: 玩机器的房管就像大专的学生会玩机器的房管就像大专的学生会玩机器的房管就像大专的学生会玩机器的房管就像
[2026-02-22 01:12:42] 酒酒酒酒酒酒: 鼠
[2026-02-22 01:12:42] 帅帅的翅膀为你翱翔: 阳光
[2026-02-22 01:12:45] GF-of-GotohHitori、Kita: 今天的重点（4-9）
[2026-02-22 01:12:46] 未酲儿: 老汤又坑我雨神😓
[2026-02-22 01:12:46] 帕金森患者Z: 今天的重点（4-9）
[2026-02-22 01:12:46] 老师求带十费雷诺: 今天的重点（4-9）
[2026-02-22 01:12:46] zin桀zera: 强者挥刀向更强者，niko挥刀向尸t
[2026-02-22 01:12:46] 乱世浮沉ら: 抓娃娃
[2026-02-22 01:12:46] 血樱幽世: 比挥刀向似人强
[2026-02-22 01:12:46] 这下洗不清咯: ropz会搜吗
[2026-02-22 01:12:46] 奇宋大掰: ropz来搜了
[2026-02-22 01:12:46] 玩鸡器的咬人猫: 孝
[2026-02-22 01:12:46] 槑皆是遗憾: 今天的重点（4-9）
[2026-02-22 01:12:46] SpectacularBid: 玩机器的沉默要辩证的看待，冷暴力千早爱音是驱逐二次元，无视布罗利节奏是默许房管发威
[2026-02-22 01:12:46] 犭火夕卜其斤: mvp挥刀向evp
[2026-02-22 01:12:46] 衰神177: 比挥刀向似人强
[2026-02-22 01:12:46] 玩猫娘、planecup: 比挥刀向似人强
[2026-02-22 01:12:46] 6657的蛇喰梦子本人: 阴 监
[2026-02-22 01:12:46] 鹿公爷: 阳光
[2026-02-22 01:12:46] 和聯勝话事人邓伯: 哲伟：开年三赛事进两次决赛，已拿一冠🏆 🐕 洞：进0此决赛
[2026-02-22 01:12:46] 桃夭偶尔的神: 比挥刀向似人强
[2026-02-22 01:12:46] 大仙蛇头: 巩固下爱汤人设
[2026-02-22 01:12:46] hxyvraf: 比挥刀向似人强
[2026-02-22 01:12:46] 天魔外道y: @niko：强者就挥刀向更强者，说完一刀往nota尸体上挥去🤭
[2026-02-22 01:12:46] 跳跃的司令官: 比挥刀向似人强
[2026-02-22 01:12:46] takakiyo: 不是说禁止攻击选手家人吗，怎么还有人攻击device的儿子？😓
[2026-02-22 01:12:46] 鸭硕的哈撒给: 比挥刀向似人强
[2026-02-22 01:12:46] i夏目蓝: 比挥刀向似人强
[2026-02-22 01:12:46] 旧城乀873: 强者挥刀向更强者，niko挥刀向尸t
[2026-02-22 01:12:46] 再也不熬夜了喵: 音画好同步啊
[2026-02-22 01:12:46] 魔法少女若叶睦: @niko：强者就挥刀向更强者，说完一刀往nota尸体上挥去🤭
[2026-02-22 01:12:49] 大家要幸福呀: 比挥刀向似人强
[2026-02-22 01:12:49] 冷淡ld: 比挥刀向似人强
[2026-02-22 01:12:49] 丿炮炮丶: 谁在说话
[2026-02-22 01:12:49] 猫愛薛定谔: 比挥刀向似人强
[2026-02-22 01:12:49] 衰神177: 比挥刀向似人强
[2026-02-22 01:12:49] device也该多接一个的: @niko：强者就挥刀向更强者，说完一刀往nota尸体上挥去🤭
[2026-02-22 01:12:49] Q1ed7f9c85b3bc7571: 谁在说话
[2026-02-22 01:12:49] 宇莓: 今天的重点（4-9）
[2026-02-22 01:12:49] 蓝鲸少年与小巷: 今天的重点（4-9）
[2026-02-22 01:12:49] PKURoger: @niko：强者就挥刀向更强者，说完一刀往nota尸体上挥去🤭
[2026-02-22 01:12:49] 井芹桃香: 巩固下爱汤人设
[2026-02-22 01:12:49] 用户53477423: 比挥刀向似人强
[2026-02-22 01:12:49] C0C00N:  @YEKINDAR：@niko：强者就挥刀向更强者，说完一刀往nota尸体上挥去🤭
[2026-02-22 01:12:49] 姓黄小名肥仔: @niko：强者就挥刀向更强者！说完就一刀往nota尸体上挥去🤭
[2026-02-22 01:12:49] 蓝原延渚: 今天的重点（4-9）
[2026-02-22 01:12:49] 宫原雪岳: @device：终于拖到儿子回防了
[2026-02-22 01:12:49] 我木JJ怕个锤子: 比挥刀向似人强
[2026-02-22 01:12:49] 千百度897: 巩固下爱汤人设
[2026-02-22 01:12:49] 我是一个医保卡: 今天的重点（4-9）
[2026-02-22 01:12:49] 玩斯特出出6657: 音画好同步啊
[2026-02-22 01:12:49] C4LLM3L1UN0NG: @niko：强者就挥刀向更强者，说完一刀往nota尸体上挥去🤭
[2026-02-22 01:12:49] 用户7123010964: 看啥剧
[2026-02-22 01:12:49] 绘梨衣啊啊啊i: PV要是冠军，猎鹰就是亚军了啊！
[2026-02-22 01:12:49] 承認欲求: 比挥刀向似人强
[2026-02-22 01:12:49] RRReo1: 有我这种狙击手你几点回家
[2026-02-22 01:12:49] 鹿公爷: mvp挥刀向evp
[2026-02-22 01:12:49] 宇莓: 原来是挥刀向强者吗，我还以为是哦嘘扁弱者呢
[2026-02-22 01:12:50] 粥粥是个好妈妈: 比挥刀向似人强
[2026-02-22 01:12:50] 小蜜蜂的长期素食本人: 比挥刀向似人强
[2026-02-22 01:12:50] 爱吃芒果的大芒果: 比挥刀向似人强
[2026-02-22 01:12:50] 让风告诉你h: 比挥刀向似人强
[2026-02-22 01:12:50] 感到快乐你就开开箱: 今天的重点（4-9）
[2026-02-22 01:12:50] 玩神的欢喜好有嚼劲: 玩机器的沉默要辩证的看待，冷暴力千早爱音是驱逐二次元，无视布罗利节奏是默许房管发威
[2026-02-22 01:12:50] 红色有角三倍速的夏亚: 强者挥刀向更强者，niko挥刀向尸t
[2026-02-22 01:12:51] oOM18HellcatOo: 比挥刀向似人强
[2026-02-22 01:12:51] 可苦可乐GRA: 阳光大男孩位
[2026-02-22 01:12:51] 比比暗暗: 强者挥刀向更强者，niko挥刀向尸t
[2026-02-22 01:12:51] 深巷里的少年与猫丿: 比挥刀向似人强
[2026-02-22 01:12:51] jack368242: PV要是冠军，猎鹰就是亚军了啊！
[2026-02-22 01:12:51] 玩大狙、dev1cy: 比挥刀向似人强
[2026-02-22 01:12:51] LettingItGO: @dev1ce：儿子，老爸终于撑到你来了
[2026-02-22 01:12:51] 啦啦啦唱歌真好听呀: 比挥刀向似人强
[2026-02-22 01:12:52] 想和阿飞抹茶三披: 又召唤老爸给自己遮风挡雨了…可怜天下父母心 😥😥
[2026-02-22 01:12:52] 小明XMing: 比挥刀向似人强
[2026-02-22 01:12:52] 用户4652451607: 比挥刀向似人强
[2026-02-22 01:12:52] 衰神177: 比挥刀向似人强
[2026-02-22 01:12:52] 李小小与虾大大: @Jame：玩大哥我又赢了，你看到了😁  @玩机器；好吵啊窝趣
[2026-02-22 01:12:52] 踩马灯: pv应该19柏林剧本了啊有感觉吗
[2026-02-22 01:12:52] 柿子yo0: 小福星
[2026-02-22 01:12:52] zin桀zera: 比挥刀向似人强
[2026-02-22 01:12:52] last玩神丶: 我知道一个挥刀向粉丝尸体的
[2026-02-22 01:12:53] 猎魔人莫德凯撒: 老汤又坑我雨神
[2026-02-22 01:12:53] oO怪盗Oo: 🧔gla1ve🏆🏆🏆🏆🐷▜▜▙（玩机器)
[2026-02-22 01:12:53] 好男孩zont1x: 比挥刀向似人强
[2026-02-22 01:12:53] 龍仔ww: 比挥刀向似人强
[2026-02-22 01:12:53] 迷你世界丁真学姐1: 今天的重点（4-9）
[2026-02-22 01:12:54] RGsdfbf: 比挥刀向似人强
[2026-02-22 01:12:54] 旭旭宝宝18cm: 巩固下爱汤人设
[2026-02-22 01:12:54] 用户4492231163: 帅啊老汤这定妆照
[2026-02-22 01:12:54] 玉米卧槽: @niko：强者就挥刀向更强者，说完一刀往nota尸体上挥去🤭
[2026-02-22 01:12:54] 我不听的灬: 谁挥刀向弱者了呢？谁挥刀向弱者了呢？？
[2026-02-22 01:12:54] 虎皮奶酪: @niko：强者就挥刀向更强者，说完一刀往nota尸体上挥去🤭
[2026-02-22 01:12:54] 刘刘的农: 巩固下爱汤人设
[2026-02-22 01:12:54] 用户9542225444: 抓娃娃
[2026-02-22 01:12:54] 撒浪嘿呦0v0: 比挥刀向似人强
[2026-02-22 01:12:55] 雾雨魔理沙ZE: @niko：强者就挥刀向更强者，说完一刀往nota尸体上挥去🤭
[2026-02-22 01:12:55] 1783078717: 比挥刀向似人强
[2026-02-22 01:12:55] 丶丶Ken丶丶: 比挥刀向似人强
[2026-02-22 01:12:55] 沈康佺: 今天的重点（4-9）
[2026-02-22 01:12:55] LvvsiN: @阿汤日记：一个人，5发子弹，保住格陵兰岛。我不会叫它不可能完成的任务，我现在只想先回家看亦博
[2026-02-22 01:12:55] 咸鱼红茶: PV要是冠军，猎鹰就是亚军了啊！
[2026-02-22 01:12:55] 本质软糯Sakiko: PV要是冠军，猎鹰就是亚军了啊！
[2026-02-22 01:12:56] 闲人没了: 比挥刀向似人强
[2026-02-22 01:12:56] p梅狸猫q: 哲伟：开年三赛事进两次决赛，已拿一冠🏆 🐕 洞：进0此决赛
[2026-02-22 01:12:56] 枫川翔梓: 弹幕别编了，怎么会有人挥刀向尸体呢
[2026-02-22 01:12:56] 衰神177: 比挥刀向似人强
[2026-02-22 01:12:56] Sereinily: 比挥刀向似人强
[2026-02-22 01:12:56] 踩马灯: pv应该19柏林剧本了啊有感觉吗
[2026-02-22 01:12:56] 丹cin: 比挥刀向似人强
[2026-02-22 01:12:57] 马楼King张三: 比挥刀向似人强
[2026-02-22 01:12:57] 困惑地熊猫: 比挥刀向似人强
[2026-02-22 01:12:57] 水球碳酸饮料: 那尼尼挥刀向jame说明他也是强者啊
[2026-02-22 01:12:57] 旭旭宝宝18cm: 巩固下爱汤人设
[2026-02-22 01:12:57] 薯薯在孩孩洞洞刘农: 比挥刀向似人强
[2026-02-22 01:12:57] LvvsiN: 南孚一节更比六节强，也就是一节南孚比六节南孚强，六节南孚比三十六节强，三十六节比二百一十六节强
[2026-02-22 01:12:58] AfterSh0ck: 能不能让右边那几个B闭嘴
[2026-02-22 01:12:58] 卧看星河尽意明丶: 比挥刀向似人强
[2026-02-22 01:12:58] 棍神南极服登顶: @niko：强者就挥刀向更强者！说完就一刀往nota尸体上挥去🤭
[2026-02-22 01:12:58] 娶不到相羽爱奈: 今天的重点（4-9）
[2026-02-22 01:12:58] AL丶龙炎风: 比挥刀向似人强
[2026-02-22 01:12:58] 衰神177: 比挥刀向似人强
[2026-02-22 01:12:58] 求奶lzx考不上华南师范: 玩机器的沉默要辩证的看待，冷暴力千早爱音是驱逐二次元，无视布罗利节奏是默许房管发威
[2026-02-22 01:12:59] 姓黄小名肥仔: @niko：强者就挥刀向更强者！说完就一刀往nota尸体上挥去🤭
[2026-02-22 01:12:59] oO怪盗Oo: 🧔device🏆🏆🏆🏆🐷▜▜▙（玩机器）
[2026-02-22 01:12:59] xOcOg: 设备：孩子，累了想下播就索敌攻击你监爹的弹幕，想净化弹幕环境就看看我的比赛
[2026-02-22 01:12:59] 局势不好转头就跑: 这人长的好像鼠啊
[2026-02-22 01:12:59] 香港分社记者: 4-9谁家老爸
[2026-02-22 01:12:59] 爱吃芒果的大芒果: 今天的重点（4-9）
[2026-02-22 01:12:59] 我在金龙湖边: @niko：强者就挥刀向更强者，说完一刀往nota尸体上挥去🤭
[2026-02-22 01:12:59] 普丽瓦蒂: 4-9
[2026-02-22 01:13:00] 四眼呆猫xx: 4-9
[2026-02-22 01:13:00] 踩马灯: pv应该19柏林剧本了啊有感觉吗
[2026-02-22 01:13:00] GanadoLluviA: 比挥刀向似人强
[2026-02-22 01:13:00] xjdnshxjdka: 今天的重点（4-9）
[2026-02-22 01:13:00] 用户30639588: 今天的重点（4-9）
[2026-02-22 01:13:00] 玩刘农device: 这ui整这么专业吗
[2026-02-22 01:13:00] 用户7123010964: @niko：强者就挥刀向更强者，说完一刀往nota尸体上挥去🤭
[2026-02-22 01:13:00] 老师的一号男仆: 比挥刀向似人强
[2026-02-22 01:13:01] 好哥们路飞: 比挥刀向似人强
[2026-02-22 01:13:01] 旭旭宝宝18cm: 巩固下爱汤人设
[2026-02-22 01:13:01] 落叶悠哉落: 强者挥刀向更强者，niko挥刀向尸t
[2026-02-22 01:13:01] 喜欢看愚人玩硬核: 比挥刀向似人强
[2026-02-22 01:13:01] PKURoger: 比挥刀向似人强
[2026-02-22 01:13:01] Wangzap: 今天的重点（4-9）
[2026-02-22 01:13:01] JOhNsoN兆: 比挥刀向似人强
[2026-02-22 01:13:01] 天守阁信长: 我知道一个挥刀向粉丝尸体的
[2026-02-22 01:13:02] 踩马灯: pv应该19柏林剧本了啊有感觉吗
[2026-02-22 01:13:02] 一条无梦鱼: 比挥刀向似人强
[2026-02-22 01:13:02] Sule99: @niko：强者就挥刀向更强者，说完一刀往nota尸体上挥去🤭
[2026-02-22 01:13:02] L0ost: 4-9
[2026-02-22 01:13:02] 和聯勝话事人邓伯: 哲伟：开年三赛事进两次决赛，已拿一冠🏆 🐕 洞：进0次决赛
[2026-02-22 01:13:03] 丿哈哈大笑: 比挥刀向似人强
[2026-02-22 01:13:03] SpectacularBid: @niko：强者就挥刀向更强者，说完一刀往nota尸体上挥去🤭
[2026-02-22 01:13:03] IM一条滇狗: 比挥刀向似人强
[2026-02-22 01:13:03] Dartline: 能不能让右边那几个B闭嘴
[2026-02-22 01:13:04] 用户0553661491: 比挥刀向似人强
[2026-02-22 01:13:04] 青蘖: @niko：强者就挥刀向更强者，说完一刀往nota尸体上挥去🤭
[2026-02-22 01:13:04] 12312312312dfsdfs: mvp是HLTV评的，哦是双向的，编是善意互动，黑niko的🧊粉收收味
[2026-02-22 01:13:05] 鹦侨侨侨侨: 好恐怖啊玩大哥，直播没人开枪我却听到枪声了
[2026-02-22 01:13:05] 好哥们黑龙歼灭刀: @niko：强者就挥刀向更强者！说完就一刀往nota尸体上挥去🤭
[2026-02-22 01:13:05] 祐天寺喵梦: 比挥刀向似人强
[2026-02-22 01:13:05] 星之所在Vitality: 比挥刀向似人强
[2026-02-22 01:13:05] wedd1ddeJodd: 今天的重点（4-9）
[2026-02-22 01:13:05] 0guriCap: 南孚一节更比六节强，也就是一节南孚比六节南孚强，六节南孚比三十六节强，三十六节比二百一十六节强
[2026-02-22 01:13:05] 清风105035: 比挥刀向似人强
[2026-02-22 01:13:05] 讽风有情: 比挥刀向似人强
[2026-02-22 01:13:05] 用户3257051689: 今天的重点（4-9）
[2026-02-22 01:13:06] djklyk: 比挥刀向似人强
[2026-02-22 01:13:06] Miyazo: 今天的重点（4-9）
[2026-02-22 01:13:06] 踩马灯: pv应该19柏林剧本了啊有感觉吗
[2026-02-22 01:13:06] 我在浙江改稻为桑: PV要是冠军，猎鹰就是亚军了啊！
[2026-02-22 01:13:06] 北徐: PV要是冠军，猎鹰就是亚军了啊！
[2026-02-22 01:13:06] AA0AA丶: 今天的重点（4-9）
[2026-02-22 01:13:06] 中野家的三玖丈夫本人: 南孚一节更比六节强，也就是一节南孚比六节南孚强，六节南孚比三十六节强，三十六节比二百一十六节强
[2026-02-22 01:13:07] 雾雨魔理沙ZE: @niko：强者就挥刀向更强者，说完一刀往nota尸体上挥去🤭
[2026-02-22 01:13:07] B1sh0p丶: PV要是冠军，猎鹰就是亚军了啊！
[2026-02-22 01:13:07] MSK枫: PV要是冠军，猎鹰就是亚军了啊！
[2026-02-22 01:13:07] 谁谁谁我是谁: 今天的重点（4-9）
[2026-02-22 01:13:07] 琳溧nya: 我知道一个挥刀向粉丝尸体的
[2026-02-22 01:13:07] 热爱学习的孟某人: 今天的重点（4-9）
[2026-02-22 01:13:08] 用户3661578: 能不能让右边那几个B闭嘴
[2026-02-22 01:13:08] 有理想的盒饭: 孝
[2026-02-22 01:13:08] Rtheni: 比挥刀向似人强
[2026-02-22 01:13:08] 载物的大裂谷左岸: 我知道一个挥刀向粉丝尸体的
[2026-02-22 01:13:08] C4LLM3L1UN0NG: 比挥刀向似人强
[2026-02-22 01:13:09] 送不起火箭我送张办卡: @niko：强者就挥刀向更强者！说完就一刀往nota尸体上挥去🤭
[2026-02-22 01:13:09] Kwarsn: 强者挥刀向更强者，niko挥刀向尸t
[2026-02-22 01:13:09] 玩处的SugarDaddy: @niko：强者就挥刀向更强者，说完一刀往nota尸体上挥去🤭
[2026-02-22 01:13:09] Dv1da: 好恐怖啊玩大哥，直播没人开枪我却听到枪声了
[2026-02-22 01:13:09] JOhNsoN兆: 比挥刀向似人强
[2026-02-22 01:13:10] 鱼辛烷: 这选手都是什么ID啊，一个死人，一个死啦
[2026-02-22 01:13:10] 绘梨衣啊啊啊i: PV要是冠军，猎鹰就是亚军了啊！
[2026-02-22 01:13:10] wtf45: @niko：强者就挥刀向更强者！说完就一刀往nota尸体上挥去🤭
[2026-02-22 01:13:10] 白浅优理: @niko：强者就挥刀向更强者，说完一刀往nota尸体上挥去🤭
[2026-02-22 01:13:11] 山夔CookIe: 4-9
[2026-02-22 01:13:11] 夏空喵: ?
[2026-02-22 01:13:11] Leonisss丶: mvp是HLTV评的，哦是双向的，编是善意互动，黑niko的🧊粉收收味
[2026-02-22 01:13:11] 墨华羽雨: 比挥刀向似人强
[2026-02-22 01:13:11] hxyvraf: @niko：强者就挥刀向更强者，说完一刀往nota尸体上挥去🤭
[2026-02-22 01:13:11] 十王星南: 今天的重点（4-9）
[2026-02-22 01:13:12] Dartline: @niko：强者就挥刀向更强者，说完一刀往nota尸体上挥去🤭
[2026-02-22 01:13:12] 酒姑娘的小枫: 今天的正题（4-9）
[2026-02-22 01:13:12] 黄巧传球接不住: 今天的重点（4-9）
[2026-02-22 01:13:12] 迪奥雷: 流脓
[2026-02-22 01:13:12] 箫声人mmmm: 玩机器的房管就像大专的学生会玩机器的房管就像大专的学生会玩机器的房管就像大专的学生会玩机器的房管就像
[2026-02-22 01:13:12] 天残少女王朗: @niko：强者就挥刀向更强者，说完一刀往nota尸体上挥去🤭
[2026-02-22 01:13:12] 有种你给爸爸碎: 看数据，碗橱
[2026-02-22 01:13:13] 好哥们黑龙歼灭刀: 又召唤老爸给自己遮风挡雨了…可怜天下父母心 😥😥
[2026-02-22 01:13:13] 初音的初音: @niko：强者就挥刀向更强者，说完一刀往nota尸体上挥去🤭
[2026-02-22 01:13:13] 静寂风: ？
[2026-02-22 01:13:13] i医生: 不是哥们儿，10。t也有鼠吗
[2026-02-22 01:13:14] 风在山路吹1161: 洗
[2026-02-22 01:13:14] Q1ed7f9c85b3bc7571: 孝
[2026-02-22 01:13:14] 鹦侨侨侨侨: 好恐怖啊玩大哥，直播没人开枪我却听到枪声了
[2026-02-22 01:13:14] 爱吃青椒的重曹酱: 懂你意思
[2026-02-22 01:13:14] yuuik27: @niko：强者就挥刀向更强者，说完一刀往nota尸体上挥去🤭
[2026-02-22 01:13:14] 丛雨雨雨: 考desuw@
[2026-02-22 01:13:15] 用户3853464680: PV要是冠军，猎鹰就是亚军了啊！
[2026-02-22 01:13:15] 天堂小龙龙: 难说
[2026-02-22 01:13:15] 正经猪头肉: 孝
[2026-02-22 01:13:15] 骂我皆为调情丷: 今天的重点（4-9）
[2026-02-22 01:13:15] 旧城乀873: PV要是冠军，猎鹰就是亚军了啊！
[2026-02-22 01:13:16] LvvsiN: 你为什么要把mαjor禁了，我收藏的一半弹幕全毁了
[2026-02-22 01:13:16] 鹿公爷: 今天的重点（4-9）
[2026-02-22 01:13:16] 玩机器的小头本头: 舞台
[2026-02-22 01:13:16] 鸭硕的哈撒给: @niko：强者就挥刀向更强者！说完就一刀往nota尸体上挥去🤭
[2026-02-22 01:13:16] 箫声人mmmm: 玩机器的房管就像大专的学生会玩机器的房管就像大专的学生会玩机器的房管就像大专的学生会玩机器的房管就像
[2026-02-22 01:13:16] 麻辣头鱼丝: 帮助队友么
[2026-02-22 01:13:17] lonhkfd: PV要是冠军，猎鹰就是亚军了啊！
[2026-02-22 01:13:17] chukap: @niko：强者就挥刀向更强者！说完就一刀往nota尸体上挥去🤭
[2026-02-22 01:13:17] 星星星罗: PV要是冠军，猎鹰就是亚军了啊！
[2026-02-22 01:13:17] 到付的空调外机: niko也爱帮助队友
[2026-02-22 01:13:17] Subto: 又开始立你那爱汤人设了
[2026-02-22 01:13:17] GreatOld0ne: @niko：强者就挥刀向更强者，说完一刀往nota尸体上挥去🤭
[2026-02-22 01:13:17] 爱被小泉吃的拉面同学: @niko：强者就挥刀向更强者，说完一刀往nota尸体上挥去🤭
[2026-02-22 01:13:17] 和聯勝话事人邓伯: PV要是冠军，猎鹰就是亚军了啊！
[2026-02-22 01:13:18] 炫迈冰暴口香糖: 弹幕刷一晚上似人结果似人真来了
[2026-02-22 01:13:18] LvvsiN: 南孚一节更比六节强，也就是一节南孚比六节南孚强，六节南孚比三十六节强，三十六节比二百一十六节强
[2026-02-22 01:13:18] 琉丶枫: 狗鼠
[2026-02-22 01:13:18] 她和锤石一样钩: 今天的重点（4-9）
[2026-02-22 01:13:18] xuzVan: @niko：强者就挥刀向更强者，说完一刀往nota尸体上挥去🤭
[2026-02-22 01:13:18] valorant玩机器: @niko：强者就挥刀向更强者，说完一刀往nota尸体上挥去🤭
[2026-02-22 01:13:18] 白河日和: 老爸市区
[2026-02-22 01:13:18] C4LLM3L1UN0NG: @niko：强者就挥刀向更强者！说完就一刀往nota尸体上挥去🤭
[2026-02-22 01:13:18] 选选不懂女人: @niko：强者就挥刀向更强者，说完一刀往nota尸体上挥去🤭
[2026-02-22 01:13:19] 丹cin:  @王家辉：PV要是冠军，猎鹰就是亚军了啊！
[2026-02-22 01:13:19] hylROCKY: 这选手都是什么ID啊，一个死人，一个死啦
[2026-02-22 01:13:19] 放我去藏经阁一日游: 胖球在这发财呢？
[2026-02-22 01:13:20] LvvsiN: 玩宝宝，我发现在大学上学的时候肄业会很舒服，你可以试试
[2026-02-22 01:13:20] 箫声人mmmm: 玩机器的房管就像大专的学生会玩机器的房管就像大专的学生会玩机器的房管就像大专的学生会玩机器的房管就像
[2026-02-22 01:13:20] 爱吃青椒的重曹酱: 今天的重点（4-9）
[2026-02-22 01:13:20] viovvvvvvvon: @niko：强者就挥刀向更强者，说完一刀往nota尸体上挥去🤭
[2026-02-22 01:13:20] 要乐奈丶Rana: device怎么正月理发了
[2026-02-22 01:13:20] 冲上云霄的姨: 你把ma jor 禁了之后6657正式成为niko的奖杯陈列室
[2026-02-22 01:13:20] 石家庄的刘亦博本人: PV要是冠军，猎鹰就是亚军了啊！
[2026-02-22 01:13:21] Tayutau: 帮助队友（4-9）
[2026-02-22 01:13:21] 隐世清界: 强者挥刀向更强者，niko挥刀向尸t
[2026-02-22 01:13:21] 软萌可爱六花酱: 胖球现在这么瘦了么
[2026-02-22 01:13:21] 子翼兄: 这战绩不是伤害队友？
[2026-02-22 01:13:21] 樱落兮丿mooN: @niko：强者就挥刀向更强者，说完一刀往nota尸体上挥去🤭
[2026-02-22 01:13:22] 丶小恐龙丶: @niko：强者就挥刀向更强者，说完一刀往nota尸体上挥去🤭
[2026-02-22 01:13:22] LvvsiN: 你这音画不同步太难受了，我都听到NIKO里约RMR晋级的欢呼了
[2026-02-22 01:13:22] 箫声人mmmm: 玩机器的房管就像大专的学生会玩机器的房管就像大专的学生会玩机器的房管就像大专的学生会玩机器的房管就像
[2026-02-22 01:13:22] 含泪办卡: 今天的重点（4-9）
[2026-02-22 01:13:22] 镇山海: @niko：强者就挥刀向更强者，说完一刀往nota尸体上挥去🤭
[2026-02-22 01:13:22] 丢丢的夜精灵: [梗已老实]
[2026-02-22 01:13:23] 言灵虚: 我知道一个挥刀向粉丝的
[2026-02-22 01:13:23] 若叶睦吃苦瓜: 今天的重点（4-9）
[2026-02-22 01:13:23] O荒年I留连O: @niko：强者就挥刀向更强者，说完一刀往nota尸体上挥去🤭
[2026-02-22 01:13:23] 永恒之海不变之心: 不是伤害队友？
[2026-02-22 01:13:23] Turned傲雪: PV要是冠军，猎鹰就是亚军了啊！
[2026-02-22 01:13:23] 比哈里快鸭: @niko：强者就挥刀向更强者！说完就一刀往nota尸体上挥去🤭
[2026-02-22 01:13:23] GlockieSs: 挥刀向更弱者😡说完布罗利开始封禁弹幕
[2026-02-22 01:13:23] 尤影: @niko：强者就挥刀向更强者！说完就一刀往nota尸体上挥去🤭
[2026-02-22 01:13:24] 承認欲求: 又开始立你那爱汤人设了
[2026-02-22 01:13:24] 金刚金刚最可爱: @niko：强者就挥刀向更强者！说完就一刀往nota尸体上挥去🤭
[2026-02-22 01:13:24] 朴昊龙本人: @nota：niko，但愿我让你感到骄傲，但愿我没有让你失望（进入总决赛）
[2026-02-22 01:13:24] wjnbsl: 今天的正题（4-9）
[2026-02-22 01:13:24] 天守阁信长: @niko：强者就挥刀向更强者，说完一刀往nota尸体上挥去🤭
[2026-02-22 01:13:24] simonblass: @niko：强者就挥刀向更强者，说完一刀往nota尸体上挥去🤭
[2026-02-22 01:13:24] viovvvvvvvon: 今天的重点（4-9）
[2026-02-22 01:13:24] 别让我玩奶: @niko：强者就挥刀向更强者，说完一刀往nota尸体上挥去🤭
[2026-02-22 01:13:24] 非屋下阿萌: 直播间的富哥们丢钱的🐂劲呢？赶紧给我造个双倍出来，别耽误我包里的几十个荧光棒desuwa
[2026-02-22 01:13:24] zin桀zera: @niko：强者就挥刀向更强者，说完一刀往nota尸体上挥去🤭
[2026-02-22 01:13:24] 柚子厨0721: 　　　 @niko：强者就挥刀向更强者，说完一刀往nota尸体上挥去🤭
[2026-02-22 01:13:25] 石家庄的刘亦博本人: @niko：强者就挥刀向更强者，说完一刀往nota尸体上挥去🤭
[2026-02-22 01:13:25] Dartline: 狗鼠
[2026-02-22 01:13:25] wedd1ddeJodd: @niko：强者就挥刀向更强者，说完一刀往nota尸体上挥去🤭
[2026-02-22 01:13:26] LvvsiN: 玩宝宝，我发现在大学上学的时候肄业会很舒服，你可以试试
[2026-02-22 01:13:26] 丶丶Ken丶丶: PV要是冠军，猎鹰就是亚军了啊！
[2026-02-22 01:13:26] 懒懒监监major冠军: @niko：强者就挥刀向更强者，说完一刀往nota尸体上挥去🤭
[2026-02-22 01:13:27] 落叶悠哉落: 今天的重点（4-9）
[2026-02-22 01:13:27] 为龙iAmWarmLight: 　　　 @niko：强者就挥刀向更强者，说完一刀往nota尸体上挥去🤭
[2026-02-22 01:13:27] Vitality的Zyw0o0本人: 我知道一个挥刀向粉丝的
[2026-02-22 01:13:27] 一刀一个啵啵怪: nota确实比老尼厉害 老尼才向他挥刀 老尼没毛病
[2026-02-22 01:13:27] racula: 又开始立你那爱汤人设了
[2026-02-22 01:13:27] THE贡丶: @niko：强者就挥刀向更强者，说完一刀往nota尸体上挥去🤭
[2026-02-22 01:13:27] 爱吃青椒的重曹酱: 关键词：挥刀
[2026-02-22 01:13:27] 和聯勝话事人邓伯: PV要是冠军，猎鹰就是亚军了啊！
[2026-02-22 01:13:28] 个体: PV要是冠军，猎鹰就是亚军了啊！
[2026-02-22 01:13:28] LvvsiN: 你为什么要把mαjor禁了，我收藏的一半弹幕全毁了
[2026-02-22 01:13:28] TL的EliGE本人: @niko：强者就挥刀向更强者！说完就一刀往nota尸体上挥去🤭
[2026-02-22 01:13:28] jamesfaith23: 今天的重点（4-9）
[2026-02-22 01:13:28] 啦啦啦唱歌真好听呀: @niko：强者就挥刀向更强者，说完一刀往nota尸体上挥去🤭
[2026-02-22 01:13:28] R0BAM: 你双倍呢？你双倍呢？你双倍呢？你双倍呢？你双倍呢？
[2026-02-22 01:13:28] GlockieSs: 挥刀向更弱者😡说完布罗利开始封禁弹幕
[2026-02-22 01:13:29] 什井蛋: PV要是冠军，猎鹰就是亚军了啊！
[2026-02-22 01:13:29] 看pv纪录片: @niko：强者就挥刀向更强者！说完就一刀往nota尸体上挥去🤭
[2026-02-22 01:13:29] 失去了才会珍惜649: @niko：强者就挥刀向更强者！说完就一刀往nota尸体上挥去🤭
[2026-02-22 01:13:29] 德里克赏金: 今天的正题（4-9）
[2026-02-22 01:13:30] 鹅地霸霸: 似nota强于活Niko
[2026-02-22 01:13:30] 仍然丶丶: 又开始立你那爱汤人设了
[2026-02-22 01:13:30] LvvsiN: 南孚一节更比六节强，也就是一节南孚比六节南孚强，六节南孚比三十六节强，三十六节比二百一十六节强
[2026-02-22 01:13:30] 玩机器的小头本头: 父舞台
[2026-02-22 01:13:30] 好姐妹筑紫: 狗鼠
[2026-02-22 01:13:30] DBJ456: @niko：强者就挥刀向更强者，说完一刀往nota尸体上挥去🤭
[2026-02-22 01:13:31] 峰城大附中的kazusa本人: @niko：强者就挥刀向更强者，说完一刀往nota尸体上挥去🤭
[2026-02-22 01:13:31] 不是朝是朝: 我知道一个挥刀向粉丝的
[2026-02-22 01:13:31] Miyazo: 今天的重点全场第十的数据4-9
[2026-02-22 01:13:31] 朴昊龙本人: @nota：niko，但愿我让你感到骄傲，但愿我没有让你失望（进入总决赛）
[2026-02-22 01:13:31] 载物真吊眼睛看向礼物: 挥刀向更弱者😡说完布罗利开始封禁弹幕
[2026-02-22 01:13:32] mujica的长崎素世本人: 玩机器的房管就像大专的学生会玩机器的房管就像大专的学生会玩机器的房管就像大专的学生会玩机器的房管就像
[2026-02-22 01:13:32] LvvsiN: 你为什么要把mαjor禁了，我收藏的一半弹幕全毁了
[2026-02-22 01:13:32] 龍EVOLOVE龍: @niko：强者就挥刀向更强者，说完一刀往nota尸体上挥去🤭
[2026-02-22 01:13:32] hylROCKY: @niko：强者就挥刀向更强者，说完一刀往nota尸体上挥去🤭
[2026-02-22 01:13:32] weapon丶X: 挥刀向更弱者😡说完布罗利开始封禁弹幕
[2026-02-22 01:13:33] 拍拍小天使: @niko：强者就挥刀向更强者，说完一刀往nota尸体上挥去🤭
[2026-02-22 01:13:33] wtf45: PV要是冠军，猎鹰就是亚军了啊！
[2026-02-22 01:13:33] RoseIia的凑友希那本人: PV要是冠军，猎鹰就是亚军了啊！
[2026-02-22 01:13:33] 用户2334739037: 　　　 @niko：强者就挥刀向更强者，说完一刀往nota尸体上挥去🤭
[2026-02-22 01:13:33] 香港分社记者: 昨天nota就是在这里被偶像编的
[2026-02-22 01:13:33] 摸鱼摸到胖头鱼: 又开始立你那爱汤人设了
[2026-02-22 01:13:33] 爱吃青椒的重曹酱: 比挥刀向似人强
[2026-02-22 01:13:33] 爱斯忑音音: 慢
[2026-02-22 01:13:33] 冲上云霄的姨: @niko：强者就挥刀向更强者，说完一刀往nota尸体上挥去🤭
[2026-02-22 01:13:33] 朴昊龙本人: @nota：niko，但愿我让你感到骄傲，但愿我没有让你失望（进入总决赛）
[2026-02-22 01:13:34] 易冷半度想: ？？？
[2026-02-22 01:13:34] SideChannel: 慢
[2026-02-22 01:13:34] LvvsiN: 银行业😄银行业😀银行业😃银行业😁银行业😆银行业🤪银行业😝
[2026-02-22 01:13:34] yinyao1231: nota确实比老尼厉害 老尼才向他挥刀 老尼没毛病
[2026-02-22 01:13:34] 想吃donk的小脚: 好恐怖啊玩大哥，直播没人开枪我却听到枪声了
[2026-02-22 01:13:34] 心软成疾: ？
[2026-02-22 01:13:35] 12312312312dfsdfs: 十年后: 老驴（28）大载🐖（35）玩宝宝（39）NIKO（0m@jor）
[2026-02-22 01:13:35] FiaoxP: 直播间的富哥们丢钱的🐂劲呢？赶紧给我造个双倍出来，别耽误我包里的几十个荧光棒desuwa
[2026-02-22 01:13:35] 爱被小泉吃的拉面同学: PV要是冠军，猎鹰就是亚军了啊！
[2026-02-22 01:13:35] 单推折纸11年:     @niko：强者就挥刀向更强者，说完一刀往nota尸体上挥去🤭
[2026-02-22 01:13:35] 哦可喜欢我: 慢
[2026-02-22 01:13:35] 玩刘农device: 吃晃
[2026-02-22 01:13:35] 玩斯特出出6657: 慢
[2026-02-22 01:13:35] 尼古拉刘亦博: 慢
[2026-02-22 01:13:35] 素质三连666: 吃
[2026-02-22 01:13:35] 朴昊龙本人: @nota：niko，但愿我让你感到骄傲，但愿我没有让你失望（进入总决赛）
[2026-02-22 01:13:36] 吹雪之岚: 哈哈哈哈哈
[2026-02-22 01:13:36] 秋茶小雪: 哈哈哈哈哈哈哈
[2026-02-22 01:13:36] 玩大哥我双倍呢: @niko：强者就挥刀向更强者！说完就一刀往nota尸体上挥去🤭
[2026-02-22 01:13:36] 完熟的软柿子: 慢
[2026-02-22 01:13:36] 游戏卫星: 慢
[2026-02-22 01:13:36] 一条无梦鱼:     @niko：强者就挥刀向更强者，说完一刀往nota尸体上挥去🤭
[2026-02-22 01:13:36] 杰里科丶: 敢
[2026-02-22 01:13:36] 正经猪头肉: 类人极限
[2026-02-22 01:13:36] 子翼兄: 露怎么了
[2026-02-22 01:13:37] 67373的黄色闪光: 睡着了
[2026-02-22 01:13:37] Ba1enc1aga: 慢
[2026-02-22 01:13:37] Aysell: @niko：强者就挥刀向更强者，说完一刀往nota尸体上挥去🤭
[2026-02-22 01:13:37] CLANCHIC的Tomorain本人: 慢
[2026-02-22 01:13:37] 冉子有阿i: 慢
[2026-02-22 01:13:37] 用户3661578: 哈哈哈
[2026-02-22 01:13:37] 玩蛇鼠丶stabbi: 又开始立你那爱汤人设了
[2026-02-22 01:13:37] Heartzzz丶: 哈哈哈哈哈哈哈
[2026-02-22 01:13:37] JaFency: 慢
[2026-02-22 01:13:37] 普丽瓦蒂: 吃晃
[2026-02-22 01:13:38] al9527: 吃晃
[2026-02-22 01:13:38] Vitality的羽贺文乃本人: PV要是冠军，猎鹰就是亚军了啊！
[2026-02-22 01:13:38] xuzVan: 是不是太侮辱大专了。。。
[2026-02-22 01:13:38] sakula家乡的坤桑开了: 慢
[2026-02-22 01:13:38] 静寂风: 不吃晃
[2026-02-22 01:13:38] 未知Frozen: 吃晃
[2026-02-22 01:13:38] 韩世天的屎妈: 银行业😄银行业😀银行业😃银行业😁银行业😆银行业🤪银行业😝
[2026-02-22 01:13:38] Subto: 又开始立你那爱汤人设了
[2026-02-22 01:13:38] 奇宋大掰: 空
[2026-02-22 01:13:39] xOcOg: “伊利亚，今年再拿不到major我们就退役”“我也要退吗”“对”
[2026-02-22 01:13:39] 用户48319435: nota确实比老尼厉害 老尼才向他挥刀 老尼没毛病
[2026-02-22 01:13:39] 墨华羽雨: 　　　 @niko：强者就挥刀向更强者，说完一刀往nota尸体上挥去🤭
[2026-02-22 01:13:39] 好姐妹五更琉璃喵: 哈哈哈哈哈哈哈
[2026-02-22 01:13:39] 马猴烧酒小地瓜: 观看绿色地图不是重回案发现场吗
[2026-02-22 01:13:39] 灬余温i: 哈哈哈哈
[2026-02-22 01:13:39] 丰川祥子单推人: 慢
[2026-02-22 01:13:39] Ha1baraAi丶: 慢
[2026-02-22 01:13:39] 屌閪鳩撚柒: 刘农
[2026-02-22 01:13:39] 落子无悔0427: @niko：强者就挥刀向更强者！说完就一刀往nota尸体上挥去🤭
[2026-02-22 01:13:40] 花开日暮: 慢
[2026-02-22 01:13:40] 太行山积雪: PV要是冠军，猎鹰就是亚军了啊！
[2026-02-22 01:13:40] 岚东: 吃晃
[2026-02-22 01:13:40] LvvsiN: @阿汤日记：一个人，5发子弹，保住格陵兰岛。我不会叫它不可能完成的任务，我现在只想先回家看亦博
[2026-02-22 01:13:40] hxyvraf: 怎么两个私人
[2026-02-22 01:13:40] 无伟契约: 又开始立你那爱汤人设了
[2026-02-22 01:13:40] 摸鱼摸到胖头鱼: PV要是冠军，猎鹰就是亚军了啊！
[2026-02-22 01:13:40] 火暴兽也干了: @niko：强者就挥刀向更强者！说完就一刀往nota尸体上挥去🤭
[2026-02-22 01:13:41] TieZhu丶: 流脓
[2026-02-22 01:13:41] aruiketto: 慢
[2026-02-22 01:13:41] jamesfaith23: 慢
[2026-02-22 01:13:41] 挥泪斩楚狗: 吃晃
[2026-02-22 01:13:41] 修理狗: 慢
[2026-02-22 01:13:41] Rainwedell: 根本架不住
[2026-02-22 01:13:41] xjdnshxjdka: 类人极限
[2026-02-22 01:13:41] 我是一个医保卡: 哈哈哈哈哈哈哈
[2026-02-22 01:13:41] 特级畜师徐志勇: 睡着了
[2026-02-22 01:13:42] XbOvO: 慢
[2026-02-22 01:13:42] 偷摸灵感菇: @niko：强者就挥刀向更强者，说完一刀往nota尸体上挥去🤭
[2026-02-22 01:13:42] 涼風涼風涼: 敢
[2026-02-22 01:13:42] LvvsiN: 额，拿亚军我都会，拿亚军，拿季军，拿四强，拿八强，拿十六强，呃拿冠军我不会，然后小组赛淘汰
[2026-02-22 01:13:42] fmljz: @niko：强者就挥刀向更强者，说完一刀往nota尸体上挥去🤭
[2026-02-22 01:13:42] 看到pussy流出milk才死心: 吃晃的狙击手
[2026-02-22 01:13:42] GanadoLluviA: JAME又major冠军比匕尸强没啥问题
[2026-02-22 01:13:43] 旭旭宝宝18cm: 露咋了？
[2026-02-22 01:13:43] 可苦可乐GRA: 不敢在哪？
[2026-02-22 01:13:43] 白河日和: man
[2026-02-22 01:13:43] 我最喜欢玩机器: 狄外思~😎甩！哦咳咳咳🤮...没有甩到！😭咳咳🤮
[2026-02-22 01:13:43] 与沫与婷: @niko：强者就挥刀向更强者，说完一刀往nota尸体上挥去🤭
[2026-02-22 01:13:44] 阿特拉斯雄狮: 没人怀念最好的五个人吗？
[2026-02-22 01:13:44] 想有心的机器人: 吃晃
[2026-02-22 01:13:44] 仍然丶丶: 老年故障
[2026-02-22 01:13:44] znnoy: 詹姆赢了挥刀向更强者，布罗利当个破房管挥刀向直播间弹幕😂
[2026-02-22 01:13:44] LvvsiN: 男人一生只哭十八次：niko十七次梦碎major正赛, niko梦碎里约major RMR
[2026-02-22 01:13:44] 绝食十年攒爱top3飞机: “伊利亚，今年再拿不到major我们就退役”“我也要退吗”“对”
[2026-02-22 01:13:44] 够忠: 汤味
[2026-02-22 01:13:44] Nikolofmeister: 刘农play
[2026-02-22 01:13:44] desuwa的丰川祥子本人: 吃晃
[2026-02-22 01:13:45] 咕咕嘎嘎major冠军: 睡着了
[2026-02-22 01:13:45] Sereinily: 怎么两个私人
[2026-02-22 01:13:45] AriselAlagadda: man
[2026-02-22 01:13:45] 夏空喵: 刘农
[2026-02-22 01:13:45] GlockieSs:  挥刀向更弱者😡说完布罗利开始封禁弹幕
[2026-02-22 01:13:45] 我在浙江改稻为桑: 根本架不住
[2026-02-22 01:13:45] HastsuneMiku: 这是一个吃晃的狙击手
[2026-02-22 01:13:46] 长崎素世NagasakiSoyo: @niko：强者就挥刀向更强者！说完就一刀往nota尸体上挥去🤭
[2026-02-22 01:13:46] LvvsiN: 孩子们快跑，马修赫伯特来了😨卧槽你的怎么是马枪和BOT
[2026-02-22 01:13:46] 伦敦千早爱: @niko：强者就挥刀向更强者！说完就一刀往nota尸体上挥去🤭
[2026-02-22 01:13:46] 要一起好好努力: @Dev1ce:哈哈哈哈，儿子，爹丢不丢人？爹菜不菜？😁（开心地空枪）
[2026-02-22 01:13:47] L0ost: 　　　     @niko：强者就挥刀向更强者，说完一刀往nota尸体上挥去🤭
[2026-02-22 01:13:47] 骄骄爱吃糖: 对味了，这才是汤味
[2026-02-22 01:13:47] 好哥们山上撤也: 阿杜是真老爸，老汤最多算个叔父，然后总监是夜蝶
[2026-02-22 01:13:47] 我傻了都466: 我知道一个挥刀向粉丝的
[2026-02-22 01:13:47] LkCatQwQ: 刘农
[2026-02-22 01:13:47] wedd1ddeJodd: PV要是冠军，猎鹰就是亚军了啊！
[2026-02-22 01:13:48] znnoy: 詹姆赢了挥刀向更强者，布罗利当个破房管挥刀向直播间弹幕😂
[2026-02-22 01:13:48] 工藤里没静香了: 狄外思~😎甩！哦咳咳咳🤮...没有甩到！😭咳咳🤮
[2026-02-22 01:13:48] 缪尹阾: 吃晃？？痴呆！！！
[2026-02-22 01:13:48] 巴甫洛夫的滥犬: 怎么两个私人
[2026-02-22 01:13:48] 星海羽弦: 又开始立你那爱汤人设了
[2026-02-22 01:13:48] 香港分社记者: 　　　 @niko：强者就挥刀向更强者，说完一刀往nota尸体上挥去🤭
[2026-02-22 01:13:49] crychic的tomori本人: 怎么两个私人
[2026-02-22 01:13:49] 可苦可乐GRA: 不敢在哪？
[2026-02-22 01:13:49] 月白酱w: PV要是冠军，猎鹰就是亚军了啊！
[2026-02-22 01:13:49] MERU335251: 　　　 @niko：强者就挥刀向更强者，说完一刀往nota尸体上挥去🤭
[2026-02-22 01:13:49] 懒懒监监major冠军: 我知道一个挥刀向粉丝的
[2026-02-22 01:13:50] Tayutau: 那个不吃晃的狙击手呢
[2026-02-22 01:13:50] dengjia66: 能不能静音看
[2026-02-22 01:13:50] 旭旭宝宝18cm: 露了 咋了？
[2026-02-22 01:13:50] 猫心碎会失去几条命: ㊽布罗利㊽布罗利㊽布罗利㊽布罗利㊽布罗利㊽布罗利㊽布罗利㊽布罗利㊽布罗利㊽布罗利㊽布罗利㊽布罗利㊽
[2026-02-22 01:13:50] GlockieSs: 挥刀向更弱者😡说完布罗利开始封禁弹幕
[2026-02-22 01:13:50] hylROCKY: @niko：强者就挥刀向更强者！说完就一刀往nota尸体上挥去🤭
[2026-02-22 01:13:51] 我只是个npc12138: s1ren vs sirah
[2026-02-22 01:13:51] rick4759:  挥刀向更弱者😡说完布罗利开始封禁弹幕
[2026-02-22 01:13:51] 好哥们黑龙歼灭刀: 🧊粉坏事清单：反串尼粉给老尼爆点 指挥老尼编shi 给nota颁evp 指挥森破nuke反杀三楼
[2026-02-22 01:13:51] xOcOg: 设备：孩子，累了想下播就索敌攻击你监爹的弹幕，想净化弹幕环境就看看我的比赛
[2026-02-22 01:13:52] 鸟儿在头顶把森林叫醒: 吃晃的狙击手
[2026-02-22 01:13:52] 阳之析: 舒服
[2026-02-22 01:13:52] LvvsiN: 额，拿亚军我都会，拿亚军，拿季军，拿四强，拿八强，拿十六强，呃拿冠军我不会，然后小组赛淘汰
[2026-02-22 01:13:52] 我没P眼123: 是的
[2026-02-22 01:13:53] 阿良良木历Koyomi: 又开始立你那爱汤人设了
[2026-02-22 01:13:53] Vitality的Zyw0o0本人: @Dev1ce:哈哈哈哈，儿子，爹丢不丢人？爹菜不菜？😁（开心地空枪）
[2026-02-22 01:13:53] znnoy: 詹姆赢了挥刀向更强者，布罗利当个破房管挥刀向直播间弹幕😂
[2026-02-22 01:13:53] 挥泪斩楚狗: 这不是一个不吃晃的狙击手吗
[2026-02-22 01:13:53] 阿狗阿狗ii:  挥刀向更弱者😡说完布罗利开始封禁弹幕
[2026-02-22 01:13:53] 额滴神呀: 在哪发财吗？
[2026-02-22 01:13:53] Heartzzz丶: 谁老爸阿这是 快退休了吧
[2026-02-22 01:13:54] 九折水瓶丶: 草！被艺术冰霜diff！谁再说老汤本质高手？
[2026-02-22 01:13:54] Subto: 又开始立你那爱汤人设了
[2026-02-22 01:13:54] LvvsiN: 你屏蔽词都快赶上新华词典了为什么不干脆开一百级发言？
[2026-02-22 01:13:54] 猫心碎会失去几条命: ㊽布罗利㊽布罗利㊽布罗利㊽布罗利㊽布罗利㊽布罗利㊽布罗利㊽布罗利㊽布罗利㊽布罗利㊽布罗利㊽布罗利
[2026-02-22 01:13:54] 最后波纹: @HooXi：Rain我教你，你就一直发狙发英雄ak给Dev1ce，发到他都受不了自己有多菜就退队了
[2026-02-22 01:13:54] 牟平鲁尼: 老汤反应比之前快了啊
[2026-02-22 01:13:55] 用户2381770840: 我知道一个挥刀向粉丝的
[2026-02-22 01:13:55] 丶丶桔梗丶: 感觉大东还有油啊，你们觉得呢
[2026-02-22 01:13:55] CLANCHIC的Tomorain本人: 又开始立你那爱汤人设了
[2026-02-22 01:13:55] 好老公艾莉丝: 老汤怎么又转指挥狙了
[2026-02-22 01:13:55] 鲁伊斯ruiz:  @Dev1ce:哈哈哈哈，儿子，爹丢不丢人？爹菜不菜？😁（开心地空枪）
[2026-02-22 01:13:55] FadedDawns: PV要是冠军，猎鹰就是亚军了啊！
[2026-02-22 01:13:55] 绚辻小小词: nota
[2026-02-22 01:13:56] 滑稽博士135: 怎么两个私人
[2026-02-22 01:13:56] 我感觉很膨胀: 他没去过
[2026-02-22 01:13:56] 爱吃青椒的重曹酱: 今天的重点（4-9）
[2026-02-22 01:13:56] viovvvvvvvon: s1ren vs sirah
[2026-02-22 01:13:56] 好哥们黑龙歼灭刀: 我知道一个挥刀向粉丝的
[2026-02-22 01:13:57] 用户9921747043:     @niko：强者就挥刀向更强者，说完一刀往nota尸体上挥去🤭
[2026-02-22 01:13:57] WEYyuki: 谁在说话？
[2026-02-22 01:13:57] 艺术冰霜: 又开始立你那爱汤人设了
[2026-02-22 01:13:57] 7hydrangea7: 原来尼尼挥刀向nota是因为他认为nota是更强者啊
[2026-02-22 01:13:57] 求奶赚不到钱: 挥刀向更弱者😡说完布罗利开始封禁弹幕
[2026-02-22 01:13:58] Breakgood: 查看活动〉
[2026-02-22 01:13:58] 南衣路: 这狙谁来不随便晃
[2026-02-22 01:13:58] 番茄怎么不甜: ?
[2026-02-22 01:13:58] last玩神、: @Dev1ce:哈哈哈哈，儿子，爹丢不丢人？爹菜不菜？😁（开心地空枪）
[2026-02-22 01:13:58] 只有你是青天一样可羡: 这是一个吃晃的狙击手
[2026-02-22 01:13:59] 木空空空空空:  挥刀向更弱者😡说完布罗利开始封禁弹幕
[2026-02-22 01:13:59] znnoy: 詹姆赢了挥刀向更强者，布罗利当个破房管挥刀向直播间弹幕😂
[2026-02-22 01:13:59] 丹cin:  挥刀向更弱者😡说完布罗利开始封禁弹幕
[2026-02-22 01:14:00] uuuuu99999: 又开始立你那爱汤人设了
[2026-02-22 01:14:00] Dartline: 草！被艺术冰霜diff！谁再说老汤本质高手？
[2026-02-22 01:14:00] 用户3661578: 机器，这个就是你说的那个王朝狙击手吗
[2026-02-22 01:14:00] 爱斯忑音音: 有汤味了😋卧槽这真是老汤啊😰
[2026-02-22 01:14:00] Mouz的X9本人: 又开始立你那爱汤人设了
[2026-02-22 01:14:00] 外偶: PV要是冠军，猎鹰就是亚军了啊！
[2026-02-22 01:14:00] loveforkenny: 是的
[2026-02-22 01:14:00] 最后波纹: @HooXi：Rain我教你，你就一直发狙发英雄ak给Dev1ce，发到他都受不了自己有多菜就退队了
[2026-02-22 01:14:00] 寂静世界876: 伟出你的视频分析就和康处的大狙一样烂
[2026-02-22 01:14:00] SekaiKamiki: s赛吗
[2026-02-22 01:14:01] 九折水瓶丶: 操！被艺术冰霜diff！谁再说老汤本质高手？
[2026-02-22 01:14:01] shanweii: @Dev1ce:哈哈哈哈，儿子，爹丢不丢人？爹菜不菜？😁（开心地空枪）
[2026-02-22 01:14:01] 丨花千树:  挥刀向更弱者😡说完布罗利开始封禁弹幕
[2026-02-22 01:14:01] 我真的不是硝子: 还有9pandas
[2026-02-22 01:14:01] 个体: 抓娃娃
[2026-02-22 01:14:01] 7hydrangea7: 原来尼尼挥刀向nota是因为他认为nota是更强者啊
[2026-02-22 01:14:02] 卧看星河尽意明丶: 比挥刀向似人强
[2026-02-22 01:14:02] 本间芽衣子ya:  挥刀向更弱者😡说完布罗利开始封禁弹幕
[2026-02-22 01:14:02] znnoy: 詹姆赢了挥刀向更强者，布罗利当个破房管挥刀向直播间弹幕😂
[2026-02-22 01:14:02] 吃饱了就想遛鸟: 100t这状态，猎鹰危险了啊
[2026-02-22 01:14:02] Subto: 又开始立你那爱汤人设了
[2026-02-22 01:14:02] Vitality的Zyw0o0本人: 又开始立你那爱汤人设了
[2026-02-22 01:14:02] LvvsiN: 就tm喜欢银行业🥰银行坏账我喜欢🥰银行挤兑我还喜欢😍利率调低我也喜欢🤤老子亲烂银行业的脸😘
[2026-02-22 01:14:02] 丶小恐龙丶: 挥刀向更弱者😡说完布罗利开始封禁弹幕
[2026-02-22 01:14:03] 爱吃青椒的重曹酱: 又开始立你那爱汤人设了
[2026-02-22 01:14:03] 玩次元的Jackz本人: 抗渗
[2026-02-22 01:14:03] WE丶繁梦: 又开始立你那爱汤人设了
[2026-02-22 01:14:03] 天残少女王朗: 挥刀向更弱者😡说完布罗利开始封禁弹幕
[2026-02-22 01:14:04] 和聯勝话事人邓伯: 砒霜＞老汤
[2026-02-22 01:14:04] C4LLM3L1UN0NG: 挥刀向更弱者😡说完布罗利开始封禁弹幕
[2026-02-22 01:14:04] 吊人日子不过了: 又开始立你那爱汤人设了
[2026-02-22 01:14:04] LvvsiN: @阿汤日记：一个人，5发子弹，保住格陵兰岛。我不会叫它不可能完成的任务，我现在只想先回家看亦博
[2026-02-22 01:14:04] 阿狗阿狗ii: PV要是冠军，猎鹰就是亚军了啊！
[2026-02-22 01:14:04] 刘刘的农: 挥刀向更弱者😡说完布罗利开始封禁弹幕
[2026-02-22 01:14:05] 好哥们黑龙歼灭刀: 原来尼尼挥刀向nota是因为他认为nota是更强者啊
[2026-02-22 01:14:05] znnoy: 挥刀向更弱者😡说完布罗利开始封禁弹幕
[2026-02-22 01:14:05] 最后波纹: @HooXi：Rain我教你，你就一直发狙发英雄ak给Dev1ce，发到他都受不了自己有多菜就退队了
[2026-02-22 01:14:05] 荣誉马莱人丶贾碧:     @niko：强者就挥刀向更强者，说完一刀往nota尸体上挥去🤭
[2026-02-22 01:14:05] 差不多66先生: 选择大于努力
[2026-02-22 01:14:05] I手写的从前I: 又开始立你那爱汤人设了
[2026-02-22 01:14:05] C0C00N: 还有molodoy
[2026-02-22 01:14:05] 玩弓箭、Arrow: 挥刀向更弱者😡说完布罗利开始封禁弹幕
[2026-02-22 01:14:05] 中野家的三玖丈夫本人: s1ren vs sirah
[2026-02-22 01:14:06] 玻璃xin: 又开始立你那爱汤人设了
[2026-02-22 01:14:06] 吃烧烤得吃烤茄子: 这不胖球吗
[2026-02-22 01:14:06] 网瘾少年诺里斯: ＠niko：强者就挥刀向更强者，说完一刀往nota尸体上挥去🤭
[2026-02-22 01:14:06] 专看玩机器的号: 又开始立你那爱汤人设了
[2026-02-22 01:14:06] 丰III祥子: 又开始立你那爱汤人设了
[2026-02-22 01:14:06] 牢霸道了: 又开始立你那爱汤人设了
[2026-02-22 01:14:07] 火魔创造: 又开始立你那爱汤人设了
[2026-02-22 01:14:07] 辣辣米米辣辣: 忘本了
[2026-02-22 01:14:07] 欧阳娜娜的老公本人: 我都不知道donk在干什么，猎鹰都被淘汰了，他也不知道来猎鹰帮帮京介
[2026-02-22 01:14:07] znnoy: 挥刀向更弱者😡说完布罗利开始封禁弹幕
[2026-02-22 01:14:07] 卧看星河尽意明丶: 又开始立你那爱汤人设了
[2026-02-22 01:14:08] 派瑞希: 他不这个战绩他能在这个队吗
[2026-02-22 01:14:08] 猎鹰的千早爱音本人: @Dev1ce:哈哈哈哈，儿子，爹丢不丢人？爹菜不菜？😁（开心地空枪）
[2026-02-22 01:14:08] 吼猴救不了: 1
[2026-02-22 01:14:08] LvvsiN: 别解说了 多聊会天 你不会真的以为能输吧
[2026-02-22 01:14:09] SuperP681: 又开始立你那爱汤人设了
[2026-02-22 01:14:09] rick4759: @阿良良木历Koyomi：又开始立你那爱汤人设了
[2026-02-22 01:14:09] 承認欲求: 又开始立你那爱汤人设了
[2026-02-22 01:14:09] Aysell: @Dev1ce:哈哈哈哈，儿子，爹丢不丢人？爹菜不菜？😁（开心地空枪）
[2026-02-22 01:14:09] 猎魔人莫德凯撒: @HooXi：Rain我教你，你就一直发狙发英雄ak给Dev1ce，发到他都受不了自己有多菜就退队了
[2026-02-22 01:14:09] 不存在的t1m1ng: 又开始立你那爱汤人设了
[2026-02-22 01:14:10] 跳跃的司令官:  挥刀向更弱者😡说完布罗利开始封禁弹幕
[2026-02-22 01:14:10] Roside: 这反应还不如niko编的似人😦
[2026-02-22 01:14:10] ymyyo: 抓娃娃
[2026-02-22 01:14:10] 2332lla: 挥刀向更弱者😡说完布罗利开始封禁弹幕
[2026-02-22 01:14:10] LvvsiN: 额，拿亚军我都会，拿亚军，拿季军，拿四强，拿八强，拿十六强，呃拿冠军我不会，然后小组赛淘汰
[2026-02-22 01:14:11] 好哥们黑龙歼灭刀: 挥刀向更弱者😡说完布罗利开始封禁弹幕
[2026-02-22 01:14:11] 元恩不动c万丽娜本人: 原来尼尼挥刀向nota是因为他认为nota是更强者啊
[2026-02-22 01:14:11] 爱吃青椒的重曹酱: 比挥刀向似人强
[2026-02-22 01:14:11] 江本筑原: 原来尼尼挥刀向nota是因为他认为nota是更强者啊
[2026-02-22 01:14:11] 正经猪头肉: 已经是抗渗了
[2026-02-22 01:14:11] 迦若: 忘本了
[2026-02-22 01:14:11] znnoy: 挥刀向更弱者😡说完布罗利开始封禁弹幕
[2026-02-22 01:14:11] 寂静世界876: 处刑😆处刑🤣处刑😄处刑😅处刑😋处刑🤪处刑😝处刑🤗处刑🤭
[2026-02-22 01:14:11] A队的三角初音本人: 又开始立你那爱汤人设了
[2026-02-22 01:14:12] 正直的鸡哥: 尼尼孩孩都在编，龙哥怎么不编，情商那么低怪不得要被踢
[2026-02-22 01:14:12] 屌閪鳩撚柒: sirah？si rat！
[2026-02-22 01:14:12] 四眼呆猫xx: 砒霜＞老汤
[2026-02-22 01:14:12] 大姜饼: 挥刀向更弱者😡说完布罗利开始封禁弹幕
[2026-02-22 01:14:12] 7hydrangea7: 原来尼尼挥刀向nota是因为他认为nota是更强者啊
[2026-02-22 01:14:13] 迷你世界丁真学姐1: 又开始立你那爱汤人设了
[2026-02-22 01:14:13] CapStatus: 又开始立你那爱汤人设了
[2026-02-22 01:14:13] 双刀牛TMac: 挥刀向更弱者😡说完布罗利开始封禁弹幕
[2026-02-22 01:14:13] ST骑士: 又开始立你那爱汤人设了
[2026-02-22 01:14:13] 冲上云霄的姨: pv决赛一定要输啊，这样猎鹰又是季军了
[2026-02-22 01:14:14] 和聯勝话事人邓伯: 砒霜＞老汤
[2026-02-22 01:14:14] PKURoger: 詹姆赢了挥刀向更强者，布罗利当个破房管挥刀向直播间弹幕😂
[2026-02-22 01:14:14] 东云夜合: 挥刀向更弱者😡说完布罗利开始封禁弹幕
[2026-02-22 01:14:14] 黑色圣衣BAKA: 又开始立你那爱汤人设了
[2026-02-22 01:14:14] LvvsiN: 其实碗橱就是猪灵，你不拿黄金丢他他就不跟你说话
[2026-02-22 01:14:14] 衰神177: 又开始立你那爱汤人设了
[2026-02-22 01:14:14] 强尼银手VVV: 又开始立你那爱汤人设了
[2026-02-22 01:14:15] 额滴神呀: Kk:在哪发财呢
[2026-02-22 01:14:15] 最后波纹: @HooXi：Rain我教你，你就一直发狙发英雄ak给Dev1ce，发到他都受不了自己有多菜就退队了
[2026-02-22 01:14:15] C4LLM3L1UN0NG:  又开始立你那爱汤人设了
[2026-02-22 01:14:15] 爱吃青椒的重曹酱: 巩固下爱汤人设
[2026-02-22 01:14:16] 薯薯在孩孩洞洞刘农: 又开始立你那爱汤人设了
[2026-02-22 01:14:16] 好哥们黑龙歼灭刀: 又开始立你那爱汤人设了
[2026-02-22 01:14:16] 爱洛魔神仙台叶月: ?
[2026-02-22 01:14:16] 正经猪头肉: 私人
[2026-02-22 01:14:16] LvvsiN: 我提一嘴这剧情越来越像上海major了
[2026-02-22 01:14:17] 骑蜗牛追杀: 玩哥你下播吧，我不敢想2点小蜜蜂比赛的王朝爆弹有多恐怖
[2026-02-22 01:14:17] 神官喵: 现在数学考试，这10个人总共有几个major冠军
[2026-02-22 01:14:17] 静寂风: ？
[2026-02-22 01:14:17] 爱斯忑音音: ？
[2026-02-22 01:14:17] 田中口三才: 左边贴的又是什么狗皮膏药😅😅😅😅😅😅
[2026-02-22 01:14:17] 4846836538542: 挥刀向更弱者😡说完布罗利开始封禁弹幕
[2026-02-22 01:14:17] 今天你要来点兔子吗404: 尼尼孩孩都在编，龙哥怎么不编，情商那么低怪不得要被踢
[2026-02-22 01:14:18] 承認欲求: 挥刀向更弱者😡说完布罗利开始封禁弹幕
[2026-02-22 01:14:18] 秋茶小雪: ？
[2026-02-22 01:14:18] 你给我灰来: ？？
[2026-02-22 01:14:18] 吃烧烤得吃烤茄子: 小丑
[2026-02-22 01:14:18] LvvsiN: 别解说了 多聊会天 你不会真的以为能输吧
[2026-02-22 01:14:19] 就爱吃辣咋的: 死人
[2026-02-22 01:14:19] 菅原小吉: 哈哈哈哈哈哈哈哈哈哈哈哈哈哈哈哈哈哈哈
[2026-02-22 01:14:19] 额滴神呀: ？？
[2026-02-22 01:14:19] jdnvbtbtb: 又开始立你那爱汤人设了
[2026-02-22 01:14:19] 正经猪头肉: 私人
[2026-02-22 01:14:19] 玩刘农device: ？
[2026-02-22 01:14:20] 强尼银手VVV: ？
[2026-02-22 01:14:20] 用户3853464680: SIREN
[2026-02-22 01:14:20] 丿哈哈大笑: 哈哈哈
[2026-02-22 01:14:20] 静寂风: 神人
[2026-02-22 01:14:20] 讽风有情: ？
[2026-02-22 01:14:20] 迪奥雷: 已经是siren了
[2026-02-22 01:14:20] 普丽瓦蒂: ？
[2026-02-22 01:14:20] LettingItGO: 扳机纪律
[2026-02-22 01:14:20] I手写的从前I: 挥刀向更弱者😡说完布罗利开始封禁弹幕
[2026-02-22 01:14:20] Killajoy: 哈哈哈哈
[2026-02-22 01:14:20] 用户3661578: 哈哈哈哈哈
[2026-02-22 01:14:20] 四眼呆猫xx: ？
[2026-02-22 01:14:20] LvvsiN: 南孚一节更比六节强，也就是一节南孚比六节南孚强，六节南孚比三十六节强，三十六节比二百一十六节强
[2026-02-22 01:14:21] G2的device本人: ？
[2026-02-22 01:14:21] 鹿公爷: 哈哈哈哈哈哈哈
[2026-02-22 01:14:21] 可苦可乐GRA: siren
[2026-02-22 01:14:21] THU头号玩小将: ？？？？
[2026-02-22 01:14:21] 反方向的绪: ?
[2026-02-22 01:14:21] BleksiA: 哈哈哈哈哈哈哈
[2026-02-22 01:14:21] Rcand: 又开始立你那爱汤人设了
[2026-02-22 01:14:21] viovvvvvvvon: ？
[2026-02-22 01:14:21] jamesfaith23: 死人
[2026-02-22 01:14:21] KYJunr: hhhh
[2026-02-22 01:14:21] NES丶大白白白呐: ？
[2026-02-22 01:14:22] 我是一个医保卡: ？
[2026-02-22 01:14:22] 玉蜀黍巧克力: ？
[2026-02-22 01:14:22] zin桀zera: 私人
[2026-02-22 01:14:22] 玻璃xin: ？？？
[2026-02-22 01:14:22] 怒之拳: 又开始立你那爱汤人设了
[2026-02-22 01:14:22] LokiAka: 哈哈哈哈哈哈哈desuw@
[2026-02-22 01:14:22] 南燕swallow: ？？？
[2026-02-22 01:14:23] 小肥羊0574: 哈哈
[2026-02-22 01:14:23] 胡椒胡椒胡椒胡椒胡椒: 私人
[2026-02-22 01:14:23] 足球上帝托马斯阿芒: pv夺冠，感觉niko又能偷mvp了啊
[2026-02-22 01:14:23] 拉特兰的Exus1a1本人: 神人
[2026-02-22 01:14:23] 莫情123: 🤡
[2026-02-22 01:14:23] 看到pussy流出milk才死心: 啊？？？？？
[2026-02-22 01:14:23] 樂斯特樂樂: ？？？？？？？
[2026-02-22 01:14:23] ma0yu: ？？
[2026-02-22 01:14:24] GF-of-GotohHitori、Kita: 小丑
[2026-02-22 01:14:24] Dartline: 死人
[2026-02-22 01:14:24] 好哥们黑龙歼灭刀: 尼尼孩孩都在编，龙哥怎么不编，情商那么低怪不得要被踢
[2026-02-22 01:14:24] 想要舌吻m0NESY: s1ren vs  s1rah
[2026-02-22 01:14:24] 用户53477423: 死人
[2026-02-22 01:14:24] 柚子厨0721: 哈哈哈哈哈哈哈
[2026-02-22 01:14:25] 不知名贝斯手: ？
[2026-02-22 01:14:25] 静寂风: 神人
[2026-02-22 01:14:25] 玩鸡器的咬人猫: ？
[2026-02-22 01:14:25] 晓雨亦云: 哈哈哈
[2026-02-22 01:14:25] 小众宝藏玩小将: 小丑
[2026-02-22 01:14:25] SaberMax丶: 哈哈哈哈哈
[2026-02-22 01:14:25] 长泽雅美是我老婆: 死人
[2026-02-22 01:14:26] 银睿憨: 哈哈哈哈哈哈哈desuw@
[2026-02-22 01:14:26] 可苦可乐GRA: 《siren》
[2026-02-22 01:14:26] 白河日和: 哈哈哈哈哈哈
[2026-02-22 01:14:26] Rainwedell: 神人
[2026-02-22 01:14:26] Ha1baraAi丶: 哈哈哈哈哈哈哈
[2026-02-22 01:14:26] 酒姑娘的小枫: 汤味渐农
[2026-02-22 01:14:27] 土俗火焰: 哈哈哈哈哈哈哈哈哈哈哈哈哈
[2026-02-22 01:14:27] 困惑地熊猫: 又开始立你那爱汤人设了
[2026-02-22 01:14:27] 邪皇的切入: 哈哈哈哈哈
[2026-02-22 01:14:27] 桁98774: 扳机纪律
[2026-02-22 01:14:27] 丶小恐龙丶: 私人
[2026-02-22 01:14:28] 大头丸: 似人
[2026-02-22 01:14:28] Natsu51776: 神了
[2026-02-22 01:14:28] 锅里的粽子233: 扳机纪律来了
[2026-02-22 01:14:28] 两仪两仪织: ？
[2026-02-22 01:14:28] Ch1Sa-: ？
[2026-02-22 01:14:28] 萧萧马鸣: 闹麻了，直接让nota来直播间送个飞机，永远不死不就解决了
[2026-02-22 01:14:28] 夏空喵: 铁木真赛
[2026-02-22 01:14:28] 捂二哥: 哇，是人
[2026-02-22 01:14:29] 猎魔人莫德凯撒: 南孚一节更比六节强，也就是一节南孚比六节南孚强，六节南孚比三十六节强，三十六节比二百一十六节强
[2026-02-22 01:14:29] 上船七年没谈过: 神人
[2026-02-22 01:14:29] mujica的长崎素世本人: 局外人
[2026-02-22 01:14:29] 就爱吃辣咋的: 神人
[2026-02-22 01:14:30] 杰洛齐贝林3: 死人
[2026-02-22 01:14:30] 宋叔叔顶住了: 退回去了
[2026-02-22 01:14:30] 香港分社记者: 其实我不是很懂主播为什么孝设备，孝了又没有🚀收
[2026-02-22 01:14:30] 新用户259: 又开始立你那爱汤人设了
[2026-02-22 01:14:31] 好姐妹五更琉璃喵: 死人
[2026-02-22 01:14:31] 哈哈鲤鱼哲: PV要是冠军猎鹰就是亚军！猎鹰要是亚军猎鹰就是季军！
[2026-02-22 01:14:31] 用户3661578: 逃过一劫
[2026-02-22 01:14:31] 玩猫娘、planecup: 挥刀向更弱者😡说完布罗利开始封禁弹幕
[2026-02-22 01:14:31] 好姐妹索菲亚: 扳机纪律
[2026-02-22 01:14:32] 普丽瓦蒂: 哈哈哈哈哈哈哈哈哈哈哈
[2026-02-22 01:14:32] 秋茶小雪: 圣人
[2026-02-22 01:14:32] 狂野银幕长崎素世: 死人
[2026-02-22 01:14:32] Rinnow: 死人
[2026-02-22 01:14:32] 青蘖: 神队
[2026-02-22 01:14:32] 土俗火焰: 神队
[2026-02-22 01:14:33] LvvsiN: 别解说了 多聊会天 你不会真的以为能输吧
[2026-02-22 01:14:33] 鹿公爷: 扳机纪律
[2026-02-22 01:14:33] 怪诞狂人: 铁木真赛
[2026-02-22 01:14:33] chukap: 哈哈哈哈
[2026-02-22 01:14:33] 7hydrangea7: 原来尼尼挥刀向nota是因为他认为nota是更强者啊
[2026-02-22 01:14:33] 最后波纹: @HooXi：Rain我教你，你就一直发狙发英雄ak给Dev1ce，发到他都受不了自己有多菜就退队了
[2026-02-22 01:14:34] 四眼呆猫xx: 死人
[2026-02-22 01:14:34] 小蜜蜂的长期素食本人: 神人
[2026-02-22 01:14:34] 爱吃青椒的重曹酱: PV要是冠军，猎鹰就是亚军了啊！
[2026-02-22 01:14:34] 两仪两仪织: 扳机纪律来了
[2026-02-22 01:14:34] 寂静世界876: 😩👎吁！！😩👎吁！！😩👎吁！！😩👎吁！！😩👎吁！！😩👎吁！！😩👎
[2026-02-22 01:14:35] 好兄弟鲁迪乌斯: 班级纪律
[2026-02-22 01:14:35] bsqqaq: niko来砍死人了
[2026-02-22 01:14:35] znnoy: 挥刀向更弱者😡说完布罗利开始封禁弹幕
[2026-02-22 01:14:35] 用户02938034: 狗鼠
[2026-02-22 01:14:36] Wi1en: 太有纪律了
[2026-02-22 01:14:36] 土俗火焰: 哈哈哈哈哈哈哈哈
[2026-02-22 01:14:36] 可苦可乐GRA: 《siren》
[2026-02-22 01:14:36] 咩力羊: 怀念最好的一个人
[2026-02-22 01:14:37] 声没丸山彩: 死人
[2026-02-22 01:14:37] 卧看星河尽意明丶: 怀念那个最好的五人组：蛋监 开荣 总特 难翻 死人
[2026-02-22 01:14:37] 蜂花护发素A: 1
[2026-02-22 01:14:37] LvvsiN: 男人一生只哭十八次：niko十七次梦碎major正赛, niko梦碎里约major RMR
[2026-02-22 01:14:37] zbq93: 扳机纪律
[2026-02-22 01:14:37] 骑蜗牛追杀: 玩哥你下播吧，我不敢想2点小蜜蜂比赛的王朝爆弹有多恐怖
[2026-02-22 01:14:37] 玩机器你能不能闭嘴: 上次发明银行业的被房管封了，理性讨论编尸的也被房管封了，以后猎鹰要夺冠了你也叫房管给尼孩封了呗😓
[2026-02-22 01:14:38] bsqqaq: niko来砍死人了
[2026-02-22 01:14:38] 九折水瓶丶: 草！被艺术冰霜diff！谁再说老汤本质高手!
[2026-02-22 01:14:38] ZLG彪winner: niko的MVP稳了啊
[2026-02-22 01:14:38] 你给我灰来: 死人真死了
[2026-02-22 01:14:38] fkoff: 娜美逝了
[2026-02-22 01:14:38] 迪奥雷: 流脓？
[2026-02-22 01:14:38] BleksiA: 扳机纪律
[2026-02-22 01:14:38] EDG的皮特174本人: 扳机纪律
[2026-02-22 01:14:38] 可苦可乐GRA: 《siren》《siren》
[2026-02-22 01:14:38] 哈基米曼波123: 现在cs比赛似人已经成位置了吗，怎么两边都有似人
[2026-02-22 01:14:39] LvvsiN: 男人一生只哭十八次：niko十七次梦碎major正赛, niko梦碎里约major RMR
[2026-02-22 01:14:39] 寂静世界876: 😩👎吁！！😩👎吁！！😩👎吁！！😩👎吁！！😩👎吁！！😩👎吁！！😩👎
[2026-02-22 01:14:39] 啪啪啪啪的蛋: 挥刀向更弱者😡说完布罗利开始封禁弹幕
[2026-02-22 01:14:39] PKURoger: 其实我不是很懂主播为什么孝设备，孝了又没有🚀收
[2026-02-22 01:14:40] 最爱的马卡龙: 布罗利就是个niko，太monesy了，全价京介来
[2026-02-22 01:14:40] 天守阁信长: 挥刀向更弱者😡说完布罗利开始封禁弹幕
[2026-02-22 01:14:40] bsqqaq: niko来砍死人了
[2026-02-22 01:14:40] 科比劳大爱肘击: 板机纪律
[2026-02-22 01:14:41] 好哥们恩佐: 扳机纪律
[2026-02-22 01:14:41] 空对月: 怎么有人戴着战术目镜
[2026-02-22 01:14:41] LvvsiN: 就tm喜欢银行业🥰银行坏账我喜欢🥰银行挤兑我还喜欢😍利率调低我也喜欢🤤老子亲烂银行业的脸😘
[2026-02-22 01:14:41] 爱吃青椒的重曹酱: 又开始立你那爱汤人设了
[2026-02-22 01:14:42] 寂静世界876: 😩👎吁！！😩👎吁！！😩👎吁！！😩👎吁！！😩👎吁！！😩👎吁！！😩👎
[2026-02-22 01:14:42] 好姐妹弓塚五月: 死人
[2026-02-22 01:14:42] 可苦可乐GRA: 《siren》《siren》《siren》《siren》《siren》《siren》《siren》
[2026-02-22 01:14:42] 阿雨desuwa: 挥刀向更弱者😡说完布罗利开始封禁弹幕
[2026-02-22 01:14:43] LvvsiN: 你屏蔽词都快赶上新华词典了为什么不干脆开一百级发言？
[2026-02-22 01:14:43] bsqqaq: niko来砍死人了
[2026-02-22 01:14:44] 用户5608006019: 死人
[2026-02-22 01:14:44] Vitality的Zyw0o0本人: @HooXi：Rain我教你，你就一直发狙发英雄ak给Dev1ce，发到他都受不了自己有多菜就退队了
[2026-02-22 01:14:44] 菅原小吉: 神队
[2026-02-22 01:14:44] 江發福: 还搁这直播呢？圣主突破封印，布莱克警长正组织反击，其他生肖都到了，就差你这头猪了！！！！
[2026-02-22 01:14:44] 玉米卧槽: 挥刀向更弱者😡说完布罗利开始封禁弹幕
[2026-02-22 01:14:44] 身旁冷清拥挤丶: major mvp（4-10） 老🐷的指挥（11-7）
[2026-02-22 01:14:44] viovvvvvvvon: 扳机纪律
[2026-02-22 01:14:44] 为所欲为丶中二林: 私人
[2026-02-22 01:14:44] 寂静世界876: 😩👎吁！！😩👎吁！！😩👎吁！！😩👎吁！！😩👎吁！！😩👎吁！！😩👎
[2026-02-22 01:14:45] 好哥们黑龙歼灭刀: 上次发明银行业的被房管封了，理性讨论编尸的也被房管封了，以后猎鹰要夺冠了你也叫房管给尼孩封了呗😓
[2026-02-22 01:14:45] LvvsiN: 我提一嘴这剧情越来越像上海major了
[2026-02-22 01:14:45] 成都胖载物: 完啦
[2026-02-22 01:14:45] 网友昊龙许: 私人
[2026-02-22 01:14:46] 果冻果酱832: 这艺术冰霜戴的啥
[2026-02-22 01:14:46] Roside: 上次发明银行业的被房管封了，理性讨论编尸的也被房管封了，以后猎鹰要夺冠了你也叫房管给尼孩封了呗😓
[2026-02-22 01:14:46] 7hydrangea7: 原来尼尼挥刀向nota是因为他认为nota是更强者啊
[2026-02-22 01:14:46] SekaiKamiki: 活人
[2026-02-22 01:14:46] 太行山积雪: 上次发明银行业的被房管封了，理性讨论编尸的也被房管封了，以后猎鹰要夺冠了你也叫房管给尼孩封了呗😓
[2026-02-22 01:14:46] Killajoy: 活人
[2026-02-22 01:14:46] bsqqaq: niko来砍死人了
[2026-02-22 01:14:46] 哦丁Oading: 上次发明银行业的被房管封了，理性讨论编尸的也被房管封了，以后猎鹰要夺冠了你也叫房管给尼孩封了呗😓
[2026-02-22 01:14:46] 一条无梦鱼: 不孝
[2026-02-22 01:14:47] 玩机器的小丁: 板机纪律
[2026-02-22 01:14:47] 这下洗不清咯: 伏笔消除
[2026-02-22 01:14:47] LvvsiN: 孩子们快跑，马修赫伯特来了😨卧槽你的怎么是马枪和BOT
[2026-02-22 01:14:47] A1report: 上次发明银行业的被房管封了，理性讨论编尸的也被房管封了，以后猎鹰要夺冠了你也叫房管给尼孩封了呗😓
[2026-02-22 01:14:47] 承認欲求: 你又不高兴真打
[2026-02-22 01:14:47] 王佰柒柒: 板机纪律
[2026-02-22 01:14:48] Dartline: 死圣
[2026-02-22 01:14:48] 七色的人偶使者: niko来砍死人了
[2026-02-22 01:14:48] 追凤先生缝老八: 死人
[2026-02-22 01:14:48] 小蜜蜂的长期素食本人: 扳机纪律
[2026-02-22 01:14:48] 莫情123: 死人
[2026-02-22 01:14:48] 斩斩斩斩斩吧: 收回伏笔
[2026-02-22 01:14:48] Campbell头号玩小将: 最好的一个人
[2026-02-22 01:14:48] suicho: 扳机纪律
[2026-02-22 01:14:48] 冲上云霄的姨: 玩哥你下播吧，我不敢想2点小蜜蜂比赛的王朝爆弹有多恐怖
[2026-02-22 01:14:48] 懒懒肩肩奥奥夫夫讷讷: 扳机纪律
[2026-02-22 01:14:49] s坑华: 草！被艺术冰霜diff！谁再说老汤本质高手!
[2026-02-22 01:14:49] Yuki111: niko来砍死人了
[2026-02-22 01:14:49] ymyyo: 又开始立你那爱汤人设了
[2026-02-22 01:14:49] 静寂风: 哈哈哈h
[2026-02-22 01:14:49] 童年之柒: 老爸倒了
[2026-02-22 01:14:49] bsqqaq: niko来砍死人了
[2026-02-22 01:14:49] 一把米诺r: +
[2026-02-22 01:14:49] 冉冉的脚趾皮: 活人
[2026-02-22 01:14:49] 专看玩机器的号: 晦气
[2026-02-22 01:14:50] HastsuneMiku: 死人
[2026-02-22 01:14:50] Sereinily: 活人
[2026-02-22 01:14:50] Device私生女尼古拉祥子: 挥刀向更弱者😡说完布罗利开始封禁弹幕ですわだ⭐ぜ！
[2026-02-22 01:14:50] 已经意识模糊了: 板机纪律
[2026-02-22 01:14:50] 龙炎执一: 笑死了
[2026-02-22 01:14:50] 中野家的三玖丈夫本人: 还搁这直播呢？圣主突破封印，布莱克警长正组织反击，其他生肖都到了，就差你这头猪了！！！！
[2026-02-22 01:14:51] 玩刘农device: 你不懂扳机纪律
[2026-02-22 01:14:51] 亚历山大赫伯特: （🖕 ◕‿◕ ༽つ（🖕 ◕‿◕ ༽つ（🖕 ◕‿◕ ༽つ（🖕 ◕‿◕ ༽つ
[2026-02-22 01:14:51] 樂斯特樂樂: ?
[2026-02-22 01:14:51] PKURoger: 《siren》《siren》《siren》《siren》《siren》《siren》《siren》
[2026-02-22 01:14:51] 白皇的三千院Nagi本人: 扳机纪律
[2026-02-22 01:14:51] xOcOg: 【格陵兰战报】目前大东指挥7回合，设备指挥5回合，大东指挥设备送10次，设备拿下关键击杀4个
[2026-02-22 01:14:51] 可苦可乐GRA: 《siren》《siren》《siren》《siren》《siren》《siren》《siren》
[2026-02-22 01:14:51] desuwa的丰川祥子本人: 上次发明银行业的被房管封了，理性讨论编尸的也被房管封了，以后猎鹰要夺冠了你也叫房管给尼孩封了呗😓
[2026-02-22 01:14:51] Subto: 又开始立你那爱汤人设了
[2026-02-22 01:14:52] 和聯勝话事人邓伯: 怎么有人戴着战术目镜
[2026-02-22 01:14:52] 伦敦千早爱: 我已经编了七个烂梗没有人加一了，感觉我就像分析台上的阿杜一样无力喵
[2026-02-22 01:14:52] Se7eNGodZ: 汤汤雨雨罗马八强
[2026-02-22 01:14:52] 困惑地熊猫: siren活了
[2026-02-22 01:14:52] 冰上梅露露: 板机纪律
[2026-02-22 01:14:52] loverboy888: 板机纪律
[2026-02-22 01:14:53] 用户4933290078: 上次发明银行业的被房管封了，理性讨论编尸的也被房管封了，以后猎鹰要夺冠了你也叫房管给尼孩封了呗😓
[2026-02-22 01:14:53] 斗鱼用户3296811589: 挥刀向更弱者😡说完布罗利开始封禁弹幕
[2026-02-22 01:14:53] 水球碳酸饮料: 板机纪律
[2026-02-22 01:14:53] 尼永孝: 怀念最好的五个人
[2026-02-22 01:14:53] 土俗火焰: 哈哈哈哈哈哈哈扑朔迷离
[2026-02-22 01:14:53] HaibaraAi1109: 上次发明银行业的被房管封了，理性讨论编尸的也被房管封了，以后猎鹰要夺冠了你也叫房管给尼孩封了呗😓
[2026-02-22 01:14:53] 玩大哥我双倍呢: 不考
[2026-02-22 01:14:53] 華之君: 板机纪律
[2026-02-22 01:14:54] 教育片來一部: 上次发明银行业的被房管封了，理性讨论编尸的也被房管封了，以后猎鹰要夺冠了你也叫房管给尼孩封了呗😓
[2026-02-22 01:14:54] ymyyo: 你屏蔽词都快赶上新华词典了为什么不干脆开一百级发言？
[2026-02-22 01:14:54] 什井蛋: 上次发明银行业的被房管封了，理性讨论编尸的也被房管封了，以后猎鹰要夺冠了你也叫房管给尼孩封了呗😓
[2026-02-22 01:14:54] 玩斯特出出6657: 板机纪律
[2026-02-22 01:14:54] 爆爆爆开爆: niko来砍死人了
[2026-02-22 01:14:55] shirnkk: 扳机纪律
[2026-02-22 01:14:55] Shadow丶zed: 上次发明银行业的被房管封了，理性讨论编尸的也被房管封了，以后猎鹰要夺冠了你也叫房管给尼孩封了呗😓
[2026-02-22 01:14:55] 散散散散散风: 上次发明银行业的被房管封了，理性讨论编尸的也被房管封了，以后猎鹰要夺冠了你也叫房管给尼孩封了呗😓
[2026-02-22 01:14:55] 求奶lzx考不上华南师范: 上次发明银行业的被房管封了，理性讨论编尸的也被房管封了，以后猎鹰要夺冠了你也叫房管给尼孩封了呗😓
[2026-02-22 01:14:55] 田中口三才: 板机纪律
[2026-02-22 01:14:55] 静寂风: 神人
[2026-02-22 01:14:55] 冲上云霄的姨: 上次发明银行业的被房管封了，理性讨论编尸的也被房管封了，以后猎鹰要夺冠了你也叫房管给尼孩封了呗😓
[2026-02-22 01:14:56] 承認欲求: 你又不高兴，真打
[2026-02-22 01:14:56] WE丶繁梦: major mvp（4-10） 老🐷的指挥（11-7）
[2026-02-22 01:14:56] 玩迩妈丶master: 你不懂扳机纪律
[2026-02-22 01:14:56] 十六夜亞紀: 神人比赛
[2026-02-22 01:14:56] 青蘖: 太精彩了，这才是我想看的小众宝藏比赛🥳
[2026-02-22 01:14:56] 山田凉来了: 又开始立你那爱汤人设了
[2026-02-22 01:14:56] 凌晨的梦很美: 老爸倒了
[2026-02-22 01:14:57] 本间芽衣子ya: 怎么有人戴着战术目镜
[2026-02-22 01:14:57] 老尼的虾线: 怎么有两个塞壬
[2026-02-22 01:14:57] 好儿子刘易博: 挥刀向更弱者😡说完布罗利开始封禁弹幕ですわだ⭐ぜ！
[2026-02-22 01:14:57] 小箱我亲死你: 这个4-10是谁的父亲…
[2026-02-22 01:14:57] Aysell: （🖕 ◕‿◕ ༽つ（🖕 ◕‿◕ ༽つ（🖕 ◕‿◕ ༽つ（🖕
[2026-02-22 01:14:58] 白河日和: 活人
[2026-02-22 01:14:58] Rainwedell: 扳机纪律太好了
[2026-02-22 01:14:58] 鹿公爷: @HooXi：Rain我教你，你就一直发狙发英雄ak给Dev1ce，发到他都受不了自己有多菜就退队了
[2026-02-22 01:14:58] GF-of-GotohHitori、Kita: 感觉进攻5分还有机会啊
[2026-02-22 01:14:58] 青蘖: 太精彩了，这才是我想看的小众宝藏比赛🥳
[2026-02-22 01:14:59] bsqqaq: niko来砍死人了懂我意思吗
[2026-02-22 01:14:59] device也该多接一个的: （🖕 ◕‿◕ ༽つ（🖕 ◕‿◕ ༽つ（🖕 ◕‿◕ ༽つ（🖕 ◕‿◕ ༽つ
[2026-02-22 01:14:59] oldhen吃苹果: 上次发明银行业的被房管封了，理性讨论编尸的也被房管封了，以后猎鹰要夺冠了你也叫房管给尼孩封了呗😓
[2026-02-22 01:14:59] 骂我皆为调情丷: 板机纪律
[2026-02-22 01:14:59] BL黑光: 板机纪律
[2026-02-22 01:14:59] 海绵宝宝尼若儿: 上次发明银行业的被房管封了，理性讨论编尸的也被房管封了，以后猎鹰要夺冠了你也叫房管给尼孩封了呗😓
[2026-02-22 01:15:00] 香港分社记者: 主播孝设备又没有🚀收
[2026-02-22 01:15:00] 玩机器你好香你好香: 申请看丰川億百萬 懂得➕1
[2026-02-22 01:15:00] ok奶绿: 上次发明银行业的被房管封了，理性讨论编尸的也被房管封了，以后猎鹰要夺冠了你也叫房管给尼孩封了呗😓
[2026-02-22 01:15:01] disableD157貳號機: 【格陵兰战报】目前大东指挥7回合，设备指挥5回合，大东指挥设备送10次，设备拿下关键击杀4个
[2026-02-22 01:15:01] 用户3661578: 过了一遍鬼门关
[2026-02-22 01:15:01] 八雲藍official: 上次发明银行业的被房管封了，理性讨论编尸的也被房管封了，以后猎鹰要夺冠了你也叫房管给尼孩封了呗😓
[2026-02-22 01:15:01] 刘刘的农: 挥刀向更弱者😡说完布罗利开始封禁弹幕
[2026-02-22 01:15:01] ShanoaM: 神队
[2026-02-22 01:15:01] leon423: 上次发明银行业的被房管封了，理性讨论编尸的也被房管封了，以后猎鹰要夺冠了你也叫房管给尼孩封了呗😓
[2026-02-22 01:15:01] 斗鱼用户3296811589: 板机纪律
[2026-02-22 01:15:01] Nikolofmeister: 为什么把卫生巾绑在头上
[2026-02-22 01:15:02] 一条也够: 　　　 最好的一个人
[2026-02-22 01:15:02] bsqqaq: niko来砍死人了懂我意思吗
[2026-02-22 01:15:03] 爱吃青椒的重曹酱: 今天的重点（4-9）
[2026-02-22 01:15:03] s坑华: 这个4-10是谁的父亲…
[2026-02-22 01:15:03] 为龙iAmWarmLight: 上次发明银行业的被房管封了，理性讨论编尸的也被房管封了，以后猎鹰要夺冠了你也叫房管给尼孩封了呗😓
[2026-02-22 01:15:03] 玉米卧槽: 这个4-10是谁的父亲…
[2026-02-22 01:15:03] LvvsiN: 玩宝宝，我发现在大学上学的时候肄业会很舒服，你可以试试
[2026-02-22 01:15:03] 狂野银幕长崎素世: 最好的五个人只剩死人了😭😭😭😭😭
[2026-02-22 01:15:03] 樂斯特樂樂: 还戴眼罩？
[2026-02-22 01:15:03] HaibaraAi1109: niko来砍死人了懂我意思吗
[2026-02-22 01:15:04] 樱落鬼: 直播间和殡仪馆越来越像了，大家围着主角聊些不相干的东西，不烧点钱主播不会理你
[2026-02-22 01:15:04] 啊撒发撒发: 毙爸
[2026-02-22 01:15:04] racula: 挥刀向更弱者😡说完布罗利开始封禁弹幕
[2026-02-22 01:15:04] 声没丸山彩: 怀念最好的五个人
[2026-02-22 01:15:05] 康托尔74920: 放跑了放炮了
[2026-02-22 01:15:05] LvvsiN: 别解说了 多聊会天 你不会真的以为能输吧
[2026-02-22 01:15:05] 柳小目: 挥刀向更弱者😡说完布罗利开始封禁弹幕
[2026-02-22 01:15:05] 最后波纹: @HooXi：Rain我教你，你就一直发狙发英雄ak给Dev1ce，发到他都受不了自己有多菜就退队了
[2026-02-22 01:15:06] 玩家军的猪头肉本人: 上次发明银行业的被房管封了，理性讨论编尸的也被房管封了，以后猎鹰要夺冠了你也叫房管给尼孩封了呗😓
[2026-02-22 01:15:06] 改了名字能中奖666: 擦汗还是擦尿
[2026-02-22 01:15:06] Vitality的Zyw0o0本人: 这把玩神真拿下了
[2026-02-22 01:15:06] 青蘖: 太精彩了，这才是我想看的小众宝藏比赛🥳
[2026-02-22 01:15:06] wedd1ddeJodd: 这个siren一看就有恐尼症。。
[2026-02-22 01:15:07] 石家庄特色猪油火锅: 这个4-10是谁的父亲…
[2026-02-22 01:15:07] 梓川不是辛川: 挥刀向更弱者😡说完布罗利开始封禁弹幕
[2026-02-22 01:15:07] Navi的niko本人: 【格陵兰战报】目前大东指挥7回合，设备指挥5回合，大东指挥设备送10次，设备拿下关键击杀4个
[2026-02-22 01:15:07] 挥泪斩楚狗: 雨神脸色不对了
[2026-02-22 01:15:07] Laila丶丶: 为什么把卫生巾绑在头上
[2026-02-22 01:15:07] 玩机器你好香你好香: 申请看丰川億百萬 懂得➕1
[2026-02-22 01:15:07] LvvsiN: 玩宝宝，我发现在大学上学的时候肄业会很舒服，你可以试试
[2026-02-22 01:15:08] yunny0: @胖球：终于撑到玩大哥回防了
[2026-02-22 01:15:08] ShanoaM: 考
[2026-02-22 01:15:08] GF-of-GotohHitori、Kita: 这个4-10是谁的父亲…
[2026-02-22 01:15:08] 中南雏小鸟: 这个4-10是谁的父亲…
[2026-02-22 01:15:08] 有种你给爸爸碎: 没看数据，碗橱
[2026-02-22 01:15:08] 啪啪啪啪的蛋: ?眼罩吗
[2026-02-22 01:15:08] yattt777: “难道你想一辈子只拿亚军？听罢，niko⚡闭上眼，任由半决赛的八强如同瑞士轮般落在预选赛上”
[2026-02-22 01:15:08] 玩斯特出出6657: 考
[2026-02-22 01:15:08] 驴友到此一游: 孝
[2026-02-22 01:15:08] bsqqaq: niko来砍死人了懂我意思吗
[2026-02-22 01:15:09] 天魔外道y: 上次发明银行业的被房管封了，理性讨论编尸的也被房管封了，以后猎鹰要夺冠了你也叫房管给尼孩封了呗😓
[2026-02-22 01:15:09] 足球上帝托马斯阿芒: 大东脸色不对了
[2026-02-22 01:15:09] 御坂32512: 这个4-10是谁的父亲…
[2026-02-22 01:15:09] 明天就和蕾塞结婚: 挥刀向更弱者😡说完布罗利开始封禁弹幕
[2026-02-22 01:15:09] EDG的皮特174本人: 为什么把卫生巾绑在头上
[2026-02-22 01:15:09] loverboy888: 这个4-10是谁的父亲…
[2026-02-22 01:15:09] 我是一个医保卡: 这个4-10是谁的父亲…
[2026-02-22 01:15:10] 爱洛魔神仙台叶月: 屏 蔽词测试：Nαvi的s1mple在21年的mαjor击败Nikο夺得tοp1终末地
[2026-02-22 01:15:10] viovvvvvvvon: @HooXi：Rain我教你，你就一直发狙发英雄ak给Dev1ce，发到他都受不了自己有多菜就退队了
[2026-02-22 01:15:10] 寂静世界876: 😩👎吁！！😩👎吁！！😩👎吁！！😩👎吁！！😩👎吁！！😩👎吁！！😩👎
[2026-02-22 01:15:10] 刘刘的农: 挥刀向更弱者😡说完布罗利开始封禁弹幕
[2026-02-22 01:15:10] 丹cin: 直播间和殡仪馆越来越像了，大家围着主角聊些不相干的东西，不烧点钱主播不会理你
[2026-02-22 01:15:11] 北徐: 这个4-10是谁的父亲…
[2026-02-22 01:15:13] 玩机器亏内戴佳伟: 上次发明银行业的被房管封了，理性讨论编尸的也被房管封了，以后猎鹰要夺冠了你也叫房管给尼孩封了呗😓
[2026-02-22 01:15:14] 玩机器你好香你好香: 申请看丰川億百萬 懂得➕1
[2026-02-22 01:15:14] 娶不到相羽爱奈: 上次发明银行业的被房管封了，理性讨论编尸的也被房管封了，以后猎鹰要夺冠了你也叫房管给尼孩封了呗😓
[2026-02-22 01:15:14] 防天防地防空气: 上次发明银行业的被房管封了，理性讨论编尸的也被房管封了，以后猎鹰要夺冠了你也叫房管给尼孩封了呗😓
[2026-02-22 01:15:14] LvvsiN: 男人一生只哭十八次：niko十七次梦碎major正赛, niko梦碎里约major RMR
[2026-02-22 01:15:14] 斗鱼用户3296811589: 这个4-10是谁的父亲…
[2026-02-22 01:15:14] 水球碳酸饮料: ？
[2026-02-22 01:15:14] 玩大哥我双倍呢: 挥刀向更弱者😡说完布罗利开始封禁弹幕
[2026-02-22 01:15:14] 迷你世界丁真学姐1: @HooXi：Rain我教你，你就一直发狙发英雄ak给Dev1ce，发到他都受不了自己有多菜就退队了
[2026-02-22 01:15:14] 丶丶Ken丶丶: 这个4-10是谁的父亲…
[2026-02-22 01:15:14] HaibaraAi1109: 挥刀向更弱者😡说完布罗利开始封禁弹幕
[2026-02-22 01:15:14] 用户0268784457: 闹麻了
[2026-02-22 01:15:14] 心安理得的时候: 弹幕真没白喷，玩大哥自从开播到现在全在认真解说，也不休息了，也不跟弹幕聊二次元了
[2026-02-22 01:15:14] 起名la么难: 神人比赛
[2026-02-22 01:15:14] 御坂32512: 这个4-10是谁的父亲…
[2026-02-22 01:15:14] 用户3661578: 雨神脸色不对了
[2026-02-22 01:15:14] viovvvvvvvon: 这个4-10是谁的父亲…
[2026-02-22 01:15:14] 不知道能取什么名字: 考
[2026-02-22 01:15:14] 好哥们戴噗特: @HooXi：Rain我教你，你就一直发狙发英雄ak给Dev1ce，发到他都受不了自己有多菜就退队了
[2026-02-22 01:15:14] 哈啦休: @HooXi：Rain我教你，你就一直发狙发英雄ak给Dev1ce，发到他都受不了自己有多菜就退队了
[2026-02-22 01:15:14] 可达鸭不会游泳: @胖球：终于撑到玩大哥回防了
[2026-02-22 01:15:14] 可怜的肥鯮: 怀念最好的五个人：蛋监 总特 难翻 开荣 死人
[2026-02-22 01:15:14] 就爱吃辣咋的: ？
[2026-02-22 01:15:16] TheMongolZ的上单本人: 上次发明银行业的被房管封了，理性讨论编尸的也被房管封了，以后猎鹰要夺冠了你也叫房管给尼孩封了呗😓
[2026-02-22 01:15:16] CV65Enterprise: 这个4-10是谁的父亲…
[2026-02-22 01:15:16] Rainwedell: 猎鹰要是这个纪律性早就季军了
[2026-02-22 01:15:16] 小羽翼痕: 孝
[2026-02-22 01:15:16] 求老仙奶贾碧不死: @胖球：终于撑到玩大哥回防了
[2026-02-22 01:15:16] 屁男人柱力AICU: 挥刀向更弱者😡说完布罗利开始封禁弹幕
[2026-02-22 01:15:16] Aysell: 挥刀向更弱者😡说完布罗利开始封禁弹幕
[2026-02-22 01:15:16] 好哥们黑龙歼灭刀: 没人觉得Niko进决赛却不夺冠也是在编maj0r尸吗
[2026-02-22 01:15:16] bsqqaq: niko来砍死人了懂我意思吗
[2026-02-22 01:15:16] 柳小目: 我支持布罗利，万一他封够多他爹就能拿major冠军呢
[2026-02-22 01:15:16] 刘刘的农: 挥刀向更弱者😡说完布罗利开始封禁弹幕
[2026-02-22 01:15:16] RoseIia的凑友希那本人: 挥刀向更弱者😡说完布罗利开始封禁弹幕
[2026-02-22 01:15:16] 一条无梦鱼: 这个4-10是谁的父亲…
[2026-02-22 01:15:16] Taki479: 挥刀向更弱者😡说完布罗利开始封禁弹幕
[2026-02-22 01:15:16] 玩机器你好香你好香: 申请看丰川億百萬 懂得➕1
[2026-02-22 01:15:16] 吃烧烤得吃烤茄子: 孝
[2026-02-22 01:15:17] 晨风凌云21146: 这个4-10是谁的父亲…
[2026-02-22 01:15:17] 用户4577817156: 孝
[2026-02-22 01:15:17] LaughingSaMa: 这个4-10是谁的父亲…
[2026-02-22 01:15:17] 1Barrel: 考
[2026-02-22 01:15:18] 新月似当年1: 考
[2026-02-22 01:15:18] xhwspdd: major？
[2026-02-22 01:15:18] 訫喛: ？
[2026-02-22 01:15:18] 开心果66002: 今天五个人 有两个是死人 一个叫melo 被封了
[2026-02-22 01:15:18] 风在山路吹1161: 孝
[2026-02-22 01:15:18] 梦想是独立自由: 这人长得像鼠啊
[2026-02-22 01:15:19] 天之川沙夜116: 闹麻了
[2026-02-22 01:15:19] sarbest: 这个4-10是谁的父亲…
[2026-02-22 01:15:19] 天堂也寂寞1992: 孝
[2026-02-22 01:15:19] wantrue: 挥刀向更弱者😡说完布罗利开始封禁弹幕
[2026-02-22 01:15:19] IM苏冉: 孝
[2026-02-22 01:15:19] xiaochun2333: 玩乐队的姐姐们都到哪去了？现在的弹幕看得我好害怕😭
[2026-02-22 01:15:19] 柳小目: 我支持布罗利，万一他封够多他爹就能拿major冠军呢
[2026-02-22 01:15:19] JaFency: 期待在哪
[2026-02-22 01:15:19] SaberMax丶: 你是？
[2026-02-22 01:15:20] Taki479: 这个4-10是谁的父亲…
[2026-02-22 01:15:20] 香港分社记者: 主播孝设备又没有礼物收，孝了干嘛呢
[2026-02-22 01:15:20] 喊咕噜麻辣毛蛋: 这个4-10是谁的父亲…
[2026-02-22 01:15:20] 小川阿丶: 啸
[2026-02-22 01:15:20] 看到pussy流出milk才死心: 期待在哪？
[2026-02-22 01:15:20] bsqqaq: niko来砍死人了懂我意思吗
[2026-02-22 01:15:21] 四眼呆猫xx: @胖球：终于撑到玩大哥回防了
[2026-02-22 01:15:21] lonhkfd: 挥刀向更弱者😡说完布罗利开始封禁弹幕
[2026-02-22 01:15:21] 热带雨林丶为爱鼓掌: 孝
[2026-02-22 01:15:21] 玩machine丶机器: ？
[2026-02-22 01:15:21] takakiyo: 不是说禁止攻击选手家人吗，怎么还有人攻击device的儿子？😓
[2026-02-22 01:15:21] Dartline: 鼠圣
[2026-02-22 01:15:21] 御坂32512: 这个4-10是谁的父亲…
[2026-02-22 01:15:22] YCSUN1017: 为什么把卫生巾绑在头上
[2026-02-22 01:15:22] 这下洗不清咯: 你又满意上了
[2026-02-22 01:15:22] Vurtne: 考
[2026-02-22 01:15:22] 莫情123: @私人：蛋监 总特 开荣 难翻在哪里发财呢？
[2026-02-22 01:15:22] XbOvO: 孝
[2026-02-22 01:15:22] 杰里科丶: 考
[2026-02-22 01:15:22] 林间拾露z: 这个4-10是谁的父亲…
[2026-02-22 01:15:22] 闪光皮凡: 弹幕真没白喷，玩大哥自从开播到现在全在认真解说，也不休息了，也不跟弹幕聊二次元了
[2026-02-22 01:15:23] 最后波纹: @HooXi：Rain我教你，你就一直发狙发英雄ak给Dev1ce，发到他都受不了自己有多菜就退队了
[2026-02-22 01:15:23] 过着平静的生活: 这个4-10是谁的父亲…
[2026-02-22 01:15:23] aughhhh55: 这个4-10是谁的父亲…
[2026-02-22 01:15:23] Oasis0917: 这个4-10是谁的父亲…
[2026-02-22 01:15:23] 到鱼一观: 孝
[2026-02-22 01:15:23] 玩刘农device: 考
[2026-02-22 01:15:23] 好哥们黑龙歼灭刀: 我支持布罗利，万一他封够多他爹就能拿major冠军呢
[2026-02-22 01:15:24] SlumberX: 挥刀向更弱者😡说完布罗利开始封禁弹幕
[2026-02-22 01:15:24] LvvsiN: 弹幕也就网上说说，现实里谁不觉得樱姐是好女孩（删括号领一条远坂凛同款鸟笼）
[2026-02-22 01:15:24] Peko-: 这个4-10是谁的父亲…
[2026-02-22 01:15:24] 爱斯忑音音: 考
[2026-02-22 01:15:24] 奇宋大掰: 这个4-10是谁的父亲…
[2026-02-22 01:15:25] 旭旭宝宝18cm: 值得在哪？
[2026-02-22 01:15:25] Kiracoon: 这个4-10是谁的父亲…
[2026-02-22 01:15:25] bsqqaq: niko来砍死人了懂我意思吗
[2026-02-22 01:15:25] 煞鱼辣椒sylj: 期待在哪
[2026-02-22 01:15:25] 稚嫩的魔法师Z: @HooXi：Rain我教你，你就一直发狙发英雄ak给Dev1ce，发到他都受不了自己有多菜就退队了
[2026-02-22 01:15:25] 幽谷响子: 这个4-10是谁的父亲…
[2026-02-22 01:15:26] 是小兔呀i: 老汤的小烧眼镜呢
[2026-02-22 01:15:26] ShanoaM: 压力小将
[2026-02-22 01:15:26] O荒年I留连O: 这个4-10是谁的父亲…
[2026-02-22 01:15:26] 老丶酒: 1
[2026-02-22 01:15:27] 青蘖: 这个4-10是谁的父亲…
[2026-02-22 01:15:27] 最后波纹: @HooXi：Rain我教你，你就一直发狙发英雄ak给Dev1ce，发到他都受不了自己有多菜就退队了
[2026-02-22 01:15:27] Subto: 夕立来了
[2026-02-22 01:15:27] 杰里科丶: 4-9谁的爸爸
[2026-02-22 01:15:27] fkoff: poi~
[2026-02-22 01:15:27] 宇莓: 这就是尼孝的素质@Nikolofmeister：为什么把卫生巾绑在头上
[2026-02-22 01:15:28] 飘然小牧: 这个4-10是谁的父亲…
[2026-02-22 01:15:28] Happy金老师: 一个30岁的主狙，能期待到那
[2026-02-22 01:15:28] 迷路啊啊: 今天五个人 有两个是死人 一个叫melo 被封了
[2026-02-22 01:15:28] 用户1181920443: 这就开始失望了？？？？？
[2026-02-22 01:15:28] 素质三连666: 但是你高看流脓了啊
[2026-02-22 01:15:28] 用户53477423: 不换狙不用期待
[2026-02-22 01:15:28] 一般通过银行业: 帅
[2026-02-22 01:15:29] Sannn丶: 反而有个不太猛的
[2026-02-22 01:15:29] bsqqaq: niko来砍死人了懂我意思吗
[2026-02-22 01:15:29] 我的我的sorry: 蜜月期闹麻了
[2026-02-22 01:15:29] 喜欢素素: 帅
[2026-02-22 01:15:29] LkCatQwQ: 这个4-10是谁的父亲…
[2026-02-22 01:15:29] THU头号玩小将: 待会儿坑了你又不高兴
[2026-02-22 01:15:29] Sumimi的Uika本人: 老汤的小烧眼镜呢
[2026-02-22 01:15:29] 丿哈哈大笑: 100t
[2026-02-22 01:15:30] LvvsiN: 我提一嘴这剧情越来越像上海major了
[2026-02-22 01:15:30] 绘心酱敲卡哇伊: 挥刀向更弱者😡说完布罗利开始封禁弹幕
[2026-02-22 01:15:30] 田中口三才: 这个4-10是谁的父亲…
[2026-02-22 01:15:30] 香港分社记者: 这个4-10是谁的父亲…
[2026-02-22 01:15:30] YCSUN1017: 这个4-10是谁的父亲…
[2026-02-22 01:15:30] 小肥羊0574: 考
[2026-02-22 01:15:30] 困惑地熊猫: 这个4-10是谁的父亲…
[2026-02-22 01:15:30] Bai喵帕斯: 考
[2026-02-22 01:15:31] SideChannel: 新叔sirah
[2026-02-22 01:15:31] 坚坚监监地狱归来: 这个4-10是谁的父亲…
[2026-02-22 01:15:31] cherish丶chY: 有点高看老汤了
[2026-02-22 01:15:31] 一duo云: 萧
[2026-02-22 01:15:31] 折纸的老公: 这个4-10是谁的父亲…
[2026-02-22 01:15:32] 74751的修理班阿渣: 玩机器你觉得100T跟绿鹰能掰手腕吗
[2026-02-22 01:15:32] 玩机器你好香你好香: 申请看丰川億百萬 懂得➕1
[2026-02-22 01:15:32] 千羽perfect: @HoopShiro: @HooXi：Rain我教你，你就一直发狙发英雄ak给Dev1ce，发到他都
[2026-02-22 01:15:32] 最后波纹: @HooXi：Rain我教你，你就一直发狙发英雄ak给Dev1ce，发到他都受不了自己有多菜就退队了
[2026-02-22 01:15:33] 久遠寺有珠Alice: 我支持布罗利，万一他封够多他爹就能拿major冠军呢
[2026-02-22 01:15:33] Devilllllllllllllll: 一个30岁的主狙，能期待到那
[2026-02-22 01:15:33] 四眼呆猫xx: 老汤的小烧眼镜呢
[2026-02-22 01:15:33] Asuna、0v0: 考
[2026-02-22 01:15:33] 柳小目: 我支持布罗利，万一他封够多他爹就能拿major冠军呢
[2026-02-22 01:15:33] 暗之黒末: 这个4-10是谁的父亲…
[2026-02-22 01:15:33] Dartline: 但是你高看流脓了啊
[2026-02-22 01:15:33] 这栏填什么: 图二加时更是神人对局
[2026-02-22 01:15:33] 用户247509865: 这个4-10是谁的父亲…
[2026-02-22 01:15:34] LvvsiN: 额，拿亚军我都会，拿亚军，拿季军，拿四强，拿八强，拿十六强，呃拿冠军我不会，然后小组赛淘汰
[2026-02-22 01:15:34] D调淡蓝色眼眸: 这个4-10是谁的父亲…
[2026-02-22 01:15:34] 青蘖: @HooXi：Rain我教你，你就一直发狙发英雄ak给Dev1ce，发到他都受不了自己有多菜就退队了
[2026-02-22 01:15:34] 僧杌: 这个4-10是谁的父亲…
[2026-02-22 01:15:34] 佐藤零丶: 挥刀向更弱者😡说完布罗利开始封禁弹幕
[2026-02-22 01:15:34] 猎魔人莫德凯撒: @私人：蛋监 总特 开荣 难翻在哪里发财呢？
[2026-02-22 01:15:34] 我是guiwow: 这个4-10是谁的父亲…
[2026-02-22 01:15:35] valorant玩机器: 年轻人多练练感觉还真能回一线
[2026-02-22 01:15:35] TQACW: 那么谁不猛呢
[2026-02-22 01:15:35] 未知Frozen: 有点高看老汤了
[2026-02-22 01:15:35] GHOSTldy: 这个4-10是谁的父亲…
[2026-02-22 01:15:35] 甘織玲奈子: 孝
[2026-02-22 01:15:35] 用户247509865: 这个4-10是谁的父亲…
[2026-02-22 01:15:36] 7hydrangea7: 这个4-10是谁的父亲…
[2026-02-22 01:15:36] 污损: 换个狙无敌了
[2026-02-22 01:15:36] rainyrum: 待会儿坑了你又不高兴
[2026-02-22 01:15:36] 歌谷爱墨迹: 帅
[2026-02-22 01:15:36] 马猴烧酒小地瓜: 老汤变帅了，怎么还有人说丑
[2026-02-22 01:15:37] ribol: 这个4-10是谁的父亲…
[2026-02-22 01:15:37] 曼彻斯特城俱乐部: 玩大哥你怎么只剩半截了😭
[2026-02-22 01:15:37] 油乎乎yhh: 躺爸爸怀中
[2026-02-22 01:15:37] 御坂32512: 有点高看老汤了
[2026-02-22 01:15:37] AKAEasonYu: poii猛在哪
[2026-02-22 01:15:37] 短桥窄马: device第五个major指日可待啊
[2026-02-22 01:15:37] 爱吃蛋白的酸酸: 鼠什么时候来100t了？
[2026-02-22 01:15:38] 用户9921747043: @HooXi：Rain我教你，你就一直发狙发英雄ak给Dev1ce，发到他都受不了自己有多菜就退队了
[2026-02-22 01:15:38] 用户247509865: 这个4-10是谁的父亲…
[2026-02-22 01:15:38] 好哥们黑龙歼灭刀: 布罗利就是个niko，太monesy了，全价京介来
[2026-02-22 01:15:38] 玩机器的乃个会刘能: 抓娃娃
[2026-02-22 01:15:38] 正直的鸡哥: 孝
[2026-02-22 01:15:39] 爱要用心吗: 这个4-10是谁的父亲…
[2026-02-22 01:15:39] Rainwedell: 有点高看老汤了
[2026-02-22 01:15:39] Taki479: 老态龙钟
[2026-02-22 01:15:39] Kiracoon: 老汤有点浮肿啊
[2026-02-22 01:15:39] 普信且开摆: 这个4-10是谁的父亲…
[2026-02-22 01:15:39] 追风少年无痕: 这个4-10是谁的父亲…
[2026-02-22 01:15:39] 鱼辛烷: 这都是什么选手，一个死人，一个死啦，一个滴外死，有没有阳间一点的名字
[2026-02-22 01:15:39] 喜欢独自悠哉自在: 老汤的小烧眼镜呢
[2026-02-22 01:15:40] 小伟ipao版: 你第一的不足就是对美狙击手太菜了
[2026-02-22 01:15:40] LvvsiN: 就tm喜欢银行业🥰银行坏账我喜欢🥰银行挤兑我还喜欢😍利率调低我也喜欢🤤老子亲烂银行业的脸😘
[2026-02-22 01:15:40] 最后波纹: @HooXi：Rain我教你，你就一直发狙发英雄ak给Dev1ce，发到他都受不了自己有多菜就退队了
[2026-02-22 01:15:40] 卖二货的小蘑菇: 玩机器你觉得100T跟绿鹰能掰手腕吗
[2026-02-22 01:15:40] 九折水瓶丶: 草！被艺术冰霜diff！谁再说老汤本质高手?
[2026-02-22 01:15:40] ilume: 这个4-10是谁的父亲…
[2026-02-22 01:15:40] 想和阿飞抹茶三披: 刚才想点赞弹幕不小心点了➕1️⃣😱，我要没了😭，兄弟们，再见！👋
[2026-02-22 01:15:40] 萧萧马鸣: 没看清还以为4-0，原来4-10吗
[2026-02-22 01:15:40] xiaochun2333: 勒布朗来了🦍🏀🦍🏀🦍🏀🦍🏀🦍🏀🦍🏀🦍🏀
[2026-02-22 01:15:41] 素质三连666: 但是你高看流脓了啊
[2026-02-22 01:15:41] HastsuneMiku: 这个4-10是谁的父亲…
[2026-02-22 01:15:41] 用户247509865: 图二加时更是神人对局
[2026-02-22 01:15:41] 爱斯忑音音: 孝
[2026-02-22 01:15:41] 久遠寺有珠Alice: 我支持布罗利，万一他封够多他爹就能拿major冠军呢
[2026-02-22 01:15:41] HisuiHearts: 我支持布罗利，万一他封够多他爹就能拿major冠军呢
[2026-02-22 01:15:41] Taki479: poii猛在哪
[2026-02-22 01:15:41] 月薪三千给玩爹上供: 玩爹格格不入啊
[2026-02-22 01:15:41] Aysell: 我支持布罗利，万一他封够多他爹就能拿major冠军呢
[2026-02-22 01:15:42] 飞翔的猫咪213: 这是个勾八的私人
[2026-02-22 01:15:42] 素6666: 老爸长头发了
[2026-02-22 01:15:42] 东云夜合: 玩机器你觉得100T跟绿鹰能掰手腕吗
[2026-02-22 01:15:42] 玩俯卧撑、push-up: 换个主狙感觉能出贴纸啊
[2026-02-22 01:15:42] 爆辣野牛: 我草老汤这么老了吗？
[2026-02-22 01:15:43] mruka: ？
[2026-02-22 01:15:43] Laila丶丶: 帅
[2026-02-22 01:15:43] 没脖子的狼王: 谁不猛啊
[2026-02-22 01:15:43] 用户247509865: 图二加时更是神人对局
[2026-02-22 01:15:43] CV65Enterprise: 1007
[2026-02-22 01:15:43] YCSUN1017: 老汤的小烧眼镜呢
[2026-02-22 01:15:43] 普通网友小沈: 这就是尼孝的素质@Nikolofmeister：为什么把卫生巾绑在头上
[2026-02-22 01:15:43] Subto: poi~
[2026-02-22 01:15:44] L0ost: ⓘ 该弹幕已被封禁
[2026-02-22 01:15:44] 想有心的机器人: 老汤的胡子和眼镜呢
[2026-02-22 01:15:44] 若叶睦丶: 天下在哪
[2026-02-22 01:15:44] LvvsiN: 男人一生只哭十八次：niko十七次梦碎major正赛, niko梦碎里约major RMR
[2026-02-22 01:15:44] 刘刘的农: 我支持布罗利，万一他封够多他爹就能拿major冠军呢
[2026-02-22 01:15:44] djklyk: 孝
[2026-02-22 01:15:44] 玩machine丶机器: ？？？
[2026-02-22 01:15:45] Taki479: 没看清还以为4-0，原来4-10吗
[2026-02-22 01:15:45] 天魔外道y: 这个4-10是谁的父亲…这个4-10是谁的父亲…
[2026-02-22 01:15:45] 柳小目: 我支持布罗利，万一他封够多他爹就能拿major冠军呢
[2026-02-22 01:15:45] 用户247509865: 图二加时更是神人对局
[2026-02-22 01:15:45] 载物唯一GOAT: 感觉布罗利不如斧乃木啊有没有懂的
[2026-02-22 01:15:45] 开心果66002:  @阿汤日记：一个人，5发子弹，保住格陵兰岛。我不会叫它不可能完成的任务，我现在只想先回家看亦博
[2026-02-22 01:15:45] 无敌仓库大王市谷有咲: popipa😘 pipopa🥰 popipapapipopa🤩
[2026-02-22 01:15:45] 香辛料嗷嗷嗷嗷嗷嗷嗷: 玩大哥你怎么只剩半截了😭
[2026-02-22 01:15:46] 九条都M1YaKo: 只有老汤不猛吧。。
[2026-02-22 01:15:46] 黄浦江大头鱼档: 在A队时候为啥没有值得期待？》
[2026-02-22 01:15:46] LvvsiN: 男人一生只哭十八次：niko十七次梦碎major正赛, niko梦碎里约major RMR
[2026-02-22 01:15:46] 天上的星河Cloture: 之前a队刚变阵你也是这么说的，你还是低估device的破坏力了
[2026-02-22 01:15:46] znnoy: 房管布罗利这种b喝完酒发起酒疯最狠了😓房管布罗利这种b喝完酒发起酒疯最狠了😓
[2026-02-22 01:15:46] -漆原琉华-: 这个4-10是谁的父亲…
[2026-02-22 01:15:46] 好哥们山上撤也: 老汤臭脸压力小将😓老汤臭脸压力小将😓
[2026-02-22 01:15:47] 夜枭音乐: 孝
[2026-02-22 01:15:47] 几笔成书灬: 很喜欢这个直播间，有趣的弹幕，幽默的观众，和谐的氛围，还有没用的主播
[2026-02-22 01:15:47] 好妹妹芙兰朵露本人: 机器机器那这个100t的狙击手怎么样啊
[2026-02-22 01:15:47] 用户247509865: 图二加时更是神人对局
[2026-02-22 01:15:47] 久遠寺有珠Alice: 我支持布罗利，万一他封够多他爹就能拿major冠军呢
[2026-02-22 01:15:47] 正经猪头肉: 大师在哪
[2026-02-22 01:15:48] Taki479: 老汤的胡子和眼镜呢
[2026-02-22 01:15:48] cyding16: 玩÷直播间干回来
[2026-02-22 01:15:48] 风在山路吹1161: 老汤的小烧眼镜呢
[2026-02-22 01:15:48] 一条无梦鱼: 我去这谁啊这么帅
[2026-02-22 01:15:48] 爱斯忑音音: 防守狙架进攻狙，icy来就死😋，你是哪种狙击手呢😏啪！😨（拍猪脸）这是人类的反应啊😭
[2026-02-22 01:15:48] zin桀zera: 这都是什么选手，一个死人，一个死啦，一个滴外死，有没有阳间一点的名字
[2026-02-22 01:15:48] 用户3661578: 机器你爸能不能别坑你老婆了
[2026-02-22 01:15:49] C4LLM3L1UN0NG: ⓘ 该弹幕已被封禁
[2026-02-22 01:15:49] SDSF004: 老汤继续流脓
[2026-02-22 01:15:49] znnoy: 房管布罗利这种b喝完酒发起酒疯最狠了😓房管布罗利这种b喝完酒发起酒疯最狠了😓
[2026-02-22 01:15:49] 我的我的sorry: 大💩
[2026-02-22 01:15:49] Vitality的羽贺文乃本人: ？
[2026-02-22 01:15:49] TheSaltFish: 机器机器，那么这个队伍的短板是谁呢？
[2026-02-22 01:15:50] 御坂32512: ⓘ 该弹幕已被封禁
[2026-02-22 01:15:50] 为所欲为丶中二林: 防守大份
[2026-02-22 01:15:50] 什井蛋: 你是那种狙击手
[2026-02-22 01:15:50] LvvsiN: 银行业😄银行业😀银行业😃银行业😁银行业😆银行业🤪银行业😝
[2026-02-22 01:15:50] 玩机器你好香你好香: 申请看丰川億百萬 懂得➕1
[2026-02-22 01:15:51] Nathrion: 孝
[2026-02-22 01:15:51] 2332lla: 菜汤＞🦐
[2026-02-22 01:15:51] 森林与雁: ⓘ 该弹幕已被封禁
[2026-02-22 01:15:51] 轻伤酱: 到CT你就看老汤怎么狙吧
[2026-02-22 01:15:51] 爱吃青椒的重曹酱: 扳机纪律
[2026-02-22 01:15:51] 度千秋: 防守大师（4-10）
[2026-02-22 01:15:51] 未知Frozen: 大师在哪
[2026-02-22 01:15:51] xieri: 我支持布罗利，万一他封够多他爹就能拿major冠军呢
[2026-02-22 01:15:51] xOcOg: 【格陵兰战报】目前大东指挥7回合，设备指挥5回合，大东指挥设备送10次，设备拿下关键击杀4个
[2026-02-22 01:15:52] 御坂32512: ⓘ 该弹幕已被封禁
[2026-02-22 01:15:52] 破浪的松鼠: 我支持布罗利，万一他封够多他爹就能拿major冠军呢
[2026-02-22 01:15:52] Taki479: 机器机器那这个100t的狙击手怎么样啊
[2026-02-22 01:15:52] 鹦侨侨侨侨: 为什么device这么帅能有一个猪一样的儿子
[2026-02-22 01:15:53] TheSaltFish: 机器机器，那么这个队伍的短板是谁呢？
[2026-02-22 01:15:53] 玩机器你好香你好香: 申请看丰川億百萬 懂得➕1
[2026-02-22 01:15:53] 几笔成书灬: 很喜欢这个直播间，有趣的弹幕，幽默的观众，和谐的氛围，还有没用的主播
[2026-02-22 01:15:53] Vitality的Zyw0o0本人: ⓘ 该弹幕已被封禁
[2026-02-22 01:15:53] 超级小桀upupup: 玩机器你觉得100T跟绿鹰能掰手腕吗
[2026-02-22 01:15:54] 玩斯特出出6657: 第10是谁
[2026-02-22 01:15:54] 迷你世界丁真学姐1: ⓘ 该弹幕已被封禁
[2026-02-22 01:15:54] 御坂32512: ⓘ 该弹幕已被封禁
[2026-02-22 01:15:54] EvilDying: 天下在哪？
[2026-02-22 01:15:54] znnoy: 房管布罗利这种b喝完酒发起酒疯最狠了😓房管布罗利这种b喝完酒发起酒疯最狠了😓
[2026-02-22 01:15:54] 单推折纸11年: 男人一生只哭十八次：niko十七次梦碎major正赛, niko梦碎里约major RMR
[2026-02-22 01:15:54] MoriatyS623: 怎么长的跟阿杜一样
[2026-02-22 01:15:54] VirtusPro的electroNic本人: 怎么感觉老汤离开A队变帅了啊
[2026-02-22 01:15:55] 屁男人柱力AICU: ⓘ 该弹幕已被封禁
[2026-02-22 01:15:55] 吉吉国王辛苦了: 布罗利UID:6512408
[2026-02-22 01:15:55] 久远寺有珠alice最可爱: 　　　 ⓘ 该弹幕已被封禁
[2026-02-22 01:15:55] 玩机器你好香你好香: 申请看丰川億百萬 懂得➕1
[2026-02-22 01:15:55] 迷之少年nazo: 到了防守你就看老汤怎么空吧
[2026-02-22 01:15:56] Drankwater: 防守大尸防守大尸
[2026-02-22 01:15:56] suicho: 我说真的这个金丝眼镜看着是真......金丝眼镜怎么没了？？
[2026-02-22 01:15:56] Taki479: 到CT你就看老汤怎么狙吧
[2026-02-22 01:15:56] 哈基米曼波123: 你这比赛怎么还有私人上场，那科比能上吗
[2026-02-22 01:15:56] 蓝调酱不怠惰: -device +wonderful
[2026-02-22 01:15:56] 玩神的欢喜好有嚼劲: @布罗利：4️⃣8️⃣🈚️是理性讨论，喷我尼爷孩爹是过分发言，这点要封清楚
[2026-02-22 01:15:57] LYON丶李小帅:  @阿汤日记：一个人，5发子弹，保住格陵兰岛。我不会叫它不可能完成的任务，我现在只想先回家看亦博
[2026-02-22 01:15:57] 圣诞节二人组: 老汤脸上这皱纹越来越像鼬了，，，玩机器你小心月圆之夜吧。。。
[2026-02-22 01:15:57] LkCatQwQ: 防守大区
[2026-02-22 01:15:57] 猫图小偷: 申请看丰川億百萬 懂得➕1
[2026-02-22 01:15:57] 爱吃青椒的重曹酱: 老汤的小烧眼镜呢
[2026-02-22 01:15:57] HastsuneMiku: 你爸垫了
[2026-02-22 01:15:58] 冰封樱花: 开双倍，你🐉吗
[2026-02-22 01:15:58] 玩机器你好香你好香: 申请看丰川億百萬 懂得➕1
[2026-02-22 01:15:58] 胖头鱼的小腿: 4-10（防守大师）
[2026-02-22 01:15:58] 锂汁lizhi: 第10是谁
[2026-02-22 01:15:58] NES丶大白白白呐: ⓘ 该弹幕已被封禁
[2026-02-22 01:15:58] 大姜饼: ⓘ 该弹幕已被封禁
[2026-02-22 01:15:59] 单推折纸11年: 房管布罗利这种b喝完酒发起酒疯最狠了😓房管布罗利这种b喝完酒发起酒疯最狠了😓
[2026-02-22 01:15:59] EvilDying: 我家小孩作业一个字没动！拿着他手机就看到你们这种游戏直播！国家迟早会制裁你们的!
[2026-02-22 01:15:59] 玩神的欢喜好有嚼劲: @布罗利：4️⃣8️⃣🈚️是理性讨论，喷我尼爷孩爹是过分发言，这点要封清楚
[2026-02-22 01:15:59] 逗b乐double: 　　　 ⓘ 该弹幕已被封禁
[2026-02-22 01:15:59] Ralmnstr: ⓘ 该弹幕已被封禁
[2026-02-22 01:16:00] somatinda: ？
[2026-02-22 01:16:00] 宁也配姓赵: 防守大尸（4-10）
[2026-02-22 01:16:00] vgcyt: 感觉布罗利不如斧乃木啊有没有懂的
[2026-02-22 01:16:00] 小水冻Nn: 　　　 ⓘ 该弹幕已被封禁
[2026-02-22 01:16:00] LvvsiN: 男人一生只哭十八次：niko十七次梦碎major正赛, niko梦碎里约major RMR
[2026-02-22 01:16:00] 哈机器好胖好可爱: 10
[2026-02-22 01:16:00] TheSaltFish: 机器机器，那么这个队伍的短板是谁呢？
[2026-02-22 01:16:00] 丶山后别相逢丶: 防守你就看老汤怎么狙吧
[2026-02-22 01:16:01] 几笔成书灬: 很喜欢这个直播间，有趣的弹幕，幽默的观众，和谐的氛围，还有没用的主播
[2026-02-22 01:16:01] 玩机器你好香你好香: 申请看丰川億百萬 懂得➕1
[2026-02-22 01:16:01] 红滴露原素瓶: 黑话
[2026-02-22 01:16:02] 南燕swallow:     ⓘ 该弹幕已被封禁
[2026-02-22 01:16:02] 森林与雁: ？
[2026-02-22 01:16:02] ok奶绿: ⓘ 该弹幕已被封禁
[2026-02-22 01:16:02] 正直的鸡哥: 嘉豪
[2026-02-22 01:16:02] 1巴图鲁: 😅看了一下，带节奏的都是带的玩机器牌子，这是哪个低素质主播的粉丝？🤮👎
[2026-02-22 01:16:02] 企业级穷哥们: 幽默
[2026-02-22 01:16:02] 专看玩机器的号: 羞死了
[2026-02-22 01:16:02] LvvsiN: 男人一生只哭十八次：niko十七次梦碎major正赛, niko梦碎里约major RMR
[2026-02-22 01:16:02] 用户2334739037: @布罗利：4️⃣8️⃣🈚️是理性讨论，喷我尼爷孩爹是过分发言，这点要封清楚
[2026-02-22 01:16:03] 吃烧烤得吃烤茄子: 4-10
[2026-02-22 01:16:03] 什么名字都被用了诶: 防守你就看老汤怎么空吧！
[2026-02-22 01:16:03] Dartline: ⓘ 该弹幕已被封禁
[2026-02-22 01:16:03] C4LLM3L1UN0NG: 玩机器你觉得100T跟绿鹰能掰手腕吗
[2026-02-22 01:16:03] 玩神的欢喜好有嚼劲: @布罗利：4️⃣8️⃣🈚️是理性讨论，喷我尼爷孩爹是过分发言，这点要封清楚
[2026-02-22 01:16:03] Taki479: 申请看丰川億百萬 懂得➕1
[2026-02-22 01:16:03] 香港分社记者: 羞死了
[2026-02-22 01:16:03] 欧气来我家: 大史
[2026-02-22 01:16:03] 爱吃青椒的重曹酱: 期待在哪
[2026-02-22 01:16:03] 好哥们黑龙歼灭刀: 别带雨姐18年b e t 天禄输了破口大骂的节奏啊，我知道没人带，我就说一句
[2026-02-22 01:16:04] 云吸五月: 你就看老汤防守怎么狙吧
[2026-02-22 01:16:04] 用户0083645032: 羞死了
[2026-02-22 01:16:04] 木空空空空空:     ⓘ 该弹幕已被封禁
[2026-02-22 01:16:04] 一条无梦鱼: 老汤脸上这皱纹越来越像鼬了，，，玩机器你小心月圆之夜吧。。。
[2026-02-22 01:16:04] vgcyt: ⓘ 该弹幕已被封禁
[2026-02-22 01:16:04] 瑭珏: 羞死了
[2026-02-22 01:16:04] 到鱼一观: ？
[2026-02-22 01:16:04] 玩宝路、Marlboro: 　　　 房管布罗利这种b喝完酒发起酒疯最狠了😓房管布罗利这种b喝完酒发起酒疯最狠了😓
[2026-02-22 01:16:04] znnoy: 房管布罗利这种b喝完酒发起酒疯最狠了😓房管布罗利这种b喝完酒发起酒疯最狠了😓
[2026-02-22 01:16:04] PKURoger: 羞死了
[2026-02-22 01:16:04] G4RYPU: 　　　 房管布罗利这种b喝完酒发起酒疯最狠了😓房管布罗利这种b喝完酒发起酒疯最狠了😓
[2026-02-22 01:16:04] 五五开玩笑ob: 对面有个小番薯
[2026-02-22 01:16:05] 小花小草57398: 我支持布罗利，万一他封够多他爹就能拿major冠军呢
[2026-02-22 01:16:05] 玩鸡器的咬人猫: 黑话
[2026-02-22 01:16:05] 思无邪ic: 羞死了
[2026-02-22 01:16:05] 用户22285535: 　　　 ⓘ 该弹幕已被封禁
[2026-02-22 01:16:05] 热带雨林丶为爱鼓掌: 羞死了
[2026-02-22 01:16:05] 喜欢素素: 羞死了
[2026-02-22 01:16:05] 我比屁股还胖: ⓘ 该弹幕已被封禁
[2026-02-22 01:16:05] 黑衣小胖: ⓘ 该弹幕已被封禁
[2026-02-22 01:16:06] 风起无痕终无名: ？？？
[2026-02-22 01:16:06] HisuiHearts: ⓘ 该弹幕已被封禁
[2026-02-22 01:16:06] 我是一个医保卡: 防守大师：4-10
[2026-02-22 01:16:06] 正经猪头肉: top10
[2026-02-22 01:16:06] P1ac1b0: ⓘ 该弹幕已被封禁
[2026-02-22 01:16:06] Hikky233: 感觉100t把最菜的狙击手踢了就跟a队一样崛起了
[2026-02-22 01:16:06] chordclef: mezii也会换着用
[2026-02-22 01:16:07] FaZe的喜多川海梦本人: 羞死了
[2026-02-22 01:16:07] arimrs: ⓘ 该弹幕已被封禁
[2026-02-22 01:16:07] 夏筱筱雪: ⓘ 该弹幕已被封禁
[2026-02-22 01:16:07] 驴驴伟伟major冠军: 羞死了
[2026-02-22 01:16:07] 玩刘农device: ⓘ 该弹幕已被封禁
[2026-02-22 01:16:07] 你最珍贵: 羞死了
[2026-02-22 01:16:08] 柳小目:     ⓘ 该弹幕已被封禁
[2026-02-22 01:16:08] WhySoser1ousSon:  rain怎么也在100T
[2026-02-22 01:16:08] 我不是玩父: 　　　 ⓘ 该弹幕已被封禁
[2026-02-22 01:16:08] 火魔创造: 羞死了
[2026-02-22 01:16:09] 御坂32512: 黑话
[2026-02-22 01:16:09] GlockieSs: 我是发明挥刀向更弱者的弹幕，我现在好害怕😭
[2026-02-22 01:16:09] Aysell: @布罗利：4️⃣8️⃣🈚️是理性讨论，喷我尼爷孩爹是过分发言，这点要封清楚
[2026-02-22 01:16:09] sadpunker: ⓘ 该弹幕已被封禁
[2026-02-22 01:16:09] 好姐妹五更琉璃喵: ⓘ 该弹幕已被封禁
[2026-02-22 01:16:10] HaibaraAi1109: 😅看了一下，带节奏的都是带的玩机器牌子，这是哪个低素质主播的粉丝？🤮👎
[2026-02-22 01:16:10] 天残少女王朗: ⓘ 该弹幕已被封禁
[2026-02-22 01:16:10] Nanami-Mizuki: 羞死了
[2026-02-22 01:16:10] 宇莓: ⓘ 该弹幕已被封禁
[2026-02-22 01:16:10] 鸽乌哦: ⓘ 该弹幕已被封禁
[2026-02-22 01:16:10] sandwichex: 申请看丰川億百萬 懂得➕1
[2026-02-22 01:16:10] wedd1ddeJodd: 机器机器，那么这个队伍的短板是谁呢？
[2026-02-22 01:16:10] TTak11: ⓘ 该弹幕已被封禁
[2026-02-22 01:16:11] 好姐妹索菲亚:     ⓘ 该弹幕已被封禁
[2026-02-22 01:16:11] DaVid一BeCkHam: 老猪武器大师
[2026-02-22 01:16:11] 招牌老油条: ⓘ 该弹幕已被封禁
[2026-02-22 01:16:11] 啪啪啪啪的蛋: 我支持布罗利，万一他封够多他爹就能拿major冠军呢
[2026-02-22 01:16:11] L0ost: 82年小仙女玩不动了，真的想嫁了，不要彩礼，有意的私
[2026-02-22 01:16:12] 2332lla: ⓘ 该弹幕已被封禁
[2026-02-22 01:16:12] 常磐华乃kano: ⓘ 该弹幕已被封禁
[2026-02-22 01:16:12] 用户3257051689: ⓘ 该弹幕已被封禁
[2026-02-22 01:16:12] friberg的接班人: ⓘ 该弹幕已被封禁
[2026-02-22 01:16:12] desuwa的丰川祥子本人: 羞死了
[2026-02-22 01:16:12] 上班为了下班i:     ⓘ 该弹幕已被封禁
[2026-02-22 01:16:12] 龍仔ww: ⓘ 该弹幕已被封禁
[2026-02-22 01:16:12] Crych1c的若叶睦本人: 申请看丰川億百萬 懂得➕1
[2026-02-22 01:16:12] GlockieSs:  我是发明挥刀向更弱者的弹幕，我现在好害怕😭
[2026-02-22 01:16:13] 跳虫跳虫跳: 男人一生只哭十八次：niko十七次梦碎major正赛, niko梦碎里约major RMR
[2026-02-22 01:16:13] 玩玩玩玩的玩玩: 现在100t没积分你个傻呗
[2026-02-22 01:16:13] Leonisss丶: ⓘ 该弹幕已被封禁
[2026-02-22 01:16:13] znnoy: ⓘ您已被房管布罗利封禁，点击了解6657官威
[2026-02-22 01:16:13] MiniHerc: ⓘ 该弹幕已被封禁
[2026-02-22 01:16:13] 一血五牌神将: mezii和zywoo也是换着用
[2026-02-22 01:16:13] 鸟儿在头顶把森林叫醒: 　　　 ⓘ 该弹幕已被封禁
[2026-02-22 01:16:13] 玩机器你好香你好香: 申请看丰川億百萬 懂得➕1
[2026-02-22 01:16:14] 玩机器你能不能闭嘴: ⓘ 该弹幕已被封禁
[2026-02-22 01:16:14] EvilDying: B串子来带什么节奏，这个直播间只是主播傻呗，我们可不傻，一眼就看穿你了
[2026-02-22 01:16:14] 丨花千树: ⓘ 该弹幕已被封禁
[2026-02-22 01:16:14] 大家要幸福呀: ⓘ 该弹幕已被封禁
[2026-02-22 01:16:14] 玩机器的Device老登: 这个倒一是谁的爸爸
[2026-02-22 01:16:14] 掌上萌虎QAQ: ⓘ 该弹幕已被封禁
[2026-02-22 01:16:14] 深巷里的少年与猫丿: 别看了肖磊，你学不会的
[2026-02-22 01:16:15] 秋风化扇99010: ⓘ 该弹幕已被封禁
[2026-02-22 01:16:15] 鹤翼三千连: 申请看丰川億百萬 懂得➕1
[2026-02-22 01:16:15] 心安理得的时候: 防守大师吗？防守狙不杀人，猜一个狙击手
[2026-02-22 01:16:15] 乱世浮沉ら: ⓘ 该弹幕已被封禁
[2026-02-22 01:16:15] 用户4933290078: 羞死了
[2026-02-22 01:16:15] 玩吉吉丶Wanking: ⓘ 该弹幕已被封禁
[2026-02-22 01:16:15] 用户9836254668: @布罗利：4️⃣8️⃣🈚️是理性讨论，喷我尼爷孩爹是过分发言，这点要封清楚
[2026-02-22 01:16:15] 星海羽弦: ⓘ 该弹幕已被封禁
[2026-02-22 01:16:16] Subto: 玩机器本质恨载
[2026-02-22 01:16:16] 用户1364543122: 申请看丰川億百萬 懂得➕1
[2026-02-22 01:16:16] UFO233: ⓘ 该弹幕已被封禁
[2026-02-22 01:16:16] 桃酱今天白给了吗: 羞死了
[2026-02-22 01:16:17] 载物的艾7: 羞活了
[2026-02-22 01:16:17] 御坂32512: 羞死了
[2026-02-22 01:16:17] 一duo云: ⓘ 该弹幕已被封禁
[2026-02-22 01:16:17] 玩鸡器的咬人猫: ⓘ 该弹幕已被封禁
[2026-02-22 01:16:18] DBJ456: ⓘ 该弹幕已被封禁
[2026-02-22 01:16:18] 深巷里的少年与猫丿: 别看了肖磊，你学不会的
[2026-02-22 01:16:18] 羽丘第一ct丰川祥子: ⓘ 该弹幕已被封禁
[2026-02-22 01:16:18] 让风告诉你h:     ⓘ 该弹幕已被封禁
[2026-02-22 01:16:18] 石家庄的玩积气本人: ⓘ 该弹幕已被封禁
[2026-02-22 01:16:19] 寂寞之牛: ⓘ 该弹幕已被封禁
[2026-02-22 01:16:19] 0guriCap: ⓘ 该弹幕已被封禁
[2026-02-22 01:16:19] arimrs: ⓘ 该弹幕已被封禁
[2026-02-22 01:16:19] huyl10: ⓘ 该弹幕已被封禁
[2026-02-22 01:16:19] Rainwedell: ⓘ 该弹幕已被封禁
[2026-02-22 01:16:19] 玩弓箭、Arrow: ⓘ 该弹幕已被封禁
[2026-02-22 01:16:19] 御坂32512: 羞死了
[2026-02-22 01:16:20] 本质软糯Sakiko: @布罗利：4️⃣8️⃣🈚️是理性讨论，喷我尼爷孩爹是过分发言，这点要封清楚
[2026-02-22 01:16:20] 是硝子的玻璃塔啊: 终于15级了，看我不骂死这头猪🐷😡
[2026-02-22 01:16:20] Subto: ⓘ 该弹幕已被封禁
[2026-02-22 01:16:20] 纪川6657: ⓘ 该弹幕已被封禁
[2026-02-22 01:16:20] znnoy: ⓘ您已被房管布罗利封禁，点击了解6657官威
[2026-02-22 01:16:20] 深巷里的少年与猫丿: 别看了肖磊，你学不会的
[2026-02-22 01:16:20] 双刀牛TMac: ⓘ 该弹幕已被封禁
[2026-02-22 01:16:20] MeIoN39: ⓘ 该弹幕已被封禁
[2026-02-22 01:16:21] 玩machine丶机器: ⓘ 该弹幕已被封禁
[2026-02-22 01:16:21] 丶丶Ken丶丶: ⓘ 该弹幕已被封禁
[2026-02-22 01:16:21] 欧气来我家: ⓘ 该弹幕已被封禁
[2026-02-22 01:16:21] 白皇的三千院Nagi本人: ⓘ 该弹幕已被封禁
[2026-02-22 01:16:21] 我觉得你是我的: ⓘ 该弹幕已被封禁
[2026-02-22 01:16:21] HaibaraAi1109: ⓘ 该弹幕已被封禁
[2026-02-22 01:16:21] 最喜欢清光:     ⓘ 该弹幕已被封禁
[2026-02-22 01:16:22] 刘刘的农: ⓘ 该弹幕已被封禁
[2026-02-22 01:16:22] 喊咕噜麻辣毛蛋: ⓘ 该弹幕已被封禁
[2026-02-22 01:16:22] 明天就和蕾塞结婚: ⓘ 该弹幕已被封禁
[2026-02-22 01:16:22] TXGame08175198: ⓘ 该弹幕已被封禁
[2026-02-22 01:16:23] LvvsiN: 就tm喜欢银行业🥰银行坏账我喜欢🥰银行挤兑我还喜欢😍利率调低我也喜欢🤤老子亲烂银行业的脸😘
[2026-02-22 01:16:23] 柳小目: 我支持布罗利，万一他封够多他爹就能拿major冠军呢
[2026-02-22 01:16:23] 深巷里的少年与猫丿: 别看了肖磊，你学不会的
[2026-02-22 01:16:23] 哈啦休: ⓘ 该弹幕已被封禁
[2026-02-22 01:16:23] oO怪盗Oo: 看防守方老汤怎么狙吧
[2026-02-22 01:16:23] 狂野银幕长崎素世: ⓘ 该弹幕已被封禁
[2026-02-22 01:16:23] 晨风凌云21146:     ⓘ 该弹幕已被封禁
[2026-02-22 01:16:24] 用户0685163339: 　　　     ⓘ 该弹幕已被封禁
[2026-02-22 01:16:24] 普丽瓦蒂: 夕立怎么回事，你不发挥怎么带刘农赢啊
[2026-02-22 01:16:24] 丰III祥子: 　　　     ⓘ 该弹幕已被封禁
[2026-02-22 01:16:24] samuraionnna: ⓘ 该弹幕已被封禁
[2026-02-22 01:16:24] TL的EliGE本人: ⓘ 该弹幕已被封禁
[2026-02-22 01:16:25] z泽村英梨梨i: 我支持布罗利，万一他封够多他爹就能拿major冠军呢
[2026-02-22 01:16:25] LvvsiN: 别解说了 多聊会天 你不会真的以为能输吧
[2026-02-22 01:16:25] 好哥们黑龙歼灭刀: @布罗利：4️⃣8️⃣🈚️是理性讨论，喷我尼爷孩爹是过分发言，这点要封清楚
[2026-02-22 01:16:25] t1tanium: ⓘ 该弹幕已被封禁
[2026-02-22 01:16:25] simonblass: ⓘ 该弹幕已被封禁
[2026-02-22 01:16:26] Vitality的Zyw0o0本人: ⓘ 该弹幕已被封禁
[2026-02-22 01:16:26] 玩坤坤丶Chicken: 由于你的帐号禁言10分钟,阳光信用分-10。了解斗鱼阳光信用分
[2026-02-22 01:16:26] 忽孝山庄: ⓘ 该弹幕已被封禁
[2026-02-22 01:16:26] GlockieSs: 我是发明挥刀向更弱者的弹幕，我现在好害怕😭
[2026-02-22 01:16:26] 海绵宝宝噶点儿: B串子来带什么节奏，这个直播间只是主播傻呗，我们可不傻，一眼就看穿你了
[2026-02-22 01:16:26] 火猫一哥亦博易勃: ⓘ 该主播已被封禁
[2026-02-22 01:16:26] 玩学生、Sensei: 你屏蔽词都快赶上新华词典了为什么不干脆开一百级发言？
[2026-02-22 01:16:26] SlumberX: @布罗利：4️⃣8️⃣🈚️是理性讨论，喷我尼爷孩爹是过分发言，这点要封清楚
[2026-02-22 01:16:26] Falcons的刘划墙本人: 嘘🤫贵宾从10w到只剩6.7w了…仔细看能看见
[2026-02-22 01:16:26] 好哥们宇智波鼬: ⓘ您已被房管布罗利封禁，点击了解6657官威
[2026-02-22 01:16:27] LvvsiN: 额，拿亚军我都会，拿亚军，拿季军，拿四强，拿八强，拿十六强，呃拿冠军我不会，然后小组赛淘汰
[2026-02-22 01:16:27] 玛丽狗: 《防守狙怎么能不杀人呢》
[2026-02-22 01:16:27] LYON丶李小帅: 你屏蔽词都快赶上新华词典了为什么不干脆开一百级发言？
[2026-02-22 01:16:27] 石家庄的刘亦博本人: ⓘ您已被房管布罗利封禁，点击了解6657官威
[2026-02-22 01:16:27] 爱吃青椒的重曹酱: ⓘ 该弹幕已被封禁
[2026-02-22 01:16:27] 疯串虾子: 。
[2026-02-22 01:16:27] Crythic的羊宫妃那本人: ⓘ 该弹幕已被封禁
[2026-02-22 01:16:28] PlumEnd: ⓘ 该弹幕已被封禁
[2026-02-22 01:16:28] 晨风凌云21146:         ⓘ 该弹幕已被封禁
[2026-02-22 01:16:29] LvvsiN: 你为什么要把mαjor禁了，我收藏的一半弹幕全毁了
[2026-02-22 01:16:29] Sereinily: 　　　     ⓘ 该弹幕已被封禁
[2026-02-22 01:16:29] 丹cin:     ⓘ 该弹幕已被封禁
[2026-02-22 01:16:32] 再见了道道: ⓘ 该弹幕已被封禁
[2026-02-22 01:16:32] 搞不赢就别搞了: ⓘ 该弹幕已被封禁
[2026-02-22 01:16:32] 深巷里的少年与猫丿: 别看了肖磊，你学不会的
[2026-02-22 01:16:32] 结束乐队的kitakitan本人: ⓘ 该弹幕已被封禁
[2026-02-22 01:16:32] BurglarKuma: ⓘ 该弹幕已被封禁
[2026-02-22 01:16:32] 玩大狙、dev1cy:  @大王不说话：@布罗利：4️⃣8️⃣🈚️是理性讨论，喷我尼爷孩爹是过分发言，这点要封清楚
[2026-02-22 01:16:32] 栗子又菜鸟187: ⓘ 该弹幕已被封禁
[2026-02-22 01:16:32] 汤村第一怂突萧剑: ⓘ 该弹幕已被封禁
[2026-02-22 01:16:32] LvvsiN: 就tm喜欢银行业🥰银行坏账我喜欢🥰银行挤兑我还喜欢😍利率调低我也喜欢🤤老子亲烂银行业的脸😘
[2026-02-22 01:16:32] 吔我大菠萝酱紫呀: 《防守狙怎么能不杀人呢》
[2026-02-22 01:16:32] 用户7621092482: ⓘ 该弹幕已被封禁
[2026-02-22 01:16:32] dedeorg: test
[2026-02-22 01:16:32] 怒之拳: B串子来带什么节奏，这个直播间只是主播傻呗，我们可不傻，一眼就看穿你了
[2026-02-22 01:16:32] 到底怎么进钻粉群: ⓘ您已被房管布罗利封禁，点击了解6657官威
[2026-02-22 01:16:32] 佳伟的儿子阿尔萨斯: ⓘ 该弹幕已被封禁
[2026-02-22 01:16:32] 吉吉国王辛苦了: ⓘ您已被房管布罗利封禁，点击了解6657官威
[2026-02-22 01:16:33] 柳小目: 我支持布罗利，万一他封够多他爹就能拿major冠军呢
[2026-02-22 01:16:33] 沉默方丈: ⓘ您已被房管布罗利封禁，点击了解6657官威
[2026-02-22 01:16:33] LvvsiN: 别解说了 多聊会天 你不会真的以为能输吧
[2026-02-22 01:16:33] 爱吃青椒的重曹酱: 板机纪律
[2026-02-22 01:16:33] 晨风凌云21146: ⓘ您已被房管布罗利封禁，点击了解6657官威
[2026-02-22 01:16:33] CV65Enterprise: 是人啊
[2026-02-22 01:16:34] aiejdj: [AI]100t是这么来的吗，尼科不比他们惨？
[2026-02-22 01:16:34] 本间芽衣子ya: ⓘ 该弹幕已被封禁
[2026-02-22 01:16:34] 最强反派Vitality: 　　　     ⓘ 该弹幕已被封禁
[2026-02-22 01:16:34] 飘零笑我: 玩乐器的大姐姐呢...
[2026-02-22 01:16:34] 普信且开摆: 这也牛农啊。。刘比
[2026-02-22 01:16:34] 石家庄瘟猪玩机器:     ⓘ 该弹幕已被封禁
[2026-02-22 01:16:35] huyl10: @布罗利：4️⃣8️⃣🈚️是理性讨论，喷我尼爷孩爹是过分发言，这点要封清楚
[2026-02-22 01:16:35] Hitagi蟹蟹: ⓘ 该弹幕已被封禁
[2026-02-22 01:16:35] LvvsiN: 就tm喜欢银行业🥰银行坏账我喜欢🥰银行挤兑我还喜欢😍利率调低我也喜欢🤤老子亲烂银行业的脸😘
[2026-02-22 01:16:35] 阿里路亚Or哈里路亚: 　　　     ⓘ 该弹幕已被封禁
[2026-02-22 01:16:35] 大鸿c: ⓘ 该弹幕已被封禁
[2026-02-22 01:16:35] 大裂谷的登山家: ⓘ 该弹幕已被封禁
[2026-02-22 01:16:35] 爱斯忑音音: 男人一生只哭三次：niko梦碎上次major，niko梦碎这次major，niko梦碎下次major
[2026-02-22 01:16:36] 我是一个医保卡: ⓘ 该弹幕已被封禁
[2026-02-22 01:16:36] 用户9836254668: ⓘ 该弹幕已被封禁
[2026-02-22 01:16:36] 好哥们黑龙歼灭刀: ⓘ您已被房管布罗利封禁，点击了解6657官威
[2026-02-22 01:16:36] 用户46659809: @布罗利：4️⃣8️⃣🈚️是理性讨论，喷我尼爷孩爹是过分发言，这点要封清楚
[2026-02-22 01:16:37] Taki479: 嘘🤫贵宾从10w到只剩6.7w了…仔细看能看见
[2026-02-22 01:16:37] LvvsiN: 玩宝宝，我发现在大学上学的时候肄业会很舒服，你可以试试
[2026-02-22 01:16:38] 吃烧烤得吃烤茄子: 一脚踢死
[2026-02-22 01:16:38] 屁男人柱力AICU: ⓘ您已被房管布罗利封禁，点击了解6657官威
[2026-02-22 01:16:38] 独孤残梦小梦: 第一见编尸会被屏蔽，谁家公子编尸了？
[2026-02-22 01:16:38] 丰川祥子口三角初华: ⓘ您已被房管布罗利封禁，点击了解6657官威
[2026-02-22 01:16:38] SideChannel: ？？？
[2026-02-22 01:16:38] 柳小目: 我支持布罗利，万一他封够多他爹就能拿major冠军呢
[2026-02-22 01:16:38] 血红Rose: 5-11
[2026-02-22 01:16:39] 北极咩: ⓘ 该弹幕已被封禁
[2026-02-22 01:16:39] LvvsiN: 就tm喜欢银行业🥰银行坏账我喜欢🥰银行挤兑我还喜欢😍利率调低我也喜欢🤤老子亲烂银行业的脸😘
[2026-02-22 01:16:39] ymyyo: ⓘ 该弹幕已被封禁
[2026-02-22 01:16:39] 恶霸周熊: ∠（ ᐛ 」∠)_吴涛吗
[2026-02-22 01:16:40] 普丽瓦蒂: ？？？？？？？
[2026-02-22 01:16:40] 绘心酱敲卡哇伊: 　　　 房管布罗利这种b喝完酒发起酒疯最狠了😓房管布罗利这种b喝完酒发起酒疯最狠了😓
[2026-02-22 01:16:40] Ralmnstr: 卧槽，鼠
[2026-02-22 01:16:40] 马加奇的哥哥马加绝: 说句难听的，如果ti也能一年两届ame可能就有冠了
[2026-02-22 01:16:40] GanadoLluviA: ⓘ您已被房管布罗利封禁，点击了解6657官威
[2026-02-22 01:16:40] 祐天寺喵梦: ⓘ 该弹幕已被封禁
[2026-02-22 01:16:41] LvvsiN: 弹幕也就网上说说，现实里谁不觉得樱姐是好女孩（删括号领一条远坂凛同款鸟笼）
[2026-02-22 01:16:41] swagger5748: 我支持布罗利，万一他封够多他爹就能拿major冠军呢
[2026-02-22 01:16:41] Taki479: 男人一生只哭三次：niko梦碎上次major，niko梦碎这次major，niko梦碎下次major
[2026-02-22 01:16:41] Vitality的羽贺文乃本人: 要不是早上我看了，我真信了
[2026-02-22 01:16:41] 冬瓜螺旋丸: 抓娃娃
[2026-02-22 01:16:41] 我不是闪烁啊: B串子来带什么节奏，这个直播间只是主播傻呗，我们可不傻，一眼就看穿你了
[2026-02-22 01:16:42] HaibaraAi1109: ⓘ您已被房管布罗利封禁，点击了解6657官威
[2026-02-22 01:16:42] 压缩vs蛮晚: ⓘ您已被房管布罗利封禁，点击了解6657官威
[2026-02-22 01:16:42] 就爱吃辣咋的: 两脚
[2026-02-22 01:16:43] 草莓冰酪: ⓘ您已被房管布罗利封禁，点击了解6657官威
[2026-02-22 01:16:43] 明日香大于绫波丽: @布罗利：4️⃣8️⃣🈚️是理性讨论，喷我尼爷孩爹是过分发言，这点要封清楚
[2026-02-22 01:16:43] Halohh1y: 老爸倒了
[2026-02-22 01:16:43] LvvsiN: 其实碗橱就是猪灵，你不拿黄金丢他他就不跟你说话
[2026-02-22 01:16:43] 用户87594568: “难道你想一辈子只拿亚军？听罢，niko⚡闭上眼，任由半决赛的八强如同瑞士轮般落在预选赛上”
[2026-02-22 01:16:43] yuuik27: ⓘ您已被房管布罗利封禁，点击了解6657官威
[2026-02-22 01:16:43] znnoy: ⓘ您已被房管布罗利封禁，点击了解6657官威
[2026-02-22 01:16:43] 狂野银幕长崎素世: 我支持布罗利，万一他封够多他爹就能拿major冠军呢
[2026-02-22 01:16:44] 深巷里的少年与猫丿: 别看了肖磊，你学不会的
[2026-02-22 01:16:45] always铁棍民: 开了
[2026-02-22 01:16:45] DaVid一BeCkHam: .
[2026-02-22 01:16:45] Aysell: @布罗利：4️⃣8️⃣🈚️是理性讨论，喷我尼爷孩爹是过分发言，这点要封清楚
[2026-02-22 01:16:45] LvvsiN: 别解说了 多聊会天 你不会真的以为能输吧
[2026-02-22 01:16:45] 栗悟饭与龟波功-w-: ⓘ 该弹幕已被封禁
[2026-02-22 01:16:46] 未知Frozen: 这两枪头
[2026-02-22 01:16:46] 独孤残梦小梦: 第一见编尸会被屏蔽，谁家公子编尸了？
[2026-02-22 01:16:46] 为何平凡一世: 急
[2026-02-22 01:16:46] 用户2334739037: ⓘ您已被房管布罗利封禁，点击了解6657官威
[2026-02-22 01:16:46] 是硝子的玻璃塔啊: ⓘ您已被房管布罗利封禁，点击了解6657官威
[2026-02-22 01:16:47] jamesfaith23: ⓘ您已被房管布罗利封禁，点击了解6657官威
[2026-02-22 01:16:47] 哈机器好胖好可爱: 第一见编尸会被屏蔽，谁家公子编尸了？
[2026-02-22 01:16:47] arimrs: 感觉不如带使命召唤职业简单啊
[2026-02-22 01:16:47] 暗之黒末: ⓘ您已被房管布罗利封禁，点击了解6657官威
[2026-02-22 01:16:47] chukap: ？
[2026-02-22 01:16:47] z泽村英梨梨i: ⓘ您已被房管布罗利封禁，点击了解6657官威
[2026-02-22 01:16:47] 玩大狙、dev1cy: ？
[2026-02-22 01:16:47] 刘刘的农: ⓘ您已被房管布罗利封禁，点击了解6657官威
[2026-02-22 01:16:48] lonhkfd: ⓘ您已被房管布罗利封禁，点击了解6657官威
[2026-02-22 01:16:48] ok奶绿: ⓘ您已被房管布罗利封禁，点击了解6657官威
[2026-02-22 01:16:48] 柳小目: ⓘ您已被房管布罗利封禁，点击了解6657官威
[2026-02-22 01:16:48] C9的玩机器马信本人: ⓘ您已被房管布罗利封禁，点击了解6657官威
[2026-02-22 01:16:48] 鹿公爷: 第一见编尸会被屏蔽，谁家公子编尸了？
[2026-02-22 01:16:48] 双刀牛TMac: ⓘ您已被房管布罗利封禁，点击了解6658官威
[2026-02-22 01:16:49] 深巷里的少年与猫丿: 别看了肖磊，你学不会的
[2026-02-22 01:16:49] Taki479: ⓘ您已被房管布罗利封禁，点击了解6657官威
[2026-02-22 01:16:49] 用户30639588: @布罗利：4️⃣8️⃣🈚️是理性讨论，喷我尼爷孩爹是过分发言，这点要封清楚
[2026-02-22 01:16:49] 用户46659809: @布罗利：4️⃣8️⃣🈚️是理性讨论，喷我尼爷孩爹是过分发言，这点要封清楚
[2026-02-22 01:16:49] LvvsiN: 南孚一节更比六节强，也就是一节南孚比六节南孚强，六节南孚比三十六节强，三十六节比二百一十六节强
[2026-02-22 01:16:49] chordclef: ？
[2026-02-22 01:16:49] 宇莓: 呜呜，我刚看完re0，发了条喜欢男主的评论，我不会被玩玩拉黑吧
[2026-02-22 01:16:49] 大姜饼: ⓘ您已被房管布罗利封禁，点击了解6657官威
[2026-02-22 01:16:50] G4RYPU: ⓘ您已被房管布罗利封禁，点击了解6657官威
[2026-02-22 01:16:50] 冷言i丶: ⓘ您已被房管布罗利封禁，点击了解6657官威
[2026-02-22 01:16:50] 好哥们玩机器丶machine: @huyl10：@布罗利：4️⃣8️⃣🈚️是理性讨论，喷我尼爷孩爹是过分发言，这点要封清楚
[2026-02-22 01:16:50] 一套二一套二: 第一见编尸会被屏蔽，谁家公子编尸了？
[2026-02-22 01:16:50] 我只是一只路过仓鼠: 粉烟
[2026-02-22 01:16:50] 最爱的马卡龙: 重新评估布罗利和斧乃木谁是goat
[2026-02-22 01:16:51] samuraionnna: 这个新鼠还挺厉害的
[2026-02-22 01:16:51] 小小小鲤鱼: ⓘ您已被房管布罗利封禁，点击了解6657官威
[2026-02-22 01:16:51] simonblass: 第一见编尸会被屏蔽，谁家公子编尸了？
[2026-02-22 01:16:51] richardlee97: 第一见编尸会被屏蔽，谁家公子编尸了？
[2026-02-22 01:16:51] Vitality的Zyw0o0本人: ⓘ您已被房管布罗利封禁，点击了解6657官威
[2026-02-22 01:16:52] Halohh1y: 草莓冰酪 ： ⓘ您已被房管布罗利封禁，点击了解6657官威
[2026-02-22 01:16:52] 小箱我亲死你: 别解说了 多聊会天 你不会真的以为能输吧
[2026-02-22 01:16:52] popipa的山吹沙绫本人: ⓘ您已被房管布罗利封禁，点击了解6657官威
[2026-02-22 01:16:53] 好哥们黑龙歼灭刀: 第一见编尸会被屏蔽，谁家公子编尸了？
[2026-02-22 01:16:53] LvvsiN: 银行业😄银行业😀银行业😃银行业😁银行业😆银行业🤪银行业😝
[2026-02-22 01:16:53] 煞鱼辣椒sylj: ⓘ您已被房管布罗利封禁，点击了解6657官威
[2026-02-22 01:16:53] shanweii: ⓘ您已被房管布罗利封禁，点击了解6657官威
[2026-02-22 01:16:54] 好兄弟退思特ZZ: ⓘ您已被房管布罗利封禁，点击了解6657官威
[2026-02-22 01:16:54] 世一公主殿下雕音未来: 冷知识:布罗利在未来的某一天也会活🐴
[2026-02-22 01:16:54] wantrue: ⓘ您已被房管布罗利封禁，点击了解6657官威
[2026-02-22 01:16:55] 雨宫莲Official: 电棍粉丝 还有玩机器的高能提纯小众结晶宝藏粉丝 你们再发一条弹幕 你们的主子就少活一天！
[2026-02-22 01:16:55] 明天就和蕾塞结婚: ⓘ您已被房管布罗利封禁，点击了解6657官威
[2026-02-22 01:16:55] LvvsiN: 弹幕也就网上说说，现实里谁不觉得樱姐是好女孩（删括号领一条远坂凛同款鸟笼）
[2026-02-22 01:16:55] 静寂风: ？
[2026-02-22 01:16:55] 用户02938034: 草莓冰酪 ： ⓘ您已被房管布罗利封禁，点击了解6657官威
[2026-02-22 01:16:55] 金日橙: @ BLG bin:100t
[2026-02-22 01:16:55] 晞圣莱恩: “难道你想一辈子只拿亚军？听罢，niko⚡闭上眼，任由半决赛的八强如同瑞士轮般落在预选赛上”
[2026-02-22 01:16:55] AmamiyaIori: 我支持布罗利，万一他封够多他爹就能拿major冠军呢
[2026-02-22 01:16:55] Breakgood: ⓘ您已被房管布罗利封禁，点击了解6657官威
[2026-02-22 01:16:56] 绘心酱敲卡哇伊: 来点布罗利弹幕
[2026-02-22 01:16:56] 好哥们山上撤也: 急
[2026-02-22 01:16:56] 几笔成书灬: 文圣-孔子，兵圣-孙膑，谋圣-张良，诗圣-杜甫，武圣-关羽，畜圣-玩机器
[2026-02-22 01:16:56] Swindle9527: 我支持布罗利，万一他封够多他爹就能拿major冠军呢
[2026-02-22 01:16:57] 爱斯忑音音: 急了
[2026-02-22 01:16:57] 沐汐22129: ⓘ 该弹幕已被封禁
[2026-02-22 01:16:57] 再也不熬夜了喵: ⓘ您已被房管布罗利封禁，点击了解6657官威
[2026-02-22 01:16:57] 四眼呆猫xx: 急
[2026-02-22 01:16:57] 兴豚: ⓘ您已被房管布罗利封禁，点击了解6657官威
[2026-02-22 01:16:57] 我不是玩父: ⓘ您已被房管布罗利封禁，点击了解6657官威
[2026-02-22 01:16:57] yattt777: 别解说了 多聊会天 你不会真的以为能输吧
[2026-02-22 01:16:57] sarbest: ⓘ您已被房管布罗利封禁，点击了解6658官威
[2026-02-22 01:16:58] oldhen吃苹果: 重新评估布罗利和斧乃木谁是goat
[2026-02-22 01:16:58] 北徐: ⓘ您已被房管布罗利封禁，点击了解6657官威
[2026-02-22 01:16:58] 压缩vs蛮晚: 第一见编尸会被屏蔽，谁家公子编尸了？
[2026-02-22 01:16:58] jsir6688: ⓘ您已被房管布罗利封禁，点击了解6657官威
[2026-02-22 01:17:02] 夏空喵: 急死你得了
[2026-02-22 01:17:02] CLANCHIC的Tomorain本人: 急
[2026-02-22 01:17:02] LvvsiN: 其实碗橱就是猪灵，你不拿黄金丢他他就不跟你说话
[2026-02-22 01:17:02] 倾盆大rain: @布罗利：载物可以无父，我不能无君啊（大叫着把弹幕都封了）
[2026-02-22 01:17:02] 爱吃青椒的重曹酱: ⓘ 该弹幕已被封禁
[2026-02-22 01:17:02] 冬原春希: 急
[2026-02-22 01:17:02] 两仪两仪织: 第一见编尸会被屏蔽，谁家公子编尸了？
[2026-02-22 01:17:02] 哈哈鲤鱼哲: 急
[2026-02-22 01:17:02] always铁棍民: 急了
[2026-02-22 01:17:02] 玩机器你能不能闭嘴: 第一见编尸会被屏蔽，谁家公子编尸了？
[2026-02-22 01:17:02] 什井蛋: 急
[2026-02-22 01:17:02] asphyxiaddd: ⓘ您已被房管布罗利封禁，点击了解6657官威
[2026-02-22 01:17:02] 足球上帝托马斯阿芒: ⓘ您已被房管布罗利封禁，点击了解6657官威
[2026-02-22 01:17:02] 太行山积雪: ⓘ您已被房管布罗利封禁，点击了解6657官威
[2026-02-22 01:17:02] 木空空空空空: ⓘ您已被房管布罗利封禁，点击了解6657官威
[2026-02-22 01:17:02] 萌六花: ⓘ您已被房管布罗利封禁，点击了解6657官威
[2026-02-22 01:17:02] 轻伤酱: poi
[2026-02-22 01:17:02] 独孤残梦小梦: ？
[2026-02-22 01:17:02] greexeen: 急了
[2026-02-22 01:17:02] 67373的黄色闪光: poi
[2026-02-22 01:17:02] eda778: 突然大声
[2026-02-22 01:17:02] SirDalglish: @布罗利：向冰粉投降desuwa
[2026-02-22 01:17:03] 用户87594568: “难道你想一辈子只拿亚军？听罢，niko⚡闭上眼，任由半决赛的八强如同瑞士轮般落在预选赛上”
[2026-02-22 01:17:03] dfed5: ⓘ您已被房管布罗利封禁，点击了解6657官威
[2026-02-22 01:17:03] cornkiner: 我支持布罗利，万一他封够多他爹就能拿major冠军呢
[2026-02-22 01:17:03] 用户0083645032: 急
[2026-02-22 01:17:03] LvvsiN: 南孚一节更比六节强，也就是一节南孚比六节南孚强，六节南孚比三十六节强，三十六节比二百一十六节强
[2026-02-22 01:17:04] 墨染人生黑白画: 急
[2026-02-22 01:17:04] Crythic的羊宫妃那本人: 第一见编尸会被屏蔽，谁家公子编尸了？
[2026-02-22 01:17:04] 李小小与虾大大: kg最好笑的地方是以为只有OP讨厌他们，殊不知除了偷盘子和跪原石，OP干过的坏事他们都干过了🤣
[2026-02-22 01:17:04] 福布斯最佳中文解说: 感觉。。。。。比猎鹰准
[2026-02-22 01:17:05] ShanoaM: 压力
[2026-02-22 01:17:05] 好哥们黑龙歼灭刀: @布罗利：载物可以无父，我不能无君啊（大叫着把弹幕都封了）
[2026-02-22 01:17:05] richardlee97: @布罗利：载物可以无父，我不能无君啊（大叫着把弹幕都封了）
[2026-02-22 01:17:05] 静寂风: ？
[2026-02-22 01:17:05] 独孤残梦小梦: 第一见编尸会被屏蔽，谁家公子编尸了？
[2026-02-22 01:17:05] LvvsiN: 你屏蔽词都快赶上新华词典了为什么不干脆开一百级发言？
[2026-02-22 01:17:06] 挥泪斩楚狗: 栾华你帮爆哥们解封，我们一起推举你为官方切片员
[2026-02-22 01:17:06] 倾盆大rain: @布罗利：载物可以无父，我不能无君啊（大叫着把弹幕都封了）
[2026-02-22 01:17:06] 雾雨魔理沙ZE: ⓘ您已被房管布罗利封禁，点击了解6657官威
[2026-02-22 01:17:06] 海绵宝宝小能儿: ⓘ您已被房管布罗利封禁，点击了解6657官威
[2026-02-22 01:17:06] 几笔成书灬: 文圣-孔子，兵圣-孙膑，谋圣-张良，诗圣-杜甫，武圣-关羽，畜圣-玩机器
[2026-02-22 01:17:07] 万丽娜的小牛角: 急
[2026-02-22 01:17:07] 用户2381770840: 第一见编尸会被屏蔽，谁家公子编尸了？
[2026-02-22 01:17:07] 用户3719340721: 你为什么要把mαjor禁了，我收藏的一半弹幕全毁了
[2026-02-22 01:17:07] LvvsiN: 男人一生只哭十八次：niko十七次梦碎major正赛, niko梦碎里约major RMR
[2026-02-22 01:17:08] sryXD: 511谁的老爸
[2026-02-22 01:17:08] 香港记者卢西奥i: 负战绩设备心怀慈悲
[2026-02-22 01:17:08] 吃烧烤得吃烤茄子: 路边一条
[2026-02-22 01:17:08] 正经猪头肉: 批雨
[2026-02-22 01:17:08] 用户46659809: @布罗利：4️⃣8️⃣🈚️是理性讨论，喷我尼爷孩爹是过分发言，这点要封清楚
[2026-02-22 01:17:10] 伦敦千早爱: 第一见编尸会被屏蔽，谁家公子编尸了？
[2026-02-22 01:17:10] xjdnshxjdka: 第一见编尸会被屏蔽，谁家公子编尸了？
[2026-02-22 01:17:10] 驴友到此一游: 急
[2026-02-22 01:17:10] LvvsiN: 你这音画不同步太难受了，我都听到NIKO里约RMR晋级的欢呼了
[2026-02-22 01:17:10] 挥泪斩楚狗: 栾华你帮爆哥们解封，我们一起推举你为官方切片员
[2026-02-22 01:17:10] 玩饺子丶Dumpling: 🧊粉是不是给你们脸了，刷了一晚上了还不够是吧，再刷一句试试？
[2026-02-22 01:17:10] xOcOg: 【格陵兰战报】目前大东指挥8回合，设备指挥5回合，大东指挥设备送11次，设备拿下关键击杀5个
[2026-02-22 01:17:13] 大聪明QvQ丶: 诗人握尺‼️‼️‼️‼️‼️‼️‼️
[2026-02-22 01:17:13] 丿哈哈大笑: 区
[2026-02-22 01:17:13] SideChannel: 语气对了
[2026-02-22 01:17:13] AriselAlagadda: 第一见编尸会被屏蔽，谁家公子编尸了？
[2026-02-22 01:17:13] 决赛看死猎鹰就送飞机: “难道你想一辈子只拿亚军？听罢，niko⚡闭上眼，任由半决赛的八强如同瑞士轮般落在预选赛上”
[2026-02-22 01:17:13] 用户0083645032: 急
[2026-02-22 01:17:13] LvvsiN: 别解说了 多聊会天 你不会真的以为能输吧
[2026-02-22 01:17:13] C0C00N: 第一见编尸会被屏蔽，谁家公子编尸了？
[2026-02-22 01:17:13] 香菜粉丝粉丝: 批雨
[2026-02-22 01:17:13] 爱吃青椒的重曹酱: 第一见编尸会被屏蔽，谁家公子编尸了？
[2026-02-22 01:17:13] 我是一个医保卡: 第一见编尸会被屏蔽，谁家公子编尸了？
[2026-02-22 01:17:13] 艺术冰霜: 第一见编尸会被屏蔽，谁家公子编尸了？
[2026-02-22 01:17:13] LokiAka: 栾华你帮爆哥们解封，我们一起推举你为官方切片员desuw@
[2026-02-22 01:17:13] GF-of-GotohHitori、Kita: 可惜
[2026-02-22 01:17:13] Scar化伪伤痕: 艺术冰霜
[2026-02-22 01:17:13] arimrs: 5-12，怪不得带不动使命召唤职业
[2026-02-22 01:17:13] Error404UMP45: 负战绩设备心怀慈悲
[2026-02-22 01:17:13] 用户0715022066: 第一见编尸会被屏蔽，谁家公子编尸了？
[2026-02-22 01:17:13] 未知Frozen: 艺术冰霜
[2026-02-22 01:17:13] 从晨钟到暮鼓: P
[2026-02-22 01:17:13] L0Ne1yZeNny2: 第一见编尸会被屏蔽，谁家公子编尸了？
[2026-02-22 01:17:13] 阿羞羞i: 急
[2026-02-22 01:17:13] LvvsiN: 你屏蔽词都快赶上新华词典了为什么不干脆开一百级发言？
[2026-02-22 01:17:13] 残枫丶Map1e: 解说太偏BB了吧。。。。
[2026-02-22 01:17:13] 欧内的手丨好汉: 你已急哭
[2026-02-22 01:17:13] 好哥们黑龙歼灭刀: 栾华你帮爆哥们解封，我们一起推举你为官方切片员
[2026-02-22 01:17:14] 时维鹰扬丶: 再见了老汤
[2026-02-22 01:17:14] Dartline: 语气对了
[2026-02-22 01:17:14] disableD157貳號機: ⓘ您已被房管布罗利封禁，点击了解6657官威
[2026-02-22 01:17:14] 玩大哥我双倍呢: 第一见编尸会被屏蔽，谁家公子编尸了？
[2026-02-22 01:17:14] Evelexl: 批雨
[2026-02-22 01:17:14] 花化话华h: 第一见编尸会被屏蔽，谁家公子编尸了？
[2026-02-22 01:17:15] 丰III祥子: ？闹麻了
[2026-02-22 01:17:15] 香港分社记者: 感觉走远了啊
[2026-02-22 01:17:15] 逍遥的F: 第一见编尸会被屏蔽，谁家公子编尸了？
[2026-02-22 01:17:15] 玩饺子丶Dumpling: 🧊粉是不是给你们脸了，刷了一晚上了还不够是吧，再刷一句试试？
[2026-02-22 01:17:15] lonhkfd: 第一见编尸会被屏蔽，谁家公子编尸了？
[2026-02-22 01:17:16] 6657Bullys1mple: “难道你想一辈子只拿亚军？听罢，niko⚡闭上眼，任由半决赛的八强如同瑞士轮般落在预选赛上”
[2026-02-22 01:17:16] suicho: 栾华你帮爆哥们解封，我们一起推举你为官方切片员
[2026-02-22 01:17:16] 462305702: 栾华你帮爆哥们解封，我们一起推举你为官方切片员
[2026-02-22 01:17:16] A1report: 第一见编尸会被屏蔽，谁家公子编尸了？
[2026-02-22 01:17:16] HaibaraAi1109: @布罗利：4️⃣8️⃣🈚️是理性讨论，喷我尼爷孩爹是过分发言，这点要封清楚
[2026-02-22 01:17:16] 依蓦然: 🧊粉是不是给你们脸了，刷了一晚上了还不够是吧，再刷一句试试？
[2026-02-22 01:17:16] 鸭硕的哈撒给: 你们千万别搜索uid6512408团建举报啊
[2026-02-22 01:17:16] 身怀绝症: 贺胜你看你的那个，练枪去吧
[2026-02-22 01:17:16] 好哥们宇智波鼬: 你为什么要把mαjor禁了，我收藏的一半弹幕全毁了
[2026-02-22 01:17:17] Device的叠Twistzz: 第一见编尸会被屏蔽，谁家公子编尸了？
